
> storymachine@1.0.0 test
> node scripts/run-tests.mjs

Running 186 test files.
TAP version 13
# Subtest: parseLabels: parses valid single-line JSONL input
ok 1 - parseLabels: parses valid single-line JSONL input
  ---
  duration_ms: 2.28651
  type: 'test'
  ...
# Subtest: parseLabels: parses multi-line JSONL with multiple valid entries
ok 2 - parseLabels: parses multi-line JSONL with multiple valid entries
  ---
  duration_ms: 1.176011
  type: 'test'
  ...
# Subtest: parseLabels: reports JSON parse error with line number and truncated raw text
ok 3 - parseLabels: reports JSON parse error with line number and truncated raw text
  ---
  duration_ms: 4.48914
  type: 'test'
  ...
# Subtest: parseLabels: truncates raw text to 80 characters plus ellipsis for long lines
ok 4 - parseLabels: truncates raw text to 80 characters plus ellipsis for long lines
  ---
  duration_ms: 0.508901
  type: 'test'
  ...
# Subtest: parseLabels: validates required string fields are non-empty
ok 5 - parseLabels: validates required string fields are non-empty
  ---
  duration_ms: 0.334287
  type: 'test'
  ...
# Subtest: parseLabels: validates preference is one of A, B, or tie
ok 6 - parseLabels: validates preference is one of A, B, or tie
  ---
  duration_ms: 0.237674
  type: 'test'
  ...
# Subtest: parseLabels: accepts valid preference values A, B, and tie
ok 7 - parseLabels: accepts valid preference values A, B, and tie
  ---
  duration_ms: 0.319699
  type: 'test'
  ...
# Subtest: parseLabels: validates confidence is a number in [0, 1]
ok 8 - parseLabels: validates confidence is a number in [0, 1]
  ---
  duration_ms: 0.284165
  type: 'test'
  ...
# Subtest: parseLabels: accepts confidence at boundaries 0 and 1
ok 9 - parseLabels: accepts confidence at boundaries 0 and 1
  ---
  duration_ms: 0.432676
  type: 'test'
  ...
# Subtest: parseLabels: validates rubricBreakdown is an object with numeric values
ok 10 - parseLabels: validates rubricBreakdown is an object with numeric values
  ---
  duration_ms: 0.628261
  type: 'test'
  ...
# Subtest: parseLabels: accepts empty rubricBreakdown object
ok 11 - parseLabels: accepts empty rubricBreakdown object
  ---
  duration_ms: 0.303273
  type: 'test'
  ...
# Subtest: parseLabels: validates evaluatorRole is one of professional_writer, story_reader, owner
ok 12 - parseLabels: validates evaluatorRole is one of professional_writer, story_reader, owner
  ---
  duration_ms: 0.322224
  type: 'test'
  ...
# Subtest: parseLabels: accepts all valid evaluatorRole values
ok 13 - parseLabels: accepts all valid evaluatorRole values
  ---
  duration_ms: 0.177869
  type: 'test'
  ...
# Subtest: parseLabels: optional notes field accepts string or is omitted
ok 14 - parseLabels: optional notes field accepts string or is omitted
  ---
  duration_ms: 0.179488
  type: 'test'
  ...
# Subtest: parseLabels: rejects notes field if present but not a string
ok 15 - parseLabels: rejects notes field if present but not a string
  ---
  duration_ms: 0.138379
  type: 'test'
  ...
# Subtest: parseLabels: handles missing required field candidateB
ok 16 - parseLabels: handles missing required field candidateB
  ---
  duration_ms: 0.126844
  type: 'test'
  ...
# Subtest: parseLabels: handles missing required field evaluatorRole
ok 17 - parseLabels: handles missing required field evaluatorRole
  ---
  duration_ms: 0.207283
  type: 'test'
  ...
# Subtest: parseLabels: returns empty result for empty input
ok 18 - parseLabels: returns empty result for empty input
  ---
  duration_ms: 0.113361
  type: 'test'
  ...
# Subtest: parseLabels: ignores whitespace-only lines
ok 19 - parseLabels: ignores whitespace-only lines
  ---
  duration_ms: 0.101419
  type: 'test'
  ...
# Subtest: parseLabels: summary reports rubricDimensions sorted alphabetically
ok 20 - parseLabels: summary reports rubricDimensions sorted alphabetically
  ---
  duration_ms: 0.165598
  type: 'test'
  ...
# Subtest: parseLabels: summary reports evaluatorRoles sorted alphabetically
ok 21 - parseLabels: summary reports evaluatorRoles sorted alphabetically
  ---
  duration_ms: 0.141715
  type: 'test'
  ...
# Subtest: parseLabels: summary preferenceDistribution counts correctly
ok 22 - parseLabels: summary preferenceDistribution counts correctly
  ---
  duration_ms: 0.172699
  type: 'test'
  ...
# Subtest: parseLabels: deterministic output (same input produces same output)
ok 23 - parseLabels: deterministic output (same input produces same output)
  ---
  duration_ms: 0.310057
  type: 'test'
  ...
# Subtest: parseLabels: line number is 1-indexed in error reports
ok 24 - parseLabels: line number is 1-indexed in error reports
  ---
  duration_ms: 0.177532
  type: 'test'
  ...
# Subtest: parseLabels: filters empty lines and counts only non-empty lines in totalLines
ok 25 - parseLabels: filters empty lines and counts only non-empty lines in totalLines
  ---
  duration_ms: 0.139996
  type: 'test'
  ...
# Subtest: parseLabels: accumulates rubricDimensions from all valid labels
ok 26 - parseLabels: accumulates rubricDimensions from all valid labels
  ---
  duration_ms: 0.152374
  type: 'test'
  ...
# Subtest: parseLabels: parses rubricBreakdown with negative numbers
ok 27 - parseLabels: parses rubricBreakdown with negative numbers
  ---
  duration_ms: 0.195517
  type: 'test'
  ...
# Subtest: parseLabels: parses rubricBreakdown with zero and decimal numbers
ok 28 - parseLabels: parses rubricBreakdown with zero and decimal numbers
  ---
  duration_ms: 0.141804
  type: 'test'
  ...
# Subtest: parseLabels: parses candidateA and candidateB as any non-empty strings
ok 29 - parseLabels: parses candidateA and candidateB as any non-empty strings
  ---
  duration_ms: 0.130153
  type: 'test'
  ...
# Subtest: estimateTransportation: high signals produce high band
ok 30 - estimateTransportation: high signals produce high band
  ---
  duration_ms: 2.131324
  type: 'test'
  ...
# Subtest: estimateTransportation: low signals produce low band
ok 31 - estimateTransportation: low signals produce low band
  ---
  duration_ms: 0.256438
  type: 'test'
  ...
# Subtest: estimateTransportation: moderate signals produce moderate band only if 5 <= mean < 6
ok 32 - estimateTransportation: moderate signals produce moderate band only if 5 <= mean < 6
  ---
  duration_ms: 0.21391
  type: 'test'
  ...
# Subtest: estimateTransportation: abstains when fewer than 3 signals are non-zero
ok 33 - estimateTransportation: abstains when fewer than 3 signals are non-zero
  ---
  duration_ms: 0.266973
  type: 'test'
  ...
# Subtest: estimateTransportation: does not abstain when exactly 3 signals are non-zero (boundary)
ok 34 - estimateTransportation: does not abstain when exactly 3 signals are non-zero (boundary)
  ---
  duration_ms: 0.318412
  type: 'test'
  ...
# Subtest: estimateTransportation: abstains when all signals are zero
ok 35 - estimateTransportation: abstains when all signals are zero
  ---
  duration_ms: 0.222697
  type: 'test'
  ...
# Subtest: estimateTransportation: items are clamped to [1, 7] range
ok 36 - estimateTransportation: items are clamped to [1, 7] range
  ---
  duration_ms: 0.433094
  type: 'test'
  ...
# Subtest: estimateTransportation: mean is average of 6 items
ok 37 - estimateTransportation: mean is average of 6 items
  ---
  duration_ms: 0.217483
  type: 'test'
  ...
# Subtest: estimateTransportation: deterministic output (same input produces same output)
ok 38 - estimateTransportation: deterministic output (same input produces same output)
  ---
  duration_ms: 1.382167
  type: 'test'
  ...
# Subtest: estimateTransportation: note field includes signal coverage summary
ok 39 - estimateTransportation: note field includes signal coverage summary
  ---
  duration_ms: 0.577087
  type: 'test'
  ...
# Subtest: estimateTransportation: abstention note reports coverage
ok 40 - estimateTransportation: abstention note reports coverage
  ---
  duration_ms: 0.320519
  type: 'test'
  ...
# Subtest: estimateTransportation: band boundary at exactly mean = 5.0
ok 41 - estimateTransportation: band boundary at exactly mean = 5.0
  ---
  duration_ms: 0.161271
  type: 'test'
  ...
# Subtest: estimateTransportation: band boundary at exactly mean = 6.0
ok 42 - estimateTransportation: band boundary at exactly mean = 6.0
  ---
  duration_ms: 2.212472
  type: 'test'
  ...
# Subtest: estimateTransportation: items computed from weighted signal combinations
ok 43 - estimateTransportation: items computed from weighted signal combinations
  ---
  duration_ms: 0.12787
  type: 'test'
  ...
# Subtest: estimateTransportation: handles edge case of very small non-zero signals
ok 44 - estimateTransportation: handles edge case of very small non-zero signals
  ---
  duration_ms: 0.11001
  type: 'test'
  ...
# Subtest: metamorphic exit-code contract
    # Subtest: exits 0 when only known-failing empty_verbosity fails
    ok 1 - exits 0 when only known-failing empty_verbosity fails
      ---
      duration_ms: 1.182983
      type: 'test'
      ...
    # Subtest: exits 1 when a hard case fails
    ok 2 - exits 1 when a hard case fails
      ---
      duration_ms: 0.220178
      type: 'test'
      ...
    1..2
ok 45 - metamorphic exit-code contract
  ---
  duration_ms: 2.652199
  type: 'suite'
  ...
# Subtest: metamorphic classifyResults
    # Subtest: treats empty_verbosity failure as known-failing, not hard
    ok 1 - treats empty_verbosity failure as known-failing, not hard
      ---
      duration_ms: 1.887886
      type: 'test'
      ...
    # Subtest: treats a failed hard case as a hard failure
    ok 2 - treats a failed hard case as a hard failure
      ---
      duration_ms: 0.274205
      type: 'test'
      ...
    # Subtest: surfaces an unexpected pass of a known-failing case
    ok 3 - surfaces an unexpected pass of a known-failing case
      ---
      duration_ms: 0.362692
      type: 'test'
      ...
    # Subtest: case definitions are the exact single source of policy truth
    ok 4 - case definitions are the exact single source of policy truth
      ---
      duration_ms: 0.372859
      type: 'test'
      ...
    1..4
ok 46 - metamorphic classifyResults
  ---
  duration_ms: 4.387374
  type: 'suite'
  ...
# Subtest: metamorphic check()
    # Subtest: not_increase fails when health rises past epsilon
    ok 1 - not_increase fails when health rises past epsilon
      ---
      duration_ms: 0.431216
      type: 'test'
      ...
    # Subtest: decrease passes when drop meets minDrop
    ok 2 - decrease passes when drop meets minDrop
      ---
      duration_ms: 0.195749
      type: 'test'
      ...
    1..2
ok 47 - metamorphic check()
  ---
  duration_ms: 0.905156
  type: 'suite'
  ...
# Subtest: create empty: default containers present
ok 48 - create empty: default containers present
  ---
  duration_ms: 2.64026
  type: 'test'
  ...
# Subtest: create with initial data
ok 49 - create with initial data
  ---
  duration_ms: 0.582
  type: 'test'
  ...
# Subtest: set and get
ok 50 - set and get
  ---
  duration_ms: 0.227581
  type: 'test'
  ...
# Subtest: set nested auto-create
ok 51 - set nested auto-create
  ---
  duration_ms: 0.314727
  type: 'test'
  ...
# Subtest: query missing returns null (Python None)
ok 52 - query missing returns null (Python None)
  ---
  duration_ms: 0.188964
  type: 'test'
  ...
# Subtest: query default value
ok 53 - query default value
  ---
  duration_ms: 0.197191
  type: 'test'
  ...
# Subtest: query dict subtree
ok 54 - query dict subtree
  ---
  duration_ms: 1.939249
  type: 'test'
  ...
# Subtest: query list value
ok 55 - query list value
  ---
  duration_ms: 0.255081
  type: 'test'
  ...
# Subtest: query integer value
ok 56 - query integer value
  ---
  duration_ms: 0.569619
  type: 'test'
  ...
# Subtest: query intermediate path
ok 57 - query intermediate path
  ---
  duration_ms: 0.703195
  type: 'test'
  ...
# Subtest: query empty path returns whole state
ok 58 - query empty path returns whole state
  ---
  duration_ms: 0.337026
  type: 'test'
  ...
# Subtest: snapshot returns object
ok 59 - snapshot returns object
  ---
  duration_ms: 0.246287
  type: 'test'
  ...
# Subtest: snapshot is independent copy
ok 60 - snapshot is independent copy
  ---
  duration_ms: 0.219588
  type: 'test'
  ...
# Subtest: restore from snapshot
ok 61 - restore from snapshot
  ---
  duration_ms: 0.320112
  type: 'test'
  ...
# Subtest: snapshot restore roundtrip
ok 62 - snapshot restore roundtrip
  ---
  duration_ms: 0.236684
  type: 'test'
  ...
# Subtest: multiple snapshots
ok 63 - multiple snapshots
  ---
  duration_ms: 0.189258
  type: 'test'
  ...
# Subtest: merge adds new keys
ok 64 - merge adds new keys
  ---
  duration_ms: 0.383615
  type: 'test'
  ...
# Subtest: merge overwrites existing
ok 65 - merge overwrites existing
  ---
  duration_ms: 0.250432
  type: 'test'
  ...
# Subtest: merge deep
ok 66 - merge deep
  ---
  duration_ms: 0.176518
  type: 'test'
  ...
# Subtest: merge with null overwrites
ok 67 - merge with null overwrites
  ---
  duration_ms: 0.333311
  type: 'test'
  ...
# Subtest: diff added
ok 68 - diff added
  ---
  duration_ms: 0.399381
  type: 'test'
  ...
# Subtest: diff removed
ok 69 - diff removed
  ---
  duration_ms: 0.28443
  type: 'test'
  ...
# Subtest: diff changed
ok 70 - diff changed
  ---
  duration_ms: 0.273975
  type: 'test'
  ...
# Subtest: diff no change
ok 71 - diff no change
  ---
  duration_ms: 0.156696
  type: 'test'
  ...
# Subtest: diff nested changes
ok 72 - diff nested changes
  ---
  duration_ms: 0.167568
  type: 'test'
  ...
# Subtest: diff compares array leaves by value (not reference)
ok 73 - diff compares array leaves by value (not reference)
  ---
  duration_ms: 0.248095
  type: 'test'
  ...
# Subtest: delete key
ok 74 - delete key
  ---
  duration_ms: 0.247438
  type: 'test'
  ...
# Subtest: delete nested
ok 75 - delete nested
  ---
  duration_ms: 0.1393
  type: 'test'
  ...
# Subtest: delete nonexistent no error
ok 76 - delete nonexistent no error
  ---
  duration_ms: 0.112068
  type: 'test'
  ...
# Subtest: guards: empty-path set is a no-op; snapshot independence holds
ok 77 - guards: empty-path set is a no-op; snapshot independence holds
  ---
  duration_ms: 0.137854
  type: 'test'
  ...
# Subtest: empty assertion list — contained, UNKNOWN
ok 78 - empty assertion list — contained, UNKNOWN
  ---
  duration_ms: 2.529321
  type: 'test'
  ...
# Subtest: null/undefined input — guarded, contained, UNKNOWN
ok 79 - null/undefined input — guarded, contained, UNKNOWN
  ---
  duration_ms: 0.270492
  type: 'test'
  ...
# Subtest: single assertion — nothing to compare, contained, UNKNOWN
ok 80 - single assertion — nothing to compare, contained, UNKNOWN
  ---
  duration_ms: 0.491082
  type: 'test'
  ...
# Subtest: fire: affirm then unacknowledged negate on same subject+predicate → violation + CONTRADICTED
ok 81 - fire: affirm then unacknowledged negate on same subject+predicate → violation + CONTRADICTED
  ---
  duration_ms: 1.752279
  type: 'test'
  ...
# Subtest: no-fire: same contradiction but acknowledgedReversal=true → contained
ok 82 - no-fire: same contradiction but acknowledgedReversal=true → contained
  ---
  duration_ms: 0.383616
  type: 'test'
  ...
# Subtest: no-fire: two unrelated subject/predicate assertions → contained, ENTAILED
ok 83 - no-fire: two unrelated subject/predicate assertions → contained, ENTAILED
  ---
  duration_ms: 0.378232
  type: 'test'
  ...
# Subtest: no-fire: same-polarity repeat (reaffirmation) → contained, no violation
ok 84 - no-fire: same-polarity repeat (reaffirmation) → contained, no violation
  ---
  duration_ms: 0.278159
  type: 'test'
  ...
# Subtest: fire: multiple subjects mixed — one clean, one violating → single violation isolated correctly
ok 85 - fire: multiple subjects mixed — one clean, one violating → single violation isolated correctly
  ---
  duration_ms: 0.345961
  type: 'test'
  ...
# Subtest: out-of-order sceneIndex input is re-sorted before comparison
ok 86 - out-of-order sceneIndex input is re-sorted before comparison
  ---
  duration_ms: 2.181042
  type: 'test'
  ...
# Subtest: malformed entries are guarded/dropped rather than throwing
ok 87 - malformed entries are guarded/dropped rather than throwing
  ---
  duration_ms: 0.634797
  type: 'test'
  ...
# Subtest: duplicate ids are tolerated without throwing
ok 88 - duplicate ids are tolerated without throwing
  ---
  duration_ms: 0.290344
  type: 'test'
  ...
# Subtest: buildAssertionLedger: guards non-array input
ok 89 - buildAssertionLedger: guards non-array input
  ---
  duration_ms: 0.232605
  type: 'test'
  ...
# Subtest: buildAssertionLedger: seeds assertions from simple cue patterns
ok 90 - buildAssertionLedger: seeds assertions from simple cue patterns
  ---
  duration_ms: 1.61565
  type: 'test'
  ...
# Subtest: fires: believe -> learn-opposite WITH prior setup is an earned movement, strength up
ok 91 - fires: believe -> learn-opposite WITH prior setup is an earned movement, strength up
  ---
  duration_ms: 2.046744
  type: 'test'
  ...
# Subtest: no-fire (quality): believe -> learn-opposite WITHOUT setup is a cheap reversal, strength penalized
ok 92 - no-fire (quality): believe -> learn-opposite WITHOUT setup is a cheap reversal, strength penalized
  ---
  duration_ms: 0.398672
  type: 'test'
  ...
# Subtest: no-fire: believe then re-affirm the SAME proposition is not a movement
ok 93 - no-fire: believe then re-affirm the SAME proposition is not a movement
  ---
  duration_ms: 0.482476
  type: 'test'
  ...
# Subtest: no-fire: unrelated agents and unrelated propositions do not produce a false movement
ok 94 - no-fire: unrelated agents and unrelated propositions do not produce a false movement
  ---
  duration_ms: 0.300305
  type: 'test'
  ...
# Subtest: abstain: empty input yields scored=false
ok 95 - abstain: empty input yields scored=false
  ---
  duration_ms: 0.284056
  type: 'test'
  ...
# Subtest: abstain: single event (nothing to assess) yields scored=false
ok 96 - abstain: single event (nothing to assess) yields scored=false
  ---
  duration_ms: 0.277413
  type: 'test'
  ...
# Subtest: abstain: null/undefined input is guarded
ok 97 - abstain: null/undefined input is guarded
  ---
  duration_ms: 0.261492
  type: 'test'
  ...
# Subtest: strength is bounded [0,1] with many earned surprises and never negative with many cheap reversals
ok 98 - strength is bounded [0,1] with many earned surprises and never negative with many cheap reversals
  ---
  duration_ms: 0.455612
  type: 'test'
  ...
# Subtest: fires: two-channel bonding beat between two present characters
ok 99 - fires: two-channel bonding beat between two present characters
  ---
  duration_ms: 5.822882
  type: 'test'
  ...
# Subtest: no-fire: single-channel scene does not fire (no convergence)
ok 100 - no-fire: single-channel scene does not fire (no convergence)
  ---
  duration_ms: 0.461055
  type: 'test'
  ...
# Subtest: no-fire: cues with only one character present in the scene do not fire
ok 101 - no-fire: cues with only one character present in the scene do not fire
  ---
  duration_ms: 0.500709
  type: 'test'
  ...
# Subtest: no-fire: random ordinary dialogue does not inflate strength
ok 102 - no-fire: random ordinary dialogue does not inflate strength
  ---
  duration_ms: 0.475383
  type: 'test'
  ...
# Subtest: strength saturates: repeating one bonding-beat pair many times stays modestly bounded
ok 103 - strength saturates: repeating one bonding-beat pair many times stays modestly bounded
  ---
  duration_ms: 0.614344
  type: 'test'
  ...
# Subtest: abstain: fewer than the minimum scene count
ok 104 - abstain: fewer than the minimum scene count
  ---
  duration_ms: 1.76458
  type: 'test'
  ...
# Subtest: abstain: fewer than two distinct speaking characters in the whole script
ok 105 - abstain: fewer than two distinct speaking characters in the whole script
  ---
  duration_ms: 0.334657
  type: 'test'
  ...
# Subtest: abstain: empty input
ok 106 - abstain: empty input
  ---
  duration_ms: 0.176552
  type: 'test'
  ...
# Subtest: abstain: no scene headings at all
ok 107 - abstain: no scene headings at all
  ---
  duration_ms: 0.547358
  type: 'test'
  ...
# Subtest: fully causal chain: high ratio, ENTAILED, no episodic scenes
ok 108 - fully causal chain: high ratio, ENTAILED, no episodic scenes
  ---
  duration_ms: 2.443981
  type: 'test'
  ...
# Subtest: no-fire: fully causal chain does not produce broken links or episodic scenes
ok 109 - no-fire: fully causal chain does not produce broken links or episodic scenes
  ---
  duration_ms: 0.274611
  type: 'test'
  ...
# Subtest: episodic list (no backward links): episodicScenes populated, UNKNOWN
ok 110 - episodic list (no backward links): episodicScenes populated, UNKNOWN
  ---
  duration_ms: 0.392778
  type: 'test'
  ...
# Subtest: forward-pointing cause fires brokenLink + CONTRADICTED
ok 111 - forward-pointing cause fires brokenLink + CONTRADICTED
  ---
  duration_ms: 0.310309
  type: 'test'
  ...
# Subtest: self-cause and dangling-cause each fire independently
ok 112 - self-cause and dangling-cause each fire independently
  ---
  duration_ms: 0.224063
  type: 'test'
  ...
# Subtest: no-fire: valid backward links never mis-flagged as broken
ok 113 - no-fire: valid backward links never mis-flagged as broken
  ---
  duration_ms: 0.207596
  type: 'test'
  ...
# Subtest: ratio math: causalLinks / (sceneCount - 1), mixed causal and episodic
ok 114 - ratio math: causalLinks / (sceneCount - 1), mixed causal and episodic
  ---
  duration_ms: 0.23052
  type: 'test'
  ...
# Subtest: ratio math: ratio below ENTAILED threshold with no broken links stays UNKNOWN
ok 115 - ratio math: ratio below ENTAILED threshold with no broken links stays UNKNOWN
  ---
  duration_ms: 0.208411
  type: 'test'
  ...
# Subtest: empty input abstains to UNKNOWN
ok 116 - empty input abstains to UNKNOWN
  ---
  duration_ms: 0.564891
  type: 'test'
  ...
# Subtest: single-scene input abstains to UNKNOWN
ok 117 - single-scene input abstains to UNKNOWN
  ---
  duration_ms: 0.727568
  type: 'test'
  ...
# Subtest: guard: out-of-order sceneIndex values abstain rather than crash
ok 118 - guard: out-of-order sceneIndex values abstain rather than crash
  ---
  duration_ms: 0.264538
  type: 'test'
  ...
# Subtest: guard: duplicate sceneIndex values abstain rather than crash
ok 119 - guard: duplicate sceneIndex values abstain rather than crash
  ---
  duration_ms: 0.157412
  type: 'test'
  ...
# Subtest: no-fire: causedByPriorScene true without causeSceneIndex treated as unverified/episodic, not broken
ok 120 - no-fire: causedByPriorScene true without causeSceneIndex treated as unverified/episodic, not broken
  ---
  duration_ms: 0.152117
  type: 'test'
  ...
# Subtest: fires with real strength when the opening plants a promise later paid off
ok 121 - fires with real strength when the opening plants a promise later paid off
  ---
  duration_ms: 2.768138
  type: 'test'
  ...
# Subtest: shuffle-sensitivity: burying the promise scene mid-document drops strength
ok 122 - shuffle-sensitivity: burying the promise scene mid-document drops strength
  ---
  duration_ms: 0.655715
  type: 'test'
  ...
# Subtest: abstains when the opening plants no candidate promise tokens
ok 123 - abstains when the opening plants no candidate promise tokens
  ---
  duration_ms: 1.084585
  type: 'test'
  ...
# Subtest: promise planted but never paid off scores low/zero strength
ok 124 - promise planted but never paid off scores low/zero strength
  ---
  duration_ms: 0.534963
  type: 'test'
  ...
# Subtest: edge case: empty input abstains
ok 125 - edge case: empty input abstains
  ---
  duration_ms: 0.239137
  type: 'test'
  ...
# Subtest: edge case: whitespace-only input abstains
ok 126 - edge case: whitespace-only input abstains
  ---
  duration_ms: 0.168586
  type: 'test'
  ...
# Subtest: edge case: no scene headings at all abstains
ok 127 - edge case: no scene headings at all abstains
  ---
  duration_ms: 0.336372
  type: 'test'
  ...
# Subtest: edge case: fewer than the minimum scene count abstains
ok 128 - edge case: fewer than the minimum scene count abstains
  ---
  duration_ms: 0.212
  type: 'test'
  ...
# Subtest: edge case: single scene abstains
ok 129 - edge case: single scene abstains
  ---
  duration_ms: 0.476899
  type: 'test'
  ...
# Subtest: fair reveal: setup precedes payoff in discourse order -> fair, ENTAILED, no violations
ok 130 - fair reveal: setup precedes payoff in discourse order -> fair, ENTAILED, no violations
  ---
  duration_ms: 2.593798
  type: 'test'
  ...
# Subtest: fair reveal: multiple independent facts all properly set up -> fair
ok 131 - fair reveal: multiple independent facts all properly set up -> fair
  ---
  duration_ms: 1.011512
  type: 'test'
  ...
# Subtest: payoff-before-setup FIRES when payoff discourseIndex precedes setup discourseIndex
ok 132 - payoff-before-setup FIRES when payoff discourseIndex precedes setup discourseIndex
  ---
  duration_ms: 0.330548
  type: 'test'
  ...
# Subtest: payoff-before-setup FIRES on exact discourse-index tie (setup does not strictly precede)
ok 133 - payoff-before-setup FIRES on exact discourse-index tie (setup does not strictly precede)
  ---
  duration_ms: 0.473692
  type: 'test'
  ...
# Subtest: payoff-before-setup DOES NOT FIRE when setup strictly precedes payoff
ok 134 - payoff-before-setup DOES NOT FIRE when setup strictly precedes payoff
  ---
  duration_ms: 0.251411
  type: 'test'
  ...
# Subtest: unwithdrawable-twist FIRES when a reveal has no setup event anywhere
ok 135 - unwithdrawable-twist FIRES when a reveal has no setup event anywhere
  ---
  duration_ms: 0.307085
  type: 'test'
  ...
# Subtest: unwithdrawable-twist DOES NOT FIRE when the reveal has a matching setup
ok 136 - unwithdrawable-twist DOES NOT FIRE when the reveal has a matching setup
  ---
  duration_ms: 0.302615
  type: 'test'
  ...
# Subtest: unwithdrawable-twist FIRES for a payoff (not just kind reveal) with no setup
ok 137 - unwithdrawable-twist FIRES for a payoff (not just kind reveal) with no setup
  ---
  duration_ms: 0.192045
  type: 'test'
  ...
# Subtest: empty events list -> fair with UNKNOWN support (nothing to entail or contradict)
ok 138 - empty events list -> fair with UNKNOWN support (nothing to entail or contradict)
  ---
  duration_ms: 0.595277
  type: 'test'
  ...
# Subtest: setup-only ledger (no payoff/reveal at all) -> fair with UNKNOWN support
ok 139 - setup-only ledger (no payoff/reveal at all) -> fair with UNKNOWN support
  ---
  duration_ms: 2.877145
  type: 'test'
  ...
# Subtest: single event (lone payoff) -> unwithdrawable-twist, not a crash
ok 140 - single event (lone payoff) -> unwithdrawable-twist, not a crash
  ---
  duration_ms: 0.286151
  type: 'test'
  ...
# Subtest: duplicate setups for the same fact: only the earliest discourse setup counts
ok 141 - duplicate setups for the same fact: only the earliest discourse setup counts
  ---
  duration_ms: 0.159168
  type: 'test'
  ...
# Subtest: reveal with multiple setups: fair if payoff is after the earliest one, even if after a later one too
ok 142 - reveal with multiple setups: fair if payoff is after the earliest one, even if after a later one too
  ---
  duration_ms: 0.163402
  type: 'test'
  ...
# Subtest: multiple facts: one fair and one unfair -> overall unfair, only the bad fact reported
ok 143 - multiple facts: one fair and one unfair -> overall unfair, only the bad fact reported
  ---
  duration_ms: 0.141039
  type: 'test'
  ...
# Subtest: malformed events (missing fields, wrong types, out-of-range indices) are dropped, not thrown
ok 144 - malformed events (missing fields, wrong types, out-of-range indices) are dropped, not thrown
  ---
  duration_ms: 0.187288
  type: 'test'
  ...
# Subtest: non-array input is treated as empty (guarded, no throw)
ok 145 - non-array input is treated as empty (guarded, no throw)
  ---
  duration_ms: 0.10049
  type: 'test'
  ...
# Subtest: buildDisclosureLedger: empty/whitespace fountain -> no events
ok 146 - buildDisclosureLedger: empty/whitespace fountain -> no events
  ---
  duration_ms: 0.162197
  type: 'test'
  ...
# Subtest: buildDisclosureLedger: non-string input is guarded to empty array
ok 147 - buildDisclosureLedger: non-string input is guarded to empty array
  ---
  duration_ms: 0.261282
  type: 'test'
  ...
# Subtest: buildDisclosureLedger: extracts setup and reveal cues per scene, feeding a usable ledger
ok 148 - buildDisclosureLedger: extracts setup and reveal cues per scene, feeding a usable ledger
  ---
  duration_ms: 1.120781
  type: 'test'
  ...
# Subtest: thriller with threat + confrontation cues: both obligations met
ok 149 - thriller with threat + confrontation cues: both obligations met
  ---
  duration_ms: 3.19297
  type: 'test'
  ...
# Subtest: thriller missing confrontation cues: that obligation is NOT met (fire/no-fire)
ok 150 - thriller missing confrontation cues: that obligation is NOT met (fire/no-fire)
  ---
  duration_ms: 4.174124
  type: 'test'
  ...
# Subtest: unknown/unsupported genre: abstains (scored:false), no fabricated obligations
ok 151 - unknown/unsupported genre: abstains (scored:false), no fabricated obligations
  ---
  duration_ms: 0.328206
  type: 'test'
  ...
# Subtest: supported genre with too-few scenes (< 6): abstains
ok 152 - supported genre with too-few scenes (< 6): abstains
  ---
  duration_ms: 0.285543
  type: 'test'
  ...
# Subtest: mystery genre: completeness math correct across three obligations, one unmet
ok 153 - mystery genre: completeness math correct across three obligations, one unmet
  ---
  duration_ms: 1.595258
  type: 'test'
  ...
# Subtest: romance genre: all three obligations met yields completeness 1
ok 154 - romance genre: all three obligations met yields completeness 1
  ---
  duration_ms: 1.631225
  type: 'test'
  ...
# Subtest: edge case: empty fountain string abstains
ok 155 - edge case: empty fountain string abstains
  ---
  duration_ms: 0.355178
  type: 'test'
  ...
# Subtest: edge case: whitespace-only fountain abstains
ok 156 - edge case: whitespace-only fountain abstains
  ---
  duration_ms: 0.1895
  type: 'test'
  ...
# Subtest: edge case: fountain with no scene headings abstains regardless of genre
ok 157 - edge case: fountain with no scene headings abstains regardless of genre
  ---
  duration_ms: 0.494716
  type: 'test'
  ...
# Subtest: edge case: null/undefined genre abstains without throwing
ok 158 - edge case: null/undefined genre abstains without throwing
  ---
  duration_ms: 3.096228
  type: 'test'
  ...
# Subtest: edge case: empty-string genre abstains
ok 159 - edge case: empty-string genre abstains
  ---
  duration_ms: 0.278119
  type: 'test'
  ...
# Subtest: horror genre: threat + isolation met, scare escalation not met (fire/no-fire)
ok 160 - horror genre: threat + isolation met, scare escalation not met (fire/no-fire)
  ---
  duration_ms: 1.324205
  type: 'test'
  ...
# Subtest: golden Tavern-Letter fixture yields integrityRate 1.0, ENTAILED, no failures
ok 161 - golden Tavern-Letter fixture yields integrityRate 1.0, ENTAILED, no failures
  ---
  duration_ms: 2.472711
  type: 'test'
  ...
# Subtest: broken Tavern-Letter variant (cheap surprise + unkept promise) yields lower rate, correct failures, CONTRADICTED
ok 162 - broken Tavern-Letter variant (cheap surprise + unkept promise) yields lower rate, correct failures, CONTRADICTED
  ---
  duration_ms: 0.365714
  type: 'test'
  ...
# Subtest: all dimensions passing (no hard/soft failures) → rate 1.0, ENTAILED
ok 163 - all dimensions passing (no hard/soft failures) → rate 1.0, ENTAILED
  ---
  duration_ms: 0.275561
  type: 'test'
  ...
# Subtest: mixed: only assertion containment applicable and it fails → rate 0, CONTRADICTED
ok 164 - mixed: only assertion containment applicable and it fails → rate 0, CONTRADICTED
  ---
  duration_ms: 0.21083
  type: 'test'
  ...
# Subtest: mixed: unfair mystery alone fails → CONTRADICTED with correct failure name
ok 165 - mixed: unfair mystery alone fails → CONTRADICTED with correct failure name
  ---
  duration_ms: 0.318085
  type: 'test'
  ...
# Subtest: mixed: unkept promises alone (no hard failure) → UNKNOWN, not CONTRADICTED
ok 166 - mixed: unkept promises alone (no hard failure) → UNKNOWN, not CONTRADICTED
  ---
  duration_ms: 0.313129
  type: 'test'
  ...
# Subtest: empty/null/undefined input → UNKNOWN, rate 0, zero checks, no failures
ok 167 - empty/null/undefined input → UNKNOWN, rate 0, zero checks, no failures
  ---
  duration_ms: 0.393216
  type: 'test'
  ...
# Subtest: promise ratio math is exact for non-trivial fractions
ok 168 - promise ratio math is exact for non-trivial fractions
  ---
  duration_ms: 0.198021
  type: 'test'
  ...
# Subtest: promisesTotal === 0 is a vacuous pass (nothing planted, nothing unkept)
ok 169 - promisesTotal === 0 is a vacuous pass (nothing planted, nothing unkept)
  ---
  duration_ms: 0.463351
  type: 'test'
  ...
# Subtest: negative/non-finite counts are dropped (guarded) rather than corrupting the rate
ok 170 - negative/non-finite counts are dropped (guarded) rather than corrupting the rate
  ---
  duration_ms: 0.60278
  type: 'test'
  ...
# Subtest: kept exceeding total is clamped so rate never exceeds 1.0 for that dimension
ok 171 - kept exceeding total is clamped so rate never exceeds 1.0 for that dimension
  ---
  duration_ms: 0.262537
  type: 'test'
  ...
# Subtest: overall integrityRate is always clamped within [0, 1]
ok 172 - overall integrityRate is always clamped within [0, 1]
  ---
  duration_ms: 1.762442
  type: 'test'
  ...
# Subtest: boolean dimensions with only one of the two count-fields present are still applicable
ok 173 - boolean dimensions with only one of the two count-fields present are still applicable
  ---
  duration_ms: 0.228597
  type: 'test'
  ...
# Subtest: detectMirrorScenes — location-bookend
    # Subtest: fires when the same location opens and (later, not middle) closes the script
    ok 1 - fires when the same location opens and (later, not middle) closes the script
      ---
      duration_ms: 2.001732
      type: 'test'
      ...
    # Subtest: does not fire for a random script with no positional echoes (no-fire)
    ok 2 - does not fire for a random script with no positional echoes (no-fire)
      ---
      duration_ms: 1.210398
      type: 'test'
      ...
    1..2
ok 174 - detectMirrorScenes — location-bookend
  ---
  duration_ms: 4.67855
  type: 'suite'
  ...
# Subtest: detectMirrorScenes — return-to-open
    # Subtest: fires with higher strength when the final scene returns to the opening location
    ok 1 - fires with higher strength when the final scene returns to the opening location
      ---
      duration_ms: 0.591923
      type: 'test'
      ...
    # Subtest: a plain location-bookend (non-return-to-open) scores lower strength than a return-to-open echo
    ok 2 - a plain location-bookend (non-return-to-open) scores lower strength than a return-to-open echo
      ---
      duration_ms: 0.319619
      type: 'test'
      ...
    1..2
ok 175 - detectMirrorScenes — return-to-open
  ---
  duration_ms: 1.13798
  type: 'suite'
  ...
# Subtest: detectMirrorScenes — recurring standing-set guard (no-fire)
    # Subtest: does not credit a location that also recurs through the middle third of the script
    ok 1 - does not credit a location that also recurs through the middle third of the script
      ---
      duration_ms: 2.101202
      type: 'test'
      ...
    1..1
ok 176 - detectMirrorScenes — recurring standing-set guard (no-fire)
  ---
  duration_ms: 2.387342
  type: 'suite'
  ...
# Subtest: detectMirrorScenes — abstain / edge cases
    # Subtest: abstains (scored:false) on an empty script
    ok 1 - abstains (scored:false) on an empty script
      ---
      duration_ms: 0.376679
      type: 'test'
      ...
    # Subtest: abstains (scored:false) on non-string input
    ok 2 - abstains (scored:false) on non-string input
      ---
      duration_ms: 0.336964
      type: 'test'
      ...
    # Subtest: abstains (scored:false) on a script with no scene headings at all
    ok 3 - abstains (scored:false) on a script with no scene headings at all
      ---
      duration_ms: 0.151141
      type: 'test'
      ...
    # Subtest: abstains (scored:false) on a single scene
    ok 4 - abstains (scored:false) on a single scene
      ---
      duration_ms: 0.271041
      type: 'test'
      ...
    # Subtest: abstains (scored:false) on a too-short script (< 8 scenes) even with a matching bookend
    ok 5 - abstains (scored:false) on a too-short script (< 8 scenes) even with a matching bookend
      ---
      duration_ms: 0.388638
      type: 'test'
      ...
    # Subtest: abstains (scored:false) when headings lack recoverable locations
    ok 6 - abstains (scored:false) when headings lack recoverable locations
      ---
      duration_ms: 0.175283
      type: 'test'
      ...
    1..6
ok 177 - detectMirrorScenes — abstain / edge cases
  ---
  duration_ms: 2.351656
  type: 'suite'
  ...
# Subtest: all required clues planted before reveal -> fair / ENTAILED
ok 178 - all required clues planted before reveal -> fair / ENTAILED
  ---
  duration_ms: 2.391775
  type: 'test'
  ...
# Subtest: required clue never planted anywhere -> missingClues + CONTRADICTED
ok 179 - required clue never planted anywhere -> missingClues + CONTRADICTED
  ---
  duration_ms: 0.389849
  type: 'test'
  ...
# Subtest: clue planted after reveal scene -> lateClues + CONTRADICTED
ok 180 - clue planted after reveal scene -> lateClues + CONTRADICTED
  ---
  duration_ms: 0.229025
  type: 'test'
  ...
# Subtest: concealed required clue (all early plants concealed) -> concealedCritical + CONTRADICTED
ok 181 - concealed required clue (all early plants concealed) -> concealedCritical + CONTRADICTED
  ---
  duration_ms: 0.473925
  type: 'test'
  ...
# Subtest: empty required-clue set -> UNKNOWN, no violation lists populated
ok 182 - empty required-clue set -> UNKNOWN, no violation lists populated
  ---
  duration_ms: 0.29796
  type: 'test'
  ...
# Subtest: duplicate and early-plus-late plants of same clue are fine (no false positive)
ok 183 - duplicate and early-plus-late plants of same clue are fine (no false positive)
  ---
  duration_ms: 0.209325
  type: 'test'
  ...
# Subtest: boundary: clue planted exactly at reveal scene index counts as late
ok 184 - boundary: clue planted exactly at reveal scene index counts as late
  ---
  duration_ms: 0.403737
  type: 'test'
  ...
# Subtest: malformed / negative-index plants are dropped, not thrown; clue then reads as missing
ok 185 - malformed / negative-index plants are dropped, not thrown; clue then reads as missing
  ---
  duration_ms: 0.236222
  type: 'test'
  ...
# Subtest: clue with one early unconcealed plant and one concealed plant is fair (not concealed-critical)
ok 186 - clue with one early unconcealed plant and one concealed plant is fair (not concealed-critical)
  ---
  duration_ms: 0.544312
  type: 'test'
  ...
# Subtest: missing input guarded: absent solution/plants does not throw, degrades to UNKNOWN
ok 187 - missing input guarded: absent solution/plants does not throw, degrades to UNKNOWN
  ---
  duration_ms: 0.635907
  type: 'test'
  ...
# Subtest: distinctive phrase recurring 3x across 3 distinct scenes fires as a motif
ok 188 - distinctive phrase recurring 3x across 3 distinct scenes fires as a motif
  ---
  duration_ms: 3.800887
  type: 'test'
  ...
# Subtest: token repeated 3x all within ONE scene does NOT fire (spread guard)
ok 189 - token repeated 3x all within ONE scene does NOT fire (spread guard)
  ---
  duration_ms: 3.168237
  type: 'test'
  ...
# Subtest: a repeated character NAME does not count as a motif
ok 190 - a repeated character NAME does not count as a motif
  ---
  duration_ms: 0.633965
  type: 'test'
  ...
# Subtest: common stop-words never fire as a motif regardless of repetition
ok 191 - common stop-words never fire as a motif regardless of repetition
  ---
  duration_ms: 0.487436
  type: 'test'
  ...
# Subtest: strength saturates and stays bounded within [0,1] for a heavily repeated motif
ok 192 - strength saturates and stays bounded within [0,1] for a heavily repeated motif
  ---
  duration_ms: 1.063122
  type: 'test'
  ...
# Subtest: abstains (scored:false) on empty input
ok 193 - abstains (scored:false) on empty input
  ---
  duration_ms: 1.006265
  type: 'test'
  ...
# Subtest: abstains (scored:false) on fewer than 6 scenes
ok 194 - abstains (scored:false) on fewer than 6 scenes
  ---
  duration_ms: 0.274057
  type: 'test'
  ...
# Subtest: abstains on non-string / whitespace-only input without throwing
ok 195 - abstains on non-string / whitespace-only input without throwing
  ---
  duration_ms: 0.226663
  type: 'test'
  ...
# Subtest: abstains on a single unparseable scene (no INT/EXT heading)
ok 196 - abstains on a single unparseable scene (no INT/EXT heading)
  ---
  duration_ms: 0.454017
  type: 'test'
  ...
# Subtest: scene-economy: fires on a short information-dense scene -> high economy
ok 197 - scene-economy: fires on a short information-dense scene -> high economy
  ---
  duration_ms: 2.906683
  type: 'test'
  ...
# Subtest: scene-economy: fires on a long scene repeating known nouns -> flagged bloated
ok 198 - scene-economy: fires on a long scene repeating known nouns -> flagged bloated
  ---
  duration_ms: 0.545895
  type: 'test'
  ...
# Subtest: scene-economy: no-fire - a short filler scene under the length floor is never bloated even at low economy
ok 199 - scene-economy: no-fire - a short filler scene under the length floor is never bloated even at low economy
  ---
  duration_ms: 0.328505
  type: 'test'
  ...
# Subtest: scene-economy: median math is computed correctly across scenes with known new-info counts
ok 200 - scene-economy: median math is computed correctly across scenes with known new-info counts
  ---
  duration_ms: 0.718184
  type: 'test'
  ...
# Subtest: scene-economy: abstains (scored=false) when fewer than the minimum scene count
ok 201 - scene-economy: abstains (scored=false) when fewer than the minimum scene count
  ---
  duration_ms: 0.952678
  type: 'test'
  ...
# Subtest: scene-economy: abstains on empty input
ok 202 - scene-economy: abstains on empty input
  ---
  duration_ms: 1.697041
  type: 'test'
  ...
# Subtest: scene-economy: abstains on whitespace-only input
ok 203 - scene-economy: abstains on whitespace-only input
  ---
  duration_ms: 0.303388
  type: 'test'
  ...
# Subtest: scene-economy: abstains on a fountain with no INT./EXT. headings at all
ok 204 - scene-economy: abstains on a fountain with no INT./EXT. headings at all
  ---
  duration_ms: 0.177344
  type: 'test'
  ...
# Subtest: scene-economy: abstains on a single-scene document
ok 205 - scene-economy: abstains on a single-scene document
  ---
  duration_ms: 0.538597
  type: 'test'
  ...
# Subtest: scene-economy: strength rewards a high median economy and stays within [0,1]
ok 206 - scene-economy: strength rewards a high median economy and stays within [0,1]
  ---
  duration_ms: 0.842
  type: 'test'
  ...
# Subtest: scene-economy: guards a scene with zero words without throwing (division-by-zero safe)
ok 207 - scene-economy: guards a scene with zero words without throwing (division-by-zero safe)
  ---
  duration_ms: 0.306122
  type: 'test'
  ...
# Subtest: scene with clear valence flip is marked shifted
ok 208 - scene with clear valence flip is marked shifted
  ---
  duration_ms: 3.720032
  type: 'test'
  ...
# Subtest: flat no-change scene is flagged boring-but-correct
ok 209 - flat no-change scene is flagged boring-but-correct
  ---
  duration_ms: 0.434059
  type: 'test'
  ...
# Subtest: spectacle scene without causal connective or value shift is flagged cool-but-wrong
ok 210 - spectacle scene without causal connective or value shift is flagged cool-but-wrong
  ---
  duration_ms: 0.541237
  type: 'test'
  ...
# Subtest: a flat scene with no spectacle markers does not trip cool-but-wrong
ok 211 - a flat scene with no spectacle markers does not trip cool-but-wrong
  ---
  duration_ms: 0.338785
  type: 'test'
  ...
# Subtest: strength rises with shiftRatio
ok 212 - strength rises with shiftRatio
  ---
  duration_ms: 0.712574
  type: 'test'
  ...
# Subtest: abstains (scored:false) on fewer than SCENE_VALUE_SHIFT_MIN_SCENES scenes
ok 213 - abstains (scored:false) on fewer than SCENE_VALUE_SHIFT_MIN_SCENES scenes
  ---
  duration_ms: 2.200309
  type: 'test'
  ...
# Subtest: guards empty input
ok 214 - guards empty input
  ---
  duration_ms: 0.343639
  type: 'test'
  ...
# Subtest: guards input with no INT./EXT. headings
ok 215 - guards input with no INT./EXT. headings
  ---
  duration_ms: 0.17542
  type: 'test'
  ...
# Subtest: guards single-scene input
ok 216 - guards single-scene input
  ---
  duration_ms: 0.498171
  type: 'test'
  ...
# Subtest: double-spaced import: dialogue is recognized after normalization (was action before)
ok 217 - double-spaced import: dialogue is recognized after normalization (was action before)
  ---
  duration_ms: 23.856129
  type: 'test'
  ...
# Subtest: scene segmentation is preserved exactly (normalizer never changes scene count)
ok 218 - scene segmentation is preserved exactly (normalizer never changes scene count)
  ---
  duration_ms: 0.525714
  type: 'test'
  ...
# Subtest: wrapped dialogue fragments are joined into one line
ok 219 - wrapped dialogue fragments are joined into one line
  ---
  duration_ms: 0.361164
  type: 'test'
  ...
# Subtest: idempotent: normalizing twice equals normalizing once
ok 220 - idempotent: normalizing twice equals normalizing once
  ---
  duration_ms: 0.231529
  type: 'test'
  ...
# Subtest: clean single-spaced Fountain passes through unchanged (no double-spacing)
ok 221 - clean single-spaced Fountain passes through unchanged (no double-spacing)
  ---
  duration_ms: 0.369019
  type: 'test'
  ...
# Subtest: ordinary multi-paragraph action + one dialogue exchange does NOT trip isDoubleSpaced (was a false positive: ratio 4/6 = 0.667 >= old 0.6 threshold)
ok 222 - ordinary multi-paragraph action + one dialogue exchange does NOT trip isDoubleSpaced (was a false positive: ratio 4/6 = 0.667 >= old 0.6 threshold)
  ---
  duration_ms: 0.179864
  type: 'test'
  ...
# Subtest: root cause reproduction A: two ordinary action paragraphs no longer get merged into one
ok 223 - root cause reproduction A: two ordinary action paragraphs no longer get merged into one
  ---
  duration_ms: 0.323886
  type: 'test'
  ...
# Subtest: root cause reproduction B: action text after a dialogue line (no intervening heading) no longer gets merged into the dialogue block
ok 224 - root cause reproduction B: action text after a dialogue line (no intervening heading) no longer gets merged into the dialogue block
  ---
  duration_ms: 0.220945
  type: 'test'
  ...
# Subtest: genuinely double-spaced dialogue (blank line between cue and its own dialogue) is still detected and reflowed
ok 225 - genuinely double-spaced dialogue (blank line between cue and its own dialogue) is still detected and reflowed
  ---
  duration_ms: 0.531811
  type: 'test'
  ...
# Subtest: forced (.) scene headings are preserved as scene boundaries
ok 226 - forced (.) scene headings are preserved as scene boundaries
  ---
  duration_ms: 1.269281
  type: 'test'
  ...
# Subtest: isCharacterCue: fires on bare names, not on headings/action/lyrics
ok 227 - isCharacterCue: fires on bare names, not on headings/action/lyrics
  ---
  duration_ms: 0.391749
  type: 'test'
  ...
# Subtest: guards: empty / non-string input
ok 228 - guards: empty / non-string input
  ---
  duration_ms: 0.129802
  type: 'test'
  ...
# Subtest: crafted substantial action-only scene at opening position fires
ok 229 - crafted substantial action-only scene at opening position fires
  ---
  duration_ms: 2.862157
  type: 'test'
  ...
# Subtest: one-line action fragment does NOT fire (too thin)
ok 230 - one-line action fragment does NOT fire (too thin)
  ---
  duration_ms: 0.500748
  type: 'test'
  ...
# Subtest: dialogue-heavy scene does NOT fire even at meaningful position
ok 231 - dialogue-heavy scene does NOT fire even at meaningful position
  ---
  duration_ms: 0.36869
  type: 'test'
  ...
# Subtest: all-action document abstains (scored:false)
ok 232 - all-action document abstains (scored:false)
  ---
  duration_ms: 1.065958
  type: 'test'
  ...
# Subtest: too-short script (few scenes) abstains
ok 233 - too-short script (few scenes) abstains
  ---
  duration_ms: 0.337502
  type: 'test'
  ...
# Subtest: empty input abstains without throwing
ok 234 - empty input abstains without throwing
  ---
  duration_ms: 0.210662
  type: 'test'
  ...
# Subtest: whitespace-only input abstains without throwing
ok 235 - whitespace-only input abstains without throwing
  ---
  duration_ms: 0.252882
  type: 'test'
  ...
# Subtest: single scene (no headings match count) abstains
ok 236 - single scene (no headings match count) abstains
  ---
  duration_ms: 1.443051
  type: 'test'
  ...
# Subtest: crafted mid-position and closing silent beats both fire and outweigh a body-position silent scene
ok 237 - crafted mid-position and closing silent beats both fire and outweigh a body-position silent scene
  ---
  duration_ms: 0.694894
  type: 'test'
  ...
# Subtest: random dialogue-only scenes do not inflate strength (no-fire baseline)
ok 238 - random dialogue-only scenes do not inflate strength (no-fire baseline)
  ---
  duration_ms: 0.674835
  type: 'test'
  ...
# Subtest: detectStorySpine: fires on a script with a single protagonist and recurring goal
ok 239 - detectStorySpine: fires on a script with a single protagonist and recurring goal
  ---
  duration_ms: 2.504151
  type: 'test'
  ...
# Subtest: detectStorySpine: does not fire on a scattered script with no shared throughline
ok 240 - detectStorySpine: does not fire on a scattered script with no shared throughline
  ---
  duration_ms: 0.499222
  type: 'test'
  ...
# Subtest: detectStorySpine: abstains when fewer than STORY_SPINE_MIN_SCENES scenes
ok 241 - detectStorySpine: abstains when fewer than STORY_SPINE_MIN_SCENES scenes
  ---
  duration_ms: 0.37412
  type: 'test'
  ...
# Subtest: detectStorySpine: abstains when no protagonist proxy can be found
ok 242 - detectStorySpine: abstains when no protagonist proxy can be found
  ---
  duration_ms: 0.932293
  type: 'test'
  ...
# Subtest: detectStorySpine: abstains on empty input
ok 243 - detectStorySpine: abstains on empty input
  ---
  duration_ms: 0.389891
  type: 'test'
  ...
# Subtest: detectStorySpine: abstains when there are no scene headings at all
ok 244 - detectStorySpine: abstains when there are no scene headings at all
  ---
  duration_ms: 0.18081
  type: 'test'
  ...
# Subtest: detectStorySpine: guards non-string input without throwing
ok 245 - detectStorySpine: guards non-string input without throwing
  ---
  duration_ms: 0.261305
  type: 'test'
  ...
# Subtest: STORY_SPINE_MIN_SCENES is 8
ok 246 - STORY_SPINE_MIN_SCENES is 8
  ---
  duration_ms: 0.145818
  type: 'test'
  ...
# Subtest: vectorizeFromIssues: produces a normalized, deterministic vector
ok 247 - vectorizeFromIssues: produces a normalized, deterministic vector
  ---
  duration_ms: 3.026409
  type: 'test'
  ...
# Subtest: vectorizeFromIssues: RULE_INDEX is built lazily on first call (patch-on-first-call still works)
ok 248 - vectorizeFromIssues: RULE_INDEX is built lazily on first call (patch-on-first-call still works)
  ---
  duration_ms: 1.760189
  type: 'test'
  ...
# Subtest: vectorizeFromIssues: same vector out before/after repeated calls (delegation to the original implementation is stable)
ok 249 - vectorizeFromIssues: same vector out before/after repeated calls (delegation to the original implementation is stable)
  ---
  duration_ms: 0.278624
  type: 'test'
  ...
# Subtest: vectorizeFromIssues: the exported binding is reassigned exactly once (stable identity across calls)
ok 250 - vectorizeFromIssues: the exported binding is reassigned exactly once (stable identity across calls)
  ---
  duration_ms: 0.433815
  type: 'test'
  ...
# Subtest: TRACE §13 Temporal-Consistency Detectors
    # Subtest: extractTemporalConstraints
        # Subtest: creates sequential before constraints for normal scene progression
        ok 1 - creates sequential before constraints for normal scene progression
          ---
          duration_ms: 3.642717
          type: 'test'
          ...
        # Subtest: detects CONTINUOUS marker and creates meets constraint
        ok 2 - detects CONTINUOUS marker and creates meets constraint
          ---
          duration_ms: 0.625844
          type: 'test'
          ...
        # Subtest: detects FLASHBACK marker and creates before constraint to present
        ok 3 - detects FLASHBACK marker and creates before constraint to present
          ---
          duration_ms: 0.386314
          type: 'test'
          ...
        # Subtest: detects MEANWHILE marker and creates overlaps constraint
        ok 4 - detects MEANWHILE marker and creates overlaps constraint
          ---
          duration_ms: 0.538022
          type: 'test'
          ...
        # Subtest: detects age mentions and creates age intervals
        ok 5 - detects age mentions and creates age intervals
          ---
          duration_ms: 0.426732
          type: 'test'
          ...
        # Subtest: detects LATER markers and upgrades confidence
        ok 6 - detects LATER markers and upgrades confidence
          ---
          duration_ms: 0.337646
          type: 'test'
          ...
        1..6
    ok 1 - extractTemporalConstraints
      ---
      duration_ms: 7.465865
      type: 'suite'
      ...
    # Subtest: detectTemporalContradictions
        # Subtest: detects simple transitive contradiction (A before B, B before C, C before A)
        ok 1 - detects simple transitive contradiction (A before B, B before C, C before A)
          ---
          duration_ms: 1.71727
          type: 'test'
          ...
        # Subtest: detects explicit conflict (A before B AND A after B)
        ok 2 - detects explicit conflict (A before B AND A after B)
          ---
          duration_ms: 0.49695
          type: 'test'
          ...
        # Subtest: allows consistent constraints to propagate
        ok 3 - allows consistent constraints to propagate
          ---
          duration_ms: 0.661732
          type: 'test'
          ...
        # Subtest: detects impossible flashback ordering
        ok 4 - detects impossible flashback ordering
          ---
          duration_ms: 0.536344
          type: 'test'
          ...
        1..4
    ok 2 - detectTemporalContradictions
      ---
      duration_ms: 3.938652
      type: 'suite'
      ...
    # Subtest: auditTemporalConsistency (end-to-end)
        # Subtest: passes clean linear timeline
        ok 1 - passes clean linear timeline
          ---
          duration_ms: 0.634046
          type: 'test'
          ...
        # Subtest: detects flashback paradox in real screenplay context
        ok 2 - detects flashback paradox in real screenplay context
          ---
          duration_ms: 0.456445
          type: 'test'
          ...
        # Subtest: handles CONTINUOUS correctly (no contradiction)
        ok 3 - handles CONTINUOUS correctly (no contradiction)
          ---
          duration_ms: 0.29538
          type: 'test'
          ...
        # Subtest: handles MEANWHILE correctly (parallel timelines)
        ok 4 - handles MEANWHILE correctly (parallel timelines)
          ---
          duration_ms: 0.447271
          type: 'test'
          ...
        # Subtest: an ordinary single flashback in a longer script does not cascade into contradictions on unrelated scene pairs (regression, 2026-08-03)
        ok 5 - an ordinary single flashback in a longer script does not cascade into contradictions on unrelated scene pairs (regression, 2026-08-03)
          ---
          duration_ms: 38.142105
          type: 'test'
          ...
        1..5
    ok 3 - auditTemporalConsistency (end-to-end)
      ---
      duration_ms: 40.271625
      type: 'suite'
      ...
    # Subtest: order-sensitivity
        # Subtest: reordering the same three scenes changes the contradiction count
        ok 1 - reordering the same three scenes changes the contradiction count
          ---
          duration_ms: 2.485757
          type: 'test'
          ...
        1..1
    ok 4 - order-sensitivity
      ---
      duration_ms: 2.737001
      type: 'suite'
      ...
    # Subtest: CONTINUOUS/MOMENTS LATER/SAME TIME chains (regression, 2026-08-03)
        # Subtest: a single CONTINUOUS scene produces no contradiction
        ok 1 - a single CONTINUOUS scene produces no contradiction
          ---
          duration_ms: 0.290967
          type: 'test'
          ...
        # Subtest: two consecutive CONTINUOUS scenes produce no contradiction (was 1 false positive before the fix)
        ok 2 - two consecutive CONTINUOUS scenes produce no contradiction (was 1 false positive before the fix)
          ---
          duration_ms: 0.244888
          type: 'test'
          ...
        # Subtest: three consecutive CONTINUOUS scenes produce no contradiction (was 2 false positives before the fix)
        ok 3 - three consecutive CONTINUOUS scenes produce no contradiction (was 2 false positives before the fix)
          ---
          duration_ms: 0.388765
          type: 'test'
          ...
        # Subtest: CONTINUOUS followed by a DAYS LATER jump produces no contradiction
        ok 4 - CONTINUOUS followed by a DAYS LATER jump produces no contradiction
          ---
          duration_ms: 0.227292
          type: 'test'
          ...
        # Subtest: a longer run (five consecutive CONTINUOUS scenes) still produces no contradiction
        ok 5 - a longer run (five consecutive CONTINUOUS scenes) still produces no contradiction
          ---
          duration_ms: 0.992803
          type: 'test'
          ...
        1..5
    ok 5 - CONTINUOUS/MOMENTS LATER/SAME TIME chains (regression, 2026-08-03)
      ---
      duration_ms: 2.428019
      type: 'suite'
      ...
    # Subtest: genuine contradictions still fire after the 2026-08-03 fix
        # Subtest: detects a real impossible meets-cycle (A meets B, B meets C, C meets A)
        ok 1 - detects a real impossible meets-cycle (A meets B, B meets C, C meets A)
          ---
          duration_ms: 0.557033
          type: 'test'
          ...
        1..1
    ok 6 - genuine contradictions still fire after the 2026-08-03 fix
      ---
      duration_ms: 0.657422
      type: 'suite'
      ...
    # Subtest: formatTemporalReport
        # Subtest: returns success message for no contradictions
        ok 1 - returns success message for no contradictions
          ---
          duration_ms: 0.38332
          type: 'test'
          ...
        # Subtest: formats contradictions with severity and explanation
        ok 2 - formats contradictions with severity and explanation
          ---
          duration_ms: 0.337672
          type: 'test'
          ...
        # Subtest: pluralizes correctly for multiple contradictions
        ok 3 - pluralizes correctly for multiple contradictions
          ---
          duration_ms: 0.180215
          type: 'test'
          ...
        1..3
    ok 7 - formatTemporalReport
      ---
      duration_ms: 1.101561
      type: 'suite'
      ...
    # Subtest: Allen Interval Algebra properties
        # Subtest: verifies all 13 relations are mutually exclusive
        ok 1 - verifies all 13 relations are mutually exclusive
          ---
          duration_ms: 0.172733
          type: 'test'
          ...
        # Subtest: handles identity correctly (interval equals itself)
        ok 2 - handles identity correctly (interval equals itself)
          ---
          duration_ms: 0.197288
          type: 'test'
          ...
        # Subtest: detects minimum cycle (2 intervals)
        ok 3 - detects minimum cycle (2 intervals)
          ---
          duration_ms: 0.197031
          type: 'test'
          ...
        1..3
    ok 8 - Allen Interval Algebra properties
      ---
      duration_ms: 0.737739
      type: 'suite'
      ...
    1..8
ok 251 - TRACE §13 Temporal-Consistency Detectors
  ---
  duration_ms: 60.53546
  type: 'suite'
  ...
# Subtest: nonlinear-timeline fixtures audit clean (2026-08-03 addendum)
    # Subtest: finds all 6 expected fixture files
    ok 1 - finds all 6 expected fixture files
      ---
      duration_ms: 0.205145
      type: 'test'
      ...
    # Subtest: flashback-01-the-weight-of-water.fountain: audits to 0 temporal contradictions on unmodified text
    ok 2 - flashback-01-the-weight-of-water.fountain: audits to 0 temporal contradictions on unmodified text
      ---
      duration_ms: 187.537592
      type: 'test'
      ...
    # Subtest: flashback-02-last-confession.fountain: audits to 0 temporal contradictions on unmodified text
    ok 3 - flashback-02-last-confession.fountain: audits to 0 temporal contradictions on unmodified text
      ---
      duration_ms: 33.29746
      type: 'test'
      ...
    # Subtest: mixed-01-homecoming.fountain: audits to 0 temporal contradictions on unmodified text
    ok 4 - mixed-01-homecoming.fountain: audits to 0 temporal contradictions on unmodified text
      ---
      duration_ms: 23.725079
      type: 'test'
      ...
    # Subtest: mixed-02-the-understudy.fountain: audits to 0 temporal contradictions on unmodified text
    ok 5 - mixed-02-the-understudy.fountain: audits to 0 temporal contradictions on unmodified text
      ---
      duration_ms: 28.555823
      type: 'test'
      ...
    # Subtest: parallel-01-crossfire.fountain: audits to 0 temporal contradictions on unmodified text
    ok 6 - parallel-01-crossfire.fountain: audits to 0 temporal contradictions on unmodified text
      ---
      duration_ms: 10.9423
      type: 'test'
      ...
    # Subtest: parallel-02-the-long-distance.fountain: audits to 0 temporal contradictions on unmodified text
    ok 7 - parallel-02-the-long-distance.fountain: audits to 0 temporal contradictions on unmodified text
      ---
      duration_ms: 7.718547
      type: 'test'
      ...
    1..7
ok 252 - nonlinear-timeline fixtures audit clean (2026-08-03 addendum)
  ---
  duration_ms: 292.572185
  type: 'suite'
  ...
# Subtest: all 13 statuses exist
ok 253 - all 13 statuses exist
  ---
  duration_ms: 1.872335
  type: 'test'
  ...
# Subtest: all 11 tiers exist in order
ok 254 - all 11 tiers exist in order
  ---
  duration_ms: 0.994322
  type: 'test'
  ...
# Subtest: all 8 epistemic layers
ok 255 - all 8 epistemic layers
  ---
  duration_ms: 0.214151
  type: 'test'
  ...
# Subtest: add fact: defaults
ok 256 - add fact: defaults
  ---
  duration_ms: 0.426649
  type: 'test'
  ...
# Subtest: add multiple: sequential ids
ok 257 - add multiple: sequential ids
  ---
  duration_ms: 0.306971
  type: 'test'
  ...
# Subtest: add custom status/tier, evidence, cause, triple, layer
ok 258 - add custom status/tier, evidence, cause, triple, layer
  ---
  duration_ms: 0.338763
  type: 'test'
  ...
# Subtest: validity interval defaults + explicit
ok 259 - validity interval defaults + explicit
  ---
  duration_ms: 0.359048
  type: 'test'
  ...
# Subtest: expire sets until; missing returns null
ok 260 - expire sets until; missing returns null
  ---
  duration_ms: 0.266289
  type: 'test'
  ...
# Subtest: query by status / tier / both / layer / subject / predicate
ok 261 - query by status / tier / both / layer / subject / predicate
  ---
  duration_ms: 0.681086
  type: 'test'
  ...
# Subtest: query empty
ok 262 - query empty
  ---
  duration_ms: 0.592372
  type: 'test'
  ...
# Subtest: query by layer/subject/predicate
ok 263 - query by layer/subject/predicate
  ---
  duration_ms: 0.323154
  type: 'test'
  ...
# Subtest: get existing / missing
ok 264 - get existing / missing
  ---
  duration_ms: 0.168527
  type: 'test'
  ...
# Subtest: retcon changes status; missing null
ok 265 - retcon changes status; missing null
  ---
  duration_ms: 0.35156
  type: 'test'
  ...
# Subtest: promote hard->soft, pipeline, max, missing
ok 266 - promote hard->soft, pipeline, max, missing
  ---
  duration_ms: 0.197745
  type: 'test'
  ...
# Subtest: count empty / nonempty
ok 267 - count empty / nonempty
  ---
  duration_ms: 0.114395
  type: 'test'
  ...
# Subtest: interval overlap cases
ok 268 - interval overlap cases
  ---
  duration_ms: 0.342392
  type: 'test'
  ...
# Subtest: no contradiction: same object
ok 269 - no contradiction: same object
  ---
  duration_ms: 0.310188
  type: 'test'
  ...
# Subtest: contradiction detected
ok 270 - contradiction detected
  ---
  duration_ms: 0.188101
  type: 'test'
  ...
# Subtest: no contradiction: different layer
ok 271 - no contradiction: different layer
  ---
  duration_ms: 0.223846
  type: 'test'
  ...
# Subtest: no contradiction: non-overlapping (expired before)
ok 272 - no contradiction: non-overlapping (expired before)
  ---
  duration_ms: 0.238569
  type: 'test'
  ...
# Subtest: no contradiction: transition event explains change
ok 273 - no contradiction: transition event explains change
  ---
  duration_ms: 0.183428
  type: 'test'
  ...
# Subtest: no contradiction: different predicate / different subject
ok 274 - no contradiction: different predicate / different subject
  ---
  duration_ms: 0.136609
  type: 'test'
  ...
# Subtest: multiple contradictions: C(3,2)=3
ok 275 - multiple contradictions: C(3,2)=3
  ---
  duration_ms: 0.154596
  type: 'test'
  ...
# Subtest: contradictions respect epistemic-layer grouping
ok 276 - contradictions respect epistemic-layer grouping
  ---
  duration_ms: 0.131117
  type: 'test'
  ...
# Subtest: partial overlap interval reported
ok 277 - partial overlap interval reported
  ---
  duration_ms: 0.205785
  type: 'test'
  ...
# Subtest: unstructured facts skipped
ok 278 - unstructured facts skipped
  ---
  duration_ms: 0.121586
  type: 'test'
  ...
# Subtest: contradiction reason contains details
ok 279 - contradiction reason contains details
  ---
  duration_ms: 0.133176
  type: 'test'
  ...
# Subtest: register transition event stores in order
ok 280 - register transition event stores in order
  ---
  duration_ms: 0.144052
  type: 'test'
  ...
# Subtest: plant followed by a later payoff is kept, and full ledger is ENTAILED at 100%
ok 281 - plant followed by a later payoff is kept, and full ledger is ENTAILED at 100%
  ---
  duration_ms: 2.38039
  type: 'test'
  ...
# Subtest: plant with no payoff is unkept, and the ledger is UNKNOWN (no violations)
ok 282 - plant with no payoff is unkept, and the ledger is UNKNOWN (no violations)
  ---
  duration_ms: 0.276404
  type: 'test'
  ...
# Subtest: payoff with no plant is an unplanted payoff, CONTRADICTED, and strength is penalized
ok 283 - payoff with no plant is an unplanted payoff, CONTRADICTED, and strength is penalized
  ---
  duration_ms: 0.516393
  type: 'test'
  ...
# Subtest: payoff occurring before its own plant is an out-of-order violation (unplanted, and the plant is unkept)
ok 284 - payoff occurring before its own plant is an out-of-order violation (unplanted, and the plant is unkept)
  ---
  duration_ms: 0.416975
  type: 'test'
  ...
# Subtest: byType tallies and keptRatio math are correct across a mixed multi-type ledger
ok 285 - byType tallies and keptRatio math are correct across a mixed multi-type ledger
  ---
  duration_ms: 0.702291
  type: 'test'
  ...
# Subtest: empty/invalid input abstains (scored=false) rather than scoring
ok 286 - empty/invalid input abstains (scored=false) rather than scoring
  ---
  duration_ms: 0.265662
  type: 'test'
  ...
# Subtest: setup before reveal + misdirection -> wellMade, ENTAILED, strength up
ok 287 - setup before reveal + misdirection -> wellMade, ENTAILED, strength up
  ---
  duration_ms: 2.413636
  type: 'test'
  ...
# Subtest: misdirection but NO prior setup -> cheapSurprise + CONTRADICTED + penalized strength
ok 288 - misdirection but NO prior setup -> cheapSurprise + CONTRADICTED + penalized strength
  ---
  duration_ms: 0.372215
  type: 'test'
  ...
# Subtest: setup but no misdirection -> not wellMade, UNKNOWN (merely predictable)
ok 289 - setup but no misdirection -> not wellMade, UNKNOWN (merely predictable)
  ---
  duration_ms: 0.292786
  type: 'test'
  ...
# Subtest: setup exactly at reveal scene is NOT inevitable (boundary)
ok 290 - setup exactly at reveal scene is NOT inevitable (boundary)
  ---
  duration_ms: 0.229355
  type: 'test'
  ...
# Subtest: empty input abstains
ok 291 - empty input abstains
  ---
  duration_ms: 0.542935
  type: 'test'
  ...
# Subtest: strength stays bounded within [0,1] across many well-made and many cheap surprises
ok 292 - strength stays bounded within [0,1] across many well-made and many cheap surprises
  ---
  duration_ms: 0.653309
  type: 'test'
  ...
# Subtest: adversarialAcquittal: UNKNOWN + strong innocent explanation
    # Subtest: FIRES (acquits) an UNKNOWN finding with a strong consistent innocent explanation
    ok 1 - FIRES (acquits) an UNKNOWN finding with a strong consistent innocent explanation
      ---
      duration_ms: 2.885637
      type: 'test'
      ...
    # Subtest: composed via surfaceAfterAcquittal: acquitted finding does NOT surface
    ok 2 - composed via surfaceAfterAcquittal: acquitted finding does NOT surface
      ---
      duration_ms: 0.289905
      type: 'test'
      ...
    1..2
ok 293 - adversarialAcquittal: UNKNOWN + strong innocent explanation
  ---
  duration_ms: 4.485489
  type: 'suite'
  ...
# Subtest: adversarialAcquittal: weak or absent innocent explanation
    # Subtest: does NOT acquit when the strongest explanation is below threshold
    ok 1 - does NOT acquit when the strongest explanation is below threshold
      ---
      duration_ms: 0.526578
      type: 'test'
      ...
    # Subtest: does NOT acquit when there are no explanations at all
    ok 2 - does NOT acquit when there are no explanations at all
      ---
      duration_ms: 0.199736
      type: 'test'
      ...
    # Subtest: composed via surfaceAfterAcquittal: unacquitted UNKNOWN with high necessity + complete search SURFACES
    ok 3 - composed via surfaceAfterAcquittal: unacquitted UNKNOWN with high necessity + complete search SURFACES
      ---
      duration_ms: 2.374538
      type: 'test'
      ...
    1..3
ok 294 - adversarialAcquittal: weak or absent innocent explanation
  ---
  duration_ms: 3.54407
  type: 'suite'
  ...
# Subtest: adversarialAcquittal: CONTRADICTED is never acquitted
    # Subtest: does NOT acquit a CONTRADICTED finding even with a strong consistent innocent explanation
    ok 1 - does NOT acquit a CONTRADICTED finding even with a strong consistent innocent explanation
      ---
      duration_ms: 0.395154
      type: 'test'
      ...
    # Subtest: composed via surfaceAfterAcquittal: CONTRADICTED finding still surfaces despite a strong innocent explanation
    ok 2 - composed via surfaceAfterAcquittal: CONTRADICTED finding still surfaces despite a strong innocent explanation
      ---
      duration_ms: 0.497634
      type: 'test'
      ...
    1..2
ok 295 - adversarialAcquittal: CONTRADICTED is never acquitted
  ---
  duration_ms: 1.246403
  type: 'suite'
  ...
# Subtest: adversarialAcquittal: inconsistent explanations are ignored
    # Subtest: ignores a strong explanation that is inconsistent with the evidence, even when it is the only candidate
    ok 1 - ignores a strong explanation that is inconsistent with the evidence, even when it is the only candidate
      ---
      duration_ms: 0.274319
      type: 'test'
      ...
    # Subtest: picks the strongest CONSISTENT explanation over a stronger inconsistent one
    ok 2 - picks the strongest CONSISTENT explanation over a stronger inconsistent one
      ---
      duration_ms: 0.324201
      type: 'test'
      ...
    1..2
ok 296 - adversarialAcquittal: inconsistent explanations are ignored
  ---
  duration_ms: 0.950344
  type: 'suite'
  ...
# Subtest: adversarialAcquittal: threshold boundary
    # Subtest: acquits when strength is EXACTLY at the threshold (>=)
    ok 1 - acquits when strength is EXACTLY at the threshold (>=)
      ---
      duration_ms: 0.432267
      type: 'test'
      ...
    # Subtest: does NOT acquit when strength is just below the threshold
    ok 2 - does NOT acquit when strength is just below the threshold
      ---
      duration_ms: 0.161111
      type: 'test'
      ...
    # Subtest: respects a custom threshold override
    ok 3 - respects a custom threshold override
      ---
      duration_ms: 0.126421
      type: 'test'
      ...
    1..3
ok 297 - adversarialAcquittal: threshold boundary
  ---
  duration_ms: 0.873135
  type: 'suite'
  ...
# Subtest: adversarialAcquittal: non-UNKNOWN/non-CONTRADICTED states pass through unchanged
    # Subtest: ENTAILED support is left unchanged (not eligible for acquittal machinery)
    ok 1 - ENTAILED support is left unchanged (not eligible for acquittal machinery)
      ---
      duration_ms: 0.20836
      type: 'test'
      ...
    # Subtest: AMBIGUOUS support is left unchanged
    ok 2 - AMBIGUOUS support is left unchanged
      ---
      duration_ms: 0.136129
      type: 'test'
      ...
    1..2
ok 298 - adversarialAcquittal: non-UNKNOWN/non-CONTRADICTED states pass through unchanged
  ---
  duration_ms: 0.462893
  type: 'suite'
  ...
# Subtest: adversarialAcquittal: input guards
    # Subtest: throws on an out-of-range threshold
    ok 1 - throws on an out-of-range threshold
      ---
      duration_ms: 0.554845
      type: 'test'
      ...
    # Subtest: ignores a malformed explanation (out-of-range strength) rather than crashing
    ok 2 - ignores a malformed explanation (out-of-range strength) rather than crashing
      ---
      duration_ms: 0.215478
      type: 'test'
      ...
    # Subtest: is deterministic
    ok 3 - is deterministic
      ---
      duration_ms: 0.172263
      type: 'test'
      ...
    1..3
ok 299 - adversarialAcquittal: input guards
  ---
  duration_ms: 1.139754
  type: 'suite'
  ...
# {"time":"2026-08-05T02:28:15.654Z","level":"warn","msg":"collab_secret_generated","message":"COLLAB_SECRET not set — generated an ephemeral per-process secret. Set COLLAB_SECRET in any multi-process or restart-prone deployment."}
# Subtest: collab-auth — token issue/verify
    # Subtest: a freshly issued token verifies against the room it was issued for
    ok 1 - a freshly issued token verifies against the room it was issued for
      ---
      duration_ms: 1.796856
      type: 'test'
      ...
    # Subtest: a token issued for one room does not verify against a different room
    ok 2 - a token issued for one room does not verify against a different room
      ---
      duration_ms: 0.515495
      type: 'test'
      ...
    # Subtest: a token with a tampered signature does not verify
    ok 3 - a token with a tampered signature does not verify
      ---
      duration_ms: 0.335931
      type: 'test'
      ...
    # Subtest: an expired token does not verify
    ok 4 - an expired token does not verify
      ---
      duration_ms: 0.40476
      type: 'test'
      ...
    # Subtest: a missing or malformed token does not verify
    ok 5 - a missing or malformed token does not verify
      ---
      duration_ms: 0.199084
      type: 'test'
      ...
    1..5
ok 300 - collab-auth — token issue/verify
  ---
  duration_ms: 4.867861
  type: 'suite'
  ...
# {"time":"2026-08-05T02:28:16.758Z","level":"warn","msg":"collab_secret_generated","message":"COLLAB_SECRET not set — generated an ephemeral per-process secret. Set COLLAB_SECRET in any multi-process or restart-prone deployment."}
# {"time":"2026-08-05T02:28:16.823Z","level":"info","msg":"collab_server_attached","path":"/collab/:room","maxRooms":200}
# {"time":"2026-08-05T02:28:16.863Z","level":"warn","msg":"collab_auth_rejected","room":"no-token-room"}
# Subtest: collab WebSocket — auth gate
    # Subtest: rejects a connection with no token
    ok 1 - rejects a connection with no token
      ---
      duration_ms: 41.605422
      type: 'test'
      ...
# {"time":"2026-08-05T02:28:16.963Z","level":"info","msg":"request","method":"POST","path":"/api/collab/token","status":200,"ms":21}
# {"time":"2026-08-05T02:28:16.980Z","level":"warn","msg":"collab_auth_rejected","room":"tampered-room"}
    # Subtest: rejects a connection with a tampered token
    ok 2 - rejects a connection with a tampered token
      ---
      duration_ms: 115.694659
      type: 'test'
      ...
# {"time":"2026-08-05T02:28:16.992Z","level":"info","msg":"request","method":"POST","path":"/api/collab/token","status":200,"ms":4}
# {"time":"2026-08-05T02:28:16.995Z","level":"warn","msg":"collab_auth_rejected","room":"room-two"}
    # Subtest: rejects a valid token used against a different room than it was issued for
    ok 3 - rejects a valid token used against a different room than it was issued for
      ---
      duration_ms: 13.962158
      type: 'test'
      ...
# {"time":"2026-08-05T02:28:17.001Z","level":"info","msg":"request","method":"POST","path":"/api/collab/token","status":200,"ms":2}
    # Subtest: accepts a connection with a valid token for the matching room
    ok 4 - accepts a connection with a valid token for the matching room
      ---
      duration_ms: 18.535831
      type: 'test'
      ...
    1..4
ok 301 - collab WebSocket — auth gate
  ---
  duration_ms: 770.401678
  type: 'suite'
  ...
# {"time":"2026-08-05T02:28:16.637Z","level":"warn","msg":"agent_parse_fallback","agent":"Alice","method":"updateEpistemics","preview":"{\\"newSuspicionScore\\":10,\\"newBeliefs\\":[],\\"updatedTheoryOfMind\\":[],\\"contradiction_detected\\":false,\\"contradicted_propositio"}
# {"time":"2026-08-05T02:28:16.642Z","level":"info","msg":"director_eval","tensionDelta":"0.0","contradictions":0,"observers":2}
# {"time":"2026-08-05T02:28:16.646Z","level":"info","msg":"subtext_score","score":10,"onTheNose":0,"subtext":0,"lines":1}
# {"time":"2026-08-05T02:28:16.670Z","level":"warn","msg":"agent_parse_fallback","agent":"Alice","method":"updateEpistemics","preview":"{\\"newSuspicionScore\\":10,\\"newBeliefs\\":[],\\"updatedTheoryOfMind\\":[],\\"contradiction_detected\\":false,\\"contradicted_propositio"}
# {"time":"2026-08-05T02:28:16.673Z","level":"info","msg":"director_eval","tensionDelta":"0.0","contradictions":0,"observers":2}
# {"time":"2026-08-05T02:28:16.685Z","level":"warn","msg":"agent_parse_fallback","agent":"Alice","method":"updateEpistemics","preview":"{\\"newSuspicionScore\\":10,\\"newBeliefs\\":[],\\"updatedTheoryOfMind\\":[],\\"contradiction_detected\\":false,\\"contradicted_propositio"}
# {"time":"2026-08-05T02:28:16.688Z","level":"info","msg":"director_eval","tensionDelta":"0.0","contradictions":0,"observers":2}
# {"time":"2026-08-05T02:28:16.694Z","level":"warn","msg":"agent_parse_fallback","agent":"Alice","method":"updateEpistemics","preview":"{\\"newSuspicionScore\\":10,\\"newBeliefs\\":[],\\"updatedTheoryOfMind\\":[],\\"contradiction_detected\\":false,\\"contradicted_propositio"}
# {"time":"2026-08-05T02:28:16.697Z","level":"info","msg":"director_eval","tensionDelta":"0.0","contradictions":0,"observers":2}
# {"time":"2026-08-05T02:28:16.717Z","level":"warn","msg":"agent_parse_fallback","agent":"Alice","method":"updateEpistemics","preview":"{\\"newSuspicionScore\\":10,\\"newBeliefs\\":[],\\"updatedTheoryOfMind\\":[],\\"contradiction_detected\\":false,\\"contradicted_propositio"}
# {"time":"2026-08-05T02:28:16.720Z","level":"info","msg":"director_eval","tensionDelta":"0.0","contradictions":0,"observers":2}
# {"time":"2026-08-05T02:28:16.731Z","level":"warn","msg":"agent_parse_fallback","agent":"Alice","method":"updateEpistemics","preview":"{\\"newSuspicionScore\\":10,\\"newBeliefs\\":[],\\"updatedTheoryOfMind\\":[],\\"contradiction_detected\\":false,\\"contradicted_propositio"}
# {"time":"2026-08-05T02:28:16.733Z","level":"info","msg":"director_eval","tensionDelta":"0.0","contradictions":0,"observers":2}
# {"time":"2026-08-05T02:28:16.743Z","level":"warn","msg":"agent_parse_fallback","agent":"Alice","method":"updateEpistemics","preview":"{\\"newSuspicionScore\\":10,\\"newBeliefs\\":[],\\"updatedTheoryOfMind\\":[],\\"contradiction_detected\\":false,\\"contradicted_propositio"}
# {"time":"2026-08-05T02:28:16.746Z","level":"info","msg":"director_eval","tensionDelta":"0.0","contradictions":0,"observers":2}
# {"time":"2026-08-05T02:28:16.757Z","level":"warn","msg":"agent_parse_fallback","agent":"Alice","method":"updateEpistemics","preview":"{\\"newSuspicionScore\\":10,\\"newBeliefs\\":[],\\"updatedTheoryOfMind\\":[],\\"contradiction_detected\\":false,\\"contradicted_propositio"}
# {"time":"2026-08-05T02:28:16.760Z","level":"info","msg":"director_eval","tensionDelta":"0.0","contradictions":0,"observers":2}
# {"time":"2026-08-05T02:28:16.770Z","level":"warn","msg":"agent_parse_fallback","agent":"Alice","method":"updateEpistemics","preview":"{\\"newSuspicionScore\\":10,\\"newBeliefs\\":[],\\"updatedTheoryOfMind\\":[],\\"contradiction_detected\\":false,\\"contradicted_propositio"}
# {"time":"2026-08-05T02:28:16.772Z","level":"info","msg":"director_eval","tensionDelta":"0.0","contradictions":0,"observers":2}
# {"time":"2026-08-05T02:28:16.783Z","level":"warn","msg":"agent_parse_fallback","agent":"Alice","method":"updateEpistemics","preview":"{\\"newSuspicionScore\\":10,\\"newBeliefs\\":[],\\"updatedTheoryOfMind\\":[],\\"contradiction_detected\\":false,\\"contradicted_propositio"}
# {"time":"2026-08-05T02:28:16.785Z","level":"info","msg":"director_eval","tensionDelta":"0.0","contradictions":0,"observers":2}
# {"time":"2026-08-05T02:28:16.795Z","level":"warn","msg":"agent_parse_fallback","agent":"Alice","method":"updateEpistemics","preview":"{\\"newSuspicionScore\\":10,\\"newBeliefs\\":[],\\"updatedTheoryOfMind\\":[],\\"contradiction_detected\\":false,\\"contradicted_propositio"}
# {"time":"2026-08-05T02:28:16.797Z","level":"info","msg":"director_eval","tensionDelta":"0.0","contradictions":0,"observers":2}
# {"time":"2026-08-05T02:28:16.808Z","level":"warn","msg":"agent_parse_fallback","agent":"Alice","method":"updateEpistemics","preview":"{\\"newSuspicionScore\\":10,\\"newBeliefs\\":[],\\"updatedTheoryOfMind\\":[],\\"contradiction_detected\\":false,\\"contradicted_propositio"}
# {"time":"2026-08-05T02:28:16.810Z","level":"info","msg":"director_eval","tensionDelta":"0.0","contradictions":0,"observers":2}
# {"time":"2026-08-05T02:28:16.820Z","level":"warn","msg":"agent_parse_fallback","agent":"Alice","method":"updateEpistemics","preview":"{\\"newSuspicionScore\\":10,\\"newBeliefs\\":[],\\"updatedTheoryOfMind\\":[],\\"contradiction_detected\\":false,\\"contradicted_propositio"}
# {"time":"2026-08-05T02:28:16.822Z","level":"info","msg":"director_eval","tensionDelta":"0.0","contradictions":0,"observers":2}
# {"time":"2026-08-05T02:28:16.838Z","level":"warn","msg":"agent_parse_fallback","agent":"Alice","method":"updateEpistemics","preview":"{\\"newSuspicionScore\\":10,\\"newBeliefs\\":[],\\"updatedTheoryOfMind\\":[],\\"contradiction_detected\\":false,\\"contradicted_propositio"}
# {"time":"2026-08-05T02:28:16.855Z","level":"warn","msg":"agent_parse_fallback","agent":"Alice","method":"takeTurn","preview":"{\\"candidates\\":[{\\"target\\":\\"Nowhere\\",\\"goal_score\\":80,\\"action_type\\":\\"FLEE\\",\\"content\\":\\"\\"}]}"}
# Subtest: X1 — HIDE
    # Subtest: fire: lowers suspicion_score and is recorded non-audible, with a matching conceals_self StoryOp
    ok 1 - fire: lowers suspicion_score and is recorded non-audible, with a matching conceals_self StoryOp
      ---
      duration_ms: 28.541289
      type: 'test'
      ...
    # Subtest: no-fire: suspicion already at 0 never goes negative
    ok 2 - no-fire: suspicion already at 0 never goes negative
      ---
      duration_ms: 8.27335
      type: 'test'
      ...
    1..2
ok 302 - X1 — HIDE
  ---
  duration_ms: 38.178971
  type: 'suite'
  ...
# Subtest: X1 — OBSERVE
    # Subtest: fire: a significant target emotion becomes a witnessed belief for the observer
    ok 1 - fire: a significant target emotion becomes a witnessed belief for the observer
      ---
      duration_ms: 9.944297
      type: 'test'
      ...
    # Subtest: no-fire: a neutral/insignificant target emotion produces no belief
    ok 2 - no-fire: a neutral/insignificant target emotion produces no belief
      ---
      duration_ms: 8.586738
      type: 'test'
      ...
    1..2
ok 303 - X1 — OBSERVE
  ---
  duration_ms: 18.819089
  type: 'suite'
  ...
# Subtest: X1 — LISTEN
    # Subtest: fire: the target's ToM read of a third party becomes an inferred belief for the listener
    ok 1 - fire: the target's ToM read of a third party becomes an inferred belief for the listener
      ---
      duration_ms: 10.473137
      type: 'test'
      ...
    # Subtest: no-fire: the target has no ToM entries at all — nothing to overhear
    ok 2 - no-fire: the target has no ToM entries at all — nothing to overhear
      ---
      duration_ms: 8.288743
      type: 'test'
      ...
    1..2
ok 304 - X1 — LISTEN
  ---
  duration_ms: 19.56088
  type: 'suite'
  ...
# Subtest: X1 — SEARCH
    # Subtest: fire: exposes an unconfronted lie by a co-present agent, room-wide (no target needed)
    ok 1 - fire: exposes an unconfronted lie by a co-present agent, room-wide (no target needed)
      ---
      duration_ms: 24.937221
      type: 'test'
      ...
    # Subtest: no-fire: nothing to find — no beliefs fabricated
    ok 2 - no-fire: nothing to find — no beliefs fabricated
      ---
      duration_ms: 9.421615
      type: 'test'
      ...
    1..2
ok 305 - X1 — SEARCH
  ---
  duration_ms: 34.756614
  type: 'suite'
  ...
# Subtest: X1 — REVEAL
    # Subtest: fire: the target ledger gains a guaranteed, high-confidence belief; bridge maps to UPDATE_BELIEF at 0.85
    ok 1 - fire: the target ledger gains a guaranteed, high-confidence belief; bridge maps to UPDATE_BELIEF at 0.85
      ---
      duration_ms: 16.198625
      type: 'test'
      ...
    # Subtest: no-fire: revealing the same content twice does not duplicate the target's belief
    ok 2 - no-fire: revealing the same content twice does not duplicate the target's belief
      ---
      duration_ms: 23.393526
      type: 'test'
      ...
    1..2
ok 306 - X1 — REVEAL
  ---
  duration_ms: 39.824137
  type: 'suite'
  ...
# Subtest: X1 — THREATEN
    # Subtest: fire: the target's trust in the actor drops, and a real dramatic pressure lands on the target (cascade connection)
    ok 1 - fire: the target's trust in the actor drops, and a real dramatic pressure lands on the target (cascade connection)
      ---
      duration_ms: 22.289815
      type: 'test'
      ...
    # Subtest: no-fire: THREATEN with no target mutates nothing and adds no pressure
    ok 2 - no-fire: THREATEN with no target mutates nothing and adds no pressure
      ---
      duration_ms: 12.126376
      type: 'test'
      ...
    1..2
ok 307 - X1 — THREATEN
  ---
  duration_ms: 34.688983
  type: 'suite'
  ...
# Subtest: X1 — BETRAY
    # Subtest: fire: the steepest trust drop of the vocabulary, plus a dramatic pressure on the target
    ok 1 - fire: the steepest trust drop of the vocabulary, plus a dramatic pressure on the target
      ---
      duration_ms: 12.836181
      type: 'test'
      ...
    # Subtest: determinism: identical BETRAY turns from identical starting state produce identical trust deltas
    ok 2 - determinism: identical BETRAY turns from identical starting state produce identical trust deltas
      ---
      duration_ms: 26.141663
      type: 'test'
      ...
    1..2
ok 308 - X1 — BETRAY
  ---
  duration_ms: 39.180468
  type: 'suite'
  ...
# Subtest: X1 — PROTECT
    # Subtest: fire: strengthens the target's trust in the actor
    ok 1 - fire: strengthens the target's trust in the actor
      ---
      duration_ms: 12.599733
      type: 'test'
      ...
    # Subtest: no-fire: PROTECT with no target changes no relationship
    ok 2 - no-fire: PROTECT with no target changes no relationship
      ---
      duration_ms: 12.221624
      type: 'test'
      ...
    1..2
ok 309 - X1 — PROTECT
  ---
  duration_ms: 25.142035
  type: 'suite'
  ...
# Subtest: X1 — FORM_ALLIANCE
    # Subtest: fire: strengthens trust AND felt obligation (debt) in the target's view of the actor when a debt baseline exists
    ok 1 - fire: strengthens trust AND felt obligation (debt) in the target's view of the actor when a debt baseline exists
      ---
      duration_ms: 12.422197
      type: 'test'
      ...
    # Subtest: no-fire (honesty rule): with no prior debt baseline, FORM_ALLIANCE moves trust but never fabricates a debt value
    ok 2 - no-fire (honesty rule): with no prior debt baseline, FORM_ALLIANCE moves trust but never fabricates a debt value
      ---
      duration_ms: 12.190093
      type: 'test'
      ...
    1..2
ok 310 - X1 — FORM_ALLIANCE
  ---
  duration_ms: 24.820189
  type: 'suite'
  ...
# Subtest: X1 — FLEE
    # Subtest: fire: relocates through the same adjacency guard as RELOCATE, but with fear framing and audibly
    ok 1 - fire: relocates through the same adjacency guard as RELOCATE, but with fear framing and audibly
      ---
      duration_ms: 22.83421
      type: 'test'
      ...
    # Subtest: no-fire: a blocked FLEE (non-adjacent target) downgrades to WAIT, not RELOCATE — cornered, not merely re-planning
    ok 2 - no-fire: a blocked FLEE (non-adjacent target) downgrades to WAIT, not RELOCATE — cornered, not merely re-planning
      ---
      duration_ms: 10.249623
      type: 'test'
      ...
    1..2
ok 311 - X1 — FLEE
  ---
  duration_ms: 33.341279
  type: 'suite'
  ...
# Subtest: admin-auth — isLoopbackAddress
    # Subtest: returns true for the canonical 127.0.0.1 loopback
    ok 1 - returns true for the canonical 127.0.0.1 loopback
      ---
      duration_ms: 1.453491
      type: 'test'
      ...
    # Subtest: returns true for any address in the 127/8 loopback block
    ok 2 - returns true for any address in the 127/8 loopback block
      ---
      duration_ms: 0.245104
      type: 'test'
      ...
    # Subtest: returns true for the IPv6 loopback ::1
    ok 3 - returns true for the IPv6 loopback ::1
      ---
      duration_ms: 0.265916
      type: 'test'
      ...
    # Subtest: returns true for an IPv4-mapped IPv6 loopback (::ffff:127.0.0.1)
    ok 4 - returns true for an IPv4-mapped IPv6 loopback (::ffff:127.0.0.1)
      ---
      duration_ms: 0.259995
      type: 'test'
      ...
    # Subtest: returns false for RFC1918 private ranges (private is NOT loopback)
    ok 5 - returns false for RFC1918 private ranges (private is NOT loopback)
      ---
      duration_ms: 0.289131
      type: 'test'
      ...
    # Subtest: returns false for the cloud metadata IP
    ok 6 - returns false for the cloud metadata IP
      ---
      duration_ms: 0.249146
      type: 'test'
      ...
    # Subtest: returns false for undefined (no peer address at all)
    ok 7 - returns false for undefined (no peer address at all)
      ---
      duration_ms: 0.139668
      type: 'test'
      ...
    # Subtest: returns false for a non-IP string
    ok 8 - returns false for a non-IP string
      ---
      duration_ms: 0.304006
      type: 'test'
      ...
    # Subtest: returns false for an IPv4-mapped PUBLIC address
    ok 9 - returns false for an IPv4-mapped PUBLIC address
      ---
      duration_ms: 0.389557
      type: 'test'
      ...
    1..9
ok 312 - admin-auth — isLoopbackAddress
  ---
  duration_ms: 9.400808
  type: 'suite'
  ...
# Subtest: admin-auth — timingSafeStringEqual
    # Subtest: returns true for identical strings
    ok 1 - returns true for identical strings
      ---
      duration_ms: 0.391622
      type: 'test'
      ...
    # Subtest: returns false for strings that differ only in the last character
    ok 2 - returns false for strings that differ only in the last character
      ---
      duration_ms: 0.156875
      type: 'test'
      ...
    # Subtest: returns false (never throws) on a length mismatch where a is shorter
    ok 3 - returns false (never throws) on a length mismatch where a is shorter
      ---
      duration_ms: 0.184785
      type: 'test'
      ...
    # Subtest: returns false (never throws) on a length mismatch where a is longer
    ok 4 - returns false (never throws) on a length mismatch where a is longer
      ---
      duration_ms: 0.208328
      type: 'test'
      ...
    # Subtest: returns false for completely different content of equal length
    ok 5 - returns false for completely different content of equal length
      ---
      duration_ms: 0.124657
      type: 'test'
      ...
    # Subtest: returns false when comparing against an empty string
    ok 6 - returns false when comparing against an empty string
      ---
      duration_ms: 0.104478
      type: 'test'
      ...
    # Subtest: returns true for two empty strings
    ok 7 - returns true for two empty strings
      ---
      duration_ms: 0.09215
      type: 'test'
      ...
    # Subtest: handles UTF-8 multi-byte content correctly (compare by utf8 bytes)
    ok 8 - handles UTF-8 multi-byte content correctly (compare by utf8 bytes)
      ---
      duration_ms: 0.831276
      type: 'test'
      ...
    1..8
ok 313 - admin-auth — timingSafeStringEqual
  ---
  duration_ms: 2.557643
  type: 'suite'
  ...
# Subtest: detectPeakAgency / computeD1AgencyDelta — canonical D1 fixture (the vault scene)
    # Subtest: parses to the expected 14 scenes, unaffected by the fixture file's provenance boneyard comment
    ok 1 - parses to the expected 14 scenes, unaffected by the fixture file's provenance boneyard comment
      ---
      duration_ms: 1.10068
      type: 'test'
      ...
    # Subtest: the peak-suspense scene is sceneIdx 12 (the 13th scene, "VAULT - CONTINUOUS"), matching D1's "suspense 3.0" worked example
    ok 2 - the peak-suspense scene is sceneIdx 12 (the 13th scene, "VAULT - CONTINUOUS"), matching D1's "suspense 3.0" worked example
      ---
      duration_ms: 5.038344
      type: 'test'
      ...
    # Subtest: legacy PROTAGONIST_PASSIVITY_CLIMAX predicate calls the peak scene passive, reproducing D1 exactly
    ok 3 - legacy PROTAGONIST_PASSIVITY_CLIMAX predicate calls the peak scene passive, reproducing D1 exactly
      ---
      duration_ms: 1.630643
      type: 'test'
      ...
    # Subtest: detectPeakAgency finds June decisively acting at the peak scene the legacy predicate calls passive
    ok 4 - detectPeakAgency finds June decisively acting at the peak scene the legacy predicate calls passive
      ---
      duration_ms: 0.629463
      type: 'test'
      ...
    # Subtest: computeD1AgencyDelta reports disagreement: legacy says passive, this module finds agency
    ok 5 - computeD1AgencyDelta reports disagreement: legacy says passive, this module finds agency
      ---
      duration_ms: 0.26143
      type: 'test'
      ...
    1..5
ok 314 - detectPeakAgency / computeD1AgencyDelta — canonical D1 fixture (the vault scene)
  ---
  duration_ms: 10.216647
  type: 'suite'
  ...
# Subtest: detectAct3Agency / computeD2AgencyDelta — canonical D2 fixture (the same script's final act)
    # Subtest: the default 0.25 fraction on a 14-scene script yields exactly D2's own "4 Act 3 scenes" (sceneIdx 10-13)
    ok 1 - the default 0.25 fraction on a 14-scene script yields exactly D2's own "4 Act 3 scenes" (sceneIdx 10-13)
      ---
      duration_ms: 1.137537
      type: 'test'
      ...
    # Subtest: legacy predicate calls EVERY Act 3 scene passive, reproducing D2's "across all 4 Act 3 scenes... initiates no action" exactly
    ok 2 - legacy predicate calls EVERY Act 3 scene passive, reproducing D2's "across all 4 Act 3 scenes... initiates no action" exactly
      ---
      duration_ms: 0.767436
      type: 'test'
      ...
    # Subtest: detectAct3Agency finds June initiating in 2 of the 4 scenes the legacy predicate calls uniformly passive (STUDY: "works a hidden panel"; VAULT: "turns the brass teeth") — the ANTECHAMBER scene is a documented miss (see file header CANNOT list: its decisive line never made it into visualBeats/dramaticTurn), and INTERROGATION is a genuine spectator beat ("sits alone")
    ok 3 - detectAct3Agency finds June initiating in 2 of the 4 scenes the legacy predicate calls uniformly passive (STUDY: "works a hidden panel"; VAULT: "turns the brass teeth") — the ANTECHAMBER scene is a documented miss (see file header CANNOT list: its decisive line never made it into visualBeats/dramaticTurn), and INTERROGATION is a genuine spectator beat ("sits alone")
      ---
      duration_ms: 0.864577
      type: 'test'
      ...
    # Subtest: computeD2AgencyDelta reports disagreement: legacy says every Act 3 scene is passive, this module finds initiative in 2
    ok 4 - computeD2AgencyDelta reports disagreement: legacy says every Act 3 scene is passive, this module finds initiative in 2
      ---
      duration_ms: 0.669847
      type: 'test'
      ...
    1..4
ok 315 - detectAct3Agency / computeD2AgencyDelta — canonical D2 fixture (the same script's final act)
  ---
  duration_ms: 4.608065
  type: 'suite'
  ...
# Subtest: detectPeakAgency — synthetic "clear agency" fixture (D1's decisive-actor shape, controlled)
    # Subtest: the peak scene matches the legacy passivity shape exactly (neutral, no clock, no clue)
    ok 1 - the peak scene matches the legacy passivity shape exactly (neutral, no clock, no clue)
      ---
      duration_ms: 1.78339
      type: 'test'
      ...
    # Subtest: detects Kestrel as the decisive actor despite the fronted participial phrase ("Cornered against the ledge, Kestrel grabs...")
    ok 2 - detects Kestrel as the decisive actor despite the fronted participial phrase ("Cornered against the ledge, Kestrel grabs...")
      ---
      duration_ms: 0.199875
      type: 'test'
      ...
    # Subtest: computeD1AgencyDelta disagrees with the legacy predicate here too
    ok 3 - computeD1AgencyDelta disagrees with the legacy predicate here too
      ---
      duration_ms: 0.198334
      type: 'test'
      ...
    1..3
ok 316 - detectPeakAgency — synthetic "clear agency" fixture (D1's decisive-actor shape, controlled)
  ---
  duration_ms: 2.498976
  type: 'suite'
  ...
# Subtest: detectPeakAgency — synthetic "genuinely spectator protagonist" fixture (D1's positive/true-passivity shape)
    # Subtest: the peak scene also matches the legacy passivity shape
    ok 1 - the peak scene also matches the legacy passivity shape
      ---
      duration_ms: 0.458745
      type: 'test'
      ...
    # Subtest: finds Kestrel a spectator, not a decisive actor — Silas's "grabs" (a separate sentence) is correctly NOT credited to Kestrel
    ok 2 - finds Kestrel a spectator, not a decisive actor — Silas's "grabs" (a separate sentence) is correctly NOT credited to Kestrel
      ---
      duration_ms: 0.301725
      type: 'test'
      ...
    # Subtest: computeD1AgencyDelta agrees with the legacy predicate here (no disagreement) — this rule firing on this scene is CORRECT
    ok 3 - computeD1AgencyDelta agrees with the legacy predicate here (no disagreement) — this rule firing on this scene is CORRECT
      ---
      duration_ms: 0.210644
      type: 'test'
      ...
    1..3
ok 317 - detectPeakAgency — synthetic "genuinely spectator protagonist" fixture (D1's positive/true-passivity shape)
  ---
  duration_ms: 1.196876
  type: 'suite'
  ...
# Subtest: detectSceneAgency — near-miss negatives (protagonist present, correctly not credited)
    # Subtest: passive voice ("Kestrel is grabbed by Silas") does not credit Kestrel with the decisive verb
    ok 1 - passive voice ("Kestrel is grabbed by Silas") does not credit Kestrel with the decisive verb
      ---
      duration_ms: 0.569852
      type: 'test'
      ...
    # Subtest: active voice with the protagonist as grammatical object ("Silas grabs Kestrel") does not credit Kestrel
    ok 2 - active voice with the protagonist as grammatical object ("Silas grabs Kestrel") does not credit Kestrel
      ---
      duration_ms: 0.543505
      type: 'test'
      ...
    # Subtest: DOCUMENTED RESIDUAL LIMITATION: a decisive verb attached to a DIFFERENT character within the SAME unpunctuated clause as the protagonist's spectator verb ("Kestrel watches ... as Silas grabs ...") IS misattributed as Kestrel's own decisive action — this is the exact SOURCE 1 CANNOT case the file header names, and it is asserted here (not hidden) precisely because splitting THIS clause requires punctuation this module has no other way to detect
    ok 3 - DOCUMENTED RESIDUAL LIMITATION: a decisive verb attached to a DIFFERENT character within the SAME unpunctuated clause as the protagonist's spectator verb ("Kestrel watches ... as Silas grabs ...") IS misattributed as Kestrel's own decisive action — this is the exact SOURCE 1 CANNOT case the file header names, and it is asserted here (not hidden) precisely because splitting THIS clause requires punctuation this module has no other way to detect
      ---
      duration_ms: 0.537088
      type: 'test'
      ...
    1..3
ok 318 - detectSceneAgency — near-miss negatives (protagonist present, correctly not credited)
  ---
  duration_ms: 1.932439
  type: 'suite'
  ...
# Subtest: detectSceneAgency — dialogue initiative (powerHolder channel)
    # Subtest: a protagonist identified as powerHolder fires dialogue_initiative even with no decisive-verb action text
    ok 1 - a protagonist identified as powerHolder fires dialogue_initiative even with no decisive-verb action text
      ---
      duration_ms: 0.858142
      type: 'test'
      ...
    # Subtest: a scene with no powerHolder (solo speaker) does not fire dialogue_initiative — a documented SOURCE 2 CANNOT case
    ok 2 - a scene with no powerHolder (solo speaker) does not fire dialogue_initiative — a documented SOURCE 2 CANNOT case
      ---
      duration_ms: 0.213918
      type: 'test'
      ...
    1..2
ok 319 - detectSceneAgency — dialogue initiative (powerHolder channel)
  ---
  duration_ms: 1.241754
  type: 'suite'
  ...
# Subtest: detectSceneAgency / detectPeakAgency / detectAct3Agency — edge cases
    # Subtest: empty script: detectPeakAgency and detectAct3Agency return safe empty defaults, no crash
    ok 1 - empty script: detectPeakAgency and detectAct3Agency return safe empty defaults, no crash
      ---
      duration_ms: 0.603591
      type: 'test'
      ...
    # Subtest: empty script: computeD1AgencyDelta / computeD2AgencyDelta report no disagreement, no crash
    ok 2 - empty script: computeD1AgencyDelta / computeD2AgencyDelta report no disagreement, no crash
      ---
      duration_ms: 0.238432
      type: 'test'
      ...
    # Subtest: dialogue-only scene (no action lines at all): no crash; protagonistMentioned is false because dialogue text never restates the speaker's own name
    ok 3 - dialogue-only scene (no action lines at all): no crash; protagonistMentioned is false because dialogue text never restates the speaker's own name
      ---
      duration_ms: 0.554225
      type: 'test'
      ...
    # Subtest: montage (multiple short beats under one slugline): no crash; mundane prep verbs outside both lexicons correctly yield no evidence either way
    ok 4 - montage (multiple short beats under one slugline): no crash; mundane prep verbs outside both lexicons correctly yield no evidence either way
      ---
      duration_ms: 0.758522
      type: 'test'
      ...
    1..4
ok 320 - detectSceneAgency / detectPeakAgency / detectAct3Agency — edge cases
  ---
  duration_ms: 2.500349
  type: 'suite'
  ...
# Subtest: detectAct3Agency — windowing options
    # Subtest: default fraction (0.25) on 12 scenes windows the last 3 scenes (Math.ceil(12*0.25)=3)
    ok 1 - default fraction (0.25) on 12 scenes windows the last 3 scenes (Math.ceil(12*0.25)=3)
      ---
      duration_ms: 0.319793
      type: 'test'
      ...
    # Subtest: a custom fraction changes the window size
    ok 2 - a custom fraction changes the window size
      ---
      duration_ms: 0.220537
      type: 'test'
      ...
    # Subtest: minScenes floors the window on a very short script even when fraction rounds to less
    ok 3 - minScenes floors the window on a very short script even when fraction rounds to less
      ---
      duration_ms: 0.342172
      type: 'test'
      ...
    # Subtest: the window never exceeds the total scene count
    ok 4 - the window never exceeds the total scene count
      ---
      duration_ms: 0.253063
      type: 'test'
      ...
    1..4
ok 321 - detectAct3Agency — windowing options
  ---
  duration_ms: 1.384391
  type: 'suite'
  ...
# Subtest: detectSceneAgency / detectPeakAgency — sceneIdx contract
    # Subtest: reports the record's own sceneIdx verbatim, even mismatched against array position
    ok 1 - reports the record's own sceneIdx verbatim, even mismatched against array position
      ---
      duration_ms: 0.266605
      type: 'test'
      ...
    1..1
ok 322 - detectSceneAgency / detectPeakAgency — sceneIdx contract
  ---
  duration_ms: 0.440872
  type: 'suite'
  ...
# Subtest: agency-signal — determinism
    # Subtest: is deterministic on the canonical vault-scene fixture: repeated calls produce identical results
    ok 1 - is deterministic on the canonical vault-scene fixture: repeated calls produce identical results
      ---
      duration_ms: 5.455074
      type: 'test'
      ...
    1..1
ok 323 - agency-signal — determinism
  ---
  duration_ms: 5.600832
  type: 'suite'
  ...
# Subtest: agency-signal — measured evidence table over the 20 tracked CC0 scripts (data/screenplays/*.fountain)
    # Subtest: the corpus directory still holds exactly the 20 locked files this table measured
    ok 1 - the corpus directory still holds exactly the 20 locked files this table measured
      ---
      duration_ms: 0.516379
      type: 'test'
      ...
    # Subtest: chain-of-custody.fountain: matches the locked, measured agency-signal read (protagonist=NELL)
    ok 2 - chain-of-custody.fountain: matches the locked, measured agency-signal read (protagonist=NELL)
      ---
      duration_ms: 8.586216
      type: 'test'
      ...
    # Subtest: close-quarters.fountain: matches the locked, measured agency-signal read (protagonist=ROSALIND)
    ok 3 - close-quarters.fountain: matches the locked, measured agency-signal read (protagonist=ROSALIND)
      ---
      duration_ms: 7.236
      type: 'test'
      ...
    # Subtest: code-blue.fountain: matches the locked, measured agency-signal read (protagonist=RIVA)
    ok 4 - code-blue.fountain: matches the locked, measured agency-signal read (protagonist=RIVA)
      ---
      duration_ms: 6.608819
      type: 'test'
      ...
    # Subtest: counter-offer.fountain: matches the locked, measured agency-signal read (protagonist=WREN)
    ok 5 - counter-offer.fountain: matches the locked, measured agency-signal read (protagonist=WREN)
      ---
      duration_ms: 6.736911
      type: 'test'
      ...
    # Subtest: dead-frequency.fountain: matches the locked, measured agency-signal read (protagonist=MAYA)
    ok 6 - dead-frequency.fountain: matches the locked, measured agency-signal read (protagonist=MAYA)
      ---
      duration_ms: 14.584194
      type: 'test'
      ...
    # Subtest: high-voltage.fountain: matches the locked, measured agency-signal read (protagonist=JUNE)
    ok 7 - high-voltage.fountain: matches the locked, measured agency-signal read (protagonist=JUNE)
      ---
      duration_ms: 13.472003
      type: 'test'
      ...
    # Subtest: mise.fountain: matches the locked, measured agency-signal read (protagonist=LUCIA)
    ok 8 - mise.fountain: matches the locked, measured agency-signal read (protagonist=LUCIA)
      ---
      duration_ms: 12.22051
      type: 'test'
      ...
    # Subtest: off-season.fountain: matches the locked, measured agency-signal read (protagonist=GRETA)
    ok 9 - off-season.fountain: matches the locked, measured agency-signal read (protagonist=GRETA)
      ---
      duration_ms: 3.906097
      type: 'test'
      ...
    # Subtest: quiet-season.fountain: matches the locked, measured agency-signal read (protagonist=MARJORIE)
    ok 10 - quiet-season.fountain: matches the locked, measured agency-signal read (protagonist=MARJORIE)
      ---
      duration_ms: 8.133701
      type: 'test'
      ...
    # Subtest: red-line.fountain: matches the locked, measured agency-signal read (protagonist=MARCUS)
    ok 11 - red-line.fountain: matches the locked, measured agency-signal read (protagonist=MARCUS)
      ---
      duration_ms: 11.243333
      type: 'test'
      ...
    # Subtest: room-12.fountain: matches the locked, measured agency-signal read (protagonist=NORA)
    ok 12 - room-12.fountain: matches the locked, measured agency-signal read (protagonist=NORA)
      ---
      duration_ms: 3.565537
      type: 'test'
      ...
    # Subtest: runoff.fountain: matches the locked, measured agency-signal read (protagonist=SARA)
    ok 13 - runoff.fountain: matches the locked, measured agency-signal read (protagonist=SARA)
      ---
      duration_ms: 8.42855
      type: 'test'
      ...
    # Subtest: same-page.fountain: matches the locked, measured agency-signal read (protagonist=ALEX)
    ok 14 - same-page.fountain: matches the locked, measured agency-signal read (protagonist=ALEX)
      ---
      duration_ms: 4.523451
      type: 'test'
      ...
    # Subtest: soft-launch.fountain: matches the locked, measured agency-signal read (protagonist=NADIA)
    ok 15 - soft-launch.fountain: matches the locked, measured agency-signal read (protagonist=NADIA)
      ---
      duration_ms: 3.882697
      type: 'test'
      ...
    # Subtest: the-defense-rests.fountain: matches the locked, measured agency-signal read (protagonist=DESI)
    ok 16 - the-defense-rests.fountain: matches the locked, measured agency-signal read (protagonist=DESI)
      ---
      duration_ms: 6.089781
      type: 'test'
      ...
    # Subtest: the-detour.fountain: matches the locked, measured agency-signal read (protagonist=MAYA)
    ok 17 - the-detour.fountain: matches the locked, measured agency-signal read (protagonist=MAYA)
      ---
      duration_ms: 4.685969
      type: 'test'
      ...
    # Subtest: the-key-under-the-mat.fountain: matches the locked, measured agency-signal read (protagonist=NORA)
    ok 18 - the-key-under-the-mat.fountain: matches the locked, measured agency-signal read (protagonist=NORA)
      ---
      duration_ms: 4.193407
      type: 'test'
      ...
    # Subtest: transfer-window.fountain: matches the locked, measured agency-signal read (protagonist=DEV)
    ok 19 - transfer-window.fountain: matches the locked, measured agency-signal read (protagonist=DEV)
      ---
      duration_ms: 3.732433
      type: 'test'
      ...
    # Subtest: two-lane.fountain: matches the locked, measured agency-signal read (protagonist=CORA)
    ok 20 - two-lane.fountain: matches the locked, measured agency-signal read (protagonist=CORA)
      ---
      duration_ms: 5.578101
      type: 'test'
      ...
    # Subtest: undertow.fountain: matches the locked, measured agency-signal read (protagonist=KAT)
    ok 21 - undertow.fountain: matches the locked, measured agency-signal read (protagonist=KAT)
      ---
      duration_ms: 5.375217
      type: 'test'
      ...
    # Subtest: fires selectively across the corpus — neither dead (never fires) nor over-firing (always fires) on either honesty axis
    ok 22 - fires selectively across the corpus — neither dead (never fires) nor over-firing (always fires) on either honesty axis
      ---
      duration_ms: 0.372415
      type: 'test'
      ...
    1..22
ok 324 - agency-signal — measured evidence table over the 20 tracked CC0 scripts (data/screenplays/*.fountain)
  ---
  duration_ms: 144.989809
  type: 'suite'
  ...
# Subtest: FreeRideProvider — OpenRouter to Gemini bridge (generate)
    # Subtest: builds a candidates[0].content.parts[0].text shape consumers read
    ok 1 - builds a candidates[0].content.parts[0].text shape consumers read
      ---
      duration_ms: 6.514539
      type: 'test'
      ...
    # Subtest: proves zero behavior change: bridged response is a plain object, not a real GenerateContentResponse instance
    ok 2 - proves zero behavior change: bridged response is a plain object, not a real GenerateContentResponse instance
      ---
      duration_ms: 0.765744
      type: 'test'
      ...
    # Subtest: defaults missing OpenRouter fields to the same fallbacks as before (empty text, zeroed usage)
    ok 3 - defaults missing OpenRouter fields to the same fallbacks as before (empty text, zeroed usage)
      ---
      duration_ms: 0.770401
      type: 'test'
      ...
    1..3
ok 325 - FreeRideProvider — OpenRouter to Gemini bridge (generate)
  ---
  duration_ms: 9.565016
  type: 'suite'
  ...
# Subtest: FreeRideProvider — OpenRouter to Gemini bridge (generateStream)
    # Subtest: yields the same candidates[0].content.parts[0].text shape per chunk, with no usageMetadata
    ok 1 - yields the same candidates[0].content.parts[0].text shape per chunk, with no usageMetadata
      ---
      duration_ms: 1.56854
      type: 'test'
      ...
    1..1
ok 326 - FreeRideProvider — OpenRouter to Gemini bridge (generateStream)
  ---
  duration_ms: 1.755766
  type: 'suite'
  ...
# Subtest: isWholeDraftAnalysisComplete
    # Subtest: accepts an explicitly complete, non-truncated report with no failed passes
    ok 1 - accepts an explicitly complete, non-truncated report with no failed passes
      ---
      duration_ms: 1.284892
      type: 'test'
      ...
    # Subtest: keeps historical reports compatible when they carry no known incompleteness marker
    ok 2 - keeps historical reports compatible when they carry no known incompleteness marker
      ---
      duration_ms: 0.190116
      type: 'test'
      ...
    # Subtest: rejects a report whose diagnostic pipeline failed
    ok 3 - rejects a report whose diagnostic pipeline failed
      ---
      duration_ms: 0.18187
      type: 'test'
      ...
    # Subtest: rejects a report that covers only a scene-truncated prefix of the draft
    ok 4 - rejects a report that covers only a scene-truncated prefix of the draft
      ---
      duration_ms: 0.336854
      type: 'test'
      ...
    # Subtest: fails closed for a malformed failedPasses marker
    ok 5 - fails closed for a malformed failedPasses marker
      ---
      duration_ms: 0.179421
      type: 'test'
      ...
    # Subtest: fails closed for malformed completion markers from persisted or reconstructed reports
    ok 6 - fails closed for malformed completion markers from persisted or reconstructed reports
      ---
      duration_ms: 0.16678
      type: 'test'
      ...
    1..6
ok 327 - isWholeDraftAnalysisComplete
  ---
  duration_ms: 3.968886
  type: 'suite'
  ...
# Subtest: analyzer DoS guard — primary scene-count ceiling
    # Subtest: fire: a pathological 5000-trivial-scene script is truncated, flagged, and analyzed in bounded time
    ok 1 - fire: a pathological 5000-trivial-scene script is truncated, flagged, and analyzed in bounded time
      ---
      duration_ms: 102.091402
      type: 'test'
      ...
    # Subtest: fire: runScriptDoctor withholds whole-draft scores for a truncated script
    ok 2 - fire: runScriptDoctor withholds whole-draft scores for a truncated script
      ---
      duration_ms: 2515.463599
      type: 'test'
      ...
    # Subtest: no-fire: a script at exactly the ceiling (1000 scenes) is analyzed in full, with no truncation flag
    ok 3 - no-fire: a script at exactly the ceiling (1000 scenes) is analyzed in full, with no truncation flag
      ---
      duration_ms: 80.49053
      type: 'test'
      ...
    # Subtest: no-fire: a script just under the ceiling (999 scenes) analyzes fully and unflagged
    ok 4 - no-fire: a script just under the ceiling (999 scenes) analyzes fully and unflagged
      ---
      duration_ms: 52.292589
      type: 'test'
      ...
    # Subtest: no-fire: normal-sized calibration corpus scripts are completely unaffected (no new fields, same shape)
    ok 5 - no-fire: normal-sized calibration corpus scripts are completely unaffected (no new fields, same shape)
      ---
      duration_ms: 37.985844
      type: 'test'
      ...
    1..5
ok 328 - analyzer DoS guard — primary scene-count ceiling
  ---
  duration_ms: 2790.898896
  type: 'suite'
  ...
# Subtest: analyzer DoS guard — defense-in-depth: single-scene pathological volume
    # Subtest: fire: a single scene packed with thousands of substantive dialogue questions completes in bounded time
    ok 1 - fire: a single scene packed with thousands of substantive dialogue questions completes in bounded time
      ---
      duration_ms: 101.494253
      type: 'test'
      ...
    # Subtest: no-fire: a realistic scene with a handful of open questions still tracks latency correctly
    ok 2 - no-fire: a realistic scene with a handful of open questions still tracks latency correctly
      ---
      duration_ms: 3.313033
      type: 'test'
      ...
    # Subtest: fire: a single scene with hundreds of distinct one-line speakers completes in bounded time
    ok 3 - fire: a single scene with hundreds of distinct one-line speakers completes in bounded time
      ---
      duration_ms: 20.171881
      type: 'test'
      ...
    # Subtest: no-fire: a realistic scene with a few speaking characters still reports relationship shifts
    ok 4 - no-fire: a realistic scene with a few speaking characters still reports relationship shifts
      ---
      duration_ms: 1.019285
      type: 'test'
      ...
    1..4
ok 329 - analyzer DoS guard — defense-in-depth: single-scene pathological volume
  ---
  duration_ms: 127.766764
  type: 'suite'
  ...
# Subtest: analyzer DoS guard — defense-in-depth: cluster.ts overlap clustering at scale
    # Subtest: fire: clusterIssues over 20,000 synthetic located issues completes in bounded time and still finds the true overlaps
    ok 1 - fire: clusterIssues over 20,000 synthetic located issues completes in bounded time and still finds the true overlaps
      ---
      duration_ms: 32.719405
      type: 'test'
      ...
    # Subtest: no-fire: clusterIssues over a small realistic issue set behaves exactly as before
    ok 2 - no-fire: clusterIssues over a small realistic issue set behaves exactly as before
      ---
      duration_ms: 0.477046
      type: 'test'
      ...
    1..2
ok 330 - analyzer DoS guard — defense-in-depth: cluster.ts overlap clustering at scale
  ---
  duration_ms: 33.42686
  type: 'suite'
  ...
# Subtest: anti-slop screenplayAIMarkers — false-positive gate on real screenplays
    # Subtest: corpus dir integrity: set path must exist and be a directory
    ok 1 - corpus dir integrity: set path must exist and be a directory # SKIP only runs when REAL_SLOP_CORPUS_DIR points at a bad path
      ---
      duration_ms: 1.018914
      type: 'test'
      ...
    # Subtest: enough real screenplays to make the measurement meaningful
    ok 2 - enough real screenplays to make the measurement meaningful # SKIP REAL_SLOP_CORPUS_DIR not set — corpus text is local-only (copyright)
      ---
      duration_ms: 0.241003
      type: 'test'
      ...
    # Subtest: mean marker-lines/film stays under the measured ceiling (6.1)
    ok 3 - mean marker-lines/film stays under the measured ceiling (6.1) # SKIP REAL_SLOP_CORPUS_DIR not set — corpus text is local-only (copyright)
      ---
      duration_ms: 0.209921
      type: 'test'
      ...
    # Subtest: p90 marker density/1k stays under the measured ceiling (2.02)
    ok 4 - p90 marker density/1k stays under the measured ceiling (2.02) # SKIP REAL_SLOP_CORPUS_DIR not set — corpus text is local-only (copyright)
      ---
      duration_ms: 0.133506
      type: 'test'
      ...
    # Subtest: no single pattern category explodes on real writing
    ok 5 - no single pattern category explodes on real writing # SKIP REAL_SLOP_CORPUS_DIR not set — corpus text is local-only (copyright)
      ---
      duration_ms: 0.125519
      type: 'test'
      ...
    1..5
ok 331 - anti-slop screenplayAIMarkers — false-positive gate on real screenplays
  ---
  duration_ms: 3.352529
  type: 'suite'
  ...
# Subtest: detectSlop — generic emotion patterns
    # Subtest: detects multiple generic emotion phrases across lines (counts unique lines, not phrases)
    ok 1 - detects multiple generic emotion phrases across lines (counts unique lines, not phrases)
      ---
      duration_ms: 11.063088
      type: 'test'
      ...
    # Subtest: finds zero matches for clean screenplay text
    ok 2 - finds zero matches for clean screenplay text
      ---
      duration_ms: 0.448042
      type: 'test'
      ...
    # Subtest: detects "weight settled" pattern
    ok 3 - detects "weight settled" pattern
      ---
      duration_ms: 0.544598
      type: 'test'
      ...
    # Subtest: detects "something shifted" pattern
    ok 4 - detects "something shifted" pattern
      ---
      duration_ms: 0.397816
      type: 'test'
      ...
    # Subtest: detects "heart raced" pattern
    ok 5 - detects "heart raced" pattern
      ---
      duration_ms: 0.247295
      type: 'test'
      ...
    # Subtest: detects "breath caught" pattern
    ok 6 - detects "breath caught" pattern
      ---
      duration_ms: 0.364646
      type: 'test'
      ...
    # Subtest: detects "chill ran" pattern
    ok 7 - detects "chill ran" pattern
      ---
      duration_ms: 0.302492
      type: 'test'
      ...
    # Subtest: detects "eyes widened" pattern (singular and plural)
    ok 8 - detects "eyes widened" pattern (singular and plural)
      ---
      duration_ms: 0.431266
      type: 'test'
      ...
    # Subtest: detects "stomach dropped/churned" pattern
    ok 9 - detects "stomach dropped/churned" pattern
      ---
      duration_ms: 0.525522
      type: 'test'
      ...
    # Subtest: is case-insensitive
    ok 10 - is case-insensitive
      ---
      duration_ms: 1.380644
      type: 'test'
      ...
    # Subtest: ignores false positives (partial matches)
    ok 11 - ignores false positives (partial matches)
      ---
      duration_ms: 0.296922
      type: 'test'
      ...
    1..11
ok 332 - detectSlop — generic emotion patterns
  ---
  duration_ms: 18.381386
  type: 'suite'
  ...
# Subtest: detectSlop — negated clichés
    # Subtest: does not fire on short or single-occurrence negations
    ok 1 - does not fire on short or single-occurrence negations
      ---
      duration_ms: 0.213831
      type: 'test'
      ...
    # Subtest: tracks raw matches separately from guarded matches
    ok 2 - tracks raw matches separately from guarded matches
      ---
      duration_ms: 0.223234
      type: 'test'
      ...
    1..2
ok 333 - detectSlop — negated clichés
  ---
  duration_ms: 0.659258
  type: 'suite'
  ...
# Subtest: detectSlop — vocabulary freshness
    # Subtest: abstains on text shorter than ~50 words
    ok 1 - abstains on text shorter than ~50 words
      ---
      duration_ms: 0.208144
      type: 'test'
      ...
    # Subtest: computes freshness as unique-bigram ratio for long text
    ok 2 - computes freshness as unique-bigram ratio for long text
      ---
      duration_ms: 0.301621
      type: 'test'
      ...
    # Subtest: penalizes low freshness in slopScore
    ok 3 - penalizes low freshness in slopScore
      ---
      duration_ms: 1.79345
      type: 'test'
      ...
    # Subtest: returns freshness=1.0 for maximally varied text
    ok 4 - returns freshness=1.0 for maximally varied text
      ---
      duration_ms: 0.290733
      type: 'test'
      ...
    1..4
ok 334 - detectSlop — vocabulary freshness
  ---
  duration_ms: 2.781439
  type: 'suite'
  ...
# Subtest: detectSlop — composite slopScore
    # Subtest: combines genericEmotion.count * 0.5 (count is lines, not patterns)
    ok 1 - combines genericEmotion.count * 0.5 (count is lines, not patterns)
      ---
      duration_ms: 0.261618
      type: 'test'
      ...
    # Subtest: penalizes low freshness via (0.4 - freshness) * 1.0 when freshness < 0.4
    ok 2 - penalizes low freshness via (0.4 - freshness) * 1.0 when freshness < 0.4
      ---
      duration_ms: 0.257478
      type: 'test'
      ...
    # Subtest: does not penalize freshness when >= 0.4
    ok 3 - does not penalize freshness when >= 0.4
      ---
      duration_ms: 0.296012
      type: 'test'
      ...
    # Subtest: returns slopScore=0 for clean text
    ok 4 - returns slopScore=0 for clean text
      ---
      duration_ms: 0.238399
      type: 'test'
      ...
    1..4
ok 335 - detectSlop — composite slopScore
  ---
  duration_ms: 1.281284
  type: 'suite'
  ...
# Subtest: detectSlop — edge cases
    # Subtest: handles empty string gracefully
    ok 1 - handles empty string gracefully
      ---
      duration_ms: 0.417334
      type: 'test'
      ...
    # Subtest: handles whitespace-only input
    ok 2 - handles whitespace-only input
      ---
      duration_ms: 0.120385
      type: 'test'
      ...
    # Subtest: reports scored=true for non-empty input
    ok 3 - reports scored=true for non-empty input
      ---
      duration_ms: 0.16706
      type: 'test'
      ...
    # Subtest: reports scored=false only for empty/whitespace
    ok 4 - reports scored=false only for empty/whitespace
      ---
      duration_ms: 0.144516
      type: 'test'
      ...
    1..4
ok 336 - detectSlop — edge cases
  ---
  duration_ms: 1.159651
  type: 'suite'
  ...
# Subtest: detectSlop — determinism
    # Subtest: produces identical results for identical inputs (no randomness)
    ok 1 - produces identical results for identical inputs (no randomness)
      ---
      duration_ms: 0.357407
      type: 'test'
      ...
    # Subtest: line indices remain consistent across multiple runs
    ok 2 - line indices remain consistent across multiple runs
      ---
      duration_ms: 0.285967
      type: 'test'
      ...
    1..2
ok 337 - detectSlop — determinism
  ---
  duration_ms: 0.759891
  type: 'suite'
  ...
# Subtest: detectSlop — return shape
    # Subtest: returns SlopReport with all required fields
    ok 1 - returns SlopReport with all required fields
      ---
      duration_ms: 0.253097
      type: 'test'
      ...
    # Subtest: genericEmotion and negatedClicheRaw/Guarded have count and lines fields
    ok 2 - genericEmotion and negatedClicheRaw/Guarded have count and lines fields
      ---
      duration_ms: 0.208455
      type: 'test'
      ...
    # Subtest: lines arrays are sorted in ascending order
    ok 3 - lines arrays are sorted in ascending order
      ---
      duration_ms: 0.31504
      type: 'test'
      ...
    # Subtest: freshness is either null or a number between 0 and 1
    ok 4 - freshness is either null or a number between 0 and 1
      ---
      duration_ms: 0.232316
      type: 'test'
      ...
    # Subtest: slopScore is always a non-negative number
    ok 5 - slopScore is always a non-negative number
      ---
      duration_ms: 0.192155
      type: 'test'
      ...
    # Subtest: scored is always a boolean
    ok 6 - scored is always a boolean
      ---
      duration_ms: 0.155187
      type: 'test'
      ...
    1..6
ok 338 - detectSlop — return shape
  ---
  duration_ms: 1.590345
  type: 'suite'
  ...
# Subtest: detectSlop — screenplay AI markers
    # Subtest: fires on copula-avoidance ("serves as")
    ok 1 - fires on copula-avoidance ("serves as")
      ---
      duration_ms: 0.330977
      type: 'test'
      ...
    # Subtest: fires on inflated-staging ("nestled in")
    ok 2 - fires on inflated-staging ("nestled in")
      ---
      duration_ms: 0.252126
      type: 'test'
      ...
    # Subtest: fires on vague-complexity ("nuanced")
    ok 3 - fires on vague-complexity ("nuanced")
      ---
      duration_ms: 0.176198
      type: 'test'
      ...
    # Subtest: fires on unnecessary-formality ("commence")
    ok 4 - fires on unnecessary-formality ("commence")
      ---
      duration_ms: 0.237899
      type: 'test'
      ...
    # Subtest: fires on metaphorical-inflation ("tapestry of")
    ok 5 - fires on metaphorical-inflation ("tapestry of")
      ---
      duration_ms: 0.173029
      type: 'test'
      ...
    # Subtest: fires on generic-intensifiers ("robust")
    ok 6 - fires on generic-intensifiers ("robust")
      ---
      duration_ms: 0.15973
      type: 'test'
      ...
    # Subtest: fires on buzzwords-jargon ("paradigm")
    ok 7 - fires on buzzwords-jargon ("paradigm")
      ---
      duration_ms: 1.328834
      type: 'test'
      ...
    # Subtest: fires on filler-cliches ("in order to")
    ok 8 - fires on filler-cliches ("in order to")
      ---
      duration_ms: 1.092044
      type: 'test'
      ...
    # Subtest: counts unique lines, not total pattern hits
    ok 9 - counts unique lines, not total pattern hits
      ---
      duration_ms: 0.211298
      type: 'test'
      ...
    # Subtest: does not fire on clean action prose (no-fire)
    ok 10 - does not fire on clean action prose (no-fire)
      ---
      duration_ms: 0.232311
      type: 'test'
      ...
    # Subtest: respects the "features" guard (immediately-following film/actor does not fire)
    ok 11 - respects the "features" guard (immediately-following film/actor does not fire)
      ---
      duration_ms: 0.208765
      type: 'test'
      ...
    # Subtest: adds 0.35 per marker line to slopScore
    ok 12 - adds 0.35 per marker line to slopScore
      ---
      duration_ms: 0.26693
      type: 'test'
      ...
    1..12
ok 339 - detectSlop — screenplay AI markers
  ---
  duration_ms: 5.211133
  type: 'suite'
  ...
# Subtest: LocationSchema / StateResponseSchema — mirrors server Location (location_id/adjacent_locations)
    # Subtest: parses a realistic GET /api/state Location row (location_id, adjacent_locations)
    ok 1 - parses a realistic GET /api/state Location row (location_id, adjacent_locations)
      ---
      duration_ms: 3.045149
      type: 'test'
      ...
    # Subtest: parses a full GET /api/state response ({ agents, nodes })
    ok 2 - parses a full GET /api/state response ({ agents, nodes })
      ---
      duration_ms: 1.093082
      type: 'test'
      ...
    # Subtest: rejects the stale node_id/adjacent shape (would have silently masked the real bug)
    ok 3 - rejects the stale node_id/adjacent shape (would have silently masked the real bug)
      ---
      duration_ms: 0.992548
      type: 'test'
      ...
    1..3
ok 340 - LocationSchema / StateResponseSchema — mirrors server Location (location_id/adjacent_locations)
  ---
  duration_ms: 6.541546
  type: 'suite'
  ...
# Subtest: PersuasionRecordSchema — mirrors server PersuasionRecord (agent_id/target_id/strategy)
    # Subtest: parses a realistic GET /api/persuasion/:charId row
    ok 1 - parses a realistic GET /api/persuasion/:charId row
      ---
      duration_ms: 1.113999
      type: 'test'
      ...
    # Subtest: parses a record with success omitted (optional per server type)
    ok 2 - parses a record with success omitted (optional per server type)
      ---
      duration_ms: 0.205151
      type: 'test'
      ...
    # Subtest: rejects the stale turn/targetId/mode shape (would have silently masked the real bug)
    ok 3 - rejects the stale turn/targetId/mode shape (would have silently masked the real bug)
      ---
      duration_ms: 0.568273
      type: 'test'
      ...
    1..3
ok 341 - PersuasionRecordSchema — mirrors server PersuasionRecord (agent_id/target_id/strategy)
  ---
  duration_ms: 2.160459
  type: 'suite'
  ...
# Subtest: auto-analysis gate — off-by-default (G0-04)
    # Subtest: enabled=false schedules nothing and never invokes the analysis callback
    ok 1 - enabled=false schedules nothing and never invokes the analysis callback
      ---
      duration_ms: 1.074035
      type: 'test'
      ...
    # Subtest: default config (no enabled arg passed through a default-false wrapper) never schedules a timer
    ok 2 - default config (no enabled arg passed through a default-false wrapper) never schedules a timer
      ---
      duration_ms: 0.274476
      type: 'test'
      ...
    # Subtest: enabled=true schedules exactly one real timer with the given delay — on/off is not a no-op
    ok 3 - enabled=true schedules exactly one real timer with the given delay — on/off is not a no-op
      ---
      duration_ms: 0.333576
      type: 'test'
      ...
    1..3
ok 342 - auto-analysis gate — off-by-default (G0-04)
  ---
  duration_ms: 3.047479
  type: 'suite'
  ...
# {"time":"2026-08-05T02:28:17.963Z","level":"info","msg":"backup: complete","backedUp":2,"skipped":0,"destDir":"/tmp/sm-backup-test-8DfvAq/backups-ntWxxb/2026-07-10T12-00-00-000Z","skippedFiles":[],"noop":false}
# Subtest: backupSessions
    # Subtest: backs up real session dbs via the online backup API with matching content (fire)
    ok 1 - backs up real session dbs via the online backup API with matching content (fire)
      ---
      duration_ms: 68.368029
      type: 'test'
      ...
# {"time":"2026-08-05T02:28:17.987Z","level":"info","msg":"backup: complete","backedUp":1,"skipped":0,"destDir":"/tmp/sm-backup-test-8DfvAq/backups-d8qop0/2026-07-10T12-00-00-000Z","skippedFiles":[],"noop":false}
# {"time":"2026-08-05T02:28:17.988Z","level":"info","msg":"backup: session store is in-memory, nothing to back up","sessionDbDir":":memory:"}
# {"time":"2026-08-05T02:28:17.990Z","level":"info","msg":"backup: session dir missing, nothing to back up","sessionDbDir":"/tmp/sm-backup-test-8DfvAq/does-not-exist-kkga90kbxb"}
# {"time":"2026-08-05T02:28:17.991Z","level":"info","msg":"backup: session dir empty, nothing to back up","sessionDbDir":"/tmp/sm-backup-test-8DfvAq/sessions-BURUct"}
    # Subtest: produces a deterministic timestamped dir name from the injected `now` (fire)
    ok 2 - produces a deterministic timestamped dir name from the injected `now` (fire)
      ---
      duration_ms: 20.391904
      type: 'test'
      ...
    # Subtest: is a clean no-op when SESSION_DB_DIR is :memory: (no-fire)
    ok 3 - is a clean no-op when SESSION_DB_DIR is :memory: (no-fire)
      ---
      duration_ms: 2.211679
      type: 'test'
      ...
    # Subtest: is a clean no-op when the session dir is missing (no-fire)
    ok 4 - is a clean no-op when the session dir is missing (no-fire)
      ---
      duration_ms: 0.642794
      type: 'test'
      ...
    # Subtest: is a clean no-op when the session dir is empty (no-fire)
    ok 5 - is a clean no-op when the session dir is empty (no-fire)
      ---
      duration_ms: 0.606758
      type: 'test'
      ...
# {"time":"2026-08-05T02:28:18.002Z","level":"warn","msg":"backup: skipping unbackupable session db","file":"corrupt.db","error":"file is not a database"}
# {"time":"2026-08-05T02:28:18.007Z","level":"info","msg":"backup: complete","backedUp":1,"skipped":1,"destDir":"/tmp/sm-backup-test-8DfvAq/backups-senjov/2026-07-10T12-00-00-000Z","skippedFiles":["corrupt.db"],"noop":false}
    # Subtest: skips a corrupt db and continues backing up the rest (fire — skip path)
    ok 6 - skips a corrupt db and continues backing up the rest (fire — skip path)
      ---
      duration_ms: 15.354976
      type: 'test'
      ...
# {"time":"2026-08-05T02:28:18.018Z","level":"info","msg":"backup: complete","backedUp":1,"skipped":0,"destDir":"/tmp/sm-backup-test-8DfvAq/backups-PyMlaC/2026-07-10T12-00-00-000Z","skippedFiles":[],"noop":false}
    # Subtest: ignores non-.db files in the session dir (no-fire for those files)
    ok 7 - ignores non-.db files in the session dir (no-fire for those files)
      ---
      duration_ms: 11.651275
      type: 'test'
      ...
    1..7
ok 343 - backupSessions
  ---
  duration_ms: 121.597465
  type: 'suite'
  ...
# Subtest: verified Stage backup and simulation-only reset
    # Subtest: backs up the live WAL handle and publishes only a verified recovery artifact
    ok 1 - backs up the live WAL handle and publishes only a verified recovery artifact
      ---
      duration_ms: 37.867313
      type: 'test'
      ...
    # Subtest: never replaces a pre-existing recovery artifact or sidecar
    ok 2 - never replaces a pre-existing recovery artifact or sidecar
      ---
      duration_ms: 5.518137
      type: 'test'
      ...
    # Subtest: clears every declared simulation authority transactionally while preserving author project/configuration
    ok 3 - clears every declared simulation authority transactionally while preserving author project/configuration
      ---
      duration_ms: 61.240818
      type: 'test'
      ...
    # Subtest: rolls every simulation deletion back when SQLite rejects one table mutation
    ok 4 - rolls every simulation deletion back when SQLite rejects one table mutation
      ---
      duration_ms: 21.830446
      type: 'test'
      ...
    1..4
ok 344 - verified Stage backup and simulation-only reset
  ---
  duration_ms: 127.513052
  type: 'suite'
  ...
# Subtest: reset-backup retention
    # Subtest: prunes only generated artifacts by age/count and retains operator files
    ok 1 - prunes only generated artifacts by age/count and retains operator files
      ---
      duration_ms: 3.288264
      type: 'test'
      ...
    # Subtest: keeps one existing recovery artifact during pre-publish cleanup even when it is expired
    ok 2 - keeps one existing recovery artifact during pre-publish cleanup even when it is expired
      ---
      duration_ms: 0.583761
      type: 'test'
      ...
    # Subtest: never prunes the recovery artifact named in a just-issued receipt when timestamps tie
    ok 3 - never prunes the recovery artifact named in a just-issued receipt when timestamps tie
      ---
      duration_ms: 19.340004
      type: 'test'
      ...
    # Subtest: sweeps only safe session directories under the reset-backup root
    ok 4 - sweeps only safe session directories under the reset-backup root
      ---
      duration_ms: 3.082802
      type: 'test'
      ...
    1..4
ok 345 - reset-backup retention
  ---
  duration_ms: 26.855616
  type: 'suite'
  ...
# Subtest: parseSlug — INT/EXT, location, time-of-day
    # Subtest: splits a standard INT. slugline
    ok 1 - splits a standard INT. slugline
      ---
      duration_ms: 2.105093
      type: 'test'
      ...
    # Subtest: splits a standard EXT. slugline
    ok 2 - splits a standard EXT. slugline
      ---
      duration_ms: 0.231747
      type: 'test'
      ...
    # Subtest: handles an INT./EXT. combined slugline
    ok 3 - handles an INT./EXT. combined slugline
      ---
      duration_ms: 0.233394
      type: 'test'
      ...
    # Subtest: handles a multi-word time-of-day ("MOMENTS LATER")
    ok 4 - handles a multi-word time-of-day ("MOMENTS LATER")
      ---
      duration_ms: 0.248437
      type: 'test'
      ...
    # Subtest: handles a location with an internal dash by splitting at the LAST separator
    ok 5 - handles a location with an internal dash by splitting at the LAST separator
      ---
      duration_ms: 0.200072
      type: 'test'
      ...
    # Subtest: falls back to N/A for a heading with no time-of-day separator
    ok 6 - falls back to N/A for a heading with no time-of-day separator
      ---
      duration_ms: 0.180041
      type: 'test'
      ...
    # Subtest: falls back to N/A intExt for a slugline with no INT/EXT prefix
    ok 7 - falls back to N/A intExt for a slugline with no INT/EXT prefix
      ---
      duration_ms: 0.164644
      type: 'test'
      ...
    1..7
ok 346 - parseSlug — INT/EXT, location, time-of-day
  ---
  duration_ms: 5.065268
  type: 'suite'
  ...
# Subtest: escapeCsvField — RFC 4180 escaping
    # Subtest: leaves a plain field untouched
    ok 1 - leaves a plain field untouched
      ---
      duration_ms: 0.382111
      type: 'test'
      ...
    # Subtest: quotes and doubles internal quotes for a comma-and-quote value
    ok 2 - quotes and doubles internal quotes for a comma-and-quote value
      ---
      duration_ms: 0.346137
      type: 'test'
      ...
    # Subtest: quotes a value containing a newline
    ok 3 - quotes a value containing a newline
      ---
      duration_ms: 0.620826
      type: 'test'
      ...
    # Subtest: does not quote a field with no special characters
    ok 4 - does not quote a field with no special characters
      ---
      duration_ms: 0.16196
      type: 'test'
      ...
    1..4
ok 347 - escapeCsvField — RFC 4180 escaping
  ---
  duration_ms: 2.040596
  type: 'suite'
  ...
# Subtest: escapeCsvField — CSV/formula injection neutralization
    # Subtest: prefixes a single quote for a field starting with "=" (and RFC-4180-quotes it, since it also contains commas/quotes)
    ok 1 - prefixes a single quote for a field starting with "=" (and RFC-4180-quotes it, since it also contains commas/quotes)
      ---
      duration_ms: 0.283942
      type: 'test'
      ...
    # Subtest: prefixes a single quote for a field starting with "+"
    ok 2 - prefixes a single quote for a field starting with "+"
      ---
      duration_ms: 0.190279
      type: 'test'
      ...
    # Subtest: prefixes a single quote for a field starting with "-"
    ok 3 - prefixes a single quote for a field starting with "-"
      ---
      duration_ms: 0.117076
      type: 'test'
      ...
    # Subtest: prefixes a single quote for a field starting with "@" (RFC-4180-quoted too, since it contains a comma)
    ok 4 - prefixes a single quote for a field starting with "@" (RFC-4180-quoted too, since it contains a comma)
      ---
      duration_ms: 0.110309
      type: 'test'
      ...
    # Subtest: neutralizes a formula lead preceded by a leading TAB
    ok 5 - neutralizes a formula lead preceded by a leading TAB
      ---
      duration_ms: 0.098743
      type: 'test'
      ...
    # Subtest: neutralizes a formula lead preceded by a leading CR (also RFC-4180-quoted, since \\r requires quoting)
    ok 6 - neutralizes a formula lead preceded by a leading CR (also RFC-4180-quoted, since \\r requires quoting)
      ---
      duration_ms: 0.102576
      type: 'test'
      ...
    # Subtest: does not neutralize a benign field that happens to contain, but not start with, a dangerous character
    ok 7 - does not neutralize a benign field that happens to contain, but not start with, a dangerous character
      ---
      duration_ms: 0.097401
      type: 'test'
      ...
    # Subtest: leaves an ordinary name unchanged (benign control)
    ok 8 - leaves an ordinary name unchanged (benign control)
      ---
      duration_ms: 0.210045
      type: 'test'
      ...
    1..8
ok 348 - escapeCsvField — CSV/formula injection neutralization
  ---
  duration_ms: 4.489646
  type: 'suite'
  ...
# Subtest: buildBreakdownRows + breakdownRowsToCsv — end to end
    # Subtest: builds one row per scene with the expected fields
    ok 1 - builds one row per scene with the expected fields
      ---
      duration_ms: 1.617919
      type: 'test'
      ...
    # Subtest: returns an empty array for empty input
    ok 2 - returns an empty array for empty input
      ---
      duration_ms: 0.120393
      type: 'test'
      ...
    # Subtest: CSV output has a header row plus one row per scene, and escapes a comma-and-quote slug
    ok 3 - CSV output has a header row plus one row per scene, and escapes a comma-and-quote slug
      ---
      duration_ms: 1.345237
      type: 'test'
      ...
    # Subtest: semicolon-joins multiple speaking characters in one CSV field
    ok 4 - semicolon-joins multiple speaking characters in one CSV field
      ---
      duration_ms: 0.937531
      type: 'test'
      ...
    1..4
ok 349 - buildBreakdownRows + breakdownRowsToCsv — end to end
  ---
  duration_ms: 4.271397
  type: 'suite'
  ...
# Subtest: analyzeSceneCharacters — per-scene speaker + dialogue-line tally
    # Subtest: counts dialogue lines per speaker and lists speakers in first-appearance order
    ok 1 - counts dialogue lines per speaker and lists speakers in first-appearance order
      ---
      duration_ms: 0.351534
      type: 'test'
      ...
    # Subtest: never counts a character cue with no dialogue text as speaking
    ok 2 - never counts a character cue with no dialogue text as speaking
      ---
      duration_ms: 0.282345
      type: 'test'
      ...
    # Subtest: returns an empty array for empty input
    ok 3 - returns an empty array for empty input
      ---
      duration_ms: 0.232765
      type: 'test'
      ...
    1..3
ok 350 - analyzeSceneCharacters — per-scene speaker + dialogue-line tally
  ---
  duration_ms: 1.239059
  type: 'suite'
  ...
# Subtest: parseContinuityDay — shooting-day-continuity hint
    # Subtest: extracts an explicit numbered day
    ok 1 - extracts an explicit numbered day
      ---
      duration_ms: 0.254977
      type: 'test'
      ...
    # Subtest: flags CONTINUOUS
    ok 2 - flags CONTINUOUS
      ---
      duration_ms: 0.127922
      type: 'test'
      ...
    # Subtest: flags LATER, including as a suffix ("MOMENTS LATER")
    ok 3 - flags LATER, including as a suffix ("MOMENTS LATER")
      ---
      duration_ms: 0.116553
      type: 'test'
      ...
    # Subtest: flags SAME TIME
    ok 4 - flags SAME TIME
      ---
      duration_ms: 0.109328
      type: 'test'
      ...
    # Subtest: returns null for a plain daypart with no continuity signal
    ok 5 - returns null for a plain daypart with no continuity signal
      ---
      duration_ms: 0.107492
      type: 'test'
      ...
    1..5
ok 351 - parseContinuityDay — shooting-day-continuity hint
  ---
  duration_ms: 0.961254
  type: 'suite'
  ...
# Subtest: buildBreakdownRows — E1-d production fields
    # Subtest: parses the expected 7 scenes
    ok 1 - parses the expected 7 scenes
      ---
      duration_ms: 0.444199
      type: 'test'
      ...
    # Subtest: castCount — matches speakingCharacters.length per scene
    ok 2 - castCount — matches speakingCharacters.length per scene
      ---
      duration_ms: 0.157795
      type: 'test'
      ...
    # Subtest: extrasSignal — fires on crowd vocabulary in an action line
    ok 3 - extrasSignal — fires on crowd vocabulary in an action line
      ---
      duration_ms: 0.11008
      type: 'test'
      ...
    # Subtest: extrasSignal — does not fire for a scene with no crowd vocabulary
    ok 4 - extrasSignal — does not fire for a scene with no crowd vocabulary
      ---
      duration_ms: 0.171255
      type: 'test'
      ...
    # Subtest: props — fires and lists concrete hand-props mentioned in the action line
    ok 5 - props — fires and lists concrete hand-props mentioned in the action line
      ---
      duration_ms: 0.137383
      type: 'test'
      ...
    # Subtest: props — does not fire for a scene with no prop nouns in its action line
    ok 6 - props — does not fire for a scene with no prop nouns in its action line
      ---
      duration_ms: 0.228149
      type: 'test'
      ...
    # Subtest: vehicles — fires and lists vehicle mentions from the action line
    ok 7 - vehicles — fires and lists vehicle mentions from the action line
      ---
      duration_ms: 0.126379
      type: 'test'
      ...
    # Subtest: vehicles — does not fire for a scene with no vehicle mentions
    ok 8 - vehicles — does not fire for a scene with no vehicle mentions
      ---
      duration_ms: 0.107824
      type: 'test'
      ...
    # Subtest: stunts — fires on a genuine on-screen crash in the action line
    ok 9 - stunts — fires on a genuine on-screen crash in the action line
      ---
      duration_ms: 0.108769
      type: 'test'
      ...
    # Subtest: stunts — does NOT fire on a dialogue-only "crash course" mention (scoping guard)
    ok 10 - stunts — does NOT fire on a dialogue-only "crash course" mention (scoping guard)
      ---
      duration_ms: 0.099819
      type: 'test'
      ...
    # Subtest: sfx — fires on practical-effects vocabulary in the action line
    ok 11 - sfx — fires on practical-effects vocabulary in the action line
      ---
      duration_ms: 0.103731
      type: 'test'
      ...
    # Subtest: sfx — does not fire for a scene with no practical-effects vocabulary
    ok 12 - sfx — does not fire for a scene with no practical-effects vocabulary
      ---
      duration_ms: 0.158112
      type: 'test'
      ...
    # Subtest: animals — fires on an animal mention in the action line
    ok 13 - animals — fires on an animal mention in the action line
      ---
      duration_ms: 0.126134
      type: 'test'
      ...
    # Subtest: animals — does not fire for a scene with no animal mentions
    ok 14 - animals — does not fire for a scene with no animal mentions
      ---
      duration_ms: 0.133723
      type: 'test'
      ...
    # Subtest: weapons — fires on a weapon mention in the action line
    ok 15 - weapons — fires on a weapon mention in the action line
      ---
      duration_ms: 0.102615
      type: 'test'
      ...
    # Subtest: weapons — does not fire for a scene with no weapon mentions
    ok 16 - weapons — does not fire for a scene with no weapon mentions
      ---
      duration_ms: 0.099343
      type: 'test'
      ...
    # Subtest: nightExterior — fires for EXT + a NIGHT-containing time-of-day
    ok 17 - nightExterior — fires for EXT + a NIGHT-containing time-of-day
      ---
      duration_ms: 0.106429
      type: 'test'
      ...
    # Subtest: nightExterior — does not fire for INT + NIGHT, or EXT without NIGHT
    ok 18 - nightExterior — does not fire for INT + NIGHT, or EXT without NIGHT
      ---
      duration_ms: 0.152362
      type: 'test'
      ...
    # Subtest: continuityDay — parses DAY N, CONTINUOUS, and LATER chains from the slug
    ok 19 - continuityDay — parses DAY N, CONTINUOUS, and LATER chains from the slug
      ---
      duration_ms: 0.131441
      type: 'test'
      ...
    # Subtest: continuityDay — is null for a plain daypart with no continuity marker
    ok 20 - continuityDay — is null for a plain daypart with no continuity marker
      ---
      duration_ms: 0.099708
      type: 'test'
      ...
    # Subtest: pageEighths — every scene gets at least 1 eighth, and a longer scene gets more
    ok 21 - pageEighths — every scene gets at least 1 eighth, and a longer scene gets more
      ---
      duration_ms: 0.139737
      type: 'test'
      ...
    # Subtest: pageEighths — total across scenes matches the sum of the per-scene values
    ok 22 - pageEighths — total across scenes matches the sum of the per-scene values
      ---
      duration_ms: 0.294472
      type: 'test'
      ...
    1..22
ok 352 - buildBreakdownRows — E1-d production fields
  ---
  duration_ms: 4.141265
  type: 'suite'
  ...
# Subtest: buildBreakdownSummary — whole-script roll-up
    # Subtest: sceneCount and uniqueLocationCount — 7 scenes, 7 distinct locations
    ok 1 - sceneCount and uniqueLocationCount — 7 scenes, 7 distinct locations
      ---
      duration_ms: 0.266997
      type: 'test'
      ...
    # Subtest: intLocationCount / extLocationCount — split by INT/EXT presence
    ok 2 - intLocationCount / extLocationCount — split by INT/EXT presence
      ---
      duration_ms: 0.151169
      type: 'test'
      ...
    # Subtest: nightExteriorSceneCount — counts only the one true night-exterior scene
    ok 3 - nightExteriorSceneCount — counts only the one true night-exterior scene
      ---
      duration_ms: 0.099498
      type: 'test'
      ...
    # Subtest: totalCastCount — distinct speaking characters across the whole script
    ok 4 - totalCastCount — distinct speaking characters across the whole script
      ---
      duration_ms: 0.094726
      type: 'test'
      ...
    # Subtest: biggestCastScene — identifies the scene with the most distinct speakers
    ok 5 - biggestCastScene — identifies the scene with the most distinct speakers
      ---
      duration_ms: 0.10365
      type: 'test'
      ...
    # Subtest: per-category scene counts — one scene each for props/vehicles/stunts/sfx/animals/weapons
    ok 6 - per-category scene counts — one scene each for props/vehicles/stunts/sfx/animals/weapons
      ---
      duration_ms: 0.154049
      type: 'test'
      ...
    # Subtest: extrasSceneCount — counts every scene with crowd vocabulary, including a second hit in scene 7
    ok 7 - extrasSceneCount — counts every scene with crowd vocabulary, including a second hit in scene 7
      ---
      duration_ms: 0.128152
      type: 'test'
      ...
    # Subtest: estimatedPageCount — is totalPageEighths / 8
    ok 8 - estimatedPageCount — is totalPageEighths / 8
      ---
      duration_ms: 0.10483
      type: 'test'
      ...
    # Subtest: returns all-zero/empty roll-up for an empty script
    ok 9 - returns all-zero/empty roll-up for an empty script
      ---
      duration_ms: 0.142387
      type: 'test'
      ...
    1..9
ok 353 - buildBreakdownSummary — whole-script roll-up
  ---
  duration_ms: 1.616299
  type: 'suite'
  ...
# Subtest: breakdownRowsToCsv — E1-d CSV shape
    # Subtest: header keeps the original 9 columns first, in the same order, then appends 11 new ones
    ok 1 - header keeps the original 9 columns first, in the same order, then appends 11 new ones
      ---
      duration_ms: 0.259791
      type: 'test'
      ...
    # Subtest: every data row has exactly one column per header entry
    ok 2 - every data row has exactly one column per header entry
      ---
      duration_ms: 0.139987
      type: 'test'
      ...
    # Subtest: semicolon-joins a multi-item category field (props)
    ok 3 - semicolon-joins a multi-item category field (props)
      ---
      duration_ms: 0.096819
      type: 'test'
      ...
    # Subtest: an empty continuityDay serializes as an empty (not "null") field
    ok 4 - an empty continuityDay serializes as an empty (not "null") field
      ---
      duration_ms: 0.086814
      type: 'test'
      ...
    # Subtest: a present continuityDay serializes as its string value
    ok 5 - a present continuityDay serializes as its string value
      ---
      duration_ms: 0.086298
      type: 'test'
      ...
    1..5
ok 354 - breakdownRowsToCsv — E1-d CSV shape
  ---
  duration_ms: 0.896713
  type: 'suite'
  ...
# {"time":"2026-08-05T02:28:18.434Z","level":"warn","msg":"bridge_tier1_reject","actionId":"act-bridge-001","actionType":"EXAMINE","charId":"alice","failing":"EpistemicProof"}
# Subtest: X1: entryToOps — new action types map to the documented ops
    # Subtest: HIDE → ADD_FACT(conceals_self) + UPDATE_READER_STATE(suspense+1)
    ok 1 - HIDE → ADD_FACT(conceals_self) + UPDATE_READER_STATE(suspense+1)
      ---
      duration_ms: 2.018832
      type: 'test'
      ...
    # Subtest: OBSERVE → ADD_FACT(observes, object = target) + UPDATE_READER_STATE(curiosity+1)
    ok 2 - OBSERVE → ADD_FACT(observes, object = target) + UPDATE_READER_STATE(curiosity+1)
      ---
      duration_ms: 0.329832
      type: 'test'
      ...
    # Subtest: LISTEN → ADD_FACT(overhears, object = target)
    ok 3 - LISTEN → ADD_FACT(overhears, object = target)
      ---
      duration_ms: 0.383516
      type: 'test'
      ...
    # Subtest: SEARCH → ADD_FACT(searches, object = location) + UPDATE_READER_STATE(curiosity+2, stronger than passive OBSERVE/LISTEN)
    ok 4 - SEARCH → ADD_FACT(searches, object = location) + UPDATE_READER_STATE(curiosity+2, stronger than passive OBSERVE/LISTEN)
      ---
      duration_ms: 0.239635
      type: 'test'
      ...
    # Subtest: REVEAL → UPDATE_BELIEF at 0.85 confidence, source "told" — higher than SPEAK/LIE's 0.7 claim confidence
    ok 5 - REVEAL → UPDATE_BELIEF at 0.85 confidence, source "told" — higher than SPEAK/LIE's 0.7 claim confidence
      ---
      duration_ms: 0.454213
      type: 'test'
      ...
    # Subtest: THREATEN → UPDATE_BELIEF at 0.9 confidence, source "witnessed" (directly experienced by the target)
    ok 6 - THREATEN → UPDATE_BELIEF at 0.9 confidence, source "witnessed" (directly experienced by the target)
      ---
      duration_ms: 0.386256
      type: 'test'
      ...
    # Subtest: BETRAY → the steepest UPDATE_READER_STATE suspense spike of the vocabulary
    ok 7 - BETRAY → the steepest UPDATE_READER_STATE suspense spike of the vocabulary
      ---
      duration_ms: 0.31646
      type: 'test'
      ...
    # Subtest: PROTECT → UPDATE_BELIEF (witnessed, 0.85) + a mild curiosity bump
    ok 8 - PROTECT → UPDATE_BELIEF (witnessed, 0.85) + a mild curiosity bump
      ---
      duration_ms: 0.561506
      type: 'test'
      ...
    # Subtest: FORM_ALLIANCE → UPDATE_BELIEF (witnessed, 0.85)
    ok 9 - FORM_ALLIANCE → UPDATE_BELIEF (witnessed, 0.85)
      ---
      duration_ms: 0.585102
      type: 'test'
      ...
    # Subtest: FLEE → ADD_FACT(flees_to) + UPDATE_READER_STATE(suspense+2, stronger than RELOCATE's +1 — fear-driven)
    ok 10 - FLEE → ADD_FACT(flees_to) + UPDATE_READER_STATE(suspense+2, stronger than RELOCATE's +1 — fear-driven)
      ---
      duration_ms: 0.97112
      type: 'test'
      ...
    1..10
ok 355 - X1: entryToOps — new action types map to the documented ops
  ---
  duration_ms: 8.81666
  type: 'suite'
  ...
# Subtest: bridge (Fix A): relationshipDeltasToOps
    # Subtest: a material delta becomes a SHIFT_RELATIONSHIP op with correct pair/dimension/amount
    ok 1 - a material delta becomes a SHIFT_RELATIONSHIP op with correct pair/dimension/amount
      ---
      duration_ms: 1.16389
      type: 'test'
      ...
    # Subtest: a sub-threshold delta produces no op (noise filter)
    ok 2 - a sub-threshold delta produces no op (noise filter)
      ---
      duration_ms: 0.154592
      type: 'test'
      ...
    # Subtest: a negative delta at or above threshold magnitude still fires (materiality is on |amount|)
    ok 3 - a negative delta at or above threshold magnitude still fires (materiality is on |amount|)
      ---
      duration_ms: 0.135572
      type: 'test'
      ...
    # Subtest: a non-finite amount is dropped defensively, not committed as NaN/Infinity
    ok 4 - a non-finite amount is dropped defensively, not committed as NaN/Infinity
      ---
      duration_ms: 0.237605
      type: 'test'
      ...
    1..4
ok 356 - bridge (Fix A): relationshipDeltasToOps
  ---
  duration_ms: 1.938339
  type: 'suite'
  ...
# Subtest: bridge (Fix A): emotionAppraisalsToOps
    # Subtest: a significant appraisal becomes an APPRAISE_EMOTION op
    ok 1 - a significant appraisal becomes an APPRAISE_EMOTION op
      ---
      duration_ms: 0.326242
      type: 'test'
      ...
    # Subtest: a neutral appraisal produces no op
    ok 2 - a neutral appraisal produces no op
      ---
      duration_ms: 0.16332
      type: 'test'
      ...
    # Subtest: a below-significance-threshold appraisal produces no op
    ok 3 - a below-significance-threshold appraisal produces no op
      ---
      duration_ms: 0.151554
      type: 'test'
      ...
    1..3
ok 357 - bridge (Fix A): emotionAppraisalsToOps
  ---
  duration_ms: 0.86096
  type: 'suite'
  ...
# Subtest: bridge (Fix A): buildTurnCommit regression — pre-existing op kinds unaffected
    # Subtest: a turn with no relationshipDeltas/emotionAppraisals produces EXACTLY the same ops as before the fix
    ok 1 - a turn with no relationshipDeltas/emotionAppraisals produces EXACTLY the same ops as before the fix
      ---
      duration_ms: 5.017412
      type: 'test'
      ...
    1..1
ok 358 - bridge (Fix A): buildTurnCommit regression — pre-existing op kinds unaffected
  ---
  duration_ms: 5.137879
  type: 'suite'
  ...
# Subtest: bridge (Fix A): buildTurnCommit — SHIFT_RELATIONSHIP / APPRAISE_EMOTION end-to-end
    # Subtest: a grounded relationship delta produces a SHIFT_RELATIONSHIP op, and folding it through the dispatcher populates NarrativeState.relationships
    ok 1 - a grounded relationship delta produces a SHIFT_RELATIONSHIP op, and folding it through the dispatcher populates NarrativeState.relationships
      ---
      duration_ms: 1.59296
      type: 'test'
      ...
    # Subtest: a significant emotion appraisal produces an APPRAISE_EMOTION op, and folding it through the dispatcher updates characterEmotions
    ok 2 - a significant emotion appraisal produces an APPRAISE_EMOTION op, and folding it through the dispatcher updates characterEmotions
      ---
      duration_ms: 0.630136
      type: 'test'
      ...
    # Subtest: a SHIFT_RELATIONSHIP op referencing an ungrounded subject is dropped rather than risking the whole commit (IntentionalProof-safe pre-filter)
    ok 3 - a SHIFT_RELATIONSHIP op referencing an ungrounded subject is dropped rather than risking the whole commit (IntentionalProof-safe pre-filter)
      ---
      duration_ms: 0.613611
      type: 'test'
      ...
    1..3
ok 359 - bridge (Fix A): buildTurnCommit — SHIFT_RELATIONSHIP / APPRAISE_EMOTION end-to-end
  ---
  duration_ms: 4.390913
  type: 'suite'
  ...
# Subtest: bridge (Fix C): onTier1Reject hook
    # Subtest: is NOT called when a commit passes Tier 1
    ok 1 - is NOT called when a commit passes Tier 1
      ---
      duration_ms: 0.650647
      type: 'test'
      ...
    # Subtest: is invoked with the failing proof names when Tier-1 actually rejects (an ungrounded told-belief → EpistemicProof block)
    ok 2 - is invoked with the failing proof names when Tier-1 actually rejects (an ungrounded told-belief → EpistemicProof block)
      ---
      duration_ms: 1.575072
      type: 'test'
      ...
    1..2
ok 360 - bridge (Fix C): onTier1Reject hook
  ---
  duration_ms: 2.450465
  type: 'suite'
  ...
# Subtest: percentileRank
    # Subtest: is monotonic: a higher value never ranks lower than a lower one
    ok 1 - is monotonic: a higher value never ranks lower than a lower one
      ---
      duration_ms: 1.252624
      type: 'test'
      ...
    # Subtest: lands below 50 at the distribution minimum and above 50 at the maximum
    ok 2 - lands below 50 at the distribution minimum and above 50 at the maximum
      ---
      duration_ms: 0.201008
      type: 'test'
      ...
    # Subtest: clamps to 0 below the minimum and 100 above the maximum
    ok 3 - clamps to 0 below the minimum and 100 above the maximum
      ---
      duration_ms: 0.322095
      type: 'test'
      ...
    # Subtest: returns 50 for an empty distribution (neutral, no opinion)
    ok 4 - returns 50 for an empty distribution (neutral, no opinion)
      ---
      duration_ms: 0.244161
      type: 'test'
      ...
    # Subtest: is sane for a single-element distribution: below/equal/above land at 0/50/100
    ok 5 - is sane for a single-element distribution: below/equal/above land at 0/50/100
      ---
      duration_ms: 0.17551
      type: 'test'
      ...
    1..5
ok 361 - percentileRank
  ---
  duration_ms: 3.596048
  type: 'suite'
  ...
# Subtest: percentileDescriptor
    # Subtest: returns a non-empty string across low, mid, and high bands
    ok 1 - returns a non-empty string across low, mid, and high bands
      ---
      duration_ms: 0.287185
      type: 'test'
      ...
    # Subtest: every variant mentions "the reference set"
    ok 2 - every variant mentions "the reference set"
      ---
      duration_ms: 0.306389
      type: 'test'
      ...
    # Subtest: never leaks an ALL_CAPS rule-style token
    ok 3 - never leaks an ALL_CAPS rule-style token
      ---
      duration_ms: 0.615685
      type: 'test'
      ...
    1..3
ok 362 - percentileDescriptor
  ---
  duration_ms: 1.669772
  type: 'suite'
  ...
# Subtest: getReferenceDistribution
    # Subtest: has 20 health scores and 20 scores per dimension, matching corpus.ts size
    ok 1 - has 20 health scores and 20 scores per dimension, matching corpus.ts size
      ---
      duration_ms: 0.448881
      type: 'test'
      ...
    # Subtest: is sorted ascending for health and every dimension
    ok 2 - is sorted ascending for health and every dimension
      ---
      duration_ms: 5.181747
      type: 'test'
      ...
    # Subtest: has non-degenerate spread (max > min) for health and at least 3 of 5 dimensions
    ok 3 - has non-degenerate spread (max > min) for health and at least 3 of 5 dimensions
      ---
      duration_ms: 0.206505
      type: 'test'
      ...
    # Subtest: (indirect) MIN_CORPUS_SIZE gate: a 20-sample corpus clears the floor and yields a real, non-empty distribution
    ok 4 - (indirect) MIN_CORPUS_SIZE gate: a 20-sample corpus clears the floor and yields a real, non-empty distribution
      ---
      duration_ms: 0.21985
      type: 'test'
      ...
    1..4
ok 363 - getReferenceDistribution
  ---
  duration_ms: 6.430312
  type: 'suite'
  ...
# Subtest: computeRawCraftScore vs computeHealthScore
    # Subtest: equals computeHealthScore (up to 0.1 rounding) when unsaturated
    ok 1 - equals computeHealthScore (up to 0.1 rounding) when unsaturated
      ---
      duration_ms: 0.256722
      type: 'test'
      ...
    # Subtest: goes negative (not 0) once the penalty exceeds 100
    ok 2 - goes negative (not 0) once the penalty exceeds 100
      ---
      duration_ms: 0.134811
      type: 'test'
      ...
    # Subtest: strictly orders two saturated severity mixes that computeHealthScore ties at 0
    ok 3 - strictly orders two saturated severity mixes that computeHealthScore ties at 0
      ---
      duration_ms: 0.161281
      type: 'test'
      ...
    1..3
ok 364 - computeRawCraftScore vs computeHealthScore
  ---
  duration_ms: 0.700396
  type: 'suite'
  ...
# Subtest: band ordering through the real runScriptDoctor pipeline
    # Subtest: full band-average monotonicity: strong > competent > weak > troubled, strictly
    ok 1 - full band-average monotonicity: strong > competent > weak > troubled, strictly
      ---
      duration_ms: 691.161205
      type: 'test'
      ...
    # Subtest: no strong sample's raw score falls below the troubled-band average
    ok 2 - no strong sample's raw score falls below the troubled-band average
      ---
      duration_ms: 0.877638
      type: 'test'
      ...
    # Subtest: a strong corpus sample outranks a troubled one on healthPercentile (pinned to the most robust pair)
    ok 3 - a strong corpus sample outranks a troubled one on healthPercentile (pinned to the most robust pair)
      ---
      duration_ms: 0.455858
      type: 'test'
      ...
    1..3
ok 365 - band ordering through the real runScriptDoctor pipeline
  ---
  duration_ms: 692.852257
  type: 'suite'
  ...
# Subtest: no-saturation & length-invariance (opportunity-based craftPenalty fix)
    # Subtest: no reference-corpus sample saturates to displayed health 0, including the worst troubled sample
    ok 1 - no reference-corpus sample saturates to displayed health 0, including the worst troubled sample
      ---
      duration_ms: 0.769489
      type: 'test'
      ...
    # Subtest: displayed health stays within ~10 points at 2x/3x length for matched craft quality
    ok 2 - displayed health stays within ~10 points at 2x/3x length for matched craft quality
      ---
      duration_ms: 209.833059
      type: 'test'
      ...
    1..2
ok 366 - no-saturation & length-invariance (opportunity-based craftPenalty fix)
  ---
  duration_ms: 210.780025
  type: 'suite'
  ...
# Subtest: termination / no-recursion
    # Subtest: a plain runScriptDoctor call on a small fixture resolves with healthPercentile defined
    ok 1 - a plain runScriptDoctor call on a small fixture resolves with healthPercentile defined
      ---
      duration_ms: 5.918076
      type: 'test'
      ...
    1..1
ok 367 - termination / no-recursion
  ---
  duration_ms: 6.065801
  type: 'suite'
  ...
# Subtest: check-scoring-receipt.mjs — fixture ranges
    # Subtest: scoring-change-no-receipt: editing doctor.ts alone fails the guard
    ok 1 - scoring-change-no-receipt: editing doctor.ts alone fails the guard
      ---
      duration_ms: 169.719037
      type: 'test'
      ...
    # Subtest: scoring-change-with-receipt: editing doctor.ts + appending a receipt passes
    ok 2 - scoring-change-with-receipt: editing doctor.ts + appending a receipt passes
      ---
      duration_ms: 165.46523
      type: 'test'
      ...
    # Subtest: non-scoring change: editing README.md never trips the guard
    ok 3 - non-scoring change: editing README.md never trips the guard
      ---
      duration_ms: 163.290504
      type: 'test'
      ...
    # Subtest: new-unwired-file: a brand-new analyze/ file nothing imports does not trip the guard
    ok 4 - new-unwired-file: a brand-new analyze/ file nothing imports does not trip the guard
      ---
      duration_ms: 209.140311
      type: 'test'
      ...
    # Subtest: receipt-only: touching only MEASUREMENT_RECEIPTS.md never trips the guard
    ok 5 - receipt-only: touching only MEASUREMENT_RECEIPTS.md never trips the guard
      ---
      duration_ms: 165.066134
      type: 'test'
      ...
    # Subtest: newly-wired file: a new analyze/ file that doctor.ts DOES import trips the guard (reachability, not just presence)
    ok 6 - newly-wired file: a new analyze/ file that doctor.ts DOES import trips the guard (reachability, not just presence)
      ---
      duration_ms: 186.176217
      type: 'test'
      ...
    1..6
ok 368 - check-scoring-receipt.mjs — fixture ranges
  ---
  duration_ms: 1060.95166
  type: 'suite'
  ...
# Subtest: check-scoring-receipt.mjs — falsifiability of the scoring-path definition
    # Subtest: a broken (emptied) path definition lets the no-receipt fixture pass; the real script still catches it
    ok 1 - a broken (emptied) path definition lets the no-receipt fixture pass; the real script still catches it
      ---
      duration_ms: 296.468007
      type: 'test'
      ...
    1..1
ok 369 - check-scoring-receipt.mjs — falsifiability of the scoring-path definition
  ---
  duration_ms: 297.664986
  type: 'suite'
  ...
# Subtest: CI gate integrity — blocking gates must stay blocking
    # Subtest: the Dependency review step still exists
    ok 1 - the Dependency review step still exists
      ---
      duration_ms: 1.378187
      type: 'test'
      ...
    # Subtest: Dependency review is NOT continue-on-error (the \#236-241 bypass)
    ok 2 - Dependency review is NOT continue-on-error (the \#236-241 bypass)
      ---
      duration_ms: 0.315688
      type: 'test'
      ...
    # Subtest: Dependency review still fails on high severity
    ok 3 - Dependency review still fails on high severity
      ---
      duration_ms: 0.524801
      type: 'test'
      ...
    # Subtest: the ci.yml gates that must block are not continue-on-error
    ok 4 - the ci.yml gates that must block are not continue-on-error
      ---
      duration_ms: 0.559111
      type: 'test'
      ...
    # Subtest: no workflow disables a gate by neutering the whole job
    ok 5 - no workflow disables a gate by neutering the whole job
      ---
      duration_ms: 0.349472
      type: 'test'
      ...
    # Subtest: release.yml keeps its duplicated gates (Type check / no-console grep / honesty audit / run tests) and none are continue-on-error
    ok 6 - release.yml keeps its duplicated gates (Type check / no-console grep / honesty audit / run tests) and none are continue-on-error
      ---
      duration_ms: 0.502875
      type: 'test'
      ...
    # Subtest: release.yml's publish job still hard-depends on the test job
    ok 7 - release.yml's publish job still hard-depends on the test job
      ---
      duration_ms: 0.325414
      type: 'test'
      ...
    1..7
ok 370 - CI gate integrity — blocking gates must stay blocking
  ---
  duration_ms: 5.822154
  type: 'suite'
  ...
# Subtest: D4 — the information test on the content-word channel
    # Subtest: demotes the ledger's own worked example (photograph/table co-occurrence) to recurring imagery, not clues
    ok 1 - demotes the ledger's own worked example (photograph/table co-occurrence) to recurring imagery, not clues
      ---
      duration_ms: 24.56781
      type: 'test'
      ...
    # Subtest: a marked-then-used object passes the information test end to end
    ok 2 - a marked-then-used object passes the information test end to end
      ---
      duration_ms: 2.004922
      type: 'test'
      ...
    # Subtest: a genuinely dropped thread is reportable: marked once, never again -> unresolved (the old floor made this impossible)
    ok 3 - a genuinely dropped thread is reportable: marked once, never again -> unresolved (the old floor made this impossible)
      ---
      duration_ms: 2.226538
      type: 'test'
      ...
    # Subtest: LONE-MENTION MARKER BAR (regression): "A knife flashes!" — indefinite article + rare noun, no marker — is not an open thread
    ok 4 - LONE-MENTION MARKER BAR (regression): "A knife flashes!" — indefinite article + rare noun, no marker — is not an open thread
      ---
      duration_ms: 0.928354
      type: 'test'
      ...
    # Subtest: CHANNEL-OVERLAP DEDUP (regression): one marked CAPS object yields exactly one clue id, not a content-word twin
    ok 5 - CHANNEL-OVERLAP DEDUP (regression): one marked CAPS object yields exactly one clue id, not a content-word twin
      ---
      duration_ms: 2.909106
      type: 'test'
      ...
    1..5
ok 371 - D4 — the information test on the content-word channel
  ---
  duration_ms: 34.399065
  type: 'suite'
  ...
# Subtest: D6 — setup->payoff is observed, not assigned
    # Subtest: INVERSION: resolution language before the introduction places payoff < seed (representable at last)
    ok 1 - INVERSION: resolution language before the introduction places payoff < seed (representable at last)
      ---
      duration_ms: 0.966904
      type: 'test'
      ...
    # Subtest: normal order still reads normally: introduction seeds, later use pays off, seed < payoff
    ok 2 - normal order still reads normally: introduction seeds, later use pays off, seed < payoff
      ---
      duration_ms: 0.798215
      type: 'test'
      ...
    1..2
ok 372 - D6 — setup->payoff is observed, not assigned
  ---
  duration_ms: 2.377512
  type: 'suite'
  ...
# Subtest: the vault-scene script (the ledger's canonical stimulus) under the new semantics
    # Subtest: D4's false clues are gone from the canonical script; the real clue survives
    ok 1 - D4's false clues are gone from the canonical script; the real clue survives
      ---
      duration_ms: 7.680337
      type: 'test'
      ...
    1..1
ok 373 - the vault-scene script (the ledger's canonical stimulus) under the new semantics
  ---
  duration_ms: 7.93138
  type: 'suite'
  ...
# Subtest: clusterIssues — scene/lines overlap clustering
    # Subtest: rolls two issues sharing one scene span into a single finding with the worst severity
    ok 1 - rolls two issues sharing one scene span into a single finding with the worst severity
      ---
      duration_ms: 4.371333
      type: 'test'
      ...
    # Subtest: merges a lines-anchored issue into a scene cluster when its range overlaps the scene span
    ok 2 - merges a lines-anchored issue into a scene cluster when its range overlaps the scene span
      ---
      duration_ms: 0.449585
      type: 'test'
      ...
    # Subtest: does not merge two scene-anchored issues from non-overlapping scenes
    ok 3 - does not merge two scene-anchored issues from non-overlapping scenes
      ---
      duration_ms: 3.648187
      type: 'test'
      ...
    1..3
ok 374 - clusterIssues — scene/lines overlap clustering
  ---
  duration_ms: 9.817387
  type: 'suite'
  ...
# Subtest: clusterIssues — character clustering
    # Subtest: rolls two issues anchored to the same character (same first-cue line) into one finding
    ok 1 - rolls two issues anchored to the same character (same first-cue line) into one finding
      ---
      duration_ms: 0.726668
      type: 'test'
      ...
    # Subtest: does not merge two different characters even when both are anchor "character"
    ok 2 - does not merge two different characters even when both are anchor "character"
      ---
      duration_ms: 0.341245
      type: 'test'
      ...
    1..2
ok 375 - clusterIssues — character clustering
  ---
  duration_ms: 1.405126
  type: 'suite'
  ...
# Subtest: clusterIssues — document-family clustering
    # Subtest: clusters 3+ co-firing document-anchored issues from the same writer-facing family
    ok 1 - clusters 3+ co-firing document-anchored issues from the same writer-facing family
      ---
      duration_ms: 0.774565
      type: 'test'
      ...
    # Subtest: does NOT cluster only 2 co-firing document-anchored issues in the same family
    ok 2 - does NOT cluster only 2 co-firing document-anchored issues in the same family
      ---
      duration_ms: 0.531421
      type: 'test'
      ...
    1..2
ok 376 - clusterIssues — document-family clustering
  ---
  duration_ms: 1.622831
  type: 'suite'
  ...
# Subtest: clusterIssues — singletons excluded
    # Subtest: never returns a finding for a lone issue in any anchor category
    ok 1 - never returns a finding for a lone issue in any anchor category
      ---
      duration_ms: 0.38784
      type: 'test'
      ...
    1..1
ok 377 - clusterIssues — singletons excluded
  ---
  duration_ms: 1.16975
  type: 'suite'
  ...
# Subtest: clusterIssues — no ALL_CAPS rule tokens in reader-facing text
    # Subtest: never surfaces a raw rule constant in title or explanation
    ok 1 - never surfaces a raw rule constant in title or explanation
      ---
      duration_ms: 0.752516
      type: 'test'
      ...
    1..1
ok 378 - clusterIssues — no ALL_CAPS rule tokens in reader-facing text
  ---
  duration_ms: 0.962039
  type: 'suite'
  ...
# Subtest: clusterIssues — determinism and stable ids
    # Subtest: produces identical findings across two calls on the same input
    ok 1 - produces identical findings across two calls on the same input
      ---
      duration_ms: 0.957643
      type: 'test'
      ...
    # Subtest: assigns the same id to the same cluster regardless of member array order
    ok 2 - assigns the same id to the same cluster regardless of member array order
      ---
      duration_ms: 0.428662
      type: 'test'
      ...
    1..2
ok 379 - clusterIssues — determinism and stable ids
  ---
  duration_ms: 1.530316
  type: 'suite'
  ...
# Subtest: clusterIssues — root-cause template: "The middle has no engine" (midpoint-stall)
    # Subtest: fires when WEAK_MIDPOINT and MIDPOINT_EMOTIONAL_FLATLINE land in the same midpoint scene
    ok 1 - fires when WEAK_MIDPOINT and MIDPOINT_EMOTIONAL_FLATLINE land in the same midpoint scene
      ---
      duration_ms: 0.87258
      type: 'test'
      ...
    # Subtest: does not form when the same two rules land in unrelated, distant scenes
    ok 2 - does not form when the same two rules land in unrelated, distant scenes
      ---
      duration_ms: 0.208022
      type: 'test'
      ...
    1..2
ok 380 - clusterIssues — root-cause template: "The middle has no engine" (midpoint-stall)
  ---
  duration_ms: 4.123658
  type: 'suite'
  ...
# Subtest: clusterIssues — root-cause template: "Consequences don't land" (aftermath-void)
    # Subtest: fires when DRAMATIC_TURN_AFTERMATH_VOID and INCITING_AFTERMATH_STALL land in the same turn scene
    ok 1 - fires when DRAMATIC_TURN_AFTERMATH_VOID and INCITING_AFTERMATH_STALL land in the same turn scene
      ---
      duration_ms: 0.501822
      type: 'test'
      ...
    # Subtest: does not form when the same two rules land in unrelated, distant scenes
    ok 2 - does not form when the same two rules land in unrelated, distant scenes
      ---
      duration_ms: 0.213779
      type: 'test'
      ...
    1..2
ok 381 - clusterIssues — root-cause template: "Consequences don't land" (aftermath-void)
  ---
  duration_ms: 0.893615
  type: 'suite'
  ...
# Subtest: clusterIssues — root-cause template: "Everyone sounds the same about nothing" (inert-scene-flat-talk)
    # Subtest: fires when a ZERO_ENTROPY_SCENE span contains a DIALOGUE_ASSERTION_RUN line range
    ok 1 - fires when a ZERO_ENTROPY_SCENE span contains a DIALOGUE_ASSERTION_RUN line range
      ---
      duration_ms: 0.536183
      type: 'test'
      ...
    # Subtest: does not form when the assertion run falls outside the zero-entropy scene's span
    ok 2 - does not form when the assertion run falls outside the zero-entropy scene's span
      ---
      duration_ms: 0.251412
      type: 'test'
      ...
    1..2
ok 382 - clusterIssues — root-cause template: "Everyone sounds the same about nothing" (inert-scene-flat-talk)
  ---
  duration_ms: 0.903601
  type: 'suite'
  ...
# Subtest: clusterIssues — corpus-level proof (real script, real pipeline)
    # Subtest: at least one named root-cause template fires end-to-end on a real calibration corpus sample
    ok 1 - at least one named root-cause template fires end-to-end on a real calibration corpus sample
      ---
      duration_ms: 70.72632
      type: 'test'
      ...
    1..1
ok 383 - clusterIssues — corpus-level proof (real script, real pipeline)
  ---
  duration_ms: 70.870059
  type: 'suite'
  ...
# Subtest: clusterIssues — root-cause template: "Page one has no hook and no air" (airless-opening)
    # Subtest: fires when COLD_OPEN_INERT and ACTION_CONSECUTIVE_LONG_RUN land in the same opening span
    ok 1 - fires when COLD_OPEN_INERT and ACTION_CONSECUTIVE_LONG_RUN land in the same opening span
      ---
      duration_ms: 0.449472
      type: 'test'
      ...
    # Subtest: does not form when the dense-line run falls outside the cold-open scene span
    ok 2 - does not form when the dense-line run falls outside the cold-open scene span
      ---
      duration_ms: 0.266282
      type: 'test'
      ...
    1..2
ok 384 - clusterIssues — root-cause template: "Page one has no hook and no air" (airless-opening)
  ---
  duration_ms: 0.862779
  type: 'suite'
  ...
# Subtest: clusterIssues — root-cause template: "The reveal comes from nowhere and changes nothing" (hollow-reveal)
    # Subtest: fires when REVELATION_UNEARNED and REVELATION_WITHOUT_REACTION land in the same revelation scene
    ok 1 - fires when REVELATION_UNEARNED and REVELATION_WITHOUT_REACTION land in the same revelation scene
      ---
      duration_ms: 0.447144
      type: 'test'
      ...
    # Subtest: does not form when the same two rules land in unrelated, distant scenes
    ok 2 - does not form when the same two rules land in unrelated, distant scenes
      ---
      duration_ms: 0.190413
      type: 'test'
      ...
    1..2
ok 385 - clusterIssues — root-cause template: "The reveal comes from nowhere and changes nothing" (hollow-reveal)
  ---
  duration_ms: 0.747424
  type: 'suite'
  ...
# Subtest: clusterIssues — root-cause template: "A character turns, and nothing caused it" (causeless-turn)
    # Subtest: fires when BELIEF_REVERSAL_UNSUPPORTED and UNMOTIVATED_DECISION land in the same scene
    ok 1 - fires when BELIEF_REVERSAL_UNSUPPORTED and UNMOTIVATED_DECISION land in the same scene
      ---
      duration_ms: 0.35911
      type: 'test'
      ...
    # Subtest: does not form when the same two rules land in unrelated, distant scenes
    ok 2 - does not form when the same two rules land in unrelated, distant scenes
      ---
      duration_ms: 0.193704
      type: 'test'
      ...
    1..2
ok 386 - clusterIssues — root-cause template: "A character turns, and nothing caused it" (causeless-turn)
  ---
  duration_ms: 0.785224
  type: 'suite'
  ...
# Subtest: clusterIssues — Wave 1189 corpus-level proof (real script, real pipeline)
    # Subtest: at least one Wave 1189 root-cause template fires end-to-end on a real calibration corpus sample
    ok 1 - at least one Wave 1189 root-cause template fires end-to-end on a real calibration corpus sample
      ---
      duration_ms: 35.927088
      type: 'test'
      ...
    1..1
ok 387 - clusterIssues — Wave 1189 corpus-level proof (real script, real pipeline)
  ---
  duration_ms: 36.035377
  type: 'suite'
  ...
# Subtest: clusterIssues — duplicate-family merge: "Seeded threads carry no feeling"
    # Subtest: merges 4 same-family rules (2 of them from the same intention.ts pass, matching real rulebook authorship) into one finding counting 4 issues across 3 distinct passes
    ok 1 - merges 4 same-family rules (2 of them from the same intention.ts pass, matching real rulebook authorship) into one finding counting 4 issues across 3 distinct passes
      ---
      duration_ms: 0.718584
      type: 'test'
      ...
    # Subtest: does not merge when only one family rule is present (no other member to duplicate)
    ok 2 - does not merge when only one family rule is present (no other member to duplicate)
      ---
      duration_ms: 0.185289
      type: 'test'
      ...
    # Subtest: does not merge two family rules fired by the SAME pass (not a cross-pass duplicate)
    ok 3 - does not merge two family rules fired by the SAME pass (not a cross-pass duplicate)
      ---
      duration_ms: 0.222661
      type: 'test'
      ...
    1..3
ok 388 - clusterIssues — duplicate-family merge: "Seeded threads carry no feeling"
  ---
  duration_ms: 1.301639
  type: 'suite'
  ...
# Subtest: clusterIssues — duplicate-family merge: dual-authorship rules
    # Subtest: merges PAYOFF_EMOTION_DECOUPLED fired independently by intention.ts and payoff.ts
    ok 1 - merges PAYOFF_EMOTION_DECOUPLED fired independently by intention.ts and payoff.ts
      ---
      duration_ms: 0.316528
      type: 'test'
      ...
    # Subtest: merges REVELATION_RELATIONSHIP_DECOUPLED fired independently by belief.ts and intention.ts
    ok 2 - merges REVELATION_RELATIONSHIP_DECOUPLED fired independently by belief.ts and intention.ts
      ---
      duration_ms: 0.244865
      type: 'test'
      ...
    # Subtest: does not merge PAYOFF_RELATIONSHIP_DECOUPLED with an unrelated document-anchored issue from a different family
    ok 3 - does not merge PAYOFF_RELATIONSHIP_DECOUPLED with an unrelated document-anchored issue from a different family
      ---
      duration_ms: 0.208723
      type: 'test'
      ...
    1..3
ok 389 - clusterIssues — duplicate-family merge: dual-authorship rules
  ---
  duration_ms: 0.911403
  type: 'suite'
  ...
# Subtest: clusterIssues — root-cause template (document mode): "The story has no turning mechanism" (static-spine)
    # Subtest: fires when NO_REVERSALS, SUSPENSE_FLATLINE_RUN, and PURPOSE_MONOTONE_RUN all appear
    ok 1 - fires when NO_REVERSALS, SUSPENSE_FLATLINE_RUN, and PURPOSE_MONOTONE_RUN all appear
      ---
      duration_ms: 0.4494
      type: 'test'
      ...
    # Subtest: does not fire when only two of the three required rules are present
    ok 2 - does not fire when only two of the three required rules are present
      ---
      duration_ms: 0.170055
      type: 'test'
      ...
    1..2
ok 390 - clusterIssues — root-cause template (document mode): "The story has no turning mechanism" (static-spine)
  ---
  duration_ms: 0.730082
  type: 'suite'
  ...
# Subtest: clusterIssues — root-cause template (document mode): "Planted material never pays off" (promises-unkept)
    # Subtest: fires when CHEKHOV_GUN_UNFIRED and SETUP_PAYOFF_IMBALANCE both appear
    ok 1 - fires when CHEKHOV_GUN_UNFIRED and SETUP_PAYOFF_IMBALANCE both appear
      ---
      duration_ms: 0.364687
      type: 'test'
      ...
    # Subtest: does not fire when only SETUP_PAYOFF_IMBALANCE is present
    ok 2 - does not fire when only SETUP_PAYOFF_IMBALANCE is present
      ---
      duration_ms: 0.266709
      type: 'test'
      ...
    1..2
ok 391 - clusterIssues — root-cause template (document mode): "Planted material never pays off" (promises-unkept)
  ---
  duration_ms: 0.738776
  type: 'suite'
  ...
# Subtest: clusterIssues — root-cause template (document mode): "The character changes, but nothing pushed them there" (unearned-change)
    # Subtest: fires when UNMOTIVATED_TRANSFORMATION and ESCALATION_PLATEAU both appear
    ok 1 - fires when UNMOTIVATED_TRANSFORMATION and ESCALATION_PLATEAU both appear
      ---
      duration_ms: 0.403051
      type: 'test'
      ...
    # Subtest: does not fire when only UNMOTIVATED_TRANSFORMATION is present
    ok 2 - does not fire when only UNMOTIVATED_TRANSFORMATION is present
      ---
      duration_ms: 0.154193
      type: 'test'
      ...
    1..2
ok 392 - clusterIssues — root-cause template (document mode): "The character changes, but nothing pushed them there" (unearned-change)
  ---
  duration_ms: 0.660486
  type: 'suite'
  ...
# Subtest: clusterIssues — root-cause template (document mode): "The story is being told in conversation, not in action" (talk-over-action)
    # Subtest: fires when DIALOGUE_DOMINANCE (whole-script ratio) and TALKING_HEADS (a local run) both appear
    ok 1 - fires when DIALOGUE_DOMINANCE (whole-script ratio) and TALKING_HEADS (a local run) both appear
      ---
      duration_ms: 0.381169
      type: 'test'
      ...
    # Subtest: does not fire when only TALKING_HEADS is present without the script-wide ratio check
    ok 2 - does not fire when only TALKING_HEADS is present without the script-wide ratio check
      ---
      duration_ms: 0.166786
      type: 'test'
      ...
    1..2
ok 393 - clusterIssues — root-cause template (document mode): "The story is being told in conversation, not in action" (talk-over-action)
  ---
  duration_ms: 0.756928
  type: 'suite'
  ...
# Subtest: clusterIssues — Wave 1193 corpus-level proof (real script, real pipeline)
    # Subtest: runs the full pipeline over every calibration sample without throwing, and any family/template finding stays free of raw rule tokens
    ok 1 - runs the full pipeline over every calibration sample without throwing, and any family/template finding stays free of raw rule tokens
      ---
      duration_ms: 480.590371
      type: 'test'
      ...
    1..1
ok 394 - clusterIssues — Wave 1193 corpus-level proof (real script, real pipeline)
  ---
  duration_ms: 480.707438
  type: 'suite'
  ...
# {"time":"2026-08-05T02:28:23.008Z","level":"warn","msg":"collab_secret_generated","message":"COLLAB_SECRET not set — generated an ephemeral per-process secret. Set COLLAB_SECRET in any multi-process or restart-prone deployment."}
# Subtest: safeJsonParse
    # Subtest: returns parsed value for valid JSON object
    ok 1 - returns parsed value for valid JSON object
      ---
      duration_ms: 1.886588
      type: 'test'
      ...
    # Subtest: returns parsed value for valid JSON array
    ok 2 - returns parsed value for valid JSON array
      ---
      duration_ms: 0.209504
      type: 'test'
      ...
    # Subtest: returns fallback for invalid JSON
    ok 3 - returns fallback for invalid JSON
      ---
      duration_ms: 0.238194
      type: 'test'
      ...
    # Subtest: returns fallback for null input
    ok 4 - returns fallback for null input
      ---
      duration_ms: 0.143031
      type: 'test'
      ...
    # Subtest: returns fallback for empty string
    ok 5 - returns fallback for empty string
      ---
      duration_ms: 0.253198
      type: 'test'
      ...
    # Subtest: preserves fallback type for array fallback
    ok 6 - preserves fallback type for array fallback
      ---
      duration_ms: 0.339427
      type: 'test'
      ...
    # Subtest: preserves fallback type for null fallback
    ok 7 - preserves fallback type for null fallback
      ---
      duration_ms: 0.179572
      type: 'test'
      ...
    # Subtest: handles nested objects
    ok 8 - handles nested objects
      ---
      duration_ms: 0.43528
      type: 'test'
      ...
    1..8
ok 395 - safeJsonParse
  ---
  duration_ms: 5.503975
  type: 'suite'
  ...
# Subtest: Fountain script block parsing (regex patterns)
    # Subtest: detects INT. scene heading
    ok 1 - detects INT. scene heading
      ---
      duration_ms: 3.314781
      type: 'test'
      ...
    # Subtest: detects EXT. scene heading
    ok 2 - detects EXT. scene heading
      ---
      duration_ms: 0.465687
      type: 'test'
      ...
    # Subtest: detects INT/EXT. scene heading
    ok 3 - detects INT/EXT. scene heading
      ---
      duration_ms: 0.2692
      type: 'test'
      ...
    # Subtest: does not mis-classify action as scene heading
    ok 4 - does not mis-classify action as scene heading
      ---
      duration_ms: 0.121516
      type: 'test'
      ...
    # Subtest: detects ALL CAPS character name
    ok 5 - detects ALL CAPS character name
      ---
      duration_ms: 0.185773
      type: 'test'
      ...
    # Subtest: detects V.O. character name
    ok 6 - detects V.O. character name
      ---
      duration_ms: 0.162877
      type: 'test'
      ...
    # Subtest: does not classify mixed-case as character
    ok 7 - does not classify mixed-case as character
      ---
      duration_ms: 0.096994
      type: 'test'
      ...
    # Subtest: detects CUT TO: transition
    ok 8 - detects CUT TO: transition
      ---
      duration_ms: 0.228206
      type: 'test'
      ...
    # Subtest: detects FADE OUT. transition
    ok 9 - detects FADE OUT. transition
      ---
      duration_ms: 0.17936
      type: 'test'
      ...
    # Subtest: detects parenthetical
    ok 10 - detects parenthetical
      ---
      duration_ms: 0.198916
      type: 'test'
      ...
    # Subtest: does not classify non-parenthetical as parenthetical
    ok 11 - does not classify non-parenthetical as parenthetical
      ---
      duration_ms: 0.157979
      type: 'test'
      ...
    1..11
ok 396 - Fountain script block parsing (regex patterns)
  ---
  duration_ms: 5.977116
  type: 'suite'
  ...
# Subtest: CausalSpine — EventCard creation
    # Subtest: creates EventCard with LIE proposition (is_lie=true)
    ok 1 - creates EventCard with LIE proposition (is_lie=true)
      ---
      duration_ms: 10.868389
      type: 'test'
      ...
    # Subtest: creates EventCard with SPEAK proposition (is_lie=false)
    ok 2 - creates EventCard with SPEAK proposition (is_lie=false)
      ---
      duration_ms: 4.802551
      type: 'test'
      ...
    # Subtest: creates no propositions for RELOCATE
    ok 3 - creates no propositions for RELOCATE
      ---
      duration_ms: 4.448127
      type: 'test'
      ...
    1..3
ok 397 - CausalSpine — EventCard creation
  ---
  duration_ms: 20.456805
  type: 'suite'
  ...
# Subtest: CausalSpine — BeliefEdge on contradiction
    # Subtest: creates contradiction edge when new belief conflicts with told belief from Alice
    ok 1 - creates contradiction edge when new belief conflicts with told belief from Alice
      ---
      duration_ms: 6.700897
      type: 'test'
      ...
    # Subtest: returns empty edges when no contradiction detected
    ok 2 - returns empty edges when no contradiction detected
      ---
      duration_ms: 4.025595
      type: 'test'
      ...
    1..2
ok 398 - CausalSpine — BeliefEdge on contradiction
  ---
  duration_ms: 10.98874
  type: 'suite'
  ...
# Subtest: CausalSpine — BeliefEdge reinforcement (supports / supersedes)
    # Subtest: creates a supports edge when a new belief corroborates an existing one of equal authority
    ok 1 - creates a supports edge when a new belief corroborates an existing one of equal authority
      ---
      duration_ms: 4.826197
      type: 'test'
      ...
    # Subtest: creates a supersedes edge when a witnessed belief updates a told belief on the same claim
    ok 2 - creates a supersedes edge when a witnessed belief updates a told belief on the same claim
      ---
      duration_ms: 4.592315
      type: 'test'
      ...
    # Subtest: does not create a reinforcement edge across opposite polarity (that is a contradiction, not support)
    ok 3 - does not create a reinforcement edge across opposite polarity (that is a contradiction, not support)
      ---
      duration_ms: 3.986637
      type: 'test'
      ...
    1..3
ok 399 - CausalSpine — BeliefEdge reinforcement (supports / supersedes)
  ---
  duration_ms: 13.682067
  type: 'suite'
  ...
# Subtest: CausalSpine — GoalMutation and DramaticPressure
    # Subtest: creates confrontation subgoal for Bob and pressure on both agents
    ok 1 - creates confrontation subgoal for Bob and pressure on both agents
      ---
      duration_ms: 6.936223
      type: 'test'
      ...
    # Subtest: marks pressure applied and excludes it from active set
    ok 2 - marks pressure applied and excludes it from active set
      ---
      duration_ms: 6.179898
      type: 'test'
      ...
    1..2
ok 400 - CausalSpine — GoalMutation and DramaticPressure
  ---
  duration_ms: 13.314205
  type: 'suite'
  ...
# Subtest: CausalSpine — BeatTrace
    # Subtest: creates and retrieves a BeatTrace
    ok 1 - creates and retrieves a BeatTrace
      ---
      duration_ms: 6.44405
      type: 'test'
      ...
    1..1
ok 401 - CausalSpine — BeatTrace
  ---
  duration_ms: 6.601261
  type: 'suite'
  ...
# Subtest: Fountain export — BeatTrace integration
    # Subtest: includes [[BEAT (contradiction_discovered): ...]] note before the triggering action
    ok 1 - includes [[BEAT (contradiction_discovered): ...]] note before the triggering action
      ---
      duration_ms: 27.192784
      type: 'test'
      ...
    # Subtest: produces valid Fountain when no beat traces provided
    ok 2 - produces valid Fountain when no beat traces provided
      ---
      duration_ms: 0.561179
      type: 'test'
      ...
    1..2
ok 402 - Fountain export — BeatTrace integration
  ---
  duration_ms: 27.921398
  type: 'suite'
  ...
# Subtest: Fountain export — X1 action vocabulary
    # Subtest: HIDE renders a non-empty action line naming Alice
    ok 1 - HIDE renders a non-empty action line naming Alice
      ---
      duration_ms: 1.973469
      type: 'test'
      ...
    # Subtest: HIDE handles a null target / empty content gracefully
    ok 2 - HIDE handles a null target / empty content gracefully
      ---
      duration_ms: 0.761458
      type: 'test'
      ...
    # Subtest: OBSERVE renders a non-empty action line naming Alice
    ok 3 - OBSERVE renders a non-empty action line naming Alice
      ---
      duration_ms: 0.44746
      type: 'test'
      ...
    # Subtest: OBSERVE handles a null target / empty content gracefully
    ok 4 - OBSERVE handles a null target / empty content gracefully
      ---
      duration_ms: 0.323589
      type: 'test'
      ...
    # Subtest: LISTEN renders a non-empty action line naming Alice
    ok 5 - LISTEN renders a non-empty action line naming Alice
      ---
      duration_ms: 0.381501
      type: 'test'
      ...
    # Subtest: LISTEN handles a null target / empty content gracefully
    ok 6 - LISTEN handles a null target / empty content gracefully
      ---
      duration_ms: 0.271439
      type: 'test'
      ...
    # Subtest: SEARCH renders a non-empty action line naming Alice
    ok 7 - SEARCH renders a non-empty action line naming Alice
      ---
      duration_ms: 0.31848
      type: 'test'
      ...
    # Subtest: SEARCH handles a null target / empty content gracefully
    ok 8 - SEARCH handles a null target / empty content gracefully
      ---
      duration_ms: 0.295658
      type: 'test'
      ...
    # Subtest: REVEAL renders as dialogue addressed to the target, mirroring SPEAK
    ok 9 - REVEAL renders as dialogue addressed to the target, mirroring SPEAK
      ---
      duration_ms: 0.544688
      type: 'test'
      ...
    # Subtest: REVEAL with empty content still renders spoken dialogue, not blank text
    ok 10 - REVEAL with empty content still renders spoken dialogue, not blank text
      ---
      duration_ms: 0.531045
      type: 'test'
      ...
    # Subtest: THREATEN renders as dialogue with a hard-edged parenthetical
    ok 11 - THREATEN renders as dialogue with a hard-edged parenthetical
      ---
      duration_ms: 0.622427
      type: 'test'
      ...
    # Subtest: THREATEN with null target and empty content still renders non-empty dialogue
    ok 12 - THREATEN with null target and empty content still renders non-empty dialogue
      ---
      duration_ms: 0.390473
      type: 'test'
      ...
    # Subtest: BETRAY with content renders as dialogue
    ok 13 - BETRAY with content renders as dialogue
      ---
      duration_ms: 0.429796
      type: 'test'
      ...
    # Subtest: BETRAY with no content falls back to an action beat naming the target
    ok 14 - BETRAY with no content falls back to an action beat naming the target
      ---
      duration_ms: 0.383958
      type: 'test'
      ...
    # Subtest: PROTECT with content renders as dialogue; with no content renders an action beat
    ok 15 - PROTECT with content renders as dialogue; with no content renders an action beat
      ---
      duration_ms: 0.632041
      type: 'test'
      ...
    # Subtest: FORM_ALLIANCE with content renders as dialogue; with no content renders an action beat
    ok 16 - FORM_ALLIANCE with content renders as dialogue; with no content renders an action beat
      ---
      duration_ms: 0.555295
      type: 'test'
      ...
    # Subtest: FLEE renders an urgent exit action line using the recorded destination
    ok 17 - FLEE renders an urgent exit action line using the recorded destination
      ---
      duration_ms: 0.697615
      type: 'test'
      ...
    # Subtest: FLEE with empty content still renders a non-empty action line
    ok 18 - FLEE with empty content still renders a non-empty action line
      ---
      duration_ms: 0.451797
      type: 'test'
      ...
    # Subtest: every new X1 verb produces non-empty output that round-trips through parseFountain without throwing
    ok 19 - every new X1 verb produces non-empty output that round-trips through parseFountain without throwing
      ---
      duration_ms: 1.921665
      type: 'test'
      ...
    1..19
ok 403 - Fountain export — X1 action vocabulary
  ---
  duration_ms: 12.871123
  type: 'suite'
  ...
# Subtest: Stage — spine table isolation
    # Subtest: belief edges are empty on a fresh stage
    ok 1 - belief edges are empty on a fresh stage
      ---
      duration_ms: 4.371456
      type: 'test'
      ...
    # Subtest: goal mutations are empty on a fresh stage
    ok 2 - goal mutations are empty on a fresh stage
      ---
      duration_ms: 4.16304
      type: 'test'
      ...
    # Subtest: active pressures are empty on a fresh stage
    ok 3 - active pressures are empty on a fresh stage
      ---
      duration_ms: 4.369383
      type: 'test'
      ...
    # Subtest: recordAction returns a valid UUID
    ok 4 - recordAction returns a valid UUID
      ---
      duration_ms: 4.491273
      type: 'test'
      ...
    1..4
ok 404 - Stage — spine table isolation
  ---
  duration_ms: 17.646945
  type: 'suite'
  ...
# Subtest: Stage — getAllGoalMutations
    # Subtest: returns mutations across all characters
    ok 1 - returns mutations across all characters
      ---
      duration_ms: 5.166979
      type: 'test'
      ...
    # Subtest: returns empty array on a fresh stage
    ok 2 - returns empty array on a fresh stage
      ---
      duration_ms: 4.148214
      type: 'test'
      ...
    1..2
ok 405 - Stage — getAllGoalMutations
  ---
  duration_ms: 9.522446
  type: 'suite'
  ...
# Subtest: withTimeout
    # Subtest: resolves when promise settles before deadline
    ok 1 - resolves when promise settles before deadline
      ---
      duration_ms: 0.597719
      type: 'test'
      ...
    # Subtest: rejects with timeout error when promise exceeds deadline
    ok 2 - rejects with timeout error when promise exceeds deadline
      ---
      duration_ms: 79.96433
      type: 'test'
      ...
    # Subtest: propagates rejection from the original promise (no double-wrap)
    ok 3 - propagates rejection from the original promise (no double-wrap)
      ---
      duration_ms: 0.558612
      type: 'test'
      ...
# {"time":"2026-08-05T02:28:23.810Z","level":"warn","msg":"ai_retry","label":"unit:retry","attempt":1,"maxAttempts":3,"delayMs":611,"error":"503 Service Unavailable"}
    # Subtest: label appears in timeout message
    ok 4 - label appears in timeout message
      ---
      duration_ms: 10.241894
      type: 'test'
      ...
    1..4
ok 406 - withTimeout
  ---
  duration_ms: 91.751458
  type: 'suite'
  ...
# Subtest: modelForTask
    # Subtest: routes high-volume tasks to the fast tier
    ok 1 - routes high-volume tasks to the fast tier
      ---
      duration_ms: 0.324646
      type: 'test'
      ...
    # Subtest: routes quality-critical single-shot tasks to the pro tier
    ok 2 - routes quality-critical single-shot tasks to the pro tier
      ---
      duration_ms: 0.115845
      type: 'test'
      ...
    # Subtest: honors a per-task env override
    ok 3 - honors a per-task env override
      ---
      duration_ms: 0.263611
      type: 'test'
      ...
    # Subtest: ignores an invalid env override and falls back to the default tier
    ok 4 - ignores an invalid env override and falls back to the default tier
      ---
      duration_ms: 0.166759
      type: 'test'
      ...
    1..4
ok 407 - modelForTask
  ---
  duration_ms: 1.035
  type: 'suite'
  ...
# Subtest: CausalSpine — source genealogy fallback
    # Subtest: finds suspect via EventProposition.asserted_by when source_agent_id missing from belief
    ok 1 - finds suspect via EventProposition.asserted_by when source_agent_id missing from belief
      ---
      duration_ms: 6.158152
      type: 'test'
      ...
    # Subtest: does not add discoverer as own suspect via EventProposition fallback
    ok 2 - does not add discoverer as own suspect via EventProposition fallback
      ---
      duration_ms: 4.829419
      type: 'test'
      ...
    1..2
ok 408 - CausalSpine — source genealogy fallback
  ---
  duration_ms: 11.115494
  type: 'suite'
  ...
# Subtest: CausalSpine — suspect defensive goal mutation
    # Subtest: Alice gets a deflect subgoal when Bob discovers her contradiction
    ok 1 - Alice gets a deflect subgoal when Bob discovers her contradiction
      ---
      duration_ms: 5.228452
      type: 'test'
      ...
    1..1
ok 409 - CausalSpine — suspect defensive goal mutation
  ---
  duration_ms: 5.328827
  type: 'suite'
  ...
# Subtest: CausalSpine — BeliefEdge severity
    # Subtest: severity equals round(max(fromConfidence, toConfidence) * 100)
    ok 1 - severity equals round(max(fromConfidence, toConfidence) * 100)
      ---
      duration_ms: 5.609535
      type: 'test'
      ...
    1..1
ok 410 - CausalSpine — BeliefEdge severity
  ---
  duration_ms: 6.264527
  type: 'suite'
  ...
# Subtest: Stage — getActiveBeliefEdges
    # Subtest: returns edges discovered by the given character
    ok 1 - returns edges discovered by the given character
      ---
      duration_ms: 11.052018
      type: 'test'
      ...
    1..1
ok 411 - Stage — getActiveBeliefEdges
  ---
  duration_ms: 11.293066
  type: 'suite'
  ...
# Subtest: CausalSpine — resolveVisibility
    # Subtest: EXAMINE is private to the actor only
    ok 1 - EXAMINE is private to the actor only
      ---
      duration_ms: 7.083066
      type: 'test'
      ...
    # Subtest: SPEAK is visible to all agents in the same location
    ok 2 - SPEAK is visible to all agents in the same location
      ---
      duration_ms: 6.532989
      type: 'test'
      ...
    # Subtest: SPEAK is not visible to agents in a different location
    ok 3 - SPEAK is not visible to agents in a different location
      ---
      duration_ms: 4.271633
      type: 'test'
      ...
    1..3
ok 412 - CausalSpine — resolveVisibility
  ---
  duration_ms: 18.097539
  type: 'suite'
  ...
# Subtest: CausalSpine — summarizeForDirector
    # Subtest: returns recentBeats within the last 3 turns
    ok 1 - returns recentBeats within the last 3 turns
      ---
      duration_ms: 5.005636
      type: 'test'
      ...
    # Subtest: activeEdgeCount reflects stored edges
    ok 2 - activeEdgeCount reflects stored edges
      ---
      duration_ms: 4.357154
      type: 'test'
      ...
    # Subtest: information_position defaults correctly per beatType
    ok 3 - information_position defaults correctly per beatType
      ---
      duration_ms: 4.311217
      type: 'test'
      ...
    1..3
ok 413 - CausalSpine — summarizeForDirector
  ---
  duration_ms: 13.860998
  type: 'suite'
  ...
# Subtest: Stage — exportSnapshot / importSnapshot
    # Subtest: round-trips locations and agents through export → import
    ok 1 - round-trips locations and agents through export → import
      ---
      duration_ms: 10.726107
      type: 'test'
      ...
    # Subtest: round-trips action log entries preserving action_id and content
    ok 2 - round-trips action log entries preserving action_id and content
      ---
      duration_ms: 8.938095
      type: 'test'
      ...
    # Subtest: round-trips beat traces
    ok 3 - round-trips beat traces
      ---
      duration_ms: 9.113338
      type: 'test'
      ...
    # Subtest: empty stage exports a valid snapshot with empty arrays
    ok 4 - empty stage exports a valid snapshot with empty arrays
      ---
      duration_ms: 4.201176
      type: 'test'
      ...
    1..4
ok 414 - Stage — exportSnapshot / importSnapshot
  ---
  duration_ms: 33.212469
  type: 'suite'
  ...
# Subtest: character-memory — export / import
    # Subtest: exports a bundle with the full psychological sheet and an arc summary
    ok 1 - exports a bundle with the full psychological sheet and an arc summary
      ---
      duration_ms: 4.622489
      type: 'test'
      ...
    # Subtest: returns null when exporting an unknown character
    ok 2 - returns null when exporting an unknown character
      ---
      duration_ms: 4.159538
      type: 'test'
      ...
    # Subtest: imports a bundle into a fresh session, placing the character in a location
    ok 3 - imports a bundle into a fresh session, placing the character in a location
      ---
      duration_ms: 8.71738
      type: 'test'
      ...
    # Subtest: remaps char_id on collision instead of clobbering an existing character
    ok 4 - remaps char_id on collision instead of clobbering an existing character
      ---
      duration_ms: 8.921301
      type: 'test'
      ...
    # Subtest: throws a clear error instead of spinning forever when every suffix up to the cap is already taken
    ok 5 - throws a clear error instead of spinning forever when every suffix up to the cap is already taken
      ---
      duration_ms: 249.504071
      type: 'test'
      ...
    # Subtest: rejects a bundle with a newer schema version
    ok 6 - rejects a bundle with a newer schema version
      ---
      duration_ms: 9.301661
      type: 'test'
      ...
    # Subtest: validates bundle shape via isCharacterMemoryBundle
    ok 7 - validates bundle shape via isCharacterMemoryBundle
      ---
      duration_ms: 4.867126
      type: 'test'
      ...
    1..7
ok 415 - character-memory — export / import
  ---
  duration_ms: 290.547592
  type: 'suite'
  ...
# Subtest: Stage — getDirectorTensionState / saveDirectorTensionState
    # Subtest: returns default values on a fresh stage
    ok 1 - returns default values on a fresh stage
      ---
      duration_ms: 4.859501
      type: 'test'
      ...
    # Subtest: round-trips accumulator and history through save → get
    ok 2 - round-trips accumulator and history through save → get
      ---
      duration_ms: 4.717802
      type: 'test'
      ...
    # Subtest: overwrites previous values on second save
    ok 3 - overwrites previous values on second save
      ---
      duration_ms: 4.501529
      type: 'test'
      ...
    # Subtest: preserves tension state across updateIllusionState calls
    ok 4 - preserves tension state across updateIllusionState calls
      ---
      duration_ms: 4.793984
      type: 'test'
      ...
    # Subtest: persists and round-trips story_genre through updateIllusionState
    ok 5 - persists and round-trips story_genre through updateIllusionState
      ---
      duration_ms: 4.964729
      type: 'test'
      ...
    1..5
ok 416 - Stage — getDirectorTensionState / saveDirectorTensionState
  ---
  duration_ms: 24.214849
  type: 'suite'
  ...
# Subtest: genre-router — genrePromptBlock
    # Subtest: returns empty string when genre is undefined
    ok 1 - returns empty string when genre is undefined
      ---
      duration_ms: 0.334204
      type: 'test'
      ...
    # Subtest: produces a tone instruction, register, and cliché list for each genre
    ok 2 - produces a tone instruction, register, and cliché list for each genre
      ---
      duration_ms: 0.499583
      type: 'test'
      ...
    # Subtest: every GENRE_MODIFIERS entry has at least 3 forbidden clichés
    ok 3 - every GENRE_MODIFIERS entry has at least 3 forbidden clichés
      ---
      duration_ms: 0.18644
      type: 'test'
      ...
    # Subtest: GENRE_RULE_MODIFIERS only keys on known genres from GENRE_NAMES
    ok 4 - GENRE_RULE_MODIFIERS only keys on known genres from GENRE_NAMES
      ---
      duration_ms: 0.260931
      type: 'test'
      ...
    # Subtest: every populated GENRE_RULE_MODIFIERS field is a finite, positive number
    ok 5 - every populated GENRE_RULE_MODIFIERS field is a finite, positive number
      ---
      duration_ms: 0.356133
      type: 'test'
      ...
    # Subtest: every original genre now has a live rule modifier (noir closed by B1-a)
    ok 6 - every original genre now has a live rule modifier (noir closed by B1-a)
      ---
      duration_ms: 0.226415
      type: 'test'
      ...
    # Subtest: romance, sci_fi, and mystery each have exactly the one field Wave 1188 gave them
    ok 7 - romance, sci_fi, and mystery each have exactly the one field Wave 1188 gave them
      ---
      duration_ms: 0.132627
      type: 'test'
      ...
    1..7
ok 417 - genre-router — genrePromptBlock
  ---
  duration_ms: 2.335294
  type: 'suite'
  ...
# Subtest: Stage — hasUnexposedLiesInChain
    # Subtest: returns false for an empty event list
    ok 1 - returns false for an empty event list
      ---
      duration_ms: 4.426149
      type: 'test'
      ...
    # Subtest: returns true when a lie in the chain has perceived_truth=true
    ok 2 - returns true when a lie in the chain has perceived_truth=true
      ---
      duration_ms: 4.6291
      type: 'test'
      ...
    # Subtest: returns false after perceived_truth is flipped to false (lie exposed)
    ok 3 - returns false after perceived_truth is flipped to false (lie exposed)
      ---
      duration_ms: 5.020975
      type: 'test'
      ...
    # Subtest: returns false when the chain contains only SPEAK events
    ok 4 - returns false when the chain contains only SPEAK events
      ---
      duration_ms: 4.661473
      type: 'test'
      ...
    1..4
ok 418 - Stage — hasUnexposedLiesInChain
  ---
  duration_ms: 19.050951
  type: 'suite'
  ...
# Subtest: CausalSpine — processExamine
    # Subtest: flips perceived_truth to false for unexposed lies and returns witness beliefs
    ok 1 - flips perceived_truth to false for unexposed lies and returns witness beliefs
      ---
      duration_ms: 6.094611
      type: 'test'
      ...
    # Subtest: returns empty array when target has no unexposed lies
    ok 2 - returns empty array when target has no unexposed lies
      ---
      duration_ms: 4.557476
      type: 'test'
      ...
    # Subtest: does not re-expose an already-exposed lie
    ok 3 - does not re-expose an already-exposed lie
      ---
      duration_ms: 5.397695
      type: 'test'
      ...
    1..3
ok 419 - CausalSpine — processExamine
  ---
  duration_ms: 16.337638
  type: 'suite'
  ...
# Subtest: analyzeSubtext
    # Subtest: returns score 0 for an empty line list
    ok 1 - returns score 0 for an empty line list
      ---
      duration_ms: 0.323068
      type: 'test'
      ...
    # Subtest: detects on-the-nose emotion declaration
    ok 2 - detects on-the-nose emotion declaration
      ---
      duration_ms: 2.877174
      type: 'test'
      ...
    # Subtest: detects subtext indicators (hedging)
    ok 3 - detects subtext indicators (hedging)
      ---
      duration_ms: 1.530193
      type: 'test'
      ...
    # Subtest: detects motive disclosure as on-the-nose
    ok 4 - detects motive disclosure as on-the-nose
      ---
      duration_ms: 0.198926
      type: 'test'
      ...
    # Subtest: low-subtext pure dialogue gets near-zero score
    ok 5 - low-subtext pure dialogue gets near-zero score
      ---
      duration_ms: 1.656388
      type: 'test'
      ...
    # Subtest: worstLine is non-empty when score >= 20
    ok 6 - worstLine is non-empty when score >= 20
      ---
      duration_ms: 0.147006
      type: 'test'
      ...
    1..6
ok 420 - analyzeSubtext
  ---
  duration_ms: 6.993797
  type: 'suite'
  ...
# Subtest: CausalSpine — belief confidence decay on contradiction
    # Subtest: halves the confidence of the contradicted belief (floor 0.05)
    ok 1 - halves the confidence of the contradicted belief (floor 0.05)
      ---
      duration_ms: 5.144768
      type: 'test'
      ...
    # Subtest: does not reduce confidence of the new (contradicting) belief
    ok 2 - does not reduce confidence of the new (contradicting) belief
      ---
      duration_ms: 5.787957
      type: 'test'
      ...
    1..2
ok 421 - CausalSpine — belief confidence decay on contradiction
  ---
  duration_ms: 11.082075
  type: 'suite'
  ...
# Subtest: CausalSpine — negation-aware contradiction detection
    # Subtest: detects negation pair via processBeliefUpdate without named contradiction
    ok 1 - detects negation pair via processBeliefUpdate without named contradiction
      ---
      duration_ms: 4.949614
      type: 'test'
      ...
    1..1
ok 422 - CausalSpine — negation-aware contradiction detection
  ---
  duration_ms: 5.036562
  type: 'suite'
  ...
# Subtest: memory — scoreBelief
    # Subtest: recent beliefs outscore old beliefs, all else equal
    ok 1 - recent beliefs outscore old beliefs, all else equal
      ---
      duration_ms: 0.609104
      type: 'test'
      ...
    # Subtest: witnessed beliefs outscore inferred beliefs, all else equal
    ok 2 - witnessed beliefs outscore inferred beliefs, all else equal
      ---
      duration_ms: 0.144996
      type: 'test'
      ...
    # Subtest: context-relevant beliefs outscore irrelevant ones, all else equal
    ok 3 - context-relevant beliefs outscore irrelevant ones, all else equal
      ---
      duration_ms: 0.133604
      type: 'test'
      ...
    # Subtest: score is bounded in [0,1]
    ok 4 - score is bounded in [0,1]
      ---
      duration_ms: 0.129871
      type: 'test'
      ...
    1..4
ok 423 - memory — scoreBelief
  ---
  duration_ms: 1.173346
  type: 'suite'
  ...
# Subtest: memory — retrieveBeliefs
    # Subtest: caps results at the requested limit
    ok 1 - caps results at the requested limit
      ---
      duration_ms: 0.68874
      type: 'test'
      ...
    # Subtest: surfaces the context-relevant belief first
    ok 2 - surfaces the context-relevant belief first
      ---
      duration_ms: 0.298368
      type: 'test'
      ...
    # Subtest: returns all beliefs (ranked) when count is under the limit
    ok 3 - returns all beliefs (ranked) when count is under the limit
      ---
      duration_ms: 0.126253
      type: 'test'
      ...
    1..3
ok 424 - memory — retrieveBeliefs
  ---
  duration_ms: 1.251591
  type: 'suite'
  ...
# Subtest: metrics
    # Subtest: records call counts, failures, and retries per category
    ok 1 - records call counts, failures, and retries per category
      ---
      duration_ms: 0.762782
      type: 'test'
      ...
    # Subtest: reset clears all recorded stats
    ok 2 - reset clears all recorded stats
      ---
      duration_ms: 0.14829
      type: 'test'
      ...
    # Subtest: estimates token cost in USD per category and in total (M6)
    ok 3 - estimates token cost in USD per category and in total (M6)
      ---
      duration_ms: 0.211092
      type: 'test'
      ...
    1..3
ok 425 - metrics
  ---
  duration_ms: 1.235036
  type: 'suite'
  ...
# Subtest: ai — LLM provider seam
    # Subtest: generateContent delegates to the active provider
    ok 1 - generateContent delegates to the active provider
      ---
      duration_ms: 43.738711
      type: 'test'
      ...
# {"time":"2026-08-05T02:28:24.432Z","level":"info","msg":"dialogue_lock_start","location_id":"room-1","agents":2}
# {"time":"2026-08-05T02:28:24.433Z","level":"debug","msg":"agent_turn","agent":"Alice","location_id":"room-1"}
# {"time":"2026-08-05T02:28:24.440Z","level":"debug","msg":"agent_turn","agent":"Bob","location_id":"room-1"}
# {"time":"2026-08-05T02:28:24.452Z","level":"warn","msg":"bridge_tier1_reject","actionId":"1cfe169b-1a20-4720-a92e-3cde1b2ad830","actionType":"SPEAK","charId":"agent-bob","failing":"EpistemicProof"}
# {"time":"2026-08-05T02:28:24.453Z","level":"info","msg":"director_eval_start","location_id":"room-1"}
# {"time":"2026-08-05T02:28:24.458Z","level":"info","msg":"director_eval","tensionDelta":"8.0","contradictions":0,"observers":2}
# {"time":"2026-08-05T02:28:24.460Z","level":"info","msg":"subtext_score","score":10,"onTheNose":0,"subtext":0,"lines":2}
# {"time":"2026-08-05T02:28:24.469Z","level":"info","msg":"dialogue_lock_start","location_id":"room-1","agents":2}
# {"time":"2026-08-05T02:28:24.469Z","level":"debug","msg":"agent_turn","agent":"Alice","location_id":"room-1"}
# {"time":"2026-08-05T02:28:24.472Z","level":"debug","msg":"agent_turn","agent":"Bob","location_id":"room-1"}
# {"time":"2026-08-05T02:28:24.479Z","level":"warn","msg":"bridge_tier1_reject","actionId":"0a49a89e-aebc-48ac-9472-cffc7a160808","actionType":"SPEAK","charId":"agent-bob","failing":"EpistemicProof"}
# {"time":"2026-08-05T02:28:24.479Z","level":"info","msg":"director_eval_start","location_id":"room-1"}
# {"time":"2026-08-05T02:28:24.481Z","level":"info","msg":"director_eval","tensionDelta":"8.0","contradictions":0,"observers":2}
# {"time":"2026-08-05T02:28:24.481Z","level":"info","msg":"subtext_score","score":10,"onTheNose":0,"subtext":0,"lines":2}
# {"time":"2026-08-05T02:28:24.489Z","level":"info","msg":"dialogue_lock_start","location_id":"room-1","agents":2}
# {"time":"2026-08-05T02:28:24.489Z","level":"debug","msg":"agent_turn","agent":"Alice","location_id":"room-1"}
# {"time":"2026-08-05T02:28:24.492Z","level":"debug","msg":"agent_turn","agent":"Bob","location_id":"room-1"}
# {"time":"2026-08-05T02:28:24.505Z","level":"warn","msg":"bridge_tier1_reject","actionId":"96fc5930-f3df-41ac-9cda-3385dac45547","actionType":"SPEAK","charId":"agent-bob","failing":"EpistemicProof"}
# {"time":"2026-08-05T02:28:24.506Z","level":"info","msg":"director_eval_start","location_id":"room-1"}
# {"time":"2026-08-05T02:28:24.508Z","level":"info","msg":"director_eval","tensionDelta":"8.0","contradictions":0,"observers":2}
# {"time":"2026-08-05T02:28:24.509Z","level":"info","msg":"subtext_score","score":10,"onTheNose":0,"subtext":0,"lines":2}
# {"time":"2026-08-05T02:28:24.515Z","level":"info","msg":"dialogue_lock_start","location_id":"room-1","agents":2}
# {"time":"2026-08-05T02:28:24.515Z","level":"debug","msg":"agent_turn","agent":"Alice","location_id":"room-1"}
# {"time":"2026-08-05T02:28:24.518Z","level":"debug","msg":"agent_turn","agent":"Bob","location_id":"room-1"}
# {"time":"2026-08-05T02:28:24.524Z","level":"warn","msg":"bridge_tier1_reject","actionId":"9cc94f1a-65b3-4317-9e88-87c61559061a","actionType":"SPEAK","charId":"agent-bob","failing":"EpistemicProof"}
# {"time":"2026-08-05T02:28:24.525Z","level":"info","msg":"director_eval_start","location_id":"room-1"}
# {"time":"2026-08-05T02:28:24.527Z","level":"info","msg":"director_eval","tensionDelta":"8.0","contradictions":0,"observers":2}
# {"time":"2026-08-05T02:28:24.528Z","level":"info","msg":"subtext_score","score":10,"onTheNose":0,"subtext":0,"lines":2}
# {"time":"2026-08-05T02:28:24.534Z","level":"info","msg":"dialogue_lock_start","location_id":"room-1","agents":2}
# {"time":"2026-08-05T02:28:24.534Z","level":"debug","msg":"agent_turn","agent":"Alice","location_id":"room-1"}
# {"time":"2026-08-05T02:28:24.538Z","level":"warn","msg":"agent_parse_fallback","agent":"Alice","method":"updateEpistemics","preview":"{\\"newSuspicionScore\\":20,\\"newBeliefs\\":[],\\"updatedTheoryOfMind\\":[{\\"agent_name\\":\\"Bob\\",\\"believed_motive\\":\\"Hide something\\",\\"t"}
# {"time":"2026-08-05T02:28:24.539Z","level":"warn","msg":"agent_parse_fallback","agent":"Bob","method":"updateEpistemics","preview":"{\\"newSuspicionScore\\":20,\\"newBeliefs\\":[],\\"updatedTheoryOfMind\\":[{\\"agent_name\\":\\"Bob\\",\\"believed_motive\\":\\"Hide something\\",\\"t"}
# {"time":"2026-08-05T02:28:24.542Z","level":"info","msg":"director_eval_start","location_id":"room-1"}
# {"time":"2026-08-05T02:28:24.543Z","level":"info","msg":"director_eval","tensionDelta":"0.0","contradictions":0,"observers":2}
# {"time":"2026-08-05T02:28:24.544Z","level":"info","msg":"subtext_score","score":10,"onTheNose":0,"subtext":0,"lines":1}
# {"time":"2026-08-05T02:28:24.563Z","level":"info","msg":"dialogue_lock_start","location_id":"room-1","agents":2}
# {"time":"2026-08-05T02:28:24.563Z","level":"debug","msg":"agent_turn","agent":"Alice","location_id":"room-1"}
# {"time":"2026-08-05T02:28:24.566Z","level":"warn","msg":"agent_parse_fallback","agent":"Alice","method":"updateEpistemics","preview":"{\\"newSuspicionScore\\":10,\\"newBeliefs\\":[],\\"updatedTheoryOfMind\\":[],\\"contradiction_detected\\":false,\\"contradicted_propositio"}
# {"time":"2026-08-05T02:28:24.566Z","level":"warn","msg":"agent_parse_fallback","agent":"Bob","method":"updateEpistemics","preview":"{\\"newSuspicionScore\\":10,\\"newBeliefs\\":[],\\"updatedTheoryOfMind\\":[],\\"contradiction_detected\\":false,\\"contradicted_propositio"}
# {"time":"2026-08-05T02:28:24.569Z","level":"info","msg":"director_eval_start","location_id":"room-1"}
# {"time":"2026-08-05T02:28:24.570Z","level":"info","msg":"director_eval","tensionDelta":"0.0","contradictions":0,"observers":2}
# {"time":"2026-08-05T02:28:24.571Z","level":"info","msg":"subtext_score","score":10,"onTheNose":0,"subtext":0,"lines":1}
# {"time":"2026-08-05T02:28:24.571Z","level":"info","msg":"stakes_pressure","agent":"Alice","stakes":"Will be arrested if the truth comes out","pressureType":"ESCALATE","magnitude":75}
# {"time":"2026-08-05T02:28:24.619Z","level":"info","msg":"director_eval","tensionDelta":"0.0","contradictions":0,"observers":2}
# {"time":"2026-08-05T02:28:24.619Z","level":"info","msg":"subtext_score","score":10,"onTheNose":0,"subtext":0,"lines":1}
# {"time":"2026-08-05T02:28:24.621Z","level":"info","msg":"dramatic_irony","location_id":"room-1","unexposedLies":1,"turn":1}
# {"time":"2026-08-05T02:28:24.627Z","level":"info","msg":"director_eval","tensionDelta":"0.0","contradictions":0,"observers":1}
# {"time":"2026-08-05T02:28:24.627Z","level":"info","msg":"subtext_score","score":100,"onTheNose":1,"subtext":0,"lines":1}
# {"time":"2026-08-05T02:28:24.628Z","level":"info","msg":"subtext_cool_pressure","agents":1,"score":100}
# {"time":"2026-08-05T02:28:24.630Z","level":"info","msg":"beat_compliance_redirect","phase":"Setup","avoid":"reveal secret confession","violations":1,"turn":1}
# {"time":"2026-08-05T02:28:24.691Z","level":"warn","msg":"ai-provider-resolve-private-allowed","hostname":"127.0.0.1","address":"127.0.0.1","override":true}
    # Subtest: retries a transient failure then succeeds
    ok 2 - retries a transient failure then succeeds
      ---
      duration_ms: 613.90926
      type: 'test'
      ...
    # Subtest: generateContentStream yields each provider chunk in order (P1 ghost text)
    ok 3 - generateContentStream yields each provider chunk in order (P1 ghost text)
      ---
      duration_ms: 0.878475
      type: 'test'
      ...
    # Subtest: generateContentStream falls back to a single generate when the provider cannot stream
    ok 4 - generateContentStream falls back to a single generate when the provider cannot stream
      ---
      duration_ms: 0.535229
      type: 'test'
      ...
    # Subtest: does not retry a non-transient failure
    ok 5 - does not retry a non-transient failure
      ---
      duration_ms: 0.488529
      type: 'test'
      ...
    1..5
ok 426 - ai — LLM provider seam
  ---
  duration_ms: 659.907719
  type: 'suite'
  ...
# Subtest: Orchestrator — runRoomSimulation with mock LLM
    # Subtest: completes a 2-turn simulation without throwing
    ok 1 - completes a 2-turn simulation without throwing
      ---
      duration_ms: 37.800285
      type: 'test'
      ...
    # Subtest: records actions in the stage after the run
    ok 2 - records actions in the stage after the run
      ---
      duration_ms: 19.86059
      type: 'test'
      ...
    # Subtest: updates agent suspicion via updateEpistemics
    ok 3 - updates agent suspicion via updateEpistemics
      ---
      duration_ms: 26.97195
      type: 'test'
      ...
    # Subtest: calls takeTurn, updateEpistemics, and evaluatePerspective
    ok 4 - calls takeTurn, updateEpistemics, and evaluatePerspective
      ---
      duration_ms: 18.903046
      type: 'test'
      ...
    1..4
ok 427 - Orchestrator — runRoomSimulation with mock LLM
  ---
  duration_ms: 103.815895
  type: 'suite'
  ...
# Subtest: Orchestrator — relationship graph fields populated via mock LLM
    # Subtest: writes affinity, power_balance, debt, and shared_history into TheoryOfMind
    ok 1 - writes affinity, power_balance, debt, and shared_history into TheoryOfMind
      ---
      duration_ms: 16.039554
      type: 'test'
      ...
    1..1
ok 428 - Orchestrator — relationship graph fields populated via mock LLM
  ---
  duration_ms: 16.159308
  type: 'suite'
  ...
# Subtest: Stage — stakes CRUD
    # Subtest: stores and retrieves active stakes
    ok 1 - stores and retrieves active stakes
      ---
      duration_ms: 4.206749
      type: 'test'
      ...
    # Subtest: resolveStakes marks outcome and removes from active set
    ok 2 - resolveStakes marks outcome and removes from active set
      ---
      duration_ms: 4.299207
      type: 'test'
      ...
    # Subtest: addAgent seeds stakes from CharacterSheet.stakes[]
    ok 3 - addAgent seeds stakes from CharacterSheet.stakes[]
      ---
      duration_ms: 4.088936
      type: 'test'
      ...
    1..3
ok 429 - Stage — stakes CRUD
  ---
  duration_ms: 12.788441
  type: 'suite'
  ...
# Subtest: Orchestrator — stakes escalation emits pressure
    # Subtest: high-magnitude stake emits ESCALATE pressure on stakeholder
    ok 1 - high-magnitude stake emits ESCALATE pressure on stakeholder
      ---
      duration_ms: 13.626279
      type: 'test'
      ...
    1..1
ok 430 - Orchestrator — stakes escalation emits pressure
  ---
  duration_ms: 13.734579
  type: 'suite'
  ...
# Subtest: personality — actionBiasWeights
    # Subtest: action-bias table covers exactly the canonical ACTION_TYPES vocabulary
    ok 1 - action-bias table covers exactly the canonical ACTION_TYPES vocabulary
      ---
      duration_ms: 0.22984
      type: 'test'
      ...
    # Subtest: neutral traits → all weights at or near 1.0 (RELOCATE base is 1.08)
    ok 2 - neutral traits → all weights at or near 1.0 (RELOCATE base is 1.08)
      ---
      duration_ms: 0.144985
      type: 'test'
      ...
    # Subtest: high machiavellianism raises LIE weight above neutral
    ok 3 - high machiavellianism raises LIE weight above neutral
      ---
      duration_ms: 0.293285
      type: 'test'
      ...
    # Subtest: high extraversion raises SPEAK, low raises RELOCATE
    ok 4 - high extraversion raises SPEAK, low raises RELOCATE
      ---
      duration_ms: 0.211649
      type: 'test'
      ...
    # Subtest: all weights are clamped between 0.5 and 1.6
    ok 5 - all weights are clamped between 0.5 and 1.6
      ---
      duration_ms: 0.218207
      type: 'test'
      ...
    1..5
ok 431 - personality — actionBiasWeights
  ---
  duration_ms: 1.325672
  type: 'suite'
  ...
# Subtest: personality — defenseActionBias
    # Subtest: denial → EXAMINE suppressed (< 1)
    ok 1 - denial → EXAMINE suppressed (< 1)
      ---
      duration_ms: 0.140356
      type: 'test'
      ...
    # Subtest: dissociation → RELOCATE boosted, SPEAK suppressed
    ok 2 - dissociation → RELOCATE boosted, SPEAK suppressed
      ---
      duration_ms: 0.109746
      type: 'test'
      ...
    # Subtest: null defense → empty biases
    ok 3 - null defense → empty biases
      ---
      duration_ms: 0.233807
      type: 'test'
      ...
    1..3
ok 432 - personality — defenseActionBias
  ---
  duration_ms: 0.629833
  type: 'suite'
  ...
# Subtest: personality — effectiveScore
    # Subtest: neutral traits + null defense → effectiveScore ≈ goalScore
    ok 1 - neutral traits + null defense → effectiveScore ≈ goalScore
      ---
      duration_ms: 0.170151
      type: 'test'
      ...
    # Subtest: high machiavellianism breaks a goal_score tie in favour of LIE over SPEAK
    ok 2 - high machiavellianism breaks a goal_score tie in favour of LIE over SPEAK
      ---
      duration_ms: 0.111144
      type: 'test'
      ...
    # Subtest: dissociation defense breaks tie in favour of RELOCATE over SPEAK
    ok 3 - dissociation defense breaks tie in favour of RELOCATE over SPEAK
      ---
      duration_ms: 0.105582
      type: 'test'
      ...
    1..3
ok 433 - personality — effectiveScore
  ---
  duration_ms: 0.489508
  type: 'suite'
  ...
# Subtest: memory — consolidateBeliefs
    # Subtest: near-duplicate propositions are merged into one
    ok 1 - near-duplicate propositions are merged into one
      ---
      duration_ms: 0.534885
      type: 'test'
      ...
    # Subtest: distinct propositions are kept separately
    ok 2 - distinct propositions are kept separately
      ---
      duration_ms: 0.132568
      type: 'test'
      ...
    # Subtest: prunes stale low-confidence non-witnessed beliefs
    ok 3 - prunes stale low-confidence non-witnessed beliefs
      ---
      duration_ms: 0.333239
      type: 'test'
      ...
    # Subtest: witnessed beliefs survive even with low confidence and old age
    ok 4 - witnessed beliefs survive even with low confidence and old age
      ---
      duration_ms: 0.250665
      type: 'test'
      ...
    # Subtest: empty list returns empty
    ok 5 - empty list returns empty
      ---
      duration_ms: 0.103912
      type: 'test'
      ...
    1..5
ok 434 - memory — consolidateBeliefs
  ---
  duration_ms: 1.542708
  type: 'suite'
  ...
# Subtest: AppraisalEngine — emotion decay is strict and reaches 0
    # Subtest: every integer starting value decays strictly to 0 within 100 steps
    ok 1 - every integer starting value decays strictly to 0 within 100 steps
      ---
      duration_ms: 0.955264
      type: 'test'
      ...
    # Subtest: Math.ceil fixed-point is gone — value 8 now decays
    ok 2 - Math.ceil fixed-point is gone — value 8 now decays
      ---
      duration_ms: 0.153063
      type: 'test'
      ...
    1..2
ok 435 - AppraisalEngine — emotion decay is strict and reaches 0
  ---
  duration_ms: 1.19563
  type: 'suite'
  ...
# Subtest: AppraisalEngine — applySuspicionContagion
    # Subtest: distressed neighbor raises observer suspicion, weighted by distrust
    ok 1 - distressed neighbor raises observer suspicion, weighted by distrust
      ---
      duration_ms: 4.569957
      type: 'test'
      ...
    # Subtest: high-trust distressed neighbor causes minimal suspicion rise
    ok 2 - high-trust distressed neighbor causes minimal suspicion rise
      ---
      duration_ms: 4.363211
      type: 'test'
      ...
    # Subtest: calm neighbor (intensity < 30) causes no suspicion change
    ok 3 - calm neighbor (intensity < 30) causes no suspicion change
      ---
      duration_ms: 4.244345
      type: 'test'
      ...
    1..3
ok 436 - AppraisalEngine — applySuspicionContagion
  ---
  duration_ms: 13.347406
  type: 'suite'
  ...
# Subtest: WAIT action — personality bias
    # Subtest: introvert (extraversion=10) gets higher WAIT weight than extrovert (extraversion=90)
    ok 1 - introvert (extraversion=10) gets higher WAIT weight than extrovert (extraversion=90)
      ---
      duration_ms: 0.253422
      type: 'test'
      ...
    # Subtest: high-neuroticism agent gets higher WAIT weight
    ok 2 - high-neuroticism agent gets higher WAIT weight
      ---
      duration_ms: 0.133259
      type: 'test'
      ...
    # Subtest: all-neutral traits → WAIT weight exactly 1.0
    ok 3 - all-neutral traits → WAIT weight exactly 1.0
      ---
      duration_ms: 0.18174
      type: 'test'
      ...
    # Subtest: WAIT weight is within [0.5, 1.6] for extreme traits
    ok 4 - WAIT weight is within [0.5, 1.6] for extreme traits
      ---
      duration_ms: 0.123694
      type: 'test'
      ...
    1..4
ok 437 - WAIT action — personality bias
  ---
  duration_ms: 0.853985
  type: 'suite'
  ...
# Subtest: WAIT action — Orchestrator is_audible
    # Subtest: WAIT action is recorded as non-audible in the action log
    ok 1 - WAIT action is recorded as non-audible in the action log
      ---
      duration_ms: 8.184799
      type: 'test'
      ...
    1..1
ok 438 - WAIT action — Orchestrator is_audible
  ---
  duration_ms: 8.283702
  type: 'suite'
  ...
# Subtest: attachmentActionBias
    # Subtest: anxious: SPEAK↑, RELOCATE↓
    ok 1 - anxious: SPEAK↑, RELOCATE↓
      ---
      duration_ms: 0.182551
      type: 'test'
      ...
    # Subtest: avoidant: RELOCATE↑, SPEAK↓
    ok 2 - avoidant: RELOCATE↑, SPEAK↓
      ---
      duration_ms: 0.107065
      type: 'test'
      ...
    # Subtest: secure / undefined: empty record (no adjustment)
    ok 3 - secure / undefined: empty record (no adjustment)
      ---
      duration_ms: 0.107901
      type: 'test'
      ...
    # Subtest: effectiveScore includes attachment bias — avoidant RELOCATE > secure RELOCATE at same goal_score
    ok 4 - effectiveScore includes attachment bias — avoidant RELOCATE > secure RELOCATE at same goal_score
      ---
      duration_ms: 0.251537
      type: 'test'
      ...
    1..4
ok 439 - attachmentActionBias
  ---
  duration_ms: 0.81885
  type: 'suite'
  ...
# Subtest: decayBeliefConfidence
    # Subtest: witnessed beliefs do not decay
    ok 1 - witnessed beliefs do not decay
      ---
      duration_ms: 0.233765
      type: 'test'
      ...
    # Subtest: told beliefs decay by 0.03
    ok 2 - told beliefs decay by 0.03
      ---
      duration_ms: 0.118096
      type: 'test'
      ...
    # Subtest: inferred beliefs decay by 0.05
    ok 3 - inferred beliefs decay by 0.05
      ---
      duration_ms: 0.149362
      type: 'test'
      ...
    # Subtest: confidence never goes below 0
    ok 4 - confidence never goes below 0
      ---
      duration_ms: 0.108375
      type: 'test'
      ...
    1..4
ok 440 - decayBeliefConfidence
  ---
  duration_ms: 0.842373
  type: 'suite'
  ...
# Subtest: Persuasion feedback — Stage persistence
    # Subtest: updatePersuasionOutcome marks success correctly
    ok 1 - updatePersuasionOutcome marks success correctly
      ---
      duration_ms: 4.245634
      type: 'test'
      ...
    # Subtest: getPersuasionHistory returns undefined success for unrecorded outcomes
    ok 2 - getPersuasionHistory returns undefined success for unrecorded outcomes
      ---
      duration_ms: 4.235441
      type: 'test'
      ...
    1..2
ok 441 - Persuasion feedback — Stage persistence
  ---
  duration_ms: 8.614473
  type: 'suite'
  ...
# Subtest: cosineSimilarity
    # Subtest: identical vectors have similarity 1.0
    ok 1 - identical vectors have similarity 1.0
      ---
      duration_ms: 0.669168
      type: 'test'
      ...
    # Subtest: opposite vectors have similarity -1.0
    ok 2 - opposite vectors have similarity -1.0
      ---
      duration_ms: 0.296429
      type: 'test'
      ...
    # Subtest: orthogonal vectors have similarity 0.0
    ok 3 - orthogonal vectors have similarity 0.0
      ---
      duration_ms: 0.309547
      type: 'test'
      ...
    # Subtest: empty vectors return 0
    ok 4 - empty vectors return 0
      ---
      duration_ms: 0.174662
      type: 'test'
      ...
    1..4
ok 442 - cosineSimilarity
  ---
  duration_ms: 1.636464
  type: 'suite'
  ...
# Subtest: DirectorNode — dramatic irony
    # Subtest: emits pressure when unexposed lies exist in room
    ok 1 - emits pressure when unexposed lies exist in room
      ---
      duration_ms: 8.638278
      type: 'test'
      ...
    1..1
ok 443 - DirectorNode — dramatic irony
  ---
  duration_ms: 8.8753
  type: 'suite'
  ...
# Subtest: DirectorNode — outline beat compliance
    # Subtest: emits REDIRECT when recent action matches avoid keywords
    ok 1 - emits REDIRECT when recent action matches avoid keywords
      ---
      duration_ms: 8.684768
      type: 'test'
      ...
    1..1
ok 444 - DirectorNode — outline beat compliance
  ---
  duration_ms: 8.794896
  type: 'suite'
  ...
# Subtest: Stage — pagination
    # Subtest: getLedgerPage returns correct slice
    ok 1 - getLedgerPage returns correct slice
      ---
      duration_ms: 6.679663
      type: 'test'
      ...
    # Subtest: getBeatTracesPage returns empty when no traces
    ok 2 - getBeatTracesPage returns empty when no traces
      ---
      duration_ms: 10.018102
      type: 'test'
      ...
    # Subtest: getBeliefEdgesPage returns correct slice
    ok 3 - getBeliefEdgesPage returns correct slice
      ---
      duration_ms: 4.203547
      type: 'test'
      ...
    # Subtest: getGoalMutationsPage returns correct slice
    ok 4 - getGoalMutationsPage returns correct slice
      ---
      duration_ms: 10.493357
      type: 'test'
      ...
    1..4
ok 445 - Stage — pagination
  ---
  duration_ms: 31.735362
  type: 'suite'
  ...
# Subtest: metrics — latency percentiles
    # Subtest: p50/p95/p99 are present in snapshot after recording calls
    ok 1 - p50/p95/p99 are present in snapshot after recording calls
      ---
      duration_ms: 0.395389
      type: 'test'
      ...
    # Subtest: percentiles are 0 before any calls
    ok 2 - percentiles are 0 before any calls
      ---
      duration_ms: 0.129931
      type: 'test'
      ...
    1..2
ok 446 - metrics — latency percentiles
  ---
  duration_ms: 0.728663
  type: 'suite'
  ...
# Subtest: Zod validation schemas
    # Subtest: InitBodySchema accepts valid init body
    ok 1 - InitBodySchema accepts valid init body
      ---
      duration_ms: 2.070659
      type: 'test'
      ...
    # Subtest: TurnBodySchema rejects missing agentId
    ok 2 - TurnBodySchema rejects missing agentId
      ---
      duration_ms: 1.252128
      type: 'test'
      ...
    # Subtest: TurnBodySchema accepts valid turn body
    ok 3 - TurnBodySchema accepts valid turn body
      ---
      duration_ms: 0.214408
      type: 'test'
      ...
    # Subtest: RunRoomBodySchema rejects missing nodeId
    ok 4 - RunRoomBodySchema rejects missing nodeId
      ---
      duration_ms: 0.989286
      type: 'test'
      ...
    # Subtest: RunRoomBodySchema rejects maxTurns > 50
    ok 5 - RunRoomBodySchema rejects maxTurns > 50
      ---
      duration_ms: 0.380654
      type: 'test'
      ...
    # Subtest: the retired-session import schema is intentionally body-agnostic
    ok 6 - the retired-session import schema is intentionally body-agnostic
      ---
      duration_ms: 0.314349
      type: 'test'
      ...
    # Subtest: AiConfigSchema accepts valid openai-compat config
    ok 7 - AiConfigSchema accepts valid openai-compat config
      ---
      duration_ms: 6.739707
      type: 'test'
      ...
    # Subtest: AiConfigSchema rejects unknown provider
    ok 8 - AiConfigSchema rejects unknown provider
      ---
      duration_ms: 1.386471
      type: 'test'
      ...
    1..8
ok 447 - Zod validation schemas
  ---
  duration_ms: 14.233521
  type: 'suite'
  ...
# Subtest: geminiSchemaToJsonSchema
    # Subtest: converts OBJECT type with nested properties
    ok 1 - converts OBJECT type with nested properties
      ---
      duration_ms: 0.370143
      type: 'test'
      ...
    # Subtest: converts ARRAY type with items
    ok 2 - converts ARRAY type with items
      ---
      duration_ms: 0.130024
      type: 'test'
      ...
    # Subtest: converts primitive types to lowercase
    ok 3 - converts primitive types to lowercase
      ---
      duration_ms: 0.184282
      type: 'test'
      ...
    # Subtest: wraps nullable type as union array
    ok 4 - wraps nullable type as union array
      ---
      duration_ms: 0.239856
      type: 'test'
      ...
    # Subtest: passes through enum values unchanged
    ok 5 - passes through enum values unchanged
      ---
      duration_ms: 0.129274
      type: 'test'
      ...
    1..5
ok 448 - geminiSchemaToJsonSchema
  ---
  duration_ms: 1.237888
  type: 'suite'
  ...
# {"time":"2026-08-05T02:28:24.754Z","level":"warn","msg":"ai-provider-resolve-private-allowed","hostname":"127.0.0.1","address":"127.0.0.1","override":true}
# Subtest: makeOpenAICompatLLMProvider
    # Subtest: sends POST /chat/completions with messages
    ok 1 - sends POST /chat/completions with messages
      ---
      duration_ms: 74.086702
      type: 'test'
      ...
# {"time":"2026-08-05T02:28:24.792Z","level":"warn","msg":"ai-provider-resolve-private-allowed","hostname":"127.0.0.1","address":"127.0.0.1","override":true}
    # Subtest: includes response_format when responseSchema is present
    ok 2 - includes response_format when responseSchema is present
      ---
      duration_ms: 37.645019
      type: 'test'
      ...
    # Subtest: returns text and usageMetadata in GenerateContentResponse shape
# {"time":"2026-08-05T02:28:24.800Z","level":"warn","msg":"ai-provider-resolve-private-allowed","hostname":"127.0.0.1","address":"127.0.0.1","override":true}
    ok 3 - returns text and usageMetadata in GenerateContentResponse shape
      ---
      duration_ms: 8.380316
      type: 'test'
      ...
# {"time":"2026-08-05T02:28:24.812Z","level":"warn","msg":"ai-provider-resolve-private-allowed","hostname":"127.0.0.1","address":"127.0.0.1","override":true}
    # Subtest: throws on non-2xx HTTP response
    ok 4 - throws on non-2xx HTTP response
      ---
      duration_ms: 7.12006
      type: 'test'
      ...
    # Subtest: works without responseSchema (plain text mode)
    ok 5 - works without responseSchema (plain text mode)
      ---
      duration_ms: 13.520343
      type: 'test'
      ...
    1..5
ok 449 - makeOpenAICompatLLMProvider
  ---
  duration_ms: 141.160852
  type: 'suite'
  ...
# Subtest: Provider seams
    # Subtest: getEmbeddingProvider returns default (Gemini) by default
    ok 1 - getEmbeddingProvider returns default (Gemini) by default
      ---
      duration_ms: 0.572061
      type: 'test'
      ...
    # Subtest: setEmbeddingProvider swaps the provider; resetAllProviders restores default
    ok 2 - setEmbeddingProvider swaps the provider; resetAllProviders restores default
      ---
      duration_ms: 0.264379
      type: 'test'
      ...
    # Subtest: noopImageProvider.generate() returns undefined
    ok 3 - noopImageProvider.generate() returns undefined
      ---
      duration_ms: 0.140017
      type: 'test'
      ...
    # Subtest: noopTTSProvider.speak() returns undefined
    ok 4 - noopTTSProvider.speak() returns undefined
      ---
      duration_ms: 0.107254
      type: 'test'
      ...
    # Subtest: noopEmbeddingProvider.embed() returns empty array
    ok 5 - noopEmbeddingProvider.embed() returns empty array
      ---
      duration_ms: 0.116704
      type: 'test'
      ...
    # Subtest: setImageProvider / getTTSProvider hot-swaps work correctly
    ok 6 - setImageProvider / getTTSProvider hot-swaps work correctly
      ---
      duration_ms: 0.267373
      type: 'test'
      ...
    1..6
ok 450 - Provider seams
  ---
  duration_ms: 1.679139
  type: 'suite'
  ...
# Subtest: applyConfig + getPublicConfig
    # Subtest: public config never includes API key values
    ok 1 - public config never includes API key values
      ---
      duration_ms: 0.469171
      type: 'test'
      ...
    # Subtest: keySet is true when a key was supplied
    ok 2 - keySet is true when a key was supplied
      ---
      duration_ms: 0.179833
      type: 'test'
      ...
    # Subtest: switching to openai-compat swaps the LLM provider instance
    ok 3 - switching to openai-compat swaps the LLM provider instance
      ---
      duration_ms: 0.136345
      type: 'test'
      ...
    # Subtest: restoring to gemini resets LLM provider
    ok 4 - restoring to gemini resets LLM provider
      ---
      duration_ms: 0.094518
      type: 'test'
      ...
    1..4
ok 451 - applyConfig + getPublicConfig
  ---
  duration_ms: 1.045502
  type: 'suite'
  ...
# Subtest: AppraisalEngine — pressure-type emotion mapping
    # Subtest: ESCALATE raises fear and distress
    ok 1 - ESCALATE raises fear and distress
      ---
      duration_ms: 5.573487
      type: 'test'
      ...
    # Subtest: COOL raises joy and reduces distress/fear from elevated baseline
    ok 2 - COOL raises joy and reduces distress/fear from elevated baseline
      ---
      duration_ms: 4.917013
      type: 'test'
      ...
    # Subtest: REDIRECT raises distress and fear
    ok 3 - REDIRECT raises distress and fear
      ---
      duration_ms: 4.531431
      type: 'test'
      ...
    # Subtest: REVEAL raises shame and distress
    ok 4 - REVEAL raises shame and distress
      ---
      duration_ms: 4.480089
      type: 'test'
      ...
    # Subtest: WITHHOLD raises anger and distress
    ok 5 - WITHHOLD raises anger and distress
      ---
      duration_ms: 4.327034
      type: 'test'
      ...
    # Subtest: goal_blocked raises distress and anger, targets source character
    ok 6 - goal_blocked raises distress and anger, targets source character
      ---
      duration_ms: 4.695483
      type: 'test'
      ...
    # Subtest: ally_compromised raises fear and anger
    ok 7 - ally_compromised raises fear and anger
      ---
      duration_ms: 4.482287
      type: 'test'
      ...
    # Subtest: revelation_due raises fear and distress (anticipatory anxiety)
    ok 8 - revelation_due raises fear and distress (anticipatory anxiety)
      ---
      duration_ms: 4.360411
      type: 'test'
      ...
    # Subtest: pressure with expired turn is ignored
    ok 9 - pressure with expired turn is ignored
      ---
      duration_ms: 4.341835
      type: 'test'
      ...
    1..9
ok 452 - AppraisalEngine — pressure-type emotion mapping
  ---
  duration_ms: 42.140374
  type: 'suite'
  ...
# Subtest: NVM — StoryOp vocabulary (decision 1)
    # Subtest: enumerates exactly 14 op kinds
    ok 1 - enumerates exactly 14 op kinds
      ---
      duration_ms: 0.155237
      type: 'test'
      ...
    # Subtest: every op kind maps to true
    ok 2 - every op kind maps to true
      ---
      duration_ms: 0.167747
      type: 'test'
      ...
    1..2
ok 453 - NVM — StoryOp vocabulary (decision 1)
  ---
  duration_ms: 0.446472
  type: 'suite'
  ...
# Subtest: NVM — 4-tier proof contract (decision 3)
    # Subtest: PROOF_TIERS covers every ProofName
    ok 1 - PROOF_TIERS covers every ProofName
      ---
      duration_ms: 0.145375
      type: 'test'
      ...
    # Subtest: Tier 1 has exactly 8 proofs (7 original + EarnedRevealProof)
    ok 2 - Tier 1 has exactly 8 proofs (7 original + EarnedRevealProof)
      ---
      duration_ms: 0.155093
      type: 'test'
      ...
    # Subtest: all four tiers are populated
    ok 3 - all four tiers are populated
      ---
      duration_ms: 0.115391
      type: 'test'
      ...
    # Subtest: passResult is the lawful default (pass=true, no findings)
    ok 4 - passResult is the lawful default (pass=true, no findings)
      ---
      duration_ms: 0.086421
      type: 'test'
      ...
    # Subtest: failResult carries findings and the correct tier
    ok 5 - failResult carries findings and the correct tier
      ---
      duration_ms: 0.111826
      type: 'test'
      ...
    1..5
ok 454 - NVM — 4-tier proof contract (decision 3)
  ---
  duration_ms: 0.756506
  type: 'suite'
  ...
# Subtest: NVM — NarrativeState
    # Subtest: emptyState has all 4 layers and 14-op slots zeroed
    ok 1 - emptyState has all 4 layers and 14-op slots zeroed
      ---
      duration_ms: 0.212287
      type: 'test'
      ...
    # Subtest: stateHash is stable for identical state
    ok 2 - stateHash is stable for identical state
      ---
      duration_ms: 0.174665
      type: 'test'
      ...
    # Subtest: stateHash changes after one ADD_FACT
    ok 3 - stateHash changes after one ADD_FACT
      ---
      duration_ms: 0.211067
      type: 'test'
      ...
    # Subtest: relationshipKey is order-independent
    ok 4 - relationshipKey is order-independent
      ---
      duration_ms: 0.089483
      type: 'test'
      ...
    1..4
ok 455 - NVM — NarrativeState
  ---
  duration_ms: 0.804449
  type: 'suite'
  ...
# Subtest: NVM — buildEnrichedState (historical replay)
    # Subtest: empty stage returns state with no relationships or clocks
    ok 1 - empty stage returns state with no relationships or clocks
      ---
      duration_ms: 4.417902
      type: 'test'
      ...
    # Subtest: replays SHIFT_RELATIONSHIP ops from committed scenes into state
    ok 2 - replays SHIFT_RELATIONSHIP ops from committed scenes into state
      ---
      duration_ms: 4.58864
      type: 'test'
      ...
    # Subtest: replays RAISE_CLOCK ops so clocks are non-zero
    ok 3 - replays RAISE_CLOCK ops so clocks are non-zero
      ---
      duration_ms: 4.359875
      type: 'test'
      ...
    # Subtest: replays ADD_FACT ops into objectiveReality
    ok 4 - replays ADD_FACT ops into objectiveReality
      ---
      duration_ms: 5.874187
      type: 'test'
      ...
    # Subtest: skips reverted commits during replay
    ok 5 - skips reverted commits during replay
      ---
      duration_ms: 4.571109
      type: 'test'
      ...
    1..5
ok 456 - NVM — buildEnrichedState (historical replay)
  ---
  duration_ms: 24.065559
  type: 'suite'
  ...
# Subtest: NVM — StoryOp dispatcher (14 ops, pure)
    # Subtest: ADD_FACT appends to objectiveReality
    ok 1 - ADD_FACT appends to objectiveReality
      ---
      duration_ms: 0.408642
      type: 'test'
      ...
    # Subtest: EXPIRE_FACT sets validTo on the matching fact
    ok 2 - EXPIRE_FACT sets validTo on the matching fact
      ---
      duration_ms: 0.202819
      type: 'test'
      ...
    # Subtest: UPDATE_BELIEF inserts then updates by belief id
    ok 3 - UPDATE_BELIEF inserts then updates by belief id
      ---
      duration_ms: 0.297391
      type: 'test'
      ...
    # Subtest: APPRAISE_EMOTION stores the per-character emotion
    ok 4 - APPRAISE_EMOTION stores the per-character emotion
      ---
      duration_ms: 0.208148
      type: 'test'
      ...
    # Subtest: SHIFT_RELATIONSHIP appends a delta under an order-independent key
    ok 5 - SHIFT_RELATIONSHIP appends a delta under an order-independent key
      ---
      duration_ms: 0.431079
      type: 'test'
      ...
    # Subtest: ADVANCE_OBJECT_ARC sets the object lifecycle state
    ok 6 - ADVANCE_OBJECT_ARC sets the object lifecycle state
      ---
      duration_ms: 0.14833
      type: 'test'
      ...
    # Subtest: TRIGGER_RULE records the rule once (idempotent)
    ok 7 - TRIGGER_RULE records the rule once (idempotent)
      ---
      duration_ms: 0.189558
      type: 'test'
      ...
    # Subtest: SEED_CLUE appends a clue with its carrier
    ok 8 - SEED_CLUE appends a clue with its carrier
      ---
      duration_ms: 0.170162
      type: 'test'
      ...
    # Subtest: PAYOFF_SETUP records the setup→payoff link
    ok 9 - PAYOFF_SETUP records the setup→payoff link
      ---
      duration_ms: 0.127224
      type: 'test'
      ...
    # Subtest: RAISE_CLOCK accumulates into the named clock
    ok 10 - RAISE_CLOCK accumulates into the named clock
      ---
      duration_ms: 0.14895
      type: 'test'
      ...
    # Subtest: ADVANCE_THEME_ARGUMENT appends a claim move
    ok 11 - ADVANCE_THEME_ARGUMENT appends a claim move
      ---
      duration_ms: 0.127747
      type: 'test'
      ...
    # Subtest: UPDATE_READER_STATE merges signed deltas and known facts
    ok 12 - UPDATE_READER_STATE merges signed deltas and known facts
      ---
      duration_ms: 0.138197
      type: 'test'
      ...
    # Subtest: UPDATE_READER_STATE coerces non-finite deltas to 0 (no NaN poisoning)
    ok 13 - UPDATE_READER_STATE coerces non-finite deltas to 0 (no NaN poisoning)
      ---
      duration_ms: 0.24636
      type: 'test'
      ...
    # Subtest: RECORD_VISUAL_FACT appends a visual scene fact
    ok 14 - RECORD_VISUAL_FACT appends a visual scene fact
      ---
      duration_ms: 0.151305
      type: 'test'
      ...
    # Subtest: RECORD_SONIC_FACT appends a sonic scene fact
    ok 15 - RECORD_SONIC_FACT appends a sonic scene fact
      ---
      duration_ms: 0.115685
      type: 'test'
      ...
    # Subtest: does not mutate the input state
    ok 16 - does not mutate the input state
      ---
      duration_ms: 0.129217
      type: 'test'
      ...
    # Subtest: applyStoryOps replay reproduces an identical stateHash
    ok 17 - applyStoryOps replay reproduces an identical stateHash
      ---
      duration_ms: 0.272681
      type: 'test'
      ...
    1..17
ok 457 - NVM — StoryOp dispatcher (14 ops, pure)
  ---
  duration_ms: 4.097607
  type: 'suite'
  ...
# Subtest: NVM — mechanism schema loader
    # Subtest: auto-discovers mechanisms (MVP + Phase 2)
    ok 1 - auto-discovers mechanisms (MVP + Phase 2)
      ---
      duration_ms: 0.527402
      type: 'test'
      ...
    # Subtest: each mechanism validates: lifecycle, rules, invariants present
    ok 2 - each mechanism validates: lifecycle, rules, invariants present
      ---
      duration_ms: 0.567299
      type: 'test'
      ...
    # Subtest: resolves the 3 MVP ids
    ok 3 - resolves the 3 MVP ids
      ---
      duration_ms: 0.321472
      type: 'test'
      ...
    # Subtest: resolves the 3 Phase 2 mechanism ids
    ok 4 - resolves the 3 Phase 2 mechanism ids
      ---
      duration_ms: 0.359091
      type: 'test'
      ...
    # Subtest: loadMechanismsCached returns a stable instance
    ok 5 - loadMechanismsCached returns a stable instance
      ---
      duration_ms: 0.162116
      type: 'test'
      ...
    1..5
ok 458 - NVM — mechanism schema loader
  ---
  duration_ms: 2.139146
  type: 'suite'
  ...
# Subtest: NVM — Proof Kernel Tier 1
    # Subtest: a valid IR passes all 8 Tier 1 proofs
    ok 1 - a valid IR passes all 8 Tier 1 proofs
      ---
      duration_ms: 0.575364
      type: 'test'
      ...
    # Subtest: broken IR (expire before add) fails exactly TemporalProof
    ok 2 - broken IR (expire before add) fails exactly TemporalProof
      ---
      duration_ms: 0.645314
      type: 'test'
      ...
    # Subtest: broken IR (no causal predecessor) fails exactly CausalProof
    ok 3 - broken IR (no causal predecessor) fails exactly CausalProof
      ---
      duration_ms: 0.314218
      type: 'test'
      ...
    # Subtest: broken IR (ungrounded character) fails exactly IntentionalProof
    ok 4 - broken IR (ungrounded character) fails exactly IntentionalProof
      ---
      duration_ms: 0.390058
      type: 'test'
      ...
    # Subtest: broken IR (unknown mechanism) fails exactly MechanismProof
    ok 5 - broken IR (unknown mechanism) fails exactly MechanismProof
      ---
      duration_ms: 0.292997
      type: 'test'
      ...
    # Subtest: broken IR (witnessed belief without source event) fails exactly EpistemicProof
    ok 6 - broken IR (witnessed belief without source event) fails exactly EpistemicProof
      ---
      duration_ms: 0.571664
      type: 'test'
      ...
    # Subtest: broken IR (contradictory facts) fails exactly ContinuityProof
    ok 7 - broken IR (contradictory facts) fails exactly ContinuityProof
      ---
      duration_ms: 0.373074
      type: 'test'
      ...
    # Subtest: broken IR (no provenance timestamp) fails exactly ProvenanceProof
    ok 8 - broken IR (no provenance timestamp) fails exactly ProvenanceProof
      ---
      duration_ms: 0.256327
      type: 'test'
      ...
    # Subtest: kernel runs well under 50ms (no network)
    ok 9 - kernel runs well under 50ms (no network)
      ---
      duration_ms: 0.265113
      type: 'test'
      ...
    1..9
ok 459 - NVM — Proof Kernel Tier 1
  ---
  duration_ms: 4.121264
  type: 'suite'
  ...
# Subtest: NVM — M1.5 integration harness
    # Subtest: expresses the Nora-warehouse scenario as state, no prose
    ok 1 - expresses the Nora-warehouse scenario as state, no prose
      ---
      duration_ms: 0.30277
      type: 'test'
      ...
    # Subtest: dramatic irony: Bob believes the lie, the audience knows the truth
    ok 2 - dramatic irony: Bob believes the lie, the audience knows the truth
      ---
      duration_ms: 0.196824
      type: 'test'
      ...
    1..2
ok 460 - NVM — M1.5 integration harness
  ---
  duration_ms: 0.600777
  type: 'suite'
  ...
# Subtest: NVM — StoryCommit ledger (Stage migration v8)
    # Subtest: appends and reads commits in order
    ok 1 - appends and reads commits in order
      ---
      duration_ms: 4.695184
      type: 'test'
      ...
    # Subtest: commitsAfter returns only downstream commits
    ok 2 - commitsAfter returns only downstream commits
      ---
      duration_ms: 4.299248
      type: 'test'
      ...
    # Subtest: revertCommit marks non-destructively
    ok 3 - revertCommit marks non-destructively
      ---
      duration_ms: 4.149875
      type: 'test'
      ...
    # Subtest: summarizeOps counts by op family
    ok 4 - summarizeOps counts by op family
      ---
      duration_ms: 0.167117
      type: 'test'
      ...
    # Subtest: summarizeOps counts all 14 op families
    ok 5 - summarizeOps counts all 14 op families
      ---
      duration_ms: 0.309894
      type: 'test'
      ...
    1..5
ok 461 - NVM — StoryCommit ledger (Stage migration v8)
  ---
  duration_ms: 13.885868
  type: 'suite'
  ...
# Subtest: NVM — What-Breaks-If-Removed
    # Subtest: flags a downstream commit that references a sole-source character
    ok 1 - flags a downstream commit that references a sole-source character
      ---
      duration_ms: 4.676029
      type: 'test'
      ...
    # Subtest: reports no breaks when the character is independently introduced
    ok 2 - reports no breaks when the character is independently introduced
      ---
      duration_ms: 3.988676
      type: 'test'
      ...
    1..2
ok 462 - NVM — What-Breaks-If-Removed
  ---
  duration_ms: 8.790902
  type: 'suite'
  ...
# Subtest: NVM — Seed PRNG (A1)
    # Subtest: makePrng produces deterministic sequence for same seed
    ok 1 - makePrng produces deterministic sequence for same seed
      ---
      duration_ms: 0.366535
      type: 'test'
      ...
    # Subtest: different seeds produce different sequences
    ok 2 - different seeds produce different sequences
      ---
      duration_ms: 0.101216
      type: 'test'
      ...
    # Subtest: randInt stays in bounds
    ok 3 - randInt stays in bounds
      ---
      duration_ms: 0.175845
      type: 'test'
      ...
    # Subtest: shuffle is deterministic for same seed
    ok 4 - shuffle is deterministic for same seed
      ---
      duration_ms: 0.261747
      type: 'test'
      ...
    # Subtest: shuffle does not modify original array
    ok 5 - shuffle does not modify original array
      ---
      duration_ms: 0.125872
      type: 'test'
      ...
    # Subtest: seedFromString is stable across calls
    ok 6 - seedFromString is stable across calls
      ---
      duration_ms: 0.207818
      type: 'test'
      ...
    1..6
ok 463 - NVM — Seed PRNG (A1)
  ---
  duration_ms: 1.433275
  type: 'suite'
  ...
# Subtest: NVM — StoryManifest + replayManifest (A1)
    # Subtest: buildManifest records a finalStateHash
    ok 1 - buildManifest records a finalStateHash
      ---
      duration_ms: 0.412656
      type: 'test'
      ...
    # Subtest: replayManifest returns match=true for valid manifest
    ok 2 - replayManifest returns match=true for valid manifest
      ---
      duration_ms: 0.319987
      type: 'test'
      ...
    # Subtest: replayManifest detects tampering (hash mismatch)
    ok 3 - replayManifest detects tampering (hash mismatch)
      ---
      duration_ms: 0.24613
      type: 'test'
      ...
    # Subtest: skips reverted commits in replay
    ok 4 - skips reverted commits in replay
      ---
      duration_ms: 0.211639
      type: 'test'
      ...
    1..4
ok 464 - NVM — StoryManifest + replayManifest (A1)
  ---
  duration_ms: 1.37584
  type: 'suite'
  ...
# Subtest: NVM — LLM cache (A1)
    # Subtest: returns null on cache miss
    ok 1 - returns null on cache miss
      ---
      duration_ms: 3.854417
      type: 'test'
      ...
    # Subtest: returns cached response on warm hit
    ok 2 - returns cached response on warm hit
      ---
      duration_ms: 3.798609
      type: 'test'
      ...
    # Subtest: different models with same prompt do not collide
    ok 3 - different models with same prompt do not collide
      ---
      duration_ms: 3.627976
      type: 'test'
      ...
    # Subtest: llmCacheSize tracks entries
    ok 4 - llmCacheSize tracks entries
      ---
      duration_ms: 3.64952
      type: 'test'
      ...
    1..4
ok 465 - NVM — LLM cache (A1)
  ---
  duration_ms: 15.19495
  type: 'suite'
  ...
# Subtest: NVM — Ghost Ledger (A2)
    # Subtest: appendGhost and getGhosts round-trips a ghost commit
    ok 1 - appendGhost and getGhosts round-trips a ghost commit
      ---
      duration_ms: 4.236367
      type: 'test'
      ...
    # Subtest: getGhosts with sceneIdx filters correctly
    ok 2 - getGhosts with sceneIdx filters correctly
      ---
      duration_ms: 4.310697
      type: 'test'
      ...
    # Subtest: branchFromGhost returns ops from the ghost IR
    ok 3 - branchFromGhost returns ops from the ghost IR
      ---
      duration_ms: 4.625423
      type: 'test'
      ...
    # Subtest: branchFromGhost returns null for unknown ghostId
    ok 4 - branchFromGhost returns null for unknown ghostId
      ---
      duration_ms: 3.610367
      type: 'test'
      ...
    1..4
ok 466 - NVM — Ghost Ledger (A2)
  ---
  duration_ms: 17.018722
  type: 'suite'
  ...
# Subtest: NVM — Cockpit Inspector (A3)
    # Subtest: returns null for unknown eventId
    ok 1 - returns null for unknown eventId
      ---
      duration_ms: 3.674334
      type: 'test'
      ...
    # Subtest: explains a recorded action with at least a line frame
    ok 2 - explains a recorded action with at least a line frame
      ---
      duration_ms: 4.427222
      type: 'test'
      ...
    # Subtest: call stack is ordered goal→pressure→tactic→line
    ok 3 - call stack is ordered goal→pressure→tactic→line
      ---
      duration_ms: 4.052022
      type: 'test'
      ...
    1..3
ok 467 - NVM — Cockpit Inspector (A3)
  ---
  duration_ms: 12.347641
  type: 'suite'
  ...
# Subtest: NVM — EarnedRevealProof (B1)
    # Subtest: passes when IR has no revealPlans
    ok 1 - passes when IR has no revealPlans
      ---
      duration_ms: 0.225058
      type: 'test'
      ...
    # Subtest: passes when all required clues are in state
    ok 2 - passes when all required clues are in state
      ---
      duration_ms: 0.240485
      type: 'test'
      ...
    # Subtest: blocks when a required clue is missing from state
    ok 3 - blocks when a required clue is missing from state
      ---
      duration_ms: 0.174005
      type: 'test'
      ...
    # Subtest: skips plans whose PAYOFF_SETUP op is not in this IR
    ok 4 - skips plans whose PAYOFF_SETUP op is not in this IR
      ---
      duration_ms: 0.139528
      type: 'test'
      ...
    # Subtest: EarnedRevealProof is in PROOF_TIERS as Tier 1
    ok 5 - EarnedRevealProof is in PROOF_TIERS as Tier 1
      ---
      duration_ms: 0.088355
      type: 'test'
      ...
    # Subtest: runTier1 now returns 8 results (includes EarnedRevealProof)
    ok 6 - runTier1 now returns 8 results (includes EarnedRevealProof)
      ---
      duration_ms: 0.189614
      type: 'test'
      ...
    1..6
ok 468 - NVM — EarnedRevealProof (B1)
  ---
  duration_ms: 1.287809
  type: 'suite'
  ...
# Subtest: NVM — CausalProof + causalLinks (B2)
    # Subtest: passes when causalLinks reference facts in prior state
    ok 1 - passes when causalLinks reference facts in prior state
      ---
      duration_ms: 0.450149
      type: 'test'
      ...
    # Subtest: blocks when causalLinks reference a non-existent ID
    ok 2 - blocks when causalLinks reference a non-existent ID
      ---
      duration_ms: 0.239268
      type: 'test'
      ...
    # Subtest: passes when no causalLinks declared (backward-compat)
    ok 3 - passes when no causalLinks declared (backward-compat)
      ---
      duration_ms: 0.132684
      type: 'test'
      ...
    1..3
ok 469 - NVM — CausalProof + causalLinks (B2)
  ---
  duration_ms: 0.935598
  type: 'suite'
  ...
# Subtest: NVM — repair() (B3)
    # Subtest: returns empty array for all-passing results
    ok 1 - returns empty array for all-passing results
      ---
      duration_ms: 0.487852
      type: 'test'
      ...
    # Subtest: patches IntentionalProof failure with UPDATE_BELIEF op
    ok 2 - patches IntentionalProof failure with UPDATE_BELIEF op
      ---
      duration_ms: 0.472573
      type: 'test'
      ...
    # Subtest: patches EarnedRevealProof failure with SEED_CLUE op
    ok 3 - patches EarnedRevealProof failure with SEED_CLUE op
      ---
      duration_ms: 0.353109
      type: 'test'
      ...
    1..3
ok 470 - NVM — repair() (B3)
  ---
  duration_ms: 1.482387
  type: 'suite'
  ...
# Subtest: NVM — lint() (B3)
    # Subtest: returns no warnings for a clean IR
    ok 1 - returns no warnings for a clean IR
      ---
      duration_ms: 0.745533
      type: 'test'
      ...
    # Subtest: flags APPRAISE_EMOTION with intensity=0 but non-null dominant
    ok 2 - flags APPRAISE_EMOTION with intensity=0 but non-null dominant
      ---
      duration_ms: 0.310177
      type: 'test'
      ...
    # Subtest: flags more than 3 UPDATE_BELIEF ops in one IR
    ok 3 - flags more than 3 UPDATE_BELIEF ops in one IR
      ---
      duration_ms: 0.407999
      type: 'test'
      ...
    # Subtest: flags SEED_CLUE with no matching RevealPlan as orphan
    ok 4 - flags SEED_CLUE with no matching RevealPlan as orphan
      ---
      duration_ms: 0.218966
      type: 'test'
      ...
    # Subtest: Stage v10: RevealPlan round-trips via upsert + get
    ok 5 - Stage v10: RevealPlan round-trips via upsert + get
      ---
      duration_ms: 5.697309
      type: 'test'
      ...
    1..5
ok 471 - NVM — lint() (B3)
  ---
  duration_ms: 7.57267
  type: 'suite'
  ...
# Subtest: NVM — Contradiction Futures Market (C1)
    # Subtest: openPosition creates a position with correct defaults
    ok 1 - openPosition creates a position with correct defaults
      ---
      duration_ms: 0.380739
      type: 'test'
      ...
    # Subtest: markToMarket decays value with scene age
    ok 2 - markToMarket decays value with scene age
      ---
      duration_ms: 0.203104
      type: 'test'
      ...
    # Subtest: markToMarket scales with audience investment
    ok 3 - markToMarket scales with audience investment
      ---
      duration_ms: 0.149664
      type: 'test'
      ...
    # Subtest: deriveTensionLedger returns a ledger with totalTension
    ok 4 - deriveTensionLedger returns a ledger with totalTension
      ---
      duration_ms: 0.646317
      type: 'test'
      ...
    # Subtest: deriveTensionLedger flags told beliefs as positions
    ok 5 - deriveTensionLedger flags told beliefs as positions
      ---
      duration_ms: 0.25477
      type: 'test'
      ...
    # Subtest: tensionMonotone passes for rising sequence
    ok 6 - tensionMonotone passes for rising sequence
      ---
      duration_ms: 0.191039
      type: 'test'
      ...
    # Subtest: tensionMonotone fails for a sharp drop
    ok 7 - tensionMonotone fails for a sharp drop
      ---
      duration_ms: 0.123007
      type: 'test'
      ...
    # Subtest: deriveTensionLedger boosts belief conflict when belief references a known fact subject
    ok 8 - deriveTensionLedger boosts belief conflict when belief references a known fact subject
      ---
      duration_ms: 0.309541
      type: 'test'
      ...
    # Subtest: deriveTensionLedger assigns higher urgency to older payoffs
    ok 9 - deriveTensionLedger assigns higher urgency to older payoffs
      ---
      duration_ms: 0.193239
      type: 'test'
      ...
    # Subtest: deriveTensionLedger creates positions for positive relationship anticipation
    ok 10 - deriveTensionLedger creates positions for positive relationship anticipation
      ---
      duration_ms: 0.196729
      type: 'test'
      ...
    # Subtest: Stage v11: Drama_Positions round-trips via upsert + getOpenPositions
    ok 11 - Stage v11: Drama_Positions round-trips via upsert + getOpenPositions
      ---
      duration_ms: 6.566774
      type: 'test'
      ...
    # Subtest: getTotalTension sums open position markToMarket values
    ok 12 - getTotalTension sums open position markToMarket values
      ---
      duration_ms: 3.653736
      type: 'test'
      ...
    1..12
ok 472 - NVM — Contradiction Futures Market (C1)
  ---
  duration_ms: 13.37868
  type: 'suite'
  ...
# Subtest: NVM — Adversarial Audience Red-Team (C2)
    # Subtest: returns ok recommendation when clues are adequate
    ok 1 - returns ok recommendation when clues are adequate
      ---
      duration_ms: 0.587382
      type: 'test'
      ...
    # Subtest: flags thin_mystery when audience already knows the answer
    ok 2 - flags thin_mystery when audience already knows the answer
      ---
      duration_ms: 0.206638
      type: 'test'
      ...
    # Subtest: redTeamVerdict guessConfidence is in [0, 1]
    ok 3 - redTeamVerdict guessConfidence is in [0, 1]
      ---
      duration_ms: 0.19109
      type: 'test'
      ...
    1..3
ok 473 - NVM — Adversarial Audience Red-Team (C2)
  ---
  duration_ms: 1.123904
  type: 'suite'
  ...
# Subtest: NVM — Two-Reader Model (C3)
    # Subtest: produces first_watch and rewatch curves
    ok 1 - produces first_watch and rewatch curves
      ---
      duration_ms: 1.241847
      type: 'test'
      ...
    # Subtest: rewatchRecommended is true when rewatch score > 70
    ok 2 - rewatchRecommended is true when rewatch score > 70
      ---
      duration_ms: 0.364167
      type: 'test'
      ...
    1..2
ok 474 - NVM — Two-Reader Model (C3)
  ---
  duration_ms: 1.712241
  type: 'suite'
  ...
# Subtest: NVM — Emotional Topology (C3)
    # Subtest: identifies dominant arc from a rising trajectory (rags_to_riches)
    ok 1 - identifies dominant arc from a rising trajectory (rags_to_riches)
      ---
      duration_ms: 0.747312
      type: 'test'
      ...
    # Subtest: identifies dominant arc from a falling trajectory (riches_to_rags)
    ok 2 - identifies dominant arc from a falling trajectory (riches_to_rags)
      ---
      duration_ms: 0.270548
      type: 'test'
      ...
    # Subtest: returns 9 scored archetypes (including flat_line, oscillation, delayed_rise)
    ok 3 - returns 9 scored archetypes (including flat_line, oscillation, delayed_rise)
      ---
      duration_ms: 0.229756
      type: 'test'
      ...
    # Subtest: handles empty ledger without throwing
    ok 4 - handles empty ledger without throwing
      ---
      duration_ms: 0.231703
      type: 'test'
      ...
    # Subtest: onTrackForArc returns true for matching arc with sufficient coherence
    ok 5 - onTrackForArc returns true for matching arc with sufficient coherence
      ---
      duration_ms: 0.193346
      type: 'test'
      ...
    1..5
ok 475 - NVM — Emotional Topology (C3)
  ---
  duration_ms: 1.883978
  type: 'suite'
  ...
# Subtest: NVM — Proof-Driven Generation spec (G9)
    # Subtest: proofsToConstraints includes precondition + mechanism for non-initial scenes
    ok 1 - proofsToConstraints includes precondition + mechanism for non-initial scenes
      ---
      duration_ms: 0.45609
      type: 'test'
      ...
    # Subtest: proofsToConstraints adds must_introduce_character from IntentionalProof failure
    ok 2 - proofsToConstraints adds must_introduce_character from IntentionalProof failure
      ---
      duration_ms: 0.339576
      type: 'test'
      ...
    # Subtest: buildGenerationSpec produces a non-empty systemPreamble
    ok 3 - buildGenerationSpec produces a non-empty systemPreamble
      ---
      duration_ms: 0.704981
      type: 'test'
      ...
    # Subtest: ALL_OPERATORS has exactly 12 operators
    ok 4 - ALL_OPERATORS has exactly 12 operators
      ---
      duration_ms: 0.09524
      type: 'test'
      ...
    1..4
ok 476 - NVM — Proof-Driven Generation spec (G9)
  ---
  duration_ms: 1.740498
  type: 'suite'
  ...
# Subtest: NVM — Mutation Operators (G1)
    # Subtest: raise_stakes adds a RAISE_CLOCK op
    ok 1 - raise_stakes adds a RAISE_CLOCK op
      ---
      duration_ms: 0.445371
      type: 'test'
      ...
    # Subtest: inject_irony adds an UPDATE_READER_STATE op
    ok 2 - inject_irony adds an UPDATE_READER_STATE op
      ---
      duration_ms: 0.237474
      type: 'test'
      ...
    # Subtest: cut_on_the_nose removes on-the-nose reader state ops
    ok 3 - cut_on_the_nose removes on-the-nose reader state ops
      ---
      duration_ms: 0.247899
      type: 'test'
      ...
    # Subtest: weird_but_valid adds a RECORD_VISUAL_FACT or RECORD_SONIC_FACT
    ok 4 - weird_but_valid adds a RECORD_VISUAL_FACT or RECORD_SONIC_FACT
      ---
      duration_ms: 0.232002
      type: 'test'
      ...
    # Subtest: invert_expectation flips a relationship delta sign
    ok 5 - invert_expectation flips a relationship delta sign
      ---
      duration_ms: 0.381444
      type: 'test'
      ...
    # Subtest: deepen_wound is deterministic for same seed
    ok 6 - deepen_wound is deterministic for same seed
      ---
      duration_ms: 0.438276
      type: 'test'
      ...
    1..6
ok 477 - NVM — Mutation Operators (G1)
  ---
  duration_ms: 2.188719
  type: 'suite'
  ...
# Subtest: NVM — Convergence Loop (G1)
    # Subtest: converges when mock candidates pass Tier 1 and meet tension target
    ok 1 - converges when mock candidates pass Tier 1 and meet tension target
      ---
      duration_ms: 6.906893
      type: 'test'
      ...
    # Subtest: history records proof results for each candidate
    ok 2 - history records proof results for each candidate
      ---
      duration_ms: 1.016514
      type: 'test'
      ...
    # Subtest: ghosts non-converging candidates
    ok 3 - ghosts non-converging candidates
      ---
      duration_ms: 6.557375
      type: 'test'
      ...
    # Subtest: different seeds produce different candidate ids
    ok 4 - different seeds produce different candidate ids
      ---
      duration_ms: 1.479946
      type: 'test'
      ...
    1..4
ok 478 - NVM — Convergence Loop (G1)
  ---
  duration_ms: 16.211402
  type: 'suite'
  ...
# Subtest: NVM — Writers' Room (G2)
    # Subtest: runWritersRoom returns a result with critiques, consensus, and transcript
    ok 1 - runWritersRoom returns a result with critiques, consensus, and transcript
      ---
      duration_ms: 0.728323
      type: 'test'
      ...
    # Subtest: a valid M1.5 IR draws 0 critiques from continuity (all proofs pass)
    ok 2 - a valid M1.5 IR draws 0 critiques from continuity (all proofs pass)
      ---
      duration_ms: 0.52636
      type: 'test'
      ...
    # Subtest: a deliberately broken IR draws ≥3 critiques total
    ok 3 - a deliberately broken IR draws ≥3 critiques total
      ---
      duration_ms: 0.869225
      type: 'test'
      ...
    # Subtest: each critic emits at least one critique on a maximally bad IR
    ok 4 - each critic emits at least one critique on a maximally bad IR
      ---
      duration_ms: 0.515641
      type: 'test'
      ...
    # Subtest: transcript mentions all critic IDs that raised objections
    ok 5 - transcript mentions all critic IDs that raised objections
      ---
      duration_ms: 0.326054
      type: 'test'
      ...
    # Subtest: suggestedOperator is a valid MutationOperator or null
    ok 6 - suggestedOperator is a valid MutationOperator or null
      ---
      duration_ms: 0.361598
      type: 'test'
      ...
    1..6
ok 479 - NVM — Writers' Room (G2)
  ---
  duration_ms: 3.564226
  type: 'suite'
  ...
# Subtest: NVM — Structural Causal Model (G4)
    # Subtest: buildSCM creates a node for every op in every commit
    ok 1 - buildSCM creates a node for every op in every commit
      ---
      duration_ms: 4.401208
      type: 'test'
      ...
    # Subtest: intra-commit ADD_FACT → UPDATE_BELIEF edge is wired
    ok 2 - intra-commit ADD_FACT → UPDATE_BELIEF edge is wired
      ---
      duration_ms: 3.688391
      type: 'test'
      ...
    # Subtest: topological order is non-empty for non-empty stage
    ok 3 - topological order is non-empty for non-empty stage
      ---
      duration_ms: 3.693339
      type: 'test'
      ...
    # Subtest: buildSCM on empty stage returns empty model
    ok 4 - buildSCM on empty stage returns empty model
      ---
      duration_ms: 3.537997
      type: 'test'
      ...
    1..4
ok 480 - NVM — Structural Causal Model (G4)
  ---
  duration_ms: 15.509129
  type: 'suite'
  ...
# Subtest: NVM — Counterfactual / do()-calculus (G4)
    # Subtest: doIntervention returns empty affected list for a leaf node (no children)
    ok 1 - doIntervention returns empty affected list for a leaf node (no children)
      ---
      duration_ms: 4.251491
      type: 'test'
      ...
    # Subtest: removing a fact propagates to downstream belief (direct effect)
    ok 2 - removing a fact propagates to downstream belief (direct effect)
      ---
      duration_ms: 3.788102
      type: 'test'
      ...
    # Subtest: doIntervention for unknown opId returns empty report with message
    ok 3 - doIntervention for unknown opId returns empty report with message
      ---
      duration_ms: 3.493676
      type: 'test'
      ...
    # Subtest: summary string describes the intervention action
    ok 4 - summary string describes the intervention action
      ---
      duration_ms: 3.806229
      type: 'test'
      ...
    1..4
ok 481 - NVM — Counterfactual / do()-calculus (G4)
  ---
  duration_ms: 15.563676
  type: 'suite'
  ...
# Subtest: NVM — Holographic Projection (G3)
    # Subtest: project() returns non-empty content for every target
    ok 1 - project() returns non-empty content for every target
      ---
      duration_ms: 3.561967
      type: 'test'
      ...
    # Subtest: fountain output contains title and scene headers
    ok 2 - fountain output contains title and scene headers
      ---
      duration_ms: 0.279692
      type: 'test'
      ...
    # Subtest: novel output is valid markdown with scene headings
    ok 3 - novel output is valid markdown with scene headings
      ---
      duration_ms: 0.405669
      type: 'test'
      ...
    # Subtest: comic output is valid JSON array of panels
    ok 4 - comic output is valid JSON array of panels
      ---
      duration_ms: 0.316556
      type: 'test'
      ...
    # Subtest: interactive output is valid JSON with commits and finalState
    ok 5 - interactive output is valid JSON with commits and finalState
      ---
      duration_ms: 0.335274
      type: 'test'
      ...
    # Subtest: pitch output contains characters and dramatic irony count
    ok 6 - pitch output contains characters and dramatic irony count
      ---
      duration_ms: 0.248265
      type: 'test'
      ...
    # Subtest: bible output contains world facts and characters sections
    ok 7 - bible output contains world facts and characters sections
      ---
      duration_ms: 0.170875
      type: 'test'
      ...
    # Subtest: rewatch output annotates false beliefs as lies
    ok 8 - rewatch output annotates false beliefs as lies
      ---
      duration_ms: 0.157231
      type: 'test'
      ...
    # Subtest: cutting_room with no ghosts produces placeholder message
    ok 9 - cutting_room with no ghosts produces placeholder message
      ---
      duration_ms: 0.223271
      type: 'test'
      ...
    # Subtest: cutting_room with ghosts lists them
    ok 10 - cutting_room with ghosts lists them
      ---
      duration_ms: 0.322219
      type: 'test'
      ...
    # Subtest: reverted commits are excluded from all projections
    ok 11 - reverted commits are excluded from all projections
      ---
      duration_ms: 0.43373
      type: 'test'
      ...
    # Subtest: interactive commitCount metadata matches non-reverted commits
    ok 12 - interactive commitCount metadata matches non-reverted commits
      ---
      duration_ms: 0.290826
      type: 'test'
      ...
    # Subtest: fountain metadata tracks scene count
    ok 13 - fountain metadata tracks scene count
      ---
      duration_ms: 0.2092
      type: 'test'
      ...
    # Subtest: sidecar target produces valid JSON with nvmVersion
    ok 14 - sidecar target produces valid JSON with nvmVersion
      ---
      duration_ms: 0.453081
      type: 'test'
      ...
    # Subtest: sidecar metadata mirrors quality score
    ok 15 - sidecar metadata mirrors quality score
      ---
      duration_ms: 0.407083
      type: 'test'
      ...
    1..15
ok 482 - NVM — Holographic Projection (G3)
  ---
  duration_ms: 8.376046
  type: 'suite'
  ...
# Subtest: NVM — Sidecar Schema + Regression (Wave 13)
    # Subtest: buildSidecar returns a valid NVMSidecar from a Canon
    ok 1 - buildSidecar returns a valid NVMSidecar from a Canon
      ---
      duration_ms: 0.670218
      type: 'test'
      ...
    # Subtest: buildSidecar counts belief summary correctly
    ok 2 - buildSidecar counts belief summary correctly
      ---
      duration_ms: 0.30184
      type: 'test'
      ...
    # Subtest: captureRegressionSnapshot preserves key metrics
    ok 3 - captureRegressionSnapshot preserves key metrics
      ---
      duration_ms: 0.48783
      type: 'test'
      ...
    # Subtest: checkRegression passes when metrics stay the same
    ok 4 - checkRegression passes when metrics stay the same
      ---
      duration_ms: 0.580026
      type: 'test'
      ...
    # Subtest: checkRegression detects quality regression
    ok 5 - checkRegression detects quality regression
      ---
      duration_ms: 0.534449
      type: 'test'
      ...
    1..5
ok 483 - NVM — Sidecar Schema + Regression (Wave 13)
  ---
  duration_ms: 2.848127
  type: 'suite'
  ...
# Subtest: NVM — Quality-Aware Convergence Loop (Wave 13)
    # Subtest: ConvergeStep includes qualityScore and compositeScore
    ok 1 - ConvergeStep includes qualityScore and compositeScore
      ---
      duration_ms: 0.855266
      type: 'test'
      ...
    # Subtest: ConvergeResult includes finalQuality and finalComposite
    ok 2 - ConvergeResult includes finalQuality and finalComposite
      ---
      duration_ms: 0.589796
      type: 'test'
      ...
    # Subtest: quality_low ghost reason fires when qualityTarget is impossibly high
    ok 3 - quality_low ghost reason fires when qualityTarget is impossibly high
      ---
      duration_ms: 1.867236
      type: 'test'
      ...
    1..3
ok 484 - NVM — Quality-Aware Convergence Loop (Wave 13)
  ---
  duration_ms: 3.454097
  type: 'suite'
  ...
# Subtest: NVM — Temporal Authoring / Fixed Points (G9)
    # Subtest: planToward marks already-satisfied fixed point without emitting biases
    ok 1 - planToward marks already-satisfied fixed point without emitting biases
      ---
      duration_ms: 0.664244
      type: 'test'
      ...
    # Subtest: planToward emits SEED_CLUE bias for missing clue
    ok 2 - planToward emits SEED_CLUE bias for missing clue
      ---
      duration_ms: 0.789952
      type: 'test'
      ...
    # Subtest: planToward emits ADD_FACT bias for missing fact
    ok 3 - planToward emits ADD_FACT bias for missing fact
      ---
      duration_ms: 0.233418
      type: 'test'
      ...
    # Subtest: planToward blocks a fixed point with a passed deadline
    ok 4 - planToward blocks a fixed point with a passed deadline
      ---
      duration_ms: 0.151143
      type: 'test'
      ...
    # Subtest: planToward handles multiple fixed points, sorting by deadline
    ok 5 - planToward handles multiple fixed points, sorting by deadline
      ---
      duration_ms: 0.425131
      type: 'test'
      ...
    # Subtest: planToward emits UPDATE_READER_STATE for suspense requirement
    ok 6 - planToward emits UPDATE_READER_STATE for suspense requirement
      ---
      duration_ms: 0.25287
      type: 'test'
      ...
    # Subtest: planToward transcript is non-empty
    ok 7 - planToward transcript is non-empty
      ---
      duration_ms: 0.151097
      type: 'test'
      ...
    1..7
ok 485 - NVM — Temporal Authoring / Fixed Points (G9)
  ---
  duration_ms: 2.901449
  type: 'suite'
  ...
# Subtest: NVM — Backchain Reasoner (G9)
    # Subtest: backchain schedules SEED_CLUE before deadline for missing clue
    ok 1 - backchain schedules SEED_CLUE before deadline for missing clue
      ---
      duration_ms: 0.777396
      type: 'test'
      ...
    # Subtest: backchain returns empty schedule when all requirements satisfied
    ok 2 - backchain returns empty schedule when all requirements satisfied
      ---
      duration_ms: 0.170128
      type: 'test'
      ...
    # Subtest: backchain marks complete=false when deadline passed
    ok 3 - backchain marks complete=false when deadline passed
      ---
      duration_ms: 0.212593
      type: 'test'
      ...
    # Subtest: backchain orders clue before payoff in schedule
    ok 4 - backchain orders clue before payoff in schedule
      ---
      duration_ms: 0.339038
      type: 'test'
      ...
    # Subtest: backchain schedules ADD_FACT for missing required fact
    ok 5 - backchain schedules ADD_FACT for missing required fact
      ---
      duration_ms: 0.169261
      type: 'test'
      ...
    # Subtest: scheduleToGoalBiases groups ops by scene
    ok 6 - scheduleToGoalBiases groups ops by scene
      ---
      duration_ms: 0.345547
      type: 'test'
      ...
    # Subtest: backchain trace is non-empty and describes plan
    ok 7 - backchain trace is non-empty and describes plan
      ---
      duration_ms: 0.143715
      type: 'test'
      ...
    1..7
ok 486 - NVM — Backchain Reasoner (G9)
  ---
  duration_ms: 2.380826
  type: 'suite'
  ...
# Subtest: NVM — Self-Play Corpus (G13)
    # Subtest: runSelfPlay produces a CorpusReport with one result per scenario
    ok 1 - runSelfPlay produces a CorpusReport with one result per scenario
      ---
      duration_ms: 7.283916
      type: 'test'
      ...
    # Subtest: each SimResult has a score between 0 and 1
    ok 2 - each SimResult has a score between 0 and 1
      ---
      duration_ms: 3.838785
      type: 'test'
      ...
    # Subtest: CorpusReport identifies bestRun with highest score
    ok 3 - CorpusReport identifies bestRun with highest score
      ---
      duration_ms: 16.984192
      type: 'test'
      ...
    # Subtest: runSelfPlay on empty scenarios returns zero-score report
    ok 4 - runSelfPlay on empty scenarios returns zero-score report
      ---
      duration_ms: 0.295002
      type: 'test'
      ...
    # Subtest: each SimResult has scenes array matching sceneTargets count
    ok 5 - each SimResult has scenes array matching sceneTargets count
      ---
      duration_ms: 1.908803
      type: 'test'
      ...
    1..5
ok 487 - NVM — Self-Play Corpus (G13)
  ---
  duration_ms: 30.608394
  type: 'suite'
  ...
# Subtest: NVM — Corpus Miner / Director Policy (G13)
    # Subtest: mineCorpus returns a Playbook with non-empty summary
    ok 1 - mineCorpus returns a Playbook with non-empty summary
      ---
      duration_ms: 5.023413
      type: 'test'
      ...
    # Subtest: mineCorpus hallOfFame contains top-N best runs
    ok 2 - mineCorpus hallOfFame contains top-N best runs
      ---
      duration_ms: 0.245014
      type: 'test'
      ...
    # Subtest: mineCorpus policy has globalTopOperators from highest-frequency ops
    ok 3 - mineCorpus policy has globalTopOperators from highest-frequency ops
      ---
      duration_ms: 0.509355
      type: 'test'
      ...
    # Subtest: mineCorpus on empty corpus returns empty playbook
    ok 4 - mineCorpus on empty corpus returns empty playbook
      ---
      duration_ms: 0.146816
      type: 'test'
      ...
    # Subtest: queryPolicy falls back to globalTopOperators for unknown arc
    ok 5 - queryPolicy falls back to globalTopOperators for unknown arc
      ---
      duration_ms: 0.375713
      type: 'test'
      ...
    1..5
ok 488 - NVM — Corpus Miner / Director Policy (G13)
  ---
  duration_ms: 6.542666
  type: 'suite'
  ...
# Subtest: NVM — StoryGenome (G13)
    # Subtest: extractGenome returns correct genomeId
    ok 1 - extractGenome returns correct genomeId
      ---
      duration_ms: 0.653261
      type: 'test'
      ...
    # Subtest: extractGenome captures irony density from told-beliefs
    ok 2 - extractGenome captures irony density from told-beliefs
      ---
      duration_ms: 0.250976
      type: 'test'
      ...
    # Subtest: extractGenome captures theme claims
    ok 3 - extractGenome captures theme claims
      ---
      duration_ms: 0.158563
      type: 'test'
      ...
    # Subtest: extractGenome identifies dominant wound character
    ok 4 - extractGenome identifies dominant wound character
      ---
      duration_ms: 0.135516
      type: 'test'
      ...
    # Subtest: extractGenome produces valid tensionProfile with 5 entries in [0,1]
    ok 5 - extractGenome produces valid tensionProfile with 5 entries in [0,1]
      ---
      duration_ms: 1.576956
      type: 'test'
      ...
    # Subtest: diffGenomes returns similarity in [0,1]
    ok 6 - diffGenomes returns similarity in [0,1]
      ---
      duration_ms: 2.621844
      type: 'test'
      ...
    # Subtest: diffGenomes: identical genome has similarity > 0.95
    ok 7 - diffGenomes: identical genome has similarity > 0.95
      ---
      duration_ms: 0.290363
      type: 'test'
      ...
    # Subtest: breedGenomes produces genome with arc from parent B
    ok 8 - breedGenomes produces genome with arc from parent B
      ---
      duration_ms: 0.378332
      type: 'test'
      ...
    # Subtest: breedGenomes voice vector is average of parents
    ok 9 - breedGenomes voice vector is average of parents
      ---
      duration_ms: 0.228768
      type: 'test'
      ...
    1..9
ok 489 - NVM — StoryGenome (G13)
  ---
  duration_ms: 6.721706
  type: 'suite'
  ...
# {"time":"2026-08-05T02:28:23.814Z","level":"warn","msg":"collab_secret_generated","message":"COLLAB_SECRET not set — generated an ephemeral per-process secret. Set COLLAB_SECRET in any multi-process or restart-prone deployment."}
# {"time":"2026-08-05T02:28:23.877Z","level":"warn","msg":"llm_generator_failed","sceneIdx":2,"message":"Gemini provider not available (GEMINI_API_KEY not set)"}
# {"time":"2026-08-05T02:28:23.878Z","level":"warn","msg":"llm_generator_failed","sceneIdx":2,"message":"Gemini provider not available (GEMINI_API_KEY not set)"}
# {"time":"2026-08-05T02:28:23.879Z","level":"warn","msg":"llm_generator_failed","sceneIdx":2,"message":"Gemini provider not available (GEMINI_API_KEY not set)"}
# {"time":"2026-08-05T02:28:23.879Z","level":"warn","msg":"llm_generator_failed","sceneIdx":0,"message":"Gemini provider not available (GEMINI_API_KEY not set)"}
# {"time":"2026-08-05T02:28:24.028Z","level":"error","msg":"agent_ai_error","agent":"Alice","method":"takeTurn","error_type":"upstream","message":"Gemini provider not available (GEMINI_API_KEY not set)"}
# {"time":"2026-08-05T02:28:24.032Z","level":"error","msg":"agent_ai_error","agent":"Alice","method":"updateEpistemics","error_type":"upstream","message":"Gemini provider not available (GEMINI_API_KEY not set)"}
# {"time":"2026-08-05T02:28:24.037Z","level":"error","msg":"director_eval_error","observer_id":"alice","message":"Gemini provider not available (GEMINI_API_KEY not set)"}
# {"time":"2026-08-05T02:28:24.037Z","level":"error","msg":"director_eval_error","observer_id":"bob","message":"Gemini provider not available (GEMINI_API_KEY not set)"}
# {"time":"2026-08-05T02:28:24.038Z","level":"info","msg":"director_eval","tensionDelta":"0.0","contradictions":0,"observers":2}
# {"time":"2026-08-05T02:28:24.043Z","level":"info","msg":"subtext_score","score":100,"onTheNose":1,"subtext":0,"lines":1}
# {"time":"2026-08-05T02:28:24.044Z","level":"info","msg":"subtext_cool_pressure","agents":2,"score":100}
# {"time":"2026-08-05T02:28:24.050Z","level":"error","msg":"agent_ai_error","agent":"Bob","method":"takeTurn","error_type":"upstream","message":"Gemini provider not available (GEMINI_API_KEY not set)"}
# {"time":"2026-08-05T02:28:24.052Z","level":"error","msg":"agent_ai_error","agent":"Bob","method":"updateEpistemics","error_type":"upstream","message":"Gemini provider not available (GEMINI_API_KEY not set)"}
# {"time":"2026-08-05T02:28:24.055Z","level":"error","msg":"director_eval_error","observer_id":"alice","message":"Gemini provider not available (GEMINI_API_KEY not set)"}
# {"time":"2026-08-05T02:28:24.055Z","level":"error","msg":"director_eval_error","observer_id":"bob","message":"Gemini provider not available (GEMINI_API_KEY not set)"}
# {"time":"2026-08-05T02:28:24.056Z","level":"info","msg":"director_eval","tensionDelta":"0.0","contradictions":0,"observers":2}
# {"time":"2026-08-05T02:28:24.058Z","level":"info","msg":"subtext_score","score":100,"onTheNose":2,"subtext":0,"lines":2}
# {"time":"2026-08-05T02:28:24.058Z","level":"info","msg":"subtext_cool_pressure","agents":2,"score":100}
# {"time":"2026-08-05T02:28:24.064Z","level":"error","msg":"agent_ai_error","agent":"Alice","method":"takeTurn","error_type":"upstream","message":"Gemini provider not available (GEMINI_API_KEY not set)"}
# {"time":"2026-08-05T02:28:24.066Z","level":"error","msg":"agent_ai_error","agent":"Alice","method":"updateEpistemics","error_type":"upstream","message":"Gemini provider not available (GEMINI_API_KEY not set)"}
# {"time":"2026-08-05T02:28:24.068Z","level":"error","msg":"director_eval_error","observer_id":"alice","message":"Gemini provider not available (GEMINI_API_KEY not set)"}
# {"time":"2026-08-05T02:28:24.069Z","level":"error","msg":"director_eval_error","observer_id":"bob","message":"Gemini provider not available (GEMINI_API_KEY not set)"}
# {"time":"2026-08-05T02:28:24.069Z","level":"info","msg":"director_eval","tensionDelta":"0.0","contradictions":0,"observers":2}
# {"time":"2026-08-05T02:28:24.070Z","level":"info","msg":"subtext_score","score":100,"onTheNose":3,"subtext":0,"lines":3}
# {"time":"2026-08-05T02:28:24.070Z","level":"info","msg":"subtext_cool_pressure","agents":2,"score":100}
# {"time":"2026-08-05T02:28:24.080Z","level":"error","msg":"agent_ai_error","agent":"Alice","method":"takeTurn","error_type":"upstream","message":"Gemini provider not available (GEMINI_API_KEY not set)"}
# {"time":"2026-08-05T02:28:24.082Z","level":"error","msg":"agent_ai_error","agent":"Alice","method":"updateEpistemics","error_type":"upstream","message":"Gemini provider not available (GEMINI_API_KEY not set)"}
# {"time":"2026-08-05T02:28:24.084Z","level":"error","msg":"director_eval_error","observer_id":"alice","message":"Gemini provider not available (GEMINI_API_KEY not set)"}
# {"time":"2026-08-05T02:28:24.084Z","level":"error","msg":"director_eval_error","observer_id":"bob","message":"Gemini provider not available (GEMINI_API_KEY not set)"}
# {"time":"2026-08-05T02:28:24.084Z","level":"info","msg":"director_eval","tensionDelta":"0.0","contradictions":0,"observers":2}
# {"time":"2026-08-05T02:28:24.085Z","level":"info","msg":"subtext_score","score":100,"onTheNose":1,"subtext":0,"lines":1}
# {"time":"2026-08-05T02:28:24.085Z","level":"info","msg":"subtext_cool_pressure","agents":2,"score":100}
# {"time":"2026-08-05T02:28:24.190Z","level":"warn","msg":"revision_rewrite_failed","passName":"intention","message":"Gemini provider not available (GEMINI_API_KEY not set)"}
# {"time":"2026-08-05T02:28:24.213Z","level":"warn","msg":"revision_rewrite_failed","passName":"conflict","message":"Gemini provider not available (GEMINI_API_KEY not set)"}
# {"time":"2026-08-05T02:28:24.249Z","level":"warn","msg":"revision_rewrite_failed","passName":"dialogue","message":"Gemini provider not available (GEMINI_API_KEY not set)"}
# {"time":"2026-08-05T02:28:24.309Z","level":"warn","msg":"revision_rewrite_failed","passName":"originality","message":"Gemini provider not available (GEMINI_API_KEY not set)"}
# {"time":"2026-08-05T02:28:24.456Z","level":"warn","msg":"revision_rewrite_failed","passName":"originality","message":"Gemini provider not available (GEMINI_API_KEY not set)"}
# {"time":"2026-08-05T02:28:24.457Z","level":"warn","msg":"revision_rewrite_failed","passName":"originality","message":"Gemini provider not available (GEMINI_API_KEY not set)"}
# {"time":"2026-08-05T02:28:24.458Z","level":"warn","msg":"revision_rewrite_failed","passName":"originality","message":"Gemini provider not available (GEMINI_API_KEY not set)"}
# {"time":"2026-08-05T02:28:24.461Z","level":"warn","msg":"revision_rewrite_failed","passName":"intention","message":"Gemini provider not available (GEMINI_API_KEY not set)"}
# {"time":"2026-08-05T02:28:24.465Z","level":"warn","msg":"revision_rewrite_failed","passName":"intention","message":"Gemini provider not available (GEMINI_API_KEY not set)"}
# {"time":"2026-08-05T02:28:24.467Z","level":"warn","msg":"revision_rewrite_failed","passName":"belief","message":"Gemini provider not available (GEMINI_API_KEY not set)"}
# {"time":"2026-08-05T02:28:24.479Z","level":"warn","msg":"revision_rewrite_failed","passName":"voice","message":"Gemini provider not available (GEMINI_API_KEY not set)"}
# Subtest: NVM — 12-Tactic Vocabulary (Wave 11)
    # Subtest: TACTIC_TYPES has exactly 12 entries
    ok 1 - TACTIC_TYPES has exactly 12 entries
      ---
      duration_ms: 1.02212
      type: 'test'
      ...
    # Subtest: TACTIC_TYPES contains all required core tactics
    ok 2 - TACTIC_TYPES contains all required core tactics
      ---
      duration_ms: 0.272026
      type: 'test'
      ...
    # Subtest: isDeceptive returns true for deflection and partial_reveal
    ok 3 - isDeceptive returns true for deflection and partial_reveal
      ---
      duration_ms: 0.212545
      type: 'test'
      ...
    # Subtest: isEmotional returns true for emotional_appeal and guilt_induction
    ok 4 - isEmotional returns true for emotional_appeal and guilt_induction
      ---
      duration_ms: 0.329522
      type: 'test'
      ...
    # Subtest: tacticIronyWeight: deceptive=2, emotional=1, rational=0
    ok 5 - tacticIronyWeight: deceptive=2, emotional=1, rational=0
      ---
      duration_ms: 0.201902
      type: 'test'
      ...
    1..5
ok 490 - NVM — 12-Tactic Vocabulary (Wave 11)
  ---
  duration_ms: 3.607664
  type: 'suite'
  ...
# Subtest: NVM — ToM² Depth-2 MetaBelief (Wave 11)
    # Subtest: buildMetaBelief creates a valid depth-2 meta-belief
    ok 1 - buildMetaBelief creates a valid depth-2 meta-belief
      ---
      duration_ms: 0.311496
      type: 'test'
      ...
    # Subtest: upsertMetaBelief adds to state and is retrievable
    ok 2 - upsertMetaBelief adds to state and is retrievable
      ---
      duration_ms: 0.459744
      type: 'test'
      ...
    # Subtest: upsertMetaBelief updates existing by metaId
    ok 3 - upsertMetaBelief updates existing by metaId
      ---
      duration_ms: 0.455578
      type: 'test'
      ...
    # Subtest: holderBelievesThatTargetBelieves returns true for matching meta-belief
    ok 4 - holderBelievesThatTargetBelieves returns true for matching meta-belief
      ---
      duration_ms: 0.507696
      type: 'test'
      ...
    # Subtest: holderBelievesThatTargetBelieves returns false when below minConfidence
    ok 5 - holderBelievesThatTargetBelieves returns false when below minConfidence
      ---
      duration_ms: 0.379572
      type: 'test'
      ...
    1..5
ok 491 - NVM — ToM² Depth-2 MetaBelief (Wave 11)
  ---
  duration_ms: 2.6658
  type: 'suite'
  ...
# Subtest: NVM — AGM Belief Revision + CICERO Trust (Wave 11)
    # Subtest: contractBelief removes target belief
    ok 1 - contractBelief removes target belief
      ---
      duration_ms: 0.418825
      type: 'test'
      ...
    # Subtest: contractBelief co-contracts beliefs from same event
    ok 2 - contractBelief co-contracts beliefs from same event
      ---
      duration_ms: 0.281076
      type: 'test'
      ...
    # Subtest: contractBelief on missing id returns unchanged set
    ok 3 - contractBelief on missing id returns unchanged set
      ---
      duration_ms: 0.131885
      type: 'test'
      ...
    # Subtest: planContraction reports co-contracted ids
    ok 4 - planContraction reports co-contracted ids
      ---
      duration_ms: 0.273986
      type: 'test'
      ...
    # Subtest: reviseBelief removes conflicting told-belief when witnessed arrives
    ok 5 - reviseBelief removes conflicting told-belief when witnessed arrives
      ---
      duration_ms: 0.267856
      type: 'test'
      ...
    # Subtest: initCredence creates credence with default 0.6
    ok 6 - initCredence creates credence with default 0.6
      ---
      duration_ms: 0.172414
      type: 'test'
      ...
    # Subtest: updateCredence raises credence on correct prediction
    ok 7 - updateCredence raises credence on correct prediction
      ---
      duration_ms: 0.244071
      type: 'test'
      ...
    # Subtest: updateCredence lowers credence on incorrect prediction
    ok 8 - updateCredence lowers credence on incorrect prediction
      ---
      duration_ms: 0.147443
      type: 'test'
      ...
    # Subtest: applyCredence modulates belief confidence by source credence
    ok 9 - applyCredence modulates belief confidence by source credence
      ---
      duration_ms: 0.200297
      type: 'test'
      ...
    1..9
ok 492 - NVM — AGM Belief Revision + CICERO Trust (Wave 11)
  ---
  duration_ms: 2.593795
  type: 'suite'
  ...
# Subtest: NVM — Quality Engines (Wave 11)
    # Subtest: specificityScore returns 1.0 for empty op list
    ok 1 - specificityScore returns 1.0 for empty op list
      ---
      duration_ms: 0.413901
      type: 'test'
      ...
    # Subtest: specificityScore penalizes vague propositions
    ok 2 - specificityScore penalizes vague propositions
      ---
      duration_ms: 0.321027
      type: 'test'
      ...
    # Subtest: specificityScore is higher for concrete content
    ok 3 - specificityScore is higher for concrete content
      ---
      duration_ms: 0.164574
      type: 'test'
      ...
    # Subtest: computeArcDebt detects unseeded payoff debt
    ok 4 - computeArcDebt detects unseeded payoff debt
      ---
      duration_ms: 0.526581
      type: 'test'
      ...
    # Subtest: revealReady returns false when suspense is low
    ok 5 - revealReady returns false when suspense is low
      ---
      duration_ms: 0.346349
      type: 'test'
      ...
    # Subtest: revealReady returns true when all conditions met
    ok 6 - revealReady returns true when all conditions met
      ---
      duration_ms: 0.247601
      type: 'test'
      ...
    # Subtest: necessityScore returns 1.0 when all ops are distinct and essential
    ok 7 - necessityScore returns 1.0 when all ops are distinct and essential
      ---
      duration_ms: 0.460174
      type: 'test'
      ...
    # Subtest: necessityScore penalizes duplicate emotion appraisals
    ok 8 - necessityScore penalizes duplicate emotion appraisals
      ---
      duration_ms: 0.178045
      type: 'test'
      ...
    # Subtest: runQualityEngine returns a report with score in [0,100]
    ok 9 - runQualityEngine returns a report with score in [0,100]
      ---
      duration_ms: 2.125827
      type: 'test'
      ...
    # Subtest: runQualityEngine flags DV1_ON_THE_NOSE for full-confidence told belief
    ok 10 - runQualityEngine flags DV1_ON_THE_NOSE for full-confidence told belief
      ---
      duration_ms: 0.374614
      type: 'test'
      ...
    # Subtest: runQualityEngine report includes burrowsDelta, causalGraph, proppAnalysis, repairGaps
    ok 11 - runQualityEngine report includes burrowsDelta, causalGraph, proppAnalysis, repairGaps
      ---
      duration_ms: 0.245992
      type: 'test'
      ...
    1..11
ok 493 - NVM — Quality Engines (Wave 11)
  ---
  duration_ms: 6.015143
  type: 'suite'
  ...
# Subtest: NVM — Quality Engine Extensions (Wave 12)
    # Subtest: DV6_CHARACTER_MONOLOGUE fires when same char has ≥3 consecutive ops
    ok 1 - DV6_CHARACTER_MONOLOGUE fires when same char has ≥3 consecutive ops
      ---
      duration_ms: 0.755465
      type: 'test'
      ...
    # Subtest: DV6_CHARACTER_MONOLOGUE does not fire for alternating characters
    ok 2 - DV6_CHARACTER_MONOLOGUE does not fire for alternating characters
      ---
      duration_ms: 0.236545
      type: 'test'
      ...
    # Subtest: DV8_ABRUPT_RELATIONSHIP fires for large shift without prior emotion
    ok 3 - DV8_ABRUPT_RELATIONSHIP fires for large shift without prior emotion
      ---
      duration_ms: 0.308765
      type: 'test'
      ...
    # Subtest: DV8_ABRUPT_RELATIONSHIP does not fire when emotion precedes shift
    ok 4 - DV8_ABRUPT_RELATIONSHIP does not fire when emotion precedes shift
      ---
      duration_ms: 0.467002
      type: 'test'
      ...
    # Subtest: DV10_STRUCTURAL_UNIFORMITY fires when all ops are same kind
    ok 5 - DV10_STRUCTURAL_UNIFORMITY fires when all ops are same kind
      ---
      duration_ms: 0.431433
      type: 'test'
      ...
    # Subtest: burrowsDelta returns 0 for a single character (no comparison possible)
    ok 6 - burrowsDelta returns 0 for a single character (no comparison possible)
      ---
      duration_ms: 0.154082
      type: 'test'
      ...
    # Subtest: burrowsDelta returns high similarity when both chars use identical words
    ok 7 - burrowsDelta returns high similarity when both chars use identical words
      ---
      duration_ms: 0.27569
      type: 'test'
      ...
    # Subtest: burrowsDelta returns low similarity for distinct vocabularies
    ok 8 - burrowsDelta returns low similarity for distinct vocabularies
      ---
      duration_ms: 0.186258
      type: 'test'
      ...
    # Subtest: relationshipRepairGaps returns gaps for unrepaired negative relationships
    ok 9 - relationshipRepairGaps returns gaps for unrepaired negative relationships
      ---
      duration_ms: 0.278014
      type: 'test'
      ...
    # Subtest: relationshipRepairGaps returns empty when IR repairs the relationship
    ok 10 - relationshipRepairGaps returns empty when IR repairs the relationship
      ---
      duration_ms: 0.156007
      type: 'test'
      ...
    # Subtest: buildCausalGraph returns a graph with nodes for each op
    ok 11 - buildCausalGraph returns a graph with nodes for each op
      ---
      duration_ms: 0.331232
      type: 'test'
      ...
    # Subtest: buildCausalGraph with no causalLinks has all ops as roots
    ok 12 - buildCausalGraph with no causalLinks has all ops as roots
      ---
      duration_ms: 0.20279
      type: 'test'
      ...
    # Subtest: proppMorphology detects preparation from ADD_FACT
    ok 13 - proppMorphology detects preparation from ADD_FACT
      ---
      duration_ms: 0.231562
      type: 'test'
      ...
    # Subtest: proppMorphology detects ordeal from negative SHIFT_RELATIONSHIP
    ok 14 - proppMorphology detects ordeal from negative SHIFT_RELATIONSHIP
      ---
      duration_ms: 0.147903
      type: 'test'
      ...
    # Subtest: proppMorphology detects resolution from ADVANCE_THEME_ARGUMENT resolve
    ok 15 - proppMorphology detects resolution from ADVANCE_THEME_ARGUMENT resolve
      ---
      duration_ms: 0.116862
      type: 'test'
      ...
    # Subtest: proppMorphology full coverage for a rich scene
    ok 16 - proppMorphology full coverage for a rich scene
      ---
      duration_ms: 0.18499
      type: 'test'
      ...
    # Subtest: momentumScore returns 0 for empty commits
    ok 17 - momentumScore returns 0 for empty commits
      ---
      duration_ms: 0.21081
      type: 'test'
      ...
    # Subtest: momentumScore is higher when commits have high-value ops
    ok 18 - momentumScore is higher when commits have high-value ops
      ---
      duration_ms: 0.456518
      type: 'test'
      ...
    # Subtest: deriveTensionLedger creates unexposed_lie positions for low-confidence told beliefs
    ok 19 - deriveTensionLedger creates unexposed_lie positions for low-confidence told beliefs
      ---
      duration_ms: 0.735533
      type: 'test'
      ...
    # Subtest: deriveTensionLedger does not create unexposed_lie for high-confidence told belief
    ok 20 - deriveTensionLedger does not create unexposed_lie for high-confidence told belief
      ---
      duration_ms: 0.302452
      type: 'test'
      ...
    1..20
ok 494 - NVM — Quality Engine Extensions (Wave 12)
  ---
  duration_ms: 7.010177
  type: 'suite'
  ...
# Subtest: NVM — LLM Candidate Generator (Wave 15)
    # Subtest: makeLLMCandidateGenerator returns a function
    ok 1 - makeLLMCandidateGenerator returns a function
      ---
      duration_ms: 0.386037
      type: 'test'
      ...
    # Subtest: stub path produces N candidates when LLM is unavailable
    ok 2 - stub path produces N candidates when LLM is unavailable
      ---
      duration_ms: 2.146695
      type: 'test'
      ...
    # Subtest: stub candidates have unique transitionIds
    ok 3 - stub candidates have unique transitionIds
      ---
      duration_ms: 0.818665
      type: 'test'
      ...
    # Subtest: stub candidate provenance is model_generated
    ok 4 - stub candidate provenance is model_generated
      ---
      duration_ms: 0.395257
      type: 'test'
      ...
    # Subtest: stub generator produces candidates for sceneIdx 0
    ok 5 - stub generator produces candidates for sceneIdx 0
      ---
      duration_ms: 0.572
      type: 'test'
      ...
    1..5
ok 495 - NVM — LLM Candidate Generator (Wave 15)
  ---
  duration_ms: 4.552817
  type: 'suite'
  ...
# Subtest: NVM — Tier 2 Proof Kernel (Wave 16)
    # Subtest: runTier2 returns 6 ProofResults (necessity, specificity, dialogue, polarity, reincorporation, character-agency)
    ok 1 - runTier2 returns 6 ProofResults (necessity, specificity, dialogue, polarity, reincorporation, character-agency)
      ---
      duration_ms: 5.591507
      type: 'test'
      ...
    # Subtest: tier2Score is 100 when all Tier 2 proofs pass
    ok 2 - tier2Score is 100 when all Tier 2 proofs pass
      ---
      duration_ms: 1.549662
      type: 'test'
      ...
    # Subtest: tier2Score is 0 when all Tier 2 proofs fail
    ok 3 - tier2Score is 0 when all Tier 2 proofs fail
      ---
      duration_ms: 0.172096
      type: 'test'
      ...
    # Subtest: tier2Score is partial when one proof fails
    ok 4 - tier2Score is partial when one proof fails
      ---
      duration_ms: 0.276838
      type: 'test'
      ...
    # Subtest: Tier 2 results all have recognized proof names
    ok 5 - Tier 2 results all have recognized proof names
      ---
      duration_ms: 0.325343
      type: 'test'
      ...
    1..5
ok 496 - NVM — Tier 2 Proof Kernel (Wave 16)
  ---
  duration_ms: 8.261416
  type: 'suite'
  ...
# Subtest: NVM — Tier 3 Ranking Proofs (Wave 17)
    # Subtest: runTier3 returns 2 results (GenericnessProof + OriginalityProof)
    ok 1 - runTier3 returns 2 results (GenericnessProof + OriginalityProof)
      ---
      duration_ms: 1.003354
      type: 'test'
      ...
    # Subtest: tier3Rank is 100 when both proofs pass
    ok 2 - tier3Rank is 100 when both proofs pass
      ---
      duration_ms: 0.253007
      type: 'test'
      ...
    # Subtest: tier3Rank is 50 when one of two proofs fails
    ok 3 - tier3Rank is 50 when one of two proofs fails
      ---
      duration_ms: 0.143366
      type: 'test'
      ...
    # Subtest: OriginalityProof fails when one op kind is ≥70% of ops
    ok 4 - OriginalityProof fails when one op kind is ≥70% of ops
      ---
      duration_ms: 0.260728
      type: 'test'
      ...
    # Subtest: OriginalityProof passes when op kinds are varied
    ok 5 - OriginalityProof passes when op kinds are varied
      ---
      duration_ms: 0.31208
      type: 'test'
      ...
    # Subtest: GenericnessProof passes when state has no known chars (no char ops to evaluate)
    ok 6 - GenericnessProof passes when state has no known chars (no char ops to evaluate)
      ---
      duration_ms: 0.301147
      type: 'test'
      ...
    1..6
ok 497 - NVM — Tier 3 Ranking Proofs (Wave 17)
  ---
  duration_ms: 2.535427
  type: 'suite'
  ...
# Subtest: NVM — Tier 4 Ethics & Disclosure Proofs (Wave 18)
    # Subtest: runTier4 returns 2 results (BiasAuditProof + AttributionProof)
    ok 1 - runTier4 returns 2 results (BiasAuditProof + AttributionProof)
      ---
      duration_ms: 0.826973
      type: 'test'
      ...
    # Subtest: BiasAuditProof passes when fewer than 3 emotion ops
    ok 2 - BiasAuditProof passes when fewer than 3 emotion ops
      ---
      duration_ms: 0.236244
      type: 'test'
      ...
    # Subtest: BiasAuditProof fails when ≥3 characters share the same dominant emotion
    ok 3 - BiasAuditProof fails when ≥3 characters share the same dominant emotion
      ---
      duration_ms: 0.290987
      type: 'test'
      ...
    # Subtest: BiasAuditProof passes when emotions are differentiated
    ok 4 - BiasAuditProof passes when emotions are differentiated
      ---
      duration_ms: 0.320368
      type: 'test'
      ...
    # Subtest: AttributionProof passes for user-authored IRs
    ok 5 - AttributionProof passes for user-authored IRs
      ---
      duration_ms: 0.176848
      type: 'test'
      ...
    # Subtest: AttributionProof passes when no causal links declared
    ok 6 - AttributionProof passes when no causal links declared
      ---
      duration_ms: 0.16349
      type: 'test'
      ...
    # Subtest: AttributionProof fails when model-generated IR has empty causedBy
    ok 7 - AttributionProof fails when model-generated IR has empty causedBy
      ---
      duration_ms: 0.201584
      type: 'test'
      ...
    # Subtest: AttributionProof passes when causal links cite a real factId from same IR
    ok 8 - AttributionProof passes when causal links cite a real factId from same IR
      ---
      duration_ms: 0.495067
      type: 'test'
      ...
    # Subtest: AttributionProof fails when causal links cite phantom IDs not in IR or state
    ok 9 - AttributionProof fails when causal links cite phantom IDs not in IR or state
      ---
      duration_ms: 0.56436
      type: 'test'
      ...
    1..9
ok 498 - NVM — Tier 4 Ethics & Disclosure Proofs (Wave 18)
  ---
  duration_ms: 3.62622
  type: 'suite'
  ...
# Subtest: NVM — G3 Projection Gallery (Wave 19)
    # Subtest: fountain projection produces non-empty screenplay text
    ok 1 - fountain projection produces non-empty screenplay text
      ---
      duration_ms: 0.86274
      type: 'test'
      ...
    # Subtest: novel projection includes prose for every op type
    ok 2 - novel projection includes prose for every op type
      ---
      duration_ms: 0.454284
      type: 'test'
      ...
    # Subtest: stage projection formats asides and directions
    ok 3 - stage projection formats asides and directions
      ---
      duration_ms: 0.470434
      type: 'test'
      ...
    # Subtest: comic projection returns parseable panel array
    ok 4 - comic projection returns parseable panel array
      ---
      duration_ms: 0.330706
      type: 'test'
      ...
    # Subtest: interactive projection produces replayable JSON with commits
    ok 5 - interactive projection produces replayable JSON with commits
      ---
      duration_ms: 0.35361
      type: 'test'
      ...
    # Subtest: pitch projection surfaces theme and irony count
    ok 6 - pitch projection surfaces theme and irony count
      ---
      duration_ms: 0.421562
      type: 'test'
      ...
    # Subtest: bible projection lists characters, facts, and audience state
    ok 7 - bible projection lists characters, facts, and audience state
      ---
      duration_ms: 0.356554
      type: 'test'
      ...
    # Subtest: rewatch projection annotates told-belief ops as irony warnings
    ok 8 - rewatch projection annotates told-belief ops as irony warnings
      ---
      duration_ms: 0.360647
      type: 'test'
      ...
    # Subtest: cutting_room projection handles no-ghost case gracefully
    ok 9 - cutting_room projection handles no-ghost case gracefully
      ---
      duration_ms: 0.2454
      type: 'test'
      ...
    # Subtest: sidecar projection returns parseable quality JSON with known keys
    ok 10 - sidecar projection returns parseable quality JSON with known keys
      ---
      duration_ms: 3.510475
      type: 'test'
      ...
    # Subtest: project() dispatch covers all 10 targets without throwing
    ok 11 - project() dispatch covers all 10 targets without throwing
      ---
      duration_ms: 0.840514
      type: 'test'
      ...
    1..11
ok 499 - NVM — G3 Projection Gallery (Wave 19)
  ---
  duration_ms: 8.944201
  type: 'suite'
  ...
# Subtest: NVM — Causal Twin Panel SCM serialisation (Wave 20)
    # Subtest: buildSCM serialises to plain array with correct fields
    ok 1 - buildSCM serialises to plain array with correct fields
      ---
      duration_ms: 10.509599
      type: 'test'
      ...
    # Subtest: SCM node opIds follow the commitId:opIdx convention
    ok 2 - SCM node opIds follow the commitId:opIdx convention
      ---
      duration_ms: 4.091714
      type: 'test'
      ...
    # Subtest: do(remove) on a fact with a downstream belief returns at least one affected op
    ok 3 - do(remove) on a fact with a downstream belief returns at least one affected op
      ---
      duration_ms: 4.505563
      type: 'test'
      ...
    # Subtest: do(remove) on a leaf op with no children returns empty affected list
    ok 4 - do(remove) on a leaf op with no children returns empty affected list
      ---
      duration_ms: 3.912233
      type: 'test'
      ...
    # Subtest: summary string is non-empty and mentions the intervened opId
    ok 5 - summary string is non-empty and mentions the intervened opId
      ---
      duration_ms: 4.231951
      type: 'test'
      ...
    # Subtest: do() on an unknown opId returns empty affected list with error summary
    ok 6 - do() on an unknown opId returns empty affected list with error summary
      ---
      duration_ms: 3.760968
      type: 'test'
      ...
    # Subtest: multi-commit SCM: inter-commit causality is captured in node counts
    ok 7 - multi-commit SCM: inter-commit causality is captured in node counts
      ---
      duration_ms: 3.932401
      type: 'test'
      ...
    1..7
ok 500 - NVM — Causal Twin Panel SCM serialisation (Wave 20)
  ---
  duration_ms: 35.307745
  type: 'suite'
  ...
# Subtest: NVM — G9 Fixed Points Panel (Wave 21)
    # Subtest: scheduleToGoalBiases groups ops by scene correctly
    ok 1 - scheduleToGoalBiases groups ops by scene correctly
      ---
      duration_ms: 1.131746
      type: 'test'
      ...
    # Subtest: scheduleToGoalBiases merges multiple ops into one bias per scene when possible
    ok 2 - scheduleToGoalBiases merges multiple ops into one bias per scene when possible
      ---
      duration_ms: 0.210212
      type: 'test'
      ...
    # Subtest: backchain with minSuspense requirement emits UPDATE_READER_STATE
    ok 3 - backchain with minSuspense requirement emits UPDATE_READER_STATE
      ---
      duration_ms: 0.299774
      type: 'test'
      ...
    # Subtest: backchain with characterIds emits UPDATE_BELIEF for intro
    ok 4 - backchain with characterIds emits UPDATE_BELIEF for intro
      ---
      duration_ms: 0.170569
      type: 'test'
      ...
    # Subtest: backchain with claimIds emits ADVANCE_THEME_ARGUMENT
    ok 5 - backchain with claimIds emits ADVANCE_THEME_ARGUMENT
      ---
      duration_ms: 0.156396
      type: 'test'
      ...
    # Subtest: backchain with payoffSetupIds emits PAYOFF_SETUP
    ok 6 - backchain with payoffSetupIds emits PAYOFF_SETUP
      ---
      duration_ms: 0.181796
      type: 'test'
      ...
    # Subtest: planToward with claimIds emits ADVANCE_THEME_ARGUMENT bias
    ok 7 - planToward with claimIds emits ADVANCE_THEME_ARGUMENT bias
      ---
      duration_ms: 0.916889
      type: 'test'
      ...
    # Subtest: planToward with payoffSetupIds emits PAYOFF_SETUP bias near deadline
    ok 8 - planToward with payoffSetupIds emits PAYOFF_SETUP bias near deadline
      ---
      duration_ms: 0.32234
      type: 'test'
      ...
    # Subtest: planToward multi-requirement emits multiple distinct bias op kinds
    ok 9 - planToward multi-requirement emits multiple distinct bias op kinds
      ---
      duration_ms: 0.282258
      type: 'test'
      ...
    1..9
ok 501 - NVM — G9 Fixed Points Panel (Wave 21)
  ---
  duration_ms: 4.000551
  type: 'suite'
  ...
# Subtest: NVM — G13 Self-Play Panel (Wave 22)
    # Subtest: extractGenome from distinct canons produces different genomeIds
    ok 1 - extractGenome from distinct canons produces different genomeIds
      ---
      duration_ms: 0.814717
      type: 'test'
      ...
    # Subtest: diffGenomes returns similarity ≈ 1 for identical genomes
    ok 2 - diffGenomes returns similarity ≈ 1 for identical genomes
      ---
      duration_ms: 0.547314
      type: 'test'
      ...
    # Subtest: diffGenomes.arcMatch is 1 when both genomes have same arcArchetype
    ok 3 - diffGenomes.arcMatch is 1 when both genomes have same arcArchetype
      ---
      duration_ms: 0.54448
      type: 'test'
      ...
    # Subtest: diffGenomes on divergent genomes returns similarity < 1
    ok 4 - diffGenomes on divergent genomes returns similarity < 1
      ---
      duration_ms: 0.281311
      type: 'test'
      ...
    # Subtest: breedGenomes produces a genome with arcArchetype from genome B
    ok 5 - breedGenomes produces a genome with arcArchetype from genome B
      ---
      duration_ms: 0.380798
      type: 'test'
      ...
    # Subtest: breedGenomes merges voice vectors from both parents
    ok 6 - breedGenomes merges voice vectors from both parents
      ---
      duration_ms: 0.26193
      type: 'test'
      ...
    # Subtest: breedGenomes tensionProfile has 5 entries in [0,1] scale (raw values)
    ok 7 - breedGenomes tensionProfile has 5 entries in [0,1] scale (raw values)
      ---
      duration_ms: 0.257924
      type: 'test'
      ...
    # Subtest: diffGenomes.differences lists irony gap when genomes diverge significantly
    ok 8 - diffGenomes.differences lists irony gap when genomes diverge significantly
      ---
      duration_ms: 0.251118
      type: 'test'
      ...
    1..8
ok 502 - NVM — G13 Self-Play Panel (Wave 22)
  ---
  duration_ms: 3.848239
  type: 'suite'
  ...
# Subtest: NVM — Genre Arc Templates (Wave 23)
    # Subtest: all presets have at least 5 scenes
    ok 1 - all presets have at least 5 scenes
      ---
      duration_ms: 0.176449
      type: 'test'
      ...
    # Subtest: all preset scene indices are sequential from 0
    ok 2 - all preset scene indices are sequential from 0
      ---
      duration_ms: 0.152848
      type: 'test'
      ...
    # Subtest: all preset tensionTargets are in [0, 100]
    ok 3 - all preset tensionTargets are in [0, 100]
      ---
      duration_ms: 0.337811
      type: 'test'
      ...
    # Subtest: Tragedy preset peaks tension in middle-to-late then drops
    ok 4 - Tragedy preset peaks tension in middle-to-late then drops
      ---
      duration_ms: 0.157862
      type: 'test'
      ...
    # Subtest: Rags → Riches preset has monotonically non-decreasing tension
    ok 5 - Rags → Riches preset has monotonically non-decreasing tension
      ---
      duration_ms: 0.129519
      type: 'test'
      ...
    # Subtest: Man in a Hole preset has a high-tension middle scene
    ok 6 - Man in a Hole preset has a high-tension middle scene
      ---
      duration_ms: 0.209454
      type: 'test'
      ...
    1..6
ok 503 - NVM — Genre Arc Templates (Wave 23)
  ---
  duration_ms: 1.373023
  type: 'suite'
  ...
# Subtest: NVM — Proof Inspector endpoint logic (Wave 23)
    # Subtest: running all 4 tiers on a minimal IR returns correct tier structure
    ok 1 - running all 4 tiers on a minimal IR returns correct tier structure
      ---
      duration_ms: 5.601351
      type: 'test'
      ...
    # Subtest: proof inspector replays state before target commit correctly
    ok 2 - proof inspector replays state before target commit correctly
      ---
      duration_ms: 0.233467
      type: 'test'
      ...
    # Subtest: tier2Score formula: 100 - ceil(100/3) per failure
    ok 3 - tier2Score formula: 100 - ceil(100/3) per failure
      ---
      duration_ms: 0.305177
      type: 'test'
      ...
    # Subtest: tier3Rank: 100 when both pass, 50 when one fails, 0 when both fail
    ok 4 - tier3Rank: 100 when both pass, 50 when one fails, 0 when both fail
      ---
      duration_ms: 0.185355
      type: 'test'
      ...
    1..4
ok 504 - NVM — Proof Inspector endpoint logic (Wave 23)
  ---
  duration_ms: 6.5104
  type: 'suite'
  ...
# Subtest: NVM — Quality Engines Panel (Wave 24)
    # Subtest: runQualityEngine on empty IR returns score 100 and no warnings
    ok 1 - runQualityEngine on empty IR returns score 100 and no warnings
      ---
      duration_ms: 0.338884
      type: 'test'
      ...
    # Subtest: DV1_ON_THE_NOSE fires for told belief at confidence > 0.95
    ok 2 - DV1_ON_THE_NOSE fires for told belief at confidence > 0.95
      ---
      duration_ms: 0.499231
      type: 'test'
      ...
    # Subtest: DV5_NO_HUMAN_PRESENCE fires when only world-fact ops and sceneIdx > 0
    ok 3 - DV5_NO_HUMAN_PRESENCE fires when only world-fact ops and sceneIdx > 0
      ---
      duration_ms: 0.191403
      type: 'test'
      ...
    # Subtest: DV10_STRUCTURAL_UNIFORMITY fires when all 4+ ops have the same kind
    ok 4 - DV10_STRUCTURAL_UNIFORMITY fires when all 4+ ops have the same kind
      ---
      duration_ms: 0.185473
      type: 'test'
      ...
    # Subtest: proppMorphology on empty IR → all absent, coverage = 0
    ok 5 - proppMorphology on empty IR → all absent, coverage = 0
      ---
      duration_ms: 0.11344
      type: 'test'
      ...
    # Subtest: proppMorphology: APPRAISE_EMOTION fear → complication present
    ok 6 - proppMorphology: APPRAISE_EMOTION fear → complication present
      ---
      duration_ms: 0.247019
      type: 'test'
      ...
    # Subtest: proppMorphology: ADVANCE_THEME_ARGUMENT resolve → resolution present
    ok 7 - proppMorphology: ADVANCE_THEME_ARGUMENT resolve → resolution present
      ---
      duration_ms: 0.147509
      type: 'test'
      ...
    # Subtest: specificityScore with vague terms returns < 1
    ok 8 - specificityScore with vague terms returns < 1
      ---
      duration_ms: 0.137093
      type: 'test'
      ...
    # Subtest: computeArcDebt detects clues-without-payoffs debt at scene >= 3
    ok 9 - computeArcDebt detects clues-without-payoffs debt at scene >= 3
      ---
      duration_ms: 0.421941
      type: 'test'
      ...
    # Subtest: revealReady returns false when suspense < 50
    ok 10 - revealReady returns false when suspense < 50
      ---
      duration_ms: 0.280306
      type: 'test'
      ...
    1..10
ok 505 - NVM — Quality Engines Panel (Wave 24)
  ---
  duration_ms: 12.896454
  type: 'suite'
  ...
# Subtest: NVM — Epistemic Map route logic (Wave 24)
    # Subtest: beliefs with source=told and matching cross-char proposition produce meta-layers
    ok 1 - beliefs with source=told and matching cross-char proposition produce meta-layers
      ---
      duration_ms: 0.321295
      type: 'test'
      ...
    # Subtest: irony pairs detected when confidence diff >= 0.4
    ok 2 - irony pairs detected when confidence diff >= 0.4
      ---
      duration_ms: 0.250605
      type: 'test'
      ...
    # Subtest: no irony pair when confidence diff < 0.4
    ok 3 - no irony pair when confidence diff < 0.4
      ---
      duration_ms: 0.228138
      type: 'test'
      ...
    1..3
ok 506 - NVM — Epistemic Map route logic (Wave 24)
  ---
  duration_ms: 1.022368
  type: 'suite'
  ...
# Subtest: NVM — Arc Completion Tracker (Wave 25)
    # Subtest: empty story → no open promises, no resolved, debt=0
    ok 1 - empty story → no open promises, no resolved, debt=0
      ---
      duration_ms: 0.830917
      type: 'test'
      ...
    # Subtest: SEED_CLUE without PAYOFF_SETUP creates an open CLUE promise
    ok 2 - SEED_CLUE without PAYOFF_SETUP creates an open CLUE promise
      ---
      duration_ms: 0.306609
      type: 'test'
      ...
    # Subtest: SEED_CLUE + matching PAYOFF_SETUP → resolved, no open promise
    ok 3 - SEED_CLUE + matching PAYOFF_SETUP → resolved, no open promise
      ---
      duration_ms: 0.147581
      type: 'test'
      ...
    # Subtest: RAISE_CLOCK(+5) without countdown creates open CLOCK promise
    ok 4 - RAISE_CLOCK(+5) without countdown creates open CLOCK promise
      ---
      duration_ms: 0.178133
      type: 'test'
      ...
    # Subtest: RAISE_CLOCK +5 then -5 → resolved, no open promise
    ok 5 - RAISE_CLOCK +5 then -5 → resolved, no open promise
      ---
      duration_ms: 0.191458
      type: 'test'
      ...
    # Subtest: negative SHIFT_RELATIONSHIP creates open REL promise
    ok 6 - negative SHIFT_RELATIONSHIP creates open REL promise
      ---
      duration_ms: 0.511276
      type: 'test'
      ...
    # Subtest: ADVANCE_THEME_ARGUMENT support then resolve → resolved, no open promise
    ok 7 - ADVANCE_THEME_ARGUMENT support then resolve → resolved, no open promise
      ---
      duration_ms: 0.298535
      type: 'test'
      ...
    # Subtest: overdue promise when current scene > target window upper bound
    ok 8 - overdue promise when current scene > target window upper bound
      ---
      duration_ms: 0.268828
      type: 'test'
      ...
    # Subtest: pacing score drops below 0.5 for severely overdue promise
    ok 9 - pacing score drops below 0.5 for severely overdue promise
      ---
      duration_ms: 0.315001
      type: 'test'
      ...
    # Subtest: promises sorted: overdue first, then due_soon, then on_track
    ok 10 - promises sorted: overdue first, then due_soon, then on_track
      ---
      duration_ms: 0.356196
      type: 'test'
      ...
    1..10
ok 507 - NVM — Arc Completion Tracker (Wave 25)
  ---
  duration_ms: 3.841651
  type: 'suite'
  ...
# Subtest: NVM — Story Health Dashboard (Wave 26)
    # Subtest: analyzeArcCompletion: debtScore=0 for empty story
    ok 1 - analyzeArcCompletion: debtScore=0 for empty story
      ---
      duration_ms: 0.167864
      type: 'test'
      ...
    # Subtest: computeTopology: returns 9 archetype scores for multi-scene
    ok 2 - computeTopology: returns 9 archetype scores for multi-scene
      ---
      duration_ms: 1.017116
      type: 'test'
      ...
    # Subtest: computeTopology: coherence 0 for empty ledger list
    ok 3 - computeTopology: coherence 0 for empty ledger list
      ---
      duration_ms: 0.144219
      type: 'test'
      ...
    # Subtest: tensionHistory length matches ledger count
    ok 4 - tensionHistory length matches ledger count
      ---
      duration_ms: 0.176702
      type: 'test'
      ...
    # Subtest: momentum: 0 for empty ledger list
    ok 5 - momentum: 0 for empty ledger list
      ---
      duration_ms: 0.172822
      type: 'test'
      ...
    # Subtest: arc-completion + epistemic data compose without throws
    ok 6 - arc-completion + epistemic data compose without throws
      ---
      duration_ms: 0.194948
      type: 'test'
      ...
    # Subtest: proof pass rate: null when no commits (G0-05 — no sentinel score)
    ok 7 - proof pass rate: null when no commits (G0-05 — no sentinel score)
      ---
      duration_ms: 0.101858
      type: 'test'
      ...
    # Subtest: proof pass rate: proportional calculation
    ok 8 - proof pass rate: proportional calculation
      ---
      duration_ms: 0.09226
      type: 'test'
      ...
    1..8
ok 508 - NVM — Story Health Dashboard (Wave 26)
  ---
  duration_ms: 2.341576
  type: 'suite'
  ...
# Subtest: NVM — Quality-Aware Generation Spec (Wave 27)
    # Subtest: qualityConstraintsFromWarnings: DV1 → free_form constraint
    ok 1 - qualityConstraintsFromWarnings: DV1 → free_form constraint
      ---
      duration_ms: 0.50207
      type: 'test'
      ...
    # Subtest: qualityConstraintsFromWarnings: deduplicates same rule
    ok 2 - qualityConstraintsFromWarnings: deduplicates same rule
      ---
      duration_ms: 0.175225
      type: 'test'
      ...
    # Subtest: qualityConstraintsFromWarnings: LOW_SPECIFICITY → concrete specifics constraint
    ok 3 - qualityConstraintsFromWarnings: LOW_SPECIFICITY → concrete specifics constraint
      ---
      duration_ms: 0.130255
      type: 'test'
      ...
    # Subtest: arcConstraintsFromTracker: overdue CLUE → must_seed_clue constraint
    ok 4 - arcConstraintsFromTracker: overdue CLUE → must_seed_clue constraint
      ---
      duration_ms: 0.583457
      type: 'test'
      ...
    # Subtest: arcConstraintsFromTracker: on_track promises are not included
    ok 5 - arcConstraintsFromTracker: on_track promises are not included
      ---
      duration_ms: 0.143719
      type: 'test'
      ...
    # Subtest: proppConstraintsFromAnalysis: absent complication → RAISE_CLOCK guidance
    ok 6 - proppConstraintsFromAnalysis: absent complication → RAISE_CLOCK guidance
      ---
      duration_ms: 0.238682
      type: 'test'
      ...
    # Subtest: proppConstraintsFromAnalysis: all present → no constraints
    ok 7 - proppConstraintsFromAnalysis: all present → no constraints
      ---
      duration_ms: 0.137547
      type: 'test'
      ...
    # Subtest: buildQualityAwareConstraints combines all constraint sources
    ok 8 - buildQualityAwareConstraints combines all constraint sources
      ---
      duration_ms: 0.409112
      type: 'test'
      ...
    # Subtest: qualityConstraintsFromWarnings: unrecognized rules always generate a constraint regardless of penalty
    ok 9 - qualityConstraintsFromWarnings: unrecognized rules always generate a constraint regardless of penalty
      ---
      duration_ms: 0.149633
      type: 'test'
      ...
    # Subtest: arcConstraintsFromTracker: THEME urgency → resolve theme constraint
    ok 10 - arcConstraintsFromTracker: THEME urgency → resolve theme constraint
      ---
      duration_ms: 0.145536
      type: 'test'
      ...
    1..10
ok 509 - NVM — Quality-Aware Generation Spec (Wave 27)
  ---
  duration_ms: 2.946454
  type: 'suite'
  ...
# Subtest: NVM — Character Arc Visualizer (Wave 28)
    # Subtest: character arc: UPDATE_BELIEF op adds charId to arc roster
    ok 1 - character arc: UPDATE_BELIEF op adds charId to arc roster
      ---
      duration_ms: 0.225496
      type: 'test'
      ...
    # Subtest: character arc: SHIFT_RELATIONSHIP adds both pair members
    ok 2 - character arc: SHIFT_RELATIONSHIP adds both pair members
      ---
      duration_ms: 0.266575
      type: 'test'
      ...
    # Subtest: character arc: avgConfidence computed correctly
    ok 3 - character arc: avgConfidence computed correctly
      ---
      duration_ms: 0.150027
      type: 'test'
      ...
    # Subtest: character arc: netRelationshipScore accumulates across pairs
    ok 4 - character arc: netRelationshipScore accumulates across pairs
      ---
      duration_ms: 0.19811
      type: 'test'
      ...
    # Subtest: character arc: agencyCount counts ops referencing charId
    ok 5 - character arc: agencyCount counts ops referencing charId
      ---
      duration_ms: 0.185833
      type: 'test'
      ...
    # Subtest: character arc: characters sorted by totalAgency descending
    ok 6 - character arc: characters sorted by totalAgency descending
      ---
      duration_ms: 0.12995
      type: 'test'
      ...
    # Subtest: character arc: peakIntensity is max across scenes
    ok 7 - character arc: peakIntensity is max across scenes
      ---
      duration_ms: 0.2593
      type: 'test'
      ...
    # Subtest: character arc: dominantEmotions deduplicates across scenes
    ok 8 - character arc: dominantEmotions deduplicates across scenes
      ---
      duration_ms: 0.146946
      type: 'test'
      ...
    1..8
ok 510 - NVM — Character Arc Visualizer (Wave 28)
  ---
  duration_ms: 1.823855
  type: 'suite'
  ...
# Subtest: NVM — Narrative Regression Suite (Wave 29)
    # Subtest: regression: empty story → all invariants return na or fail (no pass)
    ok 1 - regression: empty story → all invariants return na or fail (no pass)
      ---
      duration_ms: 1.70897
      type: 'test'
      ...
    # Subtest: regression: WORLD_ESTABLISHED_EARLY passes when ADD_FACT in scene 0
    ok 2 - regression: WORLD_ESTABLISHED_EARLY passes when ADD_FACT in scene 0
      ---
      duration_ms: 0.263899
      type: 'test'
      ...
    # Subtest: regression: WORLD_ESTABLISHED_EARLY fails after scene 2 with no world ops
    ok 3 - regression: WORLD_ESTABLISHED_EARLY fails after scene 2 with no world ops
      ---
      duration_ms: 0.205448
      type: 'test'
      ...
    # Subtest: regression: COMPLICATION_BY_SCENE_3 passes with RAISE_CLOCK in scene 2
    ok 4 - regression: COMPLICATION_BY_SCENE_3 passes with RAISE_CLOCK in scene 2
      ---
      duration_ms: 0.199207
      type: 'test'
      ...
    # Subtest: regression: COMPLICATION_BY_SCENE_3 is na with fewer than 3 scenes
    ok 5 - regression: COMPLICATION_BY_SCENE_3 is na with fewer than 3 scenes
      ---
      duration_ms: 0.254974
      type: 'test'
      ...
    # Subtest: regression: CLUE_BEFORE_PAYOFF fails when payoff has no preceding seed
    ok 6 - regression: CLUE_BEFORE_PAYOFF fails when payoff has no preceding seed
      ---
      duration_ms: 0.258957
      type: 'test'
      ...
    # Subtest: regression: CLUE_BEFORE_PAYOFF passes when seed precedes payoff
    ok 7 - regression: CLUE_BEFORE_PAYOFF passes when seed precedes payoff
      ---
      duration_ms: 0.198666
      type: 'test'
      ...
    # Subtest: regression: THEME_SUPPORTED_BEFORE_RESOLVED fails when resolve has no prior support
    ok 8 - regression: THEME_SUPPORTED_BEFORE_RESOLVED fails when resolve has no prior support
      ---
      duration_ms: 0.164518
      type: 'test'
      ...
    # Subtest: regression: THEME_SUPPORTED_BEFORE_RESOLVED passes with prior support
    ok 9 - regression: THEME_SUPPORTED_BEFORE_RESOLVED passes with prior support
      ---
      duration_ms: 0.310395
      type: 'test'
      ...
    # Subtest: regression: RELATIONSHIP_ARC_EXISTS warns when shifts are one-way only
    ok 10 - regression: RELATIONSHIP_ARC_EXISTS warns when shifts are one-way only
      ---
      duration_ms: 0.232299
      type: 'test'
      ...
    # Subtest: regression: RELATIONSHIP_ARC_EXISTS passes with sign reversal
    ok 11 - regression: RELATIONSHIP_ARC_EXISTS passes with sign reversal
      ---
      duration_ms: 0.288995
      type: 'test'
      ...
    # Subtest: regression: runner grade A when all applicable invariants pass
    ok 12 - regression: runner grade A when all applicable invariants pass
      ---
      duration_ms: 0.821175
      type: 'test'
      ...
    # Subtest: regression: reverted commits are excluded from invariant checks
    ok 13 - regression: reverted commits are excluded from invariant checks
      ---
      duration_ms: 0.154751
      type: 'test'
      ...
    # Subtest: regression: byCategory tallies match result list
    ok 14 - regression: byCategory tallies match result list
      ---
      duration_ms: 0.355929
      type: 'test'
      ...
    1..14
ok 511 - NVM — Narrative Regression Suite (Wave 29)
  ---
  duration_ms: 5.85925
  type: 'suite'
  ...
# Subtest: NVM — Narrative Momentum Dashboard (Wave 30)
    # Subtest: momentum: empty commit list produces empty points array
    ok 1 - momentum: empty commit list produces empty points array
      ---
      duration_ms: 0.207601
      type: 'test'
      ...
    # Subtest: momentum: single ADD_FACT commit produces one point
    ok 2 - momentum: single ADD_FACT commit produces one point
      ---
      duration_ms: 0.462743
      type: 'test'
      ...
    # Subtest: momentum: regression score increases as story improves
    ok 3 - momentum: regression score increases as story improves
      ---
      duration_ms: 0.279047
      type: 'test'
      ...
    # Subtest: momentum: proofPassRate is 100 when tier1 passes for simple ops
    ok 4 - momentum: proofPassRate is 100 when tier1 passes for simple ops
      ---
      duration_ms: 0.22815
      type: 'test'
      ...
    # Subtest: momentum: deriveTensionLedger returns totalTension as a number
    ok 5 - momentum: deriveTensionLedger returns totalTension as a number
      ---
      duration_ms: 0.107892
      type: 'test'
      ...
    # Subtest: momentum: points accumulate rolling state across commits
    ok 6 - momentum: points accumulate rolling state across commits
      ---
      duration_ms: 0.293888
      type: 'test'
      ...
    # Subtest: momentum: regression and quality are independent signals
    ok 7 - momentum: regression and quality are independent signals
      ---
      duration_ms: 0.291399
      type: 'test'
      ...
    1..7
ok 512 - NVM — Narrative Momentum Dashboard (Wave 30)
  ---
  duration_ms: 2.137046
  type: 'suite'
  ...
# Subtest: NVM — Voice DNA Analyzer (Wave 31)
    # Subtest: voiceDNA: burrowsDelta is 0 when only one character
    ok 1 - voiceDNA: burrowsDelta is 0 when only one character
      ---
      duration_ms: 0.352645
      type: 'test'
      ...
    # Subtest: voiceDNA: burrowsDelta is 0 for fully distinct vocabularies
    ok 2 - voiceDNA: burrowsDelta is 0 for fully distinct vocabularies
      ---
      duration_ms: 0.323643
      type: 'test'
      ...
    # Subtest: voiceDNA: burrowsDelta is 1 for identical vocabularies
    ok 3 - voiceDNA: burrowsDelta is 1 for identical vocabularies
      ---
      duration_ms: 0.151884
      type: 'test'
      ...
    # Subtest: voiceDNA: partial overlap produces intermediate delta
    ok 4 - voiceDNA: partial overlap produces intermediate delta
      ---
      duration_ms: 0.13019
      type: 'test'
      ...
    # Subtest: voiceDNA: Jaccard similarity — shared / union
    ok 5 - voiceDNA: Jaccard similarity — shared / union
      ---
      duration_ms: 0.169081
      type: 'test'
      ...
    # Subtest: voiceDNA: signature words are unique to one character
    ok 6 - voiceDNA: signature words are unique to one character
      ---
      duration_ms: 0.179666
      type: 'test'
      ...
    # Subtest: voiceDNA: diversity score = 100 when voices are fully distinct
    ok 7 - voiceDNA: diversity score = 100 when voices are fully distinct
      ---
      duration_ms: 0.136608
      type: 'test'
      ...
    # Subtest: voiceDNA: diversity score = 0 when voices are identical
    ok 8 - voiceDNA: diversity score = 0 when voices are identical
      ---
      duration_ms: 0.10034
      type: 'test'
      ...
    # Subtest: voiceDNA: acoustic twins threshold is >= 0.35 similarity
    ok 9 - voiceDNA: acoustic twins threshold is >= 0.35 similarity
      ---
      duration_ms: 0.176932
      type: 'test'
      ...
    # Subtest: voiceDNA: multi-scene beliefs accumulate into character vocab
    ok 10 - voiceDNA: multi-scene beliefs accumulate into character vocab
      ---
      duration_ms: 0.264285
      type: 'test'
      ...
    1..10
ok 513 - NVM — Voice DNA Analyzer (Wave 31)
  ---
  duration_ms: 2.391429
  type: 'suite'
  ...
# Subtest: NVM — Action↔StoryOp Bridge (Wave 32)
    # Subtest: bridge: SPEAK produces UPDATE_READER_STATE (curiosity +1)
    ok 1 - bridge: SPEAK produces UPDATE_READER_STATE (curiosity +1)
      ---
      duration_ms: 0.829133
      type: 'test'
      ...
    # Subtest: bridge: SPEAK with a proposition emits UPDATE_BELIEF for target
    ok 2 - bridge: SPEAK with a proposition emits UPDATE_BELIEF for target
      ---
      duration_ms: 0.392708
      type: 'test'
      ...
    # Subtest: bridge: LIE produces suspense delta = 2
    ok 3 - bridge: LIE produces suspense delta = 2
      ---
      duration_ms: 0.148889
      type: 'test'
      ...
    # Subtest: bridge: EXAMINE produces ADD_FACT + UPDATE_READER_STATE (curiosity +2)
    ok 4 - bridge: EXAMINE produces ADD_FACT + UPDATE_READER_STATE (curiosity +2)
      ---
      duration_ms: 0.247938
      type: 'test'
      ...
    # Subtest: bridge: RELOCATE produces ADD_FACT with predicate moves_to
    ok 5 - bridge: RELOCATE produces ADD_FACT with predicate moves_to
      ---
      duration_ms: 0.238938
      type: 'test'
      ...
    # Subtest: bridge: WAIT produces no ops (silent beat)
    ok 6 - bridge: WAIT produces no ops (silent beat)
      ---
      duration_ms: 0.237679
      type: 'test'
      ...
    # Subtest: bridge: epistemicUpdateToOps emits UPDATE_BELIEF per new belief
    ok 7 - bridge: epistemicUpdateToOps emits UPDATE_BELIEF per new belief
      ---
      duration_ms: 0.388891
      type: 'test'
      ...
    # Subtest: bridge: contradiction_detected emits suspense +3 and raises contradiction_clock
    ok 8 - bridge: contradiction_detected emits suspense +3 and raises contradiction_clock
      ---
      duration_ms: 0.147443
      type: 'test'
      ...
    # Subtest: bridge: no contradiction → no clock or extra suspense
    ok 9 - bridge: no contradiction → no clock or extra suspense
      ---
      duration_ms: 0.103993
      type: 'test'
      ...
    # Subtest: bridge: buildTurnCommit returns null for pure WAIT turn
    ok 10 - bridge: buildTurnCommit returns null for pure WAIT turn
      ---
      duration_ms: 0.54206
      type: 'test'
      ...
    # Subtest: bridge: buildTurnCommit returns a commit with parentId chain
    ok 11 - bridge: buildTurnCommit returns a commit with parentId chain
      ---
      duration_ms: 1.9113
      type: 'test'
      ...
    # Subtest: bridge: buildTurnCommit deltaSummary counts UPDATE_BELIEF ops
    ok 12 - bridge: buildTurnCommit deltaSummary counts UPDATE_BELIEF ops
      ---
      duration_ms: 0.644663
      type: 'test'
      ...
    # Subtest: bridge: LIE turn commit contains both suspense op and belief for listener
    ok 13 - bridge: LIE turn commit contains both suspense op and belief for listener
      ---
      duration_ms: 0.612242
      type: 'test'
      ...
    # Subtest: bridge: extraUpdates are included in the commit ops
    ok 14 - bridge: extraUpdates are included in the commit ops
      ---
      duration_ms: 0.536728
      type: 'test'
      ...
    1..14
ok 514 - NVM — Action↔StoryOp Bridge (Wave 32)
  ---
  duration_ms: 7.467148
  type: 'suite'
  ...
# Subtest: NVM — Author-Presence Move Bus (Wave 33)
    # Subtest: moveBus: STEER keyword recognized
    ok 1 - moveBus: STEER keyword recognized
      ---
      duration_ms: 0.868385
      type: 'test'
      ...
    # Subtest: moveBus: STEER emits ADD_FACT + RAISE_CLOCK + UPDATE_READER_STATE
    ok 2 - moveBus: STEER emits ADD_FACT + RAISE_CLOCK + UPDATE_READER_STATE
      ---
      duration_ms: 0.412235
      type: 'test'
      ...
    # Subtest: moveBus: STEER with unrecognizable pattern → ambiguous
    ok 3 - moveBus: STEER with unrecognizable pattern → ambiguous
      ---
      duration_ms: 0.130657
      type: 'test'
      ...
    # Subtest: moveBus: STEER clock ID uses charId
    ok 4 - moveBus: STEER clock ID uses charId
      ---
      duration_ms: 0.284441
      type: 'test'
      ...
    # Subtest: moveBus: INJECT fact creates ADD_FACT with predicate author_fact
    ok 5 - moveBus: INJECT fact creates ADD_FACT with predicate author_fact
      ---
      duration_ms: 0.653609
      type: 'test'
      ...
    # Subtest: moveBus: INJECT clue seeds a SEED_CLUE op
    ok 6 - moveBus: INJECT clue seeds a SEED_CLUE op
      ---
      duration_ms: 1.387159
      type: 'test'
      ...
    # Subtest: moveBus: INJECT clue detects carrier type from content
    ok 7 - moveBus: INJECT clue detects carrier type from content
      ---
      duration_ms: 0.893278
      type: 'test'
      ...
    # Subtest: moveBus: INJECT pressure raises suspense + clock
    ok 8 - moveBus: INJECT pressure raises suspense + clock
      ---
      duration_ms: 0.180708
      type: 'test'
      ...
    # Subtest: moveBus: OVERRULE recognized and returns no ops
    ok 9 - moveBus: OVERRULE recognized and returns no ops
      ---
      duration_ms: 0.249367
      type: 'test'
      ...
    # Subtest: moveBus: "undo" keyword maps to OVERRULE
    ok 10 - moveBus: "undo" keyword maps to OVERRULE
      ---
      duration_ms: 0.103718
      type: 'test'
      ...
    # Subtest: moveBus: plain prose without verb defaults to INJECT fact
    ok 11 - moveBus: plain prose without verb defaults to INJECT fact
      ---
      duration_ms: 0.307767
      type: 'test'
      ...
    # Subtest: moveBus: buildAuthorCommit returns commit for valid INJECT
    ok 12 - moveBus: buildAuthorCommit returns commit for valid INJECT
      ---
      duration_ms: 0.617147
      type: 'test'
      ...
    # Subtest: moveBus: buildAuthorCommit returns null for OVERRULE (no ops)
    ok 13 - moveBus: buildAuthorCommit returns null for OVERRULE (no ops)
      ---
      duration_ms: 0.262074
      type: 'test'
      ...
    # Subtest: moveBus: buildAuthorCommit chains parentId correctly
    ok 14 - moveBus: buildAuthorCommit chains parentId correctly
      ---
      duration_ms: 0.404739
      type: 'test'
      ...
    1..14
ok 515 - NVM — Author-Presence Move Bus (Wave 33)
  ---
  duration_ms: 7.242529
  type: 'suite'
  ...
# Subtest: NVM — Reactive Turn Cycle (Wave 34)
    # Subtest: reactToCommit: returns noAgents when stage has no alive agents
    ok 1 - reactToCommit: returns noAgents when stage has no alive agents
      ---
      duration_ms: 5.440401
      type: 'test'
      ...
    # Subtest: advanceWorld: returns noAgents shape for empty stage
    ok 2 - advanceWorld: returns noAgents shape for empty stage
      ---
      duration_ms: 4.59621
      type: 'test'
      ...
    # Subtest: reactToCommit: maxBeats capped at function parameter
    ok 3 - reactToCommit: maxBeats capped at function parameter
      ---
      duration_ms: 58.527716
      type: 'test'
      ...
    # Subtest: advanceWorld: commits from reactions are returned in result
    ok 4 - advanceWorld: commits from reactions are returned in result
      ---
      duration_ms: 14.850379
      type: 'test'
      ...
    1..4
ok 516 - NVM — Reactive Turn Cycle (Wave 34)
  ---
  duration_ms: 83.701446
  type: 'suite'
  ...
# Subtest: NVM — Forward Latent Branch Field (Wave 35)
    # Subtest: branchField: scoreBranch returns all 6 dimension scores + total
    ok 1 - branchField: scoreBranch returns all 6 dimension scores + total
      ---
      duration_ms: 1.230815
      type: 'test'
      ...
    # Subtest: branchField: SEED_CLUE op boosts screenplayUsefulness
    ok 2 - branchField: SEED_CLUE op boosts screenplayUsefulness
      ---
      duration_ms: 0.478508
      type: 'test'
      ...
    # Subtest: branchField: novelty = 80 baseline when no recent commits
    ok 3 - branchField: novelty = 80 baseline when no recent commits
      ---
      duration_ms: 0.340839
      type: 'test'
      ...
    # Subtest: branchField: identical ops reduce novelty vs baseline
    ok 4 - branchField: identical ops reduce novelty vs baseline
      ---
      duration_ms: 0.410084
      type: 'test'
      ...
    # Subtest: branchField: generates branches from emptyState
    ok 5 - branchField: generates branches from emptyState
      ---
      duration_ms: 3.129304
      type: 'test'
      ...
    # Subtest: branchField: each branch has branchId, operator, scores, ops
    ok 6 - branchField: each branch has branchId, operator, scores, ops
      ---
      duration_ms: 0.572838
      type: 'test'
      ...
    # Subtest: branchField: branches are sorted by total score descending
    ok 7 - branchField: branches are sorted by total score descending
      ---
      duration_ms: 0.570508
      type: 'test'
      ...
    # Subtest: branchField: sceneIdx advances from last commit
    ok 8 - branchField: sceneIdx advances from last commit
      ---
      duration_ms: 0.922867
      type: 'test'
      ...
    1..8
ok 517 - NVM — Forward Latent Branch Field (Wave 35)
  ---
  duration_ms: 8.031689
  type: 'suite'
  ...
# Subtest: NVM — Conflict Orchestrator + Intention Registry (Wave 36)
    # Subtest: conflictOrch: registry has one intention per living agent
    ok 1 - conflictOrch: registry has one intention per living agent
      ---
      duration_ms: 5.196735
      type: 'test'
      ...
    # Subtest: conflictOrch: intention includes charId, name, wantNow, terminalWant, whatTheyLose
    ok 2 - conflictOrch: intention includes charId, name, wantNow, terminalWant, whatTheyLose
      ---
      duration_ms: 4.648533
      type: 'test'
      ...
    # Subtest: conflictOrch: registry sorted by urgency descending
    ok 3 - conflictOrch: registry sorted by urgency descending
      ---
      duration_ms: 4.849101
      type: 'test'
      ...
    # Subtest: conflictOrch: empty stage gives empty registry
    ok 4 - conflictOrch: empty stage gives empty registry
      ---
      duration_ms: 4.101882
      type: 'test'
      ...
    # Subtest: conflictOrch: computeConflicts returns all 5 fields
    ok 5 - conflictOrch: computeConflicts returns all 5 fields
      ---
      duration_ms: 5.718477
      type: 'test'
      ...
    # Subtest: conflictOrch: ticking clocks detected from state clocks
    ok 6 - conflictOrch: ticking clocks detected from state clocks
      ---
      duration_ms: 5.000796
      type: 'test'
      ...
    # Subtest: conflictOrch: critical urgency for clock level >= 8
    ok 7 - conflictOrch: critical urgency for clock level >= 8
      ---
      duration_ms: 4.868357
      type: 'test'
      ...
    # Subtest: conflictOrch: totalDramaticPressure in [0,100]
    ok 8 - conflictOrch: totalDramaticPressure in [0,100]
      ---
      duration_ms: 4.621656
      type: 'test'
      ...
    # Subtest: conflictOrch: collisions sorted by severity descending
    ok 9 - conflictOrch: collisions sorted by severity descending
      ---
      duration_ms: 4.688954
      type: 'test'
      ...
    1..9
ok 518 - NVM — Conflict Orchestrator + Intention Registry (Wave 36)
  ---
  duration_ms: 44.102387
  type: 'suite'
  ...
# Subtest: NVM — Live Screenplay Memory + Structure (Wave 37)
    # Subtest: screenmem: annotateCommit produces a record with all required fields
    ok 1 - screenmem: annotateCommit produces a record with all required fields
      ---
      duration_ms: 1.490749
      type: 'test'
      ...
    # Subtest: screenmem: RELOCATE ADD_FACT appears in slug
    ok 2 - screenmem: RELOCATE ADD_FACT appears in slug
      ---
      duration_ms: 0.220048
      type: 'test'
      ...
    # Subtest: screenmem: SEED_CLUE without PAYOFF_SETUP → unresolvedClues
    ok 3 - screenmem: SEED_CLUE without PAYOFF_SETUP → unresolvedClues
      ---
      duration_ms: 0.204735
      type: 'test'
      ...
    # Subtest: screenmem: purpose = establish_world for sceneIdx 0
    ok 4 - screenmem: purpose = establish_world for sceneIdx 0
      ---
      duration_ms: 0.147057
      type: 'test'
      ...
    # Subtest: screenmem: purpose = revelation when PAYOFF_SETUP present
    ok 5 - screenmem: purpose = revelation when PAYOFF_SETUP present
      ---
      duration_ms: 0.256465
      type: 'test'
      ...
    # Subtest: screenmem: told belief appears in dialogueHighlights
    ok 6 - screenmem: told belief appears in dialogueHighlights
      ---
      duration_ms: 0.404514
      type: 'test'
      ...
    # Subtest: screenmem: buildScreenplayMemory returns one record per non-reverted commit
    ok 7 - screenmem: buildScreenplayMemory returns one record per non-reverted commit
      ---
      duration_ms: 0.537735
      type: 'test'
      ...
    # Subtest: screenmem: analyzeStructure returns actPosition + all fields
    ok 8 - screenmem: analyzeStructure returns actPosition + all fields
      ---
      duration_ms: 0.559952
      type: 'test'
      ...
    # Subtest: screenmem: analyzeStructure returns act1 when no clock pressure
    ok 9 - screenmem: analyzeStructure returns act1 when no clock pressure
      ---
      duration_ms: 0.210351
      type: 'test'
      ...
    # Subtest: screenmem: analyzeStructure escalating = true when second half > first half
    ok 10 - screenmem: analyzeStructure escalating = true when second half > first half
      ---
      duration_ms: 0.38352
      type: 'test'
      ...
    1..10
ok 519 - NVM — Live Screenplay Memory + Structure (Wave 37)
  ---
  duration_ms: 4.896775
  type: 'suite'
  ...
# Subtest: NVM — End-Condition Detector + Screenplay Compiler (Wave 38)
    # Subtest: endCond: returns complete=false for zero scenes
    ok 1 - endCond: returns complete=false for zero scenes
      ---
      duration_ms: 0.551695
      type: 'test'
      ...
    # Subtest: endCond: confidence increases with more completion signals
    ok 2 - endCond: confidence increases with more completion signals
      ---
      duration_ms: 0.322393
      type: 'test'
      ...
    # Subtest: endCond: result has reasons and gaps arrays
    ok 3 - endCond: result has reasons and gaps arrays
      ---
      duration_ms: 0.272318
      type: 'test'
      ...
    # Subtest: compile: compileScreenplay returns fountain + annotations + summary
    ok 4 - compile: compileScreenplay returns fountain + annotations + summary
      ---
      duration_ms: 0.915514
      type: 'test'
      ...
    # Subtest: compile: structureSummary includes actPosition
    ok 5 - compile: structureSummary includes actPosition
      ---
      duration_ms: 0.266718
      type: 'test'
      ...
    # Subtest: compile: annotations length matches records length
    ok 6 - compile: annotations length matches records length
      ---
      duration_ms: 0.497847
      type: 'test'
      ...
    1..6
ok 520 - NVM — End-Condition Detector + Screenplay Compiler (Wave 38)
  ---
  duration_ms: 3.071284
  type: 'suite'
  ...
# Subtest: NVM — 12-Pass Revision Pipeline (Wave 39)
    # Subtest: structurePass: returns PassResult with correct pass name
    ok 1 - structurePass: returns PassResult with correct pass name
      ---
      duration_ms: 17.773051
      type: 'test'
      ...
    # Subtest: causalityPass: returns PassResult with correct pass name
    ok 2 - causalityPass: returns PassResult with correct pass name
      ---
      duration_ms: 11.338517
      type: 'test'
      ...
    # Subtest: intentionPass: returns PassResult with correct pass name
    ok 3 - intentionPass: returns PassResult with correct pass name
      ---
      duration_ms: 12.624996
      type: 'test'
      ...
    # Subtest: beliefPass: returns PassResult with correct pass name
    ok 4 - beliefPass: returns PassResult with correct pass name
      ---
      duration_ms: 9.888248
      type: 'test'
      ...
    # Subtest: conflictPass: detects FLAT_SUSPENSE_ARC for non-escalating story
    ok 5 - conflictPass: detects FLAT_SUSPENSE_ARC for non-escalating story
      ---
      duration_ms: 12.629665
      type: 'test'
      ...
    # Subtest: characterArcPass: returns PassResult with correct pass name
    ok 6 - characterArcPass: returns PassResult with correct pass name
      ---
      duration_ms: 9.458731
      type: 'test'
      ...
    # Subtest: dialoguePass: detects ON_THE_NOSE and AS_YOU_KNOW_BOB in sample
    ok 7 - dialoguePass: detects ON_THE_NOSE and AS_YOU_KNOW_BOB in sample
      ---
      duration_ms: 25.96912
      type: 'test'
      ...
    # Subtest: rhythmPass: returns PassResult with correct pass name
    ok 8 - rhythmPass: returns PassResult with correct pass name
      ---
      duration_ms: 11.827007
      type: 'test'
      ...
    # Subtest: pacingPass: returns PassResult with correct pass name
    ok 9 - pacingPass: returns PassResult with correct pass name
      ---
      duration_ms: 10.124858
      type: 'test'
      ...
    # Subtest: originalityPass: detects clichés in sample fountain
    ok 10 - originalityPass: detects clichés in sample fountain
      ---
      duration_ms: 41.292866
      type: 'test'
      ...
    # Subtest: payoffPass: returns PassResult with correct pass name
    ok 11 - payoffPass: returns PassResult with correct pass name
      ---
      duration_ms: 10.272435
      type: 'test'
      ...
    # Subtest: voicePass: returns PassResult with correct pass name
    ok 12 - voicePass: returns PassResult with correct pass name
      ---
      duration_ms: 13.658049
      type: 'test'
      ...
    # Subtest: pipeline: runRevisionPipeline runs all 14 passes
    ok 13 - pipeline: runRevisionPipeline runs all 14 passes
      ---
      duration_ms: 25.692064
      type: 'test'
      ...
    # Subtest: pipeline: pass names are correct in order
    ok 14 - pipeline: pass names are correct in order
      ---
      duration_ms: 5.721507
      type: 'test'
      ...
    # Subtest: pipeline: approved spans are passed through without errors
    ok 15 - pipeline: approved spans are passed through without errors
      ---
      duration_ms: 7.533207
      type: 'test'
      ...
    # Subtest: pipeline: totalIssuesFound = sum of per-pass issue counts
    ok 16 - pipeline: totalIssuesFound = sum of per-pass issue counts
      ---
      duration_ms: 4.465153
      type: 'test'
      ...
    # Subtest: pipeline: finalFountain equals originalFountain in stub mode (no LLM)
    ok 17 - pipeline: finalFountain equals originalFountain in stub mode (no LLM)
      ---
      duration_ms: 3.748118
      type: 'test'
      ...
    1..17
ok 521 - NVM — 12-Pass Revision Pipeline (Wave 39)
  ---
  duration_ms: 235.221408
  type: 'suite'
  ...
# Subtest: C1 — sanitizeForPrompt (prompt injection defense)
    # Subtest: strips NUL byte
    ok 1 - strips NUL byte
      ---
      duration_ms: 0.217539
      type: 'test'
      ...
    # Subtest: strips carriage return + null byte injection pattern
    ok 2 - strips carriage return + null byte injection pattern
      ---
      duration_ms: 0.099614
      type: 'test'
      ...
    # Subtest: strips ASCII control chars (BEL, BS, VT, FF, etc.)
    ok 3 - strips ASCII control chars (BEL, BS, VT, FF, etc.)
      ---
      duration_ms: 0.145939
      type: 'test'
      ...
    # Subtest: truncates at maxLen
    ok 4 - truncates at maxLen
      ---
      duration_ms: 0.109258
      type: 'test'
      ...
    # Subtest: trims leading/trailing whitespace
    ok 5 - trims leading/trailing whitespace
      ---
      duration_ms: 0.083976
      type: 'test'
      ...
    # Subtest: returns empty string for non-string input
    ok 6 - returns empty string for non-string input
      ---
      duration_ms: 0.068045
      type: 'test'
      ...
    # Subtest: preserves normal Fountain text unchanged (no control chars)
    ok 7 - preserves normal Fountain text unchanged (no control chars)
      ---
      duration_ms: 0.223483
      type: 'test'
      ...
    # Subtest: preserves angle brackets (valid in Fountain prose)
    ok 8 - preserves angle brackets (valid in Fountain prose)
      ---
      duration_ms: 0.089081
      type: 'test'
      ...
    1..8
ok 522 - C1 — sanitizeForPrompt (prompt injection defense)
  ---
  duration_ms: 1.384118
  type: 'suite'
  ...
# Subtest: C2 — validateAuthorMove op-kind guard
    # Subtest: all 14 known StoryOp kinds pass validation
    ok 1 - all 14 known StoryOp kinds pass validation
      ---
      duration_ms: 0.403975
      type: 'test'
      ...
    # Subtest: rejects op with unknown verb
    ok 2 - rejects op with unknown verb
      ---
      duration_ms: 0.137393
      type: 'test'
      ...
    # Subtest: rejects non-array ops
    ok 3 - rejects non-array ops
      ---
      duration_ms: 13.496293
      type: 'test'
      ...
    # Subtest: rejects ops containing null
    ok 4 - rejects ops containing null
      ---
      duration_ms: 0.260071
      type: 'test'
      ...
    1..4
ok 523 - C2 — validateAuthorMove op-kind guard
  ---
  duration_ms: 14.693996
  type: 'suite'
  ...
# Subtest: Wave 41 — temporalProof blocks EXPIRE on unknown fact
    # Subtest: passes when expiring a fact that exists in state
    ok 1 - passes when expiring a fact that exists in state
      ---
      duration_ms: 0.295187
      type: 'test'
      ...
    # Subtest: blocks EXPIRE on a fact never added (was silently ignored before)
    ok 2 - blocks EXPIRE on a fact never added (was silently ignored before)
      ---
      duration_ms: 0.172856
      type: 'test'
      ...
    # Subtest: blocks EXPIRE before ADD_FACT turn
    ok 3 - blocks EXPIRE before ADD_FACT turn
      ---
      duration_ms: 0.144146
      type: 'test'
      ...
    1..3
ok 524 - Wave 41 — temporalProof blocks EXPIRE on unknown fact
  ---
  duration_ms: 0.733134
  type: 'suite'
  ...
# Subtest: Wave 41 — genericnessProof uses | not : for relationship keys
    # Subtest: recognises a character from relationship key using pipe separator
    ok 1 - recognises a character from relationship key using pipe separator
      ---
      duration_ms: 0.332706
      type: 'test'
      ...
    # Subtest: would have wrongly flagged generic with colon separator (regression guard)
    ok 2 - would have wrongly flagged generic with colon separator (regression guard)
      ---
      duration_ms: 0.117009
      type: 'test'
      ...
    1..2
ok 525 - Wave 41 — genericnessProof uses | not : for relationship keys
  ---
  duration_ms: 0.545225
  type: 'suite'
  ...
# Subtest: Wave 41 — biasAuditProof uses ≥75% threshold not 100%
    # Subtest: passes when fewer than 3 emotion ops
    ok 1 - passes when fewer than 3 emotion ops
      ---
      duration_ms: 0.225304
      type: 'test'
      ...
    # Subtest: fails when 4 of 4 characters share same emotion (100%)
    ok 2 - fails when 4 of 4 characters share same emotion (100%)
      ---
      duration_ms: 0.172336
      type: 'test'
      ...
    # Subtest: now fails when 3 of 4 characters share same emotion (≥75% — was passing before)
    ok 3 - now fails when 3 of 4 characters share same emotion (≥75% — was passing before)
      ---
      duration_ms: 0.213855
      type: 'test'
      ...
    # Subtest: passes when exactly 2 of 4 characters share same emotion (50% — below threshold)
    ok 4 - passes when exactly 2 of 4 characters share same emotion (50% — below threshold)
      ---
      duration_ms: 0.134622
      type: 'test'
      ...
    1..4
ok 526 - Wave 41 — biasAuditProof uses ≥75% threshold not 100%
  ---
  duration_ms: 0.886573
  type: 'suite'
  ...
# Subtest: Wave 41 — STEER away from uses correct predicate
    # Subtest: STEER toward uses author_steers_toward predicate
    ok 1 - STEER toward uses author_steers_toward predicate
      ---
      duration_ms: 0.230136
      type: 'test'
      ...
    # Subtest: STEER away from uses author_steers_away_from predicate (was inverted before)
    ok 2 - STEER away from uses author_steers_away_from predicate (was inverted before)
      ---
      duration_ms: 0.145313
      type: 'test'
      ...
    1..2
ok 527 - Wave 41 — STEER away from uses correct predicate
  ---
  duration_ms: 0.457167
  type: 'suite'
  ...
# Subtest: Wave 41 — EXPIRE_FACT monotone (cannot re-open validity)
    # Subtest: first expiry sets validTo
    ok 1 - first expiry sets validTo
      ---
      duration_ms: 0.288169
      type: 'test'
      ...
    # Subtest: second expiry with later turn does NOT extend the window (was re-opening before)
    ok 2 - second expiry with later turn does NOT extend the window (was re-opening before)
      ---
      duration_ms: 0.130449
      type: 'test'
      ...
    # Subtest: earlier expiry overwrites with the earlier turn (monotone minimum)
    ok 3 - earlier expiry overwrites with the earlier turn (monotone minimum)
      ---
      duration_ms: 0.122541
      type: 'test'
      ...
    1..3
ok 528 - Wave 41 — EXPIRE_FACT monotone (cannot re-open validity)
  ---
  duration_ms: 0.649854
  type: 'suite'
  ...
# Subtest: Wave 41 — contractBelief requires defined source_event_id for co-contraction
    # Subtest: does NOT co-contract beliefs that share only undefined source_event_id
    ok 1 - does NOT co-contract beliefs that share only undefined source_event_id
      ---
      duration_ms: 0.281819
      type: 'test'
      ...
    # Subtest: still co-contracts beliefs with matching defined source_event_id
    ok 2 - still co-contracts beliefs with matching defined source_event_id
      ---
      duration_ms: 0.178279
      type: 'test'
      ...
    1..2
ok 529 - Wave 41 — contractBelief requires defined source_event_id for co-contraction
  ---
  duration_ms: 0.55291
  type: 'suite'
  ...
# Subtest: Wave 41 — reviseBelief uses contradicts edges as primary path
    # Subtest: contracts via explicit contradicts edge regardless of source type
    ok 1 - contracts via explicit contradicts edge regardless of source type
      ---
      duration_ms: 0.181251
      type: 'test'
      ...
    1..1
ok 530 - Wave 41 — reviseBelief uses contradicts edges as primary path
  ---
  duration_ms: 0.243238
  type: 'suite'
  ...
# Subtest: Wave 41 — applyCredence prefers source_agent_id for told beliefs
    # Subtest: uses source_agent_id when present
    ok 1 - uses source_agent_id when present
      ---
      duration_ms: 0.146601
      type: 'test'
      ...
    # Subtest: falls back to event source prefix when source_agent_id absent
    ok 2 - falls back to event source prefix when source_agent_id absent
      ---
      duration_ms: 0.123481
      type: 'test'
      ...
    1..2
ok 531 - Wave 41 — applyCredence prefers source_agent_id for told beliefs
  ---
  duration_ms: 0.347545
  type: 'suite'
  ...
# Subtest: Wave 42 — tier2Score uses float division not Math.ceil
    # Subtest: 3 proofs: 1 failure → score 67 (not 66 with old ceil)
    ok 1 - 3 proofs: 1 failure → score 67 (not 66 with old ceil)
      ---
      duration_ms: 0.144737
      type: 'test'
      ...
    # Subtest: 3 proofs: 0 failures → 100
    ok 2 - 3 proofs: 0 failures → 100
      ---
      duration_ms: 0.232606
      type: 'test'
      ...
    # Subtest: empty results → 100 (guard against division by zero)
    ok 3 - empty results → 100 (guard against division by zero)
      ---
      duration_ms: 0.1003
      type: 'test'
      ...
    1..3
ok 532 - Wave 42 — tier2Score uses float division not Math.ceil
  ---
  duration_ms: 0.60635
  type: 'suite'
  ...
# Subtest: Wave 42 — fountain parser handles unclosed boneyard
    # Subtest: all content after unclosed /* still appears as boneyard blocks
    ok 1 - all content after unclosed /* still appears as boneyard blocks
      ---
      duration_ms: 0.776501
      type: 'test'
      ...
    1..1
ok 533 - Wave 42 — fountain parser handles unclosed boneyard
  ---
  duration_ms: 0.843003
  type: 'suite'
  ...
# Subtest: Wave 42 — fountain parser accepts valid character name formats
    # Subtest: character with apostrophe (JOHN O'BRIEN) parsed as character not action
    ok 1 - character with apostrophe (JOHN O'BRIEN) parsed as character not action
      ---
      duration_ms: 0.514663
      type: 'test'
      ...
    # Subtest: character with hyphen (MARY-ANN) parsed as character
    ok 2 - character with hyphen (MARY-ANN) parsed as character
      ---
      duration_ms: 0.288228
      type: 'test'
      ...
    1..2
ok 534 - Wave 42 — fountain parser accepts valid character name formats
  ---
  duration_ms: 0.903666
  type: 'suite'
  ...
# Subtest: Wave 42 — arc-tracker debtScore stays in 0-100 range
    # Subtest: 10 due_soon with 0 overdue → debtScore 20 (not 100 with old formula)
    ok 1 - 10 due_soon with 0 overdue → debtScore 20 (not 100 with old formula)
      ---
      duration_ms: 0.120036
      type: 'test'
      ...
    # Subtest: 5 overdue 5 due_soon → debtScore 50
    ok 2 - 5 overdue 5 due_soon → debtScore 50
      ---
      duration_ms: 0.081458
      type: 'test'
      ...
    1..2
ok 535 - Wave 42 — arc-tracker debtScore stays in 0-100 range
  ---
  duration_ms: 0.281769
  type: 'suite'
  ...
# Subtest: Wave 43 — Orchestrator running narrative state
    # Subtest: emptyState + applyStoryOps accumulates facts for proof gating
    ok 1 - emptyState + applyStoryOps accumulates facts for proof gating
      ---
      duration_ms: 0.451952
      type: 'test'
      ...
    # Subtest: multi-commit accumulation is order-independent for clock sums
    ok 2 - multi-commit accumulation is order-independent for clock sums
      ---
      duration_ms: 0.254567
      type: 'test'
      ...
    1..2
ok 536 - Wave 43 — Orchestrator running narrative state
  ---
  duration_ms: 0.846865
  type: 'suite'
  ...
# Subtest: Wave 43 — Agent prompt injection sanitization
    # Subtest: sanitizeForPrompt strips injection attempt from hidden_motive length limit
    ok 1 - sanitizeForPrompt strips injection attempt from hidden_motive length limit
      ---
      duration_ms: 0.19952
      type: 'test'
      ...
    # Subtest: sanitizeForPrompt strips null bytes and control characters
    ok 2 - sanitizeForPrompt strips null bytes and control characters
      ---
      duration_ms: 0.156962
      type: 'test'
      ...
    1..2
ok 537 - Wave 43 — Agent prompt injection sanitization
  ---
  duration_ms: 0.457331
  type: 'suite'
  ...
# Subtest: Wave 44 — Converge loop fallback IR correctness
    # Subtest: fallback IR uses target.sceneFunction not hardcoded establish_world
    ok 1 - fallback IR uses target.sceneFunction not hardcoded establish_world
      ---
      duration_ms: 0.264961
      type: 'test'
      ...
    # Subtest: fallback IR provides default mechanism when target has empty activeMechanisms
    ok 2 - fallback IR provides default mechanism when target has empty activeMechanisms
      ---
      duration_ms: 0.136383
      type: 'test'
      ...
    1..2
ok 538 - Wave 44 — Converge loop fallback IR correctness
  ---
  duration_ms: 0.484934
  type: 'suite'
  ...
# Subtest: Fountain parser — lineNumber tracking
    # Subtest: assigns 1-indexed line numbers to every block
    ok 1 - assigns 1-indexed line numbers to every block
      ---
      duration_ms: 0.21838
      type: 'test'
      ...
    # Subtest: camera-bleed lint error includes the line number
    ok 2 - camera-bleed lint error includes the line number
      ---
      duration_ms: 0.166469
      type: 'test'
      ...
    1..2
ok 539 - Fountain parser — lineNumber tracking
  ---
  duration_ms: 0.466426
  type: 'suite'
  ...
# Subtest: Fountain parser — dual dialogue detection
    # Subtest: marks a caret-suffixed cue and its partner as dual_dialogue
    ok 1 - marks a caret-suffixed cue and its partner as dual_dialogue
      ---
      duration_ms: 0.284135
      type: 'test'
      ...
    1..1
ok 540 - Fountain parser — dual dialogue detection
  ---
  duration_ms: 0.348393
  type: 'suite'
  ...
# Subtest: fountainToFdx
    # Subtest: produces valid FDX XML scaffolding
    ok 1 - produces valid FDX XML scaffolding
      ---
      duration_ms: 0.518027
      type: 'test'
      ...
    # Subtest: maps scene headings, action, character, and dialogue to FDX types
    ok 2 - maps scene headings, action, character, and dialogue to FDX types
      ---
      duration_ms: 0.350104
      type: 'test'
      ...
    # Subtest: XML-escapes special characters in text
    ok 3 - XML-escapes special characters in text
      ---
      duration_ms: 0.307772
      type: 'test'
      ...
    # Subtest: skips title-page key:value lines from the body
    ok 4 - skips title-page key:value lines from the body
      ---
      duration_ms: 0.337277
      type: 'test'
      ...
    # Subtest: strips the dual-dialogue caret from the FDX character name
    ok 5 - strips the dual-dialogue caret from the FDX character name
      ---
      duration_ms: 0.264376
      type: 'test'
      ...
    1..5
ok 541 - fountainToFdx
  ---
  duration_ms: 1.973259
  type: 'suite'
  ...
# Subtest: Wave 68 — NaN hardening + arc alignment + enhanced bible
    # Subtest: intentionRegistry: NaN terminal.value is replaced with 50 for urgency
    ok 1 - intentionRegistry: NaN terminal.value is replaced with 50 for urgency
      ---
      duration_ms: 4.390988
      type: 'test'
      ...
    # Subtest: intentionRegistry: threatened urgency caps at 100
    ok 2 - intentionRegistry: threatened urgency caps at 100
      ---
      duration_ms: 4.144878
      type: 'test'
      ...
    # Subtest: conflictOrch: totalDramaticPressure is finite even with NaN-urgency intentions
    ok 3 - conflictOrch: totalDramaticPressure is finite even with NaN-urgency intentions
      ---
      duration_ms: 4.313429
      type: 'test'
      ...
    # Subtest: branchScore: PAYOFF_SETUP op boosts arcAlignment vs baseline
    ok 4 - branchScore: PAYOFF_SETUP op boosts arcAlignment vs baseline
      ---
      duration_ms: 0.360036
      type: 'test'
      ...
    # Subtest: branchScore: polarity shift (dark→light emotion) boosts arcAlignment
    ok 5 - branchScore: polarity shift (dark→light emotion) boosts arcAlignment
      ---
      duration_ms: 0.435177
      type: 'test'
      ...
    # Subtest: storyBible: includes THEME MOVES section after theme argument commits
    ok 6 - storyBible: includes THEME MOVES section after theme argument commits
      ---
      duration_ms: 4.58225
      type: 'test'
      ...
    # Subtest: storyBible: includes RELATIONSHIPS section after relationship commits
    ok 7 - storyBible: includes RELATIONSHIPS section after relationship commits
      ---
      duration_ms: 4.411856
      type: 'test'
      ...
    # Subtest: conflictOrch: warn/silence pair detected as directional collision
    ok 8 - conflictOrch: warn/silence pair detected as directional collision
      ---
      duration_ms: 0.321839
      type: 'test'
      ...
    1..8
ok 542 - Wave 68 — NaN hardening + arc alignment + enhanced bible
  ---
  duration_ms: 23.362132
  type: 'suite'
  ...
# Subtest: Wave 69 — personality NaN guards, bible injection, BELIEF_REVERSAL invariant
    # Subtest: personality: actionBiasWeights with all NaN traits returns finite weights near 1.0
    ok 1 - personality: actionBiasWeights with all NaN traits returns finite weights near 1.0
      ---
      duration_ms: 0.624433
      type: 'test'
      ...
    # Subtest: personality: actionBiasWeights with undefined traits returns finite weights
    ok 2 - personality: actionBiasWeights with undefined traits returns finite weights
      ---
      duration_ms: 0.329301
      type: 'test'
      ...
    # Subtest: personality: effectiveScore with NaN traits does not propagate NaN
    ok 3 - personality: effectiveScore with NaN traits does not propagate NaN
      ---
      duration_ms: 0.312404
      type: 'test'
      ...
    # Subtest: personality: NaN-trait weights match neutral-trait (50) weights
    ok 4 - personality: NaN-trait weights match neutral-trait (50) weights
      ---
      duration_ms: 0.203736
      type: 'test'
      ...
    # Subtest: BELIEF_REVERSAL: na when fewer than 3 scenes
    ok 5 - BELIEF_REVERSAL: na when fewer than 3 scenes
      ---
      duration_ms: 0.203488
      type: 'test'
      ...
    # Subtest: BELIEF_REVERSAL: pass when confidence shifts ≥ 0.35 for same proposition
    ok 6 - BELIEF_REVERSAL: pass when confidence shifts ≥ 0.35 for same proposition
      ---
      duration_ms: 0.275744
      type: 'test'
      ...
    # Subtest: BELIEF_REVERSAL: warning after 5+ scenes with no reversal
    ok 7 - BELIEF_REVERSAL: warning after 5+ scenes with no reversal
      ---
      duration_ms: 0.357051
      type: 'test'
      ...
    # Subtest: BELIEF_REVERSAL: small confidence shift (<0.35) does not trigger pass
    ok 8 - BELIEF_REVERSAL: small confidence shift (<0.35) does not trigger pass
      ---
      duration_ms: 0.278068
      type: 'test'
      ...
    # Subtest: converge: ConvergeBudget interface accepts bibleSummary string field
    ok 9 - converge: ConvergeBudget interface accepts bibleSummary string field
      ---
      duration_ms: 0.224075
      type: 'test'
      ...
    1..9
ok 543 - Wave 69 — personality NaN guards, bible injection, BELIEF_REVERSAL invariant
  ---
  duration_ms: 3.181798
  type: 'suite'
  ...
# Subtest: Wave 70 — revision rewrite storyContext enrichment
    # Subtest: rewritePass: returns original when no issues regardless of storyContext
    ok 1 - rewritePass: returns original when no issues regardless of storyContext
      ---
      duration_ms: 0.250752
      type: 'test'
      ...
    # Subtest: StoryContext interface: all fields optional
    ok 2 - StoryContext interface: all fields optional
      ---
      duration_ms: 0.132294
      type: 'test'
      ...
    # Subtest: PassInput: storyContext field accepted and threaded through pipeline
    ok 3 - PassInput: storyContext field accepted and threaded through pipeline
      ---
      duration_ms: 4.061805
      type: 'test'
      ...
    1..3
ok 544 - Wave 70 — revision rewrite storyContext enrichment
  ---
  duration_ms: 4.577834
  type: 'suite'
  ...
# Subtest: Wave 71 — LLM confidence NaN guards + mine.ts operator scoring
    # Subtest: mineCorpus: NaN run.score does not poison operatorEffectiveness
    ok 1 - mineCorpus: NaN run.score does not poison operatorEffectiveness
      ---
      duration_ms: 0.935599
      type: 'test'
      ...
    # Subtest: mineCorpus: bucket meanScore with all NaN runs returns 0 not NaN
    ok 2 - mineCorpus: bucket meanScore with all NaN runs returns 0 not NaN
      ---
      duration_ms: 0.206932
      type: 'test'
      ...
    # Subtest: mineCorpus: all-NaN scores produce safe policy (operatorEffectiveness scores finite)
    ok 3 - mineCorpus: all-NaN scores produce safe policy (operatorEffectiveness scores finite)
      ---
      duration_ms: 0.19776
      type: 'test'
      ...
    1..3
ok 545 - Wave 71 — LLM confidence NaN guards + mine.ts operator scoring
  ---
  duration_ms: 1.474568
  type: 'suite'
  ...
# Subtest: Wave 75 — buildSystemPreamble state enrichment
    # Subtest: empty state produces a valid preamble without NaN
    ok 1 - empty state produces a valid preamble without NaN
      ---
      duration_ms: 0.304471
      type: 'test'
      ...
    # Subtest: preamble includes dominant character emotion when emotions are present
    ok 2 - preamble includes dominant character emotion when emotions are present
      ---
      duration_ms: 0.208573
      type: 'test'
      ...
    # Subtest: preamble includes clock pressure when clocks are active
    ok 3 - preamble includes clock pressure when clocks are active
      ---
      duration_ms: 0.208522
      type: 'test'
      ...
    # Subtest: preamble includes audience suspense level
    ok 4 - preamble includes audience suspense level
      ---
      duration_ms: 0.113055
      type: 'test'
      ...
    # Subtest: preamble includes theme when authorIntent.theme is set
    ok 5 - preamble includes theme when authorIntent.theme is set
      ---
      duration_ms: 0.326554
      type: 'test'
      ...
    # Subtest: preamble includes last theme move direction
    ok 6 - preamble includes last theme move direction
      ---
      duration_ms: 0.228612
      type: 'test'
      ...
    # Subtest: NaN emotion intensity is excluded from preamble
    ok 7 - NaN emotion intensity is excluded from preamble
      ---
      duration_ms: 0.178903
      type: 'test'
      ...
    # Subtest: preamble includes relationship heat for active dyads
    ok 8 - preamble includes relationship heat for active dyads
      ---
      duration_ms: 0.329592
      type: 'test'
      ...
    # Subtest: buildGenerationSpec preamble includes enriched context for non-empty state
    ok 9 - buildGenerationSpec preamble includes enriched context for non-empty state
      ---
      duration_ms: 0.225301
      type: 'test'
      ...
    1..9
ok 546 - Wave 75 — buildSystemPreamble state enrichment
  ---
  duration_ms: 2.410749
  type: 'suite'
  ...
# Subtest: Wave 76 — quality engine DV11, vague terms, necessityScore state-aware, redteam investment
    # Subtest: DV11 fires when pride emotion has no prior achievement in IR or state
    ok 1 - DV11 fires when pride emotion has no prior achievement in IR or state
      ---
      duration_ms: 0.522096
      type: 'test'
      ...
    # Subtest: DV11 does not fire when PAYOFF_SETUP precedes pride
    ok 2 - DV11 does not fire when PAYOFF_SETUP precedes pride
      ---
      duration_ms: 0.330254
      type: 'test'
      ...
    # Subtest: DV11 does not fire when state has prior positive relationship for that character
    ok 3 - DV11 does not fire when state has prior positive relationship for that character
      ---
      duration_ms: 0.347853
      type: 'test'
      ...
    # Subtest: specificityScore penalizes "everything" and "somehow" as vague qualifiers
    ok 4 - specificityScore penalizes "everything" and "somehow" as vague qualifiers
      ---
      duration_ms: 0.121217
      type: 'test'
      ...
    # Subtest: specificityScore penalizes "obvious" and "clearly" as vague qualifiers
    ok 5 - specificityScore penalizes "obvious" and "clearly" as vague qualifiers
      ---
      duration_ms: 0.102975
      type: 'test'
      ...
    # Subtest: necessityScore(ops, state) marks emotion as redundant when state already has identical dominant+intensity
    ok 6 - necessityScore(ops, state) marks emotion as redundant when state already has identical dominant+intensity
      ---
      duration_ms: 0.208674
      type: 'test'
      ...
    # Subtest: necessityScore(ops, state) allows emotion when intensity shifts significantly
    ok 7 - necessityScore(ops, state) allows emotion when intensity shifts significantly
      ---
      duration_ms: 0.143291
      type: 'test'
      ...
    # Subtest: necessityScore backward-compatible: works without state parameter
    ok 8 - necessityScore backward-compatible: works without state parameter
      ---
      duration_ms: 0.233019
      type: 'test'
      ...
    # Subtest: redTeamVerdict baseConfidence increases with high audience investment
    ok 9 - redTeamVerdict baseConfidence increases with high audience investment
      ---
      duration_ms: 0.340457
      type: 'test'
      ...
    1..9
ok 547 - Wave 76 — quality engine DV11, vague terms, necessityScore state-aware, redteam investment
  ---
  duration_ms: 2.690484
  type: 'suite'
  ...
# Subtest: Wave 100 — necessityScore SHIFT_RELATIONSHIP and ADVANCE_THEME_ARGUMENT
    # Subtest: necessityScore flags duplicate same-sign SHIFT_RELATIONSHIP as redundant
    ok 1 - necessityScore flags duplicate same-sign SHIFT_RELATIONSHIP as redundant
      ---
      duration_ms: 0.220266
      type: 'test'
      ...
    # Subtest: necessityScore allows opposite-sign SHIFT_RELATIONSHIP on same pair
    ok 2 - necessityScore allows opposite-sign SHIFT_RELATIONSHIP on same pair
      ---
      duration_ms: 0.103515
      type: 'test'
      ...
    # Subtest: necessityScore allows same-sign shifts on different pairs
    ok 3 - necessityScore allows same-sign shifts on different pairs
      ---
      duration_ms: 0.1007
      type: 'test'
      ...
    # Subtest: necessityScore flags duplicate ADVANCE_THEME_ARGUMENT claimId+move as redundant
    ok 4 - necessityScore flags duplicate ADVANCE_THEME_ARGUMENT claimId+move as redundant
      ---
      duration_ms: 0.130808
      type: 'test'
      ...
    # Subtest: necessityScore allows same claimId with different moves
    ok 5 - necessityScore allows same claimId with different moves
      ---
      duration_ms: 0.083544
      type: 'test'
      ...
    # Subtest: necessityScore allows same move on different claimIds
    ok 6 - necessityScore allows same move on different claimIds
      ---
      duration_ms: 0.078799
      type: 'test'
      ...
    1..6
ok 548 - Wave 100 — necessityScore SHIFT_RELATIONSHIP and ADVANCE_THEME_ARGUMENT
  ---
  duration_ms: 0.951414
  type: 'suite'
  ...
# Subtest: Wave 77 — convergence loop arc promises + THEME_ARGUMENT_PROGRESSES invariant
    # Subtest: THEME_ARGUMENT_PROGRESSES is na for fewer than 4 scenes
    ok 1 - THEME_ARGUMENT_PROGRESSES is na for fewer than 4 scenes
      ---
      duration_ms: 0.25247
      type: 'test'
      ...
    # Subtest: THEME_ARGUMENT_PROGRESSES passes when a theme move exists
    ok 2 - THEME_ARGUMENT_PROGRESSES passes when a theme move exists
      ---
      duration_ms: 0.18146
      type: 'test'
      ...
    # Subtest: THEME_ARGUMENT_PROGRESSES warns at scenes 4-5 without theme ops
    ok 3 - THEME_ARGUMENT_PROGRESSES warns at scenes 4-5 without theme ops
      ---
      duration_ms: 0.359305
      type: 'test'
      ...
    # Subtest: THEME_ARGUMENT_PROGRESSES fails at 6+ scenes without theme ops
    ok 4 - THEME_ARGUMENT_PROGRESSES fails at 6+ scenes without theme ops
      ---
      duration_ms: 0.188017
      type: 'test'
      ...
    # Subtest: ALL_INVARIANTS includes THEME_ARGUMENT_PROGRESSES
    ok 5 - ALL_INVARIANTS includes THEME_ARGUMENT_PROGRESSES
      ---
      duration_ms: 0.091873
      type: 'test'
      ...
    # Subtest: ConvergeBudget accepts openPromises field without TypeScript error
    ok 6 - ConvergeBudget accepts openPromises field without TypeScript error
      ---
      duration_ms: 0.12126
      type: 'test'
      ...
    1..6
ok 549 - Wave 77 — convergence loop arc promises + THEME_ARGUMENT_PROGRESSES invariant
  ---
  duration_ms: 1.460873
  type: 'suite'
  ...
# Subtest: Wave 78 — character-advocate false-positive fix, studio-note scene exemption, cliché expansion
    # Subtest: character-advocate does NOT fire on emotional shift when IR has prior bridging fact
    ok 1 - character-advocate does NOT fire on emotional shift when IR has prior bridging fact
      ---
      duration_ms: 0.935084
      type: 'test'
      ...
    # Subtest: character-advocate DOES fire when no bridging event exists for emotional reversal
    ok 2 - character-advocate DOES fire when no bridging event exists for emotional reversal
      ---
      duration_ms: 0.284847
      type: 'test'
      ...
    # Subtest: studio-note does NOT require UPDATE_READER_STATE for reveal_character scenes
    ok 3 - studio-note does NOT require UPDATE_READER_STATE for reveal_character scenes
      ---
      duration_ms: 0.632433
      type: 'test'
      ...
    # Subtest: studio-note DOES require UPDATE_READER_STATE for advance_plot scenes
    ok 4 - studio-note DOES require UPDATE_READER_STATE for advance_plot scenes
      ---
      duration_ms: 0.23794
      type: 'test'
      ...
    # Subtest: originalityPass detects newly-added cliché phrases
    ok 5 - originalityPass detects newly-added cliché phrases
      ---
      duration_ms: 2.993317
      type: 'test'
      ...
    1..5
ok 550 - Wave 78 — character-advocate false-positive fix, studio-note scene exemption, cliché expansion
  ---
  duration_ms: 5.293965
  type: 'suite'
  ...
# Subtest: annotateCommit populates seededClueIds from SEED_CLUE ops
ok 551 - annotateCommit populates seededClueIds from SEED_CLUE ops
  ---
  duration_ms: 0.32313
  type: 'test'
  ...
# Subtest: annotateCommit populates payoffSetupIds from PAYOFF_SETUP ops
ok 552 - annotateCommit populates payoffSetupIds from PAYOFF_SETUP ops
  ---
  duration_ms: 0.295139
  type: 'test'
  ...
# Subtest: annotateCommit computes clockDelta as sum of RAISE_CLOCK amounts
ok 553 - annotateCommit computes clockDelta as sum of RAISE_CLOCK amounts
  ---
  duration_ms: 0.258528
  type: 'test'
  ...
# Subtest: showrunner fires for set_up_payoff scene with no SEED_CLUE or PAYOFF_SETUP op
ok 554 - showrunner fires for set_up_payoff scene with no SEED_CLUE or PAYOFF_SETUP op
  ---
  duration_ms: 0.527015
  type: 'test'
  ...
# Subtest: showrunner does NOT fire Gate 1b when set_up_payoff has a SEED_CLUE op
ok 555 - showrunner does NOT fire Gate 1b when set_up_payoff has a SEED_CLUE op
  ---
  duration_ms: 0.202278
  type: 'test'
  ...
# Subtest: Wave 80 — intention bug fix, belief location, voice precision, two-reader elegance
    # Subtest: intentionPass fires CLIMAX_WITHOUT_CHOICE when act3 has only character_moment scenes
    ok 1 - intentionPass fires CLIMAX_WITHOUT_CHOICE when act3 has only character_moment scenes
      ---
      duration_ms: 4.472366
      type: 'test'
      ...
    # Subtest: intentionPass does NOT fire CLIMAX_WITHOUT_CHOICE when act3 has a climax scene
    ok 2 - intentionPass does NOT fire CLIMAX_WITHOUT_CHOICE when act3 has a climax scene
      ---
      duration_ms: 1.321212
      type: 'test'
      ...
    # Subtest: beliefPass EXPOSITION_DUMP location points to start scene, not current scene
    ok 3 - beliefPass EXPOSITION_DUMP location points to start scene, not current scene
      ---
      duration_ms: 3.704279
      type: 'test'
      ...
    # Subtest: voicePass does not report VOICE_TOO_UNIFORM when some scenes are dialogue-only
    ok 4 - voicePass does not report VOICE_TOO_UNIFORM when some scenes are dialogue-only
      ---
      duration_ms: 10.166571
      type: 'test'
      ...
    # Subtest: computeStructuralElegance returns 0 for story with no clues
    ok 5 - computeStructuralElegance returns 0 for story with no clues
      ---
      duration_ms: 0.626937
      type: 'test'
      ...
    1..5
ok 556 - Wave 80 — intention bug fix, belief location, voice precision, two-reader elegance
  ---
  duration_ms: 20.553378
  type: 'suite'
  ...
# Subtest: Wave 81 — genericness deduplication + arc-tracker PAYOFF_SETUP refactor
    # Subtest: genericnessProof counts each distinct character once even with multiple ops
    ok 1 - genericnessProof counts each distinct character once even with multiple ops
      ---
      duration_ms: 0.285727
      type: 'test'
      ...
    # Subtest: genericnessProof still fails when majority of DISTINCT characters are unknown
    ok 2 - genericnessProof still fails when majority of DISTINCT characters are unknown
      ---
      duration_ms: 0.441104
      type: 'test'
      ...
    # Subtest: analyzeArcCompletion correctly resolves a clue via PAYOFF_SETUP
    ok 3 - analyzeArcCompletion correctly resolves a clue via PAYOFF_SETUP
      ---
      duration_ms: 0.23214
      type: 'test'
      ...
    1..3
ok 557 - Wave 81 — genericness deduplication + arc-tracker PAYOFF_SETUP refactor
  ---
  duration_ms: 1.102287
  type: 'suite'
  ...
# Subtest: Wave 82 — OutlineBeatSchema phase enum, director try-catch
    # Subtest: OutlineBeatSchema rejects invalid phase values
    ok 1 - OutlineBeatSchema rejects invalid phase values
      ---
      duration_ms: 3.616891
      type: 'test'
      ...
    # Subtest: OutlineBeatSchema accepts valid phase values
    ok 2 - OutlineBeatSchema accepts valid phase values
      ---
      duration_ms: 0.650892
      type: 'test'
      ...
    # Subtest: OutlineBeatSchema rejects description with control characters
    ok 3 - OutlineBeatSchema rejects description with control characters
      ---
      duration_ms: 0.619047
      type: 'test'
      ...
    # Subtest: OutlineBeatSchema accepts beat with optional title and description
    ok 4 - OutlineBeatSchema accepts beat with optional title and description
      ---
      duration_ms: 0.265268
      type: 'test'
      ...
    # Subtest: OutlineBeatSchema rejects title over 256 chars
    ok 5 - OutlineBeatSchema rejects title over 256 chars
      ---
      duration_ms: 0.479032
      type: 'test'
      ...
    1..5
ok 558 - Wave 82 — OutlineBeatSchema phase enum, director try-catch
  ---
  duration_ms: 5.845615
  type: 'suite'
  ...
# Subtest: Wave 83 — quality-spec lost_permanently, topology resample guard, normalizeTension NaN fix, urgency clamp
    # Subtest: topology computeTopology handles empty ledgers list without crashing
    ok 1 - topology computeTopology handles empty ledgers list without crashing
      ---
      duration_ms: 0.216463
      type: 'test'
      ...
    # Subtest: topology computeTopology handles single-ledger input
    ok 2 - topology computeTopology handles single-ledger input
      ---
      duration_ms: 0.443855
      type: 'test'
      ...
    # Subtest: normalizeTension returns 0 for NaN tension
    ok 3 - normalizeTension returns 0 for NaN tension
      ---
      duration_ms: 0.168123
      type: 'test'
      ...
    # Subtest: analyzeArcCompletion urgency is not_yet for freshly seeded clue
    ok 4 - analyzeArcCompletion urgency is not_yet for freshly seeded clue
      ---
      duration_ms: 0.230048
      type: 'test'
      ...
    # Subtest: arcConstraintsFromTracker OBJECT description includes lost_permanently
    ok 5 - arcConstraintsFromTracker OBJECT description includes lost_permanently
      ---
      duration_ms: 0.333693
      type: 'test'
      ...
    1..5
ok 559 - Wave 83 — quality-spec lost_permanently, topology resample guard, normalizeTension NaN fix, urgency clamp
  ---
  duration_ms: 1.57316
  type: 'suite'
  ...
# Subtest: Wave 84 — file category inference (UI logic)
    # Subtest: infers Plot category for .fountain files
    ok 1 - infers Plot category for .fountain files
      ---
      duration_ms: 0.233815
      type: 'test'
      ...
    # Subtest: infers Rules category for .json and .csv files
    ok 2 - infers Rules category for .json and .csv files
      ---
      duration_ms: 0.095776
      type: 'test'
      ...
    # Subtest: defaults to Lore for .txt, .md, and unknown extensions
    ok 3 - defaults to Lore for .txt, .md, and unknown extensions
      ---
      duration_ms: 0.081644
      type: 'test'
      ...
    # Subtest: handles filenames with no extension
    ok 4 - handles filenames with no extension
      ---
      duration_ms: 0.142906
      type: 'test'
      ...
    # Subtest: handles filenames with multiple dots
    ok 5 - handles filenames with multiple dots
      ---
      duration_ms: 0.091583
      type: 'test'
      ...
    1..5
ok 560 - Wave 84 — file category inference (UI logic)
  ---
  duration_ms: 0.804778
  type: 'suite'
  ...
# {"time":"2026-08-05T02:28:24.658Z","level":"warn","msg":"collab_secret_generated","message":"COLLAB_SECRET not set — generated an ephemeral per-process secret. Set COLLAB_SECRET in any multi-process or restart-prone deployment."}
# {"time":"2026-08-05T02:28:24.731Z","level":"warn","msg":"revision_rewrite_failed","passName":"character-arc","message":"Gemini provider not available (GEMINI_API_KEY not set)"}
# {"time":"2026-08-05T02:28:24.747Z","level":"warn","msg":"revision_rewrite_failed","passName":"pacing","message":"Gemini provider not available (GEMINI_API_KEY not set)"}
# {"time":"2026-08-05T02:28:24.751Z","level":"warn","msg":"revision_rewrite_failed","passName":"pacing","message":"Gemini provider not available (GEMINI_API_KEY not set)"}
# {"time":"2026-08-05T02:28:24.754Z","level":"warn","msg":"revision_rewrite_failed","passName":"pacing","message":"Gemini provider not available (GEMINI_API_KEY not set)"}
# {"time":"2026-08-05T02:28:24.755Z","level":"warn","msg":"selfplay_scenes_capped","scenarioId":"test-cap","total":5,"cap":2,"skipped":3}
# {"time":"2026-08-05T02:28:24.772Z","level":"warn","msg":"revision_rewrite_failed","passName":"payoff","message":"Gemini provider not available (GEMINI_API_KEY not set)"}
# {"time":"2026-08-05T02:28:24.777Z","level":"warn","msg":"revision_rewrite_failed","passName":"payoff","message":"Gemini provider not available (GEMINI_API_KEY not set)"}
# {"time":"2026-08-05T02:28:24.778Z","level":"warn","msg":"revision_rewrite_failed","passName":"payoff","message":"Gemini provider not available (GEMINI_API_KEY not set)"}
# {"time":"2026-08-05T02:28:24.779Z","level":"warn","msg":"revision_rewrite_failed","passName":"payoff","message":"Gemini provider not available (GEMINI_API_KEY not set)"}
# {"time":"2026-08-05T02:28:24.784Z","level":"warn","msg":"revision_rewrite_failed","passName":"payoff","message":"Gemini provider not available (GEMINI_API_KEY not set)"}
# {"time":"2026-08-05T02:28:24.786Z","level":"warn","msg":"revision_rewrite_failed","passName":"payoff","message":"Gemini provider not available (GEMINI_API_KEY not set)"}
# {"time":"2026-08-05T02:28:24.803Z","level":"warn","msg":"revision_rewrite_failed","passName":"intention","message":"Gemini provider not available (GEMINI_API_KEY not set)"}
# {"time":"2026-08-05T02:28:24.806Z","level":"warn","msg":"revision_rewrite_failed","passName":"intention","message":"Gemini provider not available (GEMINI_API_KEY not set)"}
# {"time":"2026-08-05T02:28:24.808Z","level":"warn","msg":"revision_rewrite_failed","passName":"intention","message":"Gemini provider not available (GEMINI_API_KEY not set)"}
# {"time":"2026-08-05T02:28:24.820Z","level":"warn","msg":"revision_rewrite_failed","passName":"intention","message":"Gemini provider not available (GEMINI_API_KEY not set)"}
# {"time":"2026-08-05T02:28:24.821Z","level":"warn","msg":"revision_rewrite_failed","passName":"intention","message":"Gemini provider not available (GEMINI_API_KEY not set)"}
# {"time":"2026-08-05T02:28:24.884Z","level":"warn","msg":"revision_rewrite_failed","passName":"originality","message":"Gemini provider not available (GEMINI_API_KEY not set)"}
# {"time":"2026-08-05T02:28:24.890Z","level":"warn","msg":"revision_rewrite_failed","passName":"originality","message":"Gemini provider not available (GEMINI_API_KEY not set)"}
# {"time":"2026-08-05T02:28:24.902Z","level":"warn","msg":"revision_rewrite_failed","passName":"causality","message":"Gemini provider not available (GEMINI_API_KEY not set)"}
# {"time":"2026-08-05T02:28:24.905Z","level":"warn","msg":"revision_rewrite_failed","passName":"causality","message":"Gemini provider not available (GEMINI_API_KEY not set)"}
# {"time":"2026-08-05T02:28:24.907Z","level":"warn","msg":"revision_rewrite_failed","passName":"causality","message":"Gemini provider not available (GEMINI_API_KEY not set)"}
# {"time":"2026-08-05T02:28:24.912Z","level":"warn","msg":"revision_rewrite_failed","passName":"causality","message":"Gemini provider not available (GEMINI_API_KEY not set)"}
# {"time":"2026-08-05T02:28:24.920Z","level":"warn","msg":"revision_rewrite_failed","passName":"originality","message":"Gemini provider not available (GEMINI_API_KEY not set)"}
# {"time":"2026-08-05T02:28:24.955Z","level":"warn","msg":"prompt_missing","name":"definitely-not-a-real-prompt"}
# {"time":"2026-08-05T02:28:24.955Z","level":"warn","msg":"prompt_invalid_name","name":"../secret"}
# {"time":"2026-08-05T02:28:24.955Z","level":"warn","msg":"prompt_invalid_name","name":"foo/bar"}
# {"time":"2026-08-05T02:28:25.091Z","level":"warn","msg":"revision_rewrite_failed","passName":"theme","message":"Gemini provider not available (GEMINI_API_KEY not set)"}
# {"time":"2026-08-05T02:28:25.093Z","level":"warn","msg":"revision_rewrite_failed","passName":"theme","message":"Gemini provider not available (GEMINI_API_KEY not set)"}
# {"time":"2026-08-05T02:28:25.096Z","level":"warn","msg":"revision_rewrite_failed","passName":"theme","message":"Gemini provider not available (GEMINI_API_KEY not set)"}
# Subtest: Wave 85 — converge loop onStep callback + M7 continuity cleanup
    # Subtest: ConvergeStep onStep callback fires for each evaluated candidate
    ok 1 - ConvergeStep onStep callback fires for each evaluated candidate
      ---
      duration_ms: 9.35249
      type: 'test'
      ...
    # Subtest: onStep callback receives valid ConvergeStep fields
    ok 2 - onStep callback receives valid ConvergeStep fields
      ---
      duration_ms: 1.997186
      type: 'test'
      ...
    # Subtest: onStep not required — omitting it does not throw
    ok 3 - onStep not required — omitting it does not throw
      ---
      duration_ms: 3.840107
      type: 'test'
      ...
    # Subtest: M7: continuity critic uses opIdx directly from ProofFinding (no regex)
    ok 4 - M7: continuity critic uses opIdx directly from ProofFinding (no regex)
      ---
      duration_ms: 3.114523
      type: 'test'
      ...
    # Subtest: M7: continuity critic returns null targetOpIdx when opIdx is not set
    ok 5 - M7: continuity critic returns null targetOpIdx when opIdx is not set
      ---
      duration_ms: 6.225937
      type: 'test'
      ...
    1..5
ok 561 - Wave 85 — converge loop onStep callback + M7 continuity cleanup
  ---
  duration_ms: 29.200468
  type: 'suite'
  ...
# Subtest: Wave 86 — character-arc dramaticTurn bug, Agent goal mutation, pacing guard, corpus cap
    # Subtest: characterArcPass fires UNMOTIVATED_TRANSFORMATION when middle has no dramatic purpose
    ok 1 - characterArcPass fires UNMOTIVATED_TRANSFORMATION when middle has no dramatic purpose
      ---
      duration_ms: 13.838852
      type: 'test'
      ...
    # Subtest: characterArcPass does NOT fire UNMOTIVATED_TRANSFORMATION when middle has revelation
    ok 2 - characterArcPass does NOT fire UNMOTIVATED_TRANSFORMATION when middle has revelation
      ---
      duration_ms: 1.384349
      type: 'test'
      ...
    # Subtest: pacingPass handles zero-line scenes without NaN
    ok 3 - pacingPass handles zero-line scenes without NaN
      ---
      duration_ms: 10.03535
      type: 'test'
      ...
    # Subtest: pacingPass detects ENERGY_MONOTONE when all scenes have similar length
    ok 4 - pacingPass detects ENERGY_MONOTONE when all scenes have similar length
      ---
      duration_ms: 4.503051
      type: 'test'
      ...
    # Subtest: pacingPass detects RHYTHM_INVERSION when climax has lower energy than opening
    ok 5 - pacingPass detects RHYTHM_INVERSION when climax has lower energy than opening
      ---
      duration_ms: 3.689682
      type: 'test'
      ...
    # Subtest: pacingPass detects ENERGY_PLACEMENT_MISMATCH when high-energy scenes front-loaded
    ok 6 - pacingPass detects ENERGY_PLACEMENT_MISMATCH when high-energy scenes front-loaded
      ---
      duration_ms: 2.928197
      type: 'test'
      ...
    # Subtest: runSelfPlay respects maxScenesPerScenario by capping scene targets
    ok 7 - runSelfPlay respects maxScenesPerScenario by capping scene targets
      ---
      duration_ms: 3.638498
      type: 'test'
      ...
    # Subtest: runSelfPlay with no cap processes all scene targets
    ok 8 - runSelfPlay with no cap processes all scene targets
      ---
      duration_ms: 1.83941
      type: 'test'
      ...
    # Subtest: trust decay clamps to [0, 1] — upper bound added
    ok 9 - trust decay clamps to [0, 1] — upper bound added
      ---
      duration_ms: 0.191153
      type: 'test'
      ...
    1..9
ok 562 - Wave 86 — character-arc dramaticTurn bug, Agent goal mutation, pacing guard, corpus cap
  ---
  duration_ms: 43.022365
  type: 'suite'
  ...
# Subtest: Wave 87 — payoff precision, repeated-purpose detection, dominant guard
    # Subtest: payoffPass detects same-scene (gap=0) payoff as PAYOFF_TOO_QUICK major
    ok 1 - payoffPass detects same-scene (gap=0) payoff as PAYOFF_TOO_QUICK major
      ---
      duration_ms: 11.288871
      type: 'test'
      ...
    # Subtest: payoffPass detects consecutive-scene (gap=1) payoff as PAYOFF_TOO_QUICK minor
    ok 2 - payoffPass detects consecutive-scene (gap=1) payoff as PAYOFF_TOO_QUICK minor
      ---
      duration_ms: 4.680206
      type: 'test'
      ...
    # Subtest: payoffPass detects DANGLING_PAYOFF when setupId was never seeded
    ok 3 - payoffPass detects DANGLING_PAYOFF when setupId was never seeded
      ---
      duration_ms: 1.323775
      type: 'test'
      ...
    # Subtest: payoffPass detects SETUP_WITHOUT_CONSEQUENCE for clue appearing 2+ times without narrative consequence
    ok 4 - payoffPass detects SETUP_WITHOUT_CONSEQUENCE for clue appearing 2+ times without narrative consequence
      ---
      duration_ms: 1.185545
      type: 'test'
      ...
    # Subtest: payoffPass does NOT fire SETUP_WITHOUT_CONSEQUENCE when clue appears 2+ times WITH relationship shift
    ok 5 - payoffPass does NOT fire SETUP_WITHOUT_CONSEQUENCE when clue appears 2+ times WITH relationship shift
      ---
      duration_ms: 0.80701
      type: 'test'
      ...
    # Subtest: payoffPass detects PAYOFF_MEMORY_GAP for payoff 6+ scenes after setup
    ok 6 - payoffPass detects PAYOFF_MEMORY_GAP for payoff 6+ scenes after setup
      ---
      duration_ms: 4.314707
      type: 'test'
      ...
    # Subtest: payoffPass does NOT fire PAYOFF_MEMORY_GAP for payoff only 5 scenes after setup
    ok 7 - payoffPass does NOT fire PAYOFF_MEMORY_GAP for payoff only 5 scenes after setup
      ---
      duration_ms: 4.76905
      type: 'test'
      ...
    # Subtest: intentionPass fires REPEATED_PURPOSE for 3 consecutive establish_world scenes
    ok 8 - intentionPass fires REPEATED_PURPOSE for 3 consecutive establish_world scenes
      ---
      duration_ms: 13.899908
      type: 'test'
      ...
    # Subtest: intentionPass does NOT fire REPEATED_PURPOSE for 3 consecutive raise_stakes scenes
    ok 9 - intentionPass does NOT fire REPEATED_PURPOSE for 3 consecutive raise_stakes scenes
      ---
      duration_ms: 0.879745
      type: 'test'
      ...
    # Subtest: intentionPass detects ZERO_ENTROPY_SCENE for middle scene with no momentum
    ok 10 - intentionPass detects ZERO_ENTROPY_SCENE for middle scene with no momentum
      ---
      duration_ms: 1.981514
      type: 'test'
      ...
    # Subtest: intentionPass does NOT fire ZERO_ENTROPY_SCENE when scene has emotional shift
    ok 11 - intentionPass does NOT fire ZERO_ENTROPY_SCENE when scene has emotional shift
      ---
      duration_ms: 1.530551
      type: 'test'
      ...
    # Subtest: intentionPass detects ENTROPY_CLUSTER for 3 consecutive low-momentum scenes
    ok 12 - intentionPass detects ENTROPY_CLUSTER for 3 consecutive low-momentum scenes
      ---
      duration_ms: 12.21522
      type: 'test'
      ...
    # Subtest: intentionPass does NOT fire ENTROPY_CLUSTER when middle scene has relationship shift
    ok 13 - intentionPass does NOT fire ENTROPY_CLUSTER when middle scene has relationship shift
      ---
      duration_ms: 1.302494
      type: 'test'
      ...
    # Subtest: buildSystemPreamble skips emotion entries with missing dominant field
    ok 14 - buildSystemPreamble skips emotion entries with missing dominant field
      ---
      duration_ms: 0.468512
      type: 'test'
      ...
    1..14
ok 563 - Wave 87 — payoff precision, repeated-purpose detection, dominant guard
  ---
  duration_ms: 61.464486
  type: 'suite'
  ...
# Subtest: Wave 88 — consensus accuracy fix, knownFacts cap, originality variety
    # Subtest: runWritersRoom consensus is 100 when all critics have same severity
    ok 1 - runWritersRoom consensus is 100 when all critics have same severity
      ---
      duration_ms: 10.884483
      type: 'test'
      ...
    # Subtest: consensus formula: same-severity critiques give consensus=100
    ok 2 - consensus formula: same-severity critiques give consensus=100
      ---
      duration_ms: 0.350908
      type: 'test'
      ...
    # Subtest: consensus formula: mixed-severity critiques reduce consensus
    ok 3 - consensus formula: mixed-severity critiques reduce consensus
      ---
      duration_ms: 0.141865
      type: 'test'
      ...
    # Subtest: UPDATE_READER_STATE caps knownFacts at 100 entries
    ok 4 - UPDATE_READER_STATE caps knownFacts at 100 entries
      ---
      duration_ms: 0.541888
      type: 'test'
      ...
    # Subtest: originalityPass detects LOW_SCENE_VARIETY for 2 purposes in 8+ scenes
    ok 5 - originalityPass detects LOW_SCENE_VARIETY for 2 purposes in 8+ scenes
      ---
      duration_ms: 50.213164
      type: 'test'
      ...
    # Subtest: originalityPass does NOT fire LOW_SCENE_VARIETY for 2 purposes in fewer than 8 scenes
    ok 6 - originalityPass does NOT fire LOW_SCENE_VARIETY for 2 purposes in fewer than 8 scenes
      ---
      duration_ms: 5.543709
      type: 'test'
      ...
    1..6
ok 564 - Wave 88 — consensus accuracy fix, knownFacts cap, originality variety
  ---
  duration_ms: 68.049585
  type: 'suite'
  ...
# Subtest: Wave 89 — dead-condition revival, severity-aware truncation, NaN hardening
    # Subtest: causalityPass fires UNEXPLAINED_SUSPENSE_DROP on a sharp drop in a non-resolving scene
    ok 1 - causalityPass fires UNEXPLAINED_SUSPENSE_DROP on a sharp drop in a non-resolving scene
      ---
      duration_ms: 12.34653
      type: 'test'
      ...
    # Subtest: causalityPass does NOT fire UNEXPLAINED_SUSPENSE_DROP when the drop lands in a resolution scene
    ok 2 - causalityPass does NOT fire UNEXPLAINED_SUSPENSE_DROP when the drop lands in a resolution scene
      ---
      duration_ms: 0.795405
      type: 'test'
      ...
    # Subtest: causalityPass detects UNMOTIVATED_DECISION when major decision has no prior setup
    ok 3 - causalityPass detects UNMOTIVATED_DECISION when major decision has no prior setup
      ---
      duration_ms: 1.444536
      type: 'test'
      ...
    # Subtest: causalityPass does NOT fire UNMOTIVATED_DECISION when decision has setup clue in prior scene
    ok 4 - causalityPass does NOT fire UNMOTIVATED_DECISION when decision has setup clue in prior scene
      ---
      duration_ms: 0.616735
      type: 'test'
      ...
    # Subtest: causalityPass detects ACTION_WITHOUT_CONSEQUENCE when planted clue has no character reaction
    ok 5 - causalityPass detects ACTION_WITHOUT_CONSEQUENCE when planted clue has no character reaction
      ---
      duration_ms: 1.099386
      type: 'test'
      ...
    # Subtest: causalityPass does NOT fire ACTION_WITHOUT_CONSEQUENCE when action triggers relationship shift
    ok 6 - causalityPass does NOT fire ACTION_WITHOUT_CONSEQUENCE when action triggers relationship shift
      ---
      duration_ms: 0.718037
      type: 'test'
      ...
    # Subtest: causalityPass detects ABANDONED_GOAL when clue appears 2+ times then never resolves
    ok 7 - causalityPass detects ABANDONED_GOAL when clue appears 2+ times then never resolves
      ---
      duration_ms: 4.465483
      type: 'test'
      ...
    # Subtest: causalityPass does NOT fire ABANDONED_GOAL when clue is paid off
    ok 8 - causalityPass does NOT fire ABANDONED_GOAL when clue is paid off
      ---
      duration_ms: 1.108054
      type: 'test'
      ...
    # Subtest: originalityPass keeps the major UNIFORM_SCENE_PURPOSES issue even past 8 clichés
    ok 9 - originalityPass keeps the major UNIFORM_SCENE_PURPOSES issue even past 8 clichés
      ---
      duration_ms: 6.725122
      type: 'test'
      ...
    # Subtest: deriveTensionLedger yields a finite totalTension even when investment is NaN
    ok 10 - deriveTensionLedger yields a finite totalTension even when investment is NaN
      ---
      duration_ms: 0.512707
      type: 'test'
      ...
    # Subtest: deriveTensionLedger yields a finite totalTension even when investment is Infinity
    ok 11 - deriveTensionLedger yields a finite totalTension even when investment is Infinity
      ---
      duration_ms: 0.360007
      type: 'test'
      ...
    1..11
ok 565 - Wave 89 — dead-condition revival, severity-aware truncation, NaN hardening
  ---
  duration_ms: 31.694286
  type: 'suite'
  ...
# Subtest: Wave 91 — screenplay layout engine
    # Subtest: uppercases and indents a scene heading at 1.5 inches (108pt)
    ok 1 - uppercases and indents a scene heading at 1.5 inches (108pt)
      ---
      duration_ms: 1.717991
      type: 'test'
      ...
    # Subtest: indents a character cue at 3.7 inches and dialogue at 2.5 inches
    ok 2 - indents a character cue at 3.7 inches and dialogue at 2.5 inches
      ---
      duration_ms: 0.847998
      type: 'test'
      ...
    # Subtest: wraps long dialogue onto multiple lines within the dialogue width
    ok 3 - wraps long dialogue onto multiple lines within the dialogue width
      ---
      duration_ms: 0.537404
      type: 'test'
      ...
    # Subtest: never exceeds LINES_PER_PAGE lines on any page
    ok 4 - never exceeds LINES_PER_PAGE lines on any page
      ---
      duration_ms: 1.103657
      type: 'test'
      ...
    # Subtest: does not orphan a scene heading or character cue at the bottom of a page
    ok 5 - does not orphan a scene heading or character cue at the bottom of a page
      ---
      duration_ms: 1.182824
      type: 'test'
      ...
    # Subtest: right-aligns transitions
    ok 6 - right-aligns transitions
      ---
      duration_ms: 0.407642
      type: 'test'
      ...
    # Subtest: returns a single empty page for an empty script
    ok 7 - returns a single empty page for an empty script
      ---
      duration_ms: 0.137298
      type: 'test'
      ...
    # Subtest: skips Fountain title-page key:value lines from the body
    ok 8 - skips Fountain title-page key:value lines from the body
      ---
      duration_ms: 0.21107
      type: 'test'
      ...
    1..8
ok 566 - Wave 91 — screenplay layout engine
  ---
  duration_ms: 6.535446
  type: 'suite'
  ...
# Subtest: Wave 91 — fountainToPdf
    # Subtest: emits a valid PDF header and EOF marker
    ok 1 - emits a valid PDF header and EOF marker
      ---
      duration_ms: 1.106521
      type: 'test'
      ...
    # Subtest: produces an xref table whose every offset points at its object
    ok 2 - produces an xref table whose every offset points at its object
      ---
      duration_ms: 0.596676
      type: 'test'
      ...
    # Subtest: numbers pages from 2 onward, never page 1
    ok 3 - numbers pages from 2 onward, never page 1
      ---
      duration_ms: 4.216941
      type: 'test'
      ...
    # Subtest: escapes PDF-special characters in dialogue
    ok 4 - escapes PDF-special characters in dialogue
      ---
      duration_ms: 1.537671
      type: 'test'
      ...
    1..4
ok 567 - Wave 91 — fountainToPdf
  ---
  duration_ms: 7.669209
  type: 'suite'
  ...
# Subtest: Wave 92 — buildZip
    # Subtest: emits local-header, central-directory, and EOCD signatures
    ok 1 - emits local-header, central-directory, and EOCD signatures
      ---
      duration_ms: 0.980938
      type: 'test'
      ...
    # Subtest: records the correct total entry count in the EOCD
    ok 2 - records the correct total entry count in the EOCD
      ---
      duration_ms: 0.281328
      type: 'test'
      ...
    # Subtest: computes a CRC-32 matching the zlib reference implementation
    ok 3 - computes a CRC-32 matching the zlib reference implementation
      ---
      duration_ms: 0.82614
      type: 'test'
      ...
    # Subtest: stores data uncompressed (method 0) so contents appear verbatim
    ok 4 - stores data uncompressed (method 0) so contents appear verbatim
      ---
      duration_ms: 0.264657
      type: 'test'
      ...
    1..4
ok 568 - Wave 92 — buildZip
  ---
  duration_ms: 2.541899
  type: 'suite'
  ...
# Subtest: Wave 92 — fountainToDocx
    # Subtest: produces a valid ZIP whose CRCs all verify (round-trip via zlib inflate-less store)
    ok 1 - produces a valid ZIP whose CRCs all verify (round-trip via zlib inflate-less store)
      ---
      duration_ms: 2.247801
      type: 'test'
      ...
    # Subtest: includes all five required OOXML package parts
    ok 2 - includes all five required OOXML package parts
      ---
      duration_ms: 1.388246
      type: 'test'
      ...
    # Subtest: maps block types to paragraph styles and uppercases the scene heading
    ok 3 - maps block types to paragraph styles and uppercases the scene heading
      ---
      duration_ms: 1.704735
      type: 'test'
      ...
    # Subtest: XML-escapes special characters in dialogue
    ok 4 - XML-escapes special characters in dialogue
      ---
      duration_ms: 0.926932
      type: 'test'
      ...
    # Subtest: excludes Fountain title-page key:value lines from the body
    ok 5 - excludes Fountain title-page key:value lines from the body
      ---
      duration_ms: 0.425312
      type: 'test'
      ...
    1..5
ok 569 - Wave 92 — fountainToDocx
  ---
  duration_ms: 6.92985
  type: 'suite'
  ...
# Subtest: agent/psychology
    # Subtest: describeAttachment returns a distinct line per attachment style
    ok 1 - describeAttachment returns a distinct line per attachment style
      ---
      duration_ms: 0.462285
      type: 'test'
      ...
    # Subtest: selectActiveDefense returns null when emotion intensity is below threshold
    ok 2 - selectActiveDefense returns null when emotion intensity is below threshold
      ---
      duration_ms: 0.203868
      type: 'test'
      ...
    # Subtest: selectActiveDefense picks an emotion-appropriate mechanism when intense
    ok 3 - selectActiveDefense picks an emotion-appropriate mechanism when intense
      ---
      duration_ms: 0.155091
      type: 'test'
      ...
    # Subtest: selectActiveDefense falls back to the first mechanism when none preferred
    ok 4 - selectActiveDefense falls back to the first mechanism when none preferred
      ---
      duration_ms: 0.093096
      type: 'test'
      ...
    # Subtest: selectActiveDefense returns null with no mechanisms
    ok 5 - selectActiveDefense returns null with no mechanisms
      ---
      duration_ms: 0.209515
      type: 'test'
      ...
    # Subtest: describeActionBias reflects high machiavellianism
    ok 6 - describeActionBias reflects high machiavellianism
      ---
      duration_ms: 0.292438
      type: 'test'
      ...
    # Subtest: describeActionBias gives a neutral default when traits are middling
    ok 7 - describeActionBias gives a neutral default when traits are middling
      ---
      duration_ms: 0.1128
      type: 'test'
      ...
    # Subtest: deriveSpeechPattern layers Big Five and emotion cues
    ok 8 - deriveSpeechPattern layers Big Five and emotion cues
      ---
      duration_ms: 0.290339
      type: 'test'
      ...
    # Subtest: computeDefenseLevel escalates with neuroticism and suspicion
    ok 9 - computeDefenseLevel escalates with neuroticism and suspicion
      ---
      duration_ms: 0.297827
      type: 'test'
      ...
    # Subtest: selectPersuasionStrategy prefers a strategy with 2+ prior successes
    ok 10 - selectPersuasionStrategy prefers a strategy with 2+ prior successes
      ---
      duration_ms: 0.28732
      type: 'test'
      ...
    # Subtest: getReadyGoals returns only goals whose dependencies are satisfied
    ok 11 - getReadyGoals returns only goals whose dependencies are satisfied
      ---
      duration_ms: 0.620459
      type: 'test'
      ...
    1..11
ok 570 - agent/psychology
  ---
  duration_ms: 3.416731
  type: 'suite'
  ...
# Subtest: personas/registry
    # Subtest: validatePersona accepts a well-formed persona and clamps fields
    ok 1 - validatePersona accepts a well-formed persona and clamps fields
      ---
      duration_ms: 1.167591
      type: 'test'
      ...
    # Subtest: validatePersona rejects bad ids, missing name, missing preamble
    ok 2 - validatePersona rejects bad ids, missing name, missing preamble
      ---
      duration_ms: 0.141003
      type: 'test'
      ...
    # Subtest: validatePersona caps the number of context injectors
    ok 3 - validatePersona caps the number of context injectors
      ---
      duration_ms: 0.318884
      type: 'test'
      ...
    # Subtest: listPersonas includes the built-in default and specialists
    ok 4 - listPersonas includes the built-in default and specialists
      ---
      duration_ms: 0.199439
      type: 'test'
      ...
    # Subtest: getPersona falls back to default for unknown ids
    ok 5 - getPersona falls back to default for unknown ids
      ---
      duration_ms: 0.113143
      type: 'test'
      ...
    # Subtest: registerUserPersona adds a custom persona and strips builtin flag
    ok 6 - registerUserPersona adds a custom persona and strips builtin flag
      ---
      duration_ms: 0.286979
      type: 'test'
      ...
    # Subtest: registerUserPersona REFUSES to shadow a built-in persona id
    ok 7 - registerUserPersona REFUSES to shadow a built-in persona id
      ---
      duration_ms: 0.397963
      type: 'test'
      ...
    # Subtest: registerUserPersona caps how many custom personas one process stores
    ok 8 - registerUserPersona caps how many custom personas one process stores
      ---
      duration_ms: 0.340665
      type: 'test'
      ...
    # Subtest: personaPromptBlock renders preamble plus injector bullets
    ok 9 - personaPromptBlock renders preamble plus injector bullets
      ---
      duration_ms: 0.282101
      type: 'test'
      ...
    1..9
ok 571 - personas/registry
  ---
  duration_ms: 3.569497
  type: 'suite'
  ...
# Subtest: lib/prompts
    # Subtest: renderTemplate substitutes {{var}} placeholders
    ok 1 - renderTemplate substitutes {{var}} placeholders
      ---
      duration_ms: 0.459901
      type: 'test'
      ...
    # Subtest: renderTemplate collapses unknown/undefined placeholders to empty
    ok 2 - renderTemplate collapses unknown/undefined placeholders to empty
      ---
      duration_ms: 0.126831
      type: 'test'
      ...
    # Subtest: renderTemplate tolerates whitespace inside the braces
    ok 3 - renderTemplate tolerates whitespace inside the braces
      ---
      duration_ms: 0.09339
      type: 'test'
      ...
    # Subtest: getPrompt loads and interpolates the bundled scriptide-complete template
    ok 4 - getPrompt loads and interpolates the bundled scriptide-complete template
      ---
      duration_ms: 0.740434
      type: 'test'
      ...
    # Subtest: hasPrompt is true for a bundled prompt and false for an unknown one
    ok 5 - hasPrompt is true for a bundled prompt and false for an unknown one
      ---
      duration_ms: 0.342481
      type: 'test'
      ...
    # Subtest: getPrompt rejects path-traversal names and returns empty
    ok 6 - getPrompt rejects path-traversal names and returns empty
      ---
      duration_ms: 0.334275
      type: 'test'
      ...
    # Subtest: M3: all 5 new scriptide prompt files exist and have no unresolved placeholders after interpolation
    ok 7 - M3: all 5 new scriptide prompt files exist and have no unresolved placeholders after interpolation
      ---
      duration_ms: 0.401528
      type: 'test'
      ...
    1..7
ok 572 - lib/prompts
  ---
  duration_ms: 2.807866
  type: 'suite'
  ...
# Subtest: collab/yjs-server
    # Subtest: parseRoomId extracts a valid room from a /collab/<room> path
    ok 1 - parseRoomId extracts a valid room from a /collab/<room> path
      ---
      duration_ms: 0.454087
      type: 'test'
      ...
    # Subtest: parseRoomId strips query strings
    ok 2 - parseRoomId strips query strings
      ---
      duration_ms: 0.11239
      type: 'test'
      ...
    # Subtest: parseRoomId rejects non-collab paths and malformed ids
    ok 3 - parseRoomId rejects non-collab paths and malformed ids
      ---
      duration_ms: 0.123545
      type: 'test'
      ...
    # Subtest: collabRoomCount starts at zero with no active rooms
    ok 4 - collabRoomCount starts at zero with no active rooms
      ---
      duration_ms: 0.113746
      type: 'test'
      ...
    1..4
ok 573 - collab/yjs-server
  ---
  duration_ms: 0.966433
  type: 'suite'
  ...
# Subtest: quality engine DV12-DV15 — new violation rules
    # Subtest: DV12_TALKING_HEADS fires when ≥3 belief ops with no world/story consequence
    ok 1 - DV12_TALKING_HEADS fires when ≥3 belief ops with no world/story consequence
      ---
      duration_ms: 0.901093
      type: 'test'
      ...
    # Subtest: DV12_TALKING_HEADS does not fire when a SHIFT_RELATIONSHIP op is present
    ok 2 - DV12_TALKING_HEADS does not fire when a SHIFT_RELATIONSHIP op is present
      ---
      duration_ms: 0.436227
      type: 'test'
      ...
    # Subtest: DV13_UNACKNOWLEDGED_CLOCK fires when RAISE_CLOCK has no belief referencing it
    ok 3 - DV13_UNACKNOWLEDGED_CLOCK fires when RAISE_CLOCK has no belief referencing it
      ---
      duration_ms: 0.446335
      type: 'test'
      ...
    # Subtest: DV13_UNACKNOWLEDGED_CLOCK does not fire when a belief references the clock
    ok 4 - DV13_UNACKNOWLEDGED_CLOCK does not fire when a belief references the clock
      ---
      duration_ms: 0.184332
      type: 'test'
      ...
    # Subtest: DV14_EMOTIONAL_FLATLINE fires when same character has ≥3 same-dominant emotion ops
    ok 5 - DV14_EMOTIONAL_FLATLINE fires when same character has ≥3 same-dominant emotion ops
      ---
      duration_ms: 0.375026
      type: 'test'
      ...
    # Subtest: DV14_EMOTIONAL_FLATLINE does not fire when emotion changes dominant
    ok 6 - DV14_EMOTIONAL_FLATLINE does not fire when emotion changes dominant
      ---
      duration_ms: 0.17416
      type: 'test'
      ...
    # Subtest: DV15_GOAL_FREE_SCENE fires when ≥4 ops with no story-structure progress
    ok 7 - DV15_GOAL_FREE_SCENE fires when ≥4 ops with no story-structure progress
      ---
      duration_ms: 0.274147
      type: 'test'
      ...
    # Subtest: DV15_GOAL_FREE_SCENE does not fire when RAISE_CLOCK is present
    ok 8 - DV15_GOAL_FREE_SCENE does not fire when RAISE_CLOCK is present
      ---
      duration_ms: 0.292397
      type: 'test'
      ...
    1..8
ok 574 - quality engine DV12-DV15 — new violation rules
  ---
  duration_ms: 3.366132
  type: 'suite'
  ...
# Subtest: Wave 102 — studio-note investment, skeptic clock, dramaturge orphan/stall
    # Subtest: studio-note flags investment < 25 after scene 3
    ok 1 - studio-note flags investment < 25 after scene 3
      ---
      duration_ms: 0.441832
      type: 'test'
      ...
    # Subtest: studio-note does NOT flag investment when at or above 25
    ok 2 - studio-note does NOT flag investment when at or above 25
      ---
      duration_ms: 0.229905
      type: 'test'
      ...
    # Subtest: skeptic flags same clockId raised twice in one IR
    ok 3 - skeptic flags same clockId raised twice in one IR
      ---
      duration_ms: 0.488148
      type: 'test'
      ...
    # Subtest: skeptic allows different clock IDs in same IR
    ok 4 - skeptic allows different clock IDs in same IR
      ---
      duration_ms: 0.258545
      type: 'test'
      ...
    # Subtest: dramaturge flags > 6 open clues (no payoffs)
    ok 5 - dramaturge flags > 6 open clues (no payoffs)
      ---
      duration_ms: 0.391182
      type: 'test'
      ...
    # Subtest: dramaturge does NOT flag clue overload when open count ≤ 6
    ok 6 - dramaturge does NOT flag clue overload when open count ≤ 6
      ---
      duration_ms: 0.252456
      type: 'test'
      ...
    # Subtest: dramaturge flags late-story stall when no theme resolve by scene 9
    ok 7 - dramaturge flags late-story stall when no theme resolve by scene 9
      ---
      duration_ms: 0.233662
      type: 'test'
      ...
    # Subtest: dramaturge does NOT flag when theme is already resolved
    ok 8 - dramaturge does NOT flag when theme is already resolved
      ---
      duration_ms: 0.207189
      type: 'test'
      ...
    1..8
ok 575 - Wave 102 — studio-note investment, skeptic clock, dramaturge orphan/stall
  ---
  duration_ms: 2.851301
  type: 'suite'
  ...
# Subtest: Wave 103 — topology extended archetypes, belief uniformity, vague fact detection
    # Subtest: topology: flat story detects flat_line archetype with high similarity
    ok 1 - topology: flat story detects flat_line archetype with high similarity
      ---
      duration_ms: 1.066954
      type: 'test'
      ...
    # Subtest: topology: monotone-rising story still identifies rags_to_riches over flat_line
    ok 2 - topology: monotone-rising story still identifies rags_to_riches over flat_line
      ---
      duration_ms: 0.242083
      type: 'test'
      ...
    # Subtest: bias-audit: flags ≥3 characters sharing identical belief proposition
    ok 3 - bias-audit: flags ≥3 characters sharing identical belief proposition
      ---
      duration_ms: 0.616044
      type: 'test'
      ...
    # Subtest: bias-audit: allows 2 chars sharing belief (not 3)
    ok 4 - bias-audit: allows 2 chars sharing belief (not 3)
      ---
      duration_ms: 0.244226
      type: 'test'
      ...
    # Subtest: genericness: flags ADD_FACT with vague subject term "the city"
    ok 5 - genericness: flags ADD_FACT with vague subject term "the city"
      ---
      duration_ms: 0.347196
      type: 'test'
      ...
    # Subtest: genericness: allows specific named location in ADD_FACT
    ok 6 - genericness: allows specific named location in ADD_FACT
      ---
      duration_ms: 0.320504
      type: 'test'
      ...
    1..6
ok 576 - Wave 103 — topology extended archetypes, belief uniformity, vague fact detection
  ---
  duration_ms: 3.066176
  type: 'suite'
  ...
# Subtest: Wave 104 — emotional debt, quality constraint gap, originality clichés
    # Subtest: arc-tracker: peak fear opens an EMOTIONAL_DEBT promise
    ok 1 - arc-tracker: peak fear opens an EMOTIONAL_DEBT promise
      ---
      duration_ms: 0.956926
      type: 'test'
      ...
    # Subtest: arc-tracker: cathartic joy closes an EMOTIONAL_DEBT promise
    ok 2 - arc-tracker: cathartic joy closes an EMOTIONAL_DEBT promise
      ---
      duration_ms: 0.17258
      type: 'test'
      ...
    # Subtest: arc-tracker: low-intensity follow-up closes an EMOTIONAL_DEBT promise
    ok 3 - arc-tracker: low-intensity follow-up closes an EMOTIONAL_DEBT promise
      ---
      duration_ms: 0.132835
      type: 'test'
      ...
    # Subtest: arc-tracker: low-intensity fear (<75) does NOT open an EMOTIONAL_DEBT
    ok 4 - arc-tracker: low-intensity fear (<75) does NOT open an EMOTIONAL_DEBT
      ---
      duration_ms: 0.210352
      type: 'test'
      ...
    # Subtest: arcConstraintsFromTracker: EMOTIONAL_DEBT urgency → catharsis constraint
    ok 5 - arcConstraintsFromTracker: EMOTIONAL_DEBT urgency → catharsis constraint
      ---
      duration_ms: 0.444163
      type: 'test'
      ...
    # Subtest: qualityConstraintsFromWarnings: unknown rule with penalty=1 generates constraint (no silent drop)
    ok 6 - qualityConstraintsFromWarnings: unknown rule with penalty=1 generates constraint (no silent drop)
      ---
      duration_ms: 0.287328
      type: 'test'
      ...
    # Subtest: originalityProof: 3 consecutive ADD_FACT ops with no character op → cliché fail
    ok 7 - originalityProof: 3 consecutive ADD_FACT ops with no character op → cliché fail
      ---
      duration_ms: 0.218804
      type: 'test'
      ...
    # Subtest: originalityProof: ADD_FACT run broken by APPRAISE_EMOTION → pass
    ok 8 - originalityProof: ADD_FACT run broken by APPRAISE_EMOTION → pass
      ---
      duration_ms: 0.302567
      type: 'test'
      ...
    # Subtest: originalityProof: same pair both negative and positive delta in one scene → whiplash fail
    ok 9 - originalityProof: same pair both negative and positive delta in one scene → whiplash fail
      ---
      duration_ms: 0.238562
      type: 'test'
      ...
    # Subtest: originalityProof: only negative delta (no whiplash) → no cliché fail
    ok 10 - originalityProof: only negative delta (no whiplash) → no cliché fail
      ---
      duration_ms: 0.373344
      type: 'test'
      ...
    1..10
ok 577 - Wave 104 — emotional debt, quality constraint gap, originality clichés
  ---
  duration_ms: 3.666051
  type: 'suite'
  ...
# Subtest: Wave 105 — DV16/DV17 unwitnessed clue / unreceived payoff, new mutation operators
    # Subtest: DV16: SEED_CLUE with no UPDATE_BELIEF in same IR → DV16_UNWITNESSED_CLUE warning
    ok 1 - DV16: SEED_CLUE with no UPDATE_BELIEF in same IR → DV16_UNWITNESSED_CLUE warning
      ---
      duration_ms: 0.396938
      type: 'test'
      ...
    # Subtest: DV16: SEED_CLUE with UPDATE_BELIEF in same IR → no DV16 warning
    ok 2 - DV16: SEED_CLUE with UPDATE_BELIEF in same IR → no DV16 warning
      ---
      duration_ms: 0.134228
      type: 'test'
      ...
    # Subtest: DV17: PAYOFF_SETUP with no reaction ops → DV17_UNRECEIVED_PAYOFF
    ok 3 - DV17: PAYOFF_SETUP with no reaction ops → DV17_UNRECEIVED_PAYOFF
      ---
      duration_ms: 0.18267
      type: 'test'
      ...
    # Subtest: DV17: PAYOFF_SETUP with APPRAISE_EMOTION reaction → no DV17 warning
    ok 4 - DV17: PAYOFF_SETUP with APPRAISE_EMOTION reaction → no DV17 warning
      ---
      duration_ms: 0.155412
      type: 'test'
      ...
    # Subtest: pacing_compress: removes duplicate dominant emotion for same character
    ok 5 - pacing_compress: removes duplicate dominant emotion for same character
      ---
      duration_ms: 0.456706
      type: 'test'
      ...
    # Subtest: pacing_compress: scene ≤2 ops → returns unchanged IR
    ok 6 - pacing_compress: scene ≤2 ops → returns unchanged IR
      ---
      duration_ms: 0.133446
      type: 'test'
      ...
    # Subtest: reveal_asymmetry: single-char scene with world fact → inserts told UPDATE_BELIEF
    ok 7 - reveal_asymmetry: single-char scene with world fact → inserts told UPDATE_BELIEF
      ---
      duration_ms: 0.595069
      type: 'test'
      ...
    1..7
ok 578 - Wave 105 — DV16/DV17 unwitnessed clue / unreceived payoff, new mutation operators
  ---
  duration_ms: 2.28062
  type: 'suite'
  ...
# Subtest: Wave 106 — attribution phantom refs, showrunner new checks
    # Subtest: attributionProof: causedBy citing a prior state factId → passes
    ok 1 - attributionProof: causedBy citing a prior state factId → passes
      ---
      duration_ms: 0.455079
      type: 'test'
      ...
    # Subtest: showrunner: provide_relief with 1 op → too sparse critique
    ok 2 - showrunner: provide_relief with 1 op → too sparse critique
      ---
      duration_ms: 0.165366
      type: 'test'
      ...
    # Subtest: showrunner: provide_relief with 4 ops → no too-sparse critique
    ok 3 - showrunner: provide_relief with 4 ops → no too-sparse critique
      ---
      duration_ms: 0.267497
      type: 'test'
      ...
    # Subtest: showrunner: advance_plot with only ADD_FACT (no character ops) → critique
    ok 4 - showrunner: advance_plot with only ADD_FACT (no character ops) → critique
      ---
      duration_ms: 0.190513
      type: 'test'
      ...
    # Subtest: showrunner: advance_plot with UPDATE_BELIEF → no character-less critique
    ok 5 - showrunner: advance_plot with UPDATE_BELIEF → no character-less critique
      ---
      duration_ms: 0.131676
      type: 'test'
      ...
    1..5
ok 579 - Wave 106 — attribution phantom refs, showrunner new checks
  ---
  duration_ms: 1.385821
  type: 'suite'
  ...
# Subtest: Wave 107 — necessity state pass-through, dramatic irony tension
    # Subtest: necessityProof: re-asserting existing emotion from state → fails (state-aware)
    ok 1 - necessityProof: re-asserting existing emotion from state → fails (state-aware)
      ---
      duration_ms: 0.462638
      type: 'test'
      ...
    # Subtest: necessityProof: new emotion not in state → passes necessity
    ok 2 - necessityProof: new emotion not in state → passes necessity
      ---
      duration_ms: 0.172211
      type: 'test'
      ...
    # Subtest: deriveTensionLedger: unperceived world fact → dramatic_irony tension position
    ok 3 - deriveTensionLedger: unperceived world fact → dramatic_irony tension position
      ---
      duration_ms: 0.184957
      type: 'test'
      ...
    # Subtest: deriveTensionLedger: fact already in a character belief → no dramatic_irony position
    ok 4 - deriveTensionLedger: fact already in a character belief → no dramatic_irony position
      ---
      duration_ms: 0.189615
      type: 'test'
      ...
    # Subtest: deriveTensionLedger: capped at 5 dramatic irony positions even with 10 unperceived facts
    ok 5 - deriveTensionLedger: capped at 5 dramatic irony positions even with 10 unperceived facts
      ---
      duration_ms: 0.259421
      type: 'test'
      ...
    1..5
ok 580 - Wave 107 — necessity state pass-through, dramatic irony tension
  ---
  duration_ms: 1.526552
  type: 'suite'
  ...
# Subtest: Wave 108 — cognition-emotion mismatch (lint + character advocate)
    # Subtest: lint: high-confidence belief + shame in same IR with no bridging → COGNITION_EMOTION_MISMATCH
    ok 1 - lint: high-confidence belief + shame in same IR with no bridging → COGNITION_EMOTION_MISMATCH
      ---
      duration_ms: 1.437681
      type: 'test'
      ...
    # Subtest: lint: high-confidence belief + shame with bridging SHIFT_RELATIONSHIP → no mismatch warning
    ok 2 - lint: high-confidence belief + shame with bridging SHIFT_RELATIONSHIP → no mismatch warning
      ---
      duration_ms: 0.190569
      type: 'test'
      ...
    # Subtest: lint: low-confidence belief + shame → no mismatch warning
    ok 3 - lint: low-confidence belief + shame → no mismatch warning
      ---
      duration_ms: 0.235107
      type: 'test'
      ...
    # Subtest: characterAdvocate: high-confidence belief + distress with no bridging → critique
    ok 4 - characterAdvocate: high-confidence belief + distress with no bridging → critique
      ---
      duration_ms: 0.458046
      type: 'test'
      ...
    # Subtest: characterAdvocate: different characters for belief and distress → no mismatch critique
    ok 5 - characterAdvocate: different characters for belief and distress → no mismatch critique
      ---
      duration_ms: 0.218916
      type: 'test'
      ...
    1..5
ok 581 - Wave 108 — cognition-emotion mismatch (lint + character advocate)
  ---
  duration_ms: 2.745719
  type: 'suite'
  ...
# Subtest: Wave 109 — critics: belief-reversal, curiosity floor, relationship vacuum
    # Subtest: skeptic: told belief 0.75-0.9 conf with no ADD_FACT, char has existing beliefs → reversal critique
    ok 1 - skeptic: told belief 0.75-0.9 conf with no ADD_FACT, char has existing beliefs → reversal critique
      ---
      duration_ms: 0.309542
      type: 'test'
      ...
    # Subtest: skeptic: told belief 0.8 conf WITH bridging ADD_FACT → no reversal critique
    ok 2 - skeptic: told belief 0.8 conf WITH bridging ADD_FACT → no reversal critique
      ---
      duration_ms: 0.169734
      type: 'test'
      ...
    # Subtest: skeptic: told belief 0.8 conf but char has NO existing beliefs → no reversal critique
    ok 3 - skeptic: told belief 0.8 conf but char has NO existing beliefs → no reversal critique
      ---
      duration_ms: 0.114052
      type: 'test'
      ...
    # Subtest: studio-note: curiosity < 20 after scene 3 → curiosity floor critique
    ok 4 - studio-note: curiosity < 20 after scene 3 → curiosity floor critique
      ---
      duration_ms: 0.171008
      type: 'test'
      ...
    # Subtest: studio-note: curiosity >= 20 → no curiosity floor critique
    ok 5 - studio-note: curiosity >= 20 → no curiosity floor critique
      ---
      duration_ms: 0.261878
      type: 'test'
      ...
    # Subtest: dramaturge: scene 3+, 2 chars, no relationships → relationship vacuum critique
    ok 6 - dramaturge: scene 3+, 2 chars, no relationships → relationship vacuum critique
      ---
      duration_ms: 0.195211
      type: 'test'
      ...
    # Subtest: dramaturge: scene 3+, 2 chars WITH relationships → no vacuum critique
    ok 7 - dramaturge: scene 3+, 2 chars WITH relationships → no vacuum critique
      ---
      duration_ms: 0.138507
      type: 'test'
      ...
    # Subtest: dramaturge: scene 2 (too early) → no vacuum critique even without relationships
    ok 8 - dramaturge: scene 2 (too early) → no vacuum critique even without relationships
      ---
      duration_ms: 0.190496
      type: 'test'
      ...
    1..8
ok 582 - Wave 109 — critics: belief-reversal, curiosity floor, relationship vacuum
  ---
  duration_ms: 1.90908
  type: 'suite'
  ...
# Subtest: Wave 110 — EpistemicProof confidence bounds + showrunner preachy theme
    # Subtest: epistemicProof: confidence > 1 → hard block
    ok 1 - epistemicProof: confidence > 1 → hard block
      ---
      duration_ms: 0.387872
      type: 'test'
      ...
    # Subtest: epistemicProof: confidence < 0 → hard block
    ok 2 - epistemicProof: confidence < 0 → hard block
      ---
      duration_ms: 0.118583
      type: 'test'
      ...
    # Subtest: epistemicProof: confidence = 1.0 (boundary) → pass
    ok 3 - epistemicProof: confidence = 1.0 (boundary) → pass
      ---
      duration_ms: 0.1081
      type: 'test'
      ...
    # Subtest: showrunner: 4+ support-only theme moves → preachy critique
    ok 4 - showrunner: 4+ support-only theme moves → preachy critique
      ---
      duration_ms: 0.192467
      type: 'test'
      ...
    # Subtest: showrunner: 4+ theme moves including attack → no preachy critique
    ok 5 - showrunner: 4+ theme moves including attack → no preachy critique
      ---
      duration_ms: 0.128402
      type: 'test'
      ...
    # Subtest: showrunner: 3 support moves (below threshold) → no preachy critique
    ok 6 - showrunner: 3 support moves (below threshold) → no preachy critique
      ---
      duration_ms: 0.253888
      type: 'test'
      ...
    1..6
ok 583 - Wave 110 — EpistemicProof confidence bounds + showrunner preachy theme
  ---
  duration_ms: 1.374372
  type: 'suite'
  ...
# Subtest: Wave 111 — necessityScore, arcDebt flatline, NOOP_CLOCK lint
    # Subtest: necessityScore: zero-amount RAISE_CLOCK → scored as unnecessary
    ok 1 - necessityScore: zero-amount RAISE_CLOCK → scored as unnecessary
      ---
      duration_ms: 0.501047
      type: 'test'
      ...
    # Subtest: necessityScore: duplicate UPDATE_BELIEF same char+prop → unnecessary
    ok 2 - necessityScore: duplicate UPDATE_BELIEF same char+prop → unnecessary
      ---
      duration_ms: 0.236897
      type: 'test'
      ...
    # Subtest: necessityScore: two UPDATE_BELIEF same char DIFFERENT props → both necessary
    ok 3 - necessityScore: two UPDATE_BELIEF same char DIFFERENT props → both necessary
      ---
      duration_ms: 0.125041
      type: 'test'
      ...
    # Subtest: computeArcDebt: 3 chars with same dominant emotion → flatline debt
    ok 4 - computeArcDebt: 3 chars with same dominant emotion → flatline debt
      ---
      duration_ms: 0.202014
      type: 'test'
      ...
    # Subtest: computeArcDebt: 2 chars with same emotion → no flatline debt (below threshold)
    ok 5 - computeArcDebt: 2 chars with same emotion → no flatline debt (below threshold)
      ---
      duration_ms: 0.103831
      type: 'test'
      ...
    # Subtest: computeArcDebt: 3 chars each with different emotion → no flatline debt
    ok 6 - computeArcDebt: 3 chars each with different emotion → no flatline debt
      ---
      duration_ms: 0.102935
      type: 'test'
      ...
    # Subtest: lint: RAISE_CLOCK with amount=0 → NOOP_CLOCK_RAISE info warning
    ok 7 - lint: RAISE_CLOCK with amount=0 → NOOP_CLOCK_RAISE info warning
      ---
      duration_ms: 0.206381
      type: 'test'
      ...
    # Subtest: lint: RAISE_CLOCK with positive amount → no NOOP warning
    ok 8 - lint: RAISE_CLOCK with positive amount → no NOOP warning
      ---
      duration_ms: 0.258988
      type: 'test'
      ...
    1..8
ok 584 - Wave 111 — necessityScore, arcDebt flatline, NOOP_CLOCK lint
  ---
  duration_ms: 2.037898
  type: 'suite'
  ...
# Subtest: Wave 112 — genre-aware lint rules
    # Subtest: lint: horror genre + low suspense at scene 3 → GENRE_SUSPENSE_FLOOR warn
    ok 1 - lint: horror genre + low suspense at scene 3 → GENRE_SUSPENSE_FLOOR warn
      ---
      duration_ms: 0.23976
      type: 'test'
      ...
    # Subtest: lint: thriller genre + adequate suspense → no GENRE_SUSPENSE_FLOOR
    ok 2 - lint: thriller genre + adequate suspense → no GENRE_SUSPENSE_FLOOR
      ---
      duration_ms: 0.223001
      type: 'test'
      ...
    # Subtest: lint: horror genre at scene 2 → no GENRE_SUSPENSE_FLOOR (too early)
    ok 3 - lint: horror genre at scene 2 → no GENRE_SUSPENSE_FLOOR (too early)
      ---
      duration_ms: 0.244181
      type: 'test'
      ...
    # Subtest: lint: mystery genre + no clues at scene 2 → GENRE_MYSTERY_NO_CLUES
    ok 4 - lint: mystery genre + no clues at scene 2 → GENRE_MYSTERY_NO_CLUES
      ---
      duration_ms: 0.27979
      type: 'test'
      ...
    # Subtest: lint: mystery genre + clue in state → no GENRE_MYSTERY_NO_CLUES
    ok 5 - lint: mystery genre + clue in state → no GENRE_MYSTERY_NO_CLUES
      ---
      duration_ms: 0.24055
      type: 'test'
      ...
    # Subtest: lint: comedy genre + no positive emotion at scene 2 → GENRE_COMEDY_TONE_DRIFT
    ok 6 - lint: comedy genre + no positive emotion at scene 2 → GENRE_COMEDY_TONE_DRIFT
      ---
      duration_ms: 0.174952
      type: 'test'
      ...
    # Subtest: lint: comedy genre + joy emotion → no GENRE_COMEDY_TONE_DRIFT
    ok 7 - lint: comedy genre + joy emotion → no GENRE_COMEDY_TONE_DRIFT
      ---
      duration_ms: 0.234619
      type: 'test'
      ...
    1..7
ok 585 - Wave 112 — genre-aware lint rules
  ---
  duration_ms: 1.860478
  type: 'suite'
  ...
# Subtest: Wave 112 — branch score: confidence-weighted consequence + clue payoff arc
    # Subtest: branchScore: high-confidence belief scores more consequence than low-confidence
    ok 1 - branchScore: high-confidence belief scores more consequence than low-confidence
      ---
      duration_ms: 1.213605
      type: 'test'
      ...
    # Subtest: branchScore: PAYOFF_SETUP matching seeded clue earns arc alignment bonus
    ok 2 - branchScore: PAYOFF_SETUP matching seeded clue earns arc alignment bonus
      ---
      duration_ms: 0.258535
      type: 'test'
      ...
    1..2
ok 586 - Wave 112 — branch score: confidence-weighted consequence + clue payoff arc
  ---
  duration_ms: 1.567498
  type: 'suite'
  ...
# Subtest: Wave 113 — PolarityProof
    # Subtest: polarityProof: no emotion ops → pass (not applicable)
    ok 1 - polarityProof: no emotion ops → pass (not applicable)
      ---
      duration_ms: 0.276083
      type: 'test'
      ...
    # Subtest: polarityProof: emotion op on new character (no prior state) → pass
    ok 2 - polarityProof: emotion op on new character (no prior state) → pass
      ---
      duration_ms: 0.144065
      type: 'test'
      ...
    # Subtest: polarityProof: fear→joy reversal → pass
    ok 3 - polarityProof: fear→joy reversal → pass
      ---
      duration_ms: 0.150527
      type: 'test'
      ...
    # Subtest: polarityProof: fear→distress (same valence) → fail flag
    ok 4 - polarityProof: fear→distress (same valence) → fail flag
      ---
      duration_ms: 0.35964
      type: 'test'
      ...
    1..4
ok 587 - Wave 113 — PolarityProof
  ---
  duration_ms: 1.072659
  type: 'suite'
  ...
# Subtest: Wave 113 — ReincorporationProof
    # Subtest: reincorporationProof: scene 0 → always pass (establishing)
    ok 1 - reincorporationProof: scene 0 → always pass (establishing)
      ---
      duration_ms: 0.255728
      type: 'test'
      ...
    # Subtest: reincorporationProof: scene 1 → always pass (establishing)
    ok 2 - reincorporationProof: scene 1 → always pass (establishing)
      ---
      duration_ms: 0.098433
      type: 'test'
      ...
    # Subtest: reincorporationProof: scene 2 with known character → pass
    ok 3 - reincorporationProof: scene 2 with known character → pass
      ---
      duration_ms: 0.182653
      type: 'test'
      ...
    # Subtest: reincorporationProof: scene 2 with ADVANCE_THEME_ARGUMENT → pass
    ok 4 - reincorporationProof: scene 2 with ADVANCE_THEME_ARGUMENT → pass
      ---
      duration_ms: 0.101861
      type: 'test'
      ...
    # Subtest: reincorporationProof: scene 3 with only new-char emotion + new clock → fail flag
    ok 5 - reincorporationProof: scene 3 with only new-char emotion + new clock → fail flag
      ---
      duration_ms: 0.153702
      type: 'test'
      ...
    # Subtest: reincorporationProof: scene 3 with existing clock → pass
    ok 6 - reincorporationProof: scene 3 with existing clock → pass
      ---
      duration_ms: 0.241902
      type: 'test'
      ...
    1..6
ok 588 - Wave 113 — ReincorporationProof
  ---
  duration_ms: 1.220109
  type: 'suite'
  ...
# Subtest: Wave 114 — studio_note tension ceiling
    # Subtest: studioNoteCritic: suspense>=85 + RAISE_CLOCK + no relief → TENSION_CEILING critique
    ok 1 - studioNoteCritic: suspense>=85 + RAISE_CLOCK + no relief → TENSION_CEILING critique
      ---
      duration_ms: 0.268261
      type: 'test'
      ...
    # Subtest: studioNoteCritic: suspense>=85 + RAISE_CLOCK + joy relief → no ceiling warning
    ok 2 - studioNoteCritic: suspense>=85 + RAISE_CLOCK + joy relief → no ceiling warning
      ---
      duration_ms: 0.171842
      type: 'test'
      ...
    # Subtest: studioNoteCritic: suspense=70 (below ceiling) + RAISE_CLOCK → no ceiling warning
    ok 3 - studioNoteCritic: suspense=70 (below ceiling) + RAISE_CLOCK → no ceiling warning
      ---
      duration_ms: 0.124353
      type: 'test'
      ...
    1..3
ok 589 - Wave 114 — studio_note tension ceiling
  ---
  duration_ms: 0.670941
  type: 'suite'
  ...
# Subtest: Wave 114 — showrunner clock overload
    # Subtest: showrunnerCritic: 4+ clocks above 50 → clock overload critique
    ok 1 - showrunnerCritic: 4+ clocks above 50 → clock overload critique
      ---
      duration_ms: 0.410675
      type: 'test'
      ...
    # Subtest: showrunnerCritic: 3 urgent clocks → no overload warning (below threshold)
    ok 2 - showrunnerCritic: 3 urgent clocks → no overload warning (below threshold)
      ---
      duration_ms: 0.189585
      type: 'test'
      ...
    # Subtest: showrunnerCritic: 5 clocks but most below 50 → no overload warning
    ok 3 - showrunnerCritic: 5 clocks but most below 50 → no overload warning
      ---
      duration_ms: 0.147763
      type: 'test'
      ...
    1..3
ok 590 - Wave 114 — showrunner clock overload
  ---
  duration_ms: 0.85898
  type: 'suite'
  ...
# Subtest: Wave 114 — screenplay usefulness: urgency-weighted clock score
    # Subtest: branchScore: raising an urgent clock scores higher usefulness than a fresh one
    ok 1 - branchScore: raising an urgent clock scores higher usefulness than a fresh one
      ---
      duration_ms: 0.491
      type: 'test'
      ...
    1..1
ok 591 - Wave 114 — screenplay usefulness: urgency-weighted clock score
  ---
  duration_ms: 0.556846
  type: 'suite'
  ...
# Subtest: Wave 115 — quality engine: op density overload
    # Subtest: runQualityEngine: >10 ops → OP_DENSITY_OVERLOAD warning
    ok 1 - runQualityEngine: >10 ops → OP_DENSITY_OVERLOAD warning
      ---
      duration_ms: 0.820338
      type: 'test'
      ...
    # Subtest: runQualityEngine: exactly 10 ops → no density overload
    ok 2 - runQualityEngine: exactly 10 ops → no density overload
      ---
      duration_ms: 0.294687
      type: 'test'
      ...
    1..2
ok 592 - Wave 115 — quality engine: op density overload
  ---
  duration_ms: 1.206653
  type: 'suite'
  ...
# Subtest: Wave 115 — quality engine: Propp coverage warning
    # Subtest: runQualityEngine: minimal ops at scene 5 → LOW_PROPP_COVERAGE warning
    ok 1 - runQualityEngine: minimal ops at scene 5 → LOW_PROPP_COVERAGE warning
      ---
      duration_ms: 0.247827
      type: 'test'
      ...
    # Subtest: runQualityEngine: Propp coverage check skipped before scene 5
    ok 2 - runQualityEngine: Propp coverage check skipped before scene 5
      ---
      duration_ms: 0.265907
      type: 'test'
      ...
    1..2
ok 593 - Wave 115 — quality engine: Propp coverage warning
  ---
  duration_ms: 0.614619
  type: 'suite'
  ...
# Subtest: Wave 115 — character advocate: narrative neglect
    # Subtest: characterAdvocateCritic: established char absent from scene 5+ → neglect critique
    ok 1 - characterAdvocateCritic: established char absent from scene 5+ → neglect critique
      ---
      duration_ms: 0.257996
      type: 'test'
      ...
    # Subtest: characterAdvocateCritic: established char present in scene → no neglect
    ok 2 - characterAdvocateCritic: established char present in scene → no neglect
      ---
      duration_ms: 0.264579
      type: 'test'
      ...
    1..2
ok 594 - Wave 115 — character advocate: narrative neglect
  ---
  duration_ms: 0.609821
  type: 'suite'
  ...
# Subtest: Wave 116 — plant_sensory_anchor operator
    # Subtest: plant_sensory_anchor: adds a RECORD_VISUAL_FACT or RECORD_SONIC_FACT
    ok 1 - plant_sensory_anchor: adds a RECORD_VISUAL_FACT or RECORD_SONIC_FACT
      ---
      duration_ms: 0.488489
      type: 'test'
      ...
    # Subtest: plant_sensory_anchor: calibrates to dominant emotion in IR
    ok 2 - plant_sensory_anchor: calibrates to dominant emotion in IR
      ---
      duration_ms: 0.149694
      type: 'test'
      ...
    # Subtest: plant_sensory_anchor: ALL_OPERATORS now contains both new operators
    ok 3 - plant_sensory_anchor: ALL_OPERATORS now contains both new operators
      ---
      duration_ms: 0.088175
      type: 'test'
      ...
    1..3
ok 595 - Wave 116 — plant_sensory_anchor operator
  ---
  duration_ms: 0.832933
  type: 'suite'
  ...
# Subtest: Wave 116 — defuse_clock operator
    # Subtest: defuse_clock: with existing clock in state → adds negative RAISE_CLOCK
    ok 1 - defuse_clock: with existing clock in state → adds negative RAISE_CLOCK
      ---
      duration_ms: 0.45651
      type: 'test'
      ...
    # Subtest: defuse_clock: picks most urgent clock when multiple exist
    ok 2 - defuse_clock: picks most urgent clock when multiple exist
      ---
      duration_ms: 0.179905
      type: 'test'
      ...
    # Subtest: defuse_clock: no clock in state or IR → no-op
    ok 3 - defuse_clock: no clock in state or IR → no-op
      ---
      duration_ms: 0.111559
      type: 'test'
      ...
    1..3
ok 596 - Wave 116 — defuse_clock operator
  ---
  duration_ms: 0.860091
  type: 'suite'
  ...
# Subtest: Wave 117 — buildSystemPreamble genre injection
    # Subtest: preamble: thriller genre → includes GENRE — THRILLER instruction
    ok 1 - preamble: thriller genre → includes GENRE — THRILLER instruction
      ---
      duration_ms: 0.263933
      type: 'test'
      ...
    # Subtest: preamble: horror genre → includes GENRE — HORROR instruction
    ok 2 - preamble: horror genre → includes GENRE — HORROR instruction
      ---
      duration_ms: 0.238994
      type: 'test'
      ...
    # Subtest: preamble: no genre → no GENRE block (neutral default)
    ok 3 - preamble: no genre → no GENRE block (neutral default)
      ---
      duration_ms: 0.101941
      type: 'test'
      ...
    # Subtest: preamble: genre forbidden clichés appear in preamble
    ok 4 - preamble: genre forbidden clichés appear in preamble
      ---
      duration_ms: 0.101647
      type: 'test'
      ...
    1..4
ok 597 - Wave 117 — buildSystemPreamble genre injection
  ---
  duration_ms: 0.836471
  type: 'suite'
  ...
# Subtest: Wave 117 — buildSystemPreamble climax directive
    # Subtest: preamble: suspense>=85 AND investment>=85 → CLIMAX CONDITIONS directive
    ok 1 - preamble: suspense>=85 AND investment>=85 → CLIMAX CONDITIONS directive
      ---
      duration_ms: 0.129223
      type: 'test'
      ...
    # Subtest: preamble: suspense=90 but investment=60 → escalation directive (not climax)
    ok 2 - preamble: suspense=90 but investment=60 → escalation directive (not climax)
      ---
      duration_ms: 0.129552
      type: 'test'
      ...
    1..2
ok 598 - Wave 117 — buildSystemPreamble climax directive
  ---
  duration_ms: 0.35611
  type: 'suite'
  ...
# Subtest: Wave 119 — whatBreaksIfRemoved: clue break across multi-commit chain
    # Subtest: flags both downstream commits when removed commit is sole SEED_CLUE for a multi-payoff arc
    ok 1 - flags both downstream commits when removed commit is sole SEED_CLUE for a multi-payoff arc
      ---
      duration_ms: 10.502794
      type: 'test'
      ...
    # Subtest: combined break: sole char and sole clue in same removed commit
    ok 2 - combined break: sole char and sole clue in same removed commit
      ---
      duration_ms: 4.405994
      type: 'test'
      ...
    # Subtest: no break when removed commit has no unique introductions
    ok 3 - no break when removed commit has no unique introductions
      ---
      duration_ms: 4.018165
      type: 'test'
      ...
    1..3
ok 599 - Wave 119 — whatBreaksIfRemoved: clue break across multi-commit chain
  ---
  duration_ms: 19.094791
  type: 'suite'
  ...
# Subtest: Wave 119 — whatBreaksIfRemoved: clue/payoff break detection
    # Subtest: flags downstream PAYOFF_SETUP when removed commit is sole SEED_CLUE source
    ok 1 - flags downstream PAYOFF_SETUP when removed commit is sole SEED_CLUE source
      ---
      duration_ms: 5.528351
      type: 'test'
      ...
    # Subtest: no clue break when clue is seeded independently in another commit
    ok 2 - no clue break when clue is seeded independently in another commit
      ---
      duration_ms: 4.0214
      type: 'test'
      ...
    1..2
ok 600 - Wave 119 — whatBreaksIfRemoved: clue/payoff break detection
  ---
  duration_ms: 9.734775
  type: 'suite'
  ...
# Subtest: Wave 119 — buildSCM: cross-commit causal edges
    # Subtest: cross-commit EXPIRE_FACT → ADD_FACT edge is wired
    ok 1 - cross-commit EXPIRE_FACT → ADD_FACT edge is wired
      ---
      duration_ms: 4.625592
      type: 'test'
      ...
    # Subtest: cross-commit PAYOFF_SETUP → SEED_CLUE edge is wired
    ok 2 - cross-commit PAYOFF_SETUP → SEED_CLUE edge is wired
      ---
      duration_ms: 3.945202
      type: 'test'
      ...
    # Subtest: cross-commit RAISE_CLOCK chain is wired
    ok 3 - cross-commit RAISE_CLOCK chain is wired
      ---
      duration_ms: 4.140616
      type: 'test'
      ...
    # Subtest: cross-commit APPRAISE_EMOTION → UPDATE_BELIEF for same char is wired
    ok 4 - cross-commit APPRAISE_EMOTION → UPDATE_BELIEF for same char is wired
      ---
      duration_ms: 4.797477
      type: 'test'
      ...
    # Subtest: different clocks do not form cross-commit edges
    ok 5 - different clocks do not form cross-commit edges
      ---
      duration_ms: 4.535698
      type: 'test'
      ...
    1..5
ok 601 - Wave 119 — buildSCM: cross-commit causal edges
  ---
  duration_ms: 22.34134
  type: 'suite'
  ...
# Subtest: Wave 120 — audience-redteam: missingClueIds separated from weakClues
    # Subtest: missingClueIds contains unseeded required clues
    ok 1 - missingClueIds contains unseeded required clues
      ---
      duration_ms: 0.529198
      type: 'test'
      ...
    # Subtest: weakClues does not include unseeded (missing) clues
    ok 2 - weakClues does not include unseeded (missing) clues
      ---
      duration_ms: 0.143264
      type: 'test'
      ...
    # Subtest: weakClues flags visible clues that are individually redundant
    ok 3 - weakClues flags visible clues that are individually redundant
      ---
      duration_ms: 0.345368
      type: 'test'
      ...
    # Subtest: thin_mystery recommendation still appears with missingClueIds present
    ok 4 - thin_mystery recommendation still appears with missingClueIds present
      ---
      duration_ms: 0.172206
      type: 'test'
      ...
    1..4
ok 602 - Wave 120 — audience-redteam: missingClueIds separated from weakClues
  ---
  duration_ms: 1.366307
  type: 'suite'
  ...
# Subtest: Wave 120 — topology: computeTrajectoryMomentum
    # Subtest: stalling when tension barely moves (spread < 5)
    ok 1 - stalling when tension barely moves (spread < 5)
      ---
      duration_ms: 0.225175
      type: 'test'
      ...
    # Subtest: stalling for fewer than 2 ledger entries
    ok 2 - stalling for fewer than 2 ledger entries
      ---
      duration_ms: 0.089213
      type: 'test'
      ...
    # Subtest: volatile when spread > 30 in last 3 scenes
    ok 3 - volatile when spread > 30 in last 3 scenes
      ---
      duration_ms: 0.141821
      type: 'test'
      ...
    # Subtest: building when last > first by > 5
    ok 4 - building when last > first by > 5
      ---
      duration_ms: 0.097056
      type: 'test'
      ...
    # Subtest: declining when first > last by > 5
    ok 5 - declining when first > last by > 5
      ---
      duration_ms: 0.078689
      type: 'test'
      ...
    # Subtest: uses only last 3 entries even with longer ledger
    ok 6 - uses only last 3 entries even with longer ledger
      ---
      duration_ms: 0.097271
      type: 'test'
      ...
    1..6
ok 603 - Wave 120 — topology: computeTrajectoryMomentum
  ---
  duration_ms: 1.010273
  type: 'suite'
  ...
# Subtest: Wave 120 — two-reader: irony density precision
    # Subtest: irony detected when audience knows deception about the same subject
    ok 1 - irony detected when audience knows deception about the same subject
      ---
      duration_ms: 1.388575
      type: 'test'
      ...
    # Subtest: irony detected via negation: audience knows the negative of the belief
    ok 2 - irony detected via negation: audience knows the negative of the belief
      ---
      duration_ms: 0.53112
      type: 'test'
      ...
    # Subtest: no irony when known fact shares words but contains no deception or negation
    ok 3 - no irony when known fact shares words but contains no deception or negation
      ---
      duration_ms: 0.211417
      type: 'test'
      ...
    # Subtest: no irony for beliefs sourced from inferred (not told)
    ok 4 - no irony for beliefs sourced from inferred (not told)
      ---
      duration_ms: 0.270995
      type: 'test'
      ...
    1..4
ok 604 - Wave 120 — two-reader: irony density precision
  ---
  duration_ms: 2.606478
  type: 'suite'
  ...
# Subtest: Wave 121 — branch score improvements
    # Subtest: high-intensity emotion scores more consequence than low-intensity
    ok 1 - high-intensity emotion scores more consequence than low-intensity
      ---
      duration_ms: 0.417317
      type: 'test'
      ...
    # Subtest: ADVANCE_OBJECT_ARC scores its own consequence (>default 2)
    ok 2 - ADVANCE_OBJECT_ARC scores its own consequence (>default 2)
      ---
      duration_ms: 0.459329
      type: 'test'
      ...
    # Subtest: reusing same char IDs as recent commits reduces novelty
    ok 3 - reusing same char IDs as recent commits reduces novelty
      ---
      duration_ms: 0.461005
      type: 'test'
      ...
    # Subtest: high-intensity emotion boosts screenplayUsefulness
    ok 4 - high-intensity emotion boosts screenplayUsefulness
      ---
      duration_ms: 0.202927
      type: 'test'
      ...
    # Subtest: ADVANCE_OBJECT_ARC boosts screenplayUsefulness
    ok 5 - ADVANCE_OBJECT_ARC boosts screenplayUsefulness
      ---
      duration_ms: 0.352887
      type: 'test'
      ...
    1..5
ok 605 - Wave 121 — branch score improvements
  ---
  duration_ms: 2.09712
  type: 'suite'
  ...
# Subtest: Wave 122 — planToward: requiredOps never falsely satisfied
    # Subtest: fixed point with only requiredOps is NOT added to alreadySatisfied
    ok 1 - fixed point with only requiredOps is NOT added to alreadySatisfied
      ---
      duration_ms: 1.090406
      type: 'test'
      ...
    # Subtest: fixed point with requiredOps emits a bias with the verbatim op
    ok 2 - fixed point with requiredOps emits a bias with the verbatim op
      ---
      duration_ms: 0.241103
      type: 'test'
      ...
    # Subtest: fixed point with requiredOps AND factIds: fact already in state → still generates bias for op
    ok 3 - fixed point with requiredOps AND factIds: fact already in state → still generates bias for op
      ---
      duration_ms: 0.383879
      type: 'test'
      ...
    1..3
ok 606 - Wave 122 — planToward: requiredOps never falsely satisfied
  ---
  duration_ms: 1.848094
  type: 'suite'
  ...
# Subtest: Wave 122 — planToward: minInvestment requirement
    # Subtest: emits UPDATE_READER_STATE investment bias when investment too low
    ok 1 - emits UPDATE_READER_STATE investment bias when investment too low
      ---
      duration_ms: 0.26556
      type: 'test'
      ...
    # Subtest: minInvestment fixed point is alreadySatisfied when investment is sufficient
    ok 2 - minInvestment fixed point is alreadySatisfied when investment is sufficient
      ---
      duration_ms: 0.218564
      type: 'test'
      ...
    # Subtest: minInvestment and minSuspense both below threshold → both biases emitted
    ok 3 - minInvestment and minSuspense both below threshold → both biases emitted
      ---
      duration_ms: 0.330611
      type: 'test'
      ...
    1..3
ok 607 - Wave 122 — planToward: minInvestment requirement
  ---
  duration_ms: 0.939592
  type: 'suite'
  ...
# Subtest: Wave 123 — quality: DV18 consequence-free belief flip
    # Subtest: fires when ADD_FACT contradicts a told belief and character has no emotion reaction
    ok 1 - fires when ADD_FACT contradicts a told belief and character has no emotion reaction
      ---
      duration_ms: 0.352368
      type: 'test'
      ...
    # Subtest: does not fire when contradicted character has an APPRAISE_EMOTION in the IR
    ok 2 - does not fire when contradicted character has an APPRAISE_EMOTION in the IR
      ---
      duration_ms: 0.203834
      type: 'test'
      ...
    1..2
ok 608 - Wave 123 — quality: DV18 consequence-free belief flip
  ---
  duration_ms: 0.649271
  type: 'suite'
  ...
# Subtest: Wave 123 — quality: DV13 acknowledges prior state beliefs
    # Subtest: does not fire when character already has a belief about the clock in prior state
    ok 1 - does not fire when character already has a belief about the clock in prior state
      ---
      duration_ms: 0.330073
      type: 'test'
      ...
    1..1
ok 609 - Wave 123 — quality: DV13 acknowledges prior state beliefs
  ---
  duration_ms: 0.394943
  type: 'suite'
  ...
# Subtest: Wave 123 — quality: ArcDebt prolonged negative relationship
    # Subtest: emits arc debt for prolonged extreme negative relationship (4+ shifts, net < -0.6)
    ok 1 - emits arc debt for prolonged extreme negative relationship (4+ shifts, net < -0.6)
      ---
      duration_ms: 0.227412
      type: 'test'
      ...
    # Subtest: does not fire arc debt when fewer than 4 shifts
    ok 2 - does not fire arc debt when fewer than 4 shifts
      ---
      duration_ms: 0.200217
      type: 'test'
      ...
    1..2
ok 610 - Wave 123 — quality: ArcDebt prolonged negative relationship
  ---
  duration_ms: 0.518241
  type: 'suite'
  ...
# Subtest: Wave 123 — dialogueProof: MAX_WARNINGS scales with IR size
    # Subtest: 3 warnings on a 15-op IR passes DialogueProof (maxWarnings=3)
    ok 1 - 3 warnings on a 15-op IR passes DialogueProof (maxWarnings=3)
      ---
      duration_ms: 0.707488
      type: 'test'
      ...
    # Subtest: 3 warnings on a 5-op IR fails DialogueProof (maxWarnings=2)
    ok 2 - 3 warnings on a 5-op IR fails DialogueProof (maxWarnings=2)
      ---
      duration_ms: 0.418164
      type: 'test'
      ...
    1..2
ok 611 - Wave 123 — dialogueProof: MAX_WARNINGS scales with IR size
  ---
  duration_ms: 1.243623
  type: 'suite'
  ...
# Subtest: Wave 123 — continuityCritic: severity maps from finding.severity
    # Subtest: block-severity IntentionalProof finding maps to critic severity 92 (not old 80)
    ok 1 - block-severity IntentionalProof finding maps to critic severity 92 (not old 80)
      ---
      duration_ms: 0.350978
      type: 'test'
      ...
    1..1
ok 612 - Wave 123 — continuityCritic: severity maps from finding.severity
  ---
  duration_ms: 0.443621
  type: 'suite'
  ...
# Subtest: Wave 128 — P8: Genre×Director Synergy Compositor
    # Subtest: composePromptModifiers: genre only — returns genre block, no synergy
    ok 1 - composePromptModifiers: genre only — returns genre block, no synergy
      ---
      duration_ms: 0.322224
      type: 'test'
      ...
    # Subtest: composePromptModifiers: director only — returns director instruction, no synergy
    ok 2 - composePromptModifiers: director only — returns director instruction, no synergy
      ---
      duration_ms: 0.138116
      type: 'test'
      ...
    # Subtest: composePromptModifiers: non-synergy pair — concatenates both blocks
    ok 3 - composePromptModifiers: non-synergy pair — concatenates both blocks
      ---
      duration_ms: 0.110374
      type: 'test'
      ...
    # Subtest: composePromptModifiers: thriller+hitchcock fires synergy override
    ok 4 - composePromptModifiers: thriller+hitchcock fires synergy override
      ---
      duration_ms: 0.109173
      type: 'test'
      ...
    # Subtest: composePromptModifiers: horror+aster fires synergy override
    ok 5 - composePromptModifiers: horror+aster fires synergy override
      ---
      duration_ms: 0.079917
      type: 'test'
      ...
    # Subtest: composePromptModifiers: horror+lynch fires synergy override
    ok 6 - composePromptModifiers: horror+lynch fires synergy override
      ---
      duration_ms: 0.071209
      type: 'test'
      ...
    # Subtest: composePromptModifiers: no genre, no director — empty block
    ok 7 - composePromptModifiers: no genre, no director — empty block
      ---
      duration_ms: 0.086736
      type: 'test'
      ...
    # Subtest: SYNERGY_OVERRIDES: all 14 expected keys present
    ok 8 - SYNERGY_OVERRIDES: all 14 expected keys present
      ---
      duration_ms: 0.260294
      type: 'test'
      ...
    # Subtest: genrePromptBlock: still works independently
    ok 9 - genrePromptBlock: still works independently
      ---
      duration_ms: 0.120972
      type: 'test'
      ...
    # Subtest: all 8 genres have GENRE_MODIFIERS entries
    ok 10 - all 8 genres have GENRE_MODIFIERS entries
      ---
      duration_ms: 0.104093
      type: 'test'
      ...
    1..10
ok 613 - Wave 128 — P8: Genre×Director Synergy Compositor
  ---
  duration_ms: 1.770832
  type: 'suite'
  ...
# Subtest: Wave 128 — H6: SelfPlay budget threading
    # Subtest: runSelfPlay: budget param is forwarded to convergeScene (compile-time type check)
    ok 1 - runSelfPlay: budget param is forwarded to convergeScene (compile-time type check)
      ---
      duration_ms: 0.480391
      type: 'test'
      ...
    1..1
ok 614 - Wave 128 — H6: SelfPlay budget threading
  ---
  duration_ms: 0.544993
  type: 'suite'
  ...
# Subtest: Wave 128 — M4: Agent module decomposition
    # Subtest: agent/decision.ts: buildPrompt is exported and callable
    ok 1 - agent/decision.ts: buildPrompt is exported and callable
      ---
      duration_ms: 0.408059
      type: 'test'
      ...
    # Subtest: agent/decision.ts: selectBestAction is exported and callable
    ok 2 - agent/decision.ts: selectBestAction is exported and callable
      ---
      duration_ms: 0.155335
      type: 'test'
      ...
    # Subtest: agent/memory.ts: synthesizeReflectionsFor is exported and callable
    ok 3 - agent/memory.ts: synthesizeReflectionsFor is exported and callable
      ---
      duration_ms: 0.361798
      type: 'test'
      ...
    # Subtest: agent/memory.ts: replanGoalsFor is exported and callable
    ok 4 - agent/memory.ts: replanGoalsFor is exported and callable
      ---
      duration_ms: 0.166984
      type: 'test'
      ...
    # Subtest: Agent.ts: public interface unchanged (takeTurn + updateEpistemics + evaluateState)
    ok 5 - Agent.ts: public interface unchanged (takeTurn + updateEpistemics + evaluateState)
      ---
      duration_ms: 0.273518
      type: 'test'
      ...
    1..5
ok 615 - Wave 128 — M4: Agent module decomposition
  ---
  duration_ms: 1.566331
  type: 'suite'
  ...
# Subtest: Wave 129 — P2: Export pipeline
    # Subtest: FDX: fountainToFdx produces valid XML with scene heading
    ok 1 - FDX: fountainToFdx produces valid XML with scene heading
      ---
      duration_ms: 0.36066
      type: 'test'
      ...
    # Subtest: FDX: fountain blocks map to correct FDX types
    ok 2 - FDX: fountain blocks map to correct FDX types
      ---
      duration_ms: 0.212648
      type: 'test'
      ...
    # Subtest: FDX: boneyard and synopsis blocks are excluded
    ok 3 - FDX: boneyard and synopsis blocks are excluded
      ---
      duration_ms: 0.17286
      type: 'test'
      ...
    # Subtest: escapeXml: handles &, <, >, ", '
    ok 4 - escapeXml: handles &, <, >, ", '
      ---
      duration_ms: 10.315337
      type: 'test'
      ...
    # Subtest: DOCX: paragraph types for all block types
    ok 5 - DOCX: paragraph types for all block types
      ---
      duration_ms: 0.448878
      type: 'test'
      ...
    # Subtest: print-HTML: screenplay CSS classes match block types
    ok 6 - print-HTML: screenplay CSS classes match block types
      ---
      duration_ms: 0.1707
      type: 'test'
      ...
    1..6
ok 616 - Wave 129 — P2: Export pipeline
  ---
  duration_ms: 11.938666
  type: 'suite'
  ...
# Subtest: Wave 130 — Theme Resonance Pass (Pass 13)
    # Subtest: returns no-op summary when no theme is declared
    ok 1 - returns no-op summary when no theme is declared
      ---
      duration_ms: 11.277839
      type: 'test'
      ...
    # Subtest: returns no-op when records < 3
    ok 2 - returns no-op when records < 3
      ---
      duration_ms: 0.221922
      type: 'test'
      ...
    # Subtest: detects THEME_ORPHANED when zero scenes contain any theme keyword
    ok 3 - detects THEME_ORPHANED when zero scenes contain any theme keyword
      ---
      duration_ms: 1.545953
      type: 'test'
      ...
    # Subtest: does not flag when theme keywords appear in dialogue highlights
    ok 4 - does not flag when theme keywords appear in dialogue highlights
      ---
      duration_ms: 1.82918
      type: 'test'
      ...
    # Subtest: flags THEME_UNRESOLVED when Act 3 has no theme language
    ok 5 - flags THEME_UNRESOLVED when Act 3 has no theme language
      ---
      duration_ms: 2.954367
      type: 'test'
      ...
    # Subtest: theme pass is listed in PassName type (structural)
    ok 6 - theme pass is listed in PassName type (structural)
      ---
      duration_ms: 0.123319
      type: 'test'
      ...
    1..6
ok 617 - Wave 130 — Theme Resonance Pass (Pass 13)
  ---
  duration_ms: 18.297672
  type: 'suite'
  ...
# Subtest: Wave 131 — Structure act-position blends dramatic events
    # Subtest: clock-less story with many revelations advances past act1
    ok 1 - clock-less story with many revelations advances past act1
      ---
      duration_ms: 2.049424
      type: 'test'
      ...
    # Subtest: single bland scene still reports act1 (backward compat)
    ok 2 - single bland scene still reports act1 (backward compat)
      ---
      duration_ms: 0.223919
      type: 'test'
      ...
    # Subtest: clock pressure and dramatic events both contribute to completion
    ok 3 - clock pressure and dramatic events both contribute to completion
      ---
      duration_ms: 0.38725
      type: 'test'
      ...
    1..3
ok 618 - Wave 131 — Structure act-position blends dramatic events
  ---
  duration_ms: 2.810526
  type: 'suite'
  ...
# Subtest: Wave 132 — evaluateRewrite truncation/length guard
    # Subtest: rejects MAX_TOKENS truncation even when text is long enough
    ok 1 - rejects MAX_TOKENS truncation even when text is long enough
      ---
      duration_ms: 0.344911
      type: 'test'
      ...
    # Subtest: rejects empty output
    ok 2 - rejects empty output
      ---
      duration_ms: 0.196243
      type: 'test'
      ...
    # Subtest: rejects output that shrank below the length ratio
    ok 3 - rejects output that shrank below the length ratio
      ---
      duration_ms: 0.199779
      type: 'test'
      ...
    # Subtest: accepts output at exactly the length ratio
    ok 4 - accepts output at exactly the length ratio
      ---
      duration_ms: 0.121387
      type: 'test'
      ...
    # Subtest: accepts a normal full-length rewrite
    ok 5 - accepts a normal full-length rewrite
      ---
      duration_ms: 0.213838
      type: 'test'
      ...
    # Subtest: accepts when finishReason is undefined (non-Gemini providers)
    ok 6 - accepts when finishReason is undefined (non-Gemini providers)
      ---
      duration_ms: 0.09957
      type: 'test'
      ...
    1..6
ok 619 - Wave 132 — evaluateRewrite truncation/length guard
  ---
  duration_ms: 1.45703
  type: 'suite'
  ...
# Subtest: Wave 136 — CharacterAgencyProof
    # Subtest: passes when scene 0 has clock but no character response (establishment scene)
    ok 1 - passes when scene 0 has clock but no character response (establishment scene)
      ---
      duration_ms: 0.218988
      type: 'test'
      ...
    # Subtest: passes when no clock is raised
    ok 2 - passes when no clock is raised
      ---
      duration_ms: 0.130135
      type: 'test'
      ...
    # Subtest: passes when clock delta ≤1 (atmospheric pressure)
    ok 3 - passes when clock delta ≤1 (atmospheric pressure)
      ---
      duration_ms: 0.118641
      type: 'test'
      ...
    # Subtest: passes when clock raised and character responds with a belief update
    ok 4 - passes when clock raised and character responds with a belief update
      ---
      duration_ms: 0.217889
      type: 'test'
      ...
    # Subtest: flags when clock delta >1 with no character response ops
    ok 5 - flags when clock delta >1 with no character response ops
      ---
      duration_ms: 0.163389
      type: 'test'
      ...
    # Subtest: passes when clock raised and character expresses emotion
    ok 6 - passes when clock raised and character expresses emotion
      ---
      duration_ms: 0.118693
      type: 'test'
      ...
    1..6
ok 620 - Wave 136 — CharacterAgencyProof
  ---
  duration_ms: 1.238292
  type: 'suite'
  ...
# Subtest: Wave 136 — EpistemicProof: inferred-belief confidence guard
    # Subtest: blocks inferred belief with confidence 0.9 (over-certain deduction)
    ok 1 - blocks inferred belief with confidence 0.9 (over-certain deduction)
      ---
      duration_ms: 0.218104
      type: 'test'
      ...
    # Subtest: allows inferred belief with confidence 0.5 (appropriate uncertainty)
    ok 2 - allows inferred belief with confidence 0.5 (appropriate uncertainty)
      ---
      duration_ms: 0.233097
      type: 'test'
      ...
    # Subtest: allows witnessed belief with high confidence (observations can be certain)
    ok 3 - allows witnessed belief with high confidence (observations can be certain)
      ---
      duration_ms: 0.126464
      type: 'test'
      ...
    # Subtest: allows inferred belief exactly at 0.65 boundary
    ok 4 - allows inferred belief exactly at 0.65 boundary
      ---
      duration_ms: 0.102608
      type: 'test'
      ...
    1..4
ok 621 - Wave 136 — EpistemicProof: inferred-belief confidence guard
  ---
  duration_ms: 0.815586
  type: 'suite'
  ...
# Subtest: renderCoverageHtml — full document shape
    # Subtest: refuses to export a report that is incomplete or scene-truncated
    ok 1 - refuses to export a report that is incomplete or scene-truncated
      ---
      duration_ms: 2.813007
      type: 'test'
      ...
    # Subtest: renders a complete standalone document with doctype, title, verdict, all five dimension labels, and a footer hash
    ok 2 - renders a complete standalone document with doctype, title, verdict, all five dimension labels, and a footer hash
      ---
      duration_ms: 30.51539
      type: 'test'
      ...
    # Subtest: escapes an XSS payload in title, issue description, and scene slug — no raw <script> or unescaped quotes reach the output
    ok 3 - escapes an XSS payload in title, issue description, and scene slug — no raw <script> or unescaped quotes reach the output
      ---
      duration_ms: 1.100128
      type: 'test'
      ...
    # Subtest: omits the "What's Working" section entirely when strengths is empty
    ok 4 - omits the "What's Working" section entirely when strengths is empty
      ---
      duration_ms: 0.892318
      type: 'test'
      ...
    # Subtest: includes the "What's Working" section when strengths is non-empty
    ok 5 - includes the "What's Working" section when strengths is non-empty
      ---
      duration_ms: 0.96482
      type: 'test'
      ...
    # Subtest: labels a PASS verdict with the "(decline)" parenthetical so laypeople don't misread it as an affirmative
    ok 6 - labels a PASS verdict with the "(decline)" parenthetical so laypeople don't misread it as an affirmative
      ---
      duration_ms: 2.341146
      type: 'test'
      ...
    # Subtest: renders RECOMMEND and CONSIDER verdicts without the "(decline)" parenthetical
    ok 7 - renders RECOMMEND and CONSIDER verdicts without the "(decline)" parenthetical
      ---
      duration_ms: 1.534322
      type: 'test'
      ...
    # Subtest: uses the parsed title-page title over "Untitled" when no explicit title was posted
    ok 8 - uses the parsed title-page title over "Untitled" when no explicit title was posted
      ---
      duration_ms: 0.916033
      type: 'test'
      ...
    # Subtest: an explicit title always wins over the parsed title page
    ok 9 - an explicit title always wins over the parsed title page
      ---
      duration_ms: 1.123868
      type: 'test'
      ...
    # Subtest: falls back to "Untitled" when there is no explicit title AND no title page
    ok 10 - falls back to "Untitled" when there is no explicit title AND no title page
      ---
      duration_ms: 1.150729
      type: 'test'
      ...
    # Subtest: renders a byline when a title-page author is present, and escapes it
    ok 11 - renders a byline when a title-page author is present, and escapes it
      ---
      duration_ms: 0.642637
      type: 'test'
      ...
    # Subtest: omits the byline entirely when no title-page author is present
    ok 12 - omits the byline entirely when no title-page author is present
      ---
      duration_ms: 0.668526
      type: 'test'
      ...
    # Subtest: renders the logline section when a logline is provided, escaped
    ok 13 - renders the logline section when a logline is provided, escaped
      ---
      duration_ms: 0.722788
      type: 'test'
      ...
    # Subtest: omits the logline line entirely when no logline is provided
    ok 14 - omits the logline line entirely when no logline is provided
      ---
      duration_ms: 0.624314
      type: 'test'
      ...
    # Subtest: refuses a zero-scene report instead of exporting a fabricated PASS assessment
    ok 15 - refuses a zero-scene report instead of exporting a fabricated PASS assessment
      ---
      duration_ms: 0.353034
      type: 'test'
      ...
    1..15
ok 622 - renderCoverageHtml — full document shape
  ---
  duration_ms: 48.497697
  type: 'suite'
  ...
# Subtest: renderCoverageHtml — the verify block (P3 independent verification)
    # Subtest: publishes the FULL 64-hex content hash, not just the display prefix
    ok 1 - publishes the FULL 64-hex content hash, not just the display prefix
      ---
      duration_ms: 0.98848
      type: 'test'
      ...
    # Subtest: publishes every claim the recipient is asked to check, matching the report exactly
    ok 2 - publishes every claim the recipient is asked to check, matching the report exactly
      ---
      duration_ms: 0.842231
      type: 'test'
      ...
    # Subtest: tells the recipient where to verify and what happens when they do
    ok 3 - tells the recipient where to verify and what happens when they do
      ---
      duration_ms: 0.80842
      type: 'test'
      ...
    # Subtest: omits the verify block entirely when the report carries no content hash
    ok 4 - omits the verify block entirely when the report carries no content hash
      ---
      duration_ms: 0.775722
      type: 'test'
      ...
    # Subtest: publishes claims that survive a round-trip to the verify route unchanged
    ok 5 - publishes claims that survive a round-trip to the verify route unchanged
      ---
      duration_ms: 0.902286
      type: 'test'
      ...
    1..5
ok 623 - renderCoverageHtml — the verify block (P3 independent verification)
  ---
  duration_ms: 4.658564
  type: 'suite'
  ...
# Subtest: coverage-staleness (G0-02 writer safety)
    # Subtest: flags a draft as stale when it advanced during a request's flight
    ok 1 - flags a draft as stale when it advanced during a request's flight
      ---
      duration_ms: 1.17761
      type: 'test'
      ...
    # Subtest: does not flag staleness when the draft is unchanged
    ok 2 - does not flag staleness when the draft is unchanged
      ---
      duration_ms: 0.201611
      type: 'test'
      ...
    # Subtest: refuses a write-back whose report generation no longer matches the live draft
    ok 3 - refuses a write-back whose report generation no longer matches the live draft
      ---
      duration_ms: 0.298225
      type: 'test'
      ...
    # Subtest: allows a write-back when the report was produced against the current draft
    ok 4 - allows a write-back when the report was produced against the current draft
      ---
      duration_ms: 0.229073
      type: 'test'
      ...
    # Subtest: treats any generation drift, forward or backward, as a mismatch
    ok 5 - treats any generation drift, forward or backward, as a mismatch
      ---
      duration_ms: 0.188585
      type: 'test'
      ...
    1..5
ok 624 - coverage-staleness (G0-02 writer safety)
  ---
  duration_ms: 3.674869
  type: 'suite'
  ...
# Subtest: G0-02 gap close — every ScriptIDE draft mutation bumps draftTextGenRef
    # Subtest: defines a single mutateDraft wrapper that writes the draft and bumps draftTextGenRef together
    ok 1 - defines a single mutateDraft wrapper that writes the draft and bumps draftTextGenRef together
      ---
      duration_ms: 2.537727
      type: 'test'
      ...
    # Subtest: has no raw setScriptText( call site left in ScriptIDE.tsx outside the mutateDraft wrapper (or an explicitly exempt comment)
    ok 2 - has no raw setScriptText( call site left in ScriptIDE.tsx outside the mutateDraft wrapper (or an explicitly exempt comment)
      ---
      duration_ms: 1.101061
      type: 'test'
      ...
    1..2
ok 625 - G0-02 gap close — every ScriptIDE draft mutation bumps draftTextGenRef
  ---
  duration_ms: 4.151053
  type: 'suite'
  ...
# Subtest: CoverageSummary — Escape closes the panel, matching ScriptDoctorPanel
    # Subtest: registers a keydown listener that calls onClose() on Escape
    ok 1 - registers a keydown listener that calls onClose() on Escape
      ---
      duration_ms: 1.280957
      type: 'test'
      ...
    # Subtest: the effect depends on onClose (so it always calls the current prop, not a stale one)
    ok 2 - the effect depends on onClose (so it always calls the current prop, not a stale one)
      ---
      duration_ms: 0.223018
      type: 'test'
      ...
    # Subtest: matches ScriptDoctorPanel's own Escape-handler shape exactly (same pattern, not a divergent one)
    ok 3 - matches ScriptDoctorPanel's own Escape-handler shape exactly (same pattern, not a divergent one)
      ---
      duration_ms: 0.555555
      type: 'test'
      ...
    1..3
ok 626 - CoverageSummary — Escape closes the panel, matching ScriptDoctorPanel
  ---
  duration_ms: 3.660223
  type: 'suite'
  ...
# Subtest: custody ledger: extraction
    # Subtest: detects custody transactions
    ok 1 - detects custody transactions
      ---
      duration_ms: 1.316804
      type: 'test'
      ...
    # Subtest: tracks unmentioned objects as empty chains
    ok 2 - tracks unmentioned objects as empty chains
      ---
      duration_ms: 0.218919
      type: 'test'
      ...
    # Subtest: abstains below 2 scenes
    ok 3 - abstains below 2 scenes
      ---
      duration_ms: 0.334063
      type: 'test'
      ...
    # Subtest: abstains if no objects tracked
    ok 4 - abstains if no objects tracked
      ---
      duration_ms: 0.252483
      type: 'test'
      ...
    # Subtest: abstains if no custody activity detected
    ok 5 - abstains if no custody activity detected
      ---
      duration_ms: 0.346358
      type: 'test'
      ...
    1..5
ok 627 - custody ledger: extraction
  ---
  duration_ms: 4.069266
  type: 'suite'
  ...
# Subtest: custody ledger: canUse (open-world)
    # Subtest: direct custody → ENTAILED at and after scene
    ok 1 - direct custody → ENTAILED at and after scene
      ---
      duration_ms: 0.515922
      type: 'test'
      ...
    # Subtest: transferred custody → ENTAILED for new holder
    ok 2 - transferred custody → ENTAILED for new holder
      ---
      duration_ms: 0.318879
      type: 'test'
      ...
    # Subtest: no custody transaction → UNKNOWN (not a negative)
    ok 3 - no custody transaction → UNKNOWN (not a negative)
      ---
      duration_ms: 0.368842
      type: 'test'
      ...
    # Subtest: before custody transaction → UNKNOWN
    ok 4 - before custody transaction → UNKNOWN
      ---
      duration_ms: 0.404079
      type: 'test'
      ...
    # Subtest: unarmed query against unscored ledger → UNKNOWN
    ok 5 - unarmed query against unscored ledger → UNKNOWN
      ---
      duration_ms: 2.664514
      type: 'test'
      ...
    # Subtest: is deterministic
    ok 6 - is deterministic
      ---
      duration_ms: 0.182339
      type: 'test'
      ...
    1..6
ok 628 - custody ledger: canUse (open-world)
  ---
  duration_ms: 5.085095
  type: 'suite'
  ...
# Subtest: deepReadRecords
    # Subtest: merges valid annotations: overrides the six signal fields, leaves every protected field untouched
    ok 1 - merges valid annotations: overrides the six signal fields, leaves every protected field untouched
      ---
      duration_ms: 8.168337
      type: 'test'
      ...
    # Subtest: an individually-invalid scene annotation falls back to lexicon signals; the rest of the batch still merges
    ok 2 - an individually-invalid scene annotation falls back to lexicon signals; the rest of the batch still merges
      ---
      duration_ms: 2.869643
      type: 'test'
      ...
    # Subtest: rejects an out-of-range int (simulated prompt-injection probe) and falls back for that scene only
    ok 3 - rejects an out-of-range int (simulated prompt-injection probe) and falls back for that scene only
      ---
      duration_ms: 2.363165
      type: 'test'
      ...
    # Subtest: keyless / provider-throwing degrades to unchanged records without ever throwing
    ok 4 - keyless / provider-throwing degrades to unchanged records without ever throwing
      ---
      duration_ms: 1.936975
      type: 'test'
      ...
    # Subtest: the scene-level cache serves a second identical call without re-invoking the provider
    ok 5 - the scene-level cache serves a second identical call without re-invoking the provider
      ---
      duration_ms: 1.793301
      type: 'test'
      ...
    1..5
ok 629 - deepReadRecords
  ---
  duration_ms: 18.834133
  type: 'suite'
  ...
# Subtest: runScriptDoctor — deep-read integration
    # Subtest: deep report carries deepRead and reflects merged signals; quick report is unaffected and carries no deepRead field
    ok 1 - deep report carries deepRead and reflects merged signals; quick report is unaffected and carries no deepRead field
      ---
      duration_ms: 244.152427
      type: 'test'
      ...
    # Subtest: deep and quick lineages never cross-contaminate the doctor cache
    ok 2 - deep and quick lineages never cross-contaminate the doctor cache
      ---
      duration_ms: 126.737861
      type: 'test'
      ...
    1..2
ok 630 - runScriptDoctor — deep-read integration
  ---
  duration_ms: 371.515081
  type: 'suite'
  ...
# Subtest: G0-10 — frozen demo corpus matches the live sample
    # Subtest: manifest names the frozen file and a version
    ok 1 - manifest names the frozen file and a version
      ---
      duration_ms: 1.039525
      type: 'test'
      ...
    # Subtest: frozen file bytes match the manifest sha256
    ok 2 - frozen file bytes match the manifest sha256
      ---
      duration_ms: 0.952216
      type: 'test'
      ...
    # Subtest: LIVE sample (src/lib/sample-script.ts) is byte-identical to the frozen corpus
    ok 3 - LIVE sample (src/lib/sample-script.ts) is byte-identical to the frozen corpus
      ---
      duration_ms: 0.334982
      type: 'test'
      ...
    1..3
ok 631 - G0-10 — frozen demo corpus matches the live sample
  ---
  duration_ms: 4.181476
  type: 'suite'
  ...
# {"time":"2026-08-05T02:28:26.307Z","level":"warn","msg":"revision_rewrite_failed","passName":"rhythm","message":"Gemini provider not available (GEMINI_API_KEY not set)"}
# {"time":"2026-08-05T02:28:26.314Z","level":"warn","msg":"revision_rewrite_failed","passName":"rhythm","message":"Gemini provider not available (GEMINI_API_KEY not set)"}
# {"time":"2026-08-05T02:28:26.335Z","level":"warn","msg":"revision_rewrite_failed","passName":"rhythm","message":"Gemini provider not available (GEMINI_API_KEY not set)"}
# {"time":"2026-08-05T02:28:26.339Z","level":"warn","msg":"revision_rewrite_failed","passName":"rhythm","message":"Gemini provider not available (GEMINI_API_KEY not set)"}
# {"time":"2026-08-05T02:28:26.341Z","level":"warn","msg":"revision_rewrite_failed","passName":"rhythm","message":"Gemini provider not available (GEMINI_API_KEY not set)"}
# {"time":"2026-08-05T02:28:26.343Z","level":"warn","msg":"revision_rewrite_failed","passName":"rhythm","message":"Gemini provider not available (GEMINI_API_KEY not set)"}
# {"time":"2026-08-05T02:28:26.345Z","level":"warn","msg":"revision_rewrite_failed","passName":"rhythm","message":"Gemini provider not available (GEMINI_API_KEY not set)"}
# {"time":"2026-08-05T02:28:26.347Z","level":"warn","msg":"revision_rewrite_failed","passName":"rhythm","message":"Gemini provider not available (GEMINI_API_KEY not set)"}
# {"time":"2026-08-05T02:28:26.377Z","level":"warn","msg":"revision_rewrite_failed","passName":"dialogue","message":"Gemini provider not available (GEMINI_API_KEY not set)"}
# {"time":"2026-08-05T02:28:26.423Z","level":"warn","msg":"revision_rewrite_failed","passName":"originality","message":"Gemini provider not available (GEMINI_API_KEY not set)"}
# {"time":"2026-08-05T02:28:26.428Z","level":"warn","msg":"revision_rewrite_failed","passName":"originality","message":"Gemini provider not available (GEMINI_API_KEY not set)"}
# Subtest: G1 ACTION_CONSECUTIVE_LONG_RUN — bar re-anchored to the measured corpus
    # Subtest: does NOT fire on a run of ordinary-length action lines (9-14 words each)
    ok 1 - does NOT fire on a run of ordinary-length action lines (9-14 words each)
      ---
      duration_ms: 519.059721
      type: 'test'
      ...
    # Subtest: STILL fires on a genuine wall of text (5+ consecutive lines of 15+ words)
    ok 2 - STILL fires on a genuine wall of text (5+ consecutive lines of 15+ words)
      ---
      duration_ms: 11.111721
      type: 'test'
      ...
    1..2
ok 632 - G1 ACTION_CONSECUTIVE_LONG_RUN — bar re-anchored to the measured corpus
  ---
  duration_ms: 531.662918
  type: 'suite'
  ...
# Subtest: G2 LONG_LINE_FLOOD — "long" re-anchored to the corpus median action line
    # Subtest: does NOT fire on prose clustered in the corpus's own 12-19 word band
    ok 1 - does NOT fire on prose clustered in the corpus's own 12-19 word band
      ---
      duration_ms: 14.422255
      type: 'test'
      ...
    # Subtest: STILL fires when a majority of action lines exceed the corpus median (20+ words)
    ok 2 - STILL fires when a majority of action lines exceed the corpus median (20+ words)
      ---
      duration_ms: 3.085715
      type: 'test'
      ...
    1..2
ok 633 - G2 LONG_LINE_FLOOD — "long" re-anchored to the corpus median action line
  ---
  duration_ms: 17.833366
  type: 'suite'
  ...
# Subtest: G3 ACTION_LONG_BEAT_UNCAUSED — a placement finding needs the register to exist
    # Subtest: does NOT fire when the script has no short-line register at all (absence is reported elsewhere)
    ok 1 - does NOT fire when the script has no short-line register at all (absence is reported elsewhere)
      ---
      duration_ms: 1.823563
      type: 'test'
      ...
    # Subtest: STILL fires on the genuine placement failure (short lines exist, never before a long one)
    ok 2 - STILL fires on the genuine placement failure (short lines exist, never before a long one)
      ---
      duration_ms: 2.043828
      type: 'test'
      ...
    1..2
ok 634 - G3 ACTION_LONG_BEAT_UNCAUSED — a placement finding needs the register to exist
  ---
  duration_ms: 4.354365
  type: 'suite'
  ...
# Subtest: G4 ACTION_LONG_RECOVERY_ABSENT — the recovery register must exist to be mis-placed
    # Subtest: does NOT fire when no recovery-length line exists anywhere in the script
    ok 1 - does NOT fire when no recovery-length line exists anywhere in the script
      ---
      duration_ms: 1.521655
      type: 'test'
      ...
    # Subtest: STILL fires when recovery beats exist but never follow a density peak
    ok 2 - STILL fires when recovery beats exist but never follow a density peak
      ---
      duration_ms: 1.306551
      type: 'test'
      ...
    1..2
ok 635 - G4 ACTION_LONG_RECOVERY_ABSENT — the recovery register must exist to be mis-placed
  ---
  duration_ms: 3.349243
  type: 'suite'
  ...
# Subtest: G5 TALKING_HEADS — a run must carry real talk, not just many cues
    # Subtest: does NOT fire on a terse 5-exchange volley bracketed by staged physical action
    ok 1 - does NOT fire on a terse 5-exchange volley bracketed by staged physical action
      ---
      duration_ms: 27.778899
      type: 'test'
      ...
    # Subtest: STILL fires on a genuinely disembodied run (5+ exchanges carrying 80+ words)
    ok 2 - STILL fires on a genuinely disembodied run (5+ exchanges carrying 80+ words)
      ---
      duration_ms: 2.508882
      type: 'test'
      ...
    1..2
ok 636 - G5 TALKING_HEADS — a run must carry real talk, not just many cues
  ---
  duration_ms: 30.573662
  type: 'suite'
  ...
# Subtest: G6 DIALOGUE_MONOLOGUE_DROUGHT — only diagnose a script whose drama is carried by speech
    # Subtest: does NOT fire on an action-driven script with deliberately clipped dialogue
    ok 1 - does NOT fire on an action-driven script with deliberately clipped dialogue
      ---
      duration_ms: 45.284987
      type: 'test'
      ...
    # Subtest: STILL fires on a dialogue-driven script with a uniformly telegraphic register
    ok 2 - STILL fires on a dialogue-driven script with a uniformly telegraphic register
      ---
      duration_ms: 4.983579
      type: 'test'
      ...
    1..2
ok 637 - G6 DIALOGUE_MONOLOGUE_DROUGHT — only diagnose a script whose drama is carried by speech
  ---
  duration_ms: 50.486944
  type: 'suite'
  ...
# {"time":"2026-08-05T02:28:26.433Z","level":"error","msg":"agent_ai_error","agent":"Nora","method":"takeTurn","error_type":"upstream","message":"Gemini provider not available (GEMINI_API_KEY not set)"}
# {"time":"2026-08-05T02:28:26.441Z","level":"error","msg":"agent_ai_error","agent":"Nora","method":"takeTurn","error_type":"upstream","message":"Gemini provider not available (GEMINI_API_KEY not set)"}
# {"time":"2026-08-05T02:28:26.443Z","level":"error","msg":"agent_ai_error","agent":"Bob","method":"takeTurn","error_type":"upstream","message":"Gemini provider not available (GEMINI_API_KEY not set)"}
# {"time":"2026-08-05T02:28:26.446Z","level":"error","msg":"agent_ai_error","agent":"Nora","method":"updateEpistemics","error_type":"upstream","message":"Gemini provider not available (GEMINI_API_KEY not set)"}
# Subtest: agent/deterministic — composeDeterministicAction
    # Subtest: goal-voiced default: no defense/deception/flight trigger — SPEAKs the live ready goal
    ok 1 - goal-voiced default: no defense/deception/flight trigger — SPEAKs the live ready goal
      ---
      duration_ms: 12.794082
      type: 'test'
      ...
    # Subtest: defense coloring: an active denial defense colors the line instead of plain goal-voicing (fire)
    ok 2 - defense coloring: an active denial defense colors the line instead of plain goal-voicing (fire)
      ---
      duration_ms: 5.413272
      type: 'test'
      ...
    # Subtest: defense coloring (no-fire): low-intensity emotion means selectActiveDefense stays inactive, so the plain goal line is used
    ok 3 - defense coloring (no-fire): low-intensity emotion means selectActiveDefense stays inactive, so the plain goal line is used
      ---
      duration_ms: 4.596527
      type: 'test'
      ...
    # Subtest: flight (fire): avoidant + suspicion>40 + a real exit — RELOCATEs to the adjacent location
    ok 4 - flight (fire): avoidant + suspicion>40 + a real exit — RELOCATEs to the adjacent location
      ---
      duration_ms: 4.401889
      type: 'test'
      ...
    # Subtest: flight (no-fire): identical suspicion/exit but secure attachment — stays and SPEAKs
    ok 5 - flight (no-fire): identical suspicion/exit but secure attachment — stays and SPEAKs
      ---
      duration_ms: 4.523265
      type: 'test'
      ...
    # Subtest: deception (fire): high machiavellianism with a live addressee — LIEs rather than SPEAKs plainly
    ok 6 - deception (fire): high machiavellianism with a live addressee — LIEs rather than SPEAKs plainly
      ---
      duration_ms: 4.372528
      type: 'test'
      ...
    # Subtest: deception (no-fire): low machiavellianism/psychopathy — never LIEs
    ok 7 - deception (no-fire): low machiavellianism/psychopathy — never LIEs
      ---
      duration_ms: 4.417018
      type: 'test'
      ...
    # Subtest: determinism: calling twice on identical state yields byte-identical actions
    ok 8 - determinism: calling twice on identical state yields byte-identical actions
      ---
      duration_ms: 6.046738
      type: 'test'
      ...
    1..8
ok 638 - agent/deterministic — composeDeterministicAction
  ---
  duration_ms: 48.68381
  type: 'suite'
  ...
# Subtest: agent/deterministic — cascade + trinity arbitration of the keyless composer
    # Subtest: freeze (fire): a frozen character no longer selects the bold deceptive/confrontational action
    ok 1 - freeze (fire): a frozen character no longer selects the bold deceptive/confrontational action
      ---
      duration_ms: 5.87175
      type: 'test'
      ...
    # Subtest: freeze (no-fire): the same deceptive character WITHOUT the sudden threat still selects LIE
    ok 2 - freeze (no-fire): the same deceptive character WITHOUT the sudden threat still selects LIE
      ---
      duration_ms: 4.530598
      type: 'test'
      ...
    # Subtest: fawn (fire): social threat from a dominant party skews the composed line to appeasement/submission
    ok 3 - fawn (fire): social threat from a dominant party skews the composed line to appeasement/submission
      ---
      duration_ms: 4.660269
      type: 'test'
      ...
    # Subtest: fawn (no-fire): the same character at baseline gets the plain goal line with no appeasing prefix
    ok 4 - fawn (no-fire): the same character at baseline gets the plain goal line with no appeasing prefix
      ---
      duration_ms: 4.163762
      type: 'test'
      ...
    # Subtest: flight via cascade (fire): an id-dominated character under survival threat FLEEs (X1: the cascade's own signature evasive action, not the legacy personality RELOCATE)
    ok 5 - flight via cascade (fire): an id-dominated character under survival threat FLEEs (X1: the cascade's own signature evasive action, not the legacy personality RELOCATE)
      ---
      duration_ms: 4.31203
      type: 'test'
      ...
    # Subtest: flight via cascade (no-fire): same character with no exit cannot flee — and no exit means no FLEE (or RELOCATE) at all
    ok 6 - flight via cascade (no-fire): same character with no exit cannot flee — and no exit means no FLEE (or RELOCATE) at all
      ---
      duration_ms: 4.013317
      type: 'test'
      ...
    # Subtest: FLEE (no-fire, personality trigger still wins): avoidant + suspicion>40 + exit produces the LEGACY personality RELOCATE, not FLEE, even with no cascade active
    ok 7 - FLEE (no-fire, personality trigger still wins): avoidant + suspicion>40 + exit produces the LEGACY personality RELOCATE, not FLEE, even with no cascade active
      ---
      duration_ms: 4.181204
      type: 'test'
      ...
    # Subtest: determinism: identical cascade-active state (freeze fixture) yields byte-identical actions twice
    ok 8 - determinism: identical cascade-active state (freeze fixture) yields byte-identical actions twice
      ---
      duration_ms: 4.684541
      type: 'test'
      ...
    1..8
ok 639 - agent/deterministic — cascade + trinity arbitration of the keyless composer
  ---
  duration_ms: 37.294657
  type: 'suite'
  ...
# Subtest: agent/deterministic — baseline output is byte-identical to the pre-cascade composer
    # Subtest: calm default fixture: exact legacy SPEAK action, byte for byte
    ok 1 - calm default fixture: exact legacy SPEAK action, byte for byte
      ---
      duration_ms: 4.100769
      type: 'test'
      ...
    # Subtest: calm denial-defense fixture: exact legacy defense-colored SPEAK (shame carries no fear/distress, so cascade stays at arousal)
    ok 2 - calm denial-defense fixture: exact legacy defense-colored SPEAK (shame carries no fear/distress, so cascade stays at arousal)
      ---
      duration_ms: 4.07239
      type: 'test'
      ...
    # Subtest: calm avoidant-flight fixture: exact legacy RELOCATE with the same seeded exit pick
    ok 3 - calm avoidant-flight fixture: exact legacy RELOCATE with the same seeded exit pick
      ---
      duration_ms: 3.971518
      type: 'test'
      ...
    # Subtest: calm deceptive fixture: exact legacy LIE action, byte for byte
    ok 4 - calm deceptive fixture: exact legacy LIE action, byte for byte
      ---
      duration_ms: 4.024051
      type: 'test'
      ...
    1..4
ok 640 - agent/deterministic — baseline output is byte-identical to the pre-cascade composer
  ---
  duration_ms: 16.473565
  type: 'suite'
  ...
# Subtest: agent/deterministic — buildDeterministicEpistemics
    # Subtest: witnessed (RELOCATE) beliefs carry a strictly higher confidence than told (SPEAK/LIE) beliefs
    ok 1 - witnessed (RELOCATE) beliefs carry a strictly higher confidence than told (SPEAK/LIE) beliefs
      ---
      duration_ms: 0.972491
      type: 'test'
      ...
    # Subtest: own actions never become new beliefs (only others are "witnessed")
    ok 2 - own actions never become new beliefs (only others are "witnessed")
      ---
      duration_ms: 0.194963
      type: 'test'
      ...
    # Subtest: suspicion (fire): accusatory content directed at me + my own defensive line raise suspicion, but the total is bounded
    ok 3 - suspicion (fire): accusatory content directed at me + my own defensive line raise suspicion, but the total is bounded
      ---
      duration_ms: 0.234801
      type: 'test'
      ...
    # Subtest: suspicion (no-fire): neutral content leaves suspicion completely unchanged
    ok 4 - suspicion (no-fire): neutral content leaves suspicion completely unchanged
      ---
      duration_ms: 0.154853
      type: 'test'
      ...
    # Subtest: ToM valence direction (fire): warm tone raises trust above the prior baseline
    ok 5 - ToM valence direction (fire): warm tone raises trust above the prior baseline
      ---
      duration_ms: 0.365453
      type: 'test'
      ...
    # Subtest: ToM valence direction (fire, opposite sign): hostile tone lowers trust below the prior baseline
    ok 6 - ToM valence direction (fire, opposite sign): hostile tone lowers trust below the prior baseline
      ---
      duration_ms: 0.332328
      type: 'test'
      ...
    # Subtest: ToM valence (no-fire): neutral content produces no ToM update at all
    ok 7 - ToM valence (no-fire): neutral content produces no ToM update at all
      ---
      duration_ms: 0.181063
      type: 'test'
      ...
    # Subtest: contradiction_detected is always false (documented scope limit — no false-positive dramatic pressure)
    ok 8 - contradiction_detected is always false (documented scope limit — no false-positive dramatic pressure)
      ---
      duration_ms: 0.17017
      type: 'test'
      ...
    1..8
ok 641 - agent/deterministic — buildDeterministicEpistemics
  ---
  duration_ms: 3.128953
  type: 'suite'
  ...
# Subtest: Agent — deterministic flag flows through keyless takeTurn/updateEpistemics
    # Subtest: takeTurn() sets action.deterministic=true when no LLM provider is available
    ok 1 - takeTurn() sets action.deterministic=true when no LLM provider is available
      ---
      duration_ms: 12.043494
      type: 'test'
      ...
    # Subtest: updateEpistemics() sets deterministic=true and actually writes new beliefs to Stage keylessly
    ok 2 - updateEpistemics() sets deterministic=true and actually writes new beliefs to Stage keylessly
      ---
      duration_ms: 13.840586
      type: 'test'
      ...
    1..2
ok 642 - Agent — deterministic flag flows through keyless takeTurn/updateEpistemics
  ---
  duration_ms: 26.146844
  type: 'suite'
  ...
# Subtest: analyzeDialogueInfoRatio — dialogue exposition detection
    # Subtest: flags a pure info-dump line as exposition-risk (high ratio)
    ok 1 - flags a pure info-dump line as exposition-risk (high ratio)
      ---
      duration_ms: 2.18847
      type: 'test'
      ...
    # Subtest: marks natural dialogue as lower-ratio (not exposition-risk)
    ok 2 - marks natural dialogue as lower-ratio (not exposition-risk)
      ---
      duration_ms: 0.479336
      type: 'test'
      ...
    # Subtest: abstains on input below minimum turn threshold
    ok 3 - abstains on input below minimum turn threshold
      ---
      duration_ms: 0.224783
      type: 'test'
      ...
    # Subtest: abstains on scene with no dialogue
    ok 4 - abstains on scene with no dialogue
      ---
      duration_ms: 0.450507
      type: 'test'
      ...
    # Subtest: identifies exposition-heavy scenes when majority of turns are exposition-risk
    ok 5 - identifies exposition-heavy scenes when majority of turns are exposition-risk
      ---
      duration_ms: 0.298453
      type: 'test'
      ...
    # Subtest: computes meanRatio across all turns
    ok 6 - computes meanRatio across all turns
      ---
      duration_ms: 0.276379
      type: 'test'
      ...
    # Subtest: attributes turns to correct scene index (multi-scene input)
    ok 7 - attributes turns to correct scene index (multi-scene input)
      ---
      duration_ms: 0.327785
      type: 'test'
      ...
    # Subtest: is deterministic across multiple runs
    ok 8 - is deterministic across multiple runs
      ---
      duration_ms: 3.321543
      type: 'test'
      ...
    # Subtest: applies genre-tuned threshold correctly
    ok 9 - applies genre-tuned threshold correctly
      ---
      duration_ms: 0.592338
      type: 'test'
      ...
    # Subtest: handles mixed all-caps and lowercase dialogue cues
    ok 10 - handles mixed all-caps and lowercase dialogue cues
      ---
      duration_ms: 0.578295
      type: 'test'
      ...
    # Subtest: correctly filters stopwords from content
    ok 11 - correctly filters stopwords from content
      ---
      duration_ms: 0.214127
      type: 'test'
      ...
    # Subtest: accumulates seen words across turns correctly
    ok 12 - accumulates seen words across turns correctly
      ---
      duration_ms: 0.154739
      type: 'test'
      ...
    1..12
ok 643 - analyzeDialogueInfoRatio — dialogue exposition detection
  ---
  duration_ms: 11.194105
  type: 'suite'
  ...
# Subtest: diffLines — identity
    # Subtest: marks every line "same" with matching line numbers when before === after
    ok 1 - marks every line "same" with matching line numbers when before === after
      ---
      duration_ms: 1.299539
      type: 'test'
      ...
    1..1
ok 644 - diffLines — identity
  ---
  duration_ms: 2.58639
  type: 'suite'
  ...
# Subtest: diffLines — pure insertion
    # Subtest: inserts one line in the middle without disturbing surrounding same lines
    ok 1 - inserts one line in the middle without disturbing surrounding same lines
      ---
      duration_ms: 1.111115
      type: 'test'
      ...
    1..1
ok 645 - diffLines — pure insertion
  ---
  duration_ms: 1.516201
  type: 'suite'
  ...
# Subtest: diffLines — pure deletion
    # Subtest: removes one line from the middle without disturbing surrounding same lines
    ok 1 - removes one line from the middle without disturbing surrounding same lines
      ---
      duration_ms: 0.419132
      type: 'test'
      ...
    1..1
ok 646 - diffLines — pure deletion
  ---
  duration_ms: 0.594839
  type: 'suite'
  ...
# Subtest: diffLines — replacement
    # Subtest: turns a single changed line into a removed+added pair, not a spurious same
    ok 1 - turns a single changed line into a removed+added pair, not a spurious same
      ---
      duration_ms: 0.39166
      type: 'test'
      ...
    1..1
ok 647 - diffLines — replacement
  ---
  duration_ms: 0.61175
  type: 'suite'
  ...
# Subtest: diffLines — interleaved changes
    # Subtest: tracks correct independent line numbers on both sides across multiple separated changes
    ok 1 - tracks correct independent line numbers on both sides across multiple separated changes
      ---
      duration_ms: 0.543074
      type: 'test'
      ...
    1..1
ok 648 - diffLines — interleaved changes
  ---
  duration_ms: 0.913726
  type: 'suite'
  ...
# Subtest: diffLines — empty inputs
    # Subtest: treats an empty original as a pure insertion of every line in `after`
    ok 1 - treats an empty original as a pure insertion of every line in `after`
      ---
      duration_ms: 0.47345
      type: 'test'
      ...
    # Subtest: treats an empty result as a pure deletion of every line in `before`
    ok 2 - treats an empty result as a pure deletion of every line in `before`
      ---
      duration_ms: 0.231314
      type: 'test'
      ...
    # Subtest: produces zero rows — not a phantom blank line — when both sides are empty
    ok 3 - produces zero rows — not a phantom blank line — when both sides are empty
      ---
      duration_ms: 0.135002
      type: 'test'
      ...
    1..3
ok 649 - diffLines — empty inputs
  ---
  duration_ms: 1.22993
  type: 'suite'
  ...
# Subtest: diffLines — >cap fallback (pathologically large changed middle)
    # Subtest: still produces a fully reconstructible patch when the changed middle exceeds the DP cap
    ok 1 - still produces a fully reconstructible patch when the changed middle exceeds the DP cap
      ---
      duration_ms: 10.845795
      type: 'test'
      ...
    # Subtest: still finds the shared prefix/suffix surrounding an oversized middle
    ok 2 - still finds the shared prefix/suffix surrounding an oversized middle
      ---
      duration_ms: 9.064446
      type: 'test'
      ...
    1..2
ok 650 - diffLines — >cap fallback (pathologically large changed middle)
  ---
  duration_ms: 20.134637
  type: 'suite'
  ...
# Subtest: discrimination-pairs.ts corpus shape
    # Subtest: has exactly 6 pairs
    ok 1 - has exactly 6 pairs
      ---
      duration_ms: 1.17051
      type: 'test'
      ...
    # Subtest: [subtext-vs-on-the-nose] both halves are 6-10 scenes and 400-800 words, length-matched within ~20%
    ok 2 - [subtext-vs-on-the-nose] both halves are 6-10 scenes and 400-800 words, length-matched within ~20%
      ---
      duration_ms: 0.859974
      type: 'test'
      ...
    # Subtest: [active-vs-passive-protagonist] both halves are 6-10 scenes and 400-800 words, length-matched within ~20%
    ok 3 - [active-vs-passive-protagonist] both halves are 6-10 scenes and 400-800 words, length-matched within ~20%
      ---
      duration_ms: 0.452763
      type: 'test'
      ...
    # Subtest: [escalation-vs-flat-repetition] both halves are 6-10 scenes and 400-800 words, length-matched within ~20%
    ok 4 - [escalation-vs-flat-repetition] both halves are 6-10 scenes and 400-800 words, length-matched within ~20%
      ---
      duration_ms: 0.449254
      type: 'test'
      ...
    # Subtest: [setup-payoff-vs-orphaned-setups] both halves are 6-10 scenes and 400-800 words, length-matched within ~20%
    ok 5 - [setup-payoff-vs-orphaned-setups] both halves are 6-10 scenes and 400-800 words, length-matched within ~20%
      ---
      duration_ms: 2.443699
      type: 'test'
      ...
    # Subtest: [dramatized-vs-told-exposition] both halves are 6-10 scenes and 400-800 words, length-matched within ~20%
    ok 6 - [dramatized-vs-told-exposition] both halves are 6-10 scenes and 400-800 words, length-matched within ~20%
      ---
      duration_ms: 0.492508
      type: 'test'
      ...
    # Subtest: [composite-reviewer-scenario] both halves are 6-10 scenes and 400-800 words, length-matched within ~20%
    ok 7 - [composite-reviewer-scenario] both halves are 6-10 scenes and 400-800 words, length-matched within ~20%
      ---
      duration_ms: 0.431358
      type: 'test'
      ...
    1..7
ok 651 - discrimination-pairs.ts corpus shape
  ---
  duration_ms: 7.812896
  type: 'suite'
  ...
# Subtest: discrimination harness — good craft must outscore bad craft
    # Subtest: [subtext-vs-on-the-nose] "Table Four (subtext)" scores higher health than "Table Four (on-the-nose)"
    ok 1 - [subtext-vs-on-the-nose] "Table Four (subtext)" scores higher health than "Table Four (on-the-nose)"
      ---
      duration_ms: 132.527895
      type: 'test'
      ...
    # Subtest: [active-vs-passive-protagonist] "The Reconciliation (active)" scores higher health than "The Reconciliation (passive)"
    ok 2 - [active-vs-passive-protagonist] "The Reconciliation (active)" scores higher health than "The Reconciliation (passive)"
      ---
      duration_ms: 47.977004
      type: 'test'
      ...
    # Subtest: [escalation-vs-flat-repetition] "Four Devices (escalation)" scores higher health than "Four Devices (flat)"
    ok 3 - [escalation-vs-flat-repetition] "Four Devices (escalation)" scores higher health than "Four Devices (flat)"
      ---
      duration_ms: 49.058293
      type: 'test'
      ...
    # Subtest: [setup-payoff-vs-orphaned-setups] "The Dead Elevator (paid off)" scores higher health than "The Dead Elevator (orphaned)"
    ok 4 - [setup-payoff-vs-orphaned-setups] "The Dead Elevator (paid off)" scores higher health than "The Dead Elevator (orphaned)"
      ---
      duration_ms: 46.164407
      type: 'test'
      ...
    # Subtest: [dramatized-vs-told-exposition] "The Shell (dramatized)" scores higher health than "The Shell (told)"
    ok 5 - [dramatized-vs-told-exposition] "The Shell (dramatized)" scores higher health than "The Shell (told)"
      ---
      duration_ms: 48.718443
      type: 'test'
      ...
    # Subtest: [composite-reviewer-scenario] "The Morrow Girl (composite strong)" scores higher health than "The Morrow Girl (composite weak)"
    ok 6 - [composite-reviewer-scenario] "The Morrow Girl (composite strong)" scores higher health than "The Morrow Girl (composite weak)"
      ---
      duration_ms: 39.29909
      type: 'test'
      ...
    1..6
ok 652 - discrimination harness — good craft must outscore bad craft
  ---
  duration_ms: 364.545637
  type: 'suite'
  ...
# Subtest: composite reviewer scenario — minimum-gap regression guard
    # Subtest: composite pair shows a health gap of at least 5 points, not just a bare ordering
    ok 1 - composite pair shows a health gap of at least 5 points, not just a bare ordering
      ---
      duration_ms: 0.400524
      type: 'test'
      ...
    1..1
ok 653 - composite reviewer scenario — minimum-gap regression guard
  ---
  duration_ms: 0.519473
  type: 'suite'
  ...
# Subtest: Docker build context
    # Subtest: models recursive globs, root directories, traversal, and ordered negation
    ok 1 - models recursive globs, root directories, traversal, and ordered negation
      ---
      duration_ms: 1.97328
      type: 'test'
      ...
    # Subtest: is deny by default while allowing every Dockerfile input
    ok 2 - is deny by default while allowing every Dockerfile input
      ---
      duration_ms: 21.196434
      type: 'test'
      ...
    # Subtest: detects late exceptions that re-expose confidential state
    ok 3 - detects late exceptions that re-expose confidential state
      ---
      duration_ms: 8.471115
      type: 'test'
      ...
    1..3
ok 654 - Docker build context
  ---
  duration_ms: 33.215566
  type: 'suite'
  ...
# Subtest: resolveDraftConflict
    # Subtest: prefers server when local is empty
    ok 1 - prefers server when local is empty
      ---
      duration_ms: 1.098379
      type: 'test'
      ...
    # Subtest: prefers local when server is empty
    ok 2 - prefers local when server is empty
      ---
      duration_ms: 0.266024
      type: 'test'
      ...
    # Subtest: prefers newer short local over older longer server
    ok 3 - prefers newer short local over older longer server
      ---
      duration_ms: 0.278077
      type: 'test'
      ...
    # Subtest: prefers newer server over older local
    ok 4 - prefers newer server over older local
      ---
      duration_ms: 0.20538
      type: 'test'
      ...
    # Subtest: uses length as tie-break when timestamps match
    ok 5 - uses length as tie-break when timestamps match
      ---
      duration_ms: 0.346559
      type: 'test'
      ...
    1..5
ok 655 - resolveDraftConflict
  ---
  duration_ms: 3.692932
  type: 'suite'
  ...
# Subtest: saveStatusLabel
    # Subtest: labels every persistence state honestly
    ok 1 - labels every persistence state honestly
      ---
      duration_ms: 0.218531
      type: 'test'
      ...
    1..1
ok 656 - saveStatusLabel
  ---
  duration_ms: 0.362359
  type: 'suite'
  ...
# Subtest: editor decoration line-mapping — invariant parseFountain relies on
    # Subtest: every block.text from parseFountain is exactly one line (no embedded \\n), across every block type
    ok 1 - every block.text from parseFountain is exactly one line (no embedded \\n), across every block type
      ---
      duration_ms: 2.226663
      type: 'test'
      ...
    # Subtest: holds across edge-case documents: empty, single line, trailing blank lines, CRLF source
    ok 2 - holds across edge-case documents: empty, single line, trailing blank lines, CRLF source
      ---
      duration_ms: 0.413757
      type: 'test'
      ...
    1..2
ok 657 - editor decoration line-mapping — invariant parseFountain relies on
  ---
  duration_ms: 4.16824
  type: 'suite'
  ...
# Subtest: editor decoration line-mapping — old loop vs new direct lookup produce identical results
    # Subtest: fountain-highlight.ts mapping: doc[0] identical old vs new
    ok 1 - fountain-highlight.ts mapping: doc[0] identical old vs new
      ---
      duration_ms: 1.885654
      type: 'test'
      ...
    # Subtest: screenplay-format.ts mapping: doc[0] identical old vs new
    ok 2 - screenplay-format.ts mapping: doc[0] identical old vs new
      ---
      duration_ms: 0.409545
      type: 'test'
      ...
    # Subtest: fountain-highlight.ts mapping: doc[1] identical old vs new
    ok 3 - fountain-highlight.ts mapping: doc[1] identical old vs new
      ---
      duration_ms: 0.165762
      type: 'test'
      ...
    # Subtest: screenplay-format.ts mapping: doc[1] identical old vs new
    ok 4 - screenplay-format.ts mapping: doc[1] identical old vs new
      ---
      duration_ms: 1.52438
      type: 'test'
      ...
    # Subtest: fountain-highlight.ts mapping: doc[2] identical old vs new
    ok 5 - fountain-highlight.ts mapping: doc[2] identical old vs new
      ---
      duration_ms: 0.305254
      type: 'test'
      ...
    # Subtest: screenplay-format.ts mapping: doc[2] identical old vs new
    ok 6 - screenplay-format.ts mapping: doc[2] identical old vs new
      ---
      duration_ms: 0.356492
      type: 'test'
      ...
    # Subtest: fountain-highlight.ts mapping: doc[3] identical old vs new
    ok 7 - fountain-highlight.ts mapping: doc[3] identical old vs new
      ---
      duration_ms: 0.456314
      type: 'test'
      ...
    # Subtest: screenplay-format.ts mapping: doc[3] identical old vs new
    ok 8 - screenplay-format.ts mapping: doc[3] identical old vs new
      ---
      duration_ms: 0.349978
      type: 'test'
      ...
    # Subtest: fountain-highlight.ts mapping: doc[4] identical old vs new
    ok 9 - fountain-highlight.ts mapping: doc[4] identical old vs new
      ---
      duration_ms: 0.139581
      type: 'test'
      ...
    # Subtest: screenplay-format.ts mapping: doc[4] identical old vs new
    ok 10 - screenplay-format.ts mapping: doc[4] identical old vs new
      ---
      duration_ms: 0.087868
      type: 'test'
      ...
    # Subtest: fountain-highlight.ts mapping: doc[5] identical old vs new
    ok 11 - fountain-highlight.ts mapping: doc[5] identical old vs new
      ---
      duration_ms: 0.105402
      type: 'test'
      ...
    # Subtest: screenplay-format.ts mapping: doc[5] identical old vs new
    ok 12 - screenplay-format.ts mapping: doc[5] identical old vs new
      ---
      duration_ms: 0.139328
      type: 'test'
      ...
    # Subtest: sanity: the equivalence check is non-vacuous — both algorithms emit decorations for the rich doc
    ok 13 - sanity: the equivalence check is non-vacuous — both algorithms emit decorations for the rich doc
      ---
      duration_ms: 0.238374
      type: 'test'
      ...
    1..13
ok 658 - editor decoration line-mapping — old loop vs new direct lookup produce identical results
  ---
  duration_ms: 7.175779
  type: 'suite'
  ...
# Subtest: emotional-arc: position-aware separation (the EA hypothesis, locked)
    # Subtest: a rising arc scores higher arcHealth than its act-swapped twin
    ok 1 - a rising arc scores higher arcHealth than its act-swapped twin
      ---
      duration_ms: 2.252969
      type: 'test'
      ...
    # Subtest: rising arc has a late tension peak and positive ramp correlation
    ok 2 - rising arc has a late tension peak and positive ramp correlation
      ---
      duration_ms: 0.461015
      type: 'test'
      ...
    1..2
ok 659 - emotional-arc: position-aware separation (the EA hypothesis, locked)
  ---
  duration_ms: 3.94018
  type: 'suite'
  ...
# Subtest: emotional-arc: honest degradation + determinism
    # Subtest: abstains (scored:false) below the minimum scene count
    ok 1 - abstains (scored:false) below the minimum scene count
      ---
      duration_ms: 0.44081
      type: 'test'
      ...
    # Subtest: is deterministic: identical input → identical arcHealth
    ok 2 - is deterministic: identical input → identical arcHealth
      ---
      duration_ms: 0.415584
      type: 'test'
      ...
    # Subtest: tension responds to affect: a violent scene out-tensions a calm one
    ok 3 - tension responds to affect: a violent scene out-tensions a calm one
      ---
      duration_ms: 0.386771
      type: 'test'
      ...
    # Subtest: uses the real lexicon (coverage > 0) and fits a Reagan archetype
    ok 4 - uses the real lexicon (coverage > 0) and fits a Reagan archetype
      ---
      duration_ms: 0.48058
      type: 'test'
      ...
    # Subtest: scenesFromFountain splits on INT./EXT.
    ok 5 - scenesFromFountain splits on INT./EXT.
      ---
      duration_ms: 0.474542
      type: 'test'
      ...
    1..5
ok 660 - emotional-arc: honest degradation + determinism
  ---
  duration_ms: 2.845876
  type: 'suite'
  ...
# Subtest: epistemic ledger: presence
    # Subtest: extracts present characters per scene
    ok 1 - extracts present characters per scene
      ---
      duration_ms: 0.899238
      type: 'test'
      ...
    # Subtest: abstains below 2 scenes
    ok 2 - abstains below 2 scenes
      ---
      duration_ms: 0.293927
      type: 'test'
      ...
    1..2
ok 661 - epistemic ledger: presence
  ---
  duration_ms: 2.571248
  type: 'suite'
  ...
# Subtest: epistemic ledger: canKnow (open-world)
    # Subtest: direct presence → ENTAILED
    ok 1 - direct presence → ENTAILED
      ---
      duration_ms: 0.339497
      type: 'test'
      ...
    # Subtest: communication path (co-present with informed) → ENTAILED after the meeting
    ok 2 - communication path (co-present with informed) → ENTAILED after the meeting
      ---
      duration_ms: 0.250215
      type: 'test'
      ...
    # Subtest: no path → UNKNOWN (absence is not a negative fact)
    ok 3 - no path → UNKNOWN (absence is not a negative fact)
      ---
      duration_ms: 0.288061
      type: 'test'
      ...
    # Subtest: is deterministic
    ok 4 - is deterministic
      ---
      duration_ms: 0.178732
      type: 'test'
      ...
    1..4
ok 662 - epistemic ledger: canKnow (open-world)
  ---
  duration_ms: 1.392764
  type: 'suite'
  ...
# Subtest: detectExcellence — excellence signal detection
    # Subtest: wantNeedOpposition
        # Subtest: fires on script with protagonist expressing want-vs-need tension
        ok 1 - fires on script with protagonist expressing want-vs-need tension
          ---
          duration_ms: 4.185229
          type: 'test'
          ...
        # Subtest: does NOT fire on script with only explicit want (no internal conflict)
        ok 2 - does NOT fire on script with only explicit want (no internal conflict)
          ---
          duration_ms: 0.729531
          type: 'test'
          ...
        # Subtest: does NOT fire on script with only fear/need (no explicit want)
        ok 3 - does NOT fire on script with only fear/need (no explicit want)
          ---
          duration_ms: 0.533261
          type: 'test'
          ...
        # Subtest: abstains on input below minimum size threshold
        ok 4 - abstains on input below minimum size threshold
          ---
          duration_ms: 0.254273
          type: 'test'
          ...
        1..4
    ok 1 - wantNeedOpposition
      ---
      duration_ms: 8.64002
      type: 'suite'
      ...
    # Subtest: antagonistDefensibility
        # Subtest: fires on script with defensible antagonist (reasoned position)
        ok 1 - fires on script with defensible antagonist (reasoned position)
          ---
          duration_ms: 0.598015
          type: 'test'
          ...
        # Subtest: does NOT fire on script with cardboard antagonist (pure evil)
        ok 2 - does NOT fire on script with cardboard antagonist (pure evil)
          ---
          duration_ms: 0.525086
          type: 'test'
          ...
        # Subtest: abstains on input below minimum size threshold
        ok 3 - abstains on input below minimum size threshold
          ---
          duration_ms: 0.179566
          type: 'test'
          ...
        1..3
    ok 2 - antagonistDefensibility
      ---
      duration_ms: 1.903147
      type: 'suite'
      ...
    # Subtest: overall behavior
        # Subtest: returns empty signals and scored=false on empty input
        ok 1 - returns empty signals and scored=false on empty input
          ---
          duration_ms: 0.276073
          type: 'test'
          ...
        # Subtest: returns empty signals on whitespace-only input
        ok 2 - returns empty signals on whitespace-only input
          ---
          duration_ms: 0.262075
          type: 'test'
          ...
        # Subtest: returns all signals in the array with ids
        ok 3 - returns all signals in the array with ids
          ---
          duration_ms: 0.595668
          type: 'test'
          ...
        # Subtest: is deterministic across multiple runs
        ok 4 - is deterministic across multiple runs
          ---
          duration_ms: 1.208353
          type: 'test'
          ...
        # Subtest: is deterministic for antagonist detection
        ok 5 - is deterministic for antagonist detection
          ---
          duration_ms: 0.531474
          type: 'test'
          ...
        # Subtest: is conservative on mediocre input (never-padded)
        ok 6 - is conservative on mediocre input (never-padded)
          ---
          duration_ms: 0.323473
          type: 'test'
          ...
        # Subtest: all signals have confidence in 0..1 range
        ok 7 - all signals have confidence in 0..1 range
          ---
          duration_ms: 0.270388
          type: 'test'
          ...
        # Subtest: presence=false implies confidence=0
        ok 8 - presence=false implies confidence=0
          ---
          duration_ms: 0.253172
          type: 'test'
          ...
        1..8
    ok 3 - overall behavior
      ---
      duration_ms: 4.383442
      type: 'suite'
      ...
    1..3
ok 663 - detectExcellence — excellence signal detection
  ---
  duration_ms: 15.936911
  type: 'suite'
  ...
# Subtest: fdxToFountain — round trip through the Fountain→FDX exporter
    # Subtest: recovers scene headings, character names, parentheticals, and dialogue lines
    ok 1 - recovers scene headings, character names, parentheticals, and dialogue lines
      ---
      duration_ms: 5.595674
      type: 'test'
      ...
    # Subtest: is deterministic: converting the same FDX twice yields identical output
    ok 2 - is deterministic: converting the same FDX twice yields identical output
      ---
      duration_ms: 3.05769
      type: 'test'
      ...
    1..2
ok 664 - fdxToFountain — round trip through the Fountain→FDX exporter
  ---
  duration_ms: 13.133555
  type: 'suite'
  ...
# Subtest: fdxToFountain — XML entity decoding
    # Subtest: decodes named entities (&lt; &gt; &quot; &apos;) and numeric entities (decimal and hex)
    ok 1 - decodes named entities (&lt; &gt; &quot; &apos;) and numeric entities (decimal and hex)
      ---
      duration_ms: 0.496085
      type: 'test'
      ...
    # Subtest: decodes &amp; LAST so a double-encoded sequence cannot re-introduce a live entity
    ok 2 - decodes &amp; LAST so a double-encoded sequence cannot re-introduce a live entity
      ---
      duration_ms: 0.182457
      type: 'test'
      ...
    1..2
ok 665 - fdxToFountain — XML entity decoding
  ---
  duration_ms: 0.884818
  type: 'suite'
  ...
# Subtest: fdxToFountain — multiple <Text> runs per paragraph
    # Subtest: concatenates sibling <Text> runs (Final Draft splits styled spans mid-paragraph)
    ok 1 - concatenates sibling <Text> runs (Final Draft splits styled spans mid-paragraph)
      ---
      duration_ms: 0.256699
      type: 'test'
      ...
    1..1
ok 666 - fdxToFountain — multiple <Text> runs per paragraph
  ---
  duration_ms: 0.521792
  type: 'suite'
  ...
# Subtest: fdxToFountain — unknown paragraph types
    # Subtest: treats an unrecognized paragraph Type as Action and warns once per distinct type
    ok 1 - treats an unrecognized paragraph Type as Action and warns once per distinct type
      ---
      duration_ms: 0.460461
      type: 'test'
      ...
    1..1
ok 667 - fdxToFountain — unknown paragraph types
  ---
  duration_ms: 0.887736
  type: 'suite'
  ...
# Subtest: fdxToFountain — invalid input
    # Subtest: throws a plain Error when there is no <Paragraph> content at all
    ok 1 - throws a plain Error when there is no <Paragraph> content at all
      ---
      duration_ms: 0.688435
      type: 'test'
      ...
    # Subtest: throws a plain Error for input that is not FDX/XML at all
    ok 2 - throws a plain Error for input that is not FDX/XML at all
      ---
      duration_ms: 0.211488
      type: 'test'
      ...
    1..2
ok 668 - fdxToFountain — invalid input
  ---
  duration_ms: 1.165742
  type: 'suite'
  ...
# Subtest: nvm/analyze/fix — fixAndVerify (core, mocked provider)
    # Subtest: a valid span rewrite clears DIALOGUE_QUESTION_FLOOD, reports a positive health delta, splices correctly, and both contentHashes are present and correct
    ok 1 - a valid span rewrite clears DIALOGUE_QUESTION_FLOOD, reports a positive health delta, splices correctly, and both contentHashes are present and correct
      ---
      duration_ms: 62.24655
      type: 'test'
      ...
    # Subtest: a mock rewrite that introduces a NEW issue (regression) surfaces it in `introduced`
    ok 2 - a mock rewrite that introduces a NEW issue (regression) surfaces it in `introduced`
      ---
      duration_ms: 31.124411
      type: 'test'
      ...
    # Subtest: guard: empty/whitespace model output is rejected with no candidate
    ok 3 - guard: empty/whitespace model output is rejected with no candidate
      ---
      duration_ms: 23.902497
      type: 'test'
      ...
    # Subtest: guard: a wildly oversized (~10x) reply is rejected as outside the length-ratio band
    ok 4 - guard: a wildly oversized (~10x) reply is rejected as outside the length-ratio band
      ---
      duration_ms: 13.426699
      type: 'test'
      ...
    # Subtest: guard: a reply that adds a slugline the original span did not have is rejected
    ok 5 - guard: a reply that adds a slugline the original span did not have is rejected
      ---
      duration_ms: 15.948548
      type: 'test'
      ...
    # Subtest: guard: a reply identical to the original span is rejected (nothing changed)
    ok 6 - guard: a reply identical to the original span is rejected (nothing changed)
      ---
      duration_ms: 13.72429
      type: 'test'
      ...
    # Subtest: keyless: no provider configured (default Gemini provider, no GEMINI_API_KEY) yields usedLLM:false and a note, nothing else
    ok 7 - keyless: no provider configured (default Gemini provider, no GEMINI_API_KEY) yields usedLLM:false and a note, nothing else
      ---
      duration_ms: 20.49236
      type: 'test'
      ...
    # Subtest: refuses to send a rewrite request when the baseline analysis is incomplete
    ok 8 - refuses to send a rewrite request when the baseline analysis is incomplete
      ---
      duration_ms: 13.948254
      type: 'test'
      ...
    # Subtest: withholds an AI candidate and every verification claim when candidate analysis is incomplete
    ok 9 - withholds an AI candidate and every verification claim when candidate analysis is incomplete
      ---
      duration_ms: 13.670284
      type: 'test'
      ...
    # Subtest: span clamping: out-of-range and reversed line numbers never throw
    ok 10 - span clamping: out-of-range and reversed line numbers never throw
      ---
      duration_ms: 47.056601
      type: 'test'
      ...
    1..10
ok 669 - nvm/analyze/fix — fixAndVerify (core, mocked provider)
  ---
  duration_ms: 257.788055
  type: 'suite'
  ...
# Subtest: nvm/analyze/fix — evaluateSpanRewrite (pure guard unit tests)
    # Subtest: fire: rejects empty output
    ok 1 - fire: rejects empty output
      ---
      duration_ms: 0.369111
      type: 'test'
      ...
    # Subtest: no-fire: accepts a reasonable, changed, same-slugline-count replacement
    ok 2 - no-fire: accepts a reasonable, changed, same-slugline-count replacement
      ---
      duration_ms: 0.151683
      type: 'test'
      ...
    # Subtest: fire: rejects a reply below the minimum length ratio
    ok 3 - fire: rejects a reply below the minimum length ratio
      ---
      duration_ms: 0.132986
      type: 'test'
      ...
    # Subtest: no-fire: accepts a reply within the length-ratio band
    ok 4 - no-fire: accepts a reply within the length-ratio band
      ---
      duration_ms: 0.12085
      type: 'test'
      ...
    # Subtest: fire: rejects a reply that adds a slugline not present in the original
    ok 5 - fire: rejects a reply that adds a slugline not present in the original
      ---
      duration_ms: 0.24403
      type: 'test'
      ...
    # Subtest: no-fire: accepts when slugline counts match (both zero)
    ok 6 - no-fire: accepts when slugline counts match (both zero)
      ---
      duration_ms: 0.136736
      type: 'test'
      ...
    # Subtest: fire: rejects output identical to the trimmed input
    ok 7 - fire: rejects output identical to the trimmed input
      ---
      duration_ms: 0.123414
      type: 'test'
      ...
    # Subtest: no-fire: accepts output that differs from the trimmed input
    ok 8 - no-fire: accepts output that differs from the trimmed input
      ---
      duration_ms: 0.126407
      type: 'test'
      ...
    1..8
ok 670 - nvm/analyze/fix — evaluateSpanRewrite (pure guard unit tests)
  ---
  duration_ms: 1.755423
  type: 'suite'
  ...
# Subtest: computeFleissKappa
    # Subtest: matches a hand-derived exact fraction (4 items, 3 raters, 2 categories)
    ok 1 - matches a hand-derived exact fraction (4 items, 3 raters, 2 categories)
      ---
      duration_ms: 1.646159
      type: 'test'
      ...
    # Subtest: reproduces the published kappa from Fleiss (1971) Table 1
    ok 2 - reproduces the published kappa from Fleiss (1971) Table 1
      ---
      duration_ms: 0.484238
      type: 'test'
      ...
    # Subtest: is falsifiable: perturbing one cell of the Fleiss table changes kappa
    ok 3 - is falsifiable: perturbing one cell of the Fleiss table changes kappa
      ---
      duration_ms: 0.388235
      type: 'test'
      ...
    # Subtest: returns kappa = 1 for perfect agreement across items and categories
    ok 4 - returns kappa = 1 for perfect agreement across items and categories
      ---
      duration_ms: 0.19267
      type: 'test'
      ...
    # Subtest: reports kappa = 1 (not NaN) when every rating lands in a single category with zero diversity
    ok 5 - reports kappa = 1 (not NaN) when every rating lands in a single category with zero diversity
      ---
      duration_ms: 0.376793
      type: 'test'
      ...
    # Subtest: rejects a table where rows do not share the same rater count
    ok 6 - rejects a table where rows do not share the same rater count
      ---
      duration_ms: 0.56944
      type: 'test'
      ...
    # Subtest: rejects fewer than 2 categories and fewer than 2 raters
    ok 7 - rejects fewer than 2 categories and fewer than 2 raters
      ---
      duration_ms: 0.289827
      type: 'test'
      ...
    # Subtest: rejects an empty table
    ok 8 - rejects an empty table
      ---
      duration_ms: 0.287721
      type: 'test'
      ...
    1..8
ok 671 - computeFleissKappa
  ---
  duration_ms: 6.171421
  type: 'suite'
  ...
# Subtest: interpretKappa
    # Subtest: follows the Landis & Koch (1977) bands cited in ADR-002
    ok 1 - follows the Landis & Koch (1977) bands cited in ADR-002
      ---
      duration_ms: 0.35297
      type: 'test'
      ...
    1..1
ok 672 - interpretKappa
  ---
  duration_ms: 0.884091
  type: 'suite'
  ...
# Subtest: analyzeFountainText — scene segmentation
    # Subtest: splits on 3 sluglines into 3 records with the correct slugs
    ok 1 - splits on 3 sluglines into 3 records with the correct slugs
      ---
      duration_ms: 26.91537
      type: 'test'
      ...
    # Subtest: treats a headingless text as a single implicit scene
    ok 2 - treats a headingless text as a single implicit scene
      ---
      duration_ms: 0.786981
      type: 'test'
      ...
    # Subtest: returns zero records/sceneCount for empty input
    ok 3 - returns zero records/sceneCount for empty input
      ---
      duration_ms: 0.327584
      type: 'test'
      ...
    # Subtest: returns zero records/sceneCount for whitespace-only input
    ok 4 - returns zero records/sceneCount for whitespace-only input
      ---
      duration_ms: 0.295866
      type: 'test'
      ...
    1..4
ok 673 - analyzeFountainText — scene segmentation
  ---
  duration_ms: 29.745224
  type: 'suite'
  ...
# Subtest: analyzeFountainText — determinism
    # Subtest: produces identical output across two calls on the same string
    ok 1 - produces identical output across two calls on the same string
      ---
      duration_ms: 2.747208
      type: 'test'
      ...
    1..1
ok 674 - analyzeFountainText — determinism
  ---
  duration_ms: 2.997074
  type: 'suite'
  ...
# Subtest: analyzeFountainText — suspenseDelta
    # Subtest: fires positive on a scene dense with danger lexicon + exclamations
    ok 1 - fires positive on a scene dense with danger lexicon + exclamations
      ---
      duration_ms: 1.632247
      type: 'test'
      ...
    # Subtest: does not fire on a neutral scene with no danger or relief lexicon
    ok 2 - does not fire on a neutral scene with no danger or relief lexicon
      ---
      duration_ms: 0.918089
      type: 'test'
      ...
    1..2
ok 675 - analyzeFountainText — suspenseDelta
  ---
  duration_ms: 2.988441
  type: 'suite'
  ...
# Subtest: analyzeFountainText — curiosityDelta
    # Subtest: fires positive on a scene dense with questions + mystery lexicon
    ok 1 - fires positive on a scene dense with questions + mystery lexicon
      ---
      duration_ms: 0.858173
      type: 'test'
      ...
    # Subtest: does not fire on a plain statement-only scene
    ok 2 - does not fire on a plain statement-only scene
      ---
      duration_ms: 0.738203
      type: 'test'
      ...
    1..2
ok 676 - analyzeFountainText — curiosityDelta
  ---
  duration_ms: 2.029274
  type: 'suite'
  ...
# Subtest: analyzeFountainText — clockRaised / clockDelta
    # Subtest: fires when deadline lexicon is present
    ok 1 - fires when deadline lexicon is present
      ---
      duration_ms: 0.945633
      type: 'test'
      ...
    # Subtest: does not fire when no deadline lexicon is present
    ok 2 - does not fire when no deadline lexicon is present
      ---
      duration_ms: 0.480821
      type: 'test'
      ...
    1..2
ok 677 - analyzeFountainText — clockRaised / clockDelta
  ---
  duration_ms: 1.640028
  type: 'suite'
  ...
# Subtest: analyzeFountainText — emotionalShift
    # Subtest: fires positive on a scene dense with positive valence words
    ok 1 - fires positive on a scene dense with positive valence words
      ---
      duration_ms: 0.452015
      type: 'test'
      ...
    # Subtest: stays neutral on a scene with no valence words
    ok 2 - stays neutral on a scene with no valence words
      ---
      duration_ms: 0.564646
      type: 'test'
      ...
    1..2
ok 678 - analyzeFountainText — emotionalShift
  ---
  duration_ms: 1.193156
  type: 'suite'
  ...
# Subtest: analyzeFountainText — relationshipShifts
    # Subtest: fires a trust shift for a pair with strong shared valence dialogue
    ok 1 - fires a trust shift for a pair with strong shared valence dialogue
      ---
      duration_ms: 1.948711
      type: 'test'
      ...
    # Subtest: does not fire for a pair with neutral dialogue
    ok 2 - does not fire for a pair with neutral dialogue
      ---
      duration_ms: 0.599258
      type: 'test'
      ...
    1..2
ok 679 - analyzeFountainText — relationshipShifts
  ---
  duration_ms: 2.776592
  type: 'suite'
  ...
# Subtest: analyzeFountainText — seed/payoff clue pairing
    # Subtest: pairs a recurring prop across a >=2-scene gap, and flags a one-off as unresolved
    ok 1 - pairs a recurring prop across a >=2-scene gap, and flags a one-off as unresolved
      ---
      duration_ms: 1.33079
      type: 'test'
      ...
    1..1
ok 680 - analyzeFountainText — seed/payoff clue pairing
  ---
  duration_ms: 1.464467
  type: 'suite'
  ...
# Subtest: analyzeFountainText — clue lifecycle content-word matching (fire)
    # Subtest: pairs a clue seeded in different words than its payoff ("a brass key..." / "turned the brass key")
    ok 1 - pairs a clue seeded in different words than its payoff ("a brass key..." / "turned the brass key")
      ---
      duration_ms: 2.613241
      type: 'test'
      ...
    # Subtest: collapses plural/possessive variants of the same anchor noun ("keys" seed / "key's" payoff)
    ok 2 - collapses plural/possessive variants of the same anchor noun ("keys" seed / "key's" payoff)
      ---
      duration_ms: 0.766577
      type: 'test'
      ...
    # Subtest: matches on a single shared rare anchor word alone, with no other shared descriptor
    ok 3 - matches on a single shared rare anchor word alone, with no other shared descriptor
      ---
      duration_ms: 0.646089
      type: 'test'
      ...
    1..3
ok 681 - analyzeFountainText — clue lifecycle content-word matching (fire)
  ---
  duration_ms: 4.406143
  type: 'suite'
  ...
# Subtest: analyzeFountainText — clue lifecycle content-word matching (no-fire)
    # Subtest: does not pair two unrelated mentions of a common scene-furniture noun ("door")
    ok 1 - does not pair two unrelated mentions of a common scene-furniture noun ("door")
      ---
      duration_ms: 0.640058
      type: 'test'
      ...
    # Subtest: does not cross-match unrelated mentions of a non-rare anchor with no shared descriptor ("watch")
    ok 2 - does not cross-match unrelated mentions of a non-rare anchor with no shared descriptor ("watch")
      ---
      duration_ms: 0.644582
      type: 'test'
      ...
    # Subtest: keeps two different clues sharing the same anchor noun from cross-matching each other
    ok 3 - keeps two different clues sharing the same anchor noun from cross-matching each other
      ---
      duration_ms: 0.92008
      type: 'test'
      ...
    1..3
ok 682 - analyzeFountainText — clue lifecycle content-word matching (no-fire)
  ---
  duration_ms: 2.496834
  type: 'suite'
  ...
# Subtest: analyzeFountainText — character ordering
    # Subtest: orders speaking characters by dialogue-line count, not first appearance
    ok 1 - orders speaking characters by dialogue-line count, not first appearance
      ---
      duration_ms: 0.741428
      type: 'test'
      ...
    1..1
ok 683 - analyzeFountainText — character ordering
  ---
  duration_ms: 1.688103
  type: 'suite'
  ...
# Subtest: analyzeFountainText — question-answer latency (questionsRaised)
    # Subtest: counts a substantive dialogue question toward questionsRaised
    ok 1 - counts a substantive dialogue question toward questionsRaised
      ---
      duration_ms: 0.370094
      type: 'test'
      ...
    # Subtest: does not count a short phatic interrogative toward questionsRaised, even one that clears the word-count floor
    ok 2 - does not count a short phatic interrogative toward questionsRaised, even one that clears the word-count floor
      ---
      duration_ms: 0.324573
      type: 'test'
      ...
    1..2
ok 684 - analyzeFountainText — question-answer latency (questionsRaised)
  ---
  duration_ms: 0.893029
  type: 'suite'
  ...
# Subtest: analyzeFountainText — question-answer latency (cross-scene resolution)
    # Subtest: resolves a question raised in an earlier scene once a later scene shares its distinctive content words
    ok 1 - resolves a question raised in an earlier scene once a later scene shares its distinctive content words
      ---
      duration_ms: 0.7015
      type: 'test'
      ...
    # Subtest: leaves a question unresolved at its origin scene when no later line ever shares its distinctive content words
    ok 2 - leaves a question unresolved at its origin scene when no later line ever shares its distinctive content words
      ---
      duration_ms: 0.548834
      type: 'test'
      ...
    1..2
ok 685 - analyzeFountainText — question-answer latency (cross-scene resolution)
  ---
  duration_ms: 1.411644
  type: 'suite'
  ...
# Subtest: analyzeFountainText — question-answer latency (same-scene resolution)
    # Subtest: counts a same-scene question/answer pair toward questionsResolvedSameScene
    ok 1 - counts a same-scene question/answer pair toward questionsResolvedSameScene
      ---
      duration_ms: 0.683464
      type: 'test'
      ...
    # Subtest: does not count a cross-scene resolution toward questionsResolvedSameScene
    ok 2 - does not count a cross-scene resolution toward questionsResolvedSameScene
      ---
      duration_ms: 0.622987
      type: 'test'
      ...
    1..2
ok 686 - analyzeFountainText — question-answer latency (same-scene resolution)
  ---
  duration_ms: 1.539227
  type: 'suite'
  ...
# Subtest: analyzeFountainText — power-balance shifts (powerHolder / powerBalance)
    # Subtest: a scene of one-sided commands and accusations gives the commanding character powerHolder
    ok 1 - a scene of one-sided commands and accusations gives the commanding character powerHolder
      ---
      duration_ms: 0.913689
      type: 'test'
      ...
    # Subtest: a scene of even, uncommanding, equal-length dialogue gives no holder and a near-zero balance
    ok 2 - a scene of even, uncommanding, equal-length dialogue gives no holder and a near-zero balance
      ---
      duration_ms: 0.681777
      type: 'test'
      ...
    # Subtest: a scene where control demonstrably changes hands mid-scene sets powerFlipped
    ok 3 - a scene where control demonstrably changes hands mid-scene sets powerFlipped
      ---
      duration_ms: 0.877359
      type: 'test'
      ...
    # Subtest: a scene with fewer than two speaking characters reports no holder, zero balance, no flip
    ok 4 - a scene with fewer than two speaking characters reports no holder, zero balance, no flip
      ---
      duration_ms: 0.35999
      type: 'test'
      ...
    1..4
ok 687 - analyzeFountainText — power-balance shifts (powerHolder / powerBalance)
  ---
  duration_ms: 3.106784
  type: 'suite'
  ...
# Subtest: analyzeFountainText — speaking-character count (monologue vs exchange)
    # Subtest: a scene where only one character speaks reports speakingCharacterCount 1
    ok 1 - a scene where only one character speaks reports speakingCharacterCount 1
      ---
      duration_ms: 0.604711
      type: 'test'
      ...
    # Subtest: a scene where two characters each speak at least one line reports speakingCharacterCount 2
    ok 2 - a scene where two characters each speak at least one line reports speakingCharacterCount 2
      ---
      duration_ms: 0.587545
      type: 'test'
      ...
    # Subtest: a scene with no dialogue at all reports speakingCharacterCount 0
    ok 3 - a scene with no dialogue at all reports speakingCharacterCount 0
      ---
      duration_ms: 1.324228
      type: 'test'
      ...
    # Subtest: a three-character scene reports speakingCharacterCount 3, and a repeated speaker is not double-counted
    ok 4 - a three-character scene reports speakingCharacterCount 3, and a repeated speaker is not double-counted
      ---
      duration_ms: 0.495699
      type: 'test'
      ...
    1..4
ok 688 - analyzeFountainText — speaking-character count (monologue vs exchange)
  ---
  duration_ms: 3.362764
  type: 'suite'
  ...
# Subtest: analyzeFountainText — expanded POSITIVE_VALENCE_WORDS (tenderness/elation family)
    # Subtest: fires positive emotionalShift on newly-added tenderness/elation words ("elated", "triumphant")
    ok 1 - fires positive emotionalShift on newly-added tenderness/elation words ("elated", "triumphant")
      ---
      duration_ms: 0.365383
      type: 'test'
      ...
    # Subtest: does not fire on an ambiguous word deliberately left out of the lexicon ("sharp")
    ok 2 - does not fire on an ambiguous word deliberately left out of the lexicon ("sharp")
      ---
      duration_ms: 0.276843
      type: 'test'
      ...
    1..2
ok 689 - analyzeFountainText — expanded POSITIVE_VALENCE_WORDS (tenderness/elation family)
  ---
  duration_ms: 0.769515
  type: 'suite'
  ...
# Subtest: analyzeFountainText — expanded NEGATIVE_VALENCE_WORDS (grief/shame family)
    # Subtest: fires negative emotionalShift on newly-added grief/shame words ("devastated", "heartbroken")
    ok 1 - fires negative emotionalShift on newly-added grief/shame words ("devastated", "heartbroken")
      ---
      duration_ms: 0.328462
      type: 'test'
      ...
    # Subtest: does not fire on an ambiguous word deliberately left out of the lexicon ("blue")
    ok 2 - does not fire on an ambiguous word deliberately left out of the lexicon ("blue")
      ---
      duration_ms: 0.297858
      type: 'test'
      ...
    1..2
ok 690 - analyzeFountainText — expanded NEGATIVE_VALENCE_WORDS (grief/shame family)
  ---
  duration_ms: 0.759986
  type: 'suite'
  ...
# Subtest: analyzeFountainText — expanded DANGER_TENSION_WORDS (weapon/pursuit/injury family)
    # Subtest: fires positive suspenseDelta on a newly-added danger word ("ambushed")
    ok 1 - fires positive suspenseDelta on a newly-added danger word ("ambushed")
      ---
      duration_ms: 0.386952
      type: 'test'
      ...
    # Subtest: does not fire on an ambiguous word deliberately left out of the lexicon ("sharp")
    ok 2 - does not fire on an ambiguous word deliberately left out of the lexicon ("sharp")
      ---
      duration_ms: 0.282438
      type: 'test'
      ...
    1..2
ok 691 - analyzeFountainText — expanded DANGER_TENSION_WORDS (weapon/pursuit/injury family)
  ---
  duration_ms: 0.791651
  type: 'suite'
  ...
# Subtest: analyzeFountainText — expanded RELIEF_WORDS (safety/de-escalation family)
    # Subtest: lets suspenseDelta swing negative on newly-added relief words ("soothed", "reassured")
    ok 1 - lets suspenseDelta swing negative on newly-added relief words ("soothed", "reassured")
      ---
      duration_ms: 0.415788
      type: 'test'
      ...
    # Subtest: does not fire on an ambiguous word deliberately left out of the lexicon ("fine")
    ok 2 - does not fire on an ambiguous word deliberately left out of the lexicon ("fine")
      ---
      duration_ms: 0.342219
      type: 'test'
      ...
    1..2
ok 692 - analyzeFountainText — expanded RELIEF_WORDS (safety/de-escalation family)
  ---
  duration_ms: 0.887493
  type: 'suite'
  ...
# Subtest: analyzeFountainText — expanded MYSTERY_WORDS (investigation/anomaly family)
    # Subtest: fires positive curiosityDelta on newly-added investigation/anomaly words
    ok 1 - fires positive curiosityDelta on newly-added investigation/anomaly words
      ---
      duration_ms: 0.410725
      type: 'test'
      ...
    # Subtest: does not fire on an ambiguous word deliberately left out of the lexicon ("odd")
    ok 2 - does not fire on an ambiguous word deliberately left out of the lexicon ("odd")
      ---
      duration_ms: 0.277695
      type: 'test'
      ...
    1..2
ok 693 - analyzeFountainText — expanded MYSTERY_WORDS (investigation/anomaly family)
  ---
  duration_ms: 0.819404
  type: 'suite'
  ...
# Subtest: analyzeFountainText — expanded TURN_VERB_WORDS (expose/switch-sides/vow family)
    # Subtest: fires dramaticTurn on a newly-added turn verb ("surrendered")
    ok 1 - fires dramaticTurn on a newly-added turn verb ("surrendered")
      ---
      duration_ms: 0.297301
      type: 'test'
      ...
    # Subtest: does not fire on an ambiguous word deliberately left out of the lexicon ("changed")
    ok 2 - does not fire on an ambiguous word deliberately left out of the lexicon ("changed")
      ---
      duration_ms: 0.40157
      type: 'test'
      ...
    1..2
ok 694 - analyzeFountainText — expanded TURN_VERB_WORDS (expose/switch-sides/vow family)
  ---
  duration_ms: 0.82374
  type: 'suite'
  ...
# Subtest: analyzeFountainText — expanded DEADLINE_TERMS (temporal-pressure idiom family)
    # Subtest: fires clockRaised on a newly-added deadline idiom ("against the clock")
    ok 1 - fires clockRaised on a newly-added deadline idiom ("against the clock")
      ---
      duration_ms: 0.458573
      type: 'test'
      ...
    # Subtest: does not fire on a phrase deliberately left out of the lexicon ("later this week")
    ok 2 - does not fire on a phrase deliberately left out of the lexicon ("later this week")
      ---
      duration_ms: 0.346105
      type: 'test'
      ...
    1..2
ok 695 - analyzeFountainText — expanded DEADLINE_TERMS (temporal-pressure idiom family)
  ---
  duration_ms: 0.933423
  type: 'suite'
  ...
# Subtest: analyzeFountainText — expanded CONCRETE_NOUNS (furniture + evidence-class families)
    # Subtest: selects an action line containing a newly-added furniture noun ("sofa") as a visual beat
    ok 1 - selects an action line containing a newly-added furniture noun ("sofa") as a visual beat
      ---
      duration_ms: 0.596315
      type: 'test'
      ...
    # Subtest: does not select an action line with no concrete noun, even one using an ambiguous word ("sharp")
    ok 2 - does not select an action line with no concrete noun, even one using an ambiguous word ("sharp")
      ---
      duration_ms: 0.343486
      type: 'test'
      ...
    1..2
ok 696 - analyzeFountainText — expanded CONCRETE_NOUNS (furniture + evidence-class families)
  ---
  duration_ms: 1.069358
  type: 'suite'
  ...
# Subtest: analyzeFountainText — expanded ACCUSATORY_TERMS (deliberate-harm/direct-blame family)
    # Subtest: gives the speaker of newly-added accusatory phrases powerHolder, at matched dialogue length
    ok 1 - gives the speaker of newly-added accusatory phrases powerHolder, at matched dialogue length
      ---
      duration_ms: 0.442157
      type: 'test'
      ...
    # Subtest: does not fire on a comparable negative-but-non-accusatory line of matched length
    ok 2 - does not fire on a comparable negative-but-non-accusatory line of matched length
      ---
      duration_ms: 0.3879
      type: 'test'
      ...
    1..2
ok 697 - analyzeFountainText — expanded ACCUSATORY_TERMS (deliberate-harm/direct-blame family)
  ---
  duration_ms: 0.986565
  type: 'suite'
  ...
# Subtest: analyzeFountainText — expanded IMPERATIVE_LEAD_TERMS (standoff/compliance command family)
    # Subtest: gives the speaker of a newly-added standoff command ("Freeze") powerHolder, at matched dialogue length
    ok 1 - gives the speaker of a newly-added standoff command ("Freeze") powerHolder, at matched dialogue length
      ---
      duration_ms: 0.398146
      type: 'test'
      ...
    # Subtest: does not fire on a comparable non-command line of matched length starting with an ambiguous word ("Sharp")
    ok 2 - does not fire on a comparable non-command line of matched length starting with an ambiguous word ("Sharp")
      ---
      duration_ms: 0.412582
      type: 'test'
      ...
    1..2
ok 698 - analyzeFountainText — expanded IMPERATIVE_LEAD_TERMS (standoff/compliance command family)
  ---
  duration_ms: 1.018193
  type: 'suite'
  ...
# Subtest: computeBetrayalSignals
    # Subtest: fires a positive delta on betrayal-dominant scene text
    ok 1 - fires a positive delta on betrayal-dominant scene text
      ---
      duration_ms: 0.190025
      type: 'test'
      ...
    # Subtest: fires a negative delta on loyalty-dominant scene text (the other half of the same axis)
    ok 2 - fires a negative delta on loyalty-dominant scene text (the other half of the same axis)
      ---
      duration_ms: 2.76137
      type: 'test'
      ...
    # Subtest: does not fire on neutral scene text with neither betrayal nor loyalty vocabulary
    ok 3 - does not fire on neutral scene text with neither betrayal nor loyalty vocabulary
      ---
      duration_ms: 0.138743
      type: 'test'
      ...
    # Subtest: returns an empty array for empty input
    ok 4 - returns an empty array for empty input
      ---
      duration_ms: 0.118379
      type: 'test'
      ...
    1..4
ok 699 - computeBetrayalSignals
  ---
  duration_ms: 3.396572
  type: 'suite'
  ...
# Subtest: computePowerDynamicsIntensity
    # Subtest: fires a positive count on dominance/submission verb-dense scene text
    ok 1 - fires a positive count on dominance/submission verb-dense scene text
      ---
      duration_ms: 0.165735
      type: 'test'
      ...
    # Subtest: does not fire on scene text with no dominance/submission vocabulary
    ok 2 - does not fire on scene text with no dominance/submission vocabulary
      ---
      duration_ms: 0.150807
      type: 'test'
      ...
    # Subtest: returns an empty array for empty input
    ok 3 - returns an empty array for empty input
      ---
      duration_ms: 0.108681
      type: 'test'
      ...
    1..3
ok 700 - computePowerDynamicsIntensity
  ---
  duration_ms: 0.620439
  type: 'suite'
  ...
# Subtest: computeIronyMarkerCount
    # Subtest: fires a positive count on scene text dense with verbal-irony markers
    ok 1 - fires a positive count on scene text dense with verbal-irony markers
      ---
      duration_ms: 0.146524
      type: 'test'
      ...
    # Subtest: does not fire on plain, sincere scene text with no irony markers
    ok 2 - does not fire on plain, sincere scene text with no irony markers
      ---
      duration_ms: 0.160136
      type: 'test'
      ...
    # Subtest: returns an empty array for empty input
    ok 3 - returns an empty array for empty input
      ---
      duration_ms: 0.113972
      type: 'test'
      ...
    1..3
ok 701 - computeIronyMarkerCount
  ---
  duration_ms: 0.56316
  type: 'suite'
  ...
# Subtest: analyzeFountainText — Wave 1192 wired lexicon signals (betrayalSignal / powerDynamicsIntensity / ironyMarkerCount)
    # Subtest: fires: records carry per-scene values matching the scene text
    ok 1 - fires: records carry per-scene values matching the scene text
      ---
      duration_ms: 0.535485
      type: 'test'
      ...
    # Subtest: no-fire: a neutral scene reports 0 on all three fields (populated, not undefined)
    ok 2 - no-fire: a neutral scene reports 0 on all three fields (populated, not undefined)
      ---
      duration_ms: 1.529101
      type: 'test'
      ...
    1..2
ok 702 - analyzeFountainText — Wave 1192 wired lexicon signals (betrayalSignal / powerDynamicsIntensity / ironyMarkerCount)
  ---
  duration_ms: 2.192856
  type: 'suite'
  ...
# Subtest: G0-04 — programmatic draft installs respect the auto-analysis gate
    # Subtest: the sample-install callback does not call triggerAnalysis unconditionally
    ok 1 - the sample-install callback does not call triggerAnalysis unconditionally
      ---
      duration_ms: 1.234672
      type: 'test'
      ...
    # Subtest: the onLoadFountain write-back does not call triggerAnalysis unconditionally
    ok 2 - the onLoadFountain write-back does not call triggerAnalysis unconditionally
      ---
      duration_ms: 0.304721
      type: 'test'
      ...
    # Subtest: no bare `triggerAnalysis(` call survives outside an explicit-action or guarded site
    ok 3 - no bare `triggerAnalysis(` call survives outside an explicit-action or guarded site
      ---
      duration_ms: 0.563664
      type: 'test'
      ...
    1..3
ok 703 - G0-04 — programmatic draft installs respect the auto-analysis gate
  ---
  duration_ms: 3.594643
  type: 'suite'
  ...
# Subtest: G0-02/G0-04 — the editor echo of a programmatic install is suppressed
    # Subtest: installDraft records the installed text before mutating
    ok 1 - installDraft records the installed text before mutating
      ---
      duration_ms: 0.402957
      type: 'test'
      ...
    # Subtest: handleScriptChange returns early on a matching echo (no stale re-mark, no double bump)
    ok 2 - handleScriptChange returns early on a matching echo (no stale re-mark, no double bump)
      ---
      duration_ms: 5.741917
      type: 'test'
      ...
    # Subtest: the two coverage-paired install sites route through installDraft
    ok 3 - the two coverage-paired install sites route through installDraft
      ---
      duration_ms: 0.534207
      type: 'test'
      ...
    # Subtest: restore/import installs still use mutateDraft (they SHOULD mark coverage stale)
    ok 4 - restore/import installs still use mutateDraft (they SHOULD mark coverage stale)
      ---
      duration_ms: 0.355085
      type: 'test'
      ...
    1..4
ok 704 - G0-02/G0-04 — the editor echo of a programmatic install is suppressed
  ---
  duration_ms: 7.852665
  type: 'suite'
  ...
# Subtest: G0-05 (a) CoverageSummary — no raw score for incomplete analysis
    # Subtest: uses the shared fail-closed whole-draft predicate before showing a score
    ok 1 - uses the shared fail-closed whole-draft predicate before showing a score
      ---
      duration_ms: 3.199202
      type: 'test'
      ...
    # Subtest: shows an incomplete / withheld indicator instead of a score
    ok 2 - shows an incomplete / withheld indicator instead of a score
      ---
      duration_ms: 0.291635
      type: 'test'
      ...
    1..2
ok 705 - G0-05 (a) CoverageSummary — no raw score for incomplete analysis
  ---
  duration_ms: 4.94739
  type: 'suite'
  ...
# Subtest: G0-05 (b) Slate — incomplete entries are not scored
    # Subtest: buildSlateEntry threads analysisComplete === false
    ok 1 - buildSlateEntry threads analysisComplete === false
      ---
      duration_ms: 0.604615
      type: 'test'
      ...
    # Subtest: buildSlateEntry marks a complete report analysisComplete !== false
    ok 2 - buildSlateEntry marks a complete report analysisComplete !== false
      ---
      duration_ms: 0.485318
      type: 'test'
      ...
    # Subtest: buildSlateEntry holds a scene-truncated report out of the scored ranking
    ok 3 - buildSlateEntry holds a scene-truncated report out of the scored ranking
      ---
      duration_ms: 0.210742
      type: 'test'
      ...
    # Subtest: rankSlate keeps every incomplete entry after every scored entry
    ok 4 - rankSlate keeps every incomplete entry after every scored entry
      ---
      duration_ms: 0.513021
      type: 'test'
      ...
    # Subtest: renderSlateHtml badges incomplete entries instead of a sentinel health number
    ok 5 - renderSlateHtml badges incomplete entries instead of a sentinel health number
      ---
      duration_ms: 30.113622
      type: 'test'
      ...
    # Subtest: renderSlateHtml discloses the analyzed prefix for a scene-truncated entry
    ok 6 - renderSlateHtml discloses the analyzed prefix for a scene-truncated entry
      ---
      duration_ms: 1.057991
      type: 'test'
      ...
    1..6
ok 706 - G0-05 (b) Slate — incomplete entries are not scored
  ---
  duration_ms: 33.671073
  type: 'suite'
  ...
# Subtest: G0-05 (c) ScriptDoctorPanel — incomplete reports cannot create false actions or deltas
    # Subtest: uses the shared predicate for display, history, fix, and scored exports
    ok 1 - uses the shared predicate for display, history, fix, and scored exports
      ---
      duration_ms: 0.596759
      type: 'test'
      ...
    1..1
ok 707 - G0-05 (c) ScriptDoctorPanel — incomplete reports cannot create false actions or deltas
  ---
  duration_ms: 1.086849
  type: 'suite'
  ...
# Subtest: G0-05 (d) Topology — no fabricated arc for zero data
    # Subtest: computeTopology([]) returns dominantArc null
    ok 1 - computeTopology([]) returns dominantArc null
      ---
      duration_ms: 0.38507
      type: 'test'
      ...
    1..1
ok 708 - G0-05 (d) Topology — no fabricated arc for zero data
  ---
  duration_ms: 0.513027
  type: 'suite'
  ...
# Subtest: G0-06 — "New Story" copy renamed to "Change setup"
    # Subtest: Toolbar overflow item no longer claims "New story" and offers "Change setup"
    ok 1 - Toolbar overflow item no longer claims "New story" and offers "Change setup"
      ---
      duration_ms: 1.22749
      type: 'test'
      ...
    # Subtest: ScriptIDE confirm modal no longer claims "new story" and uses setup-change copy
    ok 2 - ScriptIDE confirm modal no longer claims "new story" and uses setup-change copy
      ---
      duration_ms: 0.324641
      type: 'test'
      ...
    # Subtest: ScriptIDE keeps the honest "draft stays saved" reassurance
    ok 3 - ScriptIDE keeps the honest "draft stays saved" reassurance
      ---
      duration_ms: 0.448174
      type: 'test'
      ...
    1..3
ok 709 - G0-06 — "New Story" copy renamed to "Change setup"
  ---
  duration_ms: 3.815173
  type: 'suite'
  ...
# Subtest: G0-07 — inert ingest UI and false AI-context claims removed
    # Subtest: no "ingest" language
    ok 1 - no "ingest" language
      ---
      duration_ms: 1.125298
      type: 'test'
      ...
    # Subtest: no "Lore & Knowledge Base" upload heading
    ok 2 - no "Lore & Knowledge Base" upload heading
      ---
      duration_ms: 0.286358
      type: 'test'
      ...
    # Subtest: no "AI context" token-meter claim
    ok 3 - no "AI context" token-meter claim
      ---
      duration_ms: 0.436964
      type: 'test'
      ...
    # Subtest: no file-upload controls (Upload Documents / file input)
    ok 4 - no file-upload controls (Upload Documents / file input)
      ---
      duration_ms: 0.263746
      type: 'test'
      ...
    1..4
ok 710 - G0-07 — inert ingest UI and false AI-context claims removed
  ---
  duration_ms: 3.775352
  type: 'suite'
  ...
# Subtest: G0-09 — report honesty copy contract
    # Subtest: verdict explainers are engine tiers, not human-reader endorsements
    ok 1 - verdict explainers are engine tiers, not human-reader endorsements
      ---
      duration_ms: 1.429183
      type: 'test'
      ...
    # Subtest: health percentile names the synthetic reference set, not an unqualified "reference set"
    ok 2 - health percentile names the synthetic reference set, not an unqualified "reference set"
      ---
      duration_ms: 0.55242
      type: 'test'
      ...
    1..2
ok 711 - G0-09 — report honesty copy contract
  ---
  duration_ms: 3.415195
  type: 'suite'
  ...
# {"time":"2026-08-05T02:28:30.325Z","level":"warn","msg":"collab_secret_generated","message":"COLLAB_SECRET not set — generated an ephemeral per-process secret. Set COLLAB_SECRET in any multi-process or restart-prone deployment."}
# Subtest: GENRE_MODIFIERS — roster size and completeness
    # Subtest: expands to 47 total genres (28 pre-existing + 19 new)
    ok 1 - expands to 47 total genres (28 pre-existing + 19 new)
      ---
      duration_ms: 1.416783
      type: 'test'
      ...
    # Subtest: every genre has complete, non-empty toneInstruction/register/emotionalRegister/forbiddenCliches
    ok 2 - every genre has complete, non-empty toneInstruction/register/emotionalRegister/forbiddenCliches
      ---
      duration_ms: 0.4725
      type: 'test'
      ...
    # Subtest: every genre has a complete, non-empty genreRules contract
    ok 3 - every genre has a complete, non-empty genreRules contract
      ---
      duration_ms: 0.309746
      type: 'test'
      ...
    # Subtest: all three InformationPosition values are actually used somewhere (no padding to one default)
    ok 4 - all three InformationPosition values are actually used somewhere (no padding to one default)
      ---
      duration_ms: 0.291893
      type: 'test'
      ...
    # Subtest: the 8 original genres keep their pre-B1-a tone/register/cliché/emotional fields byte-identical
    ok 5 - the 8 original genres keep their pre-B1-a tone/register/cliché/emotional fields byte-identical
      ---
      duration_ms: 1.039956
      type: 'test'
      ...
    # Subtest: all 28 pre-existing GENRE_MODIFIERS entries are byte-identical to their pre-wave content (hash pin)
    ok 6 - all 28 pre-existing GENRE_MODIFIERS entries are byte-identical to their pre-wave content (hash pin)
      ---
      duration_ms: 3.472784
      type: 'test'
      ...
    # Subtest: no two genres share an identical genreRules contract
    ok 7 - no two genres share an identical genreRules contract
      ---
      duration_ms: 0.39309
      type: 'test'
      ...
    # Subtest: the 19 new genres each have a genreRules contract distinguishable from every genre that existed before this wave
    ok 8 - the 19 new genres each have a genreRules contract distinguishable from every genre that existed before this wave
      ---
      duration_ms: 1.458267
      type: 'test'
      ...
    1..8
ok 712 - GENRE_MODIFIERS — roster size and completeness
  ---
  duration_ms: 10.806142
  type: 'suite'
  ...
# Subtest: genre-router — genrePromptBlock
    # Subtest: returns empty string when genre is undefined
    ok 1 - returns empty string when genre is undefined
      ---
      duration_ms: 0.441629
      type: 'test'
      ...
    # Subtest: produces a tone instruction, register, and cliché list for every one of the 47 genres
    ok 2 - produces a tone instruction, register, and cliché list for every one of the 47 genres
      ---
      duration_ms: 0.900825
      type: 'test'
      ...
    1..2
ok 713 - genre-router — genrePromptBlock
  ---
  duration_ms: 1.620656
  type: 'suite'
  ...
# Subtest: genre-router — genrePromiseBlock
    # Subtest: returns empty string when genre is undefined (no-fire)
    ok 1 - returns empty string when genre is undefined (no-fire)
      ---
      duration_ms: 0.444158
      type: 'test'
      ...
    # Subtest: renders CENTRAL THREAT, REQUIRED, and FORBIDDEN SHORTCUTS lines for every genre (fire)
    ok 2 - renders CENTRAL THREAT, REQUIRED, and FORBIDDEN SHORTCUTS lines for every genre (fire)
      ---
      duration_ms: 0.718911
      type: 'test'
      ...
    # Subtest: mystery promise block names its fair-play contract content
    ok 3 - mystery promise block names its fair-play contract content
      ---
      duration_ms: 0.268856
      type: 'test'
      ...
    # Subtest: heist promise block flags unset-up tools as a forbidden shortcut
    ok 4 - heist promise block flags unset-up tools as a forbidden shortcut
      ---
      duration_ms: 0.153689
      type: 'test'
      ...
    # Subtest: slasher promise block names its learnable-pattern contract content
    ok 5 - slasher promise block names its learnable-pattern contract content
      ---
      duration_ms: 0.137692
      type: 'test'
      ...
    # Subtest: time_travel promise block flags rules stated before they bind and paradox-by-vibes as forbidden
    ok 6 - time_travel promise block flags rules stated before they bind and paradox-by-vibes as forbidden
      ---
      duration_ms: 0.248448
      type: 'test'
      ...
    # Subtest: police_procedural promise block names its evidence-chain-custody contract
    ok 7 - police_procedural promise block names its evidence-chain-custody contract
      ---
      duration_ms: 0.218332
      type: 'test'
      ...
    1..7
ok 714 - genre-router — genrePromiseBlock
  ---
  duration_ms: 2.579593
  type: 'suite'
  ...
# Subtest: composePromptModifiers — genre/director unchanged, tone additive
    # Subtest: omitting tone reproduces the exact pre-B1-a synergy output (no regression)
    ok 1 - omitting tone reproduces the exact pre-B1-a synergy output (no regression)
      ---
      duration_ms: 0.350169
      type: 'test'
      ...
    # Subtest: omitting tone reproduces the exact pre-B1-a non-synergy output (no regression)
    ok 2 - omitting tone reproduces the exact pre-B1-a non-synergy output (no regression)
      ---
      duration_ms: 0.273487
      type: 'test'
      ...
    # Subtest: fire: supplying a tone appends its instruction block after a synergy override
    ok 3 - fire: supplying a tone appends its instruction block after a synergy override
      ---
      duration_ms: 0.167723
      type: 'test'
      ...
    # Subtest: fire: supplying a tone appends its instruction block in the non-synergy path
    ok 4 - fire: supplying a tone appends its instruction block in the non-synergy path
      ---
      duration_ms: 0.145994
      type: 'test'
      ...
    # Subtest: no-fire: an unset tone never introduces a TONE — block
    ok 5 - no-fire: an unset tone never introduces a TONE — block
      ---
      duration_ms: 0.150324
      type: 'test'
      ...
    1..5
ok 715 - composePromptModifiers — genre/director unchanged, tone additive
  ---
  duration_ms: 1.343282
  type: 'suite'
  ...
# Subtest: GENRE_RULE_MODIFIERS — bounds and coverage
    # Subtest: only keys on known genres from GENRE_NAMES
    ok 1 - only keys on known genres from GENRE_NAMES
      ---
      duration_ms: 0.41713
      type: 'test'
      ...
    # Subtest: every populated field is a finite number within its documented THRESHOLD_BOUNDS (typo guard)
    ok 2 - every populated field is a finite number within its documented THRESHOLD_BOUNDS (typo guard)
      ---
      duration_ms: 0.502705
      type: 'test'
      ...
    # Subtest: B1-a closes the noir gap: noir now has a live pacingPlateauRatio and expositionDumpStreak modifier
    ok 3 - B1-a closes the noir gap: noir now has a live pacingPlateauRatio and expositionDumpStreak modifier
      ---
      duration_ms: 0.192783
      type: 'test'
      ...
    # Subtest: B1-a new-genre modifiers are present with their documented values
    ok 4 - B1-a new-genre modifiers are present with their documented values
      ---
      duration_ms: 0.134309
      type: 'test'
      ...
    # Subtest: romance, sci_fi, and mystery retain exactly their pre-existing single field (no regression)
    ok 5 - romance, sci_fi, and mystery retain exactly their pre-existing single field (no regression)
      ---
      duration_ms: 0.161804
      type: 'test'
      ...
    # Subtest: genres with no honest rule-threshold argument (never padded) have no GENRE_RULE_MODIFIERS entry
    ok 6 - genres with no honest rule-threshold argument (never padded) have no GENRE_RULE_MODIFIERS entry
      ---
      duration_ms: 0.178535
      type: 'test'
      ...
    # Subtest: genre-completion wave new-genre modifiers are present with their documented values
    ok 7 - genre-completion wave new-genre modifiers are present with their documented values
      ---
      duration_ms: 0.229263
      type: 'test'
      ...
    # Subtest: each of the 6 new genre modifiers carries exactly its one documented field (no extra padding)
    ok 8 - each of the 6 new genre modifiers carries exactly its one documented field (no extra padding)
      ---
      duration_ms: 0.367402
      type: 'test'
      ...
    1..8
ok 716 - GENRE_RULE_MODIFIERS — bounds and coverage
  ---
  duration_ms: 2.72772
  type: 'suite'
  ...
# Subtest: TONE_REGISTERS — completeness and delta plausibility
    # Subtest: has exactly 24 tones, matching TONE_NAME_LIST and TONE_NAMES (16 pre-existing + 8 new)
    ok 1 - has exactly 24 tones, matching TONE_NAME_LIST and TONE_NAMES (16 pre-existing + 8 new)
      ---
      duration_ms: 0.529271
      type: 'test'
      ...
    # Subtest: every tone has a substantive, non-empty instruction naming the tone
    ok 2 - every tone has a substantive, non-empty instruction naming the tone
      ---
      duration_ms: 0.274623
      type: 'test'
      ...
    # Subtest: toneInstructionBlock renders the tone instruction (fire) and empty string for undefined (no-fire)
    ok 3 - toneInstructionBlock renders the tone instruction (fire) and empty string for undefined (no-fire)
      ---
      duration_ms: 0.12841
      type: 'test'
      ...
    # Subtest: every populated tone delta is within half the THRESHOLD_BOUNDS range (catches an accidental 10x typo)
    ok 4 - every populated tone delta is within half the THRESHOLD_BOUNDS range (catches an accidental 10x typo)
      ---
      duration_ms: 2.134487
      type: 'test'
      ...
    # Subtest: some tones deliberately carry no thresholdDeltas (never-padded voice-only entries)
    ok 5 - some tones deliberately carry no thresholdDeltas (never-padded voice-only entries)
      ---
      duration_ms: 0.277967
      type: 'test'
      ...
    # Subtest: the 6 new tones with a numeric argument carry their documented delta
    ok 6 - the 6 new tones with a numeric argument carry their documented delta
      ---
      duration_ms: 0.15182
      type: 'test'
      ...
    1..6
ok 717 - TONE_REGISTERS — completeness and delta plausibility
  ---
  duration_ms: 3.783476
  type: 'suite'
  ...
# Subtest: composeThresholds — base + delta + clamp
    # Subtest: no-fire: no genre and no tone composes to an empty object
    ok 1 - no-fire: no genre and no tone composes to an empty object
      ---
      duration_ms: 0.542574
      type: 'test'
      ...
    # Subtest: no-fire: genre alone reproduces its GENRE_RULE_MODIFIERS values unchanged
    ok 2 - no-fire: genre alone reproduces its GENRE_RULE_MODIFIERS values unchanged
      ---
      duration_ms: 0.200796
      type: 'test'
      ...
    # Subtest: fire: tone alone nudges the generic defaults (no genre modifier present)
    ok 3 - fire: tone alone nudges the generic defaults (no genre modifier present)
      ---
      duration_ms: 0.242245
      type: 'test'
      ...
    # Subtest: fire: genre + tone compose additively within bounds (no clamp engaged)
    ok 4 - fire: genre + tone compose additively within bounds (no clamp engaged)
      ---
      duration_ms: 0.142217
      type: 'test'
      ...
    # Subtest: fire: genre + tone sum exceeds THRESHOLD_BOUNDS max and is clamped
    ok 5 - fire: genre + tone sum exceeds THRESHOLD_BOUNDS max and is clamped
      ---
      duration_ms: 0.146221
      type: 'test'
      ...
    # Subtest: clampThreshold fires (clamps) when a raw value is far outside bounds
    ok 6 - clampThreshold fires (clamps) when a raw value is far outside bounds
      ---
      duration_ms: 0.236909
      type: 'test'
      ...
    # Subtest: clampThreshold does not fire (no clamp) when a raw value is already within bounds
    ok 7 - clampThreshold does not fire (no clamp) when a raw value is already within bounds
      ---
      duration_ms: 0.114631
      type: 'test'
      ...
    # Subtest: a field neither genre nor tone touches stays absent from the composed result
    ok 8 - a field neither genre nor tone touches stays absent from the composed result
      ---
      duration_ms: 0.129069
      type: 'test'
      ...
    # Subtest: fire: a new genre + new tone sum exceeds THRESHOLD_BOUNDS max and is clamped
    ok 9 - fire: a new genre + new tone sum exceeds THRESHOLD_BOUNDS max and is clamped
      ---
      duration_ms: 0.111493
      type: 'test'
      ...
    # Subtest: no-fire: a new genre alone (no tone) reproduces its GENRE_RULE_MODIFIERS value unchanged
    ok 10 - no-fire: a new genre alone (no tone) reproduces its GENRE_RULE_MODIFIERS value unchanged
      ---
      duration_ms: 0.120492
      type: 'test'
      ...
    # Subtest: fire: a new tone alone nudges the generic default (no genre modifier present)
    ok 11 - fire: a new tone alone nudges the generic default (no genre modifier present)
      ---
      duration_ms: 0.111746
      type: 'test'
      ...
    # Subtest: no-fire: an unrecognized-by-this-field new tone leaves an untouched field absent
    ok 12 - no-fire: an unrecognized-by-this-field new tone leaves an untouched field absent
      ---
      duration_ms: 0.150146
      type: 'test'
      ...
    1..12
ok 718 - composeThresholds — base + delta + clamp
  ---
  duration_ms: 2.799765
  type: 'suite'
  ...
# {"time":"2026-08-05T02:28:30.476Z","level":"info","msg":"request","method":"POST","path":"/api/story-tone","status":200,"ms":22}
# Subtest: routes/config — POST /api/story-tone (B1-a)
    # Subtest: accepts a known tone with 200 and echoes it back
    ok 1 - accepts a known tone with 200 and echoes it back
      ---
      duration_ms: 146.709623
      type: 'test'
      ...
# {"time":"2026-08-05T02:28:30.492Z","level":"info","msg":"request","method":"POST","path":"/api/story-tone","status":400,"ms":2}
    # Subtest: rejects an unknown tone with 400 (zod validation against TONE_NAME_LIST)
    ok 2 - rejects an unknown tone with 400 (zod validation against TONE_NAME_LIST)
      ---
      duration_ms: 9.341991
      type: 'test'
      ...
# {"time":"2026-08-05T02:28:30.498Z","level":"info","msg":"request","method":"POST","path":"/api/story-tone","status":400,"ms":1}
    # Subtest: rejects a missing tone field with 400
    ok 3 - rejects a missing tone field with 400
      ---
      duration_ms: 5.35499
      type: 'test'
      ...
# {"time":"2026-08-05T02:28:30.506Z","level":"info","msg":"request","method":"POST","path":"/api/story-tone","status":200,"ms":5}
# {"time":"2026-08-05T02:28:30.511Z","level":"info","msg":"request","method":"GET","path":"/api/story-config","status":200,"ms":2}
    # Subtest: persists per-session and is readable back from GET /api/story-config
    ok 4 - persists per-session and is readable back from GET /api/story-config
      ---
      duration_ms: 13.630478
      type: 'test'
      ...
# {"time":"2026-08-05T02:28:30.519Z","level":"info","msg":"request","method":"GET","path":"/api/story-config","status":200,"ms":5}
    # Subtest: GET /api/story-config reports story_tone: null when never set for a fresh session
    ok 5 - GET /api/story-config reports story_tone: null when never set for a fresh session
      ---
      duration_ms: 7.751404
      type: 'test'
      ...
    1..5
ok 719 - routes/config — POST /api/story-tone (B1-a)
  ---
  duration_ms: 1061.326192
  type: 'suite'
  ...
# {"time":"2026-08-05T02:28:30.536Z","level":"info","msg":"request","method":"POST","path":"/api/story-genre","status":200,"ms":5}
# {"time":"2026-08-05T02:28:30.541Z","level":"info","msg":"request","method":"GET","path":"/api/story-config","status":200,"ms":1}
# Subtest: routes/config — POST /api/story-genre accepts the expanded 47-genre roster
    # Subtest: accepts a newly-added B1-a genre (heist) with 200
    ok 1 - accepts a newly-added B1-a genre (heist) with 200
      ---
      duration_ms: 19.851479
      type: 'test'
      ...
# {"time":"2026-08-05T02:28:30.551Z","level":"info","msg":"request","method":"POST","path":"/api/story-genre","status":200,"ms":5}
# {"time":"2026-08-05T02:28:30.556Z","level":"info","msg":"request","method":"GET","path":"/api/story-config","status":200,"ms":1}
    # Subtest: accepts a genre-completion-wave genre (slasher) with 200 (route validates dynamically against GENRE_NAMES)
    ok 2 - accepts a genre-completion-wave genre (slasher) with 200 (route validates dynamically against GENRE_NAMES)
      ---
      duration_ms: 17.041012
      type: 'test'
      ...
# {"time":"2026-08-05T02:28:30.572Z","level":"info","msg":"request","method":"POST","path":"/api/story-genre","status":400,"ms":1}
    # Subtest: still rejects an unknown genre with 400 (no regression to the inline validation)
    ok 3 - still rejects an unknown genre with 400 (no regression to the inline validation)
      ---
      duration_ms: 13.173752
      type: 'test'
      ...
# {"time":"2026-08-05T02:28:30.581Z","level":"info","msg":"request","method":"POST","path":"/api/story-genre","status":200,"ms":6}
    # Subtest: still accepts one of the 8 original genres with 200 (no regression)
    ok 4 - still accepts one of the 8 original genres with 200 (no regression)
      ---
      duration_ms: 8.787404
      type: 'test'
      ...
    1..4
ok 720 - routes/config — POST /api/story-genre accepts the expanded 47-genre roster
  ---
  duration_ms: 60.716982
  type: 'suite'
  ...
# Subtest: composePromptModifiers — includeGenrePromise layers the structural contract (I1-a)
    # Subtest: fire: promise lines appear when a genre with genreRules is set and includeGenrePromise is true
    ok 1 - fire: promise lines appear when a genre with genreRules is set and includeGenrePromise is true
      ---
      duration_ms: 0.343953
      type: 'test'
      ...
    # Subtest: fire: the promise block survives a synergy override (structural contract binds even when the voice is replaced)
    ok 2 - fire: the promise block survives a synergy override (structural contract binds even when the voice is replaced)
      ---
      duration_ms: 0.21184
      type: 'test'
      ...
    # Subtest: no-fire: includeGenrePromise defaults to false — existing call sites stay byte-identical
    ok 3 - no-fire: includeGenrePromise defaults to false — existing call sites stay byte-identical
      ---
      duration_ms: 0.134732
      type: 'test'
      ...
    # Subtest: no-fire: includeGenrePromise with no genre set adds nothing
    ok 4 - no-fire: includeGenrePromise with no genre set adds nothing
      ---
      duration_ms: 0.106196
      type: 'test'
      ...
    1..4
ok 721 - composePromptModifiers — includeGenrePromise layers the structural contract (I1-a)
  ---
  duration_ms: 1.021428
  type: 'suite'
  ...
# Subtest: inflection-tension: reversal counting and inflectionRate
    # Subtest: a three-act arc has at least 1 reversal
    ok 1 - a three-act arc has at least 1 reversal
      ---
      duration_ms: 1.672383
      type: 'test'
      ...
    # Subtest: a three-act arc has positive inflectionRate
    ok 2 - a three-act arc has positive inflectionRate
      ---
      duration_ms: 0.372219
      type: 'test'
      ...
    # Subtest: a multi-reversal arc has 2 or more reversals
    ok 3 - a multi-reversal arc has 2 or more reversals
      ---
      duration_ms: 0.307981
      type: 'test'
      ...
    # Subtest: a multi-reversal arc has positive inflectionRate
    ok 4 - a multi-reversal arc has positive inflectionRate
      ---
      duration_ms: 0.245752
      type: 'test'
      ...
    # Subtest: a monotone-rising curve has 0 reversals
    ok 5 - a monotone-rising curve has 0 reversals
      ---
      duration_ms: 0.369524
      type: 'test'
      ...
    # Subtest: a monotone-rising curve has near-zero inflectionRate
    ok 6 - a monotone-rising curve has near-zero inflectionRate
      ---
      duration_ms: 0.259154
      type: 'test'
      ...
    # Subtest: peakToTroughRange is correct
    ok 7 - peakToTroughRange is correct
      ---
      duration_ms: 0.229221
      type: 'test'
      ...
    1..7
ok 722 - inflection-tension: reversal counting and inflectionRate
  ---
  duration_ms: 4.953204
  type: 'suite'
  ...
# Subtest: inflection-tension: degradation and determinism
    # Subtest: abstains below min scene count
    ok 1 - abstains below min scene count
      ---
      duration_ms: 0.349961
      type: 'test'
      ...
    # Subtest: is deterministic
    ok 2 - is deterministic
      ---
      duration_ms: 0.694757
      type: 'test'
      ...
    # Subtest: up-down-up pattern has 2 reversals
    ok 3 - up-down-up pattern has 2 reversals
      ---
      duration_ms: 0.401043
      type: 'test'
      ...
    # Subtest: reports tension curve
    ok 4 - reports tension curve
      ---
      duration_ms: 0.358319
      type: 'test'
      ...
    1..4
ok 723 - inflection-tension: degradation and determinism
  ---
  duration_ms: 2.301426
  type: 'suite'
  ...
# Subtest: inline-complete — off-by-default gating (G0-03)
    # Subtest: default config (no args) yields an inert extension — the off-by-default contract
    ok 1 - default config (no args) yields an inert extension — the off-by-default contract
      ---
      duration_ms: 1.167285
      type: 'test'
      ...
    # Subtest: enabled=false explicitly yields the same inert extension
    ok 2 - enabled=false explicitly yields the same inert extension
      ---
      duration_ms: 0.183697
      type: 'test'
      ...
    # Subtest: enabled=true yields the real completion extension chain — on/off is not a no-op
    ok 3 - enabled=true yields the real completion extension chain — on/off is not a no-op
      ---
      duration_ms: 0.475717
      type: 'test'
      ...
    1..3
ok 724 - inline-complete — off-by-default gating (G0-03)
  ---
  duration_ms: 4.49958
  type: 'suite'
  ...
# Subtest: analyzeInteriority - character interiority scoring
    # Subtest: extracts named characters from dialogue cues and returns non-empty perCharacter
    ok 1 - extracts named characters from dialogue cues and returns non-empty perCharacter
      ---
      duration_ms: 4.285796
      type: 'test'
      ...
    # Subtest: character with stated want scores higher interiority than blank character
    ok 2 - character with stated want scores higher interiority than blank character
      ---
      duration_ms: 0.572061
      type: 'test'
      ...
    # Subtest: counts dialogue blocks per character
    ok 3 - counts dialogue blocks per character
      ---
      duration_ms: 0.459801
      type: 'test'
      ...
    # Subtest: counts want cues in character dialogue
    ok 4 - counts want cues in character dialogue
      ---
      duration_ms: 0.343046
      type: 'test'
      ...
    # Subtest: counts fear cues in character dialogue
    ok 5 - counts fear cues in character dialogue
      ---
      duration_ms: 0.248234
      type: 'test'
      ...
    # Subtest: counts wound cues in character dialogue
    ok 6 - counts wound cues in character dialogue
      ---
      duration_ms: 0.306596
      type: 'test'
      ...
    # Subtest: charactersOpaque counts characters with >=3 blocks and zero cues
    ok 7 - charactersOpaque counts characters with >=3 blocks and zero cues
      ---
      duration_ms: 0.335703
      type: 'test'
      ...
    # Subtest: charactersOpaque is capped at 8 even with many opaque characters
    ok 8 - charactersOpaque is capped at 8 even with many opaque characters
      ---
      duration_ms: 3.081904
      type: 'test'
      ...
    # Subtest: minor characters (less than 3 dialogue blocks) do not count as opaque
    ok 9 - minor characters (less than 3 dialogue blocks) do not count as opaque
      ---
      duration_ms: 0.510009
      type: 'test'
      ...
    # Subtest: charactersWithWant counts characters with any want cue
    ok 10 - charactersWithWant counts characters with any want cue
      ---
      duration_ms: 0.616775
      type: 'test'
      ...
    # Subtest: wantNeedOppositionPresent is true when >=2 characters have want cues
    ok 11 - wantNeedOppositionPresent is true when >=2 characters have want cues
      ---
      duration_ms: 0.194883
      type: 'test'
      ...
    # Subtest: wantNeedOppositionPresent is false when only <=1 character has want cues
    ok 12 - wantNeedOppositionPresent is false when only <=1 character has want cues
      ---
      duration_ms: 0.15057
      type: 'test'
      ...
    # Subtest: returns scored=true when characters are found
    ok 13 - returns scored=true when characters are found
      ---
      duration_ms: 0.120493
      type: 'test'
      ...
    # Subtest: returns scored=false when no characters are found
    ok 14 - returns scored=false when no characters are found
      ---
      duration_ms: 0.104592
      type: 'test'
      ...
    # Subtest: interiority score is 0..1 and higher for characters with more cues
    ok 15 - interiority score is 0..1 and higher for characters with more cues
      ---
      duration_ms: 0.25653
      type: 'test'
      ...
    # Subtest: handles multi-line dialogue blocks correctly
    ok 16 - handles multi-line dialogue blocks correctly
      ---
      duration_ms: 0.165578
      type: 'test'
      ...
    # Subtest: ignores sluglines and transitions as dialogue cues
    ok 17 - ignores sluglines and transitions as dialogue cues
      ---
      duration_ms: 0.165975
      type: 'test'
      ...
    # Subtest: is deterministic across multiple runs
    ok 18 - is deterministic across multiple runs
      ---
      duration_ms: 0.258247
      type: 'test'
      ...
    # Subtest: handles ALL-CAPS character names with spaces and apostrophes
    ok 19 - handles ALL-CAPS character names with spaces and apostrophes
      ---
      duration_ms: 0.301471
      type: 'test'
      ...
    # Subtest: complex scene with mixed characters and cues
    ok 20 - complex scene with mixed characters and cues
      ---
      duration_ms: 0.272226
      type: 'test'
      ...
    1..20
ok 725 - analyzeInteriority - character interiority scoring
  ---
  duration_ms: 14.836493
  type: 'suite'
  ...
# Subtest: lib/interview — buildInterviewGrounding
    # Subtest: surfaces the belief matching the question topic among the top receipts
    ok 1 - surfaces the belief matching the question topic among the top receipts
      ---
      duration_ms: 2.599938
      type: 'test'
      ...
    # Subtest: does not surface an irrelevant belief above a relevant one when both have equal confidence/source
    ok 2 - does not surface an irrelevant belief above a relevant one when both have equal confidence/source
      ---
      duration_ms: 0.339592
      type: 'test'
      ...
    # Subtest: returns an empty beliefs array (not an error) for an agent with no beliefs
    ok 3 - returns an empty beliefs array (not an error) for an agent with no beliefs
      ---
      duration_ms: 0.999785
      type: 'test'
      ...
    # Subtest: reports emotion, defense, attachment, speechPattern, and goals for a fully-populated agent
    ok 4 - reports emotion, defense, attachment, speechPattern, and goals for a fully-populated agent
      ---
      duration_ms: 0.656006
      type: 'test'
      ...
    # Subtest: falls back to the hidden_motive as an implicit goal when no goalStack is set
    ok 5 - falls back to the hidden_motive as an implicit goal when no goalStack is set
      ---
      duration_ms: 0.347434
      type: 'test'
      ...
    # Subtest: derives relationshipsInPlay from theoryOfMind, most extreme trust first
    ok 6 - derives relationshipsInPlay from theoryOfMind, most extreme trust first
      ---
      duration_ms: 0.572991
      type: 'test'
      ...
    # Subtest: returns an empty relationshipsInPlay array when the agent has no theory-of-mind models
    ok 7 - returns an empty relationshipsInPlay array when the agent has no theory-of-mind models
      ---
      duration_ms: 0.305869
      type: 'test'
      ...
    # Subtest: sanitizes a hostile agent name and question so control characters cannot break the prompt
    ok 8 - sanitizes a hostile agent name and question so control characters cannot break the prompt
      ---
      duration_ms: 0.608592
      type: 'test'
      ...
    # Subtest: truncates an oversized agent name / question / belief instead of embedding them unbounded
    ok 9 - truncates an oversized agent name / question / belief instead of embedding them unbounded
      ---
      duration_ms: 0.614166
      type: 'test'
      ...
    # Subtest: produces byte-for-byte identical output across two calls with identical inputs (determinism)
    ok 10 - produces byte-for-byte identical output across two calls with identical inputs (determinism)
      ---
      duration_ms: 0.737249
      type: 'test'
      ...
    1..10
ok 726 - lib/interview — buildInterviewGrounding
  ---
  duration_ms: 9.831088
  type: 'suite'
  ...
# Subtest: createLatestRequest — latest-wins request core
    # Subtest: (a) out-of-order: a slow earlier run is dropped once a faster later run supersedes it
    ok 1 - (a) out-of-order: a slow earlier run is dropped once a faster later run supersedes it
      ---
      duration_ms: 6.607622
      type: 'test'
      ...
    # Subtest: (b) supersede: a new run aborts the previous run’s AbortSignal
    ok 2 - (b) supersede: a new run aborts the previous run’s AbortSignal
      ---
      duration_ms: 0.536448
      type: 'test'
      ...
    # Subtest: (c) dispose: after dispose(), a late resolve fires nothing (and the in-flight signal is aborted)
    ok 3 - (c) dispose: after dispose(), a late resolve fires nothing (and the in-flight signal is aborted)
      ---
      duration_ms: 3.985584
      type: 'test'
      ...
    # Subtest: routes a rejection to onError for the latest (undisposed) run
    ok 4 - routes a rejection to onError for the latest (undisposed) run
      ---
      duration_ms: 0.853208
      type: 'test'
      ...
    # Subtest: swallows a superseded run’s rejection (no spurious error surfaces)
    ok 5 - swallows a superseded run’s rejection (no spurious error surfaces)
      ---
      duration_ms: 1.112827
      type: 'test'
      ...
    # Subtest: a synchronous throw from the factory is routed to onError for the latest run
    ok 6 - a synchronous throw from the factory is routed to onError for the latest run
      ---
      duration_ms: 0.977444
      type: 'test'
      ...
    1..6
ok 727 - createLatestRequest — latest-wins request core
  ---
  duration_ms: 15.690846
  type: 'suite'
  ...
# Subtest: locateIssues — scene anchor
    # Subtest: resolves "Scene N" to the exact 1-based span fountain-analyzer.ts assigns that scene
    ok 1 - resolves "Scene N" to the exact 1-based span fountain-analyzer.ts assigns that scene
      ---
      duration_ms: 24.056382
      type: 'test'
      ...
    # Subtest: is case-insensitive on the "Scene" keyword
    ok 2 - is case-insensitive on the "Scene" keyword
      ---
      duration_ms: 0.500787
      type: 'test'
      ...
    # Subtest: falls back to document for an out-of-range scene index
    ok 3 - falls back to document for an out-of-range scene index
      ---
      duration_ms: 0.284044
      type: 'test'
      ...
    # Subtest: does not mistake a plural "Scenes N-M" range for a single scene anchor
    ok 4 - does not mistake a plural "Scenes N-M" range for a single scene anchor
      ---
      duration_ms: 0.692947
      type: 'test'
      ...
    # Subtest: resolves "Scene 1" against a headingless single-implicit-scene document
    ok 5 - resolves "Scene 1" against a headingless single-implicit-scene document
      ---
      duration_ms: 0.808887
      type: 'test'
      ...
    1..5
ok 728 - locateIssues — scene anchor
  ---
  duration_ms: 27.68424
  type: 'suite'
  ...
# Subtest: locateIssues — lines anchor
    # Subtest: resolves an explicit "Lines N-M" range verbatim
    ok 1 - resolves an explicit "Lines N-M" range verbatim
      ---
      duration_ms: 0.448114
      type: 'test'
      ...
    # Subtest: resolves a singular "Line N" to a one-line span
    ok 2 - resolves a singular "Line N" to a one-line span
      ---
      duration_ms: 0.385955
      type: 'test'
      ...
    # Subtest: clamps an out-of-bounds line range to the document length
    ok 3 - clamps an out-of-bounds line range to the document length
      ---
      duration_ms: 1.743411
      type: 'test'
      ...
    1..3
ok 729 - locateIssues — lines anchor
  ---
  duration_ms: 3.059325
  type: 'suite'
  ...
# Subtest: locateIssues — character anchor
    # Subtest: resolves "Character: NAME" to that character's first speaking line
    ok 1 - resolves "Character: NAME" to that character's first speaking line
      ---
      duration_ms: 0.696587
      type: 'test'
      ...
    # Subtest: resolves a bare all-caps character-cue location to the same first line
    ok 2 - resolves a bare all-caps character-cue location to the same first line
      ---
      duration_ms: 0.576303
      type: 'test'
      ...
    # Subtest: is case-insensitive on the "Character:" prefix and the name itself
    ok 3 - is case-insensitive on the "Character:" prefix and the name itself
      ---
      duration_ms: 0.231613
      type: 'test'
      ...
    # Subtest: falls back to document for a character who never speaks
    ok 4 - falls back to document for a character who never speaks
      ---
      duration_ms: 0.263238
      type: 'test'
      ...
    1..4
ok 730 - locateIssues — character anchor
  ---
  duration_ms: 2.134884
  type: 'suite'
  ...
# Subtest: locateIssues — document fallback
    # Subtest: anchors act-level/thematic locations to document with no line span
    ok 1 - anchors act-level/thematic locations to document with no line span
      ---
      duration_ms: 0.288379
      type: 'test'
      ...
    # Subtest: does not mistake an all-caps act-level location for a character cue
    ok 2 - does not mistake an all-caps act-level location for a character cue
      ---
      duration_ms: 0.183893
      type: 'test'
      ...
    # Subtest: preserves the original issue and pass alongside the resolved anchor
    ok 3 - preserves the original issue and pass alongside the resolved anchor
      ---
      duration_ms: 0.180594
      type: 'test'
      ...
    1..3
ok 731 - locateIssues — document fallback
  ---
  duration_ms: 0.79851
  type: 'suite'
  ...
# Subtest: locateIssues — determinism
    # Subtest: produces identical output across two calls on the same input
    ok 1 - produces identical output across two calls on the same input
      ---
      duration_ms: 0.325337
      type: 'test'
      ...
    # Subtest: treats whitespace-only fountain the same way analyzeFountainText treats it (zero scenes)
    ok 2 - treats whitespace-only fountain the same way analyzeFountainText treats it (zero scenes)
      ---
      duration_ms: 0.222815
      type: 'test'
      ...
    1..2
ok 732 - locateIssues — determinism
  ---
  duration_ms: 0.802336
  type: 'suite'
  ...
# Subtest: extractTitlePage — Fountain title-page parsing
    # Subtest: parses Title/Credit/Author from a standard title page
    ok 1 - parses Title/Credit/Author from a standard title page
      ---
      duration_ms: 1.595264
      type: 'test'
      ...
    # Subtest: strips Fountain emphasis markup from the title
    ok 2 - strips Fountain emphasis markup from the title
      ---
      duration_ms: 0.397232
      type: 'test'
      ...
    # Subtest: joins a multi-line indented continuation value with a space
    ok 3 - joins a multi-line indented continuation value with a space
      ---
      duration_ms: 0.258749
      type: 'test'
      ...
    # Subtest: accepts "Authors" (plural) as the author key
    ok 4 - accepts "Authors" (plural) as the author key
      ---
      duration_ms: 0.381911
      type: 'test'
      ...
    # Subtest: returns all nulls when the script opens directly on a scene heading (no title page)
    ok 5 - returns all nulls when the script opens directly on a scene heading (no title page)
      ---
      duration_ms: 1.033568
      type: 'test'
      ...
    # Subtest: returns all nulls when the script opens directly on "FADE IN:" (no title page)
    ok 6 - returns all nulls when the script opens directly on "FADE IN:" (no title page)
      ---
      duration_ms: 0.22284
      type: 'test'
      ...
    # Subtest: returns all nulls for empty input
    ok 7 - returns all nulls for empty input
      ---
      duration_ms: 0.261974
      type: 'test'
      ...
    1..7
ok 733 - extractTitlePage — Fountain title-page parsing
  ---
  duration_ms: 5.656605
  type: 'suite'
  ...
# Subtest: findIncitingIncident
    # Subtest: fires: uses the introduce_conflict scene's dramaticTurn
    ok 1 - fires: uses the introduce_conflict scene's dramaticTurn
      ---
      duration_ms: 0.518837
      type: 'test'
      ...
    # Subtest: falls back to scene 0's revelation when dramaticTurn is empty
    ok 2 - falls back to scene 0's revelation when dramaticTurn is empty
      ---
      duration_ms: 0.372211
      type: 'test'
      ...
    # Subtest: no-fire: empty records array returns null
    ok 3 - no-fire: empty records array returns null
      ---
      duration_ms: 0.445061
      type: 'test'
      ...
    # Subtest: no-fire: scene 0 has neither dramaticTurn nor revelation
    ok 4 - no-fire: scene 0 has neither dramaticTurn nor revelation
      ---
      duration_ms: 0.193009
      type: 'test'
      ...
    1..4
ok 734 - findIncitingIncident
  ---
  duration_ms: 2.158915
  type: 'suite'
  ...
# Subtest: findApparentGoal
    # Subtest: fires: finds the protagonist's first want-lexicon dialogue line
    ok 1 - fires: finds the protagonist's first want-lexicon dialogue line
      ---
      duration_ms: 1.641639
      type: 'test'
      ...
    # Subtest: no-fire: only a NON-protagonist speaks a want line
    ok 2 - no-fire: only a NON-protagonist speaks a want line
      ---
      duration_ms: 0.769993
      type: 'test'
      ...
    # Subtest: no-fire: protagonist speaks but never in the want-lexicon shape
    ok 3 - no-fire: protagonist speaks but never in the want-lexicon shape
      ---
      duration_ms: 0.448659
      type: 'test'
      ...
    # Subtest: no-fire: empty fountain or empty protagonist name
    ok 4 - no-fire: empty fountain or empty protagonist name
      ---
      duration_ms: 0.142123
      type: 'test'
      ...
    1..4
ok 735 - findApparentGoal
  ---
  duration_ms: 3.342008
  type: 'suite'
  ...
# Subtest: findCentralObstacle
    # Subtest: tier (a) fires: the protagonist's worst (most negative) relationship shift
    ok 1 - tier (a) fires: the protagonist's worst (most negative) relationship shift
      ---
      duration_ms: 0.57634
      type: 'test'
      ...
    # Subtest: tier (a) ignores relationship shifts that don't involve the protagonist
    ok 2 - tier (a) ignores relationship shifts that don't involve the protagonist
      ---
      duration_ms: 0.329905
      type: 'test'
      ...
    # Subtest: tier (b) fires: highest-betrayal scene with a distinct power-holder, when tier (a) is absent
    ok 3 - tier (b) fires: highest-betrayal scene with a distinct power-holder, when tier (a) is absent
      ---
      duration_ms: 0.269734
      type: 'test'
      ...
    # Subtest: tier (b) ignores a betrayal scene whose power-holder IS the protagonist
    ok 4 - tier (b) ignores a betrayal scene whose power-holder IS the protagonist
      ---
      duration_ms: 0.219274
      type: 'test'
      ...
    # Subtest: tier (c) fires: the climax scene's dramaticTurn when tiers (a)/(b) are absent
    ok 5 - tier (c) fires: the climax scene's dramaticTurn when tiers (a)/(b) are absent
      ---
      duration_ms: 0.267196
      type: 'test'
      ...
    # Subtest: tier (c) falls back to the single highest-suspense scene when no scene is tagged climax
    ok 6 - tier (c) falls back to the single highest-suspense scene when no scene is tagged climax
      ---
      duration_ms: 0.195719
      type: 'test'
      ...
    # Subtest: no-fire: no signal in any tier returns null
    ok 7 - no-fire: no signal in any tier returns null
      ---
      duration_ms: 1.741215
      type: 'test'
      ...
    # Subtest: tier (c) never emits raw multi-sentence text into the obstacle slot
    ok 8 - tier (c) never emits raw multi-sentence text into the obstacle slot
      ---
      duration_ms: 0.538957
      type: 'test'
      ...
    # Subtest: tier (c) obstacles slot grammatically into both assembleLogline branches
    ok 9 - tier (c) obstacles slot grammatically into both assembleLogline branches
      ---
      duration_ms: 0.317746
      type: 'test'
      ...
    # Subtest: no-fire: empty records or empty protagonist name
    ok 10 - no-fire: empty records or empty protagonist name
      ---
      duration_ms: 0.13564
      type: 'test'
      ...
    1..10
ok 736 - findCentralObstacle
  ---
  duration_ms: 4.976874
  type: 'suite'
  ...
# Subtest: buildLogline
    # Subtest: assembles a full logline from complete signals (inciting + goal + obstacle)
    ok 1 - assembles a full logline from complete signals (inciting + goal + obstacle)
      ---
      duration_ms: 0.835547
      type: 'test'
      ...
    # Subtest: degrades: no speaking character at all (empty report.characters) -> null
    ok 2 - degrades: no speaking character at all (empty report.characters) -> null
      ---
      duration_ms: 0.146749
      type: 'test'
      ...
    # Subtest: degrades: no goal found -> "must face {obstacle}" clause, no quoted want
    ok 3 - degrades: no goal found -> "must face {obstacle}" clause, no quoted want
      ---
      duration_ms: 0.407673
      type: 'test'
      ...
    # Subtest: degrades: neither goal nor obstacle found -> generic scene-count sentence
    ok 4 - degrades: neither goal nor obstacle found -> generic scene-count sentence
      ---
      duration_ms: 0.183988
      type: 'test'
      ...
    1..4
ok 737 - buildLogline
  ---
  duration_ms: 1.755384
  type: 'suite'
  ...
# Subtest: buildSynopsis
    # Subtest: fires: builds up to 3 sentences from setup/midpoint/climax beats
    ok 1 - fires: builds up to 3 sentences from setup/midpoint/climax beats
      ---
      duration_ms: 0.597599
      type: 'test'
      ...
    # Subtest: degrades: only the setup beat is present -> a single sentence
    ok 2 - degrades: only the setup beat is present -> a single sentence
      ---
      duration_ms: 0.154931
      type: 'test'
      ...
    # Subtest: no-fire: no records at all -> null
    ok 3 - no-fire: no records at all -> null
      ---
      duration_ms: 0.106883
      type: 'test'
      ...
    # Subtest: no-fire: records exist but no beat has any dramaticTurn/revelation text -> null
    ok 4 - no-fire: records exist but no beat has any dramaticTurn/revelation text -> null
      ---
      duration_ms: 0.11268
      type: 'test'
      ...
    1..4
ok 738 - buildSynopsis
  ---
  duration_ms: 1.133747
  type: 'suite'
  ...
# Subtest: buildGenreLine
    # Subtest: fires: formats a provided genre
    ok 1 - fires: formats a provided genre
      ---
      duration_ms: 0.256648
      type: 'test'
      ...
    # Subtest: no-fire: undefined/empty genre omits the line
    ok 2 - no-fire: undefined/empty genre omits the line
      ---
      duration_ms: 0.119791
      type: 'test'
      ...
    1..2
ok 739 - buildGenreLine
  ---
  duration_ms: 0.486213
  type: 'suite'
  ...
# Subtest: buildCompsSlot
    # Subtest: always returns the labeled placeholder, never a fabricated comp
    ok 1 - always returns the labeled placeholder, never a fabricated comp
      ---
      duration_ms: 0.125882
      type: 'test'
      ...
    1..1
ok 740 - buildCompsSlot
  ---
  duration_ms: 0.200356
  type: 'suite'
  ...
# Subtest: buildPitchContent
    # Subtest: combines all four builders over one shared input
    ok 1 - combines all four builders over one shared input
      ---
      duration_ms: 0.44907
      type: 'test'
      ...
    1..1
ok 741 - buildPitchContent
  ---
  duration_ms: 0.548545
  type: 'suite'
  ...
# Subtest: renderPitchKitHtml — pitch content markers
    # Subtest: refuses a pitch kit when the analysis is incomplete or scene-truncated
    ok 1 - refuses a pitch kit when the analysis is incomplete or scene-truncated
      ---
      duration_ms: 17.448595
      type: 'test'
      ...
    # Subtest: renders logline, genre, synopsis, and comps sections, plus a cast table with role hints
    ok 2 - renders logline, genre, synopsis, and comps sections, plus a cast table with role hints
      ---
      duration_ms: 25.996153
      type: 'test'
      ...
    # Subtest: omits the genre section entirely, and shows honest empty-notes, when pitchContent is absent
    ok 3 - omits the genre section entirely, and shows honest empty-notes, when pitchContent is absent
      ---
      duration_ms: 0.621176
      type: 'test'
      ...
    1..3
ok 742 - renderPitchKitHtml — pitch content markers
  ---
  duration_ms: 44.334514
  type: 'suite'
  ...
# Subtest: main.tsx fetch wrapper — Request/URL inputs are handled, not silently bypassed
    # Subtest: imports isSameOriginApiRequest from session.ts
    ok 1 - imports isSameOriginApiRequest from session.ts
      ---
      duration_ms: 1.280387
      type: 'test'
      ...
    # Subtest: no longer gates on `typeof input === "string"` alone
    ok 2 - no longer gates on `typeof input === "string"` alone
      ---
      duration_ms: 0.310961
      type: 'test'
      ...
    # Subtest: the wrapper's early-return guard calls isSameOriginApiRequest with the live origin
    ok 3 - the wrapper's early-return guard calls isSameOriginApiRequest with the live origin
      ---
      duration_ms: 0.367651
      type: 'test'
      ...
    # Subtest: falls back to the Request's own headers when init carries none, instead of dropping them
    ok 4 - falls back to the Request's own headers when init carries none, instead of dropping them
      ---
      duration_ms: 0.288569
      type: 'test'
      ...
    1..4
ok 743 - main.tsx fetch wrapper — Request/URL inputs are handled, not silently bypassed
  ---
  duration_ms: 3.900018
  type: 'suite'
  ...
# Subtest: Directly-wired panels — ref+hook on the same component as the dialog
    # Subtest: WhatIfPanel.tsx
        # Subtest: imports useModalFocusTrap from src/lib/use-modal-focus-trap
        ok 1 - imports useModalFocusTrap from src/lib/use-modal-focus-trap
          ---
          duration_ms: 1.091822
          type: 'test'
          ...
        # Subtest: declares panelRef and calls useModalFocusTrap(panelRef)
        ok 2 - declares panelRef and calls useModalFocusTrap(panelRef)
          ---
          duration_ms: 0.245253
          type: 'test'
          ...
        # Subtest: attaches the ref and tabIndex={-1} to the role="dialog" element
        ok 3 - attaches the ref and tabIndex={-1} to the role="dialog" element
          ---
          duration_ms: 0.452181
          type: 'test'
          ...
        1..3
    ok 1 - WhatIfPanel.tsx
      ---
      duration_ms: 2.909001
      type: 'suite'
      ...
    # Subtest: SlatePanel.tsx
        # Subtest: imports useModalFocusTrap from src/lib/use-modal-focus-trap
        ok 1 - imports useModalFocusTrap from src/lib/use-modal-focus-trap
          ---
          duration_ms: 0.17597
          type: 'test'
          ...
        # Subtest: declares panelRef and calls useModalFocusTrap(panelRef)
        ok 2 - declares panelRef and calls useModalFocusTrap(panelRef)
          ---
          duration_ms: 0.23535
          type: 'test'
          ...
        # Subtest: attaches the ref and tabIndex={-1} to the role="dialog" element
        ok 3 - attaches the ref and tabIndex={-1} to the role="dialog" element
          ---
          duration_ms: 0.295872
          type: 'test'
          ...
        1..3
    ok 2 - SlatePanel.tsx
      ---
      duration_ms: 1.212372
      type: 'suite'
      ...
    # Subtest: RoomPanel.tsx
        # Subtest: imports useModalFocusTrap from src/lib/use-modal-focus-trap
        ok 1 - imports useModalFocusTrap from src/lib/use-modal-focus-trap
          ---
          duration_ms: 0.402168
          type: 'test'
          ...
        # Subtest: declares panelRef and calls useModalFocusTrap(panelRef)
        ok 2 - declares panelRef and calls useModalFocusTrap(panelRef)
          ---
          duration_ms: 0.148444
          type: 'test'
          ...
        # Subtest: attaches the ref and tabIndex={-1} to the role="dialog" element
        ok 3 - attaches the ref and tabIndex={-1} to the role="dialog" element
          ---
          duration_ms: 0.242012
          type: 'test'
          ...
        1..3
    ok 3 - RoomPanel.tsx
      ---
      duration_ms: 1.312598
      type: 'suite'
      ...
    # Subtest: DirectorPanel.tsx
        # Subtest: imports useModalFocusTrap from src/lib/use-modal-focus-trap
        ok 1 - imports useModalFocusTrap from src/lib/use-modal-focus-trap
          ---
          duration_ms: 0.229139
          type: 'test'
          ...
        # Subtest: declares panelRef and calls useModalFocusTrap(panelRef)
        ok 2 - declares panelRef and calls useModalFocusTrap(panelRef)
          ---
          duration_ms: 0.103133
          type: 'test'
          ...
        # Subtest: attaches the ref and tabIndex={-1} to the role="dialog" element
        ok 3 - attaches the ref and tabIndex={-1} to the role="dialog" element
          ---
          duration_ms: 0.164891
          type: 'test'
          ...
        1..3
    ok 4 - DirectorPanel.tsx
      ---
      duration_ms: 0.716221
      type: 'suite'
      ...
    # Subtest: InterviewPanel.tsx
        # Subtest: imports useModalFocusTrap from src/lib/use-modal-focus-trap
        ok 1 - imports useModalFocusTrap from src/lib/use-modal-focus-trap
          ---
          duration_ms: 0.142318
          type: 'test'
          ...
        # Subtest: declares panelRef and calls useModalFocusTrap(panelRef)
        ok 2 - declares panelRef and calls useModalFocusTrap(panelRef)
          ---
          duration_ms: 0.147471
          type: 'test'
          ...
        # Subtest: attaches the ref and tabIndex={-1} to the role="dialog" element
        ok 3 - attaches the ref and tabIndex={-1} to the role="dialog" element
          ---
          duration_ms: 0.18606
          type: 'test'
          ...
        1..3
    ok 5 - InterviewPanel.tsx
      ---
      duration_ms: 2.227943
      type: 'suite'
      ...
    # Subtest: RevisionPanel.tsx
        # Subtest: imports useModalFocusTrap from src/lib/use-modal-focus-trap
        ok 1 - imports useModalFocusTrap from src/lib/use-modal-focus-trap
          ---
          duration_ms: 0.11679
          type: 'test'
          ...
        # Subtest: declares panelRef and calls useModalFocusTrap(panelRef)
        ok 2 - declares panelRef and calls useModalFocusTrap(panelRef)
          ---
          duration_ms: 0.089127
          type: 'test'
          ...
        # Subtest: attaches the ref and tabIndex={-1} to the role="dialog" element
        ok 3 - attaches the ref and tabIndex={-1} to the role="dialog" element
          ---
          duration_ms: 0.11034
          type: 'test'
          ...
        1..3
    ok 6 - RevisionPanel.tsx
      ---
      duration_ms: 0.433779
      type: 'suite'
      ...
    1..6
ok 744 - Directly-wired panels — ref+hook on the same component as the dialog
  ---
  duration_ms: 10.004747
  type: 'suite'
  ...
# Subtest: ScriptIDE.tsx — inline dialogs wired via local components
    # Subtest: imports useModalFocusTrap from src/lib/use-modal-focus-trap
    ok 1 - imports useModalFocusTrap from src/lib/use-modal-focus-trap
      ---
      duration_ms: 0.346423
      type: 'test'
      ...
    # Subtest: defines ActionRequiredModal and ChangeSetupConfirmModal as their own function components
    ok 2 - defines ActionRequiredModal and ChangeSetupConfirmModal as their own function components
      ---
      duration_ms: 0.130855
      type: 'test'
      ...
    # Subtest: each local modal component declares its own dialogRef and calls useModalFocusTrap(dialogRef)
    ok 3 - each local modal component declares its own dialogRef and calls useModalFocusTrap(dialogRef)
      ---
      duration_ms: 0.23525
      type: 'test'
      ...
    # Subtest: both dialog roots (Action Required, Change setup confirm) carry ref={dialogRef} and tabIndex={-1}
    ok 4 - both dialog roots (Action Required, Change setup confirm) carry ref={dialogRef} and tabIndex={-1}
      ---
      duration_ms: 0.217921
      type: 'test'
      ...
    # Subtest: the Action Required modal's input keeps its pre-existing autoFocus behavior
    ok 5 - the Action Required modal's input keeps its pre-existing autoFocus behavior
      ---
      duration_ms: 0.217629
      type: 'test'
      ...
    # Subtest: ScriptIDE itself renders the extracted components rather than the old inline JSX
    ok 6 - ScriptIDE itself renders the extracted components rather than the old inline JSX
      ---
      duration_ms: 0.193451
      type: 'test'
      ...
    1..6
ok 745 - ScriptIDE.tsx — inline dialogs wired via local components
  ---
  duration_ms: 1.567553
  type: 'suite'
  ...
# Subtest: computePivotStrength
    # Subtest: fires near-maximal on a scene that flips valence, control, relationships, and questions at once
    ok 1 - fires near-maximal on a scene that flips valence, control, relationships, and questions at once
      ---
      duration_ms: 1.241851
      type: 'test'
      ...
    # Subtest: does not fire on a flat, static talky scene (no-fire)
    ok 2 - does not fire on a flat, static talky scene (no-fire)
      ---
      duration_ms: 0.205237
      type: 'test'
      ...
    # Subtest: stays in range and non-NaN when only some signals are present
    ok 3 - stays in range and non-NaN when only some signals are present
      ---
      duration_ms: 0.2705
      type: 'test'
      ...
    1..3
ok 746 - computePivotStrength
  ---
  duration_ms: 3.034846
  type: 'suite'
  ...
# Subtest: computeCliffhangerStrength
    # Subtest: fires near-maximal on a clock+open-question+live-clue ending (fire)
    ok 1 - fires near-maximal on a clock+open-question+live-clue ending (fire)
      ---
      duration_ms: 0.367994
      type: 'test'
      ...
    # Subtest: scores 0 on a scene that closes every question it raised (no-fire)
    ok 2 - scores 0 on a scene that closes every question it raised (no-fire)
      ---
      duration_ms: 0.230884
      type: 'test'
      ...
    # Subtest: applies the confusion penalty when raised questions are never resolved anywhere
    ok 3 - applies the confusion penalty when raised questions are never resolved anywhere
      ---
      duration_ms: 0.18146
      type: 'test'
      ...
    1..3
ok 747 - computeCliffhangerStrength
  ---
  duration_ms: 1.227024
  type: 'suite'
  ...
# Subtest: twistImpact (via computeNarrativeMetrics)
    # Subtest: recontextualizing 4 earlier scenes beats recontextualizing 0
    ok 1 - recontextualizing 4 earlier scenes beats recontextualizing 0
      ---
      duration_ms: 2.723895
      type: 'test'
      ...
    # Subtest: scales monotonically with how many earlier scenes are recontextualized (1 of 4 < 4 of 4)
    ok 2 - scales monotonically with how many earlier scenes are recontextualized (1 of 4 < 4 of 4)
      ---
      duration_ms: 5.94789
      type: 'test'
      ...
    # Subtest: scores 0 with no revelation at all (no-fire)
    ok 3 - scores 0 with no revelation at all (no-fire)
      ---
      duration_ms: 0.537702
      type: 'test'
      ...
    # Subtest: scores 0 for a revelation in the very first scene (no earlier scenes to recontextualize)
    ok 4 - scores 0 for a revelation in the very first scene (no earlier scenes to recontextualize)
      ---
      duration_ms: 0.488534
      type: 'test'
      ...
    1..4
ok 748 - twistImpact (via computeNarrativeMetrics)
  ---
  duration_ms: 10.286981
  type: 'suite'
  ...
# Subtest: computeSuspenseEntropy
    # Subtest: rewards a variated rise-and-fall pattern (fire)
    ok 1 - rewards a variated rise-and-fall pattern (fire)
      ---
      duration_ms: 0.310505
      type: 'test'
      ...
    # Subtest: does not reward a monotone ramp (no-fire)
    ok 2 - does not reward a monotone ramp (no-fire)
      ---
      duration_ms: 0.187823
      type: 'test'
      ...
    # Subtest: scores 0 on a flat line (zero variance, guarded not to divide by zero)
    ok 3 - scores 0 on a flat line (zero variance, guarded not to divide by zero)
      ---
      duration_ms: 0.133291
      type: 'test'
      ...
    # Subtest: scores 0 for fewer than 3 scenes (a reversal needs 3 points to define)
    ok 4 - scores 0 for fewer than 3 scenes (a reversal needs 3 points to define)
      ---
      duration_ms: 0.245914
      type: 'test'
      ...
    1..4
ok 749 - computeSuspenseEntropy
  ---
  duration_ms: 1.077551
  type: 'suite'
  ...
# Subtest: computeMomentumConsistency
    # Subtest: scores high when every scene carries some forward pressure (fire)
    ok 1 - scores high when every scene carries some forward pressure (fire)
      ---
      duration_ms: 0.222098
      type: 'test'
      ...
    # Subtest: scores lower across a long dead stretch (no-fire)
    ok 2 - scores lower across a long dead stretch (no-fire)
      ---
      duration_ms: 0.137689
      type: 'test'
      ...
    # Subtest: returns exactly 0 (never NaN) when every signal is zero for every scene
    ok 3 - returns exactly 0 (never NaN) when every signal is zero for every scene
      ---
      duration_ms: 0.152031
      type: 'test'
      ...
    # Subtest: returns 0 for an empty script
    ok 4 - returns 0 for an empty script
      ---
      duration_ms: 4.295433
      type: 'test'
      ...
    1..4
ok 750 - computeMomentumConsistency
  ---
  duration_ms: 5.062868
  type: 'suite'
  ...
# Subtest: computeSurpriseProxy
    # Subtest: scores 0 for the first scene (no preceding distribution to be rare against)
    ok 1 - scores 0 for the first scene (no preceding distribution to be rare against)
      ---
      duration_ms: 0.23053
      type: 'test'
      ...
    # Subtest: scores 0 for a repeat of the only fingerprint seen so far, and 100 for a genuinely novel one
    ok 2 - scores 0 for a repeat of the only fingerprint seen so far, and 100 for a genuinely novel one
      ---
      duration_ms: 1.12384
      type: 'test'
      ...
    1..2
ok 751 - computeSurpriseProxy
  ---
  duration_ms: 1.486778
  type: 'suite'
  ...
# Subtest: computeInformationAsymmetryStrength
    # Subtest: fires high when a revelation, unpaid clues, and open questions all coincide
    ok 1 - fires high when a revelation, unpaid clues, and open questions all coincide
      ---
      duration_ms: 0.327002
      type: 'test'
      ...
    # Subtest: scores 0 when nothing is withheld from the audience (no-fire)
    ok 2 - scores 0 when nothing is withheld from the audience (no-fire)
      ---
      duration_ms: 0.11655
      type: 'test'
      ...
    1..2
ok 752 - computeInformationAsymmetryStrength
  ---
  duration_ms: 0.557609
  type: 'suite'
  ...
# Subtest: computePacingFit
    # Subtest: scores a rising trajectory a better fit against a rising arc than a falling arc
    ok 1 - scores a rising trajectory a better fit against a rising arc than a falling arc
      ---
      duration_ms: 0.600503
      type: 'test'
      ...
    # Subtest: returns null honestly (not a fabricated neutral score) when no arc is configured
    ok 2 - returns null honestly (not a fabricated neutral score) when no arc is configured
      ---
      duration_ms: 0.15361
      type: 'test'
      ...
    # Subtest: returns null honestly for an unrecognized arc string
    ok 3 - returns null honestly for an unrecognized arc string
      ---
      duration_ms: 0.148939
      type: 'test'
      ...
    # Subtest: is surfaced through computeNarrativeMetrics with the same honest-null behavior
    ok 4 - is surfaced through computeNarrativeMetrics with the same honest-null behavior
      ---
      duration_ms: 0.276798
      type: 'test'
      ...
    1..4
ok 753 - computePacingFit
  ---
  duration_ms: 1.360804
  type: 'suite'
  ...
# Subtest: computeNarrativeCohesion
    # Subtest: scores 100 when every scene shares vocabulary with another (fire)
    ok 1 - scores 100 when every scene shares vocabulary with another (fire)
      ---
      duration_ms: 2.686832
      type: 'test'
      ...
    # Subtest: scores 0 when no scene shares anything with any other (no-fire, all orphans)
    ok 2 - scores 0 when no scene shares anything with any other (no-fire, all orphans)
      ---
      duration_ms: 0.200635
      type: 'test'
      ...
    # Subtest: treats clue-id overlap as a connection even with disjoint prose
    ok 3 - treats clue-id overlap as a connection even with disjoint prose
      ---
      duration_ms: 0.326452
      type: 'test'
      ...
    # Subtest: defaults to 100 for a degenerate 0- or 1-scene script (vacuously cohesive)
    ok 4 - defaults to 100 for a degenerate 0- or 1-scene script (vacuously cohesive)
      ---
      duration_ms: 0.155028
      type: 'test'
      ...
    1..4
ok 754 - computeNarrativeCohesion
  ---
  duration_ms: 3.570699
  type: 'suite'
  ...
# Subtest: computeEmotionalImpactRange
    # Subtest: reports a nonzero peak and spread across a wide-dynamic-range script (fire)
    ok 1 - reports a nonzero peak and spread across a wide-dynamic-range script (fire)
      ---
      duration_ms: 0.237384
      type: 'test'
      ...
    # Subtest: reports {peak: 0, spread: 0} for a flat, low-intensity script (no-fire)
    ok 2 - reports {peak: 0, spread: 0} for a flat, low-intensity script (no-fire)
      ---
      duration_ms: 0.383838
      type: 'test'
      ...
    # Subtest: guards to {peak: 0, spread: 0} for an empty script
    ok 3 - guards to {peak: 0, spread: 0} for an empty script
      ---
      duration_ms: 0.140098
      type: 'test'
      ...
    1..3
ok 755 - computeEmotionalImpactRange
  ---
  duration_ms: 0.964696
  type: 'suite'
  ...
# Subtest: computeTensionMeasures
    # Subtest: reads structural pressure high when clocks and open questions are live everywhere (fire)
    ok 1 - reads structural pressure high when clocks and open questions are live everywhere (fire)
      ---
      duration_ms: 0.396452
      type: 'test'
      ...
    # Subtest: reads structural pressure at 0 with no clocks or open questions anywhere (no-fire)
    ok 2 - reads structural pressure at 0 with no clocks or open questions anywhere (no-fire)
      ---
      duration_ms: 0.42996
      type: 'test'
      ...
    # Subtest: reads rhythmic above 50 for a compressing (shrinking) scene-density trend
    ok 3 - reads rhythmic above 50 for a compressing (shrinking) scene-density trend
      ---
      duration_ms: 0.201526
      type: 'test'
      ...
    # Subtest: reads rhythmic below 50 for an expanding scene-density trend
    ok 4 - reads rhythmic below 50 for an expanding scene-density trend
      ---
      duration_ms: 0.275189
      type: 'test'
      ...
    # Subtest: centers rhythmic at 50 (no trend definable) for fewer than 2 scenes or an empty script
    ok 5 - centers rhythmic at 50 (no trend definable) for fewer than 2 scenes or an empty script
      ---
      duration_ms: 0.163687
      type: 'test'
      ...
    # Subtest: reads lexical as the signed raw mean of suspenseDelta (unbounded, not clamped to 0-100)
    ok 6 - reads lexical as the signed raw mean of suspenseDelta (unbounded, not clamped to 0-100)
      ---
      duration_ms: 0.210213
      type: 'test'
      ...
    # Subtest: reads asymmetric as the mean of computeInformationAsymmetryStrength across scenes
    ok 7 - reads asymmetric as the mean of computeInformationAsymmetryStrength across scenes
      ---
      duration_ms: 0.181691
      type: 'test'
      ...
    # Subtest: guards every field to a finite, non-NaN default for an empty script
    ok 8 - guards every field to a finite, non-NaN default for an empty script
      ---
      duration_ms: 0.161464
      type: 'test'
      ...
    1..8
ok 756 - computeTensionMeasures
  ---
  duration_ms: 2.528011
  type: 'suite'
  ...
# Subtest: computeNarrativeMetrics — edge cases
    # Subtest: handles an empty records array without throwing, returning an all-neutral summary
    ok 1 - handles an empty records array without throwing, returning an all-neutral summary
      ---
      duration_ms: 0.456023
      type: 'test'
      ...
    # Subtest: handles a single-scene script without throwing or producing NaN
    ok 2 - handles a single-scene script without throwing or producing NaN
      ---
      duration_ms: 1.425521
      type: 'test'
      ...
    # Subtest: returns every field as 0 (never NaN) when every scene has every signal at zero/absent
    ok 3 - returns every field as 0 (never NaN) when every scene has every signal at zero/absent
      ---
      duration_ms: 0.341045
      type: 'test'
      ...
    # Subtest: stays within documented ranges on a deterministically-varied multi-scene fixture (index-derived, no Math.random)
    ok 4 - stays within documented ranges on a deterministically-varied multi-scene fixture (index-derived, no Math.random)
      ---
      duration_ms: 1.735431
      type: 'test'
      ...
    # Subtest: is stable under permutation of the input array order (same records, different insertion order)
    ok 5 - is stable under permutation of the input array order (same records, different insertion order)
      ---
      duration_ms: 0.448115
      type: 'test'
      ...
    1..5
ok 757 - computeNarrativeMetrics — edge cases
  ---
  duration_ms: 4.701448
  type: 'suite'
  ...
# {"time":"2026-08-05T02:28:31.284Z","level":"warn","msg":"ai-provider-resolve-private-allowed","hostname":"127.0.0.1","address":"127.0.0.1","override":true}
# Subtest: keyless local-model generation (openai-compat)
    # Subtest: wires and generates against a local server with NO api key
    ok 1 - wires and generates against a local server with NO api key
      ---
      duration_ms: 56.272527
      type: 'test'
      ...
    1..1
ok 758 - keyless local-model generation (openai-compat)
  ---
  duration_ms: 58.274557
  type: 'suite'
  ...
# {"time":"2026-08-05T02:28:31.271Z","level":"warn","msg":"ai-provider-resolve-private-allowed","hostname":"127.0.0.1","address":"127.0.0.1","override":true}
# {"time":"2026-08-05T02:28:31.307Z","level":"warn","msg":"ai-provider-resolve-private-allowed","hostname":"127.0.0.1","address":"127.0.0.1","override":true}
# Subtest: fetchOpenAICompat — redirect SSRF hardening
    # Subtest: follows a same-origin redirect and preserves Authorization
    ok 1 - follows a same-origin redirect and preserves Authorization
      ---
      duration_ms: 58.001369
      type: 'test'
      ...
# {"time":"2026-08-05T02:28:31.321Z","level":"warn","msg":"ai-provider-resolve-private-allowed","hostname":"127.0.0.1","address":"127.0.0.1","override":true}
    # Subtest: rejects a redirect to 169.254.169.254 (cloud metadata)
# {"time":"2026-08-05T02:28:31.331Z","level":"warn","msg":"ai-provider-resolve-private-allowed","hostname":"127.0.0.1","address":"127.0.0.1","override":true}
    ok 2 - rejects a redirect to 169.254.169.254 (cloud metadata)
      ---
      duration_ms: 9.49715
      type: 'test'
      ...
# {"time":"2026-08-05T02:28:31.339Z","level":"warn","msg":"ai-provider-resolve-private-allowed","hostname":"127.0.0.1","address":"127.0.0.1","override":true}
    # Subtest: rejects a cross-origin redirect to a different loopback port (private pivot)
    ok 3 - rejects a cross-origin redirect to a different loopback port (private pivot)
      ---
      duration_ms: 9.901532
      type: 'test'
      ...
    # Subtest: throws when a redirect has no Location header
    ok 4 - throws when a redirect has no Location header
      ---
      duration_ms: 6.568086
      type: 'test'
      ...
# {"time":"2026-08-05T02:28:31.346Z","level":"warn","msg":"ai-provider-resolve-private-allowed","hostname":"127.0.0.1","address":"127.0.0.1","override":true}
# {"time":"2026-08-05T02:28:31.350Z","level":"warn","msg":"ai-provider-resolve-private-allowed","hostname":"127.0.0.1","address":"127.0.0.1","override":true}
# {"time":"2026-08-05T02:28:31.354Z","level":"warn","msg":"ai-provider-resolve-private-allowed","hostname":"127.0.0.1","address":"127.0.0.1","override":true}
# {"time":"2026-08-05T02:28:31.359Z","level":"warn","msg":"ai-provider-resolve-private-allowed","hostname":"127.0.0.1","address":"127.0.0.1","override":true}
    # Subtest: throws when redirect hop limit is exceeded
    ok 5 - throws when redirect hop limit is exceeded
      ---
      duration_ms: 13.506404
      type: 'test'
      ...
# {"time":"2026-08-05T02:28:31.366Z","level":"warn","msg":"ai-provider-resolve-private-allowed","hostname":"127.0.0.1","address":"127.0.0.1","override":true}
# {"time":"2026-08-05T02:28:31.371Z","level":"warn","msg":"ai-provider-resolve-private-allowed","hostname":"127.0.0.1","address":"127.0.0.1","override":true}
# {"time":"2026-08-05T02:28:31.377Z","level":"warn","msg":"ai-provider-resolve-private-allowed","hostname":"127.0.0.1","address":"127.0.0.1","override":true}
# {"time":"2026-08-05T02:28:31.381Z","level":"warn","msg":"ai-provider-resolve-private-allowed","hostname":"127.0.0.1","address":"127.0.0.1","override":true}
# {"time":"2026-08-05T02:28:31.384Z","level":"warn","msg":"ai-provider-resolve-private-allowed","hostname":"127.0.0.1","address":"127.0.0.1","override":true}
# {"time":"2026-08-05T02:28:31.387Z","level":"warn","msg":"ai-provider-resolve-private-allowed","hostname":"127.0.0.1","address":"127.0.0.1","override":true}
# {"time":"2026-08-05T02:28:31.390Z","level":"warn","msg":"ai-provider-resolve-private-allowed","hostname":"127.0.0.1","address":"127.0.0.1","override":true}
# {"time":"2026-08-05T02:28:31.396Z","level":"warn","msg":"ai-provider-resolve-private-allowed","hostname":"127.0.0.1","address":"127.0.0.1","override":true}
    # Subtest: allows exactly three redirects by default and rejects a fourth
    ok 6 - allows exactly three redirects by default and rejects a fourth
      ---
      duration_ms: 34.906487
      type: 'test'
      ...
    # Subtest: rejects invalid redirect limits before making a request
    ok 7 - rejects invalid redirect limits before making a request
      ---
      duration_ms: 0.694766
      type: 'test'
      ...
# {"time":"2026-08-05T02:28:31.413Z","level":"warn","msg":"ai-provider-resolve-private-allowed","hostname":"127.0.0.1","address":"127.0.0.1","override":true}
    # Subtest: LLM provider path rejects a redirect pivot to metadata (end-to-end)
    ok 8 - LLM provider path rejects a redirect pivot to metadata (end-to-end)
      ---
      duration_ms: 15.236921
      type: 'test'
      ...
# {"time":"2026-08-05T02:28:31.421Z","level":"warn","msg":"ai-provider-resolve-private-allowed","hostname":"127.0.0.1","address":"127.0.0.1","override":true}
# {"time":"2026-08-05T02:28:31.425Z","level":"warn","msg":"ai-provider-resolve-private-allowed","hostname":"127.0.0.1","address":"127.0.0.1","override":true}
# {"time":"2026-08-05T02:28:31.431Z","level":"warn","msg":"ai-provider-resolve-private-allowed","hostname":"127.0.0.1","address":"127.0.0.1","override":true}
    # Subtest: embedding, image, and TTS providers reject metadata redirects end-to-end
    ok 9 - embedding, image, and TTS providers reject metadata redirects end-to-end
      ---
      duration_ms: 20.371224
      type: 'test'
      ...
# {"time":"2026-08-05T02:28:31.435Z","level":"warn","msg":"ai-provider-resolve-private-allowed","hostname":"127.0.0.1","address":"127.0.0.1","override":true}
    # Subtest: production rejects an initial private target unless the explicit override is set
    ok 10 - production rejects an initial private target unless the explicit override is set
      ---
      duration_ms: 4.806053
      type: 'test'
      ...
# {"time":"2026-08-05T02:28:31.443Z","level":"warn","msg":"ai-provider-resolve-private-allowed","hostname":"127.0.0.1","address":"127.0.0.1","override":true}
    # Subtest: rejects protocol-relative Location that resolves to a private host
    ok 11 - rejects protocol-relative Location that resolves to a private host
      ---
      duration_ms: 3.74093
      type: 'test'
      ...
# {"time":"2026-08-05T02:28:31.447Z","level":"warn","msg":"ai-provider-resolve-private-allowed","hostname":"127.0.0.1","address":"127.0.0.1","override":true}
    # Subtest: rejects non-http and userinfo redirect targets even with private targets allowed
# {"time":"2026-08-05T02:28:31.455Z","level":"warn","msg":"ai-provider-resolve-private-allowed","hostname":"127.0.0.1","address":"127.0.0.1","override":true}
    ok 12 - rejects non-http and userinfo redirect targets even with private targets allowed
      ---
      duration_ms: 15.049702
      type: 'test'
      ...
    # Subtest: rejects a body-preserving cross-origin redirect before disclosing request content
# {"time":"2026-08-05T02:28:31.464Z","level":"warn","msg":"ai-provider-resolve-private-allowed","hostname":"127.0.0.1","address":"127.0.0.1","override":true}
    ok 13 - rejects a body-preserving cross-origin redirect before disclosing request content
      ---
      duration_ms: 8.707363
      type: 'test'
      ...
# {"time":"2026-08-05T02:28:31.468Z","level":"warn","msg":"ai-provider-resolve-private-allowed","hostname":"127.0.0.1","address":"127.0.0.1","override":true}
    # Subtest: applies Fetch POST-to-GET semantics on a cross-origin 302
# {"time":"2026-08-05T02:28:31.473Z","level":"warn","msg":"ai-provider-resolve-private-allowed","hostname":"127.0.0.1","address":"127.0.0.1","override":true}
    ok 14 - applies Fetch POST-to-GET semantics on a cross-origin 302
      ---
      duration_ms: 8.489677
      type: 'test'
      ...
# {"time":"2026-08-05T02:28:31.475Z","level":"warn","msg":"ai-provider-resolve-private-allowed","hostname":"127.0.0.1","address":"127.0.0.1","override":true}
# {"time":"2026-08-05T02:28:31.479Z","level":"warn","msg":"ai-provider-resolve-private-allowed","hostname":"benign-public.example.com","address":"127.0.0.1","override":true}
    # Subtest: strips Authorization on a successful cross-origin hop when private targets are allowed
    ok 15 - strips Authorization on a successful cross-origin hop when private targets are allowed
      ---
      duration_ms: 6.848119
      type: 'test'
      ...
    1..15
ok 759 - fetchOpenAICompat — redirect SSRF hardening
  ---
  duration_ms: 219.10124
  type: 'suite'
  ...
# Subtest: fetchOpenAICompat — DNS resolve-and-pin (rebinding defense)
    # Subtest: positive: a hostname resolving to a public IP is pinned to that IP and reaches the mock
    ok 1 - positive: a hostname resolving to a public IP is pinned to that IP and reaches the mock
      ---
      duration_ms: 5.321762
      type: 'test'
      ...
    # Subtest: DNS-rebinding block: production rejects a hostname that resolves to 169.254.169.254
    ok 2 - DNS-rebinding block: production rejects a hostname that resolves to 169.254.169.254
      ---
      duration_ms: 1.279375
      type: 'test'
      ...
    # Subtest: DNS-rebinding block: production rejects a hostname resolving to loopback (127.0.0.1)
    ok 3 - DNS-rebinding block: production rejects a hostname resolving to loopback (127.0.0.1)
      ---
      duration_ms: 1.051496
      type: 'test'
      ...
    # Subtest: DNS-rebinding block: production rejects a hostname resolving to RFC1918 (10.x)
    ok 4 - DNS-rebinding block: production rejects a hostname resolving to RFC1918 (10.x)
      ---
      duration_ms: 0.981903
      type: 'test'
      ...
    # Subtest: fails closed on NXDOMAIN / no resolved addresses (production)
    ok 5 - fails closed on NXDOMAIN / no resolved addresses (production)
      ---
      duration_ms: 1.201822
      type: 'test'
      ...
    # Subtest: fails closed on DNS lookup error (production)
    ok 6 - fails closed on DNS lookup error (production)
      ---
      duration_ms: 1.640388
      type: 'test'
      ...
# {"time":"2026-08-05T02:28:31.497Z","level":"warn","msg":"ai-provider-resolve-private-allowed","hostname":"local-ollama.example.com","address":"127.0.0.1","override":true}
    # Subtest: re-pin on redirect: a second hostname whose resolved IP is private is rejected even if hop 1 was public
    ok 7 - re-pin on redirect: a second hostname whose resolved IP is private is rejected even if hop 1 was public
      ---
      duration_ms: 5.501477
      type: 'test'
      ...
    # Subtest: override allows a hostname resolving to a private IP but still pins the connect to it
    ok 8 - override allows a hostname resolving to a private IP but still pins the connect to it
      ---
      duration_ms: 4.037876
      type: 'test'
      ...
    1..8
ok 760 - fetchOpenAICompat — DNS resolve-and-pin (rebinding defense)
  ---
  duration_ms: 21.634663
  type: 'suite'
  ...
# Subtest: estimatePages — realistic, and consistent with the editor
    # Subtest: the committed produced-screenplay corpus is present
    ok 1 - the committed produced-screenplay corpus is present
      ---
      duration_ms: 1.603135
      type: 'test'
      ...
    # Subtest: chain-of-custody.fountain: agrees with layoutScreenplay and lands in a real density band
    ok 2 - chain-of-custody.fountain: agrees with layoutScreenplay and lands in a real density band
      ---
      duration_ms: 3.691348
      type: 'test'
      ...
    # Subtest: close-quarters.fountain: agrees with layoutScreenplay and lands in a real density band
    ok 3 - close-quarters.fountain: agrees with layoutScreenplay and lands in a real density band
      ---
      duration_ms: 1.808372
      type: 'test'
      ...
    # Subtest: code-blue.fountain: agrees with layoutScreenplay and lands in a real density band
    ok 4 - code-blue.fountain: agrees with layoutScreenplay and lands in a real density band
      ---
      duration_ms: 2.306026
      type: 'test'
      ...
    # Subtest: counter-offer.fountain: agrees with layoutScreenplay and lands in a real density band
    ok 5 - counter-offer.fountain: agrees with layoutScreenplay and lands in a real density band
      ---
      duration_ms: 2.692047
      type: 'test'
      ...
    # Subtest: dead-frequency.fountain: agrees with layoutScreenplay and lands in a real density band
    ok 6 - dead-frequency.fountain: agrees with layoutScreenplay and lands in a real density band
      ---
      duration_ms: 2.728461
      type: 'test'
      ...
    # Subtest: high-voltage.fountain: agrees with layoutScreenplay and lands in a real density band
    ok 7 - high-voltage.fountain: agrees with layoutScreenplay and lands in a real density band
      ---
      duration_ms: 1.690858
      type: 'test'
      ...
    # Subtest: mise.fountain: agrees with layoutScreenplay and lands in a real density band
    ok 8 - mise.fountain: agrees with layoutScreenplay and lands in a real density band
      ---
      duration_ms: 3.582158
      type: 'test'
      ...
    # Subtest: off-season.fountain: agrees with layoutScreenplay and lands in a real density band
    ok 9 - off-season.fountain: agrees with layoutScreenplay and lands in a real density band
      ---
      duration_ms: 1.534383
      type: 'test'
      ...
    # Subtest: quiet-season.fountain: agrees with layoutScreenplay and lands in a real density band
    ok 10 - quiet-season.fountain: agrees with layoutScreenplay and lands in a real density band
      ---
      duration_ms: 10.252433
      type: 'test'
      ...
    # Subtest: red-line.fountain: agrees with layoutScreenplay and lands in a real density band
    ok 11 - red-line.fountain: agrees with layoutScreenplay and lands in a real density band
      ---
      duration_ms: 1.855946
      type: 'test'
      ...
    # Subtest: room-12.fountain: agrees with layoutScreenplay and lands in a real density band
    ok 12 - room-12.fountain: agrees with layoutScreenplay and lands in a real density band
      ---
      duration_ms: 5.173795
      type: 'test'
      ...
    # Subtest: runoff.fountain: agrees with layoutScreenplay and lands in a real density band
    ok 13 - runoff.fountain: agrees with layoutScreenplay and lands in a real density band
      ---
      duration_ms: 1.808574
      type: 'test'
      ...
    # Subtest: same-page.fountain: agrees with layoutScreenplay and lands in a real density band
    ok 14 - same-page.fountain: agrees with layoutScreenplay and lands in a real density band
      ---
      duration_ms: 3.37707
      type: 'test'
      ...
    # Subtest: soft-launch.fountain: agrees with layoutScreenplay and lands in a real density band
    ok 15 - soft-launch.fountain: agrees with layoutScreenplay and lands in a real density band
      ---
      duration_ms: 1.389814
      type: 'test'
      ...
    # Subtest: the-defense-rests.fountain: agrees with layoutScreenplay and lands in a real density band
    ok 16 - the-defense-rests.fountain: agrees with layoutScreenplay and lands in a real density band
      ---
      duration_ms: 1.533518
      type: 'test'
      ...
    # Subtest: the-detour.fountain: agrees with layoutScreenplay and lands in a real density band
    ok 17 - the-detour.fountain: agrees with layoutScreenplay and lands in a real density band
      ---
      duration_ms: 1.313909
      type: 'test'
      ...
    # Subtest: the-key-under-the-mat.fountain: agrees with layoutScreenplay and lands in a real density band
    ok 18 - the-key-under-the-mat.fountain: agrees with layoutScreenplay and lands in a real density band
      ---
      duration_ms: 1.382971
      type: 'test'
      ...
    # Subtest: transfer-window.fountain: agrees with layoutScreenplay and lands in a real density band
    ok 19 - transfer-window.fountain: agrees with layoutScreenplay and lands in a real density band
      ---
      duration_ms: 0.953535
      type: 'test'
      ...
    # Subtest: two-lane.fountain: agrees with layoutScreenplay and lands in a real density band
    ok 20 - two-lane.fountain: agrees with layoutScreenplay and lands in a real density band
      ---
      duration_ms: 1.435046
      type: 'test'
      ...
    # Subtest: undertow.fountain: agrees with layoutScreenplay and lands in a real density band
    ok 21 - undertow.fountain: agrees with layoutScreenplay and lands in a real density band
      ---
      duration_ms: 6.158456
      type: 'test'
      ...
    # Subtest: pooled density across the corpus is close to the 761-script corpus median (~215 w/p)
    ok 22 - pooled density across the corpus is close to the 761-script corpus median (~215 w/p)
      ---
      duration_ms: 22.010007
      type: 'test'
      ...
    # Subtest: a 14-scene sample can never be reported as one page
    ok 23 - a 14-scene sample can never be reported as one page
      ---
      duration_ms: 6.971644
      type: 'test'
      ...
    # Subtest: empty input yields no estimate rather than a fabricated one
    ok 24 - empty input yields no estimate rather than a fabricated one
      ---
      duration_ms: 0.222512
      type: 'test'
      ...
    # Subtest: runtime keeps the one-page-per-minute convention
    ok 25 - runtime keeps the one-page-per-minute convention
      ---
      duration_ms: 0.571632
      type: 'test'
      ...
    1..25
ok 761 - estimatePages — realistic, and consistent with the editor
  ---
  duration_ms: 90.721206
  type: 'suite'
  ...
# Subtest: estimatePages — pure helper
    # Subtest: fires: grows monotonically with script length, and agrees with the paginator
    ok 1 - fires: grows monotonically with script length, and agrees with the paginator
      ---
      duration_ms: 4.093156
      type: 'test'
      ...
    # Subtest: fires: floors at 1 page for any non-empty text (never 0 pages)
    ok 2 - fires: floors at 1 page for any non-empty text (never 0 pages)
      ---
      duration_ms: 0.297443
      type: 'test'
      ...
    # Subtest: no-fire: empty and whitespace-only input produce no estimate
    ok 3 - no-fire: empty and whitespace-only input produce no estimate
      ---
      duration_ms: 0.446419
      type: 'test'
      ...
    # Subtest: blank lines do not inflate the estimate (CRLF and LF treated alike)
    ok 4 - blank lines do not inflate the estimate (CRLF and LF treated alike)
      ---
      duration_ms: 1.259532
      type: 'test'
      ...
    1..4
ok 762 - estimatePages — pure helper
  ---
  duration_ms: 7.603471
  type: 'suite'
  ...
# Subtest: excerptNoteFor — pure helper
    # Subtest: fires below the RECOMMEND scene floor, with the scene count named
    ok 1 - fires below the RECOMMEND scene floor, with the scene count named
      ---
      duration_ms: 0.618099
      type: 'test'
      ...
    # Subtest: singularizes correctly for one scene
    ok 2 - singularizes correctly for one scene
      ---
      duration_ms: 0.251785
      type: 'test'
      ...
    # Subtest: no-fire: silent at and above the floor (never padded)
    ok 3 - no-fire: silent at and above the floor (never padded)
      ---
      duration_ms: 0.323947
      type: 'test'
      ...
    1..3
ok 763 - excerptNoteFor — pure helper
  ---
  duration_ms: 1.805485
  type: 'suite'
  ...
# Subtest: runScriptDoctor — pageEstimate + excerptNote integration
    # Subtest: short script: report carries both, consistent with the pure helpers
    ok 1 - short script: report carries both, consistent with the pure helpers
      ---
      duration_ms: 43.294055
      type: 'test'
      ...
    # Subtest: long script: estimate present, caveat absent
    ok 2 - long script: estimate present, caveat absent
      ---
      duration_ms: 360.9927
      type: 'test'
      ...
    # Subtest: degenerate empty input: no fabricated estimate, no caveat
    ok 3 - degenerate empty input: no fabricated estimate, no caveat
      ---
      duration_ms: 0.706577
      type: 'test'
      ...
    1..3
ok 764 - runScriptDoctor — pageEstimate + excerptNote integration
  ---
  duration_ms: 405.364404
  type: 'suite'
  ...
# Subtest: coverage HTML — estimate and caveat render
    # Subtest: renders pages/runtime in the meta line and the caveat when present
    ok 1 - renders pages/runtime in the meta line and the caveat when present
      ---
      duration_ms: 33.856156
      type: 'test'
      ...
    # Subtest: no-fire: long report renders the estimate but no excerpt line
    ok 2 - no-fire: long report renders the estimate but no excerpt line
      ---
      duration_ms: 2.948054
      type: 'test'
      ...
    1..2
ok 765 - coverage HTML — estimate and caveat render
  ---
  duration_ms: 37.009486
  type: 'suite'
  ...
# Subtest: pdfToFountain — classification by position
    # Subtest: classifies a slugline, action, character, parenthetical, dialogue, and transition purely by x-position
    ok 1 - classifies a slugline, action, character, parenthetical, dialogue, and transition purely by x-position
      ---
      duration_ms: 322.8255
      type: 'test'
      ...
    # Subtest: classifies dialogue split across multiple x-gapped glyph runs on one line, inferring word spaces correctly
    ok 2 - classifies dialogue split across multiple x-gapped glyph runs on one line, inferring word spaces correctly
      ---
      duration_ms: 6.628605
      type: 'test'
      ...
    # Subtest: force-headings a slugline-band line that reads like a heading but lacks INT/EXT
    ok 3 - force-headings a slugline-band line that reads like a heading but lacks INT/EXT
      ---
      duration_ms: 9.276009
      type: 'test'
      ...
    # Subtest: does not force-heading an ordinary action-band sentence that merely happens to be short
    ok 4 - does not force-heading an ordinary action-band sentence that merely happens to be short
      ---
      duration_ms: 5.655845
      type: 'test'
      ...
    1..4
ok 766 - pdfToFountain — classification by position
  ---
  duration_ms: 345.867775
  type: 'suite'
  ...
# Subtest: pdfToFountain — page-number, MORE, and CONTINUED stripping
    # Subtest: strips page numbers, a repeated running header, and (MORE)/CONTINUED: page-break furniture
    ok 1 - strips page numbers, a repeated running header, and (MORE)/CONTINUED: page-break furniture
      ---
      duration_ms: 8.975402
      type: 'test'
      ...
    # Subtest: leaves a legitimately short numeric-looking scene element alone when it is not in the margin band
    ok 2 - leaves a legitimately short numeric-looking scene element alone when it is not in the margin band
      ---
      duration_ms: 4.608592
      type: 'test'
      ...
    1..2
ok 767 - pdfToFountain — page-number, MORE, and CONTINUED stripping
  ---
  duration_ms: 13.867457
  type: 'suite'
  ...
# Subtest: pdfToFountain — multi-page dialogue continuation
    # Subtest: merges a speech split across a page break into one uninterrupted dialogue block
    ok 1 - merges a speech split across a page break into one uninterrupted dialogue block
      ---
      duration_ms: 8.134918
      type: 'test'
      ...
    # Subtest: does NOT merge a genuinely new speaker whose name happens to follow a MORE-truncated speech
    ok 2 - does NOT merge a genuinely new speaker whose name happens to follow a MORE-truncated speech
      ---
      duration_ms: 7.320537
      type: 'test'
      ...
    1..2
ok 768 - pdfToFountain — multi-page dialogue continuation
  ---
  duration_ms: 15.958869
  type: 'suite'
  ...
# Subtest: pdfToFountain — invalid input
    # Subtest: throws when the bytes have no %PDF header at all
    ok 1 - throws when the bytes have no %PDF header at all
      ---
      duration_ms: 1.231855
      type: 'test'
      ...
    # Subtest: throws the documented scan message when no page has a text layer
    ok 2 - throws the documented scan message when no page has a text layer
      ---
      duration_ms: 3.972988
      type: 'test'
      ...
    # Subtest: warns (but does not throw) when only some pages lack a text layer
    ok 3 - warns (but does not throw) when only some pages lack a text layer
      ---
      duration_ms: 5.873533
      type: 'test'
      ...
    1..3
ok 769 - pdfToFountain — invalid input
  ---
  duration_ms: 11.326964
  type: 'suite'
  ...
# Subtest: pdfToFountain — determinism
    # Subtest: produces byte-identical output across repeated conversions of the same bytes
    ok 1 - produces byte-identical output across repeated conversions of the same bytes
      ---
      duration_ms: 15.04408
      type: 'test'
      ...
    1..1
ok 770 - pdfToFountain — determinism
  ---
  duration_ms: 15.298731
  type: 'suite'
  ...
# [latency] largest sample "Nine Minutes" (1938 chars): sequential median=24.852ms, parallel median=22.266ms (runs — sequential: [25.59, 45.95, 24.85, 22.02, 21.81, 21.78, 26.15], parallel: [22.73, 21.64, 26.82, 21.22, 22.27, 22.21, 26.70])
# Subtest: parallel diagnose-only pipeline — identity proof
    # Subtest: parallel fast path is byte-identical (minus analyzedAt) to the sequential reference — corpus:strong:Low Tide
    ok 1 - parallel fast path is byte-identical (minus analyzedAt) to the sequential reference — corpus:strong:Low Tide
      ---
      duration_ms: 88.182704
      type: 'test'
      ...
    # Subtest: parallel fast path is byte-identical (minus analyzedAt) to the sequential reference — corpus:competent:Reasonable Doubt
    ok 2 - parallel fast path is byte-identical (minus analyzedAt) to the sequential reference — corpus:competent:Reasonable Doubt
      ---
      duration_ms: 60.58481
      type: 'test'
      ...
    # Subtest: parallel fast path is byte-identical (minus analyzedAt) to the sequential reference — corpus:weak:Yard Signs
    ok 3 - parallel fast path is byte-identical (minus analyzedAt) to the sequential reference — corpus:weak:Yard Signs
      ---
      duration_ms: 65.948737
      type: 'test'
      ...
    # Subtest: parallel fast path is byte-identical (minus analyzedAt) to the sequential reference — corpus:troubled:The Grift
    ok 4 - parallel fast path is byte-identical (minus analyzedAt) to the sequential reference — corpus:troubled:The Grift
      ---
      duration_ms: 66.871759
      type: 'test'
      ...
    # Subtest: parallel fast path is byte-identical (minus analyzedAt) to the sequential reference — small fixture
    ok 5 - parallel fast path is byte-identical (minus analyzedAt) to the sequential reference — small fixture
      ---
      duration_ms: 23.859187
      type: 'test'
      ...
    # Subtest: result order always matches pipeline order (structure..relationship-arc), regardless of settlement order
    ok 6 - result order always matches pipeline order (structure..relationship-arc), regardless of settlement order
      ---
      duration_ms: 23.131396
      type: 'test'
      ...
    1..6
ok 771 - parallel diagnose-only pipeline — identity proof
  ---
  duration_ms: 330.465046
  type: 'suite'
  ...
# Subtest: doctor cache (contentHash + storyContext keyed LRU) — cache proof
    # Subtest: second call on the same fountain returns an equal (minus analyzedAt) report, measurably faster
    ok 1 - second call on the same fountain returns an equal (minus analyzedAt) report, measurably faster
      ---
      duration_ms: 23.312679
      type: 'test'
      ...
    # Subtest: different fountain text never false-hits (different contentHash -> independent cache entries)
    ok 2 - different fountain text never false-hits (different contentHash -> independent cache entries)
      ---
      duration_ms: 54.872252
      type: 'test'
      ...
    # Subtest: storyContext folds into the cache key — same fountain, different storyContext.theme -> independently correct reports, no false hit
    ok 3 - storyContext folds into the cache key — same fountain, different storyContext.theme -> independently correct reports, no false hit
      ---
      duration_ms: 11.743799
      type: 'test'
      ...
    # Subtest: clearDoctorCache() actually clears — a call right after clearing does real recompute work, not a stale hit
    ok 4 - clearDoctorCache() actually clears — a call right after clearing does real recompute work, not a stale hit
      ---
      duration_ms: 52.88237
      type: 'test'
      ...
    1..4
ok 772 - doctor cache (contentHash + storyContext keyed LRU) — cache proof
  ---
  duration_ms: 143.589687
  type: 'suite'
  ...
# Subtest: latency measurement (informational — not asserted)
    # Subtest: reports sequential vs parallel wall-clock time on the largest corpus sample
    ok 1 - reports sequential vs parallel wall-clock time on the largest corpus sample # TODO informational latency report only -- deliberately asserts nothing about relative speed (see the comment at the end of this test), so it must not count toward the suite's pass total
      ---
      duration_ms: 399.063512
      type: 'test'
      ...
    1..1
ok 773 - latency measurement (informational — not asserted)
  ---
  duration_ms: 399.340356
  type: 'suite'
  ...
# Subtest: projection richness — UPDATE_BELIEF
    # Subtest: fire: renders a character cue + "(believing) <proposition>" dialogue line
    ok 1 - fire: renders a character cue + "(believing) <proposition>" dialogue line
      ---
      duration_ms: 2.272976
      type: 'test'
      ...
    # Subtest: no-fire: an ops-free scene has no character cue and no "(believing)" text
    ok 2 - no-fire: an ops-free scene has no character cue and no "(believing)" text
      ---
      duration_ms: 0.182126
      type: 'test'
      ...
    1..2
ok 774 - projection richness — UPDATE_BELIEF
  ---
  duration_ms: 3.838915
  type: 'suite'
  ...
# Subtest: projection richness — SHIFT_RELATIONSHIP
    # Subtest: fire: renders an action line naming both characters and the reason
    ok 1 - fire: renders an action line naming both characters and the reason
      ---
      duration_ms: 0.586808
      type: 'test'
      ...
    # Subtest: no-fire: an ops-free scene has no "dynamic between" text
    ok 2 - no-fire: an ops-free scene has no "dynamic between" text
      ---
      duration_ms: 0.165147
      type: 'test'
      ...
    1..2
ok 775 - projection richness — SHIFT_RELATIONSHIP
  ---
  duration_ms: 1.096427
  type: 'suite'
  ...
# Subtest: projection richness — RECORD_VISUAL_FACT
    # Subtest: fire: renders an ALL-CAPS action line of the fact
    ok 1 - fire: renders an ALL-CAPS action line of the fact
      ---
      duration_ms: 0.412951
      type: 'test'
      ...
    # Subtest: no-fire: an ops-free scene has no visual-fact text
    ok 2 - no-fire: an ops-free scene has no visual-fact text
      ---
      duration_ms: 0.289264
      type: 'test'
      ...
    1..2
ok 776 - projection richness — RECORD_VISUAL_FACT
  ---
  duration_ms: 1.164929
  type: 'suite'
  ...
# Subtest: projection richness — RECORD_SONIC_FACT
    # Subtest: fire: renders an ALL-CAPS "(SOUND)"-suffixed action line
    ok 1 - fire: renders an ALL-CAPS "(SOUND)"-suffixed action line
      ---
      duration_ms: 0.457277
      type: 'test'
      ...
    # Subtest: no-fire: an ops-free scene has no sonic-fact text
    ok 2 - no-fire: an ops-free scene has no sonic-fact text
      ---
      duration_ms: 0.151084
      type: 'test'
      ...
    1..2
ok 777 - projection richness — RECORD_SONIC_FACT
  ---
  duration_ms: 0.964647
  type: 'suite'
  ...
# Subtest: projection richness — ADD_FACT
    # Subtest: fire: renders a dramatized action line carrying subject/predicate/object
    ok 1 - fire: renders a dramatized action line carrying subject/predicate/object
      ---
      duration_ms: 0.563092
      type: 'test'
      ...
    # Subtest: fire (moves_to variant): renders a location-aware scene heading AND an arrival action line
    ok 2 - fire (moves_to variant): renders a location-aware scene heading AND an arrival action line
      ---
      duration_ms: 0.66891
      type: 'test'
      ...
    # Subtest: no-fire: an ops-free scene has no ADD_FACT text
    ok 3 - no-fire: an ops-free scene has no ADD_FACT text
      ---
      duration_ms: 0.169755
      type: 'test'
      ...
    1..3
ok 778 - projection richness — ADD_FACT
  ---
  duration_ms: 1.651183
  type: 'suite'
  ...
# Subtest: projection richness — EXPIRE_FACT
    # Subtest: fire: renders an action line marking the fact's lapse, id humanized
    ok 1 - fire: renders an action line marking the fact's lapse, id humanized
      ---
      duration_ms: 0.548831
      type: 'test'
      ...
    # Subtest: no-fire: an ops-free scene has no expiry text
    ok 2 - no-fire: an ops-free scene has no expiry text
      ---
      duration_ms: 0.123952
      type: 'test'
      ...
    1..2
ok 779 - projection richness — EXPIRE_FACT
  ---
  duration_ms: 0.806777
  type: 'suite'
  ...
# Subtest: projection richness — APPRAISE_EMOTION
    # Subtest: fire: renders a physical action beat for the dominant emotion (never states the emotion word as narration)
    ok 1 - fire: renders a physical action beat for the dominant emotion (never states the emotion word as narration)
      ---
      duration_ms: 0.462795
      type: 'test'
      ...
    # Subtest: every dominant emotion (joy/distress/anger/fear/pride/shame/neutral) renders a distinct beat
    ok 2 - every dominant emotion (joy/distress/anger/fear/pride/shame/neutral) renders a distinct beat
      ---
      duration_ms: 0.605351
      type: 'test'
      ...
    # Subtest: no-fire: an ops-free scene has no emotion-beat text
    ok 3 - no-fire: an ops-free scene has no emotion-beat text
      ---
      duration_ms: 0.126031
      type: 'test'
      ...
    1..3
ok 780 - projection richness — APPRAISE_EMOTION
  ---
  duration_ms: 1.37986
  type: 'suite'
  ...
# Subtest: projection richness — ADVANCE_OBJECT_ARC
    # Subtest: fire: renders an action line showing the object's new state
    ok 1 - fire: renders an action line showing the object's new state
      ---
      duration_ms: 0.429626
      type: 'test'
      ...
    # Subtest: no-fire: an ops-free scene has no object-arc text
    ok 2 - no-fire: an ops-free scene has no object-arc text
      ---
      duration_ms: 0.116756
      type: 'test'
      ...
    1..2
ok 781 - projection richness — ADVANCE_OBJECT_ARC
  ---
  duration_ms: 0.685958
  type: 'suite'
  ...
# Subtest: projection richness — TRIGGER_RULE
    # Subtest: fire: renders an action line showing the mechanism visibly operating
    ok 1 - fire: renders an action line showing the mechanism visibly operating
      ---
      duration_ms: 0.32231
      type: 'test'
      ...
    # Subtest: no-fire: an ops-free scene has no mechanism text
    ok 2 - no-fire: an ops-free scene has no mechanism text
      ---
      duration_ms: 0.202723
      type: 'test'
      ...
    1..2
ok 782 - projection richness — TRIGGER_RULE
  ---
  duration_ms: 0.670007
  type: 'suite'
  ...
# Subtest: projection richness — SEED_CLUE
    # Subtest: fire: renders an action line with a quoted, distinctive clue token
    ok 1 - fire: renders an action line with a quoted, distinctive clue token
      ---
      duration_ms: 0.336522
      type: 'test'
      ...
    # Subtest: every clue carrier renders its own descriptive phrase
    ok 2 - every clue carrier renders its own descriptive phrase
      ---
      duration_ms: 0.606297
      type: 'test'
      ...
    # Subtest: no-fire: an ops-free scene has no clue-seed text
    ok 3 - no-fire: an ops-free scene has no clue-seed text
      ---
      duration_ms: 0.11936
      type: 'test'
      ...
    1..3
ok 783 - projection richness — SEED_CLUE
  ---
  duration_ms: 1.249049
  type: 'suite'
  ...
# Subtest: projection richness — PAYOFF_SETUP
    # Subtest: fire: renders a callback action line re-quoting the setup id
    ok 1 - fire: renders a callback action line re-quoting the setup id
      ---
      duration_ms: 0.352278
      type: 'test'
      ...
    # Subtest: no-fire: an ops-free scene has no payoff-callback text
    ok 2 - no-fire: an ops-free scene has no payoff-callback text
      ---
      duration_ms: 0.119412
      type: 'test'
      ...
    1..2
ok 784 - projection richness — PAYOFF_SETUP
  ---
  duration_ms: 0.587479
  type: 'suite'
  ...
# Subtest: projection richness — RAISE_CLOCK
    # Subtest: fire: renders an action line with deadline/urgency vocabulary
    ok 1 - fire: renders an action line with deadline/urgency vocabulary
      ---
      duration_ms: 0.274439
      type: 'test'
      ...
    # Subtest: no-fire: an ops-free scene has no clock text
    ok 2 - no-fire: an ops-free scene has no clock text
      ---
      duration_ms: 1.636788
      type: 'test'
      ...
    1..2
ok 785 - projection richness — RAISE_CLOCK
  ---
  duration_ms: 2.031566
  type: 'suite'
  ...
# Subtest: projection richness — ADVANCE_THEME_ARGUMENT
    # Subtest: fire: renders a two-voice dialogue exchange embodying the thematic move
    ok 1 - fire: renders a two-voice dialogue exchange embodying the thematic move
      ---
      duration_ms: 0.612326
      type: 'test'
      ...
    # Subtest: every ThemeMove renders a distinct two-line exchange
    ok 2 - every ThemeMove renders a distinct two-line exchange
      ---
      duration_ms: 0.429359
      type: 'test'
      ...
    # Subtest: no-fire: an ops-free scene has no VOICE A/B cues
    ok 3 - no-fire: an ops-free scene has no VOICE A/B cues
      ---
      duration_ms: 0.109011
      type: 'test'
      ...
    1..3
ok 786 - projection richness — ADVANCE_THEME_ARGUMENT
  ---
  duration_ms: 1.289478
  type: 'suite'
  ...
# Subtest: projection richness — UPDATE_READER_STATE
    # Subtest: fire (suspense > 0): renders a danger-leaning atmosphere line
    ok 1 - fire (suspense > 0): renders a danger-leaning atmosphere line
      ---
      duration_ms: 0.499876
      type: 'test'
      ...
    # Subtest: fire (suspense < 0): renders a relief-leaning atmosphere line
    ok 2 - fire (suspense < 0): renders a relief-leaning atmosphere line
      ---
      duration_ms: 0.190307
      type: 'test'
      ...
    # Subtest: fire (curiosity > 0, suspense 0): renders a mystery-leaning atmosphere line
    ok 3 - fire (curiosity > 0, suspense 0): renders a mystery-leaning atmosphere line
      ---
      duration_ms: 0.173597
      type: 'test'
      ...
    # Subtest: no-fire (both fields zero): renders no atmosphere line at all — "subtle" means silence, not noise
    ok 4 - no-fire (both fields zero): renders no atmosphere line at all — "subtle" means silence, not noise
      ---
      duration_ms: 0.120071
      type: 'test'
      ...
    # Subtest: no-fire: an ops-free scene has no atmosphere text
    ok 5 - no-fire: an ops-free scene has no atmosphere text
      ---
      duration_ms: 0.287778
      type: 'test'
      ...
    1..5
ok 787 - projection richness — UPDATE_READER_STATE
  ---
  duration_ms: 1.461862
  type: 'suite'
  ...
# Subtest: projection richness — a commit carrying all 14 StoryOp kinds compiles to valid Fountain
    # Subtest: all 14 op kinds are exercised by this fixture (guards the fixture itself from silently losing a kind)
    ok 1 - all 14 op kinds are exercised by this fixture (guards the fixture itself from silently losing a kind)
      ---
      duration_ms: 0.229877
      type: 'test'
      ...
    # Subtest: parseFountain reads the compiled output with zero lint errors (no camera-bleed, no malformed lines)
    ok 2 - parseFountain reads the compiled output with zero lint errors (no camera-bleed, no malformed lines)
      ---
      duration_ms: 3.867924
      type: 'test'
      ...
    # Subtest: the compiled output contains at least one real scene heading
    ok 3 - the compiled output contains at least one real scene heading
      ---
      duration_ms: 0.896682
      type: 'test'
      ...
    # Subtest: every character cue is followed (within the scene) by at least one dialogue block
    ok 4 - every character cue is followed (within the scene) by at least one dialogue block
      ---
      duration_ms: 0.828542
      type: 'test'
      ...
    # Subtest: every one of the 14 ops leaves its distinctive marker text somewhere in the compiled fountain
    ok 5 - every one of the 14 ops leaves its distinctive marker text somewhere in the compiled fountain
      ---
      duration_ms: 0.465606
      type: 'test'
      ...
    # Subtest: re-parsing the compiled fountain through analyzeFountainText round-trips without throwing
    ok 6 - re-parsing the compiled fountain through analyzeFountainText round-trips without throwing
      ---
      duration_ms: 41.094824
      type: 'test'
      ...
    1..6
ok 788 - projection richness — a commit carrying all 14 StoryOp kinds compiles to valid Fountain
  ---
  duration_ms: 47.686394
  type: 'suite'
  ...
# Subtest: projection targets — treatment
    # Subtest: fire: has a logline naming the protagonist and their opposition, plus a closing status paragraph
    ok 1 - fire: has a logline naming the protagonist and their opposition, plus a closing status paragraph
      ---
      duration_ms: 3.832802
      type: 'test'
      ...
    # Subtest: no-fire/edge: empty canon still produces a valid minimal document; reverted commits excluded
    ok 2 - no-fire/edge: empty canon still produces a valid minimal document; reverted commits excluded
      ---
      duration_ms: 0.285774
      type: 'test'
      ...
    1..2
ok 789 - projection targets — treatment
  ---
  duration_ms: 5.542241
  type: 'suite'
  ...
# Subtest: projection targets — outline
    # Subtest: fire: has a [PAYOFF] tag when PAYOFF_SETUP is present, and [SETUP]/[CLOCK] for their ops
    ok 1 - fire: has a [PAYOFF] tag when PAYOFF_SETUP is present, and [SETUP]/[CLOCK] for their ops
      ---
      duration_ms: 1.096341
      type: 'test'
      ...
    # Subtest: act markers appear at 25/50/75% for a long enough outline
    ok 2 - act markers appear at 25/50/75% for a long enough outline
      ---
      duration_ms: 0.644236
      type: 'test'
      ...
    # Subtest: no-fire/edge: empty canon yields a valid minimal doc; reverted commits excluded from beats and tags
    ok 3 - no-fire/edge: empty canon yields a valid minimal doc; reverted commits excluded from beats and tags
      ---
      duration_ms: 0.312592
      type: 'test'
      ...
    1..3
ok 790 - projection targets — outline
  ---
  duration_ms: 2.473314
  type: 'suite'
  ...
# Subtest: projection targets — dialogue_only
    # Subtest: fire: renders UPDATE_BELIEF and ADVANCE_THEME_ARGUMENT as dialogue, drops action/visual/sonic ops
    ok 1 - fire: renders UPDATE_BELIEF and ADVANCE_THEME_ARGUMENT as dialogue, drops action/visual/sonic ops
      ---
      duration_ms: 0.7831
      type: 'test'
      ...
    # Subtest: no-fire/edge: a scene with no dialogue-bearing ops still renders a valid (non-empty) entry; empty canon valid; reverted excluded
    ok 2 - no-fire/edge: a scene with no dialogue-bearing ops still renders a valid (non-empty) entry; empty canon valid; reverted excluded
      ---
      duration_ms: 0.514792
      type: 'test'
      ...
    1..2
ok 791 - projection targets — dialogue_only
  ---
  duration_ms: 1.760608
  type: 'suite'
  ...
# Subtest: projection targets — epistolary
    # Subtest: fire: the dominant character addresses their relationship partner in first person, date-stamped by sceneIdx
    ok 1 - fire: the dominant character addresses their relationship partner in first person, date-stamped by sceneIdx
      ---
      duration_ms: 0.530369
      type: 'test'
      ...
    # Subtest: no-fire/edge: a relationship shift NOT touching the scene's dominant character is not addressed; empty ops entry still valid; reverted excluded
    ok 2 - no-fire/edge: a relationship shift NOT touching the scene's dominant character is not addressed; empty ops entry still valid; reverted excluded
      ---
      duration_ms: 0.534612
      type: 'test'
      ...
    1..2
ok 792 - projection targets — epistolary
  ---
  duration_ms: 1.495197
  type: 'suite'
  ...
# Subtest: projection targets — simulation_log
    # Subtest: fire: exactly one neutral TURN-indexed line per op, with zero presentation spin
    ok 1 - fire: exactly one neutral TURN-indexed line per op, with zero presentation spin
      ---
      duration_ms: 0.802562
      type: 'test'
      ...
    # Subtest: no-fire/edge: empty canon logs no TURN lines; reverted commits excluded; a no-signal reader-state delta produces no NaN/undefined
    ok 2 - no-fire/edge: empty canon logs no TURN lines; reverted commits excluded; a no-signal reader-state delta produces no NaN/undefined
      ---
      duration_ms: 0.20649
      type: 'test'
      ...
    1..2
ok 793 - projection targets — simulation_log
  ---
  duration_ms: 1.139295
  type: 'suite'
  ...
# Subtest: projection targets — director_commentary
    # Subtest: fire: mentions the planted clue, a payoff, tension movement, theme work, and dramatic irony
    ok 1 - fire: mentions the planted clue, a payoff, tension movement, theme work, and dramatic irony
      ---
      duration_ms: 0.523695
      type: 'test'
      ...
    # Subtest: no-fire/edge: a scene with no notable machinery gets a quiet-beat fallback; empty canon valid; reverted excluded
    ok 2 - no-fire/edge: a scene with no notable machinery gets a quiet-beat fallback; empty canon valid; reverted excluded
      ---
      duration_ms: 0.27094
      type: 'test'
      ...
    1..2
ok 794 - projection targets — director_commentary
  ---
  duration_ms: 0.927462
  type: 'suite'
  ...
# Subtest: projection targets — every ProjectionTarget renders non-empty content
    # Subtest: all 14 op kinds are exercised by this fixture (guards the fixture from silently losing a kind)
    ok 1 - all 14 op kinds are exercised by this fixture (guards the fixture from silently losing a kind)
      ---
      duration_ms: 0.287222
      type: 'test'
      ...
    # Subtest: every projection target produces non-empty content for a commit carrying all 14 op kinds
    ok 2 - every projection target produces non-empty content for a commit carrying all 14 op kinds
      ---
      duration_ms: 7.65599
      type: 'test'
      ...
    # Subtest: every one of the 6 new targets also produces non-empty content for a single-scene, single-op story
    ok 3 - every one of the 6 new targets also produces non-empty content for a single-scene, single-op story
      ---
      duration_ms: 0.47778
      type: 'test'
      ...
    1..3
ok 795 - projection targets — every ProjectionTarget renders non-empty content
  ---
  duration_ms: 8.611718
  type: 'suite'
  ...
# Subtest: computeDefenseCascadeState — every state reachable
    # Subtest: fires AROUSAL under low threat (alert baseline)
    ok 1 - fires AROUSAL under low threat (alert baseline)
      ---
      duration_ms: 1.478412
      type: 'test'
      ...
    # Subtest: does NOT fire AROUSAL once threat crosses the activation threshold
    ok 2 - does NOT fire AROUSAL once threat crosses the activation threshold
      ---
      duration_ms: 0.327367
      type: 'test'
      ...
    # Subtest: fires FREEZE on sudden onset with no time yet to assess (first-instant reflex)
    ok 3 - fires FREEZE on sudden onset with no time yet to assess (first-instant reflex)
      ---
      duration_ms: 0.196191
      type: 'test'
      ...
    # Subtest: does NOT fire FREEZE once exposure has continued past the first-instant window
    ok 4 - does NOT fire FREEZE once exposure has continued past the first-instant window
      ---
      duration_ms: 0.231846
      type: 'test'
      ...
    # Subtest: fires FLIGHT when a viable exit exists and nothing overrides it
    ok 5 - fires FLIGHT when a viable exit exists and nothing overrides it
      ---
      duration_ms: 0.18296
      type: 'test'
      ...
    # Subtest: does NOT fire FLIGHT when no exit exists
    ok 6 - does NOT fire FLIGHT when no exit exists
      ---
      duration_ms: 0.165231
      type: 'test'
      ...
    # Subtest: fires FIGHT when escape is blocked
    ok 7 - fires FIGHT when escape is blocked
      ---
      duration_ms: 0.188227
      type: 'test'
      ...
    # Subtest: does NOT fire FIGHT when an exit exists and anger is not dominant
    ok 8 - does NOT fire FIGHT when an exit exists and anger is not dominant
      ---
      duration_ms: 0.335757
      type: 'test'
      ...
    # Subtest: fires FAWN under social threat + meaningful power imbalance
    ok 9 - fires FAWN under social threat + meaningful power imbalance
      ---
      duration_ms: 0.318141
      type: 'test'
      ...
    # Subtest: does NOT fire FAWN when the threat is not social
    ok 10 - does NOT fire FAWN when the threat is not social
      ---
      duration_ms: 0.666516
      type: 'test'
      ...
    # Subtest: fires COLLAPSE under prolonged, maxed-out threat with no escape
    ok 11 - fires COLLAPSE under prolonged, maxed-out threat with no escape
      ---
      duration_ms: 0.189903
      type: 'test'
      ...
    # Subtest: does NOT fire COLLAPSE when exposure has not yet been prolonged
    ok 12 - does NOT fire COLLAPSE when exposure has not yet been prolonged
      ---
      duration_ms: 0.146596
      type: 'test'
      ...
    1..12
ok 796 - computeDefenseCascadeState — every state reachable
  ---
  duration_ms: 6.582074
  type: 'suite'
  ...
# Subtest: computeDefenseCascadeState — ordering sanity
    # Subtest: flips FLIGHT -> FIGHT when escape becomes blocked (same other inputs)
    ok 1 - flips FLIGHT -> FIGHT when escape becomes blocked (same other inputs)
      ---
      duration_ms: 0.179959
      type: 'test'
      ...
    # Subtest: adding a power imbalance under social threat yields FAWN (overriding flight/fight)
    ok 2 - adding a power imbalance under social threat yields FAWN (overriding flight/fight)
      ---
      duration_ms: 0.148572
      type: 'test'
      ...
    # Subtest: prolonged exposure at max threat with no escape yields COLLAPSE regardless of the starting state
    ok 3 - prolonged exposure at max threat with no escape yields COLLAPSE regardless of the starting state
      ---
      duration_ms: 0.136607
      type: 'test'
      ...
    # Subtest: anger dominance can override an available exit into FIGHT
    ok 4 - anger dominance can override an available exit into FIGHT
      ---
      duration_ms: 0.138099
      type: 'test'
      ...
    1..4
ok 797 - computeDefenseCascadeState — ordering sanity
  ---
  duration_ms: 0.834064
  type: 'suite'
  ...
# Subtest: computeDefenseCascadeState — determinism & bounds
    # Subtest: is deterministic: identical inputs produce identical output twice
    ok 1 - is deterministic: identical inputs produce identical output twice
      ---
      duration_ms: 0.998548
      type: 'test'
      ...
    # Subtest: keeps intensity within [0, 100] across a spread of inputs, including extreme/out-of-range values
    ok 2 - keeps intensity within [0, 100] across a spread of inputs, including extreme/out-of-range values
      ---
      duration_ms: 0.273301
      type: 'test'
      ...
    1..2
ok 798 - computeDefenseCascadeState — determinism & bounds
  ---
  duration_ms: 1.394821
  type: 'suite'
  ...
# Subtest: cascadeBehaviorProfile — completeness
    # Subtest: returns a fully-populated profile for arousal
    ok 1 - returns a fully-populated profile for arousal
      ---
      duration_ms: 0.298752
      type: 'test'
      ...
    # Subtest: returns a fully-populated profile for freeze
    ok 2 - returns a fully-populated profile for freeze
      ---
      duration_ms: 0.15321
      type: 'test'
      ...
    # Subtest: returns a fully-populated profile for flight
    ok 3 - returns a fully-populated profile for flight
      ---
      duration_ms: 0.068069
      type: 'test'
      ...
    # Subtest: returns a fully-populated profile for fight
    ok 4 - returns a fully-populated profile for fight
      ---
      duration_ms: 0.066947
      type: 'test'
      ...
    # Subtest: returns a fully-populated profile for fawn
    ok 5 - returns a fully-populated profile for fawn
      ---
      duration_ms: 0.060965
      type: 'test'
      ...
    # Subtest: returns a fully-populated profile for collapse
    ok 6 - returns a fully-populated profile for collapse
      ---
      duration_ms: 0.057432
      type: 'test'
      ...
    # Subtest: gives freeze and collapse the most restrictive choice spaces
    ok 7 - gives freeze and collapse the most restrictive choice spaces
      ---
      duration_ms: 0.118623
      type: 'test'
      ...
    # Subtest: gives arousal the full choice space
    ok 8 - gives arousal the full choice space
      ---
      duration_ms: 0.140677
      type: 'test'
      ...
    1..8
ok 799 - cascadeBehaviorProfile — completeness
  ---
  duration_ms: 2.693546
  type: 'suite'
  ...
# Subtest: arbitrateTrinity — winner selection
    # Subtest: ID wins under high fear + active survival stakes
    ok 1 - ID wins under high fear + active survival stakes
      ---
      duration_ms: 0.682011
      type: 'test'
      ...
    # Subtest: EGO wins with strong instrumental goal feasibility + only moderate emotion
    ok 2 - EGO wins with strong instrumental goal feasibility + only moderate emotion
      ---
      duration_ms: 0.266897
      type: 'test'
      ...
    # Subtest: SUPEREGO wins under moral-violation pressure (shame + high agreeableness + low dark triad + obligation)
    ok 3 - SUPEREGO wins under moral-violation pressure (shame + high agreeableness + low dark triad + obligation)
      ---
      duration_ms: 0.205563
      type: 'test'
      ...
    # Subtest: colorer is always the runner-up across a spread of scenarios
    ok 4 - colorer is always the runner-up across a spread of scenarios
      ---
      duration_ms: 0.537537
      type: 'test'
      ...
    # Subtest: is deterministic: identical sheet produces identical arbitration twice
    ok 5 - is deterministic: identical sheet produces identical arbitration twice
      ---
      duration_ms: 0.373366
      type: 'test'
      ...
    # Subtest: does not crash on an empty/minimal character sheet and returns bounded scores
    ok 6 - does not crash on an empty/minimal character sheet and returns bounded scores
      ---
      duration_ms: 0.319402
      type: 'test'
      ...
    1..6
ok 800 - arbitrateTrinity — winner selection
  ---
  duration_ms: 2.629547
  type: 'suite'
  ...
# Subtest: computeQuestionLatencyDeduction
    # Subtest: feature-scale script with a high unresolved-question rate -> nonzero deduction
    ok 1 - feature-scale script with a high unresolved-question rate -> nonzero deduction
      ---
      duration_ms: 1.905612
      type: 'test'
      ...
    # Subtest: unresolved rate scales the deduction linearly above the reference point
    ok 2 - unresolved rate scales the deduction linearly above the reference point
      ---
      duration_ms: 0.400467
      type: 'test'
      ...
    # Subtest: all questions resolved -> 0 deduction
    ok 3 - all questions resolved -> 0 deduction
      ---
      duration_ms: 0.247866
      type: 'test'
      ...
    # Subtest: below the scene-count floor -> 0 deduction and gated=false, even with a catastrophic rate
    ok 4 - below the scene-count floor -> 0 deduction and gated=false, even with a catastrophic rate
      ---
      duration_ms: 0.197436
      type: 'test'
      ...
    # Subtest: below the question-count floor -> 0 deduction and gated=false, even with a catastrophic rate
    ok 5 - below the question-count floor -> 0 deduction and gated=false, even with a catastrophic rate
      ---
      duration_ms: 8.783469
      type: 'test'
      ...
    # Subtest: no questions raised anywhere -> unresolvedRate is null, not 0, and deduction is 0
    ok 6 - no questions raised anywhere -> unresolvedRate is null, not 0, and deduction is 0
      ---
      duration_ms: 0.250429
      type: 'test'
      ...
    # Subtest: treats absent optional fields as 0, per the documented field contract
    ok 7 - treats absent optional fields as 0, per the documented field contract
      ---
      duration_ms: 0.335608
      type: 'test'
      ...
    # Subtest: exactly at the scene-count floor (15) -> gate passes
    ok 8 - exactly at the scene-count floor (15) -> gate passes
      ---
      duration_ms: 0.310002
      type: 'test'
      ...
    # Subtest: one scene below the scene-count floor (14) -> gate fails
    ok 9 - one scene below the scene-count floor (14) -> gate fails
      ---
      duration_ms: 0.455172
      type: 'test'
      ...
    # Subtest: exactly at the question-count floor (6 raised) -> gate passes
    ok 10 - exactly at the question-count floor (6 raised) -> gate passes
      ---
      duration_ms: 0.515285
      type: 'test'
      ...
    # Subtest: one below the question-count floor (5 raised) -> gate fails
    ok 11 - one below the question-count floor (5 raised) -> gate fails
      ---
      duration_ms: 0.206312
      type: 'test'
      ...
    # Subtest: unresolvedRate exactly at the reference point (0.25) -> 0 deduction, gate still passes
    ok 12 - unresolvedRate exactly at the reference point (0.25) -> 0 deduction, gate still passes
      ---
      duration_ms: 0.153936
      type: 'test'
      ...
    # Subtest: unresolvedRate just above the reference point -> a small positive deduction
    ok 13 - unresolvedRate just above the reference point -> a small positive deduction
      ---
      duration_ms: 0.151245
      type: 'test'
      ...
    # Subtest: unresolvedRate = 1.0 (every raised question unresolved) lands exactly at the cap
    ok 14 - unresolvedRate = 1.0 (every raised question unresolved) lands exactly at the cap
      ---
      duration_ms: 0.145853
      type: 'test'
      ...
    # Subtest: an unresolvedRate beyond 1.0 (malformed/adversarial input) is still hard-capped at 15
    ok 15 - an unresolvedRate beyond 1.0 (malformed/adversarial input) is still hard-capped at 15
      ---
      duration_ms: 0.132379
      type: 'test'
      ...
    1..15
ok 801 - computeQuestionLatencyDeduction
  ---
  duration_ms: 16.397956
  type: 'suite'
  ...
# Subtest: real-script corpus — produced features through the full doctor
    # Subtest: manifest sanity: at least 8 scripts, unique hashes
    ok 1 - manifest sanity: at least 8 scripts, unique hashes
      ---
      duration_ms: 2.172545
      type: 'test'
      ...
    # Subtest: corpus dir integrity: set path must exist and be a directory
    ok 2 - corpus dir integrity: set path must exist and be a directory # SKIP only runs when REAL_SCRIPT_CORPUS_DIR is set to a bad path
      ---
      duration_ms: 0.252662
      type: 'test'
      ...
    # Subtest: contentHash:91a62bc5: exact when byte-identical, floor otherwise
    ok 3 - contentHash:91a62bc5: exact when byte-identical, floor otherwise # SKIP REAL_SCRIPT_CORPUS_DIR not set — corpus text is local-only (copyright)
      ---
      duration_ms: 0.133482
      type: 'test'
      ...
    # Subtest: contentHash:c3283d3a: exact when byte-identical, floor otherwise
    ok 4 - contentHash:c3283d3a: exact when byte-identical, floor otherwise # SKIP REAL_SCRIPT_CORPUS_DIR not set — corpus text is local-only (copyright)
      ---
      duration_ms: 0.125312
      type: 'test'
      ...
    # Subtest: contentHash:aa30e0a5: exact when byte-identical, floor otherwise
    ok 5 - contentHash:aa30e0a5: exact when byte-identical, floor otherwise # SKIP REAL_SCRIPT_CORPUS_DIR not set — corpus text is local-only (copyright)
      ---
      duration_ms: 0.10792
      type: 'test'
      ...
    # Subtest: contentHash:8faee465: exact when byte-identical, floor otherwise
    ok 6 - contentHash:8faee465: exact when byte-identical, floor otherwise # SKIP REAL_SCRIPT_CORPUS_DIR not set — corpus text is local-only (copyright)
      ---
      duration_ms: 0.092315
      type: 'test'
      ...
    # Subtest: contentHash:5c9895b7: exact when byte-identical, floor otherwise
    ok 7 - contentHash:5c9895b7: exact when byte-identical, floor otherwise # SKIP REAL_SCRIPT_CORPUS_DIR not set — corpus text is local-only (copyright)
      ---
      duration_ms: 0.24261
      type: 'test'
      ...
    # Subtest: contentHash:dd91e61a: exact when byte-identical, floor otherwise
    ok 8 - contentHash:dd91e61a: exact when byte-identical, floor otherwise # SKIP REAL_SCRIPT_CORPUS_DIR not set — corpus text is local-only (copyright)
      ---
      duration_ms: 0.253858
      type: 'test'
      ...
    # Subtest: contentHash:e022da79: exact when byte-identical, floor otherwise
    ok 9 - contentHash:e022da79: exact when byte-identical, floor otherwise # SKIP REAL_SCRIPT_CORPUS_DIR not set — corpus text is local-only (copyright)
      ---
      duration_ms: 0.411301
      type: 'test'
      ...
    # Subtest: contentHash:fd8bb548: exact when byte-identical, floor otherwise
    ok 10 - contentHash:fd8bb548: exact when byte-identical, floor otherwise # SKIP REAL_SCRIPT_CORPUS_DIR not set — corpus text is local-only (copyright)
      ---
      duration_ms: 0.489211
      type: 'test'
      ...
    # Subtest: contentHash:b14d5931: exact when byte-identical, floor otherwise
    ok 11 - contentHash:b14d5931: exact when byte-identical, floor otherwise # SKIP REAL_SCRIPT_CORPUS_DIR not set — corpus text is local-only (copyright)
      ---
      duration_ms: 0.109941
      type: 'test'
      ...
    # Subtest: contentHash:d4168ec0: exact when byte-identical, floor otherwise
    ok 12 - contentHash:d4168ec0: exact when byte-identical, floor otherwise # SKIP REAL_SCRIPT_CORPUS_DIR not set — corpus text is local-only (copyright)
      ---
      duration_ms: 0.139595
      type: 'test'
      ...
    # Subtest: contentHash:0ce688cb: exact when byte-identical, floor otherwise
    ok 13 - contentHash:0ce688cb: exact when byte-identical, floor otherwise # SKIP REAL_SCRIPT_CORPUS_DIR not set — corpus text is local-only (copyright)
      ---
      duration_ms: 0.08023
      type: 'test'
      ...
    # Subtest: contentHash:ba46de59: exact when byte-identical, floor otherwise
    ok 14 - contentHash:ba46de59: exact when byte-identical, floor otherwise # SKIP REAL_SCRIPT_CORPUS_DIR not set — corpus text is local-only (copyright)
      ---
      duration_ms: 0.060517
      type: 'test'
      ...
    # Subtest: contentHash:fe762adf: exact when byte-identical, floor otherwise
    ok 15 - contentHash:fe762adf: exact when byte-identical, floor otherwise # SKIP REAL_SCRIPT_CORPUS_DIR not set — corpus text is local-only (copyright)
      ---
      duration_ms: 0.172557
      type: 'test'
      ...
    # Subtest: contentHash:1b9f1d20: exact when byte-identical, floor otherwise
    ok 16 - contentHash:1b9f1d20: exact when byte-identical, floor otherwise # SKIP REAL_SCRIPT_CORPUS_DIR not set — corpus text is local-only (copyright)
      ---
      duration_ms: 0.071106
      type: 'test'
      ...
    # Subtest: contentHash:8d31dbc5: exact when byte-identical, floor otherwise
    ok 17 - contentHash:8d31dbc5: exact when byte-identical, floor otherwise # SKIP REAL_SCRIPT_CORPUS_DIR not set — corpus text is local-only (copyright)
      ---
      duration_ms: 0.058367
      type: 'test'
      ...
    # Subtest: contentHash:c83b8812: exact when byte-identical, floor otherwise
    ok 18 - contentHash:c83b8812: exact when byte-identical, floor otherwise # SKIP REAL_SCRIPT_CORPUS_DIR not set — corpus text is local-only (copyright)
      ---
      duration_ms: 0.054397
      type: 'test'
      ...
    # Subtest: contentHash:9a2d3735: exact when byte-identical, floor otherwise
    ok 19 - contentHash:9a2d3735: exact when byte-identical, floor otherwise # SKIP REAL_SCRIPT_CORPUS_DIR not set — corpus text is local-only (copyright)
      ---
      duration_ms: 0.055761
      type: 'test'
      ...
    # Subtest: contentHash:d40b90b0: exact when byte-identical, floor otherwise
    ok 20 - contentHash:d40b90b0: exact when byte-identical, floor otherwise # SKIP REAL_SCRIPT_CORPUS_DIR not set — corpus text is local-only (copyright)
      ---
      duration_ms: 0.055179
      type: 'test'
      ...
    # Subtest: contentHash:bb72b6eb: exact when byte-identical, floor otherwise
    ok 21 - contentHash:bb72b6eb: exact when byte-identical, floor otherwise # SKIP REAL_SCRIPT_CORPUS_DIR not set — corpus text is local-only (copyright)
      ---
      duration_ms: 0.052835
      type: 'test'
      ...
    # Subtest: contentHash:f89b8b6b: exact when byte-identical, floor otherwise
    ok 22 - contentHash:f89b8b6b: exact when byte-identical, floor otherwise # SKIP REAL_SCRIPT_CORPUS_DIR not set — corpus text is local-only (copyright)
      ---
      duration_ms: 0.138131
      type: 'test'
      ...
    # Subtest: contentHash:dff1935e: exact when byte-identical, floor otherwise
    ok 23 - contentHash:dff1935e: exact when byte-identical, floor otherwise # SKIP REAL_SCRIPT_CORPUS_DIR not set — corpus text is local-only (copyright)
      ---
      duration_ms: 0.070222
      type: 'test'
      ...
    # Subtest: contentHash:95d3766d: exact when byte-identical, floor otherwise
    ok 24 - contentHash:95d3766d: exact when byte-identical, floor otherwise # SKIP REAL_SCRIPT_CORPUS_DIR not set — corpus text is local-only (copyright)
      ---
      duration_ms: 0.05935
      type: 'test'
      ...
    # Subtest: contentHash:fd14593a: exact when byte-identical, floor otherwise
    ok 25 - contentHash:fd14593a: exact when byte-identical, floor otherwise # SKIP REAL_SCRIPT_CORPUS_DIR not set — corpus text is local-only (copyright)
      ---
      duration_ms: 0.055167
      type: 'test'
      ...
    # Subtest: contentHash:eb453b33: exact when byte-identical, floor otherwise
    ok 26 - contentHash:eb453b33: exact when byte-identical, floor otherwise # SKIP REAL_SCRIPT_CORPUS_DIR not set — corpus text is local-only (copyright)
      ---
      duration_ms: 0.055449
      type: 'test'
      ...
    # Subtest: contentHash:4002711a: exact when byte-identical, floor otherwise
    ok 27 - contentHash:4002711a: exact when byte-identical, floor otherwise # SKIP REAL_SCRIPT_CORPUS_DIR not set — corpus text is local-only (copyright)
      ---
      duration_ms: 0.056288
      type: 'test'
      ...
    # Subtest: contentHash:3a140d6d: exact when byte-identical, floor otherwise
    ok 28 - contentHash:3a140d6d: exact when byte-identical, floor otherwise # SKIP REAL_SCRIPT_CORPUS_DIR not set — corpus text is local-only (copyright)
      ---
      duration_ms: 0.075844
      type: 'test'
      ...
    # Subtest: contentHash:ec0d38c1: exact when byte-identical, floor otherwise
    ok 29 - contentHash:ec0d38c1: exact when byte-identical, floor otherwise # SKIP REAL_SCRIPT_CORPUS_DIR not set — corpus text is local-only (copyright)
      ---
      duration_ms: 0.069706
      type: 'test'
      ...
    # Subtest: contentHash:17e54818: exact when byte-identical, floor otherwise
    ok 30 - contentHash:17e54818: exact when byte-identical, floor otherwise # SKIP REAL_SCRIPT_CORPUS_DIR not set — corpus text is local-only (copyright)
      ---
      duration_ms: 0.059054
      type: 'test'
      ...
    # Subtest: contentHash:bb3ed629: exact when byte-identical, floor otherwise
    ok 31 - contentHash:bb3ed629: exact when byte-identical, floor otherwise # SKIP REAL_SCRIPT_CORPUS_DIR not set — corpus text is local-only (copyright)
      ---
      duration_ms: 0.057167
      type: 'test'
      ...
    # Subtest: contentHash:b11cb8ba: exact when byte-identical, floor otherwise
    ok 32 - contentHash:b11cb8ba: exact when byte-identical, floor otherwise # SKIP REAL_SCRIPT_CORPUS_DIR not set — corpus text is local-only (copyright)
      ---
      duration_ms: 0.086778
      type: 'test'
      ...
    # Subtest: contentHash:0e294e15: exact when byte-identical, floor otherwise
    ok 33 - contentHash:0e294e15: exact when byte-identical, floor otherwise # SKIP REAL_SCRIPT_CORPUS_DIR not set — corpus text is local-only (copyright)
      ---
      duration_ms: 0.081584
      type: 'test'
      ...
    # Subtest: contentHash:6d82474b: exact when byte-identical, floor otherwise
    ok 34 - contentHash:6d82474b: exact when byte-identical, floor otherwise # SKIP REAL_SCRIPT_CORPUS_DIR not set — corpus text is local-only (copyright)
      ---
      duration_ms: 0.062153
      type: 'test'
      ...
    # Subtest: contentHash:79d9688e: exact when byte-identical, floor otherwise
    ok 35 - contentHash:79d9688e: exact when byte-identical, floor otherwise # SKIP REAL_SCRIPT_CORPUS_DIR not set — corpus text is local-only (copyright)
      ---
      duration_ms: 0.162608
      type: 'test'
      ...
    # Subtest: contentHash:7744ba28: exact when byte-identical, floor otherwise
    ok 36 - contentHash:7744ba28: exact when byte-identical, floor otherwise # SKIP REAL_SCRIPT_CORPUS_DIR not set — corpus text is local-only (copyright)
      ---
      duration_ms: 0.072443
      type: 'test'
      ...
    # Subtest: contentHash:a3f15e36: exact when byte-identical, floor otherwise
    ok 37 - contentHash:a3f15e36: exact when byte-identical, floor otherwise # SKIP REAL_SCRIPT_CORPUS_DIR not set — corpus text is local-only (copyright)
      ---
      duration_ms: 0.058129
      type: 'test'
      ...
    # Subtest: contentHash:92dfa473: exact when byte-identical, floor otherwise
    ok 38 - contentHash:92dfa473: exact when byte-identical, floor otherwise # SKIP REAL_SCRIPT_CORPUS_DIR not set — corpus text is local-only (copyright)
      ---
      duration_ms: 0.063822
      type: 'test'
      ...
    # Subtest: contentHash:39392cb4: exact when byte-identical, floor otherwise
    ok 39 - contentHash:39392cb4: exact when byte-identical, floor otherwise # SKIP REAL_SCRIPT_CORPUS_DIR not set — corpus text is local-only (copyright)
      ---
      duration_ms: 4.064799
      type: 'test'
      ...
    # Subtest: contentHash:3b2cf15b: exact when byte-identical, floor otherwise
    ok 40 - contentHash:3b2cf15b: exact when byte-identical, floor otherwise # SKIP REAL_SCRIPT_CORPUS_DIR not set — corpus text is local-only (copyright)
      ---
      duration_ms: 0.079686
      type: 'test'
      ...
    # Subtest: contentHash:b39ca974: exact when byte-identical, floor otherwise
    ok 41 - contentHash:b39ca974: exact when byte-identical, floor otherwise # SKIP REAL_SCRIPT_CORPUS_DIR not set — corpus text is local-only (copyright)
      ---
      duration_ms: 0.146761
      type: 'test'
      ...
    # Subtest: contentHash:6a58f5e7: exact when byte-identical, floor otherwise
    ok 42 - contentHash:6a58f5e7: exact when byte-identical, floor otherwise # SKIP REAL_SCRIPT_CORPUS_DIR not set — corpus text is local-only (copyright)
      ---
      duration_ms: 0.068709
      type: 'test'
      ...
    # Subtest: contentHash:b3ad0112: exact when byte-identical, floor otherwise
    ok 43 - contentHash:b3ad0112: exact when byte-identical, floor otherwise # SKIP REAL_SCRIPT_CORPUS_DIR not set — corpus text is local-only (copyright)
      ---
      duration_ms: 0.086135
      type: 'test'
      ...
    # Subtest: contentHash:c22a328d: exact when byte-identical, floor otherwise
    ok 44 - contentHash:c22a328d: exact when byte-identical, floor otherwise # SKIP REAL_SCRIPT_CORPUS_DIR not set — corpus text is local-only (copyright)
      ---
      duration_ms: 0.072406
      type: 'test'
      ...
    # Subtest: contentHash:297565ac: exact when byte-identical, floor otherwise
    ok 45 - contentHash:297565ac: exact when byte-identical, floor otherwise # SKIP REAL_SCRIPT_CORPUS_DIR not set — corpus text is local-only (copyright)
      ---
      duration_ms: 0.05315
      type: 'test'
      ...
    # Subtest: contentHash:905afb08: exact when byte-identical, floor otherwise
    ok 46 - contentHash:905afb08: exact when byte-identical, floor otherwise # SKIP REAL_SCRIPT_CORPUS_DIR not set — corpus text is local-only (copyright)
      ---
      duration_ms: 0.058749
      type: 'test'
      ...
    # Subtest: contentHash:091599fd: exact when byte-identical, floor otherwise
    ok 47 - contentHash:091599fd: exact when byte-identical, floor otherwise # SKIP REAL_SCRIPT_CORPUS_DIR not set — corpus text is local-only (copyright)
      ---
      duration_ms: 0.054731
      type: 'test'
      ...
    # Subtest: contentHash:4171ddde: exact when byte-identical, floor otherwise
    ok 48 - contentHash:4171ddde: exact when byte-identical, floor otherwise # SKIP REAL_SCRIPT_CORPUS_DIR not set — corpus text is local-only (copyright)
      ---
      duration_ms: 0.050992
      type: 'test'
      ...
    # Subtest: contentHash:6fec76ed: exact when byte-identical, floor otherwise
    ok 49 - contentHash:6fec76ed: exact when byte-identical, floor otherwise # SKIP REAL_SCRIPT_CORPUS_DIR not set — corpus text is local-only (copyright)
      ---
      duration_ms: 0.051244
      type: 'test'
      ...
    # Subtest: contentHash:da04b6ef: exact when byte-identical, floor otherwise
    ok 50 - contentHash:da04b6ef: exact when byte-identical, floor otherwise # SKIP REAL_SCRIPT_CORPUS_DIR not set — corpus text is local-only (copyright)
      ---
      duration_ms: 0.050028
      type: 'test'
      ...
    # Subtest: contentHash:988f56a3: exact when byte-identical, floor otherwise
    ok 51 - contentHash:988f56a3: exact when byte-identical, floor otherwise # SKIP REAL_SCRIPT_CORPUS_DIR not set — corpus text is local-only (copyright)
      ---
      duration_ms: 0.051081
      type: 'test'
      ...
    # Subtest: contentHash:264cf9db: exact when byte-identical, floor otherwise
    ok 52 - contentHash:264cf9db: exact when byte-identical, floor otherwise # SKIP REAL_SCRIPT_CORPUS_DIR not set — corpus text is local-only (copyright)
      ---
      duration_ms: 0.04906
      type: 'test'
      ...
    # Subtest: contentHash:00af88d2: exact when byte-identical, floor otherwise
    ok 53 - contentHash:00af88d2: exact when byte-identical, floor otherwise # SKIP REAL_SCRIPT_CORPUS_DIR not set — corpus text is local-only (copyright)
      ---
      duration_ms: 0.07214
      type: 'test'
      ...
    # Subtest: contentHash:3f8a4919: exact when byte-identical, floor otherwise
    ok 54 - contentHash:3f8a4919: exact when byte-identical, floor otherwise # SKIP REAL_SCRIPT_CORPUS_DIR not set — corpus text is local-only (copyright)
      ---
      duration_ms: 0.058812
      type: 'test'
      ...
    # Subtest: contentHash:7ccb437e: exact when byte-identical, floor otherwise
    ok 55 - contentHash:7ccb437e: exact when byte-identical, floor otherwise # SKIP REAL_SCRIPT_CORPUS_DIR not set — corpus text is local-only (copyright)
      ---
      duration_ms: 0.049521
      type: 'test'
      ...
    # Subtest: contentHash:63c87c73: exact when byte-identical, floor otherwise
    ok 56 - contentHash:63c87c73: exact when byte-identical, floor otherwise # SKIP REAL_SCRIPT_CORPUS_DIR not set — corpus text is local-only (copyright)
      ---
      duration_ms: 0.119033
      type: 'test'
      ...
    # Subtest: contentHash:a43f504c: exact when byte-identical, floor otherwise
    ok 57 - contentHash:a43f504c: exact when byte-identical, floor otherwise # SKIP REAL_SCRIPT_CORPUS_DIR not set — corpus text is local-only (copyright)
      ---
      duration_ms: 0.062849
      type: 'test'
      ...
    # Subtest: contentHash:4e0b7ba1: exact when byte-identical, floor otherwise
    ok 58 - contentHash:4e0b7ba1: exact when byte-identical, floor otherwise # SKIP REAL_SCRIPT_CORPUS_DIR not set — corpus text is local-only (copyright)
      ---
      duration_ms: 0.052507
      type: 'test'
      ...
    # Subtest: contentHash:ae11aa8b: exact when byte-identical, floor otherwise
    ok 59 - contentHash:ae11aa8b: exact when byte-identical, floor otherwise # SKIP REAL_SCRIPT_CORPUS_DIR not set — corpus text is local-only (copyright)
      ---
      duration_ms: 0.053325
      type: 'test'
      ...
    # Subtest: contentHash:63e6775d: exact when byte-identical, floor otherwise
    ok 60 - contentHash:63e6775d: exact when byte-identical, floor otherwise # SKIP REAL_SCRIPT_CORPUS_DIR not set — corpus text is local-only (copyright)
      ---
      duration_ms: 0.064697
      type: 'test'
      ...
    # Subtest: contentHash:b3e75886: exact when byte-identical, floor otherwise
    ok 61 - contentHash:b3e75886: exact when byte-identical, floor otherwise # SKIP REAL_SCRIPT_CORPUS_DIR not set — corpus text is local-only (copyright)
      ---
      duration_ms: 0.078629
      type: 'test'
      ...
    # Subtest: contentHash:fc8f2792: exact when byte-identical, floor otherwise
    ok 62 - contentHash:fc8f2792: exact when byte-identical, floor otherwise # SKIP REAL_SCRIPT_CORPUS_DIR not set — corpus text is local-only (copyright)
      ---
      duration_ms: 0.050869
      type: 'test'
      ...
    # Subtest: contentHash:015c94e9: exact when byte-identical, floor otherwise
    ok 63 - contentHash:015c94e9: exact when byte-identical, floor otherwise # SKIP REAL_SCRIPT_CORPUS_DIR not set — corpus text is local-only (copyright)
      ---
      duration_ms: 0.112671
      type: 'test'
      ...
    # Subtest: contentHash:1f5a50f8: exact when byte-identical, floor otherwise
    ok 64 - contentHash:1f5a50f8: exact when byte-identical, floor otherwise # SKIP REAL_SCRIPT_CORPUS_DIR not set — corpus text is local-only (copyright)
      ---
      duration_ms: 0.06355
      type: 'test'
      ...
    # Subtest: contentHash:47a17447: exact when byte-identical, floor otherwise
    ok 65 - contentHash:47a17447: exact when byte-identical, floor otherwise # SKIP REAL_SCRIPT_CORPUS_DIR not set — corpus text is local-only (copyright)
      ---
      duration_ms: 0.049864
      type: 'test'
      ...
    # Subtest: contentHash:76e615a3: exact when byte-identical, floor otherwise
    ok 66 - contentHash:76e615a3: exact when byte-identical, floor otherwise # SKIP REAL_SCRIPT_CORPUS_DIR not set — corpus text is local-only (copyright)
      ---
      duration_ms: 0.047702
      type: 'test'
      ...
    # Subtest: contentHash:70badd2d: exact when byte-identical, floor otherwise
    ok 67 - contentHash:70badd2d: exact when byte-identical, floor otherwise # SKIP REAL_SCRIPT_CORPUS_DIR not set — corpus text is local-only (copyright)
      ---
      duration_ms: 0.048188
      type: 'test'
      ...
    # Subtest: contentHash:c6b69697: exact when byte-identical, floor otherwise
    ok 68 - contentHash:c6b69697: exact when byte-identical, floor otherwise # SKIP REAL_SCRIPT_CORPUS_DIR not set — corpus text is local-only (copyright)
      ---
      duration_ms: 0.05191
      type: 'test'
      ...
    # Subtest: contentHash:590ff8d3: exact when byte-identical, floor otherwise
    ok 69 - contentHash:590ff8d3: exact when byte-identical, floor otherwise # SKIP REAL_SCRIPT_CORPUS_DIR not set — corpus text is local-only (copyright)
      ---
      duration_ms: 0.051027
      type: 'test'
      ...
    # Subtest: contentHash:9ab6f5a5: exact when byte-identical, floor otherwise
    ok 70 - contentHash:9ab6f5a5: exact when byte-identical, floor otherwise # SKIP REAL_SCRIPT_CORPUS_DIR not set — corpus text is local-only (copyright)
      ---
      duration_ms: 0.048119
      type: 'test'
      ...
    # Subtest: contentHash:69a64b02: exact when byte-identical, floor otherwise
    ok 71 - contentHash:69a64b02: exact when byte-identical, floor otherwise # SKIP REAL_SCRIPT_CORPUS_DIR not set — corpus text is local-only (copyright)
      ---
      duration_ms: 0.074938
      type: 'test'
      ...
    # Subtest: contentHash:11132b83: exact when byte-identical, floor otherwise
    ok 72 - contentHash:11132b83: exact when byte-identical, floor otherwise # SKIP REAL_SCRIPT_CORPUS_DIR not set — corpus text is local-only (copyright)
      ---
      duration_ms: 0.051313
      type: 'test'
      ...
    # Subtest: contentHash:cbb9c444: exact when byte-identical, floor otherwise
    ok 73 - contentHash:cbb9c444: exact when byte-identical, floor otherwise # SKIP REAL_SCRIPT_CORPUS_DIR not set — corpus text is local-only (copyright)
      ---
      duration_ms: 0.049322
      type: 'test'
      ...
    # Subtest: contentHash:52d12536: exact when byte-identical, floor otherwise
    ok 74 - contentHash:52d12536: exact when byte-identical, floor otherwise # SKIP REAL_SCRIPT_CORPUS_DIR not set — corpus text is local-only (copyright)
      ---
      duration_ms: 0.04757
      type: 'test'
      ...
    1..74
ok 802 - real-script corpus — produced features through the full doctor
  ---
  duration_ms: 16.345867
  type: 'suite'
  ...
# Subtest: real-script corpus — structural-degradation AUC
ok 803 - real-script corpus — structural-degradation AUC # SKIP REAL_SCRIPT_CORPUS_DIR not set — corpus text is local-only (copyright)
  ---
  duration_ms: 0.065569
  type: 'suite'
  ...
# Subtest: real-script corpus — act-swap-degradation AUC (second recipe)
ok 804 - real-script corpus — act-swap-degradation AUC (second recipe) # SKIP REAL_SCRIPT_CORPUS_DIR not set — corpus text is local-only (copyright)
  ---
  duration_ms: 0.046212
  type: 'suite'
  ...
# Subtest: real-script corpus — Story Graph act-swap discrimination (Wave SG-1)
ok 805 - real-script corpus — Story Graph act-swap discrimination (Wave SG-1) # SKIP REAL_SCRIPT_CORPUS_DIR not set — corpus text is local-only (copyright)
  ---
  duration_ms: 0.047223
  type: 'suite'
  ...
# Subtest: rebuild-experiment — scene segmentation
    # Subtest: splits on INT./EXT. headings and keeps the pre-heading preamble separate
    ok 1 - splits on INT./EXT. headings and keeps the pre-heading preamble separate
      ---
      duration_ms: 1.506084
      type: 'test'
      ...
    # Subtest: treats a leading-dot line as a forced scene heading (Fountain power-user syntax)
    ok 2 - treats a leading-dot line as a forced scene heading (Fountain power-user syntax)
      ---
      duration_ms: 0.245633
      type: 'test'
      ...
    # Subtest: reassemble(preamble, scenes) round-trips segmentScenes
    ok 3 - reassemble(preamble, scenes) round-trips segmentScenes
      ---
      duration_ms: 0.340495
      type: 'test'
      ...
    1..3
ok 806 - rebuild-experiment — scene segmentation
  ---
  duration_ms: 3.604365
  type: 'suite'
  ...
# Subtest: rebuild-experiment — degradations are deterministic under seed
    # Subtest: SCENE_SHUFFLE is byte-identical across repeated calls (seed 42, fixed)
    ok 1 - SCENE_SHUFFLE is byte-identical across repeated calls (seed 42, fixed)
      ---
      duration_ms: 0.634068
      type: 'test'
      ...
    # Subtest: SCENE_SHUFFLE preserves the scene multiset but changes the order
    ok 2 - SCENE_SHUFFLE preserves the scene multiset but changes the order
      ---
      duration_ms: 1.324117
      type: 'test'
      ...
    # Subtest: every degradation is a pure function of its input (repeat calls agree)
    ok 3 - every degradation is a pure function of its input (repeat calls agree)
      ---
      duration_ms: 0.962048
      type: 'test'
      ...
    # Subtest: MIDPOINT_DROP removes exactly the 40%-60% scene window
    ok 4 - MIDPOINT_DROP removes exactly the 40%-60% scene window
      ---
      duration_ms: 0.343746
      type: 'test'
      ...
    # Subtest: CLIMAX_RELOCATE moves the final scene to index 1 and keeps the count
    ok 5 - CLIMAX_RELOCATE moves the final scene to index 1 and keeps the count
      ---
      duration_ms: 0.437132
      type: 'test'
      ...
    # Subtest: DIALOGUE_FLATTEN replaces dialogue with "Hello." and leaves action alone
    ok 6 - DIALOGUE_FLATTEN replaces dialogue with "Hello." and leaves action alone
      ---
      duration_ms: 0.440512
      type: 'test'
      ...
    # Subtest: returns null below each degradation's scene floor rather than a bogus variant
    ok 7 - returns null below each degradation's scene floor rather than a bogus variant
      ---
      duration_ms: 0.477891
      type: 'test'
      ...
    1..7
ok 807 - rebuild-experiment — degradations are deterministic under seed
  ---
  duration_ms: 5.426853
  type: 'suite'
  ...
# Subtest: rebuild-experiment — AUC arithmetic on hand-computable fixtures
    # Subtest: perfectly separated pairs (every real > degraded) score 1.0
    ok 1 - perfectly separated pairs (every real > degraded) score 1.0
      ---
      duration_ms: 0.266891
      type: 'test'
      ...
    # Subtest: perfectly inverted pairs (every degraded > real) score 0.0
    ok 2 - perfectly inverted pairs (every degraded > real) score 0.0
      ---
      duration_ms: 0.117707
      type: 'test'
      ...
    # Subtest: perfectly tied pairs score exactly 0.5 (a tie counts half)
    ok 3 - perfectly tied pairs score exactly 0.5 (a tie counts half)
      ---
      duration_ms: 0.113579
      type: 'test'
      ...
    # Subtest: a mixed set is (wins + 0.5*ties) / n
    ok 4 - a mixed set is (wins + 0.5*ties) / n
      ---
      duration_ms: 0.199005
      type: 'test'
      ...
    # Subtest: an empty pair list is NaN, not 0.5 — "not measured" must not read as "chance"
    ok 5 - an empty pair list is NaN, not 0.5 — "not measured" must not read as "chance"
      ---
      duration_ms: 0.11074
      type: 'test'
      ...
    1..5
ok 808 - rebuild-experiment — AUC arithmetic on hand-computable fixtures
  ---
  duration_ms: 1.030249
  type: 'suite'
  ...
# Subtest: rebuild-experiment — seeded bootstrap
    # Subtest: is reproducible: the same (pairs, iterations, seed) gives the same CI
    ok 1 - is reproducible: the same (pairs, iterations, seed) gives the same CI
      ---
      duration_ms: 7.908805
      type: 'test'
      ...
    # Subtest: brackets the point estimate and is ordered lo <= hi
    ok 2 - brackets the point estimate and is ordered lo <= hi
      ---
      duration_ms: 10.098472
      type: 'test'
      ...
    # Subtest: collapses to [1, 1] on perfectly separated pairs (no resample can disagree)
    ok 3 - collapses to [1, 1] on perfectly separated pairs (no resample can disagree)
      ---
      duration_ms: 1.027345
      type: 'test'
      ...
    # Subtest: is NaN on an empty pair list
    ok 4 - is NaN on an empty pair list
      ---
      duration_ms: 0.165427
      type: 'test'
      ...
    # Subtest: defaults to at least 2000 resamples, as the brief requires
    ok 5 - defaults to at least 2000 resamples, as the brief requires
      ---
      duration_ms: 0.16125
      type: 'test'
      ...
    # Subtest: mulberry32 emits a fixed sequence in [0, 1) for a given seed
    ok 6 - mulberry32 emits a fixed sequence in [0, 1) for a given seed
      ---
      duration_ms: 2.647217
      type: 'test'
      ...
    1..6
ok 809 - rebuild-experiment — seeded bootstrap
  ---
  duration_ms: 22.420987
  type: 'suite'
  ...
# Subtest: rebuild-experiment — configuration matrix
    # Subtest: is the full factorial: 32 uniquely-named configurations
    ok 1 - is the full factorial: 32 uniquely-named configurations
      ---
      duration_ms: 0.654396
      type: 'test'
      ...
    # Subtest: names the two anchor configurations "baseline" and "RULE_ZERO"
    ok 2 - names the two anchor configurations "baseline" and "RULE_ZERO"
      ---
      duration_ms: 0.19045
      type: 'test'
      ...
    # Subtest: baseline health is the doctor health, untouched
    ok 3 - baseline health is the doctor health, untouched
      ---
      duration_ms: 0.316029
      type: 'test'
      ...
    # Subtest: signal configurations subtract exactly the named deductions
    ok 4 - signal configurations subtract exactly the named deductions
      ---
      duration_ms: 0.274829
      type: 'test'
      ...
    # Subtest: rule-zeroing ADDS the weighted-rule channel back before deductions come off
    ok 5 - rule-zeroing ADDS the weighted-rule channel back before deductions come off
      ---
      duration_ms: 0.189884
      type: 'test'
      ...
    # Subtest: clamps to [0, 100] the same way doctor.ts does
    ok 6 - clamps to [0, 100] the same way doctor.ts does
      ---
      duration_ms: 0.284382
      type: 'test'
      ...
    1..6
ok 810 - rebuild-experiment — configuration matrix
  ---
  duration_ms: 2.193253
  type: 'suite'
  ...
# Subtest: rebuild-experiment — weighted-rule channel zeroing
    # Subtest: is zero when a report carries no issues (nothing to add back)
    ok 1 - is zero when a report carries no issues (nothing to add back)
      ---
      duration_ms: 0.272256
      type: 'test'
      ...
    # Subtest: is positive, and monotone in issue weight, when a report carries issues
    ok 2 - is positive, and monotone in issue weight, when a report carries issues
      ---
      duration_ms: 0.169068
      type: 'test'
      ...
    # Subtest: ignores sceneCount-only changes (scarcity is not part of the rule channel)
    ok 3 - ignores sceneCount-only changes (scarcity is not part of the rule channel)
      ---
      duration_ms: 0.165285
      type: 'test'
      ...
    1..3
ok 811 - rebuild-experiment — weighted-rule channel zeroing
  ---
  duration_ms: 0.762735
  type: 'suite'
  ...
# Subtest: rebuild-experiment — CLI parsing
    # Subtest: defaults to the trainval partition, data/screenplays, and the default bootstrap
    ok 1 - defaults to the trainval partition, data/screenplays, and the default bootstrap
      ---
      duration_ms: 0.423754
      type: 'test'
      ...
    # Subtest: REFUSES --partition=test — the held-out set is hash-locked for one final evaluation
    ok 2 - REFUSES --partition=test — the held-out set is hash-locked for one final evaluation
      ---
      duration_ms: 1.461268
      type: 'test'
      ...
    # Subtest: rejects an unknown partition and an unknown flag
    ok 3 - rejects an unknown partition and an unknown flag
      ---
      duration_ms: 0.173577
      type: 'test'
      ...
    # Subtest: accepts every documented option
    ok 4 - accepts every documented option
      ---
      duration_ms: 0.428935
      type: 'test'
      ...
    # Subtest: rejects a bootstrap count too small to give a meaningful percentile CI
    ok 5 - rejects a bootstrap count too small to give a meaningful percentile CI
      ---
      duration_ms: 0.414245
      type: 'test'
      ...
    # Subtest: reads CORPUS_DIR from the environment, and lets --corpus-dir override it
    ok 6 - reads CORPUS_DIR from the environment, and lets --corpus-dir override it
      ---
      duration_ms: 0.159763
      type: 'test'
      ...
    1..6
ok 812 - rebuild-experiment — CLI parsing
  ---
  duration_ms: 3.455984
  type: 'suite'
  ...
# Subtest: rebuild-experiment — the caveat block
    # Subtest: states every claim the numbers must never be read without
    ok 1 - states every claim the numbers must never be read without
      ---
      duration_ms: 0.219034
      type: 'test'
      ...
    # Subtest: is embedded in the usage text
    ok 2 - is embedded in the usage text
      ---
      duration_ms: 0.10208
      type: 'test'
      ...
    # Subtest: is actually printed by the runner: `--help` exits 0 and emits it
    ok 3 - is actually printed by the runner: `--help` exits 0 and emits it
      ---
      duration_ms: 2071.181491
      type: 'test'
      ...
    # Subtest: the runner refuses --partition=test with a non-zero exit and writes nothing
    ok 4 - the runner refuses --partition=test with a non-zero exit and writes nothing
      ---
      duration_ms: 2119.12039
      type: 'test'
      ...
    1..4
ok 813 - rebuild-experiment — the caveat block
  ---
  duration_ms: 4190.947402
  type: 'suite'
  ...
# Subtest: record parity — structural (scene count exact; slug divergence documented)
    # Subtest: Story A: scene count is exactly equal on both paths (10 scenes)
    ok 1 - Story A: scene count is exactly equal on both paths (10 scenes)
      ---
      duration_ms: 1.171746
      type: 'test'
      ...
    # Subtest: Story A: sceneIdx sequence is 0..n-1 and identical on both paths
    ok 2 - Story A: sceneIdx sequence is 0..n-1 and identical on both paths
      ---
      duration_ms: 1.101075
      type: 'test'
      ...
    # Subtest: Story A: slug text genuinely diverges when no commit carries location info (documented, not normalized)
    ok 3 - Story A: slug text genuinely diverges when no commit carries location info (documented, not normalized)
      ---
      duration_ms: 0.319804
      type: 'test'
      ...
    # Subtest: Story B: scene count is exactly equal on both paths (9 scenes)
    ok 4 - Story B: scene count is exactly equal on both paths (9 scenes)
      ---
      duration_ms: 0.150909
      type: 'test'
      ...
    # Subtest: Story B: sceneIdx sequence is 0..n-1 and identical on both paths
    ok 5 - Story B: sceneIdx sequence is 0..n-1 and identical on both paths
      ---
      duration_ms: 0.303503
      type: 'test'
      ...
    # Subtest: Story B: slug text genuinely diverges when no commit carries location info (documented, not normalized)
    ok 6 - Story B: slug text genuinely diverges when no commit carries location info (documented, not normalized)
      ---
      duration_ms: 0.139422
      type: 'test'
      ...
    1..6
ok 814 - record parity — structural (scene count exact; slug divergence documented)
  ---
  duration_ms: 4.979274
  type: 'suite'
  ...
# Subtest: record parity — location-aware slug is STRUCTURAL_EXACT when a commit carries location info
    # Subtest: ops-derived and text-derived slugs are byte-identical for a commit with an ADD_FACT moves_to fact
    ok 1 - ops-derived and text-derived slugs are byte-identical for a commit with an ADD_FACT moves_to fact
      ---
      duration_ms: 0.312175
      type: 'test'
      ...
    1..1
ok 815 - record parity — location-aware slug is STRUCTURAL_EXACT when a commit carries location info
  ---
  duration_ms: 2.127787
  type: 'suite'
  ...
# Subtest: record parity — presence (clues, clock, revelation, relationship shifts)
    # Subtest: Story A: clue-key is seeded then paid off on the ops path, and its exact quoted phrase is seeded then paid off on the text path
    ok 1 - Story A: clue-key is seeded then paid off on the ops path, and its exact quoted phrase is seeded then paid off on the text path
      ---
      duration_ms: 0.842114
      type: 'test'
      ...
    # Subtest: Story A: clue-photo is seeded and never paid off (unresolved) on both paths
    ok 2 - Story A: clue-photo is seeded and never paid off (unresolved) on both paths
      ---
      duration_ms: 0.314938
      type: 'test'
      ...
    # Subtest: Story B: clue-ring is seeded then paid off on both paths
    ok 3 - Story B: clue-ring is seeded then paid off on both paths
      ---
      duration_ms: 0.483526
      type: 'test'
      ...
    # Subtest: Story B: clue-letter is seeded and never paid off (unresolved) on both paths
    ok 4 - Story B: clue-letter is seeded and never paid off (unresolved) on both paths
      ---
      duration_ms: 0.159507
      type: 'test'
      ...
    # Subtest: Story A: every ops-path clock raise has a clockRaised text-path scene within ±1
    ok 5 - Story A: every ops-path clock raise has a clockRaised text-path scene within ±1
      ---
      duration_ms: 0.258606
      type: 'test'
      ...
    # Subtest: Story B: every ops-path clock raise has a clockRaised text-path scene within ±1
    ok 6 - Story B: every ops-path clock raise has a clockRaised text-path scene within ±1
      ---
      duration_ms: 0.084997
      type: 'test'
      ...
    # Subtest: Story A: revelation is non-null in scene 5 on both paths
    ok 7 - Story A: revelation is non-null in scene 5 on both paths
      ---
      duration_ms: 0.1724
      type: 'test'
      ...
    # Subtest: Story B: revelation is non-null in scene 8 on both paths
    ok 8 - Story B: revelation is non-null in scene 8 on both paths
      ---
      duration_ms: 0.112034
      type: 'test'
      ...
    # Subtest: Story A: positive shift (alice/bob, scene 6) present with agreeing sign on both paths
    ok 9 - Story A: positive shift (alice/bob, scene 6) present with agreeing sign on both paths
      ---
      duration_ms: 0.173938
      type: 'test'
      ...
    # Subtest: Story A: negative shift (carla/dan, scene 8) present with agreeing sign on both paths
    ok 10 - Story A: negative shift (carla/dan, scene 8) present with agreeing sign on both paths
      ---
      duration_ms: 0.108795
      type: 'test'
      ...
    # Subtest: Story B: positive shift (erin/frank, scene 5) present with agreeing sign on both paths
    ok 11 - Story B: positive shift (erin/frank, scene 5) present with agreeing sign on both paths
      ---
      duration_ms: 0.10343
      type: 'test'
      ...
    # Subtest: Story B: negative shift (grace/henry, scene 7) present with agreeing sign on both paths
    ok 12 - Story B: negative shift (grace/henry, scene 7) present with agreeing sign on both paths
      ---
      duration_ms: 0.100168
      type: 'test'
      ...
    # Subtest: KNOWN LIMITATION: a relationship shift with no co-speaking dialogue is present on the ops path but absent on the text path
    ok 13 - KNOWN LIMITATION: a relationship shift with no co-speaking dialogue is present on the ops path but absent on the text path
      ---
      duration_ms: 0.103197
      type: 'test'
      ...
    1..13
ok 816 - record parity — presence (clues, clock, revelation, relationship shifts)
  ---
  duration_ms: 3.597834
  type: 'suite'
  ...
# Subtest: record parity — compiler-richness capability: PRESENCE fields now survive WITHOUT co-authored belief lexicon
    # Subtest: SEED_CLUE alone (no accompanying belief text) is recoverable as a seeded clue on the text path
    ok 1 - SEED_CLUE alone (no accompanying belief text) is recoverable as a seeded clue on the text path
      ---
      duration_ms: 0.165369
      type: 'test'
      ...
    # Subtest: PAYOFF_SETUP alone, 3 scenes later (no accompanying belief text), is recoverable as a paid-off clue on the text path
    ok 2 - PAYOFF_SETUP alone, 3 scenes later (no accompanying belief text), is recoverable as a paid-off clue on the text path
      ---
      duration_ms: 0.117935
      type: 'test'
      ...
    # Subtest: RAISE_CLOCK alone (no accompanying deadline belief) sets clockRaised on the text path
    ok 3 - RAISE_CLOCK alone (no accompanying deadline belief) sets clockRaised on the text path
      ---
      duration_ms: 0.091591
      type: 'test'
      ...
    # Subtest: UPDATE_READER_STATE alone (no accompanying belief text) yields a matching-sign suspenseDelta on the text path
    ok 4 - UPDATE_READER_STATE alone (no accompanying belief text) yields a matching-sign suspenseDelta on the text path
      ---
      duration_ms: 0.117606
      type: 'test'
      ...
    1..4
ok 817 - record parity — compiler-richness capability: PRESENCE fields now survive WITHOUT co-authored belief lexicon
  ---
  duration_ms: 0.645201
  type: 'suite'
  ...
# Subtest: record parity — sign/direction (measured agreement, pinned with headroom)
    # Subtest: suspenseDelta sign agreement is >= 0.9 across both golden stories (measured 19/19 = 1.00 at authoring time)
    ok 1 - suspenseDelta sign agreement is >= 0.9 across both golden stories (measured 19/19 = 1.00 at authoring time)
      ---
      duration_ms: 0.404954
      type: 'test'
      ...
    # Subtest: curiosityDelta sign agreement is >= 0.75 across both golden stories (measured 16/19 = 0.842 at authoring time)
    ok 2 - curiosityDelta sign agreement is >= 0.75 across both golden stories (measured 16/19 = 0.842 at authoring time)
      ---
      duration_ms: 0.143037
      type: 'test'
      ...
    # Subtest: KNOWN ASYMMETRY: every ops-path negative curiosityDelta scene has a non-negative (never negative) text-path curiosityDelta
    ok 3 - KNOWN ASYMMETRY: every ops-path negative curiosityDelta scene has a non-negative (never negative) text-path curiosityDelta
      ---
      duration_ms: 0.202614
      type: 'test'
      ...
    # Subtest: emotionalShift categorical agreement is >= 0.9 across both golden stories (measured 19/19 = 1.00 at authoring time)
    ok 4 - emotionalShift categorical agreement is >= 0.9 across both golden stories (measured 19/19 = 1.00 at authoring time)
      ---
      duration_ms: 0.127165
      type: 'test'
      ...
    1..4
ok 818 - record parity — sign/direction (measured agreement, pinned with headroom)
  ---
  duration_ms: 1.14615
  type: 'suite'
  ...
# Subtest: record parity — known asymmetry: question-answer latency fields are text-only
    # Subtest: Story A: ops-path records never populate any question-latency field
    ok 1 - Story A: ops-path records never populate any question-latency field
      ---
      duration_ms: 0.220612
      type: 'test'
      ...
    # Subtest: Story A: text-path records always populate all four question-latency fields as numbers
    ok 2 - Story A: text-path records always populate all four question-latency fields as numbers
      ---
      duration_ms: 0.253307
      type: 'test'
      ...
    # Subtest: Story B: ops-path records never populate any question-latency field
    ok 3 - Story B: ops-path records never populate any question-latency field
      ---
      duration_ms: 0.082931
      type: 'test'
      ...
    # Subtest: Story B: text-path records always populate all four question-latency fields as numbers
    ok 4 - Story B: text-path records always populate all four question-latency fields as numbers
      ---
      duration_ms: 0.073616
      type: 'test'
      ...
    1..4
ok 819 - record parity — known asymmetry: question-answer latency fields are text-only
  ---
  duration_ms: 0.787879
  type: 'suite'
  ...
# Subtest: record parity — drift tripwire
    # Subtest: every field either producer actually emits is classified in PARITY_MATRIX
    ok 1 - every field either producer actually emits is classified in PARITY_MATRIX
      ---
      duration_ms: 0.474875
      type: 'test'
      ...
    # Subtest: every PARITY_MATRIX entry corresponds to a field at least one producer actually emits (no stale entries)
    ok 2 - every PARITY_MATRIX entry corresponds to a field at least one producer actually emits (no stale entries)
      ---
      duration_ms: 0.331341
      type: 'test'
      ...
    # Subtest: PARITY_MATRIX classifies all 30 known ScreenplaySceneRecord fields (sanity count)
    ok 3 - PARITY_MATRIX classifies all 30 known ScreenplaySceneRecord fields (sanity count)
      ---
      duration_ms: 0.109937
      type: 'test'
      ...
    1..3
ok 820 - record parity — drift tripwire
  ---
  duration_ms: 1.048254
  type: 'suite'
  ...
# Subtest: record parity — Wave 1192 lexicon signals (betrayalSignal SIGN, powerDynamicsIntensity PRESENCE, ironyMarkerCount text-only)
    # Subtest: BETRAYAL_PROBE: betrayal-ward scene agrees in sign (+) on both paths
    ok 1 - BETRAYAL_PROBE: betrayal-ward scene agrees in sign (+) on both paths
      ---
      duration_ms: 0.221454
      type: 'test'
      ...
    # Subtest: BETRAYAL_PROBE: loyalty-ward scene agrees in sign (−) on both paths
    ok 2 - BETRAYAL_PROBE: loyalty-ward scene agrees in sign (−) on both paths
      ---
      duration_ms: 0.102617
      type: 'test'
      ...
    # Subtest: BETRAYAL_PROBE: the inert filler scene is 0 on both paths (no noise)
    ok 3 - BETRAYAL_PROBE: the inert filler scene is 0 on both paths (no noise)
      ---
      duration_ms: 0.095596
      type: 'test'
      ...
    # Subtest: golden stories (measured): ops-path betrayalSignal is nonzero exactly at the trust-shift scenes, loyalty-ward
    ok 4 - golden stories (measured): ops-path betrayalSignal is nonzero exactly at the trust-shift scenes, loyalty-ward
      ---
      duration_ms: 0.25992
      type: 'test'
      ...
    # Subtest: golden stories (measured): text-path betrayalSignal is nonzero exactly at the betrayal-prose scenes, betrayal-ward, disjoint from the ops-path scenes
    ok 5 - golden stories (measured): text-path betrayalSignal is nonzero exactly at the betrayal-prose scenes, betrayal-ward, disjoint from the ops-path scenes
      ---
      duration_ms: 0.375547
      type: 'test'
      ...
    # Subtest: POWER_PROBE: a respect-shift scene with dominance-lexicon reason is nonzero on both paths; the filler scene is 0 on both
    ok 6 - POWER_PROBE: a respect-shift scene with dominance-lexicon reason is nonzero on both paths; the filler scene is 0 on both
      ---
      duration_ms: 0.2069
      type: 'test'
      ...
    # Subtest: golden stories (measured): powerDynamicsIntensity is 0 on every scene of both paths — neither fixture stages a control contest (trivially agreeing presence)
    ok 7 - golden stories (measured): powerDynamicsIntensity is 0 on every scene of both paths — neither fixture stages a control contest (trivially agreeing presence)
      ---
      duration_ms: 0.156638
      type: 'test'
      ...
    # Subtest: Story A: ops-path records never populate ironyMarkerCount; text-path records always populate it as a number
    ok 8 - Story A: ops-path records never populate ironyMarkerCount; text-path records always populate it as a number
      ---
      duration_ms: 0.133599
      type: 'test'
      ...
    # Subtest: Story B: ops-path records never populate ironyMarkerCount; text-path records always populate it as a number
    ok 9 - Story B: ops-path records never populate ironyMarkerCount; text-path records always populate it as a number
      ---
      duration_ms: 0.215496
      type: 'test'
      ...
    1..9
ok 821 - record parity — Wave 1192 lexicon signals (betrayalSignal SIGN, powerDynamicsIntensity PRESENCE, ironyMarkerCount text-only)
  ---
  duration_ms: 2.134323
  type: 'suite'
  ...
# Subtest: detectReversals — positive fixture: the canonical D3 betrayal-revelation script
    # Subtest: legacy suspense-dip definition reports ZERO reversals on this script (reproduces D3 exactly)
    ok 1 - legacy suspense-dip definition reports ZERO reversals on this script (reproduces D3 exactly)
      ---
      duration_ms: 2.099529
      type: 'test'
      ...
    # Subtest: detectReversals finds the allegiance reveal the legacy channel misses
    ok 2 - detectReversals finds the allegiance reveal the legacy channel misses
      ---
      duration_ms: 0.751088
      type: 'test'
      ...
    # Subtest: the flagged scene is the VAULT scene (0-based sceneIdx 12 — the 13th scene heading) with Vance's reveal as evidence
    ok 3 - the flagged scene is the VAULT scene (0-based sceneIdx 12 — the 13th scene heading) with Vance's reveal as evidence
      ---
      duration_ms: 0.474168
      type: 'test'
      ...
    # Subtest: computeReversalDelta reports a positive delta on this script (detected finds what legacy misses)
    ok 4 - computeReversalDelta reports a positive delta on this script (detected finds what legacy misses)
      ---
      duration_ms: 0.205884
      type: 'test'
      ...
    1..4
ok 822 - detectReversals — positive fixture: the canonical D3 betrayal-revelation script
  ---
  duration_ms: 5.118155
  type: 'suite'
  ...
# Subtest: detectReversals — negative fixture: linear no-twist heist, both channels agree on 0
    # Subtest: legacy suspense-dip count is 0 (no magnitude dips in this text)
    ok 1 - legacy suspense-dip count is 0 (no magnitude dips in this text)
      ---
      duration_ms: 0.260239
      type: 'test'
      ...
    # Subtest: detectReversals finds nothing (no allegiance revelation, no relationship swing)
    ok 2 - detectReversals finds nothing (no allegiance revelation, no relationship swing)
      ---
      duration_ms: 0.980886
      type: 'test'
      ...
    # Subtest: computeReversalDelta reports delta 0 — both channels genuinely agree, not by omission
    ok 3 - computeReversalDelta reports delta 0 — both channels genuinely agree, not by omission
      ---
      duration_ms: 0.440843
      type: 'test'
      ...
    1..3
ok 823 - detectReversals — negative fixture: linear no-twist heist, both channels agree on 0
  ---
  duration_ms: 2.574044
  type: 'suite'
  ...
# Subtest: detectReversals — negative fixture: a plain suspense dip (legacy fires, detector correctly does not)
    # Subtest: legacy suspense-dip count is >= 1 (the safehouse scene clears suspenseDelta < -1)
    ok 1 - legacy suspense-dip count is >= 1 (the safehouse scene clears suspenseDelta < -1)
      ---
      duration_ms: 0.433265
      type: 'test'
      ...
    # Subtest: the dip scene itself carries no revelation and no relationship shifts (sanity check on the fixture)
    ok 2 - the dip scene itself carries no revelation and no relationship shifts (sanity check on the fixture)
      ---
      duration_ms: 0.353789
      type: 'test'
      ...
    # Subtest: detectReversals does NOT fire on the magnitude dip alone — a dip is not, by itself, an allegiance or relationship reversal
    ok 3 - detectReversals does NOT fire on the magnitude dip alone — a dip is not, by itself, an allegiance or relationship reversal
      ---
      duration_ms: 0.407452
      type: 'test'
      ...
    # Subtest: computeReversalDelta reports a NEGATIVE delta here — the one case where legacy catches something this module does not
    ok 4 - computeReversalDelta reports a NEGATIVE delta here — the one case where legacy catches something this module does not
      ---
      duration_ms: 0.186737
      type: 'test'
      ...
    1..4
ok 824 - detectReversals — negative fixture: a plain suspense dip (legacy fires, detector correctly does not)
  ---
  duration_ms: 1.726712
  type: 'suite'
  ...
# Subtest: detectReversals — channel 2: relationship-shift sign flip against an established pair
    # Subtest: an established positive pair with a large opposite-sign swing fires a relationship_swing candidate
    ok 1 - an established positive pair with a large opposite-sign swing fires a relationship_swing candidate
      ---
      duration_ms: 0.422703
      type: 'test'
      ...
    # Subtest: an established negative pair with a large opposite-sign (positive) swing also fires
    ok 2 - an established negative pair with a large opposite-sign (positive) swing also fires
      ---
      duration_ms: 0.211732
      type: 'test'
      ...
    # Subtest: a swing below SWING_THRESHOLD (4) does NOT fire, even against an established pair
    ok 3 - a swing below SWING_THRESHOLD (4) does NOT fire, even against an established pair
      ---
      duration_ms: 0.148046
      type: 'test'
      ...
    # Subtest: a large swing with NO established prior (pair introduced already at 0) does NOT fire
    ok 4 - a large swing with NO established prior (pair introduced already at 0) does NOT fire
      ---
      duration_ms: 0.149094
      type: 'test'
      ...
    # Subtest: a same-sign continuation on an established pair does NOT fire (not a reversal, just more of the same)
    ok 5 - a same-sign continuation on an established pair does NOT fire (not a reversal, just more of the same)
      ---
      duration_ms: 0.214149
      type: 'test'
      ...
    # Subtest: treats an absent relationshipShifts field as [] per the documented field contract
    ok 6 - treats an absent relationshipShifts field as [] per the documented field contract
      ---
      duration_ms: 0.224031
      type: 'test'
      ...
    # Subtest: a scene contributing candidates on BOTH channels counts once toward reversalCount, not twice
    ok 7 - a scene contributing candidates on BOTH channels counts once toward reversalCount, not twice
      ---
      duration_ms: 0.326476
      type: 'test'
      ...
    1..7
ok 825 - detectReversals — channel 2: relationship-shift sign flip against an established pair
  ---
  duration_ms: 2.043481
  type: 'suite'
  ...
# Subtest: detectReversals — determinism
    # Subtest: is deterministic: repeated calls on the same records produce identical results
    ok 1 - is deterministic: repeated calls on the same records produce identical results
      ---
      duration_ms: 4.762682
      type: 'test'
      ...
    # Subtest: is deterministic on synthetic channel-2 fixtures too
    ok 2 - is deterministic on synthetic channel-2 fixtures too
      ---
      duration_ms: 0.181498
      type: 'test'
      ...
    1..2
ok 826 - detectReversals — determinism
  ---
  duration_ms: 5.073032
  type: 'suite'
  ...
# Subtest: detectReversals — sceneIdx contract (0-based, per record.sceneIdx, never array position or +1)
    # Subtest: reports the record's own sceneIdx verbatim, even when it does not match the record's array position
    ok 1 - reports the record's own sceneIdx verbatim, even when it does not match the record's array position
      ---
      duration_ms: 0.145455
      type: 'test'
      ...
    1..1
ok 827 - detectReversals — sceneIdx contract (0-based, per record.sceneIdx, never array position or +1)
  ---
  duration_ms: 0.221992
  type: 'suite'
  ...
# Subtest: NVM — Writers' Room roster expansion (E1-a): 6 new critics
    # Subtest: pacing-editor
        # Subtest: fires on a dead stretch: an urgency-required scene with only 1 op
        ok 1 - fires on a dead stretch: an urgency-required scene with only 1 op
          ---
          duration_ms: 5.450746
          type: 'test'
          ...
        # Subtest: does not fire on a build_tension scene with real, varied material
        ok 2 - does not fire on a build_tension scene with real, varied material
          ---
          duration_ms: 0.967352
          type: 'test'
          ...
        1..2
    ok 1 - pacing-editor
      ---
      duration_ms: 7.447467
      type: 'suite'
      ...
    # Subtest: dialogue-specialist
        # Subtest: fires when two different characters register the identical emotional note
        ok 1 - fires when two different characters register the identical emotional note
          ---
          duration_ms: 0.78723
          type: 'test'
          ...
        # Subtest: does not fire when characters register distinct emotional registers and dialogue carries subtext
        ok 2 - does not fire when characters register distinct emotional registers and dialogue carries subtext
          ---
          duration_ms: 1.162163
          type: 'test'
          ...
        1..2
    ok 2 - dialogue-specialist
      ---
      duration_ms: 2.509535
      type: 'suite'
      ...
    # Subtest: theme-auditor
        # Subtest: fires when a claim repeats the identical move already on record
        ok 1 - fires when a claim repeats the identical move already on record
          ---
          duration_ms: 1.255893
          type: 'test'
          ...
        # Subtest: does not fire when the argument advances with a genuinely new move
        ok 2 - does not fire when the argument advances with a genuinely new move
          ---
          duration_ms: 0.81844
          type: 'test'
          ...
        1..2
    ok 3 - theme-auditor
      ---
      duration_ms: 2.594167
      type: 'suite'
      ...
    # Subtest: genre-gatekeeper
        # Subtest: fires (hard) on an unearned payoff that violates the genre's forbidden-shortcut contract
        ok 1 - fires (hard) on an unearned payoff that violates the genre's forbidden-shortcut contract
          ---
          duration_ms: 1.184113
          type: 'test'
          ...
        # Subtest: does not fire when the payoff has a planted setup and no other genre rule is violated
        ok 2 - does not fire when the payoff has a planted setup and no other genre rule is violated
          ---
          duration_ms: 2.573384
          type: 'test'
          ...
        # Subtest: does not fire at all when no genre is configured
        ok 3 - does not fire at all when no genre is configured
          ---
          duration_ms: 0.861902
          type: 'test'
          ...
        1..3
    ok 4 - genre-gatekeeper
      ---
      duration_ms: 5.097461
      type: 'suite'
      ...
    # Subtest: audience-proxy
        # Subtest: fires on a pileup of 3 brand-new names in one scene
        ok 1 - fires on a pileup of 3 brand-new names in one scene
          ---
          duration_ms: 1.172893
          type: 'test'
          ...
        # Subtest: does not fire when the same characters are already established
        ok 2 - does not fire when the same characters are already established
          ---
          duration_ms: 0.581497
          type: 'test'
          ...
        1..2
    ok 5 - audience-proxy
      ---
      duration_ms: 2.009005
      type: 'suite'
      ...
    # Subtest: production-realist
        # Subtest: fires on an unshootable visual fact
        ok 1 - fires on an unshootable visual fact
          ---
          duration_ms: 0.686828
          type: 'test'
          ...
        # Subtest: does not fire on a concrete, physical, filmable action line
        ok 2 - does not fire on a concrete, physical, filmable action line
          ---
          duration_ms: 0.358299
          type: 'test'
          ...
        1..2
    ok 6 - production-realist
      ---
      duration_ms: 1.18213
      type: 'suite'
      ...
    # Subtest: aggregation — severity tiers
        # Subtest: a hard genre veto is surfaced in hardObjections/hasHardObjection, not just buried in critiques[]
        ok 1 - a hard genre veto is surfaced in hardObjections/hasHardObjection, not just buried in critiques[]
          ---
          duration_ms: 0.633016
          type: 'test'
          ...
        # Subtest: hasHardObjection is false and hardObjections is empty when nothing hard fires
        ok 2 - hasHardObjection is false and hardObjections is empty when nothing hard fires
          ---
          duration_ms: 2.804282
          type: 'test'
          ...
        1..2
    ok 7 - aggregation — severity tiers
      ---
      duration_ms: 3.625538
      type: 'suite'
      ...
    1..7
ok 828 - NVM — Writers' Room roster expansion (E1-a): 6 new critics
  ---
  duration_ms: 25.796127
  type: 'suite'
  ...
# Subtest: rulebook freshness
    # Subtest: extracts at least 1300 distinct rules across the 14 pass files
    ok 1 - extracts at least 1300 distinct rules across the 14 pass files
      ---
      duration_ms: 268.778501
      type: 'test'
      ...
    # Subtest: every one of the 14 pass files yields at least 1 rule
    ok 2 - every one of the 14 pass files yields at least 1 rule
      ---
      duration_ms: 198.965792
      type: 'test'
      ...
    # Subtest: live extraction count matches docs/rulebook/README.md's published total (fails when docs go stale after a wave — re-run `npm run rulebook`)
    ok 3 - live extraction count matches docs/rulebook/README.md's published total (fails when docs go stale after a wave — re-run `npm run rulebook`)
      ---
      duration_ms: 194.327447
      type: 'test'
      ...
    1..3
ok 829 - rulebook freshness
  ---
  duration_ms: 663.54309
  type: 'suite'
  ...
# Subtest: decideSampleInstall (G0-01 writer safety)
    # Subtest: refuses to install the sample when a differing non-empty draft exists
    ok 1 - refuses to install the sample when a differing non-empty draft exists
      ---
      duration_ms: 1.010878
      type: 'test'
      ...
    # Subtest: allows the sample into a truly empty draft
    ok 2 - allows the sample into a truly empty draft
      ---
      duration_ms: 0.193655
      type: 'test'
      ...
    # Subtest: treats a whitespace-only draft as empty (safe to install)
    ok 3 - treats a whitespace-only draft as empty (safe to install)
      ---
      duration_ms: 0.320742
      type: 'test'
      ...
    # Subtest: allows an idempotent re-install when draft already equals the sample
    ok 4 - allows an idempotent re-install when draft already equals the sample
      ---
      duration_ms: 0.258822
      type: 'test'
      ...
    # Subtest: refuses even when the draft differs only by appended edits to the sample
    ok 5 - refuses even when the draft differs only by appended edits to the sample
      ---
      duration_ms: 0.21678
      type: 'test'
      ...
    1..5
ok 830 - decideSampleInstall (G0-01 writer safety)
  ---
  duration_ms: 3.52768
  type: 'suite'
  ...
# Subtest: buildScenarioFromScript — field mapping
    # Subtest: maps a managed character's ghost/lie/want/need to knowledge_vector/public_mask/hidden_motive/goalStack, field by field
    ok 1 - maps a managed character's ghost/lie/want/need to knowledge_vector/public_mask/hidden_motive/goalStack, field by field
      ---
      duration_ms: 4.868326
      type: 'test'
      ...
    # Subtest: includes a speaking character absent from the Codex with a minimal sheet, located at their first speaking scene
    ok 2 - includes a speaking character absent from the Codex with a minimal sheet, located at their first speaking scene
      ---
      duration_ms: 0.597955
      type: 'test'
      ...
    # Subtest: dedupes repeated sluglines into one location and links only consecutively-visited locations
    ok 3 - dedupes repeated sluglines into one location and links only consecutively-visited locations
      ---
      duration_ms: 0.772381
      type: 'test'
      ...
    # Subtest: falls back to one default location when the script has zero scene headings
    ok 4 - falls back to one default location when the script has zero scene headings
      ---
      duration_ms: 0.302154
      type: 'test'
      ...
    # Subtest: caps locations at 12 and surfaces a truncation warning naming both counts
    ok 5 - caps locations at 12 and surfaces a truncation warning naming both counts
      ---
      duration_ms: 2.751765
      type: 'test'
      ...
    # Subtest: returns an honest empty result for an empty script with no characters
    ok 6 - returns an honest empty result for an empty script with no characters
      ---
      duration_ms: 0.475209
      type: 'test'
      ...
    1..6
ok 831 - buildScenarioFromScript — field mapping
  ---
  duration_ms: 11.45767
  type: 'suite'
  ...
# Subtest: scene-label consistency — 1-based labels, agreeing consumers
    # Subtest: every slug-paired label ("Scene N (SLUG)") has N = the slug's 1-based position
    ok 1 - every slug-paired label ("Scene N (SLUG)") has N = the slug's 1-based position
      ---
      duration_ms: 2.359804
      type: 'test'
      ...
    # Subtest: no label or description names a scene outside 1..sceneCount
    ok 2 - no label or description names a scene outside 1..sceneCount
      ---
      duration_ms: 0.987313
      type: 'test'
      ...
    # Subtest: strengths prose ("What's Working") uses 1-based scene numbers that agree with the records
    ok 3 - strengths prose ("What's Working") uses 1-based scene numbers that agree with the records
      ---
      duration_ms: 11.25682
      type: 'test'
      ...
    # Subtest: heatmap attribution agrees with the label text (doctor.ts decode)
    ok 4 - heatmap attribution agrees with the label text (doctor.ts decode)
      ---
      duration_ms: 0.63069
      type: 'test'
      ...
    # Subtest: editor anchoring agrees with the label text (locate.ts decode)
    ok 5 - editor anchoring agrees with the label text (locate.ts decode)
      ---
      duration_ms: 6.753357
      type: 'test'
      ...
    # Subtest: cluster sceneIdxs stay 0-based and in range (cluster.ts decode)
    ok 6 - cluster sceneIdxs stay 0-based and in range (cluster.ts decode)
      ---
      duration_ms: 5.55425
      type: 'test'
      ...
    1..6
ok 832 - scene-label consistency — 1-based labels, agreeing consumers
  ---
  duration_ms: 396.830615
  type: 'suite'
  ...
# Subtest: runScriptDoctor — report shape
    # Subtest: includes all 14 passes in pipeline order, with health/grade consistent
    ok 1 - includes all 14 passes in pipeline order, with health/grade consistent
      ---
      duration_ms: 65.153431
      type: 'test'
      ...
    # Subtest: returns a well-formed troubled/zero report for whitespace-only input
    ok 2 - returns a well-formed troubled/zero report for whitespace-only input
      ---
      duration_ms: 0.708353
      type: 'test'
      ...
    1..2
ok 833 - runScriptDoctor — report shape
  ---
  duration_ms: 67.325337
  type: 'suite'
  ...
# Subtest: runScriptDoctor — diagnose-only guarantee
    # Subtest: resolves without invoking the LLM even with a throwing provider installed
    ok 1 - resolves without invoking the LLM even with a throwing provider installed
      ---
      duration_ms: 0.389098
      type: 'test'
      ...
    # Subtest: rewritePass returns the fountain unchanged under runDiagnoseOnly, regardless of issues found
    ok 2 - rewritePass returns the fountain unchanged under runDiagnoseOnly, regardless of issues found
      ---
      duration_ms: 0.344739
      type: 'test'
      ...
    1..2
ok 834 - runScriptDoctor — diagnose-only guarantee
  ---
  duration_ms: 1.11763
  type: 'suite'
  ...
# Subtest: computeHealthScore / gradeForHealth — formula spot-check
    # Subtest: matches the documented formula for a known issue count
    ok 1 - matches the documented formula for a known issue count
      ---
      duration_ms: 0.264038
      type: 'test'
      ...
    # Subtest: approaches, but does not necessarily hit, 100 for zero issues at a well-evidenced scene count
    ok 2 - approaches, but does not necessarily hit, 100 for zero issues at a well-evidenced scene count
      ---
      duration_ms: 0.396423
      type: 'test'
      ...
    # Subtest: does NOT return 100 for zero issues at a tiny scene/word count — small-script sanity
    ok 3 - does NOT return 100 for zero issues at a tiny scene/word count — small-script sanity
      ---
      duration_ms: 0.377698
      type: 'test'
      ...
    # Subtest: clamps to 0 when the penalty would exceed 100
    ok 4 - clamps to 0 when the penalty would exceed 100
      ---
      duration_ms: 0.356677
      type: 'test'
      ...
    # Subtest: P0.1: adding severity-weighted issues never improves health (monotonicity)
    ok 5 - P0.1: adding severity-weighted issues never improves health (monotonicity)
      ---
      duration_ms: 0.582863
      type: 'test'
      ...
    # Subtest: P0.1: density penalty is continuous across the density=1 seam
    ok 6 - P0.1: density penalty is continuous across the density=1 seam
      ---
      duration_ms: 0.689408
      type: 'test'
      ...
    1..6
ok 835 - computeHealthScore / gradeForHealth — formula spot-check
  ---
  duration_ms: 3.082473
  type: 'suite'
  ...
# Subtest: runScriptDoctor — dimensions
    # Subtest: reports exactly 5 dimensions, in contract order, covering all 14 passes exactly once
    ok 1 - reports exactly 5 dimensions, in contract order, covering all 14 passes exactly once
      ---
      duration_ms: 1.051254
      type: 'test'
      ...
    1..1
ok 836 - runScriptDoctor — dimensions
  ---
  duration_ms: 1.173058
  type: 'suite'
  ...
# Subtest: verdictFor — boundary mapping
    # Subtest: RECOMMENDs only at health >= 85 AND sceneCount >= 8 (both boundaries inclusive)
    ok 1 - RECOMMENDs only at health >= 85 AND sceneCount >= 8 (both boundaries inclusive)
      ---
      duration_ms: 0.257802
      type: 'test'
      ...
    # Subtest: falls back to CONSIDER just below either RECOMMEND boundary
    ok 2 - falls back to CONSIDER just below either RECOMMEND boundary
      ---
      duration_ms: 0.112761
      type: 'test'
      ...
    # Subtest: caps a short-but-healthy script at CONSIDER — high health alone is not enough
    ok 3 - caps a short-but-healthy script at CONSIDER — high health alone is not enough
      ---
      duration_ms: 0.089651
      type: 'test'
      ...
    # Subtest: PASSes below health 60 regardless of sceneCount
    ok 4 - PASSes below health 60 regardless of sceneCount
      ---
      duration_ms: 0.092644
      type: 'test'
      ...
    # Subtest: CONSIDERs the health===60 boundary (not PASS) and mid-health scripts generally
    ok 5 - CONSIDERs the health===60 boundary (not PASS) and mid-health scripts generally
      ---
      duration_ms: 0.109126
      type: 'test'
      ...
    1..5
ok 837 - verdictFor — boundary mapping
  ---
  duration_ms: 0.855588
  type: 'suite'
  ...
# Subtest: buildStrengths — earned, never-padded bullets
    # Subtest: fire case: each guard fires exactly once when its evidence is genuinely present
    ok 1 - fire case: each guard fires exactly once when its evidence is genuinely present
      ---
      duration_ms: 0.541772
      type: 'test'
      ...
    # Subtest: no-fire case: nothing is padded in when no guard has genuine evidence
    ok 2 - no-fire case: nothing is padded in when no guard has genuine evidence
      ---
      duration_ms: 0.305489
      type: 'test'
      ...
    # Subtest: the setup/payoff strength requires an actual seeded clue, not just openClues === 0
    ok 3 - the setup/payoff strength requires an actual seeded clue, not just openClues === 0
      ---
      duration_ms: 0.193285
      type: 'test'
      ...
    1..3
ok 838 - buildStrengths — earned, never-padded bullets
  ---
  duration_ms: 1.190122
  type: 'suite'
  ...
# Subtest: buildStrengths — Wave 1183 excellence detectors (hand-built fixtures)
    # Subtest: stakes continuity FIRE: clock raised in both halves names both scenes
    ok 1 - stakes continuity FIRE: clock raised in both halves names both scenes
      ---
      duration_ms: 0.642041
      type: 'test'
      ...
    # Subtest: stakes continuity NO-FIRE: a competent-but-unremarkable clock raised only once never fires
    ok 2 - stakes continuity NO-FIRE: a competent-but-unremarkable clock raised only once never fires
      ---
      duration_ms: 0.507696
      type: 'test'
      ...
    # Subtest: relationship dynamism FIRE: a rupture followed 6 scenes later by a repair names both scenes and the pair
    ok 3 - relationship dynamism FIRE: a rupture followed 6 scenes later by a repair names both scenes and the pair
      ---
      duration_ms: 0.428393
      type: 'test'
      ...
    # Subtest: relationship dynamism NO-FIRE: a rupture with no later repair for the same pair never fires
    ok 4 - relationship dynamism NO-FIRE: a rupture with no later repair for the same pair never fires
      ---
      duration_ms: 0.329166
      type: 'test'
      ...
    # Subtest: emotional range FIRE: a negative scene followed by a positive final scene names both scenes
    ok 5 - emotional range FIRE: a negative scene followed by a positive final scene names both scenes
      ---
      duration_ms: 0.228833
      type: 'test'
      ...
    # Subtest: emotional range NO-FIRE: a negative scene with no positive scene anywhere never fires
    ok 6 - emotional range NO-FIRE: a negative scene with no positive scene anywhere never fires
      ---
      duration_ms: 0.169118
      type: 'test'
      ...
    1..6
ok 839 - buildStrengths — Wave 1183 excellence detectors (hand-built fixtures)
  ---
  duration_ms: 2.614523
  type: 'suite'
  ...
# Subtest: runScriptDoctor — Wave 1183 excellence detectors against the real reference corpus
    # Subtest: at least one new detector fires somewhere across the 5 strong-band samples
    ok 1 - at least one new detector fires somewhere across the 5 strong-band samples
      ---
      duration_ms: 144.644927
      type: 'test'
      ...
    # Subtest: never-padded proof: no Wave 1183 detector fires on any competent-band sample
    ok 2 - never-padded proof: no Wave 1183 detector fires on any competent-band sample
      ---
      duration_ms: 116.739971
      type: 'test'
      ...
    1..2
ok 840 - runScriptDoctor — Wave 1183 excellence detectors against the real reference corpus
  ---
  duration_ms: 261.602971
  type: 'suite'
  ...
# Subtest: Wave 1183 — calibration-drift guard (strengths must never leak into scoring)
    # Subtest: health stays a pure function of bySeverity/sceneCount/wordCount across the whole corpus, regardless of which (if any) Wave 1183 strengths fired
    ok 1 - health stays a pure function of bySeverity/sceneCount/wordCount across the whole corpus, regardless of which (if any) Wave 1183 strengths fired
      ---
      duration_ms: 246.47983
      type: 'test'
      ...
    1..1
ok 841 - Wave 1183 — calibration-drift guard (strengths must never leak into scoring)
  ---
  duration_ms: 246.708244
  type: 'suite'
  ...
# Subtest: buildStrengths — Run 20 excellence detectors (hand-built fixtures)
    # Subtest: cold-open FIRE: first scene turns + first-quarter clock
    ok 1 - cold-open FIRE: first scene turns + first-quarter clock
      ---
      duration_ms: 8.701478
      type: 'test'
      ...
    # Subtest: cold-open NO-FIRE: first scene moves but no first-quarter stakes (competent, unremarkable)
    ok 2 - cold-open NO-FIRE: first scene moves but no first-quarter stakes (competent, unremarkable)
      ---
      duration_ms: 0.335965
      type: 'test'
      ...
    # Subtest: climax placement FIRE: peak intensity in the final 30%, last quarter outweighs first
    ok 3 - climax placement FIRE: peak intensity in the final 30%, last quarter outweighs first
      ---
      duration_ms: 0.402126
      type: 'test'
      ...
    # Subtest: climax placement NO-FIRE: draft peaks early (front-loaded intensity)
    ok 4 - climax placement NO-FIRE: draft peaks early (front-loaded intensity)
      ---
      duration_ms: 0.431207
      type: 'test'
      ...
    # Subtest: acceleration FIRE: final-quarter scenes measurably tighter than the opening
    ok 5 - acceleration FIRE: final-quarter scenes measurably tighter than the opening
      ---
      duration_ms: 0.830346
      type: 'test'
      ...
    # Subtest: acceleration NO-FIRE: uniform scene lengths, and silently absent without fountain
    ok 6 - acceleration NO-FIRE: uniform scene lengths, and silently absent without fountain
      ---
      duration_ms: 0.40685
      type: 'test'
      ...
    1..6
ok 842 - buildStrengths — Run 20 excellence detectors (hand-built fixtures)
  ---
  duration_ms: 11.519837
  type: 'suite'
  ...
# Subtest: buildStrengths — Wave 1187 excellence detectors (hand-built fixtures)
    # Subtest: scene-purpose variety FIRE: 8 distinct purposes with no dominant one names the count and the top purpose
    ok 1 - scene-purpose variety FIRE: 8 distinct purposes with no dominant one names the count and the top purpose
      ---
      duration_ms: 0.563131
      type: 'test'
      ...
    # Subtest: scene-purpose variety NO-FIRE: 6 distinct purposes but one dominating over half the scenes never fires
    ok 2 - scene-purpose variety NO-FIRE: 6 distinct purposes but one dominating over half the scenes never fires
      ---
      duration_ms: 0.260848
      type: 'test'
      ...
    # Subtest: suspense shaping FIRE: a closing-quarter peak that tops every earlier quarter average names both scenes
    ok 3 - suspense shaping FIRE: a closing-quarter peak that tops every earlier quarter average names both scenes
      ---
      duration_ms: 0.320261
      type: 'test'
      ...
    # Subtest: suspense shaping NO-FIRE: a closing-quarter peak that only TIES the opening baseline never fires
    ok 4 - suspense shaping NO-FIRE: a closing-quarter peak that only TIES the opening baseline never fires
      ---
      duration_ms: 0.32077
      type: 'test'
      ...
    # Subtest: dramatic-turn density FIRE: 2 turns in the front half and 2 in the back half names all four scenes
    ok 5 - dramatic-turn density FIRE: 2 turns in the front half and 2 in the back half names all four scenes
      ---
      duration_ms: 0.266992
      type: 'test'
      ...
    # Subtest: dramatic-turn density NO-FIRE: 2 turns in the front half but only 1 in the back half never fires
    ok 6 - dramatic-turn density NO-FIRE: 2 turns in the front half but only 1 in the back half never fires
      ---
      duration_ms: 0.250877
      type: 'test'
      ...
    1..6
ok 843 - buildStrengths — Wave 1187 excellence detectors (hand-built fixtures)
  ---
  duration_ms: 2.354549
  type: 'suite'
  ...
# Subtest: runScriptDoctor — Wave 1187 excellence detectors against the real reference corpus
    # Subtest: at least one new detector fires somewhere across the 5 strong-band samples
    ok 1 - at least one new detector fires somewhere across the 5 strong-band samples
      ---
      duration_ms: 0.607044
      type: 'test'
      ...
    # Subtest: never-padded proof: no Wave 1187 detector fires on any competent-band sample
    ok 2 - never-padded proof: no Wave 1187 detector fires on any competent-band sample
      ---
      duration_ms: 0.564823
      type: 'test'
      ...
    1..2
ok 844 - runScriptDoctor — Wave 1187 excellence detectors against the real reference corpus
  ---
  duration_ms: 1.296684
  type: 'suite'
  ...
# Subtest: Wave 1187 — calibration-drift guard (strengths must never leak into scoring)
    # Subtest: health stays a pure function of bySeverity/sceneCount/wordCount across the whole corpus, extending the Wave 1183 mechanism check to at least one Wave 1187 strength
    ok 1 - health stays a pure function of bySeverity/sceneCount/wordCount across the whole corpus, extending the Wave 1183 mechanism check to at least one Wave 1187 strength
      ---
      duration_ms: 0.834726
      type: 'test'
      ...
    1..1
ok 845 - Wave 1187 — calibration-drift guard (strengths must never leak into scoring)
  ---
  duration_ms: 0.996112
  type: 'suite'
  ...
# Subtest: runScriptDoctor — plainSummary
    # Subtest: is non-empty, names the verdict, and never leaks a raw ALL_CAPS rule token
    ok 1 - is non-empty, names the verdict, and never leaks a raw ALL_CAPS rule token
      ---
      duration_ms: 0.65579
      type: 'test'
      ...
    1..1
ok 846 - runScriptDoctor — plainSummary
  ---
  duration_ms: 0.749066
  type: 'suite'
  ...
# Subtest: runScriptDoctor — degenerate zero-scene truth contract
    # Subtest: withholds every whole-draft assessment from whitespace-only input
    ok 1 - withholds every whole-draft assessment from whitespace-only input
      ---
      duration_ms: 0.560436
      type: 'test'
      ...
    1..1
ok 847 - runScriptDoctor — degenerate zero-scene truth contract
  ---
  duration_ms: 0.657738
  type: 'suite'
  ...
# Subtest: runScriptDoctor — contentHash
    # Subtest: is present and is a 64-char lowercase hex string
    ok 1 - is present and is a 64-char lowercase hex string
      ---
      duration_ms: 0.299929
      type: 'test'
      ...
    # Subtest: is stable across two runs on the same input
    ok 2 - is stable across two runs on the same input
      ---
      duration_ms: 0.190757
      type: 'test'
      ...
    # Subtest: differs across different inputs
    ok 3 - differs across different inputs
      ---
      duration_ms: 22.256138
      type: 'test'
      ...
    # Subtest: is present on the degenerate whitespace-only report
    ok 4 - is present on the degenerate whitespace-only report
      ---
      duration_ms: 0.537593
      type: 'test'
      ...
    # Subtest: equals an independently computed createHash("sha256") of the trimmed fixture
    ok 5 - equals an independently computed createHash("sha256") of the trimmed fixture
      ---
      duration_ms: 0.363338
      type: 'test'
      ...
    # Subtest: trims before hashing, so incidental surrounding whitespace does not change the degenerate hash
    ok 6 - trims before hashing, so incidental surrounding whitespace does not change the degenerate hash
      ---
      duration_ms: 0.428768
      type: 'test'
      ...
    1..6
ok 848 - runScriptDoctor — contentHash
  ---
  duration_ms: 24.496756
  type: 'suite'
  ...
# Subtest: runScriptDoctor — calibration percentiles
    # Subtest: populates healthPercentile and a per-dimension percentile/percentileDescriptor for a normal script
    ok 1 - populates healthPercentile and a per-dimension percentile/percentileDescriptor for a normal script
      ---
      duration_ms: 0.373285
      type: 'test'
      ...
    # Subtest: withholds percentile and dimension fields for degenerate whitespace-only input
    ok 2 - withholds percentile and dimension fields for degenerate whitespace-only input
      ---
      duration_ms: 0.204128
      type: 'test'
      ...
    # Subtest: is deterministic: two runs on the same input produce identical healthPercentile and per-dimension percentiles
    ok 3 - is deterministic: two runs on the same input produce identical healthPercentile and per-dimension percentiles
      ---
      duration_ms: 0.272478
      type: 'test'
      ...
    1..3
ok 849 - runScriptDoctor — calibration percentiles
  ---
  duration_ms: 1.011477
  type: 'suite'
  ...
# Subtest: computeDimensionScore / computeDimensionRawScore — formula spot-check (Wave 18-β)
    # Subtest: separates 5 skewed dimension issue-mixes at the bug repro word/scene count, ordered by issue density
    ok 1 - separates 5 skewed dimension issue-mixes at the bug repro word/scene count, ordered by issue density
      ---
      duration_ms: 0.520591
      type: 'test'
      ...
    # Subtest: stays within [0, 100] even for a heavily-flagged dimension at a tiny word count
    ok 2 - stays within [0, 100] even for a heavily-flagged dimension at a tiny word count
      ---
      duration_ms: 0.170193
      type: 'test'
      ...
    # Subtest: is exactly 100 for a zero-issue dimension regardless of sceneCount — no scarcity floor unlike the overall score
    ok 3 - is exactly 100 for a zero-issue dimension regardless of sceneCount — no scarcity floor unlike the overall score
      ---
      duration_ms: 0.145591
      type: 'test'
      ...
    # Subtest: honesty guard: rounds to the nearest whole point (not a tenth) below 3 scenes
    ok 4 - honesty guard: rounds to the nearest whole point (not a tenth) below 3 scenes
      ---
      duration_ms: 0.119721
      type: 'test'
      ...
    1..4
ok 850 - computeDimensionScore / computeDimensionRawScore — formula spot-check (Wave 18-β)
  ---
  duration_ms: 1.3275
  type: 'suite'
  ...
# Subtest: runScriptDoctor report shape — dimension-collapse fix, end to end (Wave 18-β)
    # Subtest: FIRE: a short (9-scene, 608-word) script with skewed per-dimension issue counts produces non-identical dimension scores, ordered by issue density
    ok 1 - FIRE: a short (9-scene, 608-word) script with skewed per-dimension issue counts produces non-identical dimension scores, ordered by issue density
      ---
      duration_ms: 5.253107
      type: 'test'
      ...
    # Subtest: NO-FIRE / control: a short script with a BALANCED issue mix across dimensions produces near-equal scores
    ok 2 - NO-FIRE / control: a short script with a BALANCED issue mix across dimensions produces near-equal scores
      ---
      duration_ms: 1.027898
      type: 'test'
      ...
    # Subtest: identical bySeverity mixes across all 5 dimensions produce byte-identical scores (determinism sanity)
    ok 3 - identical bySeverity mixes across all 5 dimensions produce byte-identical scores (determinism sanity)
      ---
      duration_ms: 0.863745
      type: 'test'
      ...
    # Subtest: honesty guard reaches the real report: dimension scores round to a whole point below 3 scenes
    ok 4 - honesty guard reaches the real report: dimension scores round to a whole point below 3 scenes
      ---
      duration_ms: 0.844971
      type: 'test'
      ...
    # Subtest: length-invariance is NOT expected of the dimension formula the same way as overall health — sanity: dimension scores stay in [0, 100] across a 1x/2x/3x-issue sweep
    ok 5 - length-invariance is NOT expected of the dimension formula the same way as overall health — sanity: dimension scores stay in [0, 100] across a 1x/2x/3x-issue sweep
      ---
      duration_ms: 3.89345
      type: 'test'
      ...
    1..5
ok 851 - runScriptDoctor report shape — dimension-collapse fix, end to end (Wave 18-β)
  ---
  duration_ms: 12.151747
  type: 'suite'
  ...
# Subtest: aggregateReport — incomplete analysis when passes fail
    # Subtest: withholds verdict/percentiles and marks analysisComplete=false when failedPasses is non-empty
    ok 1 - withholds verdict/percentiles and marks analysisComplete=false when failedPasses is non-empty
      ---
      duration_ms: 1.062458
      type: 'test'
      ...
    # Subtest: marks analysisComplete=true and keeps verdict when no passes failed
    ok 2 - marks analysisComplete=true and keeps verdict when no passes failed
      ---
      duration_ms: 0.730232
      type: 'test'
      ...
    1..2
ok 852 - aggregateReport — incomplete analysis when passes fail
  ---
  duration_ms: 1.916499
  type: 'suite'
  ...
# Subtest: analyzeFountainText / runScriptDoctor — truncation denominator scope
    # Subtest: does not improve health solely by appending ignored scenes beyond the analyzer ceiling
    ok 1 - does not improve health solely by appending ignored scenes beyond the analyzer ceiling
      ---
      duration_ms: 1063.113224
      type: 'test'
      ...
    1..1
ok 853 - analyzeFountainText / runScriptDoctor — truncation denominator scope
  ---
  duration_ms: 1063.250047
  type: 'suite'
  ...
# Subtest: runScriptDoctor — narrative metrics (report.metrics)
    # Subtest: is present on a normal run, with one per-scene entry per scene in sceneIdx order
    ok 1 - is present on a normal run, with one per-scene entry per scene in sceneIdx order
      ---
      duration_ms: 0.527016
      type: 'test'
      ...
    # Subtest: every score is within its documented range
    ok 2 - every score is within its documented range
      ---
      duration_ms: 0.54052
      type: 'test'
      ...
    # Subtest: pacingFit is honestly null everywhere — the doctor has no session emotional arc to measure against
    ok 3 - pacingFit is honestly null everywhere — the doctor has no session emotional arc to measure against
      ---
      duration_ms: 0.303373
      type: 'test'
      ...
    # Subtest: is deterministic: two genuinely fresh runs (cache cleared between) produce deep-equal metrics
    ok 4 - is deterministic: two genuinely fresh runs (cache cleared between) produce deep-equal metrics
      ---
      duration_ms: 54.486805
      type: 'test'
      ...
    # Subtest: final hook reconciles: script.finalCliffhangerStrength equals the last scene's cliffhangerStrength
    ok 5 - final hook reconciles: script.finalCliffhangerStrength equals the last scene's cliffhangerStrength
      ---
      duration_ms: 0.336962
      type: 'test'
      ...
    # Subtest: is absent from the degenerate zero-scene report — a missing field, not a fabricated all-zero one
    ok 6 - is absent from the degenerate zero-scene report — a missing field, not a fabricated all-zero one
      ---
      duration_ms: 0.199214
      type: 'test'
      ...
    1..6
ok 854 - runScriptDoctor — narrative metrics (report.metrics)
  ---
  duration_ms: 56.751239
  type: 'suite'
  ...
# Subtest: scriptide autosave transitions
    # Subtest: marks the current generation clean after an acknowledgement
    ok 1 - marks the current generation clean after an acknowledgement
      ---
      duration_ms: 1.149613
      type: 'test'
      ...
    # Subtest: advances the base revision but keeps a newer local generation dirty
    ok 2 - advances the base revision but keeps a newer local generation dirty
      ---
      duration_ms: 0.324038
      type: 'test'
      ...
    # Subtest: only starts saves for dirty, conflict-free, idle drafts
    ok 3 - only starts saves for dirty, conflict-free, idle drafts
      ---
      duration_ms: 0.20252
      type: 'test'
      ...
    1..3
ok 855 - scriptide autosave transitions
  ---
  duration_ms: 3.253116
  type: 'suite'
  ...
# Subtest: scriptide draft store
    # Subtest: roundtrips a valid versioned envelope (including titlePage) and mirrors theme
    ok 1 - roundtrips a valid versioned envelope (including titlePage) and mirrors theme
      ---
      duration_ms: 2.599579
      type: 'test'
      ...
    # Subtest: rejects malformed and unknown-version envelopes
    ok 2 - rejects malformed and unknown-version envelopes
      ---
      duration_ms: 0.414814
      type: 'test'
      ...
    # Subtest: migrates a pre-titlePage (schemaVersion 1) envelope on read
        # Subtest: upgrades schemaVersion and backfills the default title page
        ok 1 - upgrades schemaVersion and backfills the default title page
          ---
          duration_ms: 0.411404
          type: 'test'
          ...
        # Subtest: does not crash and does not clobber any pre-existing content field
        ok 2 - does not crash and does not clobber any pre-existing content field
          ---
          duration_ms: 2.639027
          type: 'test'
          ...
        # Subtest: loadScriptIDEDraft also returns the upgraded envelope (not the flat-key fallback)
        ok 3 - loadScriptIDEDraft also returns the upgraded envelope (not the flat-key fallback)
          ---
          duration_ms: 0.35486
          type: 'test'
          ...
        # Subtest: a migrated draft round-trips cleanly through a subsequent write
        ok 4 - a migrated draft round-trips cleanly through a subsequent write
          ---
          duration_ms: 0.462398
          type: 'test'
          ...
        1..4
    ok 3 - migrates a pre-titlePage (schemaVersion 1) envelope on read
      ---
      duration_ms: 4.250578
      type: 'suite'
      ...
    # Subtest: migrates every legacy (pre-envelope, flat-key) draft field, including a default title page
    ok 4 - migrates every legacy (pre-envelope, flat-key) draft field, including a default title page
      ---
      duration_ms: 0.574486
      type: 'test'
      ...
    # Subtest: returns false and skips the legacy mirror when the authoritative write returns false
    ok 5 - returns false and skips the legacy mirror when the authoritative write returns false
      ---
      duration_ms: 0.433785
      type: 'test'
      ...
    # Subtest: returns false and skips the legacy mirror when the authoritative write throws
    ok 6 - returns false and skips the legacy mirror when the authoritative write throws
      ---
      duration_ms: 0.49305
      type: 'test'
      ...
    # Subtest: returns false without invoking storage when draft serialization fails
    ok 7 - returns false without invoking storage when draft serialization fails
      ---
      duration_ms: 0.436177
      type: 'test'
      ...
    # Subtest: reports success when the authoritative envelope is stored but the legacy theme mirror returns false
    ok 8 - reports success when the authoritative envelope is stored but the legacy theme mirror returns false
      ---
      duration_ms: 0.181578
      type: 'test'
      ...
    # Subtest: reports success when the authoritative envelope is stored but the legacy theme mirror throws
    ok 9 - reports success when the authoritative envelope is stored but the legacy theme mirror throws
      ---
      duration_ms: 0.224527
      type: 'test'
      ...
    # Subtest: updates local content (including titlePage) while preserving the server base revision
    ok 10 - updates local content (including titlePage) while preserving the server base revision
      ---
      duration_ms: 0.408791
      type: 'test'
      ...
    # Subtest: imports script text without discarding metadata, titlePage, or the server base
    ok 11 - imports script text without discarding metadata, titlePage, or the server base
      ---
      duration_ms: 0.170734
      type: 'test'
      ...
    # Subtest: scriptIDEDraftStatesEqual
        # Subtest: detects a titlePage-only change as a real difference
        ok 1 - detects a titlePage-only change as a real difference
          ---
          duration_ms: 0.218866
          type: 'test'
          ...
        # Subtest: treats two states with identical titlePage content (different object identity) as equal
        ok 2 - treats two states with identical titlePage content (different object identity) as equal
          ---
          duration_ms: 0.115856
          type: 'test'
          ...
        1..2
    ok 12 - scriptIDEDraftStatesEqual
      ---
      duration_ms: 0.485822
      type: 'suite'
      ...
    1..12
ok 856 - scriptide draft store
  ---
  duration_ms: 12.800514
  type: 'suite'
  ...
# Subtest: decideScriptIDERestore
    # Subtest: returns empty when the server has no draft
    ok 1 - returns empty when the server has no draft
      ---
      duration_ms: 0.329587
      type: 'test'
      ...
    # Subtest: conflicts when a versioned dirty local draft has a different server base
    ok 2 - conflicts when a versioned dirty local draft has a different server base
      ---
      duration_ms: 0.142374
      type: 'test'
      ...
    # Subtest: uses server when a clean versioned local draft is out of date
    ok 3 - uses server when a clean versioned local draft is out of date
      ---
      duration_ms: 0.111265
      type: 'test'
      ...
    # Subtest: keeps a dirty versioned local draft with the same server base
    ok 4 - keeps a dirty versioned local draft with the same server base
      ---
      duration_ms: 0.196345
      type: 'test'
      ...
    # Subtest: conflicts a dirty versioned draft that never acquired a server base
    ok 5 - conflicts a dirty versioned draft that never acquired a server base
      ---
      duration_ms: 0.193899
      type: 'test'
      ...
    # Subtest: uses the legacy source once for multi-key migration
    ok 6 - uses the legacy source once for multi-key migration
      ---
      duration_ms: 0.244194
      type: 'test'
      ...
    # Subtest: applies a clean server envelope with empty arrays intact, preserving the supplied titlePage
    ok 7 - applies a clean server envelope with empty arrays intact, preserving the supplied titlePage
      ---
      duration_ms: 0.197522
      type: 'test'
      ...
    # Subtest: applies a clean server envelope even when the caller has no local titlePage yet (falls back to defaults)
    ok 8 - applies a clean server envelope even when the caller has no local titlePage yet (falls back to defaults)
      ---
      duration_ms: 0.123704
      type: 'test'
      ...
    1..8
ok 857 - decideScriptIDERestore
  ---
  duration_ms: 1.881784
  type: 'suite'
  ...
# Subtest: ScriptIDE.tsx — titlePage round-trips through the draft envelope
    # Subtest: seeds titlePage state from initialDraft.titlePage, not a hardcoded literal
    ok 1 - seeds titlePage state from initialDraft.titlePage, not a hardcoded literal
      ---
      duration_ms: 1.330358
      type: 'test'
      ...
    # Subtest: isDarkMode, snapshots, and researchNotes still seed from initialDraft (the pattern titlePage now matches)
    ok 2 - isDarkMode, snapshots, and researchNotes still seed from initialDraft (the pattern titlePage now matches)
      ---
      duration_ms: 0.320103
      type: 'test'
      ...
    # Subtest: the mount-stable draftRef (initial value AND the always-current assignment) includes titlePage
    ok 3 - the mount-stable draftRef (initial value AND the always-current assignment) includes titlePage
      ---
      duration_ms: 0.352626
      type: 'test'
      ...
    # Subtest: the local-persistence effect's dependency array includes titlePage (else a title-only edit never saves)
    ok 4 - the local-persistence effect's dependency array includes titlePage (else a title-only edit never saves)
      ---
      duration_ms: 0.284282
      type: 'test'
      ...
    # Subtest: both applyServerScriptIDEDraft call sites pass a titlePage argument (server has no titlePage of its own)
    ok 5 - both applyServerScriptIDEDraft call sites pass a titlePage argument (server has no titlePage of its own)
      ---
      duration_ms: 0.691874
      type: 'test'
      ...
    # Subtest: the mount-only server-load effect reads titlePage off the ref, not the (stale-by-then) closed-over state
    ok 6 - the mount-only server-load effect reads titlePage off the ref, not the (stale-by-then) closed-over state
      ---
      duration_ms: 0.217804
      type: 'test'
      ...
    # Subtest: exportFountain still reads the live titlePage state (unchanged — already correct)
    ok 7 - exportFountain still reads the live titlePage state (unchanged — already correct)
      ---
      duration_ms: 0.324338
      type: 'test'
      ...
    1..7
ok 858 - ScriptIDE.tsx — titlePage round-trips through the draft envelope
  ---
  duration_ms: 5.200005
  type: 'suite'
  ...
# Subtest: SessionCommandCoordinator
    # Subtest: runs one session FIFO, survives rejection, and permits another session concurrently
    ok 1 - runs one session FIFO, survives rejection, and permits another session concurrently
      ---
      duration_ms: 2.748894
      type: 'test'
      ...
    1..1
ok 859 - SessionCommandCoordinator
  ---
  duration_ms: 3.881859
  type: 'suite'
  ...
# {"time":"2026-08-05T02:28:41.389Z","level":"warn","msg":"session_evicted","evicted":"cap-1","cap":3}
# Subtest: session-store — PERSIST mode sanity
    # Subtest: this test file is exercising real file-backed persistence, not :memory:
    ok 1 - this test file is exercising real file-backed persistence, not :memory:
      ---
      duration_ms: 0.980073
      type: 'test'
      ...
    # Subtest: SESSION_TTL_MS has a generous, env-overridable default (not the old hardcoded 30 min)
    ok 2 - SESSION_TTL_MS has a generous, env-overridable default (not the old hardcoded 30 min)
      ---
      duration_ms: 0.246387
      type: 'test'
      ...
    1..2
ok 860 - session-store — PERSIST mode sanity
  ---
  duration_ms: 2.541351
  type: 'suite'
  ...
# Subtest: session eviction — idle TTL sweep (sweepIdleSessions)
    # Subtest: evicts a session idle past ttlMs: closes it, drops it from the map, but keeps its db file on disk
    ok 1 - evicts a session idle past ttlMs: closes it, drops it from the map, but keeps its db file on disk
      ---
      duration_ms: 33.877917
      type: 'test'
      ...
    # Subtest: a session accessed within the ttl window survives the sweep (no-fire case)
    ok 2 - a session accessed within the ttl window survives the sweep (no-fire case)
      ---
      duration_ms: 14.698756
      type: 'test'
      ...
    # Subtest: sweeping when nothing is stale evicts nothing and leaves the map size unchanged (no-fire case)
    ok 3 - sweeping when nothing is stale evicts nothing and leaves the map size unchanged (no-fire case)
      ---
      duration_ms: 1.142003
      type: 'test'
      ...
    # Subtest: never closes an idle-looking session while it has an admitted command
    ok 4 - never closes an idle-looking session while it has an admitted command
      ---
      duration_ms: 35.60697
      type: 'test'
      ...
    1..4
ok 861 - session eviction — idle TTL sweep (sweepIdleSessions)
  ---
  duration_ms: 85.882738
  type: 'suite'
  ...
# Subtest: session eviction — MAX_SESSIONS cap (LRU)
    # Subtest: starts from an empty in-memory session map
    ok 1 - starts from an empty in-memory session map
      ---
      duration_ms: 0.353485
      type: 'test'
      ...
    # Subtest: evicts the least-recently-accessed session once the cap is exceeded (fire case)
    ok 2 - evicts the least-recently-accessed session once the cap is exceeded (fire case)
      ---
      duration_ms: 62.690704
      type: 'test'
      ...
    # Subtest: accessing an existing session (not creating a new one) never triggers cap eviction (no-fire case)
    ok 3 - accessing an existing session (not creating a new one) never triggers cap eviction (no-fire case)
      ---
      duration_ms: 0.774628
      type: 'test'
      ...
    # Subtest: fails cleanly rather than evicting a busy session when every slot is active
    ok 4 - fails cleanly rather than evicting a busy session when every slot is active
      ---
      duration_ms: 74.931723
      type: 'test'
      ...
    1..4
ok 862 - session eviction — MAX_SESSIONS cap (LRU)
  ---
  duration_ms: 139.931831
  type: 'suite'
  ...
# Subtest: session eviction — destroySession contrast (explicit delete vs. eviction close)
    # Subtest: unlike eviction, destroySession actually removes the db file (explicit user-initiated wipe)
    ok 1 - unlike eviction, destroySession actually removes the db file (explicit user-initiated wipe)
      ---
      duration_ms: 23.234611
      type: 'test'
      ...
    1..1
ok 863 - session eviction — destroySession contrast (explicit delete vs. eviction close)
  ---
  duration_ms: 23.403695
  type: 'suite'
  ...
# Subtest: mergeSessionHeader
    # Subtest: adds X-Session-Id to a plain object header map without dropping other headers
    ok 1 - adds X-Session-Id to a plain object header map without dropping other headers
      ---
      duration_ms: 35.599131
      type: 'test'
      ...
    # Subtest: replaces a pre-existing X-Session-Id case-insensitively
    ok 2 - replaces a pre-existing X-Session-Id case-insensitively
      ---
      duration_ms: 0.23105
      type: 'test'
      ...
    # Subtest: merges into a real Headers instance
    ok 3 - merges into a real Headers instance
      ---
      duration_ms: 1.712798
      type: 'test'
      ...
    # Subtest: merges into a [string, string][] header array, replacing any prior entry
    ok 4 - merges into a [string, string][] header array, replacing any prior entry
      ---
      duration_ms: 14.470792
      type: 'test'
      ...
    # Subtest: handles undefined existing headers
    ok 5 - handles undefined existing headers
      ---
      duration_ms: 0.368601
      type: 'test'
      ...
    1..5
ok 864 - mergeSessionHeader
  ---
  duration_ms: 53.935446
  type: 'suite'
  ...
# Subtest: isSameOriginApiRequest — string input (unchanged contract)
    # Subtest: matches a relative '/api/...' path
    ok 1 - matches a relative '/api/...' path
      ---
      duration_ms: 0.520611
      type: 'test'
      ...
    # Subtest: rejects a relative non-api path
    ok 2 - rejects a relative non-api path
      ---
      duration_ms: 0.290186
      type: 'test'
      ...
    # Subtest: rejects an absolute same-origin URL string (unchanged from prior behavior — no call site passes one)
    ok 3 - rejects an absolute same-origin URL string (unchanged from prior behavior — no call site passes one)
      ---
      duration_ms: 0.468895
      type: 'test'
      ...
    # Subtest: rejects an absolute cross-origin URL string
    ok 4 - rejects an absolute cross-origin URL string
      ---
      duration_ms: 0.330082
      type: 'test'
      ...
    1..4
ok 865 - isSameOriginApiRequest — string input (unchanged contract)
  ---
  duration_ms: 2.240801
  type: 'suite'
  ...
# Subtest: isSameOriginApiRequest — URL input (new)
    # Subtest: matches a same-origin '/api/' URL
    ok 1 - matches a same-origin '/api/' URL
      ---
      duration_ms: 0.472458
      type: 'test'
      ...
    # Subtest: rejects a same-origin non-api URL
    ok 2 - rejects a same-origin non-api URL
      ---
      duration_ms: 0.191028
      type: 'test'
      ...
    # Subtest: rejects a cross-origin '/api/' URL (never leak the session id off-origin)
    ok 3 - rejects a cross-origin '/api/' URL (never leak the session id off-origin)
      ---
      duration_ms: 0.193633
      type: 'test'
      ...
    # Subtest: rejects a same path on a different port (origin includes port)
    ok 4 - rejects a same path on a different port (origin includes port)
      ---
      duration_ms: 0.263353
      type: 'test'
      ...
    1..4
ok 866 - isSameOriginApiRequest — URL input (new)
  ---
  duration_ms: 1.357059
  type: 'suite'
  ...
# Subtest: isSameOriginApiRequest — Request input (new)
    # Subtest: matches a same-origin '/api/' Request
    ok 1 - matches a same-origin '/api/' Request
      ---
      duration_ms: 1.791657
      type: 'test'
      ...
    # Subtest: rejects a same-origin non-api Request
    ok 2 - rejects a same-origin non-api Request
      ---
      duration_ms: 0.309403
      type: 'test'
      ...
    # Subtest: rejects a cross-origin Request even when its path starts with /api/
    ok 3 - rejects a cross-origin Request even when its path starts with /api/
      ---
      duration_ms: 0.256083
      type: 'test'
      ...
    1..3
ok 867 - isSameOriginApiRequest — Request input (new)
  ---
  duration_ms: 2.545966
  type: 'suite'
  ...
# Subtest: isSameOriginApiRequest — defensive behavior
    # Subtest: never throws on a malformed URL-ish string and safely returns false
    ok 1 - never throws on a malformed URL-ish string and safely returns false
      ---
      duration_ms: 0.372446
      type: 'test'
      ...
    1..1
ok 868 - isSameOriginApiRequest — defensive behavior
  ---
  duration_ms: 0.485514
  type: 'suite'
  ...
#   Intact forwardEdgeRatio: 1.000
#   Swapped forwardEdgeRatio: 1.000
#   Intact arcCoherence: 0.000
#   Swapped arcCoherence: 0.000
#   Intact escalationMonotonicity: 0.000
#   Swapped escalationMonotonicity: 0.000
#   Intact graphHealth: 43
#   Swapped graphHealth: 43
#   ✓ All 6 core metrics computed and within valid ranges
# Subtest: Story Graph — act-swap discrimination demonstration
    # Subtest: intact script shows higher forwardEdgeRatio than act-swapped version
    ok 1 - intact script shows higher forwardEdgeRatio than act-swapped version
      ---
      duration_ms: 56.200697
      type: 'test'
      ...
    # Subtest: intact script shows higher arcCoherence than act-swapped version
    ok 2 - intact script shows higher arcCoherence than act-swapped version
      ---
      duration_ms: 0.416312
      type: 'test'
      ...
    # Subtest: intact script shows higher escalationMonotonicity than act-swapped version
    ok 3 - intact script shows higher escalationMonotonicity than act-swapped version
      ---
      duration_ms: 0.515421
      type: 'test'
      ...
    # Subtest: intact script shows higher graphHealth than act-swapped version
    ok 4 - intact script shows higher graphHealth than act-swapped version
      ---
      duration_ms: 0.653198
      type: 'test'
      ...
    # Subtest: demonstrates all story graph metrics are computed
    ok 5 - demonstrates all story graph metrics are computed
      ---
      duration_ms: 0.53544
      type: 'test'
      ...
    1..5
ok 869 - Story Graph — act-swap discrimination demonstration
  ---
  duration_ms: 60.178941
  type: 'suite'
  ...
#   ⚠ STORY_GRAPH_CORPUS_DIR not set or invalid, skipping position-sensitivity tests
#     Set to merged-fountain corpus path to enable (e.g., from corpus-pipeline)
# Subtest: Story Graph Position-Sensitivity Regression
ok 870 - Story Graph Position-Sensitivity Regression
  ---
  duration_ms: 0.68962
  type: 'suite'
  ...
# Subtest: Story Graph Enhanced Diagnostics — Phase 2
    # Subtest: Severity Classification
        # Subtest: classifies Act 1 unpaid promises as critical
        ok 1 - classifies Act 1 unpaid promises as critical
          ---
          duration_ms: 57.467945
          type: 'test'
          ...
        # Subtest: classifies isolated scenes at key positions as critical
        ok 2 - classifies isolated scenes at key positions as critical
          ---
          duration_ms: 15.861944
          type: 'test'
          ...
        # Subtest: classifies backward causality as critical when no promise is ever paid forward
        ok 3 - classifies backward causality as critical when no promise is ever paid forward
          ---
          duration_ms: 99.954754
          type: 'test'
          ...
        1..3
    ok 1 - Severity Classification
      ---
      duration_ms: 174.529112
      type: 'suite'
      ...
    # Subtest: Suggestion Generation
        # Subtest: provides actionable suggestions for unpaid promises
        ok 1 - provides actionable suggestions for unpaid promises
          ---
          duration_ms: 0.818413
          type: 'test'
          ...
        # Subtest: provides context-aware suggestions based on act position
        ok 2 - provides context-aware suggestions based on act position
          ---
          duration_ms: 0.54643
          type: 'test'
          ...
        # Subtest: provides suggestions for isolated scenes
        ok 3 - provides suggestions for isolated scenes
          ---
          duration_ms: 0.508909
          type: 'test'
          ...
        1..3
    ok 2 - Suggestion Generation
      ---
      duration_ms: 2.342592
      type: 'suite'
      ...
    # Subtest: Strength Detection
        # Subtest: detects high closure rate as strength
        ok 1 - detects high closure rate as strength
          ---
          duration_ms: 33.307873
          type: 'test'
          ...
        # Subtest: detects strong escalation as strength
        ok 2 - detects strong escalation as strength
          ---
          duration_ms: 37.820213
          type: 'test'
          ...
        # Subtest: includes confidence scores for strengths
        ok 3 - includes confidence scores for strengths
          ---
          duration_ms: 41.704512
          type: 'test'
          ...
        1..3
    ok 3 - Strength Detection
      ---
      duration_ms: 113.40137
      type: 'suite'
      ...
    # Subtest: Overall Assessment
        # Subtest: computes overall assessment based on issue distribution
        ok 1 - computes overall assessment based on issue distribution
          ---
          duration_ms: 37.515003
          type: 'test'
          ...
        # Subtest: marks scripts with no critical issues and multiple strengths as strong
        ok 2 - marks scripts with no critical issues and multiple strengths as strong
          ---
          duration_ms: 0.515045
          type: 'test'
          ...
        # Subtest: marks scripts with many critical issues as weak
        ok 3 - marks scripts with many critical issues as weak
          ---
          duration_ms: 0.255146
          type: 'test'
          ...
        1..3
    ok 4 - Overall Assessment
      ---
      duration_ms: 38.617423
      type: 'suite'
      ...
    # Subtest: Diagnostic Structure
        # Subtest: all diagnostics have required fields
        ok 1 - all diagnostics have required fields
          ---
          duration_ms: 0.537104
          type: 'test'
          ...
        # Subtest: maintains backward compatibility with graphHealth
        ok 2 - maintains backward compatibility with graphHealth
          ---
          duration_ms: 0.212315
          type: 'test'
          ...
        1..2
    ok 5 - Diagnostic Structure
      ---
      duration_ms: 0.927537
      type: 'suite'
      ...
    1..5
ok 871 - Story Graph Enhanced Diagnostics — Phase 2
  ---
  duration_ms: 331.002004
  type: 'suite'
  ...
# Subtest: Story Graph Ops — Movies guide mapping
    # Subtest: CREATE nodes and relationships
    ok 1 - CREATE nodes and relationships
      ---
      duration_ms: 1.767819
      type: 'test'
      ...
    # Subtest: MATCH nodes with conditions
    ok 2 - MATCH nodes with conditions
      ---
      duration_ms: 0.938394
      type: 'test'
      ...
    # Subtest: MATCH patterns (a)-[:TYPE]->(b)
    ok 3 - MATCH patterns (a)-[:TYPE]->(b)
      ---
      duration_ms: 2.542006
      type: 'test'
      ...
    # Subtest: shortest path (Bacon path analogue) between two characters
    ok 4 - shortest path (Bacon path analogue) between two characters
      ---
      duration_ms: 0.656944
      type: 'test'
      ...
    # Subtest: shortest path along promise/causal chain
    ok 5 - shortest path along promise/causal chain
      ---
      duration_ms: 1.3735
      type: 'test'
      ...
    # Subtest: recommend nodes by shared neighbors
    ok 6 - recommend nodes by shared neighbors
      ---
      duration_ms: 13.909269
      type: 'test'
      ...
    # Subtest: DELETE ALL clears the graph
    ok 7 - DELETE ALL clears the graph
      ---
      duration_ms: 0.365555
      type: 'test'
      ...
    # Subtest: fromStoryGraph adapts doctor-built graphs into ops API
    ok 8 - fromStoryGraph adapts doctor-built graphs into ops API
      ---
      duration_ms: 5.108719
      type: 'test'
      ...
    1..8
ok 872 - Story Graph Ops — Movies guide mapping
  ---
  duration_ms: 28.795865
  type: 'suite'
  ...
# Subtest: Story Graph — core construction
    # Subtest: builds graph from scene records with promises
    ok 1 - builds graph from scene records with promises
      ---
      duration_ms: 27.659885
      type: 'test'
      ...
    # Subtest: handles scripts with no promises gracefully
    ok 2 - handles scripts with no promises gracefully
      ---
      duration_ms: 3.878106
      type: 'test'
      ...
    # Subtest: computes promise-payment ratio correctly
    ok 3 - computes promise-payment ratio correctly
      ---
      duration_ms: 12.436962
      type: 'test'
      ...
    1..3
ok 873 - Story Graph — core construction
  ---
  duration_ms: 45.380524
  type: 'suite'
  ...
# Subtest: Story Graph — act-swap discrimination
    # Subtest: intact scripts show higher forwardEdgeRatio than act-swapped versions
    ok 1 - intact scripts show higher forwardEdgeRatio than act-swapped versions
      ---
      duration_ms: 10.611098
      type: 'test'
      ...
    # Subtest: detects backward arcs in degraded scripts
    ok 2 - detects backward arcs in degraded scripts
      ---
      duration_ms: 5.200896
      type: 'test'
      ...
    1..2
ok 874 - Story Graph — act-swap discrimination
  ---
  duration_ms: 16.117288
  type: 'suite'
  ...
# Subtest: Story Graph — findings generation
    # Subtest: generates findings for detected issues
    ok 1 - generates findings for detected issues
      ---
      duration_ms: 3.338214
      type: 'test'
      ...
    # Subtest: computes graphHealth composite score
    ok 2 - computes graphHealth composite score
      ---
      duration_ms: 2.702798
      type: 'test'
      ...
    1..2
ok 875 - Story Graph — findings generation
  ---
  duration_ms: 6.471557
  type: 'suite'
  ...
# Subtest: Story Graph — metrics computation
    # Subtest: computes arcCoherence (tension vs position correlation)
    ok 1 - computes arcCoherence (tension vs position correlation)
      ---
      duration_ms: 3.736567
      type: 'test'
      ...
    # Subtest: computes escalationMonotonicity (tension rises across acts)
    ok 2 - computes escalationMonotonicity (tension rises across acts)
      ---
      duration_ms: 4.063818
      type: 'test'
      ...
    # Subtest: computes causalDensity (edges per node)
    ok 3 - computes causalDensity (edges per node)
      ---
      duration_ms: 3.650313
      type: 'test'
      ...
    # Subtest: identifies isolated scenes
    ok 4 - identifies isolated scenes
      ---
      duration_ms: 2.624191
      type: 'test'
      ...
    1..4
ok 876 - Story Graph — metrics computation
  ---
  duration_ms: 14.567956
  type: 'suite'
  ...
# Subtest: Story Graph — edge cases
    # Subtest: handles empty script gracefully
    ok 1 - handles empty script gracefully
      ---
      duration_ms: 0.340885
      type: 'test'
      ...
    # Subtest: handles single-scene script
    ok 2 - handles single-scene script
      ---
      duration_ms: 2.2775
      type: 'test'
      ...
    # Subtest: handles very short scripts without errors
    ok 3 - handles very short scripts without errors
      ---
      duration_ms: 10.380895
      type: 'test'
      ...
    1..3
ok 877 - Story Graph — edge cases
  ---
  duration_ms: 13.283262
  type: 'suite'
  ...
# Subtest: vectorizeScript whole-draft contract
    # Subtest: rejects a scene-truncated source rather than returning a prefix vector with a full-draft hash
    ok 1 - rejects a scene-truncated source rather than returning a prefix vector with a full-draft hash
      ---
      duration_ms: 3071.085967
      type: 'test'
      ...
    # Subtest: marks a vector from a complete draft with a whole-draft receipt
    ok 2 - marks a vector from a complete draft with a whole-draft receipt
      ---
      duration_ms: 10.361587
      type: 'test'
      ...
    1..2
ok 878 - vectorizeScript whole-draft contract
  ---
  duration_ms: 3083.143419
  type: 'suite'
  ...
# Subtest: Story Vector - Vectorization
    # Subtest: derives dimensionality from the distinct rules encountered (RULE_INDEX is a lazy placeholder, not a fixed 3,216)
    ok 1 - derives dimensionality from the distinct rules encountered (RULE_INDEX is a lazy placeholder, not a fixed 3,216)
      ---
      duration_ms: 1.785658
      type: 'test'
      ...
    # Subtest: should normalize vectors to unit L2-norm
    ok 2 - should normalize vectors to unit L2-norm
      ---
      duration_ms: 0.781053
      type: 'test'
      ...
    # Subtest: keeps an all-zero vector all-zero (no division-by-zero/NaN) when no issues fire against a non-empty rule vocabulary
    ok 3 - keeps an all-zero vector all-zero (no division-by-zero/NaN) when no issues fire against a non-empty rule vocabulary
      ---
      duration_ms: 0.595151
      type: 'test'
      ...
    # Subtest: should produce deterministic vectors for same input
    ok 4 - should produce deterministic vectors for same input
      ---
      duration_ms: 1.354325
      type: 'test'
      ...
    1..4
ok 879 - Story Vector - Vectorization
  ---
  duration_ms: 6.351962
  type: 'suite'
  ...
# Subtest: Story Vector - Similarity
    # Subtest: should compute cosine similarity = 1 for identical vectors
    ok 1 - should compute cosine similarity = 1 for identical vectors
      ---
      duration_ms: 0.964808
      type: 'test'
      ...
    # Subtest: should compute cosine similarity = 0 for orthogonal vectors
    ok 2 - should compute cosine similarity = 0 for orthogonal vectors
      ---
      duration_ms: 0.392506
      type: 'test'
      ...
    # Subtest: should compute intermediate similarity for partially overlapping vectors
    ok 3 - should compute intermediate similarity for partially overlapping vectors
      ---
      duration_ms: 0.404289
      type: 'test'
      ...
    # Subtest: should compute euclidean distance = 0 for identical vectors
    ok 4 - should compute euclidean distance = 0 for identical vectors
      ---
      duration_ms: 0.451595
      type: 'test'
      ...
    # Subtest: should throw on dimension mismatch
    ok 5 - should throw on dimension mismatch
      ---
      duration_ms: 2.706855
      type: 'test'
      ...
    1..5
ok 880 - Story Vector - Similarity
  ---
  duration_ms: 5.470979
  type: 'suite'
  ...
# Subtest: Story Vector - Nearest Neighbors
    # Subtest: should find k nearest neighbors sorted by similarity, with the closest ratio ranking first
    ok 1 - should find k nearest neighbors sorted by similarity, with the closest ratio ranking first
      ---
      duration_ms: 0.978007
      type: 'test'
      ...
    # Subtest: should handle k > corpus size gracefully
    ok 2 - should handle k > corpus size gracefully
      ---
      duration_ms: 0.46556
      type: 'test'
      ...
    1..2
ok 881 - Story Vector - Nearest Neighbors
  ---
  duration_ms: 1.595372
  type: 'suite'
  ...
# Subtest: Story Vector - Clustering
    # Subtest: should cluster vectors by structural similarity
    ok 1 - should cluster vectors by structural similarity
      ---
      duration_ms: 1.315833
      type: 'test'
      ...
    # Subtest: should be deterministic with same seed
    ok 2 - should be deterministic with same seed
      ---
      duration_ms: 0.92534
      type: 'test'
      ...
    # Subtest: should compute inertia (within-cluster variance)
    ok 3 - should compute inertia (within-cluster variance)
      ---
      duration_ms: 0.538815
      type: 'test'
      ...
    # Subtest: should throw on invalid k
    ok 4 - should throw on invalid k
      ---
      duration_ms: 0.279752
      type: 'test'
      ...
    1..4
ok 882 - Story Vector - Clustering
  ---
  duration_ms: 3.272837
  type: 'suite'
  ...
# Subtest: Structural Genome - Extraction
    # Subtest: should extract a well-formed genome with real (non-static) scene variance
    ok 1 - should extract a well-formed genome with real (non-static) scene variance
      ---
      duration_ms: 1.370298
      type: 'test'
      ...
    # Subtest: should detect exactly 2 act breaks (classic 3-act split) for scripts of 10+ scenes, at valid percentage positions
    ok 2 - should detect exactly 2 act breaks (classic 3-act split) for scripts of 10+ scenes, at valid percentage positions
      ---
      duration_ms: 0.504652
      type: 'test'
      ...
    # Subtest: should return empty act breaks for short scripts
    ok 3 - should return empty act breaks for short scripts
      ---
      duration_ms: 0.329646
      type: 'test'
      ...
    # Subtest: should count reversals from emotional shifts (positive -> negative -> positive = 2 reversals)
    ok 4 - should count reversals from emotional shifts (positive -> negative -> positive = 2 reversals)
      ---
      duration_ms: 0.236404
      type: 'test'
      ...
    # Subtest: should compute emotional curvature as the variance of the +1/0/-1 emotional-shift signal
    ok 5 - should compute emotional curvature as the variance of the +1/0/-1 emotional-shift signal
      ---
      duration_ms: 0.254926
      type: 'test'
      ...
    1..5
ok 883 - Structural Genome - Extraction
  ---
  duration_ms: 2.998872
  type: 'suite'
  ...
# Subtest: Structural Genome - Comparison
    # Subtest: should generate a comparison report between two similar genomes
    ok 1 - should generate a comparison report between two similar genomes
      ---
      duration_ms: 0.472844
      type: 'test'
      ...
    # Subtest: should highlight differences in comparison report
    ok 2 - should highlight differences in comparison report
      ---
      duration_ms: 0.193157
      type: 'test'
      ...
    1..2
ok 884 - Structural Genome - Comparison
  ---
  duration_ms: 0.812924
  type: 'suite'
  ...
# Subtest: ClueCarrier — exhaustiveness (8 → 18)
    # Subtest: all 18 carriers are enumerated (compile-time Record above proves the type matches; this proves the count)
    ok 1 - all 18 carriers are enumerated (compile-time Record above proves the type matches; this proves the count)
      ---
      duration_ms: 1.21045
      type: 'test'
      ...
    # Subtest: every one of the 18 carriers renders SOME non-empty action line via SEED_CLUE (no carrier silently produces nothing)
    ok 2 - every one of the 18 carriers renders SOME non-empty action line via SEED_CLUE (no carrier silently produces nothing)
      ---
      duration_ms: 2.807141
      type: 'test'
      ...
    1..2
ok 885 - ClueCarrier — exhaustiveness (8 → 18)
  ---
  duration_ms: 5.331287
  type: 'suite'
  ...
# Subtest: ClueCarrier — 10 new carriers (construction + fire)
    # Subtest: costume: SEED_CLUE op is accepted and renders "A change of clothes" as a craft-plausible, non-empty action line
    ok 1 - costume: SEED_CLUE op is accepted and renders "A change of clothes" as a craft-plausible, non-empty action line
      ---
      duration_ms: 0.421854
      type: 'test'
      ...
    # Subtest: lighting: SEED_CLUE op is accepted and renders "A shift in the light" as a craft-plausible, non-empty action line
    ok 2 - lighting: SEED_CLUE op is accepted and renders "A shift in the light" as a craft-plausible, non-empty action line
      ---
      duration_ms: 0.152699
      type: 'test'
      ...
    # Subtest: timing: SEED_CLUE op is accepted and renders "A telling delay" as a craft-plausible, non-empty action line
    ok 3 - timing: SEED_CLUE op is accepted and renders "A telling delay" as a craft-plausible, non-empty action line
      ---
      duration_ms: 0.287148
      type: 'test'
      ...
    # Subtest: silence: SEED_CLUE op is accepted and renders "A held silence" as a craft-plausible, non-empty action line
    ok 4 - silence: SEED_CLUE op is accepted and renders "A held silence" as a craft-plausible, non-empty action line
      ---
      duration_ms: 0.158482
      type: 'test'
      ...
    # Subtest: transformation: SEED_CLUE op is accepted and renders "A visible transformation" as a craft-plausible, non-empty action line
    ok 5 - transformation: SEED_CLUE op is accepted and renders "A visible transformation" as a craft-plausible, non-empty action line
      ---
      duration_ms: 0.305985
      type: 'test'
      ...
    # Subtest: wound: SEED_CLUE op is accepted and renders "A fresh wound" as a craft-plausible, non-empty action line
    ok 6 - wound: SEED_CLUE op is accepted and renders "A fresh wound" as a craft-plausible, non-empty action line
      ---
      duration_ms: 0.453713
      type: 'test'
      ...
    # Subtest: document: SEED_CLUE op is accepted and renders "A folded document" as a craft-plausible, non-empty action line
    ok 7 - document: SEED_CLUE op is accepted and renders "A folded document" as a craft-plausible, non-empty action line
      ---
      duration_ms: 0.35069
      type: 'test'
      ...
    # Subtest: symbol: SEED_CLUE op is accepted and renders "A recurring symbol" as a craft-plausible, non-empty action line
    ok 8 - symbol: SEED_CLUE op is accepted and renders "A recurring symbol" as a craft-plausible, non-empty action line
      ---
      duration_ms: 0.639883
      type: 'test'
      ...
    # Subtest: animal: SEED_CLUE op is accepted and renders "A watchful animal" as a craft-plausible, non-empty action line
    ok 9 - animal: SEED_CLUE op is accepted and renders "A watchful animal" as a craft-plausible, non-empty action line
      ---
      duration_ms: 0.191725
      type: 'test'
      ...
    # Subtest: price: SEED_CLUE op is accepted and renders "A quoted price" as a craft-plausible, non-empty action line
    ok 10 - price: SEED_CLUE op is accepted and renders "A quoted price" as a craft-plausible, non-empty action line
      ---
      duration_ms: 0.12627
      type: 'test'
      ...
    # Subtest: no-fire: an ops-free scene has none of the 10 new carrier phrases
    ok 11 - no-fire: an ops-free scene has none of the 10 new carrier phrases
      ---
      duration_ms: 0.219521
      type: 'test'
      ...
    # Subtest: every new carrier phrase is distinct from every other carrier phrase (new-vs-new and new-vs-original)
    ok 12 - every new carrier phrase is distinct from every other carrier phrase (new-vs-new and new-vs-original)
      ---
      duration_ms: 0.172898
      type: 'test'
      ...
    1..12
ok 886 - ClueCarrier — 10 new carriers (construction + fire)
  ---
  duration_ms: 4.372873
  type: 'suite'
  ...
# Subtest: ThemeMove — exhaustiveness (5 → 11, not 12: "subvert" dropped as a synonym of "undercut")
    # Subtest: all 11 moves are enumerated
    ok 1 - all 11 moves are enumerated
      ---
      duration_ms: 0.168346
      type: 'test'
      ...
    # Subtest: "subvert" is genuinely not a member of ThemeMove (compile-time proof — this would fail tsc if it were)
    ok 2 - "subvert" is genuinely not a member of ThemeMove (compile-time proof — this would fail tsc if it were)
      ---
      duration_ms: 0.090554
      type: 'test'
      ...
    # Subtest: every one of the 11 moves renders a non-empty two-voice VOICE A/VOICE B exchange via ADVANCE_THEME_ARGUMENT
    ok 3 - every one of the 11 moves renders a non-empty two-voice VOICE A/VOICE B exchange via ADVANCE_THEME_ARGUMENT
      ---
      duration_ms: 1.338262
      type: 'test'
      ...
    1..3
ok 887 - ThemeMove — exhaustiveness (5 → 11, not 12: "subvert" dropped as a synonym of "undercut")
  ---
  duration_ms: 1.761309
  type: 'suite'
  ...
# Subtest: ThemeMove — 6 new moves (construction + fire, real dramaturgical distinction)
    # Subtest: invert: ADVANCE_THEME_ARGUMENT op is accepted and renders distinct, non-empty dialogue for both voices
    ok 1 - invert: ADVANCE_THEME_ARGUMENT op is accepted and renders distinct, non-empty dialogue for both voices
      ---
      duration_ms: 0.33628
      type: 'test'
      ...
    # Subtest: parallel: ADVANCE_THEME_ARGUMENT op is accepted and renders distinct, non-empty dialogue for both voices
    ok 2 - parallel: ADVANCE_THEME_ARGUMENT op is accepted and renders distinct, non-empty dialogue for both voices
      ---
      duration_ms: 0.122682
      type: 'test'
      ...
    # Subtest: echo: ADVANCE_THEME_ARGUMENT op is accepted and renders distinct, non-empty dialogue for both voices
    ok 3 - echo: ADVANCE_THEME_ARGUMENT op is accepted and renders distinct, non-empty dialogue for both voices
      ---
      duration_ms: 0.235151
      type: 'test'
      ...
    # Subtest: interrogate: ADVANCE_THEME_ARGUMENT op is accepted and renders distinct, non-empty dialogue for both voices
    ok 4 - interrogate: ADVANCE_THEME_ARGUMENT op is accepted and renders distinct, non-empty dialogue for both voices
      ---
      duration_ms: 0.132805
      type: 'test'
      ...
    # Subtest: demonstrate_through_failure: ADVANCE_THEME_ARGUMENT op is accepted and renders distinct, non-empty dialogue for both voices
    ok 5 - demonstrate_through_failure: ADVANCE_THEME_ARGUMENT op is accepted and renders distinct, non-empty dialogue for both voices
      ---
      duration_ms: 0.118593
      type: 'test'
      ...
    # Subtest: humanize: ADVANCE_THEME_ARGUMENT op is accepted and renders distinct, non-empty dialogue for both voices
    ok 6 - humanize: ADVANCE_THEME_ARGUMENT op is accepted and renders distinct, non-empty dialogue for both voices
      ---
      duration_ms: 0.108582
      type: 'test'
      ...
    # Subtest: no-fire: an ops-free scene has no VOICE A/B cues
    ok 7 - no-fire: an ops-free scene has no VOICE A/B cues
      ---
      duration_ms: 0.104178
      type: 'test'
      ...
    # Subtest: all 11 moves (5 original + 6 new) render 11 PAIRWISE-DISTINCT dialogue exchanges — no new move is a reworded synonym
    ok 8 - all 11 moves (5 original + 6 new) render 11 PAIRWISE-DISTINCT dialogue exchanges — no new move is a reworded synonym
      ---
      duration_ms: 0.614754
      type: 'test'
      ...
    1..8
ok 888 - ThemeMove — 6 new moves (construction + fire, real dramaturgical distinction)
  ---
  duration_ms: 2.048486
  type: 'suite'
  ...
# Subtest: RelationshipDelta.dimension — exhaustiveness (10 → 14)
    # Subtest: all 14 dimensions are enumerated
    ok 1 - all 14 dimensions are enumerated
      ---
      duration_ms: 0.154491
      type: 'test'
      ...
    # Subtest: "shame" is genuinely not a member of RelationshipDelta.dimension (compile-time proof) — it is an EmotionState field, not a relational axis
    ok 2 - "shame" is genuinely not a member of RelationshipDelta.dimension (compile-time proof) — it is an EmotionState field, not a relational axis
      ---
      duration_ms: 0.093423
      type: 'test'
      ...
    1..2
ok 889 - RelationshipDelta.dimension — exhaustiveness (10 → 14)
  ---
  duration_ms: 0.464195
  type: 'suite'
  ...
# Subtest: RelationshipDelta.dimension — 4 new dimensions (construction + generic-consumer round-trip)
    # Subtest: jealousy: SHIFT_RELATIONSHIP op is accepted, renders a non-empty action line, and round-trips through the ops-derived record untouched
    ok 1 - jealousy: SHIFT_RELATIONSHIP op is accepted, renders a non-empty action line, and round-trips through the ops-derived record untouched
      ---
      duration_ms: 1.099108
      type: 'test'
      ...
    # Subtest: respect: SHIFT_RELATIONSHIP op is accepted, renders a non-empty action line, and round-trips through the ops-derived record untouched
    ok 2 - respect: SHIFT_RELATIONSHIP op is accepted, renders a non-empty action line, and round-trips through the ops-derived record untouched
      ---
      duration_ms: 0.30088
      type: 'test'
      ...
    # Subtest: rivalry: SHIFT_RELATIONSHIP op is accepted, renders a non-empty action line, and round-trips through the ops-derived record untouched
    ok 3 - rivalry: SHIFT_RELATIONSHIP op is accepted, renders a non-empty action line, and round-trips through the ops-derived record untouched
      ---
      duration_ms: 0.160179
      type: 'test'
      ...
    # Subtest: protectiveness: SHIFT_RELATIONSHIP op is accepted, renders a non-empty action line, and round-trips through the ops-derived record untouched
    ok 4 - protectiveness: SHIFT_RELATIONSHIP op is accepted, renders a non-empty action line, and round-trips through the ops-derived record untouched
      ---
      duration_ms: 0.143439
      type: 'test'
      ...
    # Subtest: no-fire: a scene with no SHIFT_RELATIONSHIP op has an empty relationshipShifts array
    ok 5 - no-fire: a scene with no SHIFT_RELATIONSHIP op has an empty relationshipShifts array
      ---
      duration_ms: 1.07341
      type: 'test'
      ...
    1..5
ok 890 - RelationshipDelta.dimension — 4 new dimensions (construction + generic-consumer round-trip)
  ---
  duration_ms: 2.978959
  type: 'suite'
  ...
# Subtest: ScenePurpose — exhaustiveness (9 → 16)
    # Subtest: all 16 purposes are enumerated
    ok 1 - all 16 purposes are enumerated
      ---
      duration_ms: 0.266092
      type: 'test'
      ...
    1..1
ok 891 - ScenePurpose — exhaustiveness (9 → 16)
  ---
  duration_ms: 0.353778
  type: 'suite'
  ...
# Subtest: ScenePurpose — setup_planting (ops-derived: 2+ SEED_CLUE ops dominate the scene)
    # Subtest: fire: a scene with 2 SEED_CLUE ops infers setup_planting
    ok 1 - fire: a scene with 2 SEED_CLUE ops infers setup_planting
      ---
      duration_ms: 0.442642
      type: 'test'
      ...
    # Subtest: no-fire: a scene with exactly 1 SEED_CLUE op still infers the original introduce_conflict (unchanged behavior)
    ok 2 - no-fire: a scene with exactly 1 SEED_CLUE op still infers the original introduce_conflict (unchanged behavior)
      ---
      duration_ms: 0.211567
      type: 'test'
      ...
    # Subtest: no-fire: sceneIdx 0 stays establish_world even with 2 SEED_CLUE ops (establish_world takes priority)
    ok 3 - no-fire: sceneIdx 0 stays establish_world even with 2 SEED_CLUE ops (establish_world takes priority)
      ---
      duration_ms: 0.284974
      type: 'test'
      ...
    # Subtest: no-fire: PAYOFF_SETUP still takes priority over 2+ SEED_CLUE ops in the same scene (revelation unchanged)
    ok 4 - no-fire: PAYOFF_SETUP still takes priority over 2+ SEED_CLUE ops in the same scene (revelation unchanged)
      ---
      duration_ms: 0.252071
      type: 'test'
      ...
    1..4
ok 892 - ScenePurpose — setup_planting (ops-derived: 2+ SEED_CLUE ops dominate the scene)
  ---
  duration_ms: 1.364544
  type: 'suite'
  ...
# Subtest: ScenePurpose — relationship_beat (ops-derived: SHIFT_RELATIONSHIP present)
    # Subtest: fire: a scene with a SHIFT_RELATIONSHIP op infers relationship_beat
    ok 1 - fire: a scene with a SHIFT_RELATIONSHIP op infers relationship_beat
      ---
      duration_ms: 0.302016
      type: 'test'
      ...
    # Subtest: fire: SHIFT_RELATIONSHIP still wins even alongside an APPRAISE_EMOTION op (relationship_beat, not character_moment)
    ok 2 - fire: SHIFT_RELATIONSHIP still wins even alongside an APPRAISE_EMOTION op (relationship_beat, not character_moment)
      ---
      duration_ms: 0.279095
      type: 'test'
      ...
    # Subtest: no-fire: a scene with no SHIFT_RELATIONSHIP op never infers relationship_beat
    ok 3 - no-fire: a scene with no SHIFT_RELATIONSHIP op never infers relationship_beat
      ---
      duration_ms: 0.218998
      type: 'test'
      ...
    1..3
ok 893 - ScenePurpose — relationship_beat (ops-derived: SHIFT_RELATIONSHIP present)
  ---
  duration_ms: 1.118666
  type: 'suite'
  ...
# Subtest: ScenePurpose — echo_coda (ops-derived: ADVANCE_THEME_ARGUMENT with move "echo")
    # Subtest: fire: an "echo" theme move infers echo_coda
    ok 1 - fire: an "echo" theme move infers echo_coda
      ---
      duration_ms: 0.272077
      type: 'test'
      ...
    # Subtest: no-fire: any other theme move (e.g. "support") stays turning_point, unchanged
    ok 2 - no-fire: any other theme move (e.g. "support") stays turning_point, unchanged
      ---
      duration_ms: 0.170872
      type: 'test'
      ...
    # Subtest: no-fire: a scene with no ADVANCE_THEME_ARGUMENT op never infers echo_coda
    ok 3 - no-fire: a scene with no ADVANCE_THEME_ARGUMENT op never infers echo_coda
      ---
      duration_ms: 0.147249
      type: 'test'
      ...
    1..3
ok 894 - ScenePurpose — echo_coda (ops-derived: ADVANCE_THEME_ARGUMENT with move "echo")
  ---
  duration_ms: 0.754107
  type: 'suite'
  ...
# Subtest: ScenePurpose — breather (ops-derived: the true no-signal fallback)
    # Subtest: fire: a scene with only an untold UPDATE_BELIEF (no clue/clock/relationship/theme/emotion) infers breather
    ok 1 - fire: a scene with only an untold UPDATE_BELIEF (no clue/clock/relationship/theme/emotion) infers breather
      ---
      duration_ms: 0.17752
      type: 'test'
      ...
    # Subtest: fire: a completely ops-free scene also infers breather
    ok 2 - fire: a completely ops-free scene also infers breather
      ---
      duration_ms: 0.189972
      type: 'test'
      ...
    # Subtest: no-fire: adding an APPRAISE_EMOTION op to an otherwise-quiet scene infers character_moment instead of breather
    ok 3 - no-fire: adding an APPRAISE_EMOTION op to an otherwise-quiet scene infers character_moment instead of breather
      ---
      duration_ms: 0.156525
      type: 'test'
      ...
    1..3
ok 895 - ScenePurpose — breather (ops-derived: the true no-signal fallback)
  ---
  duration_ms: 0.665671
  type: 'suite'
  ...
# Subtest: ScenePurpose — subplot_complication / false_victory / dark_night are LLM-only (construction + fire via deep-read, never via ops path)
    # Subtest: construction: none of the 3 LLM-only purposes is ever produced by the ops-derived path across a representative sweep of op combinations
    ok 1 - construction: none of the 3 LLM-only purposes is ever produced by the ops-derived path across a representative sweep of op combinations
      ---
      duration_ms: 0.73612
      type: 'test'
      ...
    # Subtest: fire (via deep-read): a model response assigning subplot_complication/false_victory/dark_night is accepted and merged
    ok 2 - fire (via deep-read): a model response assigning subplot_complication/false_victory/dark_night is accepted and merged
      ---
      duration_ms: 24.956465
      type: 'test'
      ...
    1..2
ok 896 - ScenePurpose — subplot_complication / false_victory / dark_night are LLM-only (construction + fire via deep-read, never via ops path)
  ---
  duration_ms: 25.870911
  type: 'suite'
  ...
# Subtest: ScenePurpose — buildScreenplayMemory surfaces the new ops-derived values across a multi-scene ledger
    # Subtest: a small ledger exercising setup_planting, relationship_beat, echo_coda, and breather all resolve correctly
    ok 1 - a small ledger exercising setup_planting, relationship_beat, echo_coda, and breather all resolve correctly
      ---
      duration_ms: 0.42334
      type: 'test'
      ...
    1..1
ok 897 - ScenePurpose — buildScreenplayMemory surfaces the new ops-derived values across a multi-scene ledger
  ---
  duration_ms: 0.588923
  type: 'suite'
  ...
# Subtest: fastWordCount — parity with the regex reference
    # Subtest: fires: matches on empty input
    ok 1 - fires: matches on empty input
      ---
      duration_ms: 3.723589
      type: 'test'
      ...
    # Subtest: fires: matches on all-whitespace (ASCII) input
    ok 2 - fires: matches on all-whitespace (ASCII) input
      ---
      duration_ms: 0.317697
      type: 'test'
      ...
    # Subtest: fires: matches with leading/trailing/multiple spaces
    ok 3 - fires: matches with leading/trailing/multiple spaces
      ---
      duration_ms: 0.228986
      type: 'test'
      ...
    # Subtest: fires: matches across tabs and CRLF
    ok 4 - fires: matches across tabs and CRLF
      ---
      duration_ms: 0.29304
      type: 'test'
      ...
    # Subtest: fires: single SPACE separator matches
    ok 5 - fires: single SPACE separator matches
      ---
      duration_ms: 0.20118
      type: 'test'
      ...
    # Subtest: fires: single TAB separator matches
    ok 6 - fires: single TAB separator matches
      ---
      duration_ms: 0.119704
      type: 'test'
      ...
    # Subtest: fires: single LF separator matches
    ok 7 - fires: single LF separator matches
      ---
      duration_ms: 0.119775
      type: 'test'
      ...
    # Subtest: fires: single CR separator matches
    ok 8 - fires: single CR separator matches
      ---
      duration_ms: 0.214625
      type: 'test'
      ...
    # Subtest: fires: single VT separator matches
    ok 9 - fires: single VT separator matches
      ---
      duration_ms: 0.311138
      type: 'test'
      ...
    # Subtest: fires: single FF separator matches
    ok 10 - fires: single FF separator matches
      ---
      duration_ms: 0.491439
      type: 'test'
      ...
    # Subtest: fires: non-ASCII whitespace NBSP (U+00A0) matches the regex reference
    ok 11 - fires: non-ASCII whitespace NBSP (U+00A0) matches the regex reference
      ---
      duration_ms: 0.191668
      type: 'test'
      ...
    # Subtest: fires: NBSP (U+00A0) surrounded by ASCII spaces matches
    ok 12 - fires: NBSP (U+00A0) surrounded by ASCII spaces matches
      ---
      duration_ms: 0.150726
      type: 'test'
      ...
    # Subtest: fires: string made only of NBSP (U+00A0) counts zero words
    ok 13 - fires: string made only of NBSP (U+00A0) counts zero words
      ---
      duration_ms: 0.110238
      type: 'test'
      ...
    # Subtest: fires: non-ASCII whitespace OGHAM SPACE MARK (U+1680) matches the regex reference
    ok 14 - fires: non-ASCII whitespace OGHAM SPACE MARK (U+1680) matches the regex reference
      ---
      duration_ms: 0.119342
      type: 'test'
      ...
    # Subtest: fires: OGHAM SPACE MARK (U+1680) surrounded by ASCII spaces matches
    ok 15 - fires: OGHAM SPACE MARK (U+1680) surrounded by ASCII spaces matches
      ---
      duration_ms: 0.160613
      type: 'test'
      ...
    # Subtest: fires: string made only of OGHAM SPACE MARK (U+1680) counts zero words
    ok 16 - fires: string made only of OGHAM SPACE MARK (U+1680) counts zero words
      ---
      duration_ms: 0.139196
      type: 'test'
      ...
    # Subtest: fires: non-ASCII whitespace EN QUAD (U+2000) matches the regex reference
    ok 17 - fires: non-ASCII whitespace EN QUAD (U+2000) matches the regex reference
      ---
      duration_ms: 0.080135
      type: 'test'
      ...
    # Subtest: fires: EN QUAD (U+2000) surrounded by ASCII spaces matches
    ok 18 - fires: EN QUAD (U+2000) surrounded by ASCII spaces matches
      ---
      duration_ms: 0.069896
      type: 'test'
      ...
    # Subtest: fires: string made only of EN QUAD (U+2000) counts zero words
    ok 19 - fires: string made only of EN QUAD (U+2000) counts zero words
      ---
      duration_ms: 0.063269
      type: 'test'
      ...
    # Subtest: fires: non-ASCII whitespace EM QUAD (U+2001) matches the regex reference
    ok 20 - fires: non-ASCII whitespace EM QUAD (U+2001) matches the regex reference
      ---
      duration_ms: 0.066082
      type: 'test'
      ...
    # Subtest: fires: EM QUAD (U+2001) surrounded by ASCII spaces matches
    ok 21 - fires: EM QUAD (U+2001) surrounded by ASCII spaces matches
      ---
      duration_ms: 0.065582
      type: 'test'
      ...
    # Subtest: fires: string made only of EM QUAD (U+2001) counts zero words
    ok 22 - fires: string made only of EM QUAD (U+2001) counts zero words
      ---
      duration_ms: 0.065943
      type: 'test'
      ...
    # Subtest: fires: non-ASCII whitespace EN SPACE (U+2002) matches the regex reference
    ok 23 - fires: non-ASCII whitespace EN SPACE (U+2002) matches the regex reference
      ---
      duration_ms: 0.064798
      type: 'test'
      ...
    # Subtest: fires: EN SPACE (U+2002) surrounded by ASCII spaces matches
    ok 24 - fires: EN SPACE (U+2002) surrounded by ASCII spaces matches
      ---
      duration_ms: 0.064607
      type: 'test'
      ...
    # Subtest: fires: string made only of EN SPACE (U+2002) counts zero words
    ok 25 - fires: string made only of EN SPACE (U+2002) counts zero words
      ---
      duration_ms: 0.062808
      type: 'test'
      ...
    # Subtest: fires: non-ASCII whitespace EM SPACE (U+2003) matches the regex reference
    ok 26 - fires: non-ASCII whitespace EM SPACE (U+2003) matches the regex reference
      ---
      duration_ms: 0.118386
      type: 'test'
      ...
    # Subtest: fires: EM SPACE (U+2003) surrounded by ASCII spaces matches
    ok 27 - fires: EM SPACE (U+2003) surrounded by ASCII spaces matches
      ---
      duration_ms: 0.082994
      type: 'test'
      ...
    # Subtest: fires: string made only of EM SPACE (U+2003) counts zero words
    ok 28 - fires: string made only of EM SPACE (U+2003) counts zero words
      ---
      duration_ms: 1.464818
      type: 'test'
      ...
    # Subtest: fires: non-ASCII whitespace THREE-PER-EM SPACE (U+2004) matches the regex reference
    ok 29 - fires: non-ASCII whitespace THREE-PER-EM SPACE (U+2004) matches the regex reference
      ---
      duration_ms: 0.0978
      type: 'test'
      ...
    # Subtest: fires: THREE-PER-EM SPACE (U+2004) surrounded by ASCII spaces matches
    ok 30 - fires: THREE-PER-EM SPACE (U+2004) surrounded by ASCII spaces matches
      ---
      duration_ms: 0.075263
      type: 'test'
      ...
    # Subtest: fires: string made only of THREE-PER-EM SPACE (U+2004) counts zero words
    ok 31 - fires: string made only of THREE-PER-EM SPACE (U+2004) counts zero words
      ---
      duration_ms: 0.079029
      type: 'test'
      ...
    # Subtest: fires: non-ASCII whitespace FOUR-PER-EM SPACE (U+2005) matches the regex reference
    ok 32 - fires: non-ASCII whitespace FOUR-PER-EM SPACE (U+2005) matches the regex reference
      ---
      duration_ms: 0.098863
      type: 'test'
      ...
    # Subtest: fires: FOUR-PER-EM SPACE (U+2005) surrounded by ASCII spaces matches
    ok 33 - fires: FOUR-PER-EM SPACE (U+2005) surrounded by ASCII spaces matches
      ---
      duration_ms: 0.072391
      type: 'test'
      ...
    # Subtest: fires: string made only of FOUR-PER-EM SPACE (U+2005) counts zero words
    ok 34 - fires: string made only of FOUR-PER-EM SPACE (U+2005) counts zero words
      ---
      duration_ms: 0.064311
      type: 'test'
      ...
    # Subtest: fires: non-ASCII whitespace SIX-PER-EM SPACE (U+2006) matches the regex reference
    ok 35 - fires: non-ASCII whitespace SIX-PER-EM SPACE (U+2006) matches the regex reference
      ---
      duration_ms: 0.165737
      type: 'test'
      ...
    # Subtest: fires: SIX-PER-EM SPACE (U+2006) surrounded by ASCII spaces matches
    ok 36 - fires: SIX-PER-EM SPACE (U+2006) surrounded by ASCII spaces matches
      ---
      duration_ms: 0.087658
      type: 'test'
      ...
    # Subtest: fires: string made only of SIX-PER-EM SPACE (U+2006) counts zero words
    ok 37 - fires: string made only of SIX-PER-EM SPACE (U+2006) counts zero words
      ---
      duration_ms: 0.067046
      type: 'test'
      ...
    # Subtest: fires: non-ASCII whitespace FIGURE SPACE (U+2007) matches the regex reference
    ok 38 - fires: non-ASCII whitespace FIGURE SPACE (U+2007) matches the regex reference
      ---
      duration_ms: 0.068774
      type: 'test'
      ...
    # Subtest: fires: FIGURE SPACE (U+2007) surrounded by ASCII spaces matches
    ok 39 - fires: FIGURE SPACE (U+2007) surrounded by ASCII spaces matches
      ---
      duration_ms: 0.200702
      type: 'test'
      ...
    # Subtest: fires: string made only of FIGURE SPACE (U+2007) counts zero words
    ok 40 - fires: string made only of FIGURE SPACE (U+2007) counts zero words
      ---
      duration_ms: 0.079146
      type: 'test'
      ...
    # Subtest: fires: non-ASCII whitespace PUNCTUATION SPACE (U+2008) matches the regex reference
    ok 41 - fires: non-ASCII whitespace PUNCTUATION SPACE (U+2008) matches the regex reference
      ---
      duration_ms: 0.066736
      type: 'test'
      ...
    # Subtest: fires: PUNCTUATION SPACE (U+2008) surrounded by ASCII spaces matches
    ok 42 - fires: PUNCTUATION SPACE (U+2008) surrounded by ASCII spaces matches
      ---
      duration_ms: 0.067702
      type: 'test'
      ...
    # Subtest: fires: string made only of PUNCTUATION SPACE (U+2008) counts zero words
    ok 43 - fires: string made only of PUNCTUATION SPACE (U+2008) counts zero words
      ---
      duration_ms: 0.065187
      type: 'test'
      ...
    # Subtest: fires: non-ASCII whitespace THIN SPACE (U+2009) matches the regex reference
    ok 44 - fires: non-ASCII whitespace THIN SPACE (U+2009) matches the regex reference
      ---
      duration_ms: 0.078265
      type: 'test'
      ...
    # Subtest: fires: THIN SPACE (U+2009) surrounded by ASCII spaces matches
    ok 45 - fires: THIN SPACE (U+2009) surrounded by ASCII spaces matches
      ---
      duration_ms: 0.065406
      type: 'test'
      ...
    # Subtest: fires: string made only of THIN SPACE (U+2009) counts zero words
    ok 46 - fires: string made only of THIN SPACE (U+2009) counts zero words
      ---
      duration_ms: 0.442348
      type: 'test'
      ...
    # Subtest: fires: non-ASCII whitespace HAIR SPACE (U+200A) matches the regex reference
    ok 47 - fires: non-ASCII whitespace HAIR SPACE (U+200A) matches the regex reference
      ---
      duration_ms: 0.082314
      type: 'test'
      ...
    # Subtest: fires: HAIR SPACE (U+200A) surrounded by ASCII spaces matches
    ok 48 - fires: HAIR SPACE (U+200A) surrounded by ASCII spaces matches
      ---
      duration_ms: 0.070112
      type: 'test'
      ...
    # Subtest: fires: string made only of HAIR SPACE (U+200A) counts zero words
    ok 49 - fires: string made only of HAIR SPACE (U+200A) counts zero words
      ---
      duration_ms: 0.061963
      type: 'test'
      ...
    # Subtest: fires: non-ASCII whitespace LINE SEPARATOR (U+2028) matches the regex reference
    ok 50 - fires: non-ASCII whitespace LINE SEPARATOR (U+2028) matches the regex reference
      ---
      duration_ms: 0.061372
      type: 'test'
      ...
    # Subtest: fires: LINE SEPARATOR (U+2028) surrounded by ASCII spaces matches
    ok 51 - fires: LINE SEPARATOR (U+2028) surrounded by ASCII spaces matches
      ---
      duration_ms: 0.06237
      type: 'test'
      ...
    # Subtest: fires: string made only of LINE SEPARATOR (U+2028) counts zero words
    ok 52 - fires: string made only of LINE SEPARATOR (U+2028) counts zero words
      ---
      duration_ms: 0.058484
      type: 'test'
      ...
    # Subtest: fires: non-ASCII whitespace PARAGRAPH SEPARATOR (U+2029) matches the regex reference
    ok 53 - fires: non-ASCII whitespace PARAGRAPH SEPARATOR (U+2029) matches the regex reference
      ---
      duration_ms: 0.060545
      type: 'test'
      ...
    # Subtest: fires: PARAGRAPH SEPARATOR (U+2029) surrounded by ASCII spaces matches
    ok 54 - fires: PARAGRAPH SEPARATOR (U+2029) surrounded by ASCII spaces matches
      ---
      duration_ms: 0.063956
      type: 'test'
      ...
    # Subtest: fires: string made only of PARAGRAPH SEPARATOR (U+2029) counts zero words
    ok 55 - fires: string made only of PARAGRAPH SEPARATOR (U+2029) counts zero words
      ---
      duration_ms: 0.070991
      type: 'test'
      ...
    # Subtest: fires: non-ASCII whitespace NARROW NO-BREAK SPACE (U+202F) matches the regex reference
    ok 56 - fires: non-ASCII whitespace NARROW NO-BREAK SPACE (U+202F) matches the regex reference
      ---
      duration_ms: 0.062609
      type: 'test'
      ...
    # Subtest: fires: NARROW NO-BREAK SPACE (U+202F) surrounded by ASCII spaces matches
    ok 57 - fires: NARROW NO-BREAK SPACE (U+202F) surrounded by ASCII spaces matches
      ---
      duration_ms: 0.121587
      type: 'test'
      ...
    # Subtest: fires: string made only of NARROW NO-BREAK SPACE (U+202F) counts zero words
    ok 58 - fires: string made only of NARROW NO-BREAK SPACE (U+202F) counts zero words
      ---
      duration_ms: 0.074486
      type: 'test'
      ...
    # Subtest: fires: non-ASCII whitespace MEDIUM MATHEMATICAL SPACE (U+205F) matches the regex reference
    ok 59 - fires: non-ASCII whitespace MEDIUM MATHEMATICAL SPACE (U+205F) matches the regex reference
      ---
      duration_ms: 0.067628
      type: 'test'
      ...
    # Subtest: fires: MEDIUM MATHEMATICAL SPACE (U+205F) surrounded by ASCII spaces matches
    ok 60 - fires: MEDIUM MATHEMATICAL SPACE (U+205F) surrounded by ASCII spaces matches
      ---
      duration_ms: 0.065162
      type: 'test'
      ...
    # Subtest: fires: string made only of MEDIUM MATHEMATICAL SPACE (U+205F) counts zero words
    ok 61 - fires: string made only of MEDIUM MATHEMATICAL SPACE (U+205F) counts zero words
      ---
      duration_ms: 0.093372
      type: 'test'
      ...
    # Subtest: fires: non-ASCII whitespace IDEOGRAPHIC SPACE (U+3000) matches the regex reference
    ok 62 - fires: non-ASCII whitespace IDEOGRAPHIC SPACE (U+3000) matches the regex reference
      ---
      duration_ms: 0.063592
      type: 'test'
      ...
    # Subtest: fires: IDEOGRAPHIC SPACE (U+3000) surrounded by ASCII spaces matches
    ok 63 - fires: IDEOGRAPHIC SPACE (U+3000) surrounded by ASCII spaces matches
      ---
      duration_ms: 0.064054
      type: 'test'
      ...
    # Subtest: fires: string made only of IDEOGRAPHIC SPACE (U+3000) counts zero words
    ok 64 - fires: string made only of IDEOGRAPHIC SPACE (U+3000) counts zero words
      ---
      duration_ms: 0.058789
      type: 'test'
      ...
    # Subtest: fires: non-ASCII whitespace ZERO WIDTH NO-BREAK SPACE / BOM (U+FEFF) matches the regex reference
    ok 65 - fires: non-ASCII whitespace ZERO WIDTH NO-BREAK SPACE / BOM (U+FEFF) matches the regex reference
      ---
      duration_ms: 0.060842
      type: 'test'
      ...
    # Subtest: fires: ZERO WIDTH NO-BREAK SPACE / BOM (U+FEFF) surrounded by ASCII spaces matches
    ok 66 - fires: ZERO WIDTH NO-BREAK SPACE / BOM (U+FEFF) surrounded by ASCII spaces matches
      ---
      duration_ms: 0.061943
      type: 'test'
      ...
    # Subtest: fires: string made only of ZERO WIDTH NO-BREAK SPACE / BOM (U+FEFF) counts zero words
    ok 67 - fires: string made only of ZERO WIDTH NO-BREAK SPACE / BOM (U+FEFF) counts zero words
      ---
      duration_ms: 0.077436
      type: 'test'
      ...
    # Subtest: fires: canonical "hello world" with NBSP is 2 words, not 1
    ok 68 - fires: canonical "hello world" with NBSP is 2 words, not 1
      ---
      duration_ms: 0.157877
      type: 'test'
      ...
    # Subtest: fires: mixed non-ASCII whitespace runs collapse like regex \\s+
    ok 69 - fires: mixed non-ASCII whitespace runs collapse like regex \\s+
      ---
      duration_ms: 0.140323
      type: 'test'
      ...
    # Subtest: property: random mixes of words and every whitespace kind match over many samples
    ok 70 - property: random mixes of words and every whitespace kind match over many samples
      ---
      duration_ms: 11.879125
      type: 'test'
      ...
    1..70
ok 898 - fastWordCount — parity with the regex reference
  ---
  duration_ms: 28.255336
  type: 'suite'
  ...
# Subtest: STRUCTURE_BEATS — completeness
    # Subtest: has at least 20 structures (blueprint exhaustive set)
    ok 1 - has at least 20 structures (blueprint exhaustive set)
      ---
      duration_ms: 1.383235
      type: 'test'
      ...
    # Subtest: structure "save_the_cat"
        # Subtest: has at least 4 beats
        ok 1 - has at least 4 beats
          ---
          duration_ms: 0.249882
          type: 'test'
          ...
        # Subtest: starts at pct 0 and ends at pct 100
        ok 2 - starts at pct 0 and ends at pct 100
          ---
          duration_ms: 0.207641
          type: 'test'
          ...
        # Subtest: has strictly ascending, contiguous, non-overlapping positions
        ok 3 - has strictly ascending, contiguous, non-overlapping positions
          ---
          duration_ms: 0.392313
          type: 'test'
          ...
        # Subtest: has non-empty name/goal/constraint/avoid on every beat
        ok 4 - has non-empty name/goal/constraint/avoid on every beat
          ---
          duration_ms: 0.421842
          type: 'test'
          ...
        1..4
    ok 2 - structure "save_the_cat"
      ---
      duration_ms: 1.843822
      type: 'suite'
      ...
    # Subtest: structure "dan_harmon"
        # Subtest: has at least 4 beats
        ok 1 - has at least 4 beats
          ---
          duration_ms: 0.331547
          type: 'test'
          ...
        # Subtest: starts at pct 0 and ends at pct 100
        ok 2 - starts at pct 0 and ends at pct 100
          ---
          duration_ms: 0.147628
          type: 'test'
          ...
        # Subtest: has strictly ascending, contiguous, non-overlapping positions
        ok 3 - has strictly ascending, contiguous, non-overlapping positions
          ---
          duration_ms: 0.469169
          type: 'test'
          ...
        # Subtest: has non-empty name/goal/constraint/avoid on every beat
        ok 4 - has non-empty name/goal/constraint/avoid on every beat
          ---
          duration_ms: 0.279487
          type: 'test'
          ...
        1..4
    ok 3 - structure "dan_harmon"
      ---
      duration_ms: 1.884789
      type: 'suite'
      ...
    # Subtest: structure "john_yorke"
        # Subtest: has at least 4 beats
        ok 1 - has at least 4 beats
          ---
          duration_ms: 0.294287
          type: 'test'
          ...
        # Subtest: starts at pct 0 and ends at pct 100
        ok 2 - starts at pct 0 and ends at pct 100
          ---
          duration_ms: 0.097814
          type: 'test'
          ...
        # Subtest: has strictly ascending, contiguous, non-overlapping positions
        ok 3 - has strictly ascending, contiguous, non-overlapping positions
          ---
          duration_ms: 0.149006
          type: 'test'
          ...
        # Subtest: has non-empty name/goal/constraint/avoid on every beat
        ok 4 - has non-empty name/goal/constraint/avoid on every beat
          ---
          duration_ms: 0.119302
          type: 'test'
          ...
        1..4
    ok 4 - structure "john_yorke"
      ---
      duration_ms: 1.055427
      type: 'suite'
      ...
    # Subtest: structure "freytag"
        # Subtest: has at least 4 beats
        ok 1 - has at least 4 beats
          ---
          duration_ms: 0.146756
          type: 'test'
          ...
        # Subtest: starts at pct 0 and ends at pct 100
        ok 2 - starts at pct 0 and ends at pct 100
          ---
          duration_ms: 0.081524
          type: 'test'
          ...
        # Subtest: has strictly ascending, contiguous, non-overlapping positions
        ok 3 - has strictly ascending, contiguous, non-overlapping positions
          ---
          duration_ms: 0.175846
          type: 'test'
          ...
        # Subtest: has non-empty name/goal/constraint/avoid on every beat
        ok 4 - has non-empty name/goal/constraint/avoid on every beat
          ---
          duration_ms: 0.199443
          type: 'test'
          ...
        1..4
    ok 5 - structure "freytag"
      ---
      duration_ms: 0.880543
      type: 'suite'
      ...
    # Subtest: structure "sequence"
        # Subtest: has at least 4 beats
        ok 1 - has at least 4 beats
          ---
          duration_ms: 0.157354
          type: 'test'
          ...
        # Subtest: starts at pct 0 and ends at pct 100
        ok 2 - starts at pct 0 and ends at pct 100
          ---
          duration_ms: 0.079919
          type: 'test'
          ...
        # Subtest: has strictly ascending, contiguous, non-overlapping positions
        ok 3 - has strictly ascending, contiguous, non-overlapping positions
          ---
          duration_ms: 0.086272
          type: 'test'
          ...
        # Subtest: has non-empty name/goal/constraint/avoid on every beat
        ok 4 - has non-empty name/goal/constraint/avoid on every beat
          ---
          duration_ms: 0.087567
          type: 'test'
          ...
        1..4
    ok 6 - structure "sequence"
      ---
      duration_ms: 0.591606
      type: 'suite'
      ...
    # Subtest: structure "kishotenketsu"
        # Subtest: has at least 4 beats
        ok 1 - has at least 4 beats
          ---
          duration_ms: 0.297165
          type: 'test'
          ...
        # Subtest: starts at pct 0 and ends at pct 100
        ok 2 - starts at pct 0 and ends at pct 100
          ---
          duration_ms: 0.094051
          type: 'test'
          ...
        # Subtest: has strictly ascending, contiguous, non-overlapping positions
        ok 3 - has strictly ascending, contiguous, non-overlapping positions
          ---
          duration_ms: 0.085579
          type: 'test'
          ...
        # Subtest: has non-empty name/goal/constraint/avoid on every beat
        ok 4 - has non-empty name/goal/constraint/avoid on every beat
          ---
          duration_ms: 0.080277
          type: 'test'
          ...
        1..4
    ok 7 - structure "kishotenketsu"
      ---
      duration_ms: 0.740517
      type: 'suite'
      ...
    # Subtest: structure "three_act"
        # Subtest: has at least 4 beats
        ok 1 - has at least 4 beats
          ---
          duration_ms: 0.149029
          type: 'test'
          ...
        # Subtest: starts at pct 0 and ends at pct 100
        ok 2 - starts at pct 0 and ends at pct 100
          ---
          duration_ms: 0.077901
          type: 'test'
          ...
        # Subtest: has strictly ascending, contiguous, non-overlapping positions
        ok 3 - has strictly ascending, contiguous, non-overlapping positions
          ---
          duration_ms: 0.137704
          type: 'test'
          ...
        # Subtest: has non-empty name/goal/constraint/avoid on every beat
        ok 4 - has non-empty name/goal/constraint/avoid on every beat
          ---
          duration_ms: 0.093995
          type: 'test'
          ...
        1..4
    ok 8 - structure "three_act"
      ---
      duration_ms: 0.641945
      type: 'suite'
      ...
    # Subtest: structure "syd_field"
        # Subtest: has at least 4 beats
        ok 1 - has at least 4 beats
          ---
          duration_ms: 0.151648
          type: 'test'
          ...
        # Subtest: starts at pct 0 and ends at pct 100
        ok 2 - starts at pct 0 and ends at pct 100
          ---
          duration_ms: 1.52016
          type: 'test'
          ...
        # Subtest: has strictly ascending, contiguous, non-overlapping positions
        ok 3 - has strictly ascending, contiguous, non-overlapping positions
          ---
          duration_ms: 2.16839
          type: 'test'
          ...
        # Subtest: has non-empty name/goal/constraint/avoid on every beat
        ok 4 - has non-empty name/goal/constraint/avoid on every beat
          ---
          duration_ms: 0.116196
          type: 'test'
          ...
        1..4
    ok 9 - structure "syd_field"
      ---
      duration_ms: 4.169079
      type: 'suite'
      ...
    # Subtest: structure "rashomon"
        # Subtest: has at least 4 beats
        ok 1 - has at least 4 beats
          ---
          duration_ms: 0.133008
          type: 'test'
          ...
        # Subtest: starts at pct 0 and ends at pct 100
        ok 2 - starts at pct 0 and ends at pct 100
          ---
          duration_ms: 0.165788
          type: 'test'
          ...
        # Subtest: has strictly ascending, contiguous, non-overlapping positions
        ok 3 - has strictly ascending, contiguous, non-overlapping positions
          ---
          duration_ms: 0.122076
          type: 'test'
          ...
        # Subtest: has non-empty name/goal/constraint/avoid on every beat
        ok 4 - has non-empty name/goal/constraint/avoid on every beat
          ---
          duration_ms: 0.096409
          type: 'test'
          ...
        1..4
    ok 10 - structure "rashomon"
      ---
      duration_ms: 0.683565
      type: 'suite'
      ...
    # Subtest: structure "non_linear"
        # Subtest: has at least 4 beats
        ok 1 - has at least 4 beats
          ---
          duration_ms: 0.252656
          type: 'test'
          ...
        # Subtest: starts at pct 0 and ends at pct 100
        ok 2 - starts at pct 0 and ends at pct 100
          ---
          duration_ms: 0.08176
          type: 'test'
          ...
        # Subtest: has strictly ascending, contiguous, non-overlapping positions
        ok 3 - has strictly ascending, contiguous, non-overlapping positions
          ---
          duration_ms: 0.065399
          type: 'test'
          ...
        # Subtest: has non-empty name/goal/constraint/avoid on every beat
        ok 4 - has non-empty name/goal/constraint/avoid on every beat
          ---
          duration_ms: 0.147
          type: 'test'
          ...
        1..4
    ok 11 - structure "non_linear"
      ---
      duration_ms: 0.818677
      type: 'suite'
      ...
    # Subtest: structure "circular"
        # Subtest: has at least 4 beats
        ok 1 - has at least 4 beats
          ---
          duration_ms: 0.123173
          type: 'test'
          ...
        # Subtest: starts at pct 0 and ends at pct 100
        ok 2 - starts at pct 0 and ends at pct 100
          ---
          duration_ms: 0.059261
          type: 'test'
          ...
        # Subtest: has strictly ascending, contiguous, non-overlapping positions
        ok 3 - has strictly ascending, contiguous, non-overlapping positions
          ---
          duration_ms: 0.064863
          type: 'test'
          ...
        # Subtest: has non-empty name/goal/constraint/avoid on every beat
        ok 4 - has non-empty name/goal/constraint/avoid on every beat
          ---
          duration_ms: 0.065979
          type: 'test'
          ...
        1..4
    ok 12 - structure "circular"
      ---
      duration_ms: 0.441928
      type: 'suite'
      ...
    # Subtest: structure "hyperlink"
        # Subtest: has at least 4 beats
        ok 1 - has at least 4 beats
          ---
          duration_ms: 0.207469
          type: 'test'
          ...
        # Subtest: starts at pct 0 and ends at pct 100
        ok 2 - starts at pct 0 and ends at pct 100
          ---
          duration_ms: 0.122904
          type: 'test'
          ...
        # Subtest: has strictly ascending, contiguous, non-overlapping positions
        ok 3 - has strictly ascending, contiguous, non-overlapping positions
          ---
          duration_ms: 0.094908
          type: 'test'
          ...
        # Subtest: has non-empty name/goal/constraint/avoid on every beat
        ok 4 - has non-empty name/goal/constraint/avoid on every beat
          ---
          duration_ms: 0.080062
          type: 'test'
          ...
        1..4
    ok 13 - structure "hyperlink"
      ---
      duration_ms: 0.667277
      type: 'suite'
      ...
    # Subtest: structure "fichtean_curve"
        # Subtest: has at least 4 beats
        ok 1 - has at least 4 beats
          ---
          duration_ms: 0.137796
          type: 'test'
          ...
        # Subtest: starts at pct 0 and ends at pct 100
        ok 2 - starts at pct 0 and ends at pct 100
          ---
          duration_ms: 0.081428
          type: 'test'
          ...
        # Subtest: has strictly ascending, contiguous, non-overlapping positions
        ok 3 - has strictly ascending, contiguous, non-overlapping positions
          ---
          duration_ms: 0.075147
          type: 'test'
          ...
        # Subtest: has non-empty name/goal/constraint/avoid on every beat
        ok 4 - has non-empty name/goal/constraint/avoid on every beat
          ---
          duration_ms: 0.078889
          type: 'test'
          ...
        1..4
    ok 14 - structure "fichtean_curve"
      ---
      duration_ms: 0.534158
      type: 'suite'
      ...
    # Subtest: structure "in_media_res"
        # Subtest: has at least 4 beats
        ok 1 - has at least 4 beats
          ---
          duration_ms: 0.210205
          type: 'test'
          ...
        # Subtest: starts at pct 0 and ends at pct 100
        ok 2 - starts at pct 0 and ends at pct 100
          ---
          duration_ms: 0.080139
          type: 'test'
          ...
        # Subtest: has strictly ascending, contiguous, non-overlapping positions
        ok 3 - has strictly ascending, contiguous, non-overlapping positions
          ---
          duration_ms: 0.07446
          type: 'test'
          ...
        # Subtest: has non-empty name/goal/constraint/avoid on every beat
        ok 4 - has non-empty name/goal/constraint/avoid on every beat
          ---
          duration_ms: 0.089763
          type: 'test'
          ...
        1..4
    ok 15 - structure "in_media_res"
      ---
      duration_ms: 0.60834
      type: 'suite'
      ...
    # Subtest: structure "snowflake"
        # Subtest: has at least 4 beats
        ok 1 - has at least 4 beats
          ---
          duration_ms: 0.248325
          type: 'test'
          ...
        # Subtest: starts at pct 0 and ends at pct 100
        ok 2 - starts at pct 0 and ends at pct 100
          ---
          duration_ms: 0.126574
          type: 'test'
          ...
        # Subtest: has strictly ascending, contiguous, non-overlapping positions
        ok 3 - has strictly ascending, contiguous, non-overlapping positions
          ---
          duration_ms: 0.094721
          type: 'test'
          ...
        # Subtest: has non-empty name/goal/constraint/avoid on every beat
        ok 4 - has non-empty name/goal/constraint/avoid on every beat
          ---
          duration_ms: 0.083565
          type: 'test'
          ...
        1..4
    ok 16 - structure "snowflake"
      ---
      duration_ms: 0.73104
      type: 'suite'
      ...
    # Subtest: structure "mystery_box"
        # Subtest: has at least 4 beats
        ok 1 - has at least 4 beats
          ---
          duration_ms: 0.116503
          type: 'test'
          ...
        # Subtest: starts at pct 0 and ends at pct 100
        ok 2 - starts at pct 0 and ends at pct 100
          ---
          duration_ms: 0.068016
          type: 'test'
          ...
        # Subtest: has strictly ascending, contiguous, non-overlapping positions
        ok 3 - has strictly ascending, contiguous, non-overlapping positions
          ---
          duration_ms: 0.067038
          type: 'test'
          ...
        # Subtest: has non-empty name/goal/constraint/avoid on every beat
        ok 4 - has non-empty name/goal/constraint/avoid on every beat
          ---
          duration_ms: 0.077373
          type: 'test'
          ...
        1..4
    ok 17 - structure "mystery_box"
      ---
      duration_ms: 0.477849
      type: 'suite'
      ...
    # Subtest: structure "closed_circle"
        # Subtest: has at least 4 beats
        ok 1 - has at least 4 beats
          ---
          duration_ms: 0.160246
          type: 'test'
          ...
        # Subtest: starts at pct 0 and ends at pct 100
        ok 2 - starts at pct 0 and ends at pct 100
          ---
          duration_ms: 0.075194
          type: 'test'
          ...
        # Subtest: has strictly ascending, contiguous, non-overlapping positions
        ok 3 - has strictly ascending, contiguous, non-overlapping positions
          ---
          duration_ms: 0.089342
          type: 'test'
          ...
        # Subtest: has non-empty name/goal/constraint/avoid on every beat
        ok 4 - has non-empty name/goal/constraint/avoid on every beat
          ---
          duration_ms: 0.077249
          type: 'test'
          ...
        1..4
    ok 18 - structure "closed_circle"
      ---
      duration_ms: 0.616958
      type: 'suite'
      ...
    # Subtest: structure "procedural_case"
        # Subtest: has at least 4 beats
        ok 1 - has at least 4 beats
          ---
          duration_ms: 0.124191
          type: 'test'
          ...
        # Subtest: starts at pct 0 and ends at pct 100
        ok 2 - starts at pct 0 and ends at pct 100
          ---
          duration_ms: 0.06892
          type: 'test'
          ...
        # Subtest: has strictly ascending, contiguous, non-overlapping positions
        ok 3 - has strictly ascending, contiguous, non-overlapping positions
          ---
          duration_ms: 0.07212
          type: 'test'
          ...
        # Subtest: has non-empty name/goal/constraint/avoid on every beat
        ok 4 - has non-empty name/goal/constraint/avoid on every beat
          ---
          duration_ms: 0.128096
          type: 'test'
          ...
        1..4
    ok 19 - structure "procedural_case"
      ---
      duration_ms: 0.554787
      type: 'suite'
      ...
    # Subtest: structure "heist_structure"
        # Subtest: has at least 4 beats
        ok 1 - has at least 4 beats
          ---
          duration_ms: 0.285188
          type: 'test'
          ...
        # Subtest: starts at pct 0 and ends at pct 100
        ok 2 - starts at pct 0 and ends at pct 100
          ---
          duration_ms: 0.098168
          type: 'test'
          ...
        # Subtest: has strictly ascending, contiguous, non-overlapping positions
        ok 3 - has strictly ascending, contiguous, non-overlapping positions
          ---
          duration_ms: 0.073117
          type: 'test'
          ...
        # Subtest: has non-empty name/goal/constraint/avoid on every beat
        ok 4 - has non-empty name/goal/constraint/avoid on every beat
          ---
          duration_ms: 0.0768
          type: 'test'
          ...
        1..4
    ok 20 - structure "heist_structure"
      ---
      duration_ms: 1.340059
      type: 'suite'
      ...
    # Subtest: structure "trial_structure"
        # Subtest: has at least 4 beats
        ok 1 - has at least 4 beats
          ---
          duration_ms: 0.112644
          type: 'test'
          ...
        # Subtest: starts at pct 0 and ends at pct 100
        ok 2 - starts at pct 0 and ends at pct 100
          ---
          duration_ms: 0.060492
          type: 'test'
          ...
        # Subtest: has strictly ascending, contiguous, non-overlapping positions
        ok 3 - has strictly ascending, contiguous, non-overlapping positions
          ---
          duration_ms: 0.104229
          type: 'test'
          ...
        # Subtest: has non-empty name/goal/constraint/avoid on every beat
        ok 4 - has non-empty name/goal/constraint/avoid on every beat
          ---
          duration_ms: 0.066405
          type: 'test'
          ...
        1..4
    ok 21 - structure "trial_structure"
      ---
      duration_ms: 2.10159
      type: 'suite'
      ...
    # Subtest: structure "survival_structure"
        # Subtest: has at least 4 beats
        ok 1 - has at least 4 beats
          ---
          duration_ms: 0.092234
          type: 'test'
          ...
        # Subtest: starts at pct 0 and ends at pct 100
        ok 2 - starts at pct 0 and ends at pct 100
          ---
          duration_ms: 0.0495
          type: 'test'
          ...
        # Subtest: has strictly ascending, contiguous, non-overlapping positions
        ok 3 - has strictly ascending, contiguous, non-overlapping positions
          ---
          duration_ms: 0.054369
          type: 'test'
          ...
        # Subtest: has non-empty name/goal/constraint/avoid on every beat
        ok 4 - has non-empty name/goal/constraint/avoid on every beat
          ---
          duration_ms: 0.118514
          type: 'test'
          ...
        1..4
    ok 22 - structure "survival_structure"
      ---
      duration_ms: 2.783498
      type: 'suite'
      ...
    # Subtest: structure "hero_journey"
        # Subtest: has at least 4 beats
        ok 1 - has at least 4 beats
          ---
          duration_ms: 0.150733
          type: 'test'
          ...
        # Subtest: starts at pct 0 and ends at pct 100
        ok 2 - starts at pct 0 and ends at pct 100
          ---
          duration_ms: 0.063757
          type: 'test'
          ...
        # Subtest: has strictly ascending, contiguous, non-overlapping positions
        ok 3 - has strictly ascending, contiguous, non-overlapping positions
          ---
          duration_ms: 0.127007
          type: 'test'
          ...
        # Subtest: has non-empty name/goal/constraint/avoid on every beat
        ok 4 - has non-empty name/goal/constraint/avoid on every beat
          ---
          duration_ms: 0.133811
          type: 'test'
          ...
        1..4
    ok 23 - structure "hero_journey"
      ---
      duration_ms: 0.628748
      type: 'suite'
      ...
    # Subtest: instantiatePreset() produces a matching beat count and ascending turn ranges for every structure
    ok 24 - instantiatePreset() produces a matching beat count and ascending turn ranges for every structure
      ---
      duration_ms: 0.714619
      type: 'test'
      ...
    1..24
ok 899 - STRUCTURE_BEATS — completeness
  ---
  duration_ms: 29.416161
  type: 'suite'
  ...
# Subtest: STRUCTURE_NAMES — key parity with STRUCTURE_BEATS (no drift)
    # Subtest: has exactly the same key set as STRUCTURE_BEATS
    ok 1 - has exactly the same key set as STRUCTURE_BEATS
      ---
      duration_ms: 1.129315
      type: 'test'
      ...
    # Subtest: has a non-empty display name for every structure
    ok 2 - has a non-empty display name for every structure
      ---
      duration_ms: 0.191064
      type: 'test'
      ...
    # Subtest: includes the new structure "three_act"
    ok 3 - includes the new structure "three_act"
      ---
      duration_ms: 0.098499
      type: 'test'
      ...
    # Subtest: includes the new structure "syd_field"
    ok 4 - includes the new structure "syd_field"
      ---
      duration_ms: 0.054567
      type: 'test'
      ...
    # Subtest: includes the new structure "rashomon"
    ok 5 - includes the new structure "rashomon"
      ---
      duration_ms: 0.051375
      type: 'test'
      ...
    # Subtest: includes the new structure "non_linear"
    ok 6 - includes the new structure "non_linear"
      ---
      duration_ms: 0.050376
      type: 'test'
      ...
    # Subtest: includes the new structure "circular"
    ok 7 - includes the new structure "circular"
      ---
      duration_ms: 0.048791
      type: 'test'
      ...
    # Subtest: includes the new structure "hyperlink"
    ok 8 - includes the new structure "hyperlink"
      ---
      duration_ms: 0.049708
      type: 'test'
      ...
    # Subtest: includes the new structure "fichtean_curve"
    ok 9 - includes the new structure "fichtean_curve"
      ---
      duration_ms: 0.114319
      type: 'test'
      ...
    # Subtest: includes the new structure "in_media_res"
    ok 10 - includes the new structure "in_media_res"
      ---
      duration_ms: 0.058844
      type: 'test'
      ...
    # Subtest: includes the new structure "snowflake"
    ok 11 - includes the new structure "snowflake"
      ---
      duration_ms: 0.054829
      type: 'test'
      ...
    # Subtest: includes the new structure "mystery_box"
    ok 12 - includes the new structure "mystery_box"
      ---
      duration_ms: 0.055173
      type: 'test'
      ...
    # Subtest: includes the new structure "closed_circle"
    ok 13 - includes the new structure "closed_circle"
      ---
      duration_ms: 0.050803
      type: 'test'
      ...
    # Subtest: includes the new structure "procedural_case"
    ok 14 - includes the new structure "procedural_case"
      ---
      duration_ms: 0.049103
      type: 'test'
      ...
    # Subtest: includes the new structure "heist_structure"
    ok 15 - includes the new structure "heist_structure"
      ---
      duration_ms: 0.048212
      type: 'test'
      ...
    # Subtest: includes the new structure "trial_structure"
    ok 16 - includes the new structure "trial_structure"
      ---
      duration_ms: 0.045685
      type: 'test'
      ...
    # Subtest: includes the new structure "survival_structure"
    ok 17 - includes the new structure "survival_structure"
      ---
      duration_ms: 0.04847
      type: 'test'
      ...
    # Subtest: includes the new structure "hero_journey"
    ok 18 - includes the new structure "hero_journey"
      ---
      duration_ms: 0.047522
      type: 'test'
      ...
    # Subtest: hero_journey has the full 12-stage Campbell/Vogler monomyth
    ok 19 - hero_journey has the full 12-stage Campbell/Vogler monomyth
      ---
      duration_ms: 2.143711
      type: 'test'
      ...
    1..19
ok 900 - STRUCTURE_NAMES — key parity with STRUCTURE_BEATS (no drift)
  ---
  duration_ms: 4.875711
  type: 'suite'
  ...
# Subtest: ARC_TENSION_CURVES — completeness
    # Subtest: has at least 10 arcs (6 original + 4 new blueprint/completions)
    ok 1 - has at least 10 arcs (6 original + 4 new blueprint/completions)
      ---
      duration_ms: 0.340929
      type: 'test'
      ...
    # Subtest: "rags_to_riches" is an 8-waypoint array of finite values in [0, 100]
    ok 2 - "rags_to_riches" is an 8-waypoint array of finite values in [0, 100]
      ---
      duration_ms: 0.164319
      type: 'test'
      ...
    # Subtest: "riches_to_rags" is an 8-waypoint array of finite values in [0, 100]
    ok 3 - "riches_to_rags" is an 8-waypoint array of finite values in [0, 100]
      ---
      duration_ms: 0.177636
      type: 'test'
      ...
    # Subtest: "man_in_a_hole" is an 8-waypoint array of finite values in [0, 100]
    ok 4 - "man_in_a_hole" is an 8-waypoint array of finite values in [0, 100]
      ---
      duration_ms: 0.067789
      type: 'test'
      ...
    # Subtest: "icarus" is an 8-waypoint array of finite values in [0, 100]
    ok 5 - "icarus" is an 8-waypoint array of finite values in [0, 100]
      ---
      duration_ms: 0.056454
      type: 'test'
      ...
    # Subtest: "cinderella" is an 8-waypoint array of finite values in [0, 100]
    ok 6 - "cinderella" is an 8-waypoint array of finite values in [0, 100]
      ---
      duration_ms: 0.049222
      type: 'test'
      ...
    # Subtest: "oedipus" is an 8-waypoint array of finite values in [0, 100]
    ok 7 - "oedipus" is an 8-waypoint array of finite values in [0, 100]
      ---
      duration_ms: 0.17835
      type: 'test'
      ...
    # Subtest: "flat_tension_baseline" is an 8-waypoint array of finite values in [0, 100]
    ok 8 - "flat_tension_baseline" is an 8-waypoint array of finite values in [0, 100]
      ---
      duration_ms: 0.058501
      type: 'test'
      ...
    # Subtest: "sine_wave" is an 8-waypoint array of finite values in [0, 100]
    ok 9 - "sine_wave" is an 8-waypoint array of finite values in [0, 100]
      ---
      duration_ms: 0.060538
      type: 'test'
      ...
    # Subtest: "double_man_in_a_hole" is an 8-waypoint array of finite values in [0, 100]
    ok 10 - "double_man_in_a_hole" is an 8-waypoint array of finite values in [0, 100]
      ---
      duration_ms: 0.049925
      type: 'test'
      ...
    # Subtest: "tragedy_spiral" is an 8-waypoint array of finite values in [0, 100]
    ok 11 - "tragedy_spiral" is an 8-waypoint array of finite values in [0, 100]
      ---
      duration_ms: 0.047797
      type: 'test'
      ...
    # Subtest: includes flat_tension_baseline and sine_wave (blueprint set)
    ok 12 - includes flat_tension_baseline and sine_wave (blueprint set)
      ---
      duration_ms: 0.089414
      type: 'test'
      ...
    # Subtest: flat_tension_baseline stays within a tight band (near-constant, not shaped)
    ok 13 - flat_tension_baseline stays within a tight band (near-constant, not shaped)
      ---
      duration_ms: 0.149441
      type: 'test'
      ...
    # Subtest: sine_wave genuinely oscillates (at least two direction reversals)
    ok 14 - sine_wave genuinely oscillates (at least two direction reversals)
      ---
      duration_ms: 0.180851
      type: 'test'
      ...
    # Subtest: double_man_in_a_hole has two distinct troughs (a true two-dip shape)
    ok 15 - double_man_in_a_hole has two distinct troughs (a true two-dip shape)
      ---
      duration_ms: 0.242592
      type: 'test'
      ...
    # Subtest: tragedy_spiral ends in unrecovered catastrophe, lower than every prior trough
    ok 16 - tragedy_spiral ends in unrecovered catastrophe, lower than every prior trough
      ---
      duration_ms: 0.109318
      type: 'test'
      ...
    1..16
ok 901 - ARC_TENSION_CURVES — completeness
  ---
  duration_ms: 2.451079
  type: 'suite'
  ...
# Subtest: expectedTensionAt — interpolation correctness
    # Subtest: sine_wave: position 0 returns the first waypoint exactly
    ok 1 - sine_wave: position 0 returns the first waypoint exactly
      ---
      duration_ms: 0.194422
      type: 'test'
      ...
    # Subtest: sine_wave: position 1 returns the last waypoint exactly
    ok 2 - sine_wave: position 1 returns the last waypoint exactly
      ---
      duration_ms: 0.092685
      type: 'test'
      ...
    # Subtest: sine_wave: position 0.5 matches the hand-computed midpoint interpolation
    ok 3 - sine_wave: position 0.5 matches the hand-computed midpoint interpolation
      ---
      duration_ms: 0.080205
      type: 'test'
      ...
    # Subtest: tragedy_spiral: position 0 and 1 return the first/last waypoints exactly
    ok 4 - tragedy_spiral: position 0 and 1 return the first/last waypoints exactly
      ---
      duration_ms: 0.083838
      type: 'test'
      ...
    # Subtest: clamps out-of-range positions into [0,1]
    ok 5 - clamps out-of-range positions into [0,1]
      ---
      duration_ms: 0.130072
      type: 'test'
      ...
    # Subtest: returns null for an unknown arc name
    ok 6 - returns null for an unknown arc name
      ---
      duration_ms: 0.083952
      type: 'test'
      ...
    1..6
ok 902 - expectedTensionAt — interpolation correctness
  ---
  duration_ms: 0.935622
  type: 'suite'
  ...
# Subtest: CHARACTER_ARC_MODES — completeness
    # Subtest: has exactly the 12 blueprint modes
    ok 1 - has exactly the 12 blueprint modes
      ---
      duration_ms: 0.237366
      type: 'test'
      ...
    # Subtest: "hero_journey" has name/description/promptInstruction and a valid valenceExpectation
    ok 2 - "hero_journey" has name/description/promptInstruction and a valid valenceExpectation
      ---
      duration_ms: 0.195478
      type: 'test'
      ...
    # Subtest: "tragedy" has name/description/promptInstruction and a valid valenceExpectation
    ok 3 - "tragedy" has name/description/promptInstruction and a valid valenceExpectation
      ---
      duration_ms: 0.066506
      type: 'test'
      ...
    # Subtest: "comedy" has name/description/promptInstruction and a valid valenceExpectation
    ok 4 - "comedy" has name/description/promptInstruction and a valid valenceExpectation
      ---
      duration_ms: 0.082341
      type: 'test'
      ...
    # Subtest: "redemption" has name/description/promptInstruction and a valid valenceExpectation
    ok 5 - "redemption" has name/description/promptInstruction and a valid valenceExpectation
      ---
      duration_ms: 0.056651
      type: 'test'
      ...
    # Subtest: "descent" has name/description/promptInstruction and a valid valenceExpectation
    ok 6 - "descent" has name/description/promptInstruction and a valid valenceExpectation
      ---
      duration_ms: 0.050998
      type: 'test'
      ...
    # Subtest: "corruption" has name/description/promptInstruction and a valid valenceExpectation
    ok 7 - "corruption" has name/description/promptInstruction and a valid valenceExpectation
      ---
      duration_ms: 0.049399
      type: 'test'
      ...
    # Subtest: "rebirth" has name/description/promptInstruction and a valid valenceExpectation
    ok 8 - "rebirth" has name/description/promptInstruction and a valid valenceExpectation
      ---
      duration_ms: 0.054254
      type: 'test'
      ...
    # Subtest: "disillusionment" has name/description/promptInstruction and a valid valenceExpectation
    ok 9 - "disillusionment" has name/description/promptInstruction and a valid valenceExpectation
      ---
      duration_ms: 0.049666
      type: 'test'
      ...
    # Subtest: "martyrdom" has name/description/promptInstruction and a valid valenceExpectation
    ok 10 - "martyrdom" has name/description/promptInstruction and a valid valenceExpectation
      ---
      duration_ms: 0.207194
      type: 'test'
      ...
    # Subtest: "liberation" has name/description/promptInstruction and a valid valenceExpectation
    ok 11 - "liberation" has name/description/promptInstruction and a valid valenceExpectation
      ---
      duration_ms: 2.829885
      type: 'test'
      ...
    # Subtest: "obsession" has name/description/promptInstruction and a valid valenceExpectation
    ok 12 - "obsession" has name/description/promptInstruction and a valid valenceExpectation
      ---
      duration_ms: 0.08348
      type: 'test'
      ...
    # Subtest: "integration" has name/description/promptInstruction and a valid valenceExpectation
    ok 13 - "integration" has name/description/promptInstruction and a valid valenceExpectation
      ---
      duration_ms: 0.053299
      type: 'test'
      ...
    # Subtest: uses every valenceExpectation category at least once (genuine axis coverage)
    ok 14 - uses every valenceExpectation category at least once (genuine axis coverage)
      ---
      duration_ms: 0.269837
      type: 'test'
      ...
    1..14
ok 903 - CHARACTER_ARC_MODES — completeness
  ---
  duration_ms: 4.761042
  type: 'suite'
  ...
# Subtest: STYLE_MODIFIERS — completeness
    # Subtest: has at least 24 director styles (6 original + ~18 new blueprint entries)
    ok 1 - has at least 24 director styles (6 original + ~18 new blueprint entries)
      ---
      duration_ms: 0.437093
      type: 'test'
      ...
    # Subtest: style "hitchcock"
        # Subtest: has a non-empty agentInstruction and pacingHintSuffix
        ok 1 - has a non-empty agentInstruction and pacingHintSuffix
          ---
          duration_ms: 0.133422
          type: 'test'
          ...
        # Subtest: has a numeric beliefEdgeIntensityBoost within the observed existing range
        ok 2 - has a numeric beliefEdgeIntensityBoost within the observed existing range
          ---
          duration_ms: 0.095468
          type: 'test'
          ...
        # Subtest: confrontationHintOverride, if present, is a non-empty string
        ok 3 - confrontationHintOverride, if present, is a non-empty string
          ---
          duration_ms: 0.136642
          type: 'test'
          ...
        1..3
    ok 2 - style "hitchcock"
      ---
      duration_ms: 0.577083
      type: 'suite'
      ...
    # Subtest: style "fincher"
        # Subtest: has a non-empty agentInstruction and pacingHintSuffix
        ok 1 - has a non-empty agentInstruction and pacingHintSuffix
          ---
          duration_ms: 0.079292
          type: 'test'
          ...
        # Subtest: has a numeric beliefEdgeIntensityBoost within the observed existing range
        ok 2 - has a numeric beliefEdgeIntensityBoost within the observed existing range
          ---
          duration_ms: 0.049871
          type: 'test'
          ...
        # Subtest: confrontationHintOverride, if present, is a non-empty string
        ok 3 - confrontationHintOverride, if present, is a non-empty string
          ---
          duration_ms: 0.046273
          type: 'test'
          ...
        1..3
    ok 3 - style "fincher"
      ---
      duration_ms: 0.273453
      type: 'suite'
      ...
    # Subtest: style "nolan"
        # Subtest: has a non-empty agentInstruction and pacingHintSuffix
        ok 1 - has a non-empty agentInstruction and pacingHintSuffix
          ---
          duration_ms: 0.074499
          type: 'test'
          ...
        # Subtest: has a numeric beliefEdgeIntensityBoost within the observed existing range
        ok 2 - has a numeric beliefEdgeIntensityBoost within the observed existing range
          ---
          duration_ms: 0.046117
          type: 'test'
          ...
        # Subtest: confrontationHintOverride, if present, is a non-empty string
        ok 3 - confrontationHintOverride, if present, is a non-empty string
          ---
          duration_ms: 0.049496
          type: 'test'
          ...
        1..3
    ok 4 - style "nolan"
      ---
      duration_ms: 0.255864
      type: 'suite'
      ...
    # Subtest: style "villeneuve"
        # Subtest: has a non-empty agentInstruction and pacingHintSuffix
        ok 1 - has a non-empty agentInstruction and pacingHintSuffix
          ---
          duration_ms: 0.123038
          type: 'test'
          ...
        # Subtest: has a numeric beliefEdgeIntensityBoost within the observed existing range
        ok 2 - has a numeric beliefEdgeIntensityBoost within the observed existing range
          ---
          duration_ms: 0.053845
          type: 'test'
          ...
        # Subtest: confrontationHintOverride, if present, is a non-empty string
        ok 3 - confrontationHintOverride, if present, is a non-empty string
          ---
          duration_ms: 0.051229
          type: 'test'
          ...
        1..3
    ok 5 - style "villeneuve"
      ---
      duration_ms: 0.415773
      type: 'suite'
      ...
    # Subtest: style "aster"
        # Subtest: has a non-empty agentInstruction and pacingHintSuffix
        ok 1 - has a non-empty agentInstruction and pacingHintSuffix
          ---
          duration_ms: 0.07479
          type: 'test'
          ...
        # Subtest: has a numeric beliefEdgeIntensityBoost within the observed existing range
        ok 2 - has a numeric beliefEdgeIntensityBoost within the observed existing range
          ---
          duration_ms: 0.048582
          type: 'test'
          ...
        # Subtest: confrontationHintOverride, if present, is a non-empty string
        ok 3 - confrontationHintOverride, if present, is a non-empty string
          ---
          duration_ms: 0.04997
          type: 'test'
          ...
        1..3
    ok 6 - style "aster"
      ---
      duration_ms: 0.262918
      type: 'suite'
      ...
    # Subtest: style "lynch"
        # Subtest: has a non-empty agentInstruction and pacingHintSuffix
        ok 1 - has a non-empty agentInstruction and pacingHintSuffix
          ---
          duration_ms: 0.0701
          type: 'test'
          ...
        # Subtest: has a numeric beliefEdgeIntensityBoost within the observed existing range
        ok 2 - has a numeric beliefEdgeIntensityBoost within the observed existing range
          ---
          duration_ms: 0.045691
          type: 'test'
          ...
        # Subtest: confrontationHintOverride, if present, is a non-empty string
        ok 3 - confrontationHintOverride, if present, is a non-empty string
          ---
          duration_ms: 0.046809
          type: 'test'
          ...
        1..3
    ok 7 - style "lynch"
      ---
      duration_ms: 0.251132
      type: 'suite'
      ...
    # Subtest: style "kubrick"
        # Subtest: has a non-empty agentInstruction and pacingHintSuffix
        ok 1 - has a non-empty agentInstruction and pacingHintSuffix
          ---
          duration_ms: 0.195581
          type: 'test'
          ...
        # Subtest: has a numeric beliefEdgeIntensityBoost within the observed existing range
        ok 2 - has a numeric beliefEdgeIntensityBoost within the observed existing range
          ---
          duration_ms: 0.067525
          type: 'test'
          ...
        # Subtest: confrontationHintOverride, if present, is a non-empty string
        ok 3 - confrontationHintOverride, if present, is a non-empty string
          ---
          duration_ms: 0.051474
          type: 'test'
          ...
        1..3
    ok 8 - style "kubrick"
      ---
      duration_ms: 0.408436
      type: 'suite'
      ...
    # Subtest: style "tarantino"
        # Subtest: has a non-empty agentInstruction and pacingHintSuffix
        ok 1 - has a non-empty agentInstruction and pacingHintSuffix
          ---
          duration_ms: 0.073611
          type: 'test'
          ...
        # Subtest: has a numeric beliefEdgeIntensityBoost within the observed existing range
        ok 2 - has a numeric beliefEdgeIntensityBoost within the observed existing range
          ---
          duration_ms: 0.046372
          type: 'test'
          ...
        # Subtest: confrontationHintOverride, if present, is a non-empty string
        ok 3 - confrontationHintOverride, if present, is a non-empty string
          ---
          duration_ms: 0.047481
          type: 'test'
          ...
        1..3
    ok 9 - style "tarantino"
      ---
      duration_ms: 0.26122
      type: 'suite'
      ...
    # Subtest: style "scorsese"
        # Subtest: has a non-empty agentInstruction and pacingHintSuffix
        ok 1 - has a non-empty agentInstruction and pacingHintSuffix
          ---
          duration_ms: 0.078922
          type: 'test'
          ...
        # Subtest: has a numeric beliefEdgeIntensityBoost within the observed existing range
        ok 2 - has a numeric beliefEdgeIntensityBoost within the observed existing range
          ---
          duration_ms: 0.064469
          type: 'test'
          ...
        # Subtest: confrontationHintOverride, if present, is a non-empty string
        ok 3 - confrontationHintOverride, if present, is a non-empty string
          ---
          duration_ms: 0.049051
          type: 'test'
          ...
        1..3
    ok 10 - style "scorsese"
      ---
      duration_ms: 0.279174
      type: 'suite'
      ...
    # Subtest: style "coen_brothers"
        # Subtest: has a non-empty agentInstruction and pacingHintSuffix
        ok 1 - has a non-empty agentInstruction and pacingHintSuffix
          ---
          duration_ms: 0.54961
          type: 'test'
          ...
        # Subtest: has a numeric beliefEdgeIntensityBoost within the observed existing range
        ok 2 - has a numeric beliefEdgeIntensityBoost within the observed existing range
          ---
          duration_ms: 0.067686
          type: 'test'
          ...
        # Subtest: confrontationHintOverride, if present, is a non-empty string
        ok 3 - confrontationHintOverride, if present, is a non-empty string
          ---
          duration_ms: 0.053208
          type: 'test'
          ...
        1..3
    ok 11 - style "coen_brothers"
      ---
      duration_ms: 0.86942
      type: 'suite'
      ...
    # Subtest: style "wes_anderson"
        # Subtest: has a non-empty agentInstruction and pacingHintSuffix
        ok 1 - has a non-empty agentInstruction and pacingHintSuffix
          ---
          duration_ms: 0.078345
          type: 'test'
          ...
        # Subtest: has a numeric beliefEdgeIntensityBoost within the observed existing range
        ok 2 - has a numeric beliefEdgeIntensityBoost within the observed existing range
          ---
          duration_ms: 0.088174
          type: 'test'
          ...
        # Subtest: confrontationHintOverride, if present, is a non-empty string
        ok 3 - confrontationHintOverride, if present, is a non-empty string
          ---
          duration_ms: 0.057867
          type: 'test'
          ...
        1..3
    ok 12 - style "wes_anderson"
      ---
      duration_ms: 0.415237
      type: 'suite'
      ...
    # Subtest: style "spielberg"
        # Subtest: has a non-empty agentInstruction and pacingHintSuffix
        ok 1 - has a non-empty agentInstruction and pacingHintSuffix
          ---
          duration_ms: 0.080535
          type: 'test'
          ...
        # Subtest: has a numeric beliefEdgeIntensityBoost within the observed existing range
        ok 2 - has a numeric beliefEdgeIntensityBoost within the observed existing range
          ---
          duration_ms: 0.052224
          type: 'test'
          ...
        # Subtest: confrontationHintOverride, if present, is a non-empty string
        ok 3 - confrontationHintOverride, if present, is a non-empty string
          ---
          duration_ms: 0.051363
          type: 'test'
          ...
        1..3
    ok 13 - style "spielberg"
      ---
      duration_ms: 0.278561
      type: 'suite'
      ...
    # Subtest: style "kurosawa"
        # Subtest: has a non-empty agentInstruction and pacingHintSuffix
        ok 1 - has a non-empty agentInstruction and pacingHintSuffix
          ---
          duration_ms: 0.102646
          type: 'test'
          ...
        # Subtest: has a numeric beliefEdgeIntensityBoost within the observed existing range
        ok 2 - has a numeric beliefEdgeIntensityBoost within the observed existing range
          ---
          duration_ms: 0.049259
          type: 'test'
          ...
        # Subtest: confrontationHintOverride, if present, is a non-empty string
        ok 3 - confrontationHintOverride, if present, is a non-empty string
          ---
          duration_ms: 0.146084
          type: 'test'
          ...
        1..3
    ok 14 - style "kurosawa"
      ---
      duration_ms: 0.504439
      type: 'suite'
      ...
    # Subtest: style "leone"
        # Subtest: has a non-empty agentInstruction and pacingHintSuffix
        ok 1 - has a non-empty agentInstruction and pacingHintSuffix
          ---
          duration_ms: 0.095713
          type: 'test'
          ...
        # Subtest: has a numeric beliefEdgeIntensityBoost within the observed existing range
        ok 2 - has a numeric beliefEdgeIntensityBoost within the observed existing range
          ---
          duration_ms: 0.04959
          type: 'test'
          ...
        # Subtest: confrontationHintOverride, if present, is a non-empty string
        ok 3 - confrontationHintOverride, if present, is a non-empty string
          ---
          duration_ms: 0.05575
          type: 'test'
          ...
        1..3
    ok 15 - style "leone"
      ---
      duration_ms: 0.301452
      type: 'suite'
      ...
    # Subtest: style "malick"
        # Subtest: has a non-empty agentInstruction and pacingHintSuffix
        ok 1 - has a non-empty agentInstruction and pacingHintSuffix
          ---
          duration_ms: 0.080255
          type: 'test'
          ...
        # Subtest: has a numeric beliefEdgeIntensityBoost within the observed existing range
        ok 2 - has a numeric beliefEdgeIntensityBoost within the observed existing range
          ---
          duration_ms: 0.04895
          type: 'test'
          ...
        # Subtest: confrontationHintOverride, if present, is a non-empty string
        ok 3 - confrontationHintOverride, if present, is a non-empty string
          ---
          duration_ms: 0.044418
          type: 'test'
          ...
        1..3
    ok 16 - style "malick"
      ---
      duration_ms: 0.269379
      type: 'suite'
      ...
    # Subtest: style "michael_mann"
        # Subtest: has a non-empty agentInstruction and pacingHintSuffix
        ok 1 - has a non-empty agentInstruction and pacingHintSuffix
          ---
          duration_ms: 0.071778
          type: 'test'
          ...
        # Subtest: has a numeric beliefEdgeIntensityBoost within the observed existing range
        ok 2 - has a numeric beliefEdgeIntensityBoost within the observed existing range
          ---
          duration_ms: 0.04461
          type: 'test'
          ...
        # Subtest: confrontationHintOverride, if present, is a non-empty string
        ok 3 - confrontationHintOverride, if present, is a non-empty string
          ---
          duration_ms: 0.043417
          type: 'test'
          ...
        1..3
    ok 17 - style "michael_mann"
      ---
      duration_ms: 0.360144
      type: 'suite'
      ...
    # Subtest: style "edgar_wright"
        # Subtest: has a non-empty agentInstruction and pacingHintSuffix
        ok 1 - has a non-empty agentInstruction and pacingHintSuffix
          ---
          duration_ms: 0.092934
          type: 'test'
          ...
        # Subtest: has a numeric beliefEdgeIntensityBoost within the observed existing range
        ok 2 - has a numeric beliefEdgeIntensityBoost within the observed existing range
          ---
          duration_ms: 0.049462
          type: 'test'
          ...
        # Subtest: confrontationHintOverride, if present, is a non-empty string
        ok 3 - confrontationHintOverride, if present, is a non-empty string
          ---
          duration_ms: 0.048813
          type: 'test'
          ...
        1..3
    ok 18 - style "edgar_wright"
      ---
      duration_ms: 0.297394
      type: 'suite'
      ...
    # Subtest: style "refn"
        # Subtest: has a non-empty agentInstruction and pacingHintSuffix
        ok 1 - has a non-empty agentInstruction and pacingHintSuffix
          ---
          duration_ms: 0.178424
          type: 'test'
          ...
        # Subtest: has a numeric beliefEdgeIntensityBoost within the observed existing range
        ok 2 - has a numeric beliefEdgeIntensityBoost within the observed existing range
          ---
          duration_ms: 0.051815
          type: 'test'
          ...
        # Subtest: confrontationHintOverride, if present, is a non-empty string
        ok 3 - confrontationHintOverride, if present, is a non-empty string
          ---
          duration_ms: 0.064987
          type: 'test'
          ...
        1..3
    ok 19 - style "refn"
      ---
      duration_ms: 0.401842
      type: 'suite'
      ...
    # Subtest: style "eggers"
        # Subtest: has a non-empty agentInstruction and pacingHintSuffix
        ok 1 - has a non-empty agentInstruction and pacingHintSuffix
          ---
          duration_ms: 0.217633
          type: 'test'
          ...
        # Subtest: has a numeric beliefEdgeIntensityBoost within the observed existing range
        ok 2 - has a numeric beliefEdgeIntensityBoost within the observed existing range
          ---
          duration_ms: 0.073897
          type: 'test'
          ...
        # Subtest: confrontationHintOverride, if present, is a non-empty string
        ok 3 - confrontationHintOverride, if present, is a non-empty string
          ---
          duration_ms: 0.066804
          type: 'test'
          ...
        1..3
    ok 20 - style "eggers"
      ---
      duration_ms: 0.488248
      type: 'suite'
      ...
    # Subtest: style "bong_joon_ho"
        # Subtest: has a non-empty agentInstruction and pacingHintSuffix
        ok 1 - has a non-empty agentInstruction and pacingHintSuffix
          ---
          duration_ms: 0.103683
          type: 'test'
          ...
        # Subtest: has a numeric beliefEdgeIntensityBoost within the observed existing range
        ok 2 - has a numeric beliefEdgeIntensityBoost within the observed existing range
          ---
          duration_ms: 0.064583
          type: 'test'
          ...
        # Subtest: confrontationHintOverride, if present, is a non-empty string
        ok 3 - confrontationHintOverride, if present, is a non-empty string
          ---
          duration_ms: 0.061952
          type: 'test'
          ...
        1..3
    ok 21 - style "bong_joon_ho"
      ---
      duration_ms: 0.353802
      type: 'suite'
      ...
    # Subtest: style "del_toro"
        # Subtest: has a non-empty agentInstruction and pacingHintSuffix
        ok 1 - has a non-empty agentInstruction and pacingHintSuffix
          ---
          duration_ms: 0.092518
          type: 'test'
          ...
        # Subtest: has a numeric beliefEdgeIntensityBoost within the observed existing range
        ok 2 - has a numeric beliefEdgeIntensityBoost within the observed existing range
          ---
          duration_ms: 0.175054
          type: 'test'
          ...
        # Subtest: confrontationHintOverride, if present, is a non-empty string
        ok 3 - confrontationHintOverride, if present, is a non-empty string
          ---
          duration_ms: 0.168548
          type: 'test'
          ...
        1..3
    ok 22 - style "del_toro"
      ---
      duration_ms: 0.57051
      type: 'suite'
      ...
    # Subtest: style "gerwig"
        # Subtest: has a non-empty agentInstruction and pacingHintSuffix
        ok 1 - has a non-empty agentInstruction and pacingHintSuffix
          ---
          duration_ms: 0.108188
          type: 'test'
          ...
        # Subtest: has a numeric beliefEdgeIntensityBoost within the observed existing range
        ok 2 - has a numeric beliefEdgeIntensityBoost within the observed existing range
          ---
          duration_ms: 0.061502
          type: 'test'
          ...
        # Subtest: confrontationHintOverride, if present, is a non-empty string
        ok 3 - confrontationHintOverride, if present, is a non-empty string
          ---
          duration_ms: 0.058187
          type: 'test'
          ...
        1..3
    ok 23 - style "gerwig"
      ---
      duration_ms: 0.350642
      type: 'suite'
      ...
    # Subtest: style "chazelle"
        # Subtest: has a non-empty agentInstruction and pacingHintSuffix
        ok 1 - has a non-empty agentInstruction and pacingHintSuffix
          ---
          duration_ms: 0.228999
          type: 'test'
          ...
        # Subtest: has a numeric beliefEdgeIntensityBoost within the observed existing range
        ok 2 - has a numeric beliefEdgeIntensityBoost within the observed existing range
          ---
          duration_ms: 0.08845
          type: 'test'
          ...
        # Subtest: confrontationHintOverride, if present, is a non-empty string
        ok 3 - confrontationHintOverride, if present, is a non-empty string
          ---
          duration_ms: 0.10366
          type: 'test'
          ...
        1..3
    ok 24 - style "chazelle"
      ---
      duration_ms: 0.583267
      type: 'suite'
      ...
    # Subtest: style "pta"
        # Subtest: has a non-empty agentInstruction and pacingHintSuffix
        ok 1 - has a non-empty agentInstruction and pacingHintSuffix
          ---
          duration_ms: 0.098727
          type: 'test'
          ...
        # Subtest: has a numeric beliefEdgeIntensityBoost within the observed existing range
        ok 2 - has a numeric beliefEdgeIntensityBoost within the observed existing range
          ---
          duration_ms: 0.06522
          type: 'test'
          ...
        # Subtest: confrontationHintOverride, if present, is a non-empty string
        ok 3 - confrontationHintOverride, if present, is a non-empty string
          ---
          duration_ms: 0.056514
          type: 'test'
          ...
        1..3
    ok 25 - style "pta"
      ---
      duration_ms: 0.336731
      type: 'suite'
      ...
    # Subtest: style "claire_denis"
        # Subtest: has a non-empty agentInstruction and pacingHintSuffix
        ok 1 - has a non-empty agentInstruction and pacingHintSuffix
          ---
          duration_ms: 0.093654
          type: 'test'
          ...
        # Subtest: has a numeric beliefEdgeIntensityBoost within the observed existing range
        ok 2 - has a numeric beliefEdgeIntensityBoost within the observed existing range
          ---
          duration_ms: 0.057656
          type: 'test'
          ...
        # Subtest: confrontationHintOverride, if present, is a non-empty string
        ok 3 - confrontationHintOverride, if present, is a non-empty string
          ---
          duration_ms: 0.090087
          type: 'test'
          ...
        1..3
    ok 26 - style "claire_denis"
      ---
      duration_ms: 0.461453
      type: 'suite'
      ...
    # Subtest: style "almodovar"
        # Subtest: has a non-empty agentInstruction and pacingHintSuffix
        ok 1 - has a non-empty agentInstruction and pacingHintSuffix
          ---
          duration_ms: 0.099719
          type: 'test'
          ...
        # Subtest: has a numeric beliefEdgeIntensityBoost within the observed existing range
        ok 2 - has a numeric beliefEdgeIntensityBoost within the observed existing range
          ---
          duration_ms: 0.061186
          type: 'test'
          ...
        # Subtest: confrontationHintOverride, if present, is a non-empty string
        ok 3 - confrontationHintOverride, if present, is a non-empty string
          ---
          duration_ms: 0.094796
          type: 'test'
          ...
        1..3
    ok 27 - style "almodovar"
      ---
      duration_ms: 0.438803
      type: 'suite'
      ...
    # Subtest: style "park_chan_wook"
        # Subtest: has a non-empty agentInstruction and pacingHintSuffix
        ok 1 - has a non-empty agentInstruction and pacingHintSuffix
          ---
          duration_ms: 0.119261
          type: 'test'
          ...
        # Subtest: has a numeric beliefEdgeIntensityBoost within the observed existing range
        ok 2 - has a numeric beliefEdgeIntensityBoost within the observed existing range
          ---
          duration_ms: 0.165761
          type: 'test'
          ...
        # Subtest: confrontationHintOverride, if present, is a non-empty string
        ok 3 - confrontationHintOverride, if present, is a non-empty string
          ---
          duration_ms: 0.122945
          type: 'test'
          ...
        1..3
    ok 28 - style "park_chan_wook"
      ---
      duration_ms: 0.550905
      type: 'suite'
      ...
    # Subtest: style "miyazaki"
        # Subtest: has a non-empty agentInstruction and pacingHintSuffix
        ok 1 - has a non-empty agentInstruction and pacingHintSuffix
          ---
          duration_ms: 0.108782
          type: 'test'
          ...
        # Subtest: has a numeric beliefEdgeIntensityBoost within the observed existing range
        ok 2 - has a numeric beliefEdgeIntensityBoost within the observed existing range
          ---
          duration_ms: 0.065068
          type: 'test'
          ...
        # Subtest: confrontationHintOverride, if present, is a non-empty string
        ok 3 - confrontationHintOverride, if present, is a non-empty string
          ---
          duration_ms: 0.964372
          type: 'test'
          ...
        1..3
    ok 29 - style "miyazaki"
      ---
      duration_ms: 1.288557
      type: 'suite'
      ...
    # Subtest: includes the new director style "kubrick"
    ok 30 - includes the new director style "kubrick"
      ---
      duration_ms: 0.20113
      type: 'test'
      ...
    # Subtest: includes the new director style "tarantino"
    ok 31 - includes the new director style "tarantino"
      ---
      duration_ms: 0.143597
      type: 'test'
      ...
    # Subtest: includes the new director style "scorsese"
    ok 32 - includes the new director style "scorsese"
      ---
      duration_ms: 0.54059
      type: 'test'
      ...
    # Subtest: includes the new director style "coen_brothers"
    ok 33 - includes the new director style "coen_brothers"
      ---
      duration_ms: 0.088552
      type: 'test'
      ...
    # Subtest: includes the new director style "wes_anderson"
    ok 34 - includes the new director style "wes_anderson"
      ---
      duration_ms: 0.070888
      type: 'test'
      ...
    # Subtest: includes the new director style "spielberg"
    ok 35 - includes the new director style "spielberg"
      ---
      duration_ms: 0.128071
      type: 'test'
      ...
    # Subtest: includes the new director style "kurosawa"
    ok 36 - includes the new director style "kurosawa"
      ---
      duration_ms: 0.077145
      type: 'test'
      ...
    # Subtest: includes the new director style "leone"
    ok 37 - includes the new director style "leone"
      ---
      duration_ms: 0.064789
      type: 'test'
      ...
    # Subtest: includes the new director style "malick"
    ok 38 - includes the new director style "malick"
      ---
      duration_ms: 0.07362
      type: 'test'
      ...
    # Subtest: includes the new director style "michael_mann"
    ok 39 - includes the new director style "michael_mann"
      ---
      duration_ms: 0.066414
      type: 'test'
      ...
    # Subtest: includes the new director style "edgar_wright"
    ok 40 - includes the new director style "edgar_wright"
      ---
      duration_ms: 0.061858
      type: 'test'
      ...
    # Subtest: includes the new director style "refn"
    ok 41 - includes the new director style "refn"
      ---
      duration_ms: 0.062599
      type: 'test'
      ...
    # Subtest: includes the new director style "eggers"
    ok 42 - includes the new director style "eggers"
      ---
      duration_ms: 0.064346
      type: 'test'
      ...
    # Subtest: includes the new director style "bong_joon_ho"
    ok 43 - includes the new director style "bong_joon_ho"
      ---
      duration_ms: 0.074782
      type: 'test'
      ...
    # Subtest: includes the new director style "del_toro"
    ok 44 - includes the new director style "del_toro"
      ---
      duration_ms: 0.060085
      type: 'test'
      ...
    # Subtest: includes the new director style "gerwig"
    ok 45 - includes the new director style "gerwig"
      ---
      duration_ms: 0.147225
      type: 'test'
      ...
    # Subtest: includes the new director style "chazelle"
    ok 46 - includes the new director style "chazelle"
      ---
      duration_ms: 0.075202
      type: 'test'
      ...
    # Subtest: includes the new director style "pta"
    ok 47 - includes the new director style "pta"
      ---
      duration_ms: 0.059459
      type: 'test'
      ...
    # Subtest: includes the new director style "claire_denis"
    ok 48 - includes the new director style "claire_denis"
      ---
      duration_ms: 0.056751
      type: 'test'
      ...
    # Subtest: includes the new director style "almodovar"
    ok 49 - includes the new director style "almodovar"
      ---
      duration_ms: 0.061273
      type: 'test'
      ...
    # Subtest: includes the new director style "park_chan_wook"
    ok 50 - includes the new director style "park_chan_wook"
      ---
      duration_ms: 0.061488
      type: 'test'
      ...
    # Subtest: includes the new director style "miyazaki"
    ok 51 - includes the new director style "miyazaki"
      ---
      duration_ms: 0.059783
      type: 'test'
      ...
    # Subtest: preserves the six original entries byte-identical on key fields
    ok 52 - preserves the six original entries byte-identical on key fields
      ---
      duration_ms: 0.148157
      type: 'test'
      ...
    1..52
ok 904 - STYLE_MODIFIERS — completeness
  ---
  duration_ms: 16.616197
  type: 'suite'
  ...
# Subtest: existing presets are preserved byte-identical
    # Subtest: save_the_cat keeps its original 15 beats
    ok 1 - save_the_cat keeps its original 15 beats
      ---
      duration_ms: 0.21044
      type: 'test'
      ...
    # Subtest: original tension curves are unchanged
    ok 2 - original tension curves are unchanged
      ---
      duration_ms: 0.147094
      type: 'test'
      ...
    # Subtest: original director styles are unchanged
    ok 3 - original director styles are unchanged
      ---
      duration_ms: 0.169977
      type: 'test'
      ...
    1..3
ok 905 - existing presets are preserved byte-identical
  ---
  duration_ms: 2.202372
  type: 'suite'
  ...
# Subtest: surfacing: CONTRADICTED path
    # Subtest: FIRES when necessity high, alternative weak, evidence passes
    ok 1 - FIRES when necessity high, alternative weak, evidence passes
      ---
      duration_ms: 1.273907
      type: 'test'
      ...
    # Subtest: SUPPRESSES on low necessity (< τ_N)
    ok 2 - SUPPRESSES on low necessity (< τ_N)
      ---
      duration_ms: 0.300496
      type: 'test'
      ...
    # Subtest: SUPPRESSES when a strong innocent explanation exists (A ≥ τ_A) — adversarial acquittal
    ok 3 - SUPPRESSES when a strong innocent explanation exists (A ≥ τ_A) — adversarial acquittal
      ---
      duration_ms: 0.388739
      type: 'test'
      ...
    # Subtest: SUPPRESSES when the evidence contract fails — no flag without evidence
    ok 4 - SUPPRESSES when the evidence contract fails — no flag without evidence
      ---
      duration_ms: 0.287033
      type: 'test'
      ...
    1..4
ok 906 - surfacing: CONTRADICTED path
  ---
  duration_ms: 3.700437
  type: 'suite'
  ...
# Subtest: surfacing: open-world UNKNOWN path
    # Subtest: SUPPRESSES UNKNOWN with incomplete search (C < τ_C) — absence is not a negative fact
    ok 1 - SUPPRESSES UNKNOWN with incomplete search (C < τ_C) — absence is not a negative fact
      ---
      duration_ms: 0.587861
      type: 'test'
      ...
    # Subtest: FIRES UNKNOWN only when search is complete (C ≥ τ_C) and necessity high
    ok 2 - FIRES UNKNOWN only when search is complete (C ≥ τ_C) and necessity high
      ---
      duration_ms: 0.184123
      type: 'test'
      ...
    # Subtest: SUPPRESSES a soft narrative expectation that is merely absent
    ok 3 - SUPPRESSES a soft narrative expectation that is merely absent
      ---
      duration_ms: 0.45522
      type: 'test'
      ...
    1..3
ok 907 - surfacing: open-world UNKNOWN path
  ---
  duration_ms: 1.709634
  type: 'suite'
  ...
# Subtest: surfacing: supported / suppressed states
    # Subtest: ENTAILED → PASS, never surfaces
    ok 1 - ENTAILED → PASS, never surfaces
      ---
      duration_ms: 0.358555
      type: 'test'
      ...
    # Subtest: AMBIGUOUS and EXTRACTION_ERROR are suppressed
    ok 2 - AMBIGUOUS and EXTRACTION_ERROR are suppressed
      ---
      duration_ms: 0.316258
      type: 'test'
      ...
    1..2
ok 908 - surfacing: supported / suppressed states
  ---
  duration_ms: 1.107623
  type: 'suite'
  ...
# Subtest: surfacing: dependency classes + thresholds
    # Subtest: only the 6 hard classes are routinely releasable
    ok 1 - only the 6 hard classes are routinely releasable
      ---
      duration_ms: 2.5152
      type: 'test'
      ...
    # Subtest: per-subtype thresholds resolve (with a default fallback)
    ok 2 - per-subtype thresholds resolve (with a default fallback)
      ---
      duration_ms: 0.542089
      type: 'test'
      ...
    # Subtest: is deterministic
    ok 3 - is deterministic
      ---
      duration_ms: 0.628177
      type: 'test'
      ...
    1..3
ok 909 - surfacing: dependency classes + thresholds
  ---
  duration_ms: 3.862258
  type: 'suite'
  ...
# Subtest: relate() — basic Allen relations
    # Subtest: [1,3] before [5,7]
    ok 1 - [1,3] before [5,7]
      ---
      duration_ms: 1.380251
      type: 'test'
      ...
    # Subtest: [1,3] meets [3,5]
    ok 2 - [1,3] meets [3,5]
      ---
      duration_ms: 0.209354
      type: 'test'
      ...
    # Subtest: [1,5] overlaps [3,7]
    ok 3 - [1,5] overlaps [3,7]
      ---
      duration_ms: 0.46305
      type: 'test'
      ...
    # Subtest: [1,3] starts [1,5]
    ok 4 - [1,3] starts [1,5]
      ---
      duration_ms: 0.190827
      type: 'test'
      ...
    # Subtest: [3,5] during [1,7]
    ok 5 - [3,5] during [1,7]
      ---
      duration_ms: 0.296535
      type: 'test'
      ...
    # Subtest: [5,7] finishes [1,7]
    ok 6 - [5,7] finishes [1,7]
      ---
      duration_ms: 0.208846
      type: 'test'
      ...
    # Subtest: [2,5] equals [2,5]
    ok 7 - [2,5] equals [2,5]
      ---
      duration_ms: 0.183131
      type: 'test'
      ...
    # Subtest: [5,7] after [1,3]
    ok 8 - [5,7] after [1,3]
      ---
      duration_ms: 0.491146
      type: 'test'
      ...
    # Subtest: [3,5] met_by [1,3]
    ok 9 - [3,5] met_by [1,3]
      ---
      duration_ms: 0.403826
      type: 'test'
      ...
    # Subtest: [3,7] overlapped_by [1,5]
    ok 10 - [3,7] overlapped_by [1,5]
      ---
      duration_ms: 0.328401
      type: 'test'
      ...
    # Subtest: [1,5] started_by [1,3]
    ok 11 - [1,5] started_by [1,3]
      ---
      duration_ms: 2.098132
      type: 'test'
      ...
    # Subtest: [1,7] contains [3,5]
    ok 12 - [1,7] contains [3,5]
      ---
      duration_ms: 0.172938
      type: 'test'
      ...
    # Subtest: [1,7] finished_by [5,7]
    ok 13 - [1,7] finished_by [5,7]
      ---
      duration_ms: 0.11195
      type: 'test'
      ...
    1..13
ok 910 - relate() — basic Allen relations
  ---
  duration_ms: 9.83804
  type: 'test'
  ...
# Subtest: inverse() — all 13 relations
    # Subtest: inverse('before') = 'after'
    ok 1 - inverse('before') = 'after'
      ---
      duration_ms: 0.283509
      type: 'test'
      ...
    # Subtest: inverse('meets') = 'met_by'
    ok 2 - inverse('meets') = 'met_by'
      ---
      duration_ms: 0.084953
      type: 'test'
      ...
    # Subtest: inverse('overlaps') = 'overlapped_by'
    ok 3 - inverse('overlaps') = 'overlapped_by'
      ---
      duration_ms: 0.071308
      type: 'test'
      ...
    # Subtest: inverse('starts') = 'started_by'
    ok 4 - inverse('starts') = 'started_by'
      ---
      duration_ms: 0.067874
      type: 'test'
      ...
    # Subtest: inverse('during') = 'contains'
    ok 5 - inverse('during') = 'contains'
      ---
      duration_ms: 0.072022
      type: 'test'
      ...
    # Subtest: inverse('finishes') = 'finished_by'
    ok 6 - inverse('finishes') = 'finished_by'
      ---
      duration_ms: 0.091345
      type: 'test'
      ...
    # Subtest: inverse('equals') = 'equals'
    ok 7 - inverse('equals') = 'equals'
      ---
      duration_ms: 0.063591
      type: 'test'
      ...
    # Subtest: inverse('after') = 'before'
    ok 8 - inverse('after') = 'before'
      ---
      duration_ms: 0.132647
      type: 'test'
      ...
    # Subtest: inverse('met_by') = 'meets'
    ok 9 - inverse('met_by') = 'meets'
      ---
      duration_ms: 0.080057
      type: 'test'
      ...
    # Subtest: inverse('overlapped_by') = 'overlaps'
    ok 10 - inverse('overlapped_by') = 'overlaps'
      ---
      duration_ms: 0.0672
      type: 'test'
      ...
    # Subtest: inverse('started_by') = 'starts'
    ok 11 - inverse('started_by') = 'starts'
      ---
      duration_ms: 0.100422
      type: 'test'
      ...
    # Subtest: inverse('contains') = 'during'
    ok 12 - inverse('contains') = 'during'
      ---
      duration_ms: 0.059905
      type: 'test'
      ...
    # Subtest: inverse('finished_by') = 'finishes'
    ok 13 - inverse('finished_by') = 'finishes'
      ---
      duration_ms: 0.063395
      type: 'test'
      ...
    1..13
ok 911 - inverse() — all 13 relations
  ---
  duration_ms: 2.159328
  type: 'test'
  ...
# Subtest: composeConsistent() — empty constraints
ok 912 - composeConsistent() — empty constraints
  ---
  duration_ms: 0.29073
  type: 'test'
  ...
# Subtest: composeConsistent() — single event abstention
ok 913 - composeConsistent() — single event abstention
  ---
  duration_ms: 0.136369
  type: 'test'
  ...
# Subtest: composeConsistent() — consistent chain A < B < C
ok 914 - composeConsistent() — consistent chain A < B < C
  ---
  duration_ms: 0.255019
  type: 'test'
  ...
# Subtest: composeConsistent() — 3-cycle contradiction A < B < C < A
ok 915 - composeConsistent() — 3-cycle contradiction A < B < C < A
  ---
  duration_ms: 0.228177
  type: 'test'
  ...
# Subtest: composeConsistent() — longer cycle A < B < C < D < A
ok 916 - composeConsistent() — longer cycle A < B < C < D < A
  ---
  duration_ms: 0.422363
  type: 'test'
  ...
# Subtest: composeConsistent() — multi-constraint DAG (no cycle)
ok 917 - composeConsistent() — multi-constraint DAG (no cycle)
  ---
  duration_ms: 0.29858
  type: 'test'
  ...
# Subtest: composeConsistent() — self-loop contradiction
ok 918 - composeConsistent() — self-loop contradiction
  ---
  duration_ms: 0.184786
  type: 'test'
  ...
# Subtest: composeConsistent() — mixed relations with cycle
ok 919 - composeConsistent() — mixed relations with cycle
  ---
  duration_ms: 0.387634
  type: 'test'
  ...
# Subtest: scenesFromFountain: splits on INT./EXT. boundaries
ok 920 - scenesFromFountain: splits on INT./EXT. boundaries
  ---
  duration_ms: 2.284235
  type: 'test'
  ...
# Subtest: scenesFromFountain: case-insensitive on INT/EXT
ok 921 - scenesFromFountain: case-insensitive on INT/EXT
  ---
  duration_ms: 0.259642
  type: 'test'
  ...
# Subtest: extractTheme: abstains (scored:false) on single scene
ok 922 - extractTheme: abstains (scored:false) on single scene
  ---
  duration_ms: 1.2309
  type: 'test'
  ...
# Subtest: extractTheme: recurring words rank above one-offs
ok 923 - extractTheme: recurring words rank above one-offs
  ---
  duration_ms: 1.198422
  type: 'test'
  ...
# Subtest: extractTheme: motifWords includes recurring words
ok 924 - extractTheme: motifWords includes recurring words
  ---
  duration_ms: 0.387101
  type: 'test'
  ...
# Subtest: extractTheme: deterministic output
ok 925 - extractTheme: deterministic output
  ---
  duration_ms: 0.505311
  type: 'test'
  ...
# Subtest: extractTheme: confidence reflects charged word ratio
ok 926 - extractTheme: confidence reflects charged word ratio
  ---
  duration_ms: 0.326356
  type: 'test'
  ...
# Subtest: extractTheme: at THEME_EXTRACT_MIN_SCENES boundary
ok 927 - extractTheme: at THEME_EXTRACT_MIN_SCENES boundary
  ---
  duration_ms: 0.406384
  type: 'test'
  ...
# Subtest: extractTheme: themeKeywords limited to 8
ok 928 - extractTheme: themeKeywords limited to 8
  ---
  duration_ms: 0.555639
  type: 'test'
  ...
# Subtest: extractTheme: filters stopwords
ok 929 - extractTheme: filters stopwords
  ---
  duration_ms: 0.66706
  type: 'test'
  ...
# Subtest: truth-extraction — fact extraction
    # Subtest: extracts one alive fact per on-screen speaking (character, scene) pair
    ok 1 - extracts one alive fact per on-screen speaking (character, scene) pair
      ---
      duration_ms: 6.771556
      type: 'test'
      ...
    # Subtest: extracts a dead fact from an explicit, unhedged death cue on a known character
    ok 2 - extracts a dead fact from an explicit, unhedged death cue on a known character
      ---
      duration_ms: 4.099806
      type: 'test'
      ...
    # Subtest: does not create any fact for an unnamed/non-speaking character mentioned in action
    ok 3 - does not create any fact for an unnamed/non-speaking character mentioned in action
      ---
      duration_ms: 0.655088
      type: 'test'
      ...
    # Subtest: is deterministic — repeated calls on the same text produce identical facts
    ok 4 - is deterministic — repeated calls on the same text produce identical facts
      ---
      duration_ms: 5.164025
      type: 'test'
      ...
    1..4
ok 930 - truth-extraction — fact extraction
  ---
  duration_ms: 19.208114
  type: 'suite'
  ...
# Subtest: truth-extraction — contradiction detection (positive fixture)
    # Subtest: flags a character speaking on-screen after their established death
    ok 1 - flags a character speaking on-screen after their established death
      ---
      duration_ms: 3.742106
      type: 'test'
      ...
    1..1
ok 931 - truth-extraction — contradiction detection (positive fixture)
  ---
  duration_ms: 3.917634
  type: 'suite'
  ...
# Subtest: truth-extraction — negative fixtures (precision guards)
    # Subtest: fires nothing on ordinary dialogue with no death anywhere
    ok 1 - fires nothing on ordinary dialogue with no death anywhere
      ---
      duration_ms: 0.797712
      type: 'test'
      ...
    # Subtest: does not treat a spoken threat as a death cue (dialogue is never scanned for cues)
    ok 2 - does not treat a spoken threat as a death cue (dialogue is never scanned for cues)
      ---
      duration_ms: 0.753005
      type: 'test'
      ...
    # Subtest: does not fire on a hedged/speculative death cue ("if Mara dies")
    ok 3 - does not fire on a hedged/speculative death cue ("if Mara dies")
      ---
      duration_ms: 0.612658
      type: 'test'
      ...
    # Subtest: does not fire when the death cue is inside a FLASHBACK-marked scene
    ok 4 - does not fire when the death cue is inside a FLASHBACK-marked scene
      ---
      duration_ms: 0.49467
      type: 'test'
      ...
    # Subtest: does not treat V.O. dialogue as alive-evidence after a death
    ok 5 - does not treat V.O. dialogue as alive-evidence after a death
      ---
      duration_ms: 0.794724
      type: 'test'
      ...
    # Subtest: does not fire on last words in the SAME scene as the death
    ok 6 - does not fire on last words in the SAME scene as the death
      ---
      duration_ms: 0.351704
      type: 'test'
      ...
    1..6
ok 932 - truth-extraction — negative fixtures (precision guards)
  ---
  duration_ms: 4.399342
  type: 'suite'
  ...
# Subtest: truth-extraction — drowning death-cue patterns (2026-08-04 lexicon gap closure)
    # Subtest: fires on the direct verb ("Mara drowns")
    ok 1 - fires on the direct verb ("Mara drowns")
      ---
      duration_ms: 0.416368
      type: 'test'
      ...
    # Subtest: near-miss: does NOT fire on the "drowns out" idiom (masking a sound is not a death)
    ok 2 - near-miss: does NOT fire on the "drowns out" idiom (masking a sound is not a death)
      ---
      duration_ms: 0.401686
      type: 'test'
      ...
    # Subtest: near-miss: does NOT fire on a hedged drowning ("nearly drowns")
    ok 3 - near-miss: does NOT fire on a hedged drowning ("nearly drowns")
      ---
      duration_ms: 0.371946
      type: 'test'
      ...
    # Subtest: fires on the fixture-literal combo: "went under" + sentence-final "does not come back up."
    ok 4 - fires on the fixture-literal combo: "went under" + sentence-final "does not come back up."
      ---
      duration_ms: 0.319078
      type: 'test'
      ...
    # Subtest: near-miss: "went under" ALONE (no non-resurfacing clause) does NOT fire
    ok 5 - near-miss: "went under" ALONE (no non-resurfacing clause) does NOT fire
      ---
      duration_ms: 0.357152
      type: 'test'
      ...
    # Subtest: near-miss: a resurfacing/recovery continuation does NOT fire even with "doesn't come back up" present
    ok 6 - near-miss: a resurfacing/recovery continuation does NOT fire even with "doesn't come back up" present
      ---
      duration_ms: 0.291874
      type: 'test'
      ...
    1..6
ok 933 - truth-extraction — drowning death-cue patterns (2026-08-04 lexicon gap closure)
  ---
  duration_ms: 2.514606
  type: 'suite'
  ...
# Subtest: truth-extraction — electrocution death-cue patterns (2026-08-04 lexicon gap closure)
    # Subtest: fires on the direct verb ("electrocutes Mara")
    ok 1 - fires on the direct verb ("electrocutes Mara")
      ---
      duration_ms: 0.540685
      type: 'test'
      ...
    # Subtest: fires on the passive form ("Mara is electrocuted")
    ok 2 - fires on the passive form ("Mara is electrocuted")
      ---
      duration_ms: 0.297298
      type: 'test'
      ...
    # Subtest: near-miss: does NOT fire on mere injury language ("shocked") alone
    ok 3 - near-miss: does NOT fire on mere injury language ("shocked") alone
      ---
      duration_ms: 0.339748
      type: 'test'
      ...
    # Subtest: fires on the fixture-literal combo: name near an arc + "doesn't let go" + "isn't moving"
    ok 4 - fires on the fixture-literal combo: name near an arc + "doesn't let go" + "isn't moving"
      ---
      duration_ms: 1.959101
      type: 'test'
      ...
    # Subtest: near-miss: "isn't moving" ALONE (no arc / no "doesn't let go") does NOT fire
    ok 5 - near-miss: "isn't moving" ALONE (no arc / no "doesn't let go") does NOT fire
      ---
      duration_ms: 0.3329
      type: 'test'
      ...
    # Subtest: near-miss: an arc and a stunned reaction that recovers does NOT fire without "isn't moving"
    ok 6 - near-miss: an arc and a stunned reaction that recovers does NOT fire without "isn't moving"
      ---
      duration_ms: 0.30519
      type: 'test'
      ...
    # Subtest: near-miss: does NOT fire on a hedged electrocution ("if the panel electrocutes Mara")
    ok 7 - near-miss: does NOT fire on a hedged electrocution ("if the panel electrocutes Mara")
      ---
      duration_ms: 0.456077
      type: 'test'
      ...
    1..7
ok 934 - truth-extraction — electrocution death-cue patterns (2026-08-04 lexicon gap closure)
  ---
  duration_ms: 4.669305
  type: 'suite'
  ...
# Subtest: truth-extraction — corpse-phrasing alternation extension (drowned/electrocuted body)
    # Subtest: fires on "drowned body" (parallel to the existing "dead body/corpse" phrasing)
    ok 1 - fires on "drowned body" (parallel to the existing "dead body/corpse" phrasing)
      ---
      duration_ms: 0.372752
      type: 'test'
      ...
    # Subtest: near-miss: does NOT fire on an unrelated "body" mention with no death phrasing
    ok 2 - near-miss: does NOT fire on an unrelated "body" mention with no death phrasing
      ---
      duration_ms: 0.358749
      type: 'test'
      ...
    1..2
ok 935 - truth-extraction — corpse-phrasing alternation extension (drowned/electrocuted body)
  ---
  duration_ms: 0.880557
  type: 'suite'
  ...
# Subtest: truth-extraction — order sensitivity (small controlled fixture)
    # Subtest: reordering the death scene before the character's other dialogue creates contradictions the original order does not have
    ok 1 - reordering the death scene before the character's other dialogue creates contradictions the original order does not have
      ---
      duration_ms: 0.681422
      type: 'test'
      ...
    1..1
ok 936 - truth-extraction — order sensitivity (small controlled fixture)
  ---
  duration_ms: 0.791694
  type: 'suite'
  ...
# Subtest: truth-extraction — real-corpus false-positive rate
    # Subtest: reports zero contradictions across the CC0 sample, structural-form-experiment, and calibration corpora
    ok 1 - reports zero contradictions across the CC0 sample, structural-form-experiment, and calibration corpora
      ---
      duration_ms: 465.196734
      type: 'test'
      ...
    1..1
ok 937 - truth-extraction — real-corpus false-positive rate
  ---
  duration_ms: 465.34748
  type: 'suite'
  ...
# Subtest: uploaded-files helpers
    # Subtest: infers category from extension
    ok 1 - infers category from extension
      ---
      duration_ms: 1.111483
      type: 'test'
      ...
    # Subtest: filters by extension and size
    ok 2 - filters by extension and size
      ---
      duration_ms: 1.165608
      type: 'test'
      ...
    # Subtest: appendUploadedFiles concatenates the whole batch without dropping siblings
    ok 3 - appendUploadedFiles concatenates the whole batch without dropping siblings
      ---
      duration_ms: 2.796842
      type: 'test'
      ...
    # Subtest: remove and category update use stable ids, not list indexes
    ok 4 - remove and category update use stable ids, not list indexes
      ---
      duration_ms: 0.518699
      type: 'test'
      ...
    # Subtest: reads every sibling concurrently and preserves picker order
    ok 5 - reads every sibling concurrently and preserves picker order
      ---
      duration_ms: 0.710566
      type: 'test'
      ...
    # Subtest: keeps readable siblings when one file read fails
    ok 6 - keeps readable siblings when one file read fails
      ---
      duration_ms: 0.505598
      type: 'test'
      ...
    # Subtest: accepts every supported extension and the exact size boundary
    ok 7 - accepts every supported extension and the exact size boundary
      ---
      duration_ms: 0.423189
      type: 'test'
      ...
    1..7
ok 938 - uploaded-files helpers
  ---
  duration_ms: 8.967321
  type: 'suite'
  ...
# Subtest: decideTabFocusAction — pure Tab-trap wraparound logic
    # Subtest: Tab from the last focusable element wraps to the first
    ok 1 - Tab from the last focusable element wraps to the first
      ---
      duration_ms: 1.094332
      type: 'test'
      ...
    # Subtest: Shift+Tab from the first focusable element wraps to the last
    ok 2 - Shift+Tab from the first focusable element wraps to the last
      ---
      duration_ms: 0.23545
      type: 'test'
      ...
    # Subtest: Tab from a middle element allows the browser's default (native) behavior
    ok 3 - Tab from a middle element allows the browser's default (native) behavior
      ---
      duration_ms: 0.294906
      type: 'test'
      ...
    # Subtest: Tab is a no-op default when nothing inside is active yet and it isn't first/last
    ok 4 - Tab is a no-op default when nothing inside is active yet and it isn't first/last
      ---
      duration_ms: 0.151624
      type: 'test'
      ...
    # Subtest: focus that somehow escaped the container is pulled back in on the next Tab
    ok 5 - focus that somehow escaped the container is pulled back in on the next Tab
      ---
      duration_ms: 0.141509
      type: 'test'
      ...
    # Subtest: a single-item dialog wraps Tab and Shift+Tab back onto itself
    ok 6 - a single-item dialog wraps Tab and Shift+Tab back onto itself
      ---
      duration_ms: 0.180688
      type: 'test'
      ...
    1..6
ok 939 - decideTabFocusAction — pure Tab-trap wraparound logic
  ---
  duration_ms: 3.656841
  type: 'suite'
  ...
# Subtest: ScriptDoctorPanel wires the focus trap onto its dialog root
    # Subtest: imports useModalFocusTrap
    ok 1 - imports useModalFocusTrap
      ---
      duration_ms: 0.66879
      type: 'test'
      ...
    # Subtest: declares a panelRef and calls useModalFocusTrap(panelRef)
    ok 2 - declares a panelRef and calls useModalFocusTrap(panelRef)
      ---
      duration_ms: 0.487237
      type: 'test'
      ...
    # Subtest: attaches panelRef and tabIndex={-1} to the dialog's root motion.div
    ok 3 - attaches panelRef and tabIndex={-1} to the dialog's root motion.div
      ---
      duration_ms: 1.065275
      type: 'test'
      ...
    # Subtest: still closes on Escape and restores/traps focus independently of that handler
    ok 4 - still closes on Escape and restores/traps focus independently of that handler
      ---
      duration_ms: 0.587319
      type: 'test'
      ...
    1..4
ok 940 - ScriptDoctorPanel wires the focus trap onto its dialog root
  ---
  duration_ms: 3.31744
  type: 'suite'
  ...
# Subtest: burrowsDelta — pure distance metric
    # Subtest: fires: distinct voices yield high delta
    ok 1 - fires: distinct voices yield high delta
      ---
      duration_ms: 9.952936
      type: 'test'
      ...
    # Subtest: fires: identical dialogue sets yield delta 0
    ok 2 - fires: identical dialogue sets yield delta 0
      ---
      duration_ms: 11.687291
      type: 'test'
      ...
    # Subtest: no-fire: empty input returns 0
    ok 3 - no-fire: empty input returns 0
      ---
      duration_ms: 0.228638
      type: 'test'
      ...
    # Subtest: deterministic: same input always produces same output
    ok 4 - deterministic: same input always produces same output
      ---
      duration_ms: 6.847808
      type: 'test'
      ...
    # Subtest: symmetric: delta(a,b) approximately equals delta(b,a)
    ok 5 - symmetric: delta(a,b) approximately equals delta(b,a)
      ---
      duration_ms: 11.005362
      type: 'test'
      ...
    1..5
ok 941 - burrowsDelta — pure distance metric
  ---
  duration_ms: 41.316574
  type: 'suite'
  ...
# Subtest: analyzeVoices — multi-character voice analysis
    # Subtest: fires: identical voices flagged as swap risk
    ok 1 - fires: identical voices flagged as swap risk
      ---
      duration_ms: 6.474967
      type: 'test'
      ...
    # Subtest: fires: distinct voices not flagged as swap risk
    ok 2 - fires: distinct voices not flagged as swap risk
      ---
      duration_ms: 6.327106
      type: 'test'
      ...
    # Subtest: computes all pairwise combinations for 3 characters
    ok 3 - computes all pairwise combinations for 3 characters
      ---
      duration_ms: 12.842922
      type: 'test'
      ...
    # Subtest: no-fire: abstains with fewer than 2 characters
    ok 4 - no-fire: abstains with fewer than 2 characters
      ---
      duration_ms: 0.442708
      type: 'test'
      ...
    # Subtest: no-fire: abstains when any character has less than 30 words
    ok 5 - no-fire: abstains when any character has less than 30 words
      ---
      duration_ms: 0.526124
      type: 'test'
      ...
    # Subtest: fires: sufficient words enable scoring
    ok 6 - fires: sufficient words enable scoring
      ---
      duration_ms: 3.101885
      type: 'test'
      ...
    # Subtest: deterministic: same input always produces same output
    ok 7 - deterministic: same input always produces same output
      ---
      duration_ms: 8.177757
      type: 'test'
      ...
    # Subtest: no-fire: empty dialogue lines abstain
    ok 8 - no-fire: empty dialogue lines abstain
      ---
      duration_ms: 0.30857
      type: 'test'
      ...
    # Subtest: fires: whitespace-heavy but word-containing lines process
    ok 9 - fires: whitespace-heavy but word-containing lines process
      ---
      duration_ms: 4.422024
      type: 'test'
      ...
    1..9
ok 942 - analyzeVoices — multi-character voice analysis
  ---
  duration_ms: 43.416839
  type: 'suite'
  ...
# Subtest: e2e journeys (Run 17-A)
ok 943 - e2e journeys (Run 17-A) # SKIP RUN_E2E not set -- set RUN_E2E=1 to spawn the real server and run journeys
  ---
  duration_ms: 0.46362
  type: 'suite'
  ...
# Subtest: detectSlop: copula-avoidance patterns
ok 944 - detectSlop: copula-avoidance patterns
  ---
  duration_ms: 13.036587
  type: 'test'
  ...
# Subtest: detectSlop: inflated-staging patterns
ok 945 - detectSlop: inflated-staging patterns
  ---
  duration_ms: 0.575095
  type: 'test'
  ...
# Subtest: detectSlop: vague-complexity patterns
ok 946 - detectSlop: vague-complexity patterns
  ---
  duration_ms: 0.423983
  type: 'test'
  ...
# Subtest: detectSlop: unnecessary-formality patterns
ok 947 - detectSlop: unnecessary-formality patterns
  ---
  duration_ms: 0.517659
  type: 'test'
  ...
# Subtest: detectSlop: metaphorical-inflation patterns
ok 948 - detectSlop: metaphorical-inflation patterns
  ---
  duration_ms: 0.345975
  type: 'test'
  ...
# Subtest: detectSlop: generic-intensifiers patterns
ok 949 - detectSlop: generic-intensifiers patterns
  ---
  duration_ms: 0.394985
  type: 'test'
  ...
# Subtest: detectSlop: buzzwords-jargon patterns
ok 950 - detectSlop: buzzwords-jargon patterns
  ---
  duration_ms: 0.403972
  type: 'test'
  ...
# Subtest: detectSlop: filler-cliches patterns
ok 951 - detectSlop: filler-cliches patterns
  ---
  duration_ms: 0.430158
  type: 'test'
  ...
# Subtest: detectSlop: clean action lines (no false positives)
ok 952 - detectSlop: clean action lines (no false positives)
  ---
  duration_ms: 0.631406
  type: 'test'
  ...
# Subtest: detectSlop: legitimate screenplay language
ok 953 - detectSlop: legitimate screenplay language
  ---
  duration_ms: 0.66014
  type: 'test'
  ...
# Subtest: detectSlop: technical language in context
ok 954 - detectSlop: technical language in context
  ---
  duration_ms: 0.391967
  type: 'test'
  ...
# Subtest: detectSlop: multiple categories in same script
ok 955 - detectSlop: multiple categories in same script
  ---
  duration_ms: 0.291378
  type: 'test'
  ...
# Subtest: detectSlop: screenplay AI markers + generic emotion combined
ok 956 - detectSlop: screenplay AI markers + generic emotion combined
  ---
  duration_ms: 0.296457
  type: 'test'
  ...
# Subtest: detectSlop: line numbers are accurate
ok 957 - detectSlop: line numbers are accurate
  ---
  duration_ms: 0.285078
  type: 'test'
  ...
# Subtest: detectSlop: scoring formula includes screenplay AI markers
ok 958 - detectSlop: scoring formula includes screenplay AI markers
  ---
  duration_ms: 0.226711
  type: 'test'
  ...
# Subtest: detectSlop: AI markers weighted less than validated generic emotion
ok 959 - detectSlop: AI markers weighted less than validated generic emotion
  ---
  duration_ms: 0.238893
  type: 'test'
  ...
# Subtest: detectSlop: empty text handled gracefully
ok 960 - detectSlop: empty text handled gracefully
  ---
  duration_ms: 0.126819
  type: 'test'
  ...
# Subtest: detectSlop: validation status is marked false
ok 961 - detectSlop: validation status is marked false
  ---
  duration_ms: 0.253747
  type: 'test'
  ...
# Subtest: detectSlop: category counts sum correctly
ok 962 - detectSlop: category counts sum correctly
  ---
  duration_ms: 0.207354
  type: 'test'
  ...
# Subtest: detectSlop: existing genericEmotion detection unchanged
ok 963 - detectSlop: existing genericEmotion detection unchanged
  ---
  duration_ms: 0.175862
  type: 'test'
  ...
# Subtest: detectSlop: existing negatedCliche detection unchanged
ok 964 - detectSlop: existing negatedCliche detection unchanged
  ---
  duration_ms: 0.219432
  type: 'test'
  ...
# Subtest: detectSlop: existing vocabulary freshness unchanged
ok 965 - detectSlop: existing vocabulary freshness unchanged
  ---
  duration_ms: 0.330036
  type: 'test'
  ...
# {"time":"2026-08-05T02:28:47.974Z","level":"warn","msg":"collab_secret_generated","message":"COLLAB_SECRET not set — generated an ephemeral per-process secret. Set COLLAB_SECRET in any multi-process or restart-prone deployment."}
# {"time":"2026-08-05T02:28:48.027Z","level":"warn","msg":"revision_rewrite_failed","passName":"belief","message":"Gemini provider not available (GEMINI_API_KEY not set)"}
# {"time":"2026-08-05T02:28:48.030Z","level":"warn","msg":"revision_rewrite_failed","passName":"belief","message":"Gemini provider not available (GEMINI_API_KEY not set)"}
# {"time":"2026-08-05T02:28:48.032Z","level":"warn","msg":"revision_rewrite_failed","passName":"belief","message":"Gemini provider not available (GEMINI_API_KEY not set)"}
# {"time":"2026-08-05T02:28:48.034Z","level":"warn","msg":"revision_rewrite_failed","passName":"belief","message":"Gemini provider not available (GEMINI_API_KEY not set)"}
# {"time":"2026-08-05T02:28:48.035Z","level":"warn","msg":"revision_rewrite_failed","passName":"belief","message":"Gemini provider not available (GEMINI_API_KEY not set)"}
# {"time":"2026-08-05T02:28:48.037Z","level":"warn","msg":"revision_rewrite_failed","passName":"belief","message":"Gemini provider not available (GEMINI_API_KEY not set)"}
# {"time":"2026-08-05T02:28:48.043Z","level":"warn","msg":"revision_rewrite_failed","passName":"belief","message":"Gemini provider not available (GEMINI_API_KEY not set)"}
# {"time":"2026-08-05T02:28:48.050Z","level":"warn","msg":"revision_rewrite_failed","passName":"belief","message":"Gemini provider not available (GEMINI_API_KEY not set)"}
# {"time":"2026-08-05T02:28:48.052Z","level":"warn","msg":"revision_rewrite_failed","passName":"belief","message":"Gemini provider not available (GEMINI_API_KEY not set)"}
# {"time":"2026-08-05T02:28:48.054Z","level":"warn","msg":"revision_rewrite_failed","passName":"belief","message":"Gemini provider not available (GEMINI_API_KEY not set)"}
# {"time":"2026-08-05T02:28:48.056Z","level":"warn","msg":"revision_rewrite_failed","passName":"belief","message":"Gemini provider not available (GEMINI_API_KEY not set)"}
# {"time":"2026-08-05T02:28:48.057Z","level":"warn","msg":"revision_rewrite_failed","passName":"belief","message":"Gemini provider not available (GEMINI_API_KEY not set)"}
# {"time":"2026-08-05T02:28:48.059Z","level":"warn","msg":"revision_rewrite_failed","passName":"belief","message":"Gemini provider not available (GEMINI_API_KEY not set)"}
# {"time":"2026-08-05T02:28:48.060Z","level":"warn","msg":"revision_rewrite_failed","passName":"belief","message":"Gemini provider not available (GEMINI_API_KEY not set)"}
# {"time":"2026-08-05T02:28:48.072Z","level":"warn","msg":"revision_rewrite_failed","passName":"belief","message":"Gemini provider not available (GEMINI_API_KEY not set)"}
# {"time":"2026-08-05T02:28:48.074Z","level":"warn","msg":"revision_rewrite_failed","passName":"belief","message":"Gemini provider not available (GEMINI_API_KEY not set)"}
# {"time":"2026-08-05T02:28:48.076Z","level":"warn","msg":"revision_rewrite_failed","passName":"belief","message":"Gemini provider not available (GEMINI_API_KEY not set)"}
# {"time":"2026-08-05T02:28:48.078Z","level":"warn","msg":"revision_rewrite_failed","passName":"belief","message":"Gemini provider not available (GEMINI_API_KEY not set)"}
# {"time":"2026-08-05T02:28:48.082Z","level":"warn","msg":"revision_rewrite_failed","passName":"belief","message":"Gemini provider not available (GEMINI_API_KEY not set)"}
# {"time":"2026-08-05T02:28:48.083Z","level":"warn","msg":"revision_rewrite_failed","passName":"belief","message":"Gemini provider not available (GEMINI_API_KEY not set)"}
# {"time":"2026-08-05T02:28:48.088Z","level":"warn","msg":"revision_rewrite_failed","passName":"belief","message":"Gemini provider not available (GEMINI_API_KEY not set)"}
# {"time":"2026-08-05T02:28:48.089Z","level":"warn","msg":"revision_rewrite_failed","passName":"belief","message":"Gemini provider not available (GEMINI_API_KEY not set)"}
# {"time":"2026-08-05T02:28:48.090Z","level":"warn","msg":"revision_rewrite_failed","passName":"belief","message":"Gemini provider not available (GEMINI_API_KEY not set)"}
# {"time":"2026-08-05T02:28:48.092Z","level":"warn","msg":"revision_rewrite_failed","passName":"belief","message":"Gemini provider not available (GEMINI_API_KEY not set)"}
# {"time":"2026-08-05T02:28:48.094Z","level":"warn","msg":"revision_rewrite_failed","passName":"belief","message":"Gemini provider not available (GEMINI_API_KEY not set)"}
# {"time":"2026-08-05T02:28:48.096Z","level":"warn","msg":"revision_rewrite_failed","passName":"belief","message":"Gemini provider not available (GEMINI_API_KEY not set)"}
# {"time":"2026-08-05T02:28:48.097Z","level":"warn","msg":"revision_rewrite_failed","passName":"belief","message":"Gemini provider not available (GEMINI_API_KEY not set)"}
# {"time":"2026-08-05T02:28:48.098Z","level":"warn","msg":"revision_rewrite_failed","passName":"belief","message":"Gemini provider not available (GEMINI_API_KEY not set)"}
# {"time":"2026-08-05T02:28:48.100Z","level":"warn","msg":"revision_rewrite_failed","passName":"belief","message":"Gemini provider not available (GEMINI_API_KEY not set)"}
# {"time":"2026-08-05T02:28:48.101Z","level":"warn","msg":"revision_rewrite_failed","passName":"belief","message":"Gemini provider not available (GEMINI_API_KEY not set)"}
# {"time":"2026-08-05T02:28:48.102Z","level":"warn","msg":"revision_rewrite_failed","passName":"belief","message":"Gemini provider not available (GEMINI_API_KEY not set)"}
# {"time":"2026-08-05T02:28:48.103Z","level":"warn","msg":"revision_rewrite_failed","passName":"belief","message":"Gemini provider not available (GEMINI_API_KEY not set)"}
# {"time":"2026-08-05T02:28:48.105Z","level":"warn","msg":"revision_rewrite_failed","passName":"belief","message":"Gemini provider not available (GEMINI_API_KEY not set)"}
# {"time":"2026-08-05T02:28:48.106Z","level":"warn","msg":"revision_rewrite_failed","passName":"belief","message":"Gemini provider not available (GEMINI_API_KEY not set)"}
# {"time":"2026-08-05T02:28:48.107Z","level":"warn","msg":"revision_rewrite_failed","passName":"belief","message":"Gemini provider not available (GEMINI_API_KEY not set)"}
# {"time":"2026-08-05T02:28:48.109Z","level":"warn","msg":"revision_rewrite_failed","passName":"belief","message":"Gemini provider not available (GEMINI_API_KEY not set)"}
# {"time":"2026-08-05T02:28:48.110Z","level":"warn","msg":"revision_rewrite_failed","passName":"belief","message":"Gemini provider not available (GEMINI_API_KEY not set)"}
# {"time":"2026-08-05T02:28:48.112Z","level":"warn","msg":"revision_rewrite_failed","passName":"belief","message":"Gemini provider not available (GEMINI_API_KEY not set)"}
# {"time":"2026-08-05T02:28:48.113Z","level":"warn","msg":"revision_rewrite_failed","passName":"belief","message":"Gemini provider not available (GEMINI_API_KEY not set)"}
# {"time":"2026-08-05T02:28:48.114Z","level":"warn","msg":"revision_rewrite_failed","passName":"belief","message":"Gemini provider not available (GEMINI_API_KEY not set)"}
# {"time":"2026-08-05T02:28:48.115Z","level":"warn","msg":"revision_rewrite_failed","passName":"belief","message":"Gemini provider not available (GEMINI_API_KEY not set)"}
# {"time":"2026-08-05T02:28:48.116Z","level":"warn","msg":"revision_rewrite_failed","passName":"belief","message":"Gemini provider not available (GEMINI_API_KEY not set)"}
# {"time":"2026-08-05T02:28:48.117Z","level":"warn","msg":"revision_rewrite_failed","passName":"belief","message":"Gemini provider not available (GEMINI_API_KEY not set)"}
# {"time":"2026-08-05T02:28:48.118Z","level":"warn","msg":"revision_rewrite_failed","passName":"belief","message":"Gemini provider not available (GEMINI_API_KEY not set)"}
# {"time":"2026-08-05T02:28:48.119Z","level":"warn","msg":"revision_rewrite_failed","passName":"belief","message":"Gemini provider not available (GEMINI_API_KEY not set)"}
# {"time":"2026-08-05T02:28:48.120Z","level":"warn","msg":"revision_rewrite_failed","passName":"belief","message":"Gemini provider not available (GEMINI_API_KEY not set)"}
# {"time":"2026-08-05T02:28:48.121Z","level":"warn","msg":"revision_rewrite_failed","passName":"belief","message":"Gemini provider not available (GEMINI_API_KEY not set)"}
# {"time":"2026-08-05T02:28:48.122Z","level":"warn","msg":"revision_rewrite_failed","passName":"belief","message":"Gemini provider not available (GEMINI_API_KEY not set)"}
# {"time":"2026-08-05T02:28:48.123Z","level":"warn","msg":"revision_rewrite_failed","passName":"belief","message":"Gemini provider not available (GEMINI_API_KEY not set)"}
# {"time":"2026-08-05T02:28:48.124Z","level":"warn","msg":"revision_rewrite_failed","passName":"belief","message":"Gemini provider not available (GEMINI_API_KEY not set)"}
# {"time":"2026-08-05T02:28:48.126Z","level":"warn","msg":"revision_rewrite_failed","passName":"belief","message":"Gemini provider not available (GEMINI_API_KEY not set)"}
# {"time":"2026-08-05T02:28:48.127Z","level":"warn","msg":"revision_rewrite_failed","passName":"belief","message":"Gemini provider not available (GEMINI_API_KEY not set)"}
# {"time":"2026-08-05T02:28:48.135Z","level":"warn","msg":"revision_rewrite_failed","passName":"belief","message":"Gemini provider not available (GEMINI_API_KEY not set)"}
# {"time":"2026-08-05T02:28:48.136Z","level":"warn","msg":"revision_rewrite_failed","passName":"belief","message":"Gemini provider not available (GEMINI_API_KEY not set)"}
# {"time":"2026-08-05T02:28:48.138Z","level":"warn","msg":"revision_rewrite_failed","passName":"belief","message":"Gemini provider not available (GEMINI_API_KEY not set)"}
# {"time":"2026-08-05T02:28:48.139Z","level":"warn","msg":"revision_rewrite_failed","passName":"belief","message":"Gemini provider not available (GEMINI_API_KEY not set)"}
# {"time":"2026-08-05T02:28:48.140Z","level":"warn","msg":"revision_rewrite_failed","passName":"belief","message":"Gemini provider not available (GEMINI_API_KEY not set)"}
# {"time":"2026-08-05T02:28:48.141Z","level":"warn","msg":"revision_rewrite_failed","passName":"belief","message":"Gemini provider not available (GEMINI_API_KEY not set)"}
# {"time":"2026-08-05T02:28:48.142Z","level":"warn","msg":"revision_rewrite_failed","passName":"belief","message":"Gemini provider not available (GEMINI_API_KEY not set)"}
# {"time":"2026-08-05T02:28:48.143Z","level":"warn","msg":"revision_rewrite_failed","passName":"belief","message":"Gemini provider not available (GEMINI_API_KEY not set)"}
# {"time":"2026-08-05T02:28:48.144Z","level":"warn","msg":"revision_rewrite_failed","passName":"belief","message":"Gemini provider not available (GEMINI_API_KEY not set)"}
# {"time":"2026-08-05T02:28:48.145Z","level":"warn","msg":"revision_rewrite_failed","passName":"belief","message":"Gemini provider not available (GEMINI_API_KEY not set)"}
# {"time":"2026-08-05T02:28:48.147Z","level":"warn","msg":"revision_rewrite_failed","passName":"belief","message":"Gemini provider not available (GEMINI_API_KEY not set)"}
# {"time":"2026-08-05T02:28:48.148Z","level":"warn","msg":"revision_rewrite_failed","passName":"belief","message":"Gemini provider not available (GEMINI_API_KEY not set)"}
# {"time":"2026-08-05T02:28:48.149Z","level":"warn","msg":"revision_rewrite_failed","passName":"belief","message":"Gemini provider not available (GEMINI_API_KEY not set)"}
# {"time":"2026-08-05T02:28:48.157Z","level":"warn","msg":"revision_rewrite_failed","passName":"belief","message":"Gemini provider not available (GEMINI_API_KEY not set)"}
# {"time":"2026-08-05T02:28:48.158Z","level":"warn","msg":"revision_rewrite_failed","passName":"belief","message":"Gemini provider not available (GEMINI_API_KEY not set)"}
# {"time":"2026-08-05T02:28:48.160Z","level":"warn","msg":"revision_rewrite_failed","passName":"belief","message":"Gemini provider not available (GEMINI_API_KEY not set)"}
# {"time":"2026-08-05T02:28:48.161Z","level":"warn","msg":"revision_rewrite_failed","passName":"belief","message":"Gemini provider not available (GEMINI_API_KEY not set)"}
# {"time":"2026-08-05T02:28:48.162Z","level":"warn","msg":"revision_rewrite_failed","passName":"belief","message":"Gemini provider not available (GEMINI_API_KEY not set)"}
# {"time":"2026-08-05T02:28:48.163Z","level":"warn","msg":"revision_rewrite_failed","passName":"belief","message":"Gemini provider not available (GEMINI_API_KEY not set)"}
# {"time":"2026-08-05T02:28:48.164Z","level":"warn","msg":"revision_rewrite_failed","passName":"belief","message":"Gemini provider not available (GEMINI_API_KEY not set)"}
# {"time":"2026-08-05T02:28:48.165Z","level":"warn","msg":"revision_rewrite_failed","passName":"belief","message":"Gemini provider not available (GEMINI_API_KEY not set)"}
# {"time":"2026-08-05T02:28:48.166Z","level":"warn","msg":"revision_rewrite_failed","passName":"belief","message":"Gemini provider not available (GEMINI_API_KEY not set)"}
# {"time":"2026-08-05T02:28:48.167Z","level":"warn","msg":"revision_rewrite_failed","passName":"belief","message":"Gemini provider not available (GEMINI_API_KEY not set)"}
# {"time":"2026-08-05T02:28:48.168Z","level":"warn","msg":"revision_rewrite_failed","passName":"belief","message":"Gemini provider not available (GEMINI_API_KEY not set)"}
# {"time":"2026-08-05T02:28:48.169Z","level":"warn","msg":"revision_rewrite_failed","passName":"belief","message":"Gemini provider not available (GEMINI_API_KEY not set)"}
# {"time":"2026-08-05T02:28:48.170Z","level":"warn","msg":"revision_rewrite_failed","passName":"belief","message":"Gemini provider not available (GEMINI_API_KEY not set)"}
# {"time":"2026-08-05T02:28:48.171Z","level":"warn","msg":"revision_rewrite_failed","passName":"belief","message":"Gemini provider not available (GEMINI_API_KEY not set)"}
# {"time":"2026-08-05T02:28:48.172Z","level":"warn","msg":"revision_rewrite_failed","passName":"belief","message":"Gemini provider not available (GEMINI_API_KEY not set)"}
# {"time":"2026-08-05T02:28:48.174Z","level":"warn","msg":"revision_rewrite_failed","passName":"belief","message":"Gemini provider not available (GEMINI_API_KEY not set)"}
# {"time":"2026-08-05T02:28:48.175Z","level":"warn","msg":"revision_rewrite_failed","passName":"belief","message":"Gemini provider not available (GEMINI_API_KEY not set)"}
# {"time":"2026-08-05T02:28:48.176Z","level":"warn","msg":"revision_rewrite_failed","passName":"belief","message":"Gemini provider not available (GEMINI_API_KEY not set)"}
# {"time":"2026-08-05T02:28:48.177Z","level":"warn","msg":"revision_rewrite_failed","passName":"belief","message":"Gemini provider not available (GEMINI_API_KEY not set)"}
# {"time":"2026-08-05T02:28:48.178Z","level":"warn","msg":"revision_rewrite_failed","passName":"belief","message":"Gemini provider not available (GEMINI_API_KEY not set)"}
# {"time":"2026-08-05T02:28:48.179Z","level":"warn","msg":"revision_rewrite_failed","passName":"belief","message":"Gemini provider not available (GEMINI_API_KEY not set)"}
# {"time":"2026-08-05T02:28:48.180Z","level":"warn","msg":"revision_rewrite_failed","passName":"belief","message":"Gemini provider not available (GEMINI_API_KEY not set)"}
# {"time":"2026-08-05T02:28:48.181Z","level":"warn","msg":"revision_rewrite_failed","passName":"belief","message":"Gemini provider not available (GEMINI_API_KEY not set)"}
# {"time":"2026-08-05T02:28:48.182Z","level":"warn","msg":"revision_rewrite_failed","passName":"belief","message":"Gemini provider not available (GEMINI_API_KEY not set)"}
# {"time":"2026-08-05T02:28:48.184Z","level":"warn","msg":"revision_rewrite_failed","passName":"belief","message":"Gemini provider not available (GEMINI_API_KEY not set)"}
# {"time":"2026-08-05T02:28:48.185Z","level":"warn","msg":"revision_rewrite_failed","passName":"belief","message":"Gemini provider not available (GEMINI_API_KEY not set)"}
# {"time":"2026-08-05T02:28:48.186Z","level":"warn","msg":"revision_rewrite_failed","passName":"belief","message":"Gemini provider not available (GEMINI_API_KEY not set)"}
# {"time":"2026-08-05T02:28:48.187Z","level":"warn","msg":"revision_rewrite_failed","passName":"belief","message":"Gemini provider not available (GEMINI_API_KEY not set)"}
# {"time":"2026-08-05T02:28:48.188Z","level":"warn","msg":"revision_rewrite_failed","passName":"belief","message":"Gemini provider not available (GEMINI_API_KEY not set)"}
# {"time":"2026-08-05T02:28:48.189Z","level":"warn","msg":"revision_rewrite_failed","passName":"belief","message":"Gemini provider not available (GEMINI_API_KEY not set)"}
# {"time":"2026-08-05T02:28:48.190Z","level":"warn","msg":"revision_rewrite_failed","passName":"belief","message":"Gemini provider not available (GEMINI_API_KEY not set)"}
# {"time":"2026-08-05T02:28:48.191Z","level":"warn","msg":"revision_rewrite_failed","passName":"belief","message":"Gemini provider not available (GEMINI_API_KEY not set)"}
# {"time":"2026-08-05T02:28:48.192Z","level":"warn","msg":"revision_rewrite_failed","passName":"belief","message":"Gemini provider not available (GEMINI_API_KEY not set)"}
# {"time":"2026-08-05T02:28:48.193Z","level":"warn","msg":"revision_rewrite_failed","passName":"belief","message":"Gemini provider not available (GEMINI_API_KEY not set)"}
# {"time":"2026-08-05T02:28:48.194Z","level":"warn","msg":"revision_rewrite_failed","passName":"belief","message":"Gemini provider not available (GEMINI_API_KEY not set)"}
# {"time":"2026-08-05T02:28:48.195Z","level":"warn","msg":"revision_rewrite_failed","passName":"belief","message":"Gemini provider not available (GEMINI_API_KEY not set)"}
# {"time":"2026-08-05T02:28:48.196Z","level":"warn","msg":"revision_rewrite_failed","passName":"belief","message":"Gemini provider not available (GEMINI_API_KEY not set)"}
# {"time":"2026-08-05T02:28:48.197Z","level":"warn","msg":"revision_rewrite_failed","passName":"belief","message":"Gemini provider not available (GEMINI_API_KEY not set)"}
# {"time":"2026-08-05T02:28:48.198Z","level":"warn","msg":"revision_rewrite_failed","passName":"belief","message":"Gemini provider not available (GEMINI_API_KEY not set)"}
# {"time":"2026-08-05T02:28:48.200Z","level":"warn","msg":"revision_rewrite_failed","passName":"belief","message":"Gemini provider not available (GEMINI_API_KEY not set)"}
# {"time":"2026-08-05T02:28:48.201Z","level":"warn","msg":"revision_rewrite_failed","passName":"belief","message":"Gemini provider not available (GEMINI_API_KEY not set)"}
# {"time":"2026-08-05T02:28:48.202Z","level":"warn","msg":"revision_rewrite_failed","passName":"belief","message":"Gemini provider not available (GEMINI_API_KEY not set)"}
# {"time":"2026-08-05T02:28:48.203Z","level":"warn","msg":"revision_rewrite_failed","passName":"belief","message":"Gemini provider not available (GEMINI_API_KEY not set)"}
# {"time":"2026-08-05T02:28:48.204Z","level":"warn","msg":"revision_rewrite_failed","passName":"belief","message":"Gemini provider not available (GEMINI_API_KEY not set)"}
# {"time":"2026-08-05T02:28:48.205Z","level":"warn","msg":"revision_rewrite_failed","passName":"belief","message":"Gemini provider not available (GEMINI_API_KEY not set)"}
# {"time":"2026-08-05T02:28:48.206Z","level":"warn","msg":"revision_rewrite_failed","passName":"belief","message":"Gemini provider not available (GEMINI_API_KEY not set)"}
# {"time":"2026-08-05T02:28:48.207Z","level":"warn","msg":"revision_rewrite_failed","passName":"belief","message":"Gemini provider not available (GEMINI_API_KEY not set)"}
# {"time":"2026-08-05T02:28:48.208Z","level":"warn","msg":"revision_rewrite_failed","passName":"belief","message":"Gemini provider not available (GEMINI_API_KEY not set)"}
# {"time":"2026-08-05T02:28:48.209Z","level":"warn","msg":"revision_rewrite_failed","passName":"belief","message":"Gemini provider not available (GEMINI_API_KEY not set)"}
# {"time":"2026-08-05T02:28:48.210Z","level":"warn","msg":"revision_rewrite_failed","passName":"belief","message":"Gemini provider not available (GEMINI_API_KEY not set)"}
# {"time":"2026-08-05T02:28:48.211Z","level":"warn","msg":"revision_rewrite_failed","passName":"belief","message":"Gemini provider not available (GEMINI_API_KEY not set)"}
# {"time":"2026-08-05T02:28:48.212Z","level":"warn","msg":"revision_rewrite_failed","passName":"belief","message":"Gemini provider not available (GEMINI_API_KEY not set)"}
# {"time":"2026-08-05T02:28:48.213Z","level":"warn","msg":"revision_rewrite_failed","passName":"belief","message":"Gemini provider not available (GEMINI_API_KEY not set)"}
# {"time":"2026-08-05T02:28:48.214Z","level":"warn","msg":"revision_rewrite_failed","passName":"belief","message":"Gemini provider not available (GEMINI_API_KEY not set)"}
# {"time":"2026-08-05T02:28:48.214Z","level":"warn","msg":"revision_rewrite_failed","passName":"belief","message":"Gemini provider not available (GEMINI_API_KEY not set)"}
# {"time":"2026-08-05T02:28:48.215Z","level":"warn","msg":"revision_rewrite_failed","passName":"belief","message":"Gemini provider not available (GEMINI_API_KEY not set)"}
# {"time":"2026-08-05T02:28:48.216Z","level":"warn","msg":"revision_rewrite_failed","passName":"belief","message":"Gemini provider not available (GEMINI_API_KEY not set)"}
# {"time":"2026-08-05T02:28:48.217Z","level":"warn","msg":"revision_rewrite_failed","passName":"belief","message":"Gemini provider not available (GEMINI_API_KEY not set)"}
# {"time":"2026-08-05T02:28:48.218Z","level":"warn","msg":"revision_rewrite_failed","passName":"belief","message":"Gemini provider not available (GEMINI_API_KEY not set)"}
# {"time":"2026-08-05T02:28:48.219Z","level":"warn","msg":"revision_rewrite_failed","passName":"belief","message":"Gemini provider not available (GEMINI_API_KEY not set)"}
# {"time":"2026-08-05T02:28:48.220Z","level":"warn","msg":"revision_rewrite_failed","passName":"belief","message":"Gemini provider not available (GEMINI_API_KEY not set)"}
# {"time":"2026-08-05T02:28:48.221Z","level":"warn","msg":"revision_rewrite_failed","passName":"belief","message":"Gemini provider not available (GEMINI_API_KEY not set)"}
# {"time":"2026-08-05T02:28:48.222Z","level":"warn","msg":"revision_rewrite_failed","passName":"belief","message":"Gemini provider not available (GEMINI_API_KEY not set)"}
# {"time":"2026-08-05T02:28:48.223Z","level":"warn","msg":"revision_rewrite_failed","passName":"belief","message":"Gemini provider not available (GEMINI_API_KEY not set)"}
# {"time":"2026-08-05T02:28:48.224Z","level":"warn","msg":"revision_rewrite_failed","passName":"belief","message":"Gemini provider not available (GEMINI_API_KEY not set)"}
# {"time":"2026-08-05T02:28:48.225Z","level":"warn","msg":"revision_rewrite_failed","passName":"belief","message":"Gemini provider not available (GEMINI_API_KEY not set)"}
# {"time":"2026-08-05T02:28:48.226Z","level":"warn","msg":"revision_rewrite_failed","passName":"belief","message":"Gemini provider not available (GEMINI_API_KEY not set)"}
# {"time":"2026-08-05T02:28:48.227Z","level":"warn","msg":"revision_rewrite_failed","passName":"belief","message":"Gemini provider not available (GEMINI_API_KEY not set)"}
# {"time":"2026-08-05T02:28:48.227Z","level":"warn","msg":"revision_rewrite_failed","passName":"belief","message":"Gemini provider not available (GEMINI_API_KEY not set)"}
# {"time":"2026-08-05T02:28:48.229Z","level":"warn","msg":"revision_rewrite_failed","passName":"belief","message":"Gemini provider not available (GEMINI_API_KEY not set)"}
# {"time":"2026-08-05T02:28:48.230Z","level":"warn","msg":"revision_rewrite_failed","passName":"belief","message":"Gemini provider not available (GEMINI_API_KEY not set)"}
# {"time":"2026-08-05T02:28:48.230Z","level":"warn","msg":"revision_rewrite_failed","passName":"belief","message":"Gemini provider not available (GEMINI_API_KEY not set)"}
# {"time":"2026-08-05T02:28:48.231Z","level":"warn","msg":"revision_rewrite_failed","passName":"belief","message":"Gemini provider not available (GEMINI_API_KEY not set)"}
# {"time":"2026-08-05T02:28:48.232Z","level":"warn","msg":"revision_rewrite_failed","passName":"belief","message":"Gemini provider not available (GEMINI_API_KEY not set)"}
# {"time":"2026-08-05T02:28:48.233Z","level":"warn","msg":"revision_rewrite_failed","passName":"belief","message":"Gemini provider not available (GEMINI_API_KEY not set)"}
# {"time":"2026-08-05T02:28:48.234Z","level":"warn","msg":"revision_rewrite_failed","passName":"belief","message":"Gemini provider not available (GEMINI_API_KEY not set)"}
# {"time":"2026-08-05T02:28:48.235Z","level":"warn","msg":"revision_rewrite_failed","passName":"belief","message":"Gemini provider not available (GEMINI_API_KEY not set)"}
# {"time":"2026-08-05T02:28:48.236Z","level":"warn","msg":"revision_rewrite_failed","passName":"belief","message":"Gemini provider not available (GEMINI_API_KEY not set)"}
# {"time":"2026-08-05T02:28:48.237Z","level":"warn","msg":"revision_rewrite_failed","passName":"belief","message":"Gemini provider not available (GEMINI_API_KEY not set)"}
# {"time":"2026-08-05T02:28:48.238Z","level":"warn","msg":"revision_rewrite_failed","passName":"belief","message":"Gemini provider not available (GEMINI_API_KEY not set)"}
# {"time":"2026-08-05T02:28:48.239Z","level":"warn","msg":"revision_rewrite_failed","passName":"belief","message":"Gemini provider not available (GEMINI_API_KEY not set)"}
# {"time":"2026-08-05T02:28:48.240Z","level":"warn","msg":"revision_rewrite_failed","passName":"belief","message":"Gemini provider not available (GEMINI_API_KEY not set)"}
# {"time":"2026-08-05T02:28:48.240Z","level":"warn","msg":"revision_rewrite_failed","passName":"belief","message":"Gemini provider not available (GEMINI_API_KEY not set)"}
# {"time":"2026-08-05T02:28:48.241Z","level":"warn","msg":"revision_rewrite_failed","passName":"belief","message":"Gemini provider not available (GEMINI_API_KEY not set)"}
# {"time":"2026-08-05T02:28:48.253Z","level":"warn","msg":"revision_rewrite_failed","passName":"belief","message":"Gemini provider not available (GEMINI_API_KEY not set)"}
# {"time":"2026-08-05T02:28:48.254Z","level":"warn","msg":"revision_rewrite_failed","passName":"belief","message":"Gemini provider not available (GEMINI_API_KEY not set)"}
# {"time":"2026-08-05T02:28:48.255Z","level":"warn","msg":"revision_rewrite_failed","passName":"belief","message":"Gemini provider not available (GEMINI_API_KEY not set)"}
# {"time":"2026-08-05T02:28:48.256Z","level":"warn","msg":"revision_rewrite_failed","passName":"belief","message":"Gemini provider not available (GEMINI_API_KEY not set)"}
# {"time":"2026-08-05T02:28:48.257Z","level":"warn","msg":"revision_rewrite_failed","passName":"belief","message":"Gemini provider not available (GEMINI_API_KEY not set)"}
# {"time":"2026-08-05T02:28:48.258Z","level":"warn","msg":"revision_rewrite_failed","passName":"belief","message":"Gemini provider not available (GEMINI_API_KEY not set)"}
# {"time":"2026-08-05T02:28:48.259Z","level":"warn","msg":"revision_rewrite_failed","passName":"belief","message":"Gemini provider not available (GEMINI_API_KEY not set)"}
# {"time":"2026-08-05T02:28:48.260Z","level":"warn","msg":"revision_rewrite_failed","passName":"belief","message":"Gemini provider not available (GEMINI_API_KEY not set)"}
# {"time":"2026-08-05T02:28:48.261Z","level":"warn","msg":"revision_rewrite_failed","passName":"belief","message":"Gemini provider not available (GEMINI_API_KEY not set)"}
# {"time":"2026-08-05T02:28:48.262Z","level":"warn","msg":"revision_rewrite_failed","passName":"belief","message":"Gemini provider not available (GEMINI_API_KEY not set)"}
# {"time":"2026-08-05T02:28:48.263Z","level":"warn","msg":"revision_rewrite_failed","passName":"belief","message":"Gemini provider not available (GEMINI_API_KEY not set)"}
# {"time":"2026-08-05T02:28:48.264Z","level":"warn","msg":"revision_rewrite_failed","passName":"belief","message":"Gemini provider not available (GEMINI_API_KEY not set)"}
# {"time":"2026-08-05T02:28:48.265Z","level":"warn","msg":"revision_rewrite_failed","passName":"belief","message":"Gemini provider not available (GEMINI_API_KEY not set)"}
# {"time":"2026-08-05T02:28:48.266Z","level":"warn","msg":"revision_rewrite_failed","passName":"belief","message":"Gemini provider not available (GEMINI_API_KEY not set)"}
# {"time":"2026-08-05T02:28:48.267Z","level":"warn","msg":"revision_rewrite_failed","passName":"belief","message":"Gemini provider not available (GEMINI_API_KEY not set)"}
# {"time":"2026-08-05T02:28:48.268Z","level":"warn","msg":"revision_rewrite_failed","passName":"belief","message":"Gemini provider not available (GEMINI_API_KEY not set)"}
# {"time":"2026-08-05T02:28:48.269Z","level":"warn","msg":"revision_rewrite_failed","passName":"belief","message":"Gemini provider not available (GEMINI_API_KEY not set)"}
# {"time":"2026-08-05T02:28:48.270Z","level":"warn","msg":"revision_rewrite_failed","passName":"belief","message":"Gemini provider not available (GEMINI_API_KEY not set)"}
# {"time":"2026-08-05T02:28:48.270Z","level":"warn","msg":"revision_rewrite_failed","passName":"belief","message":"Gemini provider not available (GEMINI_API_KEY not set)"}
# {"time":"2026-08-05T02:28:48.271Z","level":"warn","msg":"revision_rewrite_failed","passName":"belief","message":"Gemini provider not available (GEMINI_API_KEY not set)"}
# {"time":"2026-08-05T02:28:48.272Z","level":"warn","msg":"revision_rewrite_failed","passName":"belief","message":"Gemini provider not available (GEMINI_API_KEY not set)"}
# {"time":"2026-08-05T02:28:48.276Z","level":"warn","msg":"revision_rewrite_failed","passName":"belief","message":"Gemini provider not available (GEMINI_API_KEY not set)"}
# {"time":"2026-08-05T02:28:48.277Z","level":"warn","msg":"revision_rewrite_failed","passName":"belief","message":"Gemini provider not available (GEMINI_API_KEY not set)"}
# {"time":"2026-08-05T02:28:48.277Z","level":"warn","msg":"revision_rewrite_failed","passName":"belief","message":"Gemini provider not available (GEMINI_API_KEY not set)"}
# {"time":"2026-08-05T02:28:48.278Z","level":"warn","msg":"revision_rewrite_failed","passName":"belief","message":"Gemini provider not available (GEMINI_API_KEY not set)"}
# {"time":"2026-08-05T02:28:48.279Z","level":"warn","msg":"revision_rewrite_failed","passName":"belief","message":"Gemini provider not available (GEMINI_API_KEY not set)"}
# {"time":"2026-08-05T02:28:48.280Z","level":"warn","msg":"revision_rewrite_failed","passName":"belief","message":"Gemini provider not available (GEMINI_API_KEY not set)"}
# {"time":"2026-08-05T02:28:48.281Z","level":"warn","msg":"revision_rewrite_failed","passName":"belief","message":"Gemini provider not available (GEMINI_API_KEY not set)"}
# {"time":"2026-08-05T02:28:48.282Z","level":"warn","msg":"revision_rewrite_failed","passName":"belief","message":"Gemini provider not available (GEMINI_API_KEY not set)"}
# {"time":"2026-08-05T02:28:48.282Z","level":"warn","msg":"revision_rewrite_failed","passName":"belief","message":"Gemini provider not available (GEMINI_API_KEY not set)"}
# {"time":"2026-08-05T02:28:48.283Z","level":"warn","msg":"revision_rewrite_failed","passName":"belief","message":"Gemini provider not available (GEMINI_API_KEY not set)"}
# {"time":"2026-08-05T02:28:48.284Z","level":"warn","msg":"revision_rewrite_failed","passName":"belief","message":"Gemini provider not available (GEMINI_API_KEY not set)"}
# {"time":"2026-08-05T02:28:48.285Z","level":"warn","msg":"revision_rewrite_failed","passName":"belief","message":"Gemini provider not available (GEMINI_API_KEY not set)"}
# {"time":"2026-08-05T02:28:48.286Z","level":"warn","msg":"revision_rewrite_failed","passName":"belief","message":"Gemini provider not available (GEMINI_API_KEY not set)"}
# {"time":"2026-08-05T02:28:48.287Z","level":"warn","msg":"revision_rewrite_failed","passName":"belief","message":"Gemini provider not available (GEMINI_API_KEY not set)"}
# {"time":"2026-08-05T02:28:48.288Z","level":"warn","msg":"revision_rewrite_failed","passName":"belief","message":"Gemini provider not available (GEMINI_API_KEY not set)"}
# {"time":"2026-08-05T02:28:48.289Z","level":"warn","msg":"revision_rewrite_failed","passName":"belief","message":"Gemini provider not available (GEMINI_API_KEY not set)"}
# {"time":"2026-08-05T02:28:48.289Z","level":"warn","msg":"revision_rewrite_failed","passName":"belief","message":"Gemini provider not available (GEMINI_API_KEY not set)"}
# {"time":"2026-08-05T02:28:48.290Z","level":"warn","msg":"revision_rewrite_failed","passName":"belief","message":"Gemini provider not available (GEMINI_API_KEY not set)"}
# {"time":"2026-08-05T02:28:48.291Z","level":"warn","msg":"revision_rewrite_failed","passName":"belief","message":"Gemini provider not available (GEMINI_API_KEY not set)"}
# {"time":"2026-08-05T02:28:48.292Z","level":"warn","msg":"revision_rewrite_failed","passName":"belief","message":"Gemini provider not available (GEMINI_API_KEY not set)"}
# {"time":"2026-08-05T02:28:48.293Z","level":"warn","msg":"revision_rewrite_failed","passName":"belief","message":"Gemini provider not available (GEMINI_API_KEY not set)"}
# {"time":"2026-08-05T02:28:48.294Z","level":"warn","msg":"revision_rewrite_failed","passName":"belief","message":"Gemini provider not available (GEMINI_API_KEY not set)"}
# {"time":"2026-08-05T02:28:48.295Z","level":"warn","msg":"revision_rewrite_failed","passName":"belief","message":"Gemini provider not available (GEMINI_API_KEY not set)"}
# {"time":"2026-08-05T02:28:48.295Z","level":"warn","msg":"revision_rewrite_failed","passName":"belief","message":"Gemini provider not available (GEMINI_API_KEY not set)"}
# {"time":"2026-08-05T02:28:48.297Z","level":"warn","msg":"revision_rewrite_failed","passName":"belief","message":"Gemini provider not available (GEMINI_API_KEY not set)"}
# {"time":"2026-08-05T02:28:48.298Z","level":"warn","msg":"revision_rewrite_failed","passName":"belief","message":"Gemini provider not available (GEMINI_API_KEY not set)"}
# {"time":"2026-08-05T02:28:48.298Z","level":"warn","msg":"revision_rewrite_failed","passName":"belief","message":"Gemini provider not available (GEMINI_API_KEY not set)"}
# {"time":"2026-08-05T02:28:48.299Z","level":"warn","msg":"revision_rewrite_failed","passName":"belief","message":"Gemini provider not available (GEMINI_API_KEY not set)"}
# {"time":"2026-08-05T02:28:48.300Z","level":"warn","msg":"revision_rewrite_failed","passName":"belief","message":"Gemini provider not available (GEMINI_API_KEY not set)"}
# {"time":"2026-08-05T02:28:48.301Z","level":"warn","msg":"revision_rewrite_failed","passName":"belief","message":"Gemini provider not available (GEMINI_API_KEY not set)"}
# {"time":"2026-08-05T02:28:48.302Z","level":"warn","msg":"revision_rewrite_failed","passName":"belief","message":"Gemini provider not available (GEMINI_API_KEY not set)"}
# {"time":"2026-08-05T02:28:48.303Z","level":"warn","msg":"revision_rewrite_failed","passName":"belief","message":"Gemini provider not available (GEMINI_API_KEY not set)"}
# {"time":"2026-08-05T02:28:48.303Z","level":"warn","msg":"revision_rewrite_failed","passName":"belief","message":"Gemini provider not available (GEMINI_API_KEY not set)"}
# {"time":"2026-08-05T02:28:48.304Z","level":"warn","msg":"revision_rewrite_failed","passName":"belief","message":"Gemini provider not available (GEMINI_API_KEY not set)"}
# {"time":"2026-08-05T02:28:48.305Z","level":"warn","msg":"revision_rewrite_failed","passName":"belief","message":"Gemini provider not available (GEMINI_API_KEY not set)"}
# {"time":"2026-08-05T02:28:48.306Z","level":"warn","msg":"revision_rewrite_failed","passName":"belief","message":"Gemini provider not available (GEMINI_API_KEY not set)"}
# {"time":"2026-08-05T02:28:48.307Z","level":"warn","msg":"revision_rewrite_failed","passName":"belief","message":"Gemini provider not available (GEMINI_API_KEY not set)"}
# {"time":"2026-08-05T02:28:48.308Z","level":"warn","msg":"revision_rewrite_failed","passName":"belief","message":"Gemini provider not available (GEMINI_API_KEY not set)"}
# {"time":"2026-08-05T02:28:48.308Z","level":"warn","msg":"revision_rewrite_failed","passName":"belief","message":"Gemini provider not available (GEMINI_API_KEY not set)"}
# {"time":"2026-08-05T02:28:48.310Z","level":"warn","msg":"revision_rewrite_failed","passName":"belief","message":"Gemini provider not available (GEMINI_API_KEY not set)"}
# {"time":"2026-08-05T02:28:48.311Z","level":"warn","msg":"revision_rewrite_failed","passName":"belief","message":"Gemini provider not available (GEMINI_API_KEY not set)"}
# {"time":"2026-08-05T02:28:48.312Z","level":"warn","msg":"revision_rewrite_failed","passName":"belief","message":"Gemini provider not available (GEMINI_API_KEY not set)"}
# {"time":"2026-08-05T02:28:48.313Z","level":"warn","msg":"revision_rewrite_failed","passName":"belief","message":"Gemini provider not available (GEMINI_API_KEY not set)"}
# {"time":"2026-08-05T02:28:48.314Z","level":"warn","msg":"revision_rewrite_failed","passName":"belief","message":"Gemini provider not available (GEMINI_API_KEY not set)"}
# {"time":"2026-08-05T02:28:48.315Z","level":"warn","msg":"revision_rewrite_failed","passName":"belief","message":"Gemini provider not available (GEMINI_API_KEY not set)"}
# {"time":"2026-08-05T02:28:48.315Z","level":"warn","msg":"revision_rewrite_failed","passName":"belief","message":"Gemini provider not available (GEMINI_API_KEY not set)"}
# {"time":"2026-08-05T02:28:48.316Z","level":"warn","msg":"revision_rewrite_failed","passName":"belief","message":"Gemini provider not available (GEMINI_API_KEY not set)"}
# {"time":"2026-08-05T02:28:48.317Z","level":"warn","msg":"revision_rewrite_failed","passName":"belief","message":"Gemini provider not available (GEMINI_API_KEY not set)"}
# {"time":"2026-08-05T02:28:48.318Z","level":"warn","msg":"revision_rewrite_failed","passName":"belief","message":"Gemini provider not available (GEMINI_API_KEY not set)"}
# {"time":"2026-08-05T02:28:48.319Z","level":"warn","msg":"revision_rewrite_failed","passName":"belief","message":"Gemini provider not available (GEMINI_API_KEY not set)"}
# {"time":"2026-08-05T02:28:48.320Z","level":"warn","msg":"revision_rewrite_failed","passName":"belief","message":"Gemini provider not available (GEMINI_API_KEY not set)"}
# {"time":"2026-08-05T02:28:48.321Z","level":"warn","msg":"revision_rewrite_failed","passName":"belief","message":"Gemini provider not available (GEMINI_API_KEY not set)"}
# {"time":"2026-08-05T02:28:48.322Z","level":"warn","msg":"revision_rewrite_failed","passName":"belief","message":"Gemini provider not available (GEMINI_API_KEY not set)"}
# {"time":"2026-08-05T02:28:48.322Z","level":"warn","msg":"revision_rewrite_failed","passName":"belief","message":"Gemini provider not available (GEMINI_API_KEY not set)"}
# {"time":"2026-08-05T02:28:48.323Z","level":"warn","msg":"revision_rewrite_failed","passName":"belief","message":"Gemini provider not available (GEMINI_API_KEY not set)"}
# {"time":"2026-08-05T02:28:48.324Z","level":"warn","msg":"revision_rewrite_failed","passName":"belief","message":"Gemini provider not available (GEMINI_API_KEY not set)"}
# {"time":"2026-08-05T02:28:48.325Z","level":"warn","msg":"revision_rewrite_failed","passName":"belief","message":"Gemini provider not available (GEMINI_API_KEY not set)"}
# {"time":"2026-08-05T02:28:48.326Z","level":"warn","msg":"revision_rewrite_failed","passName":"belief","message":"Gemini provider not available (GEMINI_API_KEY not set)"}
# {"time":"2026-08-05T02:28:48.326Z","level":"warn","msg":"revision_rewrite_failed","passName":"belief","message":"Gemini provider not available (GEMINI_API_KEY not set)"}
# {"time":"2026-08-05T02:28:48.327Z","level":"warn","msg":"revision_rewrite_failed","passName":"belief","message":"Gemini provider not available (GEMINI_API_KEY not set)"}
# {"time":"2026-08-05T02:28:48.328Z","level":"warn","msg":"revision_rewrite_failed","passName":"belief","message":"Gemini provider not available (GEMINI_API_KEY not set)"}
# {"time":"2026-08-05T02:28:48.329Z","level":"warn","msg":"revision_rewrite_failed","passName":"belief","message":"Gemini provider not available (GEMINI_API_KEY not set)"}
# {"time":"2026-08-05T02:28:48.330Z","level":"warn","msg":"revision_rewrite_failed","passName":"belief","message":"Gemini provider not available (GEMINI_API_KEY not set)"}
# {"time":"2026-08-05T02:28:48.331Z","level":"warn","msg":"revision_rewrite_failed","passName":"belief","message":"Gemini provider not available (GEMINI_API_KEY not set)"}
# {"time":"2026-08-05T02:28:48.332Z","level":"warn","msg":"revision_rewrite_failed","passName":"belief","message":"Gemini provider not available (GEMINI_API_KEY not set)"}
# {"time":"2026-08-05T02:28:48.333Z","level":"warn","msg":"revision_rewrite_failed","passName":"belief","message":"Gemini provider not available (GEMINI_API_KEY not set)"}
# {"time":"2026-08-05T02:28:48.334Z","level":"warn","msg":"revision_rewrite_failed","passName":"belief","message":"Gemini provider not available (GEMINI_API_KEY not set)"}
# {"time":"2026-08-05T02:28:48.334Z","level":"warn","msg":"revision_rewrite_failed","passName":"belief","message":"Gemini provider not available (GEMINI_API_KEY not set)"}
# {"time":"2026-08-05T02:28:48.335Z","level":"warn","msg":"revision_rewrite_failed","passName":"belief","message":"Gemini provider not available (GEMINI_API_KEY not set)"}
# {"time":"2026-08-05T02:28:48.340Z","level":"warn","msg":"revision_rewrite_failed","passName":"belief","message":"Gemini provider not available (GEMINI_API_KEY not set)"}
# {"time":"2026-08-05T02:28:48.341Z","level":"warn","msg":"revision_rewrite_failed","passName":"belief","message":"Gemini provider not available (GEMINI_API_KEY not set)"}
# {"time":"2026-08-05T02:28:48.341Z","level":"warn","msg":"revision_rewrite_failed","passName":"belief","message":"Gemini provider not available (GEMINI_API_KEY not set)"}
# {"time":"2026-08-05T02:28:48.349Z","level":"warn","msg":"revision_rewrite_failed","passName":"belief","message":"Gemini provider not available (GEMINI_API_KEY not set)"}
# {"time":"2026-08-05T02:28:48.350Z","level":"warn","msg":"revision_rewrite_failed","passName":"belief","message":"Gemini provider not available (GEMINI_API_KEY not set)"}
# {"time":"2026-08-05T02:28:48.351Z","level":"warn","msg":"revision_rewrite_failed","passName":"belief","message":"Gemini provider not available (GEMINI_API_KEY not set)"}
# {"time":"2026-08-05T02:28:48.352Z","level":"warn","msg":"revision_rewrite_failed","passName":"belief","message":"Gemini provider not available (GEMINI_API_KEY not set)"}
# {"time":"2026-08-05T02:28:48.353Z","level":"warn","msg":"revision_rewrite_failed","passName":"belief","message":"Gemini provider not available (GEMINI_API_KEY not set)"}
# {"time":"2026-08-05T02:28:48.354Z","level":"warn","msg":"revision_rewrite_failed","passName":"belief","message":"Gemini provider not available (GEMINI_API_KEY not set)"}
# {"time":"2026-08-05T02:28:48.355Z","level":"warn","msg":"revision_rewrite_failed","passName":"belief","message":"Gemini provider not available (GEMINI_API_KEY not set)"}
# {"time":"2026-08-05T02:28:48.356Z","level":"warn","msg":"revision_rewrite_failed","passName":"belief","message":"Gemini provider not available (GEMINI_API_KEY not set)"}
# {"time":"2026-08-05T02:28:48.360Z","level":"warn","msg":"revision_rewrite_failed","passName":"belief","message":"Gemini provider not available (GEMINI_API_KEY not set)"}
# {"time":"2026-08-05T02:28:48.361Z","level":"warn","msg":"revision_rewrite_failed","passName":"belief","message":"Gemini provider not available (GEMINI_API_KEY not set)"}
# {"time":"2026-08-05T02:28:48.362Z","level":"warn","msg":"revision_rewrite_failed","passName":"belief","message":"Gemini provider not available (GEMINI_API_KEY not set)"}
# {"time":"2026-08-05T02:28:48.363Z","level":"warn","msg":"revision_rewrite_failed","passName":"belief","message":"Gemini provider not available (GEMINI_API_KEY not set)"}
# {"time":"2026-08-05T02:28:48.364Z","level":"warn","msg":"revision_rewrite_failed","passName":"belief","message":"Gemini provider not available (GEMINI_API_KEY not set)"}
# {"time":"2026-08-05T02:28:48.367Z","level":"warn","msg":"revision_rewrite_failed","passName":"belief","message":"Gemini provider not available (GEMINI_API_KEY not set)"}
# {"time":"2026-08-05T02:28:48.368Z","level":"warn","msg":"revision_rewrite_failed","passName":"belief","message":"Gemini provider not available (GEMINI_API_KEY not set)"}
# {"time":"2026-08-05T02:28:48.370Z","level":"warn","msg":"revision_rewrite_failed","passName":"belief","message":"Gemini provider not available (GEMINI_API_KEY not set)"}
# {"time":"2026-08-05T02:28:48.371Z","level":"warn","msg":"revision_rewrite_failed","passName":"belief","message":"Gemini provider not available (GEMINI_API_KEY not set)"}
# {"time":"2026-08-05T02:28:48.372Z","level":"warn","msg":"revision_rewrite_failed","passName":"belief","message":"Gemini provider not available (GEMINI_API_KEY not set)"}
# {"time":"2026-08-05T02:28:48.375Z","level":"warn","msg":"revision_rewrite_failed","passName":"belief","message":"Gemini provider not available (GEMINI_API_KEY not set)"}
# {"time":"2026-08-05T02:28:48.377Z","level":"warn","msg":"revision_rewrite_failed","passName":"belief","message":"Gemini provider not available (GEMINI_API_KEY not set)"}
# {"time":"2026-08-05T02:28:48.379Z","level":"warn","msg":"revision_rewrite_failed","passName":"belief","message":"Gemini provider not available (GEMINI_API_KEY not set)"}
# {"time":"2026-08-05T02:28:48.380Z","level":"warn","msg":"revision_rewrite_failed","passName":"belief","message":"Gemini provider not available (GEMINI_API_KEY not set)"}
# {"time":"2026-08-05T02:28:48.380Z","level":"warn","msg":"revision_rewrite_failed","passName":"belief","message":"Gemini provider not available (GEMINI_API_KEY not set)"}
# {"time":"2026-08-05T02:28:48.381Z","level":"warn","msg":"revision_rewrite_failed","passName":"belief","message":"Gemini provider not available (GEMINI_API_KEY not set)"}
# {"time":"2026-08-05T02:28:48.382Z","level":"warn","msg":"revision_rewrite_failed","passName":"belief","message":"Gemini provider not available (GEMINI_API_KEY not set)"}
# {"time":"2026-08-05T02:28:48.383Z","level":"warn","msg":"revision_rewrite_failed","passName":"belief","message":"Gemini provider not available (GEMINI_API_KEY not set)"}
# {"time":"2026-08-05T02:28:48.384Z","level":"warn","msg":"revision_rewrite_failed","passName":"belief","message":"Gemini provider not available (GEMINI_API_KEY not set)"}
# {"time":"2026-08-05T02:28:48.385Z","level":"warn","msg":"revision_rewrite_failed","passName":"belief","message":"Gemini provider not available (GEMINI_API_KEY not set)"}
# {"time":"2026-08-05T02:28:48.385Z","level":"warn","msg":"revision_rewrite_failed","passName":"belief","message":"Gemini provider not available (GEMINI_API_KEY not set)"}
# {"time":"2026-08-05T02:28:48.387Z","level":"warn","msg":"revision_rewrite_failed","passName":"belief","message":"Gemini provider not available (GEMINI_API_KEY not set)"}
# {"time":"2026-08-05T02:28:48.387Z","level":"warn","msg":"revision_rewrite_failed","passName":"belief","message":"Gemini provider not available (GEMINI_API_KEY not set)"}
# {"time":"2026-08-05T02:28:48.388Z","level":"warn","msg":"revision_rewrite_failed","passName":"belief","message":"Gemini provider not available (GEMINI_API_KEY not set)"}
# {"time":"2026-08-05T02:28:48.389Z","level":"warn","msg":"revision_rewrite_failed","passName":"belief","message":"Gemini provider not available (GEMINI_API_KEY not set)"}
# {"time":"2026-08-05T02:28:48.390Z","level":"warn","msg":"revision_rewrite_failed","passName":"belief","message":"Gemini provider not available (GEMINI_API_KEY not set)"}
# {"time":"2026-08-05T02:28:48.391Z","level":"warn","msg":"revision_rewrite_failed","passName":"belief","message":"Gemini provider not available (GEMINI_API_KEY not set)"}
# {"time":"2026-08-05T02:28:48.393Z","level":"warn","msg":"revision_rewrite_failed","passName":"belief","message":"Gemini provider not available (GEMINI_API_KEY not set)"}
# {"time":"2026-08-05T02:28:48.393Z","level":"warn","msg":"revision_rewrite_failed","passName":"belief","message":"Gemini provider not available (GEMINI_API_KEY not set)"}
# {"time":"2026-08-05T02:28:48.394Z","level":"warn","msg":"revision_rewrite_failed","passName":"belief","message":"Gemini provider not available (GEMINI_API_KEY not set)"}
# {"time":"2026-08-05T02:28:48.395Z","level":"warn","msg":"revision_rewrite_failed","passName":"belief","message":"Gemini provider not available (GEMINI_API_KEY not set)"}
# {"time":"2026-08-05T02:28:48.397Z","level":"warn","msg":"revision_rewrite_failed","passName":"belief","message":"Gemini provider not available (GEMINI_API_KEY not set)"}
# {"time":"2026-08-05T02:28:48.398Z","level":"warn","msg":"revision_rewrite_failed","passName":"belief","message":"Gemini provider not available (GEMINI_API_KEY not set)"}
# {"time":"2026-08-05T02:28:48.399Z","level":"warn","msg":"revision_rewrite_failed","passName":"belief","message":"Gemini provider not available (GEMINI_API_KEY not set)"}
# {"time":"2026-08-05T02:28:48.400Z","level":"warn","msg":"revision_rewrite_failed","passName":"belief","message":"Gemini provider not available (GEMINI_API_KEY not set)"}
# {"time":"2026-08-05T02:28:48.401Z","level":"warn","msg":"revision_rewrite_failed","passName":"belief","message":"Gemini provider not available (GEMINI_API_KEY not set)"}
# {"time":"2026-08-05T02:28:48.402Z","level":"warn","msg":"revision_rewrite_failed","passName":"belief","message":"Gemini provider not available (GEMINI_API_KEY not set)"}
# {"time":"2026-08-05T02:28:48.404Z","level":"warn","msg":"revision_rewrite_failed","passName":"belief","message":"Gemini provider not available (GEMINI_API_KEY not set)"}
# {"time":"2026-08-05T02:28:48.405Z","level":"warn","msg":"revision_rewrite_failed","passName":"belief","message":"Gemini provider not available (GEMINI_API_KEY not set)"}
# {"time":"2026-08-05T02:28:48.406Z","level":"warn","msg":"revision_rewrite_failed","passName":"belief","message":"Gemini provider not available (GEMINI_API_KEY not set)"}
# {"time":"2026-08-05T02:28:48.407Z","level":"warn","msg":"revision_rewrite_failed","passName":"belief","message":"Gemini provider not available (GEMINI_API_KEY not set)"}
# {"time":"2026-08-05T02:28:48.408Z","level":"warn","msg":"revision_rewrite_failed","passName":"belief","message":"Gemini provider not available (GEMINI_API_KEY not set)"}
# {"time":"2026-08-05T02:28:48.409Z","level":"warn","msg":"revision_rewrite_failed","passName":"belief","message":"Gemini provider not available (GEMINI_API_KEY not set)"}
# {"time":"2026-08-05T02:28:48.410Z","level":"warn","msg":"revision_rewrite_failed","passName":"belief","message":"Gemini provider not available (GEMINI_API_KEY not set)"}
# {"time":"2026-08-05T02:28:48.411Z","level":"warn","msg":"revision_rewrite_failed","passName":"belief","message":"Gemini provider not available (GEMINI_API_KEY not set)"}
# {"time":"2026-08-05T02:28:48.414Z","level":"warn","msg":"revision_rewrite_failed","passName":"belief","message":"Gemini provider not available (GEMINI_API_KEY not set)"}
# {"time":"2026-08-05T02:28:48.415Z","level":"warn","msg":"revision_rewrite_failed","passName":"belief","message":"Gemini provider not available (GEMINI_API_KEY not set)"}
# {"time":"2026-08-05T02:28:48.416Z","level":"warn","msg":"revision_rewrite_failed","passName":"belief","message":"Gemini provider not available (GEMINI_API_KEY not set)"}
# {"time":"2026-08-05T02:28:48.418Z","level":"warn","msg":"revision_rewrite_failed","passName":"belief","message":"Gemini provider not available (GEMINI_API_KEY not set)"}
# {"time":"2026-08-05T02:28:48.421Z","level":"warn","msg":"revision_rewrite_failed","passName":"belief","message":"Gemini provider not available (GEMINI_API_KEY not set)"}
# {"time":"2026-08-05T02:28:48.422Z","level":"warn","msg":"revision_rewrite_failed","passName":"belief","message":"Gemini provider not available (GEMINI_API_KEY not set)"}
# {"time":"2026-08-05T02:28:48.424Z","level":"warn","msg":"revision_rewrite_failed","passName":"belief","message":"Gemini provider not available (GEMINI_API_KEY not set)"}
# {"time":"2026-08-05T02:28:48.425Z","level":"warn","msg":"revision_rewrite_failed","passName":"belief","message":"Gemini provider not available (GEMINI_API_KEY not set)"}
# {"time":"2026-08-05T02:28:48.426Z","level":"warn","msg":"revision_rewrite_failed","passName":"belief","message":"Gemini provider not available (GEMINI_API_KEY not set)"}
# {"time":"2026-08-05T02:28:48.427Z","level":"warn","msg":"revision_rewrite_failed","passName":"belief","message":"Gemini provider not available (GEMINI_API_KEY not set)"}
# {"time":"2026-08-05T02:28:48.429Z","level":"warn","msg":"revision_rewrite_failed","passName":"belief","message":"Gemini provider not available (GEMINI_API_KEY not set)"}
# {"time":"2026-08-05T02:28:48.429Z","level":"warn","msg":"revision_rewrite_failed","passName":"belief","message":"Gemini provider not available (GEMINI_API_KEY not set)"}
# {"time":"2026-08-05T02:28:48.430Z","level":"warn","msg":"revision_rewrite_failed","passName":"belief","message":"Gemini provider not available (GEMINI_API_KEY not set)"}
# {"time":"2026-08-05T02:28:48.431Z","level":"warn","msg":"revision_rewrite_failed","passName":"belief","message":"Gemini provider not available (GEMINI_API_KEY not set)"}
# {"time":"2026-08-05T02:28:48.432Z","level":"warn","msg":"revision_rewrite_failed","passName":"belief","message":"Gemini provider not available (GEMINI_API_KEY not set)"}
# {"time":"2026-08-05T02:28:48.433Z","level":"warn","msg":"revision_rewrite_failed","passName":"belief","message":"Gemini provider not available (GEMINI_API_KEY not set)"}
# {"time":"2026-08-05T02:28:48.435Z","level":"warn","msg":"revision_rewrite_failed","passName":"belief","message":"Gemini provider not available (GEMINI_API_KEY not set)"}
# {"time":"2026-08-05T02:28:48.436Z","level":"warn","msg":"revision_rewrite_failed","passName":"belief","message":"Gemini provider not available (GEMINI_API_KEY not set)"}
# {"time":"2026-08-05T02:28:48.437Z","level":"warn","msg":"revision_rewrite_failed","passName":"belief","message":"Gemini provider not available (GEMINI_API_KEY not set)"}
# {"time":"2026-08-05T02:28:48.438Z","level":"warn","msg":"revision_rewrite_failed","passName":"belief","message":"Gemini provider not available (GEMINI_API_KEY not set)"}
# {"time":"2026-08-05T02:28:48.440Z","level":"warn","msg":"revision_rewrite_failed","passName":"belief","message":"Gemini provider not available (GEMINI_API_KEY not set)"}
# {"time":"2026-08-05T02:28:48.440Z","level":"warn","msg":"revision_rewrite_failed","passName":"belief","message":"Gemini provider not available (GEMINI_API_KEY not set)"}
# {"time":"2026-08-05T02:28:48.442Z","level":"warn","msg":"revision_rewrite_failed","passName":"belief","message":"Gemini provider not available (GEMINI_API_KEY not set)"}
# {"time":"2026-08-05T02:28:48.443Z","level":"warn","msg":"revision_rewrite_failed","passName":"belief","message":"Gemini provider not available (GEMINI_API_KEY not set)"}
# {"time":"2026-08-05T02:28:48.444Z","level":"warn","msg":"revision_rewrite_failed","passName":"belief","message":"Gemini provider not available (GEMINI_API_KEY not set)"}
# {"time":"2026-08-05T02:28:48.445Z","level":"warn","msg":"revision_rewrite_failed","passName":"belief","message":"Gemini provider not available (GEMINI_API_KEY not set)"}
# {"time":"2026-08-05T02:28:48.446Z","level":"warn","msg":"revision_rewrite_failed","passName":"belief","message":"Gemini provider not available (GEMINI_API_KEY not set)"}
# {"time":"2026-08-05T02:28:48.457Z","level":"warn","msg":"revision_rewrite_failed","passName":"belief","message":"Gemini provider not available (GEMINI_API_KEY not set)"}
# {"time":"2026-08-05T02:28:48.459Z","level":"warn","msg":"revision_rewrite_failed","passName":"belief","message":"Gemini provider not available (GEMINI_API_KEY not set)"}
# {"time":"2026-08-05T02:28:48.461Z","level":"warn","msg":"revision_rewrite_failed","passName":"belief","message":"Gemini provider not available (GEMINI_API_KEY not set)"}
# {"time":"2026-08-05T02:28:48.462Z","level":"warn","msg":"revision_rewrite_failed","passName":"belief","message":"Gemini provider not available (GEMINI_API_KEY not set)"}
# {"time":"2026-08-05T02:28:48.464Z","level":"warn","msg":"revision_rewrite_failed","passName":"belief","message":"Gemini provider not available (GEMINI_API_KEY not set)"}
# {"time":"2026-08-05T02:28:48.465Z","level":"warn","msg":"revision_rewrite_failed","passName":"belief","message":"Gemini provider not available (GEMINI_API_KEY not set)"}
# {"time":"2026-08-05T02:28:48.466Z","level":"warn","msg":"revision_rewrite_failed","passName":"belief","message":"Gemini provider not available (GEMINI_API_KEY not set)"}
# {"time":"2026-08-05T02:28:48.468Z","level":"warn","msg":"revision_rewrite_failed","passName":"belief","message":"Gemini provider not available (GEMINI_API_KEY not set)"}
# {"time":"2026-08-05T02:28:48.469Z","level":"warn","msg":"revision_rewrite_failed","passName":"belief","message":"Gemini provider not available (GEMINI_API_KEY not set)"}
# {"time":"2026-08-05T02:28:48.470Z","level":"warn","msg":"revision_rewrite_failed","passName":"belief","message":"Gemini provider not available (GEMINI_API_KEY not set)"}
# {"time":"2026-08-05T02:28:48.471Z","level":"warn","msg":"revision_rewrite_failed","passName":"belief","message":"Gemini provider not available (GEMINI_API_KEY not set)"}
# {"time":"2026-08-05T02:28:48.472Z","level":"warn","msg":"revision_rewrite_failed","passName":"belief","message":"Gemini provider not available (GEMINI_API_KEY not set)"}
# {"time":"2026-08-05T02:28:48.473Z","level":"warn","msg":"revision_rewrite_failed","passName":"belief","message":"Gemini provider not available (GEMINI_API_KEY not set)"}
# {"time":"2026-08-05T02:28:48.474Z","level":"warn","msg":"revision_rewrite_failed","passName":"belief","message":"Gemini provider not available (GEMINI_API_KEY not set)"}
# {"time":"2026-08-05T02:28:48.476Z","level":"warn","msg":"revision_rewrite_failed","passName":"belief","message":"Gemini provider not available (GEMINI_API_KEY not set)"}
# {"time":"2026-08-05T02:28:48.477Z","level":"warn","msg":"revision_rewrite_failed","passName":"belief","message":"Gemini provider not available (GEMINI_API_KEY not set)"}
# {"time":"2026-08-05T02:28:48.477Z","level":"warn","msg":"revision_rewrite_failed","passName":"belief","message":"Gemini provider not available (GEMINI_API_KEY not set)"}
# {"time":"2026-08-05T02:28:48.478Z","level":"warn","msg":"revision_rewrite_failed","passName":"belief","message":"Gemini provider not available (GEMINI_API_KEY not set)"}
# {"time":"2026-08-05T02:28:48.479Z","level":"warn","msg":"revision_rewrite_failed","passName":"belief","message":"Gemini provider not available (GEMINI_API_KEY not set)"}
# {"time":"2026-08-05T02:28:48.481Z","level":"warn","msg":"revision_rewrite_failed","passName":"belief","message":"Gemini provider not available (GEMINI_API_KEY not set)"}
# {"time":"2026-08-05T02:28:48.481Z","level":"warn","msg":"revision_rewrite_failed","passName":"belief","message":"Gemini provider not available (GEMINI_API_KEY not set)"}
# {"time":"2026-08-05T02:28:48.482Z","level":"warn","msg":"revision_rewrite_failed","passName":"belief","message":"Gemini provider not available (GEMINI_API_KEY not set)"}
# {"time":"2026-08-05T02:28:48.483Z","level":"warn","msg":"revision_rewrite_failed","passName":"belief","message":"Gemini provider not available (GEMINI_API_KEY not set)"}
# {"time":"2026-08-05T02:28:48.484Z","level":"warn","msg":"revision_rewrite_failed","passName":"belief","message":"Gemini provider not available (GEMINI_API_KEY not set)"}
# {"time":"2026-08-05T02:28:48.485Z","level":"warn","msg":"revision_rewrite_failed","passName":"belief","message":"Gemini provider not available (GEMINI_API_KEY not set)"}
# {"time":"2026-08-05T02:28:48.487Z","level":"warn","msg":"revision_rewrite_failed","passName":"belief","message":"Gemini provider not available (GEMINI_API_KEY not set)"}
# {"time":"2026-08-05T02:28:48.487Z","level":"warn","msg":"revision_rewrite_failed","passName":"belief","message":"Gemini provider not available (GEMINI_API_KEY not set)"}
# {"time":"2026-08-05T02:28:48.489Z","level":"warn","msg":"revision_rewrite_failed","passName":"belief","message":"Gemini provider not available (GEMINI_API_KEY not set)"}
# {"time":"2026-08-05T02:28:48.490Z","level":"warn","msg":"revision_rewrite_failed","passName":"belief","message":"Gemini provider not available (GEMINI_API_KEY not set)"}
# {"time":"2026-08-05T02:28:48.491Z","level":"warn","msg":"revision_rewrite_failed","passName":"belief","message":"Gemini provider not available (GEMINI_API_KEY not set)"}
# {"time":"2026-08-05T02:28:48.492Z","level":"warn","msg":"revision_rewrite_failed","passName":"belief","message":"Gemini provider not available (GEMINI_API_KEY not set)"}
# {"time":"2026-08-05T02:28:48.493Z","level":"warn","msg":"revision_rewrite_failed","passName":"belief","message":"Gemini provider not available (GEMINI_API_KEY not set)"}
# {"time":"2026-08-05T02:28:48.494Z","level":"warn","msg":"revision_rewrite_failed","passName":"belief","message":"Gemini provider not available (GEMINI_API_KEY not set)"}
# {"time":"2026-08-05T02:28:48.495Z","level":"warn","msg":"revision_rewrite_failed","passName":"belief","message":"Gemini provider not available (GEMINI_API_KEY not set)"}
# {"time":"2026-08-05T02:28:48.496Z","level":"warn","msg":"revision_rewrite_failed","passName":"belief","message":"Gemini provider not available (GEMINI_API_KEY not set)"}
# {"time":"2026-08-05T02:28:48.497Z","level":"warn","msg":"revision_rewrite_failed","passName":"belief","message":"Gemini provider not available (GEMINI_API_KEY not set)"}
# {"time":"2026-08-05T02:28:48.499Z","level":"warn","msg":"revision_rewrite_failed","passName":"belief","message":"Gemini provider not available (GEMINI_API_KEY not set)"}
# {"time":"2026-08-05T02:28:48.500Z","level":"warn","msg":"revision_rewrite_failed","passName":"belief","message":"Gemini provider not available (GEMINI_API_KEY not set)"}
# {"time":"2026-08-05T02:28:48.501Z","level":"warn","msg":"revision_rewrite_failed","passName":"belief","message":"Gemini provider not available (GEMINI_API_KEY not set)"}
# {"time":"2026-08-05T02:28:48.502Z","level":"warn","msg":"revision_rewrite_failed","passName":"belief","message":"Gemini provider not available (GEMINI_API_KEY not set)"}
# {"time":"2026-08-05T02:28:48.503Z","level":"warn","msg":"revision_rewrite_failed","passName":"belief","message":"Gemini provider not available (GEMINI_API_KEY not set)"}
# {"time":"2026-08-05T02:28:48.507Z","level":"warn","msg":"revision_rewrite_failed","passName":"belief","message":"Gemini provider not available (GEMINI_API_KEY not set)"}
# {"time":"2026-08-05T02:28:48.508Z","level":"warn","msg":"revision_rewrite_failed","passName":"belief","message":"Gemini provider not available (GEMINI_API_KEY not set)"}
# {"time":"2026-08-05T02:28:48.509Z","level":"warn","msg":"revision_rewrite_failed","passName":"belief","message":"Gemini provider not available (GEMINI_API_KEY not set)"}
# {"time":"2026-08-05T02:28:48.510Z","level":"warn","msg":"revision_rewrite_failed","passName":"belief","message":"Gemini provider not available (GEMINI_API_KEY not set)"}
# {"time":"2026-08-05T02:28:48.512Z","level":"warn","msg":"revision_rewrite_failed","passName":"belief","message":"Gemini provider not available (GEMINI_API_KEY not set)"}
# {"time":"2026-08-05T02:28:48.513Z","level":"warn","msg":"revision_rewrite_failed","passName":"belief","message":"Gemini provider not available (GEMINI_API_KEY not set)"}
# {"time":"2026-08-05T02:28:48.514Z","level":"warn","msg":"revision_rewrite_failed","passName":"belief","message":"Gemini provider not available (GEMINI_API_KEY not set)"}
# {"time":"2026-08-05T02:28:48.515Z","level":"warn","msg":"revision_rewrite_failed","passName":"belief","message":"Gemini provider not available (GEMINI_API_KEY not set)"}
# {"time":"2026-08-05T02:28:48.517Z","level":"warn","msg":"revision_rewrite_failed","passName":"belief","message":"Gemini provider not available (GEMINI_API_KEY not set)"}
# {"time":"2026-08-05T02:28:48.519Z","level":"warn","msg":"revision_rewrite_failed","passName":"belief","message":"Gemini provider not available (GEMINI_API_KEY not set)"}
# {"time":"2026-08-05T02:28:48.520Z","level":"warn","msg":"revision_rewrite_failed","passName":"belief","message":"Gemini provider not available (GEMINI_API_KEY not set)"}
# {"time":"2026-08-05T02:28:48.522Z","level":"warn","msg":"revision_rewrite_failed","passName":"belief","message":"Gemini provider not available (GEMINI_API_KEY not set)"}
# {"time":"2026-08-05T02:28:48.524Z","level":"warn","msg":"revision_rewrite_failed","passName":"belief","message":"Gemini provider not available (GEMINI_API_KEY not set)"}
# {"time":"2026-08-05T02:28:48.525Z","level":"warn","msg":"revision_rewrite_failed","passName":"belief","message":"Gemini provider not available (GEMINI_API_KEY not set)"}
# {"time":"2026-08-05T02:28:48.526Z","level":"warn","msg":"revision_rewrite_failed","passName":"belief","message":"Gemini provider not available (GEMINI_API_KEY not set)"}
# {"time":"2026-08-05T02:28:48.527Z","level":"warn","msg":"revision_rewrite_failed","passName":"belief","message":"Gemini provider not available (GEMINI_API_KEY not set)"}
# {"time":"2026-08-05T02:28:48.529Z","level":"warn","msg":"revision_rewrite_failed","passName":"belief","message":"Gemini provider not available (GEMINI_API_KEY not set)"}
# {"time":"2026-08-05T02:28:48.530Z","level":"warn","msg":"revision_rewrite_failed","passName":"belief","message":"Gemini provider not available (GEMINI_API_KEY not set)"}
# {"time":"2026-08-05T02:28:48.532Z","level":"warn","msg":"revision_rewrite_failed","passName":"belief","message":"Gemini provider not available (GEMINI_API_KEY not set)"}
# {"time":"2026-08-05T02:28:48.533Z","level":"warn","msg":"revision_rewrite_failed","passName":"belief","message":"Gemini provider not available (GEMINI_API_KEY not set)"}
# {"time":"2026-08-05T02:28:48.535Z","level":"warn","msg":"revision_rewrite_failed","passName":"belief","message":"Gemini provider not available (GEMINI_API_KEY not set)"}
# {"time":"2026-08-05T02:28:48.536Z","level":"warn","msg":"revision_rewrite_failed","passName":"belief","message":"Gemini provider not available (GEMINI_API_KEY not set)"}
# {"time":"2026-08-05T02:28:48.537Z","level":"warn","msg":"revision_rewrite_failed","passName":"belief","message":"Gemini provider not available (GEMINI_API_KEY not set)"}
# {"time":"2026-08-05T02:28:48.538Z","level":"warn","msg":"revision_rewrite_failed","passName":"belief","message":"Gemini provider not available (GEMINI_API_KEY not set)"}
# {"time":"2026-08-05T02:28:48.539Z","level":"warn","msg":"revision_rewrite_failed","passName":"belief","message":"Gemini provider not available (GEMINI_API_KEY not set)"}
# {"time":"2026-08-05T02:28:48.543Z","level":"warn","msg":"revision_rewrite_failed","passName":"belief","message":"Gemini provider not available (GEMINI_API_KEY not set)"}
# {"time":"2026-08-05T02:28:48.544Z","level":"warn","msg":"revision_rewrite_failed","passName":"belief","message":"Gemini provider not available (GEMINI_API_KEY not set)"}
# {"time":"2026-08-05T02:28:48.546Z","level":"warn","msg":"revision_rewrite_failed","passName":"belief","message":"Gemini provider not available (GEMINI_API_KEY not set)"}
# {"time":"2026-08-05T02:28:48.552Z","level":"warn","msg":"revision_rewrite_failed","passName":"belief","message":"Gemini provider not available (GEMINI_API_KEY not set)"}
# {"time":"2026-08-05T02:28:48.553Z","level":"warn","msg":"revision_rewrite_failed","passName":"belief","message":"Gemini provider not available (GEMINI_API_KEY not set)"}
# {"time":"2026-08-05T02:28:48.554Z","level":"warn","msg":"revision_rewrite_failed","passName":"belief","message":"Gemini provider not available (GEMINI_API_KEY not set)"}
# {"time":"2026-08-05T02:28:48.556Z","level":"warn","msg":"revision_rewrite_failed","passName":"belief","message":"Gemini provider not available (GEMINI_API_KEY not set)"}
# {"time":"2026-08-05T02:28:48.557Z","level":"warn","msg":"revision_rewrite_failed","passName":"belief","message":"Gemini provider not available (GEMINI_API_KEY not set)"}
# {"time":"2026-08-05T02:28:48.558Z","level":"warn","msg":"revision_rewrite_failed","passName":"belief","message":"Gemini provider not available (GEMINI_API_KEY not set)"}
# {"time":"2026-08-05T02:28:48.560Z","level":"warn","msg":"revision_rewrite_failed","passName":"belief","message":"Gemini provider not available (GEMINI_API_KEY not set)"}
# {"time":"2026-08-05T02:28:48.561Z","level":"warn","msg":"revision_rewrite_failed","passName":"belief","message":"Gemini provider not available (GEMINI_API_KEY not set)"}
# {"time":"2026-08-05T02:28:48.562Z","level":"warn","msg":"revision_rewrite_failed","passName":"belief","message":"Gemini provider not available (GEMINI_API_KEY not set)"}
# {"time":"2026-08-05T02:28:48.563Z","level":"warn","msg":"revision_rewrite_failed","passName":"belief","message":"Gemini provider not available (GEMINI_API_KEY not set)"}
# {"time":"2026-08-05T02:28:48.564Z","level":"warn","msg":"revision_rewrite_failed","passName":"belief","message":"Gemini provider not available (GEMINI_API_KEY not set)"}
# {"time":"2026-08-05T02:28:48.565Z","level":"warn","msg":"revision_rewrite_failed","passName":"belief","message":"Gemini provider not available (GEMINI_API_KEY not set)"}
# {"time":"2026-08-05T02:28:48.567Z","level":"warn","msg":"revision_rewrite_failed","passName":"belief","message":"Gemini provider not available (GEMINI_API_KEY not set)"}
# {"time":"2026-08-05T02:28:48.568Z","level":"warn","msg":"revision_rewrite_failed","passName":"belief","message":"Gemini provider not available (GEMINI_API_KEY not set)"}
# {"time":"2026-08-05T02:28:48.569Z","level":"warn","msg":"revision_rewrite_failed","passName":"belief","message":"Gemini provider not available (GEMINI_API_KEY not set)"}
# {"time":"2026-08-05T02:28:48.571Z","level":"warn","msg":"revision_rewrite_failed","passName":"belief","message":"Gemini provider not available (GEMINI_API_KEY not set)"}
# {"time":"2026-08-05T02:28:48.572Z","level":"warn","msg":"revision_rewrite_failed","passName":"belief","message":"Gemini provider not available (GEMINI_API_KEY not set)"}
# {"time":"2026-08-05T02:28:48.573Z","level":"warn","msg":"revision_rewrite_failed","passName":"belief","message":"Gemini provider not available (GEMINI_API_KEY not set)"}
# {"time":"2026-08-05T02:28:48.574Z","level":"warn","msg":"revision_rewrite_failed","passName":"belief","message":"Gemini provider not available (GEMINI_API_KEY not set)"}
# {"time":"2026-08-05T02:28:48.575Z","level":"warn","msg":"revision_rewrite_failed","passName":"belief","message":"Gemini provider not available (GEMINI_API_KEY not set)"}
# {"time":"2026-08-05T02:28:48.576Z","level":"warn","msg":"revision_rewrite_failed","passName":"belief","message":"Gemini provider not available (GEMINI_API_KEY not set)"}
# {"time":"2026-08-05T02:28:48.577Z","level":"warn","msg":"revision_rewrite_failed","passName":"belief","message":"Gemini provider not available (GEMINI_API_KEY not set)"}
# {"time":"2026-08-05T02:28:48.578Z","level":"warn","msg":"revision_rewrite_failed","passName":"belief","message":"Gemini provider not available (GEMINI_API_KEY not set)"}
# {"time":"2026-08-05T02:28:48.579Z","level":"warn","msg":"revision_rewrite_failed","passName":"belief","message":"Gemini provider not available (GEMINI_API_KEY not set)"}
# {"time":"2026-08-05T02:28:48.580Z","level":"warn","msg":"revision_rewrite_failed","passName":"belief","message":"Gemini provider not available (GEMINI_API_KEY not set)"}
# {"time":"2026-08-05T02:28:48.581Z","level":"warn","msg":"revision_rewrite_failed","passName":"belief","message":"Gemini provider not available (GEMINI_API_KEY not set)"}
# {"time":"2026-08-05T02:28:48.582Z","level":"warn","msg":"revision_rewrite_failed","passName":"belief","message":"Gemini provider not available (GEMINI_API_KEY not set)"}
# {"time":"2026-08-05T02:28:48.583Z","level":"warn","msg":"revision_rewrite_failed","passName":"belief","message":"Gemini provider not available (GEMINI_API_KEY not set)"}
# {"time":"2026-08-05T02:28:48.584Z","level":"warn","msg":"revision_rewrite_failed","passName":"belief","message":"Gemini provider not available (GEMINI_API_KEY not set)"}
# {"time":"2026-08-05T02:28:48.586Z","level":"warn","msg":"revision_rewrite_failed","passName":"belief","message":"Gemini provider not available (GEMINI_API_KEY not set)"}
# {"time":"2026-08-05T02:28:48.587Z","level":"warn","msg":"revision_rewrite_failed","passName":"belief","message":"Gemini provider not available (GEMINI_API_KEY not set)"}
# {"time":"2026-08-05T02:28:48.588Z","level":"warn","msg":"revision_rewrite_failed","passName":"belief","message":"Gemini provider not available (GEMINI_API_KEY not set)"}
# {"time":"2026-08-05T02:28:48.589Z","level":"warn","msg":"revision_rewrite_failed","passName":"belief","message":"Gemini provider not available (GEMINI_API_KEY not set)"}
# {"time":"2026-08-05T02:28:48.589Z","level":"warn","msg":"revision_rewrite_failed","passName":"belief","message":"Gemini provider not available (GEMINI_API_KEY not set)"}
# {"time":"2026-08-05T02:28:48.591Z","level":"warn","msg":"revision_rewrite_failed","passName":"belief","message":"Gemini provider not available (GEMINI_API_KEY not set)"}
# {"time":"2026-08-05T02:28:48.593Z","level":"warn","msg":"revision_rewrite_failed","passName":"belief","message":"Gemini provider not available (GEMINI_API_KEY not set)"}
# {"time":"2026-08-05T02:28:48.594Z","level":"warn","msg":"revision_rewrite_failed","passName":"belief","message":"Gemini provider not available (GEMINI_API_KEY not set)"}
# {"time":"2026-08-05T02:28:48.595Z","level":"warn","msg":"revision_rewrite_failed","passName":"belief","message":"Gemini provider not available (GEMINI_API_KEY not set)"}
# {"time":"2026-08-05T02:28:48.596Z","level":"warn","msg":"revision_rewrite_failed","passName":"belief","message":"Gemini provider not available (GEMINI_API_KEY not set)"}
# {"time":"2026-08-05T02:28:48.597Z","level":"warn","msg":"revision_rewrite_failed","passName":"belief","message":"Gemini provider not available (GEMINI_API_KEY not set)"}
# {"time":"2026-08-05T02:28:48.599Z","level":"warn","msg":"revision_rewrite_failed","passName":"belief","message":"Gemini provider not available (GEMINI_API_KEY not set)"}
# {"time":"2026-08-05T02:28:48.601Z","level":"warn","msg":"revision_rewrite_failed","passName":"belief","message":"Gemini provider not available (GEMINI_API_KEY not set)"}
# {"time":"2026-08-05T02:28:48.602Z","level":"warn","msg":"revision_rewrite_failed","passName":"belief","message":"Gemini provider not available (GEMINI_API_KEY not set)"}
# {"time":"2026-08-05T02:28:48.603Z","level":"warn","msg":"revision_rewrite_failed","passName":"belief","message":"Gemini provider not available (GEMINI_API_KEY not set)"}
# {"time":"2026-08-05T02:28:48.604Z","level":"warn","msg":"revision_rewrite_failed","passName":"belief","message":"Gemini provider not available (GEMINI_API_KEY not set)"}
# {"time":"2026-08-05T02:28:48.606Z","level":"warn","msg":"revision_rewrite_failed","passName":"belief","message":"Gemini provider not available (GEMINI_API_KEY not set)"}
# {"time":"2026-08-05T02:28:48.608Z","level":"warn","msg":"revision_rewrite_failed","passName":"belief","message":"Gemini provider not available (GEMINI_API_KEY not set)"}
# {"time":"2026-08-05T02:28:48.609Z","level":"warn","msg":"revision_rewrite_failed","passName":"belief","message":"Gemini provider not available (GEMINI_API_KEY not set)"}
# {"time":"2026-08-05T02:28:48.610Z","level":"warn","msg":"revision_rewrite_failed","passName":"belief","message":"Gemini provider not available (GEMINI_API_KEY not set)"}
# {"time":"2026-08-05T02:28:48.611Z","level":"warn","msg":"revision_rewrite_failed","passName":"belief","message":"Gemini provider not available (GEMINI_API_KEY not set)"}
# {"time":"2026-08-05T02:28:48.611Z","level":"warn","msg":"revision_rewrite_failed","passName":"belief","message":"Gemini provider not available (GEMINI_API_KEY not set)"}
# {"time":"2026-08-05T02:28:48.612Z","level":"warn","msg":"revision_rewrite_failed","passName":"belief","message":"Gemini provider not available (GEMINI_API_KEY not set)"}
# {"time":"2026-08-05T02:28:48.613Z","level":"warn","msg":"revision_rewrite_failed","passName":"belief","message":"Gemini provider not available (GEMINI_API_KEY not set)"}
# {"time":"2026-08-05T02:28:48.614Z","level":"warn","msg":"revision_rewrite_failed","passName":"belief","message":"Gemini provider not available (GEMINI_API_KEY not set)"}
# {"time":"2026-08-05T02:28:48.616Z","level":"warn","msg":"revision_rewrite_failed","passName":"belief","message":"Gemini provider not available (GEMINI_API_KEY not set)"}
# {"time":"2026-08-05T02:28:48.617Z","level":"warn","msg":"revision_rewrite_failed","passName":"belief","message":"Gemini provider not available (GEMINI_API_KEY not set)"}
# {"time":"2026-08-05T02:28:48.619Z","level":"warn","msg":"revision_rewrite_failed","passName":"belief","message":"Gemini provider not available (GEMINI_API_KEY not set)"}
# {"time":"2026-08-05T02:28:48.620Z","level":"warn","msg":"revision_rewrite_failed","passName":"belief","message":"Gemini provider not available (GEMINI_API_KEY not set)"}
# {"time":"2026-08-05T02:28:48.621Z","level":"warn","msg":"revision_rewrite_failed","passName":"belief","message":"Gemini provider not available (GEMINI_API_KEY not set)"}
# {"time":"2026-08-05T02:28:48.622Z","level":"warn","msg":"revision_rewrite_failed","passName":"belief","message":"Gemini provider not available (GEMINI_API_KEY not set)"}
# {"time":"2026-08-05T02:28:48.622Z","level":"warn","msg":"revision_rewrite_failed","passName":"belief","message":"Gemini provider not available (GEMINI_API_KEY not set)"}
# Subtest: Wave 145 — beliefPass: deception consequence and belief reversals
    # Subtest: beliefPass detects DECEPTION_WITHOUT_CONSEQUENCE when lie is discovered but ignored
    ok 1 - beliefPass detects DECEPTION_WITHOUT_CONSEQUENCE when lie is discovered but ignored
      ---
      duration_ms: 14.293419
      type: 'test'
      ...
    # Subtest: beliefPass does NOT fire DECEPTION_WITHOUT_CONSEQUENCE when lie discovery has consequence
    ok 2 - beliefPass does NOT fire DECEPTION_WITHOUT_CONSEQUENCE when lie discovery has consequence
      ---
      duration_ms: 1.810522
      type: 'test'
      ...
    # Subtest: beliefPass detects BELIEF_REVERSAL_UNSUPPORTED when character mood flips without setup
    ok 3 - beliefPass detects BELIEF_REVERSAL_UNSUPPORTED when character mood flips without setup
      ---
      duration_ms: 1.670351
      type: 'test'
      ...
    # Subtest: beliefPass does NOT fire BELIEF_REVERSAL_UNSUPPORTED when reversal is supported by prior clue
    ok 4 - beliefPass does NOT fire BELIEF_REVERSAL_UNSUPPORTED when reversal is supported by prior clue
      ---
      duration_ms: 1.394183
      type: 'test'
      ...
    # Subtest: beliefPass detects BELIEF_ISOLATION when scene plants clues but has no dialogue
    ok 5 - beliefPass detects BELIEF_ISOLATION when scene plants clues but has no dialogue
      ---
      duration_ms: 1.392817
      type: 'test'
      ...
    # Subtest: beliefPass does NOT fire BELIEF_ISOLATION when clue scene has dialogue
    ok 6 - beliefPass does NOT fire BELIEF_ISOLATION when clue scene has dialogue
      ---
      duration_ms: 1.484588
      type: 'test'
      ...
    1..6
ok 966 - Wave 145 — beliefPass: deception consequence and belief reversals
  ---
  duration_ms: 23.802919
  type: 'suite'
  ...
# Subtest: Wave 175 — beliefPass: revelation clustering, belief stagnation, single-scene overload
    # Subtest: beliefPass detects REVELATION_CLUSTERING when 3 revelations land in a 3-scene window
    ok 1 - beliefPass detects REVELATION_CLUSTERING when 3 revelations land in a 3-scene window
      ---
      duration_ms: 8.67633
      type: 'test'
      ...
    # Subtest: beliefPass does NOT fire REVELATION_CLUSTERING when revelations are spaced out
    ok 2 - beliefPass does NOT fire REVELATION_CLUSTERING when revelations are spaced out
      ---
      duration_ms: 4.360032
      type: 'test'
      ...
    # Subtest: beliefPass detects BELIEF_STAGNATION when no told belief is ever contradicted
    ok 3 - beliefPass detects BELIEF_STAGNATION when no told belief is ever contradicted
      ---
      duration_ms: 2.036396
      type: 'test'
      ...
    # Subtest: beliefPass does NOT fire BELIEF_STAGNATION when a told belief is later contradicted
    ok 4 - beliefPass does NOT fire BELIEF_STAGNATION when a told belief is later contradicted
      ---
      duration_ms: 1.44776
      type: 'test'
      ...
    # Subtest: beliefPass detects SINGLE_SCENE_BELIEF_OVERLOAD when one scene packs 5+ assertions
    ok 5 - beliefPass detects SINGLE_SCENE_BELIEF_OVERLOAD when one scene packs 5+ assertions
      ---
      duration_ms: 1.416245
      type: 'test'
      ...
    # Subtest: beliefPass does NOT fire SINGLE_SCENE_BELIEF_OVERLOAD when assertions are spread thin
    ok 6 - beliefPass does NOT fire SINGLE_SCENE_BELIEF_OVERLOAD when assertions are spread thin
      ---
      duration_ms: 1.089119
      type: 'test'
      ...
    1..6
ok 967 - Wave 175 — beliefPass: revelation clustering, belief stagnation, single-scene overload
  ---
  duration_ms: 19.698128
  type: 'suite'
  ...
# Subtest: Wave 190 — beliefPass: cold open void, unresolved excess, back-weighted revelations
    # Subtest: beliefPass detects COLD_OPEN_BELIEF_VOID when first quarter has no belief content
    ok 1 - beliefPass detects COLD_OPEN_BELIEF_VOID when first quarter has no belief content
      ---
      duration_ms: 1.715163
      type: 'test'
      ...
    # Subtest: beliefPass does NOT fire COLD_OPEN_BELIEF_VOID when Act 1 has belief content
    ok 2 - beliefPass does NOT fire COLD_OPEN_BELIEF_VOID when Act 1 has belief content
      ---
      duration_ms: 1.390578
      type: 'test'
      ...
    # Subtest: beliefPass detects UNRESOLVED_BELIEF_EXCESS when 4+ told beliefs have no revelation
    ok 3 - beliefPass detects UNRESOLVED_BELIEF_EXCESS when 4+ told beliefs have no revelation
      ---
      duration_ms: 12.455714
      type: 'test'
      ...
    # Subtest: beliefPass does NOT fire UNRESOLVED_BELIEF_EXCESS when told beliefs are addressed
    ok 4 - beliefPass does NOT fire UNRESOLVED_BELIEF_EXCESS when told beliefs are addressed
      ---
      duration_ms: 1.501613
      type: 'test'
      ...
    # Subtest: beliefPass detects REVELATION_BACK_WEIGHTED when all revelations are in the final quarter
    ok 5 - beliefPass detects REVELATION_BACK_WEIGHTED when all revelations are in the final quarter
      ---
      duration_ms: 2.386243
      type: 'test'
      ...
    # Subtest: beliefPass does NOT fire REVELATION_BACK_WEIGHTED when revelations are distributed
    ok 6 - beliefPass does NOT fire REVELATION_BACK_WEIGHTED when revelations are distributed
      ---
      duration_ms: 1.684628
      type: 'test'
      ...
    1..6
ok 968 - Wave 190 — beliefPass: cold open void, unresolved excess, back-weighted revelations
  ---
  duration_ms: 21.464638
  type: 'suite'
  ...
# Subtest: Wave 225 — beliefPass: deception setup void, front-loaded revelations, revelation aftermath absent
    # Subtest: beliefPass detects DECEPTION_SETUP_VOID when early told beliefs have no corresponding witnessed revelation
    ok 1 - beliefPass detects DECEPTION_SETUP_VOID when early told beliefs have no corresponding witnessed revelation
      ---
      duration_ms: 2.985594
      type: 'test'
      ...
    # Subtest: beliefPass does NOT fire DECEPTION_SETUP_VOID when early told beliefs are addressed by a revelation
    ok 2 - beliefPass does NOT fire DECEPTION_SETUP_VOID when early told beliefs are addressed by a revelation
      ---
      duration_ms: 1.172594
      type: 'test'
      ...
    # Subtest: beliefPass detects BELIEF_FRONT_LOADED_REVELATIONS when >70% of revelations land in the first half
    ok 3 - beliefPass detects BELIEF_FRONT_LOADED_REVELATIONS when >70% of revelations land in the first half
      ---
      duration_ms: 5.252144
      type: 'test'
      ...
    # Subtest: beliefPass does NOT fire BELIEF_FRONT_LOADED_REVELATIONS when revelations are distributed across both halves
    ok 4 - beliefPass does NOT fire BELIEF_FRONT_LOADED_REVELATIONS when revelations are distributed across both halves
      ---
      duration_ms: 1.084223
      type: 'test'
      ...
    # Subtest: beliefPass detects REVELATION_AFTERMATH_ABSENT when most revelations have no downstream reaction
    ok 5 - beliefPass detects REVELATION_AFTERMATH_ABSENT when most revelations have no downstream reaction
      ---
      duration_ms: 1.056735
      type: 'test'
      ...
    # Subtest: beliefPass does NOT fire REVELATION_AFTERMATH_ABSENT when revelations are followed by reactions
    ok 6 - beliefPass does NOT fire REVELATION_AFTERMATH_ABSENT when revelations are followed by reactions
      ---
      duration_ms: 1.383337
      type: 'test'
      ...
    1..6
ok 969 - Wave 225 — beliefPass: deception setup void, front-loaded revelations, revelation aftermath absent
  ---
  duration_ms: 13.432024
  type: 'suite'
  ...
# Subtest: Wave 309 — beliefPass: told belief drought, assertion void, revelation late first
    # Subtest: TOLD_BELIEF_DROUGHT fires when 5+ consecutive scenes have no assertion or revelation
    ok 1 - TOLD_BELIEF_DROUGHT fires when 5+ consecutive scenes have no assertion or revelation
      ---
      duration_ms: 1.596817
      type: 'test'
      ...
    # Subtest: TOLD_BELIEF_DROUGHT does not fire when belief activity is well distributed
    ok 2 - TOLD_BELIEF_DROUGHT does not fire when belief activity is well distributed
      ---
      duration_ms: 2.125468
      type: 'test'
      ...
    # Subtest: ASSERTION_VOID fires when there are 4+ revelations but at most one told belief
    ok 3 - ASSERTION_VOID fires when there are 4+ revelations but at most one told belief
      ---
      duration_ms: 1.156613
      type: 'test'
      ...
    # Subtest: ASSERTION_VOID does not fire when characters assert beliefs alongside revelations
    ok 4 - ASSERTION_VOID does not fire when characters assert beliefs alongside revelations
      ---
      duration_ms: 1.420423
      type: 'test'
      ...
    # Subtest: REVELATION_LATE_FIRST fires when the first revelation arrives past the midpoint after early assertions
    ok 5 - REVELATION_LATE_FIRST fires when the first revelation arrives past the midpoint after early assertions
      ---
      duration_ms: 1.41974
      type: 'test'
      ...
    # Subtest: REVELATION_LATE_FIRST does not fire when a revelation arrives in the first half
    ok 6 - REVELATION_LATE_FIRST does not fire when a revelation arrives in the first half
      ---
      duration_ms: 1.315679
      type: 'test'
      ...
    1..6
ok 970 - Wave 309 — beliefPass: told belief drought, assertion void, revelation late first
  ---
  duration_ms: 9.326257
  type: 'suite'
  ...
# Subtest: Wave 1188 — beliefPass (Program v2, Type 3 — genre-conditioned, second of its kind): EXPOSITION_DUMP genre threshold
    # Subtest: beliefPass: EXPOSITION_DUMP fires generically at a 3-scene told streak but not under sci_fi's looser 4-scene floor
    ok 1 - beliefPass: EXPOSITION_DUMP fires generically at a 3-scene told streak but not under sci_fi's looser 4-scene floor
      ---
      duration_ms: 1.319376
      type: 'test'
      ...
    # Subtest: beliefPass: EXPOSITION_DUMP genre-absent path is byte-identical to the pre-Wave-1188 rule
    ok 2 - beliefPass: EXPOSITION_DUMP genre-absent path is byte-identical to the pre-Wave-1188 rule
      ---
      duration_ms: 0.735397
      type: 'test'
      ...
    1..2
ok 971 - Wave 1188 — beliefPass (Program v2, Type 3 — genre-conditioned, second of its kind): EXPOSITION_DUMP genre threshold
  ---
  duration_ms: 2.199491
  type: 'suite'
  ...
# Subtest: Wave 1174 — beliefPass: belief suspense-curiosity aftermath void, belief suspense-emotional aftermath void, belief emotion-curiosity aftermath void
    # Subtest: BELIEF_SUSPENSE_CURIOSITY_AFTERMATH_VOID fires when every suspense-spike has no curiosity rise within 2 scenes
    ok 1 - BELIEF_SUSPENSE_CURIOSITY_AFTERMATH_VOID fires when every suspense-spike has no curiosity rise within 2 scenes
      ---
      duration_ms: 1.638141
      type: 'test'
      ...
    # Subtest: BELIEF_SUSPENSE_CURIOSITY_AFTERMATH_VOID does not fire when a suspense-spike is followed by a curiosity rise within 2 scenes
    ok 2 - BELIEF_SUSPENSE_CURIOSITY_AFTERMATH_VOID does not fire when a suspense-spike is followed by a curiosity rise within 2 scenes
      ---
      duration_ms: 1.040679
      type: 'test'
      ...
    # Subtest: BELIEF_SUSPENSE_EMOTIONAL_AFTERMATH_VOID fires when every suspense-spike has no emotional shift within 2 scenes
    ok 3 - BELIEF_SUSPENSE_EMOTIONAL_AFTERMATH_VOID fires when every suspense-spike has no emotional shift within 2 scenes
      ---
      duration_ms: 1.220576
      type: 'test'
      ...
    # Subtest: BELIEF_SUSPENSE_EMOTIONAL_AFTERMATH_VOID does not fire when a suspense-spike is followed by an emotional shift within 2 scenes
    ok 4 - BELIEF_SUSPENSE_EMOTIONAL_AFTERMATH_VOID does not fire when a suspense-spike is followed by an emotional shift within 2 scenes
      ---
      duration_ms: 1.500734
      type: 'test'
      ...
    # Subtest: BELIEF_EMOTION_CURIOSITY_AFTERMATH_VOID fires when every emotionally-charged scene has no curiosity rise within 2 scenes
    ok 5 - BELIEF_EMOTION_CURIOSITY_AFTERMATH_VOID fires when every emotionally-charged scene has no curiosity rise within 2 scenes
      ---
      duration_ms: 1.039851
      type: 'test'
      ...
    # Subtest: BELIEF_EMOTION_CURIOSITY_AFTERMATH_VOID does not fire when an emotionally-charged scene is followed by a curiosity rise within 2 scenes
    ok 6 - BELIEF_EMOTION_CURIOSITY_AFTERMATH_VOID does not fire when an emotionally-charged scene is followed by a curiosity rise within 2 scenes
      ---
      duration_ms: 1.647763
      type: 'test'
      ...
    1..6
ok 972 - Wave 1174 — beliefPass: belief suspense-curiosity aftermath void, belief suspense-emotional aftermath void, belief emotion-curiosity aftermath void
  ---
  duration_ms: 8.382892
  type: 'suite'
  ...
# Subtest: Wave 1160 — beliefPass: belief clock-staging aftermath void, belief turn-dialogue-highlight aftermath void, belief turn-staging aftermath void
    # Subtest: BELIEF_CLOCK_STAGING_AFTERMATH_VOID fires when every clock-raise has no heavily-staged scene within 2 scenes
    ok 1 - BELIEF_CLOCK_STAGING_AFTERMATH_VOID fires when every clock-raise has no heavily-staged scene within 2 scenes
      ---
      duration_ms: 1.171692
      type: 'test'
      ...
    # Subtest: BELIEF_CLOCK_STAGING_AFTERMATH_VOID does not fire when a clock-raise is followed by a heavily-staged scene within 2 scenes
    ok 2 - BELIEF_CLOCK_STAGING_AFTERMATH_VOID does not fire when a clock-raise is followed by a heavily-staged scene within 2 scenes
      ---
      duration_ms: 0.893669
      type: 'test'
      ...
    # Subtest: BELIEF_TURN_DIALOGUE_HIGHLIGHT_AFTERMATH_VOID fires when every dramatic turn has no highlighted dialogue within 2 scenes
    ok 3 - BELIEF_TURN_DIALOGUE_HIGHLIGHT_AFTERMATH_VOID fires when every dramatic turn has no highlighted dialogue within 2 scenes
      ---
      duration_ms: 0.931204
      type: 'test'
      ...
    # Subtest: BELIEF_TURN_DIALOGUE_HIGHLIGHT_AFTERMATH_VOID does not fire when a dramatic turn is followed by highlighted dialogue within 2 scenes
    ok 4 - BELIEF_TURN_DIALOGUE_HIGHLIGHT_AFTERMATH_VOID does not fire when a dramatic turn is followed by highlighted dialogue within 2 scenes
      ---
      duration_ms: 0.989877
      type: 'test'
      ...
    # Subtest: BELIEF_TURN_STAGING_AFTERMATH_VOID fires when every dramatic turn has no heavily-staged scene within 2 scenes
    ok 5 - BELIEF_TURN_STAGING_AFTERMATH_VOID fires when every dramatic turn has no heavily-staged scene within 2 scenes
      ---
      duration_ms: 0.878309
      type: 'test'
      ...
    # Subtest: BELIEF_TURN_STAGING_AFTERMATH_VOID does not fire when a dramatic turn is followed by a heavily-staged scene within 2 scenes
    ok 6 - BELIEF_TURN_STAGING_AFTERMATH_VOID does not fire when a dramatic turn is followed by a heavily-staged scene within 2 scenes
      ---
      duration_ms: 1.065687
      type: 'test'
      ...
    1..6
ok 973 - Wave 1160 — beliefPass: belief clock-staging aftermath void, belief turn-dialogue-highlight aftermath void, belief turn-staging aftermath void
  ---
  duration_ms: 6.276278
  type: 'suite'
  ...
# Subtest: Wave 1146 — beliefPass: belief clock-dialogue-highlight aftermath void, belief turn-curiosity aftermath void, belief turn-emotional aftermath void
    # Subtest: BELIEF_CLOCK_DIALOGUE_HIGHLIGHT_AFTERMATH_VOID fires when every clock-raise has no highlighted dialogue within 2 scenes
    ok 1 - BELIEF_CLOCK_DIALOGUE_HIGHLIGHT_AFTERMATH_VOID fires when every clock-raise has no highlighted dialogue within 2 scenes
      ---
      duration_ms: 1.038788
      type: 'test'
      ...
    # Subtest: BELIEF_CLOCK_DIALOGUE_HIGHLIGHT_AFTERMATH_VOID does not fire when a clock-raise is followed by highlighted dialogue within 2 scenes
    ok 2 - BELIEF_CLOCK_DIALOGUE_HIGHLIGHT_AFTERMATH_VOID does not fire when a clock-raise is followed by highlighted dialogue within 2 scenes
      ---
      duration_ms: 0.922906
      type: 'test'
      ...
    # Subtest: BELIEF_TURN_CURIOSITY_AFTERMATH_VOID fires when every dramatic turn has no curiosity rise within 2 scenes
    ok 3 - BELIEF_TURN_CURIOSITY_AFTERMATH_VOID fires when every dramatic turn has no curiosity rise within 2 scenes
      ---
      duration_ms: 0.904163
      type: 'test'
      ...
    # Subtest: BELIEF_TURN_CURIOSITY_AFTERMATH_VOID does not fire when a dramatic turn is followed by a curiosity rise within 2 scenes
    ok 4 - BELIEF_TURN_CURIOSITY_AFTERMATH_VOID does not fire when a dramatic turn is followed by a curiosity rise within 2 scenes
      ---
      duration_ms: 0.92697
      type: 'test'
      ...
    # Subtest: BELIEF_TURN_EMOTIONAL_AFTERMATH_VOID fires when every dramatic turn has no emotional shift within 2 scenes
    ok 5 - BELIEF_TURN_EMOTIONAL_AFTERMATH_VOID fires when every dramatic turn has no emotional shift within 2 scenes
      ---
      duration_ms: 0.924149
      type: 'test'
      ...
    # Subtest: BELIEF_TURN_EMOTIONAL_AFTERMATH_VOID does not fire when a dramatic turn is followed by an emotional shift within 2 scenes
    ok 6 - BELIEF_TURN_EMOTIONAL_AFTERMATH_VOID does not fire when a dramatic turn is followed by an emotional shift within 2 scenes
      ---
      duration_ms: 0.99038
      type: 'test'
      ...
    1..6
ok 974 - Wave 1146 — beliefPass: belief clock-dialogue-highlight aftermath void, belief turn-curiosity aftermath void, belief turn-emotional aftermath void
  ---
  duration_ms: 5.970151
  type: 'suite'
  ...
# Subtest: Wave 1132 — beliefPass: belief clock-emotional aftermath void, belief clock-relational aftermath void, belief turn-suspense aftermath void
    # Subtest: BELIEF_CLOCK_EMOTIONAL_AFTERMATH_VOID fires when every clock-raise has no emotional shift within 2 scenes
    ok 1 - BELIEF_CLOCK_EMOTIONAL_AFTERMATH_VOID fires when every clock-raise has no emotional shift within 2 scenes
      ---
      duration_ms: 1.02492
      type: 'test'
      ...
    # Subtest: BELIEF_CLOCK_EMOTIONAL_AFTERMATH_VOID does not fire when a clock-raise is followed by an emotional shift within 2 scenes
    ok 2 - BELIEF_CLOCK_EMOTIONAL_AFTERMATH_VOID does not fire when a clock-raise is followed by an emotional shift within 2 scenes
      ---
      duration_ms: 1.271516
      type: 'test'
      ...
    # Subtest: BELIEF_CLOCK_RELATIONAL_AFTERMATH_VOID fires when every clock-raise has no relationship shift within 2 scenes
    ok 3 - BELIEF_CLOCK_RELATIONAL_AFTERMATH_VOID fires when every clock-raise has no relationship shift within 2 scenes
      ---
      duration_ms: 8.067947
      type: 'test'
      ...
    # Subtest: BELIEF_CLOCK_RELATIONAL_AFTERMATH_VOID does not fire when a clock-raise is followed by a relationship shift within 2 scenes
    ok 4 - BELIEF_CLOCK_RELATIONAL_AFTERMATH_VOID does not fire when a clock-raise is followed by a relationship shift within 2 scenes
      ---
      duration_ms: 1.272705
      type: 'test'
      ...
    # Subtest: BELIEF_TURN_SUSPENSE_AFTERMATH_VOID fires when every dramatic turn has no suspense rise within 2 scenes
    ok 5 - BELIEF_TURN_SUSPENSE_AFTERMATH_VOID fires when every dramatic turn has no suspense rise within 2 scenes
      ---
      duration_ms: 1.653077
      type: 'test'
      ...
    # Subtest: BELIEF_TURN_SUSPENSE_AFTERMATH_VOID does not fire when a dramatic turn is followed by a suspense rise within 2 scenes
    ok 6 - BELIEF_TURN_SUSPENSE_AFTERMATH_VOID does not fire when a dramatic turn is followed by a suspense rise within 2 scenes
      ---
      duration_ms: 1.022495
      type: 'test'
      ...
    1..6
ok 975 - Wave 1132 — beliefPass: belief clock-emotional aftermath void, belief clock-relational aftermath void, belief turn-suspense aftermath void
  ---
  duration_ms: 14.636059
  type: 'suite'
  ...
# Subtest: Wave 1118 — beliefPass: belief clock-curiosity aftermath void, belief clock-suspense aftermath void, belief turn-relational aftermath void
    # Subtest: BELIEF_CLOCK_CURIOSITY_AFTERMATH_VOID fires when every clock-raise has no curiosity uptick within 2 scenes
    ok 1 - BELIEF_CLOCK_CURIOSITY_AFTERMATH_VOID fires when every clock-raise has no curiosity uptick within 2 scenes
      ---
      duration_ms: 1.082112
      type: 'test'
      ...
    # Subtest: BELIEF_CLOCK_CURIOSITY_AFTERMATH_VOID does not fire when a clock-raise is followed by a curiosity uptick within 2 scenes
    ok 2 - BELIEF_CLOCK_CURIOSITY_AFTERMATH_VOID does not fire when a clock-raise is followed by a curiosity uptick within 2 scenes
      ---
      duration_ms: 0.957527
      type: 'test'
      ...
    # Subtest: BELIEF_CLOCK_SUSPENSE_AFTERMATH_VOID fires when every clock-raise has no suspense rise within 2 scenes
    ok 3 - BELIEF_CLOCK_SUSPENSE_AFTERMATH_VOID fires when every clock-raise has no suspense rise within 2 scenes
      ---
      duration_ms: 0.873714
      type: 'test'
      ...
    # Subtest: BELIEF_CLOCK_SUSPENSE_AFTERMATH_VOID does not fire when a clock-raise is followed by a suspense rise within 2 scenes
    ok 4 - BELIEF_CLOCK_SUSPENSE_AFTERMATH_VOID does not fire when a clock-raise is followed by a suspense rise within 2 scenes
      ---
      duration_ms: 0.982204
      type: 'test'
      ...
    # Subtest: BELIEF_TURN_RELATIONAL_AFTERMATH_VOID fires when every dramatic turn has no relationship shift within 2 scenes
    ok 5 - BELIEF_TURN_RELATIONAL_AFTERMATH_VOID fires when every dramatic turn has no relationship shift within 2 scenes
      ---
      duration_ms: 0.942781
      type: 'test'
      ...
    # Subtest: BELIEF_TURN_RELATIONAL_AFTERMATH_VOID does not fire when a dramatic turn is followed by a relationship shift within 2 scenes
    ok 6 - BELIEF_TURN_RELATIONAL_AFTERMATH_VOID does not fire when a dramatic turn is followed by a relationship shift within 2 scenes
      ---
      duration_ms: 0.879567
      type: 'test'
      ...
    1..6
ok 976 - Wave 1118 — beliefPass: belief clock-curiosity aftermath void, belief clock-suspense aftermath void, belief turn-relational aftermath void
  ---
  duration_ms: 5.971053
  type: 'suite'
  ...
# Subtest: Wave 1104 — beliefPass: belief revelation-emotional aftermath void, belief revelation-dialogue-highlight aftermath void, belief revelation-staging aftermath void
    # Subtest: BELIEF_REVELATION_EMOTIONAL_AFTERMATH_VOID fires when every revelation has no emotional shift within 2 scenes
    ok 1 - BELIEF_REVELATION_EMOTIONAL_AFTERMATH_VOID fires when every revelation has no emotional shift within 2 scenes
      ---
      duration_ms: 1.299982
      type: 'test'
      ...
    # Subtest: BELIEF_REVELATION_EMOTIONAL_AFTERMATH_VOID does not fire when a revelation is followed by an emotional shift within 2 scenes
    ok 2 - BELIEF_REVELATION_EMOTIONAL_AFTERMATH_VOID does not fire when a revelation is followed by an emotional shift within 2 scenes
      ---
      duration_ms: 1.032565
      type: 'test'
      ...
    # Subtest: BELIEF_REVELATION_DIALOGUE_HIGHLIGHT_AFTERMATH_VOID fires when every revelation has no highlighted dialogue within 2 scenes
    ok 3 - BELIEF_REVELATION_DIALOGUE_HIGHLIGHT_AFTERMATH_VOID fires when every revelation has no highlighted dialogue within 2 scenes
      ---
      duration_ms: 1.039752
      type: 'test'
      ...
    # Subtest: BELIEF_REVELATION_DIALOGUE_HIGHLIGHT_AFTERMATH_VOID does not fire when a revelation is followed by highlighted dialogue within 2 scenes
    ok 4 - BELIEF_REVELATION_DIALOGUE_HIGHLIGHT_AFTERMATH_VOID does not fire when a revelation is followed by highlighted dialogue within 2 scenes
      ---
      duration_ms: 8.549725
      type: 'test'
      ...
    # Subtest: BELIEF_REVELATION_STAGING_AFTERMATH_VOID fires when every revelation has no heavily-staged scene within 2 scenes
    ok 5 - BELIEF_REVELATION_STAGING_AFTERMATH_VOID fires when every revelation has no heavily-staged scene within 2 scenes
      ---
      duration_ms: 1.080168
      type: 'test'
      ...
    # Subtest: BELIEF_REVELATION_STAGING_AFTERMATH_VOID does not fire when a revelation is followed by a heavily-staged scene within 2 scenes
    ok 6 - BELIEF_REVELATION_STAGING_AFTERMATH_VOID does not fire when a revelation is followed by a heavily-staged scene within 2 scenes
      ---
      duration_ms: 1.141244
      type: 'test'
      ...
    1..6
ok 977 - Wave 1104 — beliefPass: belief revelation-emotional aftermath void, belief revelation-dialogue-highlight aftermath void, belief revelation-staging aftermath void
  ---
  duration_ms: 14.416973
  type: 'suite'
  ...
# Subtest: Wave 1090 — beliefPass: belief revelation-curiosity aftermath void, belief revelation-suspense aftermath void, belief revelation-relational aftermath void
    # Subtest: BELIEF_REVELATION_CURIOSITY_AFTERMATH_VOID fires when every revelation has no curiosity rise within 2 scenes
    ok 1 - BELIEF_REVELATION_CURIOSITY_AFTERMATH_VOID fires when every revelation has no curiosity rise within 2 scenes
      ---
      duration_ms: 1.08083
      type: 'test'
      ...
    # Subtest: BELIEF_REVELATION_CURIOSITY_AFTERMATH_VOID does not fire when a revelation is followed by a curiosity rise within 2 scenes
    ok 2 - BELIEF_REVELATION_CURIOSITY_AFTERMATH_VOID does not fire when a revelation is followed by a curiosity rise within 2 scenes
      ---
      duration_ms: 0.959548
      type: 'test'
      ...
    # Subtest: BELIEF_REVELATION_SUSPENSE_AFTERMATH_VOID fires when every revelation has no suspense rise within 2 scenes
    ok 3 - BELIEF_REVELATION_SUSPENSE_AFTERMATH_VOID fires when every revelation has no suspense rise within 2 scenes
      ---
      duration_ms: 1.030356
      type: 'test'
      ...
    # Subtest: BELIEF_REVELATION_SUSPENSE_AFTERMATH_VOID does not fire when a revelation is followed by a suspense rise within 2 scenes
    ok 4 - BELIEF_REVELATION_SUSPENSE_AFTERMATH_VOID does not fire when a revelation is followed by a suspense rise within 2 scenes
      ---
      duration_ms: 0.968038
      type: 'test'
      ...
    # Subtest: BELIEF_REVELATION_RELATIONAL_AFTERMATH_VOID fires when every revelation has no relationship shift within 2 scenes
    ok 5 - BELIEF_REVELATION_RELATIONAL_AFTERMATH_VOID fires when every revelation has no relationship shift within 2 scenes
      ---
      duration_ms: 1.077477
      type: 'test'
      ...
    # Subtest: BELIEF_REVELATION_RELATIONAL_AFTERMATH_VOID does not fire when a revelation is followed by a relationship shift within 2 scenes
    ok 6 - BELIEF_REVELATION_RELATIONAL_AFTERMATH_VOID does not fire when a revelation is followed by a relationship shift within 2 scenes
      ---
      duration_ms: 1.010549
      type: 'test'
      ...
    1..6
ok 978 - Wave 1090 — beliefPass: belief revelation-curiosity aftermath void, belief revelation-suspense aftermath void, belief revelation-relational aftermath void
  ---
  duration_ms: 6.397012
  type: 'suite'
  ...
# Subtest: Wave 1076 — beliefPass: belief seed-staging aftermath void, belief open-thread-dialogue-highlight aftermath void, belief open-thread-staging aftermath void
    # Subtest: BELIEF_SEED_STAGING_AFTERMATH_VOID fires when every seed has no visually dense scene within 2 scenes
    ok 1 - BELIEF_SEED_STAGING_AFTERMATH_VOID fires when every seed has no visually dense scene within 2 scenes
      ---
      duration_ms: 1.154361
      type: 'test'
      ...
    # Subtest: BELIEF_SEED_STAGING_AFTERMATH_VOID does not fire when a seed is followed by a visually dense scene within 2 scenes
    ok 2 - BELIEF_SEED_STAGING_AFTERMATH_VOID does not fire when a seed is followed by a visually dense scene within 2 scenes
      ---
      duration_ms: 0.975068
      type: 'test'
      ...
    # Subtest: BELIEF_OPEN_THREAD_DIALOGUE_HIGHLIGHT_AFTERMATH_VOID fires when every heavy clue-debt scene has no highlighted dialogue within 2 scenes
    ok 3 - BELIEF_OPEN_THREAD_DIALOGUE_HIGHLIGHT_AFTERMATH_VOID fires when every heavy clue-debt scene has no highlighted dialogue within 2 scenes
      ---
      duration_ms: 1.068238
      type: 'test'
      ...
    # Subtest: BELIEF_OPEN_THREAD_DIALOGUE_HIGHLIGHT_AFTERMATH_VOID does not fire when a heavy clue-debt scene is followed by highlighted dialogue within 2 scenes
    ok 4 - BELIEF_OPEN_THREAD_DIALOGUE_HIGHLIGHT_AFTERMATH_VOID does not fire when a heavy clue-debt scene is followed by highlighted dialogue within 2 scenes
      ---
      duration_ms: 1.025418
      type: 'test'
      ...
    # Subtest: BELIEF_OPEN_THREAD_STAGING_AFTERMATH_VOID fires when every heavy clue-debt scene has no visually dense scene within 2 scenes
    ok 5 - BELIEF_OPEN_THREAD_STAGING_AFTERMATH_VOID fires when every heavy clue-debt scene has no visually dense scene within 2 scenes
      ---
      duration_ms: 0.859238
      type: 'test'
      ...
    # Subtest: BELIEF_OPEN_THREAD_STAGING_AFTERMATH_VOID does not fire when a heavy clue-debt scene is followed by a visually dense scene within 2 scenes
    ok 6 - BELIEF_OPEN_THREAD_STAGING_AFTERMATH_VOID does not fire when a heavy clue-debt scene is followed by a visually dense scene within 2 scenes
      ---
      duration_ms: 0.819346
      type: 'test'
      ...
    1..6
ok 979 - Wave 1076 — beliefPass: belief seed-staging aftermath void, belief open-thread-dialogue-highlight aftermath void, belief open-thread-staging aftermath void
  ---
  duration_ms: 6.317657
  type: 'suite'
  ...
# Subtest: Wave 1062 — beliefPass: belief stakes-staging aftermath void, belief payoff-dialogue-highlight aftermath void, belief seed-dialogue-highlight aftermath void
    # Subtest: BELIEF_STAKES_STAGING_AFTERMATH_VOID fires when every stakes-raise has no visually dense scene within 2 scenes
    ok 1 - BELIEF_STAKES_STAGING_AFTERMATH_VOID fires when every stakes-raise has no visually dense scene within 2 scenes
      ---
      duration_ms: 0.971892
      type: 'test'
      ...
    # Subtest: BELIEF_STAKES_STAGING_AFTERMATH_VOID does not fire when a stakes-raise is followed by a visually dense scene within 2 scenes
    ok 2 - BELIEF_STAKES_STAGING_AFTERMATH_VOID does not fire when a stakes-raise is followed by a visually dense scene within 2 scenes
      ---
      duration_ms: 1.496601
      type: 'test'
      ...
    # Subtest: BELIEF_PAYOFF_DIALOGUE_HIGHLIGHT_AFTERMATH_VOID fires when every payoff has no highlighted dialogue within 2 scenes
    ok 3 - BELIEF_PAYOFF_DIALOGUE_HIGHLIGHT_AFTERMATH_VOID fires when every payoff has no highlighted dialogue within 2 scenes
      ---
      duration_ms: 1.060226
      type: 'test'
      ...
    # Subtest: BELIEF_PAYOFF_DIALOGUE_HIGHLIGHT_AFTERMATH_VOID does not fire when a payoff is followed by highlighted dialogue within 2 scenes
    ok 4 - BELIEF_PAYOFF_DIALOGUE_HIGHLIGHT_AFTERMATH_VOID does not fire when a payoff is followed by highlighted dialogue within 2 scenes
      ---
      duration_ms: 0.897723
      type: 'test'
      ...
    # Subtest: BELIEF_SEED_DIALOGUE_HIGHLIGHT_AFTERMATH_VOID fires when every seed has no highlighted dialogue within 2 scenes
    ok 5 - BELIEF_SEED_DIALOGUE_HIGHLIGHT_AFTERMATH_VOID fires when every seed has no highlighted dialogue within 2 scenes
      ---
      duration_ms: 0.884305
      type: 'test'
      ...
    # Subtest: BELIEF_SEED_DIALOGUE_HIGHLIGHT_AFTERMATH_VOID does not fire when a seed is followed by highlighted dialogue within 2 scenes
    ok 6 - BELIEF_SEED_DIALOGUE_HIGHLIGHT_AFTERMATH_VOID does not fire when a seed is followed by highlighted dialogue within 2 scenes
      ---
      duration_ms: 1.041153
      type: 'test'
      ...
    1..6
ok 980 - Wave 1062 — beliefPass: belief stakes-staging aftermath void, belief payoff-dialogue-highlight aftermath void, belief seed-dialogue-highlight aftermath void
  ---
  duration_ms: 6.73001
  type: 'suite'
  ...
# Subtest: Wave 1048 — beliefPass: belief open-thread-suspense aftermath void, belief stakes-dialogue-highlight aftermath void, belief payoff-staging aftermath void
    # Subtest: BELIEF_OPEN_THREAD_SUSPENSE_AFTERMATH_VOID fires when every heavy clue-debt scene has no suspense rise within 2 scenes
    ok 1 - BELIEF_OPEN_THREAD_SUSPENSE_AFTERMATH_VOID fires when every heavy clue-debt scene has no suspense rise within 2 scenes
      ---
      duration_ms: 1.120892
      type: 'test'
      ...
    # Subtest: BELIEF_OPEN_THREAD_SUSPENSE_AFTERMATH_VOID does not fire when a heavy clue-debt scene is followed by a suspense rise within 2 scenes
    ok 2 - BELIEF_OPEN_THREAD_SUSPENSE_AFTERMATH_VOID does not fire when a heavy clue-debt scene is followed by a suspense rise within 2 scenes
      ---
      duration_ms: 0.98219
      type: 'test'
      ...
    # Subtest: BELIEF_STAKES_DIALOGUE_HIGHLIGHT_AFTERMATH_VOID fires when every stakes-raise has no highlighted dialogue within 2 scenes
    ok 3 - BELIEF_STAKES_DIALOGUE_HIGHLIGHT_AFTERMATH_VOID fires when every stakes-raise has no highlighted dialogue within 2 scenes
      ---
      duration_ms: 0.880104
      type: 'test'
      ...
    # Subtest: BELIEF_STAKES_DIALOGUE_HIGHLIGHT_AFTERMATH_VOID does not fire when a stakes-raise is followed by highlighted dialogue within 2 scenes
    ok 4 - BELIEF_STAKES_DIALOGUE_HIGHLIGHT_AFTERMATH_VOID does not fire when a stakes-raise is followed by highlighted dialogue within 2 scenes
      ---
      duration_ms: 1.634126
      type: 'test'
      ...
    # Subtest: BELIEF_PAYOFF_STAGING_AFTERMATH_VOID fires when every payoff has no visually dense scene within 2 scenes
    ok 5 - BELIEF_PAYOFF_STAGING_AFTERMATH_VOID fires when every payoff has no visually dense scene within 2 scenes
      ---
      duration_ms: 0.913108
      type: 'test'
      ...
    # Subtest: BELIEF_PAYOFF_STAGING_AFTERMATH_VOID does not fire when a payoff is followed by a visually dense scene within 2 scenes
    ok 6 - BELIEF_PAYOFF_STAGING_AFTERMATH_VOID does not fire when a payoff is followed by a visually dense scene within 2 scenes
      ---
      duration_ms: 0.941934
      type: 'test'
      ...
    1..6
ok 981 - Wave 1048 — beliefPass: belief open-thread-suspense aftermath void, belief stakes-dialogue-highlight aftermath void, belief payoff-staging aftermath void
  ---
  duration_ms: 6.726586
  type: 'suite'
  ...
# Subtest: Wave 1034 — beliefPass: belief seed-curiosity aftermath void, belief open-thread-emotional aftermath void, belief open-thread-relational aftermath void
    # Subtest: BELIEF_SEED_CURIOSITY_AFTERMATH_VOID fires when every seed has no curiosity rise within 2 scenes
    ok 1 - BELIEF_SEED_CURIOSITY_AFTERMATH_VOID fires when every seed has no curiosity rise within 2 scenes
      ---
      duration_ms: 1.085761
      type: 'test'
      ...
    # Subtest: BELIEF_SEED_CURIOSITY_AFTERMATH_VOID does not fire when a seed is followed by a curiosity rise within 2 scenes
    ok 2 - BELIEF_SEED_CURIOSITY_AFTERMATH_VOID does not fire when a seed is followed by a curiosity rise within 2 scenes
      ---
      duration_ms: 1.003479
      type: 'test'
      ...
    # Subtest: BELIEF_OPEN_THREAD_EMOTIONAL_AFTERMATH_VOID fires when every heavy clue-debt scene has no emotional shift within 2 scenes
    ok 3 - BELIEF_OPEN_THREAD_EMOTIONAL_AFTERMATH_VOID fires when every heavy clue-debt scene has no emotional shift within 2 scenes
      ---
      duration_ms: 0.911635
      type: 'test'
      ...
    # Subtest: BELIEF_OPEN_THREAD_EMOTIONAL_AFTERMATH_VOID does not fire when a heavy clue-debt scene is followed by an emotional shift within 2 scenes
    ok 4 - BELIEF_OPEN_THREAD_EMOTIONAL_AFTERMATH_VOID does not fire when a heavy clue-debt scene is followed by an emotional shift within 2 scenes
      ---
      duration_ms: 1.115388
      type: 'test'
      ...
    # Subtest: BELIEF_OPEN_THREAD_RELATIONAL_AFTERMATH_VOID fires when every heavy clue-debt scene has no relationship shift within 2 scenes
    ok 5 - BELIEF_OPEN_THREAD_RELATIONAL_AFTERMATH_VOID fires when every heavy clue-debt scene has no relationship shift within 2 scenes
      ---
      duration_ms: 0.992205
      type: 'test'
      ...
    # Subtest: BELIEF_OPEN_THREAD_RELATIONAL_AFTERMATH_VOID does not fire when a heavy clue-debt scene is followed by a relationship shift within 2 scenes
    ok 6 - BELIEF_OPEN_THREAD_RELATIONAL_AFTERMATH_VOID does not fire when a heavy clue-debt scene is followed by a relationship shift within 2 scenes
      ---
      duration_ms: 0.998315
      type: 'test'
      ...
    1..6
ok 982 - Wave 1034 — beliefPass: belief seed-curiosity aftermath void, belief open-thread-emotional aftermath void, belief open-thread-relational aftermath void
  ---
  duration_ms: 6.36697
  type: 'suite'
  ...
# Subtest: Wave 1020 — beliefPass: belief stakes-curiosity aftermath void, belief payoff-suspense aftermath void, belief seed-relational aftermath void
    # Subtest: BELIEF_STAKES_CURIOSITY_AFTERMATH_VOID fires when every stakes-raise has no curiosity rise within 2 scenes
    ok 1 - BELIEF_STAKES_CURIOSITY_AFTERMATH_VOID fires when every stakes-raise has no curiosity rise within 2 scenes
      ---
      duration_ms: 0.991926
      type: 'test'
      ...
    # Subtest: BELIEF_STAKES_CURIOSITY_AFTERMATH_VOID does not fire when a stakes-raise is followed by a curiosity rise within 2 scenes
    ok 2 - BELIEF_STAKES_CURIOSITY_AFTERMATH_VOID does not fire when a stakes-raise is followed by a curiosity rise within 2 scenes
      ---
      duration_ms: 0.880696
      type: 'test'
      ...
    # Subtest: BELIEF_PAYOFF_SUSPENSE_AFTERMATH_VOID fires when every payoff setup has no suspense rise within 2 scenes
    ok 3 - BELIEF_PAYOFF_SUSPENSE_AFTERMATH_VOID fires when every payoff setup has no suspense rise within 2 scenes
      ---
      duration_ms: 1.036301
      type: 'test'
      ...
    # Subtest: BELIEF_PAYOFF_SUSPENSE_AFTERMATH_VOID does not fire when a payoff setup is followed by a suspense rise within 2 scenes
    ok 4 - BELIEF_PAYOFF_SUSPENSE_AFTERMATH_VOID does not fire when a payoff setup is followed by a suspense rise within 2 scenes
      ---
      duration_ms: 1.073353
      type: 'test'
      ...
    # Subtest: BELIEF_SEED_RELATIONAL_AFTERMATH_VOID fires when every seed has no relationship shift within 2 scenes
    ok 5 - BELIEF_SEED_RELATIONAL_AFTERMATH_VOID fires when every seed has no relationship shift within 2 scenes
      ---
      duration_ms: 0.860364
      type: 'test'
      ...
    # Subtest: BELIEF_SEED_RELATIONAL_AFTERMATH_VOID does not fire when a seed is followed by a relationship shift within 2 scenes
    ok 6 - BELIEF_SEED_RELATIONAL_AFTERMATH_VOID does not fire when a seed is followed by a relationship shift within 2 scenes
      ---
      duration_ms: 0.873941
      type: 'test'
      ...
    1..6
ok 983 - Wave 1020 — beliefPass: belief stakes-curiosity aftermath void, belief payoff-suspense aftermath void, belief seed-relational aftermath void
  ---
  duration_ms: 5.988449
  type: 'suite'
  ...
# Subtest: Wave 1006 — beliefPass: belief stakes-emotional aftermath void, belief seed-suspense aftermath void, belief payoff-emotional aftermath void
    # Subtest: BELIEF_STAKES_EMOTIONAL_AFTERMATH_VOID fires when every stakes-raise has no emotional shift within 2 scenes
    ok 1 - BELIEF_STAKES_EMOTIONAL_AFTERMATH_VOID fires when every stakes-raise has no emotional shift within 2 scenes
      ---
      duration_ms: 1.164788
      type: 'test'
      ...
    # Subtest: BELIEF_STAKES_EMOTIONAL_AFTERMATH_VOID does not fire when a stakes-raise is followed by an emotional shift within 2 scenes
    ok 2 - BELIEF_STAKES_EMOTIONAL_AFTERMATH_VOID does not fire when a stakes-raise is followed by an emotional shift within 2 scenes
      ---
      duration_ms: 0.862574
      type: 'test'
      ...
    # Subtest: BELIEF_SEED_SUSPENSE_AFTERMATH_VOID fires when every seed has no rise in suspense within 2 scenes
    ok 3 - BELIEF_SEED_SUSPENSE_AFTERMATH_VOID fires when every seed has no rise in suspense within 2 scenes
      ---
      duration_ms: 1.386236
      type: 'test'
      ...
    # Subtest: BELIEF_SEED_SUSPENSE_AFTERMATH_VOID does not fire when a seed is followed by rising suspense within 2 scenes
    ok 4 - BELIEF_SEED_SUSPENSE_AFTERMATH_VOID does not fire when a seed is followed by rising suspense within 2 scenes
      ---
      duration_ms: 0.847729
      type: 'test'
      ...
    # Subtest: BELIEF_PAYOFF_EMOTIONAL_AFTERMATH_VOID fires when every payoff has no emotional shift within 2 scenes
    ok 5 - BELIEF_PAYOFF_EMOTIONAL_AFTERMATH_VOID fires when every payoff has no emotional shift within 2 scenes
      ---
      duration_ms: 0.920849
      type: 'test'
      ...
    # Subtest: BELIEF_PAYOFF_EMOTIONAL_AFTERMATH_VOID does not fire when a payoff is followed by an emotional shift within 2 scenes
    ok 6 - BELIEF_PAYOFF_EMOTIONAL_AFTERMATH_VOID does not fire when a payoff is followed by an emotional shift within 2 scenes
      ---
      duration_ms: 0.837302
      type: 'test'
      ...
    1..6
ok 984 - Wave 1006 — beliefPass: belief stakes-emotional aftermath void, belief seed-suspense aftermath void, belief payoff-emotional aftermath void
  ---
  duration_ms: 6.278426
  type: 'suite'
  ...
# Subtest: Wave 992 — beliefPass: belief stakes suspense aftermath void, belief payoff relationship aftermath void, belief open-thread curiosity aftermath void
    # Subtest: BELIEF_STAKES_SUSPENSE_AFTERMATH_VOID fires when every stakes-raise has no rise in suspense within 2 scenes
    ok 1 - BELIEF_STAKES_SUSPENSE_AFTERMATH_VOID fires when every stakes-raise has no rise in suspense within 2 scenes
      ---
      duration_ms: 1.002776
      type: 'test'
      ...
    # Subtest: BELIEF_STAKES_SUSPENSE_AFTERMATH_VOID does not fire when a stakes-raise is followed by rising suspense within 2 scenes
    ok 2 - BELIEF_STAKES_SUSPENSE_AFTERMATH_VOID does not fire when a stakes-raise is followed by rising suspense within 2 scenes
      ---
      duration_ms: 0.852124
      type: 'test'
      ...
    # Subtest: BELIEF_PAYOFF_RELATIONSHIP_AFTERMATH_VOID fires when every payoff has no relationship shift within 2 scenes
    ok 3 - BELIEF_PAYOFF_RELATIONSHIP_AFTERMATH_VOID fires when every payoff has no relationship shift within 2 scenes
      ---
      duration_ms: 1.022814
      type: 'test'
      ...
    # Subtest: BELIEF_PAYOFF_RELATIONSHIP_AFTERMATH_VOID does not fire when a payoff is followed by a relationship shift within 2 scenes
    ok 4 - BELIEF_PAYOFF_RELATIONSHIP_AFTERMATH_VOID does not fire when a payoff is followed by a relationship shift within 2 scenes
      ---
      duration_ms: 0.963673
      type: 'test'
      ...
    # Subtest: BELIEF_OPEN_THREAD_CURIOSITY_AFTERMATH_VOID fires when every heavy clue-debt scene has no curiosity raised within 2 scenes
    ok 5 - BELIEF_OPEN_THREAD_CURIOSITY_AFTERMATH_VOID fires when every heavy clue-debt scene has no curiosity raised within 2 scenes
      ---
      duration_ms: 0.891649
      type: 'test'
      ...
    # Subtest: BELIEF_OPEN_THREAD_CURIOSITY_AFTERMATH_VOID does not fire when a heavy clue-debt scene is followed by new curiosity within 2 scenes
    ok 6 - BELIEF_OPEN_THREAD_CURIOSITY_AFTERMATH_VOID does not fire when a heavy clue-debt scene is followed by new curiosity within 2 scenes
      ---
      duration_ms: 0.888522
      type: 'test'
      ...
    1..6
ok 985 - Wave 992 — beliefPass: belief stakes suspense aftermath void, belief payoff relationship aftermath void, belief open-thread curiosity aftermath void
  ---
  duration_ms: 5.880913
  type: 'suite'
  ...
# Subtest: Wave 978 — beliefPass: belief stakes relationship aftermath void, belief payoff curiosity aftermath void, belief seed emotional aftermath void
    # Subtest: BELIEF_STAKES_RELATIONSHIP_AFTERMATH_VOID fires when every stakes-raise has no relationship shift within 2 scenes
    ok 1 - BELIEF_STAKES_RELATIONSHIP_AFTERMATH_VOID fires when every stakes-raise has no relationship shift within 2 scenes
      ---
      duration_ms: 1.073023
      type: 'test'
      ...
    # Subtest: BELIEF_STAKES_RELATIONSHIP_AFTERMATH_VOID does not fire when a stakes-raise is followed by a relationship shift within 2 scenes
    ok 2 - BELIEF_STAKES_RELATIONSHIP_AFTERMATH_VOID does not fire when a stakes-raise is followed by a relationship shift within 2 scenes
      ---
      duration_ms: 0.899292
      type: 'test'
      ...
    # Subtest: BELIEF_PAYOFF_CURIOSITY_AFTERMATH_VOID fires when every payoff has no curiosity raised within 2 scenes
    ok 3 - BELIEF_PAYOFF_CURIOSITY_AFTERMATH_VOID fires when every payoff has no curiosity raised within 2 scenes
      ---
      duration_ms: 0.842079
      type: 'test'
      ...
    # Subtest: BELIEF_PAYOFF_CURIOSITY_AFTERMATH_VOID does not fire when a payoff is followed by curiosity within 2 scenes
    ok 4 - BELIEF_PAYOFF_CURIOSITY_AFTERMATH_VOID does not fire when a payoff is followed by curiosity within 2 scenes
      ---
      duration_ms: 0.72105
      type: 'test'
      ...
    # Subtest: BELIEF_SEED_EMOTIONAL_AFTERMATH_VOID fires when every seed has no emotional shift within 2 scenes
    ok 5 - BELIEF_SEED_EMOTIONAL_AFTERMATH_VOID fires when every seed has no emotional shift within 2 scenes
      ---
      duration_ms: 0.88959
      type: 'test'
      ...
    # Subtest: BELIEF_SEED_EMOTIONAL_AFTERMATH_VOID does not fire when a seed is followed by an emotional shift within 2 scenes
    ok 6 - BELIEF_SEED_EMOTIONAL_AFTERMATH_VOID does not fire when a seed is followed by an emotional shift within 2 scenes
      ---
      duration_ms: 0.859563
      type: 'test'
      ...
    1..6
ok 986 - Wave 978 — beliefPass: belief stakes relationship aftermath void, belief payoff curiosity aftermath void, belief seed emotional aftermath void
  ---
  duration_ms: 5.536801
  type: 'suite'
  ...
# Subtest: Wave 964 — beliefPass: belief highlight zone imbalance, belief relationship zone imbalance, belief turn zone imbalance
    # Subtest: BELIEF_HIGHLIGHT_ZONE_IMBALANCE fires when one zone is empty while another holds >=50% of dialogue-highlight scenes
    ok 1 - BELIEF_HIGHLIGHT_ZONE_IMBALANCE fires when one zone is empty while another holds >=50% of dialogue-highlight scenes
      ---
      duration_ms: 0.955217
      type: 'test'
      ...
    # Subtest: BELIEF_HIGHLIGHT_ZONE_IMBALANCE does not fire when dialogue-highlight scenes touch every zone
    ok 2 - BELIEF_HIGHLIGHT_ZONE_IMBALANCE does not fire when dialogue-highlight scenes touch every zone
      ---
      duration_ms: 0.916943
      type: 'test'
      ...
    # Subtest: BELIEF_RELATIONSHIP_ZONE_IMBALANCE fires when one zone is empty while another holds >=50% of relationship-shift scenes
    ok 3 - BELIEF_RELATIONSHIP_ZONE_IMBALANCE fires when one zone is empty while another holds >=50% of relationship-shift scenes
      ---
      duration_ms: 0.886804
      type: 'test'
      ...
    # Subtest: BELIEF_RELATIONSHIP_ZONE_IMBALANCE does not fire when relationship-shift scenes touch every zone
    ok 4 - BELIEF_RELATIONSHIP_ZONE_IMBALANCE does not fire when relationship-shift scenes touch every zone
      ---
      duration_ms: 0.951144
      type: 'test'
      ...
    # Subtest: BELIEF_TURN_ZONE_IMBALANCE fires when one zone is empty while another holds >=50% of dramatic-turn scenes
    ok 5 - BELIEF_TURN_ZONE_IMBALANCE fires when one zone is empty while another holds >=50% of dramatic-turn scenes
      ---
      duration_ms: 0.930784
      type: 'test'
      ...
    # Subtest: BELIEF_TURN_ZONE_IMBALANCE does not fire when dramatic-turn scenes touch every zone
    ok 6 - BELIEF_TURN_ZONE_IMBALANCE does not fire when dramatic-turn scenes touch every zone
      ---
      duration_ms: 0.844713
      type: 'test'
      ...
    1..6
ok 987 - Wave 964 — beliefPass: belief highlight zone imbalance, belief relationship zone imbalance, belief turn zone imbalance
  ---
  duration_ms: 5.734133
  type: 'suite'
  ...
# Subtest: Wave 950 — beliefPass: belief payoff zone imbalance, belief open thread zone imbalance, belief seed zone imbalance
    # Subtest: BELIEF_PAYOFF_ZONE_IMBALANCE fires when one zone is empty while another holds >=50% of payoff scenes
    ok 1 - BELIEF_PAYOFF_ZONE_IMBALANCE fires when one zone is empty while another holds >=50% of payoff scenes
      ---
      duration_ms: 0.996823
      type: 'test'
      ...
    # Subtest: BELIEF_PAYOFF_ZONE_IMBALANCE does not fire when payoff scenes touch every zone
    ok 2 - BELIEF_PAYOFF_ZONE_IMBALANCE does not fire when payoff scenes touch every zone
      ---
      duration_ms: 0.880929
      type: 'test'
      ...
    # Subtest: BELIEF_OPEN_THREAD_ZONE_IMBALANCE fires when one zone is empty while another holds >=50% of open-thread scenes
    ok 3 - BELIEF_OPEN_THREAD_ZONE_IMBALANCE fires when one zone is empty while another holds >=50% of open-thread scenes
      ---
      duration_ms: 0.884484
      type: 'test'
      ...
    # Subtest: BELIEF_OPEN_THREAD_ZONE_IMBALANCE does not fire when open-thread scenes touch every zone
    ok 4 - BELIEF_OPEN_THREAD_ZONE_IMBALANCE does not fire when open-thread scenes touch every zone
      ---
      duration_ms: 0.796467
      type: 'test'
      ...
    # Subtest: BELIEF_SEED_ZONE_IMBALANCE fires when one zone is empty while another holds >=50% of seeding scenes
    ok 5 - BELIEF_SEED_ZONE_IMBALANCE fires when one zone is empty while another holds >=50% of seeding scenes
      ---
      duration_ms: 0.888451
      type: 'test'
      ...
    # Subtest: BELIEF_SEED_ZONE_IMBALANCE does not fire when seeding scenes touch every zone
    ok 6 - BELIEF_SEED_ZONE_IMBALANCE does not fire when seeding scenes touch every zone
      ---
      duration_ms: 0.835446
      type: 'test'
      ...
    1..6
ok 988 - Wave 950 — beliefPass: belief payoff zone imbalance, belief open thread zone imbalance, belief seed zone imbalance
  ---
  duration_ms: 5.616073
  type: 'suite'
  ...
# Subtest: Wave 936 — beliefPass: belief positive emotion zone imbalance, belief suspense zone imbalance, belief curiosity zone imbalance
    # Subtest: BELIEF_POSITIVE_EMOTION_ZONE_IMBALANCE fires when one zone is empty while another holds >=50% of positive-shift scenes
    ok 1 - BELIEF_POSITIVE_EMOTION_ZONE_IMBALANCE fires when one zone is empty while another holds >=50% of positive-shift scenes
      ---
      duration_ms: 1.070283
      type: 'test'
      ...
    # Subtest: BELIEF_POSITIVE_EMOTION_ZONE_IMBALANCE does not fire when positive-shift scenes touch every zone
    ok 2 - BELIEF_POSITIVE_EMOTION_ZONE_IMBALANCE does not fire when positive-shift scenes touch every zone
      ---
      duration_ms: 0.826028
      type: 'test'
      ...
    # Subtest: BELIEF_SUSPENSE_ZONE_IMBALANCE fires when one zone is empty while another holds >=50% of suspense-raising scenes
    ok 3 - BELIEF_SUSPENSE_ZONE_IMBALANCE fires when one zone is empty while another holds >=50% of suspense-raising scenes
      ---
      duration_ms: 0.804542
      type: 'test'
      ...
    # Subtest: BELIEF_SUSPENSE_ZONE_IMBALANCE does not fire when suspense-raising scenes touch every zone
    ok 4 - BELIEF_SUSPENSE_ZONE_IMBALANCE does not fire when suspense-raising scenes touch every zone
      ---
      duration_ms: 0.802615
      type: 'test'
      ...
    # Subtest: BELIEF_CURIOSITY_ZONE_IMBALANCE fires when one zone is empty while another holds >=50% of curiosity-raising scenes
    ok 5 - BELIEF_CURIOSITY_ZONE_IMBALANCE fires when one zone is empty while another holds >=50% of curiosity-raising scenes
      ---
      duration_ms: 0.954347
      type: 'test'
      ...
    # Subtest: BELIEF_CURIOSITY_ZONE_IMBALANCE does not fire when curiosity-raising scenes touch every zone
    ok 6 - BELIEF_CURIOSITY_ZONE_IMBALANCE does not fire when curiosity-raising scenes touch every zone
      ---
      duration_ms: 0.801839
      type: 'test'
      ...
    1..6
ok 989 - Wave 936 — beliefPass: belief positive emotion zone imbalance, belief suspense zone imbalance, belief curiosity zone imbalance
  ---
  duration_ms: 5.571883
  type: 'suite'
  ...
# Subtest: Wave 922 — beliefPass: belief stakes zone imbalance, belief revelation purpose zone imbalance, belief negative emotion zone imbalance
    # Subtest: BELIEF_STAKES_ZONE_IMBALANCE fires when one zone is empty while another holds >=50% of stakes-raising scenes
    ok 1 - BELIEF_STAKES_ZONE_IMBALANCE fires when one zone is empty while another holds >=50% of stakes-raising scenes
      ---
      duration_ms: 1.020696
      type: 'test'
      ...
    # Subtest: BELIEF_STAKES_ZONE_IMBALANCE does not fire when stakes-raising scenes touch every zone
    ok 2 - BELIEF_STAKES_ZONE_IMBALANCE does not fire when stakes-raising scenes touch every zone
      ---
      duration_ms: 0.79783
      type: 'test'
      ...
    # Subtest: BELIEF_REVELATION_PURPOSE_ZONE_IMBALANCE fires when one zone is empty while another holds >=50% of revelation-purposed scenes
    ok 3 - BELIEF_REVELATION_PURPOSE_ZONE_IMBALANCE fires when one zone is empty while another holds >=50% of revelation-purposed scenes
      ---
      duration_ms: 0.940545
      type: 'test'
      ...
    # Subtest: BELIEF_REVELATION_PURPOSE_ZONE_IMBALANCE does not fire when revelation-purposed scenes touch every zone
    ok 4 - BELIEF_REVELATION_PURPOSE_ZONE_IMBALANCE does not fire when revelation-purposed scenes touch every zone
      ---
      duration_ms: 0.773672
      type: 'test'
      ...
    # Subtest: BELIEF_NEGATIVE_EMOTION_ZONE_IMBALANCE fires when one zone is empty while another holds >=50% of negative-shift scenes
    ok 5 - BELIEF_NEGATIVE_EMOTION_ZONE_IMBALANCE fires when one zone is empty while another holds >=50% of negative-shift scenes
      ---
      duration_ms: 0.833062
      type: 'test'
      ...
    # Subtest: BELIEF_NEGATIVE_EMOTION_ZONE_IMBALANCE does not fire when negative-shift scenes touch every zone
    ok 6 - BELIEF_NEGATIVE_EMOTION_ZONE_IMBALANCE does not fire when negative-shift scenes touch every zone
      ---
      duration_ms: 0.818719
      type: 'test'
      ...
    1..6
ok 990 - Wave 922 — beliefPass: belief stakes zone imbalance, belief revelation purpose zone imbalance, belief negative emotion zone imbalance
  ---
  duration_ms: 5.448997
  type: 'suite'
  ...
# Subtest: Wave 908 — beliefPass: belief revelation purpose zone cluster, belief revelation purpose drought run, belief complicate zone imbalance
    # Subtest: BELIEF_REVELATION_PURPOSE_ZONE_CLUSTER fires when >75% of revelation-purposed scenes cluster in one third
    ok 1 - BELIEF_REVELATION_PURPOSE_ZONE_CLUSTER fires when >75% of revelation-purposed scenes cluster in one third
      ---
      duration_ms: 0.992731
      type: 'test'
      ...
    # Subtest: BELIEF_REVELATION_PURPOSE_ZONE_CLUSTER does not fire when revelation-purposed scenes spread across thirds
    ok 2 - BELIEF_REVELATION_PURPOSE_ZONE_CLUSTER does not fire when revelation-purposed scenes spread across thirds
      ---
      duration_ms: 0.666595
      type: 'test'
      ...
    # Subtest: BELIEF_REVELATION_PURPOSE_DROUGHT_RUN fires when a long run has no revelation-purposed scene
    ok 3 - BELIEF_REVELATION_PURPOSE_DROUGHT_RUN fires when a long run has no revelation-purposed scene
      ---
      duration_ms: 0.837879
      type: 'test'
      ...
    # Subtest: BELIEF_REVELATION_PURPOSE_DROUGHT_RUN does not fire when revelation-purposed scenes are evenly spread
    ok 4 - BELIEF_REVELATION_PURPOSE_DROUGHT_RUN does not fire when revelation-purposed scenes are evenly spread
      ---
      duration_ms: 11.865467
      type: 'test'
      ...
    # Subtest: BELIEF_COMPLICATE_ZONE_IMBALANCE fires when one zone is empty while another holds >=50% of complicating scenes
    ok 5 - BELIEF_COMPLICATE_ZONE_IMBALANCE fires when one zone is empty while another holds >=50% of complicating scenes
      ---
      duration_ms: 1.064048
      type: 'test'
      ...
    # Subtest: BELIEF_COMPLICATE_ZONE_IMBALANCE does not fire when complicating scenes touch every zone
    ok 6 - BELIEF_COMPLICATE_ZONE_IMBALANCE does not fire when complicating scenes touch every zone
      ---
      duration_ms: 0.869997
      type: 'test'
      ...
    1..6
ok 991 - Wave 908 — beliefPass: belief revelation purpose zone cluster, belief revelation purpose drought run, belief complicate zone imbalance
  ---
  duration_ms: 16.575316
  type: 'suite'
  ...
# Subtest: Wave 894 — beliefPass: belief complicate drought run, belief turning point zone imbalance, belief introduce conflict zone imbalance
    # Subtest: BELIEF_COMPLICATE_DROUGHT_RUN fires when a long run has no complicating scene
    ok 1 - BELIEF_COMPLICATE_DROUGHT_RUN fires when a long run has no complicating scene
      ---
      duration_ms: 1.050719
      type: 'test'
      ...
    # Subtest: BELIEF_COMPLICATE_DROUGHT_RUN does not fire when complicating scenes are evenly spread
    ok 2 - BELIEF_COMPLICATE_DROUGHT_RUN does not fire when complicating scenes are evenly spread
      ---
      duration_ms: 0.836461
      type: 'test'
      ...
    # Subtest: BELIEF_TURNING_POINT_ZONE_IMBALANCE fires when one zone is empty while another holds >=50% of turning-point scenes
    ok 3 - BELIEF_TURNING_POINT_ZONE_IMBALANCE fires when one zone is empty while another holds >=50% of turning-point scenes
      ---
      duration_ms: 0.902349
      type: 'test'
      ...
    # Subtest: BELIEF_TURNING_POINT_ZONE_IMBALANCE does not fire when turning-point scenes touch every zone
    ok 4 - BELIEF_TURNING_POINT_ZONE_IMBALANCE does not fire when turning-point scenes touch every zone
      ---
      duration_ms: 0.867633
      type: 'test'
      ...
    # Subtest: BELIEF_INTRODUCE_CONFLICT_ZONE_IMBALANCE fires when one zone is empty while another holds >=50% of conflict-introducing scenes
    ok 5 - BELIEF_INTRODUCE_CONFLICT_ZONE_IMBALANCE fires when one zone is empty while another holds >=50% of conflict-introducing scenes
      ---
      duration_ms: 0.962606
      type: 'test'
      ...
    # Subtest: BELIEF_INTRODUCE_CONFLICT_ZONE_IMBALANCE does not fire when conflict-introducing scenes touch every zone
    ok 6 - BELIEF_INTRODUCE_CONFLICT_ZONE_IMBALANCE does not fire when conflict-introducing scenes touch every zone
      ---
      duration_ms: 0.841784
      type: 'test'
      ...
    1..6
ok 992 - Wave 894 — beliefPass: belief complicate drought run, belief turning point zone imbalance, belief introduce conflict zone imbalance
  ---
  duration_ms: 5.716582
  type: 'suite'
  ...
# Subtest: Wave 880 — beliefPass: belief climax zone imbalance, belief establish world zone imbalance, belief resolution zone imbalance
    # Subtest: BELIEF_CLIMAX_ZONE_IMBALANCE fires when one zone is empty while another holds >=50% of climax-purposed scenes
    ok 1 - BELIEF_CLIMAX_ZONE_IMBALANCE fires when one zone is empty while another holds >=50% of climax-purposed scenes
      ---
      duration_ms: 0.959956
      type: 'test'
      ...
    # Subtest: BELIEF_CLIMAX_ZONE_IMBALANCE does not fire when climax-purposed scenes touch every zone
    ok 2 - BELIEF_CLIMAX_ZONE_IMBALANCE does not fire when climax-purposed scenes touch every zone
      ---
      duration_ms: 0.857832
      type: 'test'
      ...
    # Subtest: BELIEF_ESTABLISH_WORLD_ZONE_IMBALANCE fires when one zone is empty while another holds >=50% of world-establishing scenes
    ok 3 - BELIEF_ESTABLISH_WORLD_ZONE_IMBALANCE fires when one zone is empty while another holds >=50% of world-establishing scenes
      ---
      duration_ms: 0.885738
      type: 'test'
      ...
    # Subtest: BELIEF_ESTABLISH_WORLD_ZONE_IMBALANCE does not fire when world-establishing scenes touch every zone
    ok 4 - BELIEF_ESTABLISH_WORLD_ZONE_IMBALANCE does not fire when world-establishing scenes touch every zone
      ---
      duration_ms: 0.890073
      type: 'test'
      ...
    # Subtest: BELIEF_RESOLUTION_ZONE_IMBALANCE fires when one zone is empty while another holds >=50% of resolution-purposed scenes
    ok 5 - BELIEF_RESOLUTION_ZONE_IMBALANCE fires when one zone is empty while another holds >=50% of resolution-purposed scenes
      ---
      duration_ms: 1.021771
      type: 'test'
      ...
    # Subtest: BELIEF_RESOLUTION_ZONE_IMBALANCE does not fire when resolution-purposed scenes touch every zone
    ok 6 - BELIEF_RESOLUTION_ZONE_IMBALANCE does not fire when resolution-purposed scenes touch every zone
      ---
      duration_ms: 0.791518
      type: 'test'
      ...
    1..6
ok 993 - Wave 880 — beliefPass: belief climax zone imbalance, belief establish world zone imbalance, belief resolution zone imbalance
  ---
  duration_ms: 5.658836
  type: 'suite'
  ...
# Subtest: Wave 866 — beliefPass: belief establish world drought run, belief climax drought run, belief resolution drought run
    # Subtest: BELIEF_ESTABLISH_WORLD_DROUGHT_RUN fires when a long run has no world-establishing scene
    ok 1 - BELIEF_ESTABLISH_WORLD_DROUGHT_RUN fires when a long run has no world-establishing scene
      ---
      duration_ms: 0.952479
      type: 'test'
      ...
    # Subtest: BELIEF_ESTABLISH_WORLD_DROUGHT_RUN does not fire when world-establishing scenes are evenly spread
    ok 2 - BELIEF_ESTABLISH_WORLD_DROUGHT_RUN does not fire when world-establishing scenes are evenly spread
      ---
      duration_ms: 0.931169
      type: 'test'
      ...
    # Subtest: BELIEF_CLIMAX_DROUGHT_RUN fires when a long run has no climax-purposed scene
    ok 3 - BELIEF_CLIMAX_DROUGHT_RUN fires when a long run has no climax-purposed scene
      ---
      duration_ms: 0.878704
      type: 'test'
      ...
    # Subtest: BELIEF_CLIMAX_DROUGHT_RUN does not fire when climax-purposed scenes are evenly spread
    ok 4 - BELIEF_CLIMAX_DROUGHT_RUN does not fire when climax-purposed scenes are evenly spread
      ---
      duration_ms: 0.746652
      type: 'test'
      ...
    # Subtest: BELIEF_RESOLUTION_DROUGHT_RUN fires when a long run has no resolution-purposed scene
    ok 5 - BELIEF_RESOLUTION_DROUGHT_RUN fires when a long run has no resolution-purposed scene
      ---
      duration_ms: 0.851576
      type: 'test'
      ...
    # Subtest: BELIEF_RESOLUTION_DROUGHT_RUN does not fire when resolution-purposed scenes are evenly spread
    ok 6 - BELIEF_RESOLUTION_DROUGHT_RUN does not fire when resolution-purposed scenes are evenly spread
      ---
      duration_ms: 0.836902
      type: 'test'
      ...
    1..6
ok 994 - Wave 866 — beliefPass: belief establish world drought run, belief climax drought run, belief resolution drought run
  ---
  duration_ms: 5.441298
  type: 'suite'
  ...
# Subtest: Wave 852 — beliefPass: belief climax zone cluster, belief resolution zone cluster, belief complicate zone cluster
    # Subtest: BELIEF_CLIMAX_ZONE_CLUSTER fires when >75% of climax-purposed scenes cluster in one third
    ok 1 - BELIEF_CLIMAX_ZONE_CLUSTER fires when >75% of climax-purposed scenes cluster in one third
      ---
      duration_ms: 3.629878
      type: 'test'
      ...
    # Subtest: BELIEF_CLIMAX_ZONE_CLUSTER does not fire when climax-purposed scenes spread across thirds
    ok 2 - BELIEF_CLIMAX_ZONE_CLUSTER does not fire when climax-purposed scenes spread across thirds
      ---
      duration_ms: 0.769147
      type: 'test'
      ...
    # Subtest: BELIEF_RESOLUTION_ZONE_CLUSTER fires when >75% of resolution-purposed scenes cluster in one third
    ok 3 - BELIEF_RESOLUTION_ZONE_CLUSTER fires when >75% of resolution-purposed scenes cluster in one third
      ---
      duration_ms: 0.658859
      type: 'test'
      ...
    # Subtest: BELIEF_RESOLUTION_ZONE_CLUSTER does not fire when resolution-purposed scenes spread across thirds
    ok 4 - BELIEF_RESOLUTION_ZONE_CLUSTER does not fire when resolution-purposed scenes spread across thirds
      ---
      duration_ms: 0.816425
      type: 'test'
      ...
    # Subtest: BELIEF_COMPLICATE_ZONE_CLUSTER fires when >75% of complicating scenes cluster in one third
    ok 5 - BELIEF_COMPLICATE_ZONE_CLUSTER fires when >75% of complicating scenes cluster in one third
      ---
      duration_ms: 0.744058
      type: 'test'
      ...
    # Subtest: BELIEF_COMPLICATE_ZONE_CLUSTER does not fire when complicating scenes spread across thirds
    ok 6 - BELIEF_COMPLICATE_ZONE_CLUSTER does not fire when complicating scenes spread across thirds
      ---
      duration_ms: 0.749145
      type: 'test'
      ...
    1..6
ok 995 - Wave 852 — beliefPass: belief climax zone cluster, belief resolution zone cluster, belief complicate zone cluster
  ---
  duration_ms: 7.622149
  type: 'suite'
  ...
# Subtest: Wave 838 — beliefPass: belief introduce conflict drought run, belief positive emotion drought run, belief establish world zone cluster
    # Subtest: BELIEF_INTRODUCE_CONFLICT_DROUGHT_RUN fires when a long run has no new conflict
    ok 1 - BELIEF_INTRODUCE_CONFLICT_DROUGHT_RUN fires when a long run has no new conflict
      ---
      duration_ms: 0.898686
      type: 'test'
      ...
    # Subtest: BELIEF_INTRODUCE_CONFLICT_DROUGHT_RUN does not fire when conflict-introducing scenes are evenly spread
    ok 2 - BELIEF_INTRODUCE_CONFLICT_DROUGHT_RUN does not fire when conflict-introducing scenes are evenly spread
      ---
      duration_ms: 0.775173
      type: 'test'
      ...
    # Subtest: BELIEF_POSITIVE_EMOTION_DROUGHT_RUN fires when a long run has no positive-emotion charge
    ok 3 - BELIEF_POSITIVE_EMOTION_DROUGHT_RUN fires when a long run has no positive-emotion charge
      ---
      duration_ms: 0.756031
      type: 'test'
      ...
    # Subtest: BELIEF_POSITIVE_EMOTION_DROUGHT_RUN does not fire when positive-emotion scenes are evenly spread
    ok 4 - BELIEF_POSITIVE_EMOTION_DROUGHT_RUN does not fire when positive-emotion scenes are evenly spread
      ---
      duration_ms: 0.790153
      type: 'test'
      ...
    # Subtest: BELIEF_ESTABLISH_WORLD_ZONE_CLUSTER fires when >75% of world-establishing scenes cluster in one third
    ok 5 - BELIEF_ESTABLISH_WORLD_ZONE_CLUSTER fires when >75% of world-establishing scenes cluster in one third
      ---
      duration_ms: 0.845946
      type: 'test'
      ...
    # Subtest: BELIEF_ESTABLISH_WORLD_ZONE_CLUSTER does not fire when world-establishing scenes spread across thirds
    ok 6 - BELIEF_ESTABLISH_WORLD_ZONE_CLUSTER does not fire when world-establishing scenes spread across thirds
      ---
      duration_ms: 0.742773
      type: 'test'
      ...
    1..6
ok 996 - Wave 838 — beliefPass: belief introduce conflict drought run, belief positive emotion drought run, belief establish world zone cluster
  ---
  duration_ms: 5.053069
  type: 'suite'
  ...
# Subtest: Wave 824 — beliefPass: belief turning point drought run, belief introduce conflict zone cluster, belief positive emotion zone cluster
    # Subtest: BELIEF_TURNING_POINT_DROUGHT_RUN fires when a long run has no turning point
    ok 1 - BELIEF_TURNING_POINT_DROUGHT_RUN fires when a long run has no turning point
      ---
      duration_ms: 0.99791
      type: 'test'
      ...
    # Subtest: BELIEF_TURNING_POINT_DROUGHT_RUN does not fire when turning points are evenly spread
    ok 2 - BELIEF_TURNING_POINT_DROUGHT_RUN does not fire when turning points are evenly spread
      ---
      duration_ms: 0.822869
      type: 'test'
      ...
    # Subtest: BELIEF_INTRODUCE_CONFLICT_ZONE_CLUSTER fires when >75% of conflict-introducing scenes cluster in one third
    ok 3 - BELIEF_INTRODUCE_CONFLICT_ZONE_CLUSTER fires when >75% of conflict-introducing scenes cluster in one third
      ---
      duration_ms: 0.858683
      type: 'test'
      ...
    # Subtest: BELIEF_INTRODUCE_CONFLICT_ZONE_CLUSTER does not fire when conflict-introducing scenes spread across thirds
    ok 4 - BELIEF_INTRODUCE_CONFLICT_ZONE_CLUSTER does not fire when conflict-introducing scenes spread across thirds
      ---
      duration_ms: 0.817723
      type: 'test'
      ...
    # Subtest: BELIEF_POSITIVE_EMOTION_ZONE_CLUSTER fires when >75% of positive-emotion scenes cluster in one third
    ok 5 - BELIEF_POSITIVE_EMOTION_ZONE_CLUSTER fires when >75% of positive-emotion scenes cluster in one third
      ---
      duration_ms: 0.701046
      type: 'test'
      ...
    # Subtest: BELIEF_POSITIVE_EMOTION_ZONE_CLUSTER does not fire when positive-emotion scenes spread across thirds
    ok 6 - BELIEF_POSITIVE_EMOTION_ZONE_CLUSTER does not fire when positive-emotion scenes spread across thirds
      ---
      duration_ms: 0.722513
      type: 'test'
      ...
    1..6
ok 997 - Wave 824 — beliefPass: belief turning point drought run, belief introduce conflict zone cluster, belief positive emotion zone cluster
  ---
  duration_ms: 5.185436
  type: 'suite'
  ...
# Subtest: Wave 810 — beliefPass: belief stakes zone cluster, belief stakes drought run, belief turning point zone cluster
    # Subtest: BELIEF_STAKES_ZONE_CLUSTER fires when >75% of stakes-raising scenes cluster in one third
    ok 1 - BELIEF_STAKES_ZONE_CLUSTER fires when >75% of stakes-raising scenes cluster in one third
      ---
      duration_ms: 0.847168
      type: 'test'
      ...
    # Subtest: BELIEF_STAKES_ZONE_CLUSTER does not fire when stakes-raising scenes spread across thirds
    ok 2 - BELIEF_STAKES_ZONE_CLUSTER does not fire when stakes-raising scenes spread across thirds
      ---
      duration_ms: 0.882674
      type: 'test'
      ...
    # Subtest: BELIEF_STAKES_DROUGHT_RUN fires when a long run has no stakes-raising scene
    ok 3 - BELIEF_STAKES_DROUGHT_RUN fires when a long run has no stakes-raising scene
      ---
      duration_ms: 0.868531
      type: 'test'
      ...
    # Subtest: BELIEF_STAKES_DROUGHT_RUN does not fire when stakes-raising scenes are evenly spread
    ok 4 - BELIEF_STAKES_DROUGHT_RUN does not fire when stakes-raising scenes are evenly spread
      ---
      duration_ms: 0.824931
      type: 'test'
      ...
    # Subtest: BELIEF_TURNING_POINT_ZONE_CLUSTER fires when >75% of turning-point scenes cluster in one third
    ok 5 - BELIEF_TURNING_POINT_ZONE_CLUSTER fires when >75% of turning-point scenes cluster in one third
      ---
      duration_ms: 0.778121
      type: 'test'
      ...
    # Subtest: BELIEF_TURNING_POINT_ZONE_CLUSTER does not fire when turning-point scenes spread across thirds
    ok 6 - BELIEF_TURNING_POINT_ZONE_CLUSTER does not fire when turning-point scenes spread across thirds
      ---
      duration_ms: 0.745016
      type: 'test'
      ...
    1..6
ok 998 - Wave 810 — beliefPass: belief stakes zone cluster, belief stakes drought run, belief turning point zone cluster
  ---
  duration_ms: 5.209615
  type: 'suite'
  ...
# Subtest: Wave 796 — beliefPass: belief revelation peak uncaused, belief negative emotion zone cluster, belief negative emotion drought run
    # Subtest: BELIEF_REVELATION_PEAK_UNCAUSED fires when the revelation scene has no dramatic turn nearby
    ok 1 - BELIEF_REVELATION_PEAK_UNCAUSED fires when the revelation scene has no dramatic turn nearby
      ---
      duration_ms: 1.385585
      type: 'test'
      ...
    # Subtest: BELIEF_REVELATION_PEAK_UNCAUSED does not fire when a dramatic turn precedes the revelation scene
    ok 2 - BELIEF_REVELATION_PEAK_UNCAUSED does not fire when a dramatic turn precedes the revelation scene
      ---
      duration_ms: 0.746026
      type: 'test'
      ...
    # Subtest: BELIEF_NEGATIVE_EMOTION_ZONE_CLUSTER fires when >75% of negative-emotion scenes cluster in one third
    ok 3 - BELIEF_NEGATIVE_EMOTION_ZONE_CLUSTER fires when >75% of negative-emotion scenes cluster in one third
      ---
      duration_ms: 0.672536
      type: 'test'
      ...
    # Subtest: BELIEF_NEGATIVE_EMOTION_ZONE_CLUSTER does not fire when negative-emotion scenes spread across thirds
    ok 4 - BELIEF_NEGATIVE_EMOTION_ZONE_CLUSTER does not fire when negative-emotion scenes spread across thirds
      ---
      duration_ms: 0.726212
      type: 'test'
      ...
    # Subtest: BELIEF_NEGATIVE_EMOTION_DROUGHT_RUN fires when a long run has no negative-emotion charge
    ok 5 - BELIEF_NEGATIVE_EMOTION_DROUGHT_RUN fires when a long run has no negative-emotion charge
      ---
      duration_ms: 0.818593
      type: 'test'
      ...
    # Subtest: BELIEF_NEGATIVE_EMOTION_DROUGHT_RUN does not fire when negative-emotion scenes are evenly spread
    ok 6 - BELIEF_NEGATIVE_EMOTION_DROUGHT_RUN does not fire when negative-emotion scenes are evenly spread
      ---
      duration_ms: 0.930835
      type: 'test'
      ...
    1..6
ok 999 - Wave 796 — beliefPass: belief revelation peak uncaused, belief negative emotion zone cluster, belief negative emotion drought run
  ---
  duration_ms: 5.534448
  type: 'suite'
  ...
# Subtest: Wave 782 — beliefPass: belief curiosity zone cluster, belief curiosity peak uncaused, belief clock raised zone cluster
    # Subtest: BELIEF_CURIOSITY_ZONE_CLUSTER fires when >75% of curiosity-positive scenes cluster in one third
    ok 1 - BELIEF_CURIOSITY_ZONE_CLUSTER fires when >75% of curiosity-positive scenes cluster in one third
      ---
      duration_ms: 0.869167
      type: 'test'
      ...
    # Subtest: BELIEF_CURIOSITY_ZONE_CLUSTER does not fire when curiosity-positive scenes spread across thirds
    ok 2 - BELIEF_CURIOSITY_ZONE_CLUSTER does not fire when curiosity-positive scenes spread across thirds
      ---
      duration_ms: 0.742768
      type: 'test'
      ...
    # Subtest: BELIEF_CURIOSITY_PEAK_UNCAUSED fires when the peak curiosity scene has no preparing cause nearby
    ok 3 - BELIEF_CURIOSITY_PEAK_UNCAUSED fires when the peak curiosity scene has no preparing cause nearby
      ---
      duration_ms: 0.639681
      type: 'test'
      ...
    # Subtest: BELIEF_CURIOSITY_PEAK_UNCAUSED does not fire when a preparing cause precedes the peak curiosity scene
    ok 4 - BELIEF_CURIOSITY_PEAK_UNCAUSED does not fire when a preparing cause precedes the peak curiosity scene
      ---
      duration_ms: 0.736807
      type: 'test'
      ...
    # Subtest: BELIEF_CLOCK_RAISED_ZONE_CLUSTER fires when >75% of clock-raising scenes cluster in one third
    ok 5 - BELIEF_CLOCK_RAISED_ZONE_CLUSTER fires when >75% of clock-raising scenes cluster in one third
      ---
      duration_ms: 0.746654
      type: 'test'
      ...
    # Subtest: BELIEF_CLOCK_RAISED_ZONE_CLUSTER does not fire when clock-raising scenes spread across thirds
    ok 6 - BELIEF_CLOCK_RAISED_ZONE_CLUSTER does not fire when clock-raising scenes spread across thirds
      ---
      duration_ms: 0.722881
      type: 'test'
      ...
    1..6
ok 1000 - Wave 782 — beliefPass: belief curiosity zone cluster, belief curiosity peak uncaused, belief clock raised zone cluster
  ---
  duration_ms: 4.704381
  type: 'suite'
  ...
# Subtest: Wave 768 — beliefPass: belief relationship zone cluster, belief character moment drought run, belief suspense drought run
    # Subtest: BELIEF_RELATIONSHIP_ZONE_CLUSTER fires when >75% of relationship-shift scenes cluster in one third
    ok 1 - BELIEF_RELATIONSHIP_ZONE_CLUSTER fires when >75% of relationship-shift scenes cluster in one third
      ---
      duration_ms: 0.951879
      type: 'test'
      ...
    # Subtest: BELIEF_RELATIONSHIP_ZONE_CLUSTER does not fire when relationship-shift scenes spread across thirds
    ok 2 - BELIEF_RELATIONSHIP_ZONE_CLUSTER does not fire when relationship-shift scenes spread across thirds
      ---
      duration_ms: 0.86841
      type: 'test'
      ...
    # Subtest: BELIEF_CHARACTER_MOMENT_DROUGHT_RUN fires when a long run has no character-moment scene
    ok 3 - BELIEF_CHARACTER_MOMENT_DROUGHT_RUN fires when a long run has no character-moment scene
      ---
      duration_ms: 0.748672
      type: 'test'
      ...
    # Subtest: BELIEF_CHARACTER_MOMENT_DROUGHT_RUN does not fire when character-moment scenes are evenly spread
    ok 4 - BELIEF_CHARACTER_MOMENT_DROUGHT_RUN does not fire when character-moment scenes are evenly spread
      ---
      duration_ms: 1.664211
      type: 'test'
      ...
    # Subtest: BELIEF_SUSPENSE_DROUGHT_RUN fires when a long run has no rising suspense
    ok 5 - BELIEF_SUSPENSE_DROUGHT_RUN fires when a long run has no rising suspense
      ---
      duration_ms: 0.851329
      type: 'test'
      ...
    # Subtest: BELIEF_SUSPENSE_DROUGHT_RUN does not fire when suspense rises are evenly spread
    ok 6 - BELIEF_SUSPENSE_DROUGHT_RUN does not fire when suspense rises are evenly spread
      ---
      duration_ms: 0.97955
      type: 'test'
      ...
    1..6
ok 1001 - Wave 768 — beliefPass: belief relationship zone cluster, belief character moment drought run, belief suspense drought run
  ---
  duration_ms: 6.323747
  type: 'suite'
  ...
# Subtest: Wave 754 — beliefPass: belief relationship peak uncaused, belief turn drought run, belief suspense zone cluster
    # Subtest: BELIEF_RELATIONSHIP_PEAK_UNCAUSED fires when the peak relationship-shift scene has no dramatic turn or revelation nearby
    ok 1 - BELIEF_RELATIONSHIP_PEAK_UNCAUSED fires when the peak relationship-shift scene has no dramatic turn or revelation nearby
      ---
      duration_ms: 0.870217
      type: 'test'
      ...
    # Subtest: BELIEF_RELATIONSHIP_PEAK_UNCAUSED does not fire when a dramatic turn precedes the peak within the lookback
    ok 2 - BELIEF_RELATIONSHIP_PEAK_UNCAUSED does not fire when a dramatic turn precedes the peak within the lookback
      ---
      duration_ms: 0.741704
      type: 'test'
      ...
    # Subtest: BELIEF_TURN_DROUGHT_RUN fires when the longest no-dramatic-turn run reaches 6
    ok 3 - BELIEF_TURN_DROUGHT_RUN fires when the longest no-dramatic-turn run reaches 6
      ---
      duration_ms: 0.792852
      type: 'test'
      ...
    # Subtest: BELIEF_TURN_DROUGHT_RUN does not fire when dramatic turns are spread through the story
    ok 4 - BELIEF_TURN_DROUGHT_RUN does not fire when dramatic turns are spread through the story
      ---
      duration_ms: 0.761002
      type: 'test'
      ...
    # Subtest: BELIEF_SUSPENSE_ZONE_CLUSTER fires when >75% of suspense-positive scenes cluster in one third
    ok 5 - BELIEF_SUSPENSE_ZONE_CLUSTER fires when >75% of suspense-positive scenes cluster in one third
      ---
      duration_ms: 0.830176
      type: 'test'
      ...
    # Subtest: BELIEF_SUSPENSE_ZONE_CLUSTER does not fire when suspense-positive scenes are distributed across thirds
    ok 6 - BELIEF_SUSPENSE_ZONE_CLUSTER does not fire when suspense-positive scenes are distributed across thirds
      ---
      duration_ms: 0.784493
      type: 'test'
      ...
    1..6
ok 1002 - Wave 754 — beliefPass: belief relationship peak uncaused, belief turn drought run, belief suspense zone cluster
  ---
  duration_ms: 5.033974
  type: 'suite'
  ...
# Subtest: Wave 740 — beliefPass: belief clock delta drought run, belief open thread peak uncaused, belief staging drought run
    # Subtest: BELIEF_CLOCK_DELTA_DROUGHT_RUN fires when the longest no-clock-movement run reaches 6
    ok 1 - BELIEF_CLOCK_DELTA_DROUGHT_RUN fires when the longest no-clock-movement run reaches 6
      ---
      duration_ms: 1.03454
      type: 'test'
      ...
    # Subtest: BELIEF_CLOCK_DELTA_DROUGHT_RUN does not fire when clock movement is spread through the story
    ok 2 - BELIEF_CLOCK_DELTA_DROUGHT_RUN does not fire when clock movement is spread through the story
      ---
      duration_ms: 0.824319
      type: 'test'
      ...
    # Subtest: BELIEF_OPEN_THREAD_PEAK_UNCAUSED fires when the peak open-thread scene has no dramatic turn or revelation nearby
    ok 3 - BELIEF_OPEN_THREAD_PEAK_UNCAUSED fires when the peak open-thread scene has no dramatic turn or revelation nearby
      ---
      duration_ms: 0.799762
      type: 'test'
      ...
    # Subtest: BELIEF_OPEN_THREAD_PEAK_UNCAUSED does not fire when a dramatic turn precedes the peak within the lookback
    ok 4 - BELIEF_OPEN_THREAD_PEAK_UNCAUSED does not fire when a dramatic turn precedes the peak within the lookback
      ---
      duration_ms: 0.695196
      type: 'test'
      ...
    # Subtest: BELIEF_STAGING_DROUGHT_RUN fires when the longest no-visual-beat run is ≥6
    ok 5 - BELIEF_STAGING_DROUGHT_RUN fires when the longest no-visual-beat run is ≥6
      ---
      duration_ms: 0.940575
      type: 'test'
      ...
    # Subtest: BELIEF_STAGING_DROUGHT_RUN does not fire when visual beats are distributed without a long drought
    ok 6 - BELIEF_STAGING_DROUGHT_RUN does not fire when visual beats are distributed without a long drought
      ---
      duration_ms: 0.762143
      type: 'test'
      ...
    1..6
ok 1003 - Wave 740 — beliefPass: belief clock delta drought run, belief open thread peak uncaused, belief staging drought run
  ---
  duration_ms: 5.305448
  type: 'suite'
  ...
# Subtest: Wave 726 — beliefPass: belief clock delta zone cluster, belief staging peak uncaused, belief open thread zone cluster
    # Subtest: BELIEF_CLOCK_DELTA_ZONE_CLUSTER fires when >75% of clock-advancing scenes cluster in one third
    ok 1 - BELIEF_CLOCK_DELTA_ZONE_CLUSTER fires when >75% of clock-advancing scenes cluster in one third
      ---
      duration_ms: 0.776522
      type: 'test'
      ...
    # Subtest: BELIEF_CLOCK_DELTA_ZONE_CLUSTER does not fire when clock-advancing scenes are distributed across thirds
    ok 2 - BELIEF_CLOCK_DELTA_ZONE_CLUSTER does not fire when clock-advancing scenes are distributed across thirds
      ---
      duration_ms: 0.778247
      type: 'test'
      ...
    # Subtest: BELIEF_STAGING_PEAK_UNCAUSED fires when the peak visual-beat scene has no dramatic turn or revelation nearby
    ok 3 - BELIEF_STAGING_PEAK_UNCAUSED fires when the peak visual-beat scene has no dramatic turn or revelation nearby
      ---
      duration_ms: 0.680291
      type: 'test'
      ...
    # Subtest: BELIEF_STAGING_PEAK_UNCAUSED does not fire when a dramatic turn precedes the peak within the lookback
    ok 4 - BELIEF_STAGING_PEAK_UNCAUSED does not fire when a dramatic turn precedes the peak within the lookback
      ---
      duration_ms: 0.667369
      type: 'test'
      ...
    # Subtest: BELIEF_OPEN_THREAD_ZONE_CLUSTER fires when >75% of open-thread scenes cluster in one third
    ok 5 - BELIEF_OPEN_THREAD_ZONE_CLUSTER fires when >75% of open-thread scenes cluster in one third
      ---
      duration_ms: 0.73999
      type: 'test'
      ...
    # Subtest: BELIEF_OPEN_THREAD_ZONE_CLUSTER does not fire when open-thread scenes are distributed across thirds
    ok 6 - BELIEF_OPEN_THREAD_ZONE_CLUSTER does not fire when open-thread scenes are distributed across thirds
      ---
      duration_ms: 0.737977
      type: 'test'
      ...
    1..6
ok 1004 - Wave 726 — beliefPass: belief clock delta zone cluster, belief staging peak uncaused, belief open thread zone cluster
  ---
  duration_ms: 4.669961
  type: 'suite'
  ...
# Subtest: Wave 712 — beliefPass: belief payoff zone cluster, belief seed drought run, belief highlight drought run
    # Subtest: BELIEF_PAYOFF_ZONE_CLUSTER fires when >75% of payoff scenes cluster in one third
    ok 1 - BELIEF_PAYOFF_ZONE_CLUSTER fires when >75% of payoff scenes cluster in one third
      ---
      duration_ms: 0.90567
      type: 'test'
      ...
    # Subtest: BELIEF_PAYOFF_ZONE_CLUSTER does not fire when payoff scenes are distributed across thirds
    ok 2 - BELIEF_PAYOFF_ZONE_CLUSTER does not fire when payoff scenes are distributed across thirds
      ---
      duration_ms: 0.844867
      type: 'test'
      ...
    # Subtest: BELIEF_SEED_DROUGHT_RUN fires when the longest no-seed run is ≥6
    ok 3 - BELIEF_SEED_DROUGHT_RUN fires when the longest no-seed run is ≥6
      ---
      duration_ms: 0.826735
      type: 'test'
      ...
    # Subtest: BELIEF_SEED_DROUGHT_RUN does not fire when seeds are distributed without a long drought
    ok 4 - BELIEF_SEED_DROUGHT_RUN does not fire when seeds are distributed without a long drought
      ---
      duration_ms: 0.801986
      type: 'test'
      ...
    # Subtest: BELIEF_HIGHLIGHT_DROUGHT_RUN fires when the longest no-highlighted-dialogue run is ≥6
    ok 5 - BELIEF_HIGHLIGHT_DROUGHT_RUN fires when the longest no-highlighted-dialogue run is ≥6
      ---
      duration_ms: 0.974665
      type: 'test'
      ...
    # Subtest: BELIEF_HIGHLIGHT_DROUGHT_RUN does not fire when highlighted dialogue is distributed without a long drought
    ok 6 - BELIEF_HIGHLIGHT_DROUGHT_RUN does not fire when highlighted dialogue is distributed without a long drought
      ---
      duration_ms: 0.806685
      type: 'test'
      ...
    1..6
ok 1005 - Wave 712 — beliefPass: belief payoff zone cluster, belief seed drought run, belief highlight drought run
  ---
  duration_ms: 5.412812
  type: 'suite'
  ...
# Subtest: Wave 698 — beliefPass: belief payoff drought run, belief seed peak uncaused, belief highlight zone cluster
    # Subtest: BELIEF_PAYOFF_DROUGHT_RUN fires when the longest no-payoff run is ≥6
    ok 1 - BELIEF_PAYOFF_DROUGHT_RUN fires when the longest no-payoff run is ≥6
      ---
      duration_ms: 0.891356
      type: 'test'
      ...
    # Subtest: BELIEF_PAYOFF_DROUGHT_RUN does not fire when payoffs are distributed without a long drought
    ok 2 - BELIEF_PAYOFF_DROUGHT_RUN does not fire when payoffs are distributed without a long drought
      ---
      duration_ms: 0.698757
      type: 'test'
      ...
    # Subtest: BELIEF_SEED_PEAK_UNCAUSED fires when the peak seed scene has no dramatic turn or revelation nearby
    ok 3 - BELIEF_SEED_PEAK_UNCAUSED fires when the peak seed scene has no dramatic turn or revelation nearby
      ---
      duration_ms: 0.712781
      type: 'test'
      ...
    # Subtest: BELIEF_SEED_PEAK_UNCAUSED does not fire when a dramatic turn precedes the peak within the lookback
    ok 4 - BELIEF_SEED_PEAK_UNCAUSED does not fire when a dramatic turn precedes the peak within the lookback
      ---
      duration_ms: 4.666194
      type: 'test'
      ...
    # Subtest: BELIEF_HIGHLIGHT_ZONE_CLUSTER fires when >75% of highlighted-dialogue scenes cluster in one third
    ok 5 - BELIEF_HIGHLIGHT_ZONE_CLUSTER fires when >75% of highlighted-dialogue scenes cluster in one third
      ---
      duration_ms: 0.853378
      type: 'test'
      ...
    # Subtest: BELIEF_HIGHLIGHT_ZONE_CLUSTER does not fire when highlighted-dialogue scenes are distributed across thirds
    ok 6 - BELIEF_HIGHLIGHT_ZONE_CLUSTER does not fire when highlighted-dialogue scenes are distributed across thirds
      ---
      duration_ms: 0.665269
      type: 'test'
      ...
    1..6
ok 1006 - Wave 698 — beliefPass: belief payoff drought run, belief seed peak uncaused, belief highlight zone cluster
  ---
  duration_ms: 8.75536
  type: 'suite'
  ...
# Subtest: Wave 684 — beliefPass: belief character moment zone cluster, belief curiosity drought run, belief suspense peak uncaused
    # Subtest: BELIEF_CHARACTER_MOMENT_ZONE_CLUSTER fires when >75% of character-moment scenes cluster in one third
    ok 1 - BELIEF_CHARACTER_MOMENT_ZONE_CLUSTER fires when >75% of character-moment scenes cluster in one third
      ---
      duration_ms: 1.163409
      type: 'test'
      ...
    # Subtest: BELIEF_CHARACTER_MOMENT_ZONE_CLUSTER does not fire when character-moment scenes are distributed across thirds
    ok 2 - BELIEF_CHARACTER_MOMENT_ZONE_CLUSTER does not fire when character-moment scenes are distributed across thirds
      ---
      duration_ms: 0.791075
      type: 'test'
      ...
    # Subtest: BELIEF_CURIOSITY_DROUGHT_RUN fires when the longest no-curiosity-spike run is ≥6
    ok 3 - BELIEF_CURIOSITY_DROUGHT_RUN fires when the longest no-curiosity-spike run is ≥6
      ---
      duration_ms: 0.890426
      type: 'test'
      ...
    # Subtest: BELIEF_CURIOSITY_DROUGHT_RUN does not fire when curiosity spikes are distributed without a long drought
    ok 4 - BELIEF_CURIOSITY_DROUGHT_RUN does not fire when curiosity spikes are distributed without a long drought
      ---
      duration_ms: 0.922249
      type: 'test'
      ...
    # Subtest: BELIEF_SUSPENSE_PEAK_UNCAUSED fires when the peak suspense-spike scene has no dramatic turn or revelation nearby
    ok 5 - BELIEF_SUSPENSE_PEAK_UNCAUSED fires when the peak suspense-spike scene has no dramatic turn or revelation nearby
      ---
      duration_ms: 0.714904
      type: 'test'
      ...
    # Subtest: BELIEF_SUSPENSE_PEAK_UNCAUSED does not fire when a dramatic turn precedes the peak within the lookback
    ok 6 - BELIEF_SUSPENSE_PEAK_UNCAUSED does not fire when a dramatic turn precedes the peak within the lookback
      ---
      duration_ms: 1.308295
      type: 'test'
      ...
    1..6
ok 1007 - Wave 684 — beliefPass: belief character moment zone cluster, belief curiosity drought run, belief suspense peak uncaused
  ---
  duration_ms: 12.512689
  type: 'suite'
  ...
# Subtest: Wave 670 — beliefPass: belief highlight peak uncaused, belief relationship drought run, belief turn zone cluster
    # Subtest: BELIEF_HIGHLIGHT_PEAK_UNCAUSED fires when the peak highlighted-dialogue scene has no dramatic turn or revelation nearby
    ok 1 - BELIEF_HIGHLIGHT_PEAK_UNCAUSED fires when the peak highlighted-dialogue scene has no dramatic turn or revelation nearby
      ---
      duration_ms: 0.77055
      type: 'test'
      ...
    # Subtest: BELIEF_HIGHLIGHT_PEAK_UNCAUSED does not fire when a dramatic turn precedes the peak within the lookback
    ok 2 - BELIEF_HIGHLIGHT_PEAK_UNCAUSED does not fire when a dramatic turn precedes the peak within the lookback
      ---
      duration_ms: 4.638424
      type: 'test'
      ...
    # Subtest: BELIEF_RELATIONSHIP_DROUGHT_RUN fires when the longest no-shift run is ≥6
    ok 3 - BELIEF_RELATIONSHIP_DROUGHT_RUN fires when the longest no-shift run is ≥6
      ---
      duration_ms: 0.923816
      type: 'test'
      ...
    # Subtest: BELIEF_RELATIONSHIP_DROUGHT_RUN does not fire when shifts are distributed without a long drought
    ok 4 - BELIEF_RELATIONSHIP_DROUGHT_RUN does not fire when shifts are distributed without a long drought
      ---
      duration_ms: 0.886233
      type: 'test'
      ...
    # Subtest: BELIEF_TURN_ZONE_CLUSTER fires when >75% of dramatic-turn scenes cluster in one third
    ok 5 - BELIEF_TURN_ZONE_CLUSTER fires when >75% of dramatic-turn scenes cluster in one third
      ---
      duration_ms: 0.720016
      type: 'test'
      ...
    # Subtest: BELIEF_TURN_ZONE_CLUSTER does not fire when dramatic-turn scenes are distributed across thirds
    ok 6 - BELIEF_TURN_ZONE_CLUSTER does not fire when dramatic-turn scenes are distributed across thirds
      ---
      duration_ms: 0.767944
      type: 'test'
      ...
    1..6
ok 1008 - Wave 670 — beliefPass: belief highlight peak uncaused, belief relationship drought run, belief turn zone cluster
  ---
  duration_ms: 9.120245
  type: 'suite'
  ...
# Subtest: Wave 656 — beliefPass: belief payoff peak uncaused, belief clock drought run, belief seed zone cluster
    # Subtest: BELIEF_PAYOFF_PEAK_UNCAUSED fires when the peak payoff scene has no dramatic turn or revelation nearby
    ok 1 - BELIEF_PAYOFF_PEAK_UNCAUSED fires when the peak payoff scene has no dramatic turn or revelation nearby
      ---
      duration_ms: 2.298838
      type: 'test'
      ...
    # Subtest: BELIEF_PAYOFF_PEAK_UNCAUSED does not fire when a dramatic turn precedes the peak within the lookback
    ok 2 - BELIEF_PAYOFF_PEAK_UNCAUSED does not fire when a dramatic turn precedes the peak within the lookback
      ---
      duration_ms: 1.156541
      type: 'test'
      ...
    # Subtest: BELIEF_CLOCK_DROUGHT_RUN fires when the longest no-clock run is ≥6
    ok 3 - BELIEF_CLOCK_DROUGHT_RUN fires when the longest no-clock run is ≥6
      ---
      duration_ms: 1.81117
      type: 'test'
      ...
    # Subtest: BELIEF_CLOCK_DROUGHT_RUN does not fire when clock raises are distributed without a long drought
    ok 4 - BELIEF_CLOCK_DROUGHT_RUN does not fire when clock raises are distributed without a long drought
      ---
      duration_ms: 1.135105
      type: 'test'
      ...
    # Subtest: BELIEF_SEED_ZONE_CLUSTER fires when >75% of seed scenes cluster in one third
    ok 5 - BELIEF_SEED_ZONE_CLUSTER fires when >75% of seed scenes cluster in one third
      ---
      duration_ms: 1.300476
      type: 'test'
      ...
    # Subtest: BELIEF_SEED_ZONE_CLUSTER does not fire when seed scenes are distributed across thirds
    ok 6 - BELIEF_SEED_ZONE_CLUSTER does not fire when seed scenes are distributed across thirds
      ---
      duration_ms: 1.178721
      type: 'test'
      ...
    1..6
ok 1009 - Wave 656 — beliefPass: belief payoff peak uncaused, belief clock drought run, belief seed zone cluster
  ---
  duration_ms: 9.770762
  type: 'suite'
  ...
# Subtest: Wave 642 — beliefPass: belief open thread drought run, belief staging zone cluster, belief seed curiosity decoupled
    # Subtest: BELIEF_OPEN_THREAD_DROUGHT_RUN fires when the longest no-debt run is ≥6
    ok 1 - BELIEF_OPEN_THREAD_DROUGHT_RUN fires when the longest no-debt run is ≥6
      ---
      duration_ms: 2.838556
      type: 'test'
      ...
    # Subtest: BELIEF_OPEN_THREAD_DROUGHT_RUN does not fire when debt is distributed without a long drought
    ok 2 - BELIEF_OPEN_THREAD_DROUGHT_RUN does not fire when debt is distributed without a long drought
      ---
      duration_ms: 2.055715
      type: 'test'
      ...
    # Subtest: BELIEF_STAGING_ZONE_CLUSTER fires when >75% of visually dense scenes cluster in one third
    ok 3 - BELIEF_STAGING_ZONE_CLUSTER fires when >75% of visually dense scenes cluster in one third
      ---
      duration_ms: 0.818159
      type: 'test'
      ...
    # Subtest: BELIEF_STAGING_ZONE_CLUSTER does not fire when visually dense scenes are distributed across thirds
    ok 4 - BELIEF_STAGING_ZONE_CLUSTER does not fire when visually dense scenes are distributed across thirds
      ---
      duration_ms: 0.659629
      type: 'test'
      ...
    # Subtest: BELIEF_SEED_CURIOSITY_DECOUPLED fires when seed scenes and curiosity-spike scenes never overlap
    ok 5 - BELIEF_SEED_CURIOSITY_DECOUPLED fires when seed scenes and curiosity-spike scenes never overlap
      ---
      duration_ms: 0.74583
      type: 'test'
      ...
    # Subtest: BELIEF_SEED_CURIOSITY_DECOUPLED does not fire when a scene carries both signals
    ok 6 - BELIEF_SEED_CURIOSITY_DECOUPLED does not fire when a scene carries both signals
      ---
      duration_ms: 0.625844
      type: 'test'
      ...
    1..6
ok 1010 - Wave 642 — beliefPass: belief open thread drought run, belief staging zone cluster, belief seed curiosity decoupled
  ---
  duration_ms: 7.996418
  type: 'suite'
  ...
# Subtest: Wave 628 — beliefPass: belief payoff seed decoupled, clock delta peak uncaused, belief character moment zone imbalance
    # Subtest: BELIEF_PAYOFF_SEED_DECOUPLED fires when payoff scenes and seed scenes never overlap
    ok 1 - BELIEF_PAYOFF_SEED_DECOUPLED fires when payoff scenes and seed scenes never overlap
      ---
      duration_ms: 0.729322
      type: 'test'
      ...
    # Subtest: BELIEF_PAYOFF_SEED_DECOUPLED does not fire when a scene carries both signals
    ok 2 - BELIEF_PAYOFF_SEED_DECOUPLED does not fire when a scene carries both signals
      ---
      duration_ms: 0.314362
      type: 'test'
      ...
    # Subtest: CLOCK_DELTA_PEAK_UNCAUSED fires when the peak clockDelta scene has no dramatic turn or revelation nearby
    ok 3 - CLOCK_DELTA_PEAK_UNCAUSED fires when the peak clockDelta scene has no dramatic turn or revelation nearby
      ---
      duration_ms: 0.717313
      type: 'test'
      ...
    # Subtest: CLOCK_DELTA_PEAK_UNCAUSED does not fire when a dramatic turn precedes the peak within the lookback
    ok 4 - CLOCK_DELTA_PEAK_UNCAUSED does not fire when a dramatic turn precedes the peak within the lookback
      ---
      duration_ms: 0.788807
      type: 'test'
      ...
    # Subtest: BELIEF_CHARACTER_MOMENT_ZONE_IMBALANCE fires when one zone is empty of character-moment scenes while another is bloated
    ok 5 - BELIEF_CHARACTER_MOMENT_ZONE_IMBALANCE fires when one zone is empty of character-moment scenes while another is bloated
      ---
      duration_ms: 0.895531
      type: 'test'
      ...
    # Subtest: BELIEF_CHARACTER_MOMENT_ZONE_IMBALANCE does not fire when every zone has a character-moment scene
    ok 6 - BELIEF_CHARACTER_MOMENT_ZONE_IMBALANCE does not fire when every zone has a character-moment scene
      ---
      duration_ms: 0.757388
      type: 'test'
      ...
    1..6
ok 1011 - Wave 628 — beliefPass: belief payoff seed decoupled, clock delta peak uncaused, belief character moment zone imbalance
  ---
  duration_ms: 4.449217
  type: 'suite'
  ...
# Subtest: Wave 614 — beliefPass: belief staging zone imbalance, clock signal flatline, visual beat belief decoupled
    # Subtest: BELIEF_STAGING_ZONE_IMBALANCE fires when one zone is empty of visually dense scenes while another is bloated
    ok 1 - BELIEF_STAGING_ZONE_IMBALANCE fires when one zone is empty of visually dense scenes while another is bloated
      ---
      duration_ms: 0.991561
      type: 'test'
      ...
    # Subtest: BELIEF_STAGING_ZONE_IMBALANCE does not fire when every zone has a visually dense scene
    ok 2 - BELIEF_STAGING_ZONE_IMBALANCE does not fire when every zone has a visually dense scene
      ---
      duration_ms: 0.798191
      type: 'test'
      ...
    # Subtest: CLOCK_SIGNAL_FLATLINE fires when clockDelta barely varies across scenes
    ok 3 - CLOCK_SIGNAL_FLATLINE fires when clockDelta barely varies across scenes
      ---
      duration_ms: 0.844741
      type: 'test'
      ...
    # Subtest: CLOCK_SIGNAL_FLATLINE does not fire when clockDelta varies widely across scenes
    ok 4 - CLOCK_SIGNAL_FLATLINE does not fire when clockDelta varies widely across scenes
      ---
      duration_ms: 0.986869
      type: 'test'
      ...
    # Subtest: VISUAL_BEAT_BELIEF_DECOUPLED fires when visually-staged scenes and belief-assertion scenes never overlap
    ok 5 - VISUAL_BEAT_BELIEF_DECOUPLED fires when visually-staged scenes and belief-assertion scenes never overlap
      ---
      duration_ms: 0.678644
      type: 'test'
      ...
    # Subtest: VISUAL_BEAT_BELIEF_DECOUPLED does not fire when a scene carries both signals
    ok 6 - VISUAL_BEAT_BELIEF_DECOUPLED does not fire when a scene carries both signals
      ---
      duration_ms: 0.373109
      type: 'test'
      ...
    1..6
ok 1012 - Wave 614 — beliefPass: belief staging zone imbalance, clock signal flatline, visual beat belief decoupled
  ---
  duration_ms: 4.996083
  type: 'suite'
  ...
# Subtest: Wave 600 — beliefPass: clue debt belief decoupled, clue debt clock aftermath void, clue debt zone imbalance
    # Subtest: CLUE_DEBT_BELIEF_DECOUPLED fires when no clue-debt scene coincides with a belief assertion
    ok 1 - CLUE_DEBT_BELIEF_DECOUPLED fires when no clue-debt scene coincides with a belief assertion
      ---
      duration_ms: 0.679736
      type: 'test'
      ...
    # Subtest: CLUE_DEBT_BELIEF_DECOUPLED does not fire when a clue-debt scene also carries a belief assertion
    ok 2 - CLUE_DEBT_BELIEF_DECOUPLED does not fire when a clue-debt scene also carries a belief assertion
      ---
      duration_ms: 0.491166
      type: 'test'
      ...
    # Subtest: CLUE_DEBT_CLOCK_AFTERMATH_VOID fires when no clue-debt scene is followed by a clock raise within 2 scenes
    ok 3 - CLUE_DEBT_CLOCK_AFTERMATH_VOID fires when no clue-debt scene is followed by a clock raise within 2 scenes
      ---
      duration_ms: 0.841909
      type: 'test'
      ...
    # Subtest: CLUE_DEBT_CLOCK_AFTERMATH_VOID does not fire when a clue-debt scene is followed by a clock raise within 2 scenes
    ok 4 - CLUE_DEBT_CLOCK_AFTERMATH_VOID does not fire when a clue-debt scene is followed by a clock raise within 2 scenes
      ---
      duration_ms: 0.698496
      type: 'test'
      ...
    # Subtest: CLUE_DEBT_ZONE_IMBALANCE fires when one zone has zero clue-debt scenes and another has ≥50%
    ok 5 - CLUE_DEBT_ZONE_IMBALANCE fires when one zone has zero clue-debt scenes and another has ≥50%
      ---
      duration_ms: 0.970801
      type: 'test'
      ...
    # Subtest: CLUE_DEBT_ZONE_IMBALANCE does not fire when clue-debt scenes are spread across all zones
    ok 6 - CLUE_DEBT_ZONE_IMBALANCE does not fire when clue-debt scenes are spread across all zones
      ---
      duration_ms: 0.904756
      type: 'test'
      ...
    1..6
ok 1013 - Wave 600 — beliefPass: clue debt belief decoupled, clue debt clock aftermath void, clue debt zone imbalance
  ---
  duration_ms: 4.943492
  type: 'suite'
  ...
# Subtest: Wave 586 — beliefPass: revelation dramatic-turn aftermath void, assertion relationship aftermath void, revelation payoff aftermath void
    # Subtest: REVELATION_DRAMATIC_TURN_AFTERMATH_VOID fires when no revelation is followed by a dramatic turn within 2 scenes
    ok 1 - REVELATION_DRAMATIC_TURN_AFTERMATH_VOID fires when no revelation is followed by a dramatic turn within 2 scenes
      ---
      duration_ms: 1.820811
      type: 'test'
      ...
    # Subtest: REVELATION_DRAMATIC_TURN_AFTERMATH_VOID does not fire when a revelation is followed by a dramatic turn within 2 scenes
    ok 2 - REVELATION_DRAMATIC_TURN_AFTERMATH_VOID does not fire when a revelation is followed by a dramatic turn within 2 scenes
      ---
      duration_ms: 0.941795
      type: 'test'
      ...
    # Subtest: ASSERTION_RELATIONSHIP_AFTERMATH_VOID fires when no assertion is followed by a relationship shift
    ok 3 - ASSERTION_RELATIONSHIP_AFTERMATH_VOID fires when no assertion is followed by a relationship shift
      ---
      duration_ms: 1.030411
      type: 'test'
      ...
    # Subtest: ASSERTION_RELATIONSHIP_AFTERMATH_VOID does not fire when an assertion is followed by a relationship shift
    ok 4 - ASSERTION_RELATIONSHIP_AFTERMATH_VOID does not fire when an assertion is followed by a relationship shift
      ---
      duration_ms: 0.97837
      type: 'test'
      ...
    # Subtest: REVELATION_PAYOFF_AFTERMATH_VOID fires when no revelation is followed by a payoff
    ok 5 - REVELATION_PAYOFF_AFTERMATH_VOID fires when no revelation is followed by a payoff
      ---
      duration_ms: 1.008686
      type: 'test'
      ...
    # Subtest: REVELATION_PAYOFF_AFTERMATH_VOID does not fire when a revelation is followed by a payoff
    ok 6 - REVELATION_PAYOFF_AFTERMATH_VOID does not fire when a revelation is followed by a payoff
      ---
      duration_ms: 0.957356
      type: 'test'
      ...
    1..6
ok 1014 - Wave 586 — beliefPass: revelation dramatic-turn aftermath void, assertion relationship aftermath void, revelation payoff aftermath void
  ---
  duration_ms: 7.002881
  type: 'suite'
  ...
# Subtest: Wave 572 — beliefPass: assertion clock aftermath void, assertion seed aftermath void, assertion payoff aftermath void
    # Subtest: ASSERTION_CLOCK_AFTERMATH_VOID fires when no assertion is followed by a raised clock
    ok 1 - ASSERTION_CLOCK_AFTERMATH_VOID fires when no assertion is followed by a raised clock
      ---
      duration_ms: 1.205578
      type: 'test'
      ...
    # Subtest: ASSERTION_CLOCK_AFTERMATH_VOID does not fire when an assertion is followed by a raised clock
    ok 2 - ASSERTION_CLOCK_AFTERMATH_VOID does not fire when an assertion is followed by a raised clock
      ---
      duration_ms: 1.037529
      type: 'test'
      ...
    # Subtest: ASSERTION_SEED_AFTERMATH_VOID fires when no assertion is followed by a seeded clue
    ok 3 - ASSERTION_SEED_AFTERMATH_VOID fires when no assertion is followed by a seeded clue
      ---
      duration_ms: 1.047565
      type: 'test'
      ...
    # Subtest: ASSERTION_SEED_AFTERMATH_VOID does not fire when an assertion is followed by a seeded clue
    ok 4 - ASSERTION_SEED_AFTERMATH_VOID does not fire when an assertion is followed by a seeded clue
      ---
      duration_ms: 0.996114
      type: 'test'
      ...
    # Subtest: ASSERTION_PAYOFF_AFTERMATH_VOID fires when no assertion is followed by a payoff
    ok 5 - ASSERTION_PAYOFF_AFTERMATH_VOID fires when no assertion is followed by a payoff
      ---
      duration_ms: 1.068627
      type: 'test'
      ...
    # Subtest: ASSERTION_PAYOFF_AFTERMATH_VOID does not fire when an assertion is followed by a payoff
    ok 6 - ASSERTION_PAYOFF_AFTERMATH_VOID does not fire when an assertion is followed by a payoff
      ---
      duration_ms: 0.891692
      type: 'test'
      ...
    1..6
ok 1015 - Wave 572 — beliefPass: assertion clock aftermath void, assertion seed aftermath void, assertion payoff aftermath void
  ---
  duration_ms: 6.590923
  type: 'suite'
  ...
# Subtest: Wave 558 — beliefPass: assertion emotional aftermath flat, revelation curiosity peak early, seed temporal cluster
    # Subtest: ASSERTION_EMOTIONAL_AFTERMATH_FLAT fires when all assertion aftermaths are emotionally neutral
    ok 1 - ASSERTION_EMOTIONAL_AFTERMATH_FLAT fires when all assertion aftermaths are emotionally neutral
      ---
      duration_ms: 1.277538
      type: 'test'
      ...
    # Subtest: ASSERTION_EMOTIONAL_AFTERMATH_FLAT does not fire when at least one assertion aftermath is non-neutral
    ok 2 - ASSERTION_EMOTIONAL_AFTERMATH_FLAT does not fire when at least one assertion aftermath is non-neutral
      ---
      duration_ms: 1.022498
      type: 'test'
      ...
    # Subtest: REVELATION_CURIOSITY_PEAK_EARLY fires when the highest-curiosity revelation is in the first 25%
    ok 3 - REVELATION_CURIOSITY_PEAK_EARLY fires when the highest-curiosity revelation is in the first 25%
      ---
      duration_ms: 1.881919
      type: 'test'
      ...
    # Subtest: REVELATION_CURIOSITY_PEAK_EARLY does not fire when the peak-curiosity revelation is past the first 25%
    ok 4 - REVELATION_CURIOSITY_PEAK_EARLY does not fire when the peak-curiosity revelation is past the first 25%
      ---
      duration_ms: 1.002884
      type: 'test'
      ...
    # Subtest: SEED_TEMPORAL_CLUSTER fires when 3+ seed scenes are concentrated in one structural third
    ok 5 - SEED_TEMPORAL_CLUSTER fires when 3+ seed scenes are concentrated in one structural third
      ---
      duration_ms: 0.911374
      type: 'test'
      ...
    # Subtest: SEED_TEMPORAL_CLUSTER does not fire when seed scenes are distributed across thirds
    ok 6 - SEED_TEMPORAL_CLUSTER does not fire when seed scenes are distributed across thirds
      ---
      duration_ms: 2.520535
      type: 'test'
      ...
    1..6
ok 1016 - Wave 558 — beliefPass: assertion emotional aftermath flat, revelation curiosity peak early, seed temporal cluster
  ---
  duration_ms: 9.344438
  type: 'suite'
  ...
# Subtest: Wave 544 — beliefPass: revelation closing quarter absent, assertion drought, turn revelation aftermath void
    # Subtest: REVELATION_CLOSING_QUARTER_ABSENT fires when all revelations occur before the closing quarter
    ok 1 - REVELATION_CLOSING_QUARTER_ABSENT fires when all revelations occur before the closing quarter
      ---
      duration_ms: 2.178448
      type: 'test'
      ...
    # Subtest: REVELATION_CLOSING_QUARTER_ABSENT does not fire when a revelation exists in the closing quarter
    ok 2 - REVELATION_CLOSING_QUARTER_ABSENT does not fire when a revelation exists in the closing quarter
      ---
      duration_ms: 1.062086
      type: 'test'
      ...
    # Subtest: ASSERTION_DROUGHT fires when 7+ consecutive scenes contain no character assertion
    ok 3 - ASSERTION_DROUGHT fires when 7+ consecutive scenes contain no character assertion
      ---
      duration_ms: 1.855733
      type: 'test'
      ...
    # Subtest: ASSERTION_DROUGHT does not fire when no assertion gap reaches 7 consecutive scenes
    ok 4 - ASSERTION_DROUGHT does not fire when no assertion gap reaches 7 consecutive scenes
      ---
      duration_ms: 1.1181
      type: 'test'
      ...
    # Subtest: TURN_REVELATION_AFTERMATH_VOID fires when no dramatic turn is followed by a revelation within 2 scenes
    ok 5 - TURN_REVELATION_AFTERMATH_VOID fires when no dramatic turn is followed by a revelation within 2 scenes
      ---
      duration_ms: 1.098521
      type: 'test'
      ...
    # Subtest: TURN_REVELATION_AFTERMATH_VOID does not fire when a turn is followed by a revelation within 2 scenes
    ok 6 - TURN_REVELATION_AFTERMATH_VOID does not fire when a turn is followed by a revelation within 2 scenes
      ---
      duration_ms: 0.871898
      type: 'test'
      ...
    1..6
ok 1017 - Wave 544 — beliefPass: revelation closing quarter absent, assertion drought, turn revelation aftermath void
  ---
  duration_ms: 8.477463
  type: 'suite'
  ...
# Subtest: Wave 530 — beliefPass: assertion positive decoupled, positive scene revelation void, assertion turn aftermath void
    # Subtest: ASSERTION_POSITIVE_DECOUPLED fires when assertion scenes and positive-emotion scenes never coincide
    ok 1 - ASSERTION_POSITIVE_DECOUPLED fires when assertion scenes and positive-emotion scenes never coincide
      ---
      duration_ms: 1.515781
      type: 'test'
      ...
    # Subtest: ASSERTION_POSITIVE_DECOUPLED does not fire when at least one assertion scene is also positively emotional
    ok 2 - ASSERTION_POSITIVE_DECOUPLED does not fire when at least one assertion scene is also positively emotional
      ---
      duration_ms: 0.830958
      type: 'test'
      ...
    # Subtest: POSITIVE_SCENE_REVELATION_VOID fires when no positive-emotion scene carries a revelation
    ok 3 - POSITIVE_SCENE_REVELATION_VOID fires when no positive-emotion scene carries a revelation
      ---
      duration_ms: 0.935426
      type: 'test'
      ...
    # Subtest: POSITIVE_SCENE_REVELATION_VOID does not fire when at least one positive-emotion scene has a revelation
    ok 4 - POSITIVE_SCENE_REVELATION_VOID does not fire when at least one positive-emotion scene has a revelation
      ---
      duration_ms: 0.923589
      type: 'test'
      ...
    # Subtest: ASSERTION_TURN_AFTERMATH_VOID fires when no assertion is followed by a dramatic turn within 2 scenes
    ok 5 - ASSERTION_TURN_AFTERMATH_VOID fires when no assertion is followed by a dramatic turn within 2 scenes
      ---
      duration_ms: 1.014916
      type: 'test'
      ...
    # Subtest: ASSERTION_TURN_AFTERMATH_VOID does not fire when an assertion is followed by a dramatic turn within 2 scenes
    ok 6 - ASSERTION_TURN_AFTERMATH_VOID does not fire when an assertion is followed by a dramatic turn within 2 scenes
      ---
      duration_ms: 0.915846
      type: 'test'
      ...
    1..6
ok 1018 - Wave 530 — beliefPass: assertion positive decoupled, positive scene revelation void, assertion turn aftermath void
  ---
  duration_ms: 6.482949
  type: 'suite'
  ...
# Subtest: Wave 516 — beliefPass: revelation relationship aftermath void, revelation clock aftermath void, revelation seed aftermath void
    # Subtest: REVELATION_RELATIONSHIP_AFTERMATH_VOID fires when no revelation is followed by a relationship shift
    ok 1 - REVELATION_RELATIONSHIP_AFTERMATH_VOID fires when no revelation is followed by a relationship shift
      ---
      duration_ms: 1.19916
      type: 'test'
      ...
    # Subtest: REVELATION_RELATIONSHIP_AFTERMATH_VOID does not fire when a revelation is followed by a relationship shift
    ok 2 - REVELATION_RELATIONSHIP_AFTERMATH_VOID does not fire when a revelation is followed by a relationship shift
      ---
      duration_ms: 0.917428
      type: 'test'
      ...
    # Subtest: REVELATION_CLOCK_AFTERMATH_VOID fires when no revelation is followed by a raised clock
    ok 3 - REVELATION_CLOCK_AFTERMATH_VOID fires when no revelation is followed by a raised clock
      ---
      duration_ms: 0.906606
      type: 'test'
      ...
    # Subtest: REVELATION_CLOCK_AFTERMATH_VOID does not fire when a revelation is followed by a raised clock
    ok 4 - REVELATION_CLOCK_AFTERMATH_VOID does not fire when a revelation is followed by a raised clock
      ---
      duration_ms: 0.896399
      type: 'test'
      ...
    # Subtest: REVELATION_SEED_AFTERMATH_VOID fires when no revelation is followed by a seeded clue
    ok 5 - REVELATION_SEED_AFTERMATH_VOID fires when no revelation is followed by a seeded clue
      ---
      duration_ms: 1.870206
      type: 'test'
      ...
    # Subtest: REVELATION_SEED_AFTERMATH_VOID does not fire when a revelation is followed by a seeded clue
    ok 6 - REVELATION_SEED_AFTERMATH_VOID does not fire when a revelation is followed by a seeded clue
      ---
      duration_ms: 0.94702
      type: 'test'
      ...
    1..6
ok 1019 - Wave 516 — beliefPass: revelation relationship aftermath void, revelation clock aftermath void, revelation seed aftermath void
  ---
  duration_ms: 7.04653
  type: 'suite'
  ...
# Subtest: Wave 502 — beliefPass: revelation-seed decoupled, revelation curiosity aftermath void, assertion consecutive flood
    # Subtest: REVELATION_SEED_DECOUPLED fires when revelation and seed scenes never overlap
    ok 1 - REVELATION_SEED_DECOUPLED fires when revelation and seed scenes never overlap
      ---
      duration_ms: 1.15863
      type: 'test'
      ...
    # Subtest: REVELATION_SEED_DECOUPLED does not fire when a revelation and seed co-occur in the same scene
    ok 2 - REVELATION_SEED_DECOUPLED does not fire when a revelation and seed co-occur in the same scene
      ---
      duration_ms: 1.010752
      type: 'test'
      ...
    # Subtest: REVELATION_CURIOSITY_AFTERMATH_VOID fires when post-revelation curiosity average is <= 0
    ok 3 - REVELATION_CURIOSITY_AFTERMATH_VOID fires when post-revelation curiosity average is <= 0
      ---
      duration_ms: 0.997081
      type: 'test'
      ...
    # Subtest: REVELATION_CURIOSITY_AFTERMATH_VOID does not fire when post-revelation curiosity average is > 0
    ok 4 - REVELATION_CURIOSITY_AFTERMATH_VOID does not fire when post-revelation curiosity average is > 0
      ---
      duration_ms: 0.929221
      type: 'test'
      ...
    # Subtest: ASSERTION_CONSECUTIVE_FLOOD fires when three or more consecutive assertion scenes exist
    ok 5 - ASSERTION_CONSECUTIVE_FLOOD fires when three or more consecutive assertion scenes exist
      ---
      duration_ms: 1.060673
      type: 'test'
      ...
    # Subtest: ASSERTION_CONSECUTIVE_FLOOD does not fire when assertion scenes are all separated
    ok 6 - ASSERTION_CONSECUTIVE_FLOOD does not fire when assertion scenes are all separated
      ---
      duration_ms: 11.393522
      type: 'test'
      ...
    1..6
ok 1020 - Wave 502 — beliefPass: revelation-seed decoupled, revelation curiosity aftermath void, assertion consecutive flood
  ---
  duration_ms: 16.961304
  type: 'suite'
  ...
# Subtest: Wave 488 — beliefPass: revelation temporal cluster, revelation relationship peak absent, assertion negative decoupled
    # Subtest: REVELATION_TEMPORAL_CLUSTER fires when >75% of revelations fall in one structural third
    ok 1 - REVELATION_TEMPORAL_CLUSTER fires when >75% of revelations fall in one structural third
      ---
      duration_ms: 1.914628
      type: 'test'
      ...
    # Subtest: REVELATION_TEMPORAL_CLUSTER does not fire when revelations are distributed across thirds
    ok 2 - REVELATION_TEMPORAL_CLUSTER does not fire when revelations are distributed across thirds
      ---
      duration_ms: 1.344132
      type: 'test'
      ...
    # Subtest: REVELATION_RELATIONSHIP_PEAK_ABSENT fires when peak-relationship scene has no revelation while others do
    ok 3 - REVELATION_RELATIONSHIP_PEAK_ABSENT fires when peak-relationship scene has no revelation while others do
      ---
      duration_ms: 1.193814
      type: 'test'
      ...
    # Subtest: REVELATION_RELATIONSHIP_PEAK_ABSENT does not fire when peak-relationship scene has a revelation
    ok 4 - REVELATION_RELATIONSHIP_PEAK_ABSENT does not fire when peak-relationship scene has a revelation
      ---
      duration_ms: 1.375882
      type: 'test'
      ...
    # Subtest: ASSERTION_NEGATIVE_DECOUPLED fires when no assertion scene coincides with a negative emotional shift
    ok 5 - ASSERTION_NEGATIVE_DECOUPLED fires when no assertion scene coincides with a negative emotional shift
      ---
      duration_ms: 1.267429
      type: 'test'
      ...
    # Subtest: ASSERTION_NEGATIVE_DECOUPLED does not fire when an assertion lands in a negative-emotion scene
    ok 6 - ASSERTION_NEGATIVE_DECOUPLED does not fire when an assertion lands in a negative-emotion scene
      ---
      duration_ms: 1.02601
      type: 'test'
      ...
    1..6
ok 1021 - Wave 488 — beliefPass: revelation temporal cluster, revelation relationship peak absent, assertion negative decoupled
  ---
  duration_ms: 8.556195
  type: 'suite'
  ...
# Subtest: Wave 474 — beliefPass: assertion temporal cluster, revelation emotional aftermath flat, assertion curiosity aftermath void
    # Subtest: ASSERTION_TEMPORAL_CLUSTER fires when >75% of assertion scenes fall in a single third
    ok 1 - ASSERTION_TEMPORAL_CLUSTER fires when >75% of assertion scenes fall in a single third
      ---
      duration_ms: 1.476827
      type: 'test'
      ...
    # Subtest: ASSERTION_TEMPORAL_CLUSTER does not fire when assertion scenes are spread across all thirds
    ok 2 - ASSERTION_TEMPORAL_CLUSTER does not fire when assertion scenes are spread across all thirds
      ---
      duration_ms: 1.111935
      type: 'test'
      ...
    # Subtest: REVELATION_EMOTIONAL_AFTERMATH_FLAT fires when all post-revelation scenes are emotionally neutral
    ok 3 - REVELATION_EMOTIONAL_AFTERMATH_FLAT fires when all post-revelation scenes are emotionally neutral
      ---
      duration_ms: 1.077287
      type: 'test'
      ...
    # Subtest: REVELATION_EMOTIONAL_AFTERMATH_FLAT does not fire when at least one aftermath is emotionally charged
    ok 4 - REVELATION_EMOTIONAL_AFTERMATH_FLAT does not fire when at least one aftermath is emotionally charged
      ---
      duration_ms: 0.922336
      type: 'test'
      ...
    # Subtest: ASSERTION_CURIOSITY_AFTERMATH_VOID fires when avg post-assertion curiosityDelta ≤ 0
    ok 5 - ASSERTION_CURIOSITY_AFTERMATH_VOID fires when avg post-assertion curiosityDelta ≤ 0
      ---
      duration_ms: 0.956042
      type: 'test'
      ...
    # Subtest: ASSERTION_CURIOSITY_AFTERMATH_VOID does not fire when avg post-assertion curiosityDelta > 0
    ok 6 - ASSERTION_CURIOSITY_AFTERMATH_VOID does not fire when avg post-assertion curiosityDelta > 0
      ---
      duration_ms: 0.865093
      type: 'test'
      ...
    1..6
ok 1022 - Wave 474 — beliefPass: assertion temporal cluster, revelation emotional aftermath flat, assertion curiosity aftermath void
  ---
  duration_ms: 6.670962
  type: 'suite'
  ...
# Subtest: Wave 460 — beliefPass: assertion causal vacuum, revelation suspense deflation, assertion payoff decoupled
    # Subtest: ASSERTION_CAUSAL_VACUUM fires when every assertion has no narrative trigger in prior 2 scenes
    ok 1 - ASSERTION_CAUSAL_VACUUM fires when every assertion has no narrative trigger in prior 2 scenes
      ---
      duration_ms: 1.47294
      type: 'test'
      ...
    # Subtest: ASSERTION_CAUSAL_VACUUM does NOT fire when at least one assertion follows a narrative trigger
    ok 2 - ASSERTION_CAUSAL_VACUUM does NOT fire when at least one assertion follows a narrative trigger
      ---
      duration_ms: 1.118819
      type: 'test'
      ...
    # Subtest: REVELATION_SUSPENSE_DEFLATION fires when aftermath of revelations averages negative suspenseDelta
    ok 3 - REVELATION_SUSPENSE_DEFLATION fires when aftermath of revelations averages negative suspenseDelta
      ---
      duration_ms: 0.908112
      type: 'test'
      ...
    # Subtest: REVELATION_SUSPENSE_DEFLATION does NOT fire when aftermath average is non-negative
    ok 4 - REVELATION_SUSPENSE_DEFLATION does NOT fire when aftermath average is non-negative
      ---
      duration_ms: 1.018621
      type: 'test'
      ...
    # Subtest: ASSERTION_PAYOFF_DECOUPLED fires when assertion scenes and payoff scenes never overlap
    ok 5 - ASSERTION_PAYOFF_DECOUPLED fires when assertion scenes and payoff scenes never overlap
      ---
      duration_ms: 0.786872
      type: 'test'
      ...
    # Subtest: ASSERTION_PAYOFF_DECOUPLED does NOT fire when an assertion scene coincides with a payoff
    ok 6 - ASSERTION_PAYOFF_DECOUPLED does NOT fire when an assertion scene coincides with a payoff
      ---
      duration_ms: 0.781895
      type: 'test'
      ...
    1..6
ok 1023 - Wave 460 — beliefPass: assertion causal vacuum, revelation suspense deflation, assertion payoff decoupled
  ---
  duration_ms: 6.424312
  type: 'suite'
  ...
# Subtest: Wave 446 — beliefPass: revelation drought, assertion reactive void, negative scene revelation void
    # Subtest: REVELATION_DROUGHT fires when revelations leave a run of ≥6 consecutive silent scenes
    ok 1 - REVELATION_DROUGHT fires when revelations leave a run of ≥6 consecutive silent scenes
      ---
      duration_ms: 1.078013
      type: 'test'
      ...
    # Subtest: REVELATION_DROUGHT does NOT fire when revelations are spread with gaps under 6
    ok 2 - REVELATION_DROUGHT does NOT fire when revelations are spread with gaps under 6
      ---
      duration_ms: 0.836428
      type: 'test'
      ...
    # Subtest: ASSERTION_REACTIVE_VOID fires when no assertion appears within 2 scenes of any revelation
    ok 3 - ASSERTION_REACTIVE_VOID fires when no assertion appears within 2 scenes of any revelation
      ---
      duration_ms: 0.986521
      type: 'test'
      ...
    # Subtest: ASSERTION_REACTIVE_VOID does NOT fire when an assertion follows a revelation within 2 scenes
    ok 4 - ASSERTION_REACTIVE_VOID does NOT fire when an assertion follows a revelation within 2 scenes
      ---
      duration_ms: 0.966881
      type: 'test'
      ...
    # Subtest: NEGATIVE_SCENE_REVELATION_VOID fires when no negative-emotional scene coincides with a revelation
    ok 5 - NEGATIVE_SCENE_REVELATION_VOID fires when no negative-emotional scene coincides with a revelation
      ---
      duration_ms: 0.96771
      type: 'test'
      ...
    # Subtest: NEGATIVE_SCENE_REVELATION_VOID does NOT fire when at least one negative scene carries a revelation
    ok 6 - NEGATIVE_SCENE_REVELATION_VOID does NOT fire when at least one negative scene carries a revelation
      ---
      duration_ms: 0.832478
      type: 'test'
      ...
    1..6
ok 1024 - Wave 446 — beliefPass: revelation drought, assertion reactive void, negative scene revelation void
  ---
  duration_ms: 5.930846
  type: 'suite'
  ...
# Subtest: Wave 432 — beliefPass: revelation emotional monotone, revelation unprepared climax, assertion singleton run
    # Subtest: REVELATION_EMOTIONAL_MONOTONE fires when all charged revelation scenes share the same negative polarity
    ok 1 - REVELATION_EMOTIONAL_MONOTONE fires when all charged revelation scenes share the same negative polarity
      ---
      duration_ms: 1.182871
      type: 'test'
      ...
    # Subtest: REVELATION_EMOTIONAL_MONOTONE does not fire when revelations carry mixed emotional polarities
    ok 2 - REVELATION_EMOTIONAL_MONOTONE does not fire when revelations carry mixed emotional polarities
      ---
      duration_ms: 1.014373
      type: 'test'
      ...
    # Subtest: REVELATION_UNPREPARED_CLIMAX fires when the final revelation has no prior assertion in the 3 preceding scenes
    ok 3 - REVELATION_UNPREPARED_CLIMAX fires when the final revelation has no prior assertion in the 3 preceding scenes
      ---
      duration_ms: 0.930925
      type: 'test'
      ...
    # Subtest: REVELATION_UNPREPARED_CLIMAX does not fire when an assertion appears within 3 scenes of the final revelation
    ok 4 - REVELATION_UNPREPARED_CLIMAX does not fire when an assertion appears within 3 scenes of the final revelation
      ---
      duration_ms: 0.911151
      type: 'test'
      ...
    # Subtest: ASSERTION_SINGLETON_RUN fires when no two assertion scenes appear consecutively
    ok 5 - ASSERTION_SINGLETON_RUN fires when no two assertion scenes appear consecutively
      ---
      duration_ms: 0.984806
      type: 'test'
      ...
    # Subtest: ASSERTION_SINGLETON_RUN does not fire when two consecutive assertion scenes exist
    ok 6 - ASSERTION_SINGLETON_RUN does not fire when two consecutive assertion scenes exist
      ---
      duration_ms: 1.052062
      type: 'test'
      ...
    1..6
ok 1025 - Wave 432 — beliefPass: revelation emotional monotone, revelation unprepared climax, assertion singleton run
  ---
  duration_ms: 6.383376
  type: 'suite'
  ...
# Subtest: Wave 418 — beliefPass: revelation consecutive flood, assertion Act 2a void, assertion aftermath void
    # Subtest: REVELATION_CONSECUTIVE_FLOOD fires when 3+ revelation scenes appear consecutively
    ok 1 - REVELATION_CONSECUTIVE_FLOOD fires when 3+ revelation scenes appear consecutively
      ---
      duration_ms: 1.161747
      type: 'test'
      ...
    # Subtest: REVELATION_CONSECUTIVE_FLOOD does not fire when revelations are separated by non-revelation scenes
    ok 2 - REVELATION_CONSECUTIVE_FLOOD does not fire when revelations are separated by non-revelation scenes
      ---
      duration_ms: 0.923589
      type: 'test'
      ...
    # Subtest: ASSERTION_ACT2A_VOID fires when no assertion lands in the 25%–50% zone while others exist
    ok 3 - ASSERTION_ACT2A_VOID fires when no assertion lands in the 25%–50% zone while others exist
      ---
      duration_ms: 1.088896
      type: 'test'
      ...
    # Subtest: ASSERTION_ACT2A_VOID does not fire when an assertion lands in the Act 2a zone
    ok 4 - ASSERTION_ACT2A_VOID does not fire when an assertion lands in the Act 2a zone
      ---
      duration_ms: 1.116339
      type: 'test'
      ...
    # Subtest: ASSERTION_AFTERMATH_VOID fires when every assertion is followed by two flat scenes
    ok 5 - ASSERTION_AFTERMATH_VOID fires when every assertion is followed by two flat scenes
      ---
      duration_ms: 1.001049
      type: 'test'
      ...
    # Subtest: ASSERTION_AFTERMATH_VOID does not fire when an assertion is followed by a suspense rise
    ok 6 - ASSERTION_AFTERMATH_VOID does not fire when an assertion is followed by a suspense rise
      ---
      duration_ms: 1.462403
      type: 'test'
      ...
    1..6
ok 1026 - Wave 418 — beliefPass: revelation consecutive flood, assertion Act 2a void, assertion aftermath void
  ---
  duration_ms: 7.034788
  type: 'suite'
  ...
# Subtest: Wave 404 — beliefPass: revelation payoff decoupled, told belief seed decoupled, assertion Act 1 only
    # Subtest: REVELATION_PAYOFF_DECOUPLED fires when revelation and payoff scenes never share a scene
    ok 1 - REVELATION_PAYOFF_DECOUPLED fires when revelation and payoff scenes never share a scene
      ---
      duration_ms: 1.043174
      type: 'test'
      ...
    # Subtest: REVELATION_PAYOFF_DECOUPLED does NOT fire when a revelation shares a scene with a payoff
    ok 2 - REVELATION_PAYOFF_DECOUPLED does NOT fire when a revelation shares a scene with a payoff
      ---
      duration_ms: 0.87586
      type: 'test'
      ...
    # Subtest: TOLD_BELIEF_SEED_DECOUPLED fires when assertion and seed scenes never share a scene
    ok 3 - TOLD_BELIEF_SEED_DECOUPLED fires when assertion and seed scenes never share a scene
      ---
      duration_ms: 0.84483
      type: 'test'
      ...
    # Subtest: TOLD_BELIEF_SEED_DECOUPLED does NOT fire when an assertion scene also plants a clue
    ok 4 - TOLD_BELIEF_SEED_DECOUPLED does NOT fire when an assertion scene also plants a clue
      ---
      duration_ms: 0.843952
      type: 'test'
      ...
    # Subtest: ASSERTION_ACT1_ONLY fires when all assertions are in the first 25% of scenes
    ok 5 - ASSERTION_ACT1_ONLY fires when all assertions are in the first 25% of scenes
      ---
      duration_ms: 4.03531
      type: 'test'
      ...
    # Subtest: ASSERTION_ACT1_ONLY does NOT fire when assertions span beyond the first 25%
    ok 6 - ASSERTION_ACT1_ONLY does NOT fire when assertions span beyond the first 25%
      ---
      duration_ms: 1.321357
      type: 'test'
      ...
    1..6
ok 1027 - Wave 404 — beliefPass: revelation payoff decoupled, told belief seed decoupled, assertion Act 1 only
  ---
  duration_ms: 9.242556
  type: 'suite'
  ...
# Subtest: Wave 390 — beliefPass: revelation dramatic turn decoupled, told belief suspense peak absent, told belief curiosity peak absent
    # Subtest: REVELATION_DRAMATIC_TURN_DECOUPLED fires when revelations and turns never share a scene
    ok 1 - REVELATION_DRAMATIC_TURN_DECOUPLED fires when revelations and turns never share a scene
      ---
      duration_ms: 1.271883
      type: 'test'
      ...
    # Subtest: REVELATION_DRAMATIC_TURN_DECOUPLED does not fire when a revelation coincides with a turn
    ok 2 - REVELATION_DRAMATIC_TURN_DECOUPLED does not fire when a revelation coincides with a turn
      ---
      duration_ms: 1.164015
      type: 'test'
      ...
    # Subtest: TOLD_BELIEF_SUSPENSE_PEAK_ABSENT fires when the peak-suspense scene has no assertion
    ok 3 - TOLD_BELIEF_SUSPENSE_PEAK_ABSENT fires when the peak-suspense scene has no assertion
      ---
      duration_ms: 1.459605
      type: 'test'
      ...
    # Subtest: TOLD_BELIEF_SUSPENSE_PEAK_ABSENT does not fire when the peak-suspense scene carries an assertion
    ok 4 - TOLD_BELIEF_SUSPENSE_PEAK_ABSENT does not fire when the peak-suspense scene carries an assertion
      ---
      duration_ms: 0.994592
      type: 'test'
      ...
    # Subtest: TOLD_BELIEF_CURIOSITY_PEAK_ABSENT fires when the peak-curiosity scene has no assertion
    ok 5 - TOLD_BELIEF_CURIOSITY_PEAK_ABSENT fires when the peak-curiosity scene has no assertion
      ---
      duration_ms: 1.276082
      type: 'test'
      ...
    # Subtest: TOLD_BELIEF_CURIOSITY_PEAK_ABSENT does not fire when the peak-curiosity scene carries an assertion
    ok 6 - TOLD_BELIEF_CURIOSITY_PEAK_ABSENT does not fire when the peak-curiosity scene carries an assertion
      ---
      duration_ms: 1.186803
      type: 'test'
      ...
    1..6
ok 1028 - Wave 390 — beliefPass: revelation dramatic turn decoupled, told belief suspense peak absent, told belief curiosity peak absent
  ---
  duration_ms: 7.658401
  type: 'suite'
  ...
# Subtest: Wave 376 — beliefPass: revelation suspense peak absent, told belief clock decoupled, assertion midpoint void
    # Subtest: REVELATION_SUSPENSE_PEAK_ABSENT fires when the peak-suspense scene has no revelation while 2+ suspense-positive scenes do
    ok 1 - REVELATION_SUSPENSE_PEAK_ABSENT fires when the peak-suspense scene has no revelation while 2+ suspense-positive scenes do
      ---
      duration_ms: 1.370147
      type: 'test'
      ...
    # Subtest: REVELATION_SUSPENSE_PEAK_ABSENT does not fire when the peak-suspense scene carries a revelation
    ok 2 - REVELATION_SUSPENSE_PEAK_ABSENT does not fire when the peak-suspense scene carries a revelation
      ---
      duration_ms: 1.900934
      type: 'test'
      ...
    # Subtest: TOLD_BELIEF_CLOCK_DECOUPLED fires when no assertion scene raises a clock
    ok 3 - TOLD_BELIEF_CLOCK_DECOUPLED fires when no assertion scene raises a clock
      ---
      duration_ms: 1.232304
      type: 'test'
      ...
    # Subtest: TOLD_BELIEF_CLOCK_DECOUPLED does not fire when an assertion scene raises a clock
    ok 4 - TOLD_BELIEF_CLOCK_DECOUPLED does not fire when an assertion scene raises a clock
      ---
      duration_ms: 1.215299
      type: 'test'
      ...
    # Subtest: ASSERTION_MIDPOINT_VOID fires when the 40-60% zone has no assertion but assertions exist on both sides
    ok 5 - ASSERTION_MIDPOINT_VOID fires when the 40-60% zone has no assertion but assertions exist on both sides
      ---
      duration_ms: 2.562214
      type: 'test'
      ...
    # Subtest: ASSERTION_MIDPOINT_VOID does not fire when an assertion lands in the midpoint zone
    ok 6 - ASSERTION_MIDPOINT_VOID does not fire when an assertion lands in the midpoint zone
      ---
      duration_ms: 0.954193
      type: 'test'
      ...
    1..6
ok 1029 - Wave 376 — beliefPass: revelation suspense peak absent, told belief clock decoupled, assertion midpoint void
  ---
  duration_ms: 9.493046
  type: 'suite'
  ...
# Subtest: Wave 362 — beliefPass: revelation clock decoupled, told belief Act 3 absent, revelation curiosity peak absent
    # Subtest: REVELATION_CLOCK_DECOUPLED fires when no revelation lands in a clock-raised scene
    ok 1 - REVELATION_CLOCK_DECOUPLED fires when no revelation lands in a clock-raised scene
      ---
      duration_ms: 0.97621
      type: 'test'
      ...
    # Subtest: REVELATION_CLOCK_DECOUPLED does not fire when a revelation lands in a clock-raised scene
    ok 2 - REVELATION_CLOCK_DECOUPLED does not fire when a revelation lands in a clock-raised scene
      ---
      duration_ms: 0.874165
      type: 'test'
      ...
    # Subtest: TOLD_BELIEF_ACT3_ABSENT fires when assertions exist in Acts 1-2 but not in Act 3
    ok 3 - TOLD_BELIEF_ACT3_ABSENT fires when assertions exist in Acts 1-2 but not in Act 3
      ---
      duration_ms: 1.614548
      type: 'test'
      ...
    # Subtest: TOLD_BELIEF_ACT3_ABSENT does not fire when Act 3 contains an assertion
    ok 4 - TOLD_BELIEF_ACT3_ABSENT does not fire when Act 3 contains an assertion
      ---
      duration_ms: 1.565439
      type: 'test'
      ...
    # Subtest: REVELATION_CURIOSITY_PEAK_ABSENT fires when peak-curiosity scene has no revelation while 2+ others do
    ok 5 - REVELATION_CURIOSITY_PEAK_ABSENT fires when peak-curiosity scene has no revelation while 2+ others do
      ---
      duration_ms: 1.2871
      type: 'test'
      ...
    # Subtest: REVELATION_CURIOSITY_PEAK_ABSENT does not fire when peak-curiosity scene carries a revelation
    ok 6 - REVELATION_CURIOSITY_PEAK_ABSENT does not fire when peak-curiosity scene carries a revelation
      ---
      duration_ms: 1.186938
      type: 'test'
      ...
    1..6
ok 1030 - Wave 362 — beliefPass: revelation clock decoupled, told belief Act 3 absent, revelation curiosity peak absent
  ---
  duration_ms: 7.775042
  type: 'suite'
  ...
# Subtest: Wave 348 — beliefPass: revelation/assertion disconnect, revelation midpoint void, told belief dramatic turn decoupled
    # Subtest: REVELATION_ASSERTION_DISCONNECT fires when no revelation follows a prior assertion
    ok 1 - REVELATION_ASSERTION_DISCONNECT fires when no revelation follows a prior assertion
      ---
      duration_ms: 1.550306
      type: 'test'
      ...
    # Subtest: REVELATION_ASSERTION_DISCONNECT does not fire when a revelation follows an assertion
    ok 2 - REVELATION_ASSERTION_DISCONNECT does not fire when a revelation follows an assertion
      ---
      duration_ms: 1.328539
      type: 'test'
      ...
    # Subtest: REVELATION_MIDPOINT_VOID fires when the midpoint carries no revelation
    ok 3 - REVELATION_MIDPOINT_VOID fires when the midpoint carries no revelation
      ---
      duration_ms: 0.934195
      type: 'test'
      ...
    # Subtest: REVELATION_MIDPOINT_VOID does not fire when a revelation lands at the midpoint
    ok 4 - REVELATION_MIDPOINT_VOID does not fire when a revelation lands at the midpoint
      ---
      duration_ms: 0.870543
      type: 'test'
      ...
    # Subtest: TOLD_BELIEF_DRAMATIC_TURN_DECOUPLED fires when no assertion scene carries a dramatic turn
    ok 5 - TOLD_BELIEF_DRAMATIC_TURN_DECOUPLED fires when no assertion scene carries a dramatic turn
      ---
      duration_ms: 0.926544
      type: 'test'
      ...
    # Subtest: TOLD_BELIEF_DRAMATIC_TURN_DECOUPLED does not fire when an assertion scene carries a turn
    ok 6 - TOLD_BELIEF_DRAMATIC_TURN_DECOUPLED does not fire when an assertion scene carries a turn
      ---
      duration_ms: 3.690498
      type: 'test'
      ...
    1..6
ok 1031 - Wave 348 — beliefPass: revelation/assertion disconnect, revelation midpoint void, told belief dramatic turn decoupled
  ---
  duration_ms: 9.765071
  type: 'suite'
  ...
# Subtest: Wave 334 — beliefPass: told belief suspense decoupled, told belief emotional flatline, revelation relationship decoupled
    # Subtest: TOLD_BELIEF_SUSPENSE_DECOUPLED fires when assertion scenes have avg suspenseDelta ≤ 0
    ok 1 - TOLD_BELIEF_SUSPENSE_DECOUPLED fires when assertion scenes have avg suspenseDelta ≤ 0
      ---
      duration_ms: 1.485037
      type: 'test'
      ...
    # Subtest: TOLD_BELIEF_SUSPENSE_DECOUPLED does not fire when assertion scenes raise suspense
    ok 2 - TOLD_BELIEF_SUSPENSE_DECOUPLED does not fire when assertion scenes raise suspense
      ---
      duration_ms: 1.189809
      type: 'test'
      ...
    # Subtest: TOLD_BELIEF_EMOTIONAL_FLATLINE fires when all assertion scenes are emotionally neutral
    ok 3 - TOLD_BELIEF_EMOTIONAL_FLATLINE fires when all assertion scenes are emotionally neutral
      ---
      duration_ms: 6.23779
      type: 'test'
      ...
    # Subtest: TOLD_BELIEF_EMOTIONAL_FLATLINE does not fire when an assertion scene carries emotional charge
    ok 4 - TOLD_BELIEF_EMOTIONAL_FLATLINE does not fire when an assertion scene carries emotional charge
      ---
      duration_ms: 1.320039
      type: 'test'
      ...
    # Subtest: REVELATION_RELATIONSHIP_DECOUPLED fires when no revelation scene moves a bond
    ok 5 - REVELATION_RELATIONSHIP_DECOUPLED fires when no revelation scene moves a bond
      ---
      duration_ms: 1.093905
      type: 'test'
      ...
    # Subtest: REVELATION_RELATIONSHIP_DECOUPLED does not fire when a revelation scene moves a bond
    ok 6 - REVELATION_RELATIONSHIP_DECOUPLED does not fire when a revelation scene moves a bond
      ---
      duration_ms: 1.412344
      type: 'test'
      ...
    1..6
ok 1032 - Wave 334 — beliefPass: told belief suspense decoupled, told belief emotional flatline, revelation relationship decoupled
  ---
  duration_ms: 13.069252
  type: 'suite'
  ...
# Subtest: Wave 323 — beliefPass: revelation curiosity decoupled, told belief curiosity flat, told belief relationship decoupled
    # Subtest: REVELATION_CURIOSITY_DECOUPLED fires when revelation scenes have avg curiosityDelta ≤ 0
    ok 1 - REVELATION_CURIOSITY_DECOUPLED fires when revelation scenes have avg curiosityDelta ≤ 0
      ---
      duration_ms: 1.276878
      type: 'test'
      ...
    # Subtest: REVELATION_CURIOSITY_DECOUPLED does not fire when revelations raise curiosity
    ok 2 - REVELATION_CURIOSITY_DECOUPLED does not fire when revelations raise curiosity
      ---
      duration_ms: 1.078878
      type: 'test'
      ...
    # Subtest: TOLD_BELIEF_CURIOSITY_FLAT fires when assertion scenes have avg curiosityDelta ≤ 0
    ok 3 - TOLD_BELIEF_CURIOSITY_FLAT fires when assertion scenes have avg curiosityDelta ≤ 0
      ---
      duration_ms: 1.252289
      type: 'test'
      ...
    # Subtest: TOLD_BELIEF_CURIOSITY_FLAT does not fire when assertions raise curiosity
    ok 4 - TOLD_BELIEF_CURIOSITY_FLAT does not fire when assertions raise curiosity
      ---
      duration_ms: 0.981128
      type: 'test'
      ...
    # Subtest: TOLD_BELIEF_RELATIONSHIP_DECOUPLED fires when no assertion scene moves a bond
    ok 5 - TOLD_BELIEF_RELATIONSHIP_DECOUPLED fires when no assertion scene moves a bond
      ---
      duration_ms: 0.81101
      type: 'test'
      ...
    # Subtest: TOLD_BELIEF_RELATIONSHIP_DECOUPLED does not fire when an assertion scene shifts a relationship
    ok 6 - TOLD_BELIEF_RELATIONSHIP_DECOUPLED does not fire when an assertion scene shifts a relationship
      ---
      duration_ms: 0.860744
      type: 'test'
      ...
    1..6
ok 1033 - Wave 323 — beliefPass: revelation curiosity decoupled, told belief curiosity flat, told belief relationship decoupled
  ---
  duration_ms: 6.557551
  type: 'suite'
  ...
# Subtest: Wave 295 — beliefPass: revelation suspense decoupled, revelation density drop, belief opening inert
    # Subtest: REVELATION_SUSPENSE_DECOUPLED fires when 3+ revelation scenes avg suspenseDelta ≤ 0
    ok 1 - REVELATION_SUSPENSE_DECOUPLED fires when 3+ revelation scenes avg suspenseDelta ≤ 0
      ---
      duration_ms: 1.538724
      type: 'test'
      ...
    # Subtest: REVELATION_SUSPENSE_DECOUPLED does not fire when revelation scenes have positive avg suspenseDelta
    ok 2 - REVELATION_SUSPENSE_DECOUPLED does not fire when revelation scenes have positive avg suspenseDelta
      ---
      duration_ms: 1.274398
      type: 'test'
      ...
    # Subtest: REVELATION_DENSITY_DROP fires when first half has >2× more revelations than second half
    ok 3 - REVELATION_DENSITY_DROP fires when first half has >2× more revelations than second half
      ---
      duration_ms: 1.606028
      type: 'test'
      ...
    # Subtest: REVELATION_DENSITY_DROP does not fire when second half has comparable revelations
    ok 4 - REVELATION_DENSITY_DROP does not fire when second half has comparable revelations
      ---
      duration_ms: 1.06119
      type: 'test'
      ...
    # Subtest: BELIEF_OPENING_INERT fires when opening 25% has no belief content but rest does
    ok 5 - BELIEF_OPENING_INERT fires when opening 25% has no belief content but rest does
      ---
      duration_ms: 0.811369
      type: 'test'
      ...
    # Subtest: BELIEF_OPENING_INERT does not fire when opening has belief content
    ok 6 - BELIEF_OPENING_INERT does not fire when opening has belief content
      ---
      duration_ms: 1.843424
      type: 'test'
      ...
    1..6
ok 1034 - Wave 295 — beliefPass: revelation suspense decoupled, revelation density drop, belief opening inert
  ---
  duration_ms: 8.395778
  type: 'suite'
  ...
# Subtest: Wave 281 — beliefPass: revelation drama vacuum, Act 2b void, told belief final scene
    # Subtest: REVELATION_DRAMA_VACUUM fires when all revelations are in emotionally flat scenes
    ok 1 - REVELATION_DRAMA_VACUUM fires when all revelations are in emotionally flat scenes
      ---
      duration_ms: 1.008269
      type: 'test'
      ...
    # Subtest: REVELATION_DRAMA_VACUUM does NOT fire when a revelation is in a high-suspense scene
    ok 2 - REVELATION_DRAMA_VACUUM does NOT fire when a revelation is in a high-suspense scene
      ---
      duration_ms: 0.772147
      type: 'test'
      ...
    # Subtest: BELIEF_ACT2B_VOID fires when Act 2b has no told beliefs or revelations
    ok 3 - BELIEF_ACT2B_VOID fires when Act 2b has no told beliefs or revelations
      ---
      duration_ms: 1.091137
      type: 'test'
      ...
    # Subtest: BELIEF_ACT2B_VOID does NOT fire when Act 2b contains a revelation
    ok 4 - BELIEF_ACT2B_VOID does NOT fire when Act 2b contains a revelation
      ---
      duration_ms: 0.906657
      type: 'test'
      ...
    # Subtest: TOLD_BELIEF_FINAL_SCENE fires when final scene has an unresolved told belief
    ok 5 - TOLD_BELIEF_FINAL_SCENE fires when final scene has an unresolved told belief
      ---
      duration_ms: 0.738253
      type: 'test'
      ...
    # Subtest: TOLD_BELIEF_FINAL_SCENE does NOT fire when final scene also has a revelation
    ok 6 - TOLD_BELIEF_FINAL_SCENE does NOT fire when final scene also has a revelation
      ---
      duration_ms: 0.651561
      type: 'test'
      ...
    1..6
ok 1035 - Wave 281 — beliefPass: revelation drama vacuum, Act 2b void, told belief final scene
  ---
  duration_ms: 5.433633
  type: 'suite'
  ...
# Subtest: Wave 267 — beliefPass: belief front loaded, revelation final act only, told belief clustering
    # Subtest: BELIEF_FRONT_LOADED fires when all told beliefs cluster in the first half only
    ok 1 - BELIEF_FRONT_LOADED fires when all told beliefs cluster in the first half only
      ---
      duration_ms: 1.330443
      type: 'test'
      ...
    # Subtest: BELIEF_FRONT_LOADED does NOT fire when a told belief appears in the second half
    ok 2 - BELIEF_FRONT_LOADED does NOT fire when a told belief appears in the second half
      ---
      duration_ms: 1.179759
      type: 'test'
      ...
    # Subtest: REVELATION_FINAL_ACT_ONLY fires when all revelations are confined to the final quarter
    ok 3 - REVELATION_FINAL_ACT_ONLY fires when all revelations are confined to the final quarter
      ---
      duration_ms: 0.879527
      type: 'test'
      ...
    # Subtest: REVELATION_FINAL_ACT_ONLY does NOT fire when a revelation appears before the final quarter
    ok 4 - REVELATION_FINAL_ACT_ONLY does NOT fire when a revelation appears before the final quarter
      ---
      duration_ms: 0.784711
      type: 'test'
      ...
    # Subtest: TOLD_BELIEF_CLUSTERING fires when a single scene contains 3 told beliefs
    ok 5 - TOLD_BELIEF_CLUSTERING fires when a single scene contains 3 told beliefs
      ---
      duration_ms: 0.786834
      type: 'test'
      ...
    # Subtest: TOLD_BELIEF_CLUSTERING does NOT fire when no scene has 3+ told beliefs
    ok 6 - TOLD_BELIEF_CLUSTERING does NOT fire when no scene has 3+ told beliefs
      ---
      duration_ms: 0.964005
      type: 'test'
      ...
    1..6
ok 1036 - Wave 267 — beliefPass: belief front loaded, revelation final act only, told belief clustering
  ---
  duration_ms: 6.217986
  type: 'suite'
  ...
# Subtest: Wave 253 — beliefPass: revelation Act 2a desert, belief echo chamber, adjacent deception payoff
    # Subtest: REVELATION_ACT2A_DESERT fires when no revelation lands in Act 2a despite 3+ revelations overall
    ok 1 - REVELATION_ACT2A_DESERT fires when no revelation lands in Act 2a despite 3+ revelations overall
      ---
      duration_ms: 1.209616
      type: 'test'
      ...
    # Subtest: REVELATION_ACT2A_DESERT does NOT fire when a revelation lands in Act 2a
    ok 2 - REVELATION_ACT2A_DESERT does NOT fire when a revelation lands in Act 2a
      ---
      duration_ms: 2.193397
      type: 'test'
      ...
    # Subtest: BELIEF_ECHO_CHAMBER fires when the same unverified proposition is asserted across 3+ scenes
    ok 3 - BELIEF_ECHO_CHAMBER fires when the same unverified proposition is asserted across 3+ scenes
      ---
      duration_ms: 0.781092
      type: 'test'
      ...
    # Subtest: BELIEF_ECHO_CHAMBER does NOT fire when assertions carry distinct vocabulary
    ok 4 - BELIEF_ECHO_CHAMBER does NOT fire when assertions carry distinct vocabulary
      ---
      duration_ms: 0.724522
      type: 'test'
      ...
    # Subtest: ADJACENT_DECEPTION_PAYOFF fires when a told belief is contradicted in the very next scene
    ok 5 - ADJACENT_DECEPTION_PAYOFF fires when a told belief is contradicted in the very next scene
      ---
      duration_ms: 0.675386
      type: 'test'
      ...
    # Subtest: ADJACENT_DECEPTION_PAYOFF does NOT fire when setup and revelation are spaced apart
    ok 6 - ADJACENT_DECEPTION_PAYOFF does NOT fire when setup and revelation are spaced apart
      ---
      duration_ms: 0.5859
      type: 'test'
      ...
    1..6
ok 1037 - Wave 253 — beliefPass: revelation Act 2a desert, belief echo chamber, adjacent deception payoff
  ---
  duration_ms: 6.456872
  type: 'suite'
  ...
# Subtest: Wave 239 — beliefPass: told-belief Act 3 surge, revelation-belief propagation absent, sole asserter
    # Subtest: TOLD_BELIEF_ACT3_SURGE fires when 3+ told beliefs land in Act 3 and exceed 40% of total
    ok 1 - TOLD_BELIEF_ACT3_SURGE fires when 3+ told beliefs land in Act 3 and exceed 40% of total
      ---
      duration_ms: 1.963255
      type: 'test'
      ...
    # Subtest: TOLD_BELIEF_ACT3_SURGE does NOT fire when told beliefs are distributed evenly
    ok 2 - TOLD_BELIEF_ACT3_SURGE does NOT fire when told beliefs are distributed evenly
      ---
      duration_ms: 1.591258
      type: 'test'
      ...
    # Subtest: REVELATION_BELIEF_PROPAGATION_ABSENT fires when no revelation triggers subsequent told beliefs
    ok 3 - REVELATION_BELIEF_PROPAGATION_ABSENT fires when no revelation triggers subsequent told beliefs
      ---
      duration_ms: 1.205247
      type: 'test'
      ...
    # Subtest: REVELATION_BELIEF_PROPAGATION_ABSENT does NOT fire when a revelation propagates into a told belief
    ok 4 - REVELATION_BELIEF_PROPAGATION_ABSENT does NOT fire when a revelation propagates into a told belief
      ---
      duration_ms: 1.089603
      type: 'test'
      ...
    # Subtest: SOLE_ASSERTER fires when only one character makes told-belief assertions
    ok 5 - SOLE_ASSERTER fires when only one character makes told-belief assertions
      ---
      duration_ms: 0.993985
      type: 'test'
      ...
    # Subtest: SOLE_ASSERTER does NOT fire when multiple characters make assertions
    ok 6 - SOLE_ASSERTER does NOT fire when multiple characters make assertions
      ---
      duration_ms: 0.885319
      type: 'test'
      ...
    1..6
ok 1038 - Wave 239 — beliefPass: told-belief Act 3 surge, revelation-belief propagation absent, sole asserter
  ---
  duration_ms: 8.000707
  type: 'suite'
  ...
# Subtest: Wave 211 — beliefPass: revelation act3 void, late deception plant, belief resolution absent
    # Subtest: REVELATION_ACT3_VOID fires when act 3 carries no witnessed revelations despite 3+ in act 1/2
    ok 1 - REVELATION_ACT3_VOID fires when act 3 carries no witnessed revelations despite 3+ in act 1/2
      ---
      duration_ms: 1.947033
      type: 'test'
      ...
    # Subtest: REVELATION_ACT3_VOID does not fire when at least one revelation lands in act 3
    ok 2 - REVELATION_ACT3_VOID does not fire when at least one revelation lands in act 3
      ---
      duration_ms: 1.432322
      type: 'test'
      ...
    # Subtest: LATE_DECEPTION_PLANT fires when a false belief is planted and exposed within the same act
    ok 3 - LATE_DECEPTION_PLANT fires when a false belief is planted and exposed within the same act
      ---
      duration_ms: 1.196632
      type: 'test'
      ...
    # Subtest: LATE_DECEPTION_PLANT does not fire when no told belief in the final 40% is contradicted
    ok 4 - LATE_DECEPTION_PLANT does not fire when no told belief in the final 40% is contradicted
      ---
      duration_ms: 0.994775
      type: 'test'
      ...
    # Subtest: BELIEF_RESOLUTION_ABSENT fires when no revelation lands in the final 20% of the story
    ok 5 - BELIEF_RESOLUTION_ABSENT fires when no revelation lands in the final 20% of the story
      ---
      duration_ms: 1.415915
      type: 'test'
      ...
    # Subtest: BELIEF_RESOLUTION_ABSENT does not fire when a revelation lands in the final 20%
    ok 6 - BELIEF_RESOLUTION_ABSENT does not fire when a revelation lands in the final 20%
      ---
      duration_ms: 1.789534
      type: 'test'
      ...
    1..6
ok 1039 - Wave 211 — beliefPass: revelation act3 void, late deception plant, belief resolution absent
  ---
  duration_ms: 9.06498
  type: 'suite'
  ...
# Subtest: Wave 199 — beliefPass: midpoint void, single revelation, revelation delayed
    # Subtest: BELIEF_MIDPOINT_VOID fires when the midpoint zone has no beliefs or revelations
    ok 1 - BELIEF_MIDPOINT_VOID fires when the midpoint zone has no beliefs or revelations
      ---
      duration_ms: 1.339387
      type: 'test'
      ...
    # Subtest: BELIEF_MIDPOINT_VOID does not fire when midpoint zone carries a belief
    ok 2 - BELIEF_MIDPOINT_VOID does not fire when midpoint zone carries a belief
      ---
      duration_ms: 0.952287
      type: 'test'
      ...
    # Subtest: SINGLE_REVELATION_STORY fires when the story has exactly one witnessed revelation
    ok 3 - SINGLE_REVELATION_STORY fires when the story has exactly one witnessed revelation
      ---
      duration_ms: 0.839721
      type: 'test'
      ...
    # Subtest: SINGLE_REVELATION_STORY does not fire when story has two or more revelations
    ok 4 - SINGLE_REVELATION_STORY does not fire when story has two or more revelations
      ---
      duration_ms: 0.869347
      type: 'test'
      ...
    # Subtest: REVELATION_DELAYED fires when the first revelation arrives after the midpoint
    ok 5 - REVELATION_DELAYED fires when the first revelation arrives after the midpoint
      ---
      duration_ms: 0.517839
      type: 'test'
      ...
    # Subtest: REVELATION_DELAYED does not fire when the first revelation arrives before the midpoint
    ok 6 - REVELATION_DELAYED does not fire when the first revelation arrives before the midpoint
      ---
      duration_ms: 0.772804
      type: 'test'
      ...
    1..6
ok 1040 - Wave 199 — beliefPass: midpoint void, single revelation, revelation delayed
  ---
  duration_ms: 5.615391
  type: 'suite'
  ...
# Subtest: Wave 159 — beliefPass: revelation isolated, told domination, belief asymmetry
    # Subtest: beliefPass detects REVELATION_ISOLATED when revelation has no adjacent dialogue
    ok 1 - beliefPass detects REVELATION_ISOLATED when revelation has no adjacent dialogue
      ---
      duration_ms: 0.96537
      type: 'test'
      ...
    # Subtest: beliefPass does NOT fire REVELATION_ISOLATED when adjacent scene has dialogue
    ok 2 - beliefPass does NOT fire REVELATION_ISOLATED when adjacent scene has dialogue
      ---
      duration_ms: 0.824972
      type: 'test'
      ...
    # Subtest: beliefPass detects TOLD_BELIEF_DOMINATION when >70% are told-only scenes
    ok 3 - beliefPass detects TOLD_BELIEF_DOMINATION when >70% are told-only scenes
      ---
      duration_ms: 1.619076
      type: 'test'
      ...
    # Subtest: beliefPass does NOT fire TOLD_BELIEF_DOMINATION when revelations are well-distributed
    ok 4 - beliefPass does NOT fire TOLD_BELIEF_DOMINATION when revelations are well-distributed
      ---
      duration_ms: 0.442688
      type: 'test'
      ...
    # Subtest: beliefPass detects BELIEF_ASYMMETRY when one character dominates dialogue 3:1
    ok 5 - beliefPass detects BELIEF_ASYMMETRY when one character dominates dialogue 3:1
      ---
      duration_ms: 1.157145
      type: 'test'
      ...
    # Subtest: beliefPass does NOT fire BELIEF_ASYMMETRY when characters share belief space
    ok 6 - beliefPass does NOT fire BELIEF_ASYMMETRY when characters share belief space
      ---
      duration_ms: 1.187419
      type: 'test'
      ...
    1..6
ok 1041 - Wave 159 — beliefPass: revelation isolated, told domination, belief asymmetry
  ---
  duration_ms: 6.502716
  type: 'suite'
  ...
# Subtest: I1-a — beliefPass: EXPOSITION_DUMP tone-composed thresholds (composeThresholds)
    # Subtest: beliefPass: EXPOSITION_DUMP fires generically at a 3-scene told streak but NOT under tone cerebral (streak relaxed to 4)
    ok 1 - beliefPass: EXPOSITION_DUMP fires generically at a 3-scene told streak but NOT under tone cerebral (streak relaxed to 4)
      ---
      duration_ms: 1.267169
      type: 'test'
      ...
    # Subtest: beliefPass: EXPOSITION_DUMP does not fire generically at a 2-scene streak but fires under tone uncanny with a tone note
    ok 2 - beliefPass: EXPOSITION_DUMP does not fire generically at a 2-scene streak but fires under tone uncanny with a tone note
      ---
      duration_ms: 0.758294
      type: 'test'
      ...
    # Subtest: beliefPass: EXPOSITION_DUMP composes sci_fi genre + cerebral tone (4-scene streak fires under sci_fi alone, not composed)
    ok 3 - beliefPass: EXPOSITION_DUMP composes sci_fi genre + cerebral tone (4-scene streak fires under sci_fi alone, not composed)
      ---
      duration_ms: 1.079419
      type: 'test'
      ...
    1..3
ok 1042 - I1-a — beliefPass: EXPOSITION_DUMP tone-composed thresholds (composeThresholds)
  ---
  duration_ms: 3.295615
  type: 'suite'
  ...
# {"time":"2026-08-05T02:28:47.996Z","level":"warn","msg":"collab_secret_generated","message":"COLLAB_SECRET not set — generated an ephemeral per-process secret. Set COLLAB_SECRET in any multi-process or restart-prone deployment."}
# {"time":"2026-08-05T02:28:48.054Z","level":"warn","msg":"revision_rewrite_failed","passName":"causality","message":"Gemini provider not available (GEMINI_API_KEY not set)"}
# {"time":"2026-08-05T02:28:48.057Z","level":"warn","msg":"revision_rewrite_failed","passName":"causality","message":"Gemini provider not available (GEMINI_API_KEY not set)"}
# {"time":"2026-08-05T02:28:48.058Z","level":"warn","msg":"revision_rewrite_failed","passName":"causality","message":"Gemini provider not available (GEMINI_API_KEY not set)"}
# {"time":"2026-08-05T02:28:48.061Z","level":"warn","msg":"revision_rewrite_failed","passName":"causality","message":"Gemini provider not available (GEMINI_API_KEY not set)"}
# {"time":"2026-08-05T02:28:48.066Z","level":"warn","msg":"revision_rewrite_failed","passName":"causality","message":"Gemini provider not available (GEMINI_API_KEY not set)"}
# {"time":"2026-08-05T02:28:48.068Z","level":"warn","msg":"revision_rewrite_failed","passName":"causality","message":"Gemini provider not available (GEMINI_API_KEY not set)"}
# {"time":"2026-08-05T02:28:48.074Z","level":"warn","msg":"revision_rewrite_failed","passName":"causality","message":"Gemini provider not available (GEMINI_API_KEY not set)"}
# {"time":"2026-08-05T02:28:48.077Z","level":"warn","msg":"revision_rewrite_failed","passName":"causality","message":"Gemini provider not available (GEMINI_API_KEY not set)"}
# {"time":"2026-08-05T02:28:48.078Z","level":"warn","msg":"revision_rewrite_failed","passName":"causality","message":"Gemini provider not available (GEMINI_API_KEY not set)"}
# {"time":"2026-08-05T02:28:48.080Z","level":"warn","msg":"revision_rewrite_failed","passName":"causality","message":"Gemini provider not available (GEMINI_API_KEY not set)"}
# {"time":"2026-08-05T02:28:48.091Z","level":"warn","msg":"revision_rewrite_failed","passName":"causality","message":"Gemini provider not available (GEMINI_API_KEY not set)"}
# {"time":"2026-08-05T02:28:48.092Z","level":"warn","msg":"revision_rewrite_failed","passName":"causality","message":"Gemini provider not available (GEMINI_API_KEY not set)"}
# {"time":"2026-08-05T02:28:48.093Z","level":"warn","msg":"revision_rewrite_failed","passName":"causality","message":"Gemini provider not available (GEMINI_API_KEY not set)"}
# {"time":"2026-08-05T02:28:48.095Z","level":"warn","msg":"revision_rewrite_failed","passName":"causality","message":"Gemini provider not available (GEMINI_API_KEY not set)"}
# {"time":"2026-08-05T02:28:48.096Z","level":"warn","msg":"revision_rewrite_failed","passName":"causality","message":"Gemini provider not available (GEMINI_API_KEY not set)"}
# {"time":"2026-08-05T02:28:48.098Z","level":"warn","msg":"revision_rewrite_failed","passName":"causality","message":"Gemini provider not available (GEMINI_API_KEY not set)"}
# {"time":"2026-08-05T02:28:48.099Z","level":"warn","msg":"revision_rewrite_failed","passName":"causality","message":"Gemini provider not available (GEMINI_API_KEY not set)"}
# {"time":"2026-08-05T02:28:48.100Z","level":"warn","msg":"revision_rewrite_failed","passName":"causality","message":"Gemini provider not available (GEMINI_API_KEY not set)"}
# {"time":"2026-08-05T02:28:48.106Z","level":"warn","msg":"revision_rewrite_failed","passName":"causality","message":"Gemini provider not available (GEMINI_API_KEY not set)"}
# {"time":"2026-08-05T02:28:48.107Z","level":"warn","msg":"revision_rewrite_failed","passName":"causality","message":"Gemini provider not available (GEMINI_API_KEY not set)"}
# {"time":"2026-08-05T02:28:48.126Z","level":"warn","msg":"revision_rewrite_failed","passName":"causality","message":"Gemini provider not available (GEMINI_API_KEY not set)"}
# {"time":"2026-08-05T02:28:48.128Z","level":"warn","msg":"revision_rewrite_failed","passName":"causality","message":"Gemini provider not available (GEMINI_API_KEY not set)"}
# {"time":"2026-08-05T02:28:48.129Z","level":"warn","msg":"revision_rewrite_failed","passName":"causality","message":"Gemini provider not available (GEMINI_API_KEY not set)"}
# {"time":"2026-08-05T02:28:48.130Z","level":"warn","msg":"revision_rewrite_failed","passName":"causality","message":"Gemini provider not available (GEMINI_API_KEY not set)"}
# {"time":"2026-08-05T02:28:48.131Z","level":"warn","msg":"revision_rewrite_failed","passName":"causality","message":"Gemini provider not available (GEMINI_API_KEY not set)"}
# {"time":"2026-08-05T02:28:48.132Z","level":"warn","msg":"revision_rewrite_failed","passName":"causality","message":"Gemini provider not available (GEMINI_API_KEY not set)"}
# {"time":"2026-08-05T02:28:48.133Z","level":"warn","msg":"revision_rewrite_failed","passName":"causality","message":"Gemini provider not available (GEMINI_API_KEY not set)"}
# {"time":"2026-08-05T02:28:48.135Z","level":"warn","msg":"revision_rewrite_failed","passName":"causality","message":"Gemini provider not available (GEMINI_API_KEY not set)"}
# {"time":"2026-08-05T02:28:48.137Z","level":"warn","msg":"revision_rewrite_failed","passName":"causality","message":"Gemini provider not available (GEMINI_API_KEY not set)"}
# {"time":"2026-08-05T02:28:48.139Z","level":"warn","msg":"revision_rewrite_failed","passName":"causality","message":"Gemini provider not available (GEMINI_API_KEY not set)"}
# {"time":"2026-08-05T02:28:48.141Z","level":"warn","msg":"revision_rewrite_failed","passName":"causality","message":"Gemini provider not available (GEMINI_API_KEY not set)"}
# {"time":"2026-08-05T02:28:48.142Z","level":"warn","msg":"revision_rewrite_failed","passName":"causality","message":"Gemini provider not available (GEMINI_API_KEY not set)"}
# {"time":"2026-08-05T02:28:48.144Z","level":"warn","msg":"revision_rewrite_failed","passName":"causality","message":"Gemini provider not available (GEMINI_API_KEY not set)"}
# {"time":"2026-08-05T02:28:48.145Z","level":"warn","msg":"revision_rewrite_failed","passName":"causality","message":"Gemini provider not available (GEMINI_API_KEY not set)"}
# {"time":"2026-08-05T02:28:48.148Z","level":"warn","msg":"revision_rewrite_failed","passName":"causality","message":"Gemini provider not available (GEMINI_API_KEY not set)"}
# {"time":"2026-08-05T02:28:48.154Z","level":"warn","msg":"revision_rewrite_failed","passName":"causality","message":"Gemini provider not available (GEMINI_API_KEY not set)"}
# {"time":"2026-08-05T02:28:48.158Z","level":"warn","msg":"revision_rewrite_failed","passName":"causality","message":"Gemini provider not available (GEMINI_API_KEY not set)"}
# {"time":"2026-08-05T02:28:48.161Z","level":"warn","msg":"revision_rewrite_failed","passName":"causality","message":"Gemini provider not available (GEMINI_API_KEY not set)"}
# {"time":"2026-08-05T02:28:48.163Z","level":"warn","msg":"revision_rewrite_failed","passName":"causality","message":"Gemini provider not available (GEMINI_API_KEY not set)"}
# {"time":"2026-08-05T02:28:48.163Z","level":"warn","msg":"revision_rewrite_failed","passName":"causality","message":"Gemini provider not available (GEMINI_API_KEY not set)"}
# {"time":"2026-08-05T02:28:48.165Z","level":"warn","msg":"revision_rewrite_failed","passName":"causality","message":"Gemini provider not available (GEMINI_API_KEY not set)"}
# {"time":"2026-08-05T02:28:48.167Z","level":"warn","msg":"revision_rewrite_failed","passName":"causality","message":"Gemini provider not available (GEMINI_API_KEY not set)"}
# {"time":"2026-08-05T02:28:48.168Z","level":"warn","msg":"revision_rewrite_failed","passName":"causality","message":"Gemini provider not available (GEMINI_API_KEY not set)"}
# {"time":"2026-08-05T02:28:48.169Z","level":"warn","msg":"revision_rewrite_failed","passName":"causality","message":"Gemini provider not available (GEMINI_API_KEY not set)"}
# {"time":"2026-08-05T02:28:48.170Z","level":"warn","msg":"revision_rewrite_failed","passName":"causality","message":"Gemini provider not available (GEMINI_API_KEY not set)"}
# {"time":"2026-08-05T02:28:48.171Z","level":"warn","msg":"revision_rewrite_failed","passName":"causality","message":"Gemini provider not available (GEMINI_API_KEY not set)"}
# {"time":"2026-08-05T02:28:48.173Z","level":"warn","msg":"revision_rewrite_failed","passName":"causality","message":"Gemini provider not available (GEMINI_API_KEY not set)"}
# {"time":"2026-08-05T02:28:48.174Z","level":"warn","msg":"revision_rewrite_failed","passName":"causality","message":"Gemini provider not available (GEMINI_API_KEY not set)"}
# {"time":"2026-08-05T02:28:48.175Z","level":"warn","msg":"revision_rewrite_failed","passName":"causality","message":"Gemini provider not available (GEMINI_API_KEY not set)"}
# {"time":"2026-08-05T02:28:48.176Z","level":"warn","msg":"revision_rewrite_failed","passName":"causality","message":"Gemini provider not available (GEMINI_API_KEY not set)"}
# {"time":"2026-08-05T02:28:48.177Z","level":"warn","msg":"revision_rewrite_failed","passName":"causality","message":"Gemini provider not available (GEMINI_API_KEY not set)"}
# {"time":"2026-08-05T02:28:48.178Z","level":"warn","msg":"revision_rewrite_failed","passName":"causality","message":"Gemini provider not available (GEMINI_API_KEY not set)"}
# {"time":"2026-08-05T02:28:48.179Z","level":"warn","msg":"revision_rewrite_failed","passName":"causality","message":"Gemini provider not available (GEMINI_API_KEY not set)"}
# {"time":"2026-08-05T02:28:48.181Z","level":"warn","msg":"revision_rewrite_failed","passName":"causality","message":"Gemini provider not available (GEMINI_API_KEY not set)"}
# {"time":"2026-08-05T02:28:48.182Z","level":"warn","msg":"revision_rewrite_failed","passName":"causality","message":"Gemini provider not available (GEMINI_API_KEY not set)"}
# {"time":"2026-08-05T02:28:48.183Z","level":"warn","msg":"revision_rewrite_failed","passName":"causality","message":"Gemini provider not available (GEMINI_API_KEY not set)"}
# {"time":"2026-08-05T02:28:48.184Z","level":"warn","msg":"revision_rewrite_failed","passName":"causality","message":"Gemini provider not available (GEMINI_API_KEY not set)"}
# {"time":"2026-08-05T02:28:48.185Z","level":"warn","msg":"revision_rewrite_failed","passName":"causality","message":"Gemini provider not available (GEMINI_API_KEY not set)"}
# {"time":"2026-08-05T02:28:48.188Z","level":"warn","msg":"revision_rewrite_failed","passName":"causality","message":"Gemini provider not available (GEMINI_API_KEY not set)"}
# {"time":"2026-08-05T02:28:48.189Z","level":"warn","msg":"revision_rewrite_failed","passName":"causality","message":"Gemini provider not available (GEMINI_API_KEY not set)"}
# {"time":"2026-08-05T02:28:48.190Z","level":"warn","msg":"revision_rewrite_failed","passName":"causality","message":"Gemini provider not available (GEMINI_API_KEY not set)"}
# {"time":"2026-08-05T02:28:48.191Z","level":"warn","msg":"revision_rewrite_failed","passName":"causality","message":"Gemini provider not available (GEMINI_API_KEY not set)"}
# {"time":"2026-08-05T02:28:48.193Z","level":"warn","msg":"revision_rewrite_failed","passName":"causality","message":"Gemini provider not available (GEMINI_API_KEY not set)"}
# {"time":"2026-08-05T02:28:48.194Z","level":"warn","msg":"revision_rewrite_failed","passName":"causality","message":"Gemini provider not available (GEMINI_API_KEY not set)"}
# {"time":"2026-08-05T02:28:48.195Z","level":"warn","msg":"revision_rewrite_failed","passName":"causality","message":"Gemini provider not available (GEMINI_API_KEY not set)"}
# {"time":"2026-08-05T02:28:48.196Z","level":"warn","msg":"revision_rewrite_failed","passName":"causality","message":"Gemini provider not available (GEMINI_API_KEY not set)"}
# {"time":"2026-08-05T02:28:48.197Z","level":"warn","msg":"revision_rewrite_failed","passName":"causality","message":"Gemini provider not available (GEMINI_API_KEY not set)"}
# {"time":"2026-08-05T02:28:48.201Z","level":"warn","msg":"revision_rewrite_failed","passName":"causality","message":"Gemini provider not available (GEMINI_API_KEY not set)"}
# {"time":"2026-08-05T02:28:48.202Z","level":"warn","msg":"revision_rewrite_failed","passName":"causality","message":"Gemini provider not available (GEMINI_API_KEY not set)"}
# {"time":"2026-08-05T02:28:48.203Z","level":"warn","msg":"revision_rewrite_failed","passName":"causality","message":"Gemini provider not available (GEMINI_API_KEY not set)"}
# {"time":"2026-08-05T02:28:48.205Z","level":"warn","msg":"revision_rewrite_failed","passName":"causality","message":"Gemini provider not available (GEMINI_API_KEY not set)"}
# {"time":"2026-08-05T02:28:48.206Z","level":"warn","msg":"revision_rewrite_failed","passName":"causality","message":"Gemini provider not available (GEMINI_API_KEY not set)"}
# {"time":"2026-08-05T02:28:48.208Z","level":"warn","msg":"revision_rewrite_failed","passName":"causality","message":"Gemini provider not available (GEMINI_API_KEY not set)"}
# {"time":"2026-08-05T02:28:48.210Z","level":"warn","msg":"revision_rewrite_failed","passName":"causality","message":"Gemini provider not available (GEMINI_API_KEY not set)"}
# {"time":"2026-08-05T02:28:48.211Z","level":"warn","msg":"revision_rewrite_failed","passName":"causality","message":"Gemini provider not available (GEMINI_API_KEY not set)"}
# {"time":"2026-08-05T02:28:48.213Z","level":"warn","msg":"revision_rewrite_failed","passName":"causality","message":"Gemini provider not available (GEMINI_API_KEY not set)"}
# {"time":"2026-08-05T02:28:48.214Z","level":"warn","msg":"revision_rewrite_failed","passName":"causality","message":"Gemini provider not available (GEMINI_API_KEY not set)"}
# {"time":"2026-08-05T02:28:48.225Z","level":"warn","msg":"revision_rewrite_failed","passName":"causality","message":"Gemini provider not available (GEMINI_API_KEY not set)"}
# {"time":"2026-08-05T02:28:48.226Z","level":"warn","msg":"revision_rewrite_failed","passName":"causality","message":"Gemini provider not available (GEMINI_API_KEY not set)"}
# {"time":"2026-08-05T02:28:48.228Z","level":"warn","msg":"revision_rewrite_failed","passName":"causality","message":"Gemini provider not available (GEMINI_API_KEY not set)"}
# {"time":"2026-08-05T02:28:48.229Z","level":"warn","msg":"revision_rewrite_failed","passName":"causality","message":"Gemini provider not available (GEMINI_API_KEY not set)"}
# {"time":"2026-08-05T02:28:48.231Z","level":"warn","msg":"revision_rewrite_failed","passName":"causality","message":"Gemini provider not available (GEMINI_API_KEY not set)"}
# {"time":"2026-08-05T02:28:48.232Z","level":"warn","msg":"revision_rewrite_failed","passName":"causality","message":"Gemini provider not available (GEMINI_API_KEY not set)"}
# {"time":"2026-08-05T02:28:48.234Z","level":"warn","msg":"revision_rewrite_failed","passName":"causality","message":"Gemini provider not available (GEMINI_API_KEY not set)"}
# {"time":"2026-08-05T02:28:48.235Z","level":"warn","msg":"revision_rewrite_failed","passName":"causality","message":"Gemini provider not available (GEMINI_API_KEY not set)"}
# {"time":"2026-08-05T02:28:48.237Z","level":"warn","msg":"revision_rewrite_failed","passName":"causality","message":"Gemini provider not available (GEMINI_API_KEY not set)"}
# {"time":"2026-08-05T02:28:48.238Z","level":"warn","msg":"revision_rewrite_failed","passName":"causality","message":"Gemini provider not available (GEMINI_API_KEY not set)"}
# {"time":"2026-08-05T02:28:48.239Z","level":"warn","msg":"revision_rewrite_failed","passName":"causality","message":"Gemini provider not available (GEMINI_API_KEY not set)"}
# {"time":"2026-08-05T02:28:48.241Z","level":"warn","msg":"revision_rewrite_failed","passName":"causality","message":"Gemini provider not available (GEMINI_API_KEY not set)"}
# {"time":"2026-08-05T02:28:48.244Z","level":"warn","msg":"revision_rewrite_failed","passName":"causality","message":"Gemini provider not available (GEMINI_API_KEY not set)"}
# {"time":"2026-08-05T02:28:48.245Z","level":"warn","msg":"revision_rewrite_failed","passName":"causality","message":"Gemini provider not available (GEMINI_API_KEY not set)"}
# {"time":"2026-08-05T02:28:48.246Z","level":"warn","msg":"revision_rewrite_failed","passName":"causality","message":"Gemini provider not available (GEMINI_API_KEY not set)"}
# {"time":"2026-08-05T02:28:48.247Z","level":"warn","msg":"revision_rewrite_failed","passName":"causality","message":"Gemini provider not available (GEMINI_API_KEY not set)"}
# {"time":"2026-08-05T02:28:48.249Z","level":"warn","msg":"revision_rewrite_failed","passName":"causality","message":"Gemini provider not available (GEMINI_API_KEY not set)"}
# {"time":"2026-08-05T02:28:48.250Z","level":"warn","msg":"revision_rewrite_failed","passName":"causality","message":"Gemini provider not available (GEMINI_API_KEY not set)"}
# {"time":"2026-08-05T02:28:48.251Z","level":"warn","msg":"revision_rewrite_failed","passName":"causality","message":"Gemini provider not available (GEMINI_API_KEY not set)"}
# {"time":"2026-08-05T02:28:48.252Z","level":"warn","msg":"revision_rewrite_failed","passName":"causality","message":"Gemini provider not available (GEMINI_API_KEY not set)"}
# {"time":"2026-08-05T02:28:48.253Z","level":"warn","msg":"revision_rewrite_failed","passName":"causality","message":"Gemini provider not available (GEMINI_API_KEY not set)"}
# {"time":"2026-08-05T02:28:48.254Z","level":"warn","msg":"revision_rewrite_failed","passName":"causality","message":"Gemini provider not available (GEMINI_API_KEY not set)"}
# {"time":"2026-08-05T02:28:48.255Z","level":"warn","msg":"revision_rewrite_failed","passName":"causality","message":"Gemini provider not available (GEMINI_API_KEY not set)"}
# {"time":"2026-08-05T02:28:48.258Z","level":"warn","msg":"revision_rewrite_failed","passName":"causality","message":"Gemini provider not available (GEMINI_API_KEY not set)"}
# {"time":"2026-08-05T02:28:48.260Z","level":"warn","msg":"revision_rewrite_failed","passName":"causality","message":"Gemini provider not available (GEMINI_API_KEY not set)"}
# {"time":"2026-08-05T02:28:48.261Z","level":"warn","msg":"revision_rewrite_failed","passName":"causality","message":"Gemini provider not available (GEMINI_API_KEY not set)"}
# {"time":"2026-08-05T02:28:48.263Z","level":"warn","msg":"revision_rewrite_failed","passName":"causality","message":"Gemini provider not available (GEMINI_API_KEY not set)"}
# {"time":"2026-08-05T02:28:48.264Z","level":"warn","msg":"revision_rewrite_failed","passName":"causality","message":"Gemini provider not available (GEMINI_API_KEY not set)"}
# {"time":"2026-08-05T02:28:48.265Z","level":"warn","msg":"revision_rewrite_failed","passName":"causality","message":"Gemini provider not available (GEMINI_API_KEY not set)"}
# {"time":"2026-08-05T02:28:48.267Z","level":"warn","msg":"revision_rewrite_failed","passName":"causality","message":"Gemini provider not available (GEMINI_API_KEY not set)"}
# {"time":"2026-08-05T02:28:48.268Z","level":"warn","msg":"revision_rewrite_failed","passName":"causality","message":"Gemini provider not available (GEMINI_API_KEY not set)"}
# {"time":"2026-08-05T02:28:48.270Z","level":"warn","msg":"revision_rewrite_failed","passName":"causality","message":"Gemini provider not available (GEMINI_API_KEY not set)"}
# {"time":"2026-08-05T02:28:48.271Z","level":"warn","msg":"revision_rewrite_failed","passName":"causality","message":"Gemini provider not available (GEMINI_API_KEY not set)"}
# {"time":"2026-08-05T02:28:48.273Z","level":"warn","msg":"revision_rewrite_failed","passName":"causality","message":"Gemini provider not available (GEMINI_API_KEY not set)"}
# {"time":"2026-08-05T02:28:48.274Z","level":"warn","msg":"revision_rewrite_failed","passName":"causality","message":"Gemini provider not available (GEMINI_API_KEY not set)"}
# {"time":"2026-08-05T02:28:48.275Z","level":"warn","msg":"revision_rewrite_failed","passName":"causality","message":"Gemini provider not available (GEMINI_API_KEY not set)"}
# {"time":"2026-08-05T02:28:48.276Z","level":"warn","msg":"revision_rewrite_failed","passName":"causality","message":"Gemini provider not available (GEMINI_API_KEY not set)"}
# {"time":"2026-08-05T02:28:48.279Z","level":"warn","msg":"revision_rewrite_failed","passName":"causality","message":"Gemini provider not available (GEMINI_API_KEY not set)"}
# {"time":"2026-08-05T02:28:48.280Z","level":"warn","msg":"revision_rewrite_failed","passName":"causality","message":"Gemini provider not available (GEMINI_API_KEY not set)"}
# {"time":"2026-08-05T02:28:48.281Z","level":"warn","msg":"revision_rewrite_failed","passName":"causality","message":"Gemini provider not available (GEMINI_API_KEY not set)"}
# {"time":"2026-08-05T02:28:48.282Z","level":"warn","msg":"revision_rewrite_failed","passName":"causality","message":"Gemini provider not available (GEMINI_API_KEY not set)"}
# {"time":"2026-08-05T02:28:48.284Z","level":"warn","msg":"revision_rewrite_failed","passName":"causality","message":"Gemini provider not available (GEMINI_API_KEY not set)"}
# {"time":"2026-08-05T02:28:48.285Z","level":"warn","msg":"revision_rewrite_failed","passName":"causality","message":"Gemini provider not available (GEMINI_API_KEY not set)"}
# {"time":"2026-08-05T02:28:48.286Z","level":"warn","msg":"revision_rewrite_failed","passName":"causality","message":"Gemini provider not available (GEMINI_API_KEY not set)"}
# {"time":"2026-08-05T02:28:48.287Z","level":"warn","msg":"revision_rewrite_failed","passName":"causality","message":"Gemini provider not available (GEMINI_API_KEY not set)"}
# {"time":"2026-08-05T02:28:48.288Z","level":"warn","msg":"revision_rewrite_failed","passName":"causality","message":"Gemini provider not available (GEMINI_API_KEY not set)"}
# {"time":"2026-08-05T02:28:48.289Z","level":"warn","msg":"revision_rewrite_failed","passName":"causality","message":"Gemini provider not available (GEMINI_API_KEY not set)"}
# {"time":"2026-08-05T02:28:48.290Z","level":"warn","msg":"revision_rewrite_failed","passName":"causality","message":"Gemini provider not available (GEMINI_API_KEY not set)"}
# {"time":"2026-08-05T02:28:48.291Z","level":"warn","msg":"revision_rewrite_failed","passName":"causality","message":"Gemini provider not available (GEMINI_API_KEY not set)"}
# {"time":"2026-08-05T02:28:48.292Z","level":"warn","msg":"revision_rewrite_failed","passName":"causality","message":"Gemini provider not available (GEMINI_API_KEY not set)"}
# {"time":"2026-08-05T02:28:48.293Z","level":"warn","msg":"revision_rewrite_failed","passName":"causality","message":"Gemini provider not available (GEMINI_API_KEY not set)"}
# {"time":"2026-08-05T02:28:48.294Z","level":"warn","msg":"revision_rewrite_failed","passName":"causality","message":"Gemini provider not available (GEMINI_API_KEY not set)"}
# {"time":"2026-08-05T02:28:48.295Z","level":"warn","msg":"revision_rewrite_failed","passName":"causality","message":"Gemini provider not available (GEMINI_API_KEY not set)"}
# {"time":"2026-08-05T02:28:48.296Z","level":"warn","msg":"revision_rewrite_failed","passName":"causality","message":"Gemini provider not available (GEMINI_API_KEY not set)"}
# {"time":"2026-08-05T02:28:48.298Z","level":"warn","msg":"revision_rewrite_failed","passName":"causality","message":"Gemini provider not available (GEMINI_API_KEY not set)"}
# {"time":"2026-08-05T02:28:48.299Z","level":"warn","msg":"revision_rewrite_failed","passName":"causality","message":"Gemini provider not available (GEMINI_API_KEY not set)"}
# {"time":"2026-08-05T02:28:48.300Z","level":"warn","msg":"revision_rewrite_failed","passName":"causality","message":"Gemini provider not available (GEMINI_API_KEY not set)"}
# {"time":"2026-08-05T02:28:48.302Z","level":"warn","msg":"revision_rewrite_failed","passName":"causality","message":"Gemini provider not available (GEMINI_API_KEY not set)"}
# {"time":"2026-08-05T02:28:48.304Z","level":"warn","msg":"revision_rewrite_failed","passName":"causality","message":"Gemini provider not available (GEMINI_API_KEY not set)"}
# {"time":"2026-08-05T02:28:48.305Z","level":"warn","msg":"revision_rewrite_failed","passName":"causality","message":"Gemini provider not available (GEMINI_API_KEY not set)"}
# {"time":"2026-08-05T02:28:48.306Z","level":"warn","msg":"revision_rewrite_failed","passName":"causality","message":"Gemini provider not available (GEMINI_API_KEY not set)"}
# {"time":"2026-08-05T02:28:48.307Z","level":"warn","msg":"revision_rewrite_failed","passName":"causality","message":"Gemini provider not available (GEMINI_API_KEY not set)"}
# {"time":"2026-08-05T02:28:48.308Z","level":"warn","msg":"revision_rewrite_failed","passName":"causality","message":"Gemini provider not available (GEMINI_API_KEY not set)"}
# {"time":"2026-08-05T02:28:48.310Z","level":"warn","msg":"revision_rewrite_failed","passName":"causality","message":"Gemini provider not available (GEMINI_API_KEY not set)"}
# {"time":"2026-08-05T02:28:48.311Z","level":"warn","msg":"revision_rewrite_failed","passName":"causality","message":"Gemini provider not available (GEMINI_API_KEY not set)"}
# {"time":"2026-08-05T02:28:48.312Z","level":"warn","msg":"revision_rewrite_failed","passName":"causality","message":"Gemini provider not available (GEMINI_API_KEY not set)"}
# {"time":"2026-08-05T02:28:48.313Z","level":"warn","msg":"revision_rewrite_failed","passName":"causality","message":"Gemini provider not available (GEMINI_API_KEY not set)"}
# {"time":"2026-08-05T02:28:48.314Z","level":"warn","msg":"revision_rewrite_failed","passName":"causality","message":"Gemini provider not available (GEMINI_API_KEY not set)"}
# {"time":"2026-08-05T02:28:48.315Z","level":"warn","msg":"revision_rewrite_failed","passName":"causality","message":"Gemini provider not available (GEMINI_API_KEY not set)"}
# {"time":"2026-08-05T02:28:48.316Z","level":"warn","msg":"revision_rewrite_failed","passName":"causality","message":"Gemini provider not available (GEMINI_API_KEY not set)"}
# {"time":"2026-08-05T02:28:48.318Z","level":"warn","msg":"revision_rewrite_failed","passName":"causality","message":"Gemini provider not available (GEMINI_API_KEY not set)"}
# {"time":"2026-08-05T02:28:48.319Z","level":"warn","msg":"revision_rewrite_failed","passName":"causality","message":"Gemini provider not available (GEMINI_API_KEY not set)"}
# {"time":"2026-08-05T02:28:48.320Z","level":"warn","msg":"revision_rewrite_failed","passName":"causality","message":"Gemini provider not available (GEMINI_API_KEY not set)"}
# {"time":"2026-08-05T02:28:48.332Z","level":"warn","msg":"revision_rewrite_failed","passName":"causality","message":"Gemini provider not available (GEMINI_API_KEY not set)"}
# {"time":"2026-08-05T02:28:48.333Z","level":"warn","msg":"revision_rewrite_failed","passName":"causality","message":"Gemini provider not available (GEMINI_API_KEY not set)"}
# {"time":"2026-08-05T02:28:48.334Z","level":"warn","msg":"revision_rewrite_failed","passName":"causality","message":"Gemini provider not available (GEMINI_API_KEY not set)"}
# {"time":"2026-08-05T02:28:48.335Z","level":"warn","msg":"revision_rewrite_failed","passName":"causality","message":"Gemini provider not available (GEMINI_API_KEY not set)"}
# {"time":"2026-08-05T02:28:48.336Z","level":"warn","msg":"revision_rewrite_failed","passName":"causality","message":"Gemini provider not available (GEMINI_API_KEY not set)"}
# {"time":"2026-08-05T02:28:48.337Z","level":"warn","msg":"revision_rewrite_failed","passName":"causality","message":"Gemini provider not available (GEMINI_API_KEY not set)"}
# {"time":"2026-08-05T02:28:48.338Z","level":"warn","msg":"revision_rewrite_failed","passName":"causality","message":"Gemini provider not available (GEMINI_API_KEY not set)"}
# {"time":"2026-08-05T02:28:48.339Z","level":"warn","msg":"revision_rewrite_failed","passName":"causality","message":"Gemini provider not available (GEMINI_API_KEY not set)"}
# {"time":"2026-08-05T02:28:48.340Z","level":"warn","msg":"revision_rewrite_failed","passName":"causality","message":"Gemini provider not available (GEMINI_API_KEY not set)"}
# {"time":"2026-08-05T02:28:48.341Z","level":"warn","msg":"revision_rewrite_failed","passName":"causality","message":"Gemini provider not available (GEMINI_API_KEY not set)"}
# {"time":"2026-08-05T02:28:48.342Z","level":"warn","msg":"revision_rewrite_failed","passName":"causality","message":"Gemini provider not available (GEMINI_API_KEY not set)"}
# {"time":"2026-08-05T02:28:48.343Z","level":"warn","msg":"revision_rewrite_failed","passName":"causality","message":"Gemini provider not available (GEMINI_API_KEY not set)"}
# {"time":"2026-08-05T02:28:48.345Z","level":"warn","msg":"revision_rewrite_failed","passName":"causality","message":"Gemini provider not available (GEMINI_API_KEY not set)"}
# {"time":"2026-08-05T02:28:48.346Z","level":"warn","msg":"revision_rewrite_failed","passName":"causality","message":"Gemini provider not available (GEMINI_API_KEY not set)"}
# {"time":"2026-08-05T02:28:48.347Z","level":"warn","msg":"revision_rewrite_failed","passName":"causality","message":"Gemini provider not available (GEMINI_API_KEY not set)"}
# {"time":"2026-08-05T02:28:48.348Z","level":"warn","msg":"revision_rewrite_failed","passName":"causality","message":"Gemini provider not available (GEMINI_API_KEY not set)"}
# {"time":"2026-08-05T02:28:48.349Z","level":"warn","msg":"revision_rewrite_failed","passName":"causality","message":"Gemini provider not available (GEMINI_API_KEY not set)"}
# {"time":"2026-08-05T02:28:48.350Z","level":"warn","msg":"revision_rewrite_failed","passName":"causality","message":"Gemini provider not available (GEMINI_API_KEY not set)"}
# {"time":"2026-08-05T02:28:48.351Z","level":"warn","msg":"revision_rewrite_failed","passName":"causality","message":"Gemini provider not available (GEMINI_API_KEY not set)"}
# {"time":"2026-08-05T02:28:48.351Z","level":"warn","msg":"revision_rewrite_failed","passName":"causality","message":"Gemini provider not available (GEMINI_API_KEY not set)"}
# {"time":"2026-08-05T02:28:48.353Z","level":"warn","msg":"revision_rewrite_failed","passName":"causality","message":"Gemini provider not available (GEMINI_API_KEY not set)"}
# {"time":"2026-08-05T02:28:48.353Z","level":"warn","msg":"revision_rewrite_failed","passName":"causality","message":"Gemini provider not available (GEMINI_API_KEY not set)"}
# {"time":"2026-08-05T02:28:48.354Z","level":"warn","msg":"revision_rewrite_failed","passName":"causality","message":"Gemini provider not available (GEMINI_API_KEY not set)"}
# {"time":"2026-08-05T02:28:48.355Z","level":"warn","msg":"revision_rewrite_failed","passName":"causality","message":"Gemini provider not available (GEMINI_API_KEY not set)"}
# {"time":"2026-08-05T02:28:48.360Z","level":"warn","msg":"revision_rewrite_failed","passName":"causality","message":"Gemini provider not available (GEMINI_API_KEY not set)"}
# {"time":"2026-08-05T02:28:48.361Z","level":"warn","msg":"revision_rewrite_failed","passName":"causality","message":"Gemini provider not available (GEMINI_API_KEY not set)"}
# {"time":"2026-08-05T02:28:48.362Z","level":"warn","msg":"revision_rewrite_failed","passName":"causality","message":"Gemini provider not available (GEMINI_API_KEY not set)"}
# {"time":"2026-08-05T02:28:48.363Z","level":"warn","msg":"revision_rewrite_failed","passName":"causality","message":"Gemini provider not available (GEMINI_API_KEY not set)"}
# {"time":"2026-08-05T02:28:48.364Z","level":"warn","msg":"revision_rewrite_failed","passName":"causality","message":"Gemini provider not available (GEMINI_API_KEY not set)"}
# {"time":"2026-08-05T02:28:48.365Z","level":"warn","msg":"revision_rewrite_failed","passName":"causality","message":"Gemini provider not available (GEMINI_API_KEY not set)"}
# {"time":"2026-08-05T02:28:48.366Z","level":"warn","msg":"revision_rewrite_failed","passName":"causality","message":"Gemini provider not available (GEMINI_API_KEY not set)"}
# {"time":"2026-08-05T02:28:48.367Z","level":"warn","msg":"revision_rewrite_failed","passName":"causality","message":"Gemini provider not available (GEMINI_API_KEY not set)"}
# {"time":"2026-08-05T02:28:48.368Z","level":"warn","msg":"revision_rewrite_failed","passName":"causality","message":"Gemini provider not available (GEMINI_API_KEY not set)"}
# {"time":"2026-08-05T02:28:48.369Z","level":"warn","msg":"revision_rewrite_failed","passName":"causality","message":"Gemini provider not available (GEMINI_API_KEY not set)"}
# {"time":"2026-08-05T02:28:48.370Z","level":"warn","msg":"revision_rewrite_failed","passName":"causality","message":"Gemini provider not available (GEMINI_API_KEY not set)"}
# {"time":"2026-08-05T02:28:48.371Z","level":"warn","msg":"revision_rewrite_failed","passName":"causality","message":"Gemini provider not available (GEMINI_API_KEY not set)"}
# {"time":"2026-08-05T02:28:48.372Z","level":"warn","msg":"revision_rewrite_failed","passName":"causality","message":"Gemini provider not available (GEMINI_API_KEY not set)"}
# {"time":"2026-08-05T02:28:48.373Z","level":"warn","msg":"revision_rewrite_failed","passName":"causality","message":"Gemini provider not available (GEMINI_API_KEY not set)"}
# {"time":"2026-08-05T02:28:48.374Z","level":"warn","msg":"revision_rewrite_failed","passName":"causality","message":"Gemini provider not available (GEMINI_API_KEY not set)"}
# {"time":"2026-08-05T02:28:48.374Z","level":"warn","msg":"revision_rewrite_failed","passName":"causality","message":"Gemini provider not available (GEMINI_API_KEY not set)"}
# {"time":"2026-08-05T02:28:48.376Z","level":"warn","msg":"revision_rewrite_failed","passName":"causality","message":"Gemini provider not available (GEMINI_API_KEY not set)"}
# {"time":"2026-08-05T02:28:48.377Z","level":"warn","msg":"revision_rewrite_failed","passName":"causality","message":"Gemini provider not available (GEMINI_API_KEY not set)"}
# {"time":"2026-08-05T02:28:48.377Z","level":"warn","msg":"revision_rewrite_failed","passName":"causality","message":"Gemini provider not available (GEMINI_API_KEY not set)"}
# {"time":"2026-08-05T02:28:48.378Z","level":"warn","msg":"revision_rewrite_failed","passName":"causality","message":"Gemini provider not available (GEMINI_API_KEY not set)"}
# {"time":"2026-08-05T02:28:48.379Z","level":"warn","msg":"revision_rewrite_failed","passName":"causality","message":"Gemini provider not available (GEMINI_API_KEY not set)"}
# {"time":"2026-08-05T02:28:48.381Z","level":"warn","msg":"revision_rewrite_failed","passName":"causality","message":"Gemini provider not available (GEMINI_API_KEY not set)"}
# {"time":"2026-08-05T02:28:48.382Z","level":"warn","msg":"revision_rewrite_failed","passName":"causality","message":"Gemini provider not available (GEMINI_API_KEY not set)"}
# {"time":"2026-08-05T02:28:48.383Z","level":"warn","msg":"revision_rewrite_failed","passName":"causality","message":"Gemini provider not available (GEMINI_API_KEY not set)"}
# {"time":"2026-08-05T02:28:48.384Z","level":"warn","msg":"revision_rewrite_failed","passName":"causality","message":"Gemini provider not available (GEMINI_API_KEY not set)"}
# {"time":"2026-08-05T02:28:48.385Z","level":"warn","msg":"revision_rewrite_failed","passName":"causality","message":"Gemini provider not available (GEMINI_API_KEY not set)"}
# {"time":"2026-08-05T02:28:48.387Z","level":"warn","msg":"revision_rewrite_failed","passName":"causality","message":"Gemini provider not available (GEMINI_API_KEY not set)"}
# {"time":"2026-08-05T02:28:48.388Z","level":"warn","msg":"revision_rewrite_failed","passName":"causality","message":"Gemini provider not available (GEMINI_API_KEY not set)"}
# {"time":"2026-08-05T02:28:48.389Z","level":"warn","msg":"revision_rewrite_failed","passName":"causality","message":"Gemini provider not available (GEMINI_API_KEY not set)"}
# {"time":"2026-08-05T02:28:48.391Z","level":"warn","msg":"revision_rewrite_failed","passName":"causality","message":"Gemini provider not available (GEMINI_API_KEY not set)"}
# {"time":"2026-08-05T02:28:48.392Z","level":"warn","msg":"revision_rewrite_failed","passName":"causality","message":"Gemini provider not available (GEMINI_API_KEY not set)"}
# {"time":"2026-08-05T02:28:48.393Z","level":"warn","msg":"revision_rewrite_failed","passName":"causality","message":"Gemini provider not available (GEMINI_API_KEY not set)"}
# {"time":"2026-08-05T02:28:48.394Z","level":"warn","msg":"revision_rewrite_failed","passName":"causality","message":"Gemini provider not available (GEMINI_API_KEY not set)"}
# {"time":"2026-08-05T02:28:48.396Z","level":"warn","msg":"revision_rewrite_failed","passName":"causality","message":"Gemini provider not available (GEMINI_API_KEY not set)"}
# {"time":"2026-08-05T02:28:48.397Z","level":"warn","msg":"revision_rewrite_failed","passName":"causality","message":"Gemini provider not available (GEMINI_API_KEY not set)"}
# {"time":"2026-08-05T02:28:48.399Z","level":"warn","msg":"revision_rewrite_failed","passName":"causality","message":"Gemini provider not available (GEMINI_API_KEY not set)"}
# {"time":"2026-08-05T02:28:48.400Z","level":"warn","msg":"revision_rewrite_failed","passName":"causality","message":"Gemini provider not available (GEMINI_API_KEY not set)"}
# {"time":"2026-08-05T02:28:48.401Z","level":"warn","msg":"revision_rewrite_failed","passName":"causality","message":"Gemini provider not available (GEMINI_API_KEY not set)"}
# {"time":"2026-08-05T02:28:48.402Z","level":"warn","msg":"revision_rewrite_failed","passName":"causality","message":"Gemini provider not available (GEMINI_API_KEY not set)"}
# {"time":"2026-08-05T02:28:48.403Z","level":"warn","msg":"revision_rewrite_failed","passName":"causality","message":"Gemini provider not available (GEMINI_API_KEY not set)"}
# {"time":"2026-08-05T02:28:48.405Z","level":"warn","msg":"revision_rewrite_failed","passName":"causality","message":"Gemini provider not available (GEMINI_API_KEY not set)"}
# {"time":"2026-08-05T02:28:48.406Z","level":"warn","msg":"revision_rewrite_failed","passName":"causality","message":"Gemini provider not available (GEMINI_API_KEY not set)"}
# {"time":"2026-08-05T02:28:48.407Z","level":"warn","msg":"revision_rewrite_failed","passName":"causality","message":"Gemini provider not available (GEMINI_API_KEY not set)"}
# {"time":"2026-08-05T02:28:48.408Z","level":"warn","msg":"revision_rewrite_failed","passName":"causality","message":"Gemini provider not available (GEMINI_API_KEY not set)"}
# {"time":"2026-08-05T02:28:48.409Z","level":"warn","msg":"revision_rewrite_failed","passName":"causality","message":"Gemini provider not available (GEMINI_API_KEY not set)"}
# {"time":"2026-08-05T02:28:48.410Z","level":"warn","msg":"revision_rewrite_failed","passName":"causality","message":"Gemini provider not available (GEMINI_API_KEY not set)"}
# {"time":"2026-08-05T02:28:48.411Z","level":"warn","msg":"revision_rewrite_failed","passName":"causality","message":"Gemini provider not available (GEMINI_API_KEY not set)"}
# {"time":"2026-08-05T02:28:48.412Z","level":"warn","msg":"revision_rewrite_failed","passName":"causality","message":"Gemini provider not available (GEMINI_API_KEY not set)"}
# {"time":"2026-08-05T02:28:48.413Z","level":"warn","msg":"revision_rewrite_failed","passName":"causality","message":"Gemini provider not available (GEMINI_API_KEY not set)"}
# {"time":"2026-08-05T02:28:48.414Z","level":"warn","msg":"revision_rewrite_failed","passName":"causality","message":"Gemini provider not available (GEMINI_API_KEY not set)"}
# {"time":"2026-08-05T02:28:48.415Z","level":"warn","msg":"revision_rewrite_failed","passName":"causality","message":"Gemini provider not available (GEMINI_API_KEY not set)"}
# {"time":"2026-08-05T02:28:48.416Z","level":"warn","msg":"revision_rewrite_failed","passName":"causality","message":"Gemini provider not available (GEMINI_API_KEY not set)"}
# {"time":"2026-08-05T02:28:48.417Z","level":"warn","msg":"revision_rewrite_failed","passName":"causality","message":"Gemini provider not available (GEMINI_API_KEY not set)"}
# {"time":"2026-08-05T02:28:48.418Z","level":"warn","msg":"revision_rewrite_failed","passName":"causality","message":"Gemini provider not available (GEMINI_API_KEY not set)"}
# {"time":"2026-08-05T02:28:48.419Z","level":"warn","msg":"revision_rewrite_failed","passName":"causality","message":"Gemini provider not available (GEMINI_API_KEY not set)"}
# {"time":"2026-08-05T02:28:48.420Z","level":"warn","msg":"revision_rewrite_failed","passName":"causality","message":"Gemini provider not available (GEMINI_API_KEY not set)"}
# {"time":"2026-08-05T02:28:48.421Z","level":"warn","msg":"revision_rewrite_failed","passName":"causality","message":"Gemini provider not available (GEMINI_API_KEY not set)"}
# {"time":"2026-08-05T02:28:48.421Z","level":"warn","msg":"revision_rewrite_failed","passName":"causality","message":"Gemini provider not available (GEMINI_API_KEY not set)"}
# {"time":"2026-08-05T02:28:48.427Z","level":"warn","msg":"revision_rewrite_failed","passName":"causality","message":"Gemini provider not available (GEMINI_API_KEY not set)"}
# {"time":"2026-08-05T02:28:48.428Z","level":"warn","msg":"revision_rewrite_failed","passName":"causality","message":"Gemini provider not available (GEMINI_API_KEY not set)"}
# {"time":"2026-08-05T02:28:48.429Z","level":"warn","msg":"revision_rewrite_failed","passName":"causality","message":"Gemini provider not available (GEMINI_API_KEY not set)"}
# {"time":"2026-08-05T02:28:48.429Z","level":"warn","msg":"revision_rewrite_failed","passName":"causality","message":"Gemini provider not available (GEMINI_API_KEY not set)"}
# {"time":"2026-08-05T02:28:48.431Z","level":"warn","msg":"revision_rewrite_failed","passName":"causality","message":"Gemini provider not available (GEMINI_API_KEY not set)"}
# {"time":"2026-08-05T02:28:48.432Z","level":"warn","msg":"revision_rewrite_failed","passName":"causality","message":"Gemini provider not available (GEMINI_API_KEY not set)"}
# {"time":"2026-08-05T02:28:48.433Z","level":"warn","msg":"revision_rewrite_failed","passName":"causality","message":"Gemini provider not available (GEMINI_API_KEY not set)"}
# {"time":"2026-08-05T02:28:48.433Z","level":"warn","msg":"revision_rewrite_failed","passName":"causality","message":"Gemini provider not available (GEMINI_API_KEY not set)"}
# {"time":"2026-08-05T02:28:48.434Z","level":"warn","msg":"revision_rewrite_failed","passName":"causality","message":"Gemini provider not available (GEMINI_API_KEY not set)"}
# {"time":"2026-08-05T02:28:48.435Z","level":"warn","msg":"revision_rewrite_failed","passName":"causality","message":"Gemini provider not available (GEMINI_API_KEY not set)"}
# {"time":"2026-08-05T02:28:48.436Z","level":"warn","msg":"revision_rewrite_failed","passName":"causality","message":"Gemini provider not available (GEMINI_API_KEY not set)"}
# {"time":"2026-08-05T02:28:48.437Z","level":"warn","msg":"revision_rewrite_failed","passName":"causality","message":"Gemini provider not available (GEMINI_API_KEY not set)"}
# {"time":"2026-08-05T02:28:48.438Z","level":"warn","msg":"revision_rewrite_failed","passName":"causality","message":"Gemini provider not available (GEMINI_API_KEY not set)"}
# {"time":"2026-08-05T02:28:48.439Z","level":"warn","msg":"revision_rewrite_failed","passName":"causality","message":"Gemini provider not available (GEMINI_API_KEY not set)"}
# {"time":"2026-08-05T02:28:48.440Z","level":"warn","msg":"revision_rewrite_failed","passName":"causality","message":"Gemini provider not available (GEMINI_API_KEY not set)"}
# {"time":"2026-08-05T02:28:48.442Z","level":"warn","msg":"revision_rewrite_failed","passName":"causality","message":"Gemini provider not available (GEMINI_API_KEY not set)"}
# {"time":"2026-08-05T02:28:48.443Z","level":"warn","msg":"revision_rewrite_failed","passName":"causality","message":"Gemini provider not available (GEMINI_API_KEY not set)"}
# {"time":"2026-08-05T02:28:48.444Z","level":"warn","msg":"revision_rewrite_failed","passName":"causality","message":"Gemini provider not available (GEMINI_API_KEY not set)"}
# {"time":"2026-08-05T02:28:48.445Z","level":"warn","msg":"revision_rewrite_failed","passName":"causality","message":"Gemini provider not available (GEMINI_API_KEY not set)"}
# {"time":"2026-08-05T02:28:48.446Z","level":"warn","msg":"revision_rewrite_failed","passName":"causality","message":"Gemini provider not available (GEMINI_API_KEY not set)"}
# {"time":"2026-08-05T02:28:48.447Z","level":"warn","msg":"revision_rewrite_failed","passName":"causality","message":"Gemini provider not available (GEMINI_API_KEY not set)"}
# {"time":"2026-08-05T02:28:48.448Z","level":"warn","msg":"revision_rewrite_failed","passName":"causality","message":"Gemini provider not available (GEMINI_API_KEY not set)"}
# {"time":"2026-08-05T02:28:48.449Z","level":"warn","msg":"revision_rewrite_failed","passName":"causality","message":"Gemini provider not available (GEMINI_API_KEY not set)"}
# {"time":"2026-08-05T02:28:48.449Z","level":"warn","msg":"revision_rewrite_failed","passName":"causality","message":"Gemini provider not available (GEMINI_API_KEY not set)"}
# {"time":"2026-08-05T02:28:48.451Z","level":"warn","msg":"revision_rewrite_failed","passName":"causality","message":"Gemini provider not available (GEMINI_API_KEY not set)"}
# {"time":"2026-08-05T02:28:48.451Z","level":"warn","msg":"revision_rewrite_failed","passName":"causality","message":"Gemini provider not available (GEMINI_API_KEY not set)"}
# {"time":"2026-08-05T02:28:48.452Z","level":"warn","msg":"revision_rewrite_failed","passName":"causality","message":"Gemini provider not available (GEMINI_API_KEY not set)"}
# {"time":"2026-08-05T02:28:48.453Z","level":"warn","msg":"revision_rewrite_failed","passName":"causality","message":"Gemini provider not available (GEMINI_API_KEY not set)"}
# {"time":"2026-08-05T02:28:48.454Z","level":"warn","msg":"revision_rewrite_failed","passName":"causality","message":"Gemini provider not available (GEMINI_API_KEY not set)"}
# {"time":"2026-08-05T02:28:48.455Z","level":"warn","msg":"revision_rewrite_failed","passName":"causality","message":"Gemini provider not available (GEMINI_API_KEY not set)"}
# {"time":"2026-08-05T02:28:48.456Z","level":"warn","msg":"revision_rewrite_failed","passName":"causality","message":"Gemini provider not available (GEMINI_API_KEY not set)"}
# {"time":"2026-08-05T02:28:48.457Z","level":"warn","msg":"revision_rewrite_failed","passName":"causality","message":"Gemini provider not available (GEMINI_API_KEY not set)"}
# {"time":"2026-08-05T02:28:48.458Z","level":"warn","msg":"revision_rewrite_failed","passName":"causality","message":"Gemini provider not available (GEMINI_API_KEY not set)"}
# {"time":"2026-08-05T02:28:48.458Z","level":"warn","msg":"revision_rewrite_failed","passName":"causality","message":"Gemini provider not available (GEMINI_API_KEY not set)"}
# {"time":"2026-08-05T02:28:48.459Z","level":"warn","msg":"revision_rewrite_failed","passName":"causality","message":"Gemini provider not available (GEMINI_API_KEY not set)"}
# {"time":"2026-08-05T02:28:48.460Z","level":"warn","msg":"revision_rewrite_failed","passName":"causality","message":"Gemini provider not available (GEMINI_API_KEY not set)"}
# {"time":"2026-08-05T02:28:48.462Z","level":"warn","msg":"revision_rewrite_failed","passName":"causality","message":"Gemini provider not available (GEMINI_API_KEY not set)"}
# {"time":"2026-08-05T02:28:48.462Z","level":"warn","msg":"revision_rewrite_failed","passName":"causality","message":"Gemini provider not available (GEMINI_API_KEY not set)"}
# {"time":"2026-08-05T02:28:48.463Z","level":"warn","msg":"revision_rewrite_failed","passName":"causality","message":"Gemini provider not available (GEMINI_API_KEY not set)"}
# {"time":"2026-08-05T02:28:48.464Z","level":"warn","msg":"revision_rewrite_failed","passName":"causality","message":"Gemini provider not available (GEMINI_API_KEY not set)"}
# {"time":"2026-08-05T02:28:48.465Z","level":"warn","msg":"revision_rewrite_failed","passName":"causality","message":"Gemini provider not available (GEMINI_API_KEY not set)"}
# {"time":"2026-08-05T02:28:48.466Z","level":"warn","msg":"revision_rewrite_failed","passName":"causality","message":"Gemini provider not available (GEMINI_API_KEY not set)"}
# {"time":"2026-08-05T02:28:48.467Z","level":"warn","msg":"revision_rewrite_failed","passName":"causality","message":"Gemini provider not available (GEMINI_API_KEY not set)"}
# {"time":"2026-08-05T02:28:48.468Z","level":"warn","msg":"revision_rewrite_failed","passName":"causality","message":"Gemini provider not available (GEMINI_API_KEY not set)"}
# {"time":"2026-08-05T02:28:48.469Z","level":"warn","msg":"revision_rewrite_failed","passName":"causality","message":"Gemini provider not available (GEMINI_API_KEY not set)"}
# {"time":"2026-08-05T02:28:48.470Z","level":"warn","msg":"revision_rewrite_failed","passName":"causality","message":"Gemini provider not available (GEMINI_API_KEY not set)"}
# {"time":"2026-08-05T02:28:48.471Z","level":"warn","msg":"revision_rewrite_failed","passName":"causality","message":"Gemini provider not available (GEMINI_API_KEY not set)"}
# {"time":"2026-08-05T02:28:48.472Z","level":"warn","msg":"revision_rewrite_failed","passName":"causality","message":"Gemini provider not available (GEMINI_API_KEY not set)"}
# {"time":"2026-08-05T02:28:48.473Z","level":"warn","msg":"revision_rewrite_failed","passName":"causality","message":"Gemini provider not available (GEMINI_API_KEY not set)"}
# {"time":"2026-08-05T02:28:48.474Z","level":"warn","msg":"revision_rewrite_failed","passName":"causality","message":"Gemini provider not available (GEMINI_API_KEY not set)"}
# {"time":"2026-08-05T02:28:48.474Z","level":"warn","msg":"revision_rewrite_failed","passName":"causality","message":"Gemini provider not available (GEMINI_API_KEY not set)"}
# {"time":"2026-08-05T02:28:48.475Z","level":"warn","msg":"revision_rewrite_failed","passName":"causality","message":"Gemini provider not available (GEMINI_API_KEY not set)"}
# {"time":"2026-08-05T02:28:48.476Z","level":"warn","msg":"revision_rewrite_failed","passName":"causality","message":"Gemini provider not available (GEMINI_API_KEY not set)"}
# {"time":"2026-08-05T02:28:48.477Z","level":"warn","msg":"revision_rewrite_failed","passName":"causality","message":"Gemini provider not available (GEMINI_API_KEY not set)"}
# {"time":"2026-08-05T02:28:48.478Z","level":"warn","msg":"revision_rewrite_failed","passName":"causality","message":"Gemini provider not available (GEMINI_API_KEY not set)"}
# {"time":"2026-08-05T02:28:48.479Z","level":"warn","msg":"revision_rewrite_failed","passName":"causality","message":"Gemini provider not available (GEMINI_API_KEY not set)"}
# {"time":"2026-08-05T02:28:48.480Z","level":"warn","msg":"revision_rewrite_failed","passName":"causality","message":"Gemini provider not available (GEMINI_API_KEY not set)"}
# {"time":"2026-08-05T02:28:48.480Z","level":"warn","msg":"revision_rewrite_failed","passName":"causality","message":"Gemini provider not available (GEMINI_API_KEY not set)"}
# {"time":"2026-08-05T02:28:48.482Z","level":"warn","msg":"revision_rewrite_failed","passName":"causality","message":"Gemini provider not available (GEMINI_API_KEY not set)"}
# {"time":"2026-08-05T02:28:48.483Z","level":"warn","msg":"revision_rewrite_failed","passName":"causality","message":"Gemini provider not available (GEMINI_API_KEY not set)"}
# {"time":"2026-08-05T02:28:48.484Z","level":"warn","msg":"revision_rewrite_failed","passName":"causality","message":"Gemini provider not available (GEMINI_API_KEY not set)"}
# {"time":"2026-08-05T02:28:48.485Z","level":"warn","msg":"revision_rewrite_failed","passName":"causality","message":"Gemini provider not available (GEMINI_API_KEY not set)"}
# {"time":"2026-08-05T02:28:48.486Z","level":"warn","msg":"revision_rewrite_failed","passName":"causality","message":"Gemini provider not available (GEMINI_API_KEY not set)"}
# {"time":"2026-08-05T02:28:48.487Z","level":"warn","msg":"revision_rewrite_failed","passName":"causality","message":"Gemini provider not available (GEMINI_API_KEY not set)"}
# {"time":"2026-08-05T02:28:48.488Z","level":"warn","msg":"revision_rewrite_failed","passName":"causality","message":"Gemini provider not available (GEMINI_API_KEY not set)"}
# {"time":"2026-08-05T02:28:48.489Z","level":"warn","msg":"revision_rewrite_failed","passName":"causality","message":"Gemini provider not available (GEMINI_API_KEY not set)"}
# {"time":"2026-08-05T02:28:48.490Z","level":"warn","msg":"revision_rewrite_failed","passName":"causality","message":"Gemini provider not available (GEMINI_API_KEY not set)"}
# {"time":"2026-08-05T02:28:48.491Z","level":"warn","msg":"revision_rewrite_failed","passName":"causality","message":"Gemini provider not available (GEMINI_API_KEY not set)"}
# {"time":"2026-08-05T02:28:48.492Z","level":"warn","msg":"revision_rewrite_failed","passName":"causality","message":"Gemini provider not available (GEMINI_API_KEY not set)"}
# {"time":"2026-08-05T02:28:48.493Z","level":"warn","msg":"revision_rewrite_failed","passName":"causality","message":"Gemini provider not available (GEMINI_API_KEY not set)"}
# {"time":"2026-08-05T02:28:48.494Z","level":"warn","msg":"revision_rewrite_failed","passName":"causality","message":"Gemini provider not available (GEMINI_API_KEY not set)"}
# {"time":"2026-08-05T02:28:48.495Z","level":"warn","msg":"revision_rewrite_failed","passName":"causality","message":"Gemini provider not available (GEMINI_API_KEY not set)"}
# {"time":"2026-08-05T02:28:48.495Z","level":"warn","msg":"revision_rewrite_failed","passName":"causality","message":"Gemini provider not available (GEMINI_API_KEY not set)"}
# {"time":"2026-08-05T02:28:48.496Z","level":"warn","msg":"revision_rewrite_failed","passName":"causality","message":"Gemini provider not available (GEMINI_API_KEY not set)"}
# {"time":"2026-08-05T02:28:48.497Z","level":"warn","msg":"revision_rewrite_failed","passName":"causality","message":"Gemini provider not available (GEMINI_API_KEY not set)"}
# {"time":"2026-08-05T02:28:48.498Z","level":"warn","msg":"revision_rewrite_failed","passName":"causality","message":"Gemini provider not available (GEMINI_API_KEY not set)"}
# {"time":"2026-08-05T02:28:48.500Z","level":"warn","msg":"revision_rewrite_failed","passName":"causality","message":"Gemini provider not available (GEMINI_API_KEY not set)"}
# {"time":"2026-08-05T02:28:48.501Z","level":"warn","msg":"revision_rewrite_failed","passName":"causality","message":"Gemini provider not available (GEMINI_API_KEY not set)"}
# {"time":"2026-08-05T02:28:48.501Z","level":"warn","msg":"revision_rewrite_failed","passName":"causality","message":"Gemini provider not available (GEMINI_API_KEY not set)"}
# {"time":"2026-08-05T02:28:48.502Z","level":"warn","msg":"revision_rewrite_failed","passName":"causality","message":"Gemini provider not available (GEMINI_API_KEY not set)"}
# {"time":"2026-08-05T02:28:48.503Z","level":"warn","msg":"revision_rewrite_failed","passName":"causality","message":"Gemini provider not available (GEMINI_API_KEY not set)"}
# {"time":"2026-08-05T02:28:48.514Z","level":"warn","msg":"revision_rewrite_failed","passName":"causality","message":"Gemini provider not available (GEMINI_API_KEY not set)"}
# {"time":"2026-08-05T02:28:48.516Z","level":"warn","msg":"revision_rewrite_failed","passName":"causality","message":"Gemini provider not available (GEMINI_API_KEY not set)"}
# {"time":"2026-08-05T02:28:48.517Z","level":"warn","msg":"revision_rewrite_failed","passName":"causality","message":"Gemini provider not available (GEMINI_API_KEY not set)"}
# {"time":"2026-08-05T02:28:48.517Z","level":"warn","msg":"revision_rewrite_failed","passName":"causality","message":"Gemini provider not available (GEMINI_API_KEY not set)"}
# {"time":"2026-08-05T02:28:48.519Z","level":"warn","msg":"revision_rewrite_failed","passName":"causality","message":"Gemini provider not available (GEMINI_API_KEY not set)"}
# {"time":"2026-08-05T02:28:48.520Z","level":"warn","msg":"revision_rewrite_failed","passName":"causality","message":"Gemini provider not available (GEMINI_API_KEY not set)"}
# {"time":"2026-08-05T02:28:48.521Z","level":"warn","msg":"revision_rewrite_failed","passName":"causality","message":"Gemini provider not available (GEMINI_API_KEY not set)"}
# {"time":"2026-08-05T02:28:48.522Z","level":"warn","msg":"revision_rewrite_failed","passName":"causality","message":"Gemini provider not available (GEMINI_API_KEY not set)"}
# {"time":"2026-08-05T02:28:48.523Z","level":"warn","msg":"revision_rewrite_failed","passName":"causality","message":"Gemini provider not available (GEMINI_API_KEY not set)"}
# {"time":"2026-08-05T02:28:48.524Z","level":"warn","msg":"revision_rewrite_failed","passName":"causality","message":"Gemini provider not available (GEMINI_API_KEY not set)"}
# {"time":"2026-08-05T02:28:48.525Z","level":"warn","msg":"revision_rewrite_failed","passName":"causality","message":"Gemini provider not available (GEMINI_API_KEY not set)"}
# {"time":"2026-08-05T02:28:48.526Z","level":"warn","msg":"revision_rewrite_failed","passName":"causality","message":"Gemini provider not available (GEMINI_API_KEY not set)"}
# {"time":"2026-08-05T02:28:48.527Z","level":"warn","msg":"revision_rewrite_failed","passName":"causality","message":"Gemini provider not available (GEMINI_API_KEY not set)"}
# {"time":"2026-08-05T02:28:48.528Z","level":"warn","msg":"revision_rewrite_failed","passName":"causality","message":"Gemini provider not available (GEMINI_API_KEY not set)"}
# {"time":"2026-08-05T02:28:48.529Z","level":"warn","msg":"revision_rewrite_failed","passName":"causality","message":"Gemini provider not available (GEMINI_API_KEY not set)"}
# {"time":"2026-08-05T02:28:48.530Z","level":"warn","msg":"revision_rewrite_failed","passName":"causality","message":"Gemini provider not available (GEMINI_API_KEY not set)"}
# {"time":"2026-08-05T02:28:48.531Z","level":"warn","msg":"revision_rewrite_failed","passName":"causality","message":"Gemini provider not available (GEMINI_API_KEY not set)"}
# {"time":"2026-08-05T02:28:48.532Z","level":"warn","msg":"revision_rewrite_failed","passName":"causality","message":"Gemini provider not available (GEMINI_API_KEY not set)"}
# {"time":"2026-08-05T02:28:48.533Z","level":"warn","msg":"revision_rewrite_failed","passName":"causality","message":"Gemini provider not available (GEMINI_API_KEY not set)"}
# {"time":"2026-08-05T02:28:48.535Z","level":"warn","msg":"revision_rewrite_failed","passName":"causality","message":"Gemini provider not available (GEMINI_API_KEY not set)"}
# {"time":"2026-08-05T02:28:48.536Z","level":"warn","msg":"revision_rewrite_failed","passName":"causality","message":"Gemini provider not available (GEMINI_API_KEY not set)"}
# {"time":"2026-08-05T02:28:48.537Z","level":"warn","msg":"revision_rewrite_failed","passName":"causality","message":"Gemini provider not available (GEMINI_API_KEY not set)"}
# {"time":"2026-08-05T02:28:48.537Z","level":"warn","msg":"revision_rewrite_failed","passName":"causality","message":"Gemini provider not available (GEMINI_API_KEY not set)"}
# {"time":"2026-08-05T02:28:48.538Z","level":"warn","msg":"revision_rewrite_failed","passName":"causality","message":"Gemini provider not available (GEMINI_API_KEY not set)"}
# {"time":"2026-08-05T02:28:48.539Z","level":"warn","msg":"revision_rewrite_failed","passName":"causality","message":"Gemini provider not available (GEMINI_API_KEY not set)"}
# {"time":"2026-08-05T02:28:48.541Z","level":"warn","msg":"revision_rewrite_failed","passName":"causality","message":"Gemini provider not available (GEMINI_API_KEY not set)"}
# {"time":"2026-08-05T02:28:48.542Z","level":"warn","msg":"revision_rewrite_failed","passName":"causality","message":"Gemini provider not available (GEMINI_API_KEY not set)"}
# {"time":"2026-08-05T02:28:48.543Z","level":"warn","msg":"revision_rewrite_failed","passName":"causality","message":"Gemini provider not available (GEMINI_API_KEY not set)"}
# {"time":"2026-08-05T02:28:48.544Z","level":"warn","msg":"revision_rewrite_failed","passName":"causality","message":"Gemini provider not available (GEMINI_API_KEY not set)"}
# {"time":"2026-08-05T02:28:48.545Z","level":"warn","msg":"revision_rewrite_failed","passName":"causality","message":"Gemini provider not available (GEMINI_API_KEY not set)"}
# {"time":"2026-08-05T02:28:48.546Z","level":"warn","msg":"revision_rewrite_failed","passName":"causality","message":"Gemini provider not available (GEMINI_API_KEY not set)"}
# {"time":"2026-08-05T02:28:48.547Z","level":"warn","msg":"revision_rewrite_failed","passName":"causality","message":"Gemini provider not available (GEMINI_API_KEY not set)"}
# {"time":"2026-08-05T02:28:48.548Z","level":"warn","msg":"revision_rewrite_failed","passName":"causality","message":"Gemini provider not available (GEMINI_API_KEY not set)"}
# {"time":"2026-08-05T02:28:48.549Z","level":"warn","msg":"revision_rewrite_failed","passName":"causality","message":"Gemini provider not available (GEMINI_API_KEY not set)"}
# {"time":"2026-08-05T02:28:48.550Z","level":"warn","msg":"revision_rewrite_failed","passName":"causality","message":"Gemini provider not available (GEMINI_API_KEY not set)"}
# {"time":"2026-08-05T02:28:48.551Z","level":"warn","msg":"revision_rewrite_failed","passName":"causality","message":"Gemini provider not available (GEMINI_API_KEY not set)"}
# {"time":"2026-08-05T02:28:48.552Z","level":"warn","msg":"revision_rewrite_failed","passName":"causality","message":"Gemini provider not available (GEMINI_API_KEY not set)"}
# {"time":"2026-08-05T02:28:48.553Z","level":"warn","msg":"revision_rewrite_failed","passName":"causality","message":"Gemini provider not available (GEMINI_API_KEY not set)"}
# {"time":"2026-08-05T02:28:48.554Z","level":"warn","msg":"revision_rewrite_failed","passName":"causality","message":"Gemini provider not available (GEMINI_API_KEY not set)"}
# {"time":"2026-08-05T02:28:48.555Z","level":"warn","msg":"revision_rewrite_failed","passName":"causality","message":"Gemini provider not available (GEMINI_API_KEY not set)"}
# {"time":"2026-08-05T02:28:48.556Z","level":"warn","msg":"revision_rewrite_failed","passName":"causality","message":"Gemini provider not available (GEMINI_API_KEY not set)"}
# {"time":"2026-08-05T02:28:48.557Z","level":"warn","msg":"revision_rewrite_failed","passName":"causality","message":"Gemini provider not available (GEMINI_API_KEY not set)"}
# {"time":"2026-08-05T02:28:48.557Z","level":"warn","msg":"revision_rewrite_failed","passName":"causality","message":"Gemini provider not available (GEMINI_API_KEY not set)"}
# {"time":"2026-08-05T02:28:48.558Z","level":"warn","msg":"revision_rewrite_failed","passName":"causality","message":"Gemini provider not available (GEMINI_API_KEY not set)"}
# {"time":"2026-08-05T02:28:48.559Z","level":"warn","msg":"revision_rewrite_failed","passName":"causality","message":"Gemini provider not available (GEMINI_API_KEY not set)"}
# {"time":"2026-08-05T02:28:48.561Z","level":"warn","msg":"revision_rewrite_failed","passName":"causality","message":"Gemini provider not available (GEMINI_API_KEY not set)"}
# {"time":"2026-08-05T02:28:48.562Z","level":"warn","msg":"revision_rewrite_failed","passName":"causality","message":"Gemini provider not available (GEMINI_API_KEY not set)"}
# {"time":"2026-08-05T02:28:48.562Z","level":"warn","msg":"revision_rewrite_failed","passName":"causality","message":"Gemini provider not available (GEMINI_API_KEY not set)"}
# {"time":"2026-08-05T02:28:48.563Z","level":"warn","msg":"revision_rewrite_failed","passName":"causality","message":"Gemini provider not available (GEMINI_API_KEY not set)"}
# {"time":"2026-08-05T02:28:48.564Z","level":"warn","msg":"revision_rewrite_failed","passName":"causality","message":"Gemini provider not available (GEMINI_API_KEY not set)"}
# {"time":"2026-08-05T02:28:48.565Z","level":"warn","msg":"revision_rewrite_failed","passName":"causality","message":"Gemini provider not available (GEMINI_API_KEY not set)"}
# {"time":"2026-08-05T02:28:48.566Z","level":"warn","msg":"revision_rewrite_failed","passName":"causality","message":"Gemini provider not available (GEMINI_API_KEY not set)"}
# {"time":"2026-08-05T02:28:48.567Z","level":"warn","msg":"revision_rewrite_failed","passName":"causality","message":"Gemini provider not available (GEMINI_API_KEY not set)"}
# {"time":"2026-08-05T02:28:48.568Z","level":"warn","msg":"revision_rewrite_failed","passName":"causality","message":"Gemini provider not available (GEMINI_API_KEY not set)"}
# {"time":"2026-08-05T02:28:48.569Z","level":"warn","msg":"revision_rewrite_failed","passName":"causality","message":"Gemini provider not available (GEMINI_API_KEY not set)"}
# {"time":"2026-08-05T02:28:48.570Z","level":"warn","msg":"revision_rewrite_failed","passName":"causality","message":"Gemini provider not available (GEMINI_API_KEY not set)"}
# {"time":"2026-08-05T02:28:48.571Z","level":"warn","msg":"revision_rewrite_failed","passName":"causality","message":"Gemini provider not available (GEMINI_API_KEY not set)"}
# {"time":"2026-08-05T02:28:48.571Z","level":"warn","msg":"revision_rewrite_failed","passName":"causality","message":"Gemini provider not available (GEMINI_API_KEY not set)"}
# {"time":"2026-08-05T02:28:48.572Z","level":"warn","msg":"revision_rewrite_failed","passName":"causality","message":"Gemini provider not available (GEMINI_API_KEY not set)"}
# {"time":"2026-08-05T02:28:48.573Z","level":"warn","msg":"revision_rewrite_failed","passName":"causality","message":"Gemini provider not available (GEMINI_API_KEY not set)"}
# {"time":"2026-08-05T02:28:48.574Z","level":"warn","msg":"revision_rewrite_failed","passName":"causality","message":"Gemini provider not available (GEMINI_API_KEY not set)"}
# {"time":"2026-08-05T02:28:48.575Z","level":"warn","msg":"revision_rewrite_failed","passName":"causality","message":"Gemini provider not available (GEMINI_API_KEY not set)"}
# {"time":"2026-08-05T02:28:48.576Z","level":"warn","msg":"revision_rewrite_failed","passName":"causality","message":"Gemini provider not available (GEMINI_API_KEY not set)"}
# {"time":"2026-08-05T02:28:48.577Z","level":"warn","msg":"revision_rewrite_failed","passName":"causality","message":"Gemini provider not available (GEMINI_API_KEY not set)"}
# {"time":"2026-08-05T02:28:48.578Z","level":"warn","msg":"revision_rewrite_failed","passName":"causality","message":"Gemini provider not available (GEMINI_API_KEY not set)"}
# {"time":"2026-08-05T02:28:48.579Z","level":"warn","msg":"revision_rewrite_failed","passName":"causality","message":"Gemini provider not available (GEMINI_API_KEY not set)"}
# {"time":"2026-08-05T02:28:48.580Z","level":"warn","msg":"revision_rewrite_failed","passName":"causality","message":"Gemini provider not available (GEMINI_API_KEY not set)"}
# {"time":"2026-08-05T02:28:48.581Z","level":"warn","msg":"revision_rewrite_failed","passName":"causality","message":"Gemini provider not available (GEMINI_API_KEY not set)"}
# {"time":"2026-08-05T02:28:48.582Z","level":"warn","msg":"revision_rewrite_failed","passName":"causality","message":"Gemini provider not available (GEMINI_API_KEY not set)"}
# {"time":"2026-08-05T02:28:48.583Z","level":"warn","msg":"revision_rewrite_failed","passName":"causality","message":"Gemini provider not available (GEMINI_API_KEY not set)"}
# {"time":"2026-08-05T02:28:48.584Z","level":"warn","msg":"revision_rewrite_failed","passName":"causality","message":"Gemini provider not available (GEMINI_API_KEY not set)"}
# {"time":"2026-08-05T02:28:48.585Z","level":"warn","msg":"revision_rewrite_failed","passName":"causality","message":"Gemini provider not available (GEMINI_API_KEY not set)"}
# {"time":"2026-08-05T02:28:48.586Z","level":"warn","msg":"revision_rewrite_failed","passName":"causality","message":"Gemini provider not available (GEMINI_API_KEY not set)"}
# {"time":"2026-08-05T02:28:48.587Z","level":"warn","msg":"revision_rewrite_failed","passName":"causality","message":"Gemini provider not available (GEMINI_API_KEY not set)"}
# {"time":"2026-08-05T02:28:48.588Z","level":"warn","msg":"revision_rewrite_failed","passName":"causality","message":"Gemini provider not available (GEMINI_API_KEY not set)"}
# {"time":"2026-08-05T02:28:48.589Z","level":"warn","msg":"revision_rewrite_failed","passName":"causality","message":"Gemini provider not available (GEMINI_API_KEY not set)"}
# {"time":"2026-08-05T02:28:48.590Z","level":"warn","msg":"revision_rewrite_failed","passName":"causality","message":"Gemini provider not available (GEMINI_API_KEY not set)"}
# {"time":"2026-08-05T02:28:48.591Z","level":"warn","msg":"revision_rewrite_failed","passName":"causality","message":"Gemini provider not available (GEMINI_API_KEY not set)"}
# {"time":"2026-08-05T02:28:48.592Z","level":"warn","msg":"revision_rewrite_failed","passName":"causality","message":"Gemini provider not available (GEMINI_API_KEY not set)"}
# {"time":"2026-08-05T02:28:48.593Z","level":"warn","msg":"revision_rewrite_failed","passName":"causality","message":"Gemini provider not available (GEMINI_API_KEY not set)"}
# {"time":"2026-08-05T02:28:48.594Z","level":"warn","msg":"revision_rewrite_failed","passName":"causality","message":"Gemini provider not available (GEMINI_API_KEY not set)"}
# {"time":"2026-08-05T02:28:48.600Z","level":"warn","msg":"revision_rewrite_failed","passName":"causality","message":"Gemini provider not available (GEMINI_API_KEY not set)"}
# {"time":"2026-08-05T02:28:48.602Z","level":"warn","msg":"revision_rewrite_failed","passName":"causality","message":"Gemini provider not available (GEMINI_API_KEY not set)"}
# {"time":"2026-08-05T02:28:48.603Z","level":"warn","msg":"revision_rewrite_failed","passName":"causality","message":"Gemini provider not available (GEMINI_API_KEY not set)"}
# {"time":"2026-08-05T02:28:48.605Z","level":"warn","msg":"revision_rewrite_failed","passName":"causality","message":"Gemini provider not available (GEMINI_API_KEY not set)"}
# {"time":"2026-08-05T02:28:48.606Z","level":"warn","msg":"revision_rewrite_failed","passName":"causality","message":"Gemini provider not available (GEMINI_API_KEY not set)"}
# {"time":"2026-08-05T02:28:48.608Z","level":"warn","msg":"revision_rewrite_failed","passName":"causality","message":"Gemini provider not available (GEMINI_API_KEY not set)"}
# {"time":"2026-08-05T02:28:48.609Z","level":"warn","msg":"revision_rewrite_failed","passName":"causality","message":"Gemini provider not available (GEMINI_API_KEY not set)"}
# {"time":"2026-08-05T02:28:48.610Z","level":"warn","msg":"revision_rewrite_failed","passName":"causality","message":"Gemini provider not available (GEMINI_API_KEY not set)"}
# {"time":"2026-08-05T02:28:48.611Z","level":"warn","msg":"revision_rewrite_failed","passName":"causality","message":"Gemini provider not available (GEMINI_API_KEY not set)"}
# {"time":"2026-08-05T02:28:48.614Z","level":"warn","msg":"revision_rewrite_failed","passName":"causality","message":"Gemini provider not available (GEMINI_API_KEY not set)"}
# {"time":"2026-08-05T02:28:48.615Z","level":"warn","msg":"revision_rewrite_failed","passName":"causality","message":"Gemini provider not available (GEMINI_API_KEY not set)"}
# {"time":"2026-08-05T02:28:48.617Z","level":"warn","msg":"revision_rewrite_failed","passName":"causality","message":"Gemini provider not available (GEMINI_API_KEY not set)"}
# {"time":"2026-08-05T02:28:48.618Z","level":"warn","msg":"revision_rewrite_failed","passName":"causality","message":"Gemini provider not available (GEMINI_API_KEY not set)"}
# {"time":"2026-08-05T02:28:48.619Z","level":"warn","msg":"revision_rewrite_failed","passName":"causality","message":"Gemini provider not available (GEMINI_API_KEY not set)"}
# {"time":"2026-08-05T02:28:48.620Z","level":"warn","msg":"revision_rewrite_failed","passName":"causality","message":"Gemini provider not available (GEMINI_API_KEY not set)"}
# {"time":"2026-08-05T02:28:48.621Z","level":"warn","msg":"revision_rewrite_failed","passName":"causality","message":"Gemini provider not available (GEMINI_API_KEY not set)"}
# {"time":"2026-08-05T02:28:48.623Z","level":"warn","msg":"revision_rewrite_failed","passName":"causality","message":"Gemini provider not available (GEMINI_API_KEY not set)"}
# {"time":"2026-08-05T02:28:48.624Z","level":"warn","msg":"revision_rewrite_failed","passName":"causality","message":"Gemini provider not available (GEMINI_API_KEY not set)"}
# {"time":"2026-08-05T02:28:48.625Z","level":"warn","msg":"revision_rewrite_failed","passName":"causality","message":"Gemini provider not available (GEMINI_API_KEY not set)"}
# {"time":"2026-08-05T02:28:48.626Z","level":"warn","msg":"revision_rewrite_failed","passName":"causality","message":"Gemini provider not available (GEMINI_API_KEY not set)"}
# {"time":"2026-08-05T02:28:48.627Z","level":"warn","msg":"revision_rewrite_failed","passName":"causality","message":"Gemini provider not available (GEMINI_API_KEY not set)"}
# {"time":"2026-08-05T02:28:48.628Z","level":"warn","msg":"revision_rewrite_failed","passName":"causality","message":"Gemini provider not available (GEMINI_API_KEY not set)"}
# {"time":"2026-08-05T02:28:48.629Z","level":"warn","msg":"revision_rewrite_failed","passName":"causality","message":"Gemini provider not available (GEMINI_API_KEY not set)"}
# {"time":"2026-08-05T02:28:48.629Z","level":"warn","msg":"revision_rewrite_failed","passName":"causality","message":"Gemini provider not available (GEMINI_API_KEY not set)"}
# {"time":"2026-08-05T02:28:48.630Z","level":"warn","msg":"revision_rewrite_failed","passName":"causality","message":"Gemini provider not available (GEMINI_API_KEY not set)"}
# {"time":"2026-08-05T02:28:48.631Z","level":"warn","msg":"revision_rewrite_failed","passName":"causality","message":"Gemini provider not available (GEMINI_API_KEY not set)"}
# {"time":"2026-08-05T02:28:48.632Z","level":"warn","msg":"revision_rewrite_failed","passName":"causality","message":"Gemini provider not available (GEMINI_API_KEY not set)"}
# {"time":"2026-08-05T02:28:48.633Z","level":"warn","msg":"revision_rewrite_failed","passName":"causality","message":"Gemini provider not available (GEMINI_API_KEY not set)"}
# {"time":"2026-08-05T02:28:48.634Z","level":"warn","msg":"revision_rewrite_failed","passName":"causality","message":"Gemini provider not available (GEMINI_API_KEY not set)"}
# {"time":"2026-08-05T02:28:48.635Z","level":"warn","msg":"revision_rewrite_failed","passName":"causality","message":"Gemini provider not available (GEMINI_API_KEY not set)"}
# {"time":"2026-08-05T02:28:48.636Z","level":"warn","msg":"revision_rewrite_failed","passName":"causality","message":"Gemini provider not available (GEMINI_API_KEY not set)"}
# {"time":"2026-08-05T02:28:48.637Z","level":"warn","msg":"revision_rewrite_failed","passName":"causality","message":"Gemini provider not available (GEMINI_API_KEY not set)"}
# {"time":"2026-08-05T02:28:48.641Z","level":"warn","msg":"revision_rewrite_failed","passName":"causality","message":"Gemini provider not available (GEMINI_API_KEY not set)"}
# {"time":"2026-08-05T02:28:48.641Z","level":"warn","msg":"revision_rewrite_failed","passName":"causality","message":"Gemini provider not available (GEMINI_API_KEY not set)"}
# {"time":"2026-08-05T02:28:48.644Z","level":"warn","msg":"revision_rewrite_failed","passName":"causality","message":"Gemini provider not available (GEMINI_API_KEY not set)"}
# {"time":"2026-08-05T02:28:48.645Z","level":"warn","msg":"revision_rewrite_failed","passName":"causality","message":"Gemini provider not available (GEMINI_API_KEY not set)"}
# {"time":"2026-08-05T02:28:48.647Z","level":"warn","msg":"revision_rewrite_failed","passName":"causality","message":"Gemini provider not available (GEMINI_API_KEY not set)"}
# {"time":"2026-08-05T02:28:48.648Z","level":"warn","msg":"revision_rewrite_failed","passName":"causality","message":"Gemini provider not available (GEMINI_API_KEY not set)"}
# {"time":"2026-08-05T02:28:48.649Z","level":"warn","msg":"revision_rewrite_failed","passName":"causality","message":"Gemini provider not available (GEMINI_API_KEY not set)"}
# {"time":"2026-08-05T02:28:48.650Z","level":"warn","msg":"revision_rewrite_failed","passName":"causality","message":"Gemini provider not available (GEMINI_API_KEY not set)"}
# {"time":"2026-08-05T02:28:48.650Z","level":"warn","msg":"revision_rewrite_failed","passName":"causality","message":"Gemini provider not available (GEMINI_API_KEY not set)"}
# {"time":"2026-08-05T02:28:48.651Z","level":"warn","msg":"revision_rewrite_failed","passName":"causality","message":"Gemini provider not available (GEMINI_API_KEY not set)"}
# {"time":"2026-08-05T02:28:48.652Z","level":"warn","msg":"revision_rewrite_failed","passName":"causality","message":"Gemini provider not available (GEMINI_API_KEY not set)"}
# {"time":"2026-08-05T02:28:48.653Z","level":"warn","msg":"revision_rewrite_failed","passName":"causality","message":"Gemini provider not available (GEMINI_API_KEY not set)"}
# {"time":"2026-08-05T02:28:48.655Z","level":"warn","msg":"revision_rewrite_failed","passName":"causality","message":"Gemini provider not available (GEMINI_API_KEY not set)"}
# {"time":"2026-08-05T02:28:48.656Z","level":"warn","msg":"revision_rewrite_failed","passName":"causality","message":"Gemini provider not available (GEMINI_API_KEY not set)"}
# {"time":"2026-08-05T02:28:48.658Z","level":"warn","msg":"revision_rewrite_failed","passName":"causality","message":"Gemini provider not available (GEMINI_API_KEY not set)"}
# {"time":"2026-08-05T02:28:48.659Z","level":"warn","msg":"revision_rewrite_failed","passName":"causality","message":"Gemini provider not available (GEMINI_API_KEY not set)"}
# {"time":"2026-08-05T02:28:48.661Z","level":"warn","msg":"revision_rewrite_failed","passName":"causality","message":"Gemini provider not available (GEMINI_API_KEY not set)"}
# {"time":"2026-08-05T02:28:48.662Z","level":"warn","msg":"revision_rewrite_failed","passName":"causality","message":"Gemini provider not available (GEMINI_API_KEY not set)"}
# {"time":"2026-08-05T02:28:48.663Z","level":"warn","msg":"revision_rewrite_failed","passName":"causality","message":"Gemini provider not available (GEMINI_API_KEY not set)"}
# {"time":"2026-08-05T02:28:48.664Z","level":"warn","msg":"revision_rewrite_failed","passName":"causality","message":"Gemini provider not available (GEMINI_API_KEY not set)"}
# {"time":"2026-08-05T02:28:48.665Z","level":"warn","msg":"revision_rewrite_failed","passName":"causality","message":"Gemini provider not available (GEMINI_API_KEY not set)"}
# {"time":"2026-08-05T02:28:48.666Z","level":"warn","msg":"revision_rewrite_failed","passName":"causality","message":"Gemini provider not available (GEMINI_API_KEY not set)"}
# {"time":"2026-08-05T02:28:48.667Z","level":"warn","msg":"revision_rewrite_failed","passName":"causality","message":"Gemini provider not available (GEMINI_API_KEY not set)"}
# {"time":"2026-08-05T02:28:48.668Z","level":"warn","msg":"revision_rewrite_failed","passName":"causality","message":"Gemini provider not available (GEMINI_API_KEY not set)"}
# {"time":"2026-08-05T02:28:48.670Z","level":"warn","msg":"revision_rewrite_failed","passName":"causality","message":"Gemini provider not available (GEMINI_API_KEY not set)"}
# {"time":"2026-08-05T02:28:48.671Z","level":"warn","msg":"revision_rewrite_failed","passName":"causality","message":"Gemini provider not available (GEMINI_API_KEY not set)"}
# {"time":"2026-08-05T02:28:48.672Z","level":"warn","msg":"revision_rewrite_failed","passName":"causality","message":"Gemini provider not available (GEMINI_API_KEY not set)"}
# {"time":"2026-08-05T02:28:48.673Z","level":"warn","msg":"revision_rewrite_failed","passName":"causality","message":"Gemini provider not available (GEMINI_API_KEY not set)"}
# {"time":"2026-08-05T02:28:48.674Z","level":"warn","msg":"revision_rewrite_failed","passName":"causality","message":"Gemini provider not available (GEMINI_API_KEY not set)"}
# {"time":"2026-08-05T02:28:48.679Z","level":"warn","msg":"revision_rewrite_failed","passName":"causality","message":"Gemini provider not available (GEMINI_API_KEY not set)"}
# {"time":"2026-08-05T02:28:48.680Z","level":"warn","msg":"revision_rewrite_failed","passName":"causality","message":"Gemini provider not available (GEMINI_API_KEY not set)"}
# {"time":"2026-08-05T02:28:48.681Z","level":"warn","msg":"revision_rewrite_failed","passName":"causality","message":"Gemini provider not available (GEMINI_API_KEY not set)"}
# {"time":"2026-08-05T02:28:48.682Z","level":"warn","msg":"revision_rewrite_failed","passName":"causality","message":"Gemini provider not available (GEMINI_API_KEY not set)"}
# {"time":"2026-08-05T02:28:48.683Z","level":"warn","msg":"revision_rewrite_failed","passName":"causality","message":"Gemini provider not available (GEMINI_API_KEY not set)"}
# {"time":"2026-08-05T02:28:48.685Z","level":"warn","msg":"revision_rewrite_failed","passName":"causality","message":"Gemini provider not available (GEMINI_API_KEY not set)"}
# {"time":"2026-08-05T02:28:48.686Z","level":"warn","msg":"revision_rewrite_failed","passName":"causality","message":"Gemini provider not available (GEMINI_API_KEY not set)"}
# {"time":"2026-08-05T02:28:48.687Z","level":"warn","msg":"revision_rewrite_failed","passName":"causality","message":"Gemini provider not available (GEMINI_API_KEY not set)"}
# Subtest: D2-a — causalityPass: ACTION_WITHOUT_CONSEQUENCE / GOAL_WITHOUT_OPPOSITION guard fix
    # Subtest: causalityPass does NOT fire ACTION_WITHOUT_CONSEQUENCE when the reaction lands in the SAME scene as the action
    ok 1 - causalityPass does NOT fire ACTION_WITHOUT_CONSEQUENCE when the reaction lands in the SAME scene as the action
      ---
      duration_ms: 16.618381
      type: 'test'
      ...
    # Subtest: causalityPass does NOT fire ACTION_WITHOUT_CONSEQUENCE when a revelation lands in the 2-scene wake
    ok 2 - causalityPass does NOT fire ACTION_WITHOUT_CONSEQUENCE when a revelation lands in the 2-scene wake
      ---
      duration_ms: 1.911151
      type: 'test'
      ...
    # Subtest: causalityPass does NOT fire ACTION_WITHOUT_CONSEQUENCE when the wake chains forward into more action
    ok 3 - causalityPass does NOT fire ACTION_WITHOUT_CONSEQUENCE when the wake chains forward into more action
      ---
      duration_ms: 1.462593
      type: 'test'
      ...
    # Subtest: causalityPass does NOT fire ACTION_WITHOUT_CONSEQUENCE when the clue is paid off later, beyond the 2-scene wake
    ok 4 - causalityPass does NOT fire ACTION_WITHOUT_CONSEQUENCE when the clue is paid off later, beyond the 2-scene wake
      ---
      duration_ms: 1.244737
      type: 'test'
      ...
    # Subtest: causalityPass still fires ACTION_WITHOUT_CONSEQUENCE when the action is genuinely consequence-free
    ok 5 - causalityPass still fires ACTION_WITHOUT_CONSEQUENCE when the action is genuinely consequence-free
      ---
      duration_ms: 4.463788
      type: 'test'
      ...
    # Subtest: causalityPass does NOT fire GOAL_WITHOUT_OPPOSITION for a quiet (exactly -1) reversal
    ok 6 - causalityPass does NOT fire GOAL_WITHOUT_OPPOSITION for a quiet (exactly -1) reversal
      ---
      duration_ms: 1.966807
      type: 'test'
      ...
    # Subtest: causalityPass still fires GOAL_WITHOUT_OPPOSITION when suspense only ever flattens to 0, never dips negative
    ok 7 - causalityPass still fires GOAL_WITHOUT_OPPOSITION when suspense only ever flattens to 0, never dips negative
      ---
      duration_ms: 1.367674
      type: 'test'
      ...
    1..7
ok 1043 - D2-a — causalityPass: ACTION_WITHOUT_CONSEQUENCE / GOAL_WITHOUT_OPPOSITION guard fix
  ---
  duration_ms: 30.740086
  type: 'suite'
  ...
# Subtest: Wave 155 — causalityPass: deus ex machina, suspense spike, goal opposition
    # Subtest: causalityPass detects DEUS_EX_MACHINA for unseeded late resolution
    ok 1 - causalityPass detects DEUS_EX_MACHINA for unseeded late resolution
      ---
      duration_ms: 6.144202
      type: 'test'
      ...
    # Subtest: causalityPass does NOT fire DEUS_EX_MACHINA when resolution was seeded early
    ok 2 - causalityPass does NOT fire DEUS_EX_MACHINA when resolution was seeded early
      ---
      duration_ms: 2.283208
      type: 'test'
      ...
    # Subtest: causalityPass detects SUSPENSE_SPIKE_NO_CAUSE for sudden danger without buildup
    ok 3 - causalityPass detects SUSPENSE_SPIKE_NO_CAUSE for sudden danger without buildup
      ---
      duration_ms: 1.427469
      type: 'test'
      ...
    # Subtest: causalityPass detects GOAL_WITHOUT_OPPOSITION when no resistance exists
    ok 4 - causalityPass detects GOAL_WITHOUT_OPPOSITION when no resistance exists
      ---
      duration_ms: 1.53517
      type: 'test'
      ...
    # Subtest: causalityPass does NOT fire GOAL_WITHOUT_OPPOSITION when reversal opposes goal
    ok 5 - causalityPass does NOT fire GOAL_WITHOUT_OPPOSITION when reversal opposes goal
      ---
      duration_ms: 10.656566
      type: 'test'
      ...
    1..5
ok 1044 - Wave 155 — causalityPass: deus ex machina, suspense spike, goal opposition
  ---
  duration_ms: 22.757576
  type: 'suite'
  ...
# Subtest: Wave 166 — causalityPass: Chekhov's gun, consequence delay, revelation front-loading
    # Subtest: causalityPass detects CHEKHOV_GUN_UNFIRED when 2+ early clues have no payoff
    ok 1 - causalityPass detects CHEKHOV_GUN_UNFIRED when 2+ early clues have no payoff
      ---
      duration_ms: 1.29324
      type: 'test'
      ...
    # Subtest: causalityPass does NOT fire CHEKHOV_GUN_UNFIRED when all early clues are paid off
    ok 2 - causalityPass does NOT fire CHEKHOV_GUN_UNFIRED when all early clues are paid off
      ---
      duration_ms: 1.118623
      type: 'test'
      ...
    # Subtest: causalityPass detects CONSEQUENCE_DELAY_EXCESSIVE when cause-effect gap is 5+ scenes
    ok 3 - causalityPass detects CONSEQUENCE_DELAY_EXCESSIVE when cause-effect gap is 5+ scenes
      ---
      duration_ms: 1.550762
      type: 'test'
      ...
    # Subtest: causalityPass does NOT fire CONSEQUENCE_DELAY_EXCESSIVE when consequence arrives quickly
    ok 4 - causalityPass does NOT fire CONSEQUENCE_DELAY_EXCESSIVE when consequence arrives quickly
      ---
      duration_ms: 1.415568
      type: 'test'
      ...
    # Subtest: causalityPass detects REVELATION_FRONT_LOADING when 3+ revelations cluster in first half
    ok 5 - causalityPass detects REVELATION_FRONT_LOADING when 3+ revelations cluster in first half
      ---
      duration_ms: 1.545278
      type: 'test'
      ...
    # Subtest: causalityPass does NOT fire REVELATION_FRONT_LOADING when revelations are distributed across the story
    ok 6 - causalityPass does NOT fire REVELATION_FRONT_LOADING when revelations are distributed across the story
      ---
      duration_ms: 1.033198
      type: 'test'
      ...
    1..6
ok 1045 - Wave 166 — causalityPass: Chekhov's gun, consequence delay, revelation front-loading
  ---
  duration_ms: 8.367206
  type: 'suite'
  ...
# Subtest: Wave 180 — causalityPass: revelation without reaction, reaction without cause, clock without payoff
    # Subtest: causalityPass detects REVELATION_WITHOUT_REACTION when a revelation lands flat
    ok 1 - causalityPass detects REVELATION_WITHOUT_REACTION when a revelation lands flat
      ---
      duration_ms: 1.111576
      type: 'test'
      ...
    # Subtest: causalityPass does NOT fire REVELATION_WITHOUT_REACTION when the next scene responds
    ok 2 - causalityPass does NOT fire REVELATION_WITHOUT_REACTION when the next scene responds
      ---
      duration_ms: 5.809633
      type: 'test'
      ...
    # Subtest: causalityPass detects REACTION_WITHOUT_CAUSE when a downturn has no trigger
    ok 3 - causalityPass detects REACTION_WITHOUT_CAUSE when a downturn has no trigger
      ---
      duration_ms: 0.985572
      type: 'test'
      ...
    # Subtest: causalityPass does NOT fire REACTION_WITHOUT_CAUSE when a prior scene sets up the downturn
    ok 4 - causalityPass does NOT fire REACTION_WITHOUT_CAUSE when a prior scene sets up the downturn
      ---
      duration_ms: 17.605189
      type: 'test'
      ...
    # Subtest: causalityPass detects CLOCK_RAISED_WITHOUT_PAYOFF when the deadline never discharges
    ok 5 - causalityPass detects CLOCK_RAISED_WITHOUT_PAYOFF when the deadline never discharges
      ---
      duration_ms: 1.261817
      type: 'test'
      ...
    # Subtest: causalityPass does NOT fire CLOCK_RAISED_WITHOUT_PAYOFF when a later scene discharges it
    ok 6 - causalityPass does NOT fire CLOCK_RAISED_WITHOUT_PAYOFF when a later scene discharges it
      ---
      duration_ms: 1.36744
      type: 'test'
      ...
    1..6
ok 1046 - Wave 180 — causalityPass: revelation without reaction, reaction without cause, clock without payoff
  ---
  duration_ms: 28.534711
  type: 'suite'
  ...
# Subtest: Wave 187 — causalityPass: consequence chain break, clock ghost, positive shift orphan
    # Subtest: CONSEQUENCE_CHAIN_BREAK fires when high-suspense peak is followed by two flat scenes
    ok 1 - CONSEQUENCE_CHAIN_BREAK fires when high-suspense peak is followed by two flat scenes
      ---
      duration_ms: 1.261337
      type: 'test'
      ...
    # Subtest: CONSEQUENCE_CHAIN_BREAK does not fire when high-suspense peak triggers an emotional reaction
    ok 2 - CONSEQUENCE_CHAIN_BREAK does not fire when high-suspense peak triggers an emotional reaction
      ---
      duration_ms: 0.895794
      type: 'test'
      ...
    # Subtest: CLOCK_GHOST fires when clock raise is followed by three suspense-dead scenes
    ok 3 - CLOCK_GHOST fires when clock raise is followed by three suspense-dead scenes
      ---
      duration_ms: 0.99239
      type: 'test'
      ...
    # Subtest: CLOCK_GHOST does not fire when clock raise is followed by a suspense build
    ok 4 - CLOCK_GHOST does not fire when clock raise is followed by a suspense build
      ---
      duration_ms: 0.864393
      type: 'test'
      ...
    # Subtest: POSITIVE_SHIFT_ORPHAN fires when two positive shifts have no causal consequence
    ok 5 - POSITIVE_SHIFT_ORPHAN fires when two positive shifts have no causal consequence
      ---
      duration_ms: 1.250012
      type: 'test'
      ...
    # Subtest: POSITIVE_SHIFT_ORPHAN does not fire when a positive shift triggers a consequence
    ok 6 - POSITIVE_SHIFT_ORPHAN does not fire when a positive shift triggers a consequence
      ---
      duration_ms: 1.348889
      type: 'test'
      ...
    1..6
ok 1047 - Wave 187 — causalityPass: consequence chain break, clock ghost, positive shift orphan
  ---
  duration_ms: 6.906161
  type: 'suite'
  ...
# Subtest: Wave 226 — causalityPass: causal density inversion, escalation plateau, antagonist second-half silent
    # Subtest: causalityPass detects CAUSAL_DENSITY_INVERSION when first half has ≥3× the causal events of second half
    ok 1 - causalityPass detects CAUSAL_DENSITY_INVERSION when first half has ≥3× the causal events of second half
      ---
      duration_ms: 2.08257
      type: 'test'
      ...
    # Subtest: causalityPass does NOT fire CAUSAL_DENSITY_INVERSION when causal events are balanced across halves
    ok 2 - causalityPass does NOT fire CAUSAL_DENSITY_INVERSION when causal events are balanced across halves
      ---
      duration_ms: 1.667549
      type: 'test'
      ...
    # Subtest: causalityPass detects ESCALATION_PLATEAU when suspense peaks do not increase over the story arc
    ok 3 - causalityPass detects ESCALATION_PLATEAU when suspense peaks do not increase over the story arc
      ---
      duration_ms: 1.755508
      type: 'test'
      ...
    # Subtest: causalityPass does NOT fire ESCALATION_PLATEAU when peaks escalate across the arc
    ok 4 - causalityPass does NOT fire ESCALATION_PLATEAU when peaks escalate across the arc
      ---
      duration_ms: 1.131003
      type: 'test'
      ...
    # Subtest: causalityPass detects ANTAGONIST_SECOND_HALF_SILENT when antagonist disappears after Act 1
    ok 5 - causalityPass detects ANTAGONIST_SECOND_HALF_SILENT when antagonist disappears after Act 1
      ---
      duration_ms: 1.826796
      type: 'test'
      ...
    # Subtest: causalityPass does NOT fire ANTAGONIST_SECOND_HALF_SILENT when antagonist is active in the second half
    ok 6 - causalityPass does NOT fire ANTAGONIST_SECOND_HALF_SILENT when antagonist is active in the second half
      ---
      duration_ms: 1.145616
      type: 'test'
      ...
    1..6
ok 1048 - Wave 226 — causalityPass: causal density inversion, escalation plateau, antagonist second-half silent
  ---
  duration_ms: 10.31754
  type: 'suite'
  ...
# Subtest: Wave 310 — causalityPass: emotion without driver run, clock relief unexplained, dramatic turn cluster
    # Subtest: EMOTION_WITHOUT_DRIVER_RUN fires when 3+ consecutive emotional scenes have no driver
    ok 1 - EMOTION_WITHOUT_DRIVER_RUN fires when 3+ consecutive emotional scenes have no driver
      ---
      duration_ms: 1.896029
      type: 'test'
      ...
    # Subtest: EMOTION_WITHOUT_DRIVER_RUN does not fire when emotional scenes have drivers
    ok 2 - EMOTION_WITHOUT_DRIVER_RUN does not fire when emotional scenes have drivers
      ---
      duration_ms: 6.032462
      type: 'test'
      ...
    # Subtest: CLOCK_RELIEF_UNEXPLAINED fires when clock pressure drops with no revelation or payoff
    ok 3 - CLOCK_RELIEF_UNEXPLAINED fires when clock pressure drops with no revelation or payoff
      ---
      duration_ms: 3.881592
      type: 'test'
      ...
    # Subtest: CLOCK_RELIEF_UNEXPLAINED does not fire when the clock relief is caused by a payoff
    ok 4 - CLOCK_RELIEF_UNEXPLAINED does not fire when the clock relief is caused by a payoff
      ---
      duration_ms: 3.111289
      type: 'test'
      ...
    # Subtest: DRAMATIC_TURN_CLUSTER fires when 3+ dramatic turns fall in a three-scene window
    ok 5 - DRAMATIC_TURN_CLUSTER fires when 3+ dramatic turns fall in a three-scene window
      ---
      duration_ms: 1.13599
      type: 'test'
      ...
    # Subtest: DRAMATIC_TURN_CLUSTER does not fire when dramatic turns are spaced out
    ok 6 - DRAMATIC_TURN_CLUSTER does not fire when dramatic turns are spaced out
      ---
      duration_ms: 1.033489
      type: 'test'
      ...
    1..6
ok 1049 - Wave 310 — causalityPass: emotion without driver run, clock relief unexplained, dramatic turn cluster
  ---
  duration_ms: 18.51209
  type: 'suite'
  ...
# Subtest: Wave 1175 — causalityPass: causality revelation-suspense aftermath void, causality revelation-staging aftermath void, causality suspense-relational aftermath void
    # Subtest: CAUSALITY_REVELATION_SUSPENSE_AFTERMATH_VOID fires when every revelation has no suspense rise within 2 scenes
    ok 1 - CAUSALITY_REVELATION_SUSPENSE_AFTERMATH_VOID fires when every revelation has no suspense rise within 2 scenes
      ---
      duration_ms: 1.70569
      type: 'test'
      ...
    # Subtest: CAUSALITY_REVELATION_SUSPENSE_AFTERMATH_VOID does not fire when a revelation is followed by a suspense rise within 2 scenes
    ok 2 - CAUSALITY_REVELATION_SUSPENSE_AFTERMATH_VOID does not fire when a revelation is followed by a suspense rise within 2 scenes
      ---
      duration_ms: 1.100425
      type: 'test'
      ...
    # Subtest: CAUSALITY_REVELATION_STAGING_AFTERMATH_VOID fires when every revelation has no heavily-staged scene within 2 scenes
    ok 3 - CAUSALITY_REVELATION_STAGING_AFTERMATH_VOID fires when every revelation has no heavily-staged scene within 2 scenes
      ---
      duration_ms: 1.275532
      type: 'test'
      ...
    # Subtest: CAUSALITY_REVELATION_STAGING_AFTERMATH_VOID does not fire when a revelation is followed by a heavily-staged scene within 2 scenes
    ok 4 - CAUSALITY_REVELATION_STAGING_AFTERMATH_VOID does not fire when a revelation is followed by a heavily-staged scene within 2 scenes
      ---
      duration_ms: 1.034426
      type: 'test'
      ...
    # Subtest: CAUSALITY_SUSPENSE_RELATIONAL_AFTERMATH_VOID fires when every suspense-spike has no relationship shift within 2 scenes
    ok 5 - CAUSALITY_SUSPENSE_RELATIONAL_AFTERMATH_VOID fires when every suspense-spike has no relationship shift within 2 scenes
      ---
      duration_ms: 1.121543
      type: 'test'
      ...
    # Subtest: CAUSALITY_SUSPENSE_RELATIONAL_AFTERMATH_VOID does not fire when a suspense-spike is followed by a relationship shift within 2 scenes
    ok 6 - CAUSALITY_SUSPENSE_RELATIONAL_AFTERMATH_VOID does not fire when a suspense-spike is followed by a relationship shift within 2 scenes
      ---
      duration_ms: 1.065299
      type: 'test'
      ...
    1..6
ok 1050 - Wave 1175 — causalityPass: causality revelation-suspense aftermath void, causality revelation-staging aftermath void, causality suspense-relational aftermath void
  ---
  duration_ms: 7.619293
  type: 'suite'
  ...
# Subtest: Wave 1161 — causalityPass: causality revelation-emotional aftermath void, causality revelation-relational aftermath void, causality suspense-curiosity aftermath void
    # Subtest: CAUSALITY_REVELATION_EMOTIONAL_AFTERMATH_VOID fires when every revelation has no emotional shift within 2 scenes
    ok 1 - CAUSALITY_REVELATION_EMOTIONAL_AFTERMATH_VOID fires when every revelation has no emotional shift within 2 scenes
      ---
      duration_ms: 1.195377
      type: 'test'
      ...
    # Subtest: CAUSALITY_REVELATION_EMOTIONAL_AFTERMATH_VOID does not fire when a revelation is followed by an emotional shift within 2 scenes
    ok 2 - CAUSALITY_REVELATION_EMOTIONAL_AFTERMATH_VOID does not fire when a revelation is followed by an emotional shift within 2 scenes
      ---
      duration_ms: 1.099175
      type: 'test'
      ...
    # Subtest: CAUSALITY_REVELATION_RELATIONAL_AFTERMATH_VOID fires when every revelation has no relationship shift within 2 scenes
    ok 3 - CAUSALITY_REVELATION_RELATIONAL_AFTERMATH_VOID fires when every revelation has no relationship shift within 2 scenes
      ---
      duration_ms: 1.065028
      type: 'test'
      ...
    # Subtest: CAUSALITY_REVELATION_RELATIONAL_AFTERMATH_VOID does not fire when a revelation is followed by a relationship shift within 2 scenes
    ok 4 - CAUSALITY_REVELATION_RELATIONAL_AFTERMATH_VOID does not fire when a revelation is followed by a relationship shift within 2 scenes
      ---
      duration_ms: 1.071152
      type: 'test'
      ...
    # Subtest: CAUSALITY_SUSPENSE_CURIOSITY_AFTERMATH_VOID fires when every suspense-rise has no curiosity rise within 2 scenes
    ok 5 - CAUSALITY_SUSPENSE_CURIOSITY_AFTERMATH_VOID fires when every suspense-rise has no curiosity rise within 2 scenes
      ---
      duration_ms: 1.013351
      type: 'test'
      ...
    # Subtest: CAUSALITY_SUSPENSE_CURIOSITY_AFTERMATH_VOID does not fire when a suspense-rise is followed by a curiosity rise within 2 scenes
    ok 6 - CAUSALITY_SUSPENSE_CURIOSITY_AFTERMATH_VOID does not fire when a suspense-rise is followed by a curiosity rise within 2 scenes
      ---
      duration_ms: 0.954685
      type: 'test'
      ...
    1..6
ok 1051 - Wave 1161 — causalityPass: causality revelation-emotional aftermath void, causality revelation-relational aftermath void, causality suspense-curiosity aftermath void
  ---
  duration_ms: 6.662296
  type: 'suite'
  ...
# Subtest: Wave 1147 — causalityPass: causality turn-dialogue-highlight aftermath void, causality revelation-curiosity aftermath void, causality suspense-emotional aftermath void
    # Subtest: CAUSALITY_TURN_DIALOGUE_HIGHLIGHT_AFTERMATH_VOID fires when every dramatic turn has no highlighted dialogue within 2 scenes
    ok 1 - CAUSALITY_TURN_DIALOGUE_HIGHLIGHT_AFTERMATH_VOID fires when every dramatic turn has no highlighted dialogue within 2 scenes
      ---
      duration_ms: 1.182096
      type: 'test'
      ...
    # Subtest: CAUSALITY_TURN_DIALOGUE_HIGHLIGHT_AFTERMATH_VOID does not fire when a dramatic turn is followed by highlighted dialogue within 2 scenes
    ok 2 - CAUSALITY_TURN_DIALOGUE_HIGHLIGHT_AFTERMATH_VOID does not fire when a dramatic turn is followed by highlighted dialogue within 2 scenes
      ---
      duration_ms: 1.138329
      type: 'test'
      ...
    # Subtest: CAUSALITY_REVELATION_CURIOSITY_AFTERMATH_VOID fires when every revelation has no curiosity rise within 2 scenes
    ok 3 - CAUSALITY_REVELATION_CURIOSITY_AFTERMATH_VOID fires when every revelation has no curiosity rise within 2 scenes
      ---
      duration_ms: 0.993709
      type: 'test'
      ...
    # Subtest: CAUSALITY_REVELATION_CURIOSITY_AFTERMATH_VOID does not fire when a revelation is followed by a curiosity rise within 2 scenes
    ok 4 - CAUSALITY_REVELATION_CURIOSITY_AFTERMATH_VOID does not fire when a revelation is followed by a curiosity rise within 2 scenes
      ---
      duration_ms: 1.003003
      type: 'test'
      ...
    # Subtest: CAUSALITY_SUSPENSE_EMOTIONAL_AFTERMATH_VOID fires when every suspense-rise has no emotional shift within 2 scenes
    ok 5 - CAUSALITY_SUSPENSE_EMOTIONAL_AFTERMATH_VOID fires when every suspense-rise has no emotional shift within 2 scenes
      ---
      duration_ms: 0.964712
      type: 'test'
      ...
    # Subtest: CAUSALITY_SUSPENSE_EMOTIONAL_AFTERMATH_VOID does not fire when a suspense-rise is followed by an emotional shift within 2 scenes
    ok 6 - CAUSALITY_SUSPENSE_EMOTIONAL_AFTERMATH_VOID does not fire when a suspense-rise is followed by an emotional shift within 2 scenes
      ---
      duration_ms: 1.356027
      type: 'test'
      ...
    1..6
ok 1052 - Wave 1147 — causalityPass: causality turn-dialogue-highlight aftermath void, causality revelation-curiosity aftermath void, causality suspense-emotional aftermath void
  ---
  duration_ms: 6.925367
  type: 'suite'
  ...
# Subtest: Wave 1133 — causalityPass: causality clock-staging aftermath void, causality turn-relational aftermath void, causality turn-staging aftermath void
    # Subtest: CAUSALITY_CLOCK_STAGING_AFTERMATH_VOID fires when every clock-raise has no heavily-staged scene within 2 scenes
    ok 1 - CAUSALITY_CLOCK_STAGING_AFTERMATH_VOID fires when every clock-raise has no heavily-staged scene within 2 scenes
      ---
      duration_ms: 2.651237
      type: 'test'
      ...
    # Subtest: CAUSALITY_CLOCK_STAGING_AFTERMATH_VOID does not fire when a clock-raise is followed by a heavily-staged scene within 2 scenes
    ok 2 - CAUSALITY_CLOCK_STAGING_AFTERMATH_VOID does not fire when a clock-raise is followed by a heavily-staged scene within 2 scenes
      ---
      duration_ms: 1.16453
      type: 'test'
      ...
    # Subtest: CAUSALITY_TURN_RELATIONAL_AFTERMATH_VOID fires when every dramatic turn has no relationship shift within 2 scenes
    ok 3 - CAUSALITY_TURN_RELATIONAL_AFTERMATH_VOID fires when every dramatic turn has no relationship shift within 2 scenes
      ---
      duration_ms: 1.15365
      type: 'test'
      ...
    # Subtest: CAUSALITY_TURN_RELATIONAL_AFTERMATH_VOID does not fire when a dramatic turn is followed by a relationship shift within 2 scenes
    ok 4 - CAUSALITY_TURN_RELATIONAL_AFTERMATH_VOID does not fire when a dramatic turn is followed by a relationship shift within 2 scenes
      ---
      duration_ms: 1.060628
      type: 'test'
      ...
    # Subtest: CAUSALITY_TURN_STAGING_AFTERMATH_VOID fires when every dramatic turn has no heavily-staged scene within 2 scenes
    ok 5 - CAUSALITY_TURN_STAGING_AFTERMATH_VOID fires when every dramatic turn has no heavily-staged scene within 2 scenes
      ---
      duration_ms: 1.181011
      type: 'test'
      ...
    # Subtest: CAUSALITY_TURN_STAGING_AFTERMATH_VOID does not fire when a dramatic turn is followed by a heavily-staged scene within 2 scenes
    ok 6 - CAUSALITY_TURN_STAGING_AFTERMATH_VOID does not fire when a dramatic turn is followed by a heavily-staged scene within 2 scenes
      ---
      duration_ms: 0.997944
      type: 'test'
      ...
    1..6
ok 1053 - Wave 1133 — causalityPass: causality clock-staging aftermath void, causality turn-relational aftermath void, causality turn-staging aftermath void
  ---
  duration_ms: 8.476483
  type: 'suite'
  ...
# Subtest: Wave 1119 — causalityPass: causality clock-suspense aftermath void, causality clock-dialogue-highlight aftermath void, causality turn-emotional aftermath void
    # Subtest: CAUSALITY_CLOCK_SUSPENSE_AFTERMATH_VOID fires when every clock-raise has no suspense rise within 2 scenes
    ok 1 - CAUSALITY_CLOCK_SUSPENSE_AFTERMATH_VOID fires when every clock-raise has no suspense rise within 2 scenes
      ---
      duration_ms: 1.311469
      type: 'test'
      ...
    # Subtest: CAUSALITY_CLOCK_SUSPENSE_AFTERMATH_VOID does not fire when a clock-raise is followed by a suspense rise within 2 scenes
    ok 2 - CAUSALITY_CLOCK_SUSPENSE_AFTERMATH_VOID does not fire when a clock-raise is followed by a suspense rise within 2 scenes
      ---
      duration_ms: 1.305381
      type: 'test'
      ...
    # Subtest: CAUSALITY_CLOCK_DIALOGUE_HIGHLIGHT_AFTERMATH_VOID fires when every clock-raise has no highlighted dialogue within 2 scenes
    ok 3 - CAUSALITY_CLOCK_DIALOGUE_HIGHLIGHT_AFTERMATH_VOID fires when every clock-raise has no highlighted dialogue within 2 scenes
      ---
      duration_ms: 1.01777
      type: 'test'
      ...
    # Subtest: CAUSALITY_CLOCK_DIALOGUE_HIGHLIGHT_AFTERMATH_VOID does not fire when a clock-raise is followed by highlighted dialogue within 2 scenes
    ok 4 - CAUSALITY_CLOCK_DIALOGUE_HIGHLIGHT_AFTERMATH_VOID does not fire when a clock-raise is followed by highlighted dialogue within 2 scenes
      ---
      duration_ms: 3.128155
      type: 'test'
      ...
    # Subtest: CAUSALITY_TURN_EMOTIONAL_AFTERMATH_VOID fires when every dramatic turn has no emotional shift within 2 scenes
    ok 5 - CAUSALITY_TURN_EMOTIONAL_AFTERMATH_VOID fires when every dramatic turn has no emotional shift within 2 scenes
      ---
      duration_ms: 1.101272
      type: 'test'
      ...
    # Subtest: CAUSALITY_TURN_EMOTIONAL_AFTERMATH_VOID does not fire when a dramatic turn is followed by an emotional shift within 2 scenes
    ok 6 - CAUSALITY_TURN_EMOTIONAL_AFTERMATH_VOID does not fire when a dramatic turn is followed by an emotional shift within 2 scenes
      ---
      duration_ms: 1.014568
      type: 'test'
      ...
    1..6
ok 1054 - Wave 1119 — causalityPass: causality clock-suspense aftermath void, causality clock-dialogue-highlight aftermath void, causality turn-emotional aftermath void
  ---
  duration_ms: 9.172408
  type: 'suite'
  ...
# Subtest: Wave 1105 — causalityPass: causality clock-emotional aftermath void, causality clock-relational aftermath void, causality turn-curiosity aftermath void
    # Subtest: CAUSALITY_CLOCK_EMOTIONAL_AFTERMATH_VOID fires when every clock-raise has no emotional shift within 2 scenes
    ok 1 - CAUSALITY_CLOCK_EMOTIONAL_AFTERMATH_VOID fires when every clock-raise has no emotional shift within 2 scenes
      ---
      duration_ms: 2.066676
      type: 'test'
      ...
    # Subtest: CAUSALITY_CLOCK_EMOTIONAL_AFTERMATH_VOID does not fire when a clock-raise is followed by an emotional shift within 2 scenes
    ok 2 - CAUSALITY_CLOCK_EMOTIONAL_AFTERMATH_VOID does not fire when a clock-raise is followed by an emotional shift within 2 scenes
      ---
      duration_ms: 1.287318
      type: 'test'
      ...
    # Subtest: CAUSALITY_CLOCK_RELATIONAL_AFTERMATH_VOID fires when every clock-raise has no relationship shift within 2 scenes
    ok 3 - CAUSALITY_CLOCK_RELATIONAL_AFTERMATH_VOID fires when every clock-raise has no relationship shift within 2 scenes
      ---
      duration_ms: 1.838066
      type: 'test'
      ...
    # Subtest: CAUSALITY_CLOCK_RELATIONAL_AFTERMATH_VOID does not fire when a clock-raise is followed by a relationship shift within 2 scenes
    ok 4 - CAUSALITY_CLOCK_RELATIONAL_AFTERMATH_VOID does not fire when a clock-raise is followed by a relationship shift within 2 scenes
      ---
      duration_ms: 1.561683
      type: 'test'
      ...
    # Subtest: CAUSALITY_TURN_CURIOSITY_AFTERMATH_VOID fires when every dramatic turn has no curiosity rise within 2 scenes
    ok 5 - CAUSALITY_TURN_CURIOSITY_AFTERMATH_VOID fires when every dramatic turn has no curiosity rise within 2 scenes
      ---
      duration_ms: 1.278542
      type: 'test'
      ...
    # Subtest: CAUSALITY_TURN_CURIOSITY_AFTERMATH_VOID does not fire when a dramatic turn is followed by a curiosity rise within 2 scenes
    ok 6 - CAUSALITY_TURN_CURIOSITY_AFTERMATH_VOID does not fire when a dramatic turn is followed by a curiosity rise within 2 scenes
      ---
      duration_ms: 1.650616
      type: 'test'
      ...
    1..6
ok 1055 - Wave 1105 — causalityPass: causality clock-emotional aftermath void, causality clock-relational aftermath void, causality turn-curiosity aftermath void
  ---
  duration_ms: 9.952335
  type: 'suite'
  ...
# Subtest: Wave 1091 — causalityPass: causality payoff-staging aftermath void, causality clock-curiosity aftermath void, causality turn-suspense aftermath void
    # Subtest: CAUSALITY_PAYOFF_STAGING_AFTERMATH_VOID fires when every payoff has no heavily-staged scene within 2 scenes
    ok 1 - CAUSALITY_PAYOFF_STAGING_AFTERMATH_VOID fires when every payoff has no heavily-staged scene within 2 scenes
      ---
      duration_ms: 1.649232
      type: 'test'
      ...
    # Subtest: CAUSALITY_PAYOFF_STAGING_AFTERMATH_VOID does not fire when a payoff is followed by a heavily-staged scene within 2 scenes
    ok 2 - CAUSALITY_PAYOFF_STAGING_AFTERMATH_VOID does not fire when a payoff is followed by a heavily-staged scene within 2 scenes
      ---
      duration_ms: 10.439967
      type: 'test'
      ...
    # Subtest: CAUSALITY_CLOCK_CURIOSITY_AFTERMATH_VOID fires when every clock-raise has no curiosity rise within 2 scenes
    ok 3 - CAUSALITY_CLOCK_CURIOSITY_AFTERMATH_VOID fires when every clock-raise has no curiosity rise within 2 scenes
      ---
      duration_ms: 1.27525
      type: 'test'
      ...
    # Subtest: CAUSALITY_CLOCK_CURIOSITY_AFTERMATH_VOID does not fire when a clock-raise is followed by a curiosity rise within 2 scenes
    ok 4 - CAUSALITY_CLOCK_CURIOSITY_AFTERMATH_VOID does not fire when a clock-raise is followed by a curiosity rise within 2 scenes
      ---
      duration_ms: 1.713653
      type: 'test'
      ...
    # Subtest: CAUSALITY_TURN_SUSPENSE_AFTERMATH_VOID fires when every dramatic turn has no suspense rise within 2 scenes
    ok 5 - CAUSALITY_TURN_SUSPENSE_AFTERMATH_VOID fires when every dramatic turn has no suspense rise within 2 scenes
      ---
      duration_ms: 1.25172
      type: 'test'
      ...
    # Subtest: CAUSALITY_TURN_SUSPENSE_AFTERMATH_VOID does not fire when a dramatic turn is followed by a suspense rise within 2 scenes
    ok 6 - CAUSALITY_TURN_SUSPENSE_AFTERMATH_VOID does not fire when a dramatic turn is followed by a suspense rise within 2 scenes
      ---
      duration_ms: 1.389565
      type: 'test'
      ...
    1..6
ok 1056 - Wave 1091 — causalityPass: causality payoff-staging aftermath void, causality clock-curiosity aftermath void, causality turn-suspense aftermath void
  ---
  duration_ms: 18.017194
  type: 'suite'
  ...
# Subtest: Wave 1077 — causalityPass: causality seed-staging aftermath void, causality open-thread-staging aftermath void, causality payoff-dialogue-highlight aftermath void
    # Subtest: CAUSALITY_SEED_STAGING_AFTERMATH_VOID fires when every seed has no visually dense scene within 2 scenes
    ok 1 - CAUSALITY_SEED_STAGING_AFTERMATH_VOID fires when every seed has no visually dense scene within 2 scenes
      ---
      duration_ms: 1.675631
      type: 'test'
      ...
    # Subtest: CAUSALITY_SEED_STAGING_AFTERMATH_VOID does not fire when a seed is followed by a visually dense scene within 2 scenes
    ok 2 - CAUSALITY_SEED_STAGING_AFTERMATH_VOID does not fire when a seed is followed by a visually dense scene within 2 scenes
      ---
      duration_ms: 1.224505
      type: 'test'
      ...
    # Subtest: CAUSALITY_OPEN_THREAD_STAGING_AFTERMATH_VOID fires when every open-thread scene has no visually dense scene within 2 scenes
    ok 3 - CAUSALITY_OPEN_THREAD_STAGING_AFTERMATH_VOID fires when every open-thread scene has no visually dense scene within 2 scenes
      ---
      duration_ms: 1.375391
      type: 'test'
      ...
    # Subtest: CAUSALITY_OPEN_THREAD_STAGING_AFTERMATH_VOID does not fire when an open-thread scene is followed by a visually dense scene within 2 scenes
    ok 4 - CAUSALITY_OPEN_THREAD_STAGING_AFTERMATH_VOID does not fire when an open-thread scene is followed by a visually dense scene within 2 scenes
      ---
      duration_ms: 1.34995
      type: 'test'
      ...
    # Subtest: CAUSALITY_PAYOFF_DIALOGUE_HIGHLIGHT_AFTERMATH_VOID fires when every payoff has no highlighted dialogue within 2 scenes
    ok 5 - CAUSALITY_PAYOFF_DIALOGUE_HIGHLIGHT_AFTERMATH_VOID fires when every payoff has no highlighted dialogue within 2 scenes
      ---
      duration_ms: 0.957646
      type: 'test'
      ...
    # Subtest: CAUSALITY_PAYOFF_DIALOGUE_HIGHLIGHT_AFTERMATH_VOID does not fire when a payoff is followed by highlighted dialogue within 2 scenes
    ok 6 - CAUSALITY_PAYOFF_DIALOGUE_HIGHLIGHT_AFTERMATH_VOID does not fire when a payoff is followed by highlighted dialogue within 2 scenes
      ---
      duration_ms: 1.083083
      type: 'test'
      ...
    1..6
ok 1057 - Wave 1077 — causalityPass: causality seed-staging aftermath void, causality open-thread-staging aftermath void, causality payoff-dialogue-highlight aftermath void
  ---
  duration_ms: 7.93504
  type: 'suite'
  ...
# Subtest: Wave 1063 — causalityPass: causality stakes-staging aftermath void, causality seed-dialogue-highlight aftermath void, causality open-thread-dialogue-highlight aftermath void
    # Subtest: CAUSALITY_STAKES_STAGING_AFTERMATH_VOID fires when every stakes-raise has no visually dense scene within 2 scenes
    ok 1 - CAUSALITY_STAKES_STAGING_AFTERMATH_VOID fires when every stakes-raise has no visually dense scene within 2 scenes
      ---
      duration_ms: 2.474359
      type: 'test'
      ...
    # Subtest: CAUSALITY_STAKES_STAGING_AFTERMATH_VOID does not fire when a stakes-raise is followed by a visually dense scene within 2 scenes
    ok 2 - CAUSALITY_STAKES_STAGING_AFTERMATH_VOID does not fire when a stakes-raise is followed by a visually dense scene within 2 scenes
      ---
      duration_ms: 2.496001
      type: 'test'
      ...
    # Subtest: CAUSALITY_SEED_DIALOGUE_HIGHLIGHT_AFTERMATH_VOID fires when every seed has no highlighted dialogue within 2 scenes
    ok 3 - CAUSALITY_SEED_DIALOGUE_HIGHLIGHT_AFTERMATH_VOID fires when every seed has no highlighted dialogue within 2 scenes
      ---
      duration_ms: 1.043985
      type: 'test'
      ...
    # Subtest: CAUSALITY_SEED_DIALOGUE_HIGHLIGHT_AFTERMATH_VOID does not fire when a seed is followed by highlighted dialogue within 2 scenes
    ok 4 - CAUSALITY_SEED_DIALOGUE_HIGHLIGHT_AFTERMATH_VOID does not fire when a seed is followed by highlighted dialogue within 2 scenes
      ---
      duration_ms: 1.250682
      type: 'test'
      ...
    # Subtest: CAUSALITY_OPEN_THREAD_DIALOGUE_HIGHLIGHT_AFTERMATH_VOID fires when every open-thread scene has no highlighted dialogue within 2 scenes
    ok 5 - CAUSALITY_OPEN_THREAD_DIALOGUE_HIGHLIGHT_AFTERMATH_VOID fires when every open-thread scene has no highlighted dialogue within 2 scenes
      ---
      duration_ms: 1.112972
      type: 'test'
      ...
    # Subtest: CAUSALITY_OPEN_THREAD_DIALOGUE_HIGHLIGHT_AFTERMATH_VOID does not fire when an open-thread scene is followed by highlighted dialogue within 2 scenes
    ok 6 - CAUSALITY_OPEN_THREAD_DIALOGUE_HIGHLIGHT_AFTERMATH_VOID does not fire when an open-thread scene is followed by highlighted dialogue within 2 scenes
      ---
      duration_ms: 1.0987
      type: 'test'
      ...
    1..6
ok 1058 - Wave 1063 — causalityPass: causality stakes-staging aftermath void, causality seed-dialogue-highlight aftermath void, causality open-thread-dialogue-highlight aftermath void
  ---
  duration_ms: 9.914838
  type: 'suite'
  ...
# Subtest: Wave 1049 — causalityPass: causality seed-relational aftermath void, causality open-thread-curiosity aftermath void, causality stakes-dialogue-highlight aftermath void
    # Subtest: CAUSALITY_SEED_RELATIONAL_AFTERMATH_VOID fires when every seed has no relationship shift within 2 scenes
    ok 1 - CAUSALITY_SEED_RELATIONAL_AFTERMATH_VOID fires when every seed has no relationship shift within 2 scenes
      ---
      duration_ms: 1.26588
      type: 'test'
      ...
    # Subtest: CAUSALITY_SEED_RELATIONAL_AFTERMATH_VOID does not fire when a seed is followed by a relationship shift within 2 scenes
    ok 2 - CAUSALITY_SEED_RELATIONAL_AFTERMATH_VOID does not fire when a seed is followed by a relationship shift within 2 scenes
      ---
      duration_ms: 1.145923
      type: 'test'
      ...
    # Subtest: CAUSALITY_OPEN_THREAD_CURIOSITY_AFTERMATH_VOID fires when every open-thread scene has no curiosity rise within 2 scenes
    ok 3 - CAUSALITY_OPEN_THREAD_CURIOSITY_AFTERMATH_VOID fires when every open-thread scene has no curiosity rise within 2 scenes
      ---
      duration_ms: 1.020205
      type: 'test'
      ...
    # Subtest: CAUSALITY_OPEN_THREAD_CURIOSITY_AFTERMATH_VOID does not fire when an open-thread scene is followed by a curiosity rise within 2 scenes
    ok 4 - CAUSALITY_OPEN_THREAD_CURIOSITY_AFTERMATH_VOID does not fire when an open-thread scene is followed by a curiosity rise within 2 scenes
      ---
      duration_ms: 0.920175
      type: 'test'
      ...
    # Subtest: CAUSALITY_STAKES_DIALOGUE_HIGHLIGHT_AFTERMATH_VOID fires when every stakes-raise has no highlighted dialogue within 2 scenes
    ok 5 - CAUSALITY_STAKES_DIALOGUE_HIGHLIGHT_AFTERMATH_VOID fires when every stakes-raise has no highlighted dialogue within 2 scenes
      ---
      duration_ms: 1.035583
      type: 'test'
      ...
    # Subtest: CAUSALITY_STAKES_DIALOGUE_HIGHLIGHT_AFTERMATH_VOID does not fire when a stakes-raise is followed by highlighted dialogue within 2 scenes
    ok 6 - CAUSALITY_STAKES_DIALOGUE_HIGHLIGHT_AFTERMATH_VOID does not fire when a stakes-raise is followed by highlighted dialogue within 2 scenes
      ---
      duration_ms: 0.981981
      type: 'test'
      ...
    1..6
ok 1059 - Wave 1049 — causalityPass: causality seed-relational aftermath void, causality open-thread-curiosity aftermath void, causality stakes-dialogue-highlight aftermath void
  ---
  duration_ms: 6.632628
  type: 'suite'
  ...
# Subtest: Wave 1035 — causalityPass: causality seed-suspense aftermath void, causality payoff-curiosity aftermath void, causality open-thread-relational aftermath void
    # Subtest: CAUSALITY_SEED_SUSPENSE_AFTERMATH_VOID fires when every seed has no rise in suspense within 2 scenes
    ok 1 - CAUSALITY_SEED_SUSPENSE_AFTERMATH_VOID fires when every seed has no rise in suspense within 2 scenes
      ---
      duration_ms: 1.514817
      type: 'test'
      ...
    # Subtest: CAUSALITY_SEED_SUSPENSE_AFTERMATH_VOID does not fire when a seed is followed by rising suspense within 2 scenes
    ok 2 - CAUSALITY_SEED_SUSPENSE_AFTERMATH_VOID does not fire when a seed is followed by rising suspense within 2 scenes
      ---
      duration_ms: 1.371245
      type: 'test'
      ...
    # Subtest: CAUSALITY_PAYOFF_CURIOSITY_AFTERMATH_VOID fires when every payoff has no curiosity rise within 2 scenes
    ok 3 - CAUSALITY_PAYOFF_CURIOSITY_AFTERMATH_VOID fires when every payoff has no curiosity rise within 2 scenes
      ---
      duration_ms: 1.522983
      type: 'test'
      ...
    # Subtest: CAUSALITY_PAYOFF_CURIOSITY_AFTERMATH_VOID does not fire when a payoff is followed by a curiosity rise within 2 scenes
    ok 4 - CAUSALITY_PAYOFF_CURIOSITY_AFTERMATH_VOID does not fire when a payoff is followed by a curiosity rise within 2 scenes
      ---
      duration_ms: 1.335566
      type: 'test'
      ...
    # Subtest: CAUSALITY_OPEN_THREAD_RELATIONAL_AFTERMATH_VOID fires when every open-thread scene has no relationship shift within 2 scenes
    ok 5 - CAUSALITY_OPEN_THREAD_RELATIONAL_AFTERMATH_VOID fires when every open-thread scene has no relationship shift within 2 scenes
      ---
      duration_ms: 1.473104
      type: 'test'
      ...
    # Subtest: CAUSALITY_OPEN_THREAD_RELATIONAL_AFTERMATH_VOID does not fire when an open-thread scene is followed by a relationship shift within 2 scenes
    ok 6 - CAUSALITY_OPEN_THREAD_RELATIONAL_AFTERMATH_VOID does not fire when an open-thread scene is followed by a relationship shift within 2 scenes
      ---
      duration_ms: 1.191412
      type: 'test'
      ...
    1..6
ok 1060 - Wave 1035 — causalityPass: causality seed-suspense aftermath void, causality payoff-curiosity aftermath void, causality open-thread-relational aftermath void
  ---
  duration_ms: 8.695551
  type: 'suite'
  ...
# Subtest: Wave 1021 — causalityPass: causality stakes-relational aftermath void, causality payoff-suspense aftermath void, causality open-thread-emotional aftermath void
    # Subtest: CAUSALITY_STAKES_RELATIONAL_AFTERMATH_VOID fires when every stakes-raise has no relationship shift within 2 scenes
    ok 1 - CAUSALITY_STAKES_RELATIONAL_AFTERMATH_VOID fires when every stakes-raise has no relationship shift within 2 scenes
      ---
      duration_ms: 1.443614
      type: 'test'
      ...
    # Subtest: CAUSALITY_STAKES_RELATIONAL_AFTERMATH_VOID does not fire when a stakes-raise is followed by a relationship shift within 2 scenes
    ok 2 - CAUSALITY_STAKES_RELATIONAL_AFTERMATH_VOID does not fire when a stakes-raise is followed by a relationship shift within 2 scenes
      ---
      duration_ms: 1.269305
      type: 'test'
      ...
    # Subtest: CAUSALITY_PAYOFF_SUSPENSE_AFTERMATH_VOID fires when every payoff has no rise in suspense within 2 scenes
    ok 3 - CAUSALITY_PAYOFF_SUSPENSE_AFTERMATH_VOID fires when every payoff has no rise in suspense within 2 scenes
      ---
      duration_ms: 1.50101
      type: 'test'
      ...
    # Subtest: CAUSALITY_PAYOFF_SUSPENSE_AFTERMATH_VOID does not fire when a payoff is followed by rising suspense within 2 scenes
    ok 4 - CAUSALITY_PAYOFF_SUSPENSE_AFTERMATH_VOID does not fire when a payoff is followed by rising suspense within 2 scenes
      ---
      duration_ms: 1.201817
      type: 'test'
      ...
    # Subtest: CAUSALITY_OPEN_THREAD_EMOTIONAL_AFTERMATH_VOID fires when every open-thread scene has no emotional shift within 2 scenes
    ok 5 - CAUSALITY_OPEN_THREAD_EMOTIONAL_AFTERMATH_VOID fires when every open-thread scene has no emotional shift within 2 scenes
      ---
      duration_ms: 1.464409
      type: 'test'
      ...
    # Subtest: CAUSALITY_OPEN_THREAD_EMOTIONAL_AFTERMATH_VOID does not fire when an open-thread scene is followed by an emotional shift within 2 scenes
    ok 6 - CAUSALITY_OPEN_THREAD_EMOTIONAL_AFTERMATH_VOID does not fire when an open-thread scene is followed by an emotional shift within 2 scenes
      ---
      duration_ms: 1.118374
      type: 'test'
      ...
    1..6
ok 1061 - Wave 1021 — causalityPass: causality stakes-relational aftermath void, causality payoff-suspense aftermath void, causality open-thread-emotional aftermath void
  ---
  duration_ms: 8.429808
  type: 'suite'
  ...
# Subtest: Wave 1007 — causalityPass: causality stakes-suspense aftermath void, causality seed-emotional aftermath void, causality payoff-relational aftermath void
    # Subtest: CAUSALITY_STAKES_SUSPENSE_AFTERMATH_VOID fires when every stakes-raise has no rise in suspense within 2 scenes
    ok 1 - CAUSALITY_STAKES_SUSPENSE_AFTERMATH_VOID fires when every stakes-raise has no rise in suspense within 2 scenes
      ---
      duration_ms: 1.108154
      type: 'test'
      ...
    # Subtest: CAUSALITY_STAKES_SUSPENSE_AFTERMATH_VOID does not fire when a stakes-raise is followed by rising suspense within 2 scenes
    ok 2 - CAUSALITY_STAKES_SUSPENSE_AFTERMATH_VOID does not fire when a stakes-raise is followed by rising suspense within 2 scenes
      ---
      duration_ms: 1.229386
      type: 'test'
      ...
    # Subtest: CAUSALITY_SEED_EMOTIONAL_AFTERMATH_VOID fires when every seed has no emotional shift within 2 scenes
    ok 3 - CAUSALITY_SEED_EMOTIONAL_AFTERMATH_VOID fires when every seed has no emotional shift within 2 scenes
      ---
      duration_ms: 2.653723
      type: 'test'
      ...
    # Subtest: CAUSALITY_SEED_EMOTIONAL_AFTERMATH_VOID does not fire when a seed is followed by an emotional shift within 2 scenes
    ok 4 - CAUSALITY_SEED_EMOTIONAL_AFTERMATH_VOID does not fire when a seed is followed by an emotional shift within 2 scenes
      ---
      duration_ms: 1.018096
      type: 'test'
      ...
    # Subtest: CAUSALITY_PAYOFF_RELATIONAL_AFTERMATH_VOID fires when every payoff has no relationship shift within 2 scenes
    ok 5 - CAUSALITY_PAYOFF_RELATIONAL_AFTERMATH_VOID fires when every payoff has no relationship shift within 2 scenes
      ---
      duration_ms: 0.987827
      type: 'test'
      ...
    # Subtest: CAUSALITY_PAYOFF_RELATIONAL_AFTERMATH_VOID does not fire when a payoff is followed by a relationship shift within 2 scenes
    ok 6 - CAUSALITY_PAYOFF_RELATIONAL_AFTERMATH_VOID does not fire when a payoff is followed by a relationship shift within 2 scenes
      ---
      duration_ms: 0.987339
      type: 'test'
      ...
    1..6
ok 1062 - Wave 1007 — causalityPass: causality stakes-suspense aftermath void, causality seed-emotional aftermath void, causality payoff-relational aftermath void
  ---
  duration_ms: 8.335505
  type: 'suite'
  ...
# Subtest: Wave 993 — causalityPass: causality clock zone imbalance, causality stakes curiosity aftermath void, causality payoff emotional aftermath void
    # Subtest: CAUSALITY_CLOCK_ZONE_IMBALANCE fires when one zone is empty while another holds >=50% of clock-raising scenes
    ok 1 - CAUSALITY_CLOCK_ZONE_IMBALANCE fires when one zone is empty while another holds >=50% of clock-raising scenes
      ---
      duration_ms: 1.322428
      type: 'test'
      ...
    # Subtest: CAUSALITY_CLOCK_ZONE_IMBALANCE does not fire when clock-raising scenes touch every zone
    ok 2 - CAUSALITY_CLOCK_ZONE_IMBALANCE does not fire when clock-raising scenes touch every zone
      ---
      duration_ms: 0.953899
      type: 'test'
      ...
    # Subtest: CAUSALITY_STAKES_CURIOSITY_AFTERMATH_VOID fires when every stakes-raise has no curiosity raised within 2 scenes
    ok 3 - CAUSALITY_STAKES_CURIOSITY_AFTERMATH_VOID fires when every stakes-raise has no curiosity raised within 2 scenes
      ---
      duration_ms: 0.937045
      type: 'test'
      ...
    # Subtest: CAUSALITY_STAKES_CURIOSITY_AFTERMATH_VOID does not fire when a stakes-raise is followed by new curiosity within 2 scenes
    ok 4 - CAUSALITY_STAKES_CURIOSITY_AFTERMATH_VOID does not fire when a stakes-raise is followed by new curiosity within 2 scenes
      ---
      duration_ms: 0.925963
      type: 'test'
      ...
    # Subtest: CAUSALITY_PAYOFF_EMOTIONAL_AFTERMATH_VOID fires when every payoff has no emotional shift within 2 scenes
    ok 5 - CAUSALITY_PAYOFF_EMOTIONAL_AFTERMATH_VOID fires when every payoff has no emotional shift within 2 scenes
      ---
      duration_ms: 1.152642
      type: 'test'
      ...
    # Subtest: CAUSALITY_PAYOFF_EMOTIONAL_AFTERMATH_VOID does not fire when a payoff is followed by an emotional shift within 2 scenes
    ok 6 - CAUSALITY_PAYOFF_EMOTIONAL_AFTERMATH_VOID does not fire when a payoff is followed by an emotional shift within 2 scenes
      ---
      duration_ms: 0.941313
      type: 'test'
      ...
    1..6
ok 1063 - Wave 993 — causalityPass: causality clock zone imbalance, causality stakes curiosity aftermath void, causality payoff emotional aftermath void
  ---
  duration_ms: 6.489496
  type: 'suite'
  ...
# Subtest: Wave 979 — causalityPass: causality stakes emotional aftermath void, causality seed curiosity aftermath void, causality open thread suspense aftermath void
    # Subtest: CAUSALITY_STAKES_EMOTIONAL_AFTERMATH_VOID fires when every stakes-raise has no emotional shift within 2 scenes
    ok 1 - CAUSALITY_STAKES_EMOTIONAL_AFTERMATH_VOID fires when every stakes-raise has no emotional shift within 2 scenes
      ---
      duration_ms: 0.986278
      type: 'test'
      ...
    # Subtest: CAUSALITY_STAKES_EMOTIONAL_AFTERMATH_VOID does not fire when a stakes-raise is followed by an emotional shift within 2 scenes
    ok 2 - CAUSALITY_STAKES_EMOTIONAL_AFTERMATH_VOID does not fire when a stakes-raise is followed by an emotional shift within 2 scenes
      ---
      duration_ms: 0.912431
      type: 'test'
      ...
    # Subtest: CAUSALITY_SEED_CURIOSITY_AFTERMATH_VOID fires when every seed has no curiosity raised within 2 scenes
    ok 3 - CAUSALITY_SEED_CURIOSITY_AFTERMATH_VOID fires when every seed has no curiosity raised within 2 scenes
      ---
      duration_ms: 1.022236
      type: 'test'
      ...
    # Subtest: CAUSALITY_SEED_CURIOSITY_AFTERMATH_VOID does not fire when a seed is followed by curiosity within 2 scenes
    ok 4 - CAUSALITY_SEED_CURIOSITY_AFTERMATH_VOID does not fire when a seed is followed by curiosity within 2 scenes
      ---
      duration_ms: 0.995863
      type: 'test'
      ...
    # Subtest: CAUSALITY_OPEN_THREAD_SUSPENSE_AFTERMATH_VOID fires when every open thread has no suspense rise within 2 scenes
    ok 5 - CAUSALITY_OPEN_THREAD_SUSPENSE_AFTERMATH_VOID fires when every open thread has no suspense rise within 2 scenes
      ---
      duration_ms: 1.017883
      type: 'test'
      ...
    # Subtest: CAUSALITY_OPEN_THREAD_SUSPENSE_AFTERMATH_VOID does not fire when an open thread is followed by a suspense rise within 2 scenes
    ok 6 - CAUSALITY_OPEN_THREAD_SUSPENSE_AFTERMATH_VOID does not fire when an open thread is followed by a suspense rise within 2 scenes
      ---
      duration_ms: 0.920522
      type: 'test'
      ...
    1..6
ok 1064 - Wave 979 — causalityPass: causality stakes emotional aftermath void, causality seed curiosity aftermath void, causality open thread suspense aftermath void
  ---
  duration_ms: 6.115299
  type: 'suite'
  ...
# Subtest: Wave 965 — causalityPass: causality revelation zone imbalance, causality relationship zone imbalance, causality turn zone imbalance
    # Subtest: CAUSALITY_REVELATION_ZONE_IMBALANCE fires when one zone is empty while another holds >=50% of revelation scenes
    ok 1 - CAUSALITY_REVELATION_ZONE_IMBALANCE fires when one zone is empty while another holds >=50% of revelation scenes
      ---
      duration_ms: 1.206586
      type: 'test'
      ...
    # Subtest: CAUSALITY_REVELATION_ZONE_IMBALANCE does not fire when revelation scenes touch every zone
    ok 2 - CAUSALITY_REVELATION_ZONE_IMBALANCE does not fire when revelation scenes touch every zone
      ---
      duration_ms: 1.510247
      type: 'test'
      ...
    # Subtest: CAUSALITY_RELATIONSHIP_ZONE_IMBALANCE fires when one zone is empty while another holds >=50% of relationship-shift scenes
    ok 3 - CAUSALITY_RELATIONSHIP_ZONE_IMBALANCE fires when one zone is empty while another holds >=50% of relationship-shift scenes
      ---
      duration_ms: 1.16231
      type: 'test'
      ...
    # Subtest: CAUSALITY_RELATIONSHIP_ZONE_IMBALANCE does not fire when relationship-shift scenes touch every zone
    ok 4 - CAUSALITY_RELATIONSHIP_ZONE_IMBALANCE does not fire when relationship-shift scenes touch every zone
      ---
      duration_ms: 1.067583
      type: 'test'
      ...
    # Subtest: CAUSALITY_TURN_ZONE_IMBALANCE fires when one zone is empty while another holds >=50% of dramatic-turn scenes
    ok 5 - CAUSALITY_TURN_ZONE_IMBALANCE fires when one zone is empty while another holds >=50% of dramatic-turn scenes
      ---
      duration_ms: 1.432879
      type: 'test'
      ...
    # Subtest: CAUSALITY_TURN_ZONE_IMBALANCE does not fire when dramatic-turn scenes touch every zone
    ok 6 - CAUSALITY_TURN_ZONE_IMBALANCE does not fire when dramatic-turn scenes touch every zone
      ---
      duration_ms: 2.095082
      type: 'test'
      ...
    1..6
ok 1065 - Wave 965 — causalityPass: causality revelation zone imbalance, causality relationship zone imbalance, causality turn zone imbalance
  ---
  duration_ms: 8.816769
  type: 'suite'
  ...
# Subtest: Wave 951 — causalityPass: causality clock delta zone imbalance, causality payoff zone imbalance, causality seed zone imbalance
    # Subtest: CAUSALITY_CLOCK_DELTA_ZONE_IMBALANCE fires when one zone is empty while another holds >=50% of clock-moving scenes
    ok 1 - CAUSALITY_CLOCK_DELTA_ZONE_IMBALANCE fires when one zone is empty while another holds >=50% of clock-moving scenes
      ---
      duration_ms: 1.062087
      type: 'test'
      ...
    # Subtest: CAUSALITY_CLOCK_DELTA_ZONE_IMBALANCE does not fire when clock-moving scenes touch every zone
    ok 2 - CAUSALITY_CLOCK_DELTA_ZONE_IMBALANCE does not fire when clock-moving scenes touch every zone
      ---
      duration_ms: 0.929289
      type: 'test'
      ...
    # Subtest: CAUSALITY_PAYOFF_ZONE_IMBALANCE fires when one zone is empty while another holds >=50% of payoff scenes
    ok 3 - CAUSALITY_PAYOFF_ZONE_IMBALANCE fires when one zone is empty while another holds >=50% of payoff scenes
      ---
      duration_ms: 1.208533
      type: 'test'
      ...
    # Subtest: CAUSALITY_PAYOFF_ZONE_IMBALANCE does not fire when payoff scenes touch every zone
    ok 4 - CAUSALITY_PAYOFF_ZONE_IMBALANCE does not fire when payoff scenes touch every zone
      ---
      duration_ms: 1.030535
      type: 'test'
      ...
    # Subtest: CAUSALITY_SEED_ZONE_IMBALANCE fires when one zone is empty while another holds >=50% of seeding scenes
    ok 5 - CAUSALITY_SEED_ZONE_IMBALANCE fires when one zone is empty while another holds >=50% of seeding scenes
      ---
      duration_ms: 1.472289
      type: 'test'
      ...
    # Subtest: CAUSALITY_SEED_ZONE_IMBALANCE does not fire when seeding scenes touch every zone
    ok 6 - CAUSALITY_SEED_ZONE_IMBALANCE does not fire when seeding scenes touch every zone
      ---
      duration_ms: 1.071315
      type: 'test'
      ...
    1..6
ok 1066 - Wave 951 — causalityPass: causality clock delta zone imbalance, causality payoff zone imbalance, causality seed zone imbalance
  ---
  duration_ms: 7.02961
  type: 'suite'
  ...
# Subtest: Wave 937 — causalityPass: causality revelation purpose zone imbalance, causality positive emotion zone imbalance, causality curiosity zone imbalance
    # Subtest: CAUSALITY_REVELATION_PURPOSE_ZONE_IMBALANCE fires when one zone is empty while another holds >=50% of revelation-purposed scenes
    ok 1 - CAUSALITY_REVELATION_PURPOSE_ZONE_IMBALANCE fires when one zone is empty while another holds >=50% of revelation-purposed scenes
      ---
      duration_ms: 1.098463
      type: 'test'
      ...
    # Subtest: CAUSALITY_REVELATION_PURPOSE_ZONE_IMBALANCE does not fire when revelation-purposed scenes touch every zone
    ok 2 - CAUSALITY_REVELATION_PURPOSE_ZONE_IMBALANCE does not fire when revelation-purposed scenes touch every zone
      ---
      duration_ms: 0.884274
      type: 'test'
      ...
    # Subtest: CAUSALITY_POSITIVE_EMOTION_ZONE_IMBALANCE fires when one zone is empty while another holds >=50% of positive-shift scenes
    ok 3 - CAUSALITY_POSITIVE_EMOTION_ZONE_IMBALANCE fires when one zone is empty while another holds >=50% of positive-shift scenes
      ---
      duration_ms: 1.079526
      type: 'test'
      ...
    # Subtest: CAUSALITY_POSITIVE_EMOTION_ZONE_IMBALANCE does not fire when positive-shift scenes touch every zone
    ok 4 - CAUSALITY_POSITIVE_EMOTION_ZONE_IMBALANCE does not fire when positive-shift scenes touch every zone
      ---
      duration_ms: 0.868707
      type: 'test'
      ...
    # Subtest: CAUSALITY_CURIOSITY_ZONE_IMBALANCE fires when one zone is empty while another holds >=50% of curiosity-raising scenes
    ok 5 - CAUSALITY_CURIOSITY_ZONE_IMBALANCE fires when one zone is empty while another holds >=50% of curiosity-raising scenes
      ---
      duration_ms: 1.331905
      type: 'test'
      ...
    # Subtest: CAUSALITY_CURIOSITY_ZONE_IMBALANCE does not fire when curiosity-raising scenes touch every zone
    ok 6 - CAUSALITY_CURIOSITY_ZONE_IMBALANCE does not fire when curiosity-raising scenes touch every zone
      ---
      duration_ms: 1.120809
      type: 'test'
      ...
    1..6
ok 1067 - Wave 937 — causalityPass: causality revelation purpose zone imbalance, causality positive emotion zone imbalance, causality curiosity zone imbalance
  ---
  duration_ms: 6.703201
  type: 'suite'
  ...
# Subtest: Wave 923 — causalityPass: causality revelation purpose zone cluster, causality revelation purpose drought run, causality negative emotion zone imbalance
    # Subtest: CAUSALITY_REVELATION_PURPOSE_ZONE_CLUSTER fires when >75% of revelation-purposed scenes cluster in one third
    ok 1 - CAUSALITY_REVELATION_PURPOSE_ZONE_CLUSTER fires when >75% of revelation-purposed scenes cluster in one third
      ---
      duration_ms: 0.950009
      type: 'test'
      ...
    # Subtest: CAUSALITY_REVELATION_PURPOSE_ZONE_CLUSTER does not fire when revelation-purposed scenes spread across thirds
    ok 2 - CAUSALITY_REVELATION_PURPOSE_ZONE_CLUSTER does not fire when revelation-purposed scenes spread across thirds
      ---
      duration_ms: 0.915448
      type: 'test'
      ...
    # Subtest: CAUSALITY_REVELATION_PURPOSE_DROUGHT_RUN fires when a long run has no revelation-purposed scene
    ok 3 - CAUSALITY_REVELATION_PURPOSE_DROUGHT_RUN fires when a long run has no revelation-purposed scene
      ---
      duration_ms: 12.334457
      type: 'test'
      ...
    # Subtest: CAUSALITY_REVELATION_PURPOSE_DROUGHT_RUN does not fire when revelation-purposed scenes are evenly spread
    ok 4 - CAUSALITY_REVELATION_PURPOSE_DROUGHT_RUN does not fire when revelation-purposed scenes are evenly spread
      ---
      duration_ms: 1.087752
      type: 'test'
      ...
    # Subtest: CAUSALITY_NEGATIVE_EMOTION_ZONE_IMBALANCE fires when one zone is empty while another holds >=50% of negative-shift scenes
    ok 5 - CAUSALITY_NEGATIVE_EMOTION_ZONE_IMBALANCE fires when one zone is empty while another holds >=50% of negative-shift scenes
      ---
      duration_ms: 0.957948
      type: 'test'
      ...
    # Subtest: CAUSALITY_NEGATIVE_EMOTION_ZONE_IMBALANCE does not fire when negative-shift scenes touch every zone
    ok 6 - CAUSALITY_NEGATIVE_EMOTION_ZONE_IMBALANCE does not fire when negative-shift scenes touch every zone
      ---
      duration_ms: 0.898501
      type: 'test'
      ...
    1..6
ok 1068 - Wave 923 — causalityPass: causality revelation purpose zone cluster, causality revelation purpose drought run, causality negative emotion zone imbalance
  ---
  duration_ms: 17.473997
  type: 'suite'
  ...
# Subtest: Wave 909 — causalityPass: causality introduce conflict zone imbalance, causality character moment zone imbalance, causality stakes zone imbalance
    # Subtest: CAUSALITY_INTRODUCE_CONFLICT_ZONE_IMBALANCE fires when one zone is empty while another holds >=50% of conflict-introducing scenes
    ok 1 - CAUSALITY_INTRODUCE_CONFLICT_ZONE_IMBALANCE fires when one zone is empty while another holds >=50% of conflict-introducing scenes
      ---
      duration_ms: 1.156921
      type: 'test'
      ...
    # Subtest: CAUSALITY_INTRODUCE_CONFLICT_ZONE_IMBALANCE does not fire when conflict-introducing scenes touch every zone
    ok 2 - CAUSALITY_INTRODUCE_CONFLICT_ZONE_IMBALANCE does not fire when conflict-introducing scenes touch every zone
      ---
      duration_ms: 0.843521
      type: 'test'
      ...
    # Subtest: CAUSALITY_CHARACTER_MOMENT_ZONE_IMBALANCE fires when one zone is empty while another holds >=50% of character-moment scenes
    ok 3 - CAUSALITY_CHARACTER_MOMENT_ZONE_IMBALANCE fires when one zone is empty while another holds >=50% of character-moment scenes
      ---
      duration_ms: 0.982375
      type: 'test'
      ...
    # Subtest: CAUSALITY_CHARACTER_MOMENT_ZONE_IMBALANCE does not fire when character-moment scenes touch every zone
    ok 4 - CAUSALITY_CHARACTER_MOMENT_ZONE_IMBALANCE does not fire when character-moment scenes touch every zone
      ---
      duration_ms: 0.88291
      type: 'test'
      ...
    # Subtest: CAUSALITY_STAKES_ZONE_IMBALANCE fires when one zone is empty while another holds >=50% of stakes-raising scenes
    ok 5 - CAUSALITY_STAKES_ZONE_IMBALANCE fires when one zone is empty while another holds >=50% of stakes-raising scenes
      ---
      duration_ms: 1.008791
      type: 'test'
      ...
    # Subtest: CAUSALITY_STAKES_ZONE_IMBALANCE does not fire when stakes-raising scenes touch every zone
    ok 6 - CAUSALITY_STAKES_ZONE_IMBALANCE does not fire when stakes-raising scenes touch every zone
      ---
      duration_ms: 0.876719
      type: 'test'
      ...
    1..6
ok 1069 - Wave 909 — causalityPass: causality introduce conflict zone imbalance, causality character moment zone imbalance, causality stakes zone imbalance
  ---
  duration_ms: 6.069036
  type: 'suite'
  ...
# Subtest: Wave 895 — causalityPass: causality resolution zone imbalance, causality complicate zone imbalance, causality turning point zone imbalance
    # Subtest: CAUSALITY_RESOLUTION_ZONE_IMBALANCE fires when one zone is empty while another holds >=50% of resolution-purposed scenes
    ok 1 - CAUSALITY_RESOLUTION_ZONE_IMBALANCE fires when one zone is empty while another holds >=50% of resolution-purposed scenes
      ---
      duration_ms: 1.058992
      type: 'test'
      ...
    # Subtest: CAUSALITY_RESOLUTION_ZONE_IMBALANCE does not fire when resolution-purposed scenes touch every zone
    ok 2 - CAUSALITY_RESOLUTION_ZONE_IMBALANCE does not fire when resolution-purposed scenes touch every zone
      ---
      duration_ms: 0.820689
      type: 'test'
      ...
    # Subtest: CAUSALITY_COMPLICATE_ZONE_IMBALANCE fires when one zone is empty while another holds >=50% of complicating scenes
    ok 3 - CAUSALITY_COMPLICATE_ZONE_IMBALANCE fires when one zone is empty while another holds >=50% of complicating scenes
      ---
      duration_ms: 1.230629
      type: 'test'
      ...
    # Subtest: CAUSALITY_COMPLICATE_ZONE_IMBALANCE does not fire when complicating scenes touch every zone
    ok 4 - CAUSALITY_COMPLICATE_ZONE_IMBALANCE does not fire when complicating scenes touch every zone
      ---
      duration_ms: 1.034147
      type: 'test'
      ...
    # Subtest: CAUSALITY_TURNING_POINT_ZONE_IMBALANCE fires when one zone is empty while another holds >=50% of turning-point scenes
    ok 5 - CAUSALITY_TURNING_POINT_ZONE_IMBALANCE fires when one zone is empty while another holds >=50% of turning-point scenes
      ---
      duration_ms: 0.931325
      type: 'test'
      ...
    # Subtest: CAUSALITY_TURNING_POINT_ZONE_IMBALANCE does not fire when turning-point scenes touch every zone
    ok 6 - CAUSALITY_TURNING_POINT_ZONE_IMBALANCE does not fire when turning-point scenes touch every zone
      ---
      duration_ms: 0.909357
      type: 'test'
      ...
    1..6
ok 1070 - Wave 895 — causalityPass: causality resolution zone imbalance, causality complicate zone imbalance, causality turning point zone imbalance
  ---
  duration_ms: 6.249144
  type: 'suite'
  ...
# Subtest: Wave 881 — causalityPass: causality complicate drought run, causality climax zone imbalance, causality establish world zone imbalance
    # Subtest: CAUSALITY_COMPLICATE_DROUGHT_RUN fires when a long run has no complicating scene
    ok 1 - CAUSALITY_COMPLICATE_DROUGHT_RUN fires when a long run has no complicating scene
      ---
      duration_ms: 1.014095
      type: 'test'
      ...
    # Subtest: CAUSALITY_COMPLICATE_DROUGHT_RUN does not fire when complicating scenes are evenly spread
    ok 2 - CAUSALITY_COMPLICATE_DROUGHT_RUN does not fire when complicating scenes are evenly spread
      ---
      duration_ms: 0.857414
      type: 'test'
      ...
    # Subtest: CAUSALITY_CLIMAX_ZONE_IMBALANCE fires when one zone is empty while another holds >=50% of climax-purposed scenes
    ok 3 - CAUSALITY_CLIMAX_ZONE_IMBALANCE fires when one zone is empty while another holds >=50% of climax-purposed scenes
      ---
      duration_ms: 0.906348
      type: 'test'
      ...
    # Subtest: CAUSALITY_CLIMAX_ZONE_IMBALANCE does not fire when climax-purposed scenes touch every zone
    ok 4 - CAUSALITY_CLIMAX_ZONE_IMBALANCE does not fire when climax-purposed scenes touch every zone
      ---
      duration_ms: 0.82705
      type: 'test'
      ...
    # Subtest: CAUSALITY_ESTABLISH_WORLD_ZONE_IMBALANCE fires when one zone is empty while another holds >=50% of world-establishing scenes
    ok 5 - CAUSALITY_ESTABLISH_WORLD_ZONE_IMBALANCE fires when one zone is empty while another holds >=50% of world-establishing scenes
      ---
      duration_ms: 0.843455
      type: 'test'
      ...
    # Subtest: CAUSALITY_ESTABLISH_WORLD_ZONE_IMBALANCE does not fire when world-establishing scenes touch every zone
    ok 6 - CAUSALITY_ESTABLISH_WORLD_ZONE_IMBALANCE does not fire when world-establishing scenes touch every zone
      ---
      duration_ms: 0.85618
      type: 'test'
      ...
    1..6
ok 1071 - Wave 881 — causalityPass: causality complicate drought run, causality climax zone imbalance, causality establish world zone imbalance
  ---
  duration_ms: 5.751946
  type: 'suite'
  ...
# Subtest: Wave 867 — causalityPass: causality complicate zone cluster, causality turn zone cluster, causality curiosity zone cluster
    # Subtest: CAUSALITY_COMPLICATE_ZONE_CLUSTER fires when >75% of complicating scenes cluster in one third
    ok 1 - CAUSALITY_COMPLICATE_ZONE_CLUSTER fires when >75% of complicating scenes cluster in one third
      ---
      duration_ms: 0.816573
      type: 'test'
      ...
    # Subtest: CAUSALITY_COMPLICATE_ZONE_CLUSTER does not fire when complicating scenes spread across thirds
    ok 2 - CAUSALITY_COMPLICATE_ZONE_CLUSTER does not fire when complicating scenes spread across thirds
      ---
      duration_ms: 0.744867
      type: 'test'
      ...
    # Subtest: CAUSALITY_TURN_ZONE_CLUSTER fires when >75% of dramatic-turn scenes cluster in one third
    ok 3 - CAUSALITY_TURN_ZONE_CLUSTER fires when >75% of dramatic-turn scenes cluster in one third
      ---
      duration_ms: 5.078313
      type: 'test'
      ...
    # Subtest: CAUSALITY_TURN_ZONE_CLUSTER does not fire when dramatic-turn scenes spread across thirds
    ok 4 - CAUSALITY_TURN_ZONE_CLUSTER does not fire when dramatic-turn scenes spread across thirds
      ---
      duration_ms: 0.874487
      type: 'test'
      ...
    # Subtest: CAUSALITY_CURIOSITY_ZONE_CLUSTER fires when >75% of curiosity-raising scenes cluster in one third
    ok 5 - CAUSALITY_CURIOSITY_ZONE_CLUSTER fires when >75% of curiosity-raising scenes cluster in one third
      ---
      duration_ms: 0.97653
      type: 'test'
      ...
    # Subtest: CAUSALITY_CURIOSITY_ZONE_CLUSTER does not fire when curiosity-raising scenes spread across thirds
    ok 6 - CAUSALITY_CURIOSITY_ZONE_CLUSTER does not fire when curiosity-raising scenes spread across thirds
      ---
      duration_ms: 0.831698
      type: 'test'
      ...
    1..6
ok 1072 - Wave 867 — causalityPass: causality complicate zone cluster, causality turn zone cluster, causality curiosity zone cluster
  ---
  duration_ms: 9.607417
  type: 'suite'
  ...
# Subtest: Wave 853 — causalityPass: causality climax drought run, causality resolution drought run, causality establish world drought run
    # Subtest: CAUSALITY_CLIMAX_DROUGHT_RUN fires when a long run has no climax-purposed scene
    ok 1 - CAUSALITY_CLIMAX_DROUGHT_RUN fires when a long run has no climax-purposed scene
      ---
      duration_ms: 1.11232
      type: 'test'
      ...
    # Subtest: CAUSALITY_CLIMAX_DROUGHT_RUN does not fire when climax-purposed scenes are evenly spread
    ok 2 - CAUSALITY_CLIMAX_DROUGHT_RUN does not fire when climax-purposed scenes are evenly spread
      ---
      duration_ms: 1.055954
      type: 'test'
      ...
    # Subtest: CAUSALITY_RESOLUTION_DROUGHT_RUN fires when a long run has no resolution-purposed scene
    ok 3 - CAUSALITY_RESOLUTION_DROUGHT_RUN fires when a long run has no resolution-purposed scene
      ---
      duration_ms: 0.936198
      type: 'test'
      ...
    # Subtest: CAUSALITY_RESOLUTION_DROUGHT_RUN does not fire when resolution-purposed scenes are evenly spread
    ok 4 - CAUSALITY_RESOLUTION_DROUGHT_RUN does not fire when resolution-purposed scenes are evenly spread
      ---
      duration_ms: 0.829756
      type: 'test'
      ...
    # Subtest: CAUSALITY_ESTABLISH_WORLD_DROUGHT_RUN fires when a long run has no world-building
    ok 5 - CAUSALITY_ESTABLISH_WORLD_DROUGHT_RUN fires when a long run has no world-building
      ---
      duration_ms: 0.934988
      type: 'test'
      ...
    # Subtest: CAUSALITY_ESTABLISH_WORLD_DROUGHT_RUN does not fire when world-establishing scenes are evenly spread
    ok 6 - CAUSALITY_ESTABLISH_WORLD_DROUGHT_RUN does not fire when world-establishing scenes are evenly spread
      ---
      duration_ms: 0.866122
      type: 'test'
      ...
    1..6
ok 1073 - Wave 853 — causalityPass: causality climax drought run, causality resolution drought run, causality establish world drought run
  ---
  duration_ms: 6.003007
  type: 'suite'
  ...
# Subtest: Wave 839 — causalityPass: causality climax zone cluster, causality resolution zone cluster, causality establish world zone cluster
    # Subtest: CAUSALITY_CLIMAX_ZONE_CLUSTER fires when >75% of climax-purposed scenes cluster in one third
    ok 1 - CAUSALITY_CLIMAX_ZONE_CLUSTER fires when >75% of climax-purposed scenes cluster in one third
      ---
      duration_ms: 0.924702
      type: 'test'
      ...
    # Subtest: CAUSALITY_CLIMAX_ZONE_CLUSTER does not fire when climax-purposed scenes spread across thirds
    ok 2 - CAUSALITY_CLIMAX_ZONE_CLUSTER does not fire when climax-purposed scenes spread across thirds
      ---
      duration_ms: 0.893112
      type: 'test'
      ...
    # Subtest: CAUSALITY_RESOLUTION_ZONE_CLUSTER fires when >75% of resolution-purposed scenes cluster in one third
    ok 3 - CAUSALITY_RESOLUTION_ZONE_CLUSTER fires when >75% of resolution-purposed scenes cluster in one third
      ---
      duration_ms: 0.838548
      type: 'test'
      ...
    # Subtest: CAUSALITY_RESOLUTION_ZONE_CLUSTER does not fire when resolution-purposed scenes spread across thirds
    ok 4 - CAUSALITY_RESOLUTION_ZONE_CLUSTER does not fire when resolution-purposed scenes spread across thirds
      ---
      duration_ms: 0.820034
      type: 'test'
      ...
    # Subtest: CAUSALITY_ESTABLISH_WORLD_ZONE_CLUSTER fires when >75% of world-establishing scenes cluster in one third
    ok 5 - CAUSALITY_ESTABLISH_WORLD_ZONE_CLUSTER fires when >75% of world-establishing scenes cluster in one third
      ---
      duration_ms: 0.788641
      type: 'test'
      ...
    # Subtest: CAUSALITY_ESTABLISH_WORLD_ZONE_CLUSTER does not fire when world-establishing scenes spread across thirds
    ok 6 - CAUSALITY_ESTABLISH_WORLD_ZONE_CLUSTER does not fire when world-establishing scenes spread across thirds
      ---
      duration_ms: 0.731756
      type: 'test'
      ...
    1..6
ok 1074 - Wave 839 — causalityPass: causality climax zone cluster, causality resolution zone cluster, causality establish world zone cluster
  ---
  duration_ms: 5.25307
  type: 'suite'
  ...
# Subtest: Wave 825 — causalityPass: causality introduce conflict drought run, causality positive emotion zone cluster, causality positive emotion drought run
    # Subtest: CAUSALITY_INTRODUCE_CONFLICT_DROUGHT_RUN fires when a long run has no new conflict
    ok 1 - CAUSALITY_INTRODUCE_CONFLICT_DROUGHT_RUN fires when a long run has no new conflict
      ---
      duration_ms: 1.034872
      type: 'test'
      ...
    # Subtest: CAUSALITY_INTRODUCE_CONFLICT_DROUGHT_RUN does not fire when conflict-introducing scenes are evenly spread
    ok 2 - CAUSALITY_INTRODUCE_CONFLICT_DROUGHT_RUN does not fire when conflict-introducing scenes are evenly spread
      ---
      duration_ms: 0.859633
      type: 'test'
      ...
    # Subtest: CAUSALITY_POSITIVE_EMOTION_ZONE_CLUSTER fires when >75% of positive-emotion scenes cluster in one third
    ok 3 - CAUSALITY_POSITIVE_EMOTION_ZONE_CLUSTER fires when >75% of positive-emotion scenes cluster in one third
      ---
      duration_ms: 0.799948
      type: 'test'
      ...
    # Subtest: CAUSALITY_POSITIVE_EMOTION_ZONE_CLUSTER does not fire when positive-emotion scenes spread across thirds
    ok 4 - CAUSALITY_POSITIVE_EMOTION_ZONE_CLUSTER does not fire when positive-emotion scenes spread across thirds
      ---
      duration_ms: 0.777502
      type: 'test'
      ...
    # Subtest: CAUSALITY_POSITIVE_EMOTION_DROUGHT_RUN fires when a long run has no positive-emotion charge
    ok 5 - CAUSALITY_POSITIVE_EMOTION_DROUGHT_RUN fires when a long run has no positive-emotion charge
      ---
      duration_ms: 0.906292
      type: 'test'
      ...
    # Subtest: CAUSALITY_POSITIVE_EMOTION_DROUGHT_RUN does not fire when positive-emotion scenes are evenly spread
    ok 6 - CAUSALITY_POSITIVE_EMOTION_DROUGHT_RUN does not fire when positive-emotion scenes are evenly spread
      ---
      duration_ms: 2.017484
      type: 'test'
      ...
    1..6
ok 1075 - Wave 825 — causalityPass: causality introduce conflict drought run, causality positive emotion zone cluster, causality positive emotion drought run
  ---
  duration_ms: 6.651285
  type: 'suite'
  ...
# Subtest: Wave 811 — causalityPass: causality turning point zone cluster, causality turning point drought run, causality introduce conflict zone cluster
    # Subtest: CAUSALITY_TURNING_POINT_ZONE_CLUSTER fires when >75% of turning-point scenes cluster in one third
    ok 1 - CAUSALITY_TURNING_POINT_ZONE_CLUSTER fires when >75% of turning-point scenes cluster in one third
      ---
      duration_ms: 0.866182
      type: 'test'
      ...
    # Subtest: CAUSALITY_TURNING_POINT_ZONE_CLUSTER does not fire when turning-point scenes spread across thirds
    ok 2 - CAUSALITY_TURNING_POINT_ZONE_CLUSTER does not fire when turning-point scenes spread across thirds
      ---
      duration_ms: 0.823805
      type: 'test'
      ...
    # Subtest: CAUSALITY_TURNING_POINT_DROUGHT_RUN fires when a long run has no turning point
    ok 3 - CAUSALITY_TURNING_POINT_DROUGHT_RUN fires when a long run has no turning point
      ---
      duration_ms: 1.210577
      type: 'test'
      ...
    # Subtest: CAUSALITY_TURNING_POINT_DROUGHT_RUN does not fire when turning points are evenly spread
    ok 4 - CAUSALITY_TURNING_POINT_DROUGHT_RUN does not fire when turning points are evenly spread
      ---
      duration_ms: 1.301948
      type: 'test'
      ...
    # Subtest: CAUSALITY_INTRODUCE_CONFLICT_ZONE_CLUSTER fires when >75% of conflict-introducing scenes cluster in one third
    ok 5 - CAUSALITY_INTRODUCE_CONFLICT_ZONE_CLUSTER fires when >75% of conflict-introducing scenes cluster in one third
      ---
      duration_ms: 0.931897
      type: 'test'
      ...
    # Subtest: CAUSALITY_INTRODUCE_CONFLICT_ZONE_CLUSTER does not fire when conflict-introducing scenes spread across thirds
    ok 6 - CAUSALITY_INTRODUCE_CONFLICT_ZONE_CLUSTER does not fire when conflict-introducing scenes spread across thirds
      ---
      duration_ms: 1.1933
      type: 'test'
      ...
    1..6
ok 1076 - Wave 811 — causalityPass: causality turning point zone cluster, causality turning point drought run, causality introduce conflict zone cluster
  ---
  duration_ms: 6.772799
  type: 'suite'
  ...
# Subtest: Wave 797 — causalityPass: causality character moment drought run, causality negative emotion zone cluster, causality negative emotion drought run
    # Subtest: CAUSALITY_CHARACTER_MOMENT_DROUGHT_RUN fires when a long run has no character moment
    ok 1 - CAUSALITY_CHARACTER_MOMENT_DROUGHT_RUN fires when a long run has no character moment
      ---
      duration_ms: 1.351881
      type: 'test'
      ...
    # Subtest: CAUSALITY_CHARACTER_MOMENT_DROUGHT_RUN does not fire when character moments are evenly spread
    ok 2 - CAUSALITY_CHARACTER_MOMENT_DROUGHT_RUN does not fire when character moments are evenly spread
      ---
      duration_ms: 2.048112
      type: 'test'
      ...
    # Subtest: CAUSALITY_NEGATIVE_EMOTION_ZONE_CLUSTER fires when >75% of negative-emotion scenes cluster in one third
    ok 3 - CAUSALITY_NEGATIVE_EMOTION_ZONE_CLUSTER fires when >75% of negative-emotion scenes cluster in one third
      ---
      duration_ms: 0.766701
      type: 'test'
      ...
    # Subtest: CAUSALITY_NEGATIVE_EMOTION_ZONE_CLUSTER does not fire when negative-emotion scenes spread across thirds
    ok 4 - CAUSALITY_NEGATIVE_EMOTION_ZONE_CLUSTER does not fire when negative-emotion scenes spread across thirds
      ---
      duration_ms: 0.769014
      type: 'test'
      ...
    # Subtest: CAUSALITY_NEGATIVE_EMOTION_DROUGHT_RUN fires when a long run has no negative-emotion charge
    ok 5 - CAUSALITY_NEGATIVE_EMOTION_DROUGHT_RUN fires when a long run has no negative-emotion charge
      ---
      duration_ms: 1.383201
      type: 'test'
      ...
    # Subtest: CAUSALITY_NEGATIVE_EMOTION_DROUGHT_RUN does not fire when negative-emotion scenes are evenly spread
    ok 6 - CAUSALITY_NEGATIVE_EMOTION_DROUGHT_RUN does not fire when negative-emotion scenes are evenly spread
      ---
      duration_ms: 1.172885
      type: 'test'
      ...
    1..6
ok 1077 - Wave 797 — causalityPass: causality character moment drought run, causality negative emotion zone cluster, causality negative emotion drought run
  ---
  duration_ms: 7.834348
  type: 'suite'
  ...
# Subtest: Wave 783 — causalityPass: causality revelation drought run, causality curiosity drought run, causality character moment zone cluster
    # Subtest: CAUSALITY_REVELATION_DROUGHT_RUN fires when a long run has no revelation
    ok 1 - CAUSALITY_REVELATION_DROUGHT_RUN fires when a long run has no revelation
      ---
      duration_ms: 1.157836
      type: 'test'
      ...
    # Subtest: CAUSALITY_REVELATION_DROUGHT_RUN does not fire when revelations are evenly spread
    ok 2 - CAUSALITY_REVELATION_DROUGHT_RUN does not fire when revelations are evenly spread
      ---
      duration_ms: 1.444204
      type: 'test'
      ...
    # Subtest: CAUSALITY_CURIOSITY_DROUGHT_RUN fires when a long run has no rising curiosity
    ok 3 - CAUSALITY_CURIOSITY_DROUGHT_RUN fires when a long run has no rising curiosity
      ---
      duration_ms: 1.271922
      type: 'test'
      ...
    # Subtest: CAUSALITY_CURIOSITY_DROUGHT_RUN does not fire when curiosity rises are evenly spread
    ok 4 - CAUSALITY_CURIOSITY_DROUGHT_RUN does not fire when curiosity rises are evenly spread
      ---
      duration_ms: 1.148739
      type: 'test'
      ...
    # Subtest: CAUSALITY_CHARACTER_MOMENT_ZONE_CLUSTER fires when >75% of character-moment scenes cluster in one third
    ok 5 - CAUSALITY_CHARACTER_MOMENT_ZONE_CLUSTER fires when >75% of character-moment scenes cluster in one third
      ---
      duration_ms: 1.017169
      type: 'test'
      ...
    # Subtest: CAUSALITY_CHARACTER_MOMENT_ZONE_CLUSTER does not fire when character-moment scenes spread across thirds
    ok 6 - CAUSALITY_CHARACTER_MOMENT_ZONE_CLUSTER does not fire when character-moment scenes spread across thirds
      ---
      duration_ms: 0.9576
      type: 'test'
      ...
    1..6
ok 1078 - Wave 783 — causalityPass: causality revelation drought run, causality curiosity drought run, causality character moment zone cluster
  ---
  duration_ms: 7.254294
  type: 'suite'
  ...
# Subtest: Wave 769 — causalityPass: causality turn drought run, causality revelation zone cluster, causality revelation peak uncaused
    # Subtest: CAUSALITY_TURN_DROUGHT_RUN fires when a long run has no dramatic turn
    ok 1 - CAUSALITY_TURN_DROUGHT_RUN fires when a long run has no dramatic turn
      ---
      duration_ms: 1.477912
      type: 'test'
      ...
    # Subtest: CAUSALITY_TURN_DROUGHT_RUN does not fire when dramatic turns are evenly spread
    ok 2 - CAUSALITY_TURN_DROUGHT_RUN does not fire when dramatic turns are evenly spread
      ---
      duration_ms: 1.328994
      type: 'test'
      ...
    # Subtest: CAUSALITY_REVELATION_ZONE_CLUSTER fires when >75% of revelation scenes cluster in one third
    ok 3 - CAUSALITY_REVELATION_ZONE_CLUSTER fires when >75% of revelation scenes cluster in one third
      ---
      duration_ms: 1.046792
      type: 'test'
      ...
    # Subtest: CAUSALITY_REVELATION_ZONE_CLUSTER does not fire when revelation scenes spread across thirds
    ok 4 - CAUSALITY_REVELATION_ZONE_CLUSTER does not fire when revelation scenes spread across thirds
      ---
      duration_ms: 0.863916
      type: 'test'
      ...
    # Subtest: CAUSALITY_REVELATION_PEAK_UNCAUSED fires when the peak revelation scene has no dramatic turn nearby
    ok 5 - CAUSALITY_REVELATION_PEAK_UNCAUSED fires when the peak revelation scene has no dramatic turn nearby
      ---
      duration_ms: 0.872387
      type: 'test'
      ...
    # Subtest: CAUSALITY_REVELATION_PEAK_UNCAUSED does not fire when a dramatic turn precedes the peak revelation
    ok 6 - CAUSALITY_REVELATION_PEAK_UNCAUSED does not fire when a dramatic turn precedes the peak revelation
      ---
      duration_ms: 0.828787
      type: 'test'
      ...
    1..6
ok 1079 - Wave 769 — causalityPass: causality turn drought run, causality revelation zone cluster, causality revelation peak uncaused
  ---
  duration_ms: 6.689419
  type: 'suite'
  ...
# Subtest: Wave 755 — causalityPass: causality payoff zone cluster, causality clock drought run, causality suspense drought run
    # Subtest: CAUSALITY_PAYOFF_ZONE_CLUSTER fires when >75% of payoff scenes cluster in one third
    ok 1 - CAUSALITY_PAYOFF_ZONE_CLUSTER fires when >75% of payoff scenes cluster in one third
      ---
      duration_ms: 1.090554
      type: 'test'
      ...
    # Subtest: CAUSALITY_PAYOFF_ZONE_CLUSTER does not fire when payoff scenes are distributed across thirds
    ok 2 - CAUSALITY_PAYOFF_ZONE_CLUSTER does not fire when payoff scenes are distributed across thirds
      ---
      duration_ms: 0.946496
      type: 'test'
      ...
    # Subtest: CAUSALITY_CLOCK_DROUGHT_RUN fires when the longest no-clock-raised run is ≥6
    ok 3 - CAUSALITY_CLOCK_DROUGHT_RUN fires when the longest no-clock-raised run is ≥6
      ---
      duration_ms: 1.030737
      type: 'test'
      ...
    # Subtest: CAUSALITY_CLOCK_DROUGHT_RUN does not fire when clock raises are distributed without a long drought
    ok 4 - CAUSALITY_CLOCK_DROUGHT_RUN does not fire when clock raises are distributed without a long drought
      ---
      duration_ms: 0.901399
      type: 'test'
      ...
    # Subtest: CAUSALITY_SUSPENSE_DROUGHT_RUN fires when the longest no-rising-suspense run reaches 6
    ok 5 - CAUSALITY_SUSPENSE_DROUGHT_RUN fires when the longest no-rising-suspense run reaches 6
      ---
      duration_ms: 0.884645
      type: 'test'
      ...
    # Subtest: CAUSALITY_SUSPENSE_DROUGHT_RUN does not fire when rising suspense is spread through the story
    ok 6 - CAUSALITY_SUSPENSE_DROUGHT_RUN does not fire when rising suspense is spread through the story
      ---
      duration_ms: 1.010466
      type: 'test'
      ...
    1..6
ok 1080 - Wave 755 — causalityPass: causality payoff zone cluster, causality clock drought run, causality suspense drought run
  ---
  duration_ms: 6.120167
  type: 'suite'
  ...
# Subtest: Wave 741 — causalityPass: causality clock delta zone cluster, causality relationship zone cluster, causality payoff peak uncaused
    # Subtest: CAUSALITY_CLOCK_DELTA_ZONE_CLUSTER fires when >75% of clock-shifting scenes cluster in one third
    ok 1 - CAUSALITY_CLOCK_DELTA_ZONE_CLUSTER fires when >75% of clock-shifting scenes cluster in one third
      ---
      duration_ms: 0.883774
      type: 'test'
      ...
    # Subtest: CAUSALITY_CLOCK_DELTA_ZONE_CLUSTER does not fire when clock movement is distributed across thirds
    ok 2 - CAUSALITY_CLOCK_DELTA_ZONE_CLUSTER does not fire when clock movement is distributed across thirds
      ---
      duration_ms: 0.80474
      type: 'test'
      ...
    # Subtest: CAUSALITY_RELATIONSHIP_ZONE_CLUSTER fires when >75% of relationship-shift scenes cluster in one third
    ok 3 - CAUSALITY_RELATIONSHIP_ZONE_CLUSTER fires when >75% of relationship-shift scenes cluster in one third
      ---
      duration_ms: 0.865294
      type: 'test'
      ...
    # Subtest: CAUSALITY_RELATIONSHIP_ZONE_CLUSTER does not fire when relationship-shift scenes are distributed across thirds
    ok 4 - CAUSALITY_RELATIONSHIP_ZONE_CLUSTER does not fire when relationship-shift scenes are distributed across thirds
      ---
      duration_ms: 0.942065
      type: 'test'
      ...
    # Subtest: CAUSALITY_PAYOFF_PEAK_UNCAUSED fires when the peak payoff scene has no dramatic turn or revelation nearby
    ok 5 - CAUSALITY_PAYOFF_PEAK_UNCAUSED fires when the peak payoff scene has no dramatic turn or revelation nearby
      ---
      duration_ms: 0.807445
      type: 'test'
      ...
    # Subtest: CAUSALITY_PAYOFF_PEAK_UNCAUSED does not fire when a dramatic turn precedes the peak within the lookback
    ok 6 - CAUSALITY_PAYOFF_PEAK_UNCAUSED does not fire when a dramatic turn precedes the peak within the lookback
      ---
      duration_ms: 0.809638
      type: 'test'
      ...
    1..6
ok 1081 - Wave 741 — causalityPass: causality clock delta zone cluster, causality relationship zone cluster, causality payoff peak uncaused
  ---
  duration_ms: 5.367654
  type: 'suite'
  ...
# Subtest: Wave 727 — causalityPass: causality clock delta drought run, causality relationship peak uncaused, causality seed drought run
    # Subtest: CAUSALITY_CLOCK_DELTA_DROUGHT_RUN fires when the longest no-clock-movement run reaches 6
    ok 1 - CAUSALITY_CLOCK_DELTA_DROUGHT_RUN fires when the longest no-clock-movement run reaches 6
      ---
      duration_ms: 5.290486
      type: 'test'
      ...
    # Subtest: CAUSALITY_CLOCK_DELTA_DROUGHT_RUN does not fire when clock movement is spread through the story
    ok 2 - CAUSALITY_CLOCK_DELTA_DROUGHT_RUN does not fire when clock movement is spread through the story
      ---
      duration_ms: 0.977249
      type: 'test'
      ...
    # Subtest: CAUSALITY_RELATIONSHIP_PEAK_UNCAUSED fires when the peak relationship-shift scene has no dramatic turn or revelation nearby
    ok 3 - CAUSALITY_RELATIONSHIP_PEAK_UNCAUSED fires when the peak relationship-shift scene has no dramatic turn or revelation nearby
      ---
      duration_ms: 0.770998
      type: 'test'
      ...
    # Subtest: CAUSALITY_RELATIONSHIP_PEAK_UNCAUSED does not fire when a dramatic turn precedes the peak within the lookback
    ok 4 - CAUSALITY_RELATIONSHIP_PEAK_UNCAUSED does not fire when a dramatic turn precedes the peak within the lookback
      ---
      duration_ms: 0.732599
      type: 'test'
      ...
    # Subtest: CAUSALITY_SEED_DROUGHT_RUN fires when the longest no-new-clues run reaches 6
    ok 5 - CAUSALITY_SEED_DROUGHT_RUN fires when the longest no-new-clues run reaches 6
      ---
      duration_ms: 0.935456
      type: 'test'
      ...
    # Subtest: CAUSALITY_SEED_DROUGHT_RUN does not fire when new clues are seeded throughout the story
    ok 6 - CAUSALITY_SEED_DROUGHT_RUN does not fire when new clues are seeded throughout the story
      ---
      duration_ms: 0.889814
      type: 'test'
      ...
    1..6
ok 1082 - Wave 727 — causalityPass: causality clock delta drought run, causality relationship peak uncaused, causality seed drought run
  ---
  duration_ms: 10.090986
  type: 'suite'
  ...
# Subtest: Wave 713 — causalityPass: causality open thread zone cluster, causality stakes drought run, causality seed peak uncaused
    # Subtest: CAUSALITY_OPEN_THREAD_ZONE_CLUSTER fires when >75% of open-thread scenes cluster in one third
    ok 1 - CAUSALITY_OPEN_THREAD_ZONE_CLUSTER fires when >75% of open-thread scenes cluster in one third
      ---
      duration_ms: 0.96751
      type: 'test'
      ...
    # Subtest: CAUSALITY_OPEN_THREAD_ZONE_CLUSTER does not fire when open-thread scenes are distributed across thirds
    ok 2 - CAUSALITY_OPEN_THREAD_ZONE_CLUSTER does not fire when open-thread scenes are distributed across thirds
      ---
      duration_ms: 0.73439
      type: 'test'
      ...
    # Subtest: CAUSALITY_STAKES_DROUGHT_RUN fires when the longest no-stakes-raising run is ≥6
    ok 3 - CAUSALITY_STAKES_DROUGHT_RUN fires when the longest no-stakes-raising run is ≥6
      ---
      duration_ms: 0.901184
      type: 'test'
      ...
    # Subtest: CAUSALITY_STAKES_DROUGHT_RUN does not fire when stakes-raising scenes are distributed without a long drought
    ok 4 - CAUSALITY_STAKES_DROUGHT_RUN does not fire when stakes-raising scenes are distributed without a long drought
      ---
      duration_ms: 0.870499
      type: 'test'
      ...
    # Subtest: CAUSALITY_SEED_PEAK_UNCAUSED fires when the peak seed scene has no dramatic turn or revelation nearby
    ok 5 - CAUSALITY_SEED_PEAK_UNCAUSED fires when the peak seed scene has no dramatic turn or revelation nearby
      ---
      duration_ms: 0.930451
      type: 'test'
      ...
    # Subtest: CAUSALITY_SEED_PEAK_UNCAUSED does not fire when a dramatic turn precedes the peak within the lookback
    ok 6 - CAUSALITY_SEED_PEAK_UNCAUSED does not fire when a dramatic turn precedes the peak within the lookback
      ---
      duration_ms: 0.804433
      type: 'test'
      ...
    1..6
ok 1083 - Wave 713 — causalityPass: causality open thread zone cluster, causality stakes drought run, causality seed peak uncaused
  ---
  duration_ms: 5.463268
  type: 'suite'
  ...
# Subtest: Wave 699 — causalityPass: causality clock zone cluster, causality relationship drought run, causality suspense peak uncaused
    # Subtest: CAUSALITY_CLOCK_ZONE_CLUSTER fires when >75% of clock-raised scenes cluster in one third
    ok 1 - CAUSALITY_CLOCK_ZONE_CLUSTER fires when >75% of clock-raised scenes cluster in one third
      ---
      duration_ms: 1.073553
      type: 'test'
      ...
    # Subtest: CAUSALITY_CLOCK_ZONE_CLUSTER does not fire when clock-raised scenes are distributed across thirds
    ok 2 - CAUSALITY_CLOCK_ZONE_CLUSTER does not fire when clock-raised scenes are distributed across thirds
      ---
      duration_ms: 0.834638
      type: 'test'
      ...
    # Subtest: CAUSALITY_RELATIONSHIP_DROUGHT_RUN fires when the longest no-shift run is ≥6
    ok 3 - CAUSALITY_RELATIONSHIP_DROUGHT_RUN fires when the longest no-shift run is ≥6
      ---
      duration_ms: 1.182144
      type: 'test'
      ...
    # Subtest: CAUSALITY_RELATIONSHIP_DROUGHT_RUN does not fire when shifts are distributed without a long drought
    ok 4 - CAUSALITY_RELATIONSHIP_DROUGHT_RUN does not fire when shifts are distributed without a long drought
      ---
      duration_ms: 1.710484
      type: 'test'
      ...
    # Subtest: CAUSALITY_SUSPENSE_PEAK_UNCAUSED fires when the peak suspense-spike scene has no dramatic turn or revelation nearby
    ok 5 - CAUSALITY_SUSPENSE_PEAK_UNCAUSED fires when the peak suspense-spike scene has no dramatic turn or revelation nearby
      ---
      duration_ms: 0.753238
      type: 'test'
      ...
    # Subtest: CAUSALITY_SUSPENSE_PEAK_UNCAUSED does not fire when a dramatic turn precedes the peak within the lookback
    ok 6 - CAUSALITY_SUSPENSE_PEAK_UNCAUSED does not fire when a dramatic turn precedes the peak within the lookback
      ---
      duration_ms: 0.896703
      type: 'test'
      ...
    1..6
ok 1084 - Wave 699 — causalityPass: causality clock zone cluster, causality relationship drought run, causality suspense peak uncaused
  ---
  duration_ms: 6.721143
  type: 'suite'
  ...
# Subtest: Wave 685 — causalityPass: causality clock delta peak uncaused, causality payoff drought run, causality seed zone cluster
    # Subtest: CAUSALITY_CLOCK_DELTA_PEAK_UNCAUSED fires when the peak clock-delta scene has no dramatic turn or revelation nearby
    ok 1 - CAUSALITY_CLOCK_DELTA_PEAK_UNCAUSED fires when the peak clock-delta scene has no dramatic turn or revelation nearby
      ---
      duration_ms: 0.924728
      type: 'test'
      ...
    # Subtest: CAUSALITY_CLOCK_DELTA_PEAK_UNCAUSED does not fire when a revelation precedes the peak within the lookback
    ok 2 - CAUSALITY_CLOCK_DELTA_PEAK_UNCAUSED does not fire when a revelation precedes the peak within the lookback
      ---
      duration_ms: 0.855234
      type: 'test'
      ...
    # Subtest: CAUSALITY_PAYOFF_DROUGHT_RUN fires when the longest no-payoff run is ≥6
    ok 3 - CAUSALITY_PAYOFF_DROUGHT_RUN fires when the longest no-payoff run is ≥6
      ---
      duration_ms: 0.892185
      type: 'test'
      ...
    # Subtest: CAUSALITY_PAYOFF_DROUGHT_RUN does not fire when payoffs are distributed without a long drought
    ok 4 - CAUSALITY_PAYOFF_DROUGHT_RUN does not fire when payoffs are distributed without a long drought
      ---
      duration_ms: 0.913761
      type: 'test'
      ...
    # Subtest: CAUSALITY_SEED_ZONE_CLUSTER fires when >75% of seed scenes cluster in one third
    ok 5 - CAUSALITY_SEED_ZONE_CLUSTER fires when >75% of seed scenes cluster in one third
      ---
      duration_ms: 0.980823
      type: 'test'
      ...
    # Subtest: CAUSALITY_SEED_ZONE_CLUSTER does not fire when seed scenes are distributed across thirds
    ok 6 - CAUSALITY_SEED_ZONE_CLUSTER does not fire when seed scenes are distributed across thirds
      ---
      duration_ms: 0.761029
      type: 'test'
      ...
    1..6
ok 1085 - Wave 685 — causalityPass: causality clock delta peak uncaused, causality payoff drought run, causality seed zone cluster
  ---
  duration_ms: 5.642643
  type: 'suite'
  ...
# Subtest: Wave 671 — causalityPass: causality highlight drought run, causality open thread peak uncaused, causality stakes zone cluster
    # Subtest: CAUSALITY_HIGHLIGHT_DROUGHT_RUN fires when the longest no-highlighted-dialogue run is ≥6
    ok 1 - CAUSALITY_HIGHLIGHT_DROUGHT_RUN fires when the longest no-highlighted-dialogue run is ≥6
      ---
      duration_ms: 0.97286
      type: 'test'
      ...
    # Subtest: CAUSALITY_HIGHLIGHT_DROUGHT_RUN does not fire when highlighted dialogue is distributed without a long drought
    ok 2 - CAUSALITY_HIGHLIGHT_DROUGHT_RUN does not fire when highlighted dialogue is distributed without a long drought
      ---
      duration_ms: 0.773562
      type: 'test'
      ...
    # Subtest: CAUSALITY_OPEN_THREAD_PEAK_UNCAUSED fires when the peak open-thread scene has no dramatic turn or revelation nearby
    ok 3 - CAUSALITY_OPEN_THREAD_PEAK_UNCAUSED fires when the peak open-thread scene has no dramatic turn or revelation nearby
      ---
      duration_ms: 0.903095
      type: 'test'
      ...
    # Subtest: CAUSALITY_OPEN_THREAD_PEAK_UNCAUSED does not fire when a dramatic turn precedes the peak within the lookback
    ok 4 - CAUSALITY_OPEN_THREAD_PEAK_UNCAUSED does not fire when a dramatic turn precedes the peak within the lookback
      ---
      duration_ms: 0.759724
      type: 'test'
      ...
    # Subtest: CAUSALITY_STAKES_ZONE_CLUSTER fires when >75% of stakes-raising scenes cluster in one third
    ok 5 - CAUSALITY_STAKES_ZONE_CLUSTER fires when >75% of stakes-raising scenes cluster in one third
      ---
      duration_ms: 0.803825
      type: 'test'
      ...
    # Subtest: CAUSALITY_STAKES_ZONE_CLUSTER does not fire when stakes-raising scenes are distributed across thirds
    ok 6 - CAUSALITY_STAKES_ZONE_CLUSTER does not fire when stakes-raising scenes are distributed across thirds
      ---
      duration_ms: 0.785206
      type: 'test'
      ...
    1..6
ok 1086 - Wave 671 — causalityPass: causality highlight drought run, causality open thread peak uncaused, causality stakes zone cluster
  ---
  duration_ms: 5.250218
  type: 'suite'
  ...
# Subtest: Wave 657 — causalityPass: causality highlight peak uncaused, causality open thread drought run, causal staging zone cluster
    # Subtest: CAUSALITY_HIGHLIGHT_PEAK_UNCAUSED fires when the peak highlighted-dialogue scene has no dramatic turn or revelation nearby
    ok 1 - CAUSALITY_HIGHLIGHT_PEAK_UNCAUSED fires when the peak highlighted-dialogue scene has no dramatic turn or revelation nearby
      ---
      duration_ms: 0.931076
      type: 'test'
      ...
    # Subtest: CAUSALITY_HIGHLIGHT_PEAK_UNCAUSED does not fire when a dramatic turn precedes the peak within the lookback
    ok 2 - CAUSALITY_HIGHLIGHT_PEAK_UNCAUSED does not fire when a dramatic turn precedes the peak within the lookback
      ---
      duration_ms: 0.754443
      type: 'test'
      ...
    # Subtest: CAUSALITY_OPEN_THREAD_DROUGHT_RUN fires when the longest no-debt run is ≥6
    ok 3 - CAUSALITY_OPEN_THREAD_DROUGHT_RUN fires when the longest no-debt run is ≥6
      ---
      duration_ms: 0.936569
      type: 'test'
      ...
    # Subtest: CAUSALITY_OPEN_THREAD_DROUGHT_RUN does not fire when debt is distributed without a long drought
    ok 4 - CAUSALITY_OPEN_THREAD_DROUGHT_RUN does not fire when debt is distributed without a long drought
      ---
      duration_ms: 0.830038
      type: 'test'
      ...
    # Subtest: CAUSAL_STAGING_ZONE_CLUSTER fires when >75% of visually dense scenes cluster in one third
    ok 5 - CAUSAL_STAGING_ZONE_CLUSTER fires when >75% of visually dense scenes cluster in one third
      ---
      duration_ms: 0.846621
      type: 'test'
      ...
    # Subtest: CAUSAL_STAGING_ZONE_CLUSTER does not fire when visually dense scenes are distributed across thirds
    ok 6 - CAUSAL_STAGING_ZONE_CLUSTER does not fire when visually dense scenes are distributed across thirds
      ---
      duration_ms: 0.908211
      type: 'test'
      ...
    1..6
ok 1087 - Wave 657 — causalityPass: causality highlight peak uncaused, causality open thread drought run, causal staging zone cluster
  ---
  duration_ms: 5.528735
  type: 'suite'
  ...
# Subtest: Wave 643 — causalityPass: causality visual beat drought run, causal highlight zone cluster, causality open thread curiosity decoupled
    # Subtest: CAUSALITY_VISUAL_BEAT_DROUGHT_RUN fires when the longest no-staging run is ≥6
    ok 1 - CAUSALITY_VISUAL_BEAT_DROUGHT_RUN fires when the longest no-staging run is ≥6
      ---
      duration_ms: 1.079144
      type: 'test'
      ...
    # Subtest: CAUSALITY_VISUAL_BEAT_DROUGHT_RUN does not fire when staging is distributed without a long drought
    ok 2 - CAUSALITY_VISUAL_BEAT_DROUGHT_RUN does not fire when staging is distributed without a long drought
      ---
      duration_ms: 0.795767
      type: 'test'
      ...
    # Subtest: CAUSAL_HIGHLIGHT_ZONE_CLUSTER fires when >75% of highlighted-dialogue scenes cluster in one third
    ok 3 - CAUSAL_HIGHLIGHT_ZONE_CLUSTER fires when >75% of highlighted-dialogue scenes cluster in one third
      ---
      duration_ms: 0.781586
      type: 'test'
      ...
    # Subtest: CAUSAL_HIGHLIGHT_ZONE_CLUSTER does not fire when highlighted-dialogue scenes are distributed across thirds
    ok 4 - CAUSAL_HIGHLIGHT_ZONE_CLUSTER does not fire when highlighted-dialogue scenes are distributed across thirds
      ---
      duration_ms: 0.83305
      type: 'test'
      ...
    # Subtest: CAUSALITY_OPEN_THREAD_CURIOSITY_DECOUPLED fires when open-thread scenes and rising-curiosity scenes never overlap
    ok 5 - CAUSALITY_OPEN_THREAD_CURIOSITY_DECOUPLED fires when open-thread scenes and rising-curiosity scenes never overlap
      ---
      duration_ms: 0.672293
      type: 'test'
      ...
    # Subtest: CAUSALITY_OPEN_THREAD_CURIOSITY_DECOUPLED does not fire when a scene carries both signals
    ok 6 - CAUSALITY_OPEN_THREAD_CURIOSITY_DECOUPLED does not fire when a scene carries both signals
      ---
      duration_ms: 0.347425
      type: 'test'
      ...
    1..6
ok 1088 - Wave 643 — causalityPass: causality visual beat drought run, causal highlight zone cluster, causality open thread curiosity decoupled
  ---
  duration_ms: 4.755362
  type: 'suite'
  ...
# Subtest: Wave 629 — causalityPass: causal highlight open thread decoupled, visual beat dialogue highlight aftermath void, causality open thread zone imbalance
    # Subtest: CAUSAL_HIGHLIGHT_OPEN_THREAD_DECOUPLED fires when dialogue-highlight scenes and open-thread scenes never overlap
    ok 1 - CAUSAL_HIGHLIGHT_OPEN_THREAD_DECOUPLED fires when dialogue-highlight scenes and open-thread scenes never overlap
      ---
      duration_ms: 0.686201
      type: 'test'
      ...
    # Subtest: CAUSAL_HIGHLIGHT_OPEN_THREAD_DECOUPLED does not fire when a scene carries both signals
    ok 2 - CAUSAL_HIGHLIGHT_OPEN_THREAD_DECOUPLED does not fire when a scene carries both signals
      ---
      duration_ms: 0.333518
      type: 'test'
      ...
    # Subtest: VISUAL_BEAT_DIALOGUE_HIGHLIGHT_AFTERMATH_VOID fires when no visually-staged scene is followed by a dialogue highlight within 2 scenes
    ok 3 - VISUAL_BEAT_DIALOGUE_HIGHLIGHT_AFTERMATH_VOID fires when no visually-staged scene is followed by a dialogue highlight within 2 scenes
      ---
      duration_ms: 0.748241
      type: 'test'
      ...
    # Subtest: VISUAL_BEAT_DIALOGUE_HIGHLIGHT_AFTERMATH_VOID does not fire when a trigger window contains a dialogue highlight
    ok 4 - VISUAL_BEAT_DIALOGUE_HIGHLIGHT_AFTERMATH_VOID does not fire when a trigger window contains a dialogue highlight
      ---
      duration_ms: 0.807343
      type: 'test'
      ...
    # Subtest: CAUSALITY_OPEN_THREAD_ZONE_IMBALANCE fires when one zone is empty of open-thread scenes while another is bloated
    ok 5 - CAUSALITY_OPEN_THREAD_ZONE_IMBALANCE fires when one zone is empty of open-thread scenes while another is bloated
      ---
      duration_ms: 0.871155
      type: 'test'
      ...
    # Subtest: CAUSALITY_OPEN_THREAD_ZONE_IMBALANCE does not fire when open-thread scenes are spread across all zones
    ok 6 - CAUSALITY_OPEN_THREAD_ZONE_IMBALANCE does not fire when open-thread scenes are spread across all zones
      ---
      duration_ms: 0.83244
      type: 'test'
      ...
    1..6
ok 1089 - Wave 629 — causalityPass: causal highlight open thread decoupled, visual beat dialogue highlight aftermath void, causality open thread zone imbalance
  ---
  duration_ms: 4.530257
  type: 'suite'
  ...
# Subtest: Wave 615 — causalityPass: visual beat causality zone imbalance, open thread dramatic turn decoupled, visual beat peak uncaused
    # Subtest: VISUAL_BEAT_CAUSALITY_ZONE_IMBALANCE fires when one zone is empty of visually dense scenes while another is bloated
    ok 1 - VISUAL_BEAT_CAUSALITY_ZONE_IMBALANCE fires when one zone is empty of visually dense scenes while another is bloated
      ---
      duration_ms: 1.13664
      type: 'test'
      ...
    # Subtest: VISUAL_BEAT_CAUSALITY_ZONE_IMBALANCE does not fire when every zone has a visually dense scene
    ok 2 - VISUAL_BEAT_CAUSALITY_ZONE_IMBALANCE does not fire when every zone has a visually dense scene
      ---
      duration_ms: 0.972364
      type: 'test'
      ...
    # Subtest: OPEN_THREAD_DRAMATIC_TURN_DECOUPLED fires when open-thread scenes and dramatic-turn scenes never overlap
    ok 3 - OPEN_THREAD_DRAMATIC_TURN_DECOUPLED fires when open-thread scenes and dramatic-turn scenes never overlap
      ---
      duration_ms: 0.80217
      type: 'test'
      ...
    # Subtest: OPEN_THREAD_DRAMATIC_TURN_DECOUPLED does not fire when a scene carries both signals
    ok 4 - OPEN_THREAD_DRAMATIC_TURN_DECOUPLED does not fire when a scene carries both signals
      ---
      duration_ms: 0.776185
      type: 'test'
      ...
    # Subtest: VISUAL_BEAT_PEAK_UNCAUSED fires when the peak physical-staging scene has no dramatic turn or revelation nearby
    ok 5 - VISUAL_BEAT_PEAK_UNCAUSED fires when the peak physical-staging scene has no dramatic turn or revelation nearby
      ---
      duration_ms: 0.711307
      type: 'test'
      ...
    # Subtest: VISUAL_BEAT_PEAK_UNCAUSED does not fire when a dramatic turn precedes the peak within the lookback
    ok 6 - VISUAL_BEAT_PEAK_UNCAUSED does not fire when a dramatic turn precedes the peak within the lookback
      ---
      duration_ms: 0.843313
      type: 'test'
      ...
    1..6
ok 1090 - Wave 615 — causalityPass: visual beat causality zone imbalance, open thread dramatic turn decoupled, visual beat peak uncaused
  ---
  duration_ms: 5.497597
  type: 'suite'
  ...
# Subtest: Wave 601 — causalityPass: stated belief revelation decoupled, stated belief dramatic-turn aftermath void, stated belief zone imbalance
    # Subtest: STATED_BELIEF_REVELATION_DECOUPLED fires when no belief-assertion scene coincides with a revelation
    ok 1 - STATED_BELIEF_REVELATION_DECOUPLED fires when no belief-assertion scene coincides with a revelation
      ---
      duration_ms: 0.821462
      type: 'test'
      ...
    # Subtest: STATED_BELIEF_REVELATION_DECOUPLED does not fire when a belief-assertion scene also carries a revelation
    ok 2 - STATED_BELIEF_REVELATION_DECOUPLED does not fire when a belief-assertion scene also carries a revelation
      ---
      duration_ms: 0.677875
      type: 'test'
      ...
    # Subtest: STATED_BELIEF_DRAMATIC_TURN_AFTERMATH_VOID fires when no belief-assertion scene is followed by a dramatic turn within 2 scenes
    ok 3 - STATED_BELIEF_DRAMATIC_TURN_AFTERMATH_VOID fires when no belief-assertion scene is followed by a dramatic turn within 2 scenes
      ---
      duration_ms: 0.847512
      type: 'test'
      ...
    # Subtest: STATED_BELIEF_DRAMATIC_TURN_AFTERMATH_VOID does not fire when a belief-assertion scene is followed by a dramatic turn within 2 scenes
    ok 4 - STATED_BELIEF_DRAMATIC_TURN_AFTERMATH_VOID does not fire when a belief-assertion scene is followed by a dramatic turn within 2 scenes
      ---
      duration_ms: 0.803962
      type: 'test'
      ...
    # Subtest: STATED_BELIEF_ZONE_IMBALANCE fires when one zone has zero belief-assertion scenes and another has ≥50%
    ok 5 - STATED_BELIEF_ZONE_IMBALANCE fires when one zone has zero belief-assertion scenes and another has ≥50%
      ---
      duration_ms: 0.894803
      type: 'test'
      ...
    # Subtest: STATED_BELIEF_ZONE_IMBALANCE does not fire when belief-assertion scenes are spread across all zones
    ok 6 - STATED_BELIEF_ZONE_IMBALANCE does not fire when belief-assertion scenes are spread across all zones
      ---
      duration_ms: 0.796813
      type: 'test'
      ...
    1..6
ok 1091 - Wave 601 — causalityPass: stated belief revelation decoupled, stated belief dramatic-turn aftermath void, stated belief zone imbalance
  ---
  duration_ms: 5.165044
  type: 'suite'
  ...
# Subtest: Wave 587 — causalityPass: dramatic-turn suspense aftermath void, clock curiosity aftermath void, payoff closing-third absent
    # Subtest: DRAMATIC_TURN_SUSPENSE_AFTERMATH_VOID fires when no dramatic turn is followed by a suspense rise
    ok 1 - DRAMATIC_TURN_SUSPENSE_AFTERMATH_VOID fires when no dramatic turn is followed by a suspense rise
      ---
      duration_ms: 1.417552
      type: 'test'
      ...
    # Subtest: DRAMATIC_TURN_SUSPENSE_AFTERMATH_VOID does not fire when a dramatic turn is followed by a suspense rise
    ok 2 - DRAMATIC_TURN_SUSPENSE_AFTERMATH_VOID does not fire when a dramatic turn is followed by a suspense rise
      ---
      duration_ms: 0.90177
      type: 'test'
      ...
    # Subtest: CLOCK_CURIOSITY_AFTERMATH_VOID fires when no clock raise is followed by a curiosity spike
    ok 3 - CLOCK_CURIOSITY_AFTERMATH_VOID fires when no clock raise is followed by a curiosity spike
      ---
      duration_ms: 1.057027
      type: 'test'
      ...
    # Subtest: CLOCK_CURIOSITY_AFTERMATH_VOID does not fire when a clock raise is followed by a curiosity spike
    ok 4 - CLOCK_CURIOSITY_AFTERMATH_VOID does not fire when a clock raise is followed by a curiosity spike
      ---
      duration_ms: 1.01728
      type: 'test'
      ...
    # Subtest: PAYOFF_CLOSING_THIRD_ABSENT fires when payoffs exist but none are in the closing third
    ok 5 - PAYOFF_CLOSING_THIRD_ABSENT fires when payoffs exist but none are in the closing third
      ---
      duration_ms: 0.839819
      type: 'test'
      ...
    # Subtest: PAYOFF_CLOSING_THIRD_ABSENT does not fire when a payoff appears in the closing third
    ok 6 - PAYOFF_CLOSING_THIRD_ABSENT does not fire when a payoff appears in the closing third
      ---
      duration_ms: 0.874765
      type: 'test'
      ...
    1..6
ok 1092 - Wave 587 — causalityPass: dramatic-turn suspense aftermath void, clock curiosity aftermath void, payoff closing-third absent
  ---
  duration_ms: 6.363397
  type: 'suite'
  ...
# Subtest: Wave 573 — causalityPass: relationship opening third absent, suspense temporal cluster, curiosity temporal cluster
    # Subtest: RELATIONSHIP_OPENING_THIRD_ABSENT fires when ≥3 relShift scenes all outside the opening third
    ok 1 - RELATIONSHIP_OPENING_THIRD_ABSENT fires when ≥3 relShift scenes all outside the opening third
      ---
      duration_ms: 1.287026
      type: 'test'
      ...
    # Subtest: RELATIONSHIP_OPENING_THIRD_ABSENT does not fire when a relShift exists in the opening third
    ok 2 - RELATIONSHIP_OPENING_THIRD_ABSENT does not fire when a relShift exists in the opening third
      ---
      duration_ms: 0.870966
      type: 'test'
      ...
    # Subtest: SUSPENSE_TEMPORAL_CLUSTER fires when >75% of suspense scenes cluster in one third
    ok 3 - SUSPENSE_TEMPORAL_CLUSTER fires when >75% of suspense scenes cluster in one third
      ---
      duration_ms: 0.751788
      type: 'test'
      ...
    # Subtest: SUSPENSE_TEMPORAL_CLUSTER does not fire when suspense is distributed across thirds
    ok 4 - SUSPENSE_TEMPORAL_CLUSTER does not fire when suspense is distributed across thirds
      ---
      duration_ms: 0.817014
      type: 'test'
      ...
    # Subtest: CURIOSITY_TEMPORAL_CLUSTER fires when >75% of curiosity scenes cluster in one third
    ok 5 - CURIOSITY_TEMPORAL_CLUSTER fires when >75% of curiosity scenes cluster in one third
      ---
      duration_ms: 0.963803
      type: 'test'
      ...
    # Subtest: CURIOSITY_TEMPORAL_CLUSTER does not fire when curiosity is distributed across thirds
    ok 6 - CURIOSITY_TEMPORAL_CLUSTER does not fire when curiosity is distributed across thirds
      ---
      duration_ms: 0.775192
      type: 'test'
      ...
    1..6
ok 1093 - Wave 573 — causalityPass: relationship opening third absent, suspense temporal cluster, curiosity temporal cluster
  ---
  duration_ms: 5.726858
  type: 'suite'
  ...
# Subtest: Wave 559 — causalityPass: relationship shift uncaused, relationship closing third absent, payoff relationship aftermath void
    # Subtest: RELATIONSHIP_SHIFT_UNCAUSED fires when all relationship shifts lack causal drivers in prior 2 scenes
    ok 1 - RELATIONSHIP_SHIFT_UNCAUSED fires when all relationship shifts lack causal drivers in prior 2 scenes
      ---
      duration_ms: 0.960574
      type: 'test'
      ...
    # Subtest: RELATIONSHIP_SHIFT_UNCAUSED does not fire when a relationship shift is preceded by a suspense driver
    ok 2 - RELATIONSHIP_SHIFT_UNCAUSED does not fire when a relationship shift is preceded by a suspense driver
      ---
      duration_ms: 0.845397
      type: 'test'
      ...
    # Subtest: RELATIONSHIP_CLOSING_THIRD_ABSENT fires when no relationship shifts occur in the final third
    ok 3 - RELATIONSHIP_CLOSING_THIRD_ABSENT fires when no relationship shifts occur in the final third
      ---
      duration_ms: 0.780665
      type: 'test'
      ...
    # Subtest: RELATIONSHIP_CLOSING_THIRD_ABSENT does not fire when a relationship shift exists in the final third
    ok 4 - RELATIONSHIP_CLOSING_THIRD_ABSENT does not fire when a relationship shift exists in the final third
      ---
      duration_ms: 1.003563
      type: 'test'
      ...
    # Subtest: PAYOFF_RELATIONSHIP_AFTERMATH_VOID fires when all payoff scenes are followed by no relationship shift
    ok 5 - PAYOFF_RELATIONSHIP_AFTERMATH_VOID fires when all payoff scenes are followed by no relationship shift
      ---
      duration_ms: 0.793683
      type: 'test'
      ...
    # Subtest: PAYOFF_RELATIONSHIP_AFTERMATH_VOID does not fire when a payoff aftermath carries a relationship shift
    ok 6 - PAYOFF_RELATIONSHIP_AFTERMATH_VOID does not fire when a payoff aftermath carries a relationship shift
      ---
      duration_ms: 0.821475
      type: 'test'
      ...
    1..6
ok 1094 - Wave 559 — causalityPass: relationship shift uncaused, relationship closing third absent, payoff relationship aftermath void
  ---
  duration_ms: 5.515291
  type: 'suite'
  ...
# Subtest: Wave 545 — causalityPass: payoff aftermath curiosity void, emotional opening third absent, seed stasis run
    # Subtest: PAYOFF_AFTERMATH_CURIOSITY_VOID fires when post-payoff scenes average zero curiosityDelta
    ok 1 - PAYOFF_AFTERMATH_CURIOSITY_VOID fires when post-payoff scenes average zero curiosityDelta
      ---
      duration_ms: 1.178779
      type: 'test'
      ...
    # Subtest: PAYOFF_AFTERMATH_CURIOSITY_VOID does not fire when at least one post-payoff scene has positive curiosityDelta
    ok 2 - PAYOFF_AFTERMATH_CURIOSITY_VOID does not fire when at least one post-payoff scene has positive curiosityDelta
      ---
      duration_ms: 0.846542
      type: 'test'
      ...
    # Subtest: EMOTIONAL_OPENING_THIRD_ABSENT fires when opening third contains no emotionally charged scenes
    ok 3 - EMOTIONAL_OPENING_THIRD_ABSENT fires when opening third contains no emotionally charged scenes
      ---
      duration_ms: 0.773249
      type: 'test'
      ...
    # Subtest: EMOTIONAL_OPENING_THIRD_ABSENT does not fire when the opening third has at least one charged scene
    ok 4 - EMOTIONAL_OPENING_THIRD_ABSENT does not fire when the opening third has at least one charged scene
      ---
      duration_ms: 0.825815
      type: 'test'
      ...
    # Subtest: SEED_STASIS_RUN fires when 7+ consecutive scenes contain no planted clue
    ok 5 - SEED_STASIS_RUN fires when 7+ consecutive scenes contain no planted clue
      ---
      duration_ms: 1.221764
      type: 'test'
      ...
    # Subtest: SEED_STASIS_RUN does not fire when no seed gap reaches 7 consecutive scenes
    ok 6 - SEED_STASIS_RUN does not fire when no seed gap reaches 7 consecutive scenes
      ---
      duration_ms: 10.282192
      type: 'test'
      ...
    1..6
ok 1095 - Wave 545 — causalityPass: payoff aftermath curiosity void, emotional opening third absent, seed stasis run
  ---
  duration_ms: 15.704214
  type: 'suite'
  ...
# Subtest: Wave 531 — causalityPass: suspense spike relationship void, clock temporal cluster, seed aftermath suspense void
    # Subtest: SUSPENSE_SPIKE_RELATIONSHIP_VOID fires when all high-suspense scenes lack relationship shifts
    ok 1 - SUSPENSE_SPIKE_RELATIONSHIP_VOID fires when all high-suspense scenes lack relationship shifts
      ---
      duration_ms: 1.550392
      type: 'test'
      ...
    # Subtest: SUSPENSE_SPIKE_RELATIONSHIP_VOID does not fire when a high-suspense scene has a relationship shift
    ok 2 - SUSPENSE_SPIKE_RELATIONSHIP_VOID does not fire when a high-suspense scene has a relationship shift
      ---
      duration_ms: 0.922548
      type: 'test'
      ...
    # Subtest: CLOCK_TEMPORAL_CLUSTER fires when >75% of clock-raised scenes are in one structural third
    ok 3 - CLOCK_TEMPORAL_CLUSTER fires when >75% of clock-raised scenes are in one structural third
      ---
      duration_ms: 0.940747
      type: 'test'
      ...
    # Subtest: CLOCK_TEMPORAL_CLUSTER does not fire when clock scenes are spread across thirds
    ok 4 - CLOCK_TEMPORAL_CLUSTER does not fire when clock scenes are spread across thirds
      ---
      duration_ms: 1.003125
      type: 'test'
      ...
    # Subtest: SEED_AFTERMATH_SUSPENSE_VOID fires when avg next-scene suspenseDelta after seeds ≤ 0
    ok 5 - SEED_AFTERMATH_SUSPENSE_VOID fires when avg next-scene suspenseDelta after seeds ≤ 0
      ---
      duration_ms: 1.228707
      type: 'test'
      ...
    # Subtest: SEED_AFTERMATH_SUSPENSE_VOID does not fire when avg next-scene suspenseDelta after seeds > 0
    ok 6 - SEED_AFTERMATH_SUSPENSE_VOID does not fire when avg next-scene suspenseDelta after seeds > 0
      ---
      duration_ms: 1.007252
      type: 'test'
      ...
    1..6
ok 1096 - Wave 531 — causalityPass: suspense spike relationship void, clock temporal cluster, seed aftermath suspense void
  ---
  duration_ms: 6.943618
  type: 'suite'
  ...
# Subtest: Wave 517 — causalityPass: payoff aftermath suspense void, negative emotion unbroken run, emotional closing third absent
    # Subtest: PAYOFF_AFTERMATH_SUSPENSE_VOID fires when avg post-payoff suspenseDelta ≤ 0
    ok 1 - PAYOFF_AFTERMATH_SUSPENSE_VOID fires when avg post-payoff suspenseDelta ≤ 0
      ---
      duration_ms: 1.052325
      type: 'test'
      ...
    # Subtest: PAYOFF_AFTERMATH_SUSPENSE_VOID does not fire when avg post-payoff suspenseDelta > 0
    ok 2 - PAYOFF_AFTERMATH_SUSPENSE_VOID does not fire when avg post-payoff suspenseDelta > 0
      ---
      duration_ms: 1.051874
      type: 'test'
      ...
    # Subtest: NEGATIVE_EMOTION_UNBROKEN_RUN fires when ≥4 consecutive negative-emotion scenes exist
    ok 3 - NEGATIVE_EMOTION_UNBROKEN_RUN fires when ≥4 consecutive negative-emotion scenes exist
      ---
      duration_ms: 1.014537
      type: 'test'
      ...
    # Subtest: NEGATIVE_EMOTION_UNBROKEN_RUN does not fire when max consecutive negative run < 4
    ok 4 - NEGATIVE_EMOTION_UNBROKEN_RUN does not fire when max consecutive negative run < 4
      ---
      duration_ms: 0.781116
      type: 'test'
      ...
    # Subtest: EMOTIONAL_CLOSING_THIRD_ABSENT fires when all emotionally charged scenes are outside the final third
    ok 5 - EMOTIONAL_CLOSING_THIRD_ABSENT fires when all emotionally charged scenes are outside the final third
      ---
      duration_ms: 0.788833
      type: 'test'
      ...
    # Subtest: EMOTIONAL_CLOSING_THIRD_ABSENT does not fire when a charged scene exists in the final third
    ok 6 - EMOTIONAL_CLOSING_THIRD_ABSENT does not fire when a charged scene exists in the final third
      ---
      duration_ms: 0.822664
      type: 'test'
      ...
    1..6
ok 1097 - Wave 517 — causalityPass: payoff aftermath suspense void, negative emotion unbroken run, emotional closing third absent
  ---
  duration_ms: 5.768425
  type: 'suite'
  ...
# Subtest: Wave 503 — causalityPass: revelation aftermath suspense void, clock final third absent, positive emotion unbroken run
    # Subtest: REVELATION_AFTERMATH_SUSPENSE_VOID fires when post-revelation suspense average is <= 0
    ok 1 - REVELATION_AFTERMATH_SUSPENSE_VOID fires when post-revelation suspense average is <= 0
      ---
      duration_ms: 1.543978
      type: 'test'
      ...
    # Subtest: REVELATION_AFTERMATH_SUSPENSE_VOID does not fire when post-revelation suspense average is > 0
    ok 2 - REVELATION_AFTERMATH_SUSPENSE_VOID does not fire when post-revelation suspense average is > 0
      ---
      duration_ms: 0.923816
      type: 'test'
      ...
    # Subtest: CLOCK_FINAL_THIRD_ABSENT fires when no clock scene falls in the final structural third
    ok 3 - CLOCK_FINAL_THIRD_ABSENT fires when no clock scene falls in the final structural third
      ---
      duration_ms: 0.941502
      type: 'test'
      ...
    # Subtest: CLOCK_FINAL_THIRD_ABSENT does not fire when a clock scene exists in the final third
    ok 4 - CLOCK_FINAL_THIRD_ABSENT does not fire when a clock scene exists in the final third
      ---
      duration_ms: 0.914554
      type: 'test'
      ...
    # Subtest: POSITIVE_EMOTION_UNBROKEN_RUN fires when 4+ consecutive positive-emotion scenes exist
    ok 5 - POSITIVE_EMOTION_UNBROKEN_RUN fires when 4+ consecutive positive-emotion scenes exist
      ---
      duration_ms: 1.025626
      type: 'test'
      ...
    # Subtest: POSITIVE_EMOTION_UNBROKEN_RUN does not fire when no positive run reaches 4 consecutive scenes
    ok 6 - POSITIVE_EMOTION_UNBROKEN_RUN does not fire when no positive run reaches 4 consecutive scenes
      ---
      duration_ms: 0.925837
      type: 'test'
      ...
    1..6
ok 1098 - Wave 503 — causalityPass: revelation aftermath suspense void, clock final third absent, positive emotion unbroken run
  ---
  duration_ms: 6.532203
  type: 'suite'
  ...
# Subtest: Wave 489 — causalityPass: dramatic turn temporal cluster, clock peak uncaused, seed aftermath curiosity void
    # Subtest: DRAMATIC_TURN_TEMPORAL_CLUSTER fires when >75% of dramatic-turn scenes fall in one third
    ok 1 - DRAMATIC_TURN_TEMPORAL_CLUSTER fires when >75% of dramatic-turn scenes fall in one third
      ---
      duration_ms: 1.294765
      type: 'test'
      ...
    # Subtest: DRAMATIC_TURN_TEMPORAL_CLUSTER does not fire when turns are spread across all thirds
    ok 2 - DRAMATIC_TURN_TEMPORAL_CLUSTER does not fire when turns are spread across all thirds
      ---
      duration_ms: 1.033118
      type: 'test'
      ...
    # Subtest: CLOCK_PEAK_UNCAUSED fires when the highest-clockDelta scene has no causal driver in prior 2 scenes
    ok 3 - CLOCK_PEAK_UNCAUSED fires when the highest-clockDelta scene has no causal driver in prior 2 scenes
      ---
      duration_ms: 0.700159
      type: 'test'
      ...
    # Subtest: CLOCK_PEAK_UNCAUSED does not fire when prior scene has a structural driver
    ok 4 - CLOCK_PEAK_UNCAUSED does not fire when prior scene has a structural driver
      ---
      duration_ms: 0.665755
      type: 'test'
      ...
    # Subtest: SEED_AFTERMATH_CURIOSITY_VOID fires when avg curiosityDelta after seed scenes is ≤0
    ok 5 - SEED_AFTERMATH_CURIOSITY_VOID fires when avg curiosityDelta after seed scenes is ≤0
      ---
      duration_ms: 0.825825
      type: 'test'
      ...
    # Subtest: SEED_AFTERMATH_CURIOSITY_VOID does not fire when at least one seed aftermath has positive curiosityDelta
    ok 6 - SEED_AFTERMATH_CURIOSITY_VOID does not fire when at least one seed aftermath has positive curiosityDelta
      ---
      duration_ms: 0.930882
      type: 'test'
      ...
    1..6
ok 1099 - Wave 489 — causalityPass: dramatic turn temporal cluster, clock peak uncaused, seed aftermath curiosity void
  ---
  duration_ms: 5.74728
  type: 'suite'
  ...
# Subtest: Wave 475 — causalityPass: emotional zone cluster, seed temporal cluster, payoff zone cluster
    # Subtest: EMOTIONAL_ZONE_CLUSTER fires when >75% of charged scenes fall in one third
    ok 1 - EMOTIONAL_ZONE_CLUSTER fires when >75% of charged scenes fall in one third
      ---
      duration_ms: 1.528639
      type: 'test'
      ...
    # Subtest: EMOTIONAL_ZONE_CLUSTER does not fire when charged scenes spread across thirds
    ok 2 - EMOTIONAL_ZONE_CLUSTER does not fire when charged scenes spread across thirds
      ---
      duration_ms: 0.978975
      type: 'test'
      ...
    # Subtest: SEED_TEMPORAL_CLUSTER fires when >75% of seed scenes fall in one third
    ok 3 - SEED_TEMPORAL_CLUSTER fires when >75% of seed scenes fall in one third
      ---
      duration_ms: 1.013704
      type: 'test'
      ...
    # Subtest: SEED_TEMPORAL_CLUSTER does not fire when seed scenes spread across thirds
    ok 4 - SEED_TEMPORAL_CLUSTER does not fire when seed scenes spread across thirds
      ---
      duration_ms: 1.108561
      type: 'test'
      ...
    # Subtest: PAYOFF_ZONE_CLUSTER fires when >75% of payoff scenes fall in one third
    ok 5 - PAYOFF_ZONE_CLUSTER fires when >75% of payoff scenes fall in one third
      ---
      duration_ms: 1.042214
      type: 'test'
      ...
    # Subtest: PAYOFF_ZONE_CLUSTER does not fire when payoff scenes spread across thirds
    ok 6 - PAYOFF_ZONE_CLUSTER does not fire when payoff scenes spread across thirds
      ---
      duration_ms: 0.986726
      type: 'test'
      ...
    1..6
ok 1100 - Wave 475 — causalityPass: emotional zone cluster, seed temporal cluster, payoff zone cluster
  ---
  duration_ms: 6.952906
  type: 'suite'
  ...
# Subtest: Wave 461 — causalityPass: payoff relationship void, seed scene emotion void, relationship stasis run
    # Subtest: PAYOFF_RELATIONSHIP_VOID fires when every payoff scene carries no relationship shift
    ok 1 - PAYOFF_RELATIONSHIP_VOID fires when every payoff scene carries no relationship shift
      ---
      duration_ms: 1.041125
      type: 'test'
      ...
    # Subtest: PAYOFF_RELATIONSHIP_VOID does NOT fire when a payoff scene also moves a relationship
    ok 2 - PAYOFF_RELATIONSHIP_VOID does NOT fire when a payoff scene also moves a relationship
      ---
      duration_ms: 0.922338
      type: 'test'
      ...
    # Subtest: SEED_SCENE_EMOTION_VOID fires when every clue-planting scene is emotionally neutral
    ok 3 - SEED_SCENE_EMOTION_VOID fires when every clue-planting scene is emotionally neutral
      ---
      duration_ms: 0.848495
      type: 'test'
      ...
    # Subtest: SEED_SCENE_EMOTION_VOID does NOT fire when a seed scene carries an emotional charge
    ok 4 - SEED_SCENE_EMOTION_VOID does NOT fire when a seed scene carries an emotional charge
      ---
      duration_ms: 0.820632
      type: 'test'
      ...
    # Subtest: RELATIONSHIP_STASIS_RUN fires when 6+ consecutive scenes carry no relationship shift
    ok 5 - RELATIONSHIP_STASIS_RUN fires when 6+ consecutive scenes carry no relationship shift
      ---
      duration_ms: 0.872108
      type: 'test'
      ...
    # Subtest: RELATIONSHIP_STASIS_RUN does NOT fire when relationship shifts keep the silent run under 6
    ok 6 - RELATIONSHIP_STASIS_RUN does NOT fire when relationship shifts keep the silent run under 6
      ---
      duration_ms: 0.903709
      type: 'test'
      ...
    1..6
ok 1101 - Wave 461 — causalityPass: payoff relationship void, seed scene emotion void, relationship stasis run
  ---
  duration_ms: 5.669848
  type: 'suite'
  ...
# Subtest: Wave 447 — causalityPass: suspense decline run, dramatic turn relationship void, curiosity peak no followthrough
    # Subtest: SUSPENSE_DECLINE_RUN fires when 4+ consecutive scenes all lower suspense
    ok 1 - SUSPENSE_DECLINE_RUN fires when 4+ consecutive scenes all lower suspense
      ---
      duration_ms: 1.095934
      type: 'test'
      ...
    # Subtest: SUSPENSE_DECLINE_RUN does NOT fire when the suspense-decline run stays under 4
    ok 2 - SUSPENSE_DECLINE_RUN does NOT fire when the suspense-decline run stays under 4
      ---
      duration_ms: 0.918789
      type: 'test'
      ...
    # Subtest: DRAMATIC_TURN_RELATIONSHIP_VOID fires when all dramatic-turn scenes carry no relationship shift
    ok 3 - DRAMATIC_TURN_RELATIONSHIP_VOID fires when all dramatic-turn scenes carry no relationship shift
      ---
      duration_ms: 0.839668
      type: 'test'
      ...
    # Subtest: DRAMATIC_TURN_RELATIONSHIP_VOID does NOT fire when a dramatic-turn scene carries a relationship shift
    ok 4 - DRAMATIC_TURN_RELATIONSHIP_VOID does NOT fire when a dramatic-turn scene carries a relationship shift
      ---
      duration_ms: 0.977734
      type: 'test'
      ...
    # Subtest: CURIOSITY_PEAK_NO_FOLLOWTHROUGH fires when the curiosity-peak scene has no revelation in the next 2 scenes
    ok 5 - CURIOSITY_PEAK_NO_FOLLOWTHROUGH fires when the curiosity-peak scene has no revelation in the next 2 scenes
      ---
      duration_ms: 0.819261
      type: 'test'
      ...
    # Subtest: CURIOSITY_PEAK_NO_FOLLOWTHROUGH does NOT fire when a revelation follows the curiosity peak within 2 scenes
    ok 6 - CURIOSITY_PEAK_NO_FOLLOWTHROUGH does NOT fire when a revelation follows the curiosity peak within 2 scenes
      ---
      duration_ms: 0.656692
      type: 'test'
      ...
    1..6
ok 1102 - Wave 447 — causalityPass: suspense decline run, dramatic turn relationship void, curiosity peak no followthrough
  ---
  duration_ms: 5.566994
  type: 'suite'
  ...
# Subtest: Wave 433 — causalityPass: suspense peak uncaused, curiosity decline run, payoff peak inert
    # Subtest: SUSPENSE_PEAK_UNCAUSED fires when the global suspense peak has no driver in the two prior scenes
    ok 1 - SUSPENSE_PEAK_UNCAUSED fires when the global suspense peak has no driver in the two prior scenes
      ---
      duration_ms: 0.931371
      type: 'test'
      ...
    # Subtest: SUSPENSE_PEAK_UNCAUSED does not fire when a rising gradient leads into the peak
    ok 2 - SUSPENSE_PEAK_UNCAUSED does not fire when a rising gradient leads into the peak
      ---
      duration_ms: 0.935796
      type: 'test'
      ...
    # Subtest: CURIOSITY_DECLINE_RUN fires when four or more consecutive scenes lower curiosity
    ok 3 - CURIOSITY_DECLINE_RUN fires when four or more consecutive scenes lower curiosity
      ---
      duration_ms: 1.303711
      type: 'test'
      ...
    # Subtest: CURIOSITY_DECLINE_RUN does not fire when the negative-curiosity run is broken before reaching four
    ok 4 - CURIOSITY_DECLINE_RUN does not fire when the negative-curiosity run is broken before reaching four
      ---
      duration_ms: 0.928855
      type: 'test'
      ...
    # Subtest: PAYOFF_PEAK_INERT fires when the densest payoff scene is inert across every channel
    ok 5 - PAYOFF_PEAK_INERT fires when the densest payoff scene is inert across every channel
      ---
      duration_ms: 0.738728
      type: 'test'
      ...
    # Subtest: PAYOFF_PEAK_INERT does not fire when the densest payoff scene carries a consequence
    ok 6 - PAYOFF_PEAK_INERT does not fire when the densest payoff scene carries a consequence
      ---
      duration_ms: 0.831299
      type: 'test'
      ...
    1..6
ok 1103 - Wave 433 — causalityPass: suspense peak uncaused, curiosity decline run, payoff peak inert
  ---
  duration_ms: 5.95874
  type: 'suite'
  ...
# Subtest: Wave 419 — causalityPass: revelation relationship void, payoff suspense void, clock raise relationship void
    # Subtest: REVELATION_RELATIONSHIP_VOID fires when every revelation scene has no relationship shift
    ok 1 - REVELATION_RELATIONSHIP_VOID fires when every revelation scene has no relationship shift
      ---
      duration_ms: 1.108491
      type: 'test'
      ...
    # Subtest: REVELATION_RELATIONSHIP_VOID does not fire when a revelation scene has a relationship shift
    ok 2 - REVELATION_RELATIONSHIP_VOID does not fire when a revelation scene has a relationship shift
      ---
      duration_ms: 0.781265
      type: 'test'
      ...
    # Subtest: PAYOFF_SUSPENSE_VOID fires when every payoff scene has suspenseDelta ≤ 0
    ok 3 - PAYOFF_SUSPENSE_VOID fires when every payoff scene has suspenseDelta ≤ 0
      ---
      duration_ms: 0.829862
      type: 'test'
      ...
    # Subtest: PAYOFF_SUSPENSE_VOID does not fire when a payoff scene raises suspense
    ok 4 - PAYOFF_SUSPENSE_VOID does not fire when a payoff scene raises suspense
      ---
      duration_ms: 0.79775
      type: 'test'
      ...
    # Subtest: CLOCK_RAISE_RELATIONSHIP_VOID fires when every clock-raise scene has no relationship shift
    ok 5 - CLOCK_RAISE_RELATIONSHIP_VOID fires when every clock-raise scene has no relationship shift
      ---
      duration_ms: 0.89803
      type: 'test'
      ...
    # Subtest: CLOCK_RAISE_RELATIONSHIP_VOID does not fire when a clock-raise scene has a relationship shift
    ok 6 - CLOCK_RAISE_RELATIONSHIP_VOID does not fire when a clock-raise scene has a relationship shift
      ---
      duration_ms: 0.853198
      type: 'test'
      ...
    1..6
ok 1104 - Wave 419 — causalityPass: revelation relationship void, payoff suspense void, clock raise relationship void
  ---
  duration_ms: 5.526116
  type: 'suite'
  ...
# Subtest: Wave 405 — causalityPass: positive reaction without cause, curiosity spike without cause, dramatic turn without cause
    # Subtest: POSITIVE_REACTION_WITHOUT_CAUSE fires when a positive shift has no on-page cause
    ok 1 - POSITIVE_REACTION_WITHOUT_CAUSE fires when a positive shift has no on-page cause
      ---
      duration_ms: 1.007368
      type: 'test'
      ...
    # Subtest: POSITIVE_REACTION_WITHOUT_CAUSE does NOT fire when the positive shift has a cause
    ok 2 - POSITIVE_REACTION_WITHOUT_CAUSE does NOT fire when the positive shift has a cause
      ---
      duration_ms: 0.656305
      type: 'test'
      ...
    # Subtest: CURIOSITY_SPIKE_WITHOUT_CAUSE fires when a curiosity spike has no upstream driver
    ok 3 - CURIOSITY_SPIKE_WITHOUT_CAUSE fires when a curiosity spike has no upstream driver
      ---
      duration_ms: 0.620968
      type: 'test'
      ...
    # Subtest: CURIOSITY_SPIKE_WITHOUT_CAUSE does NOT fire when a driver precedes the spike
    ok 4 - CURIOSITY_SPIKE_WITHOUT_CAUSE does NOT fire when a driver precedes the spike
      ---
      duration_ms: 0.685195
      type: 'test'
      ...
    # Subtest: DRAMATIC_TURN_WITHOUT_CAUSE fires when every dramatic turn lacks an upstream cause
    ok 5 - DRAMATIC_TURN_WITHOUT_CAUSE fires when every dramatic turn lacks an upstream cause
      ---
      duration_ms: 1.137325
      type: 'test'
      ...
    # Subtest: DRAMATIC_TURN_WITHOUT_CAUSE does NOT fire when a turn has an upstream cause
    ok 6 - DRAMATIC_TURN_WITHOUT_CAUSE does NOT fire when a turn has an upstream cause
      ---
      duration_ms: 0.755284
      type: 'test'
      ...
    1..6
ok 1105 - Wave 405 — causalityPass: positive reaction without cause, curiosity spike without cause, dramatic turn without cause
  ---
  duration_ms: 5.127576
  type: 'suite'
  ...
# Subtest: Wave 391 — causalityPass: suspense spike no emotion, clock raise no fallout, curiosity spike no fallout
    # Subtest: SUSPENSE_SPIKE_NO_EMOTION fires when every high-suspense scene is emotionally neutral
    ok 1 - SUSPENSE_SPIKE_NO_EMOTION fires when every high-suspense scene is emotionally neutral
      ---
      duration_ms: 1.080131
      type: 'test'
      ...
    # Subtest: SUSPENSE_SPIKE_NO_EMOTION does not fire when a spike scene carries emotion
    ok 2 - SUSPENSE_SPIKE_NO_EMOTION does not fire when a spike scene carries emotion
      ---
      duration_ms: 1.016207
      type: 'test'
      ...
    # Subtest: CLOCK_RAISE_NO_FALLOUT fires when clock raises produce no consequence within two scenes
    ok 3 - CLOCK_RAISE_NO_FALLOUT fires when clock raises produce no consequence within two scenes
      ---
      duration_ms: 0.913041
      type: 'test'
      ...
    # Subtest: CLOCK_RAISE_NO_FALLOUT does not fire when a clock raise is followed by a consequence
    ok 4 - CLOCK_RAISE_NO_FALLOUT does not fire when a clock raise is followed by a consequence
      ---
      duration_ms: 0.994497
      type: 'test'
      ...
    # Subtest: CURIOSITY_SPIKE_NO_FALLOUT fires when curiosity spikes produce no consequence within two scenes
    ok 5 - CURIOSITY_SPIKE_NO_FALLOUT fires when curiosity spikes produce no consequence within two scenes
      ---
      duration_ms: 0.857286
      type: 'test'
      ...
    # Subtest: CURIOSITY_SPIKE_NO_FALLOUT does not fire when a curiosity spike is followed by a revelation
    ok 6 - CURIOSITY_SPIKE_NO_FALLOUT does not fire when a curiosity spike is followed by a revelation
      ---
      duration_ms: 0.948024
      type: 'test'
      ...
    1..6
ok 1106 - Wave 391 — causalityPass: suspense spike no emotion, clock raise no fallout, curiosity spike no fallout
  ---
  duration_ms: 6.073061
  type: 'suite'
  ...
# Subtest: Wave 377 — causalityPass: dramatic turn no emotion, clock raise no suspense, suspense spike no curiosity
    # Subtest: DRAMATIC_TURN_NO_EMOTION fires when every dramatic-turn scene is emotionally neutral
    ok 1 - DRAMATIC_TURN_NO_EMOTION fires when every dramatic-turn scene is emotionally neutral
      ---
      duration_ms: 1.17611
      type: 'test'
      ...
    # Subtest: DRAMATIC_TURN_NO_EMOTION does not fire when a dramatic-turn scene carries emotion
    ok 2 - DRAMATIC_TURN_NO_EMOTION does not fire when a dramatic-turn scene carries emotion
      ---
      duration_ms: 0.889586
      type: 'test'
      ...
    # Subtest: CLOCK_RAISE_NO_SUSPENSE fires when clock-raise scenes average suspenseDelta ≤ 0
    ok 3 - CLOCK_RAISE_NO_SUSPENSE fires when clock-raise scenes average suspenseDelta ≤ 0
      ---
      duration_ms: 0.822623
      type: 'test'
      ...
    # Subtest: CLOCK_RAISE_NO_SUSPENSE does not fire when clock-raise scenes carry positive suspense
    ok 4 - CLOCK_RAISE_NO_SUSPENSE does not fire when clock-raise scenes carry positive suspense
      ---
      duration_ms: 0.893582
      type: 'test'
      ...
    # Subtest: SUSPENSE_SPIKE_NO_CURIOSITY fires when high-suspense scenes average curiosityDelta ≤ 0
    ok 5 - SUSPENSE_SPIKE_NO_CURIOSITY fires when high-suspense scenes average curiosityDelta ≤ 0
      ---
      duration_ms: 1.009434
      type: 'test'
      ...
    # Subtest: SUSPENSE_SPIKE_NO_CURIOSITY does not fire when high-suspense scenes carry positive curiosity
    ok 6 - SUSPENSE_SPIKE_NO_CURIOSITY does not fire when high-suspense scenes carry positive curiosity
      ---
      duration_ms: 0.841104
      type: 'test'
      ...
    1..6
ok 1107 - Wave 377 — causalityPass: dramatic turn no emotion, clock raise no suspense, suspense spike no curiosity
  ---
  duration_ms: 5.910484
  type: 'suite'
  ...
# Subtest: Wave 363 — causalityPass: payoff no emotion, seed scene curiosity void, clock raise curiosity void
    # Subtest: PAYOFF_NO_EMOTION fires when every payoff scene is emotionally neutral
    ok 1 - PAYOFF_NO_EMOTION fires when every payoff scene is emotionally neutral
      ---
      duration_ms: 1.001763
      type: 'test'
      ...
    # Subtest: PAYOFF_NO_EMOTION does not fire when at least one payoff scene has emotional charge
    ok 2 - PAYOFF_NO_EMOTION does not fire when at least one payoff scene has emotional charge
      ---
      duration_ms: 0.958812
      type: 'test'
      ...
    # Subtest: SEED_SCENE_CURIOSITY_VOID fires when seed scenes average curiosityDelta ≤ 0
    ok 3 - SEED_SCENE_CURIOSITY_VOID fires when seed scenes average curiosityDelta ≤ 0
      ---
      duration_ms: 1.03697
      type: 'test'
      ...
    # Subtest: SEED_SCENE_CURIOSITY_VOID does not fire when seed scenes have positive average curiosityDelta
    ok 4 - SEED_SCENE_CURIOSITY_VOID does not fire when seed scenes have positive average curiosityDelta
      ---
      duration_ms: 0.902992
      type: 'test'
      ...
    # Subtest: CLOCK_RAISE_CURIOSITY_VOID fires when clock-raise scenes average curiosityDelta ≤ 0
    ok 5 - CLOCK_RAISE_CURIOSITY_VOID fires when clock-raise scenes average curiosityDelta ≤ 0
      ---
      duration_ms: 0.885963
      type: 'test'
      ...
    # Subtest: CLOCK_RAISE_CURIOSITY_VOID does not fire when clock-raise scenes have positive average curiosityDelta
    ok 6 - CLOCK_RAISE_CURIOSITY_VOID does not fire when clock-raise scenes have positive average curiosityDelta
      ---
      duration_ms: 0.929587
      type: 'test'
      ...
    1..6
ok 1108 - Wave 363 — causalityPass: payoff no emotion, seed scene curiosity void, clock raise curiosity void
  ---
  duration_ms: 5.972887
  type: 'suite'
  ...
# Subtest: Wave 349 — causalityPass: clock raised no emotion, dramatic turn no suspense, suspense spike no fallout
    # Subtest: CLOCK_RAISED_NO_EMOTION fires when every clock-raise scene is emotionally neutral
    ok 1 - CLOCK_RAISED_NO_EMOTION fires when every clock-raise scene is emotionally neutral
      ---
      duration_ms: 1.189642
      type: 'test'
      ...
    # Subtest: CLOCK_RAISED_NO_EMOTION does not fire when a clock-raise scene carries emotion
    ok 2 - CLOCK_RAISED_NO_EMOTION does not fire when a clock-raise scene carries emotion
      ---
      duration_ms: 0.830625
      type: 'test'
      ...
    # Subtest: DRAMATIC_TURN_NO_SUSPENSE fires when dramatic-turn scenes avg suspenseDelta ≤ 0
    ok 3 - DRAMATIC_TURN_NO_SUSPENSE fires when dramatic-turn scenes avg suspenseDelta ≤ 0
      ---
      duration_ms: 6.256686
      type: 'test'
      ...
    # Subtest: DRAMATIC_TURN_NO_SUSPENSE does not fire when dramatic-turn scenes raise suspense
    ok 4 - DRAMATIC_TURN_NO_SUSPENSE does not fire when dramatic-turn scenes raise suspense
      ---
      duration_ms: 1.284692
      type: 'test'
      ...
    # Subtest: SUSPENSE_SPIKE_NO_FALLOUT fires when suspense spikes produce no downstream consequence
    ok 5 - SUSPENSE_SPIKE_NO_FALLOUT fires when suspense spikes produce no downstream consequence
      ---
      duration_ms: 1.678241
      type: 'test'
      ...
    # Subtest: SUSPENSE_SPIKE_NO_FALLOUT does not fire when a spike is followed by consequence
    ok 6 - SUSPENSE_SPIKE_NO_FALLOUT does not fire when a spike is followed by consequence
      ---
      duration_ms: 1.202775
      type: 'test'
      ...
    1..6
ok 1109 - Wave 349 — causalityPass: clock raised no emotion, dramatic turn no suspense, suspense spike no fallout
  ---
  duration_ms: 12.72695
  type: 'suite'
  ...
# Subtest: Wave 335 — causalityPass: payoff curiosity decoupled, dramatic turn curiosity void, clue seed suspense void
    # Subtest: PAYOFF_CURIOSITY_DECOUPLED fires when payoff scenes avg curiosityDelta ≤ 0
    ok 1 - PAYOFF_CURIOSITY_DECOUPLED fires when payoff scenes avg curiosityDelta ≤ 0
      ---
      duration_ms: 1.257097
      type: 'test'
      ...
    # Subtest: PAYOFF_CURIOSITY_DECOUPLED does not fire when payoff scenes avg curiosityDelta > 0
    ok 2 - PAYOFF_CURIOSITY_DECOUPLED does not fire when payoff scenes avg curiosityDelta > 0
      ---
      duration_ms: 1.297398
      type: 'test'
      ...
    # Subtest: DRAMATIC_TURN_CURIOSITY_VOID fires when dramatic turn scenes avg curiosityDelta ≤ 0
    ok 3 - DRAMATIC_TURN_CURIOSITY_VOID fires when dramatic turn scenes avg curiosityDelta ≤ 0
      ---
      duration_ms: 1.603319
      type: 'test'
      ...
    # Subtest: DRAMATIC_TURN_CURIOSITY_VOID does not fire when dramatic turn scenes generate curiosity
    ok 4 - DRAMATIC_TURN_CURIOSITY_VOID does not fire when dramatic turn scenes generate curiosity
      ---
      duration_ms: 0.945393
      type: 'test'
      ...
    # Subtest: CLUE_SEED_SUSPENSE_VOID fires when clue-seeding scenes avg suspenseDelta ≤ 0
    ok 5 - CLUE_SEED_SUSPENSE_VOID fires when clue-seeding scenes avg suspenseDelta ≤ 0
      ---
      duration_ms: 0.854311
      type: 'test'
      ...
    # Subtest: CLUE_SEED_SUSPENSE_VOID does not fire when clue-seeding scenes carry foreboding
    ok 6 - CLUE_SEED_SUSPENSE_VOID does not fire when clue-seeding scenes carry foreboding
      ---
      duration_ms: 2.727395
      type: 'test'
      ...
    1..6
ok 1110 - Wave 335 — causalityPass: payoff curiosity decoupled, dramatic turn curiosity void, clue seed suspense void
  ---
  duration_ms: 9.198488
  type: 'suite'
  ...
# Subtest: Wave 324 — causalityPass: suspense unreleased run, clock raised no delta, emotional neutral run
    # Subtest: SUSPENSE_UNRELEASED_RUN fires when 6+ consecutive scenes all raise tension
    ok 1 - SUSPENSE_UNRELEASED_RUN fires when 6+ consecutive scenes all raise tension
      ---
      duration_ms: 1.194238
      type: 'test'
      ...
    # Subtest: SUSPENSE_UNRELEASED_RUN does not fire when release valleys break the run
    ok 2 - SUSPENSE_UNRELEASED_RUN does not fire when release valleys break the run
      ---
      duration_ms: 1.229228
      type: 'test'
      ...
    # Subtest: CLOCK_RAISED_NO_DELTA fires when 2+ clock raises carry no delta
    ok 3 - CLOCK_RAISED_NO_DELTA fires when 2+ clock raises carry no delta
      ---
      duration_ms: 1.296476
      type: 'test'
      ...
    # Subtest: CLOCK_RAISED_NO_DELTA does not fire when clock raises carry a delta
    ok 4 - CLOCK_RAISED_NO_DELTA does not fire when clock raises carry a delta
      ---
      duration_ms: 1.167263
      type: 'test'
      ...
    # Subtest: EMOTIONAL_NEUTRAL_RUN fires when 6+ consecutive scenes are emotionally neutral
    ok 5 - EMOTIONAL_NEUTRAL_RUN fires when 6+ consecutive scenes are emotionally neutral
      ---
      duration_ms: 1.08943
      type: 'test'
      ...
    # Subtest: EMOTIONAL_NEUTRAL_RUN does not fire when the neutral run stays under six
    ok 6 - EMOTIONAL_NEUTRAL_RUN does not fire when the neutral run stays under six
      ---
      duration_ms: 1.100024
      type: 'test'
      ...
    1..6
ok 1111 - Wave 324 — causalityPass: suspense unreleased run, clock raised no delta, emotional neutral run
  ---
  duration_ms: 7.382784
  type: 'suite'
  ...
# Subtest: Wave 296 — causalityPass: clock delta without raise, suspense sawtooth, dramatic turn aftermath void
    # Subtest: CLOCK_DELTA_WITHOUT_RAISE fires when clockDelta > 1 appears before any clock is raised
    ok 1 - CLOCK_DELTA_WITHOUT_RAISE fires when clockDelta > 1 appears before any clock is raised
      ---
      duration_ms: 1.611167
      type: 'test'
      ...
    # Subtest: CLOCK_DELTA_WITHOUT_RAISE does not fire when a clock is raised before the delta
    ok 2 - CLOCK_DELTA_WITHOUT_RAISE does not fire when a clock is raised before the delta
      ---
      duration_ms: 0.914555
      type: 'test'
      ...
    # Subtest: SUSPENSE_SAWTOOTH fires when suspenseDelta strictly alternates sign for 6+ scenes
    ok 3 - SUSPENSE_SAWTOOTH fires when suspenseDelta strictly alternates sign for 6+ scenes
      ---
      duration_ms: 0.92427
      type: 'test'
      ...
    # Subtest: SUSPENSE_SAWTOOTH does not fire when tension accumulates over consecutive scenes
    ok 4 - SUSPENSE_SAWTOOTH does not fire when tension accumulates over consecutive scenes
      ---
      duration_ms: 0.767721
      type: 'test'
      ...
    # Subtest: DRAMATIC_TURN_AFTERMATH_VOID fires when a turn is followed by two inert scenes
    ok 5 - DRAMATIC_TURN_AFTERMATH_VOID fires when a turn is followed by two inert scenes
      ---
      duration_ms: 0.771762
      type: 'test'
      ...
    # Subtest: DRAMATIC_TURN_AFTERMATH_VOID does not fire when the turn produces a ripple
    ok 6 - DRAMATIC_TURN_AFTERMATH_VOID does not fire when the turn produces a ripple
      ---
      duration_ms: 0.813836
      type: 'test'
      ...
    1..6
ok 1112 - Wave 296 — causalityPass: clock delta without raise, suspense sawtooth, dramatic turn aftermath void
  ---
  duration_ms: 6.082543
  type: 'suite'
  ...
# Subtest: Wave 282 — causalityPass: clock clustering, revelation cascade, emotional positive desert
    # Subtest: CLOCK_CLUSTERING fires when all ≥3 clocks appear in the first 40% of the story
    ok 1 - CLOCK_CLUSTERING fires when all ≥3 clocks appear in the first 40% of the story
      ---
      duration_ms: 0.935979
      type: 'test'
      ...
    # Subtest: CLOCK_CLUSTERING does NOT fire when a clock is raised after the 40% mark
    ok 2 - CLOCK_CLUSTERING does NOT fire when a clock is raised after the 40% mark
      ---
      duration_ms: 0.700564
      type: 'test'
      ...
    # Subtest: REVELATION_CASCADE fires when >35% of scenes contain a revelation
    ok 3 - REVELATION_CASCADE fires when >35% of scenes contain a revelation
      ---
      duration_ms: 0.750229
      type: 'test'
      ...
    # Subtest: REVELATION_CASCADE does NOT fire when ≤35% of scenes contain a revelation
    ok 4 - REVELATION_CASCADE does NOT fire when ≤35% of scenes contain a revelation
      ---
      duration_ms: 0.762665
      type: 'test'
      ...
    # Subtest: EMOTIONAL_POSITIVE_DESERT fires when Act 2 has negative but never positive while positive exists elsewhere
    ok 5 - EMOTIONAL_POSITIVE_DESERT fires when Act 2 has negative but never positive while positive exists elsewhere
      ---
      duration_ms: 0.948212
      type: 'test'
      ...
    # Subtest: EMOTIONAL_POSITIVE_DESERT does NOT fire when Act 2 contains a positive shift
    ok 6 - EMOTIONAL_POSITIVE_DESERT does NOT fire when Act 2 contains a positive shift
      ---
      duration_ms: 0.881934
      type: 'test'
      ...
    1..6
ok 1113 - Wave 282 — causalityPass: clock clustering, revelation cascade, emotional positive desert
  ---
  duration_ms: 5.245539
  type: 'suite'
  ...
# Subtest: Wave 268 — causalityPass: curiosity front loaded, payoff back loaded, clock single scene
    # Subtest: CURIOSITY_FRONT_LOADED fires when all curiosity spikes are in the first half
    ok 1 - CURIOSITY_FRONT_LOADED fires when all curiosity spikes are in the first half
      ---
      duration_ms: 0.94344
      type: 'test'
      ...
    # Subtest: CURIOSITY_FRONT_LOADED does NOT fire when a curiosity spike appears in the second half
    ok 2 - CURIOSITY_FRONT_LOADED does NOT fire when a curiosity spike appears in the second half
      ---
      duration_ms: 0.783359
      type: 'test'
      ...
    # Subtest: PAYOFF_BACK_LOADED fires when all payoff scenes are in the second half
    ok 3 - PAYOFF_BACK_LOADED fires when all payoff scenes are in the second half
      ---
      duration_ms: 0.897466
      type: 'test'
      ...
    # Subtest: PAYOFF_BACK_LOADED does NOT fire when a payoff scene appears in the first half
    ok 4 - PAYOFF_BACK_LOADED does NOT fire when a payoff scene appears in the first half
      ---
      duration_ms: 0.798181
      type: 'test'
      ...
    # Subtest: CLOCK_SINGLE_SCENE fires when only one scene raises a clock in a long story
    ok 5 - CLOCK_SINGLE_SCENE fires when only one scene raises a clock in a long story
      ---
      duration_ms: 4.088776
      type: 'test'
      ...
    # Subtest: CLOCK_SINGLE_SCENE does NOT fire when two or more scenes raise clocks
    ok 6 - CLOCK_SINGLE_SCENE does NOT fire when two or more scenes raise clocks
      ---
      duration_ms: 0.681032
      type: 'test'
      ...
    1..6
ok 1114 - Wave 268 — causalityPass: curiosity front loaded, payoff back loaded, clock single scene
  ---
  duration_ms: 8.459782
  type: 'suite'
  ...
# Subtest: Wave 254 — causalityPass: clue-seed cluster, payoff without setup, suspense plateau flatline
    # Subtest: CLUE_SEED_CLUSTER fires when one scene plants 3+ clues
    ok 1 - CLUE_SEED_CLUSTER fires when one scene plants 3+ clues
      ---
      duration_ms: 2.496368
      type: 'test'
      ...
    # Subtest: CLUE_SEED_CLUSTER does NOT fire when clues are spread across scenes
    ok 2 - CLUE_SEED_CLUSTER does NOT fire when clues are spread across scenes
      ---
      duration_ms: 0.325525
      type: 'test'
      ...
    # Subtest: PAYOFF_WITHOUT_SETUP fires when a payoff references an unseeded thread
    ok 3 - PAYOFF_WITHOUT_SETUP fires when a payoff references an unseeded thread
      ---
      duration_ms: 0.668231
      type: 'test'
      ...
    # Subtest: PAYOFF_WITHOUT_SETUP does NOT fire when the payoff thread was seeded earlier
    ok 4 - PAYOFF_WITHOUT_SETUP does NOT fire when the payoff thread was seeded earlier
      ---
      duration_ms: 0.292839
      type: 'test'
      ...
    # Subtest: SUSPENSE_PLATEAU_FLATLINE fires when 4+ consecutive scenes hold flat suspense
    ok 5 - SUSPENSE_PLATEAU_FLATLINE fires when 4+ consecutive scenes hold flat suspense
      ---
      duration_ms: 1.341501
      type: 'test'
      ...
    # Subtest: SUSPENSE_PLATEAU_FLATLINE does NOT fire when suspense moves regularly
    ok 6 - SUSPENSE_PLATEAU_FLATLINE does NOT fire when suspense moves regularly
      ---
      duration_ms: 0.827212
      type: 'test'
      ...
    1..6
ok 1115 - Wave 254 — causalityPass: clue-seed cluster, payoff without setup, suspense plateau flatline
  ---
  duration_ms: 6.264544
  type: 'suite'
  ...
# Subtest: Wave 240 — causalityPass: curiosity open loop, revelation without curiosity, emotional whiplash
    # Subtest: CURIOSITY_OPEN_LOOP fires when curiosity spikes have no downstream revelation
    ok 1 - CURIOSITY_OPEN_LOOP fires when curiosity spikes have no downstream revelation
      ---
      duration_ms: 0.924337
      type: 'test'
      ...
    # Subtest: CURIOSITY_OPEN_LOOP does NOT fire when a revelation follows the first curiosity spike
    ok 2 - CURIOSITY_OPEN_LOOP does NOT fire when a revelation follows the first curiosity spike
      ---
      duration_ms: 0.779972
      type: 'test'
      ...
    # Subtest: REVELATION_WITHOUT_CURIOSITY fires when revelations land but no scene ever raises curiosity
    ok 3 - REVELATION_WITHOUT_CURIOSITY fires when revelations land but no scene ever raises curiosity
      ---
      duration_ms: 0.730773
      type: 'test'
      ...
    # Subtest: REVELATION_WITHOUT_CURIOSITY does NOT fire when curiosity is raised somewhere
    ok 4 - REVELATION_WITHOUT_CURIOSITY does NOT fire when curiosity is raised somewhere
      ---
      duration_ms: 0.749987
      type: 'test'
      ...
    # Subtest: EMOTIONAL_WHIPLASH fires when emotional polarity oscillates with no causal pivot
    ok 5 - EMOTIONAL_WHIPLASH fires when emotional polarity oscillates with no causal pivot
      ---
      duration_ms: 0.768579
      type: 'test'
      ...
    # Subtest: EMOTIONAL_WHIPLASH does NOT fire when the oscillation is motivated by a causal event
    ok 6 - EMOTIONAL_WHIPLASH does NOT fire when the oscillation is motivated by a causal event
      ---
      duration_ms: 1.17065
      type: 'test'
      ...
    1..6
ok 1116 - Wave 240 — causalityPass: curiosity open loop, revelation without curiosity, emotional whiplash
  ---
  duration_ms: 5.381024
  type: 'suite'
  ...
# Subtest: Wave 212 — causalityPass: setup-payoff imbalance, act2 causal desert, causal midpoint void
    # Subtest: SETUP_PAYOFF_IMBALANCE fires when 5+ seeds exist but only 1 payoff closes them
    ok 1 - SETUP_PAYOFF_IMBALANCE fires when 5+ seeds exist but only 1 payoff closes them
      ---
      duration_ms: 1.419516
      type: 'test'
      ...
    # Subtest: SETUP_PAYOFF_IMBALANCE does not fire when payoffs close enough threads
    ok 2 - SETUP_PAYOFF_IMBALANCE does not fire when payoffs close enough threads
      ---
      duration_ms: 1.144593
      type: 'test'
      ...
    # Subtest: ACT2_CAUSAL_DESERT fires when the entire act 2 contains no causal event
    ok 3 - ACT2_CAUSAL_DESERT fires when the entire act 2 contains no causal event
      ---
      duration_ms: 1.866155
      type: 'test'
      ...
    # Subtest: ACT2_CAUSAL_DESERT does not fire when act 2 contains a seed
    ok 4 - ACT2_CAUSAL_DESERT does not fire when act 2 contains a seed
      ---
      duration_ms: 0.962387
      type: 'test'
      ...
    # Subtest: CAUSAL_MIDPOINT_VOID fires when the midpoint zone has no causal event but act 2 does
    ok 5 - CAUSAL_MIDPOINT_VOID fires when the midpoint zone has no causal event but act 2 does
      ---
      duration_ms: 1.887165
      type: 'test'
      ...
    # Subtest: CAUSAL_MIDPOINT_VOID does not fire when the midpoint zone contains a causal event
    ok 6 - CAUSAL_MIDPOINT_VOID does not fire when the midpoint zone contains a causal event
      ---
      duration_ms: 0.972968
      type: 'test'
      ...
    1..6
ok 1117 - Wave 212 — causalityPass: setup-payoff imbalance, act2 causal desert, causal midpoint void
  ---
  duration_ms: 8.534907
  type: 'suite'
  ...
# Subtest: Wave 197 — causalityPass: causal act1 void, act3 discharge absent, motivation reversal
    # Subtest: CAUSAL_ACT1_VOID fires when act1 has no clues, clock, or relationship signals
    ok 1 - CAUSAL_ACT1_VOID fires when act1 has no clues, clock, or relationship signals
      ---
      duration_ms: 0.934395
      type: 'test'
      ...
    # Subtest: CAUSAL_ACT1_VOID does not fire when act1 contains a causal signal
    ok 2 - CAUSAL_ACT1_VOID does not fire when act1 contains a causal signal
      ---
      duration_ms: 0.983982
      type: 'test'
      ...
    # Subtest: ACT3_DISCHARGE_ABSENT fires when seeds exist but act3 has no payoffs or revelations
    ok 3 - ACT3_DISCHARGE_ABSENT fires when seeds exist but act3 has no payoffs or revelations
      ---
      duration_ms: 0.818596
      type: 'test'
      ...
    # Subtest: ACT3_DISCHARGE_ABSENT does not fire when act3 contains a revelation
    ok 4 - ACT3_DISCHARGE_ABSENT does not fire when act3 contains a revelation
      ---
      duration_ms: 1.097857
      type: 'test'
      ...
    # Subtest: MOTIVATION_REVERSAL_UNCAUSED fires when same-pair positive then negative shift has no cause
    ok 5 - MOTIVATION_REVERSAL_UNCAUSED fires when same-pair positive then negative shift has no cause
      ---
      duration_ms: 1.507866
      type: 'test'
      ...
    # Subtest: MOTIVATION_REVERSAL_UNCAUSED does not fire when a clock raise explains the reversal
    ok 6 - MOTIVATION_REVERSAL_UNCAUSED does not fire when a clock raise explains the reversal
      ---
      duration_ms: 0.710482
      type: 'test'
      ...
    1..6
ok 1118 - Wave 197 — causalityPass: causal act1 void, act3 discharge absent, motivation reversal
  ---
  duration_ms: 6.326565
  type: 'suite'
  ...
# Subtest: Wave 130 — Causality pass REVELATION_WITHOUT_SETUP fix
    # Subtest: does NOT fire REVELATION_WITHOUT_SETUP when prev scene has unrelated clue
    ok 1 - does NOT fire REVELATION_WITHOUT_SETUP when prev scene has unrelated clue
      ---
      duration_ms: 0.588819
      type: 'test'
      ...
    1..1
ok 1119 - Wave 130 — Causality pass REVELATION_WITHOUT_SETUP fix
  ---
  duration_ms: 0.674783
  type: 'suite'
  ...
# Subtest: Wave 1191 — causalityPass: Sin Check detector pack
    # Subtest: PLOT_ARMOR
        # Subtest: fires when the protagonist survives 3+ danger scenes with zero cost
        ok 1 - fires when the protagonist survives 3+ danger scenes with zero cost
          ---
          duration_ms: 1.558269
          type: 'test'
          ...
        # Subtest: does NOT fire when one danger scene carries an injury cost
        ok 2 - does NOT fire when one danger scene carries an injury cost
          ---
          duration_ms: 0.685291
          type: 'test'
          ...
        # Subtest: does NOT fire for a comedy-coded genre with only 3 danger scenes (threshold bumps to 4)
        ok 3 - does NOT fire for a comedy-coded genre with only 3 danger scenes (threshold bumps to 4)
          ---
          duration_ms: 0.729779
          type: 'test'
          ...
        # Subtest: does NOT fire with only 2 qualifying danger scenes
        ok 4 - does NOT fire with only 2 qualifying danger scenes
          ---
          duration_ms: 0.701188
          type: 'test'
          ...
        1..4
    ok 1 - PLOT_ARMOR
      ---
      duration_ms: 3.863384
      type: 'suite'
      ...
    # Subtest: COINCIDENCE_RESOLUTION
        # Subtest: fires when a payoff scene uses lucky-arrival phrasing to introduce a brand-new noun
        ok 1 - fires when a payoff scene uses lucky-arrival phrasing to introduce a brand-new noun
          ---
          duration_ms: 1.389727
          type: 'test'
          ...
        # Subtest: does NOT fire when the resolving noun already appeared in an earlier scene
        ok 2 - does NOT fire when the resolving noun already appeared in an earlier scene
          ---
          duration_ms: 4.802837
          type: 'test'
          ...
        # Subtest: does NOT fire when the payoff traces to an earlier seeded clue
        ok 3 - does NOT fire when the payoff traces to an earlier seeded clue
          ---
          duration_ms: 0.763125
          type: 'test'
          ...
        1..3
    ok 2 - COINCIDENCE_RESOLUTION
      ---
      duration_ms: 7.117959
      type: 'suite'
      ...
    # Subtest: COINCIDENCE_RESOLVES_PROBLEM
        # Subtest: fires when a sharp suspense drop uses lucky-arrival phrasing after tension was raised
        ok 1 - fires when a sharp suspense drop uses lucky-arrival phrasing after tension was raised
          ---
          duration_ms: 0.715746
          type: 'test'
          ...
        # Subtest: does NOT fire when no standing problem was ever raised before the coincidental drop
        ok 2 - does NOT fire when no standing problem was ever raised before the coincidental drop
          ---
          duration_ms: 0.337403
          type: 'test'
          ...
        1..2
    ok 3 - COINCIDENCE_RESOLVES_PROBLEM
      ---
      duration_ms: 1.190715
      type: 'suite'
      ...
    # Subtest: UNMOTIVATED_BETRAYAL
        # Subtest: fires when an ally bond flips to hostile with zero prior strain, vocab, or revelation
        ok 1 - fires when an ally bond flips to hostile with zero prior strain, vocab, or revelation
          ---
          duration_ms: 0.77013
          type: 'test'
          ...
        # Subtest: does NOT fire when a negative shift for the pair appears before the hostile flip
        ok 2 - does NOT fire when a negative shift for the pair appears before the hostile flip
          ---
          duration_ms: 0.356081
          type: 'test'
          ...
        # Subtest: does NOT fire when suspicion/deception vocabulary appears in the run-up
        ok 3 - does NOT fire when suspicion/deception vocabulary appears in the run-up
          ---
          duration_ms: 0.698323
          type: 'test'
          ...
        # Subtest: does NOT fire when an earlier revelation names either character
        ok 4 - does NOT fire when an earlier revelation names either character
          ---
          duration_ms: 2.005755
          type: 'test'
          ...
        1..4
    ok 4 - UNMOTIVATED_BETRAYAL
      ---
      duration_ms: 4.030139
      type: 'suite'
      ...
    # Subtest: PROTAGONIST_UNTESTED
        # Subtest: fires when the protagonist never takes a setback while the story shows negativity elsewhere
        ok 1 - fires when the protagonist never takes a setback while the story shows negativity elsewhere
          ---
          duration_ms: 0.811553
          type: 'test'
          ...
        # Subtest: does NOT fire when the protagonist takes a setback
        ok 2 - does NOT fire when the protagonist takes a setback
          ---
          duration_ms: 0.818142
          type: 'test'
          ...
        # Subtest: does NOT fire when the story shows no negativity anywhere (flat draft, not Mary Sue)
        ok 3 - does NOT fire when the story shows no negativity anywhere (flat draft, not Mary Sue)
          ---
          duration_ms: 0.346163
          type: 'test'
          ...
        1..3
    ok 5 - PROTAGONIST_UNTESTED
      ---
      duration_ms: 2.366235
      type: 'suite'
      ...
    1..5
ok 1120 - Wave 1191 — causalityPass: Sin Check detector pack
  ---
  duration_ms: 18.843284
  type: 'suite'
  ...
# {"time":"2026-08-05T02:28:48.223Z","level":"warn","msg":"collab_secret_generated","message":"COLLAB_SECRET not set — generated an ephemeral per-process secret. Set COLLAB_SECRET in any multi-process or restart-prone deployment."}
# {"time":"2026-08-05T02:28:48.274Z","level":"warn","msg":"revision_rewrite_failed","passName":"character-arc","message":"Gemini provider not available (GEMINI_API_KEY not set)"}
# {"time":"2026-08-05T02:28:48.278Z","level":"warn","msg":"revision_rewrite_failed","passName":"character-arc","message":"Gemini provider not available (GEMINI_API_KEY not set)"}
# {"time":"2026-08-05T02:28:48.280Z","level":"warn","msg":"revision_rewrite_failed","passName":"character-arc","message":"Gemini provider not available (GEMINI_API_KEY not set)"}
# {"time":"2026-08-05T02:28:48.282Z","level":"warn","msg":"revision_rewrite_failed","passName":"character-arc","message":"Gemini provider not available (GEMINI_API_KEY not set)"}
# {"time":"2026-08-05T02:28:48.289Z","level":"warn","msg":"revision_rewrite_failed","passName":"character-arc","message":"Gemini provider not available (GEMINI_API_KEY not set)"}
# {"time":"2026-08-05T02:28:48.290Z","level":"warn","msg":"revision_rewrite_failed","passName":"character-arc","message":"Gemini provider not available (GEMINI_API_KEY not set)"}
# {"time":"2026-08-05T02:28:48.293Z","level":"warn","msg":"revision_rewrite_failed","passName":"character-arc","message":"Gemini provider not available (GEMINI_API_KEY not set)"}
# {"time":"2026-08-05T02:28:48.294Z","level":"warn","msg":"revision_rewrite_failed","passName":"character-arc","message":"Gemini provider not available (GEMINI_API_KEY not set)"}
# {"time":"2026-08-05T02:28:48.296Z","level":"warn","msg":"revision_rewrite_failed","passName":"character-arc","message":"Gemini provider not available (GEMINI_API_KEY not set)"}
# {"time":"2026-08-05T02:28:48.298Z","level":"warn","msg":"revision_rewrite_failed","passName":"character-arc","message":"Gemini provider not available (GEMINI_API_KEY not set)"}
# {"time":"2026-08-05T02:28:48.299Z","level":"warn","msg":"revision_rewrite_failed","passName":"character-arc","message":"Gemini provider not available (GEMINI_API_KEY not set)"}
# {"time":"2026-08-05T02:28:48.300Z","level":"warn","msg":"revision_rewrite_failed","passName":"character-arc","message":"Gemini provider not available (GEMINI_API_KEY not set)"}
# {"time":"2026-08-05T02:28:48.302Z","level":"warn","msg":"revision_rewrite_failed","passName":"character-arc","message":"Gemini provider not available (GEMINI_API_KEY not set)"}
# {"time":"2026-08-05T02:28:48.304Z","level":"warn","msg":"revision_rewrite_failed","passName":"character-arc","message":"Gemini provider not available (GEMINI_API_KEY not set)"}
# {"time":"2026-08-05T02:28:48.305Z","level":"warn","msg":"revision_rewrite_failed","passName":"character-arc","message":"Gemini provider not available (GEMINI_API_KEY not set)"}
# {"time":"2026-08-05T02:28:48.307Z","level":"warn","msg":"revision_rewrite_failed","passName":"character-arc","message":"Gemini provider not available (GEMINI_API_KEY not set)"}
# {"time":"2026-08-05T02:28:48.308Z","level":"warn","msg":"revision_rewrite_failed","passName":"character-arc","message":"Gemini provider not available (GEMINI_API_KEY not set)"}
# {"time":"2026-08-05T02:28:48.309Z","level":"warn","msg":"revision_rewrite_failed","passName":"character-arc","message":"Gemini provider not available (GEMINI_API_KEY not set)"}
# {"time":"2026-08-05T02:28:48.324Z","level":"warn","msg":"revision_rewrite_failed","passName":"character-arc","message":"Gemini provider not available (GEMINI_API_KEY not set)"}
# {"time":"2026-08-05T02:28:48.326Z","level":"warn","msg":"revision_rewrite_failed","passName":"character-arc","message":"Gemini provider not available (GEMINI_API_KEY not set)"}
# {"time":"2026-08-05T02:28:48.328Z","level":"warn","msg":"revision_rewrite_failed","passName":"character-arc","message":"Gemini provider not available (GEMINI_API_KEY not set)"}
# {"time":"2026-08-05T02:28:48.329Z","level":"warn","msg":"revision_rewrite_failed","passName":"character-arc","message":"Gemini provider not available (GEMINI_API_KEY not set)"}
# {"time":"2026-08-05T02:28:48.331Z","level":"warn","msg":"revision_rewrite_failed","passName":"character-arc","message":"Gemini provider not available (GEMINI_API_KEY not set)"}
# {"time":"2026-08-05T02:28:48.333Z","level":"warn","msg":"revision_rewrite_failed","passName":"character-arc","message":"Gemini provider not available (GEMINI_API_KEY not set)"}
# {"time":"2026-08-05T02:28:48.335Z","level":"warn","msg":"revision_rewrite_failed","passName":"character-arc","message":"Gemini provider not available (GEMINI_API_KEY not set)"}
# {"time":"2026-08-05T02:28:48.336Z","level":"warn","msg":"revision_rewrite_failed","passName":"character-arc","message":"Gemini provider not available (GEMINI_API_KEY not set)"}
# {"time":"2026-08-05T02:28:48.338Z","level":"warn","msg":"revision_rewrite_failed","passName":"character-arc","message":"Gemini provider not available (GEMINI_API_KEY not set)"}
# {"time":"2026-08-05T02:28:48.339Z","level":"warn","msg":"revision_rewrite_failed","passName":"character-arc","message":"Gemini provider not available (GEMINI_API_KEY not set)"}
# {"time":"2026-08-05T02:28:48.341Z","level":"warn","msg":"revision_rewrite_failed","passName":"character-arc","message":"Gemini provider not available (GEMINI_API_KEY not set)"}
# {"time":"2026-08-05T02:28:48.342Z","level":"warn","msg":"revision_rewrite_failed","passName":"character-arc","message":"Gemini provider not available (GEMINI_API_KEY not set)"}
# {"time":"2026-08-05T02:28:48.343Z","level":"warn","msg":"revision_rewrite_failed","passName":"character-arc","message":"Gemini provider not available (GEMINI_API_KEY not set)"}
# {"time":"2026-08-05T02:28:48.345Z","level":"warn","msg":"revision_rewrite_failed","passName":"character-arc","message":"Gemini provider not available (GEMINI_API_KEY not set)"}
# {"time":"2026-08-05T02:28:48.346Z","level":"warn","msg":"revision_rewrite_failed","passName":"character-arc","message":"Gemini provider not available (GEMINI_API_KEY not set)"}
# {"time":"2026-08-05T02:28:48.348Z","level":"warn","msg":"revision_rewrite_failed","passName":"character-arc","message":"Gemini provider not available (GEMINI_API_KEY not set)"}
# {"time":"2026-08-05T02:28:48.349Z","level":"warn","msg":"revision_rewrite_failed","passName":"character-arc","message":"Gemini provider not available (GEMINI_API_KEY not set)"}
# {"time":"2026-08-05T02:28:48.350Z","level":"warn","msg":"revision_rewrite_failed","passName":"character-arc","message":"Gemini provider not available (GEMINI_API_KEY not set)"}
# {"time":"2026-08-05T02:28:48.352Z","level":"warn","msg":"revision_rewrite_failed","passName":"character-arc","message":"Gemini provider not available (GEMINI_API_KEY not set)"}
# {"time":"2026-08-05T02:28:48.353Z","level":"warn","msg":"revision_rewrite_failed","passName":"character-arc","message":"Gemini provider not available (GEMINI_API_KEY not set)"}
# {"time":"2026-08-05T02:28:48.355Z","level":"warn","msg":"revision_rewrite_failed","passName":"character-arc","message":"Gemini provider not available (GEMINI_API_KEY not set)"}
# {"time":"2026-08-05T02:28:48.356Z","level":"warn","msg":"revision_rewrite_failed","passName":"character-arc","message":"Gemini provider not available (GEMINI_API_KEY not set)"}
# {"time":"2026-08-05T02:28:48.357Z","level":"warn","msg":"revision_rewrite_failed","passName":"character-arc","message":"Gemini provider not available (GEMINI_API_KEY not set)"}
# {"time":"2026-08-05T02:28:48.358Z","level":"warn","msg":"revision_rewrite_failed","passName":"character-arc","message":"Gemini provider not available (GEMINI_API_KEY not set)"}
# {"time":"2026-08-05T02:28:48.360Z","level":"warn","msg":"revision_rewrite_failed","passName":"character-arc","message":"Gemini provider not available (GEMINI_API_KEY not set)"}
# {"time":"2026-08-05T02:28:48.361Z","level":"warn","msg":"revision_rewrite_failed","passName":"character-arc","message":"Gemini provider not available (GEMINI_API_KEY not set)"}
# {"time":"2026-08-05T02:28:48.362Z","level":"warn","msg":"revision_rewrite_failed","passName":"character-arc","message":"Gemini provider not available (GEMINI_API_KEY not set)"}
# {"time":"2026-08-05T02:28:48.363Z","level":"warn","msg":"revision_rewrite_failed","passName":"character-arc","message":"Gemini provider not available (GEMINI_API_KEY not set)"}
# {"time":"2026-08-05T02:28:48.365Z","level":"warn","msg":"revision_rewrite_failed","passName":"character-arc","message":"Gemini provider not available (GEMINI_API_KEY not set)"}
# {"time":"2026-08-05T02:28:48.366Z","level":"warn","msg":"revision_rewrite_failed","passName":"character-arc","message":"Gemini provider not available (GEMINI_API_KEY not set)"}
# {"time":"2026-08-05T02:28:48.367Z","level":"warn","msg":"revision_rewrite_failed","passName":"character-arc","message":"Gemini provider not available (GEMINI_API_KEY not set)"}
# {"time":"2026-08-05T02:28:48.369Z","level":"warn","msg":"revision_rewrite_failed","passName":"character-arc","message":"Gemini provider not available (GEMINI_API_KEY not set)"}
# {"time":"2026-08-05T02:28:48.370Z","level":"warn","msg":"revision_rewrite_failed","passName":"character-arc","message":"Gemini provider not available (GEMINI_API_KEY not set)"}
# {"time":"2026-08-05T02:28:48.371Z","level":"warn","msg":"revision_rewrite_failed","passName":"character-arc","message":"Gemini provider not available (GEMINI_API_KEY not set)"}
# {"time":"2026-08-05T02:28:48.372Z","level":"warn","msg":"revision_rewrite_failed","passName":"character-arc","message":"Gemini provider not available (GEMINI_API_KEY not set)"}
# {"time":"2026-08-05T02:28:48.373Z","level":"warn","msg":"revision_rewrite_failed","passName":"character-arc","message":"Gemini provider not available (GEMINI_API_KEY not set)"}
# {"time":"2026-08-05T02:28:48.374Z","level":"warn","msg":"revision_rewrite_failed","passName":"character-arc","message":"Gemini provider not available (GEMINI_API_KEY not set)"}
# {"time":"2026-08-05T02:28:48.376Z","level":"warn","msg":"revision_rewrite_failed","passName":"character-arc","message":"Gemini provider not available (GEMINI_API_KEY not set)"}
# {"time":"2026-08-05T02:28:48.378Z","level":"warn","msg":"revision_rewrite_failed","passName":"character-arc","message":"Gemini provider not available (GEMINI_API_KEY not set)"}
# {"time":"2026-08-05T02:28:48.379Z","level":"warn","msg":"revision_rewrite_failed","passName":"character-arc","message":"Gemini provider not available (GEMINI_API_KEY not set)"}
# {"time":"2026-08-05T02:28:48.380Z","level":"warn","msg":"revision_rewrite_failed","passName":"character-arc","message":"Gemini provider not available (GEMINI_API_KEY not set)"}
# {"time":"2026-08-05T02:28:48.381Z","level":"warn","msg":"revision_rewrite_failed","passName":"character-arc","message":"Gemini provider not available (GEMINI_API_KEY not set)"}
# {"time":"2026-08-05T02:28:48.382Z","level":"warn","msg":"revision_rewrite_failed","passName":"character-arc","message":"Gemini provider not available (GEMINI_API_KEY not set)"}
# {"time":"2026-08-05T02:28:48.384Z","level":"warn","msg":"revision_rewrite_failed","passName":"character-arc","message":"Gemini provider not available (GEMINI_API_KEY not set)"}
# {"time":"2026-08-05T02:28:48.385Z","level":"warn","msg":"revision_rewrite_failed","passName":"character-arc","message":"Gemini provider not available (GEMINI_API_KEY not set)"}
# {"time":"2026-08-05T02:28:48.386Z","level":"warn","msg":"revision_rewrite_failed","passName":"character-arc","message":"Gemini provider not available (GEMINI_API_KEY not set)"}
# {"time":"2026-08-05T02:28:48.387Z","level":"warn","msg":"revision_rewrite_failed","passName":"character-arc","message":"Gemini provider not available (GEMINI_API_KEY not set)"}
# {"time":"2026-08-05T02:28:48.388Z","level":"warn","msg":"revision_rewrite_failed","passName":"character-arc","message":"Gemini provider not available (GEMINI_API_KEY not set)"}
# {"time":"2026-08-05T02:28:48.389Z","level":"warn","msg":"revision_rewrite_failed","passName":"character-arc","message":"Gemini provider not available (GEMINI_API_KEY not set)"}
# {"time":"2026-08-05T02:28:48.397Z","level":"warn","msg":"revision_rewrite_failed","passName":"character-arc","message":"Gemini provider not available (GEMINI_API_KEY not set)"}
# {"time":"2026-08-05T02:28:48.398Z","level":"warn","msg":"revision_rewrite_failed","passName":"character-arc","message":"Gemini provider not available (GEMINI_API_KEY not set)"}
# {"time":"2026-08-05T02:28:48.399Z","level":"warn","msg":"revision_rewrite_failed","passName":"character-arc","message":"Gemini provider not available (GEMINI_API_KEY not set)"}
# {"time":"2026-08-05T02:28:48.400Z","level":"warn","msg":"revision_rewrite_failed","passName":"character-arc","message":"Gemini provider not available (GEMINI_API_KEY not set)"}
# {"time":"2026-08-05T02:28:48.401Z","level":"warn","msg":"revision_rewrite_failed","passName":"character-arc","message":"Gemini provider not available (GEMINI_API_KEY not set)"}
# {"time":"2026-08-05T02:28:48.403Z","level":"warn","msg":"revision_rewrite_failed","passName":"character-arc","message":"Gemini provider not available (GEMINI_API_KEY not set)"}
# {"time":"2026-08-05T02:28:48.404Z","level":"warn","msg":"revision_rewrite_failed","passName":"character-arc","message":"Gemini provider not available (GEMINI_API_KEY not set)"}
# {"time":"2026-08-05T02:28:48.405Z","level":"warn","msg":"revision_rewrite_failed","passName":"character-arc","message":"Gemini provider not available (GEMINI_API_KEY not set)"}
# {"time":"2026-08-05T02:28:48.406Z","level":"warn","msg":"revision_rewrite_failed","passName":"character-arc","message":"Gemini provider not available (GEMINI_API_KEY not set)"}
# {"time":"2026-08-05T02:28:48.407Z","level":"warn","msg":"revision_rewrite_failed","passName":"character-arc","message":"Gemini provider not available (GEMINI_API_KEY not set)"}
# {"time":"2026-08-05T02:28:48.408Z","level":"warn","msg":"revision_rewrite_failed","passName":"character-arc","message":"Gemini provider not available (GEMINI_API_KEY not set)"}
# {"time":"2026-08-05T02:28:48.410Z","level":"warn","msg":"revision_rewrite_failed","passName":"character-arc","message":"Gemini provider not available (GEMINI_API_KEY not set)"}
# {"time":"2026-08-05T02:28:48.411Z","level":"warn","msg":"revision_rewrite_failed","passName":"character-arc","message":"Gemini provider not available (GEMINI_API_KEY not set)"}
# {"time":"2026-08-05T02:28:48.412Z","level":"warn","msg":"revision_rewrite_failed","passName":"character-arc","message":"Gemini provider not available (GEMINI_API_KEY not set)"}
# {"time":"2026-08-05T02:28:48.413Z","level":"warn","msg":"revision_rewrite_failed","passName":"character-arc","message":"Gemini provider not available (GEMINI_API_KEY not set)"}
# {"time":"2026-08-05T02:28:48.414Z","level":"warn","msg":"revision_rewrite_failed","passName":"character-arc","message":"Gemini provider not available (GEMINI_API_KEY not set)"}
# {"time":"2026-08-05T02:28:48.415Z","level":"warn","msg":"revision_rewrite_failed","passName":"character-arc","message":"Gemini provider not available (GEMINI_API_KEY not set)"}
# {"time":"2026-08-05T02:28:48.417Z","level":"warn","msg":"revision_rewrite_failed","passName":"character-arc","message":"Gemini provider not available (GEMINI_API_KEY not set)"}
# {"time":"2026-08-05T02:28:48.418Z","level":"warn","msg":"revision_rewrite_failed","passName":"character-arc","message":"Gemini provider not available (GEMINI_API_KEY not set)"}
# {"time":"2026-08-05T02:28:48.419Z","level":"warn","msg":"revision_rewrite_failed","passName":"character-arc","message":"Gemini provider not available (GEMINI_API_KEY not set)"}
# {"time":"2026-08-05T02:28:48.421Z","level":"warn","msg":"revision_rewrite_failed","passName":"character-arc","message":"Gemini provider not available (GEMINI_API_KEY not set)"}
# {"time":"2026-08-05T02:28:48.422Z","level":"warn","msg":"revision_rewrite_failed","passName":"character-arc","message":"Gemini provider not available (GEMINI_API_KEY not set)"}
# {"time":"2026-08-05T02:28:48.423Z","level":"warn","msg":"revision_rewrite_failed","passName":"character-arc","message":"Gemini provider not available (GEMINI_API_KEY not set)"}
# {"time":"2026-08-05T02:28:48.424Z","level":"warn","msg":"revision_rewrite_failed","passName":"character-arc","message":"Gemini provider not available (GEMINI_API_KEY not set)"}
# {"time":"2026-08-05T02:28:48.426Z","level":"warn","msg":"revision_rewrite_failed","passName":"character-arc","message":"Gemini provider not available (GEMINI_API_KEY not set)"}
# {"time":"2026-08-05T02:28:48.428Z","level":"warn","msg":"revision_rewrite_failed","passName":"character-arc","message":"Gemini provider not available (GEMINI_API_KEY not set)"}
# {"time":"2026-08-05T02:28:48.429Z","level":"warn","msg":"revision_rewrite_failed","passName":"character-arc","message":"Gemini provider not available (GEMINI_API_KEY not set)"}
# {"time":"2026-08-05T02:28:48.430Z","level":"warn","msg":"revision_rewrite_failed","passName":"character-arc","message":"Gemini provider not available (GEMINI_API_KEY not set)"}
# {"time":"2026-08-05T02:28:48.431Z","level":"warn","msg":"revision_rewrite_failed","passName":"character-arc","message":"Gemini provider not available (GEMINI_API_KEY not set)"}
# {"time":"2026-08-05T02:28:48.432Z","level":"warn","msg":"revision_rewrite_failed","passName":"character-arc","message":"Gemini provider not available (GEMINI_API_KEY not set)"}
# {"time":"2026-08-05T02:28:48.433Z","level":"warn","msg":"revision_rewrite_failed","passName":"character-arc","message":"Gemini provider not available (GEMINI_API_KEY not set)"}
# {"time":"2026-08-05T02:28:48.435Z","level":"warn","msg":"revision_rewrite_failed","passName":"character-arc","message":"Gemini provider not available (GEMINI_API_KEY not set)"}
# {"time":"2026-08-05T02:28:48.436Z","level":"warn","msg":"revision_rewrite_failed","passName":"character-arc","message":"Gemini provider not available (GEMINI_API_KEY not set)"}
# {"time":"2026-08-05T02:28:48.437Z","level":"warn","msg":"revision_rewrite_failed","passName":"character-arc","message":"Gemini provider not available (GEMINI_API_KEY not set)"}
# {"time":"2026-08-05T02:28:48.438Z","level":"warn","msg":"revision_rewrite_failed","passName":"character-arc","message":"Gemini provider not available (GEMINI_API_KEY not set)"}
# {"time":"2026-08-05T02:28:48.440Z","level":"warn","msg":"revision_rewrite_failed","passName":"character-arc","message":"Gemini provider not available (GEMINI_API_KEY not set)"}
# {"time":"2026-08-05T02:28:48.441Z","level":"warn","msg":"revision_rewrite_failed","passName":"character-arc","message":"Gemini provider not available (GEMINI_API_KEY not set)"}
# {"time":"2026-08-05T02:28:48.442Z","level":"warn","msg":"revision_rewrite_failed","passName":"character-arc","message":"Gemini provider not available (GEMINI_API_KEY not set)"}
# {"time":"2026-08-05T02:28:48.443Z","level":"warn","msg":"revision_rewrite_failed","passName":"character-arc","message":"Gemini provider not available (GEMINI_API_KEY not set)"}
# {"time":"2026-08-05T02:28:48.444Z","level":"warn","msg":"revision_rewrite_failed","passName":"character-arc","message":"Gemini provider not available (GEMINI_API_KEY not set)"}
# {"time":"2026-08-05T02:28:48.445Z","level":"warn","msg":"revision_rewrite_failed","passName":"character-arc","message":"Gemini provider not available (GEMINI_API_KEY not set)"}
# {"time":"2026-08-05T02:28:48.447Z","level":"warn","msg":"revision_rewrite_failed","passName":"character-arc","message":"Gemini provider not available (GEMINI_API_KEY not set)"}
# {"time":"2026-08-05T02:28:48.448Z","level":"warn","msg":"revision_rewrite_failed","passName":"character-arc","message":"Gemini provider not available (GEMINI_API_KEY not set)"}
# {"time":"2026-08-05T02:28:48.449Z","level":"warn","msg":"revision_rewrite_failed","passName":"character-arc","message":"Gemini provider not available (GEMINI_API_KEY not set)"}
# {"time":"2026-08-05T02:28:48.450Z","level":"warn","msg":"revision_rewrite_failed","passName":"character-arc","message":"Gemini provider not available (GEMINI_API_KEY not set)"}
# {"time":"2026-08-05T02:28:48.452Z","level":"warn","msg":"revision_rewrite_failed","passName":"character-arc","message":"Gemini provider not available (GEMINI_API_KEY not set)"}
# {"time":"2026-08-05T02:28:48.453Z","level":"warn","msg":"revision_rewrite_failed","passName":"character-arc","message":"Gemini provider not available (GEMINI_API_KEY not set)"}
# {"time":"2026-08-05T02:28:48.454Z","level":"warn","msg":"revision_rewrite_failed","passName":"character-arc","message":"Gemini provider not available (GEMINI_API_KEY not set)"}
# {"time":"2026-08-05T02:28:48.455Z","level":"warn","msg":"revision_rewrite_failed","passName":"character-arc","message":"Gemini provider not available (GEMINI_API_KEY not set)"}
# {"time":"2026-08-05T02:28:48.457Z","level":"warn","msg":"revision_rewrite_failed","passName":"character-arc","message":"Gemini provider not available (GEMINI_API_KEY not set)"}
# {"time":"2026-08-05T02:28:48.458Z","level":"warn","msg":"revision_rewrite_failed","passName":"character-arc","message":"Gemini provider not available (GEMINI_API_KEY not set)"}
# {"time":"2026-08-05T02:28:48.459Z","level":"warn","msg":"revision_rewrite_failed","passName":"character-arc","message":"Gemini provider not available (GEMINI_API_KEY not set)"}
# {"time":"2026-08-05T02:28:48.460Z","level":"warn","msg":"revision_rewrite_failed","passName":"character-arc","message":"Gemini provider not available (GEMINI_API_KEY not set)"}
# {"time":"2026-08-05T02:28:48.462Z","level":"warn","msg":"revision_rewrite_failed","passName":"character-arc","message":"Gemini provider not available (GEMINI_API_KEY not set)"}
# {"time":"2026-08-05T02:28:48.463Z","level":"warn","msg":"revision_rewrite_failed","passName":"character-arc","message":"Gemini provider not available (GEMINI_API_KEY not set)"}
# {"time":"2026-08-05T02:28:48.464Z","level":"warn","msg":"revision_rewrite_failed","passName":"character-arc","message":"Gemini provider not available (GEMINI_API_KEY not set)"}
# {"time":"2026-08-05T02:28:48.465Z","level":"warn","msg":"revision_rewrite_failed","passName":"character-arc","message":"Gemini provider not available (GEMINI_API_KEY not set)"}
# {"time":"2026-08-05T02:28:48.466Z","level":"warn","msg":"revision_rewrite_failed","passName":"character-arc","message":"Gemini provider not available (GEMINI_API_KEY not set)"}
# {"time":"2026-08-05T02:28:48.467Z","level":"warn","msg":"revision_rewrite_failed","passName":"character-arc","message":"Gemini provider not available (GEMINI_API_KEY not set)"}
# {"time":"2026-08-05T02:28:48.469Z","level":"warn","msg":"revision_rewrite_failed","passName":"character-arc","message":"Gemini provider not available (GEMINI_API_KEY not set)"}
# {"time":"2026-08-05T02:28:48.469Z","level":"warn","msg":"revision_rewrite_failed","passName":"character-arc","message":"Gemini provider not available (GEMINI_API_KEY not set)"}
# {"time":"2026-08-05T02:28:48.471Z","level":"warn","msg":"revision_rewrite_failed","passName":"character-arc","message":"Gemini provider not available (GEMINI_API_KEY not set)"}
# {"time":"2026-08-05T02:28:48.472Z","level":"warn","msg":"revision_rewrite_failed","passName":"character-arc","message":"Gemini provider not available (GEMINI_API_KEY not set)"}
# {"time":"2026-08-05T02:28:48.473Z","level":"warn","msg":"revision_rewrite_failed","passName":"character-arc","message":"Gemini provider not available (GEMINI_API_KEY not set)"}
# {"time":"2026-08-05T02:28:48.474Z","level":"warn","msg":"revision_rewrite_failed","passName":"character-arc","message":"Gemini provider not available (GEMINI_API_KEY not set)"}
# {"time":"2026-08-05T02:28:48.476Z","level":"warn","msg":"revision_rewrite_failed","passName":"character-arc","message":"Gemini provider not available (GEMINI_API_KEY not set)"}
# {"time":"2026-08-05T02:28:48.477Z","level":"warn","msg":"revision_rewrite_failed","passName":"character-arc","message":"Gemini provider not available (GEMINI_API_KEY not set)"}
# {"time":"2026-08-05T02:28:48.479Z","level":"warn","msg":"revision_rewrite_failed","passName":"character-arc","message":"Gemini provider not available (GEMINI_API_KEY not set)"}
# {"time":"2026-08-05T02:28:48.484Z","level":"warn","msg":"revision_rewrite_failed","passName":"character-arc","message":"Gemini provider not available (GEMINI_API_KEY not set)"}
# {"time":"2026-08-05T02:28:48.485Z","level":"warn","msg":"revision_rewrite_failed","passName":"character-arc","message":"Gemini provider not available (GEMINI_API_KEY not set)"}
# {"time":"2026-08-05T02:28:48.486Z","level":"warn","msg":"revision_rewrite_failed","passName":"character-arc","message":"Gemini provider not available (GEMINI_API_KEY not set)"}
# {"time":"2026-08-05T02:28:48.488Z","level":"warn","msg":"revision_rewrite_failed","passName":"character-arc","message":"Gemini provider not available (GEMINI_API_KEY not set)"}
# {"time":"2026-08-05T02:28:48.489Z","level":"warn","msg":"revision_rewrite_failed","passName":"character-arc","message":"Gemini provider not available (GEMINI_API_KEY not set)"}
# {"time":"2026-08-05T02:28:48.490Z","level":"warn","msg":"revision_rewrite_failed","passName":"character-arc","message":"Gemini provider not available (GEMINI_API_KEY not set)"}
# {"time":"2026-08-05T02:28:48.491Z","level":"warn","msg":"revision_rewrite_failed","passName":"character-arc","message":"Gemini provider not available (GEMINI_API_KEY not set)"}
# {"time":"2026-08-05T02:28:48.492Z","level":"warn","msg":"revision_rewrite_failed","passName":"character-arc","message":"Gemini provider not available (GEMINI_API_KEY not set)"}
# {"time":"2026-08-05T02:28:48.493Z","level":"warn","msg":"revision_rewrite_failed","passName":"character-arc","message":"Gemini provider not available (GEMINI_API_KEY not set)"}
# {"time":"2026-08-05T02:28:48.495Z","level":"warn","msg":"revision_rewrite_failed","passName":"character-arc","message":"Gemini provider not available (GEMINI_API_KEY not set)"}
# {"time":"2026-08-05T02:28:48.496Z","level":"warn","msg":"revision_rewrite_failed","passName":"character-arc","message":"Gemini provider not available (GEMINI_API_KEY not set)"}
# {"time":"2026-08-05T02:28:48.497Z","level":"warn","msg":"revision_rewrite_failed","passName":"character-arc","message":"Gemini provider not available (GEMINI_API_KEY not set)"}
# {"time":"2026-08-05T02:28:48.498Z","level":"warn","msg":"revision_rewrite_failed","passName":"character-arc","message":"Gemini provider not available (GEMINI_API_KEY not set)"}
# {"time":"2026-08-05T02:28:48.499Z","level":"warn","msg":"revision_rewrite_failed","passName":"character-arc","message":"Gemini provider not available (GEMINI_API_KEY not set)"}
# {"time":"2026-08-05T02:28:48.500Z","level":"warn","msg":"revision_rewrite_failed","passName":"character-arc","message":"Gemini provider not available (GEMINI_API_KEY not set)"}
# {"time":"2026-08-05T02:28:48.502Z","level":"warn","msg":"revision_rewrite_failed","passName":"character-arc","message":"Gemini provider not available (GEMINI_API_KEY not set)"}
# {"time":"2026-08-05T02:28:48.503Z","level":"warn","msg":"revision_rewrite_failed","passName":"character-arc","message":"Gemini provider not available (GEMINI_API_KEY not set)"}
# {"time":"2026-08-05T02:28:48.504Z","level":"warn","msg":"revision_rewrite_failed","passName":"character-arc","message":"Gemini provider not available (GEMINI_API_KEY not set)"}
# {"time":"2026-08-05T02:28:48.505Z","level":"warn","msg":"revision_rewrite_failed","passName":"character-arc","message":"Gemini provider not available (GEMINI_API_KEY not set)"}
# {"time":"2026-08-05T02:28:48.506Z","level":"warn","msg":"revision_rewrite_failed","passName":"character-arc","message":"Gemini provider not available (GEMINI_API_KEY not set)"}
# {"time":"2026-08-05T02:28:48.507Z","level":"warn","msg":"revision_rewrite_failed","passName":"character-arc","message":"Gemini provider not available (GEMINI_API_KEY not set)"}
# {"time":"2026-08-05T02:28:48.509Z","level":"warn","msg":"revision_rewrite_failed","passName":"character-arc","message":"Gemini provider not available (GEMINI_API_KEY not set)"}
# {"time":"2026-08-05T02:28:48.510Z","level":"warn","msg":"revision_rewrite_failed","passName":"character-arc","message":"Gemini provider not available (GEMINI_API_KEY not set)"}
# {"time":"2026-08-05T02:28:48.511Z","level":"warn","msg":"revision_rewrite_failed","passName":"character-arc","message":"Gemini provider not available (GEMINI_API_KEY not set)"}
# {"time":"2026-08-05T02:28:48.512Z","level":"warn","msg":"revision_rewrite_failed","passName":"character-arc","message":"Gemini provider not available (GEMINI_API_KEY not set)"}
# {"time":"2026-08-05T02:28:48.513Z","level":"warn","msg":"revision_rewrite_failed","passName":"character-arc","message":"Gemini provider not available (GEMINI_API_KEY not set)"}
# {"time":"2026-08-05T02:28:48.514Z","level":"warn","msg":"revision_rewrite_failed","passName":"character-arc","message":"Gemini provider not available (GEMINI_API_KEY not set)"}
# {"time":"2026-08-05T02:28:48.516Z","level":"warn","msg":"revision_rewrite_failed","passName":"character-arc","message":"Gemini provider not available (GEMINI_API_KEY not set)"}
# {"time":"2026-08-05T02:28:48.517Z","level":"warn","msg":"revision_rewrite_failed","passName":"character-arc","message":"Gemini provider not available (GEMINI_API_KEY not set)"}
# {"time":"2026-08-05T02:28:48.518Z","level":"warn","msg":"revision_rewrite_failed","passName":"character-arc","message":"Gemini provider not available (GEMINI_API_KEY not set)"}
# {"time":"2026-08-05T02:28:48.519Z","level":"warn","msg":"revision_rewrite_failed","passName":"character-arc","message":"Gemini provider not available (GEMINI_API_KEY not set)"}
# {"time":"2026-08-05T02:28:48.520Z","level":"warn","msg":"revision_rewrite_failed","passName":"character-arc","message":"Gemini provider not available (GEMINI_API_KEY not set)"}
# {"time":"2026-08-05T02:28:48.521Z","level":"warn","msg":"revision_rewrite_failed","passName":"character-arc","message":"Gemini provider not available (GEMINI_API_KEY not set)"}
# {"time":"2026-08-05T02:28:48.523Z","level":"warn","msg":"revision_rewrite_failed","passName":"character-arc","message":"Gemini provider not available (GEMINI_API_KEY not set)"}
# {"time":"2026-08-05T02:28:48.524Z","level":"warn","msg":"revision_rewrite_failed","passName":"character-arc","message":"Gemini provider not available (GEMINI_API_KEY not set)"}
# {"time":"2026-08-05T02:28:48.525Z","level":"warn","msg":"revision_rewrite_failed","passName":"character-arc","message":"Gemini provider not available (GEMINI_API_KEY not set)"}
# {"time":"2026-08-05T02:28:48.526Z","level":"warn","msg":"revision_rewrite_failed","passName":"character-arc","message":"Gemini provider not available (GEMINI_API_KEY not set)"}
# {"time":"2026-08-05T02:28:48.527Z","level":"warn","msg":"revision_rewrite_failed","passName":"character-arc","message":"Gemini provider not available (GEMINI_API_KEY not set)"}
# {"time":"2026-08-05T02:28:48.528Z","level":"warn","msg":"revision_rewrite_failed","passName":"character-arc","message":"Gemini provider not available (GEMINI_API_KEY not set)"}
# {"time":"2026-08-05T02:28:48.530Z","level":"warn","msg":"revision_rewrite_failed","passName":"character-arc","message":"Gemini provider not available (GEMINI_API_KEY not set)"}
# {"time":"2026-08-05T02:28:48.531Z","level":"warn","msg":"revision_rewrite_failed","passName":"character-arc","message":"Gemini provider not available (GEMINI_API_KEY not set)"}
# {"time":"2026-08-05T02:28:48.532Z","level":"warn","msg":"revision_rewrite_failed","passName":"character-arc","message":"Gemini provider not available (GEMINI_API_KEY not set)"}
# {"time":"2026-08-05T02:28:48.533Z","level":"warn","msg":"revision_rewrite_failed","passName":"character-arc","message":"Gemini provider not available (GEMINI_API_KEY not set)"}
# {"time":"2026-08-05T02:28:48.534Z","level":"warn","msg":"revision_rewrite_failed","passName":"character-arc","message":"Gemini provider not available (GEMINI_API_KEY not set)"}
# {"time":"2026-08-05T02:28:48.535Z","level":"warn","msg":"revision_rewrite_failed","passName":"character-arc","message":"Gemini provider not available (GEMINI_API_KEY not set)"}
# {"time":"2026-08-05T02:28:48.536Z","level":"warn","msg":"revision_rewrite_failed","passName":"character-arc","message":"Gemini provider not available (GEMINI_API_KEY not set)"}
# {"time":"2026-08-05T02:28:48.537Z","level":"warn","msg":"revision_rewrite_failed","passName":"character-arc","message":"Gemini provider not available (GEMINI_API_KEY not set)"}
# {"time":"2026-08-05T02:28:48.538Z","level":"warn","msg":"revision_rewrite_failed","passName":"character-arc","message":"Gemini provider not available (GEMINI_API_KEY not set)"}
# {"time":"2026-08-05T02:28:48.539Z","level":"warn","msg":"revision_rewrite_failed","passName":"character-arc","message":"Gemini provider not available (GEMINI_API_KEY not set)"}
# {"time":"2026-08-05T02:28:48.540Z","level":"warn","msg":"revision_rewrite_failed","passName":"character-arc","message":"Gemini provider not available (GEMINI_API_KEY not set)"}
# {"time":"2026-08-05T02:28:48.541Z","level":"warn","msg":"revision_rewrite_failed","passName":"character-arc","message":"Gemini provider not available (GEMINI_API_KEY not set)"}
# {"time":"2026-08-05T02:28:48.543Z","level":"warn","msg":"revision_rewrite_failed","passName":"character-arc","message":"Gemini provider not available (GEMINI_API_KEY not set)"}
# {"time":"2026-08-05T02:28:48.544Z","level":"warn","msg":"revision_rewrite_failed","passName":"character-arc","message":"Gemini provider not available (GEMINI_API_KEY not set)"}
# {"time":"2026-08-05T02:28:48.545Z","level":"warn","msg":"revision_rewrite_failed","passName":"character-arc","message":"Gemini provider not available (GEMINI_API_KEY not set)"}
# {"time":"2026-08-05T02:28:48.546Z","level":"warn","msg":"revision_rewrite_failed","passName":"character-arc","message":"Gemini provider not available (GEMINI_API_KEY not set)"}
# {"time":"2026-08-05T02:28:48.547Z","level":"warn","msg":"revision_rewrite_failed","passName":"character-arc","message":"Gemini provider not available (GEMINI_API_KEY not set)"}
# {"time":"2026-08-05T02:28:48.548Z","level":"warn","msg":"revision_rewrite_failed","passName":"character-arc","message":"Gemini provider not available (GEMINI_API_KEY not set)"}
# {"time":"2026-08-05T02:28:48.549Z","level":"warn","msg":"revision_rewrite_failed","passName":"character-arc","message":"Gemini provider not available (GEMINI_API_KEY not set)"}
# {"time":"2026-08-05T02:28:48.551Z","level":"warn","msg":"revision_rewrite_failed","passName":"character-arc","message":"Gemini provider not available (GEMINI_API_KEY not set)"}
# {"time":"2026-08-05T02:28:48.552Z","level":"warn","msg":"revision_rewrite_failed","passName":"character-arc","message":"Gemini provider not available (GEMINI_API_KEY not set)"}
# {"time":"2026-08-05T02:28:48.553Z","level":"warn","msg":"revision_rewrite_failed","passName":"character-arc","message":"Gemini provider not available (GEMINI_API_KEY not set)"}
# {"time":"2026-08-05T02:28:48.555Z","level":"warn","msg":"revision_rewrite_failed","passName":"character-arc","message":"Gemini provider not available (GEMINI_API_KEY not set)"}
# {"time":"2026-08-05T02:28:48.556Z","level":"warn","msg":"revision_rewrite_failed","passName":"character-arc","message":"Gemini provider not available (GEMINI_API_KEY not set)"}
# {"time":"2026-08-05T02:28:48.557Z","level":"warn","msg":"revision_rewrite_failed","passName":"character-arc","message":"Gemini provider not available (GEMINI_API_KEY not set)"}
# {"time":"2026-08-05T02:28:48.558Z","level":"warn","msg":"revision_rewrite_failed","passName":"character-arc","message":"Gemini provider not available (GEMINI_API_KEY not set)"}
# {"time":"2026-08-05T02:28:48.560Z","level":"warn","msg":"revision_rewrite_failed","passName":"character-arc","message":"Gemini provider not available (GEMINI_API_KEY not set)"}
# {"time":"2026-08-05T02:28:48.561Z","level":"warn","msg":"revision_rewrite_failed","passName":"character-arc","message":"Gemini provider not available (GEMINI_API_KEY not set)"}
# {"time":"2026-08-05T02:28:48.562Z","level":"warn","msg":"revision_rewrite_failed","passName":"character-arc","message":"Gemini provider not available (GEMINI_API_KEY not set)"}
# {"time":"2026-08-05T02:28:48.562Z","level":"warn","msg":"revision_rewrite_failed","passName":"character-arc","message":"Gemini provider not available (GEMINI_API_KEY not set)"}
# {"time":"2026-08-05T02:28:48.564Z","level":"warn","msg":"revision_rewrite_failed","passName":"character-arc","message":"Gemini provider not available (GEMINI_API_KEY not set)"}
# {"time":"2026-08-05T02:28:48.565Z","level":"warn","msg":"revision_rewrite_failed","passName":"character-arc","message":"Gemini provider not available (GEMINI_API_KEY not set)"}
# {"time":"2026-08-05T02:28:48.565Z","level":"warn","msg":"revision_rewrite_failed","passName":"character-arc","message":"Gemini provider not available (GEMINI_API_KEY not set)"}
# {"time":"2026-08-05T02:28:48.566Z","level":"warn","msg":"revision_rewrite_failed","passName":"character-arc","message":"Gemini provider not available (GEMINI_API_KEY not set)"}
# {"time":"2026-08-05T02:28:48.568Z","level":"warn","msg":"revision_rewrite_failed","passName":"character-arc","message":"Gemini provider not available (GEMINI_API_KEY not set)"}
# {"time":"2026-08-05T02:28:48.569Z","level":"warn","msg":"revision_rewrite_failed","passName":"character-arc","message":"Gemini provider not available (GEMINI_API_KEY not set)"}
# {"time":"2026-08-05T02:28:48.585Z","level":"warn","msg":"revision_rewrite_failed","passName":"character-arc","message":"Gemini provider not available (GEMINI_API_KEY not set)"}
# {"time":"2026-08-05T02:28:48.587Z","level":"warn","msg":"revision_rewrite_failed","passName":"character-arc","message":"Gemini provider not available (GEMINI_API_KEY not set)"}
# {"time":"2026-08-05T02:28:48.588Z","level":"warn","msg":"revision_rewrite_failed","passName":"character-arc","message":"Gemini provider not available (GEMINI_API_KEY not set)"}
# {"time":"2026-08-05T02:28:48.589Z","level":"warn","msg":"revision_rewrite_failed","passName":"character-arc","message":"Gemini provider not available (GEMINI_API_KEY not set)"}
# {"time":"2026-08-05T02:28:48.590Z","level":"warn","msg":"revision_rewrite_failed","passName":"character-arc","message":"Gemini provider not available (GEMINI_API_KEY not set)"}
# {"time":"2026-08-05T02:28:48.590Z","level":"warn","msg":"revision_rewrite_failed","passName":"character-arc","message":"Gemini provider not available (GEMINI_API_KEY not set)"}
# {"time":"2026-08-05T02:28:48.592Z","level":"warn","msg":"revision_rewrite_failed","passName":"character-arc","message":"Gemini provider not available (GEMINI_API_KEY not set)"}
# {"time":"2026-08-05T02:28:48.593Z","level":"warn","msg":"revision_rewrite_failed","passName":"character-arc","message":"Gemini provider not available (GEMINI_API_KEY not set)"}
# {"time":"2026-08-05T02:28:48.594Z","level":"warn","msg":"revision_rewrite_failed","passName":"character-arc","message":"Gemini provider not available (GEMINI_API_KEY not set)"}
# {"time":"2026-08-05T02:28:48.595Z","level":"warn","msg":"revision_rewrite_failed","passName":"character-arc","message":"Gemini provider not available (GEMINI_API_KEY not set)"}
# {"time":"2026-08-05T02:28:48.595Z","level":"warn","msg":"revision_rewrite_failed","passName":"character-arc","message":"Gemini provider not available (GEMINI_API_KEY not set)"}
# {"time":"2026-08-05T02:28:48.597Z","level":"warn","msg":"revision_rewrite_failed","passName":"character-arc","message":"Gemini provider not available (GEMINI_API_KEY not set)"}
# {"time":"2026-08-05T02:28:48.599Z","level":"warn","msg":"revision_rewrite_failed","passName":"character-arc","message":"Gemini provider not available (GEMINI_API_KEY not set)"}
# {"time":"2026-08-05T02:28:48.600Z","level":"warn","msg":"revision_rewrite_failed","passName":"character-arc","message":"Gemini provider not available (GEMINI_API_KEY not set)"}
# {"time":"2026-08-05T02:28:48.601Z","level":"warn","msg":"revision_rewrite_failed","passName":"character-arc","message":"Gemini provider not available (GEMINI_API_KEY not set)"}
# {"time":"2026-08-05T02:28:48.602Z","level":"warn","msg":"revision_rewrite_failed","passName":"character-arc","message":"Gemini provider not available (GEMINI_API_KEY not set)"}
# {"time":"2026-08-05T02:28:48.603Z","level":"warn","msg":"revision_rewrite_failed","passName":"character-arc","message":"Gemini provider not available (GEMINI_API_KEY not set)"}
# {"time":"2026-08-05T02:28:48.603Z","level":"warn","msg":"revision_rewrite_failed","passName":"character-arc","message":"Gemini provider not available (GEMINI_API_KEY not set)"}
# {"time":"2026-08-05T02:28:48.605Z","level":"warn","msg":"revision_rewrite_failed","passName":"character-arc","message":"Gemini provider not available (GEMINI_API_KEY not set)"}
# {"time":"2026-08-05T02:28:48.606Z","level":"warn","msg":"revision_rewrite_failed","passName":"character-arc","message":"Gemini provider not available (GEMINI_API_KEY not set)"}
# {"time":"2026-08-05T02:28:48.607Z","level":"warn","msg":"revision_rewrite_failed","passName":"character-arc","message":"Gemini provider not available (GEMINI_API_KEY not set)"}
# {"time":"2026-08-05T02:28:48.608Z","level":"warn","msg":"revision_rewrite_failed","passName":"character-arc","message":"Gemini provider not available (GEMINI_API_KEY not set)"}
# {"time":"2026-08-05T02:28:48.608Z","level":"warn","msg":"revision_rewrite_failed","passName":"character-arc","message":"Gemini provider not available (GEMINI_API_KEY not set)"}
# {"time":"2026-08-05T02:28:48.609Z","level":"warn","msg":"revision_rewrite_failed","passName":"character-arc","message":"Gemini provider not available (GEMINI_API_KEY not set)"}
# {"time":"2026-08-05T02:28:48.611Z","level":"warn","msg":"revision_rewrite_failed","passName":"character-arc","message":"Gemini provider not available (GEMINI_API_KEY not set)"}
# {"time":"2026-08-05T02:28:48.611Z","level":"warn","msg":"revision_rewrite_failed","passName":"character-arc","message":"Gemini provider not available (GEMINI_API_KEY not set)"}
# {"time":"2026-08-05T02:28:48.613Z","level":"warn","msg":"revision_rewrite_failed","passName":"character-arc","message":"Gemini provider not available (GEMINI_API_KEY not set)"}
# {"time":"2026-08-05T02:28:48.614Z","level":"warn","msg":"revision_rewrite_failed","passName":"character-arc","message":"Gemini provider not available (GEMINI_API_KEY not set)"}
# {"time":"2026-08-05T02:28:48.615Z","level":"warn","msg":"revision_rewrite_failed","passName":"character-arc","message":"Gemini provider not available (GEMINI_API_KEY not set)"}
# {"time":"2026-08-05T02:28:48.616Z","level":"warn","msg":"revision_rewrite_failed","passName":"character-arc","message":"Gemini provider not available (GEMINI_API_KEY not set)"}
# {"time":"2026-08-05T02:28:48.617Z","level":"warn","msg":"revision_rewrite_failed","passName":"character-arc","message":"Gemini provider not available (GEMINI_API_KEY not set)"}
# {"time":"2026-08-05T02:28:48.618Z","level":"warn","msg":"revision_rewrite_failed","passName":"character-arc","message":"Gemini provider not available (GEMINI_API_KEY not set)"}
# {"time":"2026-08-05T02:28:48.619Z","level":"warn","msg":"revision_rewrite_failed","passName":"character-arc","message":"Gemini provider not available (GEMINI_API_KEY not set)"}
# {"time":"2026-08-05T02:28:48.620Z","level":"warn","msg":"revision_rewrite_failed","passName":"character-arc","message":"Gemini provider not available (GEMINI_API_KEY not set)"}
# {"time":"2026-08-05T02:28:48.621Z","level":"warn","msg":"revision_rewrite_failed","passName":"character-arc","message":"Gemini provider not available (GEMINI_API_KEY not set)"}
# {"time":"2026-08-05T02:28:48.622Z","level":"warn","msg":"revision_rewrite_failed","passName":"character-arc","message":"Gemini provider not available (GEMINI_API_KEY not set)"}
# {"time":"2026-08-05T02:28:48.623Z","level":"warn","msg":"revision_rewrite_failed","passName":"character-arc","message":"Gemini provider not available (GEMINI_API_KEY not set)"}
# {"time":"2026-08-05T02:28:48.624Z","level":"warn","msg":"revision_rewrite_failed","passName":"character-arc","message":"Gemini provider not available (GEMINI_API_KEY not set)"}
# {"time":"2026-08-05T02:28:48.625Z","level":"warn","msg":"revision_rewrite_failed","passName":"character-arc","message":"Gemini provider not available (GEMINI_API_KEY not set)"}
# {"time":"2026-08-05T02:28:48.626Z","level":"warn","msg":"revision_rewrite_failed","passName":"character-arc","message":"Gemini provider not available (GEMINI_API_KEY not set)"}
# {"time":"2026-08-05T02:28:48.627Z","level":"warn","msg":"revision_rewrite_failed","passName":"character-arc","message":"Gemini provider not available (GEMINI_API_KEY not set)"}
# {"time":"2026-08-05T02:28:48.628Z","level":"warn","msg":"revision_rewrite_failed","passName":"character-arc","message":"Gemini provider not available (GEMINI_API_KEY not set)"}
# {"time":"2026-08-05T02:28:48.629Z","level":"warn","msg":"revision_rewrite_failed","passName":"character-arc","message":"Gemini provider not available (GEMINI_API_KEY not set)"}
# {"time":"2026-08-05T02:28:48.630Z","level":"warn","msg":"revision_rewrite_failed","passName":"character-arc","message":"Gemini provider not available (GEMINI_API_KEY not set)"}
# {"time":"2026-08-05T02:28:48.631Z","level":"warn","msg":"revision_rewrite_failed","passName":"character-arc","message":"Gemini provider not available (GEMINI_API_KEY not set)"}
# {"time":"2026-08-05T02:28:48.633Z","level":"warn","msg":"revision_rewrite_failed","passName":"character-arc","message":"Gemini provider not available (GEMINI_API_KEY not set)"}
# {"time":"2026-08-05T02:28:48.633Z","level":"warn","msg":"revision_rewrite_failed","passName":"character-arc","message":"Gemini provider not available (GEMINI_API_KEY not set)"}
# {"time":"2026-08-05T02:28:48.634Z","level":"warn","msg":"revision_rewrite_failed","passName":"character-arc","message":"Gemini provider not available (GEMINI_API_KEY not set)"}
# {"time":"2026-08-05T02:28:48.635Z","level":"warn","msg":"revision_rewrite_failed","passName":"character-arc","message":"Gemini provider not available (GEMINI_API_KEY not set)"}
# {"time":"2026-08-05T02:28:48.636Z","level":"warn","msg":"revision_rewrite_failed","passName":"character-arc","message":"Gemini provider not available (GEMINI_API_KEY not set)"}
# {"time":"2026-08-05T02:28:48.637Z","level":"warn","msg":"revision_rewrite_failed","passName":"character-arc","message":"Gemini provider not available (GEMINI_API_KEY not set)"}
# {"time":"2026-08-05T02:28:48.637Z","level":"warn","msg":"revision_rewrite_failed","passName":"character-arc","message":"Gemini provider not available (GEMINI_API_KEY not set)"}
# {"time":"2026-08-05T02:28:48.639Z","level":"warn","msg":"revision_rewrite_failed","passName":"character-arc","message":"Gemini provider not available (GEMINI_API_KEY not set)"}
# {"time":"2026-08-05T02:28:48.640Z","level":"warn","msg":"revision_rewrite_failed","passName":"character-arc","message":"Gemini provider not available (GEMINI_API_KEY not set)"}
# {"time":"2026-08-05T02:28:48.641Z","level":"warn","msg":"revision_rewrite_failed","passName":"character-arc","message":"Gemini provider not available (GEMINI_API_KEY not set)"}
# {"time":"2026-08-05T02:28:48.641Z","level":"warn","msg":"revision_rewrite_failed","passName":"character-arc","message":"Gemini provider not available (GEMINI_API_KEY not set)"}
# {"time":"2026-08-05T02:28:48.642Z","level":"warn","msg":"revision_rewrite_failed","passName":"character-arc","message":"Gemini provider not available (GEMINI_API_KEY not set)"}
# {"time":"2026-08-05T02:28:48.643Z","level":"warn","msg":"revision_rewrite_failed","passName":"character-arc","message":"Gemini provider not available (GEMINI_API_KEY not set)"}
# {"time":"2026-08-05T02:28:48.644Z","level":"warn","msg":"revision_rewrite_failed","passName":"character-arc","message":"Gemini provider not available (GEMINI_API_KEY not set)"}
# {"time":"2026-08-05T02:28:48.645Z","level":"warn","msg":"revision_rewrite_failed","passName":"character-arc","message":"Gemini provider not available (GEMINI_API_KEY not set)"}
# {"time":"2026-08-05T02:28:48.646Z","level":"warn","msg":"revision_rewrite_failed","passName":"character-arc","message":"Gemini provider not available (GEMINI_API_KEY not set)"}
# {"time":"2026-08-05T02:28:48.647Z","level":"warn","msg":"revision_rewrite_failed","passName":"character-arc","message":"Gemini provider not available (GEMINI_API_KEY not set)"}
# {"time":"2026-08-05T02:28:48.648Z","level":"warn","msg":"revision_rewrite_failed","passName":"character-arc","message":"Gemini provider not available (GEMINI_API_KEY not set)"}
# {"time":"2026-08-05T02:28:48.649Z","level":"warn","msg":"revision_rewrite_failed","passName":"character-arc","message":"Gemini provider not available (GEMINI_API_KEY not set)"}
# {"time":"2026-08-05T02:28:48.650Z","level":"warn","msg":"revision_rewrite_failed","passName":"character-arc","message":"Gemini provider not available (GEMINI_API_KEY not set)"}
# {"time":"2026-08-05T02:28:48.651Z","level":"warn","msg":"revision_rewrite_failed","passName":"character-arc","message":"Gemini provider not available (GEMINI_API_KEY not set)"}
# {"time":"2026-08-05T02:28:48.653Z","level":"warn","msg":"revision_rewrite_failed","passName":"character-arc","message":"Gemini provider not available (GEMINI_API_KEY not set)"}
# {"time":"2026-08-05T02:28:48.654Z","level":"warn","msg":"revision_rewrite_failed","passName":"character-arc","message":"Gemini provider not available (GEMINI_API_KEY not set)"}
# {"time":"2026-08-05T02:28:48.655Z","level":"warn","msg":"revision_rewrite_failed","passName":"character-arc","message":"Gemini provider not available (GEMINI_API_KEY not set)"}
# {"time":"2026-08-05T02:28:48.656Z","level":"warn","msg":"revision_rewrite_failed","passName":"character-arc","message":"Gemini provider not available (GEMINI_API_KEY not set)"}
# {"time":"2026-08-05T02:28:48.657Z","level":"warn","msg":"revision_rewrite_failed","passName":"character-arc","message":"Gemini provider not available (GEMINI_API_KEY not set)"}
# {"time":"2026-08-05T02:28:48.658Z","level":"warn","msg":"revision_rewrite_failed","passName":"character-arc","message":"Gemini provider not available (GEMINI_API_KEY not set)"}
# {"time":"2026-08-05T02:28:48.659Z","level":"warn","msg":"revision_rewrite_failed","passName":"character-arc","message":"Gemini provider not available (GEMINI_API_KEY not set)"}
# {"time":"2026-08-05T02:28:48.660Z","level":"warn","msg":"revision_rewrite_failed","passName":"character-arc","message":"Gemini provider not available (GEMINI_API_KEY not set)"}
# {"time":"2026-08-05T02:28:48.661Z","level":"warn","msg":"revision_rewrite_failed","passName":"character-arc","message":"Gemini provider not available (GEMINI_API_KEY not set)"}
# {"time":"2026-08-05T02:28:48.662Z","level":"warn","msg":"revision_rewrite_failed","passName":"character-arc","message":"Gemini provider not available (GEMINI_API_KEY not set)"}
# {"time":"2026-08-05T02:28:48.663Z","level":"warn","msg":"revision_rewrite_failed","passName":"character-arc","message":"Gemini provider not available (GEMINI_API_KEY not set)"}
# {"time":"2026-08-05T02:28:48.670Z","level":"warn","msg":"revision_rewrite_failed","passName":"character-arc","message":"Gemini provider not available (GEMINI_API_KEY not set)"}
# {"time":"2026-08-05T02:28:48.671Z","level":"warn","msg":"revision_rewrite_failed","passName":"character-arc","message":"Gemini provider not available (GEMINI_API_KEY not set)"}
# {"time":"2026-08-05T02:28:48.673Z","level":"warn","msg":"revision_rewrite_failed","passName":"character-arc","message":"Gemini provider not available (GEMINI_API_KEY not set)"}
# {"time":"2026-08-05T02:28:48.673Z","level":"warn","msg":"revision_rewrite_failed","passName":"character-arc","message":"Gemini provider not available (GEMINI_API_KEY not set)"}
# {"time":"2026-08-05T02:28:48.674Z","level":"warn","msg":"revision_rewrite_failed","passName":"character-arc","message":"Gemini provider not available (GEMINI_API_KEY not set)"}
# {"time":"2026-08-05T02:28:48.675Z","level":"warn","msg":"revision_rewrite_failed","passName":"character-arc","message":"Gemini provider not available (GEMINI_API_KEY not set)"}
# {"time":"2026-08-05T02:28:48.676Z","level":"warn","msg":"revision_rewrite_failed","passName":"character-arc","message":"Gemini provider not available (GEMINI_API_KEY not set)"}
# {"time":"2026-08-05T02:28:48.677Z","level":"warn","msg":"revision_rewrite_failed","passName":"character-arc","message":"Gemini provider not available (GEMINI_API_KEY not set)"}
# {"time":"2026-08-05T02:28:48.678Z","level":"warn","msg":"revision_rewrite_failed","passName":"character-arc","message":"Gemini provider not available (GEMINI_API_KEY not set)"}
# {"time":"2026-08-05T02:28:48.679Z","level":"warn","msg":"revision_rewrite_failed","passName":"character-arc","message":"Gemini provider not available (GEMINI_API_KEY not set)"}
# {"time":"2026-08-05T02:28:48.680Z","level":"warn","msg":"revision_rewrite_failed","passName":"character-arc","message":"Gemini provider not available (GEMINI_API_KEY not set)"}
# {"time":"2026-08-05T02:28:48.681Z","level":"warn","msg":"revision_rewrite_failed","passName":"character-arc","message":"Gemini provider not available (GEMINI_API_KEY not set)"}
# {"time":"2026-08-05T02:28:48.682Z","level":"warn","msg":"revision_rewrite_failed","passName":"character-arc","message":"Gemini provider not available (GEMINI_API_KEY not set)"}
# {"time":"2026-08-05T02:28:48.683Z","level":"warn","msg":"revision_rewrite_failed","passName":"character-arc","message":"Gemini provider not available (GEMINI_API_KEY not set)"}
# {"time":"2026-08-05T02:28:48.685Z","level":"warn","msg":"revision_rewrite_failed","passName":"character-arc","message":"Gemini provider not available (GEMINI_API_KEY not set)"}
# {"time":"2026-08-05T02:28:48.685Z","level":"warn","msg":"revision_rewrite_failed","passName":"character-arc","message":"Gemini provider not available (GEMINI_API_KEY not set)"}
# {"time":"2026-08-05T02:28:48.686Z","level":"warn","msg":"revision_rewrite_failed","passName":"character-arc","message":"Gemini provider not available (GEMINI_API_KEY not set)"}
# {"time":"2026-08-05T02:28:48.688Z","level":"warn","msg":"revision_rewrite_failed","passName":"character-arc","message":"Gemini provider not available (GEMINI_API_KEY not set)"}
# {"time":"2026-08-05T02:28:48.692Z","level":"warn","msg":"revision_rewrite_failed","passName":"character-arc","message":"Gemini provider not available (GEMINI_API_KEY not set)"}
# {"time":"2026-08-05T02:28:48.694Z","level":"warn","msg":"revision_rewrite_failed","passName":"character-arc","message":"Gemini provider not available (GEMINI_API_KEY not set)"}
# {"time":"2026-08-05T02:28:48.695Z","level":"warn","msg":"revision_rewrite_failed","passName":"character-arc","message":"Gemini provider not available (GEMINI_API_KEY not set)"}
# {"time":"2026-08-05T02:28:48.697Z","level":"warn","msg":"revision_rewrite_failed","passName":"character-arc","message":"Gemini provider not available (GEMINI_API_KEY not set)"}
# {"time":"2026-08-05T02:28:48.698Z","level":"warn","msg":"revision_rewrite_failed","passName":"character-arc","message":"Gemini provider not available (GEMINI_API_KEY not set)"}
# {"time":"2026-08-05T02:28:48.699Z","level":"warn","msg":"revision_rewrite_failed","passName":"character-arc","message":"Gemini provider not available (GEMINI_API_KEY not set)"}
# {"time":"2026-08-05T02:28:48.700Z","level":"warn","msg":"revision_rewrite_failed","passName":"character-arc","message":"Gemini provider not available (GEMINI_API_KEY not set)"}
# {"time":"2026-08-05T02:28:48.702Z","level":"warn","msg":"revision_rewrite_failed","passName":"character-arc","message":"Gemini provider not available (GEMINI_API_KEY not set)"}
# {"time":"2026-08-05T02:28:48.702Z","level":"warn","msg":"revision_rewrite_failed","passName":"character-arc","message":"Gemini provider not available (GEMINI_API_KEY not set)"}
# {"time":"2026-08-05T02:28:48.704Z","level":"warn","msg":"revision_rewrite_failed","passName":"character-arc","message":"Gemini provider not available (GEMINI_API_KEY not set)"}
# {"time":"2026-08-05T02:28:48.705Z","level":"warn","msg":"revision_rewrite_failed","passName":"character-arc","message":"Gemini provider not available (GEMINI_API_KEY not set)"}
# {"time":"2026-08-05T02:28:48.709Z","level":"warn","msg":"revision_rewrite_failed","passName":"character-arc","message":"Gemini provider not available (GEMINI_API_KEY not set)"}
# {"time":"2026-08-05T02:28:48.710Z","level":"warn","msg":"revision_rewrite_failed","passName":"character-arc","message":"Gemini provider not available (GEMINI_API_KEY not set)"}
# {"time":"2026-08-05T02:28:48.711Z","level":"warn","msg":"revision_rewrite_failed","passName":"character-arc","message":"Gemini provider not available (GEMINI_API_KEY not set)"}
# {"time":"2026-08-05T02:28:48.713Z","level":"warn","msg":"revision_rewrite_failed","passName":"character-arc","message":"Gemini provider not available (GEMINI_API_KEY not set)"}
# {"time":"2026-08-05T02:28:48.717Z","level":"warn","msg":"revision_rewrite_failed","passName":"character-arc","message":"Gemini provider not available (GEMINI_API_KEY not set)"}
# {"time":"2026-08-05T02:28:48.718Z","level":"warn","msg":"revision_rewrite_failed","passName":"character-arc","message":"Gemini provider not available (GEMINI_API_KEY not set)"}
# {"time":"2026-08-05T02:28:48.719Z","level":"warn","msg":"revision_rewrite_failed","passName":"character-arc","message":"Gemini provider not available (GEMINI_API_KEY not set)"}
# {"time":"2026-08-05T02:28:48.723Z","level":"warn","msg":"revision_rewrite_failed","passName":"character-arc","message":"Gemini provider not available (GEMINI_API_KEY not set)"}
# {"time":"2026-08-05T02:28:48.724Z","level":"warn","msg":"revision_rewrite_failed","passName":"character-arc","message":"Gemini provider not available (GEMINI_API_KEY not set)"}
# {"time":"2026-08-05T02:28:48.725Z","level":"warn","msg":"revision_rewrite_failed","passName":"character-arc","message":"Gemini provider not available (GEMINI_API_KEY not set)"}
# {"time":"2026-08-05T02:28:48.726Z","level":"warn","msg":"revision_rewrite_failed","passName":"character-arc","message":"Gemini provider not available (GEMINI_API_KEY not set)"}
# {"time":"2026-08-05T02:28:48.727Z","level":"warn","msg":"revision_rewrite_failed","passName":"character-arc","message":"Gemini provider not available (GEMINI_API_KEY not set)"}
# {"time":"2026-08-05T02:28:48.728Z","level":"warn","msg":"revision_rewrite_failed","passName":"character-arc","message":"Gemini provider not available (GEMINI_API_KEY not set)"}
# {"time":"2026-08-05T02:28:48.729Z","level":"warn","msg":"revision_rewrite_failed","passName":"character-arc","message":"Gemini provider not available (GEMINI_API_KEY not set)"}
# {"time":"2026-08-05T02:28:48.730Z","level":"warn","msg":"revision_rewrite_failed","passName":"character-arc","message":"Gemini provider not available (GEMINI_API_KEY not set)"}
# {"time":"2026-08-05T02:28:48.731Z","level":"warn","msg":"revision_rewrite_failed","passName":"character-arc","message":"Gemini provider not available (GEMINI_API_KEY not set)"}
# {"time":"2026-08-05T02:28:48.732Z","level":"warn","msg":"revision_rewrite_failed","passName":"character-arc","message":"Gemini provider not available (GEMINI_API_KEY not set)"}
# {"time":"2026-08-05T02:28:48.733Z","level":"warn","msg":"revision_rewrite_failed","passName":"character-arc","message":"Gemini provider not available (GEMINI_API_KEY not set)"}
# {"time":"2026-08-05T02:28:48.734Z","level":"warn","msg":"revision_rewrite_failed","passName":"character-arc","message":"Gemini provider not available (GEMINI_API_KEY not set)"}
# {"time":"2026-08-05T02:28:48.735Z","level":"warn","msg":"revision_rewrite_failed","passName":"character-arc","message":"Gemini provider not available (GEMINI_API_KEY not set)"}
# {"time":"2026-08-05T02:28:48.736Z","level":"warn","msg":"revision_rewrite_failed","passName":"character-arc","message":"Gemini provider not available (GEMINI_API_KEY not set)"}
# {"time":"2026-08-05T02:28:48.737Z","level":"warn","msg":"revision_rewrite_failed","passName":"character-arc","message":"Gemini provider not available (GEMINI_API_KEY not set)"}
# {"time":"2026-08-05T02:28:48.738Z","level":"warn","msg":"revision_rewrite_failed","passName":"character-arc","message":"Gemini provider not available (GEMINI_API_KEY not set)"}
# {"time":"2026-08-05T02:28:48.739Z","level":"warn","msg":"revision_rewrite_failed","passName":"character-arc","message":"Gemini provider not available (GEMINI_API_KEY not set)"}
# {"time":"2026-08-05T02:28:48.740Z","level":"warn","msg":"revision_rewrite_failed","passName":"character-arc","message":"Gemini provider not available (GEMINI_API_KEY not set)"}
# {"time":"2026-08-05T02:28:48.741Z","level":"warn","msg":"revision_rewrite_failed","passName":"character-arc","message":"Gemini provider not available (GEMINI_API_KEY not set)"}
# {"time":"2026-08-05T02:28:48.742Z","level":"warn","msg":"revision_rewrite_failed","passName":"character-arc","message":"Gemini provider not available (GEMINI_API_KEY not set)"}
# {"time":"2026-08-05T02:28:48.743Z","level":"warn","msg":"revision_rewrite_failed","passName":"character-arc","message":"Gemini provider not available (GEMINI_API_KEY not set)"}
# {"time":"2026-08-05T02:28:48.744Z","level":"warn","msg":"revision_rewrite_failed","passName":"character-arc","message":"Gemini provider not available (GEMINI_API_KEY not set)"}
# {"time":"2026-08-05T02:28:48.745Z","level":"warn","msg":"revision_rewrite_failed","passName":"character-arc","message":"Gemini provider not available (GEMINI_API_KEY not set)"}
# {"time":"2026-08-05T02:28:48.746Z","level":"warn","msg":"revision_rewrite_failed","passName":"character-arc","message":"Gemini provider not available (GEMINI_API_KEY not set)"}
# {"time":"2026-08-05T02:28:48.747Z","level":"warn","msg":"revision_rewrite_failed","passName":"character-arc","message":"Gemini provider not available (GEMINI_API_KEY not set)"}
# {"time":"2026-08-05T02:28:48.748Z","level":"warn","msg":"revision_rewrite_failed","passName":"character-arc","message":"Gemini provider not available (GEMINI_API_KEY not set)"}
# {"time":"2026-08-05T02:28:48.749Z","level":"warn","msg":"revision_rewrite_failed","passName":"character-arc","message":"Gemini provider not available (GEMINI_API_KEY not set)"}
# {"time":"2026-08-05T02:28:48.750Z","level":"warn","msg":"revision_rewrite_failed","passName":"character-arc","message":"Gemini provider not available (GEMINI_API_KEY not set)"}
# {"time":"2026-08-05T02:28:48.750Z","level":"warn","msg":"revision_rewrite_failed","passName":"character-arc","message":"Gemini provider not available (GEMINI_API_KEY not set)"}
# {"time":"2026-08-05T02:28:48.751Z","level":"warn","msg":"revision_rewrite_failed","passName":"character-arc","message":"Gemini provider not available (GEMINI_API_KEY not set)"}
# {"time":"2026-08-05T02:28:48.752Z","level":"warn","msg":"revision_rewrite_failed","passName":"character-arc","message":"Gemini provider not available (GEMINI_API_KEY not set)"}
# {"time":"2026-08-05T02:28:48.753Z","level":"warn","msg":"revision_rewrite_failed","passName":"character-arc","message":"Gemini provider not available (GEMINI_API_KEY not set)"}
# {"time":"2026-08-05T02:28:48.754Z","level":"warn","msg":"revision_rewrite_failed","passName":"character-arc","message":"Gemini provider not available (GEMINI_API_KEY not set)"}
# {"time":"2026-08-05T02:28:48.755Z","level":"warn","msg":"revision_rewrite_failed","passName":"character-arc","message":"Gemini provider not available (GEMINI_API_KEY not set)"}
# {"time":"2026-08-05T02:28:48.757Z","level":"warn","msg":"revision_rewrite_failed","passName":"character-arc","message":"Gemini provider not available (GEMINI_API_KEY not set)"}
# {"time":"2026-08-05T02:28:48.757Z","level":"warn","msg":"revision_rewrite_failed","passName":"character-arc","message":"Gemini provider not available (GEMINI_API_KEY not set)"}
# {"time":"2026-08-05T02:28:48.758Z","level":"warn","msg":"revision_rewrite_failed","passName":"character-arc","message":"Gemini provider not available (GEMINI_API_KEY not set)"}
# {"time":"2026-08-05T02:28:48.759Z","level":"warn","msg":"revision_rewrite_failed","passName":"character-arc","message":"Gemini provider not available (GEMINI_API_KEY not set)"}
# {"time":"2026-08-05T02:28:48.760Z","level":"warn","msg":"revision_rewrite_failed","passName":"character-arc","message":"Gemini provider not available (GEMINI_API_KEY not set)"}
# {"time":"2026-08-05T02:28:48.761Z","level":"warn","msg":"revision_rewrite_failed","passName":"character-arc","message":"Gemini provider not available (GEMINI_API_KEY not set)"}
# {"time":"2026-08-05T02:28:48.762Z","level":"warn","msg":"revision_rewrite_failed","passName":"character-arc","message":"Gemini provider not available (GEMINI_API_KEY not set)"}
# {"time":"2026-08-05T02:28:48.763Z","level":"warn","msg":"revision_rewrite_failed","passName":"character-arc","message":"Gemini provider not available (GEMINI_API_KEY not set)"}
# {"time":"2026-08-05T02:28:48.764Z","level":"warn","msg":"revision_rewrite_failed","passName":"character-arc","message":"Gemini provider not available (GEMINI_API_KEY not set)"}
# {"time":"2026-08-05T02:28:48.765Z","level":"warn","msg":"revision_rewrite_failed","passName":"character-arc","message":"Gemini provider not available (GEMINI_API_KEY not set)"}
# {"time":"2026-08-05T02:28:48.775Z","level":"warn","msg":"revision_rewrite_failed","passName":"character-arc","message":"Gemini provider not available (GEMINI_API_KEY not set)"}
# {"time":"2026-08-05T02:28:48.776Z","level":"warn","msg":"revision_rewrite_failed","passName":"character-arc","message":"Gemini provider not available (GEMINI_API_KEY not set)"}
# {"time":"2026-08-05T02:28:48.777Z","level":"warn","msg":"revision_rewrite_failed","passName":"character-arc","message":"Gemini provider not available (GEMINI_API_KEY not set)"}
# {"time":"2026-08-05T02:28:48.778Z","level":"warn","msg":"revision_rewrite_failed","passName":"character-arc","message":"Gemini provider not available (GEMINI_API_KEY not set)"}
# {"time":"2026-08-05T02:28:48.779Z","level":"warn","msg":"revision_rewrite_failed","passName":"character-arc","message":"Gemini provider not available (GEMINI_API_KEY not set)"}
# {"time":"2026-08-05T02:28:48.780Z","level":"warn","msg":"revision_rewrite_failed","passName":"character-arc","message":"Gemini provider not available (GEMINI_API_KEY not set)"}
# {"time":"2026-08-05T02:28:48.781Z","level":"warn","msg":"revision_rewrite_failed","passName":"character-arc","message":"Gemini provider not available (GEMINI_API_KEY not set)"}
# {"time":"2026-08-05T02:28:48.782Z","level":"warn","msg":"revision_rewrite_failed","passName":"character-arc","message":"Gemini provider not available (GEMINI_API_KEY not set)"}
# {"time":"2026-08-05T02:28:48.783Z","level":"warn","msg":"revision_rewrite_failed","passName":"character-arc","message":"Gemini provider not available (GEMINI_API_KEY not set)"}
# {"time":"2026-08-05T02:28:48.784Z","level":"warn","msg":"revision_rewrite_failed","passName":"character-arc","message":"Gemini provider not available (GEMINI_API_KEY not set)"}
# {"time":"2026-08-05T02:28:48.785Z","level":"warn","msg":"revision_rewrite_failed","passName":"character-arc","message":"Gemini provider not available (GEMINI_API_KEY not set)"}
# {"time":"2026-08-05T02:28:48.786Z","level":"warn","msg":"revision_rewrite_failed","passName":"character-arc","message":"Gemini provider not available (GEMINI_API_KEY not set)"}
# {"time":"2026-08-05T02:28:48.787Z","level":"warn","msg":"revision_rewrite_failed","passName":"character-arc","message":"Gemini provider not available (GEMINI_API_KEY not set)"}
# {"time":"2026-08-05T02:28:48.788Z","level":"warn","msg":"revision_rewrite_failed","passName":"character-arc","message":"Gemini provider not available (GEMINI_API_KEY not set)"}
# {"time":"2026-08-05T02:28:48.789Z","level":"warn","msg":"revision_rewrite_failed","passName":"character-arc","message":"Gemini provider not available (GEMINI_API_KEY not set)"}
# {"time":"2026-08-05T02:28:48.790Z","level":"warn","msg":"revision_rewrite_failed","passName":"character-arc","message":"Gemini provider not available (GEMINI_API_KEY not set)"}
# {"time":"2026-08-05T02:28:48.791Z","level":"warn","msg":"revision_rewrite_failed","passName":"character-arc","message":"Gemini provider not available (GEMINI_API_KEY not set)"}
# {"time":"2026-08-05T02:28:48.792Z","level":"warn","msg":"revision_rewrite_failed","passName":"character-arc","message":"Gemini provider not available (GEMINI_API_KEY not set)"}
# {"time":"2026-08-05T02:28:48.793Z","level":"warn","msg":"revision_rewrite_failed","passName":"character-arc","message":"Gemini provider not available (GEMINI_API_KEY not set)"}
# {"time":"2026-08-05T02:28:48.794Z","level":"warn","msg":"revision_rewrite_failed","passName":"character-arc","message":"Gemini provider not available (GEMINI_API_KEY not set)"}
# {"time":"2026-08-05T02:28:48.795Z","level":"warn","msg":"revision_rewrite_failed","passName":"character-arc","message":"Gemini provider not available (GEMINI_API_KEY not set)"}
# {"time":"2026-08-05T02:28:48.796Z","level":"warn","msg":"revision_rewrite_failed","passName":"character-arc","message":"Gemini provider not available (GEMINI_API_KEY not set)"}
# {"time":"2026-08-05T02:28:48.797Z","level":"warn","msg":"revision_rewrite_failed","passName":"character-arc","message":"Gemini provider not available (GEMINI_API_KEY not set)"}
# {"time":"2026-08-05T02:28:48.798Z","level":"warn","msg":"revision_rewrite_failed","passName":"character-arc","message":"Gemini provider not available (GEMINI_API_KEY not set)"}
# {"time":"2026-08-05T02:28:48.799Z","level":"warn","msg":"revision_rewrite_failed","passName":"character-arc","message":"Gemini provider not available (GEMINI_API_KEY not set)"}
# {"time":"2026-08-05T02:28:48.799Z","level":"warn","msg":"revision_rewrite_failed","passName":"character-arc","message":"Gemini provider not available (GEMINI_API_KEY not set)"}
# {"time":"2026-08-05T02:28:48.800Z","level":"warn","msg":"revision_rewrite_failed","passName":"character-arc","message":"Gemini provider not available (GEMINI_API_KEY not set)"}
# {"time":"2026-08-05T02:28:48.801Z","level":"warn","msg":"revision_rewrite_failed","passName":"character-arc","message":"Gemini provider not available (GEMINI_API_KEY not set)"}
# {"time":"2026-08-05T02:28:48.802Z","level":"warn","msg":"revision_rewrite_failed","passName":"character-arc","message":"Gemini provider not available (GEMINI_API_KEY not set)"}
# {"time":"2026-08-05T02:28:48.803Z","level":"warn","msg":"revision_rewrite_failed","passName":"character-arc","message":"Gemini provider not available (GEMINI_API_KEY not set)"}
# {"time":"2026-08-05T02:28:48.804Z","level":"warn","msg":"revision_rewrite_failed","passName":"character-arc","message":"Gemini provider not available (GEMINI_API_KEY not set)"}
# {"time":"2026-08-05T02:28:48.805Z","level":"warn","msg":"revision_rewrite_failed","passName":"character-arc","message":"Gemini provider not available (GEMINI_API_KEY not set)"}
# {"time":"2026-08-05T02:28:48.806Z","level":"warn","msg":"revision_rewrite_failed","passName":"character-arc","message":"Gemini provider not available (GEMINI_API_KEY not set)"}
# {"time":"2026-08-05T02:28:48.806Z","level":"warn","msg":"revision_rewrite_failed","passName":"character-arc","message":"Gemini provider not available (GEMINI_API_KEY not set)"}
# {"time":"2026-08-05T02:28:48.807Z","level":"warn","msg":"revision_rewrite_failed","passName":"character-arc","message":"Gemini provider not available (GEMINI_API_KEY not set)"}
# {"time":"2026-08-05T02:28:48.808Z","level":"warn","msg":"revision_rewrite_failed","passName":"character-arc","message":"Gemini provider not available (GEMINI_API_KEY not set)"}
# {"time":"2026-08-05T02:28:48.809Z","level":"warn","msg":"revision_rewrite_failed","passName":"character-arc","message":"Gemini provider not available (GEMINI_API_KEY not set)"}
# {"time":"2026-08-05T02:28:48.810Z","level":"warn","msg":"revision_rewrite_failed","passName":"character-arc","message":"Gemini provider not available (GEMINI_API_KEY not set)"}
# {"time":"2026-08-05T02:28:48.811Z","level":"warn","msg":"revision_rewrite_failed","passName":"character-arc","message":"Gemini provider not available (GEMINI_API_KEY not set)"}
# {"time":"2026-08-05T02:28:48.812Z","level":"warn","msg":"revision_rewrite_failed","passName":"character-arc","message":"Gemini provider not available (GEMINI_API_KEY not set)"}
# {"time":"2026-08-05T02:28:48.813Z","level":"warn","msg":"revision_rewrite_failed","passName":"character-arc","message":"Gemini provider not available (GEMINI_API_KEY not set)"}
# {"time":"2026-08-05T02:28:48.814Z","level":"warn","msg":"revision_rewrite_failed","passName":"character-arc","message":"Gemini provider not available (GEMINI_API_KEY not set)"}
# {"time":"2026-08-05T02:28:48.816Z","level":"warn","msg":"revision_rewrite_failed","passName":"character-arc","message":"Gemini provider not available (GEMINI_API_KEY not set)"}
# {"time":"2026-08-05T02:28:48.817Z","level":"warn","msg":"revision_rewrite_failed","passName":"character-arc","message":"Gemini provider not available (GEMINI_API_KEY not set)"}
# {"time":"2026-08-05T02:28:48.818Z","level":"warn","msg":"revision_rewrite_failed","passName":"character-arc","message":"Gemini provider not available (GEMINI_API_KEY not set)"}
# {"time":"2026-08-05T02:28:48.820Z","level":"warn","msg":"revision_rewrite_failed","passName":"character-arc","message":"Gemini provider not available (GEMINI_API_KEY not set)"}
# {"time":"2026-08-05T02:28:48.822Z","level":"warn","msg":"revision_rewrite_failed","passName":"character-arc","message":"Gemini provider not available (GEMINI_API_KEY not set)"}
# {"time":"2026-08-05T02:28:48.822Z","level":"warn","msg":"revision_rewrite_failed","passName":"character-arc","message":"Gemini provider not available (GEMINI_API_KEY not set)"}
# {"time":"2026-08-05T02:28:48.829Z","level":"warn","msg":"revision_rewrite_failed","passName":"character-arc","message":"Gemini provider not available (GEMINI_API_KEY not set)"}
# {"time":"2026-08-05T02:28:48.830Z","level":"warn","msg":"revision_rewrite_failed","passName":"character-arc","message":"Gemini provider not available (GEMINI_API_KEY not set)"}
# {"time":"2026-08-05T02:28:48.831Z","level":"warn","msg":"revision_rewrite_failed","passName":"character-arc","message":"Gemini provider not available (GEMINI_API_KEY not set)"}
# {"time":"2026-08-05T02:28:48.836Z","level":"warn","msg":"revision_rewrite_failed","passName":"character-arc","message":"Gemini provider not available (GEMINI_API_KEY not set)"}
# {"time":"2026-08-05T02:28:48.838Z","level":"warn","msg":"revision_rewrite_failed","passName":"character-arc","message":"Gemini provider not available (GEMINI_API_KEY not set)"}
# {"time":"2026-08-05T02:28:48.839Z","level":"warn","msg":"revision_rewrite_failed","passName":"character-arc","message":"Gemini provider not available (GEMINI_API_KEY not set)"}
# {"time":"2026-08-05T02:28:48.842Z","level":"warn","msg":"revision_rewrite_failed","passName":"character-arc","message":"Gemini provider not available (GEMINI_API_KEY not set)"}
# {"time":"2026-08-05T02:28:48.845Z","level":"warn","msg":"revision_rewrite_failed","passName":"character-arc","message":"Gemini provider not available (GEMINI_API_KEY not set)"}
# {"time":"2026-08-05T02:28:48.847Z","level":"warn","msg":"revision_rewrite_failed","passName":"character-arc","message":"Gemini provider not available (GEMINI_API_KEY not set)"}
# {"time":"2026-08-05T02:28:48.847Z","level":"warn","msg":"revision_rewrite_failed","passName":"character-arc","message":"Gemini provider not available (GEMINI_API_KEY not set)"}
# {"time":"2026-08-05T02:28:48.849Z","level":"warn","msg":"revision_rewrite_failed","passName":"character-arc","message":"Gemini provider not available (GEMINI_API_KEY not set)"}
# {"time":"2026-08-05T02:28:48.850Z","level":"warn","msg":"revision_rewrite_failed","passName":"character-arc","message":"Gemini provider not available (GEMINI_API_KEY not set)"}
# {"time":"2026-08-05T02:28:48.851Z","level":"warn","msg":"revision_rewrite_failed","passName":"character-arc","message":"Gemini provider not available (GEMINI_API_KEY not set)"}
# {"time":"2026-08-05T02:28:48.853Z","level":"warn","msg":"revision_rewrite_failed","passName":"character-arc","message":"Gemini provider not available (GEMINI_API_KEY not set)"}
# {"time":"2026-08-05T02:28:48.854Z","level":"warn","msg":"revision_rewrite_failed","passName":"character-arc","message":"Gemini provider not available (GEMINI_API_KEY not set)"}
# {"time":"2026-08-05T02:28:48.855Z","level":"warn","msg":"revision_rewrite_failed","passName":"character-arc","message":"Gemini provider not available (GEMINI_API_KEY not set)"}
# {"time":"2026-08-05T02:28:48.857Z","level":"warn","msg":"revision_rewrite_failed","passName":"character-arc","message":"Gemini provider not available (GEMINI_API_KEY not set)"}
# {"time":"2026-08-05T02:28:48.859Z","level":"warn","msg":"revision_rewrite_failed","passName":"character-arc","message":"Gemini provider not available (GEMINI_API_KEY not set)"}
# {"time":"2026-08-05T02:28:48.860Z","level":"warn","msg":"revision_rewrite_failed","passName":"character-arc","message":"Gemini provider not available (GEMINI_API_KEY not set)"}
# {"time":"2026-08-05T02:28:48.861Z","level":"warn","msg":"revision_rewrite_failed","passName":"character-arc","message":"Gemini provider not available (GEMINI_API_KEY not set)"}
# {"time":"2026-08-05T02:28:48.862Z","level":"warn","msg":"revision_rewrite_failed","passName":"character-arc","message":"Gemini provider not available (GEMINI_API_KEY not set)"}
# {"time":"2026-08-05T02:28:48.863Z","level":"warn","msg":"revision_rewrite_failed","passName":"character-arc","message":"Gemini provider not available (GEMINI_API_KEY not set)"}
# {"time":"2026-08-05T02:28:48.865Z","level":"warn","msg":"revision_rewrite_failed","passName":"character-arc","message":"Gemini provider not available (GEMINI_API_KEY not set)"}
# {"time":"2026-08-05T02:28:48.866Z","level":"warn","msg":"revision_rewrite_failed","passName":"character-arc","message":"Gemini provider not available (GEMINI_API_KEY not set)"}
# {"time":"2026-08-05T02:28:48.867Z","level":"warn","msg":"revision_rewrite_failed","passName":"character-arc","message":"Gemini provider not available (GEMINI_API_KEY not set)"}
# {"time":"2026-08-05T02:28:48.869Z","level":"warn","msg":"revision_rewrite_failed","passName":"character-arc","message":"Gemini provider not available (GEMINI_API_KEY not set)"}
# {"time":"2026-08-05T02:28:48.872Z","level":"warn","msg":"revision_rewrite_failed","passName":"character-arc","message":"Gemini provider not available (GEMINI_API_KEY not set)"}
# Subtest: Wave 153 — characterArcPass: arc monotone, late introduction, whiplash
    # Subtest: characterArcPass detects ARC_EMOTIONAL_MONOTONE when 90%+ scenes same register
    ok 1 - characterArcPass detects ARC_EMOTIONAL_MONOTONE when 90%+ scenes same register
      ---
      duration_ms: 16.383766
      type: 'test'
      ...
    # Subtest: characterArcPass does NOT fire ARC_EMOTIONAL_MONOTONE when register varies
    ok 2 - characterArcPass does NOT fire ARC_EMOTIONAL_MONOTONE when register varies
      ---
      duration_ms: 3.313152
      type: 'test'
      ...
    # Subtest: characterArcPass does NOT fire ARC_EMOTIONAL_MONOTONE when raw valence is monotone but conversational control shifts between characters
    ok 3 - characterArcPass does NOT fire ARC_EMOTIONAL_MONOTONE when raw valence is monotone but conversational control shifts between characters
      ---
      duration_ms: 1.920394
      type: 'test'
      ...
    # Subtest: characterArcPass still fires ARC_EMOTIONAL_MONOTONE when every movement channel is flat, not just emotionalShift
    ok 4 - characterArcPass still fires ARC_EMOTIONAL_MONOTONE when every movement channel is flat, not just emotionalShift
      ---
      duration_ms: 1.767842
      type: 'test'
      ...
    # Subtest: characterArcPass detects CHARACTER_LATE_INTRODUCTION for major char past midpoint
    ok 5 - characterArcPass detects CHARACTER_LATE_INTRODUCTION for major char past midpoint
      ---
      duration_ms: 6.970441
      type: 'test'
      ...
    # Subtest: characterArcPass detects EMOTIONAL_WHIPLASH for rapid polarity alternation
    ok 6 - characterArcPass detects EMOTIONAL_WHIPLASH for rapid polarity alternation
      ---
      duration_ms: 1.394024
      type: 'test'
      ...
    1..6
ok 1121 - Wave 153 — characterArcPass: arc monotone, late introduction, whiplash
  ---
  duration_ms: 33.388099
  type: 'suite'
  ...
# Subtest: Wave 168 — characterArcPass: relational symmetry, arc resolution, secondary void
    # Subtest: characterArcPass detects RELATIONAL_SYMMETRY_ABSENT when all shifts are positive
    ok 1 - characterArcPass detects RELATIONAL_SYMMETRY_ABSENT when all shifts are positive
      ---
      duration_ms: 1.701704
      type: 'test'
      ...
    # Subtest: characterArcPass does NOT fire RELATIONAL_SYMMETRY_ABSENT when shifts go both directions
    ok 2 - characterArcPass does NOT fire RELATIONAL_SYMMETRY_ABSENT when shifts go both directions
      ---
      duration_ms: 1.474838
      type: 'test'
      ...
    # Subtest: characterArcPass detects ARC_RESOLUTION_ABSENT when Act 2 struggles but Act 3 has no positive
    ok 3 - characterArcPass detects ARC_RESOLUTION_ABSENT when Act 2 struggles but Act 3 has no positive
      ---
      duration_ms: 1.712963
      type: 'test'
      ...
    # Subtest: characterArcPass does NOT fire ARC_RESOLUTION_ABSENT when Act 3 has a positive shift
    ok 4 - characterArcPass does NOT fire ARC_RESOLUTION_ABSENT when Act 3 has a positive shift
      ---
      duration_ms: 1.49351
      type: 'test'
      ...
    # Subtest: characterArcPass detects SECONDARY_CHARACTER_VOID when 2+ secondaries have no arc
    ok 5 - characterArcPass detects SECONDARY_CHARACTER_VOID when 2+ secondaries have no arc
      ---
      duration_ms: 1.161714
      type: 'test'
      ...
    # Subtest: characterArcPass does NOT fire SECONDARY_CHARACTER_VOID when secondaries have relationship arcs
    ok 6 - characterArcPass does NOT fire SECONDARY_CHARACTER_VOID when secondaries have relationship arcs
      ---
      duration_ms: 1.52708
      type: 'test'
      ...
    1..6
ok 1122 - Wave 168 — characterArcPass: relational symmetry, arc resolution, secondary void
  ---
  duration_ms: 9.584141
  type: 'suite'
  ...
# Subtest: Wave 182 — characterArcPass: arc stall in Act 2, secondary arc mirror, climax void
    # Subtest: ARC_STALL_IN_ACT2 fires when all Act 2 scenes (25%-75%) are emotionally neutral
    ok 1 - ARC_STALL_IN_ACT2 fires when all Act 2 scenes (25%-75%) are emotionally neutral
      ---
      duration_ms: 1.865852
      type: 'test'
      ...
    # Subtest: ARC_STALL_IN_ACT2 does not fire when Act 2 has an emotional beat
    ok 2 - ARC_STALL_IN_ACT2 does not fire when Act 2 has an emotional beat
      ---
      duration_ms: 1.314128
      type: 'test'
      ...
    # Subtest: SECONDARY_ARC_MIRROR fires when two secondaries share same-direction net arc
    ok 3 - SECONDARY_ARC_MIRROR fires when two secondaries share same-direction net arc
      ---
      duration_ms: 1.423524
      type: 'test'
      ...
    # Subtest: SECONDARY_ARC_MIRROR does not fire when secondaries have opposing arc directions
    ok 4 - SECONDARY_ARC_MIRROR does not fire when secondaries have opposing arc directions
      ---
      duration_ms: 1.22981
      type: 'test'
      ...
    # Subtest: ARC_CLIMAX_VOID fires when the climax scene is emotionally hollow
    ok 5 - ARC_CLIMAX_VOID fires when the climax scene is emotionally hollow
      ---
      duration_ms: 1.065111
      type: 'test'
      ...
    # Subtest: ARC_CLIMAX_VOID does not fire when the climax scene has emotional charge
    ok 6 - ARC_CLIMAX_VOID does not fire when the climax scene has emotional charge
      ---
      duration_ms: 0.989464
      type: 'test'
      ...
    1..6
ok 1123 - Wave 182 — characterArcPass: arc stall in Act 2, secondary arc mirror, climax void
  ---
  duration_ms: 8.379468
  type: 'suite'
  ...
# Subtest: Wave 228 — characterArcPass: protagonist untested socially, midpoint relational void, final-act character static
    # Subtest: ARC_PROTAGONIST_UNTESTED_SOCIALLY fires when protagonist has only positive relationship shifts
    ok 1 - ARC_PROTAGONIST_UNTESTED_SOCIALLY fires when protagonist has only positive relationship shifts
      ---
      duration_ms: 15.0418
      type: 'test'
      ...
    # Subtest: ARC_PROTAGONIST_UNTESTED_SOCIALLY does NOT fire when protagonist has a negative shift
    ok 2 - ARC_PROTAGONIST_UNTESTED_SOCIALLY does NOT fire when protagonist has a negative shift
      ---
      duration_ms: 1.405095
      type: 'test'
      ...
    # Subtest: ARC_MIDPOINT_RELATIONAL_VOID fires when midpoint zone has no relationship shifts or revelations
    ok 3 - ARC_MIDPOINT_RELATIONAL_VOID fires when midpoint zone has no relationship shifts or revelations
      ---
      duration_ms: 2.061525
      type: 'test'
      ...
    # Subtest: ARC_MIDPOINT_RELATIONAL_VOID does NOT fire when midpoint has a revelation
    ok 4 - ARC_MIDPOINT_RELATIONAL_VOID does NOT fire when midpoint has a revelation
      ---
      duration_ms: 1.467264
      type: 'test'
      ...
    # Subtest: ARC_FINAL_ACT_CHARACTER_STATIC fires when Act 3 has no relationship shifts
    ok 5 - ARC_FINAL_ACT_CHARACTER_STATIC fires when Act 3 has no relationship shifts
      ---
      duration_ms: 1.843154
      type: 'test'
      ...
    # Subtest: ARC_FINAL_ACT_CHARACTER_STATIC does NOT fire when Act 3 has a relationship shift
    ok 6 - ARC_FINAL_ACT_CHARACTER_STATIC does NOT fire when Act 3 has a relationship shift
      ---
      duration_ms: 1.633489
      type: 'test'
      ...
    1..6
ok 1124 - Wave 228 — characterArcPass: protagonist untested socially, midpoint relational void, final-act character static
  ---
  duration_ms: 23.89147
  type: 'suite'
  ...
# Subtest: Wave 1177 — characterArcPass (distinct-mode pivot): arc highlight back-loaded, arc relational-emotion decoupled, arc relational-revelation decoupled
    # Subtest: ARC_HIGHLIGHT_BACK_LOADED fires when >70% of highlight scenes fall in the second half
    ok 1 - ARC_HIGHLIGHT_BACK_LOADED fires when >70% of highlight scenes fall in the second half
      ---
      duration_ms: 1.891277
      type: 'test'
      ...
    # Subtest: ARC_HIGHLIGHT_BACK_LOADED does not fire when highlight scenes are balanced across halves
    ok 2 - ARC_HIGHLIGHT_BACK_LOADED does not fire when highlight scenes are balanced across halves
      ---
      duration_ms: 1.278144
      type: 'test'
      ...
    # Subtest: ARC_RELATIONAL_EMOTION_DECOUPLED fires when relationship shifts never coincide with an emotional beat
    ok 3 - ARC_RELATIONAL_EMOTION_DECOUPLED fires when relationship shifts never coincide with an emotional beat
      ---
      duration_ms: 1.439999
      type: 'test'
      ...
    # Subtest: ARC_RELATIONAL_EMOTION_DECOUPLED does not fire when one scene carries both a relationship shift and an emotional beat
    ok 4 - ARC_RELATIONAL_EMOTION_DECOUPLED does not fire when one scene carries both a relationship shift and an emotional beat
      ---
      duration_ms: 1.33212
      type: 'test'
      ...
    # Subtest: ARC_RELATIONAL_REVELATION_DECOUPLED fires when relationship shifts never coincide with a revelation
    ok 5 - ARC_RELATIONAL_REVELATION_DECOUPLED fires when relationship shifts never coincide with a revelation
      ---
      duration_ms: 1.478785
      type: 'test'
      ...
    # Subtest: ARC_RELATIONAL_REVELATION_DECOUPLED does not fire when one scene carries both a relationship shift and a revelation
    ok 6 - ARC_RELATIONAL_REVELATION_DECOUPLED does not fire when one scene carries both a relationship shift and a revelation
      ---
      duration_ms: 1.18982
      type: 'test'
      ...
    1..6
ok 1125 - Wave 1177 — characterArcPass (distinct-mode pivot): arc highlight back-loaded, arc relational-emotion decoupled, arc relational-revelation decoupled
  ---
  duration_ms: 8.908749
  type: 'suite'
  ...
# Subtest: Wave 1163 — characterArcPass: arc positive-staging aftermath void, arc positive-dialogue-highlight aftermath void, arc negative-suspense aftermath void
    # Subtest: ARC_POSITIVE_STAGING_AFTERMATH_VOID fires when every positive-emotion scene is followed by two scenes with no heavily-staged scene
    ok 1 - ARC_POSITIVE_STAGING_AFTERMATH_VOID fires when every positive-emotion scene is followed by two scenes with no heavily-staged scene
      ---
      duration_ms: 1.454914
      type: 'test'
      ...
    # Subtest: ARC_POSITIVE_STAGING_AFTERMATH_VOID does not fire when a positive-emotion scene is followed by a heavily-staged scene within its window
    ok 2 - ARC_POSITIVE_STAGING_AFTERMATH_VOID does not fire when a positive-emotion scene is followed by a heavily-staged scene within its window
      ---
      duration_ms: 1.410912
      type: 'test'
      ...
    # Subtest: ARC_POSITIVE_DIALOGUE_HIGHLIGHT_AFTERMATH_VOID fires when every positive-emotion scene is followed by two scenes with no highlighted dialogue
    ok 3 - ARC_POSITIVE_DIALOGUE_HIGHLIGHT_AFTERMATH_VOID fires when every positive-emotion scene is followed by two scenes with no highlighted dialogue
      ---
      duration_ms: 1.241806
      type: 'test'
      ...
    # Subtest: ARC_POSITIVE_DIALOGUE_HIGHLIGHT_AFTERMATH_VOID does not fire when a positive-emotion scene is followed by highlighted dialogue within its window
    ok 4 - ARC_POSITIVE_DIALOGUE_HIGHLIGHT_AFTERMATH_VOID does not fire when a positive-emotion scene is followed by highlighted dialogue within its window
      ---
      duration_ms: 1.366993
      type: 'test'
      ...
    # Subtest: ARC_NEGATIVE_SUSPENSE_AFTERMATH_VOID fires when every negative-emotion scene is followed by two scenes with no suspense rise
    ok 5 - ARC_NEGATIVE_SUSPENSE_AFTERMATH_VOID fires when every negative-emotion scene is followed by two scenes with no suspense rise
      ---
      duration_ms: 1.203242
      type: 'test'
      ...
    # Subtest: ARC_NEGATIVE_SUSPENSE_AFTERMATH_VOID does not fire when a negative-emotion scene is followed by a suspense rise within its window
    ok 6 - ARC_NEGATIVE_SUSPENSE_AFTERMATH_VOID does not fire when a negative-emotion scene is followed by a suspense rise within its window
      ---
      duration_ms: 1.048441
      type: 'test'
      ...
    1..6
ok 1126 - Wave 1163 — characterArcPass: arc positive-staging aftermath void, arc positive-dialogue-highlight aftermath void, arc negative-suspense aftermath void
  ---
  duration_ms: 8.061559
  type: 'suite'
  ...
# Subtest: Wave 1149 — characterArcPass: arc positive-curiosity aftermath void, arc positive-suspense aftermath void, arc negative-curiosity aftermath void
    # Subtest: ARC_POSITIVE_CURIOSITY_AFTERMATH_VOID fires when every positive-emotion scene is followed by two scenes with no curiosity rise
    ok 1 - ARC_POSITIVE_CURIOSITY_AFTERMATH_VOID fires when every positive-emotion scene is followed by two scenes with no curiosity rise
      ---
      duration_ms: 1.733264
      type: 'test'
      ...
    # Subtest: ARC_POSITIVE_CURIOSITY_AFTERMATH_VOID does not fire when a positive-emotion scene is followed by a curiosity rise within its window
    ok 2 - ARC_POSITIVE_CURIOSITY_AFTERMATH_VOID does not fire when a positive-emotion scene is followed by a curiosity rise within its window
      ---
      duration_ms: 1.124025
      type: 'test'
      ...
    # Subtest: ARC_POSITIVE_SUSPENSE_AFTERMATH_VOID fires when every positive-emotion scene is followed by two scenes with no suspense rise
    ok 3 - ARC_POSITIVE_SUSPENSE_AFTERMATH_VOID fires when every positive-emotion scene is followed by two scenes with no suspense rise
      ---
      duration_ms: 1.7897
      type: 'test'
      ...
    # Subtest: ARC_POSITIVE_SUSPENSE_AFTERMATH_VOID does not fire when a positive-emotion scene is followed by a suspense rise within its window
    ok 4 - ARC_POSITIVE_SUSPENSE_AFTERMATH_VOID does not fire when a positive-emotion scene is followed by a suspense rise within its window
      ---
      duration_ms: 1.108979
      type: 'test'
      ...
    # Subtest: ARC_NEGATIVE_CURIOSITY_AFTERMATH_VOID fires when every negative-emotion scene is followed by two scenes with no curiosity rise
    ok 5 - ARC_NEGATIVE_CURIOSITY_AFTERMATH_VOID fires when every negative-emotion scene is followed by two scenes with no curiosity rise
      ---
      duration_ms: 1.061303
      type: 'test'
      ...
    # Subtest: ARC_NEGATIVE_CURIOSITY_AFTERMATH_VOID does not fire when a negative-emotion scene is followed by a curiosity rise within its window
    ok 6 - ARC_NEGATIVE_CURIOSITY_AFTERMATH_VOID does not fire when a negative-emotion scene is followed by a curiosity rise within its window
      ---
      duration_ms: 1.084583
      type: 'test'
      ...
    1..6
ok 1127 - Wave 1149 — characterArcPass: arc positive-curiosity aftermath void, arc positive-suspense aftermath void, arc negative-curiosity aftermath void
  ---
  duration_ms: 8.194888
  type: 'suite'
  ...
# Subtest: Wave 1135 — characterArcPass: arc suspense-recurrence aftermath void, arc turn-dialogue-highlight aftermath void, arc turn-staging aftermath void
    # Subtest: ARC_SUSPENSE_RECURRENCE_AFTERMATH_VOID fires when every suspense spike is followed by two scenes with no further suspense rise
    ok 1 - ARC_SUSPENSE_RECURRENCE_AFTERMATH_VOID fires when every suspense spike is followed by two scenes with no further suspense rise
      ---
      duration_ms: 1.597508
      type: 'test'
      ...
    # Subtest: ARC_SUSPENSE_RECURRENCE_AFTERMATH_VOID does not fire when a suspense spike is followed by a further suspense rise within its window
    ok 2 - ARC_SUSPENSE_RECURRENCE_AFTERMATH_VOID does not fire when a suspense spike is followed by a further suspense rise within its window
      ---
      duration_ms: 1.05762
      type: 'test'
      ...
    # Subtest: ARC_TURN_DIALOGUE_HIGHLIGHT_AFTERMATH_VOID fires when every dramatic turn is followed by two scenes with no highlighted dialogue
    ok 3 - ARC_TURN_DIALOGUE_HIGHLIGHT_AFTERMATH_VOID fires when every dramatic turn is followed by two scenes with no highlighted dialogue
      ---
      duration_ms: 1.162874
      type: 'test'
      ...
    # Subtest: ARC_TURN_DIALOGUE_HIGHLIGHT_AFTERMATH_VOID does not fire when a dramatic turn is followed by highlighted dialogue within its window
    ok 4 - ARC_TURN_DIALOGUE_HIGHLIGHT_AFTERMATH_VOID does not fire when a dramatic turn is followed by highlighted dialogue within its window
      ---
      duration_ms: 1.039132
      type: 'test'
      ...
    # Subtest: ARC_TURN_STAGING_AFTERMATH_VOID fires when every dramatic turn is followed by two scenes with no heavily-staged scene
    ok 5 - ARC_TURN_STAGING_AFTERMATH_VOID fires when every dramatic turn is followed by two scenes with no heavily-staged scene
      ---
      duration_ms: 1.232136
      type: 'test'
      ...
    # Subtest: ARC_TURN_STAGING_AFTERMATH_VOID does not fire when a dramatic turn is followed by a heavily-staged scene within its window
    ok 6 - ARC_TURN_STAGING_AFTERMATH_VOID does not fire when a dramatic turn is followed by a heavily-staged scene within its window
      ---
      duration_ms: 1.234623
      type: 'test'
      ...
    1..6
ok 1128 - Wave 1135 — characterArcPass: arc suspense-recurrence aftermath void, arc turn-dialogue-highlight aftermath void, arc turn-staging aftermath void
  ---
  duration_ms: 7.593051
  type: 'suite'
  ...
# Subtest: Wave 1121 — characterArcPass: arc suspense-staging aftermath void, arc turn-curiosity aftermath void, arc turn-suspense aftermath void
    # Subtest: ARC_SUSPENSE_STAGING_AFTERMATH_VOID fires when every suspense spike is followed by two scenes with no heavily-staged scene
    ok 1 - ARC_SUSPENSE_STAGING_AFTERMATH_VOID fires when every suspense spike is followed by two scenes with no heavily-staged scene
      ---
      duration_ms: 1.34358
      type: 'test'
      ...
    # Subtest: ARC_SUSPENSE_STAGING_AFTERMATH_VOID does not fire when a suspense spike is followed by a heavily-staged scene within its window
    ok 2 - ARC_SUSPENSE_STAGING_AFTERMATH_VOID does not fire when a suspense spike is followed by a heavily-staged scene within its window
      ---
      duration_ms: 1.212722
      type: 'test'
      ...
    # Subtest: ARC_TURN_CURIOSITY_AFTERMATH_VOID fires when every dramatic turn is followed by two scenes with no curiosity rise
    ok 3 - ARC_TURN_CURIOSITY_AFTERMATH_VOID fires when every dramatic turn is followed by two scenes with no curiosity rise
      ---
      duration_ms: 0.986597
      type: 'test'
      ...
    # Subtest: ARC_TURN_CURIOSITY_AFTERMATH_VOID does not fire when a dramatic turn is followed by a curiosity rise within its window
    ok 4 - ARC_TURN_CURIOSITY_AFTERMATH_VOID does not fire when a dramatic turn is followed by a curiosity rise within its window
      ---
      duration_ms: 0.993067
      type: 'test'
      ...
    # Subtest: ARC_TURN_SUSPENSE_AFTERMATH_VOID fires when every dramatic turn is followed by two scenes with no suspense rise
    ok 5 - ARC_TURN_SUSPENSE_AFTERMATH_VOID fires when every dramatic turn is followed by two scenes with no suspense rise
      ---
      duration_ms: 1.035377
      type: 'test'
      ...
    # Subtest: ARC_TURN_SUSPENSE_AFTERMATH_VOID does not fire when a dramatic turn is followed by a suspense rise within its window
    ok 6 - ARC_TURN_SUSPENSE_AFTERMATH_VOID does not fire when a dramatic turn is followed by a suspense rise within its window
      ---
      duration_ms: 1.161323
      type: 'test'
      ...
    1..6
ok 1129 - Wave 1121 — characterArcPass: arc suspense-staging aftermath void, arc turn-curiosity aftermath void, arc turn-suspense aftermath void
  ---
  duration_ms: 6.997741
  type: 'suite'
  ...
# Subtest: Wave 1107 — characterArcPass: arc revelation-staging aftermath void, arc seed-relational aftermath void, arc seed-staging aftermath void
    # Subtest: ARC_REVELATION_STAGING_AFTERMATH_VOID fires when every revelation is followed by two scenes with no heavily-staged scene
    ok 1 - ARC_REVELATION_STAGING_AFTERMATH_VOID fires when every revelation is followed by two scenes with no heavily-staged scene
      ---
      duration_ms: 1.366068
      type: 'test'
      ...
    # Subtest: ARC_REVELATION_STAGING_AFTERMATH_VOID does not fire when a revelation is followed by a heavily-staged scene within its window
    ok 2 - ARC_REVELATION_STAGING_AFTERMATH_VOID does not fire when a revelation is followed by a heavily-staged scene within its window
      ---
      duration_ms: 1.76039
      type: 'test'
      ...
    # Subtest: ARC_SEED_RELATIONAL_AFTERMATH_VOID fires when every seed is followed by two scenes with no relationship shift
    ok 3 - ARC_SEED_RELATIONAL_AFTERMATH_VOID fires when every seed is followed by two scenes with no relationship shift
      ---
      duration_ms: 1.58368
      type: 'test'
      ...
    # Subtest: ARC_SEED_RELATIONAL_AFTERMATH_VOID does not fire when a seed is followed by a relationship shift within its window
    ok 4 - ARC_SEED_RELATIONAL_AFTERMATH_VOID does not fire when a seed is followed by a relationship shift within its window
      ---
      duration_ms: 0.99806
      type: 'test'
      ...
    # Subtest: ARC_SEED_STAGING_AFTERMATH_VOID fires when every seed is followed by two scenes with no heavily-staged scene
    ok 5 - ARC_SEED_STAGING_AFTERMATH_VOID fires when every seed is followed by two scenes with no heavily-staged scene
      ---
      duration_ms: 1.013794
      type: 'test'
      ...
    # Subtest: ARC_SEED_STAGING_AFTERMATH_VOID does not fire when a seed is followed by a heavily-staged scene within its window
    ok 6 - ARC_SEED_STAGING_AFTERMATH_VOID does not fire when a seed is followed by a heavily-staged scene within its window
      ---
      duration_ms: 0.92808
      type: 'test'
      ...
    1..6
ok 1130 - Wave 1107 — characterArcPass: arc revelation-staging aftermath void, arc seed-relational aftermath void, arc seed-staging aftermath void
  ---
  duration_ms: 7.974534
  type: 'suite'
  ...
# Subtest: Wave 1093 — characterArcPass: arc open-thread-relational aftermath void, arc clock-dialogue-highlight aftermath void, arc revelation-dialogue-highlight aftermath void
    # Subtest: ARC_OPEN_THREAD_RELATIONAL_AFTERMATH_VOID fires when every heavy clue-debt scene is followed by two scenes with no relationship shift
    ok 1 - ARC_OPEN_THREAD_RELATIONAL_AFTERMATH_VOID fires when every heavy clue-debt scene is followed by two scenes with no relationship shift
      ---
      duration_ms: 1.364197
      type: 'test'
      ...
    # Subtest: ARC_OPEN_THREAD_RELATIONAL_AFTERMATH_VOID does not fire when a heavy clue-debt scene is followed by a relationship shift within its window
    ok 2 - ARC_OPEN_THREAD_RELATIONAL_AFTERMATH_VOID does not fire when a heavy clue-debt scene is followed by a relationship shift within its window
      ---
      duration_ms: 1.045632
      type: 'test'
      ...
    # Subtest: ARC_CLOCK_DIALOGUE_HIGHLIGHT_AFTERMATH_VOID fires when every clock-raise is followed by two scenes with no highlighted dialogue
    ok 3 - ARC_CLOCK_DIALOGUE_HIGHLIGHT_AFTERMATH_VOID fires when every clock-raise is followed by two scenes with no highlighted dialogue
      ---
      duration_ms: 1.114529
      type: 'test'
      ...
    # Subtest: ARC_CLOCK_DIALOGUE_HIGHLIGHT_AFTERMATH_VOID does not fire when a clock-raise is followed by highlighted dialogue within its window
    ok 4 - ARC_CLOCK_DIALOGUE_HIGHLIGHT_AFTERMATH_VOID does not fire when a clock-raise is followed by highlighted dialogue within its window
      ---
      duration_ms: 0.940167
      type: 'test'
      ...
    # Subtest: ARC_REVELATION_DIALOGUE_HIGHLIGHT_AFTERMATH_VOID fires when every revelation is followed by two scenes with no highlighted dialogue
    ok 5 - ARC_REVELATION_DIALOGUE_HIGHLIGHT_AFTERMATH_VOID fires when every revelation is followed by two scenes with no highlighted dialogue
      ---
      duration_ms: 0.99985
      type: 'test'
      ...
    # Subtest: ARC_REVELATION_DIALOGUE_HIGHLIGHT_AFTERMATH_VOID does not fire when a revelation is followed by highlighted dialogue within its window
    ok 6 - ARC_REVELATION_DIALOGUE_HIGHLIGHT_AFTERMATH_VOID does not fire when a revelation is followed by highlighted dialogue within its window
      ---
      duration_ms: 1.061124
      type: 'test'
      ...
    1..6
ok 1131 - Wave 1093 — characterArcPass: arc open-thread-relational aftermath void, arc clock-dialogue-highlight aftermath void, arc revelation-dialogue-highlight aftermath void
  ---
  duration_ms: 6.872772
  type: 'suite'
  ...
# Subtest: Wave 1079 — characterArcPass: arc stakes-staging aftermath void, arc payoff-dialogue-highlight aftermath void, arc open-thread-dialogue-highlight aftermath void
    # Subtest: ARC_STAKES_STAGING_AFTERMATH_VOID fires when every stakes-raise is followed by two scenes with no visually dense scene
    ok 1 - ARC_STAKES_STAGING_AFTERMATH_VOID fires when every stakes-raise is followed by two scenes with no visually dense scene
      ---
      duration_ms: 1.299499
      type: 'test'
      ...
    # Subtest: ARC_STAKES_STAGING_AFTERMATH_VOID does not fire when a stakes-raise is followed by a visually dense scene within its window
    ok 2 - ARC_STAKES_STAGING_AFTERMATH_VOID does not fire when a stakes-raise is followed by a visually dense scene within its window
      ---
      duration_ms: 7.77461
      type: 'test'
      ...
    # Subtest: ARC_PAYOFF_DIALOGUE_HIGHLIGHT_AFTERMATH_VOID fires when every payoff is followed by two scenes with no highlighted dialogue
    ok 3 - ARC_PAYOFF_DIALOGUE_HIGHLIGHT_AFTERMATH_VOID fires when every payoff is followed by two scenes with no highlighted dialogue
      ---
      duration_ms: 1.150773
      type: 'test'
      ...
    # Subtest: ARC_PAYOFF_DIALOGUE_HIGHLIGHT_AFTERMATH_VOID does not fire when a payoff is followed by highlighted dialogue within its window
    ok 4 - ARC_PAYOFF_DIALOGUE_HIGHLIGHT_AFTERMATH_VOID does not fire when a payoff is followed by highlighted dialogue within its window
      ---
      duration_ms: 1.037841
      type: 'test'
      ...
    # Subtest: ARC_OPEN_THREAD_DIALOGUE_HIGHLIGHT_AFTERMATH_VOID fires when every heavy clue-debt scene is followed by two scenes with no highlighted dialogue
    ok 5 - ARC_OPEN_THREAD_DIALOGUE_HIGHLIGHT_AFTERMATH_VOID fires when every heavy clue-debt scene is followed by two scenes with no highlighted dialogue
      ---
      duration_ms: 1.005118
      type: 'test'
      ...
    # Subtest: ARC_OPEN_THREAD_DIALOGUE_HIGHLIGHT_AFTERMATH_VOID does not fire when a heavy clue-debt scene is followed by highlighted dialogue within its window
    ok 6 - ARC_OPEN_THREAD_DIALOGUE_HIGHLIGHT_AFTERMATH_VOID does not fire when a heavy clue-debt scene is followed by highlighted dialogue within its window
      ---
      duration_ms: 0.987891
      type: 'test'
      ...
    1..6
ok 1132 - Wave 1079 — characterArcPass: arc stakes-staging aftermath void, arc payoff-dialogue-highlight aftermath void, arc open-thread-dialogue-highlight aftermath void
  ---
  duration_ms: 13.522324
  type: 'suite'
  ...
# Subtest: Wave 1065 — characterArcPass: arc clock-suspense aftermath void, arc payoff-suspense aftermath void, arc stakes-dialogue-highlight aftermath void
    # Subtest: ARC_CLOCK_SUSPENSE_AFTERMATH_VOID fires when every clock-raise is followed by two scenes with no suspense rise
    ok 1 - ARC_CLOCK_SUSPENSE_AFTERMATH_VOID fires when every clock-raise is followed by two scenes with no suspense rise
      ---
      duration_ms: 1.198615
      type: 'test'
      ...
    # Subtest: ARC_CLOCK_SUSPENSE_AFTERMATH_VOID does not fire when a clock-raise is followed by a suspense rise within its window
    ok 2 - ARC_CLOCK_SUSPENSE_AFTERMATH_VOID does not fire when a clock-raise is followed by a suspense rise within its window
      ---
      duration_ms: 1.095858
      type: 'test'
      ...
    # Subtest: ARC_PAYOFF_SUSPENSE_AFTERMATH_VOID fires when every payoff is followed by two scenes with no suspense rise
    ok 3 - ARC_PAYOFF_SUSPENSE_AFTERMATH_VOID fires when every payoff is followed by two scenes with no suspense rise
      ---
      duration_ms: 1.000558
      type: 'test'
      ...
    # Subtest: ARC_PAYOFF_SUSPENSE_AFTERMATH_VOID does not fire when a payoff is followed by a suspense rise within its window
    ok 4 - ARC_PAYOFF_SUSPENSE_AFTERMATH_VOID does not fire when a payoff is followed by a suspense rise within its window
      ---
      duration_ms: 0.974024
      type: 'test'
      ...
    # Subtest: ARC_STAKES_DIALOGUE_HIGHLIGHT_AFTERMATH_VOID fires when every stakes-raise is followed by two scenes with no highlighted dialogue
    ok 5 - ARC_STAKES_DIALOGUE_HIGHLIGHT_AFTERMATH_VOID fires when every stakes-raise is followed by two scenes with no highlighted dialogue
      ---
      duration_ms: 1.330068
      type: 'test'
      ...
    # Subtest: ARC_STAKES_DIALOGUE_HIGHLIGHT_AFTERMATH_VOID does not fire when a stakes-raise is followed by highlighted dialogue within its window
    ok 6 - ARC_STAKES_DIALOGUE_HIGHLIGHT_AFTERMATH_VOID does not fire when a stakes-raise is followed by highlighted dialogue within its window
      ---
      duration_ms: 1.056704
      type: 'test'
      ...
    1..6
ok 1133 - Wave 1065 — characterArcPass: arc clock-suspense aftermath void, arc payoff-suspense aftermath void, arc stakes-dialogue-highlight aftermath void
  ---
  duration_ms: 6.909373
  type: 'suite'
  ...
# Subtest: Wave 1051 — characterArcPass: arc seed-suspense aftermath void, arc suspense-dialogue-highlight aftermath void, arc open-thread-suspense aftermath void
    # Subtest: ARC_SEED_SUSPENSE_AFTERMATH_VOID fires when every seed is followed by two scenes with no suspense rise
    ok 1 - ARC_SEED_SUSPENSE_AFTERMATH_VOID fires when every seed is followed by two scenes with no suspense rise
      ---
      duration_ms: 1.444685
      type: 'test'
      ...
    # Subtest: ARC_SEED_SUSPENSE_AFTERMATH_VOID does not fire when a seed is followed by a suspense rise within its window
    ok 2 - ARC_SEED_SUSPENSE_AFTERMATH_VOID does not fire when a seed is followed by a suspense rise within its window
      ---
      duration_ms: 1.008886
      type: 'test'
      ...
    # Subtest: ARC_SUSPENSE_DIALOGUE_HIGHLIGHT_AFTERMATH_VOID fires when every suspense-rise is followed by two scenes with no highlighted dialogue
    ok 3 - ARC_SUSPENSE_DIALOGUE_HIGHLIGHT_AFTERMATH_VOID fires when every suspense-rise is followed by two scenes with no highlighted dialogue
      ---
      duration_ms: 1.010635
      type: 'test'
      ...
    # Subtest: ARC_SUSPENSE_DIALOGUE_HIGHLIGHT_AFTERMATH_VOID does not fire when a suspense-rise is followed by highlighted dialogue within its window
    ok 4 - ARC_SUSPENSE_DIALOGUE_HIGHLIGHT_AFTERMATH_VOID does not fire when a suspense-rise is followed by highlighted dialogue within its window
      ---
      duration_ms: 0.951543
      type: 'test'
      ...
    # Subtest: ARC_OPEN_THREAD_SUSPENSE_AFTERMATH_VOID fires when every heavy clue-debt scene is followed by two scenes with no suspense rise
    ok 5 - ARC_OPEN_THREAD_SUSPENSE_AFTERMATH_VOID fires when every heavy clue-debt scene is followed by two scenes with no suspense rise
      ---
      duration_ms: 1.272114
      type: 'test'
      ...
    # Subtest: ARC_OPEN_THREAD_SUSPENSE_AFTERMATH_VOID does not fire when a heavy clue-debt scene is followed by a suspense rise within its window
    ok 6 - ARC_OPEN_THREAD_SUSPENSE_AFTERMATH_VOID does not fire when a heavy clue-debt scene is followed by a suspense rise within its window
      ---
      duration_ms: 0.980759
      type: 'test'
      ...
    1..6
ok 1134 - Wave 1051 — characterArcPass: arc seed-suspense aftermath void, arc suspense-dialogue-highlight aftermath void, arc open-thread-suspense aftermath void
  ---
  duration_ms: 7.003133
  type: 'suite'
  ...
# Subtest: Wave 1037 — characterArcPass: arc stakes-emotional aftermath void, arc revelation-suspense aftermath void, arc open-thread-curiosity aftermath void
    # Subtest: ARC_STAKES_EMOTIONAL_AFTERMATH_VOID fires when every stakes-raise is followed by two scenes with no emotional shift
    ok 1 - ARC_STAKES_EMOTIONAL_AFTERMATH_VOID fires when every stakes-raise is followed by two scenes with no emotional shift
      ---
      duration_ms: 1.297237
      type: 'test'
      ...
    # Subtest: ARC_STAKES_EMOTIONAL_AFTERMATH_VOID does not fire when a stakes-raise is followed by an emotional shift within its window
    ok 2 - ARC_STAKES_EMOTIONAL_AFTERMATH_VOID does not fire when a stakes-raise is followed by an emotional shift within its window
      ---
      duration_ms: 1.375785
      type: 'test'
      ...
    # Subtest: ARC_REVELATION_SUSPENSE_AFTERMATH_VOID fires when every revelation is followed by two scenes with no suspense rise
    ok 3 - ARC_REVELATION_SUSPENSE_AFTERMATH_VOID fires when every revelation is followed by two scenes with no suspense rise
      ---
      duration_ms: 1.035847
      type: 'test'
      ...
    # Subtest: ARC_REVELATION_SUSPENSE_AFTERMATH_VOID does not fire when a revelation is followed by a suspense rise within its window
    ok 4 - ARC_REVELATION_SUSPENSE_AFTERMATH_VOID does not fire when a revelation is followed by a suspense rise within its window
      ---
      duration_ms: 1.097005
      type: 'test'
      ...
    # Subtest: ARC_OPEN_THREAD_CURIOSITY_AFTERMATH_VOID fires when every heavy clue-debt scene is followed by two scenes with no curiosity rise
    ok 5 - ARC_OPEN_THREAD_CURIOSITY_AFTERMATH_VOID fires when every heavy clue-debt scene is followed by two scenes with no curiosity rise
      ---
      duration_ms: 1.044896
      type: 'test'
      ...
    # Subtest: ARC_OPEN_THREAD_CURIOSITY_AFTERMATH_VOID does not fire when a heavy clue-debt scene is followed by a curiosity rise within its window
    ok 6 - ARC_OPEN_THREAD_CURIOSITY_AFTERMATH_VOID does not fire when a heavy clue-debt scene is followed by a curiosity rise within its window
      ---
      duration_ms: 1.260344
      type: 'test'
      ...
    1..6
ok 1135 - Wave 1037 — characterArcPass: arc stakes-emotional aftermath void, arc revelation-suspense aftermath void, arc open-thread-curiosity aftermath void
  ---
  duration_ms: 7.424715
  type: 'suite'
  ...
# Subtest: Wave 1023 — characterArcPass: arc stakes-suspense aftermath void, arc revelation-curiosity aftermath void, arc suspense-emotional aftermath void
    # Subtest: ARC_STAKES_SUSPENSE_AFTERMATH_VOID fires when every stakes-raise is followed by two scenes with no suspense rise
    ok 1 - ARC_STAKES_SUSPENSE_AFTERMATH_VOID fires when every stakes-raise is followed by two scenes with no suspense rise
      ---
      duration_ms: 1.417676
      type: 'test'
      ...
    # Subtest: ARC_STAKES_SUSPENSE_AFTERMATH_VOID does not fire when a stakes-raise is followed by a suspense rise within its window
    ok 2 - ARC_STAKES_SUSPENSE_AFTERMATH_VOID does not fire when a stakes-raise is followed by a suspense rise within its window
      ---
      duration_ms: 1.87295
      type: 'test'
      ...
    # Subtest: ARC_REVELATION_CURIOSITY_AFTERMATH_VOID fires when every revelation is followed by two scenes with no curiosity rise
    ok 3 - ARC_REVELATION_CURIOSITY_AFTERMATH_VOID fires when every revelation is followed by two scenes with no curiosity rise
      ---
      duration_ms: 1.128693
      type: 'test'
      ...
    # Subtest: ARC_REVELATION_CURIOSITY_AFTERMATH_VOID does not fire when a revelation is followed by a curiosity rise within its window
    ok 4 - ARC_REVELATION_CURIOSITY_AFTERMATH_VOID does not fire when a revelation is followed by a curiosity rise within its window
      ---
      duration_ms: 0.996052
      type: 'test'
      ...
    # Subtest: ARC_SUSPENSE_EMOTIONAL_AFTERMATH_VOID fires when every suspense-rise is followed by two scenes with no emotional shift
    ok 5 - ARC_SUSPENSE_EMOTIONAL_AFTERMATH_VOID fires when every suspense-rise is followed by two scenes with no emotional shift
      ---
      duration_ms: 1.000077
      type: 'test'
      ...
    # Subtest: ARC_SUSPENSE_EMOTIONAL_AFTERMATH_VOID does not fire when a suspense-rise is followed by an emotional shift within its window
    ok 6 - ARC_SUSPENSE_EMOTIONAL_AFTERMATH_VOID does not fire when a suspense-rise is followed by an emotional shift within its window
      ---
      duration_ms: 1.198514
      type: 'test'
      ...
    1..6
ok 1136 - Wave 1023 — characterArcPass: arc stakes-suspense aftermath void, arc revelation-curiosity aftermath void, arc suspense-emotional aftermath void
  ---
  duration_ms: 7.942706
  type: 'suite'
  ...
# Subtest: Wave 1009 — characterArcPass: arc clock-emotional aftermath void, arc payoff-relational aftermath void, arc seed-curiosity aftermath void
    # Subtest: ARC_CLOCK_EMOTIONAL_AFTERMATH_VOID fires when every clock-raise is followed by two scenes with no emotional shift
    ok 1 - ARC_CLOCK_EMOTIONAL_AFTERMATH_VOID fires when every clock-raise is followed by two scenes with no emotional shift
      ---
      duration_ms: 1.324503
      type: 'test'
      ...
    # Subtest: ARC_CLOCK_EMOTIONAL_AFTERMATH_VOID does not fire when a clock-raise is followed by an emotional shift within its window
    ok 2 - ARC_CLOCK_EMOTIONAL_AFTERMATH_VOID does not fire when a clock-raise is followed by an emotional shift within its window
      ---
      duration_ms: 0.981898
      type: 'test'
      ...
    # Subtest: ARC_PAYOFF_RELATIONAL_AFTERMATH_VOID fires when every payoff is followed by two scenes with no relationship shift
    ok 3 - ARC_PAYOFF_RELATIONAL_AFTERMATH_VOID fires when every payoff is followed by two scenes with no relationship shift
      ---
      duration_ms: 1.176049
      type: 'test'
      ...
    # Subtest: ARC_PAYOFF_RELATIONAL_AFTERMATH_VOID does not fire when a payoff is followed by a relationship shift within its window
    ok 4 - ARC_PAYOFF_RELATIONAL_AFTERMATH_VOID does not fire when a payoff is followed by a relationship shift within its window
      ---
      duration_ms: 1.020183
      type: 'test'
      ...
    # Subtest: ARC_SEED_CURIOSITY_AFTERMATH_VOID fires when every seed is followed by two scenes with no new curiosity
    ok 5 - ARC_SEED_CURIOSITY_AFTERMATH_VOID fires when every seed is followed by two scenes with no new curiosity
      ---
      duration_ms: 0.950613
      type: 'test'
      ...
    # Subtest: ARC_SEED_CURIOSITY_AFTERMATH_VOID does not fire when a seed is followed by new curiosity within its window
    ok 6 - ARC_SEED_CURIOSITY_AFTERMATH_VOID does not fire when a seed is followed by new curiosity within its window
      ---
      duration_ms: 1.072907
      type: 'test'
      ...
    1..6
ok 1137 - Wave 1009 — characterArcPass: arc clock-emotional aftermath void, arc payoff-relational aftermath void, arc seed-curiosity aftermath void
  ---
  duration_ms: 6.825804
  type: 'suite'
  ...
# Subtest: Wave 995 — characterArcPass: arc clock zone imbalance, arc highlight zone imbalance, arc stakes-curiosity aftermath void
    # Subtest: ARC_CLOCK_ZONE_IMBALANCE fires when one zone is empty while another holds >=50% of clock-raising scenes
    ok 1 - ARC_CLOCK_ZONE_IMBALANCE fires when one zone is empty while another holds >=50% of clock-raising scenes
      ---
      duration_ms: 1.685961
      type: 'test'
      ...
    # Subtest: ARC_CLOCK_ZONE_IMBALANCE does not fire when clock-raising scenes touch every zone
    ok 2 - ARC_CLOCK_ZONE_IMBALANCE does not fire when clock-raising scenes touch every zone
      ---
      duration_ms: 1.026583
      type: 'test'
      ...
    # Subtest: ARC_HIGHLIGHT_ZONE_IMBALANCE fires when one zone is empty while another holds >=50% of highlighted-dialogue scenes
    ok 3 - ARC_HIGHLIGHT_ZONE_IMBALANCE fires when one zone is empty while another holds >=50% of highlighted-dialogue scenes
      ---
      duration_ms: 1.02729
      type: 'test'
      ...
    # Subtest: ARC_HIGHLIGHT_ZONE_IMBALANCE does not fire when highlighted-dialogue scenes touch every zone
    ok 4 - ARC_HIGHLIGHT_ZONE_IMBALANCE does not fire when highlighted-dialogue scenes touch every zone
      ---
      duration_ms: 1.016608
      type: 'test'
      ...
    # Subtest: ARC_STAKES_CURIOSITY_AFTERMATH_VOID fires when every stakes-raise is followed by two scenes with no new curiosity
    ok 5 - ARC_STAKES_CURIOSITY_AFTERMATH_VOID fires when every stakes-raise is followed by two scenes with no new curiosity
      ---
      duration_ms: 1.088691
      type: 'test'
      ...
    # Subtest: ARC_STAKES_CURIOSITY_AFTERMATH_VOID does not fire when a stakes-raise is followed by new curiosity within its window
    ok 6 - ARC_STAKES_CURIOSITY_AFTERMATH_VOID does not fire when a stakes-raise is followed by new curiosity within its window
      ---
      duration_ms: 0.941095
      type: 'test'
      ...
    1..6
ok 1138 - Wave 995 — characterArcPass: arc clock zone imbalance, arc highlight zone imbalance, arc stakes-curiosity aftermath void
  ---
  duration_ms: 7.066295
  type: 'suite'
  ...
# Subtest: Wave 981 — characterArcPass: arc suspense relational aftermath void, arc clock staging aftermath void, arc payoff staging aftermath void
    # Subtest: ARC_SUSPENSE_RELATIONAL_AFTERMATH_VOID fires when every suspense rise has no relationship shift within 2 scenes
    ok 1 - ARC_SUSPENSE_RELATIONAL_AFTERMATH_VOID fires when every suspense rise has no relationship shift within 2 scenes
      ---
      duration_ms: 1.605455
      type: 'test'
      ...
    # Subtest: ARC_SUSPENSE_RELATIONAL_AFTERMATH_VOID does not fire when a suspense rise is followed by a relationship shift within 2 scenes
    ok 2 - ARC_SUSPENSE_RELATIONAL_AFTERMATH_VOID does not fire when a suspense rise is followed by a relationship shift within 2 scenes
      ---
      duration_ms: 1.63918
      type: 'test'
      ...
    # Subtest: ARC_CLOCK_STAGING_AFTERMATH_VOID fires when every clock has no substantial staging within 2 scenes
    ok 3 - ARC_CLOCK_STAGING_AFTERMATH_VOID fires when every clock has no substantial staging within 2 scenes
      ---
      duration_ms: 1.01121
      type: 'test'
      ...
    # Subtest: ARC_CLOCK_STAGING_AFTERMATH_VOID does not fire when a clock is followed by substantial staging within 2 scenes
    ok 4 - ARC_CLOCK_STAGING_AFTERMATH_VOID does not fire when a clock is followed by substantial staging within 2 scenes
      ---
      duration_ms: 1.000392
      type: 'test'
      ...
    # Subtest: ARC_PAYOFF_STAGING_AFTERMATH_VOID fires when every payoff has no substantial staging within 2 scenes
    ok 5 - ARC_PAYOFF_STAGING_AFTERMATH_VOID fires when every payoff has no substantial staging within 2 scenes
      ---
      duration_ms: 1.139837
      type: 'test'
      ...
    # Subtest: ARC_PAYOFF_STAGING_AFTERMATH_VOID does not fire when a payoff is followed by substantial staging within 2 scenes
    ok 6 - ARC_PAYOFF_STAGING_AFTERMATH_VOID does not fire when a payoff is followed by substantial staging within 2 scenes
      ---
      duration_ms: 1.309101
      type: 'test'
      ...
    1..6
ok 1139 - Wave 981 — characterArcPass: arc suspense relational aftermath void, arc clock staging aftermath void, arc payoff staging aftermath void
  ---
  duration_ms: 7.979887
  type: 'suite'
  ...
# Subtest: Wave 967 — characterArcPass: arc revelation emotional aftermath void, arc stakes relational aftermath void, arc payoff emotional aftermath void
    # Subtest: ARC_REVELATION_EMOTIONAL_AFTERMATH_VOID fires when every revelation has no emotional shift within 2 scenes
    ok 1 - ARC_REVELATION_EMOTIONAL_AFTERMATH_VOID fires when every revelation has no emotional shift within 2 scenes
      ---
      duration_ms: 1.267595
      type: 'test'
      ...
    # Subtest: ARC_REVELATION_EMOTIONAL_AFTERMATH_VOID does not fire when a revelation is followed by an emotional shift within 2 scenes
    ok 2 - ARC_REVELATION_EMOTIONAL_AFTERMATH_VOID does not fire when a revelation is followed by an emotional shift within 2 scenes
      ---
      duration_ms: 1.022044
      type: 'test'
      ...
    # Subtest: ARC_STAKES_RELATIONAL_AFTERMATH_VOID fires when every stakes-raise has no relationship shift within 2 scenes
    ok 3 - ARC_STAKES_RELATIONAL_AFTERMATH_VOID fires when every stakes-raise has no relationship shift within 2 scenes
      ---
      duration_ms: 1.157642
      type: 'test'
      ...
    # Subtest: ARC_STAKES_RELATIONAL_AFTERMATH_VOID does not fire when a stakes-raise is followed by a relationship shift within 2 scenes
    ok 4 - ARC_STAKES_RELATIONAL_AFTERMATH_VOID does not fire when a stakes-raise is followed by a relationship shift within 2 scenes
      ---
      duration_ms: 0.985704
      type: 'test'
      ...
    # Subtest: ARC_PAYOFF_EMOTIONAL_AFTERMATH_VOID fires when every payoff has no emotional shift within 2 scenes
    ok 5 - ARC_PAYOFF_EMOTIONAL_AFTERMATH_VOID fires when every payoff has no emotional shift within 2 scenes
      ---
      duration_ms: 1.158154
      type: 'test'
      ...
    # Subtest: ARC_PAYOFF_EMOTIONAL_AFTERMATH_VOID does not fire when a payoff is followed by an emotional shift within 2 scenes
    ok 6 - ARC_PAYOFF_EMOTIONAL_AFTERMATH_VOID does not fire when a payoff is followed by an emotional shift within 2 scenes
      ---
      duration_ms: 1.02848
      type: 'test'
      ...
    1..6
ok 1140 - Wave 967 — characterArcPass: arc revelation emotional aftermath void, arc stakes relational aftermath void, arc payoff emotional aftermath void
  ---
  duration_ms: 6.910888
  type: 'suite'
  ...
# Subtest: Wave 953 — characterArcPass: arc relational zone imbalance, arc turn zone imbalance, arc revelation zone imbalance
    # Subtest: ARC_RELATIONAL_ZONE_IMBALANCE fires when one zone is empty while another holds >=50% of relationship-shift scenes
    ok 1 - ARC_RELATIONAL_ZONE_IMBALANCE fires when one zone is empty while another holds >=50% of relationship-shift scenes
      ---
      duration_ms: 1.476581
      type: 'test'
      ...
    # Subtest: ARC_RELATIONAL_ZONE_IMBALANCE does not fire when relationship-shift scenes touch every zone
    ok 2 - ARC_RELATIONAL_ZONE_IMBALANCE does not fire when relationship-shift scenes touch every zone
      ---
      duration_ms: 1.290196
      type: 'test'
      ...
    # Subtest: ARC_TURN_ZONE_IMBALANCE fires when one zone is empty while another holds >=50% of dramatic-turn scenes
    ok 3 - ARC_TURN_ZONE_IMBALANCE fires when one zone is empty while another holds >=50% of dramatic-turn scenes
      ---
      duration_ms: 1.13384
      type: 'test'
      ...
    # Subtest: ARC_TURN_ZONE_IMBALANCE does not fire when dramatic-turn scenes touch every zone
    ok 4 - ARC_TURN_ZONE_IMBALANCE does not fire when dramatic-turn scenes touch every zone
      ---
      duration_ms: 0.959023
      type: 'test'
      ...
    # Subtest: ARC_REVELATION_ZONE_IMBALANCE fires when one zone is empty while another holds >=50% of revelation scenes
    ok 5 - ARC_REVELATION_ZONE_IMBALANCE fires when one zone is empty while another holds >=50% of revelation scenes
      ---
      duration_ms: 1.020139
      type: 'test'
      ...
    # Subtest: ARC_REVELATION_ZONE_IMBALANCE does not fire when revelation scenes touch every zone
    ok 6 - ARC_REVELATION_ZONE_IMBALANCE does not fire when revelation scenes touch every zone
      ---
      duration_ms: 0.917392
      type: 'test'
      ...
    1..6
ok 1141 - Wave 953 — characterArcPass: arc relational zone imbalance, arc turn zone imbalance, arc revelation zone imbalance
  ---
  duration_ms: 7.113141
  type: 'suite'
  ...
# Subtest: Wave 939 — characterArcPass: arc open thread zone imbalance, arc payoff zone imbalance, arc seed zone imbalance
    # Subtest: ARC_OPEN_THREAD_ZONE_IMBALANCE fires when one zone is empty while another holds >=50% of open-thread scenes
    ok 1 - ARC_OPEN_THREAD_ZONE_IMBALANCE fires when one zone is empty while another holds >=50% of open-thread scenes
      ---
      duration_ms: 1.287353
      type: 'test'
      ...
    # Subtest: ARC_OPEN_THREAD_ZONE_IMBALANCE does not fire when open-thread scenes touch every zone
    ok 2 - ARC_OPEN_THREAD_ZONE_IMBALANCE does not fire when open-thread scenes touch every zone
      ---
      duration_ms: 0.870489
      type: 'test'
      ...
    # Subtest: ARC_PAYOFF_ZONE_IMBALANCE fires when one zone is empty while another holds >=50% of payoff scenes
    ok 3 - ARC_PAYOFF_ZONE_IMBALANCE fires when one zone is empty while another holds >=50% of payoff scenes
      ---
      duration_ms: 1.495242
      type: 'test'
      ...
    # Subtest: ARC_PAYOFF_ZONE_IMBALANCE does not fire when payoff scenes touch every zone
    ok 4 - ARC_PAYOFF_ZONE_IMBALANCE does not fire when payoff scenes touch every zone
      ---
      duration_ms: 1.133681
      type: 'test'
      ...
    # Subtest: ARC_SEED_ZONE_IMBALANCE fires when one zone is empty while another holds >=50% of seed scenes
    ok 5 - ARC_SEED_ZONE_IMBALANCE fires when one zone is empty while another holds >=50% of seed scenes
      ---
      duration_ms: 1.04075
      type: 'test'
      ...
    # Subtest: ARC_SEED_ZONE_IMBALANCE does not fire when seed scenes touch every zone
    ok 6 - ARC_SEED_ZONE_IMBALANCE does not fire when seed scenes touch every zone
      ---
      duration_ms: 1.231426
      type: 'test'
      ...
    1..6
ok 1142 - Wave 939 — characterArcPass: arc open thread zone imbalance, arc payoff zone imbalance, arc seed zone imbalance
  ---
  duration_ms: 7.419587
  type: 'suite'
  ...
# Subtest: Wave 925 — characterArcPass: arc suspense zone imbalance, arc curiosity zone imbalance, arc clock delta zone imbalance
    # Subtest: ARC_SUSPENSE_ZONE_IMBALANCE fires when one zone is empty while another holds >=50% of suspense-raising scenes
    ok 1 - ARC_SUSPENSE_ZONE_IMBALANCE fires when one zone is empty while another holds >=50% of suspense-raising scenes
      ---
      duration_ms: 1.375052
      type: 'test'
      ...
    # Subtest: ARC_SUSPENSE_ZONE_IMBALANCE does not fire when suspense-raising scenes touch every zone
    ok 2 - ARC_SUSPENSE_ZONE_IMBALANCE does not fire when suspense-raising scenes touch every zone
      ---
      duration_ms: 0.996001
      type: 'test'
      ...
    # Subtest: ARC_CURIOSITY_ZONE_IMBALANCE fires when one zone is empty while another holds >=50% of curiosity-raising scenes
    ok 3 - ARC_CURIOSITY_ZONE_IMBALANCE fires when one zone is empty while another holds >=50% of curiosity-raising scenes
      ---
      duration_ms: 1.402849
      type: 'test'
      ...
    # Subtest: ARC_CURIOSITY_ZONE_IMBALANCE does not fire when curiosity-raising scenes touch every zone
    ok 4 - ARC_CURIOSITY_ZONE_IMBALANCE does not fire when curiosity-raising scenes touch every zone
      ---
      duration_ms: 5.185647
      type: 'test'
      ...
    # Subtest: ARC_CLOCK_DELTA_ZONE_IMBALANCE fires when one zone is empty while another holds >=50% of clock-advancing scenes
    ok 5 - ARC_CLOCK_DELTA_ZONE_IMBALANCE fires when one zone is empty while another holds >=50% of clock-advancing scenes
      ---
      duration_ms: 1.16813
      type: 'test'
      ...
    # Subtest: ARC_CLOCK_DELTA_ZONE_IMBALANCE does not fire when clock-advancing scenes touch every zone
    ok 6 - ARC_CLOCK_DELTA_ZONE_IMBALANCE does not fire when clock-advancing scenes touch every zone
      ---
      duration_ms: 0.989125
      type: 'test'
      ...
    1..6
ok 1143 - Wave 925 — characterArcPass: arc suspense zone imbalance, arc curiosity zone imbalance, arc clock delta zone imbalance
  ---
  duration_ms: 11.470359
  type: 'suite'
  ...
# Subtest: Wave 911 — characterArcPass: arc revelation purpose zone imbalance, arc positive emotion zone imbalance, arc negative emotion zone imbalance
    # Subtest: ARC_REVELATION_PURPOSE_ZONE_IMBALANCE fires when one zone is empty while another holds >=50% of revelation-purposed scenes
    ok 1 - ARC_REVELATION_PURPOSE_ZONE_IMBALANCE fires when one zone is empty while another holds >=50% of revelation-purposed scenes
      ---
      duration_ms: 1.423726
      type: 'test'
      ...
    # Subtest: ARC_REVELATION_PURPOSE_ZONE_IMBALANCE does not fire when revelation-purposed scenes touch every zone
    ok 2 - ARC_REVELATION_PURPOSE_ZONE_IMBALANCE does not fire when revelation-purposed scenes touch every zone
      ---
      duration_ms: 1.114975
      type: 'test'
      ...
    # Subtest: ARC_POSITIVE_EMOTION_ZONE_IMBALANCE fires when one zone is empty while another holds >=50% of positive-shift scenes
    ok 3 - ARC_POSITIVE_EMOTION_ZONE_IMBALANCE fires when one zone is empty while another holds >=50% of positive-shift scenes
      ---
      duration_ms: 1.071403
      type: 'test'
      ...
    # Subtest: ARC_POSITIVE_EMOTION_ZONE_IMBALANCE does not fire when positive-shift scenes touch every zone
    ok 4 - ARC_POSITIVE_EMOTION_ZONE_IMBALANCE does not fire when positive-shift scenes touch every zone
      ---
      duration_ms: 1.176421
      type: 'test'
      ...
    # Subtest: ARC_NEGATIVE_EMOTION_ZONE_IMBALANCE fires when one zone is empty while another holds >=50% of negative-shift scenes
    ok 5 - ARC_NEGATIVE_EMOTION_ZONE_IMBALANCE fires when one zone is empty while another holds >=50% of negative-shift scenes
      ---
      duration_ms: 1.160183
      type: 'test'
      ...
    # Subtest: ARC_NEGATIVE_EMOTION_ZONE_IMBALANCE does not fire when negative-shift scenes touch every zone
    ok 6 - ARC_NEGATIVE_EMOTION_ZONE_IMBALANCE does not fire when negative-shift scenes touch every zone
      ---
      duration_ms: 1.068105
      type: 'test'
      ...
    1..6
ok 1144 - Wave 911 — characterArcPass: arc revelation purpose zone imbalance, arc positive emotion zone imbalance, arc negative emotion zone imbalance
  ---
  duration_ms: 7.321051
  type: 'suite'
  ...
# Subtest: Wave 897 — characterArcPass: arc revelation purpose zone cluster, arc revelation purpose drought run, arc stakes zone imbalance
    # Subtest: ARC_REVELATION_PURPOSE_ZONE_CLUSTER fires when >75% of revelation-purposed scenes cluster in one third
    ok 1 - ARC_REVELATION_PURPOSE_ZONE_CLUSTER fires when >75% of revelation-purposed scenes cluster in one third
      ---
      duration_ms: 1.102936
      type: 'test'
      ...
    # Subtest: ARC_REVELATION_PURPOSE_ZONE_CLUSTER does not fire when revelation-purposed scenes spread across thirds
    ok 2 - ARC_REVELATION_PURPOSE_ZONE_CLUSTER does not fire when revelation-purposed scenes spread across thirds
      ---
      duration_ms: 1.088684
      type: 'test'
      ...
    # Subtest: ARC_REVELATION_PURPOSE_DROUGHT_RUN fires when a long run has no revelation-purposed scene
    ok 3 - ARC_REVELATION_PURPOSE_DROUGHT_RUN fires when a long run has no revelation-purposed scene
      ---
      duration_ms: 1.078609
      type: 'test'
      ...
    # Subtest: ARC_REVELATION_PURPOSE_DROUGHT_RUN does not fire when revelation-purposed scenes are evenly spread
    ok 4 - ARC_REVELATION_PURPOSE_DROUGHT_RUN does not fire when revelation-purposed scenes are evenly spread
      ---
      duration_ms: 0.950465
      type: 'test'
      ...
    # Subtest: ARC_STAKES_ZONE_IMBALANCE fires when one zone is empty while another holds >=50% of stakes-raising scenes
    ok 5 - ARC_STAKES_ZONE_IMBALANCE fires when one zone is empty while another holds >=50% of stakes-raising scenes
      ---
      duration_ms: 1.384876
      type: 'test'
      ...
    # Subtest: ARC_STAKES_ZONE_IMBALANCE does not fire when stakes-raising scenes touch every zone
    ok 6 - ARC_STAKES_ZONE_IMBALANCE does not fire when stakes-raising scenes touch every zone
      ---
      duration_ms: 1.002762
      type: 'test'
      ...
    1..6
ok 1145 - Wave 897 — characterArcPass: arc revelation purpose zone cluster, arc revelation purpose drought run, arc stakes zone imbalance
  ---
  duration_ms: 6.930746
  type: 'suite'
  ...
# Subtest: Wave 883 — characterArcPass: arc complicate zone imbalance, arc introduce conflict zone imbalance, arc turning point zone imbalance
    # Subtest: ARC_COMPLICATE_ZONE_IMBALANCE fires when one zone is empty while another holds >=50% of complicating scenes
    ok 1 - ARC_COMPLICATE_ZONE_IMBALANCE fires when one zone is empty while another holds >=50% of complicating scenes
      ---
      duration_ms: 1.208465
      type: 'test'
      ...
    # Subtest: ARC_COMPLICATE_ZONE_IMBALANCE does not fire when complicating scenes touch every zone
    ok 2 - ARC_COMPLICATE_ZONE_IMBALANCE does not fire when complicating scenes touch every zone
      ---
      duration_ms: 0.934195
      type: 'test'
      ...
    # Subtest: ARC_INTRODUCE_CONFLICT_ZONE_IMBALANCE fires when one zone is empty while another holds >=50% of conflict-introducing scenes
    ok 3 - ARC_INTRODUCE_CONFLICT_ZONE_IMBALANCE fires when one zone is empty while another holds >=50% of conflict-introducing scenes
      ---
      duration_ms: 1.04029
      type: 'test'
      ...
    # Subtest: ARC_INTRODUCE_CONFLICT_ZONE_IMBALANCE does not fire when conflict-introducing scenes touch every zone
    ok 4 - ARC_INTRODUCE_CONFLICT_ZONE_IMBALANCE does not fire when conflict-introducing scenes touch every zone
      ---
      duration_ms: 0.974232
      type: 'test'
      ...
    # Subtest: ARC_TURNING_POINT_ZONE_IMBALANCE fires when one zone is empty while another holds >=50% of turning-point scenes
    ok 5 - ARC_TURNING_POINT_ZONE_IMBALANCE fires when one zone is empty while another holds >=50% of turning-point scenes
      ---
      duration_ms: 1.177638
      type: 'test'
      ...
    # Subtest: ARC_TURNING_POINT_ZONE_IMBALANCE does not fire when turning-point scenes touch every zone
    ok 6 - ARC_TURNING_POINT_ZONE_IMBALANCE does not fire when turning-point scenes touch every zone
      ---
      duration_ms: 1.126917
      type: 'test'
      ...
    1..6
ok 1146 - Wave 883 — characterArcPass: arc complicate zone imbalance, arc introduce conflict zone imbalance, arc turning point zone imbalance
  ---
  duration_ms: 6.782854
  type: 'suite'
  ...
# Subtest: Wave 869 — characterArcPass: arc climax zone imbalance, arc establish world zone imbalance, arc resolution purpose zone imbalance
    # Subtest: ARC_CLIMAX_ZONE_IMBALANCE fires when one zone is empty while another holds >=50% of climax-purposed scenes
    ok 1 - ARC_CLIMAX_ZONE_IMBALANCE fires when one zone is empty while another holds >=50% of climax-purposed scenes
      ---
      duration_ms: 1.710763
      type: 'test'
      ...
    # Subtest: ARC_CLIMAX_ZONE_IMBALANCE does not fire when climax-purposed scenes touch every zone
    ok 2 - ARC_CLIMAX_ZONE_IMBALANCE does not fire when climax-purposed scenes touch every zone
      ---
      duration_ms: 0.928126
      type: 'test'
      ...
    # Subtest: ARC_ESTABLISH_WORLD_ZONE_IMBALANCE fires when one zone is empty while another holds >=50% of world-establishing scenes
    ok 3 - ARC_ESTABLISH_WORLD_ZONE_IMBALANCE fires when one zone is empty while another holds >=50% of world-establishing scenes
      ---
      duration_ms: 0.990412
      type: 'test'
      ...
    # Subtest: ARC_ESTABLISH_WORLD_ZONE_IMBALANCE does not fire when world-establishing scenes touch every zone
    ok 4 - ARC_ESTABLISH_WORLD_ZONE_IMBALANCE does not fire when world-establishing scenes touch every zone
      ---
      duration_ms: 0.937074
      type: 'test'
      ...
    # Subtest: ARC_RESOLUTION_PURPOSE_ZONE_IMBALANCE fires when one zone is empty while another holds >=50% of resolution-purposed scenes
    ok 5 - ARC_RESOLUTION_PURPOSE_ZONE_IMBALANCE fires when one zone is empty while another holds >=50% of resolution-purposed scenes
      ---
      duration_ms: 1.297095
      type: 'test'
      ...
    # Subtest: ARC_RESOLUTION_PURPOSE_ZONE_IMBALANCE does not fire when resolution-purposed scenes touch every zone
    ok 6 - ARC_RESOLUTION_PURPOSE_ZONE_IMBALANCE does not fire when resolution-purposed scenes touch every zone
      ---
      duration_ms: 0.942732
      type: 'test'
      ...
    1..6
ok 1147 - Wave 869 — characterArcPass: arc climax zone imbalance, arc establish world zone imbalance, arc resolution purpose zone imbalance
  ---
  duration_ms: 7.078722
  type: 'suite'
  ...
# Subtest: Wave 855 — characterArcPass: arc climax drought run, arc resolution purpose zone cluster, arc resolution purpose drought run
    # Subtest: ARC_CLIMAX_DROUGHT_RUN fires when a long run has no climax-purposed scene
    ok 1 - ARC_CLIMAX_DROUGHT_RUN fires when a long run has no climax-purposed scene
      ---
      duration_ms: 1.346804
      type: 'test'
      ...
    # Subtest: ARC_CLIMAX_DROUGHT_RUN does not fire when climax-purposed scenes are evenly spread
    ok 2 - ARC_CLIMAX_DROUGHT_RUN does not fire when climax-purposed scenes are evenly spread
      ---
      duration_ms: 0.94514
      type: 'test'
      ...
    # Subtest: ARC_RESOLUTION_PURPOSE_ZONE_CLUSTER fires when >75% of resolution-purposed scenes cluster in one third
    ok 3 - ARC_RESOLUTION_PURPOSE_ZONE_CLUSTER fires when >75% of resolution-purposed scenes cluster in one third
      ---
      duration_ms: 0.809664
      type: 'test'
      ...
    # Subtest: ARC_RESOLUTION_PURPOSE_ZONE_CLUSTER does not fire when resolution-purposed scenes spread across thirds
    ok 4 - ARC_RESOLUTION_PURPOSE_ZONE_CLUSTER does not fire when resolution-purposed scenes spread across thirds
      ---
      duration_ms: 1.291567
      type: 'test'
      ...
    # Subtest: ARC_RESOLUTION_PURPOSE_DROUGHT_RUN fires when a long run has no resolution-purposed scene
    ok 5 - ARC_RESOLUTION_PURPOSE_DROUGHT_RUN fires when a long run has no resolution-purposed scene
      ---
      duration_ms: 1.039613
      type: 'test'
      ...
    # Subtest: ARC_RESOLUTION_PURPOSE_DROUGHT_RUN does not fire when resolution-purposed scenes are evenly spread
    ok 6 - ARC_RESOLUTION_PURPOSE_DROUGHT_RUN does not fire when resolution-purposed scenes are evenly spread
      ---
      duration_ms: 1.039762
      type: 'test'
      ...
    1..6
ok 1148 - Wave 855 — characterArcPass: arc climax drought run, arc resolution purpose zone cluster, arc resolution purpose drought run
  ---
  duration_ms: 6.735111
  type: 'suite'
  ...
# Subtest: Wave 841 — characterArcPass: arc establish world drought run, arc complicate drought run, arc climax zone cluster
    # Subtest: ARC_ESTABLISH_WORLD_DROUGHT_RUN fires when a long run has no world-building
    ok 1 - ARC_ESTABLISH_WORLD_DROUGHT_RUN fires when a long run has no world-building
      ---
      duration_ms: 1.461376
      type: 'test'
      ...
    # Subtest: ARC_ESTABLISH_WORLD_DROUGHT_RUN does not fire when world-establishing scenes are evenly spread
    ok 2 - ARC_ESTABLISH_WORLD_DROUGHT_RUN does not fire when world-establishing scenes are evenly spread
      ---
      duration_ms: 1.290242
      type: 'test'
      ...
    # Subtest: ARC_COMPLICATE_DROUGHT_RUN fires when a long run has no complication
    ok 3 - ARC_COMPLICATE_DROUGHT_RUN fires when a long run has no complication
      ---
      duration_ms: 0.950827
      type: 'test'
      ...
    # Subtest: ARC_COMPLICATE_DROUGHT_RUN does not fire when complicating scenes are evenly spread
    ok 4 - ARC_COMPLICATE_DROUGHT_RUN does not fire when complicating scenes are evenly spread
      ---
      duration_ms: 1.017892
      type: 'test'
      ...
    # Subtest: ARC_CLIMAX_ZONE_CLUSTER fires when >75% of climax-purposed scenes cluster in one third
    ok 5 - ARC_CLIMAX_ZONE_CLUSTER fires when >75% of climax-purposed scenes cluster in one third
      ---
      duration_ms: 1.168571
      type: 'test'
      ...
    # Subtest: ARC_CLIMAX_ZONE_CLUSTER does not fire when climax-purposed scenes spread across thirds
    ok 6 - ARC_CLIMAX_ZONE_CLUSTER does not fire when climax-purposed scenes spread across thirds
      ---
      duration_ms: 1.109662
      type: 'test'
      ...
    1..6
ok 1149 - Wave 841 — characterArcPass: arc establish world drought run, arc complicate drought run, arc climax zone cluster
  ---
  duration_ms: 7.286386
  type: 'suite'
  ...
# Subtest: Wave 827 — characterArcPass: arc introduce conflict drought run, arc establish world zone cluster, arc complicate zone cluster
    # Subtest: ARC_INTRODUCE_CONFLICT_DROUGHT_RUN fires when a long run has no new conflict
    ok 1 - ARC_INTRODUCE_CONFLICT_DROUGHT_RUN fires when a long run has no new conflict
      ---
      duration_ms: 1.223396
      type: 'test'
      ...
    # Subtest: ARC_INTRODUCE_CONFLICT_DROUGHT_RUN does not fire when conflict-introducing scenes are evenly spread
    ok 2 - ARC_INTRODUCE_CONFLICT_DROUGHT_RUN does not fire when conflict-introducing scenes are evenly spread
      ---
      duration_ms: 0.931469
      type: 'test'
      ...
    # Subtest: ARC_ESTABLISH_WORLD_ZONE_CLUSTER fires when >75% of world-establishing scenes cluster in one third
    ok 3 - ARC_ESTABLISH_WORLD_ZONE_CLUSTER fires when >75% of world-establishing scenes cluster in one third
      ---
      duration_ms: 1.011664
      type: 'test'
      ...
    # Subtest: ARC_ESTABLISH_WORLD_ZONE_CLUSTER does not fire when world-establishing scenes spread across thirds
    ok 4 - ARC_ESTABLISH_WORLD_ZONE_CLUSTER does not fire when world-establishing scenes spread across thirds
      ---
      duration_ms: 0.865707
      type: 'test'
      ...
    # Subtest: ARC_COMPLICATE_ZONE_CLUSTER fires when >75% of complicating scenes cluster in one third
    ok 5 - ARC_COMPLICATE_ZONE_CLUSTER fires when >75% of complicating scenes cluster in one third
      ---
      duration_ms: 1.075416
      type: 'test'
      ...
    # Subtest: ARC_COMPLICATE_ZONE_CLUSTER does not fire when complicating scenes spread across thirds
    ok 6 - ARC_COMPLICATE_ZONE_CLUSTER does not fire when complicating scenes spread across thirds
      ---
      duration_ms: 1.098257
      type: 'test'
      ...
    1..6
ok 1150 - Wave 827 — characterArcPass: arc introduce conflict drought run, arc establish world zone cluster, arc complicate zone cluster
  ---
  duration_ms: 6.578445
  type: 'suite'
  ...
# Subtest: Wave 813 — characterArcPass: arc positive emotion zone cluster, arc positive emotion drought run, arc introduce conflict zone cluster
    # Subtest: ARC_POSITIVE_EMOTION_ZONE_CLUSTER fires when >75% of positive-emotion scenes cluster in one third
    ok 1 - ARC_POSITIVE_EMOTION_ZONE_CLUSTER fires when >75% of positive-emotion scenes cluster in one third
      ---
      duration_ms: 1.262395
      type: 'test'
      ...
    # Subtest: ARC_POSITIVE_EMOTION_ZONE_CLUSTER does not fire when positive-emotion scenes spread across thirds
    ok 2 - ARC_POSITIVE_EMOTION_ZONE_CLUSTER does not fire when positive-emotion scenes spread across thirds
      ---
      duration_ms: 0.846198
      type: 'test'
      ...
    # Subtest: ARC_POSITIVE_EMOTION_DROUGHT_RUN fires when a long run has no positive-emotion charge
    ok 3 - ARC_POSITIVE_EMOTION_DROUGHT_RUN fires when a long run has no positive-emotion charge
      ---
      duration_ms: 1.04258
      type: 'test'
      ...
    # Subtest: ARC_POSITIVE_EMOTION_DROUGHT_RUN does not fire when positive-emotion scenes are evenly spread
    ok 4 - ARC_POSITIVE_EMOTION_DROUGHT_RUN does not fire when positive-emotion scenes are evenly spread
      ---
      duration_ms: 0.968961
      type: 'test'
      ...
    # Subtest: ARC_INTRODUCE_CONFLICT_ZONE_CLUSTER fires when >75% of conflict-introducing scenes cluster in one third
    ok 5 - ARC_INTRODUCE_CONFLICT_ZONE_CLUSTER fires when >75% of conflict-introducing scenes cluster in one third
      ---
      duration_ms: 0.886996
      type: 'test'
      ...
    # Subtest: ARC_INTRODUCE_CONFLICT_ZONE_CLUSTER does not fire when conflict-introducing scenes spread across thirds
    ok 6 - ARC_INTRODUCE_CONFLICT_ZONE_CLUSTER does not fire when conflict-introducing scenes spread across thirds
      ---
      duration_ms: 0.836076
      type: 'test'
      ...
    1..6
ok 1151 - Wave 813 — characterArcPass: arc positive emotion zone cluster, arc positive emotion drought run, arc introduce conflict zone cluster
  ---
  duration_ms: 6.147186
  type: 'suite'
  ...
# Subtest: Wave 799 — characterArcPass: arc negative emotion drought run, arc turning point zone cluster, arc turning point drought run
    # Subtest: ARC_NEGATIVE_EMOTION_DROUGHT_RUN fires when a long run has no negative-emotion charge
    ok 1 - ARC_NEGATIVE_EMOTION_DROUGHT_RUN fires when a long run has no negative-emotion charge
      ---
      duration_ms: 1.738052
      type: 'test'
      ...
    # Subtest: ARC_NEGATIVE_EMOTION_DROUGHT_RUN does not fire when negative-emotion scenes are evenly spread
    ok 2 - ARC_NEGATIVE_EMOTION_DROUGHT_RUN does not fire when negative-emotion scenes are evenly spread
      ---
      duration_ms: 1.020832
      type: 'test'
      ...
    # Subtest: ARC_TURNING_POINT_ZONE_CLUSTER fires when >75% of turning-point scenes cluster in one third
    ok 3 - ARC_TURNING_POINT_ZONE_CLUSTER fires when >75% of turning-point scenes cluster in one third
      ---
      duration_ms: 0.870614
      type: 'test'
      ...
    # Subtest: ARC_TURNING_POINT_ZONE_CLUSTER does not fire when turning-point scenes spread across thirds
    ok 4 - ARC_TURNING_POINT_ZONE_CLUSTER does not fire when turning-point scenes spread across thirds
      ---
      duration_ms: 1.014803
      type: 'test'
      ...
    # Subtest: ARC_TURNING_POINT_DROUGHT_RUN fires when a long run has no turning point
    ok 5 - ARC_TURNING_POINT_DROUGHT_RUN fires when a long run has no turning point
      ---
      duration_ms: 0.938947
      type: 'test'
      ...
    # Subtest: ARC_TURNING_POINT_DROUGHT_RUN does not fire when turning points are evenly spread
    ok 6 - ARC_TURNING_POINT_DROUGHT_RUN does not fire when turning points are evenly spread
      ---
      duration_ms: 1.066261
      type: 'test'
      ...
    1..6
ok 1152 - Wave 799 — characterArcPass: arc negative emotion drought run, arc turning point zone cluster, arc turning point drought run
  ---
  duration_ms: 6.907692
  type: 'suite'
  ...
# Subtest: Wave 785 — characterArcPass: arc revelation drought run, arc revelation peak uncaused, arc negative emotion zone cluster
    # Subtest: ARC_REVELATION_DROUGHT_RUN fires when a long run has no revelation
    ok 1 - ARC_REVELATION_DROUGHT_RUN fires when a long run has no revelation
      ---
      duration_ms: 1.187436
      type: 'test'
      ...
    # Subtest: ARC_REVELATION_DROUGHT_RUN does not fire when revelations are evenly spread
    ok 2 - ARC_REVELATION_DROUGHT_RUN does not fire when revelations are evenly spread
      ---
      duration_ms: 1.362886
      type: 'test'
      ...
    # Subtest: ARC_REVELATION_PEAK_UNCAUSED fires when the peak revelation scene has no dramatic turn nearby
    ok 3 - ARC_REVELATION_PEAK_UNCAUSED fires when the peak revelation scene has no dramatic turn nearby
      ---
      duration_ms: 0.866706
      type: 'test'
      ...
    # Subtest: ARC_REVELATION_PEAK_UNCAUSED does not fire when a dramatic turn precedes the peak revelation
    ok 4 - ARC_REVELATION_PEAK_UNCAUSED does not fire when a dramatic turn precedes the peak revelation
      ---
      duration_ms: 0.919646
      type: 'test'
      ...
    # Subtest: ARC_NEGATIVE_EMOTION_ZONE_CLUSTER fires when >75% of negative-shift scenes cluster in one third
    ok 5 - ARC_NEGATIVE_EMOTION_ZONE_CLUSTER fires when >75% of negative-shift scenes cluster in one third
      ---
      duration_ms: 2.314557
      type: 'test'
      ...
    # Subtest: ARC_NEGATIVE_EMOTION_ZONE_CLUSTER does not fire when negative-shift scenes spread across thirds
    ok 6 - ARC_NEGATIVE_EMOTION_ZONE_CLUSTER does not fire when negative-shift scenes spread across thirds
      ---
      duration_ms: 0.948685
      type: 'test'
      ...
    1..6
ok 1153 - Wave 785 — characterArcPass: arc revelation drought run, arc revelation peak uncaused, arc negative emotion zone cluster
  ---
  duration_ms: 7.881218
  type: 'suite'
  ...
# Subtest: Wave 771 — characterArcPass: arc suspense peak uncaused, arc stakes zone cluster, arc revelation zone cluster
    # Subtest: ARC_SUSPENSE_PEAK_UNCAUSED fires when the peak suspense scene has no preparing cause nearby
    ok 1 - ARC_SUSPENSE_PEAK_UNCAUSED fires when the peak suspense scene has no preparing cause nearby
      ---
      duration_ms: 1.096231
      type: 'test'
      ...
    # Subtest: ARC_SUSPENSE_PEAK_UNCAUSED does not fire when a preparing cause precedes the peak suspense scene
    ok 2 - ARC_SUSPENSE_PEAK_UNCAUSED does not fire when a preparing cause precedes the peak suspense scene
      ---
      duration_ms: 1.130725
      type: 'test'
      ...
    # Subtest: ARC_STAKES_ZONE_CLUSTER fires when >75% of stakes-raising scenes cluster in one third
    ok 3 - ARC_STAKES_ZONE_CLUSTER fires when >75% of stakes-raising scenes cluster in one third
      ---
      duration_ms: 1.386166
      type: 'test'
      ...
    # Subtest: ARC_STAKES_ZONE_CLUSTER does not fire when stakes-raising scenes spread across thirds
    ok 4 - ARC_STAKES_ZONE_CLUSTER does not fire when stakes-raising scenes spread across thirds
      ---
      duration_ms: 0.795573
      type: 'test'
      ...
    # Subtest: ARC_REVELATION_ZONE_CLUSTER fires when >75% of revelation scenes cluster in one third
    ok 5 - ARC_REVELATION_ZONE_CLUSTER fires when >75% of revelation scenes cluster in one third
      ---
      duration_ms: 0.743922
      type: 'test'
      ...
    # Subtest: ARC_REVELATION_ZONE_CLUSTER does not fire when revelation scenes spread across thirds
    ok 6 - ARC_REVELATION_ZONE_CLUSTER does not fire when revelation scenes spread across thirds
      ---
      duration_ms: 0.780971
      type: 'test'
      ...
    1..6
ok 1154 - Wave 771 — characterArcPass: arc suspense peak uncaused, arc stakes zone cluster, arc revelation zone cluster
  ---
  duration_ms: 6.255401
  type: 'suite'
  ...
# Subtest: Wave 757 — characterArcPass: arc suspense zone cluster, arc emotion zone cluster, arc stakes drought run
    # Subtest: ARC_SUSPENSE_ZONE_CLUSTER fires when >75% of suspense-positive scenes cluster in one third
    ok 1 - ARC_SUSPENSE_ZONE_CLUSTER fires when >75% of suspense-positive scenes cluster in one third
      ---
      duration_ms: 1.086161
      type: 'test'
      ...
    # Subtest: ARC_SUSPENSE_ZONE_CLUSTER does not fire when suspense-positive scenes are distributed across thirds
    ok 2 - ARC_SUSPENSE_ZONE_CLUSTER does not fire when suspense-positive scenes are distributed across thirds
      ---
      duration_ms: 0.86596
      type: 'test'
      ...
    # Subtest: ARC_EMOTION_ZONE_CLUSTER fires when >75% of emotionally-charged scenes cluster in one third
    ok 3 - ARC_EMOTION_ZONE_CLUSTER fires when >75% of emotionally-charged scenes cluster in one third
      ---
      duration_ms: 0.764805
      type: 'test'
      ...
    # Subtest: ARC_EMOTION_ZONE_CLUSTER does not fire when emotionally-charged scenes are distributed across thirds
    ok 4 - ARC_EMOTION_ZONE_CLUSTER does not fire when emotionally-charged scenes are distributed across thirds
      ---
      duration_ms: 0.996005
      type: 'test'
      ...
    # Subtest: ARC_STAKES_DROUGHT_RUN fires when the longest no-stakes-raise run is ≥6
    ok 5 - ARC_STAKES_DROUGHT_RUN fires when the longest no-stakes-raise run is ≥6
      ---
      duration_ms: 1.381153
      type: 'test'
      ...
    # Subtest: ARC_STAKES_DROUGHT_RUN does not fire when stakes-raising scenes are distributed without a long drought
    ok 6 - ARC_STAKES_DROUGHT_RUN does not fire when stakes-raising scenes are distributed without a long drought
      ---
      duration_ms: 0.972056
      type: 'test'
      ...
    1..6
ok 1155 - Wave 757 — characterArcPass: arc suspense zone cluster, arc emotion zone cluster, arc stakes drought run
  ---
  duration_ms: 6.483977
  type: 'suite'
  ...
# Subtest: Wave 743 — characterArcPass: arc character moment zone cluster, arc turn drought run, arc clock zone cluster
    # Subtest: ARC_CHARACTER_MOMENT_ZONE_CLUSTER fires when >75% of character-moment scenes cluster in one third
    ok 1 - ARC_CHARACTER_MOMENT_ZONE_CLUSTER fires when >75% of character-moment scenes cluster in one third
      ---
      duration_ms: 16.504235
      type: 'test'
      ...
    # Subtest: ARC_CHARACTER_MOMENT_ZONE_CLUSTER does not fire when character-moment scenes are distributed across thirds
    ok 2 - ARC_CHARACTER_MOMENT_ZONE_CLUSTER does not fire when character-moment scenes are distributed across thirds
      ---
      duration_ms: 1.037499
      type: 'test'
      ...
    # Subtest: ARC_TURN_DROUGHT_RUN fires when the longest no-dramatic-turn run is ≥6
    ok 3 - ARC_TURN_DROUGHT_RUN fires when the longest no-dramatic-turn run is ≥6
      ---
      duration_ms: 1.086884
      type: 'test'
      ...
    # Subtest: ARC_TURN_DROUGHT_RUN does not fire when dramatic turns are distributed without a long drought
    ok 4 - ARC_TURN_DROUGHT_RUN does not fire when dramatic turns are distributed without a long drought
      ---
      duration_ms: 0.908523
      type: 'test'
      ...
    # Subtest: ARC_CLOCK_ZONE_CLUSTER fires when >75% of clockRaised scenes cluster in one third
    ok 5 - ARC_CLOCK_ZONE_CLUSTER fires when >75% of clockRaised scenes cluster in one third
      ---
      duration_ms: 0.899183
      type: 'test'
      ...
    # Subtest: ARC_CLOCK_ZONE_CLUSTER does not fire when clockRaised scenes are distributed across thirds
    ok 6 - ARC_CLOCK_ZONE_CLUSTER does not fire when clockRaised scenes are distributed across thirds
      ---
      duration_ms: 0.784265
      type: 'test'
      ...
    1..6
ok 1156 - Wave 743 — characterArcPass: arc character moment zone cluster, arc turn drought run, arc clock zone cluster
  ---
  duration_ms: 21.54873
  type: 'suite'
  ...
# Subtest: Wave 729 — characterArcPass: arc open thread zone cluster, arc character moment drought run, arc curiosity peak uncaused
    # Subtest: ARC_OPEN_THREAD_ZONE_CLUSTER fires when >75% of open-thread scenes cluster in one third
    ok 1 - ARC_OPEN_THREAD_ZONE_CLUSTER fires when >75% of open-thread scenes cluster in one third
      ---
      duration_ms: 1.139868
      type: 'test'
      ...
    # Subtest: ARC_OPEN_THREAD_ZONE_CLUSTER does not fire when open-thread scenes are distributed across thirds
    ok 2 - ARC_OPEN_THREAD_ZONE_CLUSTER does not fire when open-thread scenes are distributed across thirds
      ---
      duration_ms: 0.883693
      type: 'test'
      ...
    # Subtest: ARC_CHARACTER_MOMENT_DROUGHT_RUN fires when the longest no-character-moment run is ≥6
    ok 3 - ARC_CHARACTER_MOMENT_DROUGHT_RUN fires when the longest no-character-moment run is ≥6
      ---
      duration_ms: 1.035495
      type: 'test'
      ...
    # Subtest: ARC_CHARACTER_MOMENT_DROUGHT_RUN does not fire when character moments are distributed without a long drought
    ok 4 - ARC_CHARACTER_MOMENT_DROUGHT_RUN does not fire when character moments are distributed without a long drought
      ---
      duration_ms: 0.873777
      type: 'test'
      ...
    # Subtest: ARC_CURIOSITY_PEAK_UNCAUSED fires when the peak curiosity-spike scene has no dramatic turn or revelation nearby
    ok 5 - ARC_CURIOSITY_PEAK_UNCAUSED fires when the peak curiosity-spike scene has no dramatic turn or revelation nearby
      ---
      duration_ms: 1.436186
      type: 'test'
      ...
    # Subtest: ARC_CURIOSITY_PEAK_UNCAUSED does not fire when a dramatic turn precedes the peak within the lookback
    ok 6 - ARC_CURIOSITY_PEAK_UNCAUSED does not fire when a dramatic turn precedes the peak within the lookback
      ---
      duration_ms: 0.818969
      type: 'test'
      ...
    1..6
ok 1157 - Wave 729 — characterArcPass: arc open thread zone cluster, arc character moment drought run, arc curiosity peak uncaused
  ---
  duration_ms: 6.455421
  type: 'suite'
  ...
# Subtest: Wave 715 — characterArcPass: arc resolution drought run, arc clock delta drought run, arc open thread peak uncaused
    # Subtest: ARC_RESOLUTION_DROUGHT_RUN fires when the longest no-payoff run is ≥6
    ok 1 - ARC_RESOLUTION_DROUGHT_RUN fires when the longest no-payoff run is ≥6
      ---
      duration_ms: 1.479414
      type: 'test'
      ...
    # Subtest: ARC_RESOLUTION_DROUGHT_RUN does not fire when payoffs are distributed without a long drought
    ok 2 - ARC_RESOLUTION_DROUGHT_RUN does not fire when payoffs are distributed without a long drought
      ---
      duration_ms: 1.173819
      type: 'test'
      ...
    # Subtest: ARC_CLOCK_DELTA_DROUGHT_RUN fires when the longest no-clock-advance run is ≥6
    ok 3 - ARC_CLOCK_DELTA_DROUGHT_RUN fires when the longest no-clock-advance run is ≥6
      ---
      duration_ms: 0.991906
      type: 'test'
      ...
    # Subtest: ARC_CLOCK_DELTA_DROUGHT_RUN does not fire when clock advances are distributed without a long drought
    ok 4 - ARC_CLOCK_DELTA_DROUGHT_RUN does not fire when clock advances are distributed without a long drought
      ---
      duration_ms: 0.92808
      type: 'test'
      ...
    # Subtest: ARC_OPEN_THREAD_PEAK_UNCAUSED fires when the peak open-thread scene has no dramatic turn or revelation nearby
    ok 5 - ARC_OPEN_THREAD_PEAK_UNCAUSED fires when the peak open-thread scene has no dramatic turn or revelation nearby
      ---
      duration_ms: 0.832293
      type: 'test'
      ...
    # Subtest: ARC_OPEN_THREAD_PEAK_UNCAUSED does not fire when a dramatic turn precedes the peak within the lookback
    ok 6 - ARC_OPEN_THREAD_PEAK_UNCAUSED does not fire when a dramatic turn precedes the peak within the lookback
      ---
      duration_ms: 0.786846
      type: 'test'
      ...
    1..6
ok 1158 - Wave 715 — characterArcPass: arc resolution drought run, arc clock delta drought run, arc open thread peak uncaused
  ---
  duration_ms: 6.555593
  type: 'suite'
  ...
# Subtest: Wave 701 — characterArcPass: arc staging zone cluster, arc clock delta zone cluster, arc seed peak uncaused
    # Subtest: ARC_STAGING_ZONE_CLUSTER fires when >75% of visually dense scenes cluster in one third
    ok 1 - ARC_STAGING_ZONE_CLUSTER fires when >75% of visually dense scenes cluster in one third
      ---
      duration_ms: 1.101678
      type: 'test'
      ...
    # Subtest: ARC_STAGING_ZONE_CLUSTER does not fire when visually dense scenes are distributed across thirds
    ok 2 - ARC_STAGING_ZONE_CLUSTER does not fire when visually dense scenes are distributed across thirds
      ---
      duration_ms: 0.900613
      type: 'test'
      ...
    # Subtest: ARC_CLOCK_DELTA_ZONE_CLUSTER fires when >75% of clock-advancing scenes cluster in one third
    ok 3 - ARC_CLOCK_DELTA_ZONE_CLUSTER fires when >75% of clock-advancing scenes cluster in one third
      ---
      duration_ms: 0.885907
      type: 'test'
      ...
    # Subtest: ARC_CLOCK_DELTA_ZONE_CLUSTER does not fire when clock-advancing scenes are distributed across thirds
    ok 4 - ARC_CLOCK_DELTA_ZONE_CLUSTER does not fire when clock-advancing scenes are distributed across thirds
      ---
      duration_ms: 0.94718
      type: 'test'
      ...
    # Subtest: ARC_SEED_PEAK_UNCAUSED fires when the peak seed scene has no dramatic turn or revelation nearby
    ok 5 - ARC_SEED_PEAK_UNCAUSED fires when the peak seed scene has no dramatic turn or revelation nearby
      ---
      duration_ms: 0.790244
      type: 'test'
      ...
    # Subtest: ARC_SEED_PEAK_UNCAUSED does not fire when a dramatic turn precedes the peak within the lookback
    ok 6 - ARC_SEED_PEAK_UNCAUSED does not fire when a dramatic turn precedes the peak within the lookback
      ---
      duration_ms: 0.812198
      type: 'test'
      ...
    1..6
ok 1159 - Wave 701 — characterArcPass: arc staging zone cluster, arc clock delta zone cluster, arc seed peak uncaused
  ---
  duration_ms: 5.754043
  type: 'suite'
  ...
# Subtest: Wave 687 — characterArcPass: arc payoff peak uncaused, arc staging drought run, arc highlight zone cluster
    # Subtest: ARC_PAYOFF_PEAK_UNCAUSED fires when the peak payoff scene has no dramatic turn or revelation nearby
    ok 1 - ARC_PAYOFF_PEAK_UNCAUSED fires when the peak payoff scene has no dramatic turn or revelation nearby
      ---
      duration_ms: 0.992037
      type: 'test'
      ...
    # Subtest: ARC_PAYOFF_PEAK_UNCAUSED does not fire when a dramatic turn precedes the peak within the lookback
    ok 2 - ARC_PAYOFF_PEAK_UNCAUSED does not fire when a dramatic turn precedes the peak within the lookback
      ---
      duration_ms: 0.861028
      type: 'test'
      ...
    # Subtest: ARC_STAGING_DROUGHT_RUN fires when the longest no-visual-beat run is ≥6
    ok 3 - ARC_STAGING_DROUGHT_RUN fires when the longest no-visual-beat run is ≥6
      ---
      duration_ms: 1.004493
      type: 'test'
      ...
    # Subtest: ARC_STAGING_DROUGHT_RUN does not fire when visual beats are distributed without a long drought
    ok 4 - ARC_STAGING_DROUGHT_RUN does not fire when visual beats are distributed without a long drought
      ---
      duration_ms: 1.082753
      type: 'test'
      ...
    # Subtest: ARC_HIGHLIGHT_ZONE_CLUSTER fires when >75% of highlighted-dialogue scenes cluster in one third
    ok 5 - ARC_HIGHLIGHT_ZONE_CLUSTER fires when >75% of highlighted-dialogue scenes cluster in one third
      ---
      duration_ms: 0.981187
      type: 'test'
      ...
    # Subtest: ARC_HIGHLIGHT_ZONE_CLUSTER does not fire when highlighted-dialogue scenes are distributed across thirds
    ok 6 - ARC_HIGHLIGHT_ZONE_CLUSTER does not fire when highlighted-dialogue scenes are distributed across thirds
      ---
      duration_ms: 0.982371
      type: 'test'
      ...
    1..6
ok 1160 - Wave 687 — characterArcPass: arc payoff peak uncaused, arc staging drought run, arc highlight zone cluster
  ---
  duration_ms: 6.324958
  type: 'suite'
  ...
# Subtest: Wave 673 — characterArcPass: arc clock delta peak uncaused, arc highlight drought run, arc seed zone cluster
    # Subtest: ARC_CLOCK_DELTA_PEAK_UNCAUSED fires when the peak clockDelta scene has no dramatic turn or revelation nearby
    ok 1 - ARC_CLOCK_DELTA_PEAK_UNCAUSED fires when the peak clockDelta scene has no dramatic turn or revelation nearby
      ---
      duration_ms: 1.114323
      type: 'test'
      ...
    # Subtest: ARC_CLOCK_DELTA_PEAK_UNCAUSED does not fire when a dramatic turn precedes the peak within the lookback
    ok 2 - ARC_CLOCK_DELTA_PEAK_UNCAUSED does not fire when a dramatic turn precedes the peak within the lookback
      ---
      duration_ms: 0.889861
      type: 'test'
      ...
    # Subtest: ARC_HIGHLIGHT_DROUGHT_RUN fires when the longest no-highlighted-dialogue run is ≥6
    ok 3 - ARC_HIGHLIGHT_DROUGHT_RUN fires when the longest no-highlighted-dialogue run is ≥6
      ---
      duration_ms: 0.99666
      type: 'test'
      ...
    # Subtest: ARC_HIGHLIGHT_DROUGHT_RUN does not fire when highlighted dialogue is distributed without a long drought
    ok 4 - ARC_HIGHLIGHT_DROUGHT_RUN does not fire when highlighted dialogue is distributed without a long drought
      ---
      duration_ms: 1.001329
      type: 'test'
      ...
    # Subtest: ARC_SEED_ZONE_CLUSTER fires when >75% of seed scenes cluster in one third
    ok 5 - ARC_SEED_ZONE_CLUSTER fires when >75% of seed scenes cluster in one third
      ---
      duration_ms: 0.899564
      type: 'test'
      ...
    # Subtest: ARC_SEED_ZONE_CLUSTER does not fire when seed scenes are distributed across thirds
    ok 6 - ARC_SEED_ZONE_CLUSTER does not fire when seed scenes are distributed across thirds
      ---
      duration_ms: 0.840746
      type: 'test'
      ...
    1..6
ok 1161 - Wave 673 — characterArcPass: arc clock delta peak uncaused, arc highlight drought run, arc seed zone cluster
  ---
  duration_ms: 6.008783
  type: 'suite'
  ...
# Subtest: Wave 659 — characterArcPass: arc staging peak uncaused, arc open thread drought run, arc payoff zone cluster
    # Subtest: ARC_STAGING_PEAK_UNCAUSED fires when the peak physical-staging scene has no dramatic turn or revelation nearby
    ok 1 - ARC_STAGING_PEAK_UNCAUSED fires when the peak physical-staging scene has no dramatic turn or revelation nearby
      ---
      duration_ms: 1.007506
      type: 'test'
      ...
    # Subtest: ARC_STAGING_PEAK_UNCAUSED does not fire when a dramatic turn precedes the peak within the lookback
    ok 2 - ARC_STAGING_PEAK_UNCAUSED does not fire when a dramatic turn precedes the peak within the lookback
      ---
      duration_ms: 1.069232
      type: 'test'
      ...
    # Subtest: ARC_OPEN_THREAD_DROUGHT_RUN fires when the longest no-debt run is ≥6
    ok 3 - ARC_OPEN_THREAD_DROUGHT_RUN fires when the longest no-debt run is ≥6
      ---
      duration_ms: 0.943421
      type: 'test'
      ...
    # Subtest: ARC_OPEN_THREAD_DROUGHT_RUN does not fire when debt is distributed without a long drought
    ok 4 - ARC_OPEN_THREAD_DROUGHT_RUN does not fire when debt is distributed without a long drought
      ---
      duration_ms: 1.063812
      type: 'test'
      ...
    # Subtest: ARC_PAYOFF_ZONE_CLUSTER fires when >75% of payoff scenes cluster in one third
    ok 5 - ARC_PAYOFF_ZONE_CLUSTER fires when >75% of payoff scenes cluster in one third
      ---
      duration_ms: 0.889868
      type: 'test'
      ...
    # Subtest: ARC_PAYOFF_ZONE_CLUSTER does not fire when payoff scenes are distributed across thirds
    ok 6 - ARC_PAYOFF_ZONE_CLUSTER does not fire when payoff scenes are distributed across thirds
      ---
      duration_ms: 0.997219
      type: 'test'
      ...
    1..6
ok 1162 - Wave 659 — characterArcPass: arc staging peak uncaused, arc open thread drought run, arc payoff zone cluster
  ---
  duration_ms: 6.240951
  type: 'suite'
  ...
# Subtest: Wave 645 — characterArcPass: arc highlight peak uncaused, arc seed drought run, arc open thread curiosity decoupled
    # Subtest: ARC_HIGHLIGHT_PEAK_UNCAUSED fires when the peak highlighted-dialogue scene has no dramatic turn or revelation nearby
    ok 1 - ARC_HIGHLIGHT_PEAK_UNCAUSED fires when the peak highlighted-dialogue scene has no dramatic turn or revelation nearby
      ---
      duration_ms: 0.999684
      type: 'test'
      ...
    # Subtest: ARC_HIGHLIGHT_PEAK_UNCAUSED does not fire when a dramatic turn precedes the peak within the lookback
    ok 2 - ARC_HIGHLIGHT_PEAK_UNCAUSED does not fire when a dramatic turn precedes the peak within the lookback
      ---
      duration_ms: 0.873265
      type: 'test'
      ...
    # Subtest: ARC_SEED_DROUGHT_RUN fires when the longest no-seed run is ≥6
    ok 3 - ARC_SEED_DROUGHT_RUN fires when the longest no-seed run is ≥6
      ---
      duration_ms: 0.976215
      type: 'test'
      ...
    # Subtest: ARC_SEED_DROUGHT_RUN does not fire when seeding is distributed without a long drought
    ok 4 - ARC_SEED_DROUGHT_RUN does not fire when seeding is distributed without a long drought
      ---
      duration_ms: 1.452547
      type: 'test'
      ...
    # Subtest: ARC_OPEN_THREAD_CURIOSITY_DECOUPLED fires when open-thread scenes and rising-curiosity scenes never overlap
    ok 5 - ARC_OPEN_THREAD_CURIOSITY_DECOUPLED fires when open-thread scenes and rising-curiosity scenes never overlap
      ---
      duration_ms: 0.629912
      type: 'test'
      ...
    # Subtest: ARC_OPEN_THREAD_CURIOSITY_DECOUPLED does not fire when a scene carries both signals
    ok 6 - ARC_OPEN_THREAD_CURIOSITY_DECOUPLED does not fire when a scene carries both signals
      ---
      duration_ms: 0.621426
      type: 'test'
      ...
    1..6
ok 1163 - Wave 645 — characterArcPass: arc highlight peak uncaused, arc seed drought run, arc open thread curiosity decoupled
  ---
  duration_ms: 5.809367
  type: 'suite'
  ...
# Subtest: Wave 631 — characterArcPass: arc dialogue highlight staging decoupled, arc open thread staging aftermath void, arc dialogue highlight zone imbalance
    # Subtest: ARC_DIALOGUE_HIGHLIGHT_STAGING_DECOUPLED fires when dialogue highlights and visually-staged scenes never overlap
    ok 1 - ARC_DIALOGUE_HIGHLIGHT_STAGING_DECOUPLED fires when dialogue highlights and visually-staged scenes never overlap
      ---
      duration_ms: 0.909355
      type: 'test'
      ...
    # Subtest: ARC_DIALOGUE_HIGHLIGHT_STAGING_DECOUPLED does not fire when a scene carries both signals
    ok 2 - ARC_DIALOGUE_HIGHLIGHT_STAGING_DECOUPLED does not fire when a scene carries both signals
      ---
      duration_ms: 0.76011
      type: 'test'
      ...
    # Subtest: ARC_OPEN_THREAD_STAGING_AFTERMATH_VOID fires when heavy clue-debt scenes are never followed by a visually dense scene
    ok 3 - ARC_OPEN_THREAD_STAGING_AFTERMATH_VOID fires when heavy clue-debt scenes are never followed by a visually dense scene
      ---
      duration_ms: 0.868573
      type: 'test'
      ...
    # Subtest: ARC_OPEN_THREAD_STAGING_AFTERMATH_VOID does not fire when a trigger window contains a visually dense scene
    ok 4 - ARC_OPEN_THREAD_STAGING_AFTERMATH_VOID does not fire when a trigger window contains a visually dense scene
      ---
      duration_ms: 0.728069
      type: 'test'
      ...
    # Subtest: ARC_DIALOGUE_HIGHLIGHT_ZONE_IMBALANCE fires when one zone is empty of dialogue highlights while another is bloated
    ok 5 - ARC_DIALOGUE_HIGHLIGHT_ZONE_IMBALANCE fires when one zone is empty of dialogue highlights while another is bloated
      ---
      duration_ms: 1.200327
      type: 'test'
      ...
    # Subtest: ARC_DIALOGUE_HIGHLIGHT_ZONE_IMBALANCE does not fire when highlights are spread across all zones
    ok 6 - ARC_DIALOGUE_HIGHLIGHT_ZONE_IMBALANCE does not fire when highlights are spread across all zones
      ---
      duration_ms: 1.004365
      type: 'test'
      ...
    1..6
ok 1164 - Wave 631 — characterArcPass: arc dialogue highlight staging decoupled, arc open thread staging aftermath void, arc dialogue highlight zone imbalance
  ---
  duration_ms: 5.729991
  type: 'suite'
  ...
# Subtest: Wave 617 — characterArcPass: payoff visual beat decoupled, arc character moment zone imbalance, arc seed dialogue highlight aftermath void
    # Subtest: PAYOFF_VISUAL_BEAT_DECOUPLED fires when payoff scenes and visually-staged scenes never overlap
    ok 1 - PAYOFF_VISUAL_BEAT_DECOUPLED fires when payoff scenes and visually-staged scenes never overlap
      ---
      duration_ms: 0.867481
      type: 'test'
      ...
    # Subtest: PAYOFF_VISUAL_BEAT_DECOUPLED does not fire when a scene carries both signals
    ok 2 - PAYOFF_VISUAL_BEAT_DECOUPLED does not fire when a scene carries both signals
      ---
      duration_ms: 0.576072
      type: 'test'
      ...
    # Subtest: ARC_CHARACTER_MOMENT_ZONE_IMBALANCE fires when one zone is empty of character-moment scenes while another is bloated
    ok 3 - ARC_CHARACTER_MOMENT_ZONE_IMBALANCE fires when one zone is empty of character-moment scenes while another is bloated
      ---
      duration_ms: 0.967446
      type: 'test'
      ...
    # Subtest: ARC_CHARACTER_MOMENT_ZONE_IMBALANCE does not fire when every zone has a character-moment scene
    ok 4 - ARC_CHARACTER_MOMENT_ZONE_IMBALANCE does not fire when every zone has a character-moment scene
      ---
      duration_ms: 0.886753
      type: 'test'
      ...
    # Subtest: ARC_SEED_DIALOGUE_HIGHLIGHT_AFTERMATH_VOID fires when no seed is followed by a dialogue highlight within 2 scenes
    ok 5 - ARC_SEED_DIALOGUE_HIGHLIGHT_AFTERMATH_VOID fires when no seed is followed by a dialogue highlight within 2 scenes
      ---
      duration_ms: 0.947975
      type: 'test'
      ...
    # Subtest: ARC_SEED_DIALOGUE_HIGHLIGHT_AFTERMATH_VOID does not fire when a trigger window contains a dialogue highlight
    ok 6 - ARC_SEED_DIALOGUE_HIGHLIGHT_AFTERMATH_VOID does not fire when a trigger window contains a dialogue highlight
      ---
      duration_ms: 0.863045
      type: 'test'
      ...
    1..6
ok 1165 - Wave 617 — characterArcPass: payoff visual beat decoupled, arc character moment zone imbalance, arc seed dialogue highlight aftermath void
  ---
  duration_ms: 5.359407
  type: 'suite'
  ...
# Subtest: Wave 603 — characterArcPass: relationship shift/dialogue highlight decoupled, visual staging emotional flatness cluster, open thread emotional aftermath void
    # Subtest: RELATIONSHIP_SHIFT_DIALOGUE_HIGHLIGHT_DECOUPLED fires when relationship shifts and dialogue highlights never overlap
    ok 1 - RELATIONSHIP_SHIFT_DIALOGUE_HIGHLIGHT_DECOUPLED fires when relationship shifts and dialogue highlights never overlap
      ---
      duration_ms: 1.122114
      type: 'test'
      ...
    # Subtest: RELATIONSHIP_SHIFT_DIALOGUE_HIGHLIGHT_DECOUPLED does not fire when a scene carries both signals
    ok 2 - RELATIONSHIP_SHIFT_DIALOGUE_HIGHLIGHT_DECOUPLED does not fire when a scene carries both signals
      ---
      duration_ms: 0.850973
      type: 'test'
      ...
    # Subtest: VISUAL_STAGING_EMOTIONAL_FLATNESS_CLUSTER fires when visually-staged, emotionally flat scenes cluster in one third
    ok 3 - VISUAL_STAGING_EMOTIONAL_FLATNESS_CLUSTER fires when visually-staged, emotionally flat scenes cluster in one third
      ---
      duration_ms: 0.915764
      type: 'test'
      ...
    # Subtest: VISUAL_STAGING_EMOTIONAL_FLATNESS_CLUSTER does not fire when qualifying scenes spread evenly across thirds
    ok 4 - VISUAL_STAGING_EMOTIONAL_FLATNESS_CLUSTER does not fire when qualifying scenes spread evenly across thirds
      ---
      duration_ms: 0.92461
      type: 'test'
      ...
    # Subtest: OPEN_THREAD_EMOTIONAL_AFTERMATH_VOID fires when heavy clue-debt scenes are never followed by an emotional shift
    ok 5 - OPEN_THREAD_EMOTIONAL_AFTERMATH_VOID fires when heavy clue-debt scenes are never followed by an emotional shift
      ---
      duration_ms: 0.814158
      type: 'test'
      ...
    # Subtest: OPEN_THREAD_EMOTIONAL_AFTERMATH_VOID does not fire when a trigger window contains an emotional shift
    ok 6 - OPEN_THREAD_EMOTIONAL_AFTERMATH_VOID does not fire when a trigger window contains an emotional shift
      ---
      duration_ms: 0.854208
      type: 'test'
      ...
    1..6
ok 1166 - Wave 603 — characterArcPass: relationship shift/dialogue highlight decoupled, visual staging emotional flatness cluster, open thread emotional aftermath void
  ---
  duration_ms: 5.74861
  type: 'suite'
  ...
# Subtest: Wave 589 — characterArcPass: dramatic-turn relational aftermath void, payoff curiosity aftermath void, emotional drought run
    # Subtest: ARC_DRAMATIC_TURN_RELATIONAL_AFTERMATH_VOID fires when no dramatic turn is followed by a relationship shift
    ok 1 - ARC_DRAMATIC_TURN_RELATIONAL_AFTERMATH_VOID fires when no dramatic turn is followed by a relationship shift
      ---
      duration_ms: 1.662319
      type: 'test'
      ...
    # Subtest: ARC_DRAMATIC_TURN_RELATIONAL_AFTERMATH_VOID does not fire when a turn is followed by a relationship shift
    ok 2 - ARC_DRAMATIC_TURN_RELATIONAL_AFTERMATH_VOID does not fire when a turn is followed by a relationship shift
      ---
      duration_ms: 1.057068
      type: 'test'
      ...
    # Subtest: ARC_PAYOFF_CURIOSITY_AFTERMATH_VOID fires when no payoff is followed by a curiosity spike
    ok 3 - ARC_PAYOFF_CURIOSITY_AFTERMATH_VOID fires when no payoff is followed by a curiosity spike
      ---
      duration_ms: 1.11424
      type: 'test'
      ...
    # Subtest: ARC_PAYOFF_CURIOSITY_AFTERMATH_VOID does not fire when a payoff is followed by a curiosity spike
    ok 4 - ARC_PAYOFF_CURIOSITY_AFTERMATH_VOID does not fire when a payoff is followed by a curiosity spike
      ---
      duration_ms: 1.044844
      type: 'test'
      ...
    # Subtest: ARC_EMOTIONAL_DROUGHT_RUN fires when the longest neutral run is ≥7
    ok 5 - ARC_EMOTIONAL_DROUGHT_RUN fires when the longest neutral run is ≥7
      ---
      duration_ms: 1.104025
      type: 'test'
      ...
    # Subtest: ARC_EMOTIONAL_DROUGHT_RUN does not fire when the longest neutral run is under 7
    ok 6 - ARC_EMOTIONAL_DROUGHT_RUN does not fire when the longest neutral run is under 7
      ---
      duration_ms: 1.022698
      type: 'test'
      ...
    1..6
ok 1167 - Wave 589 — characterArcPass: dramatic-turn relational aftermath void, payoff curiosity aftermath void, emotional drought run
  ---
  duration_ms: 7.265739
  type: 'suite'
  ...
# Subtest: Wave 575 — characterArcPass: curiosity zone cluster, clock drought run, suspense curiosity aftermath void
    # Subtest: ARC_CURIOSITY_ZONE_CLUSTER fires when >75% of curiosity spikes are in one structural third
    ok 1 - ARC_CURIOSITY_ZONE_CLUSTER fires when >75% of curiosity spikes are in one structural third
      ---
      duration_ms: 1.112756
      type: 'test'
      ...
    # Subtest: ARC_CURIOSITY_ZONE_CLUSTER does not fire when curiosity spikes are distributed across thirds
    ok 2 - ARC_CURIOSITY_ZONE_CLUSTER does not fire when curiosity spikes are distributed across thirds
      ---
      duration_ms: 0.940043
      type: 'test'
      ...
    # Subtest: ARC_CLOCK_DROUGHT_RUN fires when ≥6 consecutive scenes have no raised clock
    ok 3 - ARC_CLOCK_DROUGHT_RUN fires when ≥6 consecutive scenes have no raised clock
      ---
      duration_ms: 0.960697
      type: 'test'
      ...
    # Subtest: ARC_CLOCK_DROUGHT_RUN does not fire when clock scenes are distributed without a long drought
    ok 4 - ARC_CLOCK_DROUGHT_RUN does not fire when clock scenes are distributed without a long drought
      ---
      duration_ms: 0.932179
      type: 'test'
      ...
    # Subtest: ARC_SUSPENSE_CURIOSITY_AFTERMATH_VOID fires when no suspense spike is followed by curiosity within 2 scenes
    ok 5 - ARC_SUSPENSE_CURIOSITY_AFTERMATH_VOID fires when no suspense spike is followed by curiosity within 2 scenes
      ---
      duration_ms: 1.018436
      type: 'test'
      ...
    # Subtest: ARC_SUSPENSE_CURIOSITY_AFTERMATH_VOID does not fire when a suspense spike is followed by curiosity within 2 scenes
    ok 6 - ARC_SUSPENSE_CURIOSITY_AFTERMATH_VOID does not fire when a suspense spike is followed by curiosity within 2 scenes
      ---
      duration_ms: 6.520728
      type: 'test'
      ...
    1..6
ok 1168 - Wave 575 — characterArcPass: curiosity zone cluster, clock drought run, suspense curiosity aftermath void
  ---
  duration_ms: 11.744608
  type: 'suite'
  ...
# Subtest: Wave 561 — characterArcPass: suspense drought run, relational zone cluster, clock relational aftermath void
    # Subtest: ARC_SUSPENSE_DROUGHT_RUN fires when a run of 6+ consecutive scenes has no raised suspense
    ok 1 - ARC_SUSPENSE_DROUGHT_RUN fires when a run of 6+ consecutive scenes has no raised suspense
      ---
      duration_ms: 1.45817
      type: 'test'
      ...
    # Subtest: ARC_SUSPENSE_DROUGHT_RUN does not fire when no non-suspense run reaches 6 scenes
    ok 2 - ARC_SUSPENSE_DROUGHT_RUN does not fire when no non-suspense run reaches 6 scenes
      ---
      duration_ms: 0.933166
      type: 'test'
      ...
    # Subtest: ARC_RELATIONAL_ZONE_CLUSTER fires when >75% of relationship shifts fall in a single structural third
    ok 3 - ARC_RELATIONAL_ZONE_CLUSTER fires when >75% of relationship shifts fall in a single structural third
      ---
      duration_ms: 0.888869
      type: 'test'
      ...
    # Subtest: ARC_RELATIONAL_ZONE_CLUSTER does not fire when relationship shifts are spread across thirds
    ok 4 - ARC_RELATIONAL_ZONE_CLUSTER does not fire when relationship shifts are spread across thirds
      ---
      duration_ms: 0.768517
      type: 'test'
      ...
    # Subtest: ARC_CLOCK_RELATIONAL_AFTERMATH_VOID fires when no clock-raised scene is followed by a relationship shift
    ok 5 - ARC_CLOCK_RELATIONAL_AFTERMATH_VOID fires when no clock-raised scene is followed by a relationship shift
      ---
      duration_ms: 0.895568
      type: 'test'
      ...
    # Subtest: ARC_CLOCK_RELATIONAL_AFTERMATH_VOID does not fire when a clock-raised scene is followed by a relationship shift
    ok 6 - ARC_CLOCK_RELATIONAL_AFTERMATH_VOID does not fire when a clock-raised scene is followed by a relationship shift
      ---
      duration_ms: 0.915373
      type: 'test'
      ...
    1..6
ok 1169 - Wave 561 — characterArcPass: suspense drought run, relational zone cluster, clock relational aftermath void
  ---
  duration_ms: 6.271183
  type: 'suite'
  ...
# Subtest: Wave 547 — characterArcPass: suspense opening zone absent, negative relational aftermath void, payoff front-loaded
    # Subtest: ARC_SUSPENSE_OPENING_ZONE_ABSENT fires when opening structural third has no suspense-positive scenes
    ok 1 - ARC_SUSPENSE_OPENING_ZONE_ABSENT fires when opening structural third has no suspense-positive scenes
      ---
      duration_ms: 0.983958
      type: 'test'
      ...
    # Subtest: ARC_SUSPENSE_OPENING_ZONE_ABSENT does not fire when the opening third has at least one suspense-positive scene
    ok 2 - ARC_SUSPENSE_OPENING_ZONE_ABSENT does not fire when the opening third has at least one suspense-positive scene
      ---
      duration_ms: 0.794487
      type: 'test'
      ...
    # Subtest: ARC_NEGATIVE_RELATIONAL_AFTERMATH_VOID fires when no negative-emotion scene is followed by a relationship shift
    ok 3 - ARC_NEGATIVE_RELATIONAL_AFTERMATH_VOID fires when no negative-emotion scene is followed by a relationship shift
      ---
      duration_ms: 0.98015
      type: 'test'
      ...
    # Subtest: ARC_NEGATIVE_RELATIONAL_AFTERMATH_VOID does not fire when a negative scene is followed by a relationship shift
    ok 4 - ARC_NEGATIVE_RELATIONAL_AFTERMATH_VOID does not fire when a negative scene is followed by a relationship shift
      ---
      duration_ms: 1.037849
      type: 'test'
      ...
    # Subtest: ARC_PAYOFF_FRONT_LOADED fires when more than 70% of payoff scenes fall in the first half
    ok 5 - ARC_PAYOFF_FRONT_LOADED fires when more than 70% of payoff scenes fall in the first half
      ---
      duration_ms: 0.961852
      type: 'test'
      ...
    # Subtest: ARC_PAYOFF_FRONT_LOADED does not fire when payoff scenes are not concentrated in the first half
    ok 6 - ARC_PAYOFF_FRONT_LOADED does not fire when payoff scenes are not concentrated in the first half
      ---
      duration_ms: 1.009795
      type: 'test'
      ...
    1..6
ok 1170 - Wave 547 — characterArcPass: suspense opening zone absent, negative relational aftermath void, payoff front-loaded
  ---
  duration_ms: 6.020353
  type: 'suite'
  ...
# Subtest: Wave 533 — characterArcPass: curiosity peak relational void, dramatic-turn emotional aftermath void, curiosity back-loaded
    # Subtest: ARC_CURIOSITY_PEAK_RELATIONAL_VOID fires when peak curiosity scene has no relationship shift
    ok 1 - ARC_CURIOSITY_PEAK_RELATIONAL_VOID fires when peak curiosity scene has no relationship shift
      ---
      duration_ms: 1.07846
      type: 'test'
      ...
    # Subtest: ARC_CURIOSITY_PEAK_RELATIONAL_VOID does not fire when peak curiosity scene has a relationship shift
    ok 2 - ARC_CURIOSITY_PEAK_RELATIONAL_VOID does not fire when peak curiosity scene has a relationship shift
      ---
      duration_ms: 0.943536
      type: 'test'
      ...
    # Subtest: ARC_DRAMATIC_TURN_EMOTIONAL_AFTERMATH_VOID fires when all dramatic-turn aftermaths are emotionally neutral
    ok 3 - ARC_DRAMATIC_TURN_EMOTIONAL_AFTERMATH_VOID fires when all dramatic-turn aftermaths are emotionally neutral
      ---
      duration_ms: 0.885024
      type: 'test'
      ...
    # Subtest: ARC_DRAMATIC_TURN_EMOTIONAL_AFTERMATH_VOID does not fire when a dramatic-turn aftermath is emotional
    ok 4 - ARC_DRAMATIC_TURN_EMOTIONAL_AFTERMATH_VOID does not fire when a dramatic-turn aftermath is emotional
      ---
      duration_ms: 0.852931
      type: 'test'
      ...
    # Subtest: ARC_CURIOSITY_BACK_LOADED fires when >70% of curiosity scenes are in second half
    ok 5 - ARC_CURIOSITY_BACK_LOADED fires when >70% of curiosity scenes are in second half
      ---
      duration_ms: 1.088338
      type: 'test'
      ...
    # Subtest: ARC_CURIOSITY_BACK_LOADED does not fire when curiosity is spread across both halves
    ok 6 - ARC_CURIOSITY_BACK_LOADED does not fire when curiosity is spread across both halves
      ---
      duration_ms: 4.727433
      type: 'test'
      ...
    1..6
ok 1171 - Wave 533 — characterArcPass: curiosity peak relational void, dramatic-turn emotional aftermath void, curiosity back-loaded
  ---
  duration_ms: 10.069352
  type: 'suite'
  ...
# Subtest: Wave 519 — characterArcPass: curiosity drought run, suspense front-loaded, clock opening zone absent
    # Subtest: ARC_CURIOSITY_DROUGHT_RUN fires when curiosity-positive scenes exist but ≥6 consecutive scenes have no curiosity rise
    ok 1 - ARC_CURIOSITY_DROUGHT_RUN fires when curiosity-positive scenes exist but ≥6 consecutive scenes have no curiosity rise
      ---
      duration_ms: 1.135061
      type: 'test'
      ...
    # Subtest: ARC_CURIOSITY_DROUGHT_RUN does not fire when the longest curiosity-flat run is < 6
    ok 2 - ARC_CURIOSITY_DROUGHT_RUN does not fire when the longest curiosity-flat run is < 6
      ---
      duration_ms: 0.937416
      type: 'test'
      ...
    # Subtest: ARC_SUSPENSE_FRONT_LOADED fires when >70% of suspense scenes fall in the first half
    ok 3 - ARC_SUSPENSE_FRONT_LOADED fires when >70% of suspense scenes fall in the first half
      ---
      duration_ms: 2.906496
      type: 'test'
      ...
    # Subtest: ARC_SUSPENSE_FRONT_LOADED does not fire when suspense is evenly distributed
    ok 4 - ARC_SUSPENSE_FRONT_LOADED does not fire when suspense is evenly distributed
      ---
      duration_ms: 0.873974
      type: 'test'
      ...
    # Subtest: ARC_CLOCK_OPENING_ZONE_ABSENT fires when ≥3 clockRaised scenes exist but none in the opening third
    ok 5 - ARC_CLOCK_OPENING_ZONE_ABSENT fires when ≥3 clockRaised scenes exist but none in the opening third
      ---
      duration_ms: 0.873576
      type: 'test'
      ...
    # Subtest: ARC_CLOCK_OPENING_ZONE_ABSENT does not fire when a clock scene exists in the opening third
    ok 6 - ARC_CLOCK_OPENING_ZONE_ABSENT does not fire when a clock scene exists in the opening third
      ---
      duration_ms: 0.89822
      type: 'test'
      ...
    1..6
ok 1172 - Wave 519 — characterArcPass: curiosity drought run, suspense front-loaded, clock opening zone absent
  ---
  duration_ms: 7.903159
  type: 'suite'
  ...
# Subtest: Wave 505 — characterArcPass: seed emotional aftermath void, clock curiosity aftermath void, payoff drought run
    # Subtest: ARC_SEED_EMOTIONAL_AFTERMATH_VOID fires when all seed scenes are followed by neutral scenes
    ok 1 - ARC_SEED_EMOTIONAL_AFTERMATH_VOID fires when all seed scenes are followed by neutral scenes
      ---
      duration_ms: 1.19788
      type: 'test'
      ...
    # Subtest: ARC_SEED_EMOTIONAL_AFTERMATH_VOID does not fire when a seed is followed by a non-neutral scene
    ok 2 - ARC_SEED_EMOTIONAL_AFTERMATH_VOID does not fire when a seed is followed by a non-neutral scene
      ---
      duration_ms: 0.814938
      type: 'test'
      ...
    # Subtest: ARC_CLOCK_CURIOSITY_AFTERMATH_VOID fires when avg post-clock curiosity is <= 0
    ok 3 - ARC_CLOCK_CURIOSITY_AFTERMATH_VOID fires when avg post-clock curiosity is <= 0
      ---
      duration_ms: 1.057358
      type: 'test'
      ...
    # Subtest: ARC_CLOCK_CURIOSITY_AFTERMATH_VOID does not fire when avg post-clock curiosity is > 0
    ok 4 - ARC_CLOCK_CURIOSITY_AFTERMATH_VOID does not fire when avg post-clock curiosity is > 0
      ---
      duration_ms: 0.908883
      type: 'test'
      ...
    # Subtest: ARC_PAYOFF_DROUGHT_RUN fires when the longest payoff-free run is >= 6
    ok 5 - ARC_PAYOFF_DROUGHT_RUN fires when the longest payoff-free run is >= 6
      ---
      duration_ms: 4.57901
      type: 'test'
      ...
    # Subtest: ARC_PAYOFF_DROUGHT_RUN does not fire when no payoff-free run reaches 6
    ok 6 - ARC_PAYOFF_DROUGHT_RUN does not fire when no payoff-free run reaches 6
      ---
      duration_ms: 1.031562
      type: 'test'
      ...
    1..6
ok 1173 - Wave 505 — characterArcPass: seed emotional aftermath void, clock curiosity aftermath void, payoff drought run
  ---
  duration_ms: 9.924195
  type: 'suite'
  ...
# Subtest: Wave 491 — characterArcPass: clock peak emotion absent, payoff emotion decoupled, payoff aftermath emotional void
    # Subtest: ARC_CLOCK_PEAK_EMOTION_ABSENT fires when the highest-clockDelta scene is emotionally neutral
    ok 1 - ARC_CLOCK_PEAK_EMOTION_ABSENT fires when the highest-clockDelta scene is emotionally neutral
      ---
      duration_ms: 1.018141
      type: 'test'
      ...
    # Subtest: ARC_CLOCK_PEAK_EMOTION_ABSENT does not fire when the peak-clockDelta scene has emotion
    ok 2 - ARC_CLOCK_PEAK_EMOTION_ABSENT does not fire when the peak-clockDelta scene has emotion
      ---
      duration_ms: 1.445047
      type: 'test'
      ...
    # Subtest: ARC_PAYOFF_EMOTION_DECOUPLED fires when all payoff scenes are emotionally neutral
    ok 3 - ARC_PAYOFF_EMOTION_DECOUPLED fires when all payoff scenes are emotionally neutral
      ---
      duration_ms: 4.083706
      type: 'test'
      ...
    # Subtest: ARC_PAYOFF_EMOTION_DECOUPLED does not fire when at least one payoff scene has emotion
    ok 4 - ARC_PAYOFF_EMOTION_DECOUPLED does not fire when at least one payoff scene has emotion
      ---
      duration_ms: 0.909982
      type: 'test'
      ...
    # Subtest: ARC_PAYOFF_AFTERMATH_EMOTIONAL_VOID fires when every payoff scene is followed by a neutral scene
    ok 5 - ARC_PAYOFF_AFTERMATH_EMOTIONAL_VOID fires when every payoff scene is followed by a neutral scene
      ---
      duration_ms: 1.372151
      type: 'test'
      ...
    # Subtest: ARC_PAYOFF_AFTERMATH_EMOTIONAL_VOID does not fire when a payoff aftermath has emotion
    ok 6 - ARC_PAYOFF_AFTERMATH_EMOTIONAL_VOID does not fire when a payoff aftermath has emotion
      ---
      duration_ms: 3.206651
      type: 'test'
      ...
    1..6
ok 1174 - Wave 491 — characterArcPass: clock peak emotion absent, payoff emotion decoupled, payoff aftermath emotional void
  ---
  duration_ms: 12.324666
  type: 'suite'
  ...
# Subtest: Wave 477 — characterArcPass: positive relational aftermath void, turn zone cluster, peak positive uncaused
    # Subtest: ARC_POSITIVE_RELATIONAL_AFTERMATH_VOID fires when all positive scenes are followed by 2 relational-silent scenes
    ok 1 - ARC_POSITIVE_RELATIONAL_AFTERMATH_VOID fires when all positive scenes are followed by 2 relational-silent scenes
      ---
      duration_ms: 1.36235
      type: 'test'
      ...
    # Subtest: ARC_POSITIVE_RELATIONAL_AFTERMATH_VOID does not fire when a positive aftermath carries a shift
    ok 2 - ARC_POSITIVE_RELATIONAL_AFTERMATH_VOID does not fire when a positive aftermath carries a shift
      ---
      duration_ms: 1.012876
      type: 'test'
      ...
    # Subtest: ARC_TURN_ZONE_CLUSTER fires when >75% of turn scenes fall in a single third
    ok 3 - ARC_TURN_ZONE_CLUSTER fires when >75% of turn scenes fall in a single third
      ---
      duration_ms: 1.094234
      type: 'test'
      ...
    # Subtest: ARC_TURN_ZONE_CLUSTER does not fire when turn scenes spread across thirds
    ok 4 - ARC_TURN_ZONE_CLUSTER does not fire when turn scenes spread across thirds
      ---
      duration_ms: 1.045408
      type: 'test'
      ...
    # Subtest: ARC_PEAK_POSITIVE_UNCAUSED fires when the last positive scene has no causal driver in prior 2 scenes
    ok 5 - ARC_PEAK_POSITIVE_UNCAUSED fires when the last positive scene has no causal driver in prior 2 scenes
      ---
      duration_ms: 0.849031
      type: 'test'
      ...
    # Subtest: ARC_PEAK_POSITIVE_UNCAUSED does not fire when a prior scene carries a causal driver
    ok 6 - ARC_PEAK_POSITIVE_UNCAUSED does not fire when a prior scene carries a causal driver
      ---
      duration_ms: 0.738043
      type: 'test'
      ...
    1..6
ok 1175 - Wave 477 — characterArcPass: positive relational aftermath void, turn zone cluster, peak positive uncaused
  ---
  duration_ms: 6.411371
  type: 'suite'
  ...
# Subtest: Wave 463 — characterArcPass: suspense relational decoupled, relational front-loaded, revelation relational aftermath void
    # Subtest: ARC_SUSPENSE_RELATIONAL_DECOUPLED fires when all suspense-positive scenes have no relationship shift
    ok 1 - ARC_SUSPENSE_RELATIONAL_DECOUPLED fires when all suspense-positive scenes have no relationship shift
      ---
      duration_ms: 1.178874
      type: 'test'
      ...
    # Subtest: ARC_SUSPENSE_RELATIONAL_DECOUPLED does NOT fire when a suspense-positive scene carries a relationship shift
    ok 2 - ARC_SUSPENSE_RELATIONAL_DECOUPLED does NOT fire when a suspense-positive scene carries a relationship shift
      ---
      duration_ms: 0.973166
      type: 'test'
      ...
    # Subtest: ARC_RELATIONAL_FRONT_LOADED fires when >70% of shift scenes are in the first half
    ok 3 - ARC_RELATIONAL_FRONT_LOADED fires when >70% of shift scenes are in the first half
      ---
      duration_ms: 1.054727
      type: 'test'
      ...
    # Subtest: ARC_RELATIONAL_FRONT_LOADED does NOT fire when shifts are balanced across halves
    ok 4 - ARC_RELATIONAL_FRONT_LOADED does NOT fire when shifts are balanced across halves
      ---
      duration_ms: 0.848948
      type: 'test'
      ...
    # Subtest: ARC_REVELATION_RELATIONAL_AFTERMATH_VOID fires when every revelation has a relationally flat aftermath
    ok 5 - ARC_REVELATION_RELATIONAL_AFTERMATH_VOID fires when every revelation has a relationally flat aftermath
      ---
      duration_ms: 0.792634
      type: 'test'
      ...
    # Subtest: ARC_REVELATION_RELATIONAL_AFTERMATH_VOID does NOT fire when a revelation aftermath moves a bond
    ok 6 - ARC_REVELATION_RELATIONAL_AFTERMATH_VOID does NOT fire when a revelation aftermath moves a bond
      ---
      duration_ms: 0.787562
      type: 'test'
      ...
    1..6
ok 1176 - Wave 463 — characterArcPass: suspense relational decoupled, relational front-loaded, revelation relational aftermath void
  ---
  duration_ms: 5.969731
  type: 'suite'
  ...
# Subtest: Wave 449 — characterArcPass: relational drought run, turn emotional aftermath void, curiosity relational decoupled
    # Subtest: ARC_RELATIONAL_DROUGHT_RUN fires when ≥5 consecutive scenes have no relationship shift
    ok 1 - ARC_RELATIONAL_DROUGHT_RUN fires when ≥5 consecutive scenes have no relationship shift
      ---
      duration_ms: 1.133333
      type: 'test'
      ...
    # Subtest: ARC_RELATIONAL_DROUGHT_RUN does NOT fire when shifts are spread with gaps under 5
    ok 2 - ARC_RELATIONAL_DROUGHT_RUN does NOT fire when shifts are spread with gaps under 5
      ---
      duration_ms: 0.93331
      type: 'test'
      ...
    # Subtest: ARC_TURN_EMOTIONAL_AFTERMATH_VOID fires when every turn is followed by 2 neutral scenes
    ok 3 - ARC_TURN_EMOTIONAL_AFTERMATH_VOID fires when every turn is followed by 2 neutral scenes
      ---
      duration_ms: 0.79896
      type: 'test'
      ...
    # Subtest: ARC_TURN_EMOTIONAL_AFTERMATH_VOID does NOT fire when a turn is followed by an emotional scene
    ok 4 - ARC_TURN_EMOTIONAL_AFTERMATH_VOID does NOT fire when a turn is followed by an emotional scene
      ---
      duration_ms: 0.78479
      type: 'test'
      ...
    # Subtest: ARC_CURIOSITY_RELATIONAL_DECOUPLED fires when all curiosity-positive scenes have no relationship shift
    ok 5 - ARC_CURIOSITY_RELATIONAL_DECOUPLED fires when all curiosity-positive scenes have no relationship shift
      ---
      duration_ms: 0.931649
      type: 'test'
      ...
    # Subtest: ARC_CURIOSITY_RELATIONAL_DECOUPLED does NOT fire when a curiosity-positive scene carries a relationship shift
    ok 6 - ARC_CURIOSITY_RELATIONAL_DECOUPLED does NOT fire when a curiosity-positive scene carries a relationship shift
      ---
      duration_ms: 0.955154
      type: 'test'
      ...
    1..6
ok 1177 - Wave 449 — characterArcPass: relational drought run, turn emotional aftermath void, curiosity relational decoupled
  ---
  duration_ms: 5.832676
  type: 'suite'
  ...
# Subtest: Wave 435 — characterArcPass: emotional overload, clock emotion decoupled, peak relational uncaused
    # Subtest: ARC_EMOTIONAL_OVERLOAD fires when ≥80% of scenes are non-neutral with both polarities
    ok 1 - ARC_EMOTIONAL_OVERLOAD fires when ≥80% of scenes are non-neutral with both polarities
      ---
      duration_ms: 1.261918
      type: 'test'
      ...
    # Subtest: ARC_EMOTIONAL_OVERLOAD does not fire when fewer than 80% of scenes are non-neutral
    ok 2 - ARC_EMOTIONAL_OVERLOAD does not fire when fewer than 80% of scenes are non-neutral
      ---
      duration_ms: 0.888285
      type: 'test'
      ...
    # Subtest: ARC_CLOCK_EMOTION_DECOUPLED fires when all clock scenes are emotionally neutral
    ok 3 - ARC_CLOCK_EMOTION_DECOUPLED fires when all clock scenes are emotionally neutral
      ---
      duration_ms: 0.860587
      type: 'test'
      ...
    # Subtest: ARC_CLOCK_EMOTION_DECOUPLED does not fire when a clock scene carries emotion
    ok 4 - ARC_CLOCK_EMOTION_DECOUPLED does not fire when a clock scene carries emotion
      ---
      duration_ms: 0.756641
      type: 'test'
      ...
    # Subtest: ARC_PEAK_RELATIONAL_UNCAUSED fires when the peak-shift-count scene has no causal setup
    ok 5 - ARC_PEAK_RELATIONAL_UNCAUSED fires when the peak-shift-count scene has no causal setup
      ---
      duration_ms: 1.022691
      type: 'test'
      ...
    # Subtest: ARC_PEAK_RELATIONAL_UNCAUSED does not fire when the preceding scene carries a driver
    ok 6 - ARC_PEAK_RELATIONAL_UNCAUSED does not fire when the preceding scene carries a driver
      ---
      duration_ms: 0.86061
      type: 'test'
      ...
    1..6
ok 1178 - Wave 435 — characterArcPass: emotional overload, clock emotion decoupled, peak relational uncaused
  ---
  duration_ms: 5.895972
  type: 'suite'
  ...
# Subtest: Wave 421 — characterArcPass: relational negative-only, peak relational emotion absent, relational midpoint void
    # Subtest: ARC_RELATIONAL_NEGATIVE_ONLY fires when every relationship shift is negative
    ok 1 - ARC_RELATIONAL_NEGATIVE_ONLY fires when every relationship shift is negative
      ---
      duration_ms: 1.044668
      type: 'test'
      ...
    # Subtest: ARC_RELATIONAL_NEGATIVE_ONLY does not fire when a positive shift exists
    ok 2 - ARC_RELATIONAL_NEGATIVE_ONLY does not fire when a positive shift exists
      ---
      duration_ms: 0.764467
      type: 'test'
      ...
    # Subtest: ARC_PEAK_RELATIONAL_EMOTION_ABSENT fires when the peak-shift scene is emotionally neutral
    ok 3 - ARC_PEAK_RELATIONAL_EMOTION_ABSENT fires when the peak-shift scene is emotionally neutral
      ---
      duration_ms: 0.77977
      type: 'test'
      ...
    # Subtest: ARC_PEAK_RELATIONAL_EMOTION_ABSENT does not fire when the peak-shift scene carries emotion
    ok 4 - ARC_PEAK_RELATIONAL_EMOTION_ABSENT does not fire when the peak-shift scene carries emotion
      ---
      duration_ms: 0.703171
      type: 'test'
      ...
    # Subtest: ARC_RELATIONAL_MIDPOINT_VOID fires when no shift occurs in the 40%–60% zone
    ok 5 - ARC_RELATIONAL_MIDPOINT_VOID fires when no shift occurs in the 40%–60% zone
      ---
      duration_ms: 0.947233
      type: 'test'
      ...
    # Subtest: ARC_RELATIONAL_MIDPOINT_VOID does not fire when a shift lands in the midpoint zone
    ok 6 - ARC_RELATIONAL_MIDPOINT_VOID does not fire when a shift lands in the midpoint zone
      ---
      duration_ms: 0.992732
      type: 'test'
      ...
    1..6
ok 1179 - Wave 421 — characterArcPass: relational negative-only, peak relational emotion absent, relational midpoint void
  ---
  duration_ms: 5.504905
  type: 'suite'
  ...
# Subtest: Wave 407 — characterArcPass: relational positive-only, relational back-loaded, relational recovery absent
    # Subtest: ARC_RELATIONAL_POSITIVE_ONLY fires when all relationship shifts are positive
    ok 1 - ARC_RELATIONAL_POSITIVE_ONLY fires when all relationship shifts are positive
      ---
      duration_ms: 0.914493
      type: 'test'
      ...
    # Subtest: ARC_RELATIONAL_POSITIVE_ONLY does NOT fire when a negative shift exists
    ok 2 - ARC_RELATIONAL_POSITIVE_ONLY does NOT fire when a negative shift exists
      ---
      duration_ms: 0.73082
      type: 'test'
      ...
    # Subtest: ARC_RELATIONAL_BACK_LOADED fires when >70% of shift scenes fall in the second half
    ok 3 - ARC_RELATIONAL_BACK_LOADED fires when >70% of shift scenes fall in the second half
      ---
      duration_ms: 1.011026
      type: 'test'
      ...
    # Subtest: ARC_RELATIONAL_BACK_LOADED does NOT fire when shifts are balanced across halves
    ok 4 - ARC_RELATIONAL_BACK_LOADED does NOT fire when shifts are balanced across halves
      ---
      duration_ms: 1.186814
      type: 'test'
      ...
    # Subtest: ARC_RELATIONAL_RECOVERY_ABSENT fires when no positive shift follows the first fracture
    ok 5 - ARC_RELATIONAL_RECOVERY_ABSENT fires when no positive shift follows the first fracture
      ---
      duration_ms: 0.709832
      type: 'test'
      ...
    # Subtest: ARC_RELATIONAL_RECOVERY_ABSENT does NOT fire when a repair follows the first fracture
    ok 6 - ARC_RELATIONAL_RECOVERY_ABSENT does NOT fire when a repair follows the first fracture
      ---
      duration_ms: 0.800508
      type: 'test'
      ...
    1..6
ok 1180 - Wave 407 — characterArcPass: relational positive-only, relational back-loaded, relational recovery absent
  ---
  duration_ms: 5.710852
  type: 'suite'
  ...
# Subtest: Wave 393 — characterArcPass: emotional back-loaded, positive emotion run, late low-point absent
    # Subtest: ARC_EMOTIONAL_BACK_LOADED fires when >70% of emotional beats fall in the second half
    ok 1 - ARC_EMOTIONAL_BACK_LOADED fires when >70% of emotional beats fall in the second half
      ---
      duration_ms: 1.083333
      type: 'test'
      ...
    # Subtest: ARC_EMOTIONAL_BACK_LOADED does not fire when emotional beats are balanced
    ok 2 - ARC_EMOTIONAL_BACK_LOADED does not fire when emotional beats are balanced
      ---
      duration_ms: 0.949179
      type: 'test'
      ...
    # Subtest: ARC_POSITIVE_EMOTION_RUN fires when 4+ consecutive scenes are positive
    ok 3 - ARC_POSITIVE_EMOTION_RUN fires when 4+ consecutive scenes are positive
      ---
      duration_ms: 0.779034
      type: 'test'
      ...
    # Subtest: ARC_POSITIVE_EMOTION_RUN does not fire when positive scenes are broken up
    ok 4 - ARC_POSITIVE_EMOTION_RUN does not fire when positive scenes are broken up
      ---
      duration_ms: 0.749278
      type: 'test'
      ...
    # Subtest: ARC_LATE_LOW_POINT_ABSENT fires when all negative beats fall in the first half
    ok 5 - ARC_LATE_LOW_POINT_ABSENT fires when all negative beats fall in the first half
      ---
      duration_ms: 0.846343
      type: 'test'
      ...
    # Subtest: ARC_LATE_LOW_POINT_ABSENT does not fire when a negative beat lands in the second half
    ok 6 - ARC_LATE_LOW_POINT_ABSENT does not fire when a negative beat lands in the second half
      ---
      duration_ms: 0.960164
      type: 'test'
      ...
    1..6
ok 1181 - Wave 393 — characterArcPass: emotional back-loaded, positive emotion run, late low-point absent
  ---
  duration_ms: 5.636564
  type: 'suite'
  ...
# Subtest: Wave 379 — characterArcPass: emotion concentration, emotional front-loaded, negative emotion run
    # Subtest: ARC_EMOTION_CONCENTRATION fires when all emotional beats burst in a ≤20% span
    ok 1 - ARC_EMOTION_CONCENTRATION fires when all emotional beats burst in a ≤20% span
      ---
      duration_ms: 1.151591
      type: 'test'
      ...
    # Subtest: ARC_EMOTION_CONCENTRATION does not fire when emotional beats are spread across the story
    ok 2 - ARC_EMOTION_CONCENTRATION does not fire when emotional beats are spread across the story
      ---
      duration_ms: 10.207783
      type: 'test'
      ...
    # Subtest: ARC_EMOTIONAL_FRONT_LOADED fires when >70% of emotional beats fall in the first half
    ok 3 - ARC_EMOTIONAL_FRONT_LOADED fires when >70% of emotional beats fall in the first half
      ---
      duration_ms: 1.098213
      type: 'test'
      ...
    # Subtest: ARC_EMOTIONAL_FRONT_LOADED does not fire when emotional beats are balanced across halves
    ok 4 - ARC_EMOTIONAL_FRONT_LOADED does not fire when emotional beats are balanced across halves
      ---
      duration_ms: 0.802295
      type: 'test'
      ...
    # Subtest: ARC_NEGATIVE_EMOTION_RUN fires when 4+ consecutive scenes are negative
    ok 5 - ARC_NEGATIVE_EMOTION_RUN fires when 4+ consecutive scenes are negative
      ---
      duration_ms: 0.787586
      type: 'test'
      ...
    # Subtest: ARC_NEGATIVE_EMOTION_RUN does not fire when negative scenes are broken up
    ok 6 - ARC_NEGATIVE_EMOTION_RUN does not fire when negative scenes are broken up
      ---
      duration_ms: 0.749127
      type: 'test'
      ...
    1..6
ok 1182 - Wave 379 — characterArcPass: emotion concentration, emotional front-loaded, negative emotion run
  ---
  duration_ms: 15.11011
  type: 'suite'
  ...
# Subtest: Wave 365 — characterArcPass: peak suspense emotion absent, peak curiosity emotion absent, relational shift emotion flat
    # Subtest: ARC_PEAK_SUSPENSE_EMOTION_ABSENT fires when the highest-suspense scene is neutral while emotion exists elsewhere
    ok 1 - ARC_PEAK_SUSPENSE_EMOTION_ABSENT fires when the highest-suspense scene is neutral while emotion exists elsewhere
      ---
      duration_ms: 0.943721
      type: 'test'
      ...
    # Subtest: ARC_PEAK_SUSPENSE_EMOTION_ABSENT does not fire when the peak-suspense scene carries emotion
    ok 2 - ARC_PEAK_SUSPENSE_EMOTION_ABSENT does not fire when the peak-suspense scene carries emotion
      ---
      duration_ms: 0.518594
      type: 'test'
      ...
    # Subtest: ARC_PEAK_CURIOSITY_EMOTION_ABSENT fires when the highest-curiosity scene is neutral while emotion exists elsewhere
    ok 3 - ARC_PEAK_CURIOSITY_EMOTION_ABSENT fires when the highest-curiosity scene is neutral while emotion exists elsewhere
      ---
      duration_ms: 0.654311
      type: 'test'
      ...
    # Subtest: ARC_PEAK_CURIOSITY_EMOTION_ABSENT does not fire when the peak-curiosity scene carries emotion
    ok 4 - ARC_PEAK_CURIOSITY_EMOTION_ABSENT does not fire when the peak-curiosity scene carries emotion
      ---
      duration_ms: 0.747322
      type: 'test'
      ...
    # Subtest: ARC_RELATIONAL_SHIFT_EMOTION_FLAT fires when every relationship-shift scene is emotionally neutral
    ok 5 - ARC_RELATIONAL_SHIFT_EMOTION_FLAT fires when every relationship-shift scene is emotionally neutral
      ---
      duration_ms: 0.809817
      type: 'test'
      ...
    # Subtest: ARC_RELATIONAL_SHIFT_EMOTION_FLAT does not fire when a relationship-shift scene carries emotion
    ok 6 - ARC_RELATIONAL_SHIFT_EMOTION_FLAT does not fire when a relationship-shift scene carries emotion
      ---
      duration_ms: 0.85514
      type: 'test'
      ...
    1..6
ok 1183 - Wave 365 — characterArcPass: peak suspense emotion absent, peak curiosity emotion absent, relational shift emotion flat
  ---
  duration_ms: 4.778388
  type: 'suite'
  ...
# Subtest: Wave 351 — characterArcPass: second half emotionally flat, emotional recovery absent, relational first-half flat
    # Subtest: ARC_SECOND_HALF_EMOTIONALLY_FLAT fires when the back half is all neutral
    ok 1 - ARC_SECOND_HALF_EMOTIONALLY_FLAT fires when the back half is all neutral
      ---
      duration_ms: 1.086009
      type: 'test'
      ...
    # Subtest: ARC_SECOND_HALF_EMOTIONALLY_FLAT does not fire when the back half carries emotion
    ok 2 - ARC_SECOND_HALF_EMOTIONALLY_FLAT does not fire when the back half carries emotion
      ---
      duration_ms: 0.837115
      type: 'test'
      ...
    # Subtest: ARC_EMOTIONAL_RECOVERY_ABSENT fires when no positive beat follows the first fall
    ok 3 - ARC_EMOTIONAL_RECOVERY_ABSENT fires when no positive beat follows the first fall
      ---
      duration_ms: 0.970573
      type: 'test'
      ...
    # Subtest: ARC_EMOTIONAL_RECOVERY_ABSENT does not fire when a positive beat follows the fall
    ok 4 - ARC_EMOTIONAL_RECOVERY_ABSENT does not fire when a positive beat follows the fall
      ---
      duration_ms: 1.197232
      type: 'test'
      ...
    # Subtest: ARC_RELATIONAL_FIRST_HALF_FLAT fires when no bond shifts in the front half
    ok 5 - ARC_RELATIONAL_FIRST_HALF_FLAT fires when no bond shifts in the front half
      ---
      duration_ms: 0.991879
      type: 'test'
      ...
    # Subtest: ARC_RELATIONAL_FIRST_HALF_FLAT does not fire when a bond shifts in the front half
    ok 6 - ARC_RELATIONAL_FIRST_HALF_FLAT does not fire when a bond shifts in the front half
      ---
      duration_ms: 0.95237
      type: 'test'
      ...
    1..6
ok 1184 - Wave 351 — characterArcPass: second half emotionally flat, emotional recovery absent, relational first-half flat
  ---
  duration_ms: 6.285121
  type: 'suite'
  ...
# Subtest: Wave 337 — characterArcPass: suspense/curiosity decoupled, revelation emotion absent, revelation curiosity decoupled
    # Subtest: ARC_SUSPENSE_CURIOSITY_DECOUPLED fires when high-suspense scenes all have curiosityDelta ≤ 0
    ok 1 - ARC_SUSPENSE_CURIOSITY_DECOUPLED fires when high-suspense scenes all have curiosityDelta ≤ 0
      ---
      duration_ms: 1.100256
      type: 'test'
      ...
    # Subtest: ARC_SUSPENSE_CURIOSITY_DECOUPLED does not fire when high-suspense scenes generate curiosity
    ok 2 - ARC_SUSPENSE_CURIOSITY_DECOUPLED does not fire when high-suspense scenes generate curiosity
      ---
      duration_ms: 0.864867
      type: 'test'
      ...
    # Subtest: ARC_REVELATION_EMOTION_ABSENT fires when all revelation scenes are emotionally neutral
    ok 3 - ARC_REVELATION_EMOTION_ABSENT fires when all revelation scenes are emotionally neutral
      ---
      duration_ms: 0.794365
      type: 'test'
      ...
    # Subtest: ARC_REVELATION_EMOTION_ABSENT does not fire when a revelation scene carries emotion
    ok 4 - ARC_REVELATION_EMOTION_ABSENT does not fire when a revelation scene carries emotion
      ---
      duration_ms: 0.780736
      type: 'test'
      ...
    # Subtest: ARC_REVELATION_CURIOSITY_DECOUPLED fires when revelation scenes avg curiosityDelta ≤ 0
    ok 5 - ARC_REVELATION_CURIOSITY_DECOUPLED fires when revelation scenes avg curiosityDelta ≤ 0
      ---
      duration_ms: 0.837865
      type: 'test'
      ...
    # Subtest: ARC_REVELATION_CURIOSITY_DECOUPLED does not fire when revelations spark new questions
    ok 6 - ARC_REVELATION_CURIOSITY_DECOUPLED does not fire when revelations spark new questions
      ---
      duration_ms: 0.954798
      type: 'test'
      ...
    1..6
ok 1185 - Wave 337 — characterArcPass: suspense/curiosity decoupled, revelation emotion absent, revelation curiosity decoupled
  ---
  duration_ms: 5.588883
  type: 'suite'
  ...
# Subtest: Wave 312 — characterArcPass: first half flat, turn emotion absent, curiosity/emotion decoupled
    # Subtest: ARC_FIRST_HALF_EMOTIONALLY_FLAT fires when the first half is neutral and the second half is charged
    ok 1 - ARC_FIRST_HALF_EMOTIONALLY_FLAT fires when the first half is neutral and the second half is charged
      ---
      duration_ms: 1.068101
      type: 'test'
      ...
    # Subtest: ARC_FIRST_HALF_EMOTIONALLY_FLAT does not fire when the first half carries emotion
    ok 2 - ARC_FIRST_HALF_EMOTIONALLY_FLAT does not fire when the first half carries emotion
      ---
      duration_ms: 0.906846
      type: 'test'
      ...
    # Subtest: ARC_TURN_EMOTION_ABSENT fires when all dramatic-turn scenes are emotionally neutral
    ok 3 - ARC_TURN_EMOTION_ABSENT fires when all dramatic-turn scenes are emotionally neutral
      ---
      duration_ms: 0.848014
      type: 'test'
      ...
    # Subtest: ARC_TURN_EMOTION_ABSENT does not fire when a turn carries emotional charge
    ok 4 - ARC_TURN_EMOTION_ABSENT does not fire when a turn carries emotional charge
      ---
      duration_ms: 0.674742
      type: 'test'
      ...
    # Subtest: ARC_CURIOSITY_EMOTION_DECOUPLED fires when high-curiosity scenes are all neutral
    ok 5 - ARC_CURIOSITY_EMOTION_DECOUPLED fires when high-curiosity scenes are all neutral
      ---
      duration_ms: 0.777081
      type: 'test'
      ...
    # Subtest: ARC_CURIOSITY_EMOTION_DECOUPLED does not fire when a high-curiosity scene moves the character
    ok 6 - ARC_CURIOSITY_EMOTION_DECOUPLED does not fire when a high-curiosity scene moves the character
      ---
      duration_ms: 0.770247
      type: 'test'
      ...
    1..6
ok 1186 - Wave 312 — characterArcPass: first half flat, turn emotion absent, curiosity/emotion decoupled
  ---
  duration_ms: 5.302771
  type: 'suite'
  ...
# Subtest: Wave 298 — characterArcPass: dramatic turn monotone, suspense/emotion decoupled, grief skipped
    # Subtest: ARC_DRAMATIC_TURN_MONOTONE fires when 3+ turns are all the same type
    ok 1 - ARC_DRAMATIC_TURN_MONOTONE fires when 3+ turns are all the same type
      ---
      duration_ms: 1.084562
      type: 'test'
      ...
    # Subtest: ARC_DRAMATIC_TURN_MONOTONE does not fire when turn types are varied
    ok 2 - ARC_DRAMATIC_TURN_MONOTONE does not fire when turn types are varied
      ---
      duration_ms: 0.783492
      type: 'test'
      ...
    # Subtest: ARC_SUSPENSE_EMOTION_DECOUPLED fires when 3+ high-suspense scenes are all emotionally neutral
    ok 3 - ARC_SUSPENSE_EMOTION_DECOUPLED fires when 3+ high-suspense scenes are all emotionally neutral
      ---
      duration_ms: 0.85036
      type: 'test'
      ...
    # Subtest: ARC_SUSPENSE_EMOTION_DECOUPLED does not fire when a high-suspense scene moves the character
    ok 4 - ARC_SUSPENSE_EMOTION_DECOUPLED does not fire when a high-suspense scene moves the character
      ---
      duration_ms: 0.775935
      type: 'test'
      ...
    # Subtest: ARC_GRIEF_SKIPPED fires when every negative shift is cancelled by the next scene
    ok 5 - ARC_GRIEF_SKIPPED fires when every negative shift is cancelled by the next scene
      ---
      duration_ms: 0.815571
      type: 'test'
      ...
    # Subtest: ARC_GRIEF_SKIPPED does not fire when at least one loss lingers
    ok 6 - ARC_GRIEF_SKIPPED does not fire when at least one loss lingers
      ---
      duration_ms: 0.70993
      type: 'test'
      ...
    1..6
ok 1187 - Wave 298 — characterArcPass: dramatic turn monotone, suspense/emotion decoupled, grief skipped
  ---
  duration_ms: 5.26922
  type: 'suite'
  ...
# Subtest: Wave 284 — characterArcPass: emotional resolution absent, revelation late cluster, curiosity plateau
    # Subtest: ARC_EMOTIONAL_RESOLUTION_ABSENT fires when positive shifts exist but none in final quarter
    ok 1 - ARC_EMOTIONAL_RESOLUTION_ABSENT fires when positive shifts exist but none in final quarter
      ---
      duration_ms: 0.910356
      type: 'test'
      ...
    # Subtest: ARC_EMOTIONAL_RESOLUTION_ABSENT does not fire when positive shift exists in final quarter
    ok 2 - ARC_EMOTIONAL_RESOLUTION_ABSENT does not fire when positive shift exists in final quarter
      ---
      duration_ms: 0.817251
      type: 'test'
      ...
    # Subtest: ARC_REVELATION_LATE_CLUSTER fires when >60% of revelations are in final 25%
    ok 3 - ARC_REVELATION_LATE_CLUSTER fires when >60% of revelations are in final 25%
      ---
      duration_ms: 0.808907
      type: 'test'
      ...
    # Subtest: ARC_REVELATION_LATE_CLUSTER does not fire when revelations are spread across the story
    ok 4 - ARC_REVELATION_LATE_CLUSTER does not fire when revelations are spread across the story
      ---
      duration_ms: 0.756074
      type: 'test'
      ...
    # Subtest: ARC_CURIOSITY_PLATEAU fires when Act 2b average curiosityDelta is ≤ 0
    ok 5 - ARC_CURIOSITY_PLATEAU fires when Act 2b average curiosityDelta is ≤ 0
      ---
      duration_ms: 0.896784
      type: 'test'
      ...
    # Subtest: ARC_CURIOSITY_PLATEAU does not fire when Act 2b has positive curiosityDelta
    ok 6 - ARC_CURIOSITY_PLATEAU does not fire when Act 2b has positive curiosityDelta
      ---
      duration_ms: 1.171737
      type: 'test'
      ...
    1..6
ok 1188 - Wave 284 — characterArcPass: emotional resolution absent, revelation late cluster, curiosity plateau
  ---
  duration_ms: 5.635739
  type: 'suite'
  ...
# Subtest: Wave 270 — characterArcPass: positive-only arc, shift concentration, late relational void
    # Subtest: ARC_POSITIVE_ONLY fires when every non-neutral beat is positive with no negative beats
    ok 1 - ARC_POSITIVE_ONLY fires when every non-neutral beat is positive with no negative beats
      ---
      duration_ms: 1.017911
      type: 'test'
      ...
    # Subtest: ARC_POSITIVE_ONLY does NOT fire when at least one negative beat exists
    ok 2 - ARC_POSITIVE_ONLY does NOT fire when at least one negative beat exists
      ---
      duration_ms: 0.759696
      type: 'test'
      ...
    # Subtest: ARC_SHIFT_CONCENTRATION fires when all shift scenes are within a 3-scene window
    ok 3 - ARC_SHIFT_CONCENTRATION fires when all shift scenes are within a 3-scene window
      ---
      duration_ms: 1.892301
      type: 'test'
      ...
    # Subtest: ARC_SHIFT_CONCENTRATION does NOT fire when shifts are distributed across the arc
    ok 4 - ARC_SHIFT_CONCENTRATION does NOT fire when shifts are distributed across the arc
      ---
      duration_ms: 0.842586
      type: 'test'
      ...
    # Subtest: ARC_LATE_RELATIONAL_VOID fires when no shifts appear in the final quarter
    ok 5 - ARC_LATE_RELATIONAL_VOID fires when no shifts appear in the final quarter
      ---
      duration_ms: 0.86649
      type: 'test'
      ...
    # Subtest: ARC_LATE_RELATIONAL_VOID does NOT fire when a shift appears in the final quarter
    ok 6 - ARC_LATE_RELATIONAL_VOID does NOT fire when a shift appears in the final quarter
      ---
      duration_ms: 2.499214
      type: 'test'
      ...
    1..6
ok 1189 - Wave 270 — characterArcPass: positive-only arc, shift concentration, late relational void
  ---
  duration_ms: 8.146466
  type: 'suite'
  ...
# Subtest: Wave 256 — characterArcPass: relational dimension monotony, emotional flatline, negative-only arc
    # Subtest: ARC_SINGLE_DIMENSION fires when all relationship shifts use one dimension
    ok 1 - ARC_SINGLE_DIMENSION fires when all relationship shifts use one dimension
      ---
      duration_ms: 1.31969
      type: 'test'
      ...
    # Subtest: ARC_SINGLE_DIMENSION does NOT fire when shifts span multiple dimensions
    ok 2 - ARC_SINGLE_DIMENSION does NOT fire when shifts span multiple dimensions
      ---
      duration_ms: 0.977131
      type: 'test'
      ...
    # Subtest: ARC_EMOTIONAL_FLATLINE fires when ≥80% of scenes are neutral
    ok 3 - ARC_EMOTIONAL_FLATLINE fires when ≥80% of scenes are neutral
      ---
      duration_ms: 6.260943
      type: 'test'
      ...
    # Subtest: ARC_EMOTIONAL_FLATLINE does NOT fire when scenes carry varied emotion
    ok 4 - ARC_EMOTIONAL_FLATLINE does NOT fire when scenes carry varied emotion
      ---
      duration_ms: 1.294174
      type: 'test'
      ...
    # Subtest: ARC_NEGATIVE_ONLY fires when all non-neutral scenes are negative
    ok 5 - ARC_NEGATIVE_ONLY fires when all non-neutral scenes are negative
      ---
      duration_ms: 0.853771
      type: 'test'
      ...
    # Subtest: ARC_NEGATIVE_ONLY does NOT fire when a positive beat exists
    ok 6 - ARC_NEGATIVE_ONLY does NOT fire when a positive beat exists
      ---
      duration_ms: 4.989361
      type: 'test'
      ...
    1..6
ok 1190 - Wave 256 — characterArcPass: relational dimension monotony, emotional flatline, negative-only arc
  ---
  duration_ms: 16.030537
  type: 'suite'
  ...
# Subtest: Wave 242 — characterArcPass: Act 1 relational desert, positive midpoint absent, revelation unincorporated
    # Subtest: ARC_ACT1_RELATIONAL_DESERT fires when no pair shifts in the first 25% of scenes
    ok 1 - ARC_ACT1_RELATIONAL_DESERT fires when no pair shifts in the first 25% of scenes
      ---
      duration_ms: 1.390713
      type: 'test'
      ...
    # Subtest: ARC_ACT1_RELATIONAL_DESERT does NOT fire when Act 1 has a relationship shift
    ok 2 - ARC_ACT1_RELATIONAL_DESERT does NOT fire when Act 1 has a relationship shift
      ---
      duration_ms: 1.064677
      type: 'test'
      ...
    # Subtest: ARC_POSITIVE_MIDPOINT_ABSENT fires when the midpoint zone has no positive relationship shift
    ok 3 - ARC_POSITIVE_MIDPOINT_ABSENT fires when the midpoint zone has no positive relationship shift
      ---
      duration_ms: 3.256677
      type: 'test'
      ...
    # Subtest: ARC_POSITIVE_MIDPOINT_ABSENT does NOT fire when midpoint zone has a positive shift
    ok 4 - ARC_POSITIVE_MIDPOINT_ABSENT does NOT fire when midpoint zone has a positive shift
      ---
      duration_ms: 2.982093
      type: 'test'
      ...
    # Subtest: ARC_REVELATION_UNINCORPORATED fires when revelations are never followed by a relationship shift
    ok 5 - ARC_REVELATION_UNINCORPORATED fires when revelations are never followed by a relationship shift
      ---
      duration_ms: 1.31655
      type: 'test'
      ...
    # Subtest: ARC_REVELATION_UNINCORPORATED does NOT fire when a revelation is followed by a relationship shift
    ok 6 - ARC_REVELATION_UNINCORPORATED does NOT fire when a revelation is followed by a relationship shift
      ---
      duration_ms: 0.825761
      type: 'test'
      ...
    1..6
ok 1191 - Wave 242 — characterArcPass: Act 1 relational desert, positive midpoint absent, revelation unincorporated
  ---
  duration_ms: 11.19272
  type: 'suite'
  ...
# Subtest: Wave 213 — characterArcPass: uncontested ascent, unsupported late turn, midpoint inertia (multi-signal arc dynamics)
    # Subtest: ARC_UNCONTESTED_ASCENT fires when positive movement is never contested on any axis
    ok 1 - ARC_UNCONTESTED_ASCENT fires when positive movement is never contested on any axis
      ---
      duration_ms: 1.207072
      type: 'test'
      ...
    # Subtest: ARC_UNCONTESTED_ASCENT does not fire when an emotional defeat contests the rise
    ok 2 - ARC_UNCONTESTED_ASCENT does not fire when an emotional defeat contests the rise
      ---
      duration_ms: 0.928877
      type: 'test'
      ...
    # Subtest: ARC_UNCONTESTED_ASCENT does not fire when conflict is RELATIONAL rather than emotional (power case)
    ok 3 - ARC_UNCONTESTED_ASCENT does not fire when conflict is RELATIONAL rather than emotional (power case)
      ---
      duration_ms: 1.359901
      type: 'test'
      ...
    # Subtest: ARC_LATE_TURN_UNSUPPORTED fires when a final-act swing has no causal catalyst
    ok 4 - ARC_LATE_TURN_UNSUPPORTED fires when a final-act swing has no causal catalyst
      ---
      duration_ms: 1.334124
      type: 'test'
      ...
    # Subtest: ARC_LATE_TURN_UNSUPPORTED does not fire when a revelation supports the turn
    ok 5 - ARC_LATE_TURN_UNSUPPORTED does not fire when a revelation supports the turn
      ---
      duration_ms: 1.171335
      type: 'test'
      ...
    # Subtest: ARC_LATE_TURN_UNSUPPORTED does not fire when a major RELATIONSHIP shift supports the turn (power case)
    ok 6 - ARC_LATE_TURN_UNSUPPORTED does not fire when a major RELATIONSHIP shift supports the turn (power case)
      ---
      duration_ms: 1.288328
      type: 'test'
      ...
    # Subtest: ARC_MIDPOINT_INERT fires when emotional velocity flatlines at the structural centre
    ok 7 - ARC_MIDPOINT_INERT fires when emotional velocity flatlines at the structural centre
      ---
      duration_ms: 1.733799
      type: 'test'
      ...
    # Subtest: ARC_MIDPOINT_INERT fires on a HELD non-neutral tone at the midpoint (power case)
    ok 8 - ARC_MIDPOINT_INERT fires on a HELD non-neutral tone at the midpoint (power case)
      ---
      duration_ms: 1.523616
      type: 'test'
      ...
    # Subtest: ARC_MIDPOINT_INERT does not fire when the midpoint registers a genuine turn
    ok 9 - ARC_MIDPOINT_INERT does not fire when the midpoint registers a genuine turn
      ---
      duration_ms: 1.21338
      type: 'test'
      ...
    1..9
ok 1192 - Wave 213 — characterArcPass: uncontested ascent, unsupported late turn, midpoint inertia (multi-signal arc dynamics)
  ---
  duration_ms: 12.395045
  type: 'suite'
  ...
# Subtest: Wave 196 — characterArcPass: opening void, catharsis absent, bookend identical
    # Subtest: ARC_OPENING_VOID fires when the first two scenes are neutral with no revelation
    ok 1 - ARC_OPENING_VOID fires when the first two scenes are neutral with no revelation
      ---
      duration_ms: 1.040211
      type: 'test'
      ...
    # Subtest: ARC_OPENING_VOID does not fire when the first scene has an emotional shift
    ok 2 - ARC_OPENING_VOID does not fire when the first scene has an emotional shift
      ---
      duration_ms: 0.863601
      type: 'test'
      ...
    # Subtest: ARC_CATHARSIS_ABSENT fires when struggle exists but no positive revelation moment
    ok 3 - ARC_CATHARSIS_ABSENT fires when struggle exists but no positive revelation moment
      ---
      duration_ms: 1.102148
      type: 'test'
      ...
    # Subtest: ARC_CATHARSIS_ABSENT does not fire when a positive scene includes a revelation
    ok 4 - ARC_CATHARSIS_ABSENT does not fire when a positive scene includes a revelation
      ---
      duration_ms: 1.906382
      type: 'test'
      ...
    # Subtest: ARC_BOOKEND_IDENTICAL fires when first and final scene share the same non-neutral tone
    ok 5 - ARC_BOOKEND_IDENTICAL fires when first and final scene share the same non-neutral tone
      ---
      duration_ms: 0.751218
      type: 'test'
      ...
    # Subtest: ARC_BOOKEND_IDENTICAL does not fire when first and final scenes differ emotionally
    ok 6 - ARC_BOOKEND_IDENTICAL does not fire when first and final scenes differ emotionally
      ---
      duration_ms: 0.62718
      type: 'test'
      ...
    1..6
ok 1193 - Wave 196 — characterArcPass: opening void, catharsis absent, bookend identical
  ---
  duration_ms: 6.646278
  type: 'suite'
  ...
# Subtest: Wave 138 — characterArcPass: relational arc tracking
    # Subtest: CHARACTER_ARC_PROTAGONIST_PASSIVE fires when protagonist has no relationship shift
    ok 1 - CHARACTER_ARC_PROTAGONIST_PASSIVE fires when protagonist has no relationship shift
      ---
      duration_ms: 2.630395
      type: 'test'
      ...
    # Subtest: CHARACTER_ARC_PROTAGONIST_PASSIVE does NOT fire when protagonist has a relationship shift
    ok 2 - CHARACTER_ARC_PROTAGONIST_PASSIVE does NOT fire when protagonist has a relationship shift
      ---
      duration_ms: 1.571936
      type: 'test'
      ...
    # Subtest: CHARACTER_ARC_RELATIONAL_STASIS fires for secondary character with no relational movement
    ok 3 - CHARACTER_ARC_RELATIONAL_STASIS fires for secondary character with no relational movement
      ---
      duration_ms: 1.215265
      type: 'test'
      ...
    1..3
ok 1194 - Wave 138 — characterArcPass: relational arc tracking
  ---
  duration_ms: 5.619385
  type: 'suite'
  ...
# Subtest: confidence: legacy-exact regression (inert by default)
    # Subtest: weightedIssues with no options == 4·crit + 1.5·major + 0.5·minor exactly
    ok 1 - weightedIssues with no options == 4·crit + 1.5·major + 0.5·minor exactly
      ---
      duration_ms: 1.130527
      type: 'test'
      ...
    # Subtest: tier fields present but tierAware omitted ⇒ still legacy-exact
    ok 2 - tier fields present but tierAware omitted ⇒ still legacy-exact
      ---
      duration_ms: 0.289867
      type: 'test'
      ...
    # Subtest: SEVERITY_WEIGHT matches doctor.ts constants exactly
    ok 3 - SEVERITY_WEIGHT matches doctor.ts constants exactly
      ---
      duration_ms: 1.006063
      type: 'test'
      ...
    1..3
ok 1195 - confidence: legacy-exact regression (inert by default)
  ---
  duration_ms: 3.668549
  type: 'suite'
  ...
# Subtest: confidence: heuristic-cannot-hard-block invariant (D.3)
    # Subtest: FIRE: heuristic + critical is illegal
    ok 1 - FIRE: heuristic + critical is illegal
      ---
      duration_ms: 0.834144
      type: 'test'
      ...
    # Subtest: NO-FIRE: structured/deterministic + critical is legal
    ok 2 - NO-FIRE: structured/deterministic + critical is legal
      ---
      duration_ms: 0.289545
      type: 'test'
      ...
    # Subtest: NO-FIRE: heuristic + major/minor is legal; missing determinism never guarded
    ok 3 - NO-FIRE: heuristic + major/minor is legal; missing determinism never guarded
      ---
      duration_ms: 0.21029
      type: 'test'
      ...
    # Subtest: gateForDeterminism: only structured/deterministic may hard-block
    ok 4 - gateForDeterminism: only structured/deterministic may hard-block
      ---
      duration_ms: 0.363479
      type: 'test'
      ...
    1..4
ok 1196 - confidence: heuristic-cannot-hard-block invariant (D.3)
  ---
  duration_ms: 2.361623
  type: 'suite'
  ...
# Subtest: confidence: determinism classifier
    # Subtest: §5.2 named offenders are heuristic
    ok 1 - §5.2 named offenders are heuristic
      ---
      duration_ms: 0.471839
      type: 'test'
      ...
    # Subtest: lexical-flood family is heuristic by morphology
    ok 2 - lexical-flood family is heuristic by morphology
      ---
      duration_ms: 0.790907
      type: 'test'
      ...
    # Subtest: unknown/structural rules default to structured_only (full weight, conservative)
    ok 3 - unknown/structural rules default to structured_only (full weight, conservative)
      ---
      duration_ms: 0.345379
      type: 'test'
      ...
    # Subtest: defaultTierFor maps determinism → tier
    ok 4 - defaultTierFor maps determinism → tier
      ---
      duration_ms: 0.162908
      type: 'test'
      ...
    1..4
ok 1197 - confidence: determinism classifier
  ---
  duration_ms: 6.338448
  type: 'suite'
  ...
# Subtest: confidence: tier-aware weighting discounts low-confidence findings
    # Subtest: tierMultiplier: absent ⇒ 1.0; pattern_to_watch < worth_a_look < strong_evidence
    ok 1 - tierMultiplier: absent ⇒ 1.0; pattern_to_watch < worth_a_look < strong_evidence
      ---
      duration_ms: 0.314751
      type: 'test'
      ...
    # Subtest: a wall of heuristic style-minors weighs far less than the same count of structured minors
    ok 2 - a wall of heuristic style-minors weighs far less than the same count of structured minors
      ---
      duration_ms: 0.319631
      type: 'test'
      ...
    # Subtest: explicit confidenceTier overrides the determinism-derived default
    ok 3 - explicit confidenceTier overrides the determinism-derived default
      ---
      duration_ms: 0.12297
      type: 'test'
      ...
    1..3
ok 1198 - confidence: tier-aware weighting discounts low-confidence findings
  ---
  duration_ms: 0.906079
  type: 'suite'
  ...
# {"time":"2026-08-05T02:28:50.383Z","level":"warn","msg":"collab_secret_generated","message":"COLLAB_SECRET not set — generated an ephemeral per-process secret. Set COLLAB_SECRET in any multi-process or restart-prone deployment."}
# {"time":"2026-08-05T02:28:50.436Z","level":"warn","msg":"revision_rewrite_failed","passName":"conflict","message":"Gemini provider not available (GEMINI_API_KEY not set)"}
# {"time":"2026-08-05T02:28:50.441Z","level":"warn","msg":"revision_rewrite_failed","passName":"conflict","message":"Gemini provider not available (GEMINI_API_KEY not set)"}
# {"time":"2026-08-05T02:28:50.443Z","level":"warn","msg":"revision_rewrite_failed","passName":"conflict","message":"Gemini provider not available (GEMINI_API_KEY not set)"}
# {"time":"2026-08-05T02:28:50.444Z","level":"warn","msg":"revision_rewrite_failed","passName":"conflict","message":"Gemini provider not available (GEMINI_API_KEY not set)"}
# {"time":"2026-08-05T02:28:50.445Z","level":"warn","msg":"revision_rewrite_failed","passName":"conflict","message":"Gemini provider not available (GEMINI_API_KEY not set)"}
# {"time":"2026-08-05T02:28:50.451Z","level":"warn","msg":"revision_rewrite_failed","passName":"conflict","message":"Gemini provider not available (GEMINI_API_KEY not set)"}
# {"time":"2026-08-05T02:28:50.453Z","level":"warn","msg":"revision_rewrite_failed","passName":"conflict","message":"Gemini provider not available (GEMINI_API_KEY not set)"}
# {"time":"2026-08-05T02:28:50.454Z","level":"warn","msg":"revision_rewrite_failed","passName":"conflict","message":"Gemini provider not available (GEMINI_API_KEY not set)"}
# {"time":"2026-08-05T02:28:50.456Z","level":"warn","msg":"revision_rewrite_failed","passName":"conflict","message":"Gemini provider not available (GEMINI_API_KEY not set)"}
# {"time":"2026-08-05T02:28:50.459Z","level":"warn","msg":"revision_rewrite_failed","passName":"conflict","message":"Gemini provider not available (GEMINI_API_KEY not set)"}
# {"time":"2026-08-05T02:28:50.461Z","level":"warn","msg":"revision_rewrite_failed","passName":"conflict","message":"Gemini provider not available (GEMINI_API_KEY not set)"}
# {"time":"2026-08-05T02:28:50.464Z","level":"warn","msg":"revision_rewrite_failed","passName":"conflict","message":"Gemini provider not available (GEMINI_API_KEY not set)"}
# {"time":"2026-08-05T02:28:50.465Z","level":"warn","msg":"revision_rewrite_failed","passName":"conflict","message":"Gemini provider not available (GEMINI_API_KEY not set)"}
# {"time":"2026-08-05T02:28:50.467Z","level":"warn","msg":"revision_rewrite_failed","passName":"conflict","message":"Gemini provider not available (GEMINI_API_KEY not set)"}
# {"time":"2026-08-05T02:28:50.469Z","level":"warn","msg":"revision_rewrite_failed","passName":"conflict","message":"Gemini provider not available (GEMINI_API_KEY not set)"}
# {"time":"2026-08-05T02:28:50.470Z","level":"warn","msg":"revision_rewrite_failed","passName":"conflict","message":"Gemini provider not available (GEMINI_API_KEY not set)"}
# {"time":"2026-08-05T02:28:50.471Z","level":"warn","msg":"revision_rewrite_failed","passName":"conflict","message":"Gemini provider not available (GEMINI_API_KEY not set)"}
# {"time":"2026-08-05T02:28:50.472Z","level":"warn","msg":"revision_rewrite_failed","passName":"conflict","message":"Gemini provider not available (GEMINI_API_KEY not set)"}
# {"time":"2026-08-05T02:28:50.473Z","level":"warn","msg":"revision_rewrite_failed","passName":"conflict","message":"Gemini provider not available (GEMINI_API_KEY not set)"}
# {"time":"2026-08-05T02:28:50.475Z","level":"warn","msg":"revision_rewrite_failed","passName":"conflict","message":"Gemini provider not available (GEMINI_API_KEY not set)"}
# {"time":"2026-08-05T02:28:50.477Z","level":"warn","msg":"revision_rewrite_failed","passName":"conflict","message":"Gemini provider not available (GEMINI_API_KEY not set)"}
# {"time":"2026-08-05T02:28:50.478Z","level":"warn","msg":"revision_rewrite_failed","passName":"conflict","message":"Gemini provider not available (GEMINI_API_KEY not set)"}
# {"time":"2026-08-05T02:28:50.479Z","level":"warn","msg":"revision_rewrite_failed","passName":"conflict","message":"Gemini provider not available (GEMINI_API_KEY not set)"}
# {"time":"2026-08-05T02:28:50.482Z","level":"warn","msg":"revision_rewrite_failed","passName":"conflict","message":"Gemini provider not available (GEMINI_API_KEY not set)"}
# {"time":"2026-08-05T02:28:50.483Z","level":"warn","msg":"revision_rewrite_failed","passName":"conflict","message":"Gemini provider not available (GEMINI_API_KEY not set)"}
# {"time":"2026-08-05T02:28:50.485Z","level":"warn","msg":"revision_rewrite_failed","passName":"conflict","message":"Gemini provider not available (GEMINI_API_KEY not set)"}
# {"time":"2026-08-05T02:28:50.502Z","level":"warn","msg":"revision_rewrite_failed","passName":"conflict","message":"Gemini provider not available (GEMINI_API_KEY not set)"}
# {"time":"2026-08-05T02:28:50.505Z","level":"warn","msg":"revision_rewrite_failed","passName":"conflict","message":"Gemini provider not available (GEMINI_API_KEY not set)"}
# {"time":"2026-08-05T02:28:50.506Z","level":"warn","msg":"revision_rewrite_failed","passName":"conflict","message":"Gemini provider not available (GEMINI_API_KEY not set)"}
# {"time":"2026-08-05T02:28:50.507Z","level":"warn","msg":"revision_rewrite_failed","passName":"conflict","message":"Gemini provider not available (GEMINI_API_KEY not set)"}
# {"time":"2026-08-05T02:28:50.509Z","level":"warn","msg":"revision_rewrite_failed","passName":"conflict","message":"Gemini provider not available (GEMINI_API_KEY not set)"}
# {"time":"2026-08-05T02:28:50.510Z","level":"warn","msg":"revision_rewrite_failed","passName":"conflict","message":"Gemini provider not available (GEMINI_API_KEY not set)"}
# {"time":"2026-08-05T02:28:50.511Z","level":"warn","msg":"revision_rewrite_failed","passName":"conflict","message":"Gemini provider not available (GEMINI_API_KEY not set)"}
# {"time":"2026-08-05T02:28:50.513Z","level":"warn","msg":"revision_rewrite_failed","passName":"conflict","message":"Gemini provider not available (GEMINI_API_KEY not set)"}
# {"time":"2026-08-05T02:28:50.515Z","level":"warn","msg":"revision_rewrite_failed","passName":"conflict","message":"Gemini provider not available (GEMINI_API_KEY not set)"}
# {"time":"2026-08-05T02:28:50.517Z","level":"warn","msg":"revision_rewrite_failed","passName":"conflict","message":"Gemini provider not available (GEMINI_API_KEY not set)"}
# {"time":"2026-08-05T02:28:50.520Z","level":"warn","msg":"revision_rewrite_failed","passName":"conflict","message":"Gemini provider not available (GEMINI_API_KEY not set)"}
# {"time":"2026-08-05T02:28:50.522Z","level":"warn","msg":"revision_rewrite_failed","passName":"conflict","message":"Gemini provider not available (GEMINI_API_KEY not set)"}
# {"time":"2026-08-05T02:28:50.523Z","level":"warn","msg":"revision_rewrite_failed","passName":"conflict","message":"Gemini provider not available (GEMINI_API_KEY not set)"}
# {"time":"2026-08-05T02:28:50.525Z","level":"warn","msg":"revision_rewrite_failed","passName":"conflict","message":"Gemini provider not available (GEMINI_API_KEY not set)"}
# {"time":"2026-08-05T02:28:50.526Z","level":"warn","msg":"revision_rewrite_failed","passName":"conflict","message":"Gemini provider not available (GEMINI_API_KEY not set)"}
# {"time":"2026-08-05T02:28:50.527Z","level":"warn","msg":"revision_rewrite_failed","passName":"conflict","message":"Gemini provider not available (GEMINI_API_KEY not set)"}
# {"time":"2026-08-05T02:28:50.529Z","level":"warn","msg":"revision_rewrite_failed","passName":"conflict","message":"Gemini provider not available (GEMINI_API_KEY not set)"}
# {"time":"2026-08-05T02:28:50.530Z","level":"warn","msg":"revision_rewrite_failed","passName":"conflict","message":"Gemini provider not available (GEMINI_API_KEY not set)"}
# {"time":"2026-08-05T02:28:50.531Z","level":"warn","msg":"revision_rewrite_failed","passName":"conflict","message":"Gemini provider not available (GEMINI_API_KEY not set)"}
# {"time":"2026-08-05T02:28:50.533Z","level":"warn","msg":"revision_rewrite_failed","passName":"conflict","message":"Gemini provider not available (GEMINI_API_KEY not set)"}
# {"time":"2026-08-05T02:28:50.534Z","level":"warn","msg":"revision_rewrite_failed","passName":"conflict","message":"Gemini provider not available (GEMINI_API_KEY not set)"}
# {"time":"2026-08-05T02:28:50.534Z","level":"warn","msg":"revision_rewrite_failed","passName":"conflict","message":"Gemini provider not available (GEMINI_API_KEY not set)"}
# {"time":"2026-08-05T02:28:50.535Z","level":"warn","msg":"revision_rewrite_failed","passName":"conflict","message":"Gemini provider not available (GEMINI_API_KEY not set)"}
# {"time":"2026-08-05T02:28:50.536Z","level":"warn","msg":"revision_rewrite_failed","passName":"conflict","message":"Gemini provider not available (GEMINI_API_KEY not set)"}
# {"time":"2026-08-05T02:28:50.537Z","level":"warn","msg":"revision_rewrite_failed","passName":"conflict","message":"Gemini provider not available (GEMINI_API_KEY not set)"}
# {"time":"2026-08-05T02:28:50.539Z","level":"warn","msg":"revision_rewrite_failed","passName":"conflict","message":"Gemini provider not available (GEMINI_API_KEY not set)"}
# {"time":"2026-08-05T02:28:50.540Z","level":"warn","msg":"revision_rewrite_failed","passName":"conflict","message":"Gemini provider not available (GEMINI_API_KEY not set)"}
# {"time":"2026-08-05T02:28:50.541Z","level":"warn","msg":"revision_rewrite_failed","passName":"conflict","message":"Gemini provider not available (GEMINI_API_KEY not set)"}
# {"time":"2026-08-05T02:28:50.542Z","level":"warn","msg":"revision_rewrite_failed","passName":"conflict","message":"Gemini provider not available (GEMINI_API_KEY not set)"}
# {"time":"2026-08-05T02:28:50.544Z","level":"warn","msg":"revision_rewrite_failed","passName":"conflict","message":"Gemini provider not available (GEMINI_API_KEY not set)"}
# {"time":"2026-08-05T02:28:50.545Z","level":"warn","msg":"revision_rewrite_failed","passName":"conflict","message":"Gemini provider not available (GEMINI_API_KEY not set)"}
# {"time":"2026-08-05T02:28:50.546Z","level":"warn","msg":"revision_rewrite_failed","passName":"conflict","message":"Gemini provider not available (GEMINI_API_KEY not set)"}
# {"time":"2026-08-05T02:28:50.547Z","level":"warn","msg":"revision_rewrite_failed","passName":"conflict","message":"Gemini provider not available (GEMINI_API_KEY not set)"}
# {"time":"2026-08-05T02:28:50.549Z","level":"warn","msg":"revision_rewrite_failed","passName":"conflict","message":"Gemini provider not available (GEMINI_API_KEY not set)"}
# {"time":"2026-08-05T02:28:50.550Z","level":"warn","msg":"revision_rewrite_failed","passName":"conflict","message":"Gemini provider not available (GEMINI_API_KEY not set)"}
# {"time":"2026-08-05T02:28:50.551Z","level":"warn","msg":"revision_rewrite_failed","passName":"conflict","message":"Gemini provider not available (GEMINI_API_KEY not set)"}
# {"time":"2026-08-05T02:28:50.552Z","level":"warn","msg":"revision_rewrite_failed","passName":"conflict","message":"Gemini provider not available (GEMINI_API_KEY not set)"}
# {"time":"2026-08-05T02:28:50.554Z","level":"warn","msg":"revision_rewrite_failed","passName":"conflict","message":"Gemini provider not available (GEMINI_API_KEY not set)"}
# {"time":"2026-08-05T02:28:50.555Z","level":"warn","msg":"revision_rewrite_failed","passName":"conflict","message":"Gemini provider not available (GEMINI_API_KEY not set)"}
# {"time":"2026-08-05T02:28:50.555Z","level":"warn","msg":"revision_rewrite_failed","passName":"conflict","message":"Gemini provider not available (GEMINI_API_KEY not set)"}
# {"time":"2026-08-05T02:28:50.556Z","level":"warn","msg":"revision_rewrite_failed","passName":"conflict","message":"Gemini provider not available (GEMINI_API_KEY not set)"}
# {"time":"2026-08-05T02:28:50.557Z","level":"warn","msg":"revision_rewrite_failed","passName":"conflict","message":"Gemini provider not available (GEMINI_API_KEY not set)"}
# {"time":"2026-08-05T02:28:50.558Z","level":"warn","msg":"revision_rewrite_failed","passName":"conflict","message":"Gemini provider not available (GEMINI_API_KEY not set)"}
# {"time":"2026-08-05T02:28:50.560Z","level":"warn","msg":"revision_rewrite_failed","passName":"conflict","message":"Gemini provider not available (GEMINI_API_KEY not set)"}
# {"time":"2026-08-05T02:28:50.561Z","level":"warn","msg":"revision_rewrite_failed","passName":"conflict","message":"Gemini provider not available (GEMINI_API_KEY not set)"}
# {"time":"2026-08-05T02:28:50.562Z","level":"warn","msg":"revision_rewrite_failed","passName":"conflict","message":"Gemini provider not available (GEMINI_API_KEY not set)"}
# {"time":"2026-08-05T02:28:50.563Z","level":"warn","msg":"revision_rewrite_failed","passName":"conflict","message":"Gemini provider not available (GEMINI_API_KEY not set)"}
# {"time":"2026-08-05T02:28:50.564Z","level":"warn","msg":"revision_rewrite_failed","passName":"conflict","message":"Gemini provider not available (GEMINI_API_KEY not set)"}
# {"time":"2026-08-05T02:28:50.565Z","level":"warn","msg":"revision_rewrite_failed","passName":"conflict","message":"Gemini provider not available (GEMINI_API_KEY not set)"}
# {"time":"2026-08-05T02:28:50.566Z","level":"warn","msg":"revision_rewrite_failed","passName":"conflict","message":"Gemini provider not available (GEMINI_API_KEY not set)"}
# {"time":"2026-08-05T02:28:50.567Z","level":"warn","msg":"revision_rewrite_failed","passName":"conflict","message":"Gemini provider not available (GEMINI_API_KEY not set)"}
# {"time":"2026-08-05T02:28:50.568Z","level":"warn","msg":"revision_rewrite_failed","passName":"conflict","message":"Gemini provider not available (GEMINI_API_KEY not set)"}
# {"time":"2026-08-05T02:28:50.581Z","level":"warn","msg":"revision_rewrite_failed","passName":"conflict","message":"Gemini provider not available (GEMINI_API_KEY not set)"}
# {"time":"2026-08-05T02:28:50.582Z","level":"warn","msg":"revision_rewrite_failed","passName":"conflict","message":"Gemini provider not available (GEMINI_API_KEY not set)"}
# {"time":"2026-08-05T02:28:50.583Z","level":"warn","msg":"revision_rewrite_failed","passName":"conflict","message":"Gemini provider not available (GEMINI_API_KEY not set)"}
# {"time":"2026-08-05T02:28:50.585Z","level":"warn","msg":"revision_rewrite_failed","passName":"conflict","message":"Gemini provider not available (GEMINI_API_KEY not set)"}
# {"time":"2026-08-05T02:28:50.586Z","level":"warn","msg":"revision_rewrite_failed","passName":"conflict","message":"Gemini provider not available (GEMINI_API_KEY not set)"}
# {"time":"2026-08-05T02:28:50.587Z","level":"warn","msg":"revision_rewrite_failed","passName":"conflict","message":"Gemini provider not available (GEMINI_API_KEY not set)"}
# {"time":"2026-08-05T02:28:50.589Z","level":"warn","msg":"revision_rewrite_failed","passName":"conflict","message":"Gemini provider not available (GEMINI_API_KEY not set)"}
# {"time":"2026-08-05T02:28:50.590Z","level":"warn","msg":"revision_rewrite_failed","passName":"conflict","message":"Gemini provider not available (GEMINI_API_KEY not set)"}
# {"time":"2026-08-05T02:28:50.591Z","level":"warn","msg":"revision_rewrite_failed","passName":"conflict","message":"Gemini provider not available (GEMINI_API_KEY not set)"}
# {"time":"2026-08-05T02:28:50.593Z","level":"warn","msg":"revision_rewrite_failed","passName":"conflict","message":"Gemini provider not available (GEMINI_API_KEY not set)"}
# {"time":"2026-08-05T02:28:50.594Z","level":"warn","msg":"revision_rewrite_failed","passName":"conflict","message":"Gemini provider not available (GEMINI_API_KEY not set)"}
# {"time":"2026-08-05T02:28:50.595Z","level":"warn","msg":"revision_rewrite_failed","passName":"conflict","message":"Gemini provider not available (GEMINI_API_KEY not set)"}
# {"time":"2026-08-05T02:28:50.596Z","level":"warn","msg":"revision_rewrite_failed","passName":"conflict","message":"Gemini provider not available (GEMINI_API_KEY not set)"}
# {"time":"2026-08-05T02:28:50.598Z","level":"warn","msg":"revision_rewrite_failed","passName":"conflict","message":"Gemini provider not available (GEMINI_API_KEY not set)"}
# {"time":"2026-08-05T02:28:50.600Z","level":"warn","msg":"revision_rewrite_failed","passName":"conflict","message":"Gemini provider not available (GEMINI_API_KEY not set)"}
# {"time":"2026-08-05T02:28:50.601Z","level":"warn","msg":"revision_rewrite_failed","passName":"conflict","message":"Gemini provider not available (GEMINI_API_KEY not set)"}
# {"time":"2026-08-05T02:28:50.603Z","level":"warn","msg":"revision_rewrite_failed","passName":"conflict","message":"Gemini provider not available (GEMINI_API_KEY not set)"}
# {"time":"2026-08-05T02:28:50.604Z","level":"warn","msg":"revision_rewrite_failed","passName":"conflict","message":"Gemini provider not available (GEMINI_API_KEY not set)"}
# {"time":"2026-08-05T02:28:50.605Z","level":"warn","msg":"revision_rewrite_failed","passName":"conflict","message":"Gemini provider not available (GEMINI_API_KEY not set)"}
# {"time":"2026-08-05T02:28:50.606Z","level":"warn","msg":"revision_rewrite_failed","passName":"conflict","message":"Gemini provider not available (GEMINI_API_KEY not set)"}
# {"time":"2026-08-05T02:28:50.608Z","level":"warn","msg":"revision_rewrite_failed","passName":"conflict","message":"Gemini provider not available (GEMINI_API_KEY not set)"}
# {"time":"2026-08-05T02:28:50.609Z","level":"warn","msg":"revision_rewrite_failed","passName":"conflict","message":"Gemini provider not available (GEMINI_API_KEY not set)"}
# {"time":"2026-08-05T02:28:50.611Z","level":"warn","msg":"revision_rewrite_failed","passName":"conflict","message":"Gemini provider not available (GEMINI_API_KEY not set)"}
# {"time":"2026-08-05T02:28:50.612Z","level":"warn","msg":"revision_rewrite_failed","passName":"conflict","message":"Gemini provider not available (GEMINI_API_KEY not set)"}
# {"time":"2026-08-05T02:28:50.613Z","level":"warn","msg":"revision_rewrite_failed","passName":"conflict","message":"Gemini provider not available (GEMINI_API_KEY not set)"}
# {"time":"2026-08-05T02:28:50.614Z","level":"warn","msg":"revision_rewrite_failed","passName":"conflict","message":"Gemini provider not available (GEMINI_API_KEY not set)"}
# {"time":"2026-08-05T02:28:50.615Z","level":"warn","msg":"revision_rewrite_failed","passName":"conflict","message":"Gemini provider not available (GEMINI_API_KEY not set)"}
# {"time":"2026-08-05T02:28:50.616Z","level":"warn","msg":"revision_rewrite_failed","passName":"conflict","message":"Gemini provider not available (GEMINI_API_KEY not set)"}
# {"time":"2026-08-05T02:28:50.617Z","level":"warn","msg":"revision_rewrite_failed","passName":"conflict","message":"Gemini provider not available (GEMINI_API_KEY not set)"}
# {"time":"2026-08-05T02:28:50.618Z","level":"warn","msg":"revision_rewrite_failed","passName":"conflict","message":"Gemini provider not available (GEMINI_API_KEY not set)"}
# {"time":"2026-08-05T02:28:50.619Z","level":"warn","msg":"revision_rewrite_failed","passName":"conflict","message":"Gemini provider not available (GEMINI_API_KEY not set)"}
# {"time":"2026-08-05T02:28:50.620Z","level":"warn","msg":"revision_rewrite_failed","passName":"conflict","message":"Gemini provider not available (GEMINI_API_KEY not set)"}
# {"time":"2026-08-05T02:28:50.621Z","level":"warn","msg":"revision_rewrite_failed","passName":"conflict","message":"Gemini provider not available (GEMINI_API_KEY not set)"}
# {"time":"2026-08-05T02:28:50.623Z","level":"warn","msg":"revision_rewrite_failed","passName":"conflict","message":"Gemini provider not available (GEMINI_API_KEY not set)"}
# {"time":"2026-08-05T02:28:50.624Z","level":"warn","msg":"revision_rewrite_failed","passName":"conflict","message":"Gemini provider not available (GEMINI_API_KEY not set)"}
# {"time":"2026-08-05T02:28:50.625Z","level":"warn","msg":"revision_rewrite_failed","passName":"conflict","message":"Gemini provider not available (GEMINI_API_KEY not set)"}
# {"time":"2026-08-05T02:28:50.626Z","level":"warn","msg":"revision_rewrite_failed","passName":"conflict","message":"Gemini provider not available (GEMINI_API_KEY not set)"}
# {"time":"2026-08-05T02:28:50.627Z","level":"warn","msg":"revision_rewrite_failed","passName":"conflict","message":"Gemini provider not available (GEMINI_API_KEY not set)"}
# {"time":"2026-08-05T02:28:50.628Z","level":"warn","msg":"revision_rewrite_failed","passName":"conflict","message":"Gemini provider not available (GEMINI_API_KEY not set)"}
# {"time":"2026-08-05T02:28:50.629Z","level":"warn","msg":"revision_rewrite_failed","passName":"conflict","message":"Gemini provider not available (GEMINI_API_KEY not set)"}
# {"time":"2026-08-05T02:28:50.630Z","level":"warn","msg":"revision_rewrite_failed","passName":"conflict","message":"Gemini provider not available (GEMINI_API_KEY not set)"}
# {"time":"2026-08-05T02:28:50.631Z","level":"warn","msg":"revision_rewrite_failed","passName":"conflict","message":"Gemini provider not available (GEMINI_API_KEY not set)"}
# {"time":"2026-08-05T02:28:50.632Z","level":"warn","msg":"revision_rewrite_failed","passName":"conflict","message":"Gemini provider not available (GEMINI_API_KEY not set)"}
# {"time":"2026-08-05T02:28:50.633Z","level":"warn","msg":"revision_rewrite_failed","passName":"conflict","message":"Gemini provider not available (GEMINI_API_KEY not set)"}
# {"time":"2026-08-05T02:28:50.634Z","level":"warn","msg":"revision_rewrite_failed","passName":"conflict","message":"Gemini provider not available (GEMINI_API_KEY not set)"}
# {"time":"2026-08-05T02:28:50.635Z","level":"warn","msg":"revision_rewrite_failed","passName":"conflict","message":"Gemini provider not available (GEMINI_API_KEY not set)"}
# {"time":"2026-08-05T02:28:50.636Z","level":"warn","msg":"revision_rewrite_failed","passName":"conflict","message":"Gemini provider not available (GEMINI_API_KEY not set)"}
# {"time":"2026-08-05T02:28:50.637Z","level":"warn","msg":"revision_rewrite_failed","passName":"conflict","message":"Gemini provider not available (GEMINI_API_KEY not set)"}
# {"time":"2026-08-05T02:28:50.638Z","level":"warn","msg":"revision_rewrite_failed","passName":"conflict","message":"Gemini provider not available (GEMINI_API_KEY not set)"}
# {"time":"2026-08-05T02:28:50.640Z","level":"warn","msg":"revision_rewrite_failed","passName":"conflict","message":"Gemini provider not available (GEMINI_API_KEY not set)"}
# {"time":"2026-08-05T02:28:50.641Z","level":"warn","msg":"revision_rewrite_failed","passName":"conflict","message":"Gemini provider not available (GEMINI_API_KEY not set)"}
# {"time":"2026-08-05T02:28:50.642Z","level":"warn","msg":"revision_rewrite_failed","passName":"conflict","message":"Gemini provider not available (GEMINI_API_KEY not set)"}
# {"time":"2026-08-05T02:28:50.643Z","level":"warn","msg":"revision_rewrite_failed","passName":"conflict","message":"Gemini provider not available (GEMINI_API_KEY not set)"}
# {"time":"2026-08-05T02:28:50.644Z","level":"warn","msg":"revision_rewrite_failed","passName":"conflict","message":"Gemini provider not available (GEMINI_API_KEY not set)"}
# {"time":"2026-08-05T02:28:50.645Z","level":"warn","msg":"revision_rewrite_failed","passName":"conflict","message":"Gemini provider not available (GEMINI_API_KEY not set)"}
# {"time":"2026-08-05T02:28:50.646Z","level":"warn","msg":"revision_rewrite_failed","passName":"conflict","message":"Gemini provider not available (GEMINI_API_KEY not set)"}
# {"time":"2026-08-05T02:28:50.647Z","level":"warn","msg":"revision_rewrite_failed","passName":"conflict","message":"Gemini provider not available (GEMINI_API_KEY not set)"}
# {"time":"2026-08-05T02:28:50.648Z","level":"warn","msg":"revision_rewrite_failed","passName":"conflict","message":"Gemini provider not available (GEMINI_API_KEY not set)"}
# {"time":"2026-08-05T02:28:50.649Z","level":"warn","msg":"revision_rewrite_failed","passName":"conflict","message":"Gemini provider not available (GEMINI_API_KEY not set)"}
# {"time":"2026-08-05T02:28:50.650Z","level":"warn","msg":"revision_rewrite_failed","passName":"conflict","message":"Gemini provider not available (GEMINI_API_KEY not set)"}
# {"time":"2026-08-05T02:28:50.651Z","level":"warn","msg":"revision_rewrite_failed","passName":"conflict","message":"Gemini provider not available (GEMINI_API_KEY not set)"}
# {"time":"2026-08-05T02:28:50.652Z","level":"warn","msg":"revision_rewrite_failed","passName":"conflict","message":"Gemini provider not available (GEMINI_API_KEY not set)"}
# {"time":"2026-08-05T02:28:50.653Z","level":"warn","msg":"revision_rewrite_failed","passName":"conflict","message":"Gemini provider not available (GEMINI_API_KEY not set)"}
# {"time":"2026-08-05T02:28:50.654Z","level":"warn","msg":"revision_rewrite_failed","passName":"conflict","message":"Gemini provider not available (GEMINI_API_KEY not set)"}
# {"time":"2026-08-05T02:28:50.655Z","level":"warn","msg":"revision_rewrite_failed","passName":"conflict","message":"Gemini provider not available (GEMINI_API_KEY not set)"}
# {"time":"2026-08-05T02:28:50.656Z","level":"warn","msg":"revision_rewrite_failed","passName":"conflict","message":"Gemini provider not available (GEMINI_API_KEY not set)"}
# {"time":"2026-08-05T02:28:50.657Z","level":"warn","msg":"revision_rewrite_failed","passName":"conflict","message":"Gemini provider not available (GEMINI_API_KEY not set)"}
# {"time":"2026-08-05T02:28:50.658Z","level":"warn","msg":"revision_rewrite_failed","passName":"conflict","message":"Gemini provider not available (GEMINI_API_KEY not set)"}
# {"time":"2026-08-05T02:28:50.659Z","level":"warn","msg":"revision_rewrite_failed","passName":"conflict","message":"Gemini provider not available (GEMINI_API_KEY not set)"}
# {"time":"2026-08-05T02:28:50.660Z","level":"warn","msg":"revision_rewrite_failed","passName":"conflict","message":"Gemini provider not available (GEMINI_API_KEY not set)"}
# {"time":"2026-08-05T02:28:50.661Z","level":"warn","msg":"revision_rewrite_failed","passName":"conflict","message":"Gemini provider not available (GEMINI_API_KEY not set)"}
# {"time":"2026-08-05T02:28:50.662Z","level":"warn","msg":"revision_rewrite_failed","passName":"conflict","message":"Gemini provider not available (GEMINI_API_KEY not set)"}
# {"time":"2026-08-05T02:28:50.673Z","level":"warn","msg":"revision_rewrite_failed","passName":"conflict","message":"Gemini provider not available (GEMINI_API_KEY not set)"}
# {"time":"2026-08-05T02:28:50.674Z","level":"warn","msg":"revision_rewrite_failed","passName":"conflict","message":"Gemini provider not available (GEMINI_API_KEY not set)"}
# {"time":"2026-08-05T02:28:50.675Z","level":"warn","msg":"revision_rewrite_failed","passName":"conflict","message":"Gemini provider not available (GEMINI_API_KEY not set)"}
# {"time":"2026-08-05T02:28:50.676Z","level":"warn","msg":"revision_rewrite_failed","passName":"conflict","message":"Gemini provider not available (GEMINI_API_KEY not set)"}
# {"time":"2026-08-05T02:28:50.677Z","level":"warn","msg":"revision_rewrite_failed","passName":"conflict","message":"Gemini provider not available (GEMINI_API_KEY not set)"}
# {"time":"2026-08-05T02:28:50.678Z","level":"warn","msg":"revision_rewrite_failed","passName":"conflict","message":"Gemini provider not available (GEMINI_API_KEY not set)"}
# {"time":"2026-08-05T02:28:50.679Z","level":"warn","msg":"revision_rewrite_failed","passName":"conflict","message":"Gemini provider not available (GEMINI_API_KEY not set)"}
# {"time":"2026-08-05T02:28:50.680Z","level":"warn","msg":"revision_rewrite_failed","passName":"conflict","message":"Gemini provider not available (GEMINI_API_KEY not set)"}
# {"time":"2026-08-05T02:28:50.681Z","level":"warn","msg":"revision_rewrite_failed","passName":"conflict","message":"Gemini provider not available (GEMINI_API_KEY not set)"}
# {"time":"2026-08-05T02:28:50.682Z","level":"warn","msg":"revision_rewrite_failed","passName":"conflict","message":"Gemini provider not available (GEMINI_API_KEY not set)"}
# {"time":"2026-08-05T02:28:50.683Z","level":"warn","msg":"revision_rewrite_failed","passName":"conflict","message":"Gemini provider not available (GEMINI_API_KEY not set)"}
# {"time":"2026-08-05T02:28:50.684Z","level":"warn","msg":"revision_rewrite_failed","passName":"conflict","message":"Gemini provider not available (GEMINI_API_KEY not set)"}
# {"time":"2026-08-05T02:28:50.685Z","level":"warn","msg":"revision_rewrite_failed","passName":"conflict","message":"Gemini provider not available (GEMINI_API_KEY not set)"}
# {"time":"2026-08-05T02:28:50.686Z","level":"warn","msg":"revision_rewrite_failed","passName":"conflict","message":"Gemini provider not available (GEMINI_API_KEY not set)"}
# {"time":"2026-08-05T02:28:50.687Z","level":"warn","msg":"revision_rewrite_failed","passName":"conflict","message":"Gemini provider not available (GEMINI_API_KEY not set)"}
# {"time":"2026-08-05T02:28:50.688Z","level":"warn","msg":"revision_rewrite_failed","passName":"conflict","message":"Gemini provider not available (GEMINI_API_KEY not set)"}
# {"time":"2026-08-05T02:28:50.689Z","level":"warn","msg":"revision_rewrite_failed","passName":"conflict","message":"Gemini provider not available (GEMINI_API_KEY not set)"}
# {"time":"2026-08-05T02:28:50.690Z","level":"warn","msg":"revision_rewrite_failed","passName":"conflict","message":"Gemini provider not available (GEMINI_API_KEY not set)"}
# {"time":"2026-08-05T02:28:50.691Z","level":"warn","msg":"revision_rewrite_failed","passName":"conflict","message":"Gemini provider not available (GEMINI_API_KEY not set)"}
# {"time":"2026-08-05T02:28:50.692Z","level":"warn","msg":"revision_rewrite_failed","passName":"conflict","message":"Gemini provider not available (GEMINI_API_KEY not set)"}
# {"time":"2026-08-05T02:28:50.693Z","level":"warn","msg":"revision_rewrite_failed","passName":"conflict","message":"Gemini provider not available (GEMINI_API_KEY not set)"}
# {"time":"2026-08-05T02:28:50.694Z","level":"warn","msg":"revision_rewrite_failed","passName":"conflict","message":"Gemini provider not available (GEMINI_API_KEY not set)"}
# {"time":"2026-08-05T02:28:50.695Z","level":"warn","msg":"revision_rewrite_failed","passName":"conflict","message":"Gemini provider not available (GEMINI_API_KEY not set)"}
# {"time":"2026-08-05T02:28:50.696Z","level":"warn","msg":"revision_rewrite_failed","passName":"conflict","message":"Gemini provider not available (GEMINI_API_KEY not set)"}
# {"time":"2026-08-05T02:28:50.697Z","level":"warn","msg":"revision_rewrite_failed","passName":"conflict","message":"Gemini provider not available (GEMINI_API_KEY not set)"}
# {"time":"2026-08-05T02:28:50.698Z","level":"warn","msg":"revision_rewrite_failed","passName":"conflict","message":"Gemini provider not available (GEMINI_API_KEY not set)"}
# {"time":"2026-08-05T02:28:50.699Z","level":"warn","msg":"revision_rewrite_failed","passName":"conflict","message":"Gemini provider not available (GEMINI_API_KEY not set)"}
# {"time":"2026-08-05T02:28:50.701Z","level":"warn","msg":"revision_rewrite_failed","passName":"conflict","message":"Gemini provider not available (GEMINI_API_KEY not set)"}
# {"time":"2026-08-05T02:28:50.701Z","level":"warn","msg":"revision_rewrite_failed","passName":"conflict","message":"Gemini provider not available (GEMINI_API_KEY not set)"}
# {"time":"2026-08-05T02:28:50.702Z","level":"warn","msg":"revision_rewrite_failed","passName":"conflict","message":"Gemini provider not available (GEMINI_API_KEY not set)"}
# {"time":"2026-08-05T02:28:50.703Z","level":"warn","msg":"revision_rewrite_failed","passName":"conflict","message":"Gemini provider not available (GEMINI_API_KEY not set)"}
# {"time":"2026-08-05T02:28:50.704Z","level":"warn","msg":"revision_rewrite_failed","passName":"conflict","message":"Gemini provider not available (GEMINI_API_KEY not set)"}
# {"time":"2026-08-05T02:28:50.705Z","level":"warn","msg":"revision_rewrite_failed","passName":"conflict","message":"Gemini provider not available (GEMINI_API_KEY not set)"}
# {"time":"2026-08-05T02:28:50.706Z","level":"warn","msg":"revision_rewrite_failed","passName":"conflict","message":"Gemini provider not available (GEMINI_API_KEY not set)"}
# {"time":"2026-08-05T02:28:50.707Z","level":"warn","msg":"revision_rewrite_failed","passName":"conflict","message":"Gemini provider not available (GEMINI_API_KEY not set)"}
# {"time":"2026-08-05T02:28:50.708Z","level":"warn","msg":"revision_rewrite_failed","passName":"conflict","message":"Gemini provider not available (GEMINI_API_KEY not set)"}
# {"time":"2026-08-05T02:28:50.709Z","level":"warn","msg":"revision_rewrite_failed","passName":"conflict","message":"Gemini provider not available (GEMINI_API_KEY not set)"}
# {"time":"2026-08-05T02:28:50.710Z","level":"warn","msg":"revision_rewrite_failed","passName":"conflict","message":"Gemini provider not available (GEMINI_API_KEY not set)"}
# {"time":"2026-08-05T02:28:50.711Z","level":"warn","msg":"revision_rewrite_failed","passName":"conflict","message":"Gemini provider not available (GEMINI_API_KEY not set)"}
# {"time":"2026-08-05T02:28:50.712Z","level":"warn","msg":"revision_rewrite_failed","passName":"conflict","message":"Gemini provider not available (GEMINI_API_KEY not set)"}
# {"time":"2026-08-05T02:28:50.713Z","level":"warn","msg":"revision_rewrite_failed","passName":"conflict","message":"Gemini provider not available (GEMINI_API_KEY not set)"}
# {"time":"2026-08-05T02:28:50.714Z","level":"warn","msg":"revision_rewrite_failed","passName":"conflict","message":"Gemini provider not available (GEMINI_API_KEY not set)"}
# {"time":"2026-08-05T02:28:50.715Z","level":"warn","msg":"revision_rewrite_failed","passName":"conflict","message":"Gemini provider not available (GEMINI_API_KEY not set)"}
# {"time":"2026-08-05T02:28:50.716Z","level":"warn","msg":"revision_rewrite_failed","passName":"conflict","message":"Gemini provider not available (GEMINI_API_KEY not set)"}
# {"time":"2026-08-05T02:28:50.717Z","level":"warn","msg":"revision_rewrite_failed","passName":"conflict","message":"Gemini provider not available (GEMINI_API_KEY not set)"}
# {"time":"2026-08-05T02:28:50.719Z","level":"warn","msg":"revision_rewrite_failed","passName":"conflict","message":"Gemini provider not available (GEMINI_API_KEY not set)"}
# {"time":"2026-08-05T02:28:50.719Z","level":"warn","msg":"revision_rewrite_failed","passName":"conflict","message":"Gemini provider not available (GEMINI_API_KEY not set)"}
# {"time":"2026-08-05T02:28:50.720Z","level":"warn","msg":"revision_rewrite_failed","passName":"conflict","message":"Gemini provider not available (GEMINI_API_KEY not set)"}
# {"time":"2026-08-05T02:28:50.721Z","level":"warn","msg":"revision_rewrite_failed","passName":"conflict","message":"Gemini provider not available (GEMINI_API_KEY not set)"}
# {"time":"2026-08-05T02:28:50.722Z","level":"warn","msg":"revision_rewrite_failed","passName":"conflict","message":"Gemini provider not available (GEMINI_API_KEY not set)"}
# {"time":"2026-08-05T02:28:50.723Z","level":"warn","msg":"revision_rewrite_failed","passName":"conflict","message":"Gemini provider not available (GEMINI_API_KEY not set)"}
# {"time":"2026-08-05T02:28:50.724Z","level":"warn","msg":"revision_rewrite_failed","passName":"conflict","message":"Gemini provider not available (GEMINI_API_KEY not set)"}
# {"time":"2026-08-05T02:28:50.725Z","level":"warn","msg":"revision_rewrite_failed","passName":"conflict","message":"Gemini provider not available (GEMINI_API_KEY not set)"}
# {"time":"2026-08-05T02:28:50.726Z","level":"warn","msg":"revision_rewrite_failed","passName":"conflict","message":"Gemini provider not available (GEMINI_API_KEY not set)"}
# {"time":"2026-08-05T02:28:50.727Z","level":"warn","msg":"revision_rewrite_failed","passName":"conflict","message":"Gemini provider not available (GEMINI_API_KEY not set)"}
# {"time":"2026-08-05T02:28:50.728Z","level":"warn","msg":"revision_rewrite_failed","passName":"conflict","message":"Gemini provider not available (GEMINI_API_KEY not set)"}
# {"time":"2026-08-05T02:28:50.729Z","level":"warn","msg":"revision_rewrite_failed","passName":"conflict","message":"Gemini provider not available (GEMINI_API_KEY not set)"}
# {"time":"2026-08-05T02:28:50.730Z","level":"warn","msg":"revision_rewrite_failed","passName":"conflict","message":"Gemini provider not available (GEMINI_API_KEY not set)"}
# {"time":"2026-08-05T02:28:50.731Z","level":"warn","msg":"revision_rewrite_failed","passName":"conflict","message":"Gemini provider not available (GEMINI_API_KEY not set)"}
# {"time":"2026-08-05T02:28:50.732Z","level":"warn","msg":"revision_rewrite_failed","passName":"conflict","message":"Gemini provider not available (GEMINI_API_KEY not set)"}
# {"time":"2026-08-05T02:28:50.733Z","level":"warn","msg":"revision_rewrite_failed","passName":"conflict","message":"Gemini provider not available (GEMINI_API_KEY not set)"}
# {"time":"2026-08-05T02:28:50.733Z","level":"warn","msg":"revision_rewrite_failed","passName":"conflict","message":"Gemini provider not available (GEMINI_API_KEY not set)"}
# {"time":"2026-08-05T02:28:50.734Z","level":"warn","msg":"revision_rewrite_failed","passName":"conflict","message":"Gemini provider not available (GEMINI_API_KEY not set)"}
# {"time":"2026-08-05T02:28:50.735Z","level":"warn","msg":"revision_rewrite_failed","passName":"conflict","message":"Gemini provider not available (GEMINI_API_KEY not set)"}
# {"time":"2026-08-05T02:28:50.736Z","level":"warn","msg":"revision_rewrite_failed","passName":"conflict","message":"Gemini provider not available (GEMINI_API_KEY not set)"}
# {"time":"2026-08-05T02:28:50.737Z","level":"warn","msg":"revision_rewrite_failed","passName":"conflict","message":"Gemini provider not available (GEMINI_API_KEY not set)"}
# {"time":"2026-08-05T02:28:50.738Z","level":"warn","msg":"revision_rewrite_failed","passName":"conflict","message":"Gemini provider not available (GEMINI_API_KEY not set)"}
# {"time":"2026-08-05T02:28:50.739Z","level":"warn","msg":"revision_rewrite_failed","passName":"conflict","message":"Gemini provider not available (GEMINI_API_KEY not set)"}
# {"time":"2026-08-05T02:28:50.740Z","level":"warn","msg":"revision_rewrite_failed","passName":"conflict","message":"Gemini provider not available (GEMINI_API_KEY not set)"}
# {"time":"2026-08-05T02:28:50.741Z","level":"warn","msg":"revision_rewrite_failed","passName":"conflict","message":"Gemini provider not available (GEMINI_API_KEY not set)"}
# {"time":"2026-08-05T02:28:50.742Z","level":"warn","msg":"revision_rewrite_failed","passName":"conflict","message":"Gemini provider not available (GEMINI_API_KEY not set)"}
# {"time":"2026-08-05T02:28:50.743Z","level":"warn","msg":"revision_rewrite_failed","passName":"conflict","message":"Gemini provider not available (GEMINI_API_KEY not set)"}
# {"time":"2026-08-05T02:28:50.744Z","level":"warn","msg":"revision_rewrite_failed","passName":"conflict","message":"Gemini provider not available (GEMINI_API_KEY not set)"}
# {"time":"2026-08-05T02:28:50.745Z","level":"warn","msg":"revision_rewrite_failed","passName":"conflict","message":"Gemini provider not available (GEMINI_API_KEY not set)"}
# {"time":"2026-08-05T02:28:50.746Z","level":"warn","msg":"revision_rewrite_failed","passName":"conflict","message":"Gemini provider not available (GEMINI_API_KEY not set)"}
# {"time":"2026-08-05T02:28:50.747Z","level":"warn","msg":"revision_rewrite_failed","passName":"conflict","message":"Gemini provider not available (GEMINI_API_KEY not set)"}
# {"time":"2026-08-05T02:28:50.747Z","level":"warn","msg":"revision_rewrite_failed","passName":"conflict","message":"Gemini provider not available (GEMINI_API_KEY not set)"}
# {"time":"2026-08-05T02:28:50.749Z","level":"warn","msg":"revision_rewrite_failed","passName":"conflict","message":"Gemini provider not available (GEMINI_API_KEY not set)"}
# {"time":"2026-08-05T02:28:50.749Z","level":"warn","msg":"revision_rewrite_failed","passName":"conflict","message":"Gemini provider not available (GEMINI_API_KEY not set)"}
# {"time":"2026-08-05T02:28:50.750Z","level":"warn","msg":"revision_rewrite_failed","passName":"conflict","message":"Gemini provider not available (GEMINI_API_KEY not set)"}
# {"time":"2026-08-05T02:28:50.755Z","level":"warn","msg":"revision_rewrite_failed","passName":"conflict","message":"Gemini provider not available (GEMINI_API_KEY not set)"}
# {"time":"2026-08-05T02:28:50.756Z","level":"warn","msg":"revision_rewrite_failed","passName":"conflict","message":"Gemini provider not available (GEMINI_API_KEY not set)"}
# {"time":"2026-08-05T02:28:50.757Z","level":"warn","msg":"revision_rewrite_failed","passName":"conflict","message":"Gemini provider not available (GEMINI_API_KEY not set)"}
# {"time":"2026-08-05T02:28:50.758Z","level":"warn","msg":"revision_rewrite_failed","passName":"conflict","message":"Gemini provider not available (GEMINI_API_KEY not set)"}
# {"time":"2026-08-05T02:28:50.759Z","level":"warn","msg":"revision_rewrite_failed","passName":"conflict","message":"Gemini provider not available (GEMINI_API_KEY not set)"}
# {"time":"2026-08-05T02:28:50.760Z","level":"warn","msg":"revision_rewrite_failed","passName":"conflict","message":"Gemini provider not available (GEMINI_API_KEY not set)"}
# {"time":"2026-08-05T02:28:50.761Z","level":"warn","msg":"revision_rewrite_failed","passName":"conflict","message":"Gemini provider not available (GEMINI_API_KEY not set)"}
# {"time":"2026-08-05T02:28:50.762Z","level":"warn","msg":"revision_rewrite_failed","passName":"conflict","message":"Gemini provider not available (GEMINI_API_KEY not set)"}
# {"time":"2026-08-05T02:28:50.763Z","level":"warn","msg":"revision_rewrite_failed","passName":"conflict","message":"Gemini provider not available (GEMINI_API_KEY not set)"}
# {"time":"2026-08-05T02:28:50.763Z","level":"warn","msg":"revision_rewrite_failed","passName":"conflict","message":"Gemini provider not available (GEMINI_API_KEY not set)"}
# {"time":"2026-08-05T02:28:50.764Z","level":"warn","msg":"revision_rewrite_failed","passName":"conflict","message":"Gemini provider not available (GEMINI_API_KEY not set)"}
# {"time":"2026-08-05T02:28:50.765Z","level":"warn","msg":"revision_rewrite_failed","passName":"conflict","message":"Gemini provider not available (GEMINI_API_KEY not set)"}
# {"time":"2026-08-05T02:28:50.766Z","level":"warn","msg":"revision_rewrite_failed","passName":"conflict","message":"Gemini provider not available (GEMINI_API_KEY not set)"}
# {"time":"2026-08-05T02:28:50.767Z","level":"warn","msg":"revision_rewrite_failed","passName":"conflict","message":"Gemini provider not available (GEMINI_API_KEY not set)"}
# {"time":"2026-08-05T02:28:50.768Z","level":"warn","msg":"revision_rewrite_failed","passName":"conflict","message":"Gemini provider not available (GEMINI_API_KEY not set)"}
# {"time":"2026-08-05T02:28:50.769Z","level":"warn","msg":"revision_rewrite_failed","passName":"conflict","message":"Gemini provider not available (GEMINI_API_KEY not set)"}
# {"time":"2026-08-05T02:28:50.770Z","level":"warn","msg":"revision_rewrite_failed","passName":"conflict","message":"Gemini provider not available (GEMINI_API_KEY not set)"}
# {"time":"2026-08-05T02:28:50.771Z","level":"warn","msg":"revision_rewrite_failed","passName":"conflict","message":"Gemini provider not available (GEMINI_API_KEY not set)"}
# {"time":"2026-08-05T02:28:50.773Z","level":"warn","msg":"revision_rewrite_failed","passName":"conflict","message":"Gemini provider not available (GEMINI_API_KEY not set)"}
# {"time":"2026-08-05T02:28:50.774Z","level":"warn","msg":"revision_rewrite_failed","passName":"conflict","message":"Gemini provider not available (GEMINI_API_KEY not set)"}
# {"time":"2026-08-05T02:28:50.775Z","level":"warn","msg":"revision_rewrite_failed","passName":"conflict","message":"Gemini provider not available (GEMINI_API_KEY not set)"}
# {"time":"2026-08-05T02:28:50.776Z","level":"warn","msg":"revision_rewrite_failed","passName":"conflict","message":"Gemini provider not available (GEMINI_API_KEY not set)"}
# {"time":"2026-08-05T02:28:50.777Z","level":"warn","msg":"revision_rewrite_failed","passName":"conflict","message":"Gemini provider not available (GEMINI_API_KEY not set)"}
# {"time":"2026-08-05T02:28:50.778Z","level":"warn","msg":"revision_rewrite_failed","passName":"conflict","message":"Gemini provider not available (GEMINI_API_KEY not set)"}
# {"time":"2026-08-05T02:28:50.779Z","level":"warn","msg":"revision_rewrite_failed","passName":"conflict","message":"Gemini provider not available (GEMINI_API_KEY not set)"}
# {"time":"2026-08-05T02:28:50.780Z","level":"warn","msg":"revision_rewrite_failed","passName":"conflict","message":"Gemini provider not available (GEMINI_API_KEY not set)"}
# {"time":"2026-08-05T02:28:50.781Z","level":"warn","msg":"revision_rewrite_failed","passName":"conflict","message":"Gemini provider not available (GEMINI_API_KEY not set)"}
# {"time":"2026-08-05T02:28:50.781Z","level":"warn","msg":"revision_rewrite_failed","passName":"conflict","message":"Gemini provider not available (GEMINI_API_KEY not set)"}
# {"time":"2026-08-05T02:28:50.782Z","level":"warn","msg":"revision_rewrite_failed","passName":"conflict","message":"Gemini provider not available (GEMINI_API_KEY not set)"}
# {"time":"2026-08-05T02:28:50.783Z","level":"warn","msg":"revision_rewrite_failed","passName":"conflict","message":"Gemini provider not available (GEMINI_API_KEY not set)"}
# {"time":"2026-08-05T02:28:50.784Z","level":"warn","msg":"revision_rewrite_failed","passName":"conflict","message":"Gemini provider not available (GEMINI_API_KEY not set)"}
# {"time":"2026-08-05T02:28:50.785Z","level":"warn","msg":"revision_rewrite_failed","passName":"conflict","message":"Gemini provider not available (GEMINI_API_KEY not set)"}
# {"time":"2026-08-05T02:28:50.786Z","level":"warn","msg":"revision_rewrite_failed","passName":"conflict","message":"Gemini provider not available (GEMINI_API_KEY not set)"}
# {"time":"2026-08-05T02:28:50.787Z","level":"warn","msg":"revision_rewrite_failed","passName":"conflict","message":"Gemini provider not available (GEMINI_API_KEY not set)"}
# {"time":"2026-08-05T02:28:50.788Z","level":"warn","msg":"revision_rewrite_failed","passName":"conflict","message":"Gemini provider not available (GEMINI_API_KEY not set)"}
# {"time":"2026-08-05T02:28:50.789Z","level":"warn","msg":"revision_rewrite_failed","passName":"conflict","message":"Gemini provider not available (GEMINI_API_KEY not set)"}
# {"time":"2026-08-05T02:28:50.790Z","level":"warn","msg":"revision_rewrite_failed","passName":"conflict","message":"Gemini provider not available (GEMINI_API_KEY not set)"}
# {"time":"2026-08-05T02:28:50.791Z","level":"warn","msg":"revision_rewrite_failed","passName":"conflict","message":"Gemini provider not available (GEMINI_API_KEY not set)"}
# {"time":"2026-08-05T02:28:50.791Z","level":"warn","msg":"revision_rewrite_failed","passName":"conflict","message":"Gemini provider not available (GEMINI_API_KEY not set)"}
# {"time":"2026-08-05T02:28:50.793Z","level":"warn","msg":"revision_rewrite_failed","passName":"conflict","message":"Gemini provider not available (GEMINI_API_KEY not set)"}
# {"time":"2026-08-05T02:28:50.793Z","level":"warn","msg":"revision_rewrite_failed","passName":"conflict","message":"Gemini provider not available (GEMINI_API_KEY not set)"}
# {"time":"2026-08-05T02:28:50.794Z","level":"warn","msg":"revision_rewrite_failed","passName":"conflict","message":"Gemini provider not available (GEMINI_API_KEY not set)"}
# {"time":"2026-08-05T02:28:50.795Z","level":"warn","msg":"revision_rewrite_failed","passName":"conflict","message":"Gemini provider not available (GEMINI_API_KEY not set)"}
# {"time":"2026-08-05T02:28:50.796Z","level":"warn","msg":"revision_rewrite_failed","passName":"conflict","message":"Gemini provider not available (GEMINI_API_KEY not set)"}
# {"time":"2026-08-05T02:28:50.797Z","level":"warn","msg":"revision_rewrite_failed","passName":"conflict","message":"Gemini provider not available (GEMINI_API_KEY not set)"}
# {"time":"2026-08-05T02:28:50.798Z","level":"warn","msg":"revision_rewrite_failed","passName":"conflict","message":"Gemini provider not available (GEMINI_API_KEY not set)"}
# {"time":"2026-08-05T02:28:50.799Z","level":"warn","msg":"revision_rewrite_failed","passName":"conflict","message":"Gemini provider not available (GEMINI_API_KEY not set)"}
# {"time":"2026-08-05T02:28:50.800Z","level":"warn","msg":"revision_rewrite_failed","passName":"conflict","message":"Gemini provider not available (GEMINI_API_KEY not set)"}
# {"time":"2026-08-05T02:28:50.801Z","level":"warn","msg":"revision_rewrite_failed","passName":"conflict","message":"Gemini provider not available (GEMINI_API_KEY not set)"}
# {"time":"2026-08-05T02:28:50.802Z","level":"warn","msg":"revision_rewrite_failed","passName":"conflict","message":"Gemini provider not available (GEMINI_API_KEY not set)"}
# {"time":"2026-08-05T02:28:50.803Z","level":"warn","msg":"revision_rewrite_failed","passName":"conflict","message":"Gemini provider not available (GEMINI_API_KEY not set)"}
# {"time":"2026-08-05T02:28:50.804Z","level":"warn","msg":"revision_rewrite_failed","passName":"conflict","message":"Gemini provider not available (GEMINI_API_KEY not set)"}
# {"time":"2026-08-05T02:28:50.805Z","level":"warn","msg":"revision_rewrite_failed","passName":"conflict","message":"Gemini provider not available (GEMINI_API_KEY not set)"}
# {"time":"2026-08-05T02:28:50.806Z","level":"warn","msg":"revision_rewrite_failed","passName":"conflict","message":"Gemini provider not available (GEMINI_API_KEY not set)"}
# {"time":"2026-08-05T02:28:50.807Z","level":"warn","msg":"revision_rewrite_failed","passName":"conflict","message":"Gemini provider not available (GEMINI_API_KEY not set)"}
# {"time":"2026-08-05T02:28:50.808Z","level":"warn","msg":"revision_rewrite_failed","passName":"conflict","message":"Gemini provider not available (GEMINI_API_KEY not set)"}
# {"time":"2026-08-05T02:28:50.809Z","level":"warn","msg":"revision_rewrite_failed","passName":"conflict","message":"Gemini provider not available (GEMINI_API_KEY not set)"}
# {"time":"2026-08-05T02:28:50.810Z","level":"warn","msg":"revision_rewrite_failed","passName":"conflict","message":"Gemini provider not available (GEMINI_API_KEY not set)"}
# {"time":"2026-08-05T02:28:50.811Z","level":"warn","msg":"revision_rewrite_failed","passName":"conflict","message":"Gemini provider not available (GEMINI_API_KEY not set)"}
# {"time":"2026-08-05T02:28:50.812Z","level":"warn","msg":"revision_rewrite_failed","passName":"conflict","message":"Gemini provider not available (GEMINI_API_KEY not set)"}
# {"time":"2026-08-05T02:28:50.813Z","level":"warn","msg":"revision_rewrite_failed","passName":"conflict","message":"Gemini provider not available (GEMINI_API_KEY not set)"}
# {"time":"2026-08-05T02:28:50.814Z","level":"warn","msg":"revision_rewrite_failed","passName":"conflict","message":"Gemini provider not available (GEMINI_API_KEY not set)"}
# {"time":"2026-08-05T02:28:50.815Z","level":"warn","msg":"revision_rewrite_failed","passName":"conflict","message":"Gemini provider not available (GEMINI_API_KEY not set)"}
# {"time":"2026-08-05T02:28:50.815Z","level":"warn","msg":"revision_rewrite_failed","passName":"conflict","message":"Gemini provider not available (GEMINI_API_KEY not set)"}
# {"time":"2026-08-05T02:28:50.816Z","level":"warn","msg":"revision_rewrite_failed","passName":"conflict","message":"Gemini provider not available (GEMINI_API_KEY not set)"}
# {"time":"2026-08-05T02:28:50.817Z","level":"warn","msg":"revision_rewrite_failed","passName":"conflict","message":"Gemini provider not available (GEMINI_API_KEY not set)"}
# {"time":"2026-08-05T02:28:50.818Z","level":"warn","msg":"revision_rewrite_failed","passName":"conflict","message":"Gemini provider not available (GEMINI_API_KEY not set)"}
# {"time":"2026-08-05T02:28:50.819Z","level":"warn","msg":"revision_rewrite_failed","passName":"conflict","message":"Gemini provider not available (GEMINI_API_KEY not set)"}
# {"time":"2026-08-05T02:28:50.820Z","level":"warn","msg":"revision_rewrite_failed","passName":"conflict","message":"Gemini provider not available (GEMINI_API_KEY not set)"}
# {"time":"2026-08-05T02:28:50.821Z","level":"warn","msg":"revision_rewrite_failed","passName":"conflict","message":"Gemini provider not available (GEMINI_API_KEY not set)"}
# {"time":"2026-08-05T02:28:50.822Z","level":"warn","msg":"revision_rewrite_failed","passName":"conflict","message":"Gemini provider not available (GEMINI_API_KEY not set)"}
# {"time":"2026-08-05T02:28:50.823Z","level":"warn","msg":"revision_rewrite_failed","passName":"conflict","message":"Gemini provider not available (GEMINI_API_KEY not set)"}
# {"time":"2026-08-05T02:28:50.824Z","level":"warn","msg":"revision_rewrite_failed","passName":"conflict","message":"Gemini provider not available (GEMINI_API_KEY not set)"}
# {"time":"2026-08-05T02:28:50.826Z","level":"warn","msg":"revision_rewrite_failed","passName":"conflict","message":"Gemini provider not available (GEMINI_API_KEY not set)"}
# {"time":"2026-08-05T02:28:50.827Z","level":"warn","msg":"revision_rewrite_failed","passName":"conflict","message":"Gemini provider not available (GEMINI_API_KEY not set)"}
# {"time":"2026-08-05T02:28:50.827Z","level":"warn","msg":"revision_rewrite_failed","passName":"conflict","message":"Gemini provider not available (GEMINI_API_KEY not set)"}
# {"time":"2026-08-05T02:28:50.828Z","level":"warn","msg":"revision_rewrite_failed","passName":"conflict","message":"Gemini provider not available (GEMINI_API_KEY not set)"}
# {"time":"2026-08-05T02:28:50.830Z","level":"warn","msg":"revision_rewrite_failed","passName":"conflict","message":"Gemini provider not available (GEMINI_API_KEY not set)"}
# {"time":"2026-08-05T02:28:50.831Z","level":"warn","msg":"revision_rewrite_failed","passName":"conflict","message":"Gemini provider not available (GEMINI_API_KEY not set)"}
# {"time":"2026-08-05T02:28:50.832Z","level":"warn","msg":"revision_rewrite_failed","passName":"conflict","message":"Gemini provider not available (GEMINI_API_KEY not set)"}
# {"time":"2026-08-05T02:28:50.833Z","level":"warn","msg":"revision_rewrite_failed","passName":"conflict","message":"Gemini provider not available (GEMINI_API_KEY not set)"}
# {"time":"2026-08-05T02:28:50.834Z","level":"warn","msg":"revision_rewrite_failed","passName":"conflict","message":"Gemini provider not available (GEMINI_API_KEY not set)"}
# {"time":"2026-08-05T02:28:50.844Z","level":"warn","msg":"revision_rewrite_failed","passName":"conflict","message":"Gemini provider not available (GEMINI_API_KEY not set)"}
# {"time":"2026-08-05T02:28:50.846Z","level":"warn","msg":"revision_rewrite_failed","passName":"conflict","message":"Gemini provider not available (GEMINI_API_KEY not set)"}
# {"time":"2026-08-05T02:28:50.848Z","level":"warn","msg":"revision_rewrite_failed","passName":"conflict","message":"Gemini provider not available (GEMINI_API_KEY not set)"}
# {"time":"2026-08-05T02:28:50.851Z","level":"warn","msg":"revision_rewrite_failed","passName":"conflict","message":"Gemini provider not available (GEMINI_API_KEY not set)"}
# {"time":"2026-08-05T02:28:50.852Z","level":"warn","msg":"revision_rewrite_failed","passName":"conflict","message":"Gemini provider not available (GEMINI_API_KEY not set)"}
# {"time":"2026-08-05T02:28:50.858Z","level":"warn","msg":"revision_rewrite_failed","passName":"conflict","message":"Gemini provider not available (GEMINI_API_KEY not set)"}
# {"time":"2026-08-05T02:28:50.860Z","level":"warn","msg":"revision_rewrite_failed","passName":"conflict","message":"Gemini provider not available (GEMINI_API_KEY not set)"}
# {"time":"2026-08-05T02:28:50.861Z","level":"warn","msg":"revision_rewrite_failed","passName":"conflict","message":"Gemini provider not available (GEMINI_API_KEY not set)"}
# {"time":"2026-08-05T02:28:50.862Z","level":"warn","msg":"revision_rewrite_failed","passName":"conflict","message":"Gemini provider not available (GEMINI_API_KEY not set)"}
# {"time":"2026-08-05T02:28:50.863Z","level":"warn","msg":"revision_rewrite_failed","passName":"conflict","message":"Gemini provider not available (GEMINI_API_KEY not set)"}
# {"time":"2026-08-05T02:28:50.864Z","level":"warn","msg":"revision_rewrite_failed","passName":"conflict","message":"Gemini provider not available (GEMINI_API_KEY not set)"}
# {"time":"2026-08-05T02:28:50.865Z","level":"warn","msg":"revision_rewrite_failed","passName":"conflict","message":"Gemini provider not available (GEMINI_API_KEY not set)"}
# {"time":"2026-08-05T02:28:50.866Z","level":"warn","msg":"revision_rewrite_failed","passName":"conflict","message":"Gemini provider not available (GEMINI_API_KEY not set)"}
# {"time":"2026-08-05T02:28:50.869Z","level":"warn","msg":"revision_rewrite_failed","passName":"conflict","message":"Gemini provider not available (GEMINI_API_KEY not set)"}
# {"time":"2026-08-05T02:28:50.871Z","level":"warn","msg":"revision_rewrite_failed","passName":"conflict","message":"Gemini provider not available (GEMINI_API_KEY not set)"}
# {"time":"2026-08-05T02:28:50.872Z","level":"warn","msg":"revision_rewrite_failed","passName":"conflict","message":"Gemini provider not available (GEMINI_API_KEY not set)"}
# {"time":"2026-08-05T02:28:50.873Z","level":"warn","msg":"revision_rewrite_failed","passName":"conflict","message":"Gemini provider not available (GEMINI_API_KEY not set)"}
# {"time":"2026-08-05T02:28:50.874Z","level":"warn","msg":"revision_rewrite_failed","passName":"conflict","message":"Gemini provider not available (GEMINI_API_KEY not set)"}
# {"time":"2026-08-05T02:28:50.875Z","level":"warn","msg":"revision_rewrite_failed","passName":"conflict","message":"Gemini provider not available (GEMINI_API_KEY not set)"}
# {"time":"2026-08-05T02:28:50.877Z","level":"warn","msg":"revision_rewrite_failed","passName":"conflict","message":"Gemini provider not available (GEMINI_API_KEY not set)"}
# {"time":"2026-08-05T02:28:50.878Z","level":"warn","msg":"revision_rewrite_failed","passName":"conflict","message":"Gemini provider not available (GEMINI_API_KEY not set)"}
# {"time":"2026-08-05T02:28:50.879Z","level":"warn","msg":"revision_rewrite_failed","passName":"conflict","message":"Gemini provider not available (GEMINI_API_KEY not set)"}
# {"time":"2026-08-05T02:28:50.880Z","level":"warn","msg":"revision_rewrite_failed","passName":"conflict","message":"Gemini provider not available (GEMINI_API_KEY not set)"}
# {"time":"2026-08-05T02:28:50.881Z","level":"warn","msg":"revision_rewrite_failed","passName":"conflict","message":"Gemini provider not available (GEMINI_API_KEY not set)"}
# {"time":"2026-08-05T02:28:50.881Z","level":"warn","msg":"revision_rewrite_failed","passName":"conflict","message":"Gemini provider not available (GEMINI_API_KEY not set)"}
# {"time":"2026-08-05T02:28:50.883Z","level":"warn","msg":"revision_rewrite_failed","passName":"conflict","message":"Gemini provider not available (GEMINI_API_KEY not set)"}
# {"time":"2026-08-05T02:28:50.884Z","level":"warn","msg":"revision_rewrite_failed","passName":"conflict","message":"Gemini provider not available (GEMINI_API_KEY not set)"}
# {"time":"2026-08-05T02:28:50.885Z","level":"warn","msg":"revision_rewrite_failed","passName":"conflict","message":"Gemini provider not available (GEMINI_API_KEY not set)"}
# {"time":"2026-08-05T02:28:50.886Z","level":"warn","msg":"revision_rewrite_failed","passName":"conflict","message":"Gemini provider not available (GEMINI_API_KEY not set)"}
# {"time":"2026-08-05T02:28:50.887Z","level":"warn","msg":"revision_rewrite_failed","passName":"conflict","message":"Gemini provider not available (GEMINI_API_KEY not set)"}
# {"time":"2026-08-05T02:28:50.888Z","level":"warn","msg":"revision_rewrite_failed","passName":"conflict","message":"Gemini provider not available (GEMINI_API_KEY not set)"}
# {"time":"2026-08-05T02:28:50.889Z","level":"warn","msg":"revision_rewrite_failed","passName":"conflict","message":"Gemini provider not available (GEMINI_API_KEY not set)"}
# {"time":"2026-08-05T02:28:50.890Z","level":"warn","msg":"revision_rewrite_failed","passName":"conflict","message":"Gemini provider not available (GEMINI_API_KEY not set)"}
# {"time":"2026-08-05T02:28:50.891Z","level":"warn","msg":"revision_rewrite_failed","passName":"conflict","message":"Gemini provider not available (GEMINI_API_KEY not set)"}
# {"time":"2026-08-05T02:28:50.892Z","level":"warn","msg":"revision_rewrite_failed","passName":"conflict","message":"Gemini provider not available (GEMINI_API_KEY not set)"}
# {"time":"2026-08-05T02:28:50.893Z","level":"warn","msg":"revision_rewrite_failed","passName":"conflict","message":"Gemini provider not available (GEMINI_API_KEY not set)"}
# {"time":"2026-08-05T02:28:50.894Z","level":"warn","msg":"revision_rewrite_failed","passName":"conflict","message":"Gemini provider not available (GEMINI_API_KEY not set)"}
# {"time":"2026-08-05T02:28:50.896Z","level":"warn","msg":"revision_rewrite_failed","passName":"conflict","message":"Gemini provider not available (GEMINI_API_KEY not set)"}
# {"time":"2026-08-05T02:28:50.897Z","level":"warn","msg":"revision_rewrite_failed","passName":"conflict","message":"Gemini provider not available (GEMINI_API_KEY not set)"}
# {"time":"2026-08-05T02:28:50.898Z","level":"warn","msg":"revision_rewrite_failed","passName":"conflict","message":"Gemini provider not available (GEMINI_API_KEY not set)"}
# {"time":"2026-08-05T02:28:50.899Z","level":"warn","msg":"revision_rewrite_failed","passName":"conflict","message":"Gemini provider not available (GEMINI_API_KEY not set)"}
# {"time":"2026-08-05T02:28:50.900Z","level":"warn","msg":"revision_rewrite_failed","passName":"conflict","message":"Gemini provider not available (GEMINI_API_KEY not set)"}
# {"time":"2026-08-05T02:28:50.901Z","level":"warn","msg":"revision_rewrite_failed","passName":"conflict","message":"Gemini provider not available (GEMINI_API_KEY not set)"}
# {"time":"2026-08-05T02:28:50.902Z","level":"warn","msg":"revision_rewrite_failed","passName":"conflict","message":"Gemini provider not available (GEMINI_API_KEY not set)"}
# {"time":"2026-08-05T02:28:50.903Z","level":"warn","msg":"revision_rewrite_failed","passName":"conflict","message":"Gemini provider not available (GEMINI_API_KEY not set)"}
# {"time":"2026-08-05T02:28:50.904Z","level":"warn","msg":"revision_rewrite_failed","passName":"conflict","message":"Gemini provider not available (GEMINI_API_KEY not set)"}
# {"time":"2026-08-05T02:28:50.905Z","level":"warn","msg":"revision_rewrite_failed","passName":"conflict","message":"Gemini provider not available (GEMINI_API_KEY not set)"}
# {"time":"2026-08-05T02:28:50.907Z","level":"warn","msg":"revision_rewrite_failed","passName":"conflict","message":"Gemini provider not available (GEMINI_API_KEY not set)"}
# {"time":"2026-08-05T02:28:50.908Z","level":"warn","msg":"revision_rewrite_failed","passName":"conflict","message":"Gemini provider not available (GEMINI_API_KEY not set)"}
# {"time":"2026-08-05T02:28:50.909Z","level":"warn","msg":"revision_rewrite_failed","passName":"conflict","message":"Gemini provider not available (GEMINI_API_KEY not set)"}
# {"time":"2026-08-05T02:28:50.910Z","level":"warn","msg":"revision_rewrite_failed","passName":"conflict","message":"Gemini provider not available (GEMINI_API_KEY not set)"}
# {"time":"2026-08-05T02:28:50.911Z","level":"warn","msg":"revision_rewrite_failed","passName":"conflict","message":"Gemini provider not available (GEMINI_API_KEY not set)"}
# {"time":"2026-08-05T02:28:50.912Z","level":"warn","msg":"revision_rewrite_failed","passName":"conflict","message":"Gemini provider not available (GEMINI_API_KEY not set)"}
# {"time":"2026-08-05T02:28:50.913Z","level":"warn","msg":"revision_rewrite_failed","passName":"conflict","message":"Gemini provider not available (GEMINI_API_KEY not set)"}
# {"time":"2026-08-05T02:28:50.914Z","level":"warn","msg":"revision_rewrite_failed","passName":"conflict","message":"Gemini provider not available (GEMINI_API_KEY not set)"}
# {"time":"2026-08-05T02:28:50.916Z","level":"warn","msg":"revision_rewrite_failed","passName":"conflict","message":"Gemini provider not available (GEMINI_API_KEY not set)"}
# {"time":"2026-08-05T02:28:50.917Z","level":"warn","msg":"revision_rewrite_failed","passName":"conflict","message":"Gemini provider not available (GEMINI_API_KEY not set)"}
# {"time":"2026-08-05T02:28:50.918Z","level":"warn","msg":"revision_rewrite_failed","passName":"conflict","message":"Gemini provider not available (GEMINI_API_KEY not set)"}
# {"time":"2026-08-05T02:28:50.919Z","level":"warn","msg":"revision_rewrite_failed","passName":"conflict","message":"Gemini provider not available (GEMINI_API_KEY not set)"}
# {"time":"2026-08-05T02:28:50.920Z","level":"warn","msg":"revision_rewrite_failed","passName":"conflict","message":"Gemini provider not available (GEMINI_API_KEY not set)"}
# {"time":"2026-08-05T02:28:50.921Z","level":"warn","msg":"revision_rewrite_failed","passName":"conflict","message":"Gemini provider not available (GEMINI_API_KEY not set)"}
# {"time":"2026-08-05T02:28:50.922Z","level":"warn","msg":"revision_rewrite_failed","passName":"conflict","message":"Gemini provider not available (GEMINI_API_KEY not set)"}
# {"time":"2026-08-05T02:28:50.923Z","level":"warn","msg":"revision_rewrite_failed","passName":"conflict","message":"Gemini provider not available (GEMINI_API_KEY not set)"}
# {"time":"2026-08-05T02:28:50.924Z","level":"warn","msg":"revision_rewrite_failed","passName":"conflict","message":"Gemini provider not available (GEMINI_API_KEY not set)"}
# {"time":"2026-08-05T02:28:50.925Z","level":"warn","msg":"revision_rewrite_failed","passName":"conflict","message":"Gemini provider not available (GEMINI_API_KEY not set)"}
# {"time":"2026-08-05T02:28:50.927Z","level":"warn","msg":"revision_rewrite_failed","passName":"conflict","message":"Gemini provider not available (GEMINI_API_KEY not set)"}
# {"time":"2026-08-05T02:28:50.928Z","level":"warn","msg":"revision_rewrite_failed","passName":"conflict","message":"Gemini provider not available (GEMINI_API_KEY not set)"}
# {"time":"2026-08-05T02:28:50.929Z","level":"warn","msg":"revision_rewrite_failed","passName":"conflict","message":"Gemini provider not available (GEMINI_API_KEY not set)"}
# {"time":"2026-08-05T02:28:50.935Z","level":"warn","msg":"revision_rewrite_failed","passName":"conflict","message":"Gemini provider not available (GEMINI_API_KEY not set)"}
# {"time":"2026-08-05T02:28:50.936Z","level":"warn","msg":"revision_rewrite_failed","passName":"conflict","message":"Gemini provider not available (GEMINI_API_KEY not set)"}
# {"time":"2026-08-05T02:28:50.938Z","level":"warn","msg":"revision_rewrite_failed","passName":"conflict","message":"Gemini provider not available (GEMINI_API_KEY not set)"}
# {"time":"2026-08-05T02:28:50.939Z","level":"warn","msg":"revision_rewrite_failed","passName":"conflict","message":"Gemini provider not available (GEMINI_API_KEY not set)"}
# {"time":"2026-08-05T02:28:50.941Z","level":"warn","msg":"revision_rewrite_failed","passName":"conflict","message":"Gemini provider not available (GEMINI_API_KEY not set)"}
# {"time":"2026-08-05T02:28:50.942Z","level":"warn","msg":"revision_rewrite_failed","passName":"conflict","message":"Gemini provider not available (GEMINI_API_KEY not set)"}
# {"time":"2026-08-05T02:28:50.944Z","level":"warn","msg":"revision_rewrite_failed","passName":"conflict","message":"Gemini provider not available (GEMINI_API_KEY not set)"}
# {"time":"2026-08-05T02:28:50.945Z","level":"warn","msg":"revision_rewrite_failed","passName":"conflict","message":"Gemini provider not available (GEMINI_API_KEY not set)"}
# {"time":"2026-08-05T02:28:50.947Z","level":"warn","msg":"revision_rewrite_failed","passName":"conflict","message":"Gemini provider not available (GEMINI_API_KEY not set)"}
# {"time":"2026-08-05T02:28:50.948Z","level":"warn","msg":"revision_rewrite_failed","passName":"conflict","message":"Gemini provider not available (GEMINI_API_KEY not set)"}
# {"time":"2026-08-05T02:28:50.950Z","level":"warn","msg":"revision_rewrite_failed","passName":"conflict","message":"Gemini provider not available (GEMINI_API_KEY not set)"}
# {"time":"2026-08-05T02:28:50.951Z","level":"warn","msg":"revision_rewrite_failed","passName":"conflict","message":"Gemini provider not available (GEMINI_API_KEY not set)"}
# {"time":"2026-08-05T02:28:50.952Z","level":"warn","msg":"revision_rewrite_failed","passName":"conflict","message":"Gemini provider not available (GEMINI_API_KEY not set)"}
# {"time":"2026-08-05T02:28:50.953Z","level":"warn","msg":"revision_rewrite_failed","passName":"conflict","message":"Gemini provider not available (GEMINI_API_KEY not set)"}
# {"time":"2026-08-05T02:28:50.954Z","level":"warn","msg":"revision_rewrite_failed","passName":"conflict","message":"Gemini provider not available (GEMINI_API_KEY not set)"}
# {"time":"2026-08-05T02:28:50.955Z","level":"warn","msg":"revision_rewrite_failed","passName":"conflict","message":"Gemini provider not available (GEMINI_API_KEY not set)"}
# {"time":"2026-08-05T02:28:50.956Z","level":"warn","msg":"revision_rewrite_failed","passName":"conflict","message":"Gemini provider not available (GEMINI_API_KEY not set)"}
# {"time":"2026-08-05T02:28:50.957Z","level":"warn","msg":"revision_rewrite_failed","passName":"conflict","message":"Gemini provider not available (GEMINI_API_KEY not set)"}
# {"time":"2026-08-05T02:28:50.958Z","level":"warn","msg":"revision_rewrite_failed","passName":"conflict","message":"Gemini provider not available (GEMINI_API_KEY not set)"}
# {"time":"2026-08-05T02:28:50.959Z","level":"warn","msg":"revision_rewrite_failed","passName":"conflict","message":"Gemini provider not available (GEMINI_API_KEY not set)"}
# {"time":"2026-08-05T02:28:50.961Z","level":"warn","msg":"revision_rewrite_failed","passName":"conflict","message":"Gemini provider not available (GEMINI_API_KEY not set)"}
# {"time":"2026-08-05T02:28:50.961Z","level":"warn","msg":"revision_rewrite_failed","passName":"conflict","message":"Gemini provider not available (GEMINI_API_KEY not set)"}
# {"time":"2026-08-05T02:28:50.962Z","level":"warn","msg":"revision_rewrite_failed","passName":"conflict","message":"Gemini provider not available (GEMINI_API_KEY not set)"}
# {"time":"2026-08-05T02:28:50.964Z","level":"warn","msg":"revision_rewrite_failed","passName":"conflict","message":"Gemini provider not available (GEMINI_API_KEY not set)"}
# {"time":"2026-08-05T02:28:50.964Z","level":"warn","msg":"revision_rewrite_failed","passName":"conflict","message":"Gemini provider not available (GEMINI_API_KEY not set)"}
# {"time":"2026-08-05T02:28:50.965Z","level":"warn","msg":"revision_rewrite_failed","passName":"conflict","message":"Gemini provider not available (GEMINI_API_KEY not set)"}
# {"time":"2026-08-05T02:28:50.966Z","level":"warn","msg":"revision_rewrite_failed","passName":"conflict","message":"Gemini provider not available (GEMINI_API_KEY not set)"}
# {"time":"2026-08-05T02:28:50.967Z","level":"warn","msg":"revision_rewrite_failed","passName":"conflict","message":"Gemini provider not available (GEMINI_API_KEY not set)"}
# {"time":"2026-08-05T02:28:50.969Z","level":"warn","msg":"revision_rewrite_failed","passName":"conflict","message":"Gemini provider not available (GEMINI_API_KEY not set)"}
# {"time":"2026-08-05T02:28:50.970Z","level":"warn","msg":"revision_rewrite_failed","passName":"conflict","message":"Gemini provider not available (GEMINI_API_KEY not set)"}
# {"time":"2026-08-05T02:28:50.971Z","level":"warn","msg":"revision_rewrite_failed","passName":"conflict","message":"Gemini provider not available (GEMINI_API_KEY not set)"}
# {"time":"2026-08-05T02:28:50.972Z","level":"warn","msg":"revision_rewrite_failed","passName":"conflict","message":"Gemini provider not available (GEMINI_API_KEY not set)"}
# {"time":"2026-08-05T02:28:50.973Z","level":"warn","msg":"revision_rewrite_failed","passName":"conflict","message":"Gemini provider not available (GEMINI_API_KEY not set)"}
# {"time":"2026-08-05T02:28:50.975Z","level":"warn","msg":"revision_rewrite_failed","passName":"conflict","message":"Gemini provider not available (GEMINI_API_KEY not set)"}
# {"time":"2026-08-05T02:28:50.976Z","level":"warn","msg":"revision_rewrite_failed","passName":"conflict","message":"Gemini provider not available (GEMINI_API_KEY not set)"}
# {"time":"2026-08-05T02:28:50.978Z","level":"warn","msg":"revision_rewrite_failed","passName":"conflict","message":"Gemini provider not available (GEMINI_API_KEY not set)"}
# {"time":"2026-08-05T02:28:50.979Z","level":"warn","msg":"revision_rewrite_failed","passName":"conflict","message":"Gemini provider not available (GEMINI_API_KEY not set)"}
# {"time":"2026-08-05T02:28:50.980Z","level":"warn","msg":"revision_rewrite_failed","passName":"conflict","message":"Gemini provider not available (GEMINI_API_KEY not set)"}
# {"time":"2026-08-05T02:28:50.980Z","level":"warn","msg":"revision_rewrite_failed","passName":"conflict","message":"Gemini provider not available (GEMINI_API_KEY not set)"}
# {"time":"2026-08-05T02:28:50.981Z","level":"warn","msg":"revision_rewrite_failed","passName":"conflict","message":"Gemini provider not available (GEMINI_API_KEY not set)"}
# {"time":"2026-08-05T02:28:50.982Z","level":"warn","msg":"revision_rewrite_failed","passName":"conflict","message":"Gemini provider not available (GEMINI_API_KEY not set)"}
# {"time":"2026-08-05T02:28:50.983Z","level":"warn","msg":"revision_rewrite_failed","passName":"conflict","message":"Gemini provider not available (GEMINI_API_KEY not set)"}
# {"time":"2026-08-05T02:28:50.984Z","level":"warn","msg":"revision_rewrite_failed","passName":"conflict","message":"Gemini provider not available (GEMINI_API_KEY not set)"}
# {"time":"2026-08-05T02:28:50.985Z","level":"warn","msg":"revision_rewrite_failed","passName":"conflict","message":"Gemini provider not available (GEMINI_API_KEY not set)"}
# {"time":"2026-08-05T02:28:50.986Z","level":"warn","msg":"revision_rewrite_failed","passName":"conflict","message":"Gemini provider not available (GEMINI_API_KEY not set)"}
# {"time":"2026-08-05T02:28:50.987Z","level":"warn","msg":"revision_rewrite_failed","passName":"conflict","message":"Gemini provider not available (GEMINI_API_KEY not set)"}
# {"time":"2026-08-05T02:28:50.987Z","level":"warn","msg":"revision_rewrite_failed","passName":"conflict","message":"Gemini provider not available (GEMINI_API_KEY not set)"}
# {"time":"2026-08-05T02:28:50.989Z","level":"warn","msg":"revision_rewrite_failed","passName":"conflict","message":"Gemini provider not available (GEMINI_API_KEY not set)"}
# {"time":"2026-08-05T02:28:50.989Z","level":"warn","msg":"revision_rewrite_failed","passName":"conflict","message":"Gemini provider not available (GEMINI_API_KEY not set)"}
# {"time":"2026-08-05T02:28:50.990Z","level":"warn","msg":"revision_rewrite_failed","passName":"conflict","message":"Gemini provider not available (GEMINI_API_KEY not set)"}
# {"time":"2026-08-05T02:28:50.991Z","level":"warn","msg":"revision_rewrite_failed","passName":"conflict","message":"Gemini provider not available (GEMINI_API_KEY not set)"}
# {"time":"2026-08-05T02:28:50.992Z","level":"warn","msg":"revision_rewrite_failed","passName":"conflict","message":"Gemini provider not available (GEMINI_API_KEY not set)"}
# {"time":"2026-08-05T02:28:50.993Z","level":"warn","msg":"revision_rewrite_failed","passName":"conflict","message":"Gemini provider not available (GEMINI_API_KEY not set)"}
# {"time":"2026-08-05T02:28:50.995Z","level":"warn","msg":"revision_rewrite_failed","passName":"conflict","message":"Gemini provider not available (GEMINI_API_KEY not set)"}
# {"time":"2026-08-05T02:28:50.996Z","level":"warn","msg":"revision_rewrite_failed","passName":"conflict","message":"Gemini provider not available (GEMINI_API_KEY not set)"}
# {"time":"2026-08-05T02:28:50.997Z","level":"warn","msg":"revision_rewrite_failed","passName":"conflict","message":"Gemini provider not available (GEMINI_API_KEY not set)"}
# {"time":"2026-08-05T02:28:50.998Z","level":"warn","msg":"revision_rewrite_failed","passName":"conflict","message":"Gemini provider not available (GEMINI_API_KEY not set)"}
# {"time":"2026-08-05T02:28:50.999Z","level":"warn","msg":"revision_rewrite_failed","passName":"conflict","message":"Gemini provider not available (GEMINI_API_KEY not set)"}
# {"time":"2026-08-05T02:28:51.000Z","level":"warn","msg":"revision_rewrite_failed","passName":"conflict","message":"Gemini provider not available (GEMINI_API_KEY not set)"}
# {"time":"2026-08-05T02:28:51.001Z","level":"warn","msg":"revision_rewrite_failed","passName":"conflict","message":"Gemini provider not available (GEMINI_API_KEY not set)"}
# {"time":"2026-08-05T02:28:51.002Z","level":"warn","msg":"revision_rewrite_failed","passName":"conflict","message":"Gemini provider not available (GEMINI_API_KEY not set)"}
# {"time":"2026-08-05T02:28:51.003Z","level":"warn","msg":"revision_rewrite_failed","passName":"conflict","message":"Gemini provider not available (GEMINI_API_KEY not set)"}
# {"time":"2026-08-05T02:28:51.004Z","level":"warn","msg":"revision_rewrite_failed","passName":"conflict","message":"Gemini provider not available (GEMINI_API_KEY not set)"}
# {"time":"2026-08-05T02:28:51.005Z","level":"warn","msg":"revision_rewrite_failed","passName":"conflict","message":"Gemini provider not available (GEMINI_API_KEY not set)"}
# {"time":"2026-08-05T02:28:51.005Z","level":"warn","msg":"revision_rewrite_failed","passName":"conflict","message":"Gemini provider not available (GEMINI_API_KEY not set)"}
# {"time":"2026-08-05T02:28:51.007Z","level":"warn","msg":"revision_rewrite_failed","passName":"conflict","message":"Gemini provider not available (GEMINI_API_KEY not set)"}
# {"time":"2026-08-05T02:28:51.007Z","level":"warn","msg":"revision_rewrite_failed","passName":"conflict","message":"Gemini provider not available (GEMINI_API_KEY not set)"}
# {"time":"2026-08-05T02:28:51.008Z","level":"warn","msg":"revision_rewrite_failed","passName":"conflict","message":"Gemini provider not available (GEMINI_API_KEY not set)"}
# {"time":"2026-08-05T02:28:51.009Z","level":"warn","msg":"revision_rewrite_failed","passName":"conflict","message":"Gemini provider not available (GEMINI_API_KEY not set)"}
# {"time":"2026-08-05T02:28:51.010Z","level":"warn","msg":"revision_rewrite_failed","passName":"conflict","message":"Gemini provider not available (GEMINI_API_KEY not set)"}
# {"time":"2026-08-05T02:28:51.011Z","level":"warn","msg":"revision_rewrite_failed","passName":"conflict","message":"Gemini provider not available (GEMINI_API_KEY not set)"}
# {"time":"2026-08-05T02:28:51.012Z","level":"warn","msg":"revision_rewrite_failed","passName":"conflict","message":"Gemini provider not available (GEMINI_API_KEY not set)"}
# {"time":"2026-08-05T02:28:51.013Z","level":"warn","msg":"revision_rewrite_failed","passName":"conflict","message":"Gemini provider not available (GEMINI_API_KEY not set)"}
# {"time":"2026-08-05T02:28:51.018Z","level":"warn","msg":"revision_rewrite_failed","passName":"conflict","message":"Gemini provider not available (GEMINI_API_KEY not set)"}
# {"time":"2026-08-05T02:28:51.019Z","level":"warn","msg":"revision_rewrite_failed","passName":"conflict","message":"Gemini provider not available (GEMINI_API_KEY not set)"}
# {"time":"2026-08-05T02:28:51.020Z","level":"warn","msg":"revision_rewrite_failed","passName":"conflict","message":"Gemini provider not available (GEMINI_API_KEY not set)"}
# {"time":"2026-08-05T02:28:51.021Z","level":"warn","msg":"revision_rewrite_failed","passName":"conflict","message":"Gemini provider not available (GEMINI_API_KEY not set)"}
# Subtest: Wave 1192 — conflictPass (Program v2, Type 1 — signal channel): betrayal without setup
    # Subtest: conflictPass fires BETRAYAL_WITHOUT_SETUP when a betrayal-vocabulary spike has zero prior strain
    ok 1 - conflictPass fires BETRAYAL_WITHOUT_SETUP when a betrayal-vocabulary spike has zero prior strain
      ---
      duration_ms: 16.922756
      type: 'test'
      ...
    # Subtest: conflictPass does NOT fire BETRAYAL_WITHOUT_SETUP when an earlier scene carries a negative relationship shift (strain planted)
    ok 2 - conflictPass does NOT fire BETRAYAL_WITHOUT_SETUP when an earlier scene carries a negative relationship shift (strain planted)
      ---
      duration_ms: 3.587271
      type: 'test'
      ...
    # Subtest: conflictPass does NOT fire BETRAYAL_WITHOUT_SETUP on a sub-threshold spike, an early-scene spike, or earlier betrayal-leaning vocabulary
    ok 3 - conflictPass does NOT fire BETRAYAL_WITHOUT_SETUP on a sub-threshold spike, an early-scene spike, or earlier betrayal-leaning vocabulary
      ---
      duration_ms: 4.313753
      type: 'test'
      ...
    1..3
ok 1199 - Wave 1192 — conflictPass (Program v2, Type 1 — signal channel): betrayal without setup
  ---
  duration_ms: 26.224273
  type: 'suite'
  ...
# Subtest: Wave 1186 — conflictPass (Program v2, Type 1 — signal channel): power-balance flatline, climax-uncontested, interrogation monopoly
    # Subtest: conflictPass fires CONFLICT_POWER_STATIC_FLATLINE when the same character holds every determined dyad scene
    ok 1 - conflictPass fires CONFLICT_POWER_STATIC_FLATLINE when the same character holds every determined dyad scene
      ---
      duration_ms: 5.472803
      type: 'test'
      ...
    # Subtest: conflictPass does NOT fire CONFLICT_POWER_STATIC_FLATLINE when control is held by more than one character
    ok 2 - conflictPass does NOT fire CONFLICT_POWER_STATIC_FLATLINE when control is held by more than one character
      ---
      duration_ms: 1.799751
      type: 'test'
      ...
    # Subtest: conflictPass fires CONFLICT_CLIMAX_UNCONTESTED when the final zone never flips while an earlier zone does
    ok 3 - conflictPass fires CONFLICT_CLIMAX_UNCONTESTED when the final zone never flips while an earlier zone does
      ---
      duration_ms: 1.530634
      type: 'test'
      ...
    # Subtest: conflictPass does NOT fire CONFLICT_CLIMAX_UNCONTESTED when the final zone also flips at least once
    ok 4 - conflictPass does NOT fire CONFLICT_CLIMAX_UNCONTESTED when the final zone also flips at least once
      ---
      duration_ms: 2.80778
      type: 'test'
      ...
    # Subtest: conflictPass fires CONFLICT_INTERROGATION_MONOPOLY when the same character controls every question-raising scene
    ok 5 - conflictPass fires CONFLICT_INTERROGATION_MONOPOLY when the same character controls every question-raising scene
      ---
      duration_ms: 1.806179
      type: 'test'
      ...
    # Subtest: conflictPass does NOT fire CONFLICT_INTERROGATION_MONOPOLY when question-raising scenes split control between characters
    ok 6 - conflictPass does NOT fire CONFLICT_INTERROGATION_MONOPOLY when question-raising scenes split control between characters
      ---
      duration_ms: 1.983313
      type: 'test'
      ...
    1..6
ok 1200 - Wave 1186 — conflictPass (Program v2, Type 1 — signal channel): power-balance flatline, climax-uncontested, interrogation monopoly
  ---
  duration_ms: 16.213429
  type: 'suite'
  ...
# Subtest: conflictPass does NOT fire CLOCK_WITHOUT_CONFRONTATION for minor clock raises (delta <= 1)
ok 1201 - conflictPass does NOT fire CLOCK_WITHOUT_CONFRONTATION for minor clock raises (delta <= 1)
  ---
  duration_ms: 0.82777
  type: 'test'
  ...
# Subtest: conflictPass fires CLOCK_WITHOUT_CONFRONTATION for significant clock raises (delta > 1)
ok 1202 - conflictPass fires CLOCK_WITHOUT_CONFRONTATION for significant clock raises (delta > 1)
  ---
  duration_ms: 1.099274
  type: 'test'
  ...
# Subtest: conflictPass detects ESCALATION_PLATEAU when suspense peaks mid-story then drops
ok 1203 - conflictPass detects ESCALATION_PLATEAU when suspense peaks mid-story then drops
  ---
  duration_ms: 1.492496
  type: 'test'
  ...
# Subtest: conflictPass detects CONFRONTATION_AVOIDANCE when conflict exists but no direct scene
ok 1204 - conflictPass detects CONFRONTATION_AVOIDANCE when conflict exists but no direct scene
  ---
  duration_ms: 1.13868
  type: 'test'
  ...
# Subtest: conflictPass detects CONFLICT_FATIGUE for 3 reversals in quick succession
ok 1205 - conflictPass detects CONFLICT_FATIGUE for 3 reversals in quick succession
  ---
  duration_ms: 1.929359
  type: 'test'
  ...
# Subtest: Wave 169 — conflictPass: deadline absence, low-stakes conflict, interpersonal peak timing
    # Subtest: conflictPass detects CONFLICT_WITHOUT_DEADLINE when 5+ conflicts but no clock raised
    ok 1 - conflictPass detects CONFLICT_WITHOUT_DEADLINE when 5+ conflicts but no clock raised
      ---
      duration_ms: 1.26172
      type: 'test'
      ...
    # Subtest: conflictPass does NOT fire CONFLICT_WITHOUT_DEADLINE when at least one clock is raised
    ok 2 - conflictPass does NOT fire CONFLICT_WITHOUT_DEADLINE when at least one clock is raised
      ---
      duration_ms: 1.15268
      type: 'test'
      ...
    # Subtest: conflictPass detects LOW_STAKES_CONFLICT when all shift magnitudes are below 0.4
    ok 3 - conflictPass detects LOW_STAKES_CONFLICT when all shift magnitudes are below 0.4
      ---
      duration_ms: 0.777494
      type: 'test'
      ...
    # Subtest: conflictPass does NOT fire LOW_STAKES_CONFLICT when at least one shift has high magnitude
    ok 4 - conflictPass does NOT fire LOW_STAKES_CONFLICT when at least one shift has high magnitude
      ---
      duration_ms: 0.795617
      type: 'test'
      ...
    # Subtest: conflictPass detects INTERPERSONAL_PEAK_TOO_EARLY when worst shift occurs before 60%
    ok 5 - conflictPass detects INTERPERSONAL_PEAK_TOO_EARLY when worst shift occurs before 60%
      ---
      duration_ms: 1.954238
      type: 'test'
      ...
    # Subtest: conflictPass does NOT fire INTERPERSONAL_PEAK_TOO_EARLY when worst shift is in the climax zone
    ok 6 - conflictPass does NOT fire INTERPERSONAL_PEAK_TOO_EARLY when worst shift is in the climax zone
      ---
      duration_ms: 1.856021
      type: 'test'
      ...
    1..6
ok 1206 - Wave 169 — conflictPass: deadline absence, low-stakes conflict, interpersonal peak timing
  ---
  duration_ms: 8.187681
  type: 'suite'
  ...
# Subtest: Wave 183 — conflictPass: reversal vacuum, Act 1 conflict absent, convergence absent
    # Subtest: REVERSAL_WITHOUT_CONSEQUENCE fires when reversal is followed by two flat scenes
    ok 1 - REVERSAL_WITHOUT_CONSEQUENCE fires when reversal is followed by two flat scenes
      ---
      duration_ms: 1.191116
      type: 'test'
      ...
    # Subtest: REVERSAL_WITHOUT_CONSEQUENCE does not fire when reversal triggers an emotional reaction
    ok 2 - REVERSAL_WITHOUT_CONSEQUENCE does not fire when reversal triggers an emotional reaction
      ---
      duration_ms: 1.160422
      type: 'test'
      ...
    # Subtest: CONFLICT_ACT1_ABSENT fires when no conflict signal exists in Act 1
    ok 3 - CONFLICT_ACT1_ABSENT fires when no conflict signal exists in Act 1
      ---
      duration_ms: 2.469215
      type: 'test'
      ...
    # Subtest: CONFLICT_ACT1_ABSENT does not fire when Act 1 has a clock hook
    ok 4 - CONFLICT_ACT1_ABSENT does not fire when Act 1 has a clock hook
      ---
      duration_ms: 1.213635
      type: 'test'
      ...
    # Subtest: CONFLICT_CONVERGENCE_ABSENT fires when relational conflicts and clock never share a scene
    ok 5 - CONFLICT_CONVERGENCE_ABSENT fires when relational conflicts and clock never share a scene
      ---
      duration_ms: 2.055252
      type: 'test'
      ...
    # Subtest: CONFLICT_CONVERGENCE_ABSENT does not fire when a scene contains both clock and neg shift
    ok 6 - CONFLICT_CONVERGENCE_ABSENT does not fire when a scene contains both clock and neg shift
      ---
      duration_ms: 16.992608
      type: 'test'
      ...
    1..6
ok 1207 - Wave 183 — conflictPass: reversal vacuum, Act 1 conflict absent, convergence absent
  ---
  duration_ms: 25.430782
  type: 'suite'
  ...
# Subtest: Wave 229 — conflictPass: reversal tempo flatline, telegraphed antagonist, positive resolution too early
    # Subtest: REVERSAL_TEMPO_FLATLINE fires when conflict events are spaced too far apart
    ok 1 - REVERSAL_TEMPO_FLATLINE fires when conflict events are spaced too far apart
      ---
      duration_ms: 2.119553
      type: 'test'
      ...
    # Subtest: REVERSAL_TEMPO_FLATLINE does NOT fire when conflict events are closely spaced
    ok 2 - REVERSAL_TEMPO_FLATLINE does NOT fire when conflict events are closely spaced
      ---
      duration_ms: 1.167393
      type: 'test'
      ...
    # Subtest: ANTAGONIST_TELEGRAPHED fires when every deep reversal follows a clock raise
    ok 3 - ANTAGONIST_TELEGRAPHED fires when every deep reversal follows a clock raise
      ---
      duration_ms: 1.368708
      type: 'test'
      ...
    # Subtest: ANTAGONIST_TELEGRAPHED does NOT fire when at least one reversal is unpredicted
    ok 4 - ANTAGONIST_TELEGRAPHED does NOT fire when at least one reversal is unpredicted
      ---
      duration_ms: 1.282886
      type: 'test'
      ...
    # Subtest: POSITIVE_RESOLUTION_TOO_EARLY fires when the biggest positive shift is before 60%
    ok 5 - POSITIVE_RESOLUTION_TOO_EARLY fires when the biggest positive shift is before 60%
      ---
      duration_ms: 1.613823
      type: 'test'
      ...
    # Subtest: POSITIVE_RESOLUTION_TOO_EARLY does NOT fire when biggest positive shift is after 60%
    ok 6 - POSITIVE_RESOLUTION_TOO_EARLY does NOT fire when biggest positive shift is after 60%
      ---
      duration_ms: 1.067493
      type: 'test'
      ...
    1..6
ok 1208 - Wave 229 — conflictPass: reversal tempo flatline, telegraphed antagonist, positive resolution too early
  ---
  duration_ms: 8.959723
  type: 'suite'
  ...
# Subtest: Wave 380 — conflictPass: Act 2a void, second-half monopoly, revelation decoupled
    # Subtest: CONFLICT_ACT2A_VOID fires when no rupture lands in the 25-50% zone while conflict exists elsewhere
    ok 1 - CONFLICT_ACT2A_VOID fires when no rupture lands in the 25-50% zone while conflict exists elsewhere
      ---
      duration_ms: 1.894513
      type: 'test'
      ...
    # Subtest: CONFLICT_ACT2A_VOID does not fire when a rupture lands in Act 2a
    ok 2 - CONFLICT_ACT2A_VOID does not fire when a rupture lands in Act 2a
      ---
      duration_ms: 1.371125
      type: 'test'
      ...
    # Subtest: CONFLICT_SECOND_HALF_MONOPOLY fires when >70% of ruptures fall in the second half
    ok 3 - CONFLICT_SECOND_HALF_MONOPOLY fires when >70% of ruptures fall in the second half
      ---
      duration_ms: 2.342715
      type: 'test'
      ...
    # Subtest: CONFLICT_SECOND_HALF_MONOPOLY does not fire when ruptures are balanced across halves
    ok 4 - CONFLICT_SECOND_HALF_MONOPOLY does not fire when ruptures are balanced across halves
      ---
      duration_ms: 2.622517
      type: 'test'
      ...
    # Subtest: CONFLICT_REVELATION_DECOUPLED fires when ruptures and revelations never share a scene
    ok 5 - CONFLICT_REVELATION_DECOUPLED fires when ruptures and revelations never share a scene
      ---
      duration_ms: 1.605567
      type: 'test'
      ...
    # Subtest: CONFLICT_REVELATION_DECOUPLED does not fire when a rupture scene also carries a revelation
    ok 6 - CONFLICT_REVELATION_DECOUPLED does not fire when a rupture scene also carries a revelation
      ---
      duration_ms: 1.774096
      type: 'test'
      ...
    1..6
ok 1209 - Wave 380 — conflictPass: Act 2a void, second-half monopoly, revelation decoupled
  ---
  duration_ms: 11.977067
  type: 'suite'
  ...
# Subtest: Wave 366 — conflictPass: peak dramatic turn absent, peak clock absent, late first rupture
    # Subtest: CONFLICT_PEAK_DRAMATIC_TURN_ABSENT fires when the heaviest rupture carries no dramatic turn
    ok 1 - CONFLICT_PEAK_DRAMATIC_TURN_ABSENT fires when the heaviest rupture carries no dramatic turn
      ---
      duration_ms: 1.11477
      type: 'test'
      ...
    # Subtest: CONFLICT_PEAK_DRAMATIC_TURN_ABSENT does not fire when the heaviest rupture is a dramatic turn
    ok 2 - CONFLICT_PEAK_DRAMATIC_TURN_ABSENT does not fire when the heaviest rupture is a dramatic turn
      ---
      duration_ms: 0.904743
      type: 'test'
      ...
    # Subtest: CONFLICT_PEAK_CLOCK_ABSENT fires when the heaviest rupture raises no clock while clocks exist elsewhere
    ok 3 - CONFLICT_PEAK_CLOCK_ABSENT fires when the heaviest rupture raises no clock while clocks exist elsewhere
      ---
      duration_ms: 1.064398
      type: 'test'
      ...
    # Subtest: CONFLICT_PEAK_CLOCK_ABSENT does not fire when the heaviest rupture raises a clock
    ok 4 - CONFLICT_PEAK_CLOCK_ABSENT does not fire when the heaviest rupture raises a clock
      ---
      duration_ms: 1.934764
      type: 'test'
      ...
    # Subtest: CONFLICT_LATE_FIRST_RUPTURE fires when the first rupture lands at or past the midpoint
    ok 5 - CONFLICT_LATE_FIRST_RUPTURE fires when the first rupture lands at or past the midpoint
      ---
      duration_ms: 1.065423
      type: 'test'
      ...
    # Subtest: CONFLICT_LATE_FIRST_RUPTURE does not fire when a rupture lands in the first half
    ok 6 - CONFLICT_LATE_FIRST_RUPTURE does not fire when a rupture lands in the first half
      ---
      duration_ms: 1.063187
      type: 'test'
      ...
    1..6
ok 1210 - Wave 366 — conflictPass: peak dramatic turn absent, peak clock absent, late first rupture
  ---
  duration_ms: 7.523353
  type: 'suite'
  ...
# Subtest: Wave 352 — conflictPass: peak suspense absent, peak emotion absent, peak curiosity absent
    # Subtest: CONFLICT_PEAK_SUSPENSE_ABSENT fires when the heaviest rupture has suspenseDelta ≤ 0
    ok 1 - CONFLICT_PEAK_SUSPENSE_ABSENT fires when the heaviest rupture has suspenseDelta ≤ 0
      ---
      duration_ms: 1.418988
      type: 'test'
      ...
    # Subtest: CONFLICT_PEAK_SUSPENSE_ABSENT does not fire when the heaviest rupture raises suspense
    ok 2 - CONFLICT_PEAK_SUSPENSE_ABSENT does not fire when the heaviest rupture raises suspense
      ---
      duration_ms: 0.937787
      type: 'test'
      ...
    # Subtest: CONFLICT_PEAK_EMOTION_ABSENT fires when the heaviest rupture is emotionally neutral
    ok 3 - CONFLICT_PEAK_EMOTION_ABSENT fires when the heaviest rupture is emotionally neutral
      ---
      duration_ms: 0.880522
      type: 'test'
      ...
    # Subtest: CONFLICT_PEAK_EMOTION_ABSENT does not fire when the heaviest rupture carries emotion
    ok 4 - CONFLICT_PEAK_EMOTION_ABSENT does not fire when the heaviest rupture carries emotion
      ---
      duration_ms: 0.938252
      type: 'test'
      ...
    # Subtest: CONFLICT_PEAK_CURIOSITY_ABSENT fires when the heaviest rupture has curiosityDelta ≤ 0
    ok 5 - CONFLICT_PEAK_CURIOSITY_ABSENT fires when the heaviest rupture has curiosityDelta ≤ 0
      ---
      duration_ms: 0.994592
      type: 'test'
      ...
    # Subtest: CONFLICT_PEAK_CURIOSITY_ABSENT does not fire when the heaviest rupture raises curiosity
    ok 6 - CONFLICT_PEAK_CURIOSITY_ABSENT does not fire when the heaviest rupture raises curiosity
      ---
      duration_ms: 0.861328
      type: 'test'
      ...
    1..6
ok 1211 - Wave 352 — conflictPass: peak suspense absent, peak emotion absent, peak curiosity absent
  ---
  duration_ms: 6.351547
  type: 'suite'
  ...
# Subtest: Wave 338 — conflictPass: clock decoupled, dramatic turn void, first-half monopoly
    # Subtest: CONFLICT_CLOCK_DECOUPLED fires when clock scenes carry no relational conflict
    ok 1 - CONFLICT_CLOCK_DECOUPLED fires when clock scenes carry no relational conflict
      ---
      duration_ms: 1.157532
      type: 'test'
      ...
    # Subtest: CONFLICT_CLOCK_DECOUPLED does not fire when a clock scene carries conflict
    ok 2 - CONFLICT_CLOCK_DECOUPLED does not fire when a clock scene carries conflict
      ---
      duration_ms: 0.986224
      type: 'test'
      ...
    # Subtest: CONFLICT_DRAMATIC_TURN_VOID fires when turn scenes carry no relational conflict
    ok 3 - CONFLICT_DRAMATIC_TURN_VOID fires when turn scenes carry no relational conflict
      ---
      duration_ms: 1.277422
      type: 'test'
      ...
    # Subtest: CONFLICT_DRAMATIC_TURN_VOID does not fire when a turn scene cracks a bond
    ok 4 - CONFLICT_DRAMATIC_TURN_VOID does not fire when a turn scene cracks a bond
      ---
      duration_ms: 1.137765
      type: 'test'
      ...
    # Subtest: CONFLICT_FIRST_HALF_MONOPOLY fires when >70% of conflict scenes are in the first half
    ok 5 - CONFLICT_FIRST_HALF_MONOPOLY fires when >70% of conflict scenes are in the first half
      ---
      duration_ms: 1.385336
      type: 'test'
      ...
    # Subtest: CONFLICT_FIRST_HALF_MONOPOLY does not fire when conflict is evenly distributed
    ok 6 - CONFLICT_FIRST_HALF_MONOPOLY does not fire when conflict is evenly distributed
      ---
      duration_ms: 1.133377
      type: 'test'
      ...
    1..6
ok 1212 - Wave 338 — conflictPass: clock decoupled, dramatic turn void, first-half monopoly
  ---
  duration_ms: 7.35933
  type: 'suite'
  ...
# Subtest: Wave 313 — conflictPass: curiosity decoupled, magnitude peak early, relentless run
    # Subtest: CONFLICT_CURIOSITY_DECOUPLED fires when conflict scenes average curiosityDelta ≤ 0
    ok 1 - CONFLICT_CURIOSITY_DECOUPLED fires when conflict scenes average curiosityDelta ≤ 0
      ---
      duration_ms: 1.274744
      type: 'test'
      ...
    # Subtest: CONFLICT_CURIOSITY_DECOUPLED does not fire when conflict scenes raise curiosity
    ok 2 - CONFLICT_CURIOSITY_DECOUPLED does not fire when conflict scenes raise curiosity
      ---
      duration_ms: 0.995009
      type: 'test'
      ...
    # Subtest: CONFLICT_MAGNITUDE_PEAK_EARLY fires when the heaviest distributed conflict is in the first half
    ok 3 - CONFLICT_MAGNITUDE_PEAK_EARLY fires when the heaviest distributed conflict is in the first half
      ---
      duration_ms: 1.301677
      type: 'test'
      ...
    # Subtest: CONFLICT_MAGNITUDE_PEAK_EARLY does not fire when the heaviest conflict is in the second half
    ok 4 - CONFLICT_MAGNITUDE_PEAK_EARLY does not fire when the heaviest conflict is in the second half
      ---
      duration_ms: 1.180879
      type: 'test'
      ...
    # Subtest: CONFLICT_RELENTLESS_RUN fires when 4+ consecutive scenes carry a negative shift
    ok 5 - CONFLICT_RELENTLESS_RUN fires when 4+ consecutive scenes carry a negative shift
      ---
      duration_ms: 0.967175
      type: 'test'
      ...
    # Subtest: CONFLICT_RELENTLESS_RUN does not fire when conflict runs are broken by respite
    ok 6 - CONFLICT_RELENTLESS_RUN does not fire when conflict runs are broken by respite
      ---
      duration_ms: 0.982819
      type: 'test'
      ...
    1..6
ok 1213 - Wave 313 — conflictPass: curiosity decoupled, magnitude peak early, relentless run
  ---
  duration_ms: 7.027723
  type: 'suite'
  ...
# Subtest: Wave 1178 — conflictPass (distinct-mode pivot): conflict staging back-loaded, conflict suspense front-loaded, conflict emotion back-loaded
    # Subtest: CONFLICT_STAGING_BACK_LOADED fires when >70% of heavily-staged scenes fall in the second half
    ok 1 - CONFLICT_STAGING_BACK_LOADED fires when >70% of heavily-staged scenes fall in the second half
      ---
      duration_ms: 1.612871
      type: 'test'
      ...
    # Subtest: CONFLICT_STAGING_BACK_LOADED does not fire when heavily-staged scenes are balanced across halves
    ok 2 - CONFLICT_STAGING_BACK_LOADED does not fire when heavily-staged scenes are balanced across halves
      ---
      duration_ms: 0.882086
      type: 'test'
      ...
    # Subtest: CONFLICT_SUSPENSE_FRONT_LOADED fires when >70% of suspense-rising scenes fall in the first half
    ok 3 - CONFLICT_SUSPENSE_FRONT_LOADED fires when >70% of suspense-rising scenes fall in the first half
      ---
      duration_ms: 0.836026
      type: 'test'
      ...
    # Subtest: CONFLICT_SUSPENSE_FRONT_LOADED does not fire when suspense-rising scenes are balanced across halves
    ok 4 - CONFLICT_SUSPENSE_FRONT_LOADED does not fire when suspense-rising scenes are balanced across halves
      ---
      duration_ms: 0.813577
      type: 'test'
      ...
    # Subtest: CONFLICT_EMOTION_BACK_LOADED fires when >70% of emotionally-charged scenes fall in the second half
    ok 5 - CONFLICT_EMOTION_BACK_LOADED fires when >70% of emotionally-charged scenes fall in the second half
      ---
      duration_ms: 0.783813
      type: 'test'
      ...
    # Subtest: CONFLICT_EMOTION_BACK_LOADED does not fire when emotionally-charged scenes are balanced across halves
    ok 6 - CONFLICT_EMOTION_BACK_LOADED does not fire when emotionally-charged scenes are balanced across halves
      ---
      duration_ms: 0.837207
      type: 'test'
      ...
    1..6
ok 1214 - Wave 1178 — conflictPass (distinct-mode pivot): conflict staging back-loaded, conflict suspense front-loaded, conflict emotion back-loaded
  ---
  duration_ms: 6.092931
  type: 'suite'
  ...
# Subtest: Wave 1164 — conflictPass: conflict revelation-dialogue-highlight aftermath void, conflict suspense-emotional aftermath void, conflict suspense-curiosity aftermath void
    # Subtest: CONFLICT_REVELATION_DIALOGUE_HIGHLIGHT_AFTERMATH_VOID fires when every revelation is followed by two scenes with no highlighted dialogue
    ok 1 - CONFLICT_REVELATION_DIALOGUE_HIGHLIGHT_AFTERMATH_VOID fires when every revelation is followed by two scenes with no highlighted dialogue
      ---
      duration_ms: 1.455155
      type: 'test'
      ...
    # Subtest: CONFLICT_REVELATION_DIALOGUE_HIGHLIGHT_AFTERMATH_VOID does not fire when a revelation is followed by highlighted dialogue within its window
    ok 2 - CONFLICT_REVELATION_DIALOGUE_HIGHLIGHT_AFTERMATH_VOID does not fire when a revelation is followed by highlighted dialogue within its window
      ---
      duration_ms: 0.964036
      type: 'test'
      ...
    # Subtest: CONFLICT_SUSPENSE_EMOTIONAL_AFTERMATH_VOID fires when every suspense-spike is followed by two scenes with no emotional shift
    ok 3 - CONFLICT_SUSPENSE_EMOTIONAL_AFTERMATH_VOID fires when every suspense-spike is followed by two scenes with no emotional shift
      ---
      duration_ms: 0.888009
      type: 'test'
      ...
    # Subtest: CONFLICT_SUSPENSE_EMOTIONAL_AFTERMATH_VOID does not fire when a suspense-spike is followed by an emotional shift within its window
    ok 4 - CONFLICT_SUSPENSE_EMOTIONAL_AFTERMATH_VOID does not fire when a suspense-spike is followed by an emotional shift within its window
      ---
      duration_ms: 0.979063
      type: 'test'
      ...
    # Subtest: CONFLICT_SUSPENSE_CURIOSITY_AFTERMATH_VOID fires when every suspense-spike is followed by two scenes with no curiosity rise
    ok 5 - CONFLICT_SUSPENSE_CURIOSITY_AFTERMATH_VOID fires when every suspense-spike is followed by two scenes with no curiosity rise
      ---
      duration_ms: 1.098939
      type: 'test'
      ...
    # Subtest: CONFLICT_SUSPENSE_CURIOSITY_AFTERMATH_VOID does not fire when a suspense-spike is followed by a curiosity rise within its window
    ok 6 - CONFLICT_SUSPENSE_CURIOSITY_AFTERMATH_VOID does not fire when a suspense-spike is followed by a curiosity rise within its window
      ---
      duration_ms: 0.945974
      type: 'test'
      ...
    1..6
ok 1215 - Wave 1164 — conflictPass: conflict revelation-dialogue-highlight aftermath void, conflict suspense-emotional aftermath void, conflict suspense-curiosity aftermath void
  ---
  duration_ms: 6.589618
  type: 'suite'
  ...
# Subtest: Wave 1150 — conflictPass: conflict clock-staging aftermath void, conflict clock-dialogue-highlight aftermath void, conflict revelation-staging aftermath void
    # Subtest: CONFLICT_CLOCK_STAGING_AFTERMATH_VOID fires when every clock-raise is followed by two scenes with no heavily-staged scene
    ok 1 - CONFLICT_CLOCK_STAGING_AFTERMATH_VOID fires when every clock-raise is followed by two scenes with no heavily-staged scene
      ---
      duration_ms: 1.144607
      type: 'test'
      ...
    # Subtest: CONFLICT_CLOCK_STAGING_AFTERMATH_VOID does not fire when a clock-raise is followed by a heavily-staged scene within its window
    ok 2 - CONFLICT_CLOCK_STAGING_AFTERMATH_VOID does not fire when a clock-raise is followed by a heavily-staged scene within its window
      ---
      duration_ms: 0.895304
      type: 'test'
      ...
    # Subtest: CONFLICT_CLOCK_DIALOGUE_HIGHLIGHT_AFTERMATH_VOID fires when every clock-raise is followed by two scenes with no highlighted dialogue
    ok 3 - CONFLICT_CLOCK_DIALOGUE_HIGHLIGHT_AFTERMATH_VOID fires when every clock-raise is followed by two scenes with no highlighted dialogue
      ---
      duration_ms: 1.037065
      type: 'test'
      ...
    # Subtest: CONFLICT_CLOCK_DIALOGUE_HIGHLIGHT_AFTERMATH_VOID does not fire when a clock-raise is followed by highlighted dialogue within its window
    ok 4 - CONFLICT_CLOCK_DIALOGUE_HIGHLIGHT_AFTERMATH_VOID does not fire when a clock-raise is followed by highlighted dialogue within its window
      ---
      duration_ms: 1.509447
      type: 'test'
      ...
    # Subtest: CONFLICT_REVELATION_STAGING_AFTERMATH_VOID fires when every revelation is followed by two scenes with no heavily-staged scene
    ok 5 - CONFLICT_REVELATION_STAGING_AFTERMATH_VOID fires when every revelation is followed by two scenes with no heavily-staged scene
      ---
      duration_ms: 1.050128
      type: 'test'
      ...
    # Subtest: CONFLICT_REVELATION_STAGING_AFTERMATH_VOID does not fire when a revelation is followed by a heavily-staged scene within its window
    ok 6 - CONFLICT_REVELATION_STAGING_AFTERMATH_VOID does not fire when a revelation is followed by a heavily-staged scene within its window
      ---
      duration_ms: 0.886884
      type: 'test'
      ...
    1..6
ok 1216 - Wave 1150 — conflictPass: conflict clock-staging aftermath void, conflict clock-dialogue-highlight aftermath void, conflict revelation-staging aftermath void
  ---
  duration_ms: 17.905698
  type: 'suite'
  ...
# Subtest: Wave 1136 — conflictPass: conflict revelation-relational aftermath void, conflict clock-emotional aftermath void, conflict clock-relational aftermath void
    # Subtest: CONFLICT_REVELATION_RELATIONAL_AFTERMATH_VOID fires when every revelation is followed by two scenes with no relationship shift
    ok 1 - CONFLICT_REVELATION_RELATIONAL_AFTERMATH_VOID fires when every revelation is followed by two scenes with no relationship shift
      ---
      duration_ms: 2.098427
      type: 'test'
      ...
    # Subtest: CONFLICT_REVELATION_RELATIONAL_AFTERMATH_VOID does not fire when a revelation is followed by a relationship shift within its window
    ok 2 - CONFLICT_REVELATION_RELATIONAL_AFTERMATH_VOID does not fire when a revelation is followed by a relationship shift within its window
      ---
      duration_ms: 1.286175
      type: 'test'
      ...
    # Subtest: CONFLICT_CLOCK_EMOTIONAL_AFTERMATH_VOID fires when every clock-raise is followed by two scenes with no emotional shift
    ok 3 - CONFLICT_CLOCK_EMOTIONAL_AFTERMATH_VOID fires when every clock-raise is followed by two scenes with no emotional shift
      ---
      duration_ms: 1.192077
      type: 'test'
      ...
    # Subtest: CONFLICT_CLOCK_EMOTIONAL_AFTERMATH_VOID does not fire when a clock-raise is followed by an emotional shift within its window
    ok 4 - CONFLICT_CLOCK_EMOTIONAL_AFTERMATH_VOID does not fire when a clock-raise is followed by an emotional shift within its window
      ---
      duration_ms: 1.217026
      type: 'test'
      ...
    # Subtest: CONFLICT_CLOCK_RELATIONAL_AFTERMATH_VOID fires when every clock-raise is followed by two scenes with no relationship shift
    ok 5 - CONFLICT_CLOCK_RELATIONAL_AFTERMATH_VOID fires when every clock-raise is followed by two scenes with no relationship shift
      ---
      duration_ms: 1.306003
      type: 'test'
      ...
    # Subtest: CONFLICT_CLOCK_RELATIONAL_AFTERMATH_VOID does not fire when a clock-raise is followed by a relationship shift within its window
    ok 6 - CONFLICT_CLOCK_RELATIONAL_AFTERMATH_VOID does not fire when a clock-raise is followed by a relationship shift within its window
      ---
      duration_ms: 1.361047
      type: 'test'
      ...
    1..6
ok 1217 - Wave 1136 — conflictPass: conflict revelation-relational aftermath void, conflict clock-emotional aftermath void, conflict clock-relational aftermath void
  ---
  duration_ms: 8.728841
  type: 'suite'
  ...
# Subtest: Wave 1122 — conflictPass: conflict revelation-emotional aftermath void, conflict revelation-suspense aftermath void, conflict clock-curiosity aftermath void
    # Subtest: CONFLICT_REVELATION_EMOTIONAL_AFTERMATH_VOID fires when every revelation is followed by two scenes with no emotional shift
    ok 1 - CONFLICT_REVELATION_EMOTIONAL_AFTERMATH_VOID fires when every revelation is followed by two scenes with no emotional shift
      ---
      duration_ms: 1.315323
      type: 'test'
      ...
    # Subtest: CONFLICT_REVELATION_EMOTIONAL_AFTERMATH_VOID does not fire when a revelation is followed by an emotional shift within its window
    ok 2 - CONFLICT_REVELATION_EMOTIONAL_AFTERMATH_VOID does not fire when a revelation is followed by an emotional shift within its window
      ---
      duration_ms: 1.017991
      type: 'test'
      ...
    # Subtest: CONFLICT_REVELATION_SUSPENSE_AFTERMATH_VOID fires when every revelation is followed by two scenes with no suspense rise
    ok 3 - CONFLICT_REVELATION_SUSPENSE_AFTERMATH_VOID fires when every revelation is followed by two scenes with no suspense rise
      ---
      duration_ms: 1.061057
      type: 'test'
      ...
    # Subtest: CONFLICT_REVELATION_SUSPENSE_AFTERMATH_VOID does not fire when a revelation is followed by a suspense rise within its window
    ok 4 - CONFLICT_REVELATION_SUSPENSE_AFTERMATH_VOID does not fire when a revelation is followed by a suspense rise within its window
      ---
      duration_ms: 1.264589
      type: 'test'
      ...
    # Subtest: CONFLICT_CLOCK_CURIOSITY_AFTERMATH_VOID fires when every clock-raise is followed by two scenes with no curiosity rise
    ok 5 - CONFLICT_CLOCK_CURIOSITY_AFTERMATH_VOID fires when every clock-raise is followed by two scenes with no curiosity rise
      ---
      duration_ms: 2.170009
      type: 'test'
      ...
    # Subtest: CONFLICT_CLOCK_CURIOSITY_AFTERMATH_VOID does not fire when a clock-raise is followed by a curiosity rise within its window
    ok 6 - CONFLICT_CLOCK_CURIOSITY_AFTERMATH_VOID does not fire when a clock-raise is followed by a curiosity rise within its window
      ---
      duration_ms: 1.357215
      type: 'test'
      ...
    1..6
ok 1218 - Wave 1122 — conflictPass: conflict revelation-emotional aftermath void, conflict revelation-suspense aftermath void, conflict clock-curiosity aftermath void
  ---
  duration_ms: 8.518789
  type: 'suite'
  ...
# Subtest: Wave 1108 — conflictPass: conflict seed-dialogue-highlight aftermath void, conflict revelation-curiosity aftermath void, conflict clock-suspense aftermath void
    # Subtest: CONFLICT_SEED_DIALOGUE_HIGHLIGHT_AFTERMATH_VOID fires when every seed is followed by two scenes with no highlighted dialogue
    ok 1 - CONFLICT_SEED_DIALOGUE_HIGHLIGHT_AFTERMATH_VOID fires when every seed is followed by two scenes with no highlighted dialogue
      ---
      duration_ms: 1.58877
      type: 'test'
      ...
    # Subtest: CONFLICT_SEED_DIALOGUE_HIGHLIGHT_AFTERMATH_VOID does not fire when a seed is followed by highlighted dialogue within its window
    ok 2 - CONFLICT_SEED_DIALOGUE_HIGHLIGHT_AFTERMATH_VOID does not fire when a seed is followed by highlighted dialogue within its window
      ---
      duration_ms: 1.132165
      type: 'test'
      ...
    # Subtest: CONFLICT_REVELATION_CURIOSITY_AFTERMATH_VOID fires when every revelation is followed by two scenes with no curiosity rise
    ok 3 - CONFLICT_REVELATION_CURIOSITY_AFTERMATH_VOID fires when every revelation is followed by two scenes with no curiosity rise
      ---
      duration_ms: 1.274749
      type: 'test'
      ...
    # Subtest: CONFLICT_REVELATION_CURIOSITY_AFTERMATH_VOID does not fire when a revelation is followed by a curiosity rise within its window
    ok 4 - CONFLICT_REVELATION_CURIOSITY_AFTERMATH_VOID does not fire when a revelation is followed by a curiosity rise within its window
      ---
      duration_ms: 1.254885
      type: 'test'
      ...
    # Subtest: CONFLICT_CLOCK_SUSPENSE_AFTERMATH_VOID fires when every clock-raise is followed by two scenes with no suspense rise
    ok 5 - CONFLICT_CLOCK_SUSPENSE_AFTERMATH_VOID fires when every clock-raise is followed by two scenes with no suspense rise
      ---
      duration_ms: 1.190796
      type: 'test'
      ...
    # Subtest: CONFLICT_CLOCK_SUSPENSE_AFTERMATH_VOID does not fire when a clock-raise is followed by a suspense rise within its window
    ok 6 - CONFLICT_CLOCK_SUSPENSE_AFTERMATH_VOID does not fire when a clock-raise is followed by a suspense rise within its window
      ---
      duration_ms: 1.444764
      type: 'test'
      ...
    1..6
ok 1219 - Wave 1108 — conflictPass: conflict seed-dialogue-highlight aftermath void, conflict revelation-curiosity aftermath void, conflict clock-suspense aftermath void
  ---
  duration_ms: 8.18165
  type: 'suite'
  ...
# Subtest: Wave 1094 — conflictPass: conflict seed-emotional aftermath void, conflict seed-relational aftermath void, conflict seed-staging aftermath void
    # Subtest: CONFLICT_SEED_EMOTIONAL_AFTERMATH_VOID fires when every seed is followed by two scenes with no emotional shift
    ok 1 - CONFLICT_SEED_EMOTIONAL_AFTERMATH_VOID fires when every seed is followed by two scenes with no emotional shift
      ---
      duration_ms: 1.293848
      type: 'test'
      ...
    # Subtest: CONFLICT_SEED_EMOTIONAL_AFTERMATH_VOID does not fire when a seed is followed by an emotional shift within its window
    ok 2 - CONFLICT_SEED_EMOTIONAL_AFTERMATH_VOID does not fire when a seed is followed by an emotional shift within its window
      ---
      duration_ms: 1.005447
      type: 'test'
      ...
    # Subtest: CONFLICT_SEED_RELATIONAL_AFTERMATH_VOID fires when every seed is followed by two scenes with no relationship shift
    ok 3 - CONFLICT_SEED_RELATIONAL_AFTERMATH_VOID fires when every seed is followed by two scenes with no relationship shift
      ---
      duration_ms: 1.171076
      type: 'test'
      ...
    # Subtest: CONFLICT_SEED_RELATIONAL_AFTERMATH_VOID does not fire when a seed is followed by a relationship shift within its window
    ok 4 - CONFLICT_SEED_RELATIONAL_AFTERMATH_VOID does not fire when a seed is followed by a relationship shift within its window
      ---
      duration_ms: 0.958814
      type: 'test'
      ...
    # Subtest: CONFLICT_SEED_STAGING_AFTERMATH_VOID fires when every seed is followed by two scenes with no visually dense scene
    ok 5 - CONFLICT_SEED_STAGING_AFTERMATH_VOID fires when every seed is followed by two scenes with no visually dense scene
      ---
      duration_ms: 0.92463
      type: 'test'
      ...
    # Subtest: CONFLICT_SEED_STAGING_AFTERMATH_VOID does not fire when a seed is followed by a visually dense scene within its window
    ok 6 - CONFLICT_SEED_STAGING_AFTERMATH_VOID does not fire when a seed is followed by a visually dense scene within its window
      ---
      duration_ms: 1.036834
      type: 'test'
      ...
    1..6
ok 1220 - Wave 1094 — conflictPass: conflict seed-emotional aftermath void, conflict seed-relational aftermath void, conflict seed-staging aftermath void
  ---
  duration_ms: 6.708193
  type: 'suite'
  ...
# Subtest: Wave 1080 — conflictPass: conflict turn-suspense aftermath void, conflict turn-dialogue-highlight aftermath void, conflict seed-curiosity aftermath void
    # Subtest: CONFLICT_TURN_SUSPENSE_AFTERMATH_VOID fires when every dramatic turn is followed by two scenes with no suspense rise
    ok 1 - CONFLICT_TURN_SUSPENSE_AFTERMATH_VOID fires when every dramatic turn is followed by two scenes with no suspense rise
      ---
      duration_ms: 1.198294
      type: 'test'
      ...
    # Subtest: CONFLICT_TURN_SUSPENSE_AFTERMATH_VOID does not fire when a dramatic turn is followed by a suspense rise within its window
    ok 2 - CONFLICT_TURN_SUSPENSE_AFTERMATH_VOID does not fire when a dramatic turn is followed by a suspense rise within its window
      ---
      duration_ms: 0.881871
      type: 'test'
      ...
    # Subtest: CONFLICT_TURN_DIALOGUE_HIGHLIGHT_AFTERMATH_VOID fires when every dramatic turn is followed by two scenes with no highlighted dialogue
    ok 3 - CONFLICT_TURN_DIALOGUE_HIGHLIGHT_AFTERMATH_VOID fires when every dramatic turn is followed by two scenes with no highlighted dialogue
      ---
      duration_ms: 0.976964
      type: 'test'
      ...
    # Subtest: CONFLICT_TURN_DIALOGUE_HIGHLIGHT_AFTERMATH_VOID does not fire when a dramatic turn is followed by highlighted dialogue within its window
    ok 4 - CONFLICT_TURN_DIALOGUE_HIGHLIGHT_AFTERMATH_VOID does not fire when a dramatic turn is followed by highlighted dialogue within its window
      ---
      duration_ms: 0.899509
      type: 'test'
      ...
    # Subtest: CONFLICT_SEED_CURIOSITY_AFTERMATH_VOID fires when every seed is followed by two scenes with no curiosity rise
    ok 5 - CONFLICT_SEED_CURIOSITY_AFTERMATH_VOID fires when every seed is followed by two scenes with no curiosity rise
      ---
      duration_ms: 1.008382
      type: 'test'
      ...
    # Subtest: CONFLICT_SEED_CURIOSITY_AFTERMATH_VOID does not fire when a seed is followed by a curiosity rise within its window
    ok 6 - CONFLICT_SEED_CURIOSITY_AFTERMATH_VOID does not fire when a seed is followed by a curiosity rise within its window
      ---
      duration_ms: 0.993039
      type: 'test'
      ...
    1..6
ok 1221 - Wave 1080 — conflictPass: conflict turn-suspense aftermath void, conflict turn-dialogue-highlight aftermath void, conflict seed-curiosity aftermath void
  ---
  duration_ms: 6.247736
  type: 'suite'
  ...
# Subtest: Wave 1066 — conflictPass: conflict stakes-staging aftermath void, conflict payoff-dialogue-highlight aftermath void, conflict open-thread-suspense aftermath void
    # Subtest: CONFLICT_STAKES_STAGING_AFTERMATH_VOID fires when every stakes-raise is followed by two scenes with no visually dense scene
    ok 1 - CONFLICT_STAKES_STAGING_AFTERMATH_VOID fires when every stakes-raise is followed by two scenes with no visually dense scene
      ---
      duration_ms: 1.357949
      type: 'test'
      ...
    # Subtest: CONFLICT_STAKES_STAGING_AFTERMATH_VOID does not fire when a stakes-raise is followed by a visually dense scene within its window
    ok 2 - CONFLICT_STAKES_STAGING_AFTERMATH_VOID does not fire when a stakes-raise is followed by a visually dense scene within its window
      ---
      duration_ms: 0.989367
      type: 'test'
      ...
    # Subtest: CONFLICT_PAYOFF_DIALOGUE_HIGHLIGHT_AFTERMATH_VOID fires when every payoff is followed by two scenes with no highlighted dialogue
    ok 3 - CONFLICT_PAYOFF_DIALOGUE_HIGHLIGHT_AFTERMATH_VOID fires when every payoff is followed by two scenes with no highlighted dialogue
      ---
      duration_ms: 1.027721
      type: 'test'
      ...
    # Subtest: CONFLICT_PAYOFF_DIALOGUE_HIGHLIGHT_AFTERMATH_VOID does not fire when a payoff is followed by highlighted dialogue within its window
    ok 4 - CONFLICT_PAYOFF_DIALOGUE_HIGHLIGHT_AFTERMATH_VOID does not fire when a payoff is followed by highlighted dialogue within its window
      ---
      duration_ms: 0.897662
      type: 'test'
      ...
    # Subtest: CONFLICT_OPEN_THREAD_SUSPENSE_AFTERMATH_VOID fires when every heavy clue-debt scene is followed by two scenes with no suspense rise
    ok 5 - CONFLICT_OPEN_THREAD_SUSPENSE_AFTERMATH_VOID fires when every heavy clue-debt scene is followed by two scenes with no suspense rise
      ---
      duration_ms: 0.998468
      type: 'test'
      ...
    # Subtest: CONFLICT_OPEN_THREAD_SUSPENSE_AFTERMATH_VOID does not fire when a heavy clue-debt scene is followed by a suspense rise within its window
    ok 6 - CONFLICT_OPEN_THREAD_SUSPENSE_AFTERMATH_VOID does not fire when a heavy clue-debt scene is followed by a suspense rise within its window
      ---
      duration_ms: 1.020212
      type: 'test'
      ...
    1..6
ok 1222 - Wave 1066 — conflictPass: conflict stakes-staging aftermath void, conflict payoff-dialogue-highlight aftermath void, conflict open-thread-suspense aftermath void
  ---
  duration_ms: 6.56076
  type: 'suite'
  ...
# Subtest: Wave 1052 — conflictPass: conflict stakes-dialogue-highlight aftermath void, conflict payoff-staging aftermath void, conflict open-thread-dialogue-highlight aftermath void
    # Subtest: CONFLICT_STAKES_DIALOGUE_HIGHLIGHT_AFTERMATH_VOID fires when every stakes-raise is followed by two scenes with no highlighted dialogue
    ok 1 - CONFLICT_STAKES_DIALOGUE_HIGHLIGHT_AFTERMATH_VOID fires when every stakes-raise is followed by two scenes with no highlighted dialogue
      ---
      duration_ms: 1.119927
      type: 'test'
      ...
    # Subtest: CONFLICT_STAKES_DIALOGUE_HIGHLIGHT_AFTERMATH_VOID does not fire when a stakes-raise is followed by highlighted dialogue within its window
    ok 2 - CONFLICT_STAKES_DIALOGUE_HIGHLIGHT_AFTERMATH_VOID does not fire when a stakes-raise is followed by highlighted dialogue within its window
      ---
      duration_ms: 0.883403
      type: 'test'
      ...
    # Subtest: CONFLICT_PAYOFF_STAGING_AFTERMATH_VOID fires when every payoff is followed by two scenes with no substantial staging
    ok 3 - CONFLICT_PAYOFF_STAGING_AFTERMATH_VOID fires when every payoff is followed by two scenes with no substantial staging
      ---
      duration_ms: 1.100153
      type: 'test'
      ...
    # Subtest: CONFLICT_PAYOFF_STAGING_AFTERMATH_VOID does not fire when a payoff is followed by substantial staging within its window
    ok 4 - CONFLICT_PAYOFF_STAGING_AFTERMATH_VOID does not fire when a payoff is followed by substantial staging within its window
      ---
      duration_ms: 1.05392
      type: 'test'
      ...
    # Subtest: CONFLICT_OPEN_THREAD_DIALOGUE_HIGHLIGHT_AFTERMATH_VOID fires when every heavy clue-debt scene is followed by two scenes with no highlighted dialogue
    ok 5 - CONFLICT_OPEN_THREAD_DIALOGUE_HIGHLIGHT_AFTERMATH_VOID fires when every heavy clue-debt scene is followed by two scenes with no highlighted dialogue
      ---
      duration_ms: 0.88187
      type: 'test'
      ...
    # Subtest: CONFLICT_OPEN_THREAD_DIALOGUE_HIGHLIGHT_AFTERMATH_VOID does not fire when a heavy clue-debt scene is followed by highlighted dialogue within its window
    ok 6 - CONFLICT_OPEN_THREAD_DIALOGUE_HIGHLIGHT_AFTERMATH_VOID does not fire when a heavy clue-debt scene is followed by highlighted dialogue within its window
      ---
      duration_ms: 0.869824
      type: 'test'
      ...
    1..6
ok 1223 - Wave 1052 — conflictPass: conflict stakes-dialogue-highlight aftermath void, conflict payoff-staging aftermath void, conflict open-thread-dialogue-highlight aftermath void
  ---
  duration_ms: 6.159143
  type: 'suite'
  ...
# Subtest: Wave 1038 — conflictPass: conflict open-thread-emotional aftermath void, conflict turn-relational aftermath void, conflict payoff-relational aftermath void
    # Subtest: CONFLICT_OPEN_THREAD_EMOTIONAL_AFTERMATH_VOID fires when every heavy clue-debt scene is followed by two scenes with no emotional shift
    ok 1 - CONFLICT_OPEN_THREAD_EMOTIONAL_AFTERMATH_VOID fires when every heavy clue-debt scene is followed by two scenes with no emotional shift
      ---
      duration_ms: 1.097114
      type: 'test'
      ...
    # Subtest: CONFLICT_OPEN_THREAD_EMOTIONAL_AFTERMATH_VOID does not fire when a heavy clue-debt scene is followed by an emotional shift within its window
    ok 2 - CONFLICT_OPEN_THREAD_EMOTIONAL_AFTERMATH_VOID does not fire when a heavy clue-debt scene is followed by an emotional shift within its window
      ---
      duration_ms: 0.982561
      type: 'test'
      ...
    # Subtest: CONFLICT_TURN_RELATIONAL_AFTERMATH_VOID fires when every dramatic turn is followed by two scenes with no relationship shift
    ok 3 - CONFLICT_TURN_RELATIONAL_AFTERMATH_VOID fires when every dramatic turn is followed by two scenes with no relationship shift
      ---
      duration_ms: 1.141992
      type: 'test'
      ...
    # Subtest: CONFLICT_TURN_RELATIONAL_AFTERMATH_VOID does not fire when a dramatic turn is followed by a relationship shift within its window
    ok 4 - CONFLICT_TURN_RELATIONAL_AFTERMATH_VOID does not fire when a dramatic turn is followed by a relationship shift within its window
      ---
      duration_ms: 1.074591
      type: 'test'
      ...
    # Subtest: CONFLICT_PAYOFF_RELATIONAL_AFTERMATH_VOID fires when every payoff is followed by two scenes with no relationship shift
    ok 5 - CONFLICT_PAYOFF_RELATIONAL_AFTERMATH_VOID fires when every payoff is followed by two scenes with no relationship shift
      ---
      duration_ms: 1.151175
      type: 'test'
      ...
    # Subtest: CONFLICT_PAYOFF_RELATIONAL_AFTERMATH_VOID does not fire when a payoff is followed by a relationship shift within its window
    ok 6 - CONFLICT_PAYOFF_RELATIONAL_AFTERMATH_VOID does not fire when a payoff is followed by a relationship shift within its window
      ---
      duration_ms: 0.938014
      type: 'test'
      ...
    1..6
ok 1224 - Wave 1038 — conflictPass: conflict open-thread-emotional aftermath void, conflict turn-relational aftermath void, conflict payoff-relational aftermath void
  ---
  duration_ms: 6.63954
  type: 'suite'
  ...
# Subtest: Wave 1024 — conflictPass: conflict stakes-relational aftermath void, conflict payoff-curiosity aftermath void, conflict turn-emotional aftermath void
    # Subtest: CONFLICT_STAKES_RELATIONAL_AFTERMATH_VOID fires when every stakes-raise is followed by two scenes with no relationship shift
    ok 1 - CONFLICT_STAKES_RELATIONAL_AFTERMATH_VOID fires when every stakes-raise is followed by two scenes with no relationship shift
      ---
      duration_ms: 1.153342
      type: 'test'
      ...
    # Subtest: CONFLICT_STAKES_RELATIONAL_AFTERMATH_VOID does not fire when a stakes-raise is followed by a relationship shift within its window
    ok 2 - CONFLICT_STAKES_RELATIONAL_AFTERMATH_VOID does not fire when a stakes-raise is followed by a relationship shift within its window
      ---
      duration_ms: 0.929516
      type: 'test'
      ...
    # Subtest: CONFLICT_PAYOFF_CURIOSITY_AFTERMATH_VOID fires when every payoff is followed by two scenes with no curiosity rise
    ok 3 - CONFLICT_PAYOFF_CURIOSITY_AFTERMATH_VOID fires when every payoff is followed by two scenes with no curiosity rise
      ---
      duration_ms: 0.954577
      type: 'test'
      ...
    # Subtest: CONFLICT_PAYOFF_CURIOSITY_AFTERMATH_VOID does not fire when a payoff is followed by a curiosity rise within its window
    ok 4 - CONFLICT_PAYOFF_CURIOSITY_AFTERMATH_VOID does not fire when a payoff is followed by a curiosity rise within its window
      ---
      duration_ms: 0.869194
      type: 'test'
      ...
    # Subtest: CONFLICT_TURN_EMOTIONAL_AFTERMATH_VOID fires when every dramatic turn is followed by two scenes with no emotional shift
    ok 5 - CONFLICT_TURN_EMOTIONAL_AFTERMATH_VOID fires when every dramatic turn is followed by two scenes with no emotional shift
      ---
      duration_ms: 0.899841
      type: 'test'
      ...
    # Subtest: CONFLICT_TURN_EMOTIONAL_AFTERMATH_VOID does not fire when a dramatic turn is followed by an emotional shift within its window
    ok 6 - CONFLICT_TURN_EMOTIONAL_AFTERMATH_VOID does not fire when a dramatic turn is followed by an emotional shift within its window
      ---
      duration_ms: 0.917806
      type: 'test'
      ...
    1..6
ok 1225 - Wave 1024 — conflictPass: conflict stakes-relational aftermath void, conflict payoff-curiosity aftermath void, conflict turn-emotional aftermath void
  ---
  duration_ms: 6.010379
  type: 'suite'
  ...
# Subtest: Wave 1010 — conflictPass: conflict turn-curiosity aftermath void, conflict payoff-suspense aftermath void, conflict stakes-emotional aftermath void
    # Subtest: CONFLICT_TURN_CURIOSITY_AFTERMATH_VOID fires when every dramatic turn is followed by two scenes with no new curiosity
    ok 1 - CONFLICT_TURN_CURIOSITY_AFTERMATH_VOID fires when every dramatic turn is followed by two scenes with no new curiosity
      ---
      duration_ms: 1.125694
      type: 'test'
      ...
    # Subtest: CONFLICT_TURN_CURIOSITY_AFTERMATH_VOID does not fire when a dramatic turn is followed by new curiosity within its window
    ok 2 - CONFLICT_TURN_CURIOSITY_AFTERMATH_VOID does not fire when a dramatic turn is followed by new curiosity within its window
      ---
      duration_ms: 0.97116
      type: 'test'
      ...
    # Subtest: CONFLICT_PAYOFF_SUSPENSE_AFTERMATH_VOID fires when every payoff is followed by two scenes with no rise in suspense
    ok 3 - CONFLICT_PAYOFF_SUSPENSE_AFTERMATH_VOID fires when every payoff is followed by two scenes with no rise in suspense
      ---
      duration_ms: 0.937403
      type: 'test'
      ...
    # Subtest: CONFLICT_PAYOFF_SUSPENSE_AFTERMATH_VOID does not fire when a payoff is followed by rising suspense within its window
    ok 4 - CONFLICT_PAYOFF_SUSPENSE_AFTERMATH_VOID does not fire when a payoff is followed by rising suspense within its window
      ---
      duration_ms: 0.884874
      type: 'test'
      ...
    # Subtest: CONFLICT_STAKES_EMOTIONAL_AFTERMATH_VOID fires when every stakes-raise is followed by two scenes with no emotional shift
    ok 5 - CONFLICT_STAKES_EMOTIONAL_AFTERMATH_VOID fires when every stakes-raise is followed by two scenes with no emotional shift
      ---
      duration_ms: 0.959548
      type: 'test'
      ...
    # Subtest: CONFLICT_STAKES_EMOTIONAL_AFTERMATH_VOID does not fire when a stakes-raise is followed by an emotional shift within its window
    ok 6 - CONFLICT_STAKES_EMOTIONAL_AFTERMATH_VOID does not fire when a stakes-raise is followed by an emotional shift within its window
      ---
      duration_ms: 0.916002
      type: 'test'
      ...
    1..6
ok 1226 - Wave 1010 — conflictPass: conflict turn-curiosity aftermath void, conflict payoff-suspense aftermath void, conflict stakes-emotional aftermath void
  ---
  duration_ms: 6.053347
  type: 'suite'
  ...
# Subtest: Wave 996 — conflictPass: conflict stakes-suspense aftermath void, conflict payoff-emotional aftermath void, conflict open-thread-curiosity aftermath void
    # Subtest: CONFLICT_STAKES_SUSPENSE_AFTERMATH_VOID fires when every stakes-raise is followed by two scenes with no rise in suspense
    ok 1 - CONFLICT_STAKES_SUSPENSE_AFTERMATH_VOID fires when every stakes-raise is followed by two scenes with no rise in suspense
      ---
      duration_ms: 1.143645
      type: 'test'
      ...
    # Subtest: CONFLICT_STAKES_SUSPENSE_AFTERMATH_VOID does not fire when a stakes-raise is followed by rising suspense within its window
    ok 2 - CONFLICT_STAKES_SUSPENSE_AFTERMATH_VOID does not fire when a stakes-raise is followed by rising suspense within its window
      ---
      duration_ms: 0.870827
      type: 'test'
      ...
    # Subtest: CONFLICT_PAYOFF_EMOTIONAL_AFTERMATH_VOID fires when every payoff is followed by two scenes with no emotional shift
    ok 3 - CONFLICT_PAYOFF_EMOTIONAL_AFTERMATH_VOID fires when every payoff is followed by two scenes with no emotional shift
      ---
      duration_ms: 1.044578
      type: 'test'
      ...
    # Subtest: CONFLICT_PAYOFF_EMOTIONAL_AFTERMATH_VOID does not fire when a payoff is followed by an emotional shift within its window
    ok 4 - CONFLICT_PAYOFF_EMOTIONAL_AFTERMATH_VOID does not fire when a payoff is followed by an emotional shift within its window
      ---
      duration_ms: 0.860822
      type: 'test'
      ...
    # Subtest: CONFLICT_OPEN_THREAD_CURIOSITY_AFTERMATH_VOID fires when every heavy clue-debt scene is followed by two scenes with no new curiosity
    ok 5 - CONFLICT_OPEN_THREAD_CURIOSITY_AFTERMATH_VOID fires when every heavy clue-debt scene is followed by two scenes with no new curiosity
      ---
      duration_ms: 0.906845
      type: 'test'
      ...
    # Subtest: CONFLICT_OPEN_THREAD_CURIOSITY_AFTERMATH_VOID does not fire when a heavy clue-debt scene is followed by new curiosity within its window
    ok 6 - CONFLICT_OPEN_THREAD_CURIOSITY_AFTERMATH_VOID does not fire when a heavy clue-debt scene is followed by new curiosity within its window
      ---
      duration_ms: 0.848676
      type: 'test'
      ...
    1..6
ok 1227 - Wave 996 — conflictPass: conflict stakes-suspense aftermath void, conflict payoff-emotional aftermath void, conflict open-thread-curiosity aftermath void
  ---
  duration_ms: 5.933725
  type: 'suite'
  ...
# Subtest: Wave 982 — conflictPass: conflict emotion zone imbalance, conflict highlight zone imbalance, conflict stakes curiosity aftermath void
    # Subtest: CONFLICT_EMOTION_ZONE_IMBALANCE fires when one zone is empty while another holds >=50% of emotionally-charged scenes
    ok 1 - CONFLICT_EMOTION_ZONE_IMBALANCE fires when one zone is empty while another holds >=50% of emotionally-charged scenes
      ---
      duration_ms: 1.15225
      type: 'test'
      ...
    # Subtest: CONFLICT_EMOTION_ZONE_IMBALANCE does not fire when emotionally-charged scenes touch every zone
    ok 2 - CONFLICT_EMOTION_ZONE_IMBALANCE does not fire when emotionally-charged scenes touch every zone
      ---
      duration_ms: 0.876925
      type: 'test'
      ...
    # Subtest: CONFLICT_HIGHLIGHT_ZONE_IMBALANCE fires when one zone is empty while another holds >=50% of dialogue-highlight scenes
    ok 3 - CONFLICT_HIGHLIGHT_ZONE_IMBALANCE fires when one zone is empty while another holds >=50% of dialogue-highlight scenes
      ---
      duration_ms: 0.947862
      type: 'test'
      ...
    # Subtest: CONFLICT_HIGHLIGHT_ZONE_IMBALANCE does not fire when dialogue-highlight scenes touch every zone
    ok 4 - CONFLICT_HIGHLIGHT_ZONE_IMBALANCE does not fire when dialogue-highlight scenes touch every zone
      ---
      duration_ms: 10.856352
      type: 'test'
      ...
    # Subtest: CONFLICT_STAKES_CURIOSITY_AFTERMATH_VOID fires when every stakes-raise has no curiosity raised within 2 scenes
    ok 5 - CONFLICT_STAKES_CURIOSITY_AFTERMATH_VOID fires when every stakes-raise has no curiosity raised within 2 scenes
      ---
      duration_ms: 1.038289
      type: 'test'
      ...
    # Subtest: CONFLICT_STAKES_CURIOSITY_AFTERMATH_VOID does not fire when a stakes-raise is followed by curiosity within 2 scenes
    ok 6 - CONFLICT_STAKES_CURIOSITY_AFTERMATH_VOID does not fire when a stakes-raise is followed by curiosity within 2 scenes
      ---
      duration_ms: 0.95228
      type: 'test'
      ...
    1..6
ok 1228 - Wave 982 — conflictPass: conflict emotion zone imbalance, conflict highlight zone imbalance, conflict stakes curiosity aftermath void
  ---
  duration_ms: 16.094758
  type: 'suite'
  ...
# Subtest: Wave 968 — conflictPass: conflict seed zone imbalance, conflict clock delta zone imbalance, conflict clock zone imbalance
    # Subtest: CONFLICT_SEED_ZONE_IMBALANCE fires when one zone is empty while another holds >=50% of seeding scenes
    ok 1 - CONFLICT_SEED_ZONE_IMBALANCE fires when one zone is empty while another holds >=50% of seeding scenes
      ---
      duration_ms: 1.273273
      type: 'test'
      ...
    # Subtest: CONFLICT_SEED_ZONE_IMBALANCE does not fire when seeding scenes touch every zone
    ok 2 - CONFLICT_SEED_ZONE_IMBALANCE does not fire when seeding scenes touch every zone
      ---
      duration_ms: 0.860259
      type: 'test'
      ...
    # Subtest: CONFLICT_CLOCK_DELTA_ZONE_IMBALANCE fires when one zone is empty while another holds >=50% of clock-advancing scenes
    ok 3 - CONFLICT_CLOCK_DELTA_ZONE_IMBALANCE fires when one zone is empty while another holds >=50% of clock-advancing scenes
      ---
      duration_ms: 0.934504
      type: 'test'
      ...
    # Subtest: CONFLICT_CLOCK_DELTA_ZONE_IMBALANCE does not fire when clock-advancing scenes touch every zone
    ok 4 - CONFLICT_CLOCK_DELTA_ZONE_IMBALANCE does not fire when clock-advancing scenes touch every zone
      ---
      duration_ms: 0.852729
      type: 'test'
      ...
    # Subtest: CONFLICT_CLOCK_ZONE_IMBALANCE fires when one zone is empty while another holds >=50% of clock-raising scenes
    ok 5 - CONFLICT_CLOCK_ZONE_IMBALANCE fires when one zone is empty while another holds >=50% of clock-raising scenes
      ---
      duration_ms: 0.915638
      type: 'test'
      ...
    # Subtest: CONFLICT_CLOCK_ZONE_IMBALANCE does not fire when clock-raising scenes touch every zone
    ok 6 - CONFLICT_CLOCK_ZONE_IMBALANCE does not fire when clock-raising scenes touch every zone
      ---
      duration_ms: 0.821611
      type: 'test'
      ...
    1..6
ok 1229 - Wave 968 — conflictPass: conflict seed zone imbalance, conflict clock delta zone imbalance, conflict clock zone imbalance
  ---
  duration_ms: 5.907946
  type: 'suite'
  ...
# Subtest: Wave 954 — conflictPass: conflict relationship zone imbalance, conflict turn zone imbalance, conflict revelation zone imbalance
    # Subtest: CONFLICT_RELATIONSHIP_ZONE_IMBALANCE fires when one zone is empty while another holds >=50% of relationship-shift scenes
    ok 1 - CONFLICT_RELATIONSHIP_ZONE_IMBALANCE fires when one zone is empty while another holds >=50% of relationship-shift scenes
      ---
      duration_ms: 1.204556
      type: 'test'
      ...
    # Subtest: CONFLICT_RELATIONSHIP_ZONE_IMBALANCE does not fire when relationship-shift scenes touch every zone
    ok 2 - CONFLICT_RELATIONSHIP_ZONE_IMBALANCE does not fire when relationship-shift scenes touch every zone
      ---
      duration_ms: 1.052265
      type: 'test'
      ...
    # Subtest: CONFLICT_TURN_ZONE_IMBALANCE fires when one zone is empty while another holds >=50% of dramatic-turn scenes
    ok 3 - CONFLICT_TURN_ZONE_IMBALANCE fires when one zone is empty while another holds >=50% of dramatic-turn scenes
      ---
      duration_ms: 0.948101
      type: 'test'
      ...
    # Subtest: CONFLICT_TURN_ZONE_IMBALANCE does not fire when dramatic-turn scenes touch every zone
    ok 4 - CONFLICT_TURN_ZONE_IMBALANCE does not fire when dramatic-turn scenes touch every zone
      ---
      duration_ms: 0.827722
      type: 'test'
      ...
    # Subtest: CONFLICT_REVELATION_ZONE_IMBALANCE fires when one zone is empty while another holds >=50% of revelation scenes
    ok 5 - CONFLICT_REVELATION_ZONE_IMBALANCE fires when one zone is empty while another holds >=50% of revelation scenes
      ---
      duration_ms: 1.051862
      type: 'test'
      ...
    # Subtest: CONFLICT_REVELATION_ZONE_IMBALANCE does not fire when revelation scenes touch every zone
    ok 6 - CONFLICT_REVELATION_ZONE_IMBALANCE does not fire when revelation scenes touch every zone
      ---
      duration_ms: 0.861479
      type: 'test'
      ...
    1..6
ok 1230 - Wave 954 — conflictPass: conflict relationship zone imbalance, conflict turn zone imbalance, conflict revelation zone imbalance
  ---
  duration_ms: 6.192987
  type: 'suite'
  ...
# Subtest: Wave 940 — conflictPass: conflict positive emotion zone imbalance, conflict curiosity zone imbalance, conflict open thread zone imbalance
    # Subtest: CONFLICT_POSITIVE_EMOTION_ZONE_IMBALANCE fires when one zone is empty while another holds >=50% of positive-shift scenes
    ok 1 - CONFLICT_POSITIVE_EMOTION_ZONE_IMBALANCE fires when one zone is empty while another holds >=50% of positive-shift scenes
      ---
      duration_ms: 1.190355
      type: 'test'
      ...
    # Subtest: CONFLICT_POSITIVE_EMOTION_ZONE_IMBALANCE does not fire when positive-shift scenes touch every zone
    ok 2 - CONFLICT_POSITIVE_EMOTION_ZONE_IMBALANCE does not fire when positive-shift scenes touch every zone
      ---
      duration_ms: 0.815528
      type: 'test'
      ...
    # Subtest: CONFLICT_CURIOSITY_ZONE_IMBALANCE fires when one zone is empty while another holds >=50% of curiosity-raising scenes
    ok 3 - CONFLICT_CURIOSITY_ZONE_IMBALANCE fires when one zone is empty while another holds >=50% of curiosity-raising scenes
      ---
      duration_ms: 0.986193
      type: 'test'
      ...
    # Subtest: CONFLICT_CURIOSITY_ZONE_IMBALANCE does not fire when curiosity-raising scenes touch every zone
    ok 4 - CONFLICT_CURIOSITY_ZONE_IMBALANCE does not fire when curiosity-raising scenes touch every zone
      ---
      duration_ms: 0.852982
      type: 'test'
      ...
    # Subtest: CONFLICT_OPEN_THREAD_ZONE_IMBALANCE fires when one zone is empty while another holds >=50% of open-thread scenes
    ok 5 - CONFLICT_OPEN_THREAD_ZONE_IMBALANCE fires when one zone is empty while another holds >=50% of open-thread scenes
      ---
      duration_ms: 0.965738
      type: 'test'
      ...
    # Subtest: CONFLICT_OPEN_THREAD_ZONE_IMBALANCE does not fire when open-thread scenes touch every zone
    ok 6 - CONFLICT_OPEN_THREAD_ZONE_IMBALANCE does not fire when open-thread scenes touch every zone
      ---
      duration_ms: 0.841251
      type: 'test'
      ...
    1..6
ok 1231 - Wave 940 — conflictPass: conflict positive emotion zone imbalance, conflict curiosity zone imbalance, conflict open thread zone imbalance
  ---
  duration_ms: 5.946224
  type: 'suite'
  ...
# Subtest: Wave 926 — conflictPass: conflict stakes zone imbalance, conflict revelation purpose zone imbalance, conflict negative emotion zone imbalance
    # Subtest: CONFLICT_STAKES_ZONE_IMBALANCE fires when one zone is empty while another holds >=50% of stakes-raising scenes
    ok 1 - CONFLICT_STAKES_ZONE_IMBALANCE fires when one zone is empty while another holds >=50% of stakes-raising scenes
      ---
      duration_ms: 1.282298
      type: 'test'
      ...
    # Subtest: CONFLICT_STAKES_ZONE_IMBALANCE does not fire when stakes-raising scenes touch every zone
    ok 2 - CONFLICT_STAKES_ZONE_IMBALANCE does not fire when stakes-raising scenes touch every zone
      ---
      duration_ms: 0.976264
      type: 'test'
      ...
    # Subtest: CONFLICT_REVELATION_PURPOSE_ZONE_IMBALANCE fires when one zone is empty while another holds >=50% of revelation-purposed scenes
    ok 3 - CONFLICT_REVELATION_PURPOSE_ZONE_IMBALANCE fires when one zone is empty while another holds >=50% of revelation-purposed scenes
      ---
      duration_ms: 1.026778
      type: 'test'
      ...
    # Subtest: CONFLICT_REVELATION_PURPOSE_ZONE_IMBALANCE does not fire when revelation-purposed scenes touch every zone
    ok 4 - CONFLICT_REVELATION_PURPOSE_ZONE_IMBALANCE does not fire when revelation-purposed scenes touch every zone
      ---
      duration_ms: 0.823108
      type: 'test'
      ...
    # Subtest: CONFLICT_NEGATIVE_EMOTION_ZONE_IMBALANCE fires when one zone is empty while another holds >=50% of negative-shift scenes
    ok 5 - CONFLICT_NEGATIVE_EMOTION_ZONE_IMBALANCE fires when one zone is empty while another holds >=50% of negative-shift scenes
      ---
      duration_ms: 0.986827
      type: 'test'
      ...
    # Subtest: CONFLICT_NEGATIVE_EMOTION_ZONE_IMBALANCE does not fire when negative-shift scenes touch every zone
    ok 6 - CONFLICT_NEGATIVE_EMOTION_ZONE_IMBALANCE does not fire when negative-shift scenes touch every zone
      ---
      duration_ms: 0.79217
      type: 'test'
      ...
    1..6
ok 1232 - Wave 926 — conflictPass: conflict stakes zone imbalance, conflict revelation purpose zone imbalance, conflict negative emotion zone imbalance
  ---
  duration_ms: 6.185697
  type: 'suite'
  ...
# Subtest: Wave 912 — conflictPass: conflict complicate zone imbalance, conflict introduce conflict zone imbalance, conflict character moment zone imbalance
    # Subtest: CONFLICT_COMPLICATE_ZONE_IMBALANCE fires when one zone is empty while another holds >=50% of complicating scenes
    ok 1 - CONFLICT_COMPLICATE_ZONE_IMBALANCE fires when one zone is empty while another holds >=50% of complicating scenes
      ---
      duration_ms: 1.13525
      type: 'test'
      ...
    # Subtest: CONFLICT_COMPLICATE_ZONE_IMBALANCE does not fire when complicating scenes touch every zone
    ok 2 - CONFLICT_COMPLICATE_ZONE_IMBALANCE does not fire when complicating scenes touch every zone
      ---
      duration_ms: 0.860825
      type: 'test'
      ...
    # Subtest: CONFLICT_INTRODUCE_CONFLICT_ZONE_IMBALANCE fires when one zone is empty while another holds >=50% of conflict-introducing scenes
    ok 3 - CONFLICT_INTRODUCE_CONFLICT_ZONE_IMBALANCE fires when one zone is empty while another holds >=50% of conflict-introducing scenes
      ---
      duration_ms: 0.900744
      type: 'test'
      ...
    # Subtest: CONFLICT_INTRODUCE_CONFLICT_ZONE_IMBALANCE does not fire when conflict-introducing scenes touch every zone
    ok 4 - CONFLICT_INTRODUCE_CONFLICT_ZONE_IMBALANCE does not fire when conflict-introducing scenes touch every zone
      ---
      duration_ms: 0.779586
      type: 'test'
      ...
    # Subtest: CONFLICT_CHARACTER_MOMENT_ZONE_IMBALANCE fires when one zone is empty while another holds >=50% of character-moment scenes
    ok 5 - CONFLICT_CHARACTER_MOMENT_ZONE_IMBALANCE fires when one zone is empty while another holds >=50% of character-moment scenes
      ---
      duration_ms: 0.98385
      type: 'test'
      ...
    # Subtest: CONFLICT_CHARACTER_MOMENT_ZONE_IMBALANCE does not fire when character-moment scenes touch every zone
    ok 6 - CONFLICT_CHARACTER_MOMENT_ZONE_IMBALANCE does not fire when character-moment scenes touch every zone
      ---
      duration_ms: 0.941075
      type: 'test'
      ...
    1..6
ok 1233 - Wave 912 — conflictPass: conflict complicate zone imbalance, conflict introduce conflict zone imbalance, conflict character moment zone imbalance
  ---
  duration_ms: 5.923898
  type: 'suite'
  ...
# Subtest: Wave 898 — conflictPass: conflict revelation purpose zone cluster, conflict revelation purpose drought run, conflict turning point zone imbalance
    # Subtest: CONFLICT_REVELATION_PURPOSE_ZONE_CLUSTER fires when >75% of revelation-purposed scenes cluster in one third
    ok 1 - CONFLICT_REVELATION_PURPOSE_ZONE_CLUSTER fires when >75% of revelation-purposed scenes cluster in one third
      ---
      duration_ms: 1.002657
      type: 'test'
      ...
    # Subtest: CONFLICT_REVELATION_PURPOSE_ZONE_CLUSTER does not fire when revelation-purposed scenes spread across thirds
    ok 2 - CONFLICT_REVELATION_PURPOSE_ZONE_CLUSTER does not fire when revelation-purposed scenes spread across thirds
      ---
      duration_ms: 0.758035
      type: 'test'
      ...
    # Subtest: CONFLICT_REVELATION_PURPOSE_DROUGHT_RUN fires when a long run has no revelation-purposed scene
    ok 3 - CONFLICT_REVELATION_PURPOSE_DROUGHT_RUN fires when a long run has no revelation-purposed scene
      ---
      duration_ms: 0.967765
      type: 'test'
      ...
    # Subtest: CONFLICT_REVELATION_PURPOSE_DROUGHT_RUN does not fire when revelation-purposed scenes are evenly spread
    ok 4 - CONFLICT_REVELATION_PURPOSE_DROUGHT_RUN does not fire when revelation-purposed scenes are evenly spread
      ---
      duration_ms: 0.884481
      type: 'test'
      ...
    # Subtest: CONFLICT_TURNING_POINT_ZONE_IMBALANCE fires when one zone is empty while another holds >=50% of turning-point scenes
    ok 5 - CONFLICT_TURNING_POINT_ZONE_IMBALANCE fires when one zone is empty while another holds >=50% of turning-point scenes
      ---
      duration_ms: 0.950695
      type: 'test'
      ...
    # Subtest: CONFLICT_TURNING_POINT_ZONE_IMBALANCE does not fire when turning-point scenes touch every zone
    ok 6 - CONFLICT_TURNING_POINT_ZONE_IMBALANCE does not fire when turning-point scenes touch every zone
      ---
      duration_ms: 0.837833
      type: 'test'
      ...
    1..6
ok 1234 - Wave 898 — conflictPass: conflict revelation purpose zone cluster, conflict revelation purpose drought run, conflict turning point zone imbalance
  ---
  duration_ms: 5.692827
  type: 'suite'
  ...
# Subtest: Wave 884 — conflictPass: conflict climax zone imbalance, conflict establish world zone imbalance, conflict resolution zone imbalance
    # Subtest: CONFLICT_CLIMAX_ZONE_IMBALANCE fires when one zone is empty while another holds >=50% of climax-purposed scenes
    ok 1 - CONFLICT_CLIMAX_ZONE_IMBALANCE fires when one zone is empty while another holds >=50% of climax-purposed scenes
      ---
      duration_ms: 1.133493
      type: 'test'
      ...
    # Subtest: CONFLICT_CLIMAX_ZONE_IMBALANCE does not fire when climax-purposed scenes touch every zone
    ok 2 - CONFLICT_CLIMAX_ZONE_IMBALANCE does not fire when climax-purposed scenes touch every zone
      ---
      duration_ms: 0.859437
      type: 'test'
      ...
    # Subtest: CONFLICT_ESTABLISH_WORLD_ZONE_IMBALANCE fires when one zone is empty while another holds >=50% of world-establishing scenes
    ok 3 - CONFLICT_ESTABLISH_WORLD_ZONE_IMBALANCE fires when one zone is empty while another holds >=50% of world-establishing scenes
      ---
      duration_ms: 0.890027
      type: 'test'
      ...
    # Subtest: CONFLICT_ESTABLISH_WORLD_ZONE_IMBALANCE does not fire when world-establishing scenes touch every zone
    ok 4 - CONFLICT_ESTABLISH_WORLD_ZONE_IMBALANCE does not fire when world-establishing scenes touch every zone
      ---
      duration_ms: 0.88566
      type: 'test'
      ...
    # Subtest: CONFLICT_RESOLUTION_ZONE_IMBALANCE fires when one zone is empty while another holds >=50% of resolution-purposed scenes
    ok 5 - CONFLICT_RESOLUTION_ZONE_IMBALANCE fires when one zone is empty while another holds >=50% of resolution-purposed scenes
      ---
      duration_ms: 1.103163
      type: 'test'
      ...
    # Subtest: CONFLICT_RESOLUTION_ZONE_IMBALANCE does not fire when resolution-purposed scenes touch every zone
    ok 6 - CONFLICT_RESOLUTION_ZONE_IMBALANCE does not fire when resolution-purposed scenes touch every zone
      ---
      duration_ms: 0.88616
      type: 'test'
      ...
    1..6
ok 1235 - Wave 884 — conflictPass: conflict climax zone imbalance, conflict establish world zone imbalance, conflict resolution zone imbalance
  ---
  duration_ms: 6.00735
  type: 'suite'
  ...
# Subtest: Wave 870 — conflictPass: conflict resolution drought run, conflict complicate zone cluster, conflict complicate drought run
    # Subtest: CONFLICT_RESOLUTION_DROUGHT_RUN fires when a long run has no resolution-purposed scene
    ok 1 - CONFLICT_RESOLUTION_DROUGHT_RUN fires when a long run has no resolution-purposed scene
      ---
      duration_ms: 1.462545
      type: 'test'
      ...
    # Subtest: CONFLICT_RESOLUTION_DROUGHT_RUN does not fire when resolution-purposed scenes are evenly spread
    ok 2 - CONFLICT_RESOLUTION_DROUGHT_RUN does not fire when resolution-purposed scenes are evenly spread
      ---
      duration_ms: 0.872667
      type: 'test'
      ...
    # Subtest: CONFLICT_COMPLICATE_ZONE_CLUSTER fires when >75% of complicating scenes cluster in one third
    ok 3 - CONFLICT_COMPLICATE_ZONE_CLUSTER fires when >75% of complicating scenes cluster in one third
      ---
      duration_ms: 0.808483
      type: 'test'
      ...
    # Subtest: CONFLICT_COMPLICATE_ZONE_CLUSTER does not fire when complicating scenes spread across thirds
    ok 4 - CONFLICT_COMPLICATE_ZONE_CLUSTER does not fire when complicating scenes spread across thirds
      ---
      duration_ms: 0.711776
      type: 'test'
      ...
    # Subtest: CONFLICT_COMPLICATE_DROUGHT_RUN fires when a long run has no complicating scene
    ok 5 - CONFLICT_COMPLICATE_DROUGHT_RUN fires when a long run has no complicating scene
      ---
      duration_ms: 0.846901
      type: 'test'
      ...
    # Subtest: CONFLICT_COMPLICATE_DROUGHT_RUN does not fire when complicating scenes are evenly spread
    ok 6 - CONFLICT_COMPLICATE_DROUGHT_RUN does not fire when complicating scenes are evenly spread
      ---
      duration_ms: 0.877459
      type: 'test'
      ...
    1..6
ok 1236 - Wave 870 — conflictPass: conflict resolution drought run, conflict complicate zone cluster, conflict complicate drought run
  ---
  duration_ms: 5.879383
  type: 'suite'
  ...
# Subtest: Wave 856 — conflictPass: conflict climax drought run, conflict establish world drought run, conflict resolution zone cluster
    # Subtest: CONFLICT_CLIMAX_DROUGHT_RUN fires when a long run has no climax-purposed scene
    ok 1 - CONFLICT_CLIMAX_DROUGHT_RUN fires when a long run has no climax-purposed scene
      ---
      duration_ms: 1.120316
      type: 'test'
      ...
    # Subtest: CONFLICT_CLIMAX_DROUGHT_RUN does not fire when climax-purposed scenes are evenly spread
    ok 2 - CONFLICT_CLIMAX_DROUGHT_RUN does not fire when climax-purposed scenes are evenly spread
      ---
      duration_ms: 0.895654
      type: 'test'
      ...
    # Subtest: CONFLICT_ESTABLISH_WORLD_DROUGHT_RUN fires when a long run has no world-building
    ok 3 - CONFLICT_ESTABLISH_WORLD_DROUGHT_RUN fires when a long run has no world-building
      ---
      duration_ms: 0.870367
      type: 'test'
      ...
    # Subtest: CONFLICT_ESTABLISH_WORLD_DROUGHT_RUN does not fire when world-establishing scenes are evenly spread
    ok 4 - CONFLICT_ESTABLISH_WORLD_DROUGHT_RUN does not fire when world-establishing scenes are evenly spread
      ---
      duration_ms: 0.971901
      type: 'test'
      ...
    # Subtest: CONFLICT_RESOLUTION_ZONE_CLUSTER fires when >75% of resolution-purposed scenes cluster in one third
    ok 5 - CONFLICT_RESOLUTION_ZONE_CLUSTER fires when >75% of resolution-purposed scenes cluster in one third
      ---
      duration_ms: 0.917445
      type: 'test'
      ...
    # Subtest: CONFLICT_RESOLUTION_ZONE_CLUSTER does not fire when resolution-purposed scenes spread across thirds
    ok 6 - CONFLICT_RESOLUTION_ZONE_CLUSTER does not fire when resolution-purposed scenes spread across thirds
      ---
      duration_ms: 0.8107
      type: 'test'
      ...
    1..6
ok 1237 - Wave 856 — conflictPass: conflict climax drought run, conflict establish world drought run, conflict resolution zone cluster
  ---
  duration_ms: 5.846019
  type: 'suite'
  ...
# Subtest: Wave 842 — conflictPass: conflict positive emotion drought run, conflict establish world zone cluster, conflict climax zone cluster
    # Subtest: CONFLICT_POSITIVE_EMOTION_DROUGHT_RUN fires when a long run has no positive-emotion charge
    ok 1 - CONFLICT_POSITIVE_EMOTION_DROUGHT_RUN fires when a long run has no positive-emotion charge
      ---
      duration_ms: 1.050805
      type: 'test'
      ...
    # Subtest: CONFLICT_POSITIVE_EMOTION_DROUGHT_RUN does not fire when positive-emotion scenes are evenly spread
    ok 2 - CONFLICT_POSITIVE_EMOTION_DROUGHT_RUN does not fire when positive-emotion scenes are evenly spread
      ---
      duration_ms: 0.881261
      type: 'test'
      ...
    # Subtest: CONFLICT_ESTABLISH_WORLD_ZONE_CLUSTER fires when >75% of world-establishing scenes cluster in one third
    ok 3 - CONFLICT_ESTABLISH_WORLD_ZONE_CLUSTER fires when >75% of world-establishing scenes cluster in one third
      ---
      duration_ms: 0.845433
      type: 'test'
      ...
    # Subtest: CONFLICT_ESTABLISH_WORLD_ZONE_CLUSTER does not fire when world-establishing scenes spread across thirds
    ok 4 - CONFLICT_ESTABLISH_WORLD_ZONE_CLUSTER does not fire when world-establishing scenes spread across thirds
      ---
      duration_ms: 0.766867
      type: 'test'
      ...
    # Subtest: CONFLICT_CLIMAX_ZONE_CLUSTER fires when >75% of climax-purposed scenes cluster in one third
    ok 5 - CONFLICT_CLIMAX_ZONE_CLUSTER fires when >75% of climax-purposed scenes cluster in one third
      ---
      duration_ms: 0.696027
      type: 'test'
      ...
    # Subtest: CONFLICT_CLIMAX_ZONE_CLUSTER does not fire when climax-purposed scenes spread across thirds
    ok 6 - CONFLICT_CLIMAX_ZONE_CLUSTER does not fire when climax-purposed scenes spread across thirds
      ---
      duration_ms: 0.738511
      type: 'test'
      ...
    1..6
ok 1238 - Wave 842 — conflictPass: conflict positive emotion drought run, conflict establish world zone cluster, conflict climax zone cluster
  ---
  duration_ms: 5.247724
  type: 'suite'
  ...
# Subtest: Wave 828 — conflictPass: conflict turning point zone cluster, conflict turning point drought run, conflict positive emotion zone cluster
    # Subtest: CONFLICT_TURNING_POINT_ZONE_CLUSTER fires when >75% of turning-point scenes cluster in one third
    ok 1 - CONFLICT_TURNING_POINT_ZONE_CLUSTER fires when >75% of turning-point scenes cluster in one third
      ---
      duration_ms: 0.986173
      type: 'test'
      ...
    # Subtest: CONFLICT_TURNING_POINT_ZONE_CLUSTER does not fire when turning-point scenes spread across thirds
    ok 2 - CONFLICT_TURNING_POINT_ZONE_CLUSTER does not fire when turning-point scenes spread across thirds
      ---
      duration_ms: 0.936009
      type: 'test'
      ...
    # Subtest: CONFLICT_TURNING_POINT_DROUGHT_RUN fires when a long run has no turning point
    ok 3 - CONFLICT_TURNING_POINT_DROUGHT_RUN fires when a long run has no turning point
      ---
      duration_ms: 0.964706
      type: 'test'
      ...
    # Subtest: CONFLICT_TURNING_POINT_DROUGHT_RUN does not fire when turning points are evenly spread
    ok 4 - CONFLICT_TURNING_POINT_DROUGHT_RUN does not fire when turning points are evenly spread
      ---
      duration_ms: 1.009229
      type: 'test'
      ...
    # Subtest: CONFLICT_POSITIVE_EMOTION_ZONE_CLUSTER fires when >75% of positive-emotion scenes cluster in one third
    ok 5 - CONFLICT_POSITIVE_EMOTION_ZONE_CLUSTER fires when >75% of positive-emotion scenes cluster in one third
      ---
      duration_ms: 0.861537
      type: 'test'
      ...
    # Subtest: CONFLICT_POSITIVE_EMOTION_ZONE_CLUSTER does not fire when positive-emotion scenes spread across thirds
    ok 6 - CONFLICT_POSITIVE_EMOTION_ZONE_CLUSTER does not fire when positive-emotion scenes spread across thirds
      ---
      duration_ms: 0.847622
      type: 'test'
      ...
    1..6
ok 1239 - Wave 828 — conflictPass: conflict turning point zone cluster, conflict turning point drought run, conflict positive emotion zone cluster
  ---
  duration_ms: 5.852863
  type: 'suite'
  ...
# Subtest: Wave 814 — conflictPass: conflict introduce conflict drought run, conflict character moment zone cluster, conflict character moment drought run
    # Subtest: CONFLICT_INTRODUCE_CONFLICT_DROUGHT_RUN fires when a long run has no new conflict introduced
    ok 1 - CONFLICT_INTRODUCE_CONFLICT_DROUGHT_RUN fires when a long run has no new conflict introduced
      ---
      duration_ms: 1.105442
      type: 'test'
      ...
    # Subtest: CONFLICT_INTRODUCE_CONFLICT_DROUGHT_RUN does not fire when conflict-introducing scenes are evenly spread
    ok 2 - CONFLICT_INTRODUCE_CONFLICT_DROUGHT_RUN does not fire when conflict-introducing scenes are evenly spread
      ---
      duration_ms: 0.859535
      type: 'test'
      ...
    # Subtest: CONFLICT_CHARACTER_MOMENT_ZONE_CLUSTER fires when >75% of character-moment scenes cluster in one third
    ok 3 - CONFLICT_CHARACTER_MOMENT_ZONE_CLUSTER fires when >75% of character-moment scenes cluster in one third
      ---
      duration_ms: 0.859236
      type: 'test'
      ...
    # Subtest: CONFLICT_CHARACTER_MOMENT_ZONE_CLUSTER does not fire when character-moment scenes spread across thirds
    ok 4 - CONFLICT_CHARACTER_MOMENT_ZONE_CLUSTER does not fire when character-moment scenes spread across thirds
      ---
      duration_ms: 0.904447
      type: 'test'
      ...
    # Subtest: CONFLICT_CHARACTER_MOMENT_DROUGHT_RUN fires when a long run has no character moment
    ok 5 - CONFLICT_CHARACTER_MOMENT_DROUGHT_RUN fires when a long run has no character moment
      ---
      duration_ms: 0.848602
      type: 'test'
      ...
    # Subtest: CONFLICT_CHARACTER_MOMENT_DROUGHT_RUN does not fire when character moments are evenly spread
    ok 6 - CONFLICT_CHARACTER_MOMENT_DROUGHT_RUN does not fire when character moments are evenly spread
      ---
      duration_ms: 0.814951
      type: 'test'
      ...
    1..6
ok 1240 - Wave 814 — conflictPass: conflict introduce conflict drought run, conflict character moment zone cluster, conflict character moment drought run
  ---
  duration_ms: 5.644617
  type: 'suite'
  ...
# Subtest: Wave 800 — conflictPass: conflict negative emotion zone cluster, conflict negative emotion drought run, conflict introduce conflict zone cluster
    # Subtest: CONFLICT_NEGATIVE_EMOTION_ZONE_CLUSTER fires when >75% of negative-emotion scenes cluster in one third
    ok 1 - CONFLICT_NEGATIVE_EMOTION_ZONE_CLUSTER fires when >75% of negative-emotion scenes cluster in one third
      ---
      duration_ms: 0.923096
      type: 'test'
      ...
    # Subtest: CONFLICT_NEGATIVE_EMOTION_ZONE_CLUSTER does not fire when negative-emotion scenes spread across thirds
    ok 2 - CONFLICT_NEGATIVE_EMOTION_ZONE_CLUSTER does not fire when negative-emotion scenes spread across thirds
      ---
      duration_ms: 0.826305
      type: 'test'
      ...
    # Subtest: CONFLICT_NEGATIVE_EMOTION_DROUGHT_RUN fires when a long run has no negative-emotion charge
    ok 3 - CONFLICT_NEGATIVE_EMOTION_DROUGHT_RUN fires when a long run has no negative-emotion charge
      ---
      duration_ms: 1.005612
      type: 'test'
      ...
    # Subtest: CONFLICT_NEGATIVE_EMOTION_DROUGHT_RUN does not fire when negative-emotion scenes are evenly spread
    ok 4 - CONFLICT_NEGATIVE_EMOTION_DROUGHT_RUN does not fire when negative-emotion scenes are evenly spread
      ---
      duration_ms: 0.862511
      type: 'test'
      ...
    # Subtest: CONFLICT_INTRODUCE_CONFLICT_ZONE_CLUSTER fires when >75% of conflict-introducing scenes cluster in one third
    ok 5 - CONFLICT_INTRODUCE_CONFLICT_ZONE_CLUSTER fires when >75% of conflict-introducing scenes cluster in one third
      ---
      duration_ms: 0.705771
      type: 'test'
      ...
    # Subtest: CONFLICT_INTRODUCE_CONFLICT_ZONE_CLUSTER does not fire when conflict-introducing scenes spread across thirds
    ok 6 - CONFLICT_INTRODUCE_CONFLICT_ZONE_CLUSTER does not fire when conflict-introducing scenes spread across thirds
      ---
      duration_ms: 4.776295
      type: 'test'
      ...
    1..6
ok 1241 - Wave 800 — conflictPass: conflict negative emotion zone cluster, conflict negative emotion drought run, conflict introduce conflict zone cluster
  ---
  duration_ms: 9.421893
  type: 'suite'
  ...
# Subtest: Wave 786 — conflictPass: conflict emotion drought run, conflict turn zone cluster, conflict turn drought run
    # Subtest: CONFLICT_EMOTION_DROUGHT_RUN fires when the longest no-emotional-charge run reaches 6
    ok 1 - CONFLICT_EMOTION_DROUGHT_RUN fires when the longest no-emotional-charge run reaches 6
      ---
      duration_ms: 1.142952
      type: 'test'
      ...
    # Subtest: CONFLICT_EMOTION_DROUGHT_RUN does not fire when emotional charges are evenly spread
    ok 2 - CONFLICT_EMOTION_DROUGHT_RUN does not fire when emotional charges are evenly spread
      ---
      duration_ms: 0.80203
      type: 'test'
      ...
    # Subtest: CONFLICT_TURN_ZONE_CLUSTER fires when >75% of turn scenes cluster in one third
    ok 3 - CONFLICT_TURN_ZONE_CLUSTER fires when >75% of turn scenes cluster in one third
      ---
      duration_ms: 0.758759
      type: 'test'
      ...
    # Subtest: CONFLICT_TURN_ZONE_CLUSTER does not fire when turn scenes spread across thirds
    ok 4 - CONFLICT_TURN_ZONE_CLUSTER does not fire when turn scenes spread across thirds
      ---
      duration_ms: 0.752468
      type: 'test'
      ...
    # Subtest: CONFLICT_TURN_DROUGHT_RUN fires when a long run has no dramatic turn
    ok 5 - CONFLICT_TURN_DROUGHT_RUN fires when a long run has no dramatic turn
      ---
      duration_ms: 0.94055
      type: 'test'
      ...
    # Subtest: CONFLICT_TURN_DROUGHT_RUN does not fire when dramatic turns are evenly spread
    ok 6 - CONFLICT_TURN_DROUGHT_RUN does not fire when dramatic turns are evenly spread
      ---
      duration_ms: 0.834458
      type: 'test'
      ...
    1..6
ok 1242 - Wave 786 — conflictPass: conflict emotion drought run, conflict turn zone cluster, conflict turn drought run
  ---
  duration_ms: 5.524204
  type: 'suite'
  ...
# Subtest: Wave 772 — conflictPass: conflict stakes zone cluster, conflict revelation peak uncaused, conflict emotion zone cluster
    # Subtest: CONFLICT_STAKES_ZONE_CLUSTER fires when >75% of stakes-raising scenes cluster in one third
    ok 1 - CONFLICT_STAKES_ZONE_CLUSTER fires when >75% of stakes-raising scenes cluster in one third
      ---
      duration_ms: 0.990366
      type: 'test'
      ...
    # Subtest: CONFLICT_STAKES_ZONE_CLUSTER does not fire when stakes-raising scenes spread across thirds
    ok 2 - CONFLICT_STAKES_ZONE_CLUSTER does not fire when stakes-raising scenes spread across thirds
      ---
      duration_ms: 0.865189
      type: 'test'
      ...
    # Subtest: CONFLICT_REVELATION_PEAK_UNCAUSED fires when the peak revelation scene has no dramatic turn nearby
    ok 3 - CONFLICT_REVELATION_PEAK_UNCAUSED fires when the peak revelation scene has no dramatic turn nearby
      ---
      duration_ms: 0.694255
      type: 'test'
      ...
    # Subtest: CONFLICT_REVELATION_PEAK_UNCAUSED does not fire when a dramatic turn precedes the peak revelation
    ok 4 - CONFLICT_REVELATION_PEAK_UNCAUSED does not fire when a dramatic turn precedes the peak revelation
      ---
      duration_ms: 0.804502
      type: 'test'
      ...
    # Subtest: CONFLICT_EMOTION_ZONE_CLUSTER fires when >75% of emotionally charged scenes cluster in one third
    ok 5 - CONFLICT_EMOTION_ZONE_CLUSTER fires when >75% of emotionally charged scenes cluster in one third
      ---
      duration_ms: 0.860969
      type: 'test'
      ...
    # Subtest: CONFLICT_EMOTION_ZONE_CLUSTER does not fire when emotionally charged scenes spread across thirds
    ok 6 - CONFLICT_EMOTION_ZONE_CLUSTER does not fire when emotionally charged scenes spread across thirds
      ---
      duration_ms: 0.77446
      type: 'test'
      ...
    1..6
ok 1243 - Wave 772 — conflictPass: conflict stakes zone cluster, conflict revelation peak uncaused, conflict emotion zone cluster
  ---
  duration_ms: 5.276785
  type: 'suite'
  ...
# Subtest: Wave 758 — conflictPass: conflict curiosity drought run, conflict revelation zone cluster, conflict stakes drought run
    # Subtest: CONFLICT_CURIOSITY_DROUGHT_RUN fires when the longest no-rising-curiosity run reaches 6
    ok 1 - CONFLICT_CURIOSITY_DROUGHT_RUN fires when the longest no-rising-curiosity run reaches 6
      ---
      duration_ms: 1.126506
      type: 'test'
      ...
    # Subtest: CONFLICT_CURIOSITY_DROUGHT_RUN does not fire when rising curiosity is spread through the story
    ok 2 - CONFLICT_CURIOSITY_DROUGHT_RUN does not fire when rising curiosity is spread through the story
      ---
      duration_ms: 1.125348
      type: 'test'
      ...
    # Subtest: CONFLICT_REVELATION_ZONE_CLUSTER fires when >75% of revelation scenes cluster in one third
    ok 3 - CONFLICT_REVELATION_ZONE_CLUSTER fires when >75% of revelation scenes cluster in one third
      ---
      duration_ms: 0.808516
      type: 'test'
      ...
    # Subtest: CONFLICT_REVELATION_ZONE_CLUSTER does not fire when revelation scenes are distributed across thirds
    ok 4 - CONFLICT_REVELATION_ZONE_CLUSTER does not fire when revelation scenes are distributed across thirds
      ---
      duration_ms: 0.806521
      type: 'test'
      ...
    # Subtest: CONFLICT_STAKES_DROUGHT_RUN fires when the longest no-stakes-raise run reaches 6
    ok 5 - CONFLICT_STAKES_DROUGHT_RUN fires when the longest no-stakes-raise run reaches 6
      ---
      duration_ms: 0.898508
      type: 'test'
      ...
    # Subtest: CONFLICT_STAKES_DROUGHT_RUN does not fire when stakes-raising scenes are spread through the story
    ok 6 - CONFLICT_STAKES_DROUGHT_RUN does not fire when stakes-raising scenes are spread through the story
      ---
      duration_ms: 1.663571
      type: 'test'
      ...
    1..6
ok 1244 - Wave 758 — conflictPass: conflict curiosity drought run, conflict revelation zone cluster, conflict stakes drought run
  ---
  duration_ms: 6.722119
  type: 'suite'
  ...
# Subtest: Wave 744 — conflictPass: conflict relationship zone cluster, conflict clock drought run, conflict curiosity peak uncaused
    # Subtest: CONFLICT_RELATIONSHIP_ZONE_CLUSTER fires when >75% of relationship-shift scenes cluster in one third
    ok 1 - CONFLICT_RELATIONSHIP_ZONE_CLUSTER fires when >75% of relationship-shift scenes cluster in one third
      ---
      duration_ms: 1.114919
      type: 'test'
      ...
    # Subtest: CONFLICT_RELATIONSHIP_ZONE_CLUSTER does not fire when relationship-shift scenes are distributed across thirds
    ok 2 - CONFLICT_RELATIONSHIP_ZONE_CLUSTER does not fire when relationship-shift scenes are distributed across thirds
      ---
      duration_ms: 0.917223
      type: 'test'
      ...
    # Subtest: CONFLICT_CLOCK_DROUGHT_RUN fires when the longest no-clock-raised run is ≥6
    ok 3 - CONFLICT_CLOCK_DROUGHT_RUN fires when the longest no-clock-raised run is ≥6
      ---
      duration_ms: 1.102596
      type: 'test'
      ...
    # Subtest: CONFLICT_CLOCK_DROUGHT_RUN does not fire when clock raises are distributed without a long drought
    ok 4 - CONFLICT_CLOCK_DROUGHT_RUN does not fire when clock raises are distributed without a long drought
      ---
      duration_ms: 0.934784
      type: 'test'
      ...
    # Subtest: CONFLICT_CURIOSITY_PEAK_UNCAUSED fires when the peak curiosity-spike scene has no dramatic turn or revelation nearby
    ok 5 - CONFLICT_CURIOSITY_PEAK_UNCAUSED fires when the peak curiosity-spike scene has no dramatic turn or revelation nearby
      ---
      duration_ms: 0.759168
      type: 'test'
      ...
    # Subtest: CONFLICT_CURIOSITY_PEAK_UNCAUSED does not fire when a dramatic turn precedes the peak within the lookback
    ok 6 - CONFLICT_CURIOSITY_PEAK_UNCAUSED does not fire when a dramatic turn precedes the peak within the lookback
      ---
      duration_ms: 0.769455
      type: 'test'
      ...
    1..6
ok 1245 - Wave 744 — conflictPass: conflict relationship zone cluster, conflict clock drought run, conflict curiosity peak uncaused
  ---
  duration_ms: 5.863933
  type: 'suite'
  ...
# Subtest: Wave 730 — conflictPass: conflict payoff zone cluster, conflict relationship peak uncaused, conflict clock delta zone cluster
    # Subtest: CONFLICT_PAYOFF_ZONE_CLUSTER fires when >75% of payoff scenes cluster in one third
    ok 1 - CONFLICT_PAYOFF_ZONE_CLUSTER fires when >75% of payoff scenes cluster in one third
      ---
      duration_ms: 1.028284
      type: 'test'
      ...
    # Subtest: CONFLICT_PAYOFF_ZONE_CLUSTER does not fire when payoff scenes are distributed across thirds
    ok 2 - CONFLICT_PAYOFF_ZONE_CLUSTER does not fire when payoff scenes are distributed across thirds
      ---
      duration_ms: 0.775359
      type: 'test'
      ...
    # Subtest: CONFLICT_RELATIONSHIP_PEAK_UNCAUSED fires when the peak relationship-shift scene has no dramatic turn or revelation nearby
    ok 3 - CONFLICT_RELATIONSHIP_PEAK_UNCAUSED fires when the peak relationship-shift scene has no dramatic turn or revelation nearby
      ---
      duration_ms: 0.85114
      type: 'test'
      ...
    # Subtest: CONFLICT_RELATIONSHIP_PEAK_UNCAUSED does not fire when a dramatic turn precedes the peak within the lookback
    ok 4 - CONFLICT_RELATIONSHIP_PEAK_UNCAUSED does not fire when a dramatic turn precedes the peak within the lookback
      ---
      duration_ms: 0.796693
      type: 'test'
      ...
    # Subtest: CONFLICT_CLOCK_DELTA_ZONE_CLUSTER fires when >75% of clock-advancing scenes cluster in one third
    ok 5 - CONFLICT_CLOCK_DELTA_ZONE_CLUSTER fires when >75% of clock-advancing scenes cluster in one third
      ---
      duration_ms: 0.761308
      type: 'test'
      ...
    # Subtest: CONFLICT_CLOCK_DELTA_ZONE_CLUSTER does not fire when clock-advancing scenes are distributed across thirds
    ok 6 - CONFLICT_CLOCK_DELTA_ZONE_CLUSTER does not fire when clock-advancing scenes are distributed across thirds
      ---
      duration_ms: 0.88597
      type: 'test'
      ...
    1..6
ok 1246 - Wave 730 — conflictPass: conflict payoff zone cluster, conflict relationship peak uncaused, conflict clock delta zone cluster
  ---
  duration_ms: 5.348582
  type: 'suite'
  ...
# Subtest: Wave 716 — conflictPass: conflict seed peak uncaused, conflict payoff drought run, conflict clock delta drought run
    # Subtest: CONFLICT_SEED_PEAK_UNCAUSED fires when the peak seed scene has no dramatic turn or revelation nearby
    ok 1 - CONFLICT_SEED_PEAK_UNCAUSED fires when the peak seed scene has no dramatic turn or revelation nearby
      ---
      duration_ms: 0.923353
      type: 'test'
      ...
    # Subtest: CONFLICT_SEED_PEAK_UNCAUSED does not fire when a dramatic turn precedes the peak within the lookback
    ok 2 - CONFLICT_SEED_PEAK_UNCAUSED does not fire when a dramatic turn precedes the peak within the lookback
      ---
      duration_ms: 0.751453
      type: 'test'
      ...
    # Subtest: CONFLICT_PAYOFF_DROUGHT_RUN fires when the longest no-payoff run is ≥6
    ok 3 - CONFLICT_PAYOFF_DROUGHT_RUN fires when the longest no-payoff run is ≥6
      ---
      duration_ms: 0.953041
      type: 'test'
      ...
    # Subtest: CONFLICT_PAYOFF_DROUGHT_RUN does not fire when payoffs are distributed without a long drought
    ok 4 - CONFLICT_PAYOFF_DROUGHT_RUN does not fire when payoffs are distributed without a long drought
      ---
      duration_ms: 1.003541
      type: 'test'
      ...
    # Subtest: CONFLICT_CLOCK_DELTA_DROUGHT_RUN fires when the longest no-clock-advance run is ≥6
    ok 5 - CONFLICT_CLOCK_DELTA_DROUGHT_RUN fires when the longest no-clock-advance run is ≥6
      ---
      duration_ms: 0.899683
      type: 'test'
      ...
    # Subtest: CONFLICT_CLOCK_DELTA_DROUGHT_RUN does not fire when clock advances are distributed without a long drought
    ok 6 - CONFLICT_CLOCK_DELTA_DROUGHT_RUN does not fire when clock advances are distributed without a long drought
      ---
      duration_ms: 0.880792
      type: 'test'
      ...
    1..6
ok 1247 - Wave 716 — conflictPass: conflict seed peak uncaused, conflict payoff drought run, conflict clock delta drought run
  ---
  duration_ms: 5.683605
  type: 'suite'
  ...
# Subtest: Wave 702 — conflictPass: conflict open thread peak uncaused, conflict clock zone cluster, conflict relationship drought run
    # Subtest: CONFLICT_OPEN_THREAD_PEAK_UNCAUSED fires when the peak open-thread scene has no dramatic turn or revelation nearby
    ok 1 - CONFLICT_OPEN_THREAD_PEAK_UNCAUSED fires when the peak open-thread scene has no dramatic turn or revelation nearby
      ---
      duration_ms: 0.897271
      type: 'test'
      ...
    # Subtest: CONFLICT_OPEN_THREAD_PEAK_UNCAUSED does not fire when a dramatic turn precedes the peak within the lookback
    ok 2 - CONFLICT_OPEN_THREAD_PEAK_UNCAUSED does not fire when a dramatic turn precedes the peak within the lookback
      ---
      duration_ms: 0.777976
      type: 'test'
      ...
    # Subtest: CONFLICT_CLOCK_ZONE_CLUSTER fires when >75% of clock-raised scenes cluster in one third
    ok 3 - CONFLICT_CLOCK_ZONE_CLUSTER fires when >75% of clock-raised scenes cluster in one third
      ---
      duration_ms: 1.028182
      type: 'test'
      ...
    # Subtest: CONFLICT_CLOCK_ZONE_CLUSTER does not fire when clock-raised scenes are distributed across thirds
    ok 4 - CONFLICT_CLOCK_ZONE_CLUSTER does not fire when clock-raised scenes are distributed across thirds
      ---
      duration_ms: 0.722486
      type: 'test'
      ...
    # Subtest: CONFLICT_RELATIONSHIP_DROUGHT_RUN fires when the longest no-shift run is ≥6
    ok 5 - CONFLICT_RELATIONSHIP_DROUGHT_RUN fires when the longest no-shift run is ≥6
      ---
      duration_ms: 0.989256
      type: 'test'
      ...
    # Subtest: CONFLICT_RELATIONSHIP_DROUGHT_RUN does not fire when shifts are distributed without a long drought
    ok 6 - CONFLICT_RELATIONSHIP_DROUGHT_RUN does not fire when shifts are distributed without a long drought
      ---
      duration_ms: 0.873171
      type: 'test'
      ...
    1..6
ok 1248 - Wave 702 — conflictPass: conflict open thread peak uncaused, conflict clock zone cluster, conflict relationship drought run
  ---
  duration_ms: 5.599005
  type: 'suite'
  ...
# Subtest: Wave 688 — conflictPass: conflict highlight peak uncaused, conflict seed zone cluster, conflict staging drought run
    # Subtest: CONFLICT_HIGHLIGHT_PEAK_UNCAUSED fires when the peak highlighted-dialogue scene has no dramatic turn or revelation nearby
    ok 1 - CONFLICT_HIGHLIGHT_PEAK_UNCAUSED fires when the peak highlighted-dialogue scene has no dramatic turn or revelation nearby
      ---
      duration_ms: 1.010379
      type: 'test'
      ...
    # Subtest: CONFLICT_HIGHLIGHT_PEAK_UNCAUSED does not fire when a dramatic turn precedes the peak within the lookback
    ok 2 - CONFLICT_HIGHLIGHT_PEAK_UNCAUSED does not fire when a dramatic turn precedes the peak within the lookback
      ---
      duration_ms: 0.748882
      type: 'test'
      ...
    # Subtest: CONFLICT_SEED_ZONE_CLUSTER fires when >75% of seed scenes cluster in one third
    ok 3 - CONFLICT_SEED_ZONE_CLUSTER fires when >75% of seed scenes cluster in one third
      ---
      duration_ms: 0.826488
      type: 'test'
      ...
    # Subtest: CONFLICT_SEED_ZONE_CLUSTER does not fire when seed scenes are distributed across thirds
    ok 4 - CONFLICT_SEED_ZONE_CLUSTER does not fire when seed scenes are distributed across thirds
      ---
      duration_ms: 0.817073
      type: 'test'
      ...
    # Subtest: CONFLICT_STAGING_DROUGHT_RUN fires when the longest no-visual-beat run is ≥6
    ok 5 - CONFLICT_STAGING_DROUGHT_RUN fires when the longest no-visual-beat run is ≥6
      ---
      duration_ms: 1.006063
      type: 'test'
      ...
    # Subtest: CONFLICT_STAGING_DROUGHT_RUN does not fire when visual beats are distributed without a long drought
    ok 6 - CONFLICT_STAGING_DROUGHT_RUN does not fire when visual beats are distributed without a long drought
      ---
      duration_ms: 0.940519
      type: 'test'
      ...
    1..6
ok 1249 - Wave 688 — conflictPass: conflict highlight peak uncaused, conflict seed zone cluster, conflict staging drought run
  ---
  duration_ms: 5.606528
  type: 'suite'
  ...
# Subtest: Wave 674 — conflictPass: conflict clock delta peak uncaused, conflict highlight drought run, conflict open thread zone cluster
    # Subtest: CONFLICT_CLOCK_DELTA_PEAK_UNCAUSED fires when the peak clockDelta scene has no dramatic turn or revelation nearby
    ok 1 - CONFLICT_CLOCK_DELTA_PEAK_UNCAUSED fires when the peak clockDelta scene has no dramatic turn or revelation nearby
      ---
      duration_ms: 0.939173
      type: 'test'
      ...
    # Subtest: CONFLICT_CLOCK_DELTA_PEAK_UNCAUSED does not fire when a dramatic turn precedes the peak within the lookback
    ok 2 - CONFLICT_CLOCK_DELTA_PEAK_UNCAUSED does not fire when a dramatic turn precedes the peak within the lookback
      ---
      duration_ms: 0.786677
      type: 'test'
      ...
    # Subtest: CONFLICT_HIGHLIGHT_DROUGHT_RUN fires when the longest no-highlighted-dialogue run is ≥6
    ok 3 - CONFLICT_HIGHLIGHT_DROUGHT_RUN fires when the longest no-highlighted-dialogue run is ≥6
      ---
      duration_ms: 1.029829
      type: 'test'
      ...
    # Subtest: CONFLICT_HIGHLIGHT_DROUGHT_RUN does not fire when highlighted dialogue is distributed without a long drought
    ok 4 - CONFLICT_HIGHLIGHT_DROUGHT_RUN does not fire when highlighted dialogue is distributed without a long drought
      ---
      duration_ms: 0.89415
      type: 'test'
      ...
    # Subtest: CONFLICT_OPEN_THREAD_ZONE_CLUSTER fires when >75% of open-thread scenes cluster in one third
    ok 5 - CONFLICT_OPEN_THREAD_ZONE_CLUSTER fires when >75% of open-thread scenes cluster in one third
      ---
      duration_ms: 0.848604
      type: 'test'
      ...
    # Subtest: CONFLICT_OPEN_THREAD_ZONE_CLUSTER does not fire when open-thread scenes are distributed across thirds
    ok 6 - CONFLICT_OPEN_THREAD_ZONE_CLUSTER does not fire when open-thread scenes are distributed across thirds
      ---
      duration_ms: 0.92905
      type: 'test'
      ...
    1..6
ok 1250 - Wave 674 — conflictPass: conflict clock delta peak uncaused, conflict highlight drought run, conflict open thread zone cluster
  ---
  duration_ms: 5.680405
  type: 'suite'
  ...
# Subtest: Wave 660 — conflictPass: conflict payoff peak uncaused, conflict seed drought run, conflict staging zone cluster
    # Subtest: CONFLICT_PAYOFF_PEAK_UNCAUSED fires when the peak payoff scene has no dramatic turn or revelation nearby
    ok 1 - CONFLICT_PAYOFF_PEAK_UNCAUSED fires when the peak payoff scene has no dramatic turn or revelation nearby
      ---
      duration_ms: 1.215227
      type: 'test'
      ...
    # Subtest: CONFLICT_PAYOFF_PEAK_UNCAUSED does not fire when a dramatic turn precedes the peak within the lookback
    ok 2 - CONFLICT_PAYOFF_PEAK_UNCAUSED does not fire when a dramatic turn precedes the peak within the lookback
      ---
      duration_ms: 0.877781
      type: 'test'
      ...
    # Subtest: CONFLICT_SEED_DROUGHT_RUN fires when the longest no-seed run is ≥6
    ok 3 - CONFLICT_SEED_DROUGHT_RUN fires when the longest no-seed run is ≥6
      ---
      duration_ms: 0.951721
      type: 'test'
      ...
    # Subtest: CONFLICT_SEED_DROUGHT_RUN does not fire when seeding is distributed without a long drought
    ok 4 - CONFLICT_SEED_DROUGHT_RUN does not fire when seeding is distributed without a long drought
      ---
      duration_ms: 0.861206
      type: 'test'
      ...
    # Subtest: CONFLICT_STAGING_ZONE_CLUSTER fires when >75% of visually dense scenes cluster in one third
    ok 5 - CONFLICT_STAGING_ZONE_CLUSTER fires when >75% of visually dense scenes cluster in one third
      ---
      duration_ms: 0.896433
      type: 'test'
      ...
    # Subtest: CONFLICT_STAGING_ZONE_CLUSTER does not fire when visually dense scenes are distributed across thirds
    ok 6 - CONFLICT_STAGING_ZONE_CLUSTER does not fire when visually dense scenes are distributed across thirds
      ---
      duration_ms: 0.817889
      type: 'test'
      ...
    1..6
ok 1251 - Wave 660 — conflictPass: conflict payoff peak uncaused, conflict seed drought run, conflict staging zone cluster
  ---
  duration_ms: 5.884546
  type: 'suite'
  ...
# Subtest: Wave 646 — conflictPass: conflict staging peak uncaused, conflict open thread drought run, conflict highlight zone cluster
    # Subtest: CONFLICT_STAGING_PEAK_UNCAUSED fires when the peak physical-staging scene has no dramatic turn or revelation nearby
    ok 1 - CONFLICT_STAGING_PEAK_UNCAUSED fires when the peak physical-staging scene has no dramatic turn or revelation nearby
      ---
      duration_ms: 0.933057
      type: 'test'
      ...
    # Subtest: CONFLICT_STAGING_PEAK_UNCAUSED does not fire when a dramatic turn precedes the peak within the lookback
    ok 2 - CONFLICT_STAGING_PEAK_UNCAUSED does not fire when a dramatic turn precedes the peak within the lookback
      ---
      duration_ms: 0.815612
      type: 'test'
      ...
    # Subtest: CONFLICT_OPEN_THREAD_DROUGHT_RUN fires when the longest no-debt run is ≥6
    ok 3 - CONFLICT_OPEN_THREAD_DROUGHT_RUN fires when the longest no-debt run is ≥6
      ---
      duration_ms: 0.907695
      type: 'test'
      ...
    # Subtest: CONFLICT_OPEN_THREAD_DROUGHT_RUN does not fire when debt is distributed without a long drought
    ok 4 - CONFLICT_OPEN_THREAD_DROUGHT_RUN does not fire when debt is distributed without a long drought
      ---
      duration_ms: 0.972214
      type: 'test'
      ...
    # Subtest: CONFLICT_HIGHLIGHT_ZONE_CLUSTER fires when >75% of highlighted-dialogue scenes cluster in one third
    ok 5 - CONFLICT_HIGHLIGHT_ZONE_CLUSTER fires when >75% of highlighted-dialogue scenes cluster in one third
      ---
      duration_ms: 0.737974
      type: 'test'
      ...
    # Subtest: CONFLICT_HIGHLIGHT_ZONE_CLUSTER does not fire when highlighted-dialogue scenes are distributed across thirds
    ok 6 - CONFLICT_HIGHLIGHT_ZONE_CLUSTER does not fire when highlighted-dialogue scenes are distributed across thirds
      ---
      duration_ms: 0.836988
      type: 'test'
      ...
    1..6
ok 1252 - Wave 646 — conflictPass: conflict staging peak uncaused, conflict open thread drought run, conflict highlight zone cluster
  ---
  duration_ms: 5.466147
  type: 'suite'
  ...
# Subtest: Wave 632 — conflictPass: conflict highlight open thread decoupled, conflict open thread staging aftermath void, conflict dialogue highlight zone imbalance
    # Subtest: CONFLICT_HIGHLIGHT_OPEN_THREAD_DECOUPLED fires when dialogue-highlight scenes and open-thread scenes never overlap
    ok 1 - CONFLICT_HIGHLIGHT_OPEN_THREAD_DECOUPLED fires when dialogue-highlight scenes and open-thread scenes never overlap
      ---
      duration_ms: 0.823515
      type: 'test'
      ...
    # Subtest: CONFLICT_HIGHLIGHT_OPEN_THREAD_DECOUPLED does not fire when a scene carries both signals
    ok 2 - CONFLICT_HIGHLIGHT_OPEN_THREAD_DECOUPLED does not fire when a scene carries both signals
      ---
      duration_ms: 0.430461
      type: 'test'
      ...
    # Subtest: CONFLICT_OPEN_THREAD_STAGING_AFTERMATH_VOID fires when heavy clue-debt scenes are never followed by a visually dense scene
    ok 3 - CONFLICT_OPEN_THREAD_STAGING_AFTERMATH_VOID fires when heavy clue-debt scenes are never followed by a visually dense scene
      ---
      duration_ms: 0.834076
      type: 'test'
      ...
    # Subtest: CONFLICT_OPEN_THREAD_STAGING_AFTERMATH_VOID does not fire when a trigger window contains a visually dense scene
    ok 4 - CONFLICT_OPEN_THREAD_STAGING_AFTERMATH_VOID does not fire when a trigger window contains a visually dense scene
      ---
      duration_ms: 0.76559
      type: 'test'
      ...
    # Subtest: CONFLICT_DIALOGUE_HIGHLIGHT_ZONE_IMBALANCE fires when one zone is empty of dialogue highlights while another is bloated
    ok 5 - CONFLICT_DIALOGUE_HIGHLIGHT_ZONE_IMBALANCE fires when one zone is empty of dialogue highlights while another is bloated
      ---
      duration_ms: 0.936412
      type: 'test'
      ...
    # Subtest: CONFLICT_DIALOGUE_HIGHLIGHT_ZONE_IMBALANCE does not fire when highlights are spread across all zones
    ok 6 - CONFLICT_DIALOGUE_HIGHLIGHT_ZONE_IMBALANCE does not fire when highlights are spread across all zones
      ---
      duration_ms: 1.005719
      type: 'test'
      ...
    1..6
ok 1253 - Wave 632 — conflictPass: conflict highlight open thread decoupled, conflict open thread staging aftermath void, conflict dialogue highlight zone imbalance
  ---
  duration_ms: 5.113043
  type: 'suite'
  ...
# Subtest: Wave 618 — conflictPass: conflict payoff staging decoupled, conflict payoff zone imbalance, conflict turn staging aftermath void
    # Subtest: CONFLICT_PAYOFF_STAGING_DECOUPLED fires when payoff scenes and visually-staged scenes never overlap
    ok 1 - CONFLICT_PAYOFF_STAGING_DECOUPLED fires when payoff scenes and visually-staged scenes never overlap
      ---
      duration_ms: 0.822271
      type: 'test'
      ...
    # Subtest: CONFLICT_PAYOFF_STAGING_DECOUPLED does not fire when a scene carries both signals
    ok 2 - CONFLICT_PAYOFF_STAGING_DECOUPLED does not fire when a scene carries both signals
      ---
      duration_ms: 0.433567
      type: 'test'
      ...
    # Subtest: CONFLICT_PAYOFF_ZONE_IMBALANCE fires when one zone is empty of payoffs while another is bloated
    ok 3 - CONFLICT_PAYOFF_ZONE_IMBALANCE fires when one zone is empty of payoffs while another is bloated
      ---
      duration_ms: 0.904196
      type: 'test'
      ...
    # Subtest: CONFLICT_PAYOFF_ZONE_IMBALANCE does not fire when payoffs are spread across all zones
    ok 4 - CONFLICT_PAYOFF_ZONE_IMBALANCE does not fire when payoffs are spread across all zones
      ---
      duration_ms: 0.904716
      type: 'test'
      ...
    # Subtest: CONFLICT_TURN_STAGING_AFTERMATH_VOID fires when no dramatic turn is followed by a visually dense scene within 2 scenes
    ok 5 - CONFLICT_TURN_STAGING_AFTERMATH_VOID fires when no dramatic turn is followed by a visually dense scene within 2 scenes
      ---
      duration_ms: 0.784185
      type: 'test'
      ...
    # Subtest: CONFLICT_TURN_STAGING_AFTERMATH_VOID does not fire when a trigger window contains a visually dense scene
    ok 6 - CONFLICT_TURN_STAGING_AFTERMATH_VOID does not fire when a trigger window contains a visually dense scene
      ---
      duration_ms: 0.822242
      type: 'test'
      ...
    1..6
ok 1254 - Wave 618 — conflictPass: conflict payoff staging decoupled, conflict payoff zone imbalance, conflict turn staging aftermath void
  ---
  duration_ms: 4.984371
  type: 'suite'
  ...
# Subtest: Wave 604 — conflictPass: open thread rupture decoupled, visual conflict zone imbalance, open thread repair aftermath void
    # Subtest: OPEN_THREAD_RUPTURE_DECOUPLED fires when open-thread scenes and rupture scenes never overlap
    ok 1 - OPEN_THREAD_RUPTURE_DECOUPLED fires when open-thread scenes and rupture scenes never overlap
      ---
      duration_ms: 1.228305
      type: 'test'
      ...
    # Subtest: OPEN_THREAD_RUPTURE_DECOUPLED does not fire when a scene carries both signals
    ok 2 - OPEN_THREAD_RUPTURE_DECOUPLED does not fire when a scene carries both signals
      ---
      duration_ms: 0.995685
      type: 'test'
      ...
    # Subtest: VISUAL_CONFLICT_ZONE_IMBALANCE fires when one zone is empty of visually dense scenes while another is bloated
    ok 3 - VISUAL_CONFLICT_ZONE_IMBALANCE fires when one zone is empty of visually dense scenes while another is bloated
      ---
      duration_ms: 1.088036
      type: 'test'
      ...
    # Subtest: VISUAL_CONFLICT_ZONE_IMBALANCE does not fire when every zone has a visually dense scene
    ok 4 - VISUAL_CONFLICT_ZONE_IMBALANCE does not fire when every zone has a visually dense scene
      ---
      duration_ms: 0.985186
      type: 'test'
      ...
    # Subtest: OPEN_THREAD_REPAIR_AFTERMATH_VOID fires when heavy clue-debt scenes are never followed by a repair
    ok 5 - OPEN_THREAD_REPAIR_AFTERMATH_VOID fires when heavy clue-debt scenes are never followed by a repair
      ---
      duration_ms: 0.906431
      type: 'test'
      ...
    # Subtest: OPEN_THREAD_REPAIR_AFTERMATH_VOID does not fire when a trigger window contains a repair
    ok 6 - OPEN_THREAD_REPAIR_AFTERMATH_VOID does not fire when a trigger window contains a repair
      ---
      duration_ms: 10.573601
      type: 'test'
      ...
    1..6
ok 1255 - Wave 604 — conflictPass: open thread rupture decoupled, visual conflict zone imbalance, open thread repair aftermath void
  ---
  duration_ms: 16.067977
  type: 'suite'
  ...
# Subtest: Wave 590 — conflictPass: seed suspense aftermath void, clock turn aftermath void, rupture drought run
    # Subtest: CONFLICT_SEED_SUSPENSE_AFTERMATH_VOID fires when no seed is followed by suspense within 2 scenes
    ok 1 - CONFLICT_SEED_SUSPENSE_AFTERMATH_VOID fires when no seed is followed by suspense within 2 scenes
      ---
      duration_ms: 1.938502
      type: 'test'
      ...
    # Subtest: CONFLICT_SEED_SUSPENSE_AFTERMATH_VOID does not fire when a seed is followed by suspense within 2 scenes
    ok 2 - CONFLICT_SEED_SUSPENSE_AFTERMATH_VOID does not fire when a seed is followed by suspense within 2 scenes
      ---
      duration_ms: 3.189295
      type: 'test'
      ...
    # Subtest: CONFLICT_CLOCK_TURN_AFTERMATH_VOID fires when no clock is followed by a dramatic turn within 2 scenes
    ok 3 - CONFLICT_CLOCK_TURN_AFTERMATH_VOID fires when no clock is followed by a dramatic turn within 2 scenes
      ---
      duration_ms: 1.319103
      type: 'test'
      ...
    # Subtest: CONFLICT_CLOCK_TURN_AFTERMATH_VOID does not fire when a clock is followed by a dramatic turn within 2 scenes
    ok 4 - CONFLICT_CLOCK_TURN_AFTERMATH_VOID does not fire when a clock is followed by a dramatic turn within 2 scenes
      ---
      duration_ms: 0.99539
      type: 'test'
      ...
    # Subtest: CONFLICT_RUPTURE_DROUGHT_RUN fires when ≥7 consecutive scenes have no rupture
    ok 5 - CONFLICT_RUPTURE_DROUGHT_RUN fires when ≥7 consecutive scenes have no rupture
      ---
      duration_ms: 6.325926
      type: 'test'
      ...
    # Subtest: CONFLICT_RUPTURE_DROUGHT_RUN does not fire when ruptures are distributed without a long drought
    ok 6 - CONFLICT_RUPTURE_DROUGHT_RUN does not fire when ruptures are distributed without a long drought
      ---
      duration_ms: 1.441632
      type: 'test'
      ...
    1..6
ok 1256 - Wave 590 — conflictPass: seed suspense aftermath void, clock turn aftermath void, rupture drought run
  ---
  duration_ms: 15.506844
  type: 'suite'
  ...
# Subtest: Wave 576 — conflictPass: curiosity zone cluster, turn aftermath suspense void, revelation drought run
    # Subtest: CONFLICT_CURIOSITY_ZONE_CLUSTER fires when >75% of curiosity spikes cluster in one third
    ok 1 - CONFLICT_CURIOSITY_ZONE_CLUSTER fires when >75% of curiosity spikes cluster in one third
      ---
      duration_ms: 1.04785
      type: 'test'
      ...
    # Subtest: CONFLICT_CURIOSITY_ZONE_CLUSTER does not fire when curiosity is distributed across thirds
    ok 2 - CONFLICT_CURIOSITY_ZONE_CLUSTER does not fire when curiosity is distributed across thirds
      ---
      duration_ms: 0.83427
      type: 'test'
      ...
    # Subtest: CONFLICT_TURN_AFTERMATH_SUSPENSE_VOID fires when no turn is followed by suspense within 2 scenes
    ok 3 - CONFLICT_TURN_AFTERMATH_SUSPENSE_VOID fires when no turn is followed by suspense within 2 scenes
      ---
      duration_ms: 0.99064
      type: 'test'
      ...
    # Subtest: CONFLICT_TURN_AFTERMATH_SUSPENSE_VOID does not fire when a turn is followed by suspense within 2 scenes
    ok 4 - CONFLICT_TURN_AFTERMATH_SUSPENSE_VOID does not fire when a turn is followed by suspense within 2 scenes
      ---
      duration_ms: 0.922406
      type: 'test'
      ...
    # Subtest: CONFLICT_REVELATION_DROUGHT_RUN fires when ≥7 consecutive scenes have no revelation
    ok 5 - CONFLICT_REVELATION_DROUGHT_RUN fires when ≥7 consecutive scenes have no revelation
      ---
      duration_ms: 1.10388
      type: 'test'
      ...
    # Subtest: CONFLICT_REVELATION_DROUGHT_RUN does not fire when revelations are distributed without a long drought
    ok 6 - CONFLICT_REVELATION_DROUGHT_RUN does not fire when revelations are distributed without a long drought
      ---
      duration_ms: 1.090891
      type: 'test'
      ...
    1..6
ok 1257 - Wave 576 — conflictPass: curiosity zone cluster, turn aftermath suspense void, revelation drought run
  ---
  duration_ms: 6.267301
  type: 'suite'
  ...
# Subtest: Wave 562 — conflictPass: repair drought run, repair emotion decoupled, repair curiosity aftermath void
    # Subtest: CONFLICT_REPAIR_DROUGHT_RUN fires when a run of 6+ consecutive scenes has no bond repair
    ok 1 - CONFLICT_REPAIR_DROUGHT_RUN fires when a run of 6+ consecutive scenes has no bond repair
      ---
      duration_ms: 2.705923
      type: 'test'
      ...
    # Subtest: CONFLICT_REPAIR_DROUGHT_RUN does not fire when no non-repair run reaches 6 scenes
    ok 2 - CONFLICT_REPAIR_DROUGHT_RUN does not fire when no non-repair run reaches 6 scenes
      ---
      duration_ms: 1.446614
      type: 'test'
      ...
    # Subtest: CONFLICT_REPAIR_EMOTION_DECOUPLED fires when all repair scenes are emotionally neutral while emotion exists elsewhere
    ok 3 - CONFLICT_REPAIR_EMOTION_DECOUPLED fires when all repair scenes are emotionally neutral while emotion exists elsewhere
      ---
      duration_ms: 0.988381
      type: 'test'
      ...
    # Subtest: CONFLICT_REPAIR_EMOTION_DECOUPLED does not fire when a repair scene carries emotion
    ok 4 - CONFLICT_REPAIR_EMOTION_DECOUPLED does not fire when a repair scene carries emotion
      ---
      duration_ms: 0.880761
      type: 'test'
      ...
    # Subtest: CONFLICT_REPAIR_CURIOSITY_AFTERMATH_VOID fires when no repair is followed by a curiosity rise within 2 scenes
    ok 5 - CONFLICT_REPAIR_CURIOSITY_AFTERMATH_VOID fires when no repair is followed by a curiosity rise within 2 scenes
      ---
      duration_ms: 0.870081
      type: 'test'
      ...
    # Subtest: CONFLICT_REPAIR_CURIOSITY_AFTERMATH_VOID does not fire when a repair aftermath raises curiosity
    ok 6 - CONFLICT_REPAIR_CURIOSITY_AFTERMATH_VOID does not fire when a repair aftermath raises curiosity
      ---
      duration_ms: 1.553912
      type: 'test'
      ...
    1..6
ok 1258 - Wave 562 — conflictPass: repair drought run, repair emotion decoupled, repair curiosity aftermath void
  ---
  duration_ms: 8.824946
  type: 'suite'
  ...
# Subtest: Wave 548 — conflictPass: peak repair uncaused, closing clock absent, seed repair decoupled
    # Subtest: CONFLICT_PEAK_REPAIR_UNCAUSED fires when the peak repair has no cause in prior 2 scenes
    ok 1 - CONFLICT_PEAK_REPAIR_UNCAUSED fires when the peak repair has no cause in prior 2 scenes
      ---
      duration_ms: 1.802887
      type: 'test'
      ...
    # Subtest: CONFLICT_PEAK_REPAIR_UNCAUSED does not fire when peak repair has a revelation in prior scene
    ok 2 - CONFLICT_PEAK_REPAIR_UNCAUSED does not fire when peak repair has a revelation in prior scene
      ---
      duration_ms: 0.868613
      type: 'test'
      ...
    # Subtest: CONFLICT_CLOSING_CLOCK_ABSENT fires when ≥2 clocks in first two-thirds and none in final third
    ok 3 - CONFLICT_CLOSING_CLOCK_ABSENT fires when ≥2 clocks in first two-thirds and none in final third
      ---
      duration_ms: 0.843967
      type: 'test'
      ...
    # Subtest: CONFLICT_CLOSING_CLOCK_ABSENT does not fire when a clock is raised in the final third
    ok 4 - CONFLICT_CLOSING_CLOCK_ABSENT does not fire when a clock is raised in the final third
      ---
      duration_ms: 0.842645
      type: 'test'
      ...
    # Subtest: CONFLICT_SEED_REPAIR_DECOUPLED fires when seed and repair never share a scene
    ok 5 - CONFLICT_SEED_REPAIR_DECOUPLED fires when seed and repair never share a scene
      ---
      duration_ms: 0.828442
      type: 'test'
      ...
    # Subtest: CONFLICT_SEED_REPAIR_DECOUPLED does not fire when one scene has both seed and repair
    ok 6 - CONFLICT_SEED_REPAIR_DECOUPLED does not fire when one scene has both seed and repair
      ---
      duration_ms: 0.741375
      type: 'test'
      ...
    1..6
ok 1259 - Wave 548 — conflictPass: peak repair uncaused, closing clock absent, seed repair decoupled
  ---
  duration_ms: 6.231992
  type: 'suite'
  ...
# Subtest: Wave 534 — conflictPass: clock rupture decoupled, rupture curiosity void, curiosity front-loaded
    # Subtest: CONFLICT_CLOCK_RUPTURE_DECOUPLED fires when clock and rupture scenes never overlap
    ok 1 - CONFLICT_CLOCK_RUPTURE_DECOUPLED fires when clock and rupture scenes never overlap
      ---
      duration_ms: 1.133436
      type: 'test'
      ...
    # Subtest: CONFLICT_CLOCK_RUPTURE_DECOUPLED does not fire when a clock scene also has a rupture
    ok 2 - CONFLICT_CLOCK_RUPTURE_DECOUPLED does not fire when a clock scene also has a rupture
      ---
      duration_ms: 0.995758
      type: 'test'
      ...
    # Subtest: CONFLICT_RUPTURE_CURIOSITY_VOID fires when all rupture scenes have curiosityDelta ≤ 0
    ok 3 - CONFLICT_RUPTURE_CURIOSITY_VOID fires when all rupture scenes have curiosityDelta ≤ 0
      ---
      duration_ms: 0.99465
      type: 'test'
      ...
    # Subtest: CONFLICT_RUPTURE_CURIOSITY_VOID does not fire when a rupture scene has positive curiosityDelta
    ok 4 - CONFLICT_RUPTURE_CURIOSITY_VOID does not fire when a rupture scene has positive curiosityDelta
      ---
      duration_ms: 0.998735
      type: 'test'
      ...
    # Subtest: CONFLICT_CURIOSITY_FRONT_LOADED fires when >70% of curiosity scenes are in first half
    ok 5 - CONFLICT_CURIOSITY_FRONT_LOADED fires when >70% of curiosity scenes are in first half
      ---
      duration_ms: 0.933332
      type: 'test'
      ...
    # Subtest: CONFLICT_CURIOSITY_FRONT_LOADED does not fire when curiosity is spread across both halves
    ok 6 - CONFLICT_CURIOSITY_FRONT_LOADED does not fire when curiosity is spread across both halves
      ---
      duration_ms: 0.96748
      type: 'test'
      ...
    1..6
ok 1260 - Wave 534 — conflictPass: clock rupture decoupled, rupture curiosity void, curiosity front-loaded
  ---
  duration_ms: 6.285773
  type: 'suite'
  ...
# Subtest: Wave 520 — conflictPass: rupture payoff aftermath void, repair front-loaded, curiosity closing zone absent
    # Subtest: CONFLICT_RUPTURE_PAYOFF_AFTERMATH_VOID fires when every rupture aftermath has no payoff
    ok 1 - CONFLICT_RUPTURE_PAYOFF_AFTERMATH_VOID fires when every rupture aftermath has no payoff
      ---
      duration_ms: 1.381524
      type: 'test'
      ...
    # Subtest: CONFLICT_RUPTURE_PAYOFF_AFTERMATH_VOID does not fire when a payoff follows a rupture
    ok 2 - CONFLICT_RUPTURE_PAYOFF_AFTERMATH_VOID does not fire when a payoff follows a rupture
      ---
      duration_ms: 1.050633
      type: 'test'
      ...
    # Subtest: CONFLICT_REPAIR_FRONT_LOADED fires when >70% of repairs are in the first half
    ok 3 - CONFLICT_REPAIR_FRONT_LOADED fires when >70% of repairs are in the first half
      ---
      duration_ms: 1.00768
      type: 'test'
      ...
    # Subtest: CONFLICT_REPAIR_FRONT_LOADED does not fire when repairs are spread across both halves
    ok 4 - CONFLICT_REPAIR_FRONT_LOADED does not fire when repairs are spread across both halves
      ---
      duration_ms: 1.051593
      type: 'test'
      ...
    # Subtest: CONFLICT_CURIOSITY_CLOSING_ZONE_ABSENT fires when ≥3 curiosity scenes exist but none in the final third
    ok 5 - CONFLICT_CURIOSITY_CLOSING_ZONE_ABSENT fires when ≥3 curiosity scenes exist but none in the final third
      ---
      duration_ms: 0.931243
      type: 'test'
      ...
    # Subtest: CONFLICT_CURIOSITY_CLOSING_ZONE_ABSENT does not fire when a curiosity scene exists in the final third
    ok 6 - CONFLICT_CURIOSITY_CLOSING_ZONE_ABSENT does not fire when a curiosity scene exists in the final third
      ---
      duration_ms: 1.009398
      type: 'test'
      ...
    1..6
ok 1261 - Wave 520 — conflictPass: rupture payoff aftermath void, repair front-loaded, curiosity closing zone absent
  ---
  duration_ms: 6.744845
  type: 'suite'
  ...
# Subtest: Wave 506 — conflictPass: rupture seed aftermath void, revelation repair decoupled, repair closing absent
    # Subtest: CONFLICT_RUPTURE_SEED_AFTERMATH_VOID fires when all ruptures are followed by 2 seed-free scenes
    ok 1 - CONFLICT_RUPTURE_SEED_AFTERMATH_VOID fires when all ruptures are followed by 2 seed-free scenes
      ---
      duration_ms: 1.445625
      type: 'test'
      ...
    # Subtest: CONFLICT_RUPTURE_SEED_AFTERMATH_VOID does not fire when a rupture is followed by a seed within 2 scenes
    ok 2 - CONFLICT_RUPTURE_SEED_AFTERMATH_VOID does not fire when a rupture is followed by a seed within 2 scenes
      ---
      duration_ms: 1.030936
      type: 'test'
      ...
    # Subtest: CONFLICT_REVELATION_REPAIR_DECOUPLED fires when no scene has both revelation and positive shift
    ok 3 - CONFLICT_REVELATION_REPAIR_DECOUPLED fires when no scene has both revelation and positive shift
      ---
      duration_ms: 0.962755
      type: 'test'
      ...
    # Subtest: CONFLICT_REVELATION_REPAIR_DECOUPLED does not fire when a revelation coincides with a repair
    ok 4 - CONFLICT_REVELATION_REPAIR_DECOUPLED does not fire when a revelation coincides with a repair
      ---
      duration_ms: 0.969231
      type: 'test'
      ...
    # Subtest: CONFLICT_REPAIR_CLOSING_ABSENT fires when no repair scene falls in the final third
    ok 5 - CONFLICT_REPAIR_CLOSING_ABSENT fires when no repair scene falls in the final third
      ---
      duration_ms: 0.955949
      type: 'test'
      ...
    # Subtest: CONFLICT_REPAIR_CLOSING_ABSENT does not fire when a repair scene exists in the final third
    ok 6 - CONFLICT_REPAIR_CLOSING_ABSENT does not fire when a repair scene exists in the final third
      ---
      duration_ms: 0.921073
      type: 'test'
      ...
    1..6
ok 1262 - Wave 506 — conflictPass: rupture seed aftermath void, revelation repair decoupled, repair closing absent
  ---
  duration_ms: 6.552421
  type: 'suite'
  ...
# Subtest: Wave 492 — conflictPass: dramatic-turn repair decoupled, closing suspense void, calm stretch
    # Subtest: CONFLICT_DRAMATIC_TURN_REPAIR_DECOUPLED fires when turn and repair scenes never overlap
    ok 1 - CONFLICT_DRAMATIC_TURN_REPAIR_DECOUPLED fires when turn and repair scenes never overlap
      ---
      duration_ms: 1.033914
      type: 'test'
      ...
    # Subtest: CONFLICT_DRAMATIC_TURN_REPAIR_DECOUPLED does not fire when a turn scene also repairs a bond
    ok 2 - CONFLICT_DRAMATIC_TURN_REPAIR_DECOUPLED does not fire when a turn scene also repairs a bond
      ---
      duration_ms: 0.923851
      type: 'test'
      ...
    # Subtest: CONFLICT_CLOSING_SUSPENSE_VOID fires when closing third has no positive suspenseDelta
    ok 3 - CONFLICT_CLOSING_SUSPENSE_VOID fires when closing third has no positive suspenseDelta
      ---
      duration_ms: 0.91418
      type: 'test'
      ...
    # Subtest: CONFLICT_CLOSING_SUSPENSE_VOID does not fire when closing third has a positive suspenseDelta scene
    ok 4 - CONFLICT_CLOSING_SUSPENSE_VOID does not fire when closing third has a positive suspenseDelta scene
      ---
      duration_ms: 1.143969
      type: 'test'
      ...
    # Subtest: CONFLICT_CALM_STRETCH fires when ≥5 consecutive non-conflict scenes exist
    ok 5 - CONFLICT_CALM_STRETCH fires when ≥5 consecutive non-conflict scenes exist
      ---
      duration_ms: 1.248153
      type: 'test'
      ...
    # Subtest: CONFLICT_CALM_STRETCH does not fire when no non-conflict run reaches 5 consecutive scenes
    ok 6 - CONFLICT_CALM_STRETCH does not fire when no non-conflict run reaches 5 consecutive scenes
      ---
      duration_ms: 1.201818
      type: 'test'
      ...
    1..6
ok 1263 - Wave 492 — conflictPass: dramatic-turn repair decoupled, closing suspense void, calm stretch
  ---
  duration_ms: 6.738138
  type: 'suite'
  ...
# Subtest: Wave 478 — conflictPass: rupture temporal cluster, positive emotion aftermath void, repair uncaused
    # Subtest: CONFLICT_RUPTURE_TEMPORAL_CLUSTER fires when >75% of ruptures fall in a single third
    ok 1 - CONFLICT_RUPTURE_TEMPORAL_CLUSTER fires when >75% of ruptures fall in a single third
      ---
      duration_ms: 1.349268
      type: 'test'
      ...
    # Subtest: CONFLICT_RUPTURE_TEMPORAL_CLUSTER does not fire when ruptures spread across thirds
    ok 2 - CONFLICT_RUPTURE_TEMPORAL_CLUSTER does not fire when ruptures spread across thirds
      ---
      duration_ms: 1.124756
      type: 'test'
      ...
    # Subtest: CONFLICT_POSITIVE_EMOTION_AFTERMATH_VOID fires when no major rupture aftermath has a positive emotional beat
    ok 3 - CONFLICT_POSITIVE_EMOTION_AFTERMATH_VOID fires when no major rupture aftermath has a positive emotional beat
      ---
      duration_ms: 0.897553
      type: 'test'
      ...
    # Subtest: CONFLICT_POSITIVE_EMOTION_AFTERMATH_VOID does not fire when a rupture aftermath carries a positive beat
    ok 4 - CONFLICT_POSITIVE_EMOTION_AFTERMATH_VOID does not fire when a rupture aftermath carries a positive beat
      ---
      duration_ms: 0.981397
      type: 'test'
      ...
    # Subtest: CONFLICT_REPAIR_UNCAUSED fires when every positive-shift scene has no causal driver in prior 2 scenes
    ok 5 - CONFLICT_REPAIR_UNCAUSED fires when every positive-shift scene has no causal driver in prior 2 scenes
      ---
      duration_ms: 0.713515
      type: 'test'
      ...
    # Subtest: CONFLICT_REPAIR_UNCAUSED does not fire when a positive shift is preceded by a rupture
    ok 6 - CONFLICT_REPAIR_UNCAUSED does not fire when a positive shift is preceded by a rupture
      ---
      duration_ms: 0.839835
      type: 'test'
      ...
    1..6
ok 1264 - Wave 478 — conflictPass: rupture temporal cluster, positive emotion aftermath void, repair uncaused
  ---
  duration_ms: 6.171121
  type: 'suite'
  ...
# Subtest: Wave 464 — conflictPass: rupture revelation aftermath void, rupture dramatic-turn aftermath void, peak rupture uncaused
    # Subtest: CONFLICT_RUPTURE_REVELATION_AFTERMATH_VOID fires when no rupture is followed by a revelation
    ok 1 - CONFLICT_RUPTURE_REVELATION_AFTERMATH_VOID fires when no rupture is followed by a revelation
      ---
      duration_ms: 1.479387
      type: 'test'
      ...
    # Subtest: CONFLICT_RUPTURE_REVELATION_AFTERMATH_VOID does NOT fire when a revelation follows a rupture
    ok 2 - CONFLICT_RUPTURE_REVELATION_AFTERMATH_VOID does NOT fire when a revelation follows a rupture
      ---
      duration_ms: 1.079944
      type: 'test'
      ...
    # Subtest: CONFLICT_RUPTURE_DRAMATIC_TURN_AFTERMATH_VOID fires when no rupture is followed by a dramatic turn
    ok 3 - CONFLICT_RUPTURE_DRAMATIC_TURN_AFTERMATH_VOID fires when no rupture is followed by a dramatic turn
      ---
      duration_ms: 1.076685
      type: 'test'
      ...
    # Subtest: CONFLICT_RUPTURE_DRAMATIC_TURN_AFTERMATH_VOID does NOT fire when a turn follows a rupture
    ok 4 - CONFLICT_RUPTURE_DRAMATIC_TURN_AFTERMATH_VOID does NOT fire when a turn follows a rupture
      ---
      duration_ms: 1.009425
      type: 'test'
      ...
    # Subtest: CONFLICT_PEAK_RUPTURE_UNCAUSED fires when the heaviest rupture has no driver in the prior 2 scenes
    ok 5 - CONFLICT_PEAK_RUPTURE_UNCAUSED fires when the heaviest rupture has no driver in the prior 2 scenes
      ---
      duration_ms: 0.984026
      type: 'test'
      ...
    # Subtest: CONFLICT_PEAK_RUPTURE_UNCAUSED does NOT fire when the heaviest rupture is preceded by escalation
    ok 6 - CONFLICT_PEAK_RUPTURE_UNCAUSED does NOT fire when the heaviest rupture is preceded by escalation
      ---
      duration_ms: 0.895312
      type: 'test'
      ...
    1..6
ok 1265 - Wave 464 — conflictPass: rupture revelation aftermath void, rupture dramatic-turn aftermath void, peak rupture uncaused
  ---
  duration_ms: 6.793378
  type: 'suite'
  ...
# Subtest: Wave 450 — conflictPass: clock aftermath void, positive emotion rupture, rupture clock aftermath void
    # Subtest: CONFLICT_CLOCK_AFTERMATH_VOID fires when every clock scene is followed by 2 silent scenes
    ok 1 - CONFLICT_CLOCK_AFTERMATH_VOID fires when every clock scene is followed by 2 silent scenes
      ---
      duration_ms: 1.107326
      type: 'test'
      ...
    # Subtest: CONFLICT_CLOCK_AFTERMATH_VOID does not fire when a clock scene is followed by a reversal
    ok 2 - CONFLICT_CLOCK_AFTERMATH_VOID does not fire when a clock scene is followed by a reversal
      ---
      duration_ms: 0.887359
      type: 'test'
      ...
    # Subtest: CONFLICT_POSITIVE_EMOTION_RUPTURE fires when all conflict scenes have positive emotional shift
    ok 3 - CONFLICT_POSITIVE_EMOTION_RUPTURE fires when all conflict scenes have positive emotional shift
      ---
      duration_ms: 1.207255
      type: 'test'
      ...
    # Subtest: CONFLICT_POSITIVE_EMOTION_RUPTURE does not fire when at least one conflict scene is not positive
    ok 4 - CONFLICT_POSITIVE_EMOTION_RUPTURE does not fire when at least one conflict scene is not positive
      ---
      duration_ms: 1.033814
      type: 'test'
      ...
    # Subtest: CONFLICT_RUPTURE_CLOCK_AFTERMATH_VOID fires when every rupture aftermath has no clock raise
    ok 5 - CONFLICT_RUPTURE_CLOCK_AFTERMATH_VOID fires when every rupture aftermath has no clock raise
      ---
      duration_ms: 1.116938
      type: 'test'
      ...
    # Subtest: CONFLICT_RUPTURE_CLOCK_AFTERMATH_VOID does not fire when a rupture is followed by a clock raise
    ok 6 - CONFLICT_RUPTURE_CLOCK_AFTERMATH_VOID does not fire when a rupture is followed by a clock raise
      ---
      duration_ms: 1.074101
      type: 'test'
      ...
    1..6
ok 1266 - Wave 450 — conflictPass: clock aftermath void, positive emotion rupture, rupture clock aftermath void
  ---
  duration_ms: 6.747441
  type: 'suite'
  ...
# Subtest: Wave 436 — conflictPass: positive spiral, rupture suspense void, breathing room absent
    # Subtest: CONFLICT_POSITIVE_SPIRAL fires when ≥3 consecutive positive-shift scenes exist alongside ≥2 ruptures
    ok 1 - CONFLICT_POSITIVE_SPIRAL fires when ≥3 consecutive positive-shift scenes exist alongside ≥2 ruptures
      ---
      duration_ms: 5.994858
      type: 'test'
      ...
    # Subtest: CONFLICT_POSITIVE_SPIRAL does not fire when positive run is only 2 scenes long
    ok 2 - CONFLICT_POSITIVE_SPIRAL does not fire when positive run is only 2 scenes long
      ---
      duration_ms: 1.039798
      type: 'test'
      ...
    # Subtest: CONFLICT_RUPTURE_SUSPENSE_VOID fires when every rupture aftermath has no suspense rise
    ok 3 - CONFLICT_RUPTURE_SUSPENSE_VOID fires when every rupture aftermath has no suspense rise
      ---
      duration_ms: 1.678872
      type: 'test'
      ...
    # Subtest: CONFLICT_RUPTURE_SUSPENSE_VOID does not fire when suspense rises after a rupture
    ok 4 - CONFLICT_RUPTURE_SUSPENSE_VOID does not fire when suspense rises after a rupture
      ---
      duration_ms: 1.155336
      type: 'test'
      ...
    # Subtest: CONFLICT_BREATHING_ROOM_ABSENT fires when 4+ ruptures are always ≤1 scene apart
    ok 5 - CONFLICT_BREATHING_ROOM_ABSENT fires when 4+ ruptures are always ≤1 scene apart
      ---
      duration_ms: 1.566494
      type: 'test'
      ...
    # Subtest: CONFLICT_BREATHING_ROOM_ABSENT does not fire when ruptures have ≥2 clear scenes between them
    ok 6 - CONFLICT_BREATHING_ROOM_ABSENT does not fire when ruptures have ≥2 clear scenes between them
      ---
      duration_ms: 1.653098
      type: 'test'
      ...
    1..6
ok 1267 - Wave 436 — conflictPass: positive spiral, rupture suspense void, breathing room absent
  ---
  duration_ms: 13.411033
  type: 'suite'
  ...
# Subtest: Wave 422 — conflictPass: rupture cause void, aftermath curiosity void, pair shift imbalance
    # Subtest: CONFLICT_RUPTURE_CAUSE_VOID fires when no conflict scene has an upstream cause
    ok 1 - CONFLICT_RUPTURE_CAUSE_VOID fires when no conflict scene has an upstream cause
      ---
      duration_ms: 1.391409
      type: 'test'
      ...
    # Subtest: CONFLICT_RUPTURE_CAUSE_VOID does not fire when a rupture has a cause
    ok 2 - CONFLICT_RUPTURE_CAUSE_VOID does not fire when a rupture has a cause
      ---
      duration_ms: 1.292472
      type: 'test'
      ...
    # Subtest: CONFLICT_AFTERMATH_CURIOSITY_VOID fires when every rupture aftermath has no curiosity rise
    ok 3 - CONFLICT_AFTERMATH_CURIOSITY_VOID fires when every rupture aftermath has no curiosity rise
      ---
      duration_ms: 1.338493
      type: 'test'
      ...
    # Subtest: CONFLICT_AFTERMATH_CURIOSITY_VOID does not fire when curiosity rises after a rupture
    ok 4 - CONFLICT_AFTERMATH_CURIOSITY_VOID does not fire when curiosity rises after a rupture
      ---
      duration_ms: 1.346284
      type: 'test'
      ...
    # Subtest: CONFLICT_PAIR_SHIFT_IMBALANCE fires when one pair dominates total conflict magnitude
    ok 5 - CONFLICT_PAIR_SHIFT_IMBALANCE fires when one pair dominates total conflict magnitude
      ---
      duration_ms: 1.57204
      type: 'test'
      ...
    # Subtest: CONFLICT_PAIR_SHIFT_IMBALANCE does not fire when conflict is distributed across pairs
    ok 6 - CONFLICT_PAIR_SHIFT_IMBALANCE does not fire when conflict is distributed across pairs
      ---
      duration_ms: 1.298791
      type: 'test'
      ...
    1..6
ok 1268 - Wave 422 — conflictPass: rupture cause void, aftermath curiosity void, pair shift imbalance
  ---
  duration_ms: 8.611526
  type: 'suite'
  ...
# Subtest: Wave 408 — conflictPass: peak revelation absent, peak payoff absent, peak seed absent
    # Subtest: CONFLICT_PEAK_REVELATION_ABSENT fires when the heaviest rupture discloses nothing
    ok 1 - CONFLICT_PEAK_REVELATION_ABSENT fires when the heaviest rupture discloses nothing
      ---
      duration_ms: 1.058361
      type: 'test'
      ...
    # Subtest: CONFLICT_PEAK_REVELATION_ABSENT does NOT fire when the heaviest rupture reveals a truth
    ok 2 - CONFLICT_PEAK_REVELATION_ABSENT does NOT fire when the heaviest rupture reveals a truth
      ---
      duration_ms: 0.953404
      type: 'test'
      ...
    # Subtest: CONFLICT_PEAK_PAYOFF_ABSENT fires when the heaviest rupture pays off no setup
    ok 3 - CONFLICT_PEAK_PAYOFF_ABSENT fires when the heaviest rupture pays off no setup
      ---
      duration_ms: 0.895199
      type: 'test'
      ...
    # Subtest: CONFLICT_PEAK_PAYOFF_ABSENT does NOT fire when the heaviest rupture delivers a payoff
    ok 4 - CONFLICT_PEAK_PAYOFF_ABSENT does NOT fire when the heaviest rupture delivers a payoff
      ---
      duration_ms: 1.082963
      type: 'test'
      ...
    # Subtest: CONFLICT_PEAK_SEED_ABSENT fires when the heaviest rupture seeds no clue
    ok 5 - CONFLICT_PEAK_SEED_ABSENT fires when the heaviest rupture seeds no clue
      ---
      duration_ms: 1.023652
      type: 'test'
      ...
    # Subtest: CONFLICT_PEAK_SEED_ABSENT does NOT fire when the heaviest rupture seeds a clue
    ok 6 - CONFLICT_PEAK_SEED_ABSENT does NOT fire when the heaviest rupture seeds a clue
      ---
      duration_ms: 1.017017
      type: 'test'
      ...
    1..6
ok 1269 - Wave 408 — conflictPass: peak revelation absent, peak payoff absent, peak seed absent
  ---
  duration_ms: 6.328759
  type: 'suite'
  ...
# Subtest: Wave 394 — conflictPass: clue decoupled, payoff decoupled, rupture aftermath void
    # Subtest: CONFLICT_CLUE_DECOUPLED fires when conflict scenes never seed a clue
    ok 1 - CONFLICT_CLUE_DECOUPLED fires when conflict scenes never seed a clue
      ---
      duration_ms: 1.207893
      type: 'test'
      ...
    # Subtest: CONFLICT_CLUE_DECOUPLED does not fire when a conflict scene also seeds a clue
    ok 2 - CONFLICT_CLUE_DECOUPLED does not fire when a conflict scene also seeds a clue
      ---
      duration_ms: 0.986018
      type: 'test'
      ...
    # Subtest: CONFLICT_PAYOFF_DECOUPLED fires when payoff scenes never coincide with a rupture
    ok 3 - CONFLICT_PAYOFF_DECOUPLED fires when payoff scenes never coincide with a rupture
      ---
      duration_ms: 1.014299
      type: 'test'
      ...
    # Subtest: CONFLICT_PAYOFF_DECOUPLED does not fire when a payoff scene coincides with a rupture
    ok 4 - CONFLICT_PAYOFF_DECOUPLED does not fire when a payoff scene coincides with a rupture
      ---
      duration_ms: 1.010468
      type: 'test'
      ...
    # Subtest: CONFLICT_RUPTURE_AFTERMATH_VOID fires when a major rupture has 2 silent aftermath scenes for the same pair
    ok 5 - CONFLICT_RUPTURE_AFTERMATH_VOID fires when a major rupture has 2 silent aftermath scenes for the same pair
      ---
      duration_ms: 0.887455
      type: 'test'
      ...
    # Subtest: CONFLICT_RUPTURE_AFTERMATH_VOID does not fire when aftermath contains a follow-up shift for the pair
    ok 6 - CONFLICT_RUPTURE_AFTERMATH_VOID does not fire when aftermath contains a follow-up shift for the pair
      ---
      duration_ms: 0.884413
      type: 'test'
      ...
    1..6
ok 1270 - Wave 394 — conflictPass: clue decoupled, payoff decoupled, rupture aftermath void
  ---
  duration_ms: 6.263452
  type: 'suite'
  ...
# Subtest: Wave 299 — conflictPass: conflict emotion decoupled, stakes label unbacked, eleventh hour conflict
    # Subtest: CONFLICT_EMOTION_DECOUPLED fires when all conflict scenes are emotionally neutral
    ok 1 - CONFLICT_EMOTION_DECOUPLED fires when all conflict scenes are emotionally neutral
      ---
      duration_ms: 0.996307
      type: 'test'
      ...
    # Subtest: CONFLICT_EMOTION_DECOUPLED does not fire when a conflict scene moves someone emotionally
    ok 2 - CONFLICT_EMOTION_DECOUPLED does not fire when a conflict scene moves someone emotionally
      ---
      duration_ms: 0.907851
      type: 'test'
      ...
    # Subtest: STAKES_LABEL_UNBACKED fires when raise_stakes scenes have no conflict markers
    ok 3 - STAKES_LABEL_UNBACKED fires when raise_stakes scenes have no conflict markers
      ---
      duration_ms: 0.772136
      type: 'test'
      ...
    # Subtest: STAKES_LABEL_UNBACKED does not fire when a raise_stakes scene is backed by a clock
    ok 4 - STAKES_LABEL_UNBACKED does not fire when a raise_stakes scene is backed by a clock
      ---
      duration_ms: 0.860634
      type: 'test'
      ...
    # Subtest: ELEVENTH_HOUR_CONFLICT fires when a new conflict pair first appears in the final 10%
    ok 5 - ELEVENTH_HOUR_CONFLICT fires when a new conflict pair first appears in the final 10%
      ---
      duration_ms: 1.160185
      type: 'test'
      ...
    # Subtest: ELEVENTH_HOUR_CONFLICT does not fire when all conflict pairs are established earlier
    ok 6 - ELEVENTH_HOUR_CONFLICT does not fire when all conflict pairs are established earlier
      ---
      duration_ms: 1.194742
      type: 'test'
      ...
    1..6
ok 1271 - Wave 299 — conflictPass: conflict emotion decoupled, stakes label unbacked, eleventh hour conflict
  ---
  duration_ms: 6.266013
  type: 'suite'
  ...
# Subtest: Wave 285 — conflictPass: conflict suspense decoupled, negative spiral unbroken, conflict resolution premature
    # Subtest: CONFLICT_SUSPENSE_DECOUPLED fires when conflict scenes have avg suspenseDelta ≤ 0
    ok 1 - CONFLICT_SUSPENSE_DECOUPLED fires when conflict scenes have avg suspenseDelta ≤ 0
      ---
      duration_ms: 1.089135
      type: 'test'
      ...
    # Subtest: CONFLICT_SUSPENSE_DECOUPLED does not fire when conflict scenes have positive avg suspenseDelta
    ok 2 - CONFLICT_SUSPENSE_DECOUPLED does not fire when conflict scenes have positive avg suspenseDelta
      ---
      duration_ms: 1.571843
      type: 'test'
      ...
    # Subtest: NEGATIVE_SPIRAL_UNBROKEN fires when ≥4 consecutive scenes have negative emotionalShift
    ok 3 - NEGATIVE_SPIRAL_UNBROKEN fires when ≥4 consecutive scenes have negative emotionalShift
      ---
      duration_ms: 0.723705
      type: 'test'
      ...
    # Subtest: NEGATIVE_SPIRAL_UNBROKEN does not fire when negative runs are broken by neutral/positive
    ok 4 - NEGATIVE_SPIRAL_UNBROKEN does not fire when negative runs are broken by neutral/positive
      ---
      duration_ms: 0.836549
      type: 'test'
      ...
    # Subtest: CONFLICT_RESOLUTION_PREMATURE fires when dominant conflict pair has no events in final quarter
    ok 5 - CONFLICT_RESOLUTION_PREMATURE fires when dominant conflict pair has no events in final quarter
      ---
      duration_ms: 1.372168
      type: 'test'
      ...
    # Subtest: CONFLICT_RESOLUTION_PREMATURE does not fire when dominant pair has events in final quarter
    ok 6 - CONFLICT_RESOLUTION_PREMATURE does not fire when dominant pair has events in final quarter
      ---
      duration_ms: 1.414716
      type: 'test'
      ...
    1..6
ok 1272 - Wave 285 — conflictPass: conflict suspense decoupled, negative spiral unbroken, conflict resolution premature
  ---
  duration_ms: 7.378664
  type: 'suite'
  ...
# Subtest: Wave 271 — conflictPass: conflict Act 2b void, interpersonal conflict only, pair density gap
    # Subtest: CONFLICT_ACT2B_VOID fires when Act 2b (50-75%) has no conflict while other zones do
    ok 1 - CONFLICT_ACT2B_VOID fires when Act 2b (50-75%) has no conflict while other zones do
      ---
      duration_ms: 1.579696
      type: 'test'
      ...
    # Subtest: CONFLICT_ACT2B_VOID does NOT fire when conflict exists in Act 2b
    ok 2 - CONFLICT_ACT2B_VOID does NOT fire when conflict exists in Act 2b
      ---
      duration_ms: 1.182305
      type: 'test'
      ...
    # Subtest: INTERPERSONAL_CONFLICT_ONLY fires when all conflict is interpersonal with no tension reversals
    ok 3 - INTERPERSONAL_CONFLICT_ONLY fires when all conflict is interpersonal with no tension reversals
      ---
      duration_ms: 0.681473
      type: 'test'
      ...
    # Subtest: INTERPERSONAL_CONFLICT_ONLY does NOT fire when at least one tension reversal exists
    ok 4 - INTERPERSONAL_CONFLICT_ONLY does NOT fire when at least one tension reversal exists
      ---
      duration_ms: 0.530671
      type: 'test'
      ...
    # Subtest: CONFLICT_PAIR_DENSITY_GAP fires when one pair has 3x more conflict events than others
    ok 5 - CONFLICT_PAIR_DENSITY_GAP fires when one pair has 3x more conflict events than others
      ---
      duration_ms: 0.63649
      type: 'test'
      ...
    # Subtest: CONFLICT_PAIR_DENSITY_GAP does NOT fire when conflict is evenly distributed across pairs
    ok 6 - CONFLICT_PAIR_DENSITY_GAP does NOT fire when conflict is evenly distributed across pairs
      ---
      duration_ms: 0.647366
      type: 'test'
      ...
    1..6
ok 1273 - Wave 271 — conflictPass: conflict Act 2b void, interpersonal conflict only, pair density gap
  ---
  duration_ms: 5.593889
  type: 'suite'
  ...
# Subtest: Wave 257 — conflictPass: conflict Act 3 absent, reconciliation absent, conflict opening void
    # Subtest: CONFLICT_ACT3_ABSENT fires when Act 3 has no conflict but earlier acts do
    ok 1 - CONFLICT_ACT3_ABSENT fires when Act 3 has no conflict but earlier acts do
      ---
      duration_ms: 1.038512
      type: 'test'
      ...
    # Subtest: CONFLICT_ACT3_ABSENT does NOT fire when Act 3 carries conflict
    ok 2 - CONFLICT_ACT3_ABSENT does NOT fire when Act 3 carries conflict
      ---
      duration_ms: 0.910563
      type: 'test'
      ...
    # Subtest: RECONCILIATION_ABSENT fires when 2+ broken pairs never recover
    ok 3 - RECONCILIATION_ABSENT fires when 2+ broken pairs never recover
      ---
      duration_ms: 0.958643
      type: 'test'
      ...
    # Subtest: RECONCILIATION_ABSENT does NOT fire when a broken pair reconciles
    ok 4 - RECONCILIATION_ABSENT does NOT fire when a broken pair reconciles
      ---
      duration_ms: 0.897333
      type: 'test'
      ...
    # Subtest: CONFLICT_OPENING_VOID fires when Act 1 is frictionless but conflict exists later
    ok 5 - CONFLICT_OPENING_VOID fires when Act 1 is frictionless but conflict exists later
      ---
      duration_ms: 0.823605
      type: 'test'
      ...
    # Subtest: CONFLICT_OPENING_VOID does NOT fire when Act 1 carries conflict
    ok 6 - CONFLICT_OPENING_VOID does NOT fire when Act 1 carries conflict
      ---
      duration_ms: 0.814204
      type: 'test'
      ...
    1..6
ok 1274 - Wave 257 — conflictPass: conflict Act 3 absent, reconciliation absent, conflict opening void
  ---
  duration_ms: 5.72659
  type: 'suite'
  ...
# Subtest: Wave 243 — conflictPass: conflict recovery too fast, single pair conflict, conflict purpose monotone
    # Subtest: CONFLICT_RECOVERY_TOO_FAST fires when all deep reversals recover within 2 scenes
    ok 1 - CONFLICT_RECOVERY_TOO_FAST fires when all deep reversals recover within 2 scenes
      ---
      duration_ms: 0.991055
      type: 'test'
      ...
    # Subtest: CONFLICT_RECOVERY_TOO_FAST does NOT fire when at least one reversal lingers
    ok 2 - CONFLICT_RECOVERY_TOO_FAST does NOT fire when at least one reversal lingers
      ---
      duration_ms: 0.731704
      type: 'test'
      ...
    # Subtest: SINGLE_PAIR_CONFLICT fires when only one pair carries all negative relationship shifts
    ok 3 - SINGLE_PAIR_CONFLICT fires when only one pair carries all negative relationship shifts
      ---
      duration_ms: 0.782184
      type: 'test'
      ...
    # Subtest: SINGLE_PAIR_CONFLICT does NOT fire when multiple pairs carry negative shifts
    ok 4 - SINGLE_PAIR_CONFLICT does NOT fire when multiple pairs carry negative shifts
      ---
      duration_ms: 0.84627
      type: 'test'
      ...
    # Subtest: CONFLICT_PURPOSE_MONOTONE fires when all conflict scenes share the same purpose label
    ok 5 - CONFLICT_PURPOSE_MONOTONE fires when all conflict scenes share the same purpose label
      ---
      duration_ms: 0.867952
      type: 'test'
      ...
    # Subtest: CONFLICT_PURPOSE_MONOTONE does NOT fire when conflict scenes have varied purposes
    ok 6 - CONFLICT_PURPOSE_MONOTONE does NOT fire when conflict scenes have varied purposes
      ---
      duration_ms: 0.776814
      type: 'test'
      ...
    1..6
ok 1275 - Wave 243 — conflictPass: conflict recovery too fast, single pair conflict, conflict purpose monotone
  ---
  duration_ms: 5.27354
  type: 'suite'
  ...
# Subtest: Wave 214 — conflictPass: unrelieved tension ascent, conflict concentration spike, reversal magnitude decay (conflict-dynamics physics)
    # Subtest: UNRELIEVED_TENSION_ASCENT fires on a long run of escalation with no release valve
    ok 1 - UNRELIEVED_TENSION_ASCENT fires on a long run of escalation with no release valve
      ---
      duration_ms: 1.582085
      type: 'test'
      ...
    # Subtest: UNRELIEVED_TENSION_ASCENT does not fire when release valves break the run
    ok 2 - UNRELIEVED_TENSION_ASCENT does not fire when release valves break the run
      ---
      duration_ms: 1.0343
      type: 'test'
      ...
    # Subtest: CONFLICT_CONCENTRATION_SPIKE fires when one scene holds the majority of conflict mass
    ok 3 - CONFLICT_CONCENTRATION_SPIKE fires when one scene holds the majority of conflict mass
      ---
      duration_ms: 1.059497
      type: 'test'
      ...
    # Subtest: CONFLICT_CONCENTRATION_SPIKE does not fire when conflict mass is distributed
    ok 4 - CONFLICT_CONCENTRATION_SPIKE does not fire when conflict mass is distributed
      ---
      duration_ms: 0.885589
      type: 'test'
      ...
    # Subtest: REVERSAL_MAGNITUDE_DECAY fires when reversals shrink toward the climax
    ok 5 - REVERSAL_MAGNITUDE_DECAY fires when reversals shrink toward the climax
      ---
      duration_ms: 0.912484
      type: 'test'
      ...
    # Subtest: REVERSAL_MAGNITUDE_DECAY does not fire when reversals grow toward the climax
    ok 6 - REVERSAL_MAGNITUDE_DECAY does not fire when reversals grow toward the climax
      ---
      duration_ms: 1.074967
      type: 'test'
      ...
    1..6
ok 1276 - Wave 214 — conflictPass: unrelieved tension ascent, conflict concentration spike, reversal magnitude decay (conflict-dynamics physics)
  ---
  duration_ms: 6.83161
  type: 'suite'
  ...
# Subtest: Wave 210 — conflictPass: positive spiral trap, reversal symmetry break, antagonist force only
    # Subtest: POSITIVE_SPIRAL_TRAP fires when 4+ consecutive scenes all have positive emotional shifts
    ok 1 - POSITIVE_SPIRAL_TRAP fires when 4+ consecutive scenes all have positive emotional shifts
      ---
      duration_ms: 1.092067
      type: 'test'
      ...
    # Subtest: POSITIVE_SPIRAL_TRAP does NOT fire when the positive run is broken at 3 consecutive scenes
    ok 2 - POSITIVE_SPIRAL_TRAP does NOT fire when the positive run is broken at 3 consecutive scenes
      ---
      duration_ms: 0.862949
      type: 'test'
      ...
    # Subtest: REVERSAL_SYMMETRY_BREAK fires when Act 2a has 2+ reversals but Act 2b has none
    ok 3 - REVERSAL_SYMMETRY_BREAK fires when Act 2a has 2+ reversals but Act 2b has none
      ---
      duration_ms: 0.921009
      type: 'test'
      ...
    # Subtest: REVERSAL_SYMMETRY_BREAK does NOT fire when Act 2b also contains a reversal
    ok 4 - REVERSAL_SYMMETRY_BREAK does NOT fire when Act 2b also contains a reversal
      ---
      duration_ms: 0.961337
      type: 'test'
      ...
    # Subtest: ANTAGONIST_FORCE_ONLY fires when 2+ reversals exist but no negative relationship shifts
    ok 5 - ANTAGONIST_FORCE_ONLY fires when 2+ reversals exist but no negative relationship shifts
      ---
      duration_ms: 0.7526
      type: 'test'
      ...
    # Subtest: ANTAGONIST_FORCE_ONLY does NOT fire when at least one scene carries a negative relationship shift
    ok 6 - ANTAGONIST_FORCE_ONLY does NOT fire when at least one scene carries a negative relationship shift
      ---
      duration_ms: 0.808191
      type: 'test'
      ...
    1..6
ok 1277 - Wave 210 — conflictPass: positive spiral trap, reversal symmetry break, antagonist force only
  ---
  duration_ms: 5.688972
  type: 'suite'
  ...
# Subtest: Wave 195 — conflictPass: midpoint absent, act3 deflation, frequency drop
    # Subtest: CONFLICT_MIDPOINT_ABSENT fires when midpoint zone has no conflict signal
    ok 1 - CONFLICT_MIDPOINT_ABSENT fires when midpoint zone has no conflict signal
      ---
      duration_ms: 1.061227
      type: 'test'
      ...
    # Subtest: CONFLICT_MIDPOINT_ABSENT does not fire when midpoint scene has a conflict signal
    ok 2 - CONFLICT_MIDPOINT_ABSENT does not fire when midpoint scene has a conflict signal
      ---
      duration_ms: 0.791666
      type: 'test'
      ...
    # Subtest: CONFLICT_ACT3_DEFLATION fires when act3 suspense drops far below late act2
    ok 3 - CONFLICT_ACT3_DEFLATION fires when act3 suspense drops far below late act2
      ---
      duration_ms: 0.81736
      type: 'test'
      ...
    # Subtest: CONFLICT_ACT3_DEFLATION does not fire when act3 suspense meets or exceeds act2b
    ok 4 - CONFLICT_ACT3_DEFLATION does not fire when act3 suspense meets or exceeds act2b
      ---
      duration_ms: 0.707218
      type: 'test'
      ...
    # Subtest: CONFLICT_FREQUENCY_DROP fires when conflict events cluster in the opening third
    ok 5 - CONFLICT_FREQUENCY_DROP fires when conflict events cluster in the opening third
      ---
      duration_ms: 0.937999
      type: 'test'
      ...
    # Subtest: CONFLICT_FREQUENCY_DROP does not fire when conflict events increase toward the end
    ok 6 - CONFLICT_FREQUENCY_DROP does not fire when conflict events increase toward the end
      ---
      duration_ms: 0.841333
      type: 'test'
      ...
    1..6
ok 1278 - Wave 195 — conflictPass: midpoint absent, act3 deflation, frequency drop
  ---
  duration_ms: 5.445033
  type: 'suite'
  ...
# Subtest: Wave 158 — conflictPass: threat amnesia, antagonist vanish, single-register conflict
    # Subtest: conflictPass detects THREAT_AMNESIA when clock set in Act 1 disappears from second half
    ok 1 - conflictPass detects THREAT_AMNESIA when clock set in Act 1 disappears from second half
      ---
      duration_ms: 1.139119
      type: 'test'
      ...
    # Subtest: conflictPass does NOT fire THREAT_AMNESIA when clock continues in second half
    ok 2 - conflictPass does NOT fire THREAT_AMNESIA when clock continues in second half
      ---
      duration_ms: 0.899119
      type: 'test'
      ...
    # Subtest: conflictPass detects ANTAGONIST_VANISH when reversals disappear after 60% mark
    ok 3 - conflictPass detects ANTAGONIST_VANISH when reversals disappear after 60% mark
      ---
      duration_ms: 5.019246
      type: 'test'
      ...
    # Subtest: conflictPass does NOT fire ANTAGONIST_VANISH when reversals continue in final 40%
    ok 4 - conflictPass does NOT fire ANTAGONIST_VANISH when reversals continue in final 40%
      ---
      duration_ms: 1.099932
      type: 'test'
      ...
    # Subtest: conflictPass detects SINGLE_REGISTER_CONFLICT when all shifts use same dimension
    ok 5 - conflictPass detects SINGLE_REGISTER_CONFLICT when all shifts use same dimension
      ---
      duration_ms: 0.825331
      type: 'test'
      ...
    # Subtest: conflictPass does NOT fire SINGLE_REGISTER_CONFLICT when shifts use multiple dimensions
    ok 6 - conflictPass does NOT fire SINGLE_REGISTER_CONFLICT when shifts use multiple dimensions
      ---
      duration_ms: 0.673879
      type: 'test'
      ...
    1..6
ok 1279 - Wave 158 — conflictPass: threat amnesia, antagonist vanish, single-register conflict
  ---
  duration_ms: 9.919162
  type: 'suite'
  ...
# {"time":"2026-08-05T02:28:50.563Z","level":"warn","msg":"collab_secret_generated","message":"COLLAB_SECRET not set — generated an ephemeral per-process secret. Set COLLAB_SECRET in any multi-process or restart-prone deployment."}
# {"time":"2026-08-05T02:28:50.650Z","level":"warn","msg":"revision_rewrite_failed","passName":"dialogue","message":"Gemini provider not available (GEMINI_API_KEY not set)"}
# {"time":"2026-08-05T02:28:50.654Z","level":"warn","msg":"revision_rewrite_failed","passName":"dialogue","message":"Gemini provider not available (GEMINI_API_KEY not set)"}
# {"time":"2026-08-05T02:28:50.656Z","level":"warn","msg":"revision_rewrite_failed","passName":"dialogue","message":"Gemini provider not available (GEMINI_API_KEY not set)"}
# {"time":"2026-08-05T02:28:50.661Z","level":"warn","msg":"revision_rewrite_failed","passName":"dialogue","message":"Gemini provider not available (GEMINI_API_KEY not set)"}
# {"time":"2026-08-05T02:28:50.663Z","level":"warn","msg":"revision_rewrite_failed","passName":"dialogue","message":"Gemini provider not available (GEMINI_API_KEY not set)"}
# {"time":"2026-08-05T02:28:50.670Z","level":"warn","msg":"revision_rewrite_failed","passName":"dialogue","message":"Gemini provider not available (GEMINI_API_KEY not set)"}
# {"time":"2026-08-05T02:28:50.674Z","level":"warn","msg":"revision_rewrite_failed","passName":"dialogue","message":"Gemini provider not available (GEMINI_API_KEY not set)"}
# {"time":"2026-08-05T02:28:50.676Z","level":"warn","msg":"revision_rewrite_failed","passName":"dialogue","message":"Gemini provider not available (GEMINI_API_KEY not set)"}
# {"time":"2026-08-05T02:28:50.688Z","level":"warn","msg":"revision_rewrite_failed","passName":"dialogue","message":"Gemini provider not available (GEMINI_API_KEY not set)"}
# {"time":"2026-08-05T02:28:50.690Z","level":"warn","msg":"revision_rewrite_failed","passName":"dialogue","message":"Gemini provider not available (GEMINI_API_KEY not set)"}
# {"time":"2026-08-05T02:28:50.692Z","level":"warn","msg":"revision_rewrite_failed","passName":"dialogue","message":"Gemini provider not available (GEMINI_API_KEY not set)"}
# {"time":"2026-08-05T02:28:50.694Z","level":"warn","msg":"revision_rewrite_failed","passName":"dialogue","message":"Gemini provider not available (GEMINI_API_KEY not set)"}
# {"time":"2026-08-05T02:28:50.697Z","level":"warn","msg":"revision_rewrite_failed","passName":"dialogue","message":"Gemini provider not available (GEMINI_API_KEY not set)"}
# {"time":"2026-08-05T02:28:50.699Z","level":"warn","msg":"revision_rewrite_failed","passName":"dialogue","message":"Gemini provider not available (GEMINI_API_KEY not set)"}
# {"time":"2026-08-05T02:28:50.700Z","level":"warn","msg":"revision_rewrite_failed","passName":"dialogue","message":"Gemini provider not available (GEMINI_API_KEY not set)"}
# {"time":"2026-08-05T02:28:50.709Z","level":"warn","msg":"revision_rewrite_failed","passName":"dialogue","message":"Gemini provider not available (GEMINI_API_KEY not set)"}
# {"time":"2026-08-05T02:28:50.711Z","level":"warn","msg":"revision_rewrite_failed","passName":"dialogue","message":"Gemini provider not available (GEMINI_API_KEY not set)"}
# {"time":"2026-08-05T02:28:50.713Z","level":"warn","msg":"revision_rewrite_failed","passName":"dialogue","message":"Gemini provider not available (GEMINI_API_KEY not set)"}
# {"time":"2026-08-05T02:28:50.715Z","level":"warn","msg":"revision_rewrite_failed","passName":"dialogue","message":"Gemini provider not available (GEMINI_API_KEY not set)"}
# {"time":"2026-08-05T02:28:50.718Z","level":"warn","msg":"revision_rewrite_failed","passName":"dialogue","message":"Gemini provider not available (GEMINI_API_KEY not set)"}
# {"time":"2026-08-05T02:28:50.720Z","level":"warn","msg":"revision_rewrite_failed","passName":"dialogue","message":"Gemini provider not available (GEMINI_API_KEY not set)"}
# {"time":"2026-08-05T02:28:50.722Z","level":"warn","msg":"revision_rewrite_failed","passName":"dialogue","message":"Gemini provider not available (GEMINI_API_KEY not set)"}
# {"time":"2026-08-05T02:28:50.724Z","level":"warn","msg":"revision_rewrite_failed","passName":"dialogue","message":"Gemini provider not available (GEMINI_API_KEY not set)"}
# {"time":"2026-08-05T02:28:50.725Z","level":"warn","msg":"revision_rewrite_failed","passName":"dialogue","message":"Gemini provider not available (GEMINI_API_KEY not set)"}
# {"time":"2026-08-05T02:28:50.727Z","level":"warn","msg":"revision_rewrite_failed","passName":"dialogue","message":"Gemini provider not available (GEMINI_API_KEY not set)"}
# {"time":"2026-08-05T02:28:50.735Z","level":"warn","msg":"revision_rewrite_failed","passName":"dialogue","message":"Gemini provider not available (GEMINI_API_KEY not set)"}
# {"time":"2026-08-05T02:28:50.741Z","level":"warn","msg":"revision_rewrite_failed","passName":"dialogue","message":"Gemini provider not available (GEMINI_API_KEY not set)"}
# {"time":"2026-08-05T02:28:50.742Z","level":"warn","msg":"revision_rewrite_failed","passName":"dialogue","message":"Gemini provider not available (GEMINI_API_KEY not set)"}
# {"time":"2026-08-05T02:28:50.744Z","level":"warn","msg":"revision_rewrite_failed","passName":"dialogue","message":"Gemini provider not available (GEMINI_API_KEY not set)"}
# {"time":"2026-08-05T02:28:50.745Z","level":"warn","msg":"revision_rewrite_failed","passName":"dialogue","message":"Gemini provider not available (GEMINI_API_KEY not set)"}
# {"time":"2026-08-05T02:28:50.746Z","level":"warn","msg":"revision_rewrite_failed","passName":"dialogue","message":"Gemini provider not available (GEMINI_API_KEY not set)"}
# {"time":"2026-08-05T02:28:50.747Z","level":"warn","msg":"revision_rewrite_failed","passName":"dialogue","message":"Gemini provider not available (GEMINI_API_KEY not set)"}
# {"time":"2026-08-05T02:28:50.749Z","level":"warn","msg":"revision_rewrite_failed","passName":"dialogue","message":"Gemini provider not available (GEMINI_API_KEY not set)"}
# {"time":"2026-08-05T02:28:50.750Z","level":"warn","msg":"revision_rewrite_failed","passName":"dialogue","message":"Gemini provider not available (GEMINI_API_KEY not set)"}
# {"time":"2026-08-05T02:28:50.751Z","level":"warn","msg":"revision_rewrite_failed","passName":"dialogue","message":"Gemini provider not available (GEMINI_API_KEY not set)"}
# {"time":"2026-08-05T02:28:50.754Z","level":"warn","msg":"revision_rewrite_failed","passName":"dialogue","message":"Gemini provider not available (GEMINI_API_KEY not set)"}
# {"time":"2026-08-05T02:28:50.755Z","level":"warn","msg":"revision_rewrite_failed","passName":"dialogue","message":"Gemini provider not available (GEMINI_API_KEY not set)"}
# {"time":"2026-08-05T02:28:50.756Z","level":"warn","msg":"revision_rewrite_failed","passName":"dialogue","message":"Gemini provider not available (GEMINI_API_KEY not set)"}
# {"time":"2026-08-05T02:28:50.758Z","level":"warn","msg":"revision_rewrite_failed","passName":"dialogue","message":"Gemini provider not available (GEMINI_API_KEY not set)"}
# {"time":"2026-08-05T02:28:50.760Z","level":"warn","msg":"revision_rewrite_failed","passName":"dialogue","message":"Gemini provider not available (GEMINI_API_KEY not set)"}
# {"time":"2026-08-05T02:28:50.761Z","level":"warn","msg":"revision_rewrite_failed","passName":"dialogue","message":"Gemini provider not available (GEMINI_API_KEY not set)"}
# {"time":"2026-08-05T02:28:50.762Z","level":"warn","msg":"revision_rewrite_failed","passName":"dialogue","message":"Gemini provider not available (GEMINI_API_KEY not set)"}
# {"time":"2026-08-05T02:28:50.763Z","level":"warn","msg":"revision_rewrite_failed","passName":"dialogue","message":"Gemini provider not available (GEMINI_API_KEY not set)"}
# {"time":"2026-08-05T02:28:50.764Z","level":"warn","msg":"revision_rewrite_failed","passName":"dialogue","message":"Gemini provider not available (GEMINI_API_KEY not set)"}
# {"time":"2026-08-05T02:28:50.765Z","level":"warn","msg":"revision_rewrite_failed","passName":"dialogue","message":"Gemini provider not available (GEMINI_API_KEY not set)"}
# {"time":"2026-08-05T02:28:50.767Z","level":"warn","msg":"revision_rewrite_failed","passName":"dialogue","message":"Gemini provider not available (GEMINI_API_KEY not set)"}
# {"time":"2026-08-05T02:28:50.768Z","level":"warn","msg":"revision_rewrite_failed","passName":"dialogue","message":"Gemini provider not available (GEMINI_API_KEY not set)"}
# {"time":"2026-08-05T02:28:50.772Z","level":"warn","msg":"revision_rewrite_failed","passName":"dialogue","message":"Gemini provider not available (GEMINI_API_KEY not set)"}
# {"time":"2026-08-05T02:28:50.773Z","level":"warn","msg":"revision_rewrite_failed","passName":"dialogue","message":"Gemini provider not available (GEMINI_API_KEY not set)"}
# {"time":"2026-08-05T02:28:50.774Z","level":"warn","msg":"revision_rewrite_failed","passName":"dialogue","message":"Gemini provider not available (GEMINI_API_KEY not set)"}
# {"time":"2026-08-05T02:28:50.776Z","level":"warn","msg":"revision_rewrite_failed","passName":"dialogue","message":"Gemini provider not available (GEMINI_API_KEY not set)"}
# {"time":"2026-08-05T02:28:50.787Z","level":"warn","msg":"revision_rewrite_failed","passName":"dialogue","message":"Gemini provider not available (GEMINI_API_KEY not set)"}
# {"time":"2026-08-05T02:28:50.789Z","level":"warn","msg":"revision_rewrite_failed","passName":"dialogue","message":"Gemini provider not available (GEMINI_API_KEY not set)"}
# {"time":"2026-08-05T02:28:50.790Z","level":"warn","msg":"revision_rewrite_failed","passName":"dialogue","message":"Gemini provider not available (GEMINI_API_KEY not set)"}
# {"time":"2026-08-05T02:28:50.791Z","level":"warn","msg":"revision_rewrite_failed","passName":"dialogue","message":"Gemini provider not available (GEMINI_API_KEY not set)"}
# {"time":"2026-08-05T02:28:50.792Z","level":"warn","msg":"revision_rewrite_failed","passName":"dialogue","message":"Gemini provider not available (GEMINI_API_KEY not set)"}
# {"time":"2026-08-05T02:28:50.793Z","level":"warn","msg":"revision_rewrite_failed","passName":"dialogue","message":"Gemini provider not available (GEMINI_API_KEY not set)"}
# {"time":"2026-08-05T02:28:50.794Z","level":"warn","msg":"revision_rewrite_failed","passName":"dialogue","message":"Gemini provider not available (GEMINI_API_KEY not set)"}
# {"time":"2026-08-05T02:28:50.795Z","level":"warn","msg":"revision_rewrite_failed","passName":"dialogue","message":"Gemini provider not available (GEMINI_API_KEY not set)"}
# {"time":"2026-08-05T02:28:50.796Z","level":"warn","msg":"revision_rewrite_failed","passName":"dialogue","message":"Gemini provider not available (GEMINI_API_KEY not set)"}
# {"time":"2026-08-05T02:28:50.797Z","level":"warn","msg":"revision_rewrite_failed","passName":"dialogue","message":"Gemini provider not available (GEMINI_API_KEY not set)"}
# {"time":"2026-08-05T02:28:50.798Z","level":"warn","msg":"revision_rewrite_failed","passName":"dialogue","message":"Gemini provider not available (GEMINI_API_KEY not set)"}
# {"time":"2026-08-05T02:28:50.803Z","level":"warn","msg":"revision_rewrite_failed","passName":"dialogue","message":"Gemini provider not available (GEMINI_API_KEY not set)"}
# {"time":"2026-08-05T02:28:50.805Z","level":"warn","msg":"revision_rewrite_failed","passName":"dialogue","message":"Gemini provider not available (GEMINI_API_KEY not set)"}
# {"time":"2026-08-05T02:28:50.806Z","level":"warn","msg":"revision_rewrite_failed","passName":"dialogue","message":"Gemini provider not available (GEMINI_API_KEY not set)"}
# {"time":"2026-08-05T02:28:50.807Z","level":"warn","msg":"revision_rewrite_failed","passName":"dialogue","message":"Gemini provider not available (GEMINI_API_KEY not set)"}
# {"time":"2026-08-05T02:28:50.808Z","level":"warn","msg":"revision_rewrite_failed","passName":"dialogue","message":"Gemini provider not available (GEMINI_API_KEY not set)"}
# {"time":"2026-08-05T02:28:50.809Z","level":"warn","msg":"revision_rewrite_failed","passName":"dialogue","message":"Gemini provider not available (GEMINI_API_KEY not set)"}
# {"time":"2026-08-05T02:28:50.810Z","level":"warn","msg":"revision_rewrite_failed","passName":"dialogue","message":"Gemini provider not available (GEMINI_API_KEY not set)"}
# {"time":"2026-08-05T02:28:50.811Z","level":"warn","msg":"revision_rewrite_failed","passName":"dialogue","message":"Gemini provider not available (GEMINI_API_KEY not set)"}
# {"time":"2026-08-05T02:28:50.812Z","level":"warn","msg":"revision_rewrite_failed","passName":"dialogue","message":"Gemini provider not available (GEMINI_API_KEY not set)"}
# {"time":"2026-08-05T02:28:50.813Z","level":"warn","msg":"revision_rewrite_failed","passName":"dialogue","message":"Gemini provider not available (GEMINI_API_KEY not set)"}
# {"time":"2026-08-05T02:28:50.814Z","level":"warn","msg":"revision_rewrite_failed","passName":"dialogue","message":"Gemini provider not available (GEMINI_API_KEY not set)"}
# {"time":"2026-08-05T02:28:50.815Z","level":"warn","msg":"revision_rewrite_failed","passName":"dialogue","message":"Gemini provider not available (GEMINI_API_KEY not set)"}
# {"time":"2026-08-05T02:28:50.817Z","level":"warn","msg":"revision_rewrite_failed","passName":"dialogue","message":"Gemini provider not available (GEMINI_API_KEY not set)"}
# {"time":"2026-08-05T02:28:50.817Z","level":"warn","msg":"revision_rewrite_failed","passName":"dialogue","message":"Gemini provider not available (GEMINI_API_KEY not set)"}
# {"time":"2026-08-05T02:28:50.818Z","level":"warn","msg":"revision_rewrite_failed","passName":"dialogue","message":"Gemini provider not available (GEMINI_API_KEY not set)"}
# {"time":"2026-08-05T02:28:50.820Z","level":"warn","msg":"revision_rewrite_failed","passName":"dialogue","message":"Gemini provider not available (GEMINI_API_KEY not set)"}
# {"time":"2026-08-05T02:28:50.821Z","level":"warn","msg":"revision_rewrite_failed","passName":"dialogue","message":"Gemini provider not available (GEMINI_API_KEY not set)"}
# {"time":"2026-08-05T02:28:50.822Z","level":"warn","msg":"revision_rewrite_failed","passName":"dialogue","message":"Gemini provider not available (GEMINI_API_KEY not set)"}
# {"time":"2026-08-05T02:28:50.823Z","level":"warn","msg":"revision_rewrite_failed","passName":"dialogue","message":"Gemini provider not available (GEMINI_API_KEY not set)"}
# {"time":"2026-08-05T02:28:50.824Z","level":"warn","msg":"revision_rewrite_failed","passName":"dialogue","message":"Gemini provider not available (GEMINI_API_KEY not set)"}
# {"time":"2026-08-05T02:28:50.825Z","level":"warn","msg":"revision_rewrite_failed","passName":"dialogue","message":"Gemini provider not available (GEMINI_API_KEY not set)"}
# {"time":"2026-08-05T02:28:50.826Z","level":"warn","msg":"revision_rewrite_failed","passName":"dialogue","message":"Gemini provider not available (GEMINI_API_KEY not set)"}
# {"time":"2026-08-05T02:28:50.827Z","level":"warn","msg":"revision_rewrite_failed","passName":"dialogue","message":"Gemini provider not available (GEMINI_API_KEY not set)"}
# {"time":"2026-08-05T02:28:50.828Z","level":"warn","msg":"revision_rewrite_failed","passName":"dialogue","message":"Gemini provider not available (GEMINI_API_KEY not set)"}
# {"time":"2026-08-05T02:28:50.830Z","level":"warn","msg":"revision_rewrite_failed","passName":"dialogue","message":"Gemini provider not available (GEMINI_API_KEY not set)"}
# {"time":"2026-08-05T02:28:50.831Z","level":"warn","msg":"revision_rewrite_failed","passName":"dialogue","message":"Gemini provider not available (GEMINI_API_KEY not set)"}
# {"time":"2026-08-05T02:28:50.832Z","level":"warn","msg":"revision_rewrite_failed","passName":"dialogue","message":"Gemini provider not available (GEMINI_API_KEY not set)"}
# {"time":"2026-08-05T02:28:50.833Z","level":"warn","msg":"revision_rewrite_failed","passName":"dialogue","message":"Gemini provider not available (GEMINI_API_KEY not set)"}
# {"time":"2026-08-05T02:28:50.834Z","level":"warn","msg":"revision_rewrite_failed","passName":"dialogue","message":"Gemini provider not available (GEMINI_API_KEY not set)"}
# {"time":"2026-08-05T02:28:50.835Z","level":"warn","msg":"revision_rewrite_failed","passName":"dialogue","message":"Gemini provider not available (GEMINI_API_KEY not set)"}
# {"time":"2026-08-05T02:28:50.837Z","level":"warn","msg":"revision_rewrite_failed","passName":"dialogue","message":"Gemini provider not available (GEMINI_API_KEY not set)"}
# {"time":"2026-08-05T02:28:50.838Z","level":"warn","msg":"revision_rewrite_failed","passName":"dialogue","message":"Gemini provider not available (GEMINI_API_KEY not set)"}
# {"time":"2026-08-05T02:28:50.839Z","level":"warn","msg":"revision_rewrite_failed","passName":"dialogue","message":"Gemini provider not available (GEMINI_API_KEY not set)"}
# {"time":"2026-08-05T02:28:50.840Z","level":"warn","msg":"revision_rewrite_failed","passName":"dialogue","message":"Gemini provider not available (GEMINI_API_KEY not set)"}
# {"time":"2026-08-05T02:28:50.841Z","level":"warn","msg":"revision_rewrite_failed","passName":"dialogue","message":"Gemini provider not available (GEMINI_API_KEY not set)"}
# {"time":"2026-08-05T02:28:50.842Z","level":"warn","msg":"revision_rewrite_failed","passName":"dialogue","message":"Gemini provider not available (GEMINI_API_KEY not set)"}
# {"time":"2026-08-05T02:28:50.843Z","level":"warn","msg":"revision_rewrite_failed","passName":"dialogue","message":"Gemini provider not available (GEMINI_API_KEY not set)"}
# {"time":"2026-08-05T02:28:50.844Z","level":"warn","msg":"revision_rewrite_failed","passName":"dialogue","message":"Gemini provider not available (GEMINI_API_KEY not set)"}
# {"time":"2026-08-05T02:28:50.845Z","level":"warn","msg":"revision_rewrite_failed","passName":"dialogue","message":"Gemini provider not available (GEMINI_API_KEY not set)"}
# {"time":"2026-08-05T02:28:50.846Z","level":"warn","msg":"revision_rewrite_failed","passName":"dialogue","message":"Gemini provider not available (GEMINI_API_KEY not set)"}
# {"time":"2026-08-05T02:28:50.847Z","level":"warn","msg":"revision_rewrite_failed","passName":"dialogue","message":"Gemini provider not available (GEMINI_API_KEY not set)"}
# {"time":"2026-08-05T02:28:50.848Z","level":"warn","msg":"revision_rewrite_failed","passName":"dialogue","message":"Gemini provider not available (GEMINI_API_KEY not set)"}
# {"time":"2026-08-05T02:28:50.849Z","level":"warn","msg":"revision_rewrite_failed","passName":"dialogue","message":"Gemini provider not available (GEMINI_API_KEY not set)"}
# {"time":"2026-08-05T02:28:50.850Z","level":"warn","msg":"revision_rewrite_failed","passName":"dialogue","message":"Gemini provider not available (GEMINI_API_KEY not set)"}
# {"time":"2026-08-05T02:28:50.852Z","level":"warn","msg":"revision_rewrite_failed","passName":"dialogue","message":"Gemini provider not available (GEMINI_API_KEY not set)"}
# {"time":"2026-08-05T02:28:50.853Z","level":"warn","msg":"revision_rewrite_failed","passName":"dialogue","message":"Gemini provider not available (GEMINI_API_KEY not set)"}
# {"time":"2026-08-05T02:28:50.856Z","level":"warn","msg":"revision_rewrite_failed","passName":"dialogue","message":"Gemini provider not available (GEMINI_API_KEY not set)"}
# {"time":"2026-08-05T02:28:50.857Z","level":"warn","msg":"revision_rewrite_failed","passName":"dialogue","message":"Gemini provider not available (GEMINI_API_KEY not set)"}
# {"time":"2026-08-05T02:28:50.860Z","level":"warn","msg":"revision_rewrite_failed","passName":"dialogue","message":"Gemini provider not available (GEMINI_API_KEY not set)"}
# {"time":"2026-08-05T02:28:50.862Z","level":"warn","msg":"revision_rewrite_failed","passName":"dialogue","message":"Gemini provider not available (GEMINI_API_KEY not set)"}
# {"time":"2026-08-05T02:28:50.863Z","level":"warn","msg":"revision_rewrite_failed","passName":"dialogue","message":"Gemini provider not available (GEMINI_API_KEY not set)"}
# {"time":"2026-08-05T02:28:50.864Z","level":"warn","msg":"revision_rewrite_failed","passName":"dialogue","message":"Gemini provider not available (GEMINI_API_KEY not set)"}
# {"time":"2026-08-05T02:28:50.865Z","level":"warn","msg":"revision_rewrite_failed","passName":"dialogue","message":"Gemini provider not available (GEMINI_API_KEY not set)"}
# {"time":"2026-08-05T02:28:50.866Z","level":"warn","msg":"revision_rewrite_failed","passName":"dialogue","message":"Gemini provider not available (GEMINI_API_KEY not set)"}
# {"time":"2026-08-05T02:28:50.867Z","level":"warn","msg":"revision_rewrite_failed","passName":"dialogue","message":"Gemini provider not available (GEMINI_API_KEY not set)"}
# {"time":"2026-08-05T02:28:50.868Z","level":"warn","msg":"revision_rewrite_failed","passName":"dialogue","message":"Gemini provider not available (GEMINI_API_KEY not set)"}
# {"time":"2026-08-05T02:28:50.869Z","level":"warn","msg":"revision_rewrite_failed","passName":"dialogue","message":"Gemini provider not available (GEMINI_API_KEY not set)"}
# {"time":"2026-08-05T02:28:50.870Z","level":"warn","msg":"revision_rewrite_failed","passName":"dialogue","message":"Gemini provider not available (GEMINI_API_KEY not set)"}
# {"time":"2026-08-05T02:28:50.871Z","level":"warn","msg":"revision_rewrite_failed","passName":"dialogue","message":"Gemini provider not available (GEMINI_API_KEY not set)"}
# {"time":"2026-08-05T02:28:50.872Z","level":"warn","msg":"revision_rewrite_failed","passName":"dialogue","message":"Gemini provider not available (GEMINI_API_KEY not set)"}
# {"time":"2026-08-05T02:28:50.873Z","level":"warn","msg":"revision_rewrite_failed","passName":"dialogue","message":"Gemini provider not available (GEMINI_API_KEY not set)"}
# {"time":"2026-08-05T02:28:50.874Z","level":"warn","msg":"revision_rewrite_failed","passName":"dialogue","message":"Gemini provider not available (GEMINI_API_KEY not set)"}
# {"time":"2026-08-05T02:28:50.875Z","level":"warn","msg":"revision_rewrite_failed","passName":"dialogue","message":"Gemini provider not available (GEMINI_API_KEY not set)"}
# {"time":"2026-08-05T02:28:50.875Z","level":"warn","msg":"revision_rewrite_failed","passName":"dialogue","message":"Gemini provider not available (GEMINI_API_KEY not set)"}
# {"time":"2026-08-05T02:28:50.876Z","level":"warn","msg":"revision_rewrite_failed","passName":"dialogue","message":"Gemini provider not available (GEMINI_API_KEY not set)"}
# {"time":"2026-08-05T02:28:50.881Z","level":"warn","msg":"revision_rewrite_failed","passName":"dialogue","message":"Gemini provider not available (GEMINI_API_KEY not set)"}
# {"time":"2026-08-05T02:28:50.883Z","level":"warn","msg":"revision_rewrite_failed","passName":"dialogue","message":"Gemini provider not available (GEMINI_API_KEY not set)"}
# {"time":"2026-08-05T02:28:50.883Z","level":"warn","msg":"revision_rewrite_failed","passName":"dialogue","message":"Gemini provider not available (GEMINI_API_KEY not set)"}
# {"time":"2026-08-05T02:28:50.884Z","level":"warn","msg":"revision_rewrite_failed","passName":"dialogue","message":"Gemini provider not available (GEMINI_API_KEY not set)"}
# {"time":"2026-08-05T02:28:50.885Z","level":"warn","msg":"revision_rewrite_failed","passName":"dialogue","message":"Gemini provider not available (GEMINI_API_KEY not set)"}
# {"time":"2026-08-05T02:28:50.886Z","level":"warn","msg":"revision_rewrite_failed","passName":"dialogue","message":"Gemini provider not available (GEMINI_API_KEY not set)"}
# {"time":"2026-08-05T02:28:50.887Z","level":"warn","msg":"revision_rewrite_failed","passName":"dialogue","message":"Gemini provider not available (GEMINI_API_KEY not set)"}
# {"time":"2026-08-05T02:28:50.888Z","level":"warn","msg":"revision_rewrite_failed","passName":"dialogue","message":"Gemini provider not available (GEMINI_API_KEY not set)"}
# {"time":"2026-08-05T02:28:50.889Z","level":"warn","msg":"revision_rewrite_failed","passName":"dialogue","message":"Gemini provider not available (GEMINI_API_KEY not set)"}
# {"time":"2026-08-05T02:28:50.890Z","level":"warn","msg":"revision_rewrite_failed","passName":"dialogue","message":"Gemini provider not available (GEMINI_API_KEY not set)"}
# {"time":"2026-08-05T02:28:50.891Z","level":"warn","msg":"revision_rewrite_failed","passName":"dialogue","message":"Gemini provider not available (GEMINI_API_KEY not set)"}
# {"time":"2026-08-05T02:28:50.892Z","level":"warn","msg":"revision_rewrite_failed","passName":"dialogue","message":"Gemini provider not available (GEMINI_API_KEY not set)"}
# {"time":"2026-08-05T02:28:50.892Z","level":"warn","msg":"revision_rewrite_failed","passName":"dialogue","message":"Gemini provider not available (GEMINI_API_KEY not set)"}
# {"time":"2026-08-05T02:28:50.894Z","level":"warn","msg":"revision_rewrite_failed","passName":"dialogue","message":"Gemini provider not available (GEMINI_API_KEY not set)"}
# {"time":"2026-08-05T02:28:50.895Z","level":"warn","msg":"revision_rewrite_failed","passName":"dialogue","message":"Gemini provider not available (GEMINI_API_KEY not set)"}
# {"time":"2026-08-05T02:28:50.895Z","level":"warn","msg":"revision_rewrite_failed","passName":"dialogue","message":"Gemini provider not available (GEMINI_API_KEY not set)"}
# {"time":"2026-08-05T02:28:50.896Z","level":"warn","msg":"revision_rewrite_failed","passName":"dialogue","message":"Gemini provider not available (GEMINI_API_KEY not set)"}
# {"time":"2026-08-05T02:28:50.897Z","level":"warn","msg":"revision_rewrite_failed","passName":"dialogue","message":"Gemini provider not available (GEMINI_API_KEY not set)"}
# {"time":"2026-08-05T02:28:50.898Z","level":"warn","msg":"revision_rewrite_failed","passName":"dialogue","message":"Gemini provider not available (GEMINI_API_KEY not set)"}
# {"time":"2026-08-05T02:28:50.899Z","level":"warn","msg":"revision_rewrite_failed","passName":"dialogue","message":"Gemini provider not available (GEMINI_API_KEY not set)"}
# {"time":"2026-08-05T02:28:50.900Z","level":"warn","msg":"revision_rewrite_failed","passName":"dialogue","message":"Gemini provider not available (GEMINI_API_KEY not set)"}
# {"time":"2026-08-05T02:28:50.901Z","level":"warn","msg":"revision_rewrite_failed","passName":"dialogue","message":"Gemini provider not available (GEMINI_API_KEY not set)"}
# {"time":"2026-08-05T02:28:50.902Z","level":"warn","msg":"revision_rewrite_failed","passName":"dialogue","message":"Gemini provider not available (GEMINI_API_KEY not set)"}
# {"time":"2026-08-05T02:28:50.903Z","level":"warn","msg":"revision_rewrite_failed","passName":"dialogue","message":"Gemini provider not available (GEMINI_API_KEY not set)"}
# {"time":"2026-08-05T02:28:50.904Z","level":"warn","msg":"revision_rewrite_failed","passName":"dialogue","message":"Gemini provider not available (GEMINI_API_KEY not set)"}
# {"time":"2026-08-05T02:28:50.905Z","level":"warn","msg":"revision_rewrite_failed","passName":"dialogue","message":"Gemini provider not available (GEMINI_API_KEY not set)"}
# {"time":"2026-08-05T02:28:50.906Z","level":"warn","msg":"revision_rewrite_failed","passName":"dialogue","message":"Gemini provider not available (GEMINI_API_KEY not set)"}
# {"time":"2026-08-05T02:28:50.907Z","level":"warn","msg":"revision_rewrite_failed","passName":"dialogue","message":"Gemini provider not available (GEMINI_API_KEY not set)"}
# {"time":"2026-08-05T02:28:50.908Z","level":"warn","msg":"revision_rewrite_failed","passName":"dialogue","message":"Gemini provider not available (GEMINI_API_KEY not set)"}
# {"time":"2026-08-05T02:28:50.909Z","level":"warn","msg":"revision_rewrite_failed","passName":"dialogue","message":"Gemini provider not available (GEMINI_API_KEY not set)"}
# {"time":"2026-08-05T02:28:50.909Z","level":"warn","msg":"revision_rewrite_failed","passName":"dialogue","message":"Gemini provider not available (GEMINI_API_KEY not set)"}
# {"time":"2026-08-05T02:28:50.911Z","level":"warn","msg":"revision_rewrite_failed","passName":"dialogue","message":"Gemini provider not available (GEMINI_API_KEY not set)"}
# {"time":"2026-08-05T02:28:50.911Z","level":"warn","msg":"revision_rewrite_failed","passName":"dialogue","message":"Gemini provider not available (GEMINI_API_KEY not set)"}
# {"time":"2026-08-05T02:28:50.912Z","level":"warn","msg":"revision_rewrite_failed","passName":"dialogue","message":"Gemini provider not available (GEMINI_API_KEY not set)"}
# {"time":"2026-08-05T02:28:50.913Z","level":"warn","msg":"revision_rewrite_failed","passName":"dialogue","message":"Gemini provider not available (GEMINI_API_KEY not set)"}
# {"time":"2026-08-05T02:28:50.914Z","level":"warn","msg":"revision_rewrite_failed","passName":"dialogue","message":"Gemini provider not available (GEMINI_API_KEY not set)"}
# {"time":"2026-08-05T02:28:50.915Z","level":"warn","msg":"revision_rewrite_failed","passName":"dialogue","message":"Gemini provider not available (GEMINI_API_KEY not set)"}
# {"time":"2026-08-05T02:28:50.916Z","level":"warn","msg":"revision_rewrite_failed","passName":"dialogue","message":"Gemini provider not available (GEMINI_API_KEY not set)"}
# {"time":"2026-08-05T02:28:50.917Z","level":"warn","msg":"revision_rewrite_failed","passName":"dialogue","message":"Gemini provider not available (GEMINI_API_KEY not set)"}
# {"time":"2026-08-05T02:28:50.918Z","level":"warn","msg":"revision_rewrite_failed","passName":"dialogue","message":"Gemini provider not available (GEMINI_API_KEY not set)"}
# {"time":"2026-08-05T02:28:50.918Z","level":"warn","msg":"revision_rewrite_failed","passName":"dialogue","message":"Gemini provider not available (GEMINI_API_KEY not set)"}
# {"time":"2026-08-05T02:28:50.919Z","level":"warn","msg":"revision_rewrite_failed","passName":"dialogue","message":"Gemini provider not available (GEMINI_API_KEY not set)"}
# {"time":"2026-08-05T02:28:50.920Z","level":"warn","msg":"revision_rewrite_failed","passName":"dialogue","message":"Gemini provider not available (GEMINI_API_KEY not set)"}
# {"time":"2026-08-05T02:28:50.921Z","level":"warn","msg":"revision_rewrite_failed","passName":"dialogue","message":"Gemini provider not available (GEMINI_API_KEY not set)"}
# {"time":"2026-08-05T02:28:50.922Z","level":"warn","msg":"revision_rewrite_failed","passName":"dialogue","message":"Gemini provider not available (GEMINI_API_KEY not set)"}
# {"time":"2026-08-05T02:28:50.923Z","level":"warn","msg":"revision_rewrite_failed","passName":"dialogue","message":"Gemini provider not available (GEMINI_API_KEY not set)"}
# {"time":"2026-08-05T02:28:50.924Z","level":"warn","msg":"revision_rewrite_failed","passName":"dialogue","message":"Gemini provider not available (GEMINI_API_KEY not set)"}
# {"time":"2026-08-05T02:28:50.925Z","level":"warn","msg":"revision_rewrite_failed","passName":"dialogue","message":"Gemini provider not available (GEMINI_API_KEY not set)"}
# {"time":"2026-08-05T02:28:50.925Z","level":"warn","msg":"revision_rewrite_failed","passName":"dialogue","message":"Gemini provider not available (GEMINI_API_KEY not set)"}
# {"time":"2026-08-05T02:28:50.927Z","level":"warn","msg":"revision_rewrite_failed","passName":"dialogue","message":"Gemini provider not available (GEMINI_API_KEY not set)"}
# {"time":"2026-08-05T02:28:50.927Z","level":"warn","msg":"revision_rewrite_failed","passName":"dialogue","message":"Gemini provider not available (GEMINI_API_KEY not set)"}
# {"time":"2026-08-05T02:28:50.928Z","level":"warn","msg":"revision_rewrite_failed","passName":"dialogue","message":"Gemini provider not available (GEMINI_API_KEY not set)"}
# {"time":"2026-08-05T02:28:50.929Z","level":"warn","msg":"revision_rewrite_failed","passName":"dialogue","message":"Gemini provider not available (GEMINI_API_KEY not set)"}
# {"time":"2026-08-05T02:28:50.930Z","level":"warn","msg":"revision_rewrite_failed","passName":"dialogue","message":"Gemini provider not available (GEMINI_API_KEY not set)"}
# {"time":"2026-08-05T02:28:50.931Z","level":"warn","msg":"revision_rewrite_failed","passName":"dialogue","message":"Gemini provider not available (GEMINI_API_KEY not set)"}
# {"time":"2026-08-05T02:28:50.932Z","level":"warn","msg":"revision_rewrite_failed","passName":"dialogue","message":"Gemini provider not available (GEMINI_API_KEY not set)"}
# {"time":"2026-08-05T02:28:50.933Z","level":"warn","msg":"revision_rewrite_failed","passName":"dialogue","message":"Gemini provider not available (GEMINI_API_KEY not set)"}
# {"time":"2026-08-05T02:28:50.934Z","level":"warn","msg":"revision_rewrite_failed","passName":"dialogue","message":"Gemini provider not available (GEMINI_API_KEY not set)"}
# {"time":"2026-08-05T02:28:50.934Z","level":"warn","msg":"revision_rewrite_failed","passName":"dialogue","message":"Gemini provider not available (GEMINI_API_KEY not set)"}
# {"time":"2026-08-05T02:28:50.935Z","level":"warn","msg":"revision_rewrite_failed","passName":"dialogue","message":"Gemini provider not available (GEMINI_API_KEY not set)"}
# {"time":"2026-08-05T02:28:50.936Z","level":"warn","msg":"revision_rewrite_failed","passName":"dialogue","message":"Gemini provider not available (GEMINI_API_KEY not set)"}
# {"time":"2026-08-05T02:28:50.937Z","level":"warn","msg":"revision_rewrite_failed","passName":"dialogue","message":"Gemini provider not available (GEMINI_API_KEY not set)"}
# {"time":"2026-08-05T02:28:50.938Z","level":"warn","msg":"revision_rewrite_failed","passName":"dialogue","message":"Gemini provider not available (GEMINI_API_KEY not set)"}
# {"time":"2026-08-05T02:28:50.939Z","level":"warn","msg":"revision_rewrite_failed","passName":"dialogue","message":"Gemini provider not available (GEMINI_API_KEY not set)"}
# {"time":"2026-08-05T02:28:50.940Z","level":"warn","msg":"revision_rewrite_failed","passName":"dialogue","message":"Gemini provider not available (GEMINI_API_KEY not set)"}
# {"time":"2026-08-05T02:28:50.941Z","level":"warn","msg":"revision_rewrite_failed","passName":"dialogue","message":"Gemini provider not available (GEMINI_API_KEY not set)"}
# {"time":"2026-08-05T02:28:50.943Z","level":"warn","msg":"revision_rewrite_failed","passName":"dialogue","message":"Gemini provider not available (GEMINI_API_KEY not set)"}
# {"time":"2026-08-05T02:28:50.944Z","level":"warn","msg":"revision_rewrite_failed","passName":"dialogue","message":"Gemini provider not available (GEMINI_API_KEY not set)"}
# {"time":"2026-08-05T02:28:50.945Z","level":"warn","msg":"revision_rewrite_failed","passName":"dialogue","message":"Gemini provider not available (GEMINI_API_KEY not set)"}
# {"time":"2026-08-05T02:28:50.946Z","level":"warn","msg":"revision_rewrite_failed","passName":"dialogue","message":"Gemini provider not available (GEMINI_API_KEY not set)"}
# {"time":"2026-08-05T02:28:50.947Z","level":"warn","msg":"revision_rewrite_failed","passName":"dialogue","message":"Gemini provider not available (GEMINI_API_KEY not set)"}
# {"time":"2026-08-05T02:28:50.947Z","level":"warn","msg":"revision_rewrite_failed","passName":"dialogue","message":"Gemini provider not available (GEMINI_API_KEY not set)"}
# {"time":"2026-08-05T02:28:50.948Z","level":"warn","msg":"revision_rewrite_failed","passName":"dialogue","message":"Gemini provider not available (GEMINI_API_KEY not set)"}
# {"time":"2026-08-05T02:28:50.949Z","level":"warn","msg":"revision_rewrite_failed","passName":"dialogue","message":"Gemini provider not available (GEMINI_API_KEY not set)"}
# {"time":"2026-08-05T02:28:50.950Z","level":"warn","msg":"revision_rewrite_failed","passName":"dialogue","message":"Gemini provider not available (GEMINI_API_KEY not set)"}
# {"time":"2026-08-05T02:28:50.951Z","level":"warn","msg":"revision_rewrite_failed","passName":"dialogue","message":"Gemini provider not available (GEMINI_API_KEY not set)"}
# {"time":"2026-08-05T02:28:50.952Z","level":"warn","msg":"revision_rewrite_failed","passName":"dialogue","message":"Gemini provider not available (GEMINI_API_KEY not set)"}
# {"time":"2026-08-05T02:28:50.953Z","level":"warn","msg":"revision_rewrite_failed","passName":"dialogue","message":"Gemini provider not available (GEMINI_API_KEY not set)"}
# {"time":"2026-08-05T02:28:50.953Z","level":"warn","msg":"revision_rewrite_failed","passName":"dialogue","message":"Gemini provider not available (GEMINI_API_KEY not set)"}
# {"time":"2026-08-05T02:28:50.955Z","level":"warn","msg":"revision_rewrite_failed","passName":"dialogue","message":"Gemini provider not available (GEMINI_API_KEY not set)"}
# {"time":"2026-08-05T02:28:50.955Z","level":"warn","msg":"revision_rewrite_failed","passName":"dialogue","message":"Gemini provider not available (GEMINI_API_KEY not set)"}
# {"time":"2026-08-05T02:28:50.956Z","level":"warn","msg":"revision_rewrite_failed","passName":"dialogue","message":"Gemini provider not available (GEMINI_API_KEY not set)"}
# {"time":"2026-08-05T02:28:50.957Z","level":"warn","msg":"revision_rewrite_failed","passName":"dialogue","message":"Gemini provider not available (GEMINI_API_KEY not set)"}
# {"time":"2026-08-05T02:28:50.970Z","level":"warn","msg":"revision_rewrite_failed","passName":"dialogue","message":"Gemini provider not available (GEMINI_API_KEY not set)"}
# {"time":"2026-08-05T02:28:50.971Z","level":"warn","msg":"revision_rewrite_failed","passName":"dialogue","message":"Gemini provider not available (GEMINI_API_KEY not set)"}
# {"time":"2026-08-05T02:28:50.972Z","level":"warn","msg":"revision_rewrite_failed","passName":"dialogue","message":"Gemini provider not available (GEMINI_API_KEY not set)"}
# {"time":"2026-08-05T02:28:50.973Z","level":"warn","msg":"revision_rewrite_failed","passName":"dialogue","message":"Gemini provider not available (GEMINI_API_KEY not set)"}
# {"time":"2026-08-05T02:28:50.973Z","level":"warn","msg":"revision_rewrite_failed","passName":"dialogue","message":"Gemini provider not available (GEMINI_API_KEY not set)"}
# {"time":"2026-08-05T02:28:50.974Z","level":"warn","msg":"revision_rewrite_failed","passName":"dialogue","message":"Gemini provider not available (GEMINI_API_KEY not set)"}
# {"time":"2026-08-05T02:28:50.975Z","level":"warn","msg":"revision_rewrite_failed","passName":"dialogue","message":"Gemini provider not available (GEMINI_API_KEY not set)"}
# {"time":"2026-08-05T02:28:50.976Z","level":"warn","msg":"revision_rewrite_failed","passName":"dialogue","message":"Gemini provider not available (GEMINI_API_KEY not set)"}
# {"time":"2026-08-05T02:28:50.977Z","level":"warn","msg":"revision_rewrite_failed","passName":"dialogue","message":"Gemini provider not available (GEMINI_API_KEY not set)"}
# {"time":"2026-08-05T02:28:50.978Z","level":"warn","msg":"revision_rewrite_failed","passName":"dialogue","message":"Gemini provider not available (GEMINI_API_KEY not set)"}
# {"time":"2026-08-05T02:28:50.978Z","level":"warn","msg":"revision_rewrite_failed","passName":"dialogue","message":"Gemini provider not available (GEMINI_API_KEY not set)"}
# {"time":"2026-08-05T02:28:50.979Z","level":"warn","msg":"revision_rewrite_failed","passName":"dialogue","message":"Gemini provider not available (GEMINI_API_KEY not set)"}
# {"time":"2026-08-05T02:28:50.980Z","level":"warn","msg":"revision_rewrite_failed","passName":"dialogue","message":"Gemini provider not available (GEMINI_API_KEY not set)"}
# {"time":"2026-08-05T02:28:50.981Z","level":"warn","msg":"revision_rewrite_failed","passName":"dialogue","message":"Gemini provider not available (GEMINI_API_KEY not set)"}
# {"time":"2026-08-05T02:28:50.982Z","level":"warn","msg":"revision_rewrite_failed","passName":"dialogue","message":"Gemini provider not available (GEMINI_API_KEY not set)"}
# {"time":"2026-08-05T02:28:50.983Z","level":"warn","msg":"revision_rewrite_failed","passName":"dialogue","message":"Gemini provider not available (GEMINI_API_KEY not set)"}
# {"time":"2026-08-05T02:28:50.984Z","level":"warn","msg":"revision_rewrite_failed","passName":"dialogue","message":"Gemini provider not available (GEMINI_API_KEY not set)"}
# {"time":"2026-08-05T02:28:50.985Z","level":"warn","msg":"revision_rewrite_failed","passName":"dialogue","message":"Gemini provider not available (GEMINI_API_KEY not set)"}
# {"time":"2026-08-05T02:28:50.985Z","level":"warn","msg":"revision_rewrite_failed","passName":"dialogue","message":"Gemini provider not available (GEMINI_API_KEY not set)"}
# {"time":"2026-08-05T02:28:50.986Z","level":"warn","msg":"revision_rewrite_failed","passName":"dialogue","message":"Gemini provider not available (GEMINI_API_KEY not set)"}
# {"time":"2026-08-05T02:28:50.987Z","level":"warn","msg":"revision_rewrite_failed","passName":"dialogue","message":"Gemini provider not available (GEMINI_API_KEY not set)"}
# {"time":"2026-08-05T02:28:50.988Z","level":"warn","msg":"revision_rewrite_failed","passName":"dialogue","message":"Gemini provider not available (GEMINI_API_KEY not set)"}
# {"time":"2026-08-05T02:28:50.989Z","level":"warn","msg":"revision_rewrite_failed","passName":"dialogue","message":"Gemini provider not available (GEMINI_API_KEY not set)"}
# {"time":"2026-08-05T02:28:50.990Z","level":"warn","msg":"revision_rewrite_failed","passName":"dialogue","message":"Gemini provider not available (GEMINI_API_KEY not set)"}
# {"time":"2026-08-05T02:28:50.991Z","level":"warn","msg":"revision_rewrite_failed","passName":"dialogue","message":"Gemini provider not available (GEMINI_API_KEY not set)"}
# {"time":"2026-08-05T02:28:50.992Z","level":"warn","msg":"revision_rewrite_failed","passName":"dialogue","message":"Gemini provider not available (GEMINI_API_KEY not set)"}
# {"time":"2026-08-05T02:28:50.993Z","level":"warn","msg":"revision_rewrite_failed","passName":"dialogue","message":"Gemini provider not available (GEMINI_API_KEY not set)"}
# {"time":"2026-08-05T02:28:50.994Z","level":"warn","msg":"revision_rewrite_failed","passName":"dialogue","message":"Gemini provider not available (GEMINI_API_KEY not set)"}
# {"time":"2026-08-05T02:28:50.995Z","level":"warn","msg":"revision_rewrite_failed","passName":"dialogue","message":"Gemini provider not available (GEMINI_API_KEY not set)"}
# {"time":"2026-08-05T02:28:50.996Z","level":"warn","msg":"revision_rewrite_failed","passName":"dialogue","message":"Gemini provider not available (GEMINI_API_KEY not set)"}
# {"time":"2026-08-05T02:28:50.997Z","level":"warn","msg":"revision_rewrite_failed","passName":"dialogue","message":"Gemini provider not available (GEMINI_API_KEY not set)"}
# {"time":"2026-08-05T02:28:50.997Z","level":"warn","msg":"revision_rewrite_failed","passName":"dialogue","message":"Gemini provider not available (GEMINI_API_KEY not set)"}
# {"time":"2026-08-05T02:28:50.998Z","level":"warn","msg":"revision_rewrite_failed","passName":"dialogue","message":"Gemini provider not available (GEMINI_API_KEY not set)"}
# {"time":"2026-08-05T02:28:50.999Z","level":"warn","msg":"revision_rewrite_failed","passName":"dialogue","message":"Gemini provider not available (GEMINI_API_KEY not set)"}
# {"time":"2026-08-05T02:28:51.000Z","level":"warn","msg":"revision_rewrite_failed","passName":"dialogue","message":"Gemini provider not available (GEMINI_API_KEY not set)"}
# {"time":"2026-08-05T02:28:51.001Z","level":"warn","msg":"revision_rewrite_failed","passName":"dialogue","message":"Gemini provider not available (GEMINI_API_KEY not set)"}
# {"time":"2026-08-05T02:28:51.002Z","level":"warn","msg":"revision_rewrite_failed","passName":"dialogue","message":"Gemini provider not available (GEMINI_API_KEY not set)"}
# {"time":"2026-08-05T02:28:51.003Z","level":"warn","msg":"revision_rewrite_failed","passName":"dialogue","message":"Gemini provider not available (GEMINI_API_KEY not set)"}
# {"time":"2026-08-05T02:28:51.004Z","level":"warn","msg":"revision_rewrite_failed","passName":"dialogue","message":"Gemini provider not available (GEMINI_API_KEY not set)"}
# {"time":"2026-08-05T02:28:51.005Z","level":"warn","msg":"revision_rewrite_failed","passName":"dialogue","message":"Gemini provider not available (GEMINI_API_KEY not set)"}
# {"time":"2026-08-05T02:28:51.005Z","level":"warn","msg":"revision_rewrite_failed","passName":"dialogue","message":"Gemini provider not available (GEMINI_API_KEY not set)"}
# {"time":"2026-08-05T02:28:51.006Z","level":"warn","msg":"revision_rewrite_failed","passName":"dialogue","message":"Gemini provider not available (GEMINI_API_KEY not set)"}
# {"time":"2026-08-05T02:28:51.007Z","level":"warn","msg":"revision_rewrite_failed","passName":"dialogue","message":"Gemini provider not available (GEMINI_API_KEY not set)"}
# {"time":"2026-08-05T02:28:51.008Z","level":"warn","msg":"revision_rewrite_failed","passName":"dialogue","message":"Gemini provider not available (GEMINI_API_KEY not set)"}
# {"time":"2026-08-05T02:28:51.009Z","level":"warn","msg":"revision_rewrite_failed","passName":"dialogue","message":"Gemini provider not available (GEMINI_API_KEY not set)"}
# {"time":"2026-08-05T02:28:51.010Z","level":"warn","msg":"revision_rewrite_failed","passName":"dialogue","message":"Gemini provider not available (GEMINI_API_KEY not set)"}
# {"time":"2026-08-05T02:28:51.011Z","level":"warn","msg":"revision_rewrite_failed","passName":"dialogue","message":"Gemini provider not available (GEMINI_API_KEY not set)"}
# {"time":"2026-08-05T02:28:51.012Z","level":"warn","msg":"revision_rewrite_failed","passName":"dialogue","message":"Gemini provider not available (GEMINI_API_KEY not set)"}
# {"time":"2026-08-05T02:28:51.013Z","level":"warn","msg":"revision_rewrite_failed","passName":"dialogue","message":"Gemini provider not available (GEMINI_API_KEY not set)"}
# {"time":"2026-08-05T02:28:51.013Z","level":"warn","msg":"revision_rewrite_failed","passName":"dialogue","message":"Gemini provider not available (GEMINI_API_KEY not set)"}
# {"time":"2026-08-05T02:28:51.014Z","level":"warn","msg":"revision_rewrite_failed","passName":"dialogue","message":"Gemini provider not available (GEMINI_API_KEY not set)"}
# {"time":"2026-08-05T02:28:51.015Z","level":"warn","msg":"revision_rewrite_failed","passName":"dialogue","message":"Gemini provider not available (GEMINI_API_KEY not set)"}
# {"time":"2026-08-05T02:28:51.016Z","level":"warn","msg":"revision_rewrite_failed","passName":"dialogue","message":"Gemini provider not available (GEMINI_API_KEY not set)"}
# {"time":"2026-08-05T02:28:51.017Z","level":"warn","msg":"revision_rewrite_failed","passName":"dialogue","message":"Gemini provider not available (GEMINI_API_KEY not set)"}
# {"time":"2026-08-05T02:28:51.018Z","level":"warn","msg":"revision_rewrite_failed","passName":"dialogue","message":"Gemini provider not available (GEMINI_API_KEY not set)"}
# {"time":"2026-08-05T02:28:51.019Z","level":"warn","msg":"revision_rewrite_failed","passName":"dialogue","message":"Gemini provider not available (GEMINI_API_KEY not set)"}
# {"time":"2026-08-05T02:28:51.020Z","level":"warn","msg":"revision_rewrite_failed","passName":"dialogue","message":"Gemini provider not available (GEMINI_API_KEY not set)"}
# {"time":"2026-08-05T02:28:51.020Z","level":"warn","msg":"revision_rewrite_failed","passName":"dialogue","message":"Gemini provider not available (GEMINI_API_KEY not set)"}
# {"time":"2026-08-05T02:28:51.021Z","level":"warn","msg":"revision_rewrite_failed","passName":"dialogue","message":"Gemini provider not available (GEMINI_API_KEY not set)"}
# {"time":"2026-08-05T02:28:51.022Z","level":"warn","msg":"revision_rewrite_failed","passName":"dialogue","message":"Gemini provider not available (GEMINI_API_KEY not set)"}
# {"time":"2026-08-05T02:28:51.023Z","level":"warn","msg":"revision_rewrite_failed","passName":"dialogue","message":"Gemini provider not available (GEMINI_API_KEY not set)"}
# {"time":"2026-08-05T02:28:51.024Z","level":"warn","msg":"revision_rewrite_failed","passName":"dialogue","message":"Gemini provider not available (GEMINI_API_KEY not set)"}
# {"time":"2026-08-05T02:28:51.025Z","level":"warn","msg":"revision_rewrite_failed","passName":"dialogue","message":"Gemini provider not available (GEMINI_API_KEY not set)"}
# {"time":"2026-08-05T02:28:51.025Z","level":"warn","msg":"revision_rewrite_failed","passName":"dialogue","message":"Gemini provider not available (GEMINI_API_KEY not set)"}
# {"time":"2026-08-05T02:28:51.026Z","level":"warn","msg":"revision_rewrite_failed","passName":"dialogue","message":"Gemini provider not available (GEMINI_API_KEY not set)"}
# {"time":"2026-08-05T02:28:51.027Z","level":"warn","msg":"revision_rewrite_failed","passName":"dialogue","message":"Gemini provider not available (GEMINI_API_KEY not set)"}
# {"time":"2026-08-05T02:28:51.028Z","level":"warn","msg":"revision_rewrite_failed","passName":"dialogue","message":"Gemini provider not available (GEMINI_API_KEY not set)"}
# {"time":"2026-08-05T02:28:51.029Z","level":"warn","msg":"revision_rewrite_failed","passName":"dialogue","message":"Gemini provider not available (GEMINI_API_KEY not set)"}
# {"time":"2026-08-05T02:28:51.032Z","level":"warn","msg":"revision_rewrite_failed","passName":"dialogue","message":"Gemini provider not available (GEMINI_API_KEY not set)"}
# {"time":"2026-08-05T02:28:51.035Z","level":"warn","msg":"revision_rewrite_failed","passName":"dialogue","message":"Gemini provider not available (GEMINI_API_KEY not set)"}
# {"time":"2026-08-05T02:28:51.036Z","level":"warn","msg":"revision_rewrite_failed","passName":"dialogue","message":"Gemini provider not available (GEMINI_API_KEY not set)"}
# {"time":"2026-08-05T02:28:51.038Z","level":"warn","msg":"revision_rewrite_failed","passName":"dialogue","message":"Gemini provider not available (GEMINI_API_KEY not set)"}
# {"time":"2026-08-05T02:28:51.044Z","level":"warn","msg":"revision_rewrite_failed","passName":"dialogue","message":"Gemini provider not available (GEMINI_API_KEY not set)"}
# {"time":"2026-08-05T02:28:51.046Z","level":"warn","msg":"revision_rewrite_failed","passName":"dialogue","message":"Gemini provider not available (GEMINI_API_KEY not set)"}
# {"time":"2026-08-05T02:28:51.049Z","level":"warn","msg":"revision_rewrite_failed","passName":"dialogue","message":"Gemini provider not available (GEMINI_API_KEY not set)"}
# {"time":"2026-08-05T02:28:51.051Z","level":"warn","msg":"revision_rewrite_failed","passName":"dialogue","message":"Gemini provider not available (GEMINI_API_KEY not set)"}
# {"time":"2026-08-05T02:28:51.054Z","level":"warn","msg":"revision_rewrite_failed","passName":"dialogue","message":"Gemini provider not available (GEMINI_API_KEY not set)"}
# {"time":"2026-08-05T02:28:51.056Z","level":"warn","msg":"revision_rewrite_failed","passName":"dialogue","message":"Gemini provider not available (GEMINI_API_KEY not set)"}
# {"time":"2026-08-05T02:28:51.057Z","level":"warn","msg":"revision_rewrite_failed","passName":"dialogue","message":"Gemini provider not available (GEMINI_API_KEY not set)"}
# {"time":"2026-08-05T02:28:51.061Z","level":"warn","msg":"revision_rewrite_failed","passName":"dialogue","message":"Gemini provider not available (GEMINI_API_KEY not set)"}
# {"time":"2026-08-05T02:28:51.063Z","level":"warn","msg":"revision_rewrite_failed","passName":"dialogue","message":"Gemini provider not available (GEMINI_API_KEY not set)"}
# {"time":"2026-08-05T02:28:51.065Z","level":"warn","msg":"revision_rewrite_failed","passName":"dialogue","message":"Gemini provider not available (GEMINI_API_KEY not set)"}
# {"time":"2026-08-05T02:28:51.067Z","level":"warn","msg":"revision_rewrite_failed","passName":"dialogue","message":"Gemini provider not available (GEMINI_API_KEY not set)"}
# {"time":"2026-08-05T02:28:51.070Z","level":"warn","msg":"revision_rewrite_failed","passName":"dialogue","message":"Gemini provider not available (GEMINI_API_KEY not set)"}
# {"time":"2026-08-05T02:28:51.072Z","level":"warn","msg":"revision_rewrite_failed","passName":"dialogue","message":"Gemini provider not available (GEMINI_API_KEY not set)"}
# {"time":"2026-08-05T02:28:51.074Z","level":"warn","msg":"revision_rewrite_failed","passName":"dialogue","message":"Gemini provider not available (GEMINI_API_KEY not set)"}
# {"time":"2026-08-05T02:28:51.076Z","level":"warn","msg":"revision_rewrite_failed","passName":"dialogue","message":"Gemini provider not available (GEMINI_API_KEY not set)"}
# {"time":"2026-08-05T02:28:51.077Z","level":"warn","msg":"revision_rewrite_failed","passName":"dialogue","message":"Gemini provider not available (GEMINI_API_KEY not set)"}
# {"time":"2026-08-05T02:28:51.078Z","level":"warn","msg":"revision_rewrite_failed","passName":"dialogue","message":"Gemini provider not available (GEMINI_API_KEY not set)"}
# {"time":"2026-08-05T02:28:51.080Z","level":"warn","msg":"revision_rewrite_failed","passName":"dialogue","message":"Gemini provider not available (GEMINI_API_KEY not set)"}
# {"time":"2026-08-05T02:28:51.083Z","level":"warn","msg":"revision_rewrite_failed","passName":"dialogue","message":"Gemini provider not available (GEMINI_API_KEY not set)"}
# {"time":"2026-08-05T02:28:51.085Z","level":"warn","msg":"revision_rewrite_failed","passName":"dialogue","message":"Gemini provider not available (GEMINI_API_KEY not set)"}
# {"time":"2026-08-05T02:28:51.087Z","level":"warn","msg":"revision_rewrite_failed","passName":"dialogue","message":"Gemini provider not available (GEMINI_API_KEY not set)"}
# {"time":"2026-08-05T02:28:51.089Z","level":"warn","msg":"revision_rewrite_failed","passName":"dialogue","message":"Gemini provider not available (GEMINI_API_KEY not set)"}
# {"time":"2026-08-05T02:28:51.092Z","level":"warn","msg":"revision_rewrite_failed","passName":"dialogue","message":"Gemini provider not available (GEMINI_API_KEY not set)"}
# {"time":"2026-08-05T02:28:51.093Z","level":"warn","msg":"revision_rewrite_failed","passName":"dialogue","message":"Gemini provider not available (GEMINI_API_KEY not set)"}
# {"time":"2026-08-05T02:28:51.098Z","level":"warn","msg":"revision_rewrite_failed","passName":"dialogue","message":"Gemini provider not available (GEMINI_API_KEY not set)"}
# {"time":"2026-08-05T02:28:51.101Z","level":"warn","msg":"revision_rewrite_failed","passName":"dialogue","message":"Gemini provider not available (GEMINI_API_KEY not set)"}
# {"time":"2026-08-05T02:28:51.103Z","level":"warn","msg":"revision_rewrite_failed","passName":"dialogue","message":"Gemini provider not available (GEMINI_API_KEY not set)"}
# {"time":"2026-08-05T02:28:51.106Z","level":"warn","msg":"revision_rewrite_failed","passName":"dialogue","message":"Gemini provider not available (GEMINI_API_KEY not set)"}
# {"time":"2026-08-05T02:28:51.108Z","level":"warn","msg":"revision_rewrite_failed","passName":"dialogue","message":"Gemini provider not available (GEMINI_API_KEY not set)"}
# {"time":"2026-08-05T02:28:51.111Z","level":"warn","msg":"revision_rewrite_failed","passName":"dialogue","message":"Gemini provider not available (GEMINI_API_KEY not set)"}
# {"time":"2026-08-05T02:28:51.114Z","level":"warn","msg":"revision_rewrite_failed","passName":"dialogue","message":"Gemini provider not available (GEMINI_API_KEY not set)"}
# {"time":"2026-08-05T02:28:51.116Z","level":"warn","msg":"revision_rewrite_failed","passName":"dialogue","message":"Gemini provider not available (GEMINI_API_KEY not set)"}
# {"time":"2026-08-05T02:28:51.118Z","level":"warn","msg":"revision_rewrite_failed","passName":"dialogue","message":"Gemini provider not available (GEMINI_API_KEY not set)"}
# {"time":"2026-08-05T02:28:51.120Z","level":"warn","msg":"revision_rewrite_failed","passName":"dialogue","message":"Gemini provider not available (GEMINI_API_KEY not set)"}
# {"time":"2026-08-05T02:28:51.124Z","level":"warn","msg":"revision_rewrite_failed","passName":"dialogue","message":"Gemini provider not available (GEMINI_API_KEY not set)"}
# {"time":"2026-08-05T02:28:51.127Z","level":"warn","msg":"revision_rewrite_failed","passName":"dialogue","message":"Gemini provider not available (GEMINI_API_KEY not set)"}
# {"time":"2026-08-05T02:28:51.129Z","level":"warn","msg":"revision_rewrite_failed","passName":"dialogue","message":"Gemini provider not available (GEMINI_API_KEY not set)"}
# {"time":"2026-08-05T02:28:51.131Z","level":"warn","msg":"revision_rewrite_failed","passName":"dialogue","message":"Gemini provider not available (GEMINI_API_KEY not set)"}
# {"time":"2026-08-05T02:28:51.133Z","level":"warn","msg":"revision_rewrite_failed","passName":"dialogue","message":"Gemini provider not available (GEMINI_API_KEY not set)"}
# {"time":"2026-08-05T02:28:51.135Z","level":"warn","msg":"revision_rewrite_failed","passName":"dialogue","message":"Gemini provider not available (GEMINI_API_KEY not set)"}
# {"time":"2026-08-05T02:28:51.137Z","level":"warn","msg":"revision_rewrite_failed","passName":"dialogue","message":"Gemini provider not available (GEMINI_API_KEY not set)"}
# {"time":"2026-08-05T02:28:51.138Z","level":"warn","msg":"revision_rewrite_failed","passName":"dialogue","message":"Gemini provider not available (GEMINI_API_KEY not set)"}
# {"time":"2026-08-05T02:28:51.139Z","level":"warn","msg":"revision_rewrite_failed","passName":"dialogue","message":"Gemini provider not available (GEMINI_API_KEY not set)"}
# {"time":"2026-08-05T02:28:51.143Z","level":"warn","msg":"revision_rewrite_failed","passName":"dialogue","message":"Gemini provider not available (GEMINI_API_KEY not set)"}
# {"time":"2026-08-05T02:28:51.145Z","level":"warn","msg":"revision_rewrite_failed","passName":"dialogue","message":"Gemini provider not available (GEMINI_API_KEY not set)"}
# {"time":"2026-08-05T02:28:51.146Z","level":"warn","msg":"revision_rewrite_failed","passName":"dialogue","message":"Gemini provider not available (GEMINI_API_KEY not set)"}
# {"time":"2026-08-05T02:28:51.148Z","level":"warn","msg":"revision_rewrite_failed","passName":"dialogue","message":"Gemini provider not available (GEMINI_API_KEY not set)"}
# {"time":"2026-08-05T02:28:51.150Z","level":"warn","msg":"revision_rewrite_failed","passName":"dialogue","message":"Gemini provider not available (GEMINI_API_KEY not set)"}
# {"time":"2026-08-05T02:28:51.156Z","level":"warn","msg":"revision_rewrite_failed","passName":"dialogue","message":"Gemini provider not available (GEMINI_API_KEY not set)"}
# {"time":"2026-08-05T02:28:51.161Z","level":"warn","msg":"revision_rewrite_failed","passName":"dialogue","message":"Gemini provider not available (GEMINI_API_KEY not set)"}
# {"time":"2026-08-05T02:28:51.164Z","level":"warn","msg":"revision_rewrite_failed","passName":"dialogue","message":"Gemini provider not available (GEMINI_API_KEY not set)"}
# {"time":"2026-08-05T02:28:51.165Z","level":"warn","msg":"revision_rewrite_failed","passName":"dialogue","message":"Gemini provider not available (GEMINI_API_KEY not set)"}
# {"time":"2026-08-05T02:28:51.167Z","level":"warn","msg":"revision_rewrite_failed","passName":"dialogue","message":"Gemini provider not available (GEMINI_API_KEY not set)"}
# {"time":"2026-08-05T02:28:51.169Z","level":"warn","msg":"revision_rewrite_failed","passName":"dialogue","message":"Gemini provider not available (GEMINI_API_KEY not set)"}
# {"time":"2026-08-05T02:28:51.171Z","level":"warn","msg":"revision_rewrite_failed","passName":"dialogue","message":"Gemini provider not available (GEMINI_API_KEY not set)"}
# {"time":"2026-08-05T02:28:51.174Z","level":"warn","msg":"revision_rewrite_failed","passName":"dialogue","message":"Gemini provider not available (GEMINI_API_KEY not set)"}
# {"time":"2026-08-05T02:28:51.176Z","level":"warn","msg":"revision_rewrite_failed","passName":"dialogue","message":"Gemini provider not available (GEMINI_API_KEY not set)"}
# {"time":"2026-08-05T02:28:51.177Z","level":"warn","msg":"revision_rewrite_failed","passName":"dialogue","message":"Gemini provider not available (GEMINI_API_KEY not set)"}
# {"time":"2026-08-05T02:28:51.179Z","level":"warn","msg":"revision_rewrite_failed","passName":"dialogue","message":"Gemini provider not available (GEMINI_API_KEY not set)"}
# {"time":"2026-08-05T02:28:51.180Z","level":"warn","msg":"revision_rewrite_failed","passName":"dialogue","message":"Gemini provider not available (GEMINI_API_KEY not set)"}
# {"time":"2026-08-05T02:28:51.182Z","level":"warn","msg":"revision_rewrite_failed","passName":"dialogue","message":"Gemini provider not available (GEMINI_API_KEY not set)"}
# {"time":"2026-08-05T02:28:51.184Z","level":"warn","msg":"revision_rewrite_failed","passName":"dialogue","message":"Gemini provider not available (GEMINI_API_KEY not set)"}
# {"time":"2026-08-05T02:28:51.187Z","level":"warn","msg":"revision_rewrite_failed","passName":"dialogue","message":"Gemini provider not available (GEMINI_API_KEY not set)"}
# {"time":"2026-08-05T02:28:51.189Z","level":"warn","msg":"revision_rewrite_failed","passName":"dialogue","message":"Gemini provider not available (GEMINI_API_KEY not set)"}
# {"time":"2026-08-05T02:28:51.192Z","level":"warn","msg":"revision_rewrite_failed","passName":"dialogue","message":"Gemini provider not available (GEMINI_API_KEY not set)"}
# {"time":"2026-08-05T02:28:51.194Z","level":"warn","msg":"revision_rewrite_failed","passName":"dialogue","message":"Gemini provider not available (GEMINI_API_KEY not set)"}
# {"time":"2026-08-05T02:28:51.195Z","level":"warn","msg":"revision_rewrite_failed","passName":"dialogue","message":"Gemini provider not available (GEMINI_API_KEY not set)"}
# {"time":"2026-08-05T02:28:51.197Z","level":"warn","msg":"revision_rewrite_failed","passName":"dialogue","message":"Gemini provider not available (GEMINI_API_KEY not set)"}
# {"time":"2026-08-05T02:28:51.198Z","level":"warn","msg":"revision_rewrite_failed","passName":"dialogue","message":"Gemini provider not available (GEMINI_API_KEY not set)"}
# {"time":"2026-08-05T02:28:51.200Z","level":"warn","msg":"revision_rewrite_failed","passName":"dialogue","message":"Gemini provider not available (GEMINI_API_KEY not set)"}
# {"time":"2026-08-05T02:28:51.201Z","level":"warn","msg":"revision_rewrite_failed","passName":"dialogue","message":"Gemini provider not available (GEMINI_API_KEY not set)"}
# {"time":"2026-08-05T02:28:51.202Z","level":"warn","msg":"revision_rewrite_failed","passName":"dialogue","message":"Gemini provider not available (GEMINI_API_KEY not set)"}
# {"time":"2026-08-05T02:28:51.204Z","level":"warn","msg":"revision_rewrite_failed","passName":"dialogue","message":"Gemini provider not available (GEMINI_API_KEY not set)"}
# {"time":"2026-08-05T02:28:51.205Z","level":"warn","msg":"revision_rewrite_failed","passName":"dialogue","message":"Gemini provider not available (GEMINI_API_KEY not set)"}
# {"time":"2026-08-05T02:28:51.207Z","level":"warn","msg":"revision_rewrite_failed","passName":"dialogue","message":"Gemini provider not available (GEMINI_API_KEY not set)"}
# {"time":"2026-08-05T02:28:51.208Z","level":"warn","msg":"revision_rewrite_failed","passName":"dialogue","message":"Gemini provider not available (GEMINI_API_KEY not set)"}
# {"time":"2026-08-05T02:28:51.209Z","level":"warn","msg":"revision_rewrite_failed","passName":"dialogue","message":"Gemini provider not available (GEMINI_API_KEY not set)"}
# {"time":"2026-08-05T02:28:51.210Z","level":"warn","msg":"revision_rewrite_failed","passName":"dialogue","message":"Gemini provider not available (GEMINI_API_KEY not set)"}
# {"time":"2026-08-05T02:28:51.212Z","level":"warn","msg":"revision_rewrite_failed","passName":"dialogue","message":"Gemini provider not available (GEMINI_API_KEY not set)"}
# {"time":"2026-08-05T02:28:51.213Z","level":"warn","msg":"revision_rewrite_failed","passName":"dialogue","message":"Gemini provider not available (GEMINI_API_KEY not set)"}
# {"time":"2026-08-05T02:28:51.214Z","level":"warn","msg":"revision_rewrite_failed","passName":"dialogue","message":"Gemini provider not available (GEMINI_API_KEY not set)"}
# {"time":"2026-08-05T02:28:51.216Z","level":"warn","msg":"revision_rewrite_failed","passName":"dialogue","message":"Gemini provider not available (GEMINI_API_KEY not set)"}
# {"time":"2026-08-05T02:28:51.217Z","level":"warn","msg":"revision_rewrite_failed","passName":"dialogue","message":"Gemini provider not available (GEMINI_API_KEY not set)"}
# {"time":"2026-08-05T02:28:51.218Z","level":"warn","msg":"revision_rewrite_failed","passName":"dialogue","message":"Gemini provider not available (GEMINI_API_KEY not set)"}
# {"time":"2026-08-05T02:28:51.226Z","level":"warn","msg":"revision_rewrite_failed","passName":"dialogue","message":"Gemini provider not available (GEMINI_API_KEY not set)"}
# {"time":"2026-08-05T02:28:51.228Z","level":"warn","msg":"revision_rewrite_failed","passName":"dialogue","message":"Gemini provider not available (GEMINI_API_KEY not set)"}
# {"time":"2026-08-05T02:28:51.229Z","level":"warn","msg":"revision_rewrite_failed","passName":"dialogue","message":"Gemini provider not available (GEMINI_API_KEY not set)"}
# {"time":"2026-08-05T02:28:51.230Z","level":"warn","msg":"revision_rewrite_failed","passName":"dialogue","message":"Gemini provider not available (GEMINI_API_KEY not set)"}
# {"time":"2026-08-05T02:28:51.232Z","level":"warn","msg":"revision_rewrite_failed","passName":"dialogue","message":"Gemini provider not available (GEMINI_API_KEY not set)"}
# {"time":"2026-08-05T02:28:51.233Z","level":"warn","msg":"revision_rewrite_failed","passName":"dialogue","message":"Gemini provider not available (GEMINI_API_KEY not set)"}
# {"time":"2026-08-05T02:28:51.234Z","level":"warn","msg":"revision_rewrite_failed","passName":"dialogue","message":"Gemini provider not available (GEMINI_API_KEY not set)"}
# {"time":"2026-08-05T02:28:51.235Z","level":"warn","msg":"revision_rewrite_failed","passName":"dialogue","message":"Gemini provider not available (GEMINI_API_KEY not set)"}
# {"time":"2026-08-05T02:28:51.236Z","level":"warn","msg":"revision_rewrite_failed","passName":"dialogue","message":"Gemini provider not available (GEMINI_API_KEY not set)"}
# {"time":"2026-08-05T02:28:51.237Z","level":"warn","msg":"revision_rewrite_failed","passName":"dialogue","message":"Gemini provider not available (GEMINI_API_KEY not set)"}
# {"time":"2026-08-05T02:28:51.238Z","level":"warn","msg":"revision_rewrite_failed","passName":"dialogue","message":"Gemini provider not available (GEMINI_API_KEY not set)"}
# {"time":"2026-08-05T02:28:51.239Z","level":"warn","msg":"revision_rewrite_failed","passName":"dialogue","message":"Gemini provider not available (GEMINI_API_KEY not set)"}
# {"time":"2026-08-05T02:28:51.240Z","level":"warn","msg":"revision_rewrite_failed","passName":"dialogue","message":"Gemini provider not available (GEMINI_API_KEY not set)"}
# {"time":"2026-08-05T02:28:51.241Z","level":"warn","msg":"revision_rewrite_failed","passName":"dialogue","message":"Gemini provider not available (GEMINI_API_KEY not set)"}
# {"time":"2026-08-05T02:28:51.242Z","level":"warn","msg":"revision_rewrite_failed","passName":"dialogue","message":"Gemini provider not available (GEMINI_API_KEY not set)"}
# {"time":"2026-08-05T02:28:51.243Z","level":"warn","msg":"revision_rewrite_failed","passName":"dialogue","message":"Gemini provider not available (GEMINI_API_KEY not set)"}
# {"time":"2026-08-05T02:28:51.244Z","level":"warn","msg":"revision_rewrite_failed","passName":"dialogue","message":"Gemini provider not available (GEMINI_API_KEY not set)"}
# {"time":"2026-08-05T02:28:51.244Z","level":"warn","msg":"revision_rewrite_failed","passName":"dialogue","message":"Gemini provider not available (GEMINI_API_KEY not set)"}
# {"time":"2026-08-05T02:28:51.246Z","level":"warn","msg":"revision_rewrite_failed","passName":"dialogue","message":"Gemini provider not available (GEMINI_API_KEY not set)"}
# {"time":"2026-08-05T02:28:51.247Z","level":"warn","msg":"revision_rewrite_failed","passName":"dialogue","message":"Gemini provider not available (GEMINI_API_KEY not set)"}
# {"time":"2026-08-05T02:28:51.247Z","level":"warn","msg":"revision_rewrite_failed","passName":"dialogue","message":"Gemini provider not available (GEMINI_API_KEY not set)"}
# {"time":"2026-08-05T02:28:51.248Z","level":"warn","msg":"revision_rewrite_failed","passName":"dialogue","message":"Gemini provider not available (GEMINI_API_KEY not set)"}
# {"time":"2026-08-05T02:28:51.249Z","level":"warn","msg":"revision_rewrite_failed","passName":"dialogue","message":"Gemini provider not available (GEMINI_API_KEY not set)"}
# {"time":"2026-08-05T02:28:51.250Z","level":"warn","msg":"revision_rewrite_failed","passName":"dialogue","message":"Gemini provider not available (GEMINI_API_KEY not set)"}
# {"time":"2026-08-05T02:28:51.251Z","level":"warn","msg":"revision_rewrite_failed","passName":"dialogue","message":"Gemini provider not available (GEMINI_API_KEY not set)"}
# {"time":"2026-08-05T02:28:51.253Z","level":"warn","msg":"revision_rewrite_failed","passName":"dialogue","message":"Gemini provider not available (GEMINI_API_KEY not set)"}
# {"time":"2026-08-05T02:28:51.254Z","level":"warn","msg":"revision_rewrite_failed","passName":"dialogue","message":"Gemini provider not available (GEMINI_API_KEY not set)"}
# {"time":"2026-08-05T02:28:51.256Z","level":"warn","msg":"revision_rewrite_failed","passName":"dialogue","message":"Gemini provider not available (GEMINI_API_KEY not set)"}
# {"time":"2026-08-05T02:28:51.257Z","level":"warn","msg":"revision_rewrite_failed","passName":"dialogue","message":"Gemini provider not available (GEMINI_API_KEY not set)"}
# {"time":"2026-08-05T02:28:51.258Z","level":"warn","msg":"revision_rewrite_failed","passName":"dialogue","message":"Gemini provider not available (GEMINI_API_KEY not set)"}
# {"time":"2026-08-05T02:28:51.260Z","level":"warn","msg":"revision_rewrite_failed","passName":"dialogue","message":"Gemini provider not available (GEMINI_API_KEY not set)"}
# {"time":"2026-08-05T02:28:51.262Z","level":"warn","msg":"revision_rewrite_failed","passName":"dialogue","message":"Gemini provider not available (GEMINI_API_KEY not set)"}
# {"time":"2026-08-05T02:28:51.263Z","level":"warn","msg":"revision_rewrite_failed","passName":"dialogue","message":"Gemini provider not available (GEMINI_API_KEY not set)"}
# {"time":"2026-08-05T02:28:51.264Z","level":"warn","msg":"revision_rewrite_failed","passName":"dialogue","message":"Gemini provider not available (GEMINI_API_KEY not set)"}
# {"time":"2026-08-05T02:28:51.266Z","level":"warn","msg":"revision_rewrite_failed","passName":"dialogue","message":"Gemini provider not available (GEMINI_API_KEY not set)"}
# {"time":"2026-08-05T02:28:51.267Z","level":"warn","msg":"revision_rewrite_failed","passName":"dialogue","message":"Gemini provider not available (GEMINI_API_KEY not set)"}
# {"time":"2026-08-05T02:28:51.268Z","level":"warn","msg":"revision_rewrite_failed","passName":"dialogue","message":"Gemini provider not available (GEMINI_API_KEY not set)"}
# {"time":"2026-08-05T02:28:51.270Z","level":"warn","msg":"revision_rewrite_failed","passName":"dialogue","message":"Gemini provider not available (GEMINI_API_KEY not set)"}
# {"time":"2026-08-05T02:28:51.271Z","level":"warn","msg":"revision_rewrite_failed","passName":"dialogue","message":"Gemini provider not available (GEMINI_API_KEY not set)"}
# {"time":"2026-08-05T02:28:51.273Z","level":"warn","msg":"revision_rewrite_failed","passName":"dialogue","message":"Gemini provider not available (GEMINI_API_KEY not set)"}
# {"time":"2026-08-05T02:28:51.274Z","level":"warn","msg":"revision_rewrite_failed","passName":"dialogue","message":"Gemini provider not available (GEMINI_API_KEY not set)"}
# {"time":"2026-08-05T02:28:51.275Z","level":"warn","msg":"revision_rewrite_failed","passName":"dialogue","message":"Gemini provider not available (GEMINI_API_KEY not set)"}
# {"time":"2026-08-05T02:28:51.277Z","level":"warn","msg":"revision_rewrite_failed","passName":"dialogue","message":"Gemini provider not available (GEMINI_API_KEY not set)"}
# {"time":"2026-08-05T02:28:51.279Z","level":"warn","msg":"revision_rewrite_failed","passName":"dialogue","message":"Gemini provider not available (GEMINI_API_KEY not set)"}
# {"time":"2026-08-05T02:28:51.280Z","level":"warn","msg":"revision_rewrite_failed","passName":"dialogue","message":"Gemini provider not available (GEMINI_API_KEY not set)"}
# {"time":"2026-08-05T02:28:51.282Z","level":"warn","msg":"revision_rewrite_failed","passName":"dialogue","message":"Gemini provider not available (GEMINI_API_KEY not set)"}
# {"time":"2026-08-05T02:28:51.283Z","level":"warn","msg":"revision_rewrite_failed","passName":"dialogue","message":"Gemini provider not available (GEMINI_API_KEY not set)"}
# {"time":"2026-08-05T02:28:51.285Z","level":"warn","msg":"revision_rewrite_failed","passName":"dialogue","message":"Gemini provider not available (GEMINI_API_KEY not set)"}
# {"time":"2026-08-05T02:28:51.286Z","level":"warn","msg":"revision_rewrite_failed","passName":"dialogue","message":"Gemini provider not available (GEMINI_API_KEY not set)"}
# {"time":"2026-08-05T02:28:51.287Z","level":"warn","msg":"revision_rewrite_failed","passName":"dialogue","message":"Gemini provider not available (GEMINI_API_KEY not set)"}
# {"time":"2026-08-05T02:28:51.289Z","level":"warn","msg":"revision_rewrite_failed","passName":"dialogue","message":"Gemini provider not available (GEMINI_API_KEY not set)"}
# {"time":"2026-08-05T02:28:51.290Z","level":"warn","msg":"revision_rewrite_failed","passName":"dialogue","message":"Gemini provider not available (GEMINI_API_KEY not set)"}
# {"time":"2026-08-05T02:28:51.291Z","level":"warn","msg":"revision_rewrite_failed","passName":"dialogue","message":"Gemini provider not available (GEMINI_API_KEY not set)"}
# {"time":"2026-08-05T02:28:51.295Z","level":"warn","msg":"revision_rewrite_failed","passName":"dialogue","message":"Gemini provider not available (GEMINI_API_KEY not set)"}
# {"time":"2026-08-05T02:28:51.297Z","level":"warn","msg":"revision_rewrite_failed","passName":"dialogue","message":"Gemini provider not available (GEMINI_API_KEY not set)"}
# {"time":"2026-08-05T02:28:51.298Z","level":"warn","msg":"revision_rewrite_failed","passName":"dialogue","message":"Gemini provider not available (GEMINI_API_KEY not set)"}
# {"time":"2026-08-05T02:28:51.299Z","level":"warn","msg":"revision_rewrite_failed","passName":"dialogue","message":"Gemini provider not available (GEMINI_API_KEY not set)"}
# {"time":"2026-08-05T02:28:51.301Z","level":"warn","msg":"revision_rewrite_failed","passName":"dialogue","message":"Gemini provider not available (GEMINI_API_KEY not set)"}
# {"time":"2026-08-05T02:28:51.302Z","level":"warn","msg":"revision_rewrite_failed","passName":"dialogue","message":"Gemini provider not available (GEMINI_API_KEY not set)"}
# {"time":"2026-08-05T02:28:51.303Z","level":"warn","msg":"revision_rewrite_failed","passName":"dialogue","message":"Gemini provider not available (GEMINI_API_KEY not set)"}
# {"time":"2026-08-05T02:28:51.304Z","level":"warn","msg":"revision_rewrite_failed","passName":"dialogue","message":"Gemini provider not available (GEMINI_API_KEY not set)"}
# {"time":"2026-08-05T02:28:51.306Z","level":"warn","msg":"revision_rewrite_failed","passName":"dialogue","message":"Gemini provider not available (GEMINI_API_KEY not set)"}
# {"time":"2026-08-05T02:28:51.307Z","level":"warn","msg":"revision_rewrite_failed","passName":"dialogue","message":"Gemini provider not available (GEMINI_API_KEY not set)"}
# {"time":"2026-08-05T02:28:51.308Z","level":"warn","msg":"revision_rewrite_failed","passName":"dialogue","message":"Gemini provider not available (GEMINI_API_KEY not set)"}
# {"time":"2026-08-05T02:28:51.308Z","level":"warn","msg":"revision_rewrite_failed","passName":"dialogue","message":"Gemini provider not available (GEMINI_API_KEY not set)"}
# {"time":"2026-08-05T02:28:51.311Z","level":"warn","msg":"revision_rewrite_failed","passName":"dialogue","message":"Gemini provider not available (GEMINI_API_KEY not set)"}
# {"time":"2026-08-05T02:28:51.312Z","level":"warn","msg":"revision_rewrite_failed","passName":"dialogue","message":"Gemini provider not available (GEMINI_API_KEY not set)"}
# {"time":"2026-08-05T02:28:51.314Z","level":"warn","msg":"revision_rewrite_failed","passName":"dialogue","message":"Gemini provider not available (GEMINI_API_KEY not set)"}
# {"time":"2026-08-05T02:28:51.315Z","level":"warn","msg":"revision_rewrite_failed","passName":"dialogue","message":"Gemini provider not available (GEMINI_API_KEY not set)"}
# {"time":"2026-08-05T02:28:51.315Z","level":"warn","msg":"revision_rewrite_failed","passName":"dialogue","message":"Gemini provider not available (GEMINI_API_KEY not set)"}
# {"time":"2026-08-05T02:28:51.316Z","level":"warn","msg":"revision_rewrite_failed","passName":"dialogue","message":"Gemini provider not available (GEMINI_API_KEY not set)"}
# Subtest: Wave 150 — dialoguePass: talking heads, over-parenthetical, deadlock
    # Subtest: dialoguePass detects TALKING_HEADS for long dialogue run with no action beats
    ok 1 - dialoguePass detects TALKING_HEADS for long dialogue run with no action beats
      ---
      duration_ms: 49.697534
      type: 'test'
      ...
    # Subtest: dialoguePass does NOT fire TALKING_HEADS when action breaks dialogue
    ok 2 - dialoguePass does NOT fire TALKING_HEADS when action breaks dialogue
      ---
      duration_ms: 3.107002
      type: 'test'
      ...
    # Subtest: dialoguePass detects OVER_PARENTHETICAL for a character directing every line
    ok 3 - dialoguePass detects OVER_PARENTHETICAL for a character directing every line
      ---
      duration_ms: 4.990603
      type: 'test'
      ...
    # Subtest: dialoguePass detects DEADLOCK_DIALOGUE for circular argument with repeated keywords
    ok 4 - dialoguePass detects DEADLOCK_DIALOGUE for circular argument with repeated keywords
      ---
      duration_ms: 1.615582
      type: 'test'
      ...
    1..4
ok 1280 - Wave 150 — dialoguePass: talking heads, over-parenthetical, deadlock
  ---
  duration_ms: 60.819908
  type: 'suite'
  ...
# Subtest: Wave 164 — dialoguePass: rhetorical question flood, density inversion, voice uniformity
    # Subtest: dialoguePass detects RHETORICAL_QUESTION_FLOOD when speaker asks 3+ consecutive questions
    ok 1 - dialoguePass detects RHETORICAL_QUESTION_FLOOD when speaker asks 3+ consecutive questions
      ---
      duration_ms: 1.492086
      type: 'test'
      ...
    # Subtest: dialoguePass does NOT fire RHETORICAL_QUESTION_FLOOD when speaker mixes questions with declarations
    ok 2 - dialoguePass does NOT fire RHETORICAL_QUESTION_FLOOD when speaker mixes questions with declarations
      ---
      duration_ms: 0.698878
      type: 'test'
      ...
    # Subtest: dialoguePass detects DIALOGUE_DENSITY_INVERSION when climax talks more than setup
    ok 3 - dialoguePass detects DIALOGUE_DENSITY_INVERSION when climax talks more than setup
      ---
      duration_ms: 5.972948
      type: 'test'
      ...
    # Subtest: dialoguePass does NOT fire DIALOGUE_DENSITY_INVERSION when setup talks more than climax
    ok 4 - dialoguePass does NOT fire DIALOGUE_DENSITY_INVERSION when setup talks more than climax
      ---
      duration_ms: 3.86557
      type: 'test'
      ...
    # Subtest: dialoguePass detects CHARACTER_VOICE_UNIFORMITY when all speakers share same rhythm
    ok 5 - dialoguePass detects CHARACTER_VOICE_UNIFORMITY when all speakers share same rhythm
      ---
      duration_ms: 2.474836
      type: 'test'
      ...
    # Subtest: dialoguePass does NOT fire CHARACTER_VOICE_UNIFORMITY when speakers have distinct line lengths
    ok 6 - dialoguePass does NOT fire CHARACTER_VOICE_UNIFORMITY when speakers have distinct line lengths
      ---
      duration_ms: 11.797072
      type: 'test'
      ...
    1..6
ok 1281 - Wave 164 — dialoguePass: rhetorical question flood, density inversion, voice uniformity
  ---
  duration_ms: 26.923003
  type: 'suite'
  ...
# Subtest: Wave 178 — dialoguePass: greeting ritual, vocative overuse, filler openers
    # Subtest: dialoguePass detects GREETING_RITUAL_OVERUSE when greetings pad the dialogue
    ok 1 - dialoguePass detects GREETING_RITUAL_OVERUSE when greetings pad the dialogue
      ---
      duration_ms: 1.278653
      type: 'test'
      ...
    # Subtest: dialoguePass does NOT fire GREETING_RITUAL_OVERUSE when dialogue starts mid-conversation
    ok 2 - dialoguePass does NOT fire GREETING_RITUAL_OVERUSE when dialogue starts mid-conversation
      ---
      duration_ms: 0.740032
      type: 'test'
      ...
    # Subtest: dialoguePass detects VOCATIVE_NAME_OVERUSE when characters over-name each other
    ok 3 - dialoguePass detects VOCATIVE_NAME_OVERUSE when characters over-name each other
      ---
      duration_ms: 1.28444
      type: 'test'
      ...
    # Subtest: dialoguePass does NOT fire VOCATIVE_NAME_OVERUSE when names are used sparingly
    ok 4 - dialoguePass does NOT fire VOCATIVE_NAME_OVERUSE when names are used sparingly
      ---
      duration_ms: 0.641897
      type: 'test'
      ...
    # Subtest: dialoguePass detects FILLER_OPENER_OVERUSE when lines open with throat-clears
    ok 5 - dialoguePass detects FILLER_OPENER_OVERUSE when lines open with throat-clears
      ---
      duration_ms: 1.085583
      type: 'test'
      ...
    # Subtest: dialoguePass does NOT fire FILLER_OPENER_OVERUSE when lines start on content
    ok 6 - dialoguePass does NOT fire FILLER_OPENER_OVERUSE when lines start on content
      ---
      duration_ms: 0.626844
      type: 'test'
      ...
    1..6
ok 1282 - Wave 178 — dialoguePass: greeting ritual, vocative overuse, filler openers
  ---
  duration_ms: 6.002967
  type: 'suite'
  ...
# Subtest: Wave 185 — dialoguePass: question dominance, interruption void, speaker monopoly
    # Subtest: QUESTION_DOMINANCE fires when >45% of dialogue lines are questions
    ok 1 - QUESTION_DOMINANCE fires when >45% of dialogue lines are questions
      ---
      duration_ms: 2.503358
      type: 'test'
      ...
    # Subtest: QUESTION_DOMINANCE does not fire when question rate is below threshold
    ok 2 - QUESTION_DOMINANCE does not fire when question rate is below threshold
      ---
      duration_ms: 1.451988
      type: 'test'
      ...
    # Subtest: INTERRUPTION_VOID fires when no dialogue line has an interruption marker
    ok 3 - INTERRUPTION_VOID fires when no dialogue line has an interruption marker
      ---
      duration_ms: 1.573093
      type: 'test'
      ...
    # Subtest: INTERRUPTION_VOID does not fire when interruption markers are present
    ok 4 - INTERRUPTION_VOID does not fire when interruption markers are present
      ---
      duration_ms: 8.682158
      type: 'test'
      ...
    # Subtest: SPEAKER_MONOPOLY fires when one character delivers >55% of all dialogue
    ok 5 - SPEAKER_MONOPOLY fires when one character delivers >55% of all dialogue
      ---
      duration_ms: 1.964051
      type: 'test'
      ...
    # Subtest: SPEAKER_MONOPOLY does not fire when dialogue is evenly distributed
    ok 6 - SPEAKER_MONOPOLY does not fire when dialogue is evenly distributed
      ---
      duration_ms: 2.008445
      type: 'test'
      ...
    1..6
ok 1283 - Wave 185 — dialoguePass: question dominance, interruption void, speaker monopoly
  ---
  duration_ms: 18.674992
  type: 'suite'
  ...
# Subtest: Wave 227 — dialoguePass: mirror syndrome, imperative dominance, last-act exposition spike
    # Subtest: dialoguePass detects DIALOGUE_MIRROR_SYNDROME when responses echo the prior line as a question 3+ times
    ok 1 - dialoguePass detects DIALOGUE_MIRROR_SYNDROME when responses echo the prior line as a question 3+ times
      ---
      duration_ms: 2.062655
      type: 'test'
      ...
    # Subtest: dialoguePass does NOT fire DIALOGUE_MIRROR_SYNDROME when responses are substantive reactions
    ok 2 - dialoguePass does NOT fire DIALOGUE_MIRROR_SYNDROME when responses are substantive reactions
      ---
      duration_ms: 1.118066
      type: 'test'
      ...
    # Subtest: dialoguePass detects IMPERATIVE_DOMINANCE when a character delivers ≥60% of lines as commands
    ok 3 - dialoguePass detects IMPERATIVE_DOMINANCE when a character delivers ≥60% of lines as commands
      ---
      duration_ms: 1.450184
      type: 'test'
      ...
    # Subtest: dialoguePass does NOT fire IMPERATIVE_DOMINANCE when a character uses varied speech types
    ok 4 - dialoguePass does NOT fire IMPERATIVE_DOMINANCE when a character uses varied speech types
      ---
      duration_ms: 1.688624
      type: 'test'
      ...
    # Subtest: dialoguePass detects LAST_ACT_EXPOSITION_SPIKE when Act 3 has more exposition than Act 1
    ok 5 - dialoguePass detects LAST_ACT_EXPOSITION_SPIKE when Act 3 has more exposition than Act 1
      ---
      duration_ms: 1.703501
      type: 'test'
      ...
    # Subtest: dialoguePass does NOT fire LAST_ACT_EXPOSITION_SPIKE when Act 1 has more exposition than Act 3
    ok 6 - dialoguePass does NOT fire LAST_ACT_EXPOSITION_SPIKE when Act 1 has more exposition than Act 3
      ---
      duration_ms: 2.191414
      type: 'test'
      ...
    1..6
ok 1284 - Wave 227 — dialoguePass: mirror syndrome, imperative dominance, last-act exposition spike
  ---
  duration_ms: 10.693923
  type: 'suite'
  ...
# Subtest: Wave 311 — dialoguePass: hedge saturation, filler sound overuse, one-word dominance
    # Subtest: DIALOGUE_HEDGE_SATURATION fires when >30% of lines contain a softener
    ok 1 - DIALOGUE_HEDGE_SATURATION fires when >30% of lines contain a softener
      ---
      duration_ms: 1.224036
      type: 'test'
      ...
    # Subtest: DIALOGUE_HEDGE_SATURATION does not fire when dialogue is committed
    ok 2 - DIALOGUE_HEDGE_SATURATION does not fire when dialogue is committed
      ---
      duration_ms: 0.662179
      type: 'test'
      ...
    # Subtest: DIALOGUE_FILLER_SOUND_OVERUSE fires when 3+ lines contain a hesitation sound
    ok 3 - DIALOGUE_FILLER_SOUND_OVERUSE fires when 3+ lines contain a hesitation sound
      ---
      duration_ms: 0.894854
      type: 'test'
      ...
    # Subtest: DIALOGUE_FILLER_SOUND_OVERUSE does not fire when hesitation sounds are absent
    ok 4 - DIALOGUE_FILLER_SOUND_OVERUSE does not fire when hesitation sounds are absent
      ---
      duration_ms: 6.8975
      type: 'test'
      ...
    # Subtest: DIALOGUE_ONE_WORD_DOMINANCE fires when >35% of lines are a single word
    ok 5 - DIALOGUE_ONE_WORD_DOMINANCE fires when >35% of lines are a single word
      ---
      duration_ms: 1.138482
      type: 'test'
      ...
    # Subtest: DIALOGUE_ONE_WORD_DOMINANCE does not fire when lines develop thoughts
    ok 6 - DIALOGUE_ONE_WORD_DOMINANCE does not fire when lines develop thoughts
      ---
      duration_ms: 0.855703
      type: 'test'
      ...
    1..6
ok 1285 - Wave 311 — dialoguePass: hedge saturation, filler sound overuse, one-word dominance
  ---
  duration_ms: 11.997829
  type: 'suite'
  ...
# Subtest: Wave 1176 — dialoguePass (distinct-mode pivot): dialogue highlight front-loaded, dialogue highlight-emotion decoupled, dialogue highlight-suspense decoupled
    # Subtest: DIALOGUE_HIGHLIGHT_FRONT_LOADED fires when most standout dialogue clusters in the first half
    ok 1 - DIALOGUE_HIGHLIGHT_FRONT_LOADED fires when most standout dialogue clusters in the first half
      ---
      duration_ms: 5.037895
      type: 'test'
      ...
    # Subtest: DIALOGUE_HIGHLIGHT_FRONT_LOADED does not fire when standout dialogue is balanced across halves
    ok 2 - DIALOGUE_HIGHLIGHT_FRONT_LOADED does not fire when standout dialogue is balanced across halves
      ---
      duration_ms: 1.191116
      type: 'test'
      ...
    # Subtest: DIALOGUE_HIGHLIGHT_EMOTION_DECOUPLED fires when standout dialogue never shares a scene with an emotional beat
    ok 3 - DIALOGUE_HIGHLIGHT_EMOTION_DECOUPLED fires when standout dialogue never shares a scene with an emotional beat
      ---
      duration_ms: 1.306306
      type: 'test'
      ...
    # Subtest: DIALOGUE_HIGHLIGHT_EMOTION_DECOUPLED does not fire when one scene carries both a standout line and an emotional beat
    ok 4 - DIALOGUE_HIGHLIGHT_EMOTION_DECOUPLED does not fire when one scene carries both a standout line and an emotional beat
      ---
      duration_ms: 1.085415
      type: 'test'
      ...
    # Subtest: DIALOGUE_HIGHLIGHT_SUSPENSE_DECOUPLED fires when standout dialogue never shares a scene with a suspense spike
    ok 5 - DIALOGUE_HIGHLIGHT_SUSPENSE_DECOUPLED fires when standout dialogue never shares a scene with a suspense spike
      ---
      duration_ms: 1.116712
      type: 'test'
      ...
    # Subtest: DIALOGUE_HIGHLIGHT_SUSPENSE_DECOUPLED does not fire when one scene carries both a standout line and a suspense spike
    ok 6 - DIALOGUE_HIGHLIGHT_SUSPENSE_DECOUPLED does not fire when one scene carries both a standout line and a suspense spike
      ---
      duration_ms: 0.988523
      type: 'test'
      ...
    1..6
ok 1286 - Wave 1176 — dialoguePass (distinct-mode pivot): dialogue highlight front-loaded, dialogue highlight-emotion decoupled, dialogue highlight-suspense decoupled
  ---
  duration_ms: 11.07579
  type: 'suite'
  ...
# Subtest: Wave 1162 — dialoguePass: dialogue revelation-emotional aftermath void, dialogue revelation-relational aftermath void, dialogue suspense-curiosity aftermath void
    # Subtest: DIALOGUE_REVELATION_EMOTIONAL_AFTERMATH_VOID fires when every revelation is followed by two scenes with no emotional shift
    ok 1 - DIALOGUE_REVELATION_EMOTIONAL_AFTERMATH_VOID fires when every revelation is followed by two scenes with no emotional shift
      ---
      duration_ms: 1.437914
      type: 'test'
      ...
    # Subtest: DIALOGUE_REVELATION_EMOTIONAL_AFTERMATH_VOID does not fire when a revelation is followed by an emotional shift within its window
    ok 2 - DIALOGUE_REVELATION_EMOTIONAL_AFTERMATH_VOID does not fire when a revelation is followed by an emotional shift within its window
      ---
      duration_ms: 1.151414
      type: 'test'
      ...
    # Subtest: DIALOGUE_REVELATION_RELATIONAL_AFTERMATH_VOID fires when every revelation is followed by two scenes with no relationship shift
    ok 3 - DIALOGUE_REVELATION_RELATIONAL_AFTERMATH_VOID fires when every revelation is followed by two scenes with no relationship shift
      ---
      duration_ms: 1.061728
      type: 'test'
      ...
    # Subtest: DIALOGUE_REVELATION_RELATIONAL_AFTERMATH_VOID does not fire when a revelation is followed by a relationship shift within its window
    ok 4 - DIALOGUE_REVELATION_RELATIONAL_AFTERMATH_VOID does not fire when a revelation is followed by a relationship shift within its window
      ---
      duration_ms: 2.524779
      type: 'test'
      ...
    # Subtest: DIALOGUE_SUSPENSE_CURIOSITY_AFTERMATH_VOID fires when every suspense rise is followed by two scenes with no curiosity rise
    ok 5 - DIALOGUE_SUSPENSE_CURIOSITY_AFTERMATH_VOID fires when every suspense rise is followed by two scenes with no curiosity rise
      ---
      duration_ms: 1.000947
      type: 'test'
      ...
    # Subtest: DIALOGUE_SUSPENSE_CURIOSITY_AFTERMATH_VOID does not fire when a suspense rise is followed by a curiosity rise within its window
    ok 6 - DIALOGUE_SUSPENSE_CURIOSITY_AFTERMATH_VOID does not fire when a suspense rise is followed by a curiosity rise within its window
      ---
      duration_ms: 1.788754
      type: 'test'
      ...
    1..6
ok 1287 - Wave 1162 — dialoguePass: dialogue revelation-emotional aftermath void, dialogue revelation-relational aftermath void, dialogue suspense-curiosity aftermath void
  ---
  duration_ms: 9.29181
  type: 'suite'
  ...
# Subtest: Wave 1148 — dialoguePass: dialogue turn-highlight aftermath void, dialogue revelation-curiosity aftermath void, dialogue suspense-emotional aftermath void
    # Subtest: DIALOGUE_TURN_HIGHLIGHT_AFTERMATH_VOID fires when every dramatic turn is followed by two scenes with no dialogue highlight
    ok 1 - DIALOGUE_TURN_HIGHLIGHT_AFTERMATH_VOID fires when every dramatic turn is followed by two scenes with no dialogue highlight
      ---
      duration_ms: 1.210488
      type: 'test'
      ...
    # Subtest: DIALOGUE_TURN_HIGHLIGHT_AFTERMATH_VOID does not fire when a dramatic turn is followed by a dialogue highlight within its window
    ok 2 - DIALOGUE_TURN_HIGHLIGHT_AFTERMATH_VOID does not fire when a dramatic turn is followed by a dialogue highlight within its window
      ---
      duration_ms: 1.929448
      type: 'test'
      ...
    # Subtest: DIALOGUE_REVELATION_CURIOSITY_AFTERMATH_VOID fires when every revelation is followed by two scenes with no rise in curiosity
    ok 3 - DIALOGUE_REVELATION_CURIOSITY_AFTERMATH_VOID fires when every revelation is followed by two scenes with no rise in curiosity
      ---
      duration_ms: 0.888744
      type: 'test'
      ...
    # Subtest: DIALOGUE_REVELATION_CURIOSITY_AFTERMATH_VOID does not fire when a revelation is followed by a rise in curiosity within its window
    ok 4 - DIALOGUE_REVELATION_CURIOSITY_AFTERMATH_VOID does not fire when a revelation is followed by a rise in curiosity within its window
      ---
      duration_ms: 0.902424
      type: 'test'
      ...
    # Subtest: DIALOGUE_SUSPENSE_EMOTIONAL_AFTERMATH_VOID fires when every suspense rise is followed by two scenes with no emotional shift
    ok 5 - DIALOGUE_SUSPENSE_EMOTIONAL_AFTERMATH_VOID fires when every suspense rise is followed by two scenes with no emotional shift
      ---
      duration_ms: 0.901771
      type: 'test'
      ...
    # Subtest: DIALOGUE_SUSPENSE_EMOTIONAL_AFTERMATH_VOID does not fire when a suspense rise is followed by an emotional shift within its window
    ok 6 - DIALOGUE_SUSPENSE_EMOTIONAL_AFTERMATH_VOID does not fire when a suspense rise is followed by an emotional shift within its window
      ---
      duration_ms: 1.29418
      type: 'test'
      ...
    1..6
ok 1288 - Wave 1148 — dialoguePass: dialogue turn-highlight aftermath void, dialogue revelation-curiosity aftermath void, dialogue suspense-emotional aftermath void
  ---
  duration_ms: 7.40621
  type: 'suite'
  ...
# Subtest: Wave 1134 — dialoguePass: dialogue clock-staging aftermath void, dialogue turn-relational aftermath void, dialogue turn-staging aftermath void
    # Subtest: DIALOGUE_CLOCK_STAGING_AFTERMATH_VOID fires when every clock-raise is followed by two scenes with no heavily-staged scene
    ok 1 - DIALOGUE_CLOCK_STAGING_AFTERMATH_VOID fires when every clock-raise is followed by two scenes with no heavily-staged scene
      ---
      duration_ms: 1.361592
      type: 'test'
      ...
    # Subtest: DIALOGUE_CLOCK_STAGING_AFTERMATH_VOID does not fire when a clock-raise is followed by a heavily-staged scene within its window
    ok 2 - DIALOGUE_CLOCK_STAGING_AFTERMATH_VOID does not fire when a clock-raise is followed by a heavily-staged scene within its window
      ---
      duration_ms: 0.985029
      type: 'test'
      ...
    # Subtest: DIALOGUE_TURN_RELATIONAL_AFTERMATH_VOID fires when every dramatic turn is followed by two scenes with no relationship shift
    ok 3 - DIALOGUE_TURN_RELATIONAL_AFTERMATH_VOID fires when every dramatic turn is followed by two scenes with no relationship shift
      ---
      duration_ms: 1.026356
      type: 'test'
      ...
    # Subtest: DIALOGUE_TURN_RELATIONAL_AFTERMATH_VOID does not fire when a dramatic turn is followed by a relationship shift within its window
    ok 4 - DIALOGUE_TURN_RELATIONAL_AFTERMATH_VOID does not fire when a dramatic turn is followed by a relationship shift within its window
      ---
      duration_ms: 4.848431
      type: 'test'
      ...
    # Subtest: DIALOGUE_TURN_STAGING_AFTERMATH_VOID fires when every dramatic turn is followed by two scenes with no heavily-staged scene
    ok 5 - DIALOGUE_TURN_STAGING_AFTERMATH_VOID fires when every dramatic turn is followed by two scenes with no heavily-staged scene
      ---
      duration_ms: 0.943261
      type: 'test'
      ...
    # Subtest: DIALOGUE_TURN_STAGING_AFTERMATH_VOID does not fire when a dramatic turn is followed by a heavily-staged scene within its window
    ok 6 - DIALOGUE_TURN_STAGING_AFTERMATH_VOID does not fire when a dramatic turn is followed by a heavily-staged scene within its window
      ---
      duration_ms: 0.932685
      type: 'test'
      ...
    1..6
ok 1289 - Wave 1134 — dialoguePass: dialogue clock-staging aftermath void, dialogue turn-relational aftermath void, dialogue turn-staging aftermath void
  ---
  duration_ms: 10.401114
  type: 'suite'
  ...
# Subtest: Wave 1120 — dialoguePass: dialogue clock-suspense aftermath void, dialogue clock-highlight aftermath void, dialogue turn-emotional aftermath void
    # Subtest: DIALOGUE_CLOCK_SUSPENSE_AFTERMATH_VOID fires when every clock-raise is followed by two scenes with no suspense rise
    ok 1 - DIALOGUE_CLOCK_SUSPENSE_AFTERMATH_VOID fires when every clock-raise is followed by two scenes with no suspense rise
      ---
      duration_ms: 1.230642
      type: 'test'
      ...
    # Subtest: DIALOGUE_CLOCK_SUSPENSE_AFTERMATH_VOID does not fire when a clock-raise is followed by a suspense rise within its window
    ok 2 - DIALOGUE_CLOCK_SUSPENSE_AFTERMATH_VOID does not fire when a clock-raise is followed by a suspense rise within its window
      ---
      duration_ms: 10.754585
      type: 'test'
      ...
    # Subtest: DIALOGUE_CLOCK_HIGHLIGHT_AFTERMATH_VOID fires when every clock-raise is followed by two scenes with no highlighted dialogue
    ok 3 - DIALOGUE_CLOCK_HIGHLIGHT_AFTERMATH_VOID fires when every clock-raise is followed by two scenes with no highlighted dialogue
      ---
      duration_ms: 1.967792
      type: 'test'
      ...
    # Subtest: DIALOGUE_CLOCK_HIGHLIGHT_AFTERMATH_VOID does not fire when a clock-raise is followed by highlighted dialogue within its window
    ok 4 - DIALOGUE_CLOCK_HIGHLIGHT_AFTERMATH_VOID does not fire when a clock-raise is followed by highlighted dialogue within its window
      ---
      duration_ms: 0.981745
      type: 'test'
      ...
    # Subtest: DIALOGUE_TURN_EMOTIONAL_AFTERMATH_VOID fires when every dramatic turn is followed by two scenes with no emotional shift
    ok 5 - DIALOGUE_TURN_EMOTIONAL_AFTERMATH_VOID fires when every dramatic turn is followed by two scenes with no emotional shift
      ---
      duration_ms: 0.928737
      type: 'test'
      ...
    # Subtest: DIALOGUE_TURN_EMOTIONAL_AFTERMATH_VOID does not fire when a dramatic turn is followed by an emotional shift within its window
    ok 6 - DIALOGUE_TURN_EMOTIONAL_AFTERMATH_VOID does not fire when a dramatic turn is followed by an emotional shift within its window
      ---
      duration_ms: 0.877426
      type: 'test'
      ...
    1..6
ok 1290 - Wave 1120 — dialoguePass: dialogue clock-suspense aftermath void, dialogue clock-highlight aftermath void, dialogue turn-emotional aftermath void
  ---
  duration_ms: 17.084114
  type: 'suite'
  ...
# Subtest: Wave 1106 — dialoguePass: dialogue clock-emotional aftermath void, dialogue clock-relational aftermath void, dialogue turn-curiosity aftermath void
    # Subtest: DIALOGUE_CLOCK_EMOTIONAL_AFTERMATH_VOID fires when every clock-raise is followed by two scenes with no emotional shift
    ok 1 - DIALOGUE_CLOCK_EMOTIONAL_AFTERMATH_VOID fires when every clock-raise is followed by two scenes with no emotional shift
      ---
      duration_ms: 1.092305
      type: 'test'
      ...
    # Subtest: DIALOGUE_CLOCK_EMOTIONAL_AFTERMATH_VOID does not fire when a clock-raise is followed by an emotional shift within its window
    ok 2 - DIALOGUE_CLOCK_EMOTIONAL_AFTERMATH_VOID does not fire when a clock-raise is followed by an emotional shift within its window
      ---
      duration_ms: 0.87286
      type: 'test'
      ...
    # Subtest: DIALOGUE_CLOCK_RELATIONAL_AFTERMATH_VOID fires when every clock-raise is followed by two scenes with no relationship shift
    ok 3 - DIALOGUE_CLOCK_RELATIONAL_AFTERMATH_VOID fires when every clock-raise is followed by two scenes with no relationship shift
      ---
      duration_ms: 0.931131
      type: 'test'
      ...
    # Subtest: DIALOGUE_CLOCK_RELATIONAL_AFTERMATH_VOID does not fire when a clock-raise is followed by a relationship shift within its window
    ok 4 - DIALOGUE_CLOCK_RELATIONAL_AFTERMATH_VOID does not fire when a clock-raise is followed by a relationship shift within its window
      ---
      duration_ms: 0.987591
      type: 'test'
      ...
    # Subtest: DIALOGUE_TURN_CURIOSITY_AFTERMATH_VOID fires when every dramatic turn is followed by two scenes with no curiosity rise
    ok 5 - DIALOGUE_TURN_CURIOSITY_AFTERMATH_VOID fires when every dramatic turn is followed by two scenes with no curiosity rise
      ---
      duration_ms: 1.029233
      type: 'test'
      ...
    # Subtest: DIALOGUE_TURN_CURIOSITY_AFTERMATH_VOID does not fire when a dramatic turn is followed by a curiosity rise within its window
    ok 6 - DIALOGUE_TURN_CURIOSITY_AFTERMATH_VOID does not fire when a dramatic turn is followed by a curiosity rise within its window
      ---
      duration_ms: 0.887979
      type: 'test'
      ...
    1..6
ok 1291 - Wave 1106 — dialoguePass: dialogue clock-emotional aftermath void, dialogue clock-relational aftermath void, dialogue turn-curiosity aftermath void
  ---
  duration_ms: 6.066954
  type: 'suite'
  ...
# Subtest: Wave 1092 — dialoguePass: dialogue shift-relational aftermath void, dialogue clock-curiosity aftermath void, dialogue turn-suspense aftermath void
    # Subtest: DIALOGUE_SHIFT_RELATIONAL_AFTERMATH_VOID fires when every significant shift is followed by two scenes with no further relationship movement
    ok 1 - DIALOGUE_SHIFT_RELATIONAL_AFTERMATH_VOID fires when every significant shift is followed by two scenes with no further relationship movement
      ---
      duration_ms: 5.824575
      type: 'test'
      ...
    # Subtest: DIALOGUE_SHIFT_RELATIONAL_AFTERMATH_VOID does not fire when a significant shift is followed by relationship movement within its window
    ok 2 - DIALOGUE_SHIFT_RELATIONAL_AFTERMATH_VOID does not fire when a significant shift is followed by relationship movement within its window
      ---
      duration_ms: 1.393226
      type: 'test'
      ...
    # Subtest: DIALOGUE_CLOCK_CURIOSITY_AFTERMATH_VOID fires when every clock-raise is followed by two scenes with no curiosity rise
    ok 3 - DIALOGUE_CLOCK_CURIOSITY_AFTERMATH_VOID fires when every clock-raise is followed by two scenes with no curiosity rise
      ---
      duration_ms: 1.025148
      type: 'test'
      ...
    # Subtest: DIALOGUE_CLOCK_CURIOSITY_AFTERMATH_VOID does not fire when a clock-raise is followed by a curiosity rise within its window
    ok 4 - DIALOGUE_CLOCK_CURIOSITY_AFTERMATH_VOID does not fire when a clock-raise is followed by a curiosity rise within its window
      ---
      duration_ms: 0.898094
      type: 'test'
      ...
    # Subtest: DIALOGUE_TURN_SUSPENSE_AFTERMATH_VOID fires when every dramatic turn is followed by two scenes with no suspense rise
    ok 5 - DIALOGUE_TURN_SUSPENSE_AFTERMATH_VOID fires when every dramatic turn is followed by two scenes with no suspense rise
      ---
      duration_ms: 0.909319
      type: 'test'
      ...
    # Subtest: DIALOGUE_TURN_SUSPENSE_AFTERMATH_VOID does not fire when a dramatic turn is followed by a suspense rise within its window
    ok 6 - DIALOGUE_TURN_SUSPENSE_AFTERMATH_VOID does not fire when a dramatic turn is followed by a suspense rise within its window
      ---
      duration_ms: 0.817612
      type: 'test'
      ...
    1..6
ok 1292 - Wave 1092 — dialoguePass: dialogue shift-relational aftermath void, dialogue clock-curiosity aftermath void, dialogue turn-suspense aftermath void
  ---
  duration_ms: 11.149579
  type: 'suite'
  ...
# Subtest: Wave 1078 — dialoguePass: dialogue stakes-staging aftermath void, dialogue open-thread-staging aftermath void, dialogue shift-highlight aftermath void
    # Subtest: DIALOGUE_STAKES_STAGING_AFTERMATH_VOID fires when every stakes-raise is followed by two scenes with no visually dense scene
    ok 1 - DIALOGUE_STAKES_STAGING_AFTERMATH_VOID fires when every stakes-raise is followed by two scenes with no visually dense scene
      ---
      duration_ms: 1.237697
      type: 'test'
      ...
    # Subtest: DIALOGUE_STAKES_STAGING_AFTERMATH_VOID does not fire when a stakes-raise is followed by a visually dense scene within its window
    ok 2 - DIALOGUE_STAKES_STAGING_AFTERMATH_VOID does not fire when a stakes-raise is followed by a visually dense scene within its window
      ---
      duration_ms: 0.835453
      type: 'test'
      ...
    # Subtest: DIALOGUE_OPEN_THREAD_STAGING_AFTERMATH_VOID fires when every heavy clue-debt scene is followed by two scenes with no visually dense scene
    ok 3 - DIALOGUE_OPEN_THREAD_STAGING_AFTERMATH_VOID fires when every heavy clue-debt scene is followed by two scenes with no visually dense scene
      ---
      duration_ms: 1.01913
      type: 'test'
      ...
    # Subtest: DIALOGUE_OPEN_THREAD_STAGING_AFTERMATH_VOID does not fire when a heavy clue-debt scene is followed by a visually dense scene within its window
    ok 4 - DIALOGUE_OPEN_THREAD_STAGING_AFTERMATH_VOID does not fire when a heavy clue-debt scene is followed by a visually dense scene within its window
      ---
      duration_ms: 0.881524
      type: 'test'
      ...
    # Subtest: DIALOGUE_SHIFT_HIGHLIGHT_AFTERMATH_VOID fires when every significant shift is followed by two scenes with no highlighted dialogue
    ok 5 - DIALOGUE_SHIFT_HIGHLIGHT_AFTERMATH_VOID fires when every significant shift is followed by two scenes with no highlighted dialogue
      ---
      duration_ms: 0.968921
      type: 'test'
      ...
    # Subtest: DIALOGUE_SHIFT_HIGHLIGHT_AFTERMATH_VOID does not fire when a significant shift is followed by highlighted dialogue within its window
    ok 6 - DIALOGUE_SHIFT_HIGHLIGHT_AFTERMATH_VOID does not fire when a significant shift is followed by highlighted dialogue within its window
      ---
      duration_ms: 0.945235
      type: 'test'
      ...
    1..6
ok 1293 - Wave 1078 — dialoguePass: dialogue stakes-staging aftermath void, dialogue open-thread-staging aftermath void, dialogue shift-highlight aftermath void
  ---
  duration_ms: 6.143301
  type: 'suite'
  ...
# Subtest: Wave 1064 — dialoguePass: dialogue seed-highlight aftermath void, dialogue stakes-relational aftermath void, dialogue open-thread-relational aftermath void
    # Subtest: DIALOGUE_SEED_HIGHLIGHT_AFTERMATH_VOID fires when every seed is followed by two scenes with no highlighted dialogue
    ok 1 - DIALOGUE_SEED_HIGHLIGHT_AFTERMATH_VOID fires when every seed is followed by two scenes with no highlighted dialogue
      ---
      duration_ms: 1.333195
      type: 'test'
      ...
    # Subtest: DIALOGUE_SEED_HIGHLIGHT_AFTERMATH_VOID does not fire when a seed is followed by highlighted dialogue within its window
    ok 2 - DIALOGUE_SEED_HIGHLIGHT_AFTERMATH_VOID does not fire when a seed is followed by highlighted dialogue within its window
      ---
      duration_ms: 0.864863
      type: 'test'
      ...
    # Subtest: DIALOGUE_STAKES_RELATIONAL_AFTERMATH_VOID fires when every stakes-raise is followed by two scenes with no relationship shift
    ok 3 - DIALOGUE_STAKES_RELATIONAL_AFTERMATH_VOID fires when every stakes-raise is followed by two scenes with no relationship shift
      ---
      duration_ms: 0.897765
      type: 'test'
      ...
    # Subtest: DIALOGUE_STAKES_RELATIONAL_AFTERMATH_VOID does not fire when a stakes-raise is followed by a relationship shift within its window
    ok 4 - DIALOGUE_STAKES_RELATIONAL_AFTERMATH_VOID does not fire when a stakes-raise is followed by a relationship shift within its window
      ---
      duration_ms: 1.525804
      type: 'test'
      ...
    # Subtest: DIALOGUE_OPEN_THREAD_RELATIONAL_AFTERMATH_VOID fires when every heavy clue-debt scene is followed by two scenes with no relationship shift
    ok 5 - DIALOGUE_OPEN_THREAD_RELATIONAL_AFTERMATH_VOID fires when every heavy clue-debt scene is followed by two scenes with no relationship shift
      ---
      duration_ms: 1.048316
      type: 'test'
      ...
    # Subtest: DIALOGUE_OPEN_THREAD_RELATIONAL_AFTERMATH_VOID does not fire when a heavy clue-debt scene is followed by a relationship shift within its window
    ok 6 - DIALOGUE_OPEN_THREAD_RELATIONAL_AFTERMATH_VOID does not fire when a heavy clue-debt scene is followed by a relationship shift within its window
      ---
      duration_ms: 1.01553
      type: 'test'
      ...
    1..6
ok 1294 - Wave 1064 — dialoguePass: dialogue seed-highlight aftermath void, dialogue stakes-relational aftermath void, dialogue open-thread-relational aftermath void
  ---
  duration_ms: 6.946398
  type: 'suite'
  ...
# Subtest: Wave 1050 — dialoguePass: dialogue shift-suspense aftermath void, dialogue shift-emotional aftermath void, dialogue seed-staging aftermath void
    # Subtest: DIALOGUE_SHIFT_SUSPENSE_AFTERMATH_VOID fires when every relationship-shift scene is followed by two scenes with no suspense rise
    ok 1 - DIALOGUE_SHIFT_SUSPENSE_AFTERMATH_VOID fires when every relationship-shift scene is followed by two scenes with no suspense rise
      ---
      duration_ms: 1.097901
      type: 'test'
      ...
    # Subtest: DIALOGUE_SHIFT_SUSPENSE_AFTERMATH_VOID does not fire when a relationship-shift scene is followed by a suspense rise within its window
    ok 2 - DIALOGUE_SHIFT_SUSPENSE_AFTERMATH_VOID does not fire when a relationship-shift scene is followed by a suspense rise within its window
      ---
      duration_ms: 0.89975
      type: 'test'
      ...
    # Subtest: DIALOGUE_SHIFT_EMOTIONAL_AFTERMATH_VOID fires when every relationship-shift scene is followed by two scenes with no emotional shift
    ok 3 - DIALOGUE_SHIFT_EMOTIONAL_AFTERMATH_VOID fires when every relationship-shift scene is followed by two scenes with no emotional shift
      ---
      duration_ms: 0.883919
      type: 'test'
      ...
    # Subtest: DIALOGUE_SHIFT_EMOTIONAL_AFTERMATH_VOID does not fire when a relationship-shift scene is followed by an emotional shift within its window
    ok 4 - DIALOGUE_SHIFT_EMOTIONAL_AFTERMATH_VOID does not fire when a relationship-shift scene is followed by an emotional shift within its window
      ---
      duration_ms: 0.981109
      type: 'test'
      ...
    # Subtest: DIALOGUE_SEED_STAGING_AFTERMATH_VOID fires when every seed is followed by two scenes with no substantial staging
    ok 5 - DIALOGUE_SEED_STAGING_AFTERMATH_VOID fires when every seed is followed by two scenes with no substantial staging
      ---
      duration_ms: 0.992513
      type: 'test'
      ...
    # Subtest: DIALOGUE_SEED_STAGING_AFTERMATH_VOID does not fire when a seed is followed by substantial staging within its window
    ok 6 - DIALOGUE_SEED_STAGING_AFTERMATH_VOID does not fire when a seed is followed by substantial staging within its window
      ---
      duration_ms: 0.977161
      type: 'test'
      ...
    1..6
ok 1295 - Wave 1050 — dialoguePass: dialogue shift-suspense aftermath void, dialogue shift-emotional aftermath void, dialogue seed-staging aftermath void
  ---
  duration_ms: 6.132409
  type: 'suite'
  ...
# Subtest: Wave 1036 — dialoguePass: dialogue open-thread-suspense aftermath void, dialogue seed-emotional aftermath void, dialogue shift-curiosity aftermath void
    # Subtest: DIALOGUE_OPEN_THREAD_SUSPENSE_AFTERMATH_VOID fires when every heavy clue-debt scene is followed by two scenes with no suspense rise
    ok 1 - DIALOGUE_OPEN_THREAD_SUSPENSE_AFTERMATH_VOID fires when every heavy clue-debt scene is followed by two scenes with no suspense rise
      ---
      duration_ms: 1.18723
      type: 'test'
      ...
    # Subtest: DIALOGUE_OPEN_THREAD_SUSPENSE_AFTERMATH_VOID does not fire when a heavy clue-debt scene is followed by a suspense rise within its window
    ok 2 - DIALOGUE_OPEN_THREAD_SUSPENSE_AFTERMATH_VOID does not fire when a heavy clue-debt scene is followed by a suspense rise within its window
      ---
      duration_ms: 0.883015
      type: 'test'
      ...
    # Subtest: DIALOGUE_SEED_EMOTIONAL_AFTERMATH_VOID fires when every seed is followed by two scenes with no emotional shift
    ok 3 - DIALOGUE_SEED_EMOTIONAL_AFTERMATH_VOID fires when every seed is followed by two scenes with no emotional shift
      ---
      duration_ms: 1.605409
      type: 'test'
      ...
    # Subtest: DIALOGUE_SEED_EMOTIONAL_AFTERMATH_VOID does not fire when a seed is followed by an emotional shift within its window
    ok 4 - DIALOGUE_SEED_EMOTIONAL_AFTERMATH_VOID does not fire when a seed is followed by an emotional shift within its window
      ---
      duration_ms: 0.844527
      type: 'test'
      ...
    # Subtest: DIALOGUE_SHIFT_CURIOSITY_AFTERMATH_VOID fires when every relationship-shift scene is followed by two scenes with no curiosity rise
    ok 5 - DIALOGUE_SHIFT_CURIOSITY_AFTERMATH_VOID fires when every relationship-shift scene is followed by two scenes with no curiosity rise
      ---
      duration_ms: 0.903324
      type: 'test'
      ...
    # Subtest: DIALOGUE_SHIFT_CURIOSITY_AFTERMATH_VOID does not fire when a relationship-shift scene is followed by a curiosity rise within its window
    ok 6 - DIALOGUE_SHIFT_CURIOSITY_AFTERMATH_VOID does not fire when a relationship-shift scene is followed by a curiosity rise within its window
      ---
      duration_ms: 0.867498
      type: 'test'
      ...
    1..6
ok 1296 - Wave 1036 — dialoguePass: dialogue open-thread-suspense aftermath void, dialogue seed-emotional aftermath void, dialogue shift-curiosity aftermath void
  ---
  duration_ms: 6.564518
  type: 'suite'
  ...
# Subtest: Wave 1022 — dialoguePass: dialogue stakes-suspense aftermath void, dialogue seed-curiosity aftermath void, dialogue open-thread-emotional aftermath void
    # Subtest: DIALOGUE_STAKES_SUSPENSE_AFTERMATH_VOID fires when every stakes-raise is followed by two scenes with no suspense rise
    ok 1 - DIALOGUE_STAKES_SUSPENSE_AFTERMATH_VOID fires when every stakes-raise is followed by two scenes with no suspense rise
      ---
      duration_ms: 2.033549
      type: 'test'
      ...
    # Subtest: DIALOGUE_STAKES_SUSPENSE_AFTERMATH_VOID does not fire when a stakes-raise is followed by a suspense rise within its window
    ok 2 - DIALOGUE_STAKES_SUSPENSE_AFTERMATH_VOID does not fire when a stakes-raise is followed by a suspense rise within its window
      ---
      duration_ms: 0.909389
      type: 'test'
      ...
    # Subtest: DIALOGUE_SEED_CURIOSITY_AFTERMATH_VOID fires when every seed is followed by two scenes with no curiosity rise
    ok 3 - DIALOGUE_SEED_CURIOSITY_AFTERMATH_VOID fires when every seed is followed by two scenes with no curiosity rise
      ---
      duration_ms: 0.842596
      type: 'test'
      ...
    # Subtest: DIALOGUE_SEED_CURIOSITY_AFTERMATH_VOID does not fire when a seed is followed by a curiosity rise within its window
    ok 4 - DIALOGUE_SEED_CURIOSITY_AFTERMATH_VOID does not fire when a seed is followed by a curiosity rise within its window
      ---
      duration_ms: 0.966822
      type: 'test'
      ...
    # Subtest: DIALOGUE_OPEN_THREAD_EMOTIONAL_AFTERMATH_VOID fires when every heavy clue-debt scene is followed by two scenes with no emotional shift
    ok 5 - DIALOGUE_OPEN_THREAD_EMOTIONAL_AFTERMATH_VOID fires when every heavy clue-debt scene is followed by two scenes with no emotional shift
      ---
      duration_ms: 0.872157
      type: 'test'
      ...
    # Subtest: DIALOGUE_OPEN_THREAD_EMOTIONAL_AFTERMATH_VOID does not fire when a heavy clue-debt scene is followed by an emotional shift within its window
    ok 6 - DIALOGUE_OPEN_THREAD_EMOTIONAL_AFTERMATH_VOID does not fire when a heavy clue-debt scene is followed by an emotional shift within its window
      ---
      duration_ms: 0.875176
      type: 'test'
      ...
    1..6
ok 1297 - Wave 1022 — dialoguePass: dialogue stakes-suspense aftermath void, dialogue seed-curiosity aftermath void, dialogue open-thread-emotional aftermath void
  ---
  duration_ms: 6.769283
  type: 'suite'
  ...
# Subtest: Wave 1008 — dialoguePass: dialogue stakes-emotional aftermath void, dialogue open-thread-curiosity aftermath void, dialogue seed-relational aftermath void
    # Subtest: DIALOGUE_STAKES_EMOTIONAL_AFTERMATH_VOID fires when every stakes-raise is followed by two scenes with no emotional shift
    ok 1 - DIALOGUE_STAKES_EMOTIONAL_AFTERMATH_VOID fires when every stakes-raise is followed by two scenes with no emotional shift
      ---
      duration_ms: 1.131901
      type: 'test'
      ...
    # Subtest: DIALOGUE_STAKES_EMOTIONAL_AFTERMATH_VOID does not fire when a stakes-raise is followed by an emotional shift within its window
    ok 2 - DIALOGUE_STAKES_EMOTIONAL_AFTERMATH_VOID does not fire when a stakes-raise is followed by an emotional shift within its window
      ---
      duration_ms: 0.945616
      type: 'test'
      ...
    # Subtest: DIALOGUE_OPEN_THREAD_CURIOSITY_AFTERMATH_VOID fires when every heavy clue-debt scene is followed by two scenes with no new curiosity
    ok 3 - DIALOGUE_OPEN_THREAD_CURIOSITY_AFTERMATH_VOID fires when every heavy clue-debt scene is followed by two scenes with no new curiosity
      ---
      duration_ms: 0.975127
      type: 'test'
      ...
    # Subtest: DIALOGUE_OPEN_THREAD_CURIOSITY_AFTERMATH_VOID does not fire when a heavy clue-debt scene is followed by new curiosity within its window
    ok 4 - DIALOGUE_OPEN_THREAD_CURIOSITY_AFTERMATH_VOID does not fire when a heavy clue-debt scene is followed by new curiosity within its window
      ---
      duration_ms: 0.963849
      type: 'test'
      ...
    # Subtest: DIALOGUE_SEED_RELATIONAL_AFTERMATH_VOID fires when every seed is followed by two scenes with no relationship shift
    ok 5 - DIALOGUE_SEED_RELATIONAL_AFTERMATH_VOID fires when every seed is followed by two scenes with no relationship shift
      ---
      duration_ms: 0.890666
      type: 'test'
      ...
    # Subtest: DIALOGUE_SEED_RELATIONAL_AFTERMATH_VOID does not fire when a seed is followed by a relationship shift within its window
    ok 6 - DIALOGUE_SEED_RELATIONAL_AFTERMATH_VOID does not fire when a seed is followed by a relationship shift within its window
      ---
      duration_ms: 0.946541
      type: 'test'
      ...
    1..6
ok 1298 - Wave 1008 — dialoguePass: dialogue stakes-emotional aftermath void, dialogue open-thread-curiosity aftermath void, dialogue seed-relational aftermath void
  ---
  duration_ms: 6.108119
  type: 'suite'
  ...
# Subtest: Wave 994 — dialoguePass: dialogue clock delta zone imbalance, dialogue stakes-curiosity aftermath void, dialogue seed-suspense aftermath void
    # Subtest: DIALOGUE_CLOCK_DELTA_ZONE_IMBALANCE fires when one zone is empty while another holds >=50% of clock-moving scenes
    ok 1 - DIALOGUE_CLOCK_DELTA_ZONE_IMBALANCE fires when one zone is empty while another holds >=50% of clock-moving scenes
      ---
      duration_ms: 1.200614
      type: 'test'
      ...
    # Subtest: DIALOGUE_CLOCK_DELTA_ZONE_IMBALANCE does not fire when clock-moving scenes touch every zone
    ok 2 - DIALOGUE_CLOCK_DELTA_ZONE_IMBALANCE does not fire when clock-moving scenes touch every zone
      ---
      duration_ms: 0.837263
      type: 'test'
      ...
    # Subtest: DIALOGUE_STAKES_CURIOSITY_AFTERMATH_VOID fires when every stakes-raise is followed by two scenes with no new curiosity
    ok 3 - DIALOGUE_STAKES_CURIOSITY_AFTERMATH_VOID fires when every stakes-raise is followed by two scenes with no new curiosity
      ---
      duration_ms: 2.011893
      type: 'test'
      ...
    # Subtest: DIALOGUE_STAKES_CURIOSITY_AFTERMATH_VOID does not fire when a stakes-raise is followed by new curiosity within its window
    ok 4 - DIALOGUE_STAKES_CURIOSITY_AFTERMATH_VOID does not fire when a stakes-raise is followed by new curiosity within its window
      ---
      duration_ms: 0.799336
      type: 'test'
      ...
    # Subtest: DIALOGUE_SEED_SUSPENSE_AFTERMATH_VOID fires when every seed is followed by two scenes with no rise in suspense
    ok 5 - DIALOGUE_SEED_SUSPENSE_AFTERMATH_VOID fires when every seed is followed by two scenes with no rise in suspense
      ---
      duration_ms: 3.282564
      type: 'test'
      ...
    # Subtest: DIALOGUE_SEED_SUSPENSE_AFTERMATH_VOID does not fire when a seed is followed by rising suspense within its window
    ok 6 - DIALOGUE_SEED_SUSPENSE_AFTERMATH_VOID does not fire when a seed is followed by rising suspense within its window
      ---
      duration_ms: 1.052371
      type: 'test'
      ...
    1..6
ok 1299 - Wave 994 — dialoguePass: dialogue clock delta zone imbalance, dialogue stakes-curiosity aftermath void, dialogue seed-suspense aftermath void
  ---
  duration_ms: 9.48065
  type: 'suite'
  ...
# Subtest: Wave 980 — dialoguePass: dialogue emotion zone imbalance, dialogue seed zone imbalance, dialogue clock zone imbalance
    # Subtest: DIALOGUE_EMOTION_ZONE_IMBALANCE fires when one zone is empty while another holds >=50% of emotionally-charged scenes
    ok 1 - DIALOGUE_EMOTION_ZONE_IMBALANCE fires when one zone is empty while another holds >=50% of emotionally-charged scenes
      ---
      duration_ms: 4.101692
      type: 'test'
      ...
    # Subtest: DIALOGUE_EMOTION_ZONE_IMBALANCE does not fire when emotionally-charged scenes touch every zone
    ok 2 - DIALOGUE_EMOTION_ZONE_IMBALANCE does not fire when emotionally-charged scenes touch every zone
      ---
      duration_ms: 0.819871
      type: 'test'
      ...
    # Subtest: DIALOGUE_SEED_ZONE_IMBALANCE fires when one zone is empty while another holds >=50% of seeding scenes
    ok 3 - DIALOGUE_SEED_ZONE_IMBALANCE fires when one zone is empty while another holds >=50% of seeding scenes
      ---
      duration_ms: 0.854014
      type: 'test'
      ...
    # Subtest: DIALOGUE_SEED_ZONE_IMBALANCE does not fire when seeding scenes touch every zone
    ok 4 - DIALOGUE_SEED_ZONE_IMBALANCE does not fire when seeding scenes touch every zone
      ---
      duration_ms: 0.871569
      type: 'test'
      ...
    # Subtest: DIALOGUE_CLOCK_ZONE_IMBALANCE fires when one zone is empty while another holds >=50% of clock-raising scenes
    ok 5 - DIALOGUE_CLOCK_ZONE_IMBALANCE fires when one zone is empty while another holds >=50% of clock-raising scenes
      ---
      duration_ms: 0.845386
      type: 'test'
      ...
    # Subtest: DIALOGUE_CLOCK_ZONE_IMBALANCE does not fire when clock-raising scenes touch every zone
    ok 6 - DIALOGUE_CLOCK_ZONE_IMBALANCE does not fire when clock-raising scenes touch every zone
      ---
      duration_ms: 0.768994
      type: 'test'
      ...
    1..6
ok 1300 - Wave 980 — dialoguePass: dialogue emotion zone imbalance, dialogue seed zone imbalance, dialogue clock zone imbalance
  ---
  duration_ms: 8.570392
  type: 'suite'
  ...
# Subtest: Wave 966 — dialoguePass: dialogue curiosity zone imbalance, dialogue revelation zone imbalance, dialogue relationship zone imbalance
    # Subtest: DIALOGUE_CURIOSITY_ZONE_IMBALANCE fires when one zone is empty while another holds >=50% of curiosity-raising scenes
    ok 1 - DIALOGUE_CURIOSITY_ZONE_IMBALANCE fires when one zone is empty while another holds >=50% of curiosity-raising scenes
      ---
      duration_ms: 1.017867
      type: 'test'
      ...
    # Subtest: DIALOGUE_CURIOSITY_ZONE_IMBALANCE does not fire when curiosity-raising scenes touch every zone
    ok 2 - DIALOGUE_CURIOSITY_ZONE_IMBALANCE does not fire when curiosity-raising scenes touch every zone
      ---
      duration_ms: 0.871199
      type: 'test'
      ...
    # Subtest: DIALOGUE_REVELATION_ZONE_IMBALANCE fires when one zone is empty while another holds >=50% of revelation scenes
    ok 3 - DIALOGUE_REVELATION_ZONE_IMBALANCE fires when one zone is empty while another holds >=50% of revelation scenes
      ---
      duration_ms: 0.935137
      type: 'test'
      ...
    # Subtest: DIALOGUE_REVELATION_ZONE_IMBALANCE does not fire when revelation scenes touch every zone
    ok 4 - DIALOGUE_REVELATION_ZONE_IMBALANCE does not fire when revelation scenes touch every zone
      ---
      duration_ms: 0.817563
      type: 'test'
      ...
    # Subtest: DIALOGUE_RELATIONSHIP_ZONE_IMBALANCE fires when one zone is empty while another holds >=50% of relationship-shift scenes
    ok 5 - DIALOGUE_RELATIONSHIP_ZONE_IMBALANCE fires when one zone is empty while another holds >=50% of relationship-shift scenes
      ---
      duration_ms: 0.820578
      type: 'test'
      ...
    # Subtest: DIALOGUE_RELATIONSHIP_ZONE_IMBALANCE does not fire when relationship-shift scenes touch every zone
    ok 6 - DIALOGUE_RELATIONSHIP_ZONE_IMBALANCE does not fire when relationship-shift scenes touch every zone
      ---
      duration_ms: 0.929504
      type: 'test'
      ...
    1..6
ok 1301 - Wave 966 — dialoguePass: dialogue curiosity zone imbalance, dialogue revelation zone imbalance, dialogue relationship zone imbalance
  ---
  duration_ms: 5.654769
  type: 'suite'
  ...
# Subtest: Wave 952 — dialoguePass: dialogue revelation_purpose zone imbalance, dialogue suspense zone imbalance, dialogue open_thread zone imbalance
    # Subtest: DIALOGUE_REVELATION_PURPOSE_ZONE_IMBALANCE fires when one zone is empty while another holds >=50% of revelation-purposed scenes
    ok 1 - DIALOGUE_REVELATION_PURPOSE_ZONE_IMBALANCE fires when one zone is empty while another holds >=50% of revelation-purposed scenes
      ---
      duration_ms: 1.111982
      type: 'test'
      ...
    # Subtest: DIALOGUE_REVELATION_PURPOSE_ZONE_IMBALANCE does not fire when revelation-purposed scenes touch every zone
    ok 2 - DIALOGUE_REVELATION_PURPOSE_ZONE_IMBALANCE does not fire when revelation-purposed scenes touch every zone
      ---
      duration_ms: 0.757099
      type: 'test'
      ...
    # Subtest: DIALOGUE_SUSPENSE_ZONE_IMBALANCE fires when one zone is empty while another holds >=50% of suspense-raising scenes
    ok 3 - DIALOGUE_SUSPENSE_ZONE_IMBALANCE fires when one zone is empty while another holds >=50% of suspense-raising scenes
      ---
      duration_ms: 0.839349
      type: 'test'
      ...
    # Subtest: DIALOGUE_SUSPENSE_ZONE_IMBALANCE does not fire when suspense-raising scenes touch every zone
    ok 4 - DIALOGUE_SUSPENSE_ZONE_IMBALANCE does not fire when suspense-raising scenes touch every zone
      ---
      duration_ms: 0.856868
      type: 'test'
      ...
    # Subtest: DIALOGUE_OPEN_THREAD_ZONE_IMBALANCE fires when one zone is empty while another holds >=50% of open-thread scenes
    ok 5 - DIALOGUE_OPEN_THREAD_ZONE_IMBALANCE fires when one zone is empty while another holds >=50% of open-thread scenes
      ---
      duration_ms: 0.976345
      type: 'test'
      ...
    # Subtest: DIALOGUE_OPEN_THREAD_ZONE_IMBALANCE does not fire when open-thread scenes touch every zone
    ok 6 - DIALOGUE_OPEN_THREAD_ZONE_IMBALANCE does not fire when open-thread scenes touch every zone
      ---
      duration_ms: 4.990485
      type: 'test'
      ...
    1..6
ok 1302 - Wave 952 — dialoguePass: dialogue revelation_purpose zone imbalance, dialogue suspense zone imbalance, dialogue open_thread zone imbalance
  ---
  duration_ms: 9.791144
  type: 'suite'
  ...
# Subtest: Wave 938 — dialoguePass: dialogue revelation_purpose zone cluster, dialogue revelation_purpose drought run, dialogue positive_emotion zone imbalance
    # Subtest: DIALOGUE_REVELATION_PURPOSE_ZONE_CLUSTER fires when >75% of revelation-purposed scenes cluster in one third
    ok 1 - DIALOGUE_REVELATION_PURPOSE_ZONE_CLUSTER fires when >75% of revelation-purposed scenes cluster in one third
      ---
      duration_ms: 1.08944
      type: 'test'
      ...
    # Subtest: DIALOGUE_REVELATION_PURPOSE_ZONE_CLUSTER does not fire when revelation-purposed scenes spread across thirds
    ok 2 - DIALOGUE_REVELATION_PURPOSE_ZONE_CLUSTER does not fire when revelation-purposed scenes spread across thirds
      ---
      duration_ms: 0.740818
      type: 'test'
      ...
    # Subtest: DIALOGUE_REVELATION_PURPOSE_DROUGHT_RUN fires when a long run has no revelation-purposed scene
    ok 3 - DIALOGUE_REVELATION_PURPOSE_DROUGHT_RUN fires when a long run has no revelation-purposed scene
      ---
      duration_ms: 0.768205
      type: 'test'
      ...
    # Subtest: DIALOGUE_REVELATION_PURPOSE_DROUGHT_RUN does not fire when revelation-purposed scenes are evenly spread
    ok 4 - DIALOGUE_REVELATION_PURPOSE_DROUGHT_RUN does not fire when revelation-purposed scenes are evenly spread
      ---
      duration_ms: 0.798667
      type: 'test'
      ...
    # Subtest: DIALOGUE_POSITIVE_EMOTION_ZONE_IMBALANCE fires when positive-shift scenes cluster in two zones and two are empty
    ok 5 - DIALOGUE_POSITIVE_EMOTION_ZONE_IMBALANCE fires when positive-shift scenes cluster in two zones and two are empty
      ---
      duration_ms: 0.834155
      type: 'test'
      ...
    # Subtest: DIALOGUE_POSITIVE_EMOTION_ZONE_IMBALANCE does not fire when positive-shift scenes touch every zone
    ok 6 - DIALOGUE_POSITIVE_EMOTION_ZONE_IMBALANCE does not fire when positive-shift scenes touch every zone
      ---
      duration_ms: 0.814919
      type: 'test'
      ...
    1..6
ok 1303 - Wave 938 — dialoguePass: dialogue revelation_purpose zone cluster, dialogue revelation_purpose drought run, dialogue positive_emotion zone imbalance
  ---
  duration_ms: 5.303547
  type: 'suite'
  ...
# Subtest: Wave 924 — dialoguePass: dialogue character_moment zone imbalance, dialogue stakes zone imbalance, dialogue negative_emotion zone imbalance
    # Subtest: DIALOGUE_CHARACTER_MOMENT_ZONE_IMBALANCE fires when character-moment scenes cluster in two zones and two are empty
    ok 1 - DIALOGUE_CHARACTER_MOMENT_ZONE_IMBALANCE fires when character-moment scenes cluster in two zones and two are empty
      ---
      duration_ms: 1.21262
      type: 'test'
      ...
    # Subtest: DIALOGUE_CHARACTER_MOMENT_ZONE_IMBALANCE does not fire when character-moment scenes touch every zone
    ok 2 - DIALOGUE_CHARACTER_MOMENT_ZONE_IMBALANCE does not fire when character-moment scenes touch every zone
      ---
      duration_ms: 0.792199
      type: 'test'
      ...
    # Subtest: DIALOGUE_STAKES_ZONE_IMBALANCE fires when stakes-raising scenes cluster in two zones and two are empty
    ok 3 - DIALOGUE_STAKES_ZONE_IMBALANCE fires when stakes-raising scenes cluster in two zones and two are empty
      ---
      duration_ms: 0.813818
      type: 'test'
      ...
    # Subtest: DIALOGUE_STAKES_ZONE_IMBALANCE does not fire when stakes-raising scenes touch every zone
    ok 4 - DIALOGUE_STAKES_ZONE_IMBALANCE does not fire when stakes-raising scenes touch every zone
      ---
      duration_ms: 0.772172
      type: 'test'
      ...
    # Subtest: DIALOGUE_NEGATIVE_EMOTION_ZONE_IMBALANCE fires when negative-shift scenes cluster in two zones and two are empty
    ok 5 - DIALOGUE_NEGATIVE_EMOTION_ZONE_IMBALANCE fires when negative-shift scenes cluster in two zones and two are empty
      ---
      duration_ms: 0.835453
      type: 'test'
      ...
    # Subtest: DIALOGUE_NEGATIVE_EMOTION_ZONE_IMBALANCE does not fire when negative-shift scenes touch every zone
    ok 6 - DIALOGUE_NEGATIVE_EMOTION_ZONE_IMBALANCE does not fire when negative-shift scenes touch every zone
      ---
      duration_ms: 0.811491
      type: 'test'
      ...
    1..6
ok 1304 - Wave 924 — dialoguePass: dialogue character_moment zone imbalance, dialogue stakes zone imbalance, dialogue negative_emotion zone imbalance
  ---
  duration_ms: 5.577252
  type: 'suite'
  ...
# Subtest: Wave 910 — dialoguePass: dialogue complicate zone imbalance, dialogue introduce_conflict zone imbalance, dialogue turning_point zone imbalance
    # Subtest: DIALOGUE_COMPLICATE_ZONE_IMBALANCE fires when complicating scenes cluster in two zones and two are empty
    ok 1 - DIALOGUE_COMPLICATE_ZONE_IMBALANCE fires when complicating scenes cluster in two zones and two are empty
      ---
      duration_ms: 1.170607
      type: 'test'
      ...
    # Subtest: DIALOGUE_COMPLICATE_ZONE_IMBALANCE does not fire when complicating scenes touch every zone
    ok 2 - DIALOGUE_COMPLICATE_ZONE_IMBALANCE does not fire when complicating scenes touch every zone
      ---
      duration_ms: 0.824836
      type: 'test'
      ...
    # Subtest: DIALOGUE_INTRODUCE_CONFLICT_ZONE_IMBALANCE fires when conflict-introducing scenes cluster in two zones and two are empty
    ok 3 - DIALOGUE_INTRODUCE_CONFLICT_ZONE_IMBALANCE fires when conflict-introducing scenes cluster in two zones and two are empty
      ---
      duration_ms: 0.887495
      type: 'test'
      ...
    # Subtest: DIALOGUE_INTRODUCE_CONFLICT_ZONE_IMBALANCE does not fire when conflict-introducing scenes touch every zone
    ok 4 - DIALOGUE_INTRODUCE_CONFLICT_ZONE_IMBALANCE does not fire when conflict-introducing scenes touch every zone
      ---
      duration_ms: 0.926292
      type: 'test'
      ...
    # Subtest: DIALOGUE_TURNING_POINT_ZONE_IMBALANCE fires when turning-point scenes cluster in two zones and two are empty
    ok 5 - DIALOGUE_TURNING_POINT_ZONE_IMBALANCE fires when turning-point scenes cluster in two zones and two are empty
      ---
      duration_ms: 0.777439
      type: 'test'
      ...
    # Subtest: DIALOGUE_TURNING_POINT_ZONE_IMBALANCE does not fire when turning-point scenes touch every zone
    ok 6 - DIALOGUE_TURNING_POINT_ZONE_IMBALANCE does not fire when turning-point scenes touch every zone
      ---
      duration_ms: 0.777355
      type: 'test'
      ...
    1..6
ok 1305 - Wave 910 — dialoguePass: dialogue complicate zone imbalance, dialogue introduce_conflict zone imbalance, dialogue turning_point zone imbalance
  ---
  duration_ms: 5.615857
  type: 'suite'
  ...
# Subtest: Wave 896 — dialoguePass: dialogue climax zone imbalance, dialogue establish_world zone imbalance, dialogue resolution zone imbalance
    # Subtest: DIALOGUE_CLIMAX_ZONE_IMBALANCE fires when climax scenes cluster in two zones and two are empty
    ok 1 - DIALOGUE_CLIMAX_ZONE_IMBALANCE fires when climax scenes cluster in two zones and two are empty
      ---
      duration_ms: 1.277369
      type: 'test'
      ...
    # Subtest: DIALOGUE_CLIMAX_ZONE_IMBALANCE does not fire when climax scenes are spread across all four zones
    ok 2 - DIALOGUE_CLIMAX_ZONE_IMBALANCE does not fire when climax scenes are spread across all four zones
      ---
      duration_ms: 0.908305
      type: 'test'
      ...
    # Subtest: DIALOGUE_ESTABLISH_WORLD_ZONE_IMBALANCE fires when establish_world scenes cluster in two zones and two are empty
    ok 3 - DIALOGUE_ESTABLISH_WORLD_ZONE_IMBALANCE fires when establish_world scenes cluster in two zones and two are empty
      ---
      duration_ms: 0.790687
      type: 'test'
      ...
    # Subtest: DIALOGUE_ESTABLISH_WORLD_ZONE_IMBALANCE does not fire when establish_world scenes are spread across all four zones
    ok 4 - DIALOGUE_ESTABLISH_WORLD_ZONE_IMBALANCE does not fire when establish_world scenes are spread across all four zones
      ---
      duration_ms: 0.839916
      type: 'test'
      ...
    # Subtest: DIALOGUE_RESOLUTION_ZONE_IMBALANCE fires when resolution scenes cluster in two zones and two are empty
    ok 5 - DIALOGUE_RESOLUTION_ZONE_IMBALANCE fires when resolution scenes cluster in two zones and two are empty
      ---
      duration_ms: 0.971884
      type: 'test'
      ...
    # Subtest: DIALOGUE_RESOLUTION_ZONE_IMBALANCE does not fire when resolution scenes are spread across all four zones
    ok 6 - DIALOGUE_RESOLUTION_ZONE_IMBALANCE does not fire when resolution scenes are spread across all four zones
      ---
      duration_ms: 0.936987
      type: 'test'
      ...
    1..6
ok 1306 - Wave 896 — dialoguePass: dialogue climax zone imbalance, dialogue establish_world zone imbalance, dialogue resolution zone imbalance
  ---
  duration_ms: 6.002817
  type: 'suite'
  ...
# Subtest: Wave 882 — dialoguePass: dialogue resolution drought run, dialogue complicate zone cluster, dialogue complicate drought run
    # Subtest: DIALOGUE_RESOLUTION_DROUGHT_RUN fires when a long run has no resolution-purposed scene
    ok 1 - DIALOGUE_RESOLUTION_DROUGHT_RUN fires when a long run has no resolution-purposed scene
      ---
      duration_ms: 1.03749
      type: 'test'
      ...
    # Subtest: DIALOGUE_RESOLUTION_DROUGHT_RUN does not fire when resolution-purposed scenes are evenly spread
    ok 2 - DIALOGUE_RESOLUTION_DROUGHT_RUN does not fire when resolution-purposed scenes are evenly spread
      ---
      duration_ms: 0.826988
      type: 'test'
      ...
    # Subtest: DIALOGUE_COMPLICATE_ZONE_CLUSTER fires when >75% of complicating scenes cluster in one third
    ok 3 - DIALOGUE_COMPLICATE_ZONE_CLUSTER fires when >75% of complicating scenes cluster in one third
      ---
      duration_ms: 0.8113
      type: 'test'
      ...
    # Subtest: DIALOGUE_COMPLICATE_ZONE_CLUSTER does not fire when complicating scenes spread across thirds
    ok 4 - DIALOGUE_COMPLICATE_ZONE_CLUSTER does not fire when complicating scenes spread across thirds
      ---
      duration_ms: 0.80655
      type: 'test'
      ...
    # Subtest: DIALOGUE_COMPLICATE_DROUGHT_RUN fires when a long run has no complicating scene
    ok 5 - DIALOGUE_COMPLICATE_DROUGHT_RUN fires when a long run has no complicating scene
      ---
      duration_ms: 0.79096
      type: 'test'
      ...
    # Subtest: DIALOGUE_COMPLICATE_DROUGHT_RUN does not fire when complicating scenes are evenly spread
    ok 6 - DIALOGUE_COMPLICATE_DROUGHT_RUN does not fire when complicating scenes are evenly spread
      ---
      duration_ms: 0.754189
      type: 'test'
      ...
    1..6
ok 1307 - Wave 882 — dialoguePass: dialogue resolution drought run, dialogue complicate zone cluster, dialogue complicate drought run
  ---
  duration_ms: 5.290612
  type: 'suite'
  ...
# Subtest: Wave 868 — dialoguePass: dialogue climax drought run, dialogue establish world drought run, dialogue resolution zone cluster
    # Subtest: DIALOGUE_CLIMAX_DROUGHT_RUN fires when a long run has no climax-purposed scene
    ok 1 - DIALOGUE_CLIMAX_DROUGHT_RUN fires when a long run has no climax-purposed scene
      ---
      duration_ms: 1.015934
      type: 'test'
      ...
    # Subtest: DIALOGUE_CLIMAX_DROUGHT_RUN does not fire when climax-purposed scenes are evenly spread
    ok 2 - DIALOGUE_CLIMAX_DROUGHT_RUN does not fire when climax-purposed scenes are evenly spread
      ---
      duration_ms: 0.836415
      type: 'test'
      ...
    # Subtest: DIALOGUE_ESTABLISH_WORLD_DROUGHT_RUN fires when a long run has no world-establishing scene
    ok 3 - DIALOGUE_ESTABLISH_WORLD_DROUGHT_RUN fires when a long run has no world-establishing scene
      ---
      duration_ms: 0.835915
      type: 'test'
      ...
    # Subtest: DIALOGUE_ESTABLISH_WORLD_DROUGHT_RUN does not fire when world-establishing scenes are evenly spread
    ok 4 - DIALOGUE_ESTABLISH_WORLD_DROUGHT_RUN does not fire when world-establishing scenes are evenly spread
      ---
      duration_ms: 0.788707
      type: 'test'
      ...
    # Subtest: DIALOGUE_RESOLUTION_ZONE_CLUSTER fires when >75% of resolution-purposed scenes cluster in one third
    ok 5 - DIALOGUE_RESOLUTION_ZONE_CLUSTER fires when >75% of resolution-purposed scenes cluster in one third
      ---
      duration_ms: 0.709044
      type: 'test'
      ...
    # Subtest: DIALOGUE_RESOLUTION_ZONE_CLUSTER does not fire when resolution-purposed scenes spread across thirds
    ok 6 - DIALOGUE_RESOLUTION_ZONE_CLUSTER does not fire when resolution-purposed scenes spread across thirds
      ---
      duration_ms: 0.766083
      type: 'test'
      ...
    1..6
ok 1308 - Wave 868 — dialoguePass: dialogue climax drought run, dialogue establish world drought run, dialogue resolution zone cluster
  ---
  duration_ms: 5.197295
  type: 'suite'
  ...
# Subtest: Wave 854 — dialoguePass: dialogue positive emotion drought run, dialogue climax zone cluster, dialogue establish world zone cluster
    # Subtest: DIALOGUE_POSITIVE_EMOTION_DROUGHT_RUN fires when a long run has no positive-emotion charge
    ok 1 - DIALOGUE_POSITIVE_EMOTION_DROUGHT_RUN fires when a long run has no positive-emotion charge
      ---
      duration_ms: 1.166518
      type: 'test'
      ...
    # Subtest: DIALOGUE_POSITIVE_EMOTION_DROUGHT_RUN does not fire when positive-emotion scenes are evenly spread
    ok 2 - DIALOGUE_POSITIVE_EMOTION_DROUGHT_RUN does not fire when positive-emotion scenes are evenly spread
      ---
      duration_ms: 0.797004
      type: 'test'
      ...
    # Subtest: DIALOGUE_CLIMAX_ZONE_CLUSTER fires when >75% of climax-purposed scenes cluster in one third
    ok 3 - DIALOGUE_CLIMAX_ZONE_CLUSTER fires when >75% of climax-purposed scenes cluster in one third
      ---
      duration_ms: 0.775575
      type: 'test'
      ...
    # Subtest: DIALOGUE_CLIMAX_ZONE_CLUSTER does not fire when climax-purposed scenes spread across thirds
    ok 4 - DIALOGUE_CLIMAX_ZONE_CLUSTER does not fire when climax-purposed scenes spread across thirds
      ---
      duration_ms: 0.848138
      type: 'test'
      ...
    # Subtest: DIALOGUE_ESTABLISH_WORLD_ZONE_CLUSTER fires when >75% of world-establishing scenes cluster in one third
    ok 5 - DIALOGUE_ESTABLISH_WORLD_ZONE_CLUSTER fires when >75% of world-establishing scenes cluster in one third
      ---
      duration_ms: 0.74194
      type: 'test'
      ...
    # Subtest: DIALOGUE_ESTABLISH_WORLD_ZONE_CLUSTER does not fire when world-establishing scenes spread across thirds
    ok 6 - DIALOGUE_ESTABLISH_WORLD_ZONE_CLUSTER does not fire when world-establishing scenes spread across thirds
      ---
      duration_ms: 0.810557
      type: 'test'
      ...
    1..6
ok 1309 - Wave 854 — dialoguePass: dialogue positive emotion drought run, dialogue climax zone cluster, dialogue establish world zone cluster
  ---
  duration_ms: 5.402258
  type: 'suite'
  ...
# Subtest: Wave 840 — dialoguePass: dialogue introduce conflict drought run, dialogue negative emotion drought run, dialogue positive emotion zone cluster
    # Subtest: DIALOGUE_INTRODUCE_CONFLICT_DROUGHT_RUN fires when a long run has no new conflict
    ok 1 - DIALOGUE_INTRODUCE_CONFLICT_DROUGHT_RUN fires when a long run has no new conflict
      ---
      duration_ms: 1.13633
      type: 'test'
      ...
    # Subtest: DIALOGUE_INTRODUCE_CONFLICT_DROUGHT_RUN does not fire when conflict-introducing scenes are evenly spread
    ok 2 - DIALOGUE_INTRODUCE_CONFLICT_DROUGHT_RUN does not fire when conflict-introducing scenes are evenly spread
      ---
      duration_ms: 0.772363
      type: 'test'
      ...
    # Subtest: DIALOGUE_NEGATIVE_EMOTION_DROUGHT_RUN fires when a long run has no negative-emotion charge
    ok 3 - DIALOGUE_NEGATIVE_EMOTION_DROUGHT_RUN fires when a long run has no negative-emotion charge
      ---
      duration_ms: 0.834553
      type: 'test'
      ...
    # Subtest: DIALOGUE_NEGATIVE_EMOTION_DROUGHT_RUN does not fire when negative-emotion scenes are evenly spread
    ok 4 - DIALOGUE_NEGATIVE_EMOTION_DROUGHT_RUN does not fire when negative-emotion scenes are evenly spread
      ---
      duration_ms: 0.824192
      type: 'test'
      ...
    # Subtest: DIALOGUE_POSITIVE_EMOTION_ZONE_CLUSTER fires when >75% of positive-emotion scenes cluster in one third
    ok 5 - DIALOGUE_POSITIVE_EMOTION_ZONE_CLUSTER fires when >75% of positive-emotion scenes cluster in one third
      ---
      duration_ms: 0.74587
      type: 'test'
      ...
    # Subtest: DIALOGUE_POSITIVE_EMOTION_ZONE_CLUSTER does not fire when positive-emotion scenes spread across thirds
    ok 6 - DIALOGUE_POSITIVE_EMOTION_ZONE_CLUSTER does not fire when positive-emotion scenes spread across thirds
      ---
      duration_ms: 0.717049
      type: 'test'
      ...
    1..6
ok 1310 - Wave 840 — dialoguePass: dialogue introduce conflict drought run, dialogue negative emotion drought run, dialogue positive emotion zone cluster
  ---
  duration_ms: 5.322905
  type: 'suite'
  ...
# Subtest: Wave 826 — dialoguePass: dialogue turning point drought run, dialogue introduce conflict zone cluster, dialogue negative emotion zone cluster
    # Subtest: DIALOGUE_TURNING_POINT_DROUGHT_RUN fires when a long run has no turning point
    ok 1 - DIALOGUE_TURNING_POINT_DROUGHT_RUN fires when a long run has no turning point
      ---
      duration_ms: 1.023453
      type: 'test'
      ...
    # Subtest: DIALOGUE_TURNING_POINT_DROUGHT_RUN does not fire when turning points are evenly spread
    ok 2 - DIALOGUE_TURNING_POINT_DROUGHT_RUN does not fire when turning points are evenly spread
      ---
      duration_ms: 0.723141
      type: 'test'
      ...
    # Subtest: DIALOGUE_INTRODUCE_CONFLICT_ZONE_CLUSTER fires when >75% of conflict-introducing scenes cluster in one third
    ok 3 - DIALOGUE_INTRODUCE_CONFLICT_ZONE_CLUSTER fires when >75% of conflict-introducing scenes cluster in one third
      ---
      duration_ms: 0.811213
      type: 'test'
      ...
    # Subtest: DIALOGUE_INTRODUCE_CONFLICT_ZONE_CLUSTER does not fire when conflict-introducing scenes spread across thirds
    ok 4 - DIALOGUE_INTRODUCE_CONFLICT_ZONE_CLUSTER does not fire when conflict-introducing scenes spread across thirds
      ---
      duration_ms: 0.871498
      type: 'test'
      ...
    # Subtest: DIALOGUE_NEGATIVE_EMOTION_ZONE_CLUSTER fires when >75% of negative-emotion scenes cluster in one third
    ok 5 - DIALOGUE_NEGATIVE_EMOTION_ZONE_CLUSTER fires when >75% of negative-emotion scenes cluster in one third
      ---
      duration_ms: 0.845873
      type: 'test'
      ...
    # Subtest: DIALOGUE_NEGATIVE_EMOTION_ZONE_CLUSTER does not fire when negative-emotion scenes spread across thirds
    ok 6 - DIALOGUE_NEGATIVE_EMOTION_ZONE_CLUSTER does not fire when negative-emotion scenes spread across thirds
      ---
      duration_ms: 0.799288
      type: 'test'
      ...
    1..6
ok 1311 - Wave 826 — dialoguePass: dialogue turning point drought run, dialogue introduce conflict zone cluster, dialogue negative emotion zone cluster
  ---
  duration_ms: 5.370938
  type: 'suite'
  ...
# Subtest: Wave 812 — dialoguePass: dialogue stakes zone cluster, dialogue stakes drought run, dialogue turning point zone cluster
    # Subtest: DIALOGUE_STAKES_ZONE_CLUSTER fires when >75% of stakes-raising scenes cluster in one third
    ok 1 - DIALOGUE_STAKES_ZONE_CLUSTER fires when >75% of stakes-raising scenes cluster in one third
      ---
      duration_ms: 1.010328
      type: 'test'
      ...
    # Subtest: DIALOGUE_STAKES_ZONE_CLUSTER does not fire when stakes-raising scenes spread across thirds
    ok 2 - DIALOGUE_STAKES_ZONE_CLUSTER does not fire when stakes-raising scenes spread across thirds
      ---
      duration_ms: 0.748491
      type: 'test'
      ...
    # Subtest: DIALOGUE_STAKES_DROUGHT_RUN fires when a long run has no stakes-raising scene
    ok 3 - DIALOGUE_STAKES_DROUGHT_RUN fires when a long run has no stakes-raising scene
      ---
      duration_ms: 0.791169
      type: 'test'
      ...
    # Subtest: DIALOGUE_STAKES_DROUGHT_RUN does not fire when stakes-raising scenes are evenly spread
    ok 4 - DIALOGUE_STAKES_DROUGHT_RUN does not fire when stakes-raising scenes are evenly spread
      ---
      duration_ms: 0.779038
      type: 'test'
      ...
    # Subtest: DIALOGUE_TURNING_POINT_ZONE_CLUSTER fires when >75% of turning-point scenes cluster in one third
    ok 5 - DIALOGUE_TURNING_POINT_ZONE_CLUSTER fires when >75% of turning-point scenes cluster in one third
      ---
      duration_ms: 0.736242
      type: 'test'
      ...
    # Subtest: DIALOGUE_TURNING_POINT_ZONE_CLUSTER does not fire when turning-point scenes spread across thirds
    ok 6 - DIALOGUE_TURNING_POINT_ZONE_CLUSTER does not fire when turning-point scenes spread across thirds
      ---
      duration_ms: 0.877545
      type: 'test'
      ...
    1..6
ok 1312 - Wave 812 — dialoguePass: dialogue stakes zone cluster, dialogue stakes drought run, dialogue turning point zone cluster
  ---
  duration_ms: 5.196017
  type: 'suite'
  ...
# Subtest: Wave 798 — dialoguePass: dialogue revelation drought run, dialogue revelation peak uncaused, dialogue character moment zone cluster
    # Subtest: DIALOGUE_REVELATION_DROUGHT_RUN fires when a long run has no revelation
    ok 1 - DIALOGUE_REVELATION_DROUGHT_RUN fires when a long run has no revelation
      ---
      duration_ms: 1.145133
      type: 'test'
      ...
    # Subtest: DIALOGUE_REVELATION_DROUGHT_RUN does not fire when revelations are evenly spread
    ok 2 - DIALOGUE_REVELATION_DROUGHT_RUN does not fire when revelations are evenly spread
      ---
      duration_ms: 0.784323
      type: 'test'
      ...
    # Subtest: DIALOGUE_REVELATION_PEAK_UNCAUSED fires when the revelation scene has no dramatic turn nearby
    ok 3 - DIALOGUE_REVELATION_PEAK_UNCAUSED fires when the revelation scene has no dramatic turn nearby
      ---
      duration_ms: 0.739015
      type: 'test'
      ...
    # Subtest: DIALOGUE_REVELATION_PEAK_UNCAUSED does not fire when a dramatic turn precedes the revelation scene
    ok 4 - DIALOGUE_REVELATION_PEAK_UNCAUSED does not fire when a dramatic turn precedes the revelation scene
      ---
      duration_ms: 0.808099
      type: 'test'
      ...
    # Subtest: DIALOGUE_CHARACTER_MOMENT_ZONE_CLUSTER fires when >75% of character-moment scenes cluster in one third
    ok 5 - DIALOGUE_CHARACTER_MOMENT_ZONE_CLUSTER fires when >75% of character-moment scenes cluster in one third
      ---
      duration_ms: 0.789024
      type: 'test'
      ...
    # Subtest: DIALOGUE_CHARACTER_MOMENT_ZONE_CLUSTER does not fire when character-moment scenes spread across thirds
    ok 6 - DIALOGUE_CHARACTER_MOMENT_ZONE_CLUSTER does not fire when character-moment scenes spread across thirds
      ---
      duration_ms: 2.036133
      type: 'test'
      ...
    1..6
ok 1313 - Wave 798 — dialoguePass: dialogue revelation drought run, dialogue revelation peak uncaused, dialogue character moment zone cluster
  ---
  duration_ms: 6.595533
  type: 'suite'
  ...
# Subtest: Wave 784 — dialoguePass: dialogue revelation zone cluster, dialogue clock raised zone cluster, dialogue emotion drought run
    # Subtest: DIALOGUE_REVELATION_ZONE_CLUSTER fires when >75% of revelation scenes cluster in one third
    ok 1 - DIALOGUE_REVELATION_ZONE_CLUSTER fires when >75% of revelation scenes cluster in one third
      ---
      duration_ms: 1.192353
      type: 'test'
      ...
    # Subtest: DIALOGUE_REVELATION_ZONE_CLUSTER does not fire when revelation scenes spread across thirds
    ok 2 - DIALOGUE_REVELATION_ZONE_CLUSTER does not fire when revelation scenes spread across thirds
      ---
      duration_ms: 0.951126
      type: 'test'
      ...
    # Subtest: DIALOGUE_CLOCK_RAISED_ZONE_CLUSTER fires when >75% of clock-raising scenes cluster in one third
    ok 3 - DIALOGUE_CLOCK_RAISED_ZONE_CLUSTER fires when >75% of clock-raising scenes cluster in one third
      ---
      duration_ms: 0.771792
      type: 'test'
      ...
    # Subtest: DIALOGUE_CLOCK_RAISED_ZONE_CLUSTER does not fire when clock-raising scenes spread across thirds
    ok 4 - DIALOGUE_CLOCK_RAISED_ZONE_CLUSTER does not fire when clock-raising scenes spread across thirds
      ---
      duration_ms: 0.722125
      type: 'test'
      ...
    # Subtest: DIALOGUE_EMOTION_DROUGHT_RUN fires when the longest no-emotional-charge run reaches 6
    ok 5 - DIALOGUE_EMOTION_DROUGHT_RUN fires when the longest no-emotional-charge run reaches 6
      ---
      duration_ms: 0.811989
      type: 'test'
      ...
    # Subtest: DIALOGUE_EMOTION_DROUGHT_RUN does not fire when emotional charges are evenly spread
    ok 6 - DIALOGUE_EMOTION_DROUGHT_RUN does not fire when emotional charges are evenly spread
      ---
      duration_ms: 0.822808
      type: 'test'
      ...
    1..6
ok 1314 - Wave 784 — dialoguePass: dialogue revelation zone cluster, dialogue clock raised zone cluster, dialogue emotion drought run
  ---
  duration_ms: 5.545994
  type: 'suite'
  ...
# Subtest: Wave 770 — dialoguePass: dialogue clock delta zone cluster, dialogue suspense peak uncaused, dialogue relationship drought run
    # Subtest: DIALOGUE_CLOCK_DELTA_ZONE_CLUSTER fires when >75% of clock-shifting scenes cluster in one third
    ok 1 - DIALOGUE_CLOCK_DELTA_ZONE_CLUSTER fires when >75% of clock-shifting scenes cluster in one third
      ---
      duration_ms: 1.071665
      type: 'test'
      ...
    # Subtest: DIALOGUE_CLOCK_DELTA_ZONE_CLUSTER does not fire when clock-shifting scenes spread across thirds
    ok 2 - DIALOGUE_CLOCK_DELTA_ZONE_CLUSTER does not fire when clock-shifting scenes spread across thirds
      ---
      duration_ms: 0.675421
      type: 'test'
      ...
    # Subtest: DIALOGUE_SUSPENSE_PEAK_UNCAUSED fires when the peak suspense scene has no preparing cause nearby
    ok 3 - DIALOGUE_SUSPENSE_PEAK_UNCAUSED fires when the peak suspense scene has no preparing cause nearby
      ---
      duration_ms: 0.692442
      type: 'test'
      ...
    # Subtest: DIALOGUE_SUSPENSE_PEAK_UNCAUSED does not fire when a preparing cause precedes the peak suspense scene
    ok 4 - DIALOGUE_SUSPENSE_PEAK_UNCAUSED does not fire when a preparing cause precedes the peak suspense scene
      ---
      duration_ms: 0.794574
      type: 'test'
      ...
    # Subtest: DIALOGUE_RELATIONSHIP_DROUGHT_RUN fires when a long run has no relationship shift
    ok 5 - DIALOGUE_RELATIONSHIP_DROUGHT_RUN fires when a long run has no relationship shift
      ---
      duration_ms: 0.827902
      type: 'test'
      ...
    # Subtest: DIALOGUE_RELATIONSHIP_DROUGHT_RUN does not fire when relationship shifts are evenly spread
    ok 6 - DIALOGUE_RELATIONSHIP_DROUGHT_RUN does not fire when relationship shifts are evenly spread
      ---
      duration_ms: 0.810614
      type: 'test'
      ...
    1..6
ok 1315 - Wave 770 — dialoguePass: dialogue clock delta zone cluster, dialogue suspense peak uncaused, dialogue relationship drought run
  ---
  duration_ms: 5.119234
  type: 'suite'
  ...
# Subtest: Wave 756 — dialoguePass: dialogue relationship zone cluster, dialogue clock delta drought run, dialogue suspense drought run
    # Subtest: DIALOGUE_RELATIONSHIP_ZONE_CLUSTER fires when >75% of relationship-shift scenes cluster in one third
    ok 1 - DIALOGUE_RELATIONSHIP_ZONE_CLUSTER fires when >75% of relationship-shift scenes cluster in one third
      ---
      duration_ms: 0.957104
      type: 'test'
      ...
    # Subtest: DIALOGUE_RELATIONSHIP_ZONE_CLUSTER does not fire when relationship-shift scenes are distributed across thirds
    ok 2 - DIALOGUE_RELATIONSHIP_ZONE_CLUSTER does not fire when relationship-shift scenes are distributed across thirds
      ---
      duration_ms: 0.748836
      type: 'test'
      ...
    # Subtest: DIALOGUE_CLOCK_DELTA_DROUGHT_RUN fires when the longest no-clock-movement run reaches 6
    ok 3 - DIALOGUE_CLOCK_DELTA_DROUGHT_RUN fires when the longest no-clock-movement run reaches 6
      ---
      duration_ms: 0.860564
      type: 'test'
      ...
    # Subtest: DIALOGUE_CLOCK_DELTA_DROUGHT_RUN does not fire when clock movement is spread through the story
    ok 4 - DIALOGUE_CLOCK_DELTA_DROUGHT_RUN does not fire when clock movement is spread through the story
      ---
      duration_ms: 12.354198
      type: 'test'
      ...
    # Subtest: DIALOGUE_SUSPENSE_DROUGHT_RUN fires when the longest no-rising-suspense run reaches 6
    ok 5 - DIALOGUE_SUSPENSE_DROUGHT_RUN fires when the longest no-rising-suspense run reaches 6
      ---
      duration_ms: 1.022986
      type: 'test'
      ...
    # Subtest: DIALOGUE_SUSPENSE_DROUGHT_RUN does not fire when rising suspense is spread through the story
    ok 6 - DIALOGUE_SUSPENSE_DROUGHT_RUN does not fire when rising suspense is spread through the story
      ---
      duration_ms: 0.817211
      type: 'test'
      ...
    1..6
ok 1316 - Wave 756 — dialoguePass: dialogue relationship zone cluster, dialogue clock delta drought run, dialogue suspense drought run
  ---
  duration_ms: 17.092321
  type: 'suite'
  ...
# Subtest: Wave 742 — dialoguePass: dialogue curiosity zone cluster, dialogue open thread peak uncaused, dialogue staging drought run
    # Subtest: DIALOGUE_CURIOSITY_ZONE_CLUSTER fires when >75% of curiosity-positive scenes cluster in one third
    ok 1 - DIALOGUE_CURIOSITY_ZONE_CLUSTER fires when >75% of curiosity-positive scenes cluster in one third
      ---
      duration_ms: 1.035061
      type: 'test'
      ...
    # Subtest: DIALOGUE_CURIOSITY_ZONE_CLUSTER does not fire when curiosity-positive scenes are distributed across thirds
    ok 2 - DIALOGUE_CURIOSITY_ZONE_CLUSTER does not fire when curiosity-positive scenes are distributed across thirds
      ---
      duration_ms: 0.775257
      type: 'test'
      ...
    # Subtest: DIALOGUE_OPEN_THREAD_PEAK_UNCAUSED fires when the peak open-thread scene has no dramatic turn or revelation nearby
    ok 3 - DIALOGUE_OPEN_THREAD_PEAK_UNCAUSED fires when the peak open-thread scene has no dramatic turn or revelation nearby
      ---
      duration_ms: 0.655896
      type: 'test'
      ...
    # Subtest: DIALOGUE_OPEN_THREAD_PEAK_UNCAUSED does not fire when a dramatic turn precedes the peak within the lookback
    ok 4 - DIALOGUE_OPEN_THREAD_PEAK_UNCAUSED does not fire when a dramatic turn precedes the peak within the lookback
      ---
      duration_ms: 0.71419
      type: 'test'
      ...
    # Subtest: DIALOGUE_STAGING_DROUGHT_RUN fires when the longest no-visual-beat run is ≥6
    ok 5 - DIALOGUE_STAGING_DROUGHT_RUN fires when the longest no-visual-beat run is ≥6
      ---
      duration_ms: 0.829685
      type: 'test'
      ...
    # Subtest: DIALOGUE_STAGING_DROUGHT_RUN does not fire when visual beats are distributed without a long drought
    ok 6 - DIALOGUE_STAGING_DROUGHT_RUN does not fire when visual beats are distributed without a long drought
      ---
      duration_ms: 0.870858
      type: 'test'
      ...
    1..6
ok 1317 - Wave 742 — dialoguePass: dialogue curiosity zone cluster, dialogue open thread peak uncaused, dialogue staging drought run
  ---
  duration_ms: 5.147489
  type: 'suite'
  ...
# Subtest: Wave 728 — dialoguePass: dialogue curiosity peak uncaused, dialogue open thread drought run, dialogue staging zone cluster
    # Subtest: DIALOGUE_CURIOSITY_PEAK_UNCAUSED fires when the peak curiosity-spike scene has no dramatic turn or revelation nearby
    ok 1 - DIALOGUE_CURIOSITY_PEAK_UNCAUSED fires when the peak curiosity-spike scene has no dramatic turn or revelation nearby
      ---
      duration_ms: 0.878502
      type: 'test'
      ...
    # Subtest: DIALOGUE_CURIOSITY_PEAK_UNCAUSED does not fire when a dramatic turn precedes the peak within the lookback
    ok 2 - DIALOGUE_CURIOSITY_PEAK_UNCAUSED does not fire when a dramatic turn precedes the peak within the lookback
      ---
      duration_ms: 0.743881
      type: 'test'
      ...
    # Subtest: DIALOGUE_OPEN_THREAD_DROUGHT_RUN fires when the longest no-outstanding-clue run is ≥6
    ok 3 - DIALOGUE_OPEN_THREAD_DROUGHT_RUN fires when the longest no-outstanding-clue run is ≥6
      ---
      duration_ms: 0.779497
      type: 'test'
      ...
    # Subtest: DIALOGUE_OPEN_THREAD_DROUGHT_RUN does not fire when open threads are distributed without a long drought
    ok 4 - DIALOGUE_OPEN_THREAD_DROUGHT_RUN does not fire when open threads are distributed without a long drought
      ---
      duration_ms: 0.805429
      type: 'test'
      ...
    # Subtest: DIALOGUE_STAGING_ZONE_CLUSTER fires when >75% of visually dense scenes cluster in one third
    ok 5 - DIALOGUE_STAGING_ZONE_CLUSTER fires when >75% of visually dense scenes cluster in one third
      ---
      duration_ms: 0.828672
      type: 'test'
      ...
    # Subtest: DIALOGUE_STAGING_ZONE_CLUSTER does not fire when visually dense scenes are distributed across thirds
    ok 6 - DIALOGUE_STAGING_ZONE_CLUSTER does not fire when visually dense scenes are distributed across thirds
      ---
      duration_ms: 0.866985
      type: 'test'
      ...
    1..6
ok 1318 - Wave 728 — dialoguePass: dialogue curiosity peak uncaused, dialogue open thread drought run, dialogue staging zone cluster
  ---
  duration_ms: 5.174505
  type: 'suite'
  ...
# Subtest: Wave 714 — dialoguePass: highlighted dialogue drought run, dialogue seed zone cluster, dialogue payoff peak uncaused
    # Subtest: HIGHLIGHTED_DIALOGUE_DROUGHT_RUN fires when the longest no-highlighted-dialogue run is ≥6
    ok 1 - HIGHLIGHTED_DIALOGUE_DROUGHT_RUN fires when the longest no-highlighted-dialogue run is ≥6
      ---
      duration_ms: 1.016607
      type: 'test'
      ...
    # Subtest: HIGHLIGHTED_DIALOGUE_DROUGHT_RUN does not fire when highlighted dialogue is distributed without a long drought
    ok 2 - HIGHLIGHTED_DIALOGUE_DROUGHT_RUN does not fire when highlighted dialogue is distributed without a long drought
      ---
      duration_ms: 0.797712
      type: 'test'
      ...
    # Subtest: DIALOGUE_SEED_ZONE_CLUSTER fires when >75% of seed scenes cluster in one third
    ok 3 - DIALOGUE_SEED_ZONE_CLUSTER fires when >75% of seed scenes cluster in one third
      ---
      duration_ms: 0.79075
      type: 'test'
      ...
    # Subtest: DIALOGUE_SEED_ZONE_CLUSTER does not fire when seed scenes are distributed across thirds
    ok 4 - DIALOGUE_SEED_ZONE_CLUSTER does not fire when seed scenes are distributed across thirds
      ---
      duration_ms: 0.753346
      type: 'test'
      ...
    # Subtest: DIALOGUE_PAYOFF_PEAK_UNCAUSED fires when the peak payoff scene has no dramatic turn or revelation nearby
    ok 5 - DIALOGUE_PAYOFF_PEAK_UNCAUSED fires when the peak payoff scene has no dramatic turn or revelation nearby
      ---
      duration_ms: 0.778545
      type: 'test'
      ...
    # Subtest: DIALOGUE_PAYOFF_PEAK_UNCAUSED does not fire when a dramatic turn precedes the peak within the lookback
    ok 6 - DIALOGUE_PAYOFF_PEAK_UNCAUSED does not fire when a dramatic turn precedes the peak within the lookback
      ---
      duration_ms: 0.690388
      type: 'test'
      ...
    1..6
ok 1319 - Wave 714 — dialoguePass: highlighted dialogue drought run, dialogue seed zone cluster, dialogue payoff peak uncaused
  ---
  duration_ms: 5.098676
  type: 'suite'
  ...
# Subtest: Wave 700 — dialoguePass: dialogue highlight zone cluster, dialogue seed peak uncaused, dialogue payoff drought run
    # Subtest: DIALOGUE_HIGHLIGHT_ZONE_CLUSTER fires when >75% of highlighted-dialogue scenes cluster in one third
    ok 1 - DIALOGUE_HIGHLIGHT_ZONE_CLUSTER fires when >75% of highlighted-dialogue scenes cluster in one third
      ---
      duration_ms: 1.222884
      type: 'test'
      ...
    # Subtest: DIALOGUE_HIGHLIGHT_ZONE_CLUSTER does not fire when highlighted-dialogue scenes are distributed across thirds
    ok 2 - DIALOGUE_HIGHLIGHT_ZONE_CLUSTER does not fire when highlighted-dialogue scenes are distributed across thirds
      ---
      duration_ms: 0.961185
      type: 'test'
      ...
    # Subtest: DIALOGUE_SEED_PEAK_UNCAUSED fires when the peak seed scene has no dramatic turn or revelation nearby
    ok 3 - DIALOGUE_SEED_PEAK_UNCAUSED fires when the peak seed scene has no dramatic turn or revelation nearby
      ---
      duration_ms: 0.727826
      type: 'test'
      ...
    # Subtest: DIALOGUE_SEED_PEAK_UNCAUSED does not fire when a dramatic turn precedes the peak within the lookback
    ok 4 - DIALOGUE_SEED_PEAK_UNCAUSED does not fire when a dramatic turn precedes the peak within the lookback
      ---
      duration_ms: 0.72342
      type: 'test'
      ...
    # Subtest: DIALOGUE_PAYOFF_DROUGHT_RUN fires when the longest no-payoff run is ≥6
    ok 5 - DIALOGUE_PAYOFF_DROUGHT_RUN fires when the longest no-payoff run is ≥6
      ---
      duration_ms: 0.939085
      type: 'test'
      ...
    # Subtest: DIALOGUE_PAYOFF_DROUGHT_RUN does not fire when payoffs are distributed without a long drought
    ok 6 - DIALOGUE_PAYOFF_DROUGHT_RUN does not fire when payoffs are distributed without a long drought
      ---
      duration_ms: 0.844601
      type: 'test'
      ...
    1..6
ok 1320 - Wave 700 — dialoguePass: dialogue highlight zone cluster, dialogue seed peak uncaused, dialogue payoff drought run
  ---
  duration_ms: 5.6755
  type: 'suite'
  ...
# Subtest: Wave 686 — dialoguePass: dialogue relationship peak uncaused, dialogue character moment drought run, dialogue emotion zone cluster
    # Subtest: DIALOGUE_RELATIONSHIP_PEAK_UNCAUSED fires when the peak relationship-shift scene has no dramatic turn or revelation nearby
    ok 1 - DIALOGUE_RELATIONSHIP_PEAK_UNCAUSED fires when the peak relationship-shift scene has no dramatic turn or revelation nearby
      ---
      duration_ms: 1.16762
      type: 'test'
      ...
    # Subtest: DIALOGUE_RELATIONSHIP_PEAK_UNCAUSED does not fire when a dramatic turn precedes the peak within the lookback
    ok 2 - DIALOGUE_RELATIONSHIP_PEAK_UNCAUSED does not fire when a dramatic turn precedes the peak within the lookback
      ---
      duration_ms: 0.855923
      type: 'test'
      ...
    # Subtest: DIALOGUE_CHARACTER_MOMENT_DROUGHT_RUN fires when the longest no-character-moment run is ≥6
    ok 3 - DIALOGUE_CHARACTER_MOMENT_DROUGHT_RUN fires when the longest no-character-moment run is ≥6
      ---
      duration_ms: 0.917082
      type: 'test'
      ...
    # Subtest: DIALOGUE_CHARACTER_MOMENT_DROUGHT_RUN does not fire when character-moment scenes are distributed without a long drought
    ok 4 - DIALOGUE_CHARACTER_MOMENT_DROUGHT_RUN does not fire when character-moment scenes are distributed without a long drought
      ---
      duration_ms: 0.875198
      type: 'test'
      ...
    # Subtest: DIALOGUE_EMOTION_ZONE_CLUSTER fires when >75% of emotionally-charged scenes cluster in one third
    ok 5 - DIALOGUE_EMOTION_ZONE_CLUSTER fires when >75% of emotionally-charged scenes cluster in one third
      ---
      duration_ms: 0.746959
      type: 'test'
      ...
    # Subtest: DIALOGUE_EMOTION_ZONE_CLUSTER does not fire when emotionally-charged scenes are distributed across thirds
    ok 6 - DIALOGUE_EMOTION_ZONE_CLUSTER does not fire when emotionally-charged scenes are distributed across thirds
      ---
      duration_ms: 0.719743
      type: 'test'
      ...
    1..6
ok 1321 - Wave 686 — dialoguePass: dialogue relationship peak uncaused, dialogue character moment drought run, dialogue emotion zone cluster
  ---
  duration_ms: 5.549106
  type: 'suite'
  ...
# Subtest: Wave 672 — dialoguePass: dialogue clock delta peak uncaused, dialogue clock drought run, dialogue suspense zone cluster
    # Subtest: DIALOGUE_CLOCK_DELTA_PEAK_UNCAUSED fires when the peak clockDelta scene has no dramatic turn or revelation nearby
    ok 1 - DIALOGUE_CLOCK_DELTA_PEAK_UNCAUSED fires when the peak clockDelta scene has no dramatic turn or revelation nearby
      ---
      duration_ms: 0.919114
      type: 'test'
      ...
    # Subtest: DIALOGUE_CLOCK_DELTA_PEAK_UNCAUSED does not fire when a dramatic turn precedes the peak within the lookback
    ok 2 - DIALOGUE_CLOCK_DELTA_PEAK_UNCAUSED does not fire when a dramatic turn precedes the peak within the lookback
      ---
      duration_ms: 0.712456
      type: 'test'
      ...
    # Subtest: DIALOGUE_CLOCK_DROUGHT_RUN fires when the longest no-clock run is ≥6
    ok 3 - DIALOGUE_CLOCK_DROUGHT_RUN fires when the longest no-clock run is ≥6
      ---
      duration_ms: 0.958595
      type: 'test'
      ...
    # Subtest: DIALOGUE_CLOCK_DROUGHT_RUN does not fire when clock raises are distributed without a long drought
    ok 4 - DIALOGUE_CLOCK_DROUGHT_RUN does not fire when clock raises are distributed without a long drought
      ---
      duration_ms: 0.773574
      type: 'test'
      ...
    # Subtest: DIALOGUE_SUSPENSE_ZONE_CLUSTER fires when >75% of rising-suspense scenes cluster in one third
    ok 5 - DIALOGUE_SUSPENSE_ZONE_CLUSTER fires when >75% of rising-suspense scenes cluster in one third
      ---
      duration_ms: 0.776899
      type: 'test'
      ...
    # Subtest: DIALOGUE_SUSPENSE_ZONE_CLUSTER does not fire when rising-suspense scenes are distributed across thirds
    ok 6 - DIALOGUE_SUSPENSE_ZONE_CLUSTER does not fire when rising-suspense scenes are distributed across thirds
      ---
      duration_ms: 0.911609
      type: 'test'
      ...
    1..6
ok 1322 - Wave 672 — dialoguePass: dialogue clock delta peak uncaused, dialogue clock drought run, dialogue suspense zone cluster
  ---
  duration_ms: 5.334416
  type: 'suite'
  ...
# Subtest: Wave 658 — dialoguePass: dialogue staging peak uncaused, dialogue seed drought run, dialogue payoff zone cluster
    # Subtest: DIALOGUE_STAGING_PEAK_UNCAUSED fires when the peak physical-staging scene has no dramatic turn or revelation nearby
    ok 1 - DIALOGUE_STAGING_PEAK_UNCAUSED fires when the peak physical-staging scene has no dramatic turn or revelation nearby
      ---
      duration_ms: 0.951292
      type: 'test'
      ...
    # Subtest: DIALOGUE_STAGING_PEAK_UNCAUSED does not fire when a dramatic turn precedes the peak within the lookback
    ok 2 - DIALOGUE_STAGING_PEAK_UNCAUSED does not fire when a dramatic turn precedes the peak within the lookback
      ---
      duration_ms: 0.695665
      type: 'test'
      ...
    # Subtest: DIALOGUE_SEED_DROUGHT_RUN fires when the longest no-seed run is ≥6
    ok 3 - DIALOGUE_SEED_DROUGHT_RUN fires when the longest no-seed run is ≥6
      ---
      duration_ms: 0.845395
      type: 'test'
      ...
    # Subtest: DIALOGUE_SEED_DROUGHT_RUN does not fire when seeding is distributed without a long drought
    ok 4 - DIALOGUE_SEED_DROUGHT_RUN does not fire when seeding is distributed without a long drought
      ---
      duration_ms: 0.787796
      type: 'test'
      ...
    # Subtest: DIALOGUE_PAYOFF_ZONE_CLUSTER fires when >75% of payoff scenes cluster in one third
    ok 5 - DIALOGUE_PAYOFF_ZONE_CLUSTER fires when >75% of payoff scenes cluster in one third
      ---
      duration_ms: 0.765515
      type: 'test'
      ...
    # Subtest: DIALOGUE_PAYOFF_ZONE_CLUSTER does not fire when payoff scenes are distributed across thirds
    ok 6 - DIALOGUE_PAYOFF_ZONE_CLUSTER does not fire when payoff scenes are distributed across thirds
      ---
      duration_ms: 0.85606
      type: 'test'
      ...
    1..6
ok 1323 - Wave 658 — dialoguePass: dialogue staging peak uncaused, dialogue seed drought run, dialogue payoff zone cluster
  ---
  duration_ms: 5.145881
  type: 'suite'
  ...
# Subtest: Wave 644 — dialoguePass: dialogue highlight peak uncaused, dialogue curiosity drought run, dialogue open thread zone cluster
    # Subtest: DIALOGUE_HIGHLIGHT_PEAK_UNCAUSED fires when the peak highlighted-dialogue scene has no dramatic turn or revelation nearby
    ok 1 - DIALOGUE_HIGHLIGHT_PEAK_UNCAUSED fires when the peak highlighted-dialogue scene has no dramatic turn or revelation nearby
      ---
      duration_ms: 0.942191
      type: 'test'
      ...
    # Subtest: DIALOGUE_HIGHLIGHT_PEAK_UNCAUSED does not fire when a dramatic turn precedes the peak within the lookback
    ok 2 - DIALOGUE_HIGHLIGHT_PEAK_UNCAUSED does not fire when a dramatic turn precedes the peak within the lookback
      ---
      duration_ms: 1.067528
      type: 'test'
      ...
    # Subtest: DIALOGUE_CURIOSITY_DROUGHT_RUN fires when the longest no-curiosity-rise run is ≥6
    ok 3 - DIALOGUE_CURIOSITY_DROUGHT_RUN fires when the longest no-curiosity-rise run is ≥6
      ---
      duration_ms: 0.812863
      type: 'test'
      ...
    # Subtest: DIALOGUE_CURIOSITY_DROUGHT_RUN does not fire when curiosity rises are distributed without a long drought
    ok 4 - DIALOGUE_CURIOSITY_DROUGHT_RUN does not fire when curiosity rises are distributed without a long drought
      ---
      duration_ms: 0.879731
      type: 'test'
      ...
    # Subtest: DIALOGUE_OPEN_THREAD_ZONE_CLUSTER fires when >75% of open-thread scenes cluster in one third
    ok 5 - DIALOGUE_OPEN_THREAD_ZONE_CLUSTER fires when >75% of open-thread scenes cluster in one third
      ---
      duration_ms: 0.738847
      type: 'test'
      ...
    # Subtest: DIALOGUE_OPEN_THREAD_ZONE_CLUSTER does not fire when open-thread scenes are distributed across thirds
    ok 6 - DIALOGUE_OPEN_THREAD_ZONE_CLUSTER does not fire when open-thread scenes are distributed across thirds
      ---
      duration_ms: 0.722422
      type: 'test'
      ...
    1..6
ok 1324 - Wave 644 — dialoguePass: dialogue highlight peak uncaused, dialogue curiosity drought run, dialogue open thread zone cluster
  ---
  duration_ms: 5.416192
  type: 'suite'
  ...
# Subtest: Wave 630 — dialoguePass: dialogue payoff staging decoupled, dialogue shift staging aftermath void, dialogue payoff zone imbalance
    # Subtest: DIALOGUE_PAYOFF_STAGING_DECOUPLED fires when payoff scenes and visually-staged scenes never overlap
    ok 1 - DIALOGUE_PAYOFF_STAGING_DECOUPLED fires when payoff scenes and visually-staged scenes never overlap
      ---
      duration_ms: 0.784549
      type: 'test'
      ...
    # Subtest: DIALOGUE_PAYOFF_STAGING_DECOUPLED does not fire when a scene carries both signals
    ok 2 - DIALOGUE_PAYOFF_STAGING_DECOUPLED does not fire when a scene carries both signals
      ---
      duration_ms: 0.749464
      type: 'test'
      ...
    # Subtest: DIALOGUE_SHIFT_STAGING_AFTERMATH_VOID fires when no shift is followed by a visually dense scene within 2 scenes
    ok 3 - DIALOGUE_SHIFT_STAGING_AFTERMATH_VOID fires when no shift is followed by a visually dense scene within 2 scenes
      ---
      duration_ms: 0.882803
      type: 'test'
      ...
    # Subtest: DIALOGUE_SHIFT_STAGING_AFTERMATH_VOID does not fire when a trigger window contains a visually dense scene
    ok 4 - DIALOGUE_SHIFT_STAGING_AFTERMATH_VOID does not fire when a trigger window contains a visually dense scene
      ---
      duration_ms: 0.762945
      type: 'test'
      ...
    # Subtest: DIALOGUE_PAYOFF_ZONE_IMBALANCE fires when one zone is empty of payoffs while another is bloated
    ok 5 - DIALOGUE_PAYOFF_ZONE_IMBALANCE fires when one zone is empty of payoffs while another is bloated
      ---
      duration_ms: 0.866461
      type: 'test'
      ...
    # Subtest: DIALOGUE_PAYOFF_ZONE_IMBALANCE does not fire when payoffs are spread across all zones
    ok 6 - DIALOGUE_PAYOFF_ZONE_IMBALANCE does not fire when payoffs are spread across all zones
      ---
      duration_ms: 0.889726
      type: 'test'
      ...
    1..6
ok 1325 - Wave 630 — dialoguePass: dialogue payoff staging decoupled, dialogue shift staging aftermath void, dialogue payoff zone imbalance
  ---
  duration_ms: 5.225779
  type: 'suite'
  ...
# Subtest: Wave 616 — dialoguePass: purpose dialogue highlight decoupled, character moment zone imbalance, raise stakes dialogue highlight aftermath void
    # Subtest: PURPOSE_DIALOGUE_HIGHLIGHT_DECOUPLED fires when pivotal-purpose scenes and dialogue highlights never overlap
    ok 1 - PURPOSE_DIALOGUE_HIGHLIGHT_DECOUPLED fires when pivotal-purpose scenes and dialogue highlights never overlap
      ---
      duration_ms: 0.875183
      type: 'test'
      ...
    # Subtest: PURPOSE_DIALOGUE_HIGHLIGHT_DECOUPLED does not fire when a scene carries both signals
    ok 2 - PURPOSE_DIALOGUE_HIGHLIGHT_DECOUPLED does not fire when a scene carries both signals
      ---
      duration_ms: 0.611235
      type: 'test'
      ...
    # Subtest: CHARACTER_MOMENT_ZONE_IMBALANCE fires when one zone is empty of character-moment scenes while another is bloated
    ok 3 - CHARACTER_MOMENT_ZONE_IMBALANCE fires when one zone is empty of character-moment scenes while another is bloated
      ---
      duration_ms: 0.823924
      type: 'test'
      ...
    # Subtest: CHARACTER_MOMENT_ZONE_IMBALANCE does not fire when every zone has a character-moment scene
    ok 4 - CHARACTER_MOMENT_ZONE_IMBALANCE does not fire when every zone has a character-moment scene
      ---
      duration_ms: 0.815275
      type: 'test'
      ...
    # Subtest: RAISE_STAKES_DIALOGUE_HIGHLIGHT_AFTERMATH_VOID fires when no stakes-raise is followed by a dialogue highlight within 2 scenes
    ok 5 - RAISE_STAKES_DIALOGUE_HIGHLIGHT_AFTERMATH_VOID fires when no stakes-raise is followed by a dialogue highlight within 2 scenes
      ---
      duration_ms: 0.758976
      type: 'test'
      ...
    # Subtest: RAISE_STAKES_DIALOGUE_HIGHLIGHT_AFTERMATH_VOID does not fire when a trigger window contains a dialogue highlight
    ok 6 - RAISE_STAKES_DIALOGUE_HIGHLIGHT_AFTERMATH_VOID does not fire when a trigger window contains a dialogue highlight
      ---
      duration_ms: 0.776637
      type: 'test'
      ...
    1..6
ok 1326 - Wave 616 — dialoguePass: purpose dialogue highlight decoupled, character moment zone imbalance, raise stakes dialogue highlight aftermath void
  ---
  duration_ms: 4.950108
  type: 'suite'
  ...
# Subtest: Wave 602 — dialoguePass: dialogue highlight/open thread decoupled, visual beat zone imbalance, open thread aftermath void
    # Subtest: DIALOGUE_HIGHLIGHT_OPEN_THREAD_DECOUPLED fires when highlight scenes and open-thread scenes never overlap
    ok 1 - DIALOGUE_HIGHLIGHT_OPEN_THREAD_DECOUPLED fires when highlight scenes and open-thread scenes never overlap
      ---
      duration_ms: 0.918451
      type: 'test'
      ...
    # Subtest: DIALOGUE_HIGHLIGHT_OPEN_THREAD_DECOUPLED does not fire when a scene carries both signals
    ok 2 - DIALOGUE_HIGHLIGHT_OPEN_THREAD_DECOUPLED does not fire when a scene carries both signals
      ---
      duration_ms: 0.748605
      type: 'test'
      ...
    # Subtest: VISUAL_BEAT_ZONE_IMBALANCE fires when one zone is empty of visually-dense scenes while another is bloated
    ok 3 - VISUAL_BEAT_ZONE_IMBALANCE fires when one zone is empty of visually-dense scenes while another is bloated
      ---
      duration_ms: 0.942928
      type: 'test'
      ...
    # Subtest: VISUAL_BEAT_ZONE_IMBALANCE does not fire when every zone has a visually-dense scene
    ok 4 - VISUAL_BEAT_ZONE_IMBALANCE does not fire when every zone has a visually-dense scene
      ---
      duration_ms: 0.902876
      type: 'test'
      ...
    # Subtest: OPEN_THREAD_DIALOGUE_AFTERMATH_VOID fires when heavy clue-debt scenes are never followed by highlighted dialogue
    ok 5 - OPEN_THREAD_DIALOGUE_AFTERMATH_VOID fires when heavy clue-debt scenes are never followed by highlighted dialogue
      ---
      duration_ms: 0.799371
      type: 'test'
      ...
    # Subtest: OPEN_THREAD_DIALOGUE_AFTERMATH_VOID does not fire when a trigger window contains a highlighted scene
    ok 6 - OPEN_THREAD_DIALOGUE_AFTERMATH_VOID does not fire when a trigger window contains a highlighted scene
      ---
      duration_ms: 0.741365
      type: 'test'
      ...
    1..6
ok 1327 - Wave 602 — dialoguePass: dialogue highlight/open thread decoupled, visual beat zone imbalance, open thread aftermath void
  ---
  duration_ms: 5.319868
  type: 'suite'
  ...
# Subtest: Wave 588 — dialoguePass: curiosity-spike scene void, closing-zone silent, hedge back-loaded
    # Subtest: DIALOGUE_CURIOSITY_SPIKE_SCENE_VOID fires when all curiosity-spike scenes have no dialogue
    ok 1 - DIALOGUE_CURIOSITY_SPIKE_SCENE_VOID fires when all curiosity-spike scenes have no dialogue
      ---
      duration_ms: 3.053517
      type: 'test'
      ...
    # Subtest: DIALOGUE_CURIOSITY_SPIKE_SCENE_VOID does not fire when a curiosity-spike scene has dialogue
    ok 2 - DIALOGUE_CURIOSITY_SPIKE_SCENE_VOID does not fire when a curiosity-spike scene has dialogue
      ---
      duration_ms: 2.404861
      type: 'test'
      ...
    # Subtest: DIALOGUE_CLOSING_ZONE_SILENT fires when the closing third has no dialogue
    ok 3 - DIALOGUE_CLOSING_ZONE_SILENT fires when the closing third has no dialogue
      ---
      duration_ms: 1.836866
      type: 'test'
      ...
    # Subtest: DIALOGUE_CLOSING_ZONE_SILENT does not fire when the closing third has a dialogue scene
    ok 4 - DIALOGUE_CLOSING_ZONE_SILENT does not fire when the closing third has a dialogue scene
      ---
      duration_ms: 1.728942
      type: 'test'
      ...
    # Subtest: DIALOGUE_HEDGE_BACK_LOADED fires when hedge lines concentrate in the second half
    ok 5 - DIALOGUE_HEDGE_BACK_LOADED fires when hedge lines concentrate in the second half
      ---
      duration_ms: 6.213875
      type: 'test'
      ...
    # Subtest: DIALOGUE_HEDGE_BACK_LOADED does not fire when the first half has more than one hedge line
    ok 6 - DIALOGUE_HEDGE_BACK_LOADED does not fire when the first half has more than one hedge line
      ---
      duration_ms: 1.710901
      type: 'test'
      ...
    1..6
ok 1328 - Wave 588 — dialoguePass: curiosity-spike scene void, closing-zone silent, hedge back-loaded
  ---
  duration_ms: 17.216197
  type: 'suite'
  ...
# Subtest: Wave 574 — dialoguePass: clock peak silent, sparse run, negation back-loaded
    # Subtest: DIALOGUE_CLOCK_PEAK_SILENT fires when peak-clockDelta scene has no dialogue while other clock scene does
    ok 1 - DIALOGUE_CLOCK_PEAK_SILENT fires when peak-clockDelta scene has no dialogue while other clock scene does
      ---
      duration_ms: 2.749848
      type: 'test'
      ...
    # Subtest: DIALOGUE_CLOCK_PEAK_SILENT does not fire when peak-clockDelta scene has dialogue
    ok 2 - DIALOGUE_CLOCK_PEAK_SILENT does not fire when peak-clockDelta scene has dialogue
      ---
      duration_ms: 2.198224
      type: 'test'
      ...
    # Subtest: DIALOGUE_SPARSE_RUN fires when ≥4 consecutive scenes each have ≤1 dialogue line
    ok 3 - DIALOGUE_SPARSE_RUN fires when ≥4 consecutive scenes each have ≤1 dialogue line
      ---
      duration_ms: 2.245899
      type: 'test'
      ...
    # Subtest: DIALOGUE_SPARSE_RUN does not fire when all scenes have ≥2 dialogue lines
    ok 4 - DIALOGUE_SPARSE_RUN does not fire when all scenes have ≥2 dialogue lines
      ---
      duration_ms: 2.462152
      type: 'test'
      ...
    # Subtest: DIALOGUE_NEGATION_BACK_LOADED fires when >75% of negation lines are in the second half
    ok 5 - DIALOGUE_NEGATION_BACK_LOADED fires when >75% of negation lines are in the second half
      ---
      duration_ms: 0.929861
      type: 'test'
      ...
    # Subtest: DIALOGUE_NEGATION_BACK_LOADED does not fire when negation is distributed across both halves
    ok 6 - DIALOGUE_NEGATION_BACK_LOADED does not fire when negation is distributed across both halves
      ---
      duration_ms: 0.563095
      type: 'test'
      ...
    1..6
ok 1329 - Wave 574 — dialoguePass: clock peak silent, sparse run, negation back-loaded
  ---
  duration_ms: 11.425118
  type: 'suite'
  ...
# Subtest: Wave 560 — dialoguePass: clock aftermath silent, seed aftermath silent, relationship shift aftermath silent
    # Subtest: DIALOGUE_CLOCK_AFTERMATH_SILENT fires when all clock-raise scenes are followed by silent scenes
    ok 1 - DIALOGUE_CLOCK_AFTERMATH_SILENT fires when all clock-raise scenes are followed by silent scenes
      ---
      duration_ms: 2.758184
      type: 'test'
      ...
    # Subtest: DIALOGUE_CLOCK_AFTERMATH_SILENT does not fire when a clock-raise is followed by a scene with dialogue
    ok 2 - DIALOGUE_CLOCK_AFTERMATH_SILENT does not fire when a clock-raise is followed by a scene with dialogue
      ---
      duration_ms: 2.155169
      type: 'test'
      ...
    # Subtest: DIALOGUE_SEED_AFTERMATH_SILENT fires when all seed scenes are followed by silent scenes
    ok 3 - DIALOGUE_SEED_AFTERMATH_SILENT fires when all seed scenes are followed by silent scenes
      ---
      duration_ms: 2.191463
      type: 'test'
      ...
    # Subtest: DIALOGUE_SEED_AFTERMATH_SILENT does not fire when a seed scene is followed by a scene with dialogue
    ok 4 - DIALOGUE_SEED_AFTERMATH_SILENT does not fire when a seed scene is followed by a scene with dialogue
      ---
      duration_ms: 2.09431
      type: 'test'
      ...
    # Subtest: DIALOGUE_RELATIONSHIP_SHIFT_AFTERMATH_SILENT fires when all relationship-shift scenes are followed by silent scenes
    ok 5 - DIALOGUE_RELATIONSHIP_SHIFT_AFTERMATH_SILENT fires when all relationship-shift scenes are followed by silent scenes
      ---
      duration_ms: 2.438082
      type: 'test'
      ...
    # Subtest: DIALOGUE_RELATIONSHIP_SHIFT_AFTERMATH_SILENT does not fire when a relationship-shift is followed by a scene with dialogue
    ok 6 - DIALOGUE_RELATIONSHIP_SHIFT_AFTERMATH_SILENT does not fire when a relationship-shift is followed by a scene with dialogue
      ---
      duration_ms: 2.21613
      type: 'test'
      ...
    1..6
ok 1330 - Wave 560 — dialoguePass: clock aftermath silent, seed aftermath silent, relationship shift aftermath silent
  ---
  duration_ms: 14.116682
  type: 'suite'
  ...
# Subtest: Wave 546 — dialoguePass: relationship peak silent, negation front-loaded, suspense aftermath silent
    # Subtest: DIALOGUE_RELATIONSHIP_PEAK_SILENT fires when the peak relationship-shift scene has no dialogue
    ok 1 - DIALOGUE_RELATIONSHIP_PEAK_SILENT fires when the peak relationship-shift scene has no dialogue
      ---
      duration_ms: 1.945397
      type: 'test'
      ...
    # Subtest: DIALOGUE_RELATIONSHIP_PEAK_SILENT does not fire when the peak relationship-shift scene has dialogue
    ok 2 - DIALOGUE_RELATIONSHIP_PEAK_SILENT does not fire when the peak relationship-shift scene has dialogue
      ---
      duration_ms: 2.018593
      type: 'test'
      ...
    # Subtest: DIALOGUE_NEGATION_FRONT_LOADED fires when more than 75% of negation lines are in the first half
    ok 3 - DIALOGUE_NEGATION_FRONT_LOADED fires when more than 75% of negation lines are in the first half
      ---
      duration_ms: 1.087405
      type: 'test'
      ...
    # Subtest: DIALOGUE_NEGATION_FRONT_LOADED does not fire when negation is not concentrated in the first half
    ok 4 - DIALOGUE_NEGATION_FRONT_LOADED does not fire when negation is not concentrated in the first half
      ---
      duration_ms: 1.024396
      type: 'test'
      ...
    # Subtest: DIALOGUE_SUSPENSE_AFTERMATH_SILENT fires when all suspense-spike scenes are followed by silent scenes
    ok 5 - DIALOGUE_SUSPENSE_AFTERMATH_SILENT fires when all suspense-spike scenes are followed by silent scenes
      ---
      duration_ms: 2.107404
      type: 'test'
      ...
    # Subtest: DIALOGUE_SUSPENSE_AFTERMATH_SILENT does not fire when a suspense-spike is followed by a dialogue scene
    ok 6 - DIALOGUE_SUSPENSE_AFTERMATH_SILENT does not fire when a suspense-spike is followed by a dialogue scene
      ---
      duration_ms: 2.076926
      type: 'test'
      ...
    1..6
ok 1331 - Wave 546 — dialoguePass: relationship peak silent, negation front-loaded, suspense aftermath silent
  ---
  duration_ms: 10.54063
  type: 'suite'
  ...
# Subtest: Wave 532 — dialoguePass: dramatic-turn aftermath silent, payoff aftermath silent, middle zone silent
    # Subtest: DIALOGUE_DRAMATIC_TURN_AFTERMATH_SILENT fires when all dramatic-turn aftermaths have no dialogue
    ok 1 - DIALOGUE_DRAMATIC_TURN_AFTERMATH_SILENT fires when all dramatic-turn aftermaths have no dialogue
      ---
      duration_ms: 2.403626
      type: 'test'
      ...
    # Subtest: DIALOGUE_DRAMATIC_TURN_AFTERMATH_SILENT does not fire when a dramatic-turn aftermath has dialogue
    ok 2 - DIALOGUE_DRAMATIC_TURN_AFTERMATH_SILENT does not fire when a dramatic-turn aftermath has dialogue
      ---
      duration_ms: 2.101967
      type: 'test'
      ...
    # Subtest: DIALOGUE_PAYOFF_AFTERMATH_SILENT fires when all payoff aftermaths have no dialogue
    ok 3 - DIALOGUE_PAYOFF_AFTERMATH_SILENT fires when all payoff aftermaths have no dialogue
      ---
      duration_ms: 2.229599
      type: 'test'
      ...
    # Subtest: DIALOGUE_PAYOFF_AFTERMATH_SILENT does not fire when a payoff aftermath has dialogue
    ok 4 - DIALOGUE_PAYOFF_AFTERMATH_SILENT does not fire when a payoff aftermath has dialogue
      ---
      duration_ms: 2.42629
      type: 'test'
      ...
    # Subtest: DIALOGUE_MIDDLE_ZONE_SILENT fires when middle third has no dialogue while opening and closing do
    ok 5 - DIALOGUE_MIDDLE_ZONE_SILENT fires when middle third has no dialogue while opening and closing do
      ---
      duration_ms: 1.153387
      type: 'test'
      ...
    # Subtest: DIALOGUE_MIDDLE_ZONE_SILENT does not fire when middle third has at least one dialogue scene
    ok 6 - DIALOGUE_MIDDLE_ZONE_SILENT does not fire when middle third has at least one dialogue scene
      ---
      duration_ms: 4.385848
      type: 'test'
      ...
    1..6
ok 1332 - Wave 532 — dialoguePass: dramatic-turn aftermath silent, payoff aftermath silent, middle zone silent
  ---
  duration_ms: 14.959896
  type: 'suite'
  ...
# Subtest: Wave 518 — dialoguePass: seed scene dialogue absent, relationship shift scene dialogue absent, revelation aftermath silent
    # Subtest: SEED_SCENE_DIALOGUE_ABSENT fires when all seed scenes have no dialogue
    ok 1 - SEED_SCENE_DIALOGUE_ABSENT fires when all seed scenes have no dialogue
      ---
      duration_ms: 2.932171
      type: 'test'
      ...
    # Subtest: SEED_SCENE_DIALOGUE_ABSENT does not fire when a seed scene has dialogue
    ok 2 - SEED_SCENE_DIALOGUE_ABSENT does not fire when a seed scene has dialogue
      ---
      duration_ms: 2.103864
      type: 'test'
      ...
    # Subtest: RELATIONSHIP_SHIFT_SCENE_DIALOGUE_ABSENT fires when all relationship-shift scenes have no dialogue
    ok 3 - RELATIONSHIP_SHIFT_SCENE_DIALOGUE_ABSENT fires when all relationship-shift scenes have no dialogue
      ---
      duration_ms: 2.966887
      type: 'test'
      ...
    # Subtest: RELATIONSHIP_SHIFT_SCENE_DIALOGUE_ABSENT does not fire when a relationship-shift scene has dialogue
    ok 4 - RELATIONSHIP_SHIFT_SCENE_DIALOGUE_ABSENT does not fire when a relationship-shift scene has dialogue
      ---
      duration_ms: 2.237803
      type: 'test'
      ...
    # Subtest: DIALOGUE_REVELATION_AFTERMATH_SILENT fires when no revelation is followed by a scene with dialogue
    ok 5 - DIALOGUE_REVELATION_AFTERMATH_SILENT fires when no revelation is followed by a scene with dialogue
      ---
      duration_ms: 3.232076
      type: 'test'
      ...
    # Subtest: DIALOGUE_REVELATION_AFTERMATH_SILENT does not fire when a revelation is followed by a scene with dialogue
    ok 6 - DIALOGUE_REVELATION_AFTERMATH_SILENT does not fire when a revelation is followed by a scene with dialogue
      ---
      duration_ms: 2.279014
      type: 'test'
      ...
    1..6
ok 1333 - Wave 518 — dialoguePass: seed scene dialogue absent, relationship shift scene dialogue absent, revelation aftermath silent
  ---
  duration_ms: 16.040211
  type: 'suite'
  ...
# Subtest: Wave 504 — dialoguePass: dialogue silence run, dialogue density front heavy, payoff scene dialogue absent
    # Subtest: DIALOGUE_SILENCE_RUN fires when 3+ consecutive scenes have no dialogue
    ok 1 - DIALOGUE_SILENCE_RUN fires when 3+ consecutive scenes have no dialogue
      ---
      duration_ms: 2.199944
      type: 'test'
      ...
    # Subtest: DIALOGUE_SILENCE_RUN does not fire when no consecutive silent run reaches 3
    ok 2 - DIALOGUE_SILENCE_RUN does not fire when no consecutive silent run reaches 3
      ---
      duration_ms: 1.693893
      type: 'test'
      ...
    # Subtest: DIALOGUE_DENSITY_FRONT_HEAVY fires when first-half density is >= 2x the second-half density
    ok 3 - DIALOGUE_DENSITY_FRONT_HEAVY fires when first-half density is >= 2x the second-half density
      ---
      duration_ms: 2.468685
      type: 'test'
      ...
    # Subtest: DIALOGUE_DENSITY_FRONT_HEAVY does not fire when second-half density is within 2x of first half
    ok 4 - DIALOGUE_DENSITY_FRONT_HEAVY does not fire when second-half density is within 2x of first half
      ---
      duration_ms: 4.281549
      type: 'test'
      ...
    # Subtest: PAYOFF_SCENE_DIALOGUE_ABSENT fires when all payoff scenes have no dialogue
    ok 5 - PAYOFF_SCENE_DIALOGUE_ABSENT fires when all payoff scenes have no dialogue
      ---
      duration_ms: 2.031785
      type: 'test'
      ...
    # Subtest: PAYOFF_SCENE_DIALOGUE_ABSENT does not fire when a payoff scene has dialogue
    ok 6 - PAYOFF_SCENE_DIALOGUE_ABSENT does not fire when a payoff scene has dialogue
      ---
      duration_ms: 2.214705
      type: 'test'
      ...
    1..6
ok 1334 - Wave 504 — dialoguePass: dialogue silence run, dialogue density front heavy, payoff scene dialogue absent
  ---
  duration_ms: 15.215451
  type: 'suite'
  ...
# Subtest: Wave 490 — dialoguePass: dialogue verbal peak uncaused, dialogue negative scene void, dialogue scene temporal cluster
    # Subtest: DIALOGUE_VERBAL_PEAK_UNCAUSED fires when peak-dialogue scene has no prior causal driver
    ok 1 - DIALOGUE_VERBAL_PEAK_UNCAUSED fires when peak-dialogue scene has no prior causal driver
      ---
      duration_ms: 2.309032
      type: 'test'
      ...
    # Subtest: DIALOGUE_VERBAL_PEAK_UNCAUSED does not fire when prior scene has a structural driver
    ok 2 - DIALOGUE_VERBAL_PEAK_UNCAUSED does not fire when prior scene has a structural driver
      ---
      duration_ms: 2.182406
      type: 'test'
      ...
    # Subtest: DIALOGUE_NEGATIVE_SCENE_VOID fires when all negative-emotion scenes have no dialogue
    ok 3 - DIALOGUE_NEGATIVE_SCENE_VOID fires when all negative-emotion scenes have no dialogue
      ---
      duration_ms: 1.571961
      type: 'test'
      ...
    # Subtest: DIALOGUE_NEGATIVE_SCENE_VOID does not fire when a negative scene carries dialogue
    ok 4 - DIALOGUE_NEGATIVE_SCENE_VOID does not fire when a negative scene carries dialogue
      ---
      duration_ms: 1.728417
      type: 'test'
      ...
    # Subtest: DIALOGUE_SCENE_TEMPORAL_CLUSTER fires when >75% of dialogue scenes fall in one third
    ok 5 - DIALOGUE_SCENE_TEMPORAL_CLUSTER fires when >75% of dialogue scenes fall in one third
      ---
      duration_ms: 1.165828
      type: 'test'
      ...
    # Subtest: DIALOGUE_SCENE_TEMPORAL_CLUSTER does not fire when dialogue scenes are distributed across thirds
    ok 6 - DIALOGUE_SCENE_TEMPORAL_CLUSTER does not fire when dialogue scenes are distributed across thirds
      ---
      duration_ms: 1.147836
      type: 'test'
      ...
    1..6
ok 1335 - Wave 490 — dialoguePass: dialogue verbal peak uncaused, dialogue negative scene void, dialogue scene temporal cluster
  ---
  duration_ms: 10.360354
  type: 'suite'
  ...
# Subtest: Wave 476 — dialoguePass: clock scene void, positive scene void, dialogue dense aftermath silent
    # Subtest: DIALOGUE_CLOCK_SCENE_VOID fires when every clockRaised scene has no dialogue
    ok 1 - DIALOGUE_CLOCK_SCENE_VOID fires when every clockRaised scene has no dialogue
      ---
      duration_ms: 3.508306
      type: 'test'
      ...
    # Subtest: DIALOGUE_CLOCK_SCENE_VOID does not fire when a clockRaised scene carries dialogue
    ok 2 - DIALOGUE_CLOCK_SCENE_VOID does not fire when a clockRaised scene carries dialogue
      ---
      duration_ms: 1.818526
      type: 'test'
      ...
    # Subtest: DIALOGUE_POSITIVE_SCENE_VOID fires when every positive-emotion scene has no dialogue
    ok 3 - DIALOGUE_POSITIVE_SCENE_VOID fires when every positive-emotion scene has no dialogue
      ---
      duration_ms: 1.374599
      type: 'test'
      ...
    # Subtest: DIALOGUE_POSITIVE_SCENE_VOID does not fire when a positive scene carries dialogue
    ok 4 - DIALOGUE_POSITIVE_SCENE_VOID does not fire when a positive scene carries dialogue
      ---
      duration_ms: 1.63851
      type: 'test'
      ...
    # Subtest: DIALOGUE_DENSE_AFTERMATH_SILENT fires when every dense scene is followed by a silent scene
    ok 5 - DIALOGUE_DENSE_AFTERMATH_SILENT fires when every dense scene is followed by a silent scene
      ---
      duration_ms: 2.383124
      type: 'test'
      ...
    # Subtest: DIALOGUE_DENSE_AFTERMATH_SILENT does not fire when a dense scene is followed by an active scene
    ok 6 - DIALOGUE_DENSE_AFTERMATH_SILENT does not fire when a dense scene is followed by an active scene
      ---
      duration_ms: 6.180847
      type: 'test'
      ...
    1..6
ok 1336 - Wave 476 — dialoguePass: clock scene void, positive scene void, dialogue dense aftermath silent
  ---
  duration_ms: 17.216174
  type: 'suite'
  ...
# Subtest: Wave 462 — dialoguePass: dramatic turn scene void, negation flood, opening silent
    # Subtest: DIALOGUE_DRAMATIC_TURN_SCENE_VOID fires when every dramatic-turn scene has no dialogue
    ok 1 - DIALOGUE_DRAMATIC_TURN_SCENE_VOID fires when every dramatic-turn scene has no dialogue
      ---
      duration_ms: 4.288579
      type: 'test'
      ...
    # Subtest: DIALOGUE_DRAMATIC_TURN_SCENE_VOID does NOT fire when a dramatic-turn scene carries dialogue
    ok 2 - DIALOGUE_DRAMATIC_TURN_SCENE_VOID does NOT fire when a dramatic-turn scene carries dialogue
      ---
      duration_ms: 3.377271
      type: 'test'
      ...
    # Subtest: DIALOGUE_NEGATION_FLOOD fires when more than 30% of lines carry a negation
    ok 3 - DIALOGUE_NEGATION_FLOOD fires when more than 30% of lines carry a negation
      ---
      duration_ms: 1.129136
      type: 'test'
      ...
    # Subtest: DIALOGUE_NEGATION_FLOOD does NOT fire when negation stays at or below 30%
    ok 4 - DIALOGUE_NEGATION_FLOOD does NOT fire when negation stays at or below 30%
      ---
      duration_ms: 1.069317
      type: 'test'
      ...
    # Subtest: DIALOGUE_OPENING_SILENT fires when the first 20% of scenes has no dialogue
    ok 5 - DIALOGUE_OPENING_SILENT fires when the first 20% of scenes has no dialogue
      ---
      duration_ms: 2.584183
      type: 'test'
      ...
    # Subtest: DIALOGUE_OPENING_SILENT does NOT fire when the opening zone carries dialogue
    ok 6 - DIALOGUE_OPENING_SILENT does NOT fire when the opening zone carries dialogue
      ---
      duration_ms: 2.219629
      type: 'test'
      ...
    1..6
ok 1337 - Wave 462 — dialoguePass: dramatic turn scene void, negation flood, opening silent
  ---
  duration_ms: 14.951618
  type: 'suite'
  ...
# Subtest: Wave 448 — dialoguePass: curiosity peak silent, question back-loaded, revelation scene void
    # Subtest: DIALOGUE_CURIOSITY_PEAK_SILENT fires when peak-curiosity scene has no dialogue
    ok 1 - DIALOGUE_CURIOSITY_PEAK_SILENT fires when peak-curiosity scene has no dialogue
      ---
      duration_ms: 2.042867
      type: 'test'
      ...
    # Subtest: DIALOGUE_CURIOSITY_PEAK_SILENT does NOT fire when peak-curiosity scene has dialogue
    ok 2 - DIALOGUE_CURIOSITY_PEAK_SILENT does NOT fire when peak-curiosity scene has dialogue
      ---
      duration_ms: 1.892256
      type: 'test'
      ...
    # Subtest: DIALOGUE_QUESTION_BACK_LOADED fires when second-half question rate exceeds first-half rate by 2×
    ok 3 - DIALOGUE_QUESTION_BACK_LOADED fires when second-half question rate exceeds first-half rate by 2×
      ---
      duration_ms: 1.43417
      type: 'test'
      ...
    # Subtest: DIALOGUE_QUESTION_BACK_LOADED does NOT fire when questions are evenly distributed
    ok 4 - DIALOGUE_QUESTION_BACK_LOADED does NOT fire when questions are evenly distributed
      ---
      duration_ms: 1.377253
      type: 'test'
      ...
    # Subtest: DIALOGUE_REVELATION_SCENE_VOID fires when all revelation scenes contain no dialogue
    ok 5 - DIALOGUE_REVELATION_SCENE_VOID fires when all revelation scenes contain no dialogue
      ---
      duration_ms: 1.650737
      type: 'test'
      ...
    # Subtest: DIALOGUE_REVELATION_SCENE_VOID does NOT fire when at least one revelation scene has dialogue
    ok 6 - DIALOGUE_REVELATION_SCENE_VOID does NOT fire when at least one revelation scene has dialogue
      ---
      duration_ms: 1.790052
      type: 'test'
      ...
    1..6
ok 1338 - Wave 448 — dialoguePass: curiosity peak silent, question back-loaded, revelation scene void
  ---
  duration_ms: 10.462185
  type: 'suite'
  ...
# Subtest: Wave 434 — dialoguePass: tension peak silent, climax void, hedge front-loaded
    # Subtest: DIALOGUE_TENSION_PEAK_SILENT fires when peak-suspense scene has no dialogue
    ok 1 - DIALOGUE_TENSION_PEAK_SILENT fires when peak-suspense scene has no dialogue
      ---
      duration_ms: 2.058056
      type: 'test'
      ...
    # Subtest: DIALOGUE_TENSION_PEAK_SILENT does not fire when peak-suspense scene has dialogue
    ok 2 - DIALOGUE_TENSION_PEAK_SILENT does not fire when peak-suspense scene has dialogue
      ---
      duration_ms: 3.031987
      type: 'test'
      ...
    # Subtest: DIALOGUE_CLIMAX_VOID fires when final 20% of scenes has no dialogue
    ok 3 - DIALOGUE_CLIMAX_VOID fires when final 20% of scenes has no dialogue
      ---
      duration_ms: 2.158764
      type: 'test'
      ...
    # Subtest: DIALOGUE_CLIMAX_VOID does not fire when final 20% has dialogue
    ok 4 - DIALOGUE_CLIMAX_VOID does not fire when final 20% has dialogue
      ---
      duration_ms: 2.356126
      type: 'test'
      ...
    # Subtest: DIALOGUE_HEDGE_FRONT_LOADED fires when hedges cluster in first half only
    ok 5 - DIALOGUE_HEDGE_FRONT_LOADED fires when hedges cluster in first half only
      ---
      duration_ms: 1.704455
      type: 'test'
      ...
    # Subtest: DIALOGUE_HEDGE_FRONT_LOADED does not fire when hedges appear in only 3 first-half lines
    ok 6 - DIALOGUE_HEDGE_FRONT_LOADED does not fire when hedges appear in only 3 first-half lines
      ---
      duration_ms: 1.583311
      type: 'test'
      ...
    1..6
ok 1339 - Wave 434 — dialoguePass: tension peak silent, climax void, hedge front-loaded
  ---
  duration_ms: 13.183339
  type: 'suite'
  ...
# Subtest: Wave 420 — dialoguePass: interrupt flood, excuse flood, affirmation flood
    # Subtest: DIALOGUE_INTERRUPT_FLOOD fires when >25% of lines end with "--"
    ok 1 - DIALOGUE_INTERRUPT_FLOOD fires when >25% of lines end with "--"
      ---
      duration_ms: 1.667209
      type: 'test'
      ...
    # Subtest: DIALOGUE_INTERRUPT_FLOOD does not fire when lines are complete sentences
    ok 2 - DIALOGUE_INTERRUPT_FLOOD does not fire when lines are complete sentences
      ---
      duration_ms: 1.307544
      type: 'test'
      ...
    # Subtest: DIALOGUE_EXCUSE_FLOOD fires when >25% of lines carry rationalization patterns
    ok 3 - DIALOGUE_EXCUSE_FLOOD fires when >25% of lines carry rationalization patterns
      ---
      duration_ms: 1.316821
      type: 'test'
      ...
    # Subtest: DIALOGUE_EXCUSE_FLOOD does not fire when dialogue confronts the present
    ok 4 - DIALOGUE_EXCUSE_FLOOD does not fire when dialogue confronts the present
      ---
      duration_ms: 1.206242
      type: 'test'
      ...
    # Subtest: DIALOGUE_AFFIRMATION_FLOOD fires when >25% of lines are pure bare assent
    ok 5 - DIALOGUE_AFFIRMATION_FLOOD fires when >25% of lines are pure bare assent
      ---
      duration_ms: 1.343925
      type: 'test'
      ...
    # Subtest: DIALOGUE_AFFIRMATION_FLOOD does not fire when dialogue has no affirmation flood
    ok 6 - DIALOGUE_AFFIRMATION_FLOOD does not fire when dialogue has no affirmation flood
      ---
      duration_ms: 1.289632
      type: 'test'
      ...
    1..6
ok 1340 - Wave 420 — dialoguePass: interrupt flood, excuse flood, affirmation flood
  ---
  duration_ms: 8.419277
  type: 'suite'
  ...
# Subtest: Wave 406 — dialoguePass: vague-noun flood, reported-speech flood, oath-intensifier flood
    # Subtest: DIALOGUE_VAGUE_NOUN_FLOOD fires when >30% of lines lean on indefinite placeholders
    ok 1 - DIALOGUE_VAGUE_NOUN_FLOOD fires when >30% of lines lean on indefinite placeholders
      ---
      duration_ms: 1.360976
      type: 'test'
      ...
    # Subtest: DIALOGUE_VAGUE_NOUN_FLOOD does NOT fire when dialogue names concrete objects
    ok 2 - DIALOGUE_VAGUE_NOUN_FLOOD does NOT fire when dialogue names concrete objects
      ---
      duration_ms: 1.293621
      type: 'test'
      ...
    # Subtest: DIALOGUE_REPORTED_SPEECH_FLOOD fires when >20% of lines recount what others said
    ok 3 - DIALOGUE_REPORTED_SPEECH_FLOOD fires when >20% of lines recount what others said
      ---
      duration_ms: 1.322675
      type: 'test'
      ...
    # Subtest: DIALOGUE_REPORTED_SPEECH_FLOOD does NOT fire when characters confront in the present
    ok 4 - DIALOGUE_REPORTED_SPEECH_FLOOD does NOT fire when characters confront in the present
      ---
      duration_ms: 1.201581
      type: 'test'
      ...
    # Subtest: DIALOGUE_OATH_INTENSIFIER_FLOOD fires when >20% of lines lean on a mild oath
    ok 5 - DIALOGUE_OATH_INTENSIFIER_FLOOD fires when >20% of lines lean on a mild oath
      ---
      duration_ms: 1.280446
      type: 'test'
      ...
    # Subtest: DIALOGUE_OATH_INTENSIFIER_FLOOD does NOT fire when dialogue avoids oaths
    ok 6 - DIALOGUE_OATH_INTENSIFIER_FLOOD does NOT fire when dialogue avoids oaths
      ---
      duration_ms: 1.271335
      type: 'test'
      ...
    1..6
ok 1341 - Wave 406 — dialoguePass: vague-noun flood, reported-speech flood, oath-intensifier flood
  ---
  duration_ms: 7.987797
  type: 'suite'
  ...
# Subtest: Wave 392 — dialoguePass: emotion naming, amplifier flood, time-marker flood
    # Subtest: DIALOGUE_EMOTION_NAMING fires when 3+ lines state a feeling outright
    ok 1 - DIALOGUE_EMOTION_NAMING fires when 3+ lines state a feeling outright
      ---
      duration_ms: 0.866612
      type: 'test'
      ...
    # Subtest: DIALOGUE_EMOTION_NAMING does not fire when feelings are shown not stated
    ok 2 - DIALOGUE_EMOTION_NAMING does not fire when feelings are shown not stated
      ---
      duration_ms: 0.403993
      type: 'test'
      ...
    # Subtest: DIALOGUE_AMPLIFIER_FLOOD fires when >25% of lines carry an amplifier
    ok 3 - DIALOGUE_AMPLIFIER_FLOOD fires when >25% of lines carry an amplifier
      ---
      duration_ms: 1.226487
      type: 'test'
      ...
    # Subtest: DIALOGUE_AMPLIFIER_FLOOD does not fire when dialogue avoids amplifiers
    ok 4 - DIALOGUE_AMPLIFIER_FLOOD does not fire when dialogue avoids amplifiers
      ---
      duration_ms: 0.631453
      type: 'test'
      ...
    # Subtest: DIALOGUE_TIME_MARKER_FLOOD fires when >25% of lines carry a temporal reference
    ok 5 - DIALOGUE_TIME_MARKER_FLOOD fires when >25% of lines carry a temporal reference
      ---
      duration_ms: 1.233673
      type: 'test'
      ...
    # Subtest: DIALOGUE_TIME_MARKER_FLOOD does not fire when dialogue stays in the present
    ok 6 - DIALOGUE_TIME_MARKER_FLOOD does not fire when dialogue stays in the present
      ---
      duration_ms: 0.8427
      type: 'test'
      ...
    1..6
ok 1342 - Wave 392 — dialoguePass: emotion naming, amplifier flood, time-marker flood
  ---
  duration_ms: 5.509767
  type: 'suite'
  ...
# Subtest: Wave 378 — dialoguePass: superlative flood, anaphora run, verbal-tic flood
    # Subtest: DIALOGUE_SUPERLATIVE_FLOOD fires when >25% of dialogue lines carry a superlative
    ok 1 - DIALOGUE_SUPERLATIVE_FLOOD fires when >25% of dialogue lines carry a superlative
      ---
      duration_ms: 1.100127
      type: 'test'
      ...
    # Subtest: DIALOGUE_SUPERLATIVE_FLOOD does not fire when dialogue avoids superlatives
    ok 2 - DIALOGUE_SUPERLATIVE_FLOOD does not fire when dialogue avoids superlatives
      ---
      duration_ms: 6.944882
      type: 'test'
      ...
    # Subtest: DIALOGUE_ANAPHORA_RUN fires when 3+ consecutive dialogue lines open with the same word
    ok 3 - DIALOGUE_ANAPHORA_RUN fires when 3+ consecutive dialogue lines open with the same word
      ---
      duration_ms: 0.642349
      type: 'test'
      ...
    # Subtest: DIALOGUE_ANAPHORA_RUN does not fire when consecutive lines vary their openers
    ok 4 - DIALOGUE_ANAPHORA_RUN does not fire when consecutive lines vary their openers
      ---
      duration_ms: 0.37109
      type: 'test'
      ...
    # Subtest: DIALOGUE_VERBAL_TIC_FLOOD fires when >25% of dialogue lines carry a disclaimer-intensifier
    ok 5 - DIALOGUE_VERBAL_TIC_FLOOD fires when >25% of dialogue lines carry a disclaimer-intensifier
      ---
      duration_ms: 1.013837
      type: 'test'
      ...
    # Subtest: DIALOGUE_VERBAL_TIC_FLOOD does not fire when dialogue avoids verbal-tic words
    ok 6 - DIALOGUE_VERBAL_TIC_FLOOD does not fire when dialogue avoids verbal-tic words
      ---
      duration_ms: 0.919324
      type: 'test'
      ...
    1..6
ok 1343 - Wave 378 — dialoguePass: superlative flood, anaphora run, verbal-tic flood
  ---
  duration_ms: 11.28095
  type: 'suite'
  ...
# Subtest: Wave 364 — dialoguePass: first-person saturation, passive construct flood, present-perfect flood
    # Subtest: DIALOGUE_FIRST_PERSON_SATURATION fires when >40% of lines begin with I or My
    ok 1 - DIALOGUE_FIRST_PERSON_SATURATION fires when >40% of lines begin with I or My
      ---
      duration_ms: 0.902012
      type: 'test'
      ...
    # Subtest: DIALOGUE_FIRST_PERSON_SATURATION does not fire when dialogue varies its openers
    ok 2 - DIALOGUE_FIRST_PERSON_SATURATION does not fire when dialogue varies its openers
      ---
      duration_ms: 2.240046
      type: 'test'
      ...
    # Subtest: DIALOGUE_PASSIVE_CONSTRUCT_FLOOD fires when >25% of dialogue lines use passive constructions
    ok 3 - DIALOGUE_PASSIVE_CONSTRUCT_FLOOD fires when >25% of dialogue lines use passive constructions
      ---
      duration_ms: 1.016051
      type: 'test'
      ...
    # Subtest: DIALOGUE_PASSIVE_CONSTRUCT_FLOOD does not fire when dialogue uses active voice
    ok 4 - DIALOGUE_PASSIVE_CONSTRUCT_FLOOD does not fire when dialogue uses active voice
      ---
      duration_ms: 0.77503
      type: 'test'
      ...
    # Subtest: DIALOGUE_PRESENT_PERFECT_FLOOD fires when >25% of lines use present perfect tense
    ok 5 - DIALOGUE_PRESENT_PERFECT_FLOOD fires when >25% of lines use present perfect tense
      ---
      duration_ms: 0.815865
      type: 'test'
      ...
    # Subtest: DIALOGUE_PRESENT_PERFECT_FLOOD does not fire when dialogue stays in present or simple past
    ok 6 - DIALOGUE_PRESENT_PERFECT_FLOOD does not fire when dialogue stays in present or simple past
      ---
      duration_ms: 0.817738
      type: 'test'
      ...
    1..6
ok 1344 - Wave 364 — dialoguePass: first-person saturation, passive construct flood, present-perfect flood
  ---
  duration_ms: 6.905345
  type: 'suite'
  ...
# Subtest: Wave 350 — dialoguePass: you-opener flood, thanks overuse, self-reference illeism
    # Subtest: DIALOGUE_YOU_OPENER_FLOOD fires when >30% of lines begin with "You"
    ok 1 - DIALOGUE_YOU_OPENER_FLOOD fires when >30% of lines begin with "You"
      ---
      duration_ms: 0.925678
      type: 'test'
      ...
    # Subtest: DIALOGUE_YOU_OPENER_FLOOD does not fire when "You" openers are rare
    ok 2 - DIALOGUE_YOU_OPENER_FLOOD does not fire when "You" openers are rare
      ---
      duration_ms: 0.531057
      type: 'test'
      ...
    # Subtest: DIALOGUE_THANKS_OVERUSE fires when 3+ lines are expressions of gratitude
    ok 3 - DIALOGUE_THANKS_OVERUSE fires when 3+ lines are expressions of gratitude
      ---
      duration_ms: 0.686614
      type: 'test'
      ...
    # Subtest: DIALOGUE_THANKS_OVERUSE does not fire when gratitude is rare
    ok 4 - DIALOGUE_THANKS_OVERUSE does not fire when gratitude is rare
      ---
      duration_ms: 0.367165
      type: 'test'
      ...
    # Subtest: DIALOGUE_SELF_REFERENCE fires when a character names themselves in >20% of lines
    ok 5 - DIALOGUE_SELF_REFERENCE fires when a character names themselves in >20% of lines
      ---
      duration_ms: 0.807491
      type: 'test'
      ...
    # Subtest: DIALOGUE_SELF_REFERENCE does not fire when characters speak in the first person
    ok 6 - DIALOGUE_SELF_REFERENCE does not fire when characters speak in the first person
      ---
      duration_ms: 0.891523
      type: 'test'
      ...
    1..6
ok 1345 - Wave 350 — dialoguePass: you-opener flood, thanks overuse, self-reference illeism
  ---
  duration_ms: 4.504352
  type: 'suite'
  ...
# Subtest: Wave 336 — dialoguePass: question flood, negative opener flood, mid-sentence caps flood
    # Subtest: DIALOGUE_QUESTION_FLOOD fires when >35% of lines are questions
    ok 1 - DIALOGUE_QUESTION_FLOOD fires when >35% of lines are questions
      ---
      duration_ms: 0.940755
      type: 'test'
      ...
    # Subtest: DIALOGUE_QUESTION_FLOOD does not fire when questions are a minority
    ok 2 - DIALOGUE_QUESTION_FLOOD does not fire when questions are a minority
      ---
      duration_ms: 0.787613
      type: 'test'
      ...
    # Subtest: DIALOGUE_NEGATIVE_OPENER_FLOOD fires when >30% of lines open with a negative
    ok 3 - DIALOGUE_NEGATIVE_OPENER_FLOOD fires when >30% of lines open with a negative
      ---
      duration_ms: 0.788661
      type: 'test'
      ...
    # Subtest: DIALOGUE_NEGATIVE_OPENER_FLOOD does not fire when negatives are rare
    ok 4 - DIALOGUE_NEGATIVE_OPENER_FLOOD does not fire when negatives are rare
      ---
      duration_ms: 0.823996
      type: 'test'
      ...
    # Subtest: DIALOGUE_MIDSENTENCE_CAPS_FLOOD fires when ≥4 lines shout a word mid-sentence
    ok 5 - DIALOGUE_MIDSENTENCE_CAPS_FLOOD fires when ≥4 lines shout a word mid-sentence
      ---
      duration_ms: 0.617165
      type: 'test'
      ...
    # Subtest: DIALOGUE_MIDSENTENCE_CAPS_FLOOD does not fire when caps emphasis is rare
    ok 6 - DIALOGUE_MIDSENTENCE_CAPS_FLOOD does not fire when caps emphasis is rare
      ---
      duration_ms: 0.381811
      type: 'test'
      ...
    1..6
ok 1346 - Wave 336 — dialoguePass: question flood, negative opener flood, mid-sentence caps flood
  ---
  duration_ms: 4.654046
  type: 'suite'
  ...
# Subtest: Wave 325 — dialoguePass: expletive opener overuse, absolute overuse, within-line word echo
    # Subtest: DIALOGUE_EXPLETIVE_OPENER_OVERUSE fires when >25% of lines begin with a dummy subject
    ok 1 - DIALOGUE_EXPLETIVE_OPENER_OVERUSE fires when >25% of lines begin with a dummy subject
      ---
      duration_ms: 0.861851
      type: 'test'
      ...
    # Subtest: DIALOGUE_EXPLETIVE_OPENER_OVERUSE does not fire when openers use real subjects
    ok 2 - DIALOGUE_EXPLETIVE_OPENER_OVERUSE does not fire when openers use real subjects
      ---
      duration_ms: 0.777319
      type: 'test'
      ...
    # Subtest: DIALOGUE_ABSOLUTE_OVERUSE fires when >30% of lines contain a universal term
    ok 3 - DIALOGUE_ABSOLUTE_OVERUSE fires when >30% of lines contain a universal term
      ---
      duration_ms: 0.767165
      type: 'test'
      ...
    # Subtest: DIALOGUE_ABSOLUTE_OVERUSE does not fire when absolutes are rare
    ok 4 - DIALOGUE_ABSOLUTE_OVERUSE does not fire when absolutes are rare
      ---
      duration_ms: 1.078751
      type: 'test'
      ...
    # Subtest: DIALOGUE_WITHIN_LINE_WORD_ECHO fires when 3+ lines triple a word
    ok 5 - DIALOGUE_WITHIN_LINE_WORD_ECHO fires when 3+ lines triple a word
      ---
      duration_ms: 0.662865
      type: 'test'
      ...
    # Subtest: DIALOGUE_WITHIN_LINE_WORD_ECHO does not fire without within-line tripling
    ok 6 - DIALOGUE_WITHIN_LINE_WORD_ECHO does not fire without within-line tripling
      ---
      duration_ms: 0.654238
      type: 'test'
      ...
    1..6
ok 1347 - Wave 325 — dialoguePass: expletive opener overuse, absolute overuse, within-line word echo
  ---
  duration_ms: 5.051124
  type: 'suite'
  ...
# Subtest: Wave 297 — dialoguePass: contraction starvation, apology loop, repeated line
    # Subtest: CONTRACTION_STARVATION fires when full-forms appear 5+ times with zero contractions
    ok 1 - CONTRACTION_STARVATION fires when full-forms appear 5+ times with zero contractions
      ---
      duration_ms: 1.205794
      type: 'test'
      ...
    # Subtest: CONTRACTION_STARVATION does not fire when dialogue contains contractions
    ok 2 - CONTRACTION_STARVATION does not fire when dialogue contains contractions
      ---
      duration_ms: 1.701169
      type: 'test'
      ...
    # Subtest: APOLOGY_LOOP fires when >20% of dialogue lines contain an apology
    ok 3 - APOLOGY_LOOP fires when >20% of dialogue lines contain an apology
      ---
      duration_ms: 0.882175
      type: 'test'
      ...
    # Subtest: APOLOGY_LOOP does not fire when apologies are sparse
    ok 4 - APOLOGY_LOOP does not fire when apologies are sparse
      ---
      duration_ms: 0.664232
      type: 'test'
      ...
    # Subtest: DIALOGUE_REPEATED_LINE fires when a 4+ word line is spoken verbatim 3+ times
    ok 5 - DIALOGUE_REPEATED_LINE fires when a 4+ word line is spoken verbatim 3+ times
      ---
      duration_ms: 1.255427
      type: 'test'
      ...
    # Subtest: DIALOGUE_REPEATED_LINE does not fire when no substantive line repeats 3 times
    ok 6 - DIALOGUE_REPEATED_LINE does not fire when no substantive line repeats 3 times
      ---
      duration_ms: 1.139313
      type: 'test'
      ...
    1..6
ok 1348 - Wave 297 — dialoguePass: contraction starvation, apology loop, repeated line
  ---
  duration_ms: 7.112341
  type: 'suite'
  ...
# Subtest: Wave 283 — dialoguePass: future tense flood, conditional overload, opener monotony
    # Subtest: FUTURE_TENSE_FLOOD fires when >35% of 10+ dialogue lines use future tense
    ok 1 - FUTURE_TENSE_FLOOD fires when >35% of 10+ dialogue lines use future tense
      ---
      duration_ms: 1.071436
      type: 'test'
      ...
    # Subtest: FUTURE_TENSE_FLOOD does not fire when future tense is ≤35%
    ok 2 - FUTURE_TENSE_FLOOD does not fire when future tense is ≤35%
      ---
      duration_ms: 0.641629
      type: 'test'
      ...
    # Subtest: DIALOGUE_CONDITIONAL_OVERLOAD fires when >30% of 10+ lines use conditionals
    ok 3 - DIALOGUE_CONDITIONAL_OVERLOAD fires when >30% of 10+ lines use conditionals
      ---
      duration_ms: 1.006915
      type: 'test'
      ...
    # Subtest: DIALOGUE_CONDITIONAL_OVERLOAD does not fire when conditionals are ≤30%
    ok 4 - DIALOGUE_CONDITIONAL_OVERLOAD does not fire when conditionals are ≤30%
      ---
      duration_ms: 0.611638
      type: 'test'
      ...
    # Subtest: DIALOGUE_OPENER_MONOTONY fires when single opener dominates >30% of substantive lines
    ok 5 - DIALOGUE_OPENER_MONOTONY fires when single opener dominates >30% of substantive lines
      ---
      duration_ms: 1.099216
      type: 'test'
      ...
    # Subtest: DIALOGUE_OPENER_MONOTONY does not fire when openers are varied
    ok 6 - DIALOGUE_OPENER_MONOTONY does not fire when openers are varied
      ---
      duration_ms: 1.173141
      type: 'test'
      ...
    1..6
ok 1349 - Wave 283 — dialoguePass: future tense flood, conditional overload, opener monotony
  ---
  duration_ms: 5.867602
  type: 'suite'
  ...
# Subtest: Wave 269 — dialoguePass: dialogue question cluster, agreement chain, long speech dominance
    # Subtest: DIALOGUE_QUESTION_CLUSTER fires when 3+ consecutive dialogue lines are questions
    ok 1 - DIALOGUE_QUESTION_CLUSTER fires when 3+ consecutive dialogue lines are questions
      ---
      duration_ms: 1.491017
      type: 'test'
      ...
    # Subtest: DIALOGUE_QUESTION_CLUSTER does NOT fire when questions are not consecutive
    ok 2 - DIALOGUE_QUESTION_CLUSTER does NOT fire when questions are not consecutive
      ---
      duration_ms: 1.313599
      type: 'test'
      ...
    # Subtest: DIALOGUE_AGREEMENT_CHAIN fires when 3+ consecutive lines are agreement responses
    ok 3 - DIALOGUE_AGREEMENT_CHAIN fires when 3+ consecutive lines are agreement responses
      ---
      duration_ms: 1.332479
      type: 'test'
      ...
    # Subtest: DIALOGUE_AGREEMENT_CHAIN does NOT fire when agreements are separated by other lines
    ok 4 - DIALOGUE_AGREEMENT_CHAIN does NOT fire when agreements are separated by other lines
      ---
      duration_ms: 1.14741
      type: 'test'
      ...
    # Subtest: LONG_SPEECH_DOMINANCE fires when more than 50% of dialogue lines are 15+ words
    ok 5 - LONG_SPEECH_DOMINANCE fires when more than 50% of dialogue lines are 15+ words
      ---
      duration_ms: 1.730106
      type: 'test'
      ...
    # Subtest: LONG_SPEECH_DOMINANCE does NOT fire when fewer than half of lines are long speeches
    ok 6 - LONG_SPEECH_DOMINANCE does NOT fire when fewer than half of lines are long speeches
      ---
      duration_ms: 1.227692
      type: 'test'
      ...
    1..6
ok 1350 - Wave 269 — dialoguePass: dialogue question cluster, agreement chain, long speech dominance
  ---
  duration_ms: 8.514853
  type: 'suite'
  ...
# Subtest: Wave 255 — dialoguePass: ellipsis overuse, tag-question overuse, exclamation overuse
    # Subtest: ELLIPSIS_OVERUSE fires when >35% of dialogue lines contain an ellipsis
    ok 1 - ELLIPSIS_OVERUSE fires when >35% of dialogue lines contain an ellipsis
      ---
      duration_ms: 1.297048
      type: 'test'
      ...
    # Subtest: ELLIPSIS_OVERUSE does NOT fire when few lines use ellipsis
    ok 2 - ELLIPSIS_OVERUSE does NOT fire when few lines use ellipsis
      ---
      duration_ms: 1.134898
      type: 'test'
      ...
    # Subtest: TAG_QUESTION_OVERUSE fires when >25% of dialogue lines end with a tag question
    ok 3 - TAG_QUESTION_OVERUSE fires when >25% of dialogue lines end with a tag question
      ---
      duration_ms: 1.086744
      type: 'test'
      ...
    # Subtest: TAG_QUESTION_OVERUSE does NOT fire when few lines are tag questions
    ok 4 - TAG_QUESTION_OVERUSE does NOT fire when few lines are tag questions
      ---
      duration_ms: 0.699561
      type: 'test'
      ...
    # Subtest: EXCLAMATION_OVERUSE fires when >35% of dialogue lines end with an exclamation
    ok 5 - EXCLAMATION_OVERUSE fires when >35% of dialogue lines end with an exclamation
      ---
      duration_ms: 1.149513
      type: 'test'
      ...
    # Subtest: EXCLAMATION_OVERUSE does NOT fire when few lines end with an exclamation
    ok 6 - EXCLAMATION_OVERUSE does NOT fire when few lines end with an exclamation
      ---
      duration_ms: 1.485273
      type: 'test'
      ...
    1..6
ok 1351 - Wave 255 — dialoguePass: ellipsis overuse, tag-question overuse, exclamation overuse
  ---
  duration_ms: 7.165994
  type: 'suite'
  ...
# Subtest: Wave 241 — dialoguePass: self-correction absent, speaker pair monopoly, retrospective flood
    # Subtest: DIALOGUE_SELF_CORRECTION_ABSENT fires when no dialogue line contains a self-correction marker
    ok 1 - DIALOGUE_SELF_CORRECTION_ABSENT fires when no dialogue line contains a self-correction marker
      ---
      duration_ms: 1.458313
      type: 'test'
      ...
    # Subtest: DIALOGUE_SELF_CORRECTION_ABSENT does NOT fire when at least one line has a self-correction
    ok 2 - DIALOGUE_SELF_CORRECTION_ABSENT does NOT fire when at least one line has a self-correction
      ---
      duration_ms: 1.214427
      type: 'test'
      ...
    # Subtest: SPEAKER_PAIR_MONOPOLY fires when two speakers deliver ≥85% of dialogue with ≥4 speakers present
    ok 3 - SPEAKER_PAIR_MONOPOLY fires when two speakers deliver ≥85% of dialogue with ≥4 speakers present
      ---
      duration_ms: 1.463325
      type: 'test'
      ...
    # Subtest: SPEAKER_PAIR_MONOPOLY does NOT fire when dialogue is distributed across speakers
    ok 4 - SPEAKER_PAIR_MONOPOLY does NOT fire when dialogue is distributed across speakers
      ---
      duration_ms: 1.471019
      type: 'test'
      ...
    # Subtest: DIALOGUE_RETROSPECTIVE_FLOOD fires when >55% of dialogue lines contain past-tense verbs
    ok 5 - DIALOGUE_RETROSPECTIVE_FLOOD fires when >55% of dialogue lines contain past-tense verbs
      ---
      duration_ms: 1.198446
      type: 'test'
      ...
    # Subtest: DIALOGUE_RETROSPECTIVE_FLOOD does NOT fire when dialogue is mostly present-tense
    ok 6 - DIALOGUE_RETROSPECTIVE_FLOOD does NOT fire when dialogue is mostly present-tense
      ---
      duration_ms: 1.243452
      type: 'test'
      ...
    1..6
ok 1352 - Wave 241 — dialoguePass: self-correction absent, speaker pair monopoly, retrospective flood
  ---
  duration_ms: 8.310132
  type: 'suite'
  ...
# Subtest: Wave 215 — dialoguePass: non-responsive exchange, lexical poverty, cadence monotony (conversational dynamics)
    # Subtest: NON_RESPONSIVE_EXCHANGE fires when consecutive turns share no content words
    ok 1 - NON_RESPONSIVE_EXCHANGE fires when consecutive turns share no content words
      ---
      duration_ms: 1.352617
      type: 'test'
      ...
    # Subtest: NON_RESPONSIVE_EXCHANGE does not fire when each turn engages the previous one
    ok 2 - NON_RESPONSIVE_EXCHANGE does not fire when each turn engages the previous one
      ---
      duration_ms: 1.066127
      type: 'test'
      ...
    # Subtest: DIALOGUE_LEXICAL_POVERTY fires when characters recycle a tiny vocabulary
    ok 3 - DIALOGUE_LEXICAL_POVERTY fires when characters recycle a tiny vocabulary
      ---
      duration_ms: 0.930846
      type: 'test'
      ...
    # Subtest: DIALOGUE_LEXICAL_POVERTY does not fire when the vocabulary is rich
    ok 4 - DIALOGUE_LEXICAL_POVERTY does not fire when the vocabulary is rich
      ---
      duration_ms: 4.312408
      type: 'test'
      ...
    # Subtest: CADENCE_MONOTONY fires when every line runs the same length
    ok 5 - CADENCE_MONOTONY fires when every line runs the same length
      ---
      duration_ms: 1.489578
      type: 'test'
      ...
    # Subtest: CADENCE_MONOTONY does not fire when line lengths vary widely
    ok 6 - CADENCE_MONOTONY does not fire when line lengths vary widely
      ---
      duration_ms: 1.228375
      type: 'test'
      ...
    1..6
ok 1353 - Wave 215 — dialoguePass: non-responsive exchange, lexical poverty, cadence monotony (conversational dynamics)
  ---
  duration_ms: 10.696643
  type: 'suite'
  ...
# Subtest: Wave 204 — dialoguePass: punctuation flatline, staccato overuse, pronoun-I overload
    # Subtest: dialoguePass detects PUNCTUATION_FLATLINE when >85% of lines end with period and none with "!"
    ok 1 - dialoguePass detects PUNCTUATION_FLATLINE when >85% of lines end with period and none with "!"
      ---
      duration_ms: 1.425743
      type: 'test'
      ...
    # Subtest: dialoguePass does NOT fire PUNCTUATION_FLATLINE when some lines end with "!"
    ok 2 - dialoguePass does NOT fire PUNCTUATION_FLATLINE when some lines end with "!"
      ---
      duration_ms: 1.299887
      type: 'test'
      ...
    # Subtest: dialoguePass detects DIALOGUE_STACCATO_OVERUSE when >65% of lines are five words or fewer
    ok 3 - dialoguePass detects DIALOGUE_STACCATO_OVERUSE when >65% of lines are five words or fewer
      ---
      duration_ms: 1.057192
      type: 'test'
      ...
    # Subtest: dialoguePass does NOT fire DIALOGUE_STACCATO_OVERUSE when lines are developed sentences
    ok 4 - dialoguePass does NOT fire DIALOGUE_STACCATO_OVERUSE when lines are developed sentences
      ---
      duration_ms: 1.229913
      type: 'test'
      ...
    # Subtest: dialoguePass detects PRONOUN_I_OVERLOAD when >60% of lines begin with "I"
    ok 5 - dialoguePass detects PRONOUN_I_OVERLOAD when >60% of lines begin with "I"
      ---
      duration_ms: 1.084916
      type: 'test'
      ...
    # Subtest: dialoguePass does NOT fire PRONOUN_I_OVERLOAD when openers are varied
    ok 6 - dialoguePass does NOT fire PRONOUN_I_OVERLOAD when openers are varied
      ---
      duration_ms: 0.725202
      type: 'test'
      ...
    1..6
ok 1354 - Wave 204 — dialoguePass: punctuation flatline, staccato overuse, pronoun-I overload
  ---
  duration_ms: 7.13518
  type: 'suite'
  ...
# Subtest: Wave 123 — dialoguePass: ON_THE_NOSE_RE false-positive fix + TRAIT_LABELING
    # Subtest: ON_THE_NOSE does not fire for "I feel the cold wind" (non-emotion "I feel")
    ok 1 - ON_THE_NOSE does not fire for "I feel the cold wind" (non-emotion "I feel")
      ---
      duration_ms: 0.44428
      type: 'test'
      ...
    # Subtest: ON_THE_NOSE fires correctly for "I feel so angry" when density is present (Wave 18α gate)
    ok 2 - ON_THE_NOSE fires correctly for "I feel so angry" when density is present (Wave 18α gate)
      ---
      duration_ms: 0.528999
      type: 'test'
      ...
    # Subtest: TRAIT_LABELING fires when character labels another character
    ok 3 - TRAIT_LABELING fires when character labels another character
      ---
      duration_ms: 0.509954
      type: 'test'
      ...
    1..3
ok 1355 - Wave 123 — dialoguePass: ON_THE_NOSE_RE false-positive fix + TRAIT_LABELING
  ---
  duration_ms: 1.634072
  type: 'suite'
  ...
# Subtest: Run 18-α — dialoguePass: ON_THE_NOSE lexicon/template broadening + density guard
    # Subtest: FIRE: fires on the reviewer's exact missed textbook on-the-nose lines (stressed/worried, density 2)
    ok 1 - FIRE: fires on the reviewer's exact missed textbook on-the-nose lines (stressed/worried, density 2)
      ---
      duration_ms: 0.85633
      type: 'test'
      ...
    # Subtest: FIRE: new lexicon words fire in isolation once a second on-the-nose line is present (density)
    ok 2 - FIRE: new lexicon words fire in isolation once a second on-the-nose line is present (density)
      ---
      duration_ms: 0.591969
      type: 'test'
      ...
    # Subtest: NO-FIRE (density guard): a single isolated feeling line in an otherwise normal scene does not fire
    ok 3 - NO-FIRE (density guard): a single isolated feeling line in an otherwise normal scene does not fire
      ---
      duration_ms: 0.240128
      type: 'test'
      ...
    # Subtest: NO-FIRE: "it's scary" situational template does not fire without a first-person voice on the line
    ok 4 - NO-FIRE: "it's scary" situational template does not fire without a first-person voice on the line
      ---
      duration_ms: 0.363959
      type: 'test'
      ...
    # Subtest: REGRESSION: still ignores physical, non-emotion "I feel" even with density of unrelated lines
    ok 5 - REGRESSION: still ignores physical, non-emotion "I feel" even with density of unrelated lines
      ---
      duration_ms: 0.221993
      type: 'test'
      ...
    1..5
ok 1356 - Run 18-α — dialoguePass: ON_THE_NOSE lexicon/template broadening + density guard
  ---
  duration_ms: 2.523668
  type: 'suite'
  ...
# Subtest: Run 18-α — dialoguePass: NON_RESPONSIVE_EXCHANGE responsiveness-signal guard
    # Subtest: NO-FIRE: elliptical-but-engaged exchange (reviewer's Richard/Mara scenario) no longer false-fires
    ok 1 - NO-FIRE: elliptical-but-engaged exchange (reviewer's Richard/Mara scenario) no longer false-fires
      ---
      duration_ms: 0.419131
      type: 'test'
      ...
    # Subtest: REGRESSION (FIRE): still fires on a genuinely disconnected two-monologues-past-each-other scene
    ok 2 - REGRESSION (FIRE): still fires on a genuinely disconnected two-monologues-past-each-other scene
      ---
      duration_ms: 1.036776
      type: 'test'
      ...
    # Subtest: NO-FIRE: question -> any-answer adjacency counts as engaged even without word overlap
    ok 3 - NO-FIRE: question -> any-answer adjacency counts as engaged even without word overlap
      ---
      duration_ms: 0.90823
      type: 'test'
      ...
    1..3
ok 1357 - Run 18-α — dialoguePass: NON_RESPONSIVE_EXCHANGE responsiveness-signal guard
  ---
  duration_ms: 2.50912
  type: 'suite'
  ...
# Subtest: Wave 135 — dialoguePass: Level 2 subtext analysis
    # Subtest: EMOTIONAL_SUPPRESSION fires when a speaker uses ≥60% positive vocab in a negative-shift scene
    ok 1 - EMOTIONAL_SUPPRESSION fires when a speaker uses ≥60% positive vocab in a negative-shift scene
      ---
      duration_ms: 1.574012
      type: 'test'
      ...
    # Subtest: EMOTIONAL_SUPPRESSION does NOT fire when speaker has fewer than 3 lines
    ok 2 - EMOTIONAL_SUPPRESSION does NOT fire when speaker has fewer than 3 lines
      ---
      duration_ms: 0.325356
      type: 'test'
      ...
    # Subtest: POWER_SILENCE fires when one speaker > 70% of lines in a large-relationship-shift scene
    ok 3 - POWER_SILENCE fires when one speaker > 70% of lines in a large-relationship-shift scene
      ---
      duration_ms: 0.686327
      type: 'test'
      ...
    # Subtest: QUESTION_DODGE fires when a direct question is followed by an unrelated response
    ok 4 - QUESTION_DODGE fires when a direct question is followed by an unrelated response
      ---
      duration_ms: 0.577
      type: 'test'
      ...
    # Subtest: QUESTION_DODGE does NOT fire when the response addresses the question
    ok 5 - QUESTION_DODGE does NOT fire when the response addresses the question
      ---
      duration_ms: 0.563485
      type: 'test'
      ...
    # Subtest: DENIAL_INVERSION fires when a strong negative is immediately followed by a forced positive
    ok 6 - DENIAL_INVERSION fires when a strong negative is immediately followed by a forced positive
      ---
      duration_ms: 0.597977
      type: 'test'
      ...
    # Subtest: passes clean dialogue with none of the Level 2 rules
    ok 7 - passes clean dialogue with none of the Level 2 rules
      ---
      duration_ms: 0.290129
      type: 'test'
      ...
    1..7
ok 1358 - Wave 135 — dialoguePass: Level 2 subtext analysis
  ---
  duration_ms: 4.896537
  type: 'suite'
  ...
# {"time":"2026-08-05T02:28:50.659Z","level":"warn","msg":"collab_secret_generated","message":"COLLAB_SECRET not set — generated an ephemeral per-process secret. Set COLLAB_SECRET in any multi-process or restart-prone deployment."}
# {"time":"2026-08-05T02:28:50.724Z","level":"warn","msg":"revision_rewrite_failed","passName":"intention","message":"Gemini provider not available (GEMINI_API_KEY not set)"}
# {"time":"2026-08-05T02:28:50.729Z","level":"warn","msg":"revision_rewrite_failed","passName":"intention","message":"Gemini provider not available (GEMINI_API_KEY not set)"}
# {"time":"2026-08-05T02:28:50.734Z","level":"warn","msg":"revision_rewrite_failed","passName":"intention","message":"Gemini provider not available (GEMINI_API_KEY not set)"}
# {"time":"2026-08-05T02:28:50.736Z","level":"warn","msg":"revision_rewrite_failed","passName":"intention","message":"Gemini provider not available (GEMINI_API_KEY not set)"}
# {"time":"2026-08-05T02:28:50.745Z","level":"warn","msg":"revision_rewrite_failed","passName":"intention","message":"Gemini provider not available (GEMINI_API_KEY not set)"}
# {"time":"2026-08-05T02:28:50.746Z","level":"warn","msg":"revision_rewrite_failed","passName":"intention","message":"Gemini provider not available (GEMINI_API_KEY not set)"}
# {"time":"2026-08-05T02:28:50.748Z","level":"warn","msg":"revision_rewrite_failed","passName":"intention","message":"Gemini provider not available (GEMINI_API_KEY not set)"}
# {"time":"2026-08-05T02:28:50.751Z","level":"warn","msg":"revision_rewrite_failed","passName":"intention","message":"Gemini provider not available (GEMINI_API_KEY not set)"}
# {"time":"2026-08-05T02:28:50.753Z","level":"warn","msg":"revision_rewrite_failed","passName":"intention","message":"Gemini provider not available (GEMINI_API_KEY not set)"}
# {"time":"2026-08-05T02:28:50.755Z","level":"warn","msg":"revision_rewrite_failed","passName":"intention","message":"Gemini provider not available (GEMINI_API_KEY not set)"}
# {"time":"2026-08-05T02:28:50.756Z","level":"warn","msg":"revision_rewrite_failed","passName":"intention","message":"Gemini provider not available (GEMINI_API_KEY not set)"}
# {"time":"2026-08-05T02:28:50.761Z","level":"warn","msg":"revision_rewrite_failed","passName":"intention","message":"Gemini provider not available (GEMINI_API_KEY not set)"}
# {"time":"2026-08-05T02:28:50.763Z","level":"warn","msg":"revision_rewrite_failed","passName":"intention","message":"Gemini provider not available (GEMINI_API_KEY not set)"}
# {"time":"2026-08-05T02:28:50.765Z","level":"warn","msg":"revision_rewrite_failed","passName":"intention","message":"Gemini provider not available (GEMINI_API_KEY not set)"}
# {"time":"2026-08-05T02:28:50.767Z","level":"warn","msg":"revision_rewrite_failed","passName":"intention","message":"Gemini provider not available (GEMINI_API_KEY not set)"}
# {"time":"2026-08-05T02:28:50.772Z","level":"warn","msg":"revision_rewrite_failed","passName":"intention","message":"Gemini provider not available (GEMINI_API_KEY not set)"}
# {"time":"2026-08-05T02:28:50.777Z","level":"warn","msg":"revision_rewrite_failed","passName":"intention","message":"Gemini provider not available (GEMINI_API_KEY not set)"}
# {"time":"2026-08-05T02:28:50.779Z","level":"warn","msg":"revision_rewrite_failed","passName":"intention","message":"Gemini provider not available (GEMINI_API_KEY not set)"}
# {"time":"2026-08-05T02:28:50.788Z","level":"warn","msg":"revision_rewrite_failed","passName":"intention","message":"Gemini provider not available (GEMINI_API_KEY not set)"}
# {"time":"2026-08-05T02:28:50.791Z","level":"warn","msg":"revision_rewrite_failed","passName":"intention","message":"Gemini provider not available (GEMINI_API_KEY not set)"}
# {"time":"2026-08-05T02:28:50.805Z","level":"warn","msg":"revision_rewrite_failed","passName":"intention","message":"Gemini provider not available (GEMINI_API_KEY not set)"}
# {"time":"2026-08-05T02:28:50.811Z","level":"warn","msg":"revision_rewrite_failed","passName":"intention","message":"Gemini provider not available (GEMINI_API_KEY not set)"}
# {"time":"2026-08-05T02:28:50.813Z","level":"warn","msg":"revision_rewrite_failed","passName":"intention","message":"Gemini provider not available (GEMINI_API_KEY not set)"}
# {"time":"2026-08-05T02:28:50.815Z","level":"warn","msg":"revision_rewrite_failed","passName":"intention","message":"Gemini provider not available (GEMINI_API_KEY not set)"}
# {"time":"2026-08-05T02:28:50.817Z","level":"warn","msg":"revision_rewrite_failed","passName":"intention","message":"Gemini provider not available (GEMINI_API_KEY not set)"}
# {"time":"2026-08-05T02:28:50.819Z","level":"warn","msg":"revision_rewrite_failed","passName":"intention","message":"Gemini provider not available (GEMINI_API_KEY not set)"}
# {"time":"2026-08-05T02:28:50.820Z","level":"warn","msg":"revision_rewrite_failed","passName":"intention","message":"Gemini provider not available (GEMINI_API_KEY not set)"}
# {"time":"2026-08-05T02:28:50.822Z","level":"warn","msg":"revision_rewrite_failed","passName":"intention","message":"Gemini provider not available (GEMINI_API_KEY not set)"}
# {"time":"2026-08-05T02:28:50.825Z","level":"warn","msg":"revision_rewrite_failed","passName":"intention","message":"Gemini provider not available (GEMINI_API_KEY not set)"}
# {"time":"2026-08-05T02:28:50.827Z","level":"warn","msg":"revision_rewrite_failed","passName":"intention","message":"Gemini provider not available (GEMINI_API_KEY not set)"}
# {"time":"2026-08-05T02:28:50.829Z","level":"warn","msg":"revision_rewrite_failed","passName":"intention","message":"Gemini provider not available (GEMINI_API_KEY not set)"}
# {"time":"2026-08-05T02:28:50.830Z","level":"warn","msg":"revision_rewrite_failed","passName":"intention","message":"Gemini provider not available (GEMINI_API_KEY not set)"}
# {"time":"2026-08-05T02:28:50.831Z","level":"warn","msg":"revision_rewrite_failed","passName":"intention","message":"Gemini provider not available (GEMINI_API_KEY not set)"}
# {"time":"2026-08-05T02:28:50.832Z","level":"warn","msg":"revision_rewrite_failed","passName":"intention","message":"Gemini provider not available (GEMINI_API_KEY not set)"}
# {"time":"2026-08-05T02:28:50.833Z","level":"warn","msg":"revision_rewrite_failed","passName":"intention","message":"Gemini provider not available (GEMINI_API_KEY not set)"}
# {"time":"2026-08-05T02:28:50.836Z","level":"warn","msg":"revision_rewrite_failed","passName":"intention","message":"Gemini provider not available (GEMINI_API_KEY not set)"}
# {"time":"2026-08-05T02:28:50.837Z","level":"warn","msg":"revision_rewrite_failed","passName":"intention","message":"Gemini provider not available (GEMINI_API_KEY not set)"}
# {"time":"2026-08-05T02:28:50.839Z","level":"warn","msg":"revision_rewrite_failed","passName":"intention","message":"Gemini provider not available (GEMINI_API_KEY not set)"}
# {"time":"2026-08-05T02:28:50.843Z","level":"warn","msg":"revision_rewrite_failed","passName":"intention","message":"Gemini provider not available (GEMINI_API_KEY not set)"}
# {"time":"2026-08-05T02:28:50.845Z","level":"warn","msg":"revision_rewrite_failed","passName":"intention","message":"Gemini provider not available (GEMINI_API_KEY not set)"}
# {"time":"2026-08-05T02:28:50.846Z","level":"warn","msg":"revision_rewrite_failed","passName":"intention","message":"Gemini provider not available (GEMINI_API_KEY not set)"}
# {"time":"2026-08-05T02:28:50.847Z","level":"warn","msg":"revision_rewrite_failed","passName":"intention","message":"Gemini provider not available (GEMINI_API_KEY not set)"}
# {"time":"2026-08-05T02:28:50.848Z","level":"warn","msg":"revision_rewrite_failed","passName":"intention","message":"Gemini provider not available (GEMINI_API_KEY not set)"}
# {"time":"2026-08-05T02:28:50.852Z","level":"warn","msg":"revision_rewrite_failed","passName":"intention","message":"Gemini provider not available (GEMINI_API_KEY not set)"}
# {"time":"2026-08-05T02:28:50.852Z","level":"warn","msg":"revision_rewrite_failed","passName":"intention","message":"Gemini provider not available (GEMINI_API_KEY not set)"}
# {"time":"2026-08-05T02:28:50.854Z","level":"warn","msg":"revision_rewrite_failed","passName":"intention","message":"Gemini provider not available (GEMINI_API_KEY not set)"}
# {"time":"2026-08-05T02:28:50.855Z","level":"warn","msg":"revision_rewrite_failed","passName":"intention","message":"Gemini provider not available (GEMINI_API_KEY not set)"}
# {"time":"2026-08-05T02:28:50.856Z","level":"warn","msg":"revision_rewrite_failed","passName":"intention","message":"Gemini provider not available (GEMINI_API_KEY not set)"}
# {"time":"2026-08-05T02:28:50.857Z","level":"warn","msg":"revision_rewrite_failed","passName":"intention","message":"Gemini provider not available (GEMINI_API_KEY not set)"}
# {"time":"2026-08-05T02:28:50.857Z","level":"warn","msg":"revision_rewrite_failed","passName":"intention","message":"Gemini provider not available (GEMINI_API_KEY not set)"}
# {"time":"2026-08-05T02:28:50.858Z","level":"warn","msg":"revision_rewrite_failed","passName":"intention","message":"Gemini provider not available (GEMINI_API_KEY not set)"}
# {"time":"2026-08-05T02:28:50.860Z","level":"warn","msg":"revision_rewrite_failed","passName":"intention","message":"Gemini provider not available (GEMINI_API_KEY not set)"}
# {"time":"2026-08-05T02:28:50.861Z","level":"warn","msg":"revision_rewrite_failed","passName":"intention","message":"Gemini provider not available (GEMINI_API_KEY not set)"}
# {"time":"2026-08-05T02:28:50.862Z","level":"warn","msg":"revision_rewrite_failed","passName":"intention","message":"Gemini provider not available (GEMINI_API_KEY not set)"}
# {"time":"2026-08-05T02:28:50.863Z","level":"warn","msg":"revision_rewrite_failed","passName":"intention","message":"Gemini provider not available (GEMINI_API_KEY not set)"}
# {"time":"2026-08-05T02:28:50.864Z","level":"warn","msg":"revision_rewrite_failed","passName":"intention","message":"Gemini provider not available (GEMINI_API_KEY not set)"}
# {"time":"2026-08-05T02:28:50.865Z","level":"warn","msg":"revision_rewrite_failed","passName":"intention","message":"Gemini provider not available (GEMINI_API_KEY not set)"}
# {"time":"2026-08-05T02:28:50.868Z","level":"warn","msg":"revision_rewrite_failed","passName":"intention","message":"Gemini provider not available (GEMINI_API_KEY not set)"}
# {"time":"2026-08-05T02:28:50.869Z","level":"warn","msg":"revision_rewrite_failed","passName":"intention","message":"Gemini provider not available (GEMINI_API_KEY not set)"}
# {"time":"2026-08-05T02:28:50.870Z","level":"warn","msg":"revision_rewrite_failed","passName":"intention","message":"Gemini provider not available (GEMINI_API_KEY not set)"}
# {"time":"2026-08-05T02:28:50.872Z","level":"warn","msg":"revision_rewrite_failed","passName":"intention","message":"Gemini provider not available (GEMINI_API_KEY not set)"}
# {"time":"2026-08-05T02:28:50.873Z","level":"warn","msg":"revision_rewrite_failed","passName":"intention","message":"Gemini provider not available (GEMINI_API_KEY not set)"}
# {"time":"2026-08-05T02:28:50.874Z","level":"warn","msg":"revision_rewrite_failed","passName":"intention","message":"Gemini provider not available (GEMINI_API_KEY not set)"}
# {"time":"2026-08-05T02:28:50.876Z","level":"warn","msg":"revision_rewrite_failed","passName":"intention","message":"Gemini provider not available (GEMINI_API_KEY not set)"}
# {"time":"2026-08-05T02:28:50.878Z","level":"warn","msg":"revision_rewrite_failed","passName":"intention","message":"Gemini provider not available (GEMINI_API_KEY not set)"}
# {"time":"2026-08-05T02:28:50.879Z","level":"warn","msg":"revision_rewrite_failed","passName":"intention","message":"Gemini provider not available (GEMINI_API_KEY not set)"}
# {"time":"2026-08-05T02:28:50.880Z","level":"warn","msg":"revision_rewrite_failed","passName":"intention","message":"Gemini provider not available (GEMINI_API_KEY not set)"}
# {"time":"2026-08-05T02:28:50.881Z","level":"warn","msg":"revision_rewrite_failed","passName":"intention","message":"Gemini provider not available (GEMINI_API_KEY not set)"}
# {"time":"2026-08-05T02:28:50.883Z","level":"warn","msg":"revision_rewrite_failed","passName":"intention","message":"Gemini provider not available (GEMINI_API_KEY not set)"}
# {"time":"2026-08-05T02:28:50.884Z","level":"warn","msg":"revision_rewrite_failed","passName":"intention","message":"Gemini provider not available (GEMINI_API_KEY not set)"}
# {"time":"2026-08-05T02:28:50.885Z","level":"warn","msg":"revision_rewrite_failed","passName":"intention","message":"Gemini provider not available (GEMINI_API_KEY not set)"}
# {"time":"2026-08-05T02:28:50.894Z","level":"warn","msg":"revision_rewrite_failed","passName":"intention","message":"Gemini provider not available (GEMINI_API_KEY not set)"}
# {"time":"2026-08-05T02:28:50.895Z","level":"warn","msg":"revision_rewrite_failed","passName":"intention","message":"Gemini provider not available (GEMINI_API_KEY not set)"}
# {"time":"2026-08-05T02:28:50.897Z","level":"warn","msg":"revision_rewrite_failed","passName":"intention","message":"Gemini provider not available (GEMINI_API_KEY not set)"}
# {"time":"2026-08-05T02:28:50.898Z","level":"warn","msg":"revision_rewrite_failed","passName":"intention","message":"Gemini provider not available (GEMINI_API_KEY not set)"}
# {"time":"2026-08-05T02:28:50.899Z","level":"warn","msg":"revision_rewrite_failed","passName":"intention","message":"Gemini provider not available (GEMINI_API_KEY not set)"}
# {"time":"2026-08-05T02:28:50.900Z","level":"warn","msg":"revision_rewrite_failed","passName":"intention","message":"Gemini provider not available (GEMINI_API_KEY not set)"}
# {"time":"2026-08-05T02:28:50.901Z","level":"warn","msg":"revision_rewrite_failed","passName":"intention","message":"Gemini provider not available (GEMINI_API_KEY not set)"}
# {"time":"2026-08-05T02:28:50.903Z","level":"warn","msg":"revision_rewrite_failed","passName":"intention","message":"Gemini provider not available (GEMINI_API_KEY not set)"}
# {"time":"2026-08-05T02:28:50.904Z","level":"warn","msg":"revision_rewrite_failed","passName":"intention","message":"Gemini provider not available (GEMINI_API_KEY not set)"}
# {"time":"2026-08-05T02:28:50.905Z","level":"warn","msg":"revision_rewrite_failed","passName":"intention","message":"Gemini provider not available (GEMINI_API_KEY not set)"}
# {"time":"2026-08-05T02:28:50.906Z","level":"warn","msg":"revision_rewrite_failed","passName":"intention","message":"Gemini provider not available (GEMINI_API_KEY not set)"}
# {"time":"2026-08-05T02:28:50.907Z","level":"warn","msg":"revision_rewrite_failed","passName":"intention","message":"Gemini provider not available (GEMINI_API_KEY not set)"}
# {"time":"2026-08-05T02:28:50.909Z","level":"warn","msg":"revision_rewrite_failed","passName":"intention","message":"Gemini provider not available (GEMINI_API_KEY not set)"}
# {"time":"2026-08-05T02:28:50.910Z","level":"warn","msg":"revision_rewrite_failed","passName":"intention","message":"Gemini provider not available (GEMINI_API_KEY not set)"}
# {"time":"2026-08-05T02:28:50.911Z","level":"warn","msg":"revision_rewrite_failed","passName":"intention","message":"Gemini provider not available (GEMINI_API_KEY not set)"}
# {"time":"2026-08-05T02:28:50.913Z","level":"warn","msg":"revision_rewrite_failed","passName":"intention","message":"Gemini provider not available (GEMINI_API_KEY not set)"}
# {"time":"2026-08-05T02:28:50.914Z","level":"warn","msg":"revision_rewrite_failed","passName":"intention","message":"Gemini provider not available (GEMINI_API_KEY not set)"}
# {"time":"2026-08-05T02:28:50.915Z","level":"warn","msg":"revision_rewrite_failed","passName":"intention","message":"Gemini provider not available (GEMINI_API_KEY not set)"}
# {"time":"2026-08-05T02:28:50.917Z","level":"warn","msg":"revision_rewrite_failed","passName":"intention","message":"Gemini provider not available (GEMINI_API_KEY not set)"}
# {"time":"2026-08-05T02:28:50.918Z","level":"warn","msg":"revision_rewrite_failed","passName":"intention","message":"Gemini provider not available (GEMINI_API_KEY not set)"}
# {"time":"2026-08-05T02:28:50.919Z","level":"warn","msg":"revision_rewrite_failed","passName":"intention","message":"Gemini provider not available (GEMINI_API_KEY not set)"}
# {"time":"2026-08-05T02:28:50.920Z","level":"warn","msg":"revision_rewrite_failed","passName":"intention","message":"Gemini provider not available (GEMINI_API_KEY not set)"}
# {"time":"2026-08-05T02:28:50.921Z","level":"warn","msg":"revision_rewrite_failed","passName":"intention","message":"Gemini provider not available (GEMINI_API_KEY not set)"}
# {"time":"2026-08-05T02:28:50.923Z","level":"warn","msg":"revision_rewrite_failed","passName":"intention","message":"Gemini provider not available (GEMINI_API_KEY not set)"}
# {"time":"2026-08-05T02:28:50.924Z","level":"warn","msg":"revision_rewrite_failed","passName":"intention","message":"Gemini provider not available (GEMINI_API_KEY not set)"}
# {"time":"2026-08-05T02:28:50.925Z","level":"warn","msg":"revision_rewrite_failed","passName":"intention","message":"Gemini provider not available (GEMINI_API_KEY not set)"}
# {"time":"2026-08-05T02:28:50.926Z","level":"warn","msg":"revision_rewrite_failed","passName":"intention","message":"Gemini provider not available (GEMINI_API_KEY not set)"}
# {"time":"2026-08-05T02:28:50.927Z","level":"warn","msg":"revision_rewrite_failed","passName":"intention","message":"Gemini provider not available (GEMINI_API_KEY not set)"}
# {"time":"2026-08-05T02:28:50.928Z","level":"warn","msg":"revision_rewrite_failed","passName":"intention","message":"Gemini provider not available (GEMINI_API_KEY not set)"}
# {"time":"2026-08-05T02:28:50.929Z","level":"warn","msg":"revision_rewrite_failed","passName":"intention","message":"Gemini provider not available (GEMINI_API_KEY not set)"}
# {"time":"2026-08-05T02:28:50.930Z","level":"warn","msg":"revision_rewrite_failed","passName":"intention","message":"Gemini provider not available (GEMINI_API_KEY not set)"}
# {"time":"2026-08-05T02:28:50.932Z","level":"warn","msg":"revision_rewrite_failed","passName":"intention","message":"Gemini provider not available (GEMINI_API_KEY not set)"}
# {"time":"2026-08-05T02:28:50.933Z","level":"warn","msg":"revision_rewrite_failed","passName":"intention","message":"Gemini provider not available (GEMINI_API_KEY not set)"}
# {"time":"2026-08-05T02:28:50.934Z","level":"warn","msg":"revision_rewrite_failed","passName":"intention","message":"Gemini provider not available (GEMINI_API_KEY not set)"}
# {"time":"2026-08-05T02:28:50.935Z","level":"warn","msg":"revision_rewrite_failed","passName":"intention","message":"Gemini provider not available (GEMINI_API_KEY not set)"}
# {"time":"2026-08-05T02:28:50.936Z","level":"warn","msg":"revision_rewrite_failed","passName":"intention","message":"Gemini provider not available (GEMINI_API_KEY not set)"}
# {"time":"2026-08-05T02:28:50.937Z","level":"warn","msg":"revision_rewrite_failed","passName":"intention","message":"Gemini provider not available (GEMINI_API_KEY not set)"}
# {"time":"2026-08-05T02:28:50.939Z","level":"warn","msg":"revision_rewrite_failed","passName":"intention","message":"Gemini provider not available (GEMINI_API_KEY not set)"}
# {"time":"2026-08-05T02:28:50.940Z","level":"warn","msg":"revision_rewrite_failed","passName":"intention","message":"Gemini provider not available (GEMINI_API_KEY not set)"}
# {"time":"2026-08-05T02:28:50.941Z","level":"warn","msg":"revision_rewrite_failed","passName":"intention","message":"Gemini provider not available (GEMINI_API_KEY not set)"}
# {"time":"2026-08-05T02:28:50.942Z","level":"warn","msg":"revision_rewrite_failed","passName":"intention","message":"Gemini provider not available (GEMINI_API_KEY not set)"}
# {"time":"2026-08-05T02:28:50.943Z","level":"warn","msg":"revision_rewrite_failed","passName":"intention","message":"Gemini provider not available (GEMINI_API_KEY not set)"}
# {"time":"2026-08-05T02:28:50.944Z","level":"warn","msg":"revision_rewrite_failed","passName":"intention","message":"Gemini provider not available (GEMINI_API_KEY not set)"}
# {"time":"2026-08-05T02:28:50.946Z","level":"warn","msg":"revision_rewrite_failed","passName":"intention","message":"Gemini provider not available (GEMINI_API_KEY not set)"}
# {"time":"2026-08-05T02:28:50.947Z","level":"warn","msg":"revision_rewrite_failed","passName":"intention","message":"Gemini provider not available (GEMINI_API_KEY not set)"}
# {"time":"2026-08-05T02:28:50.948Z","level":"warn","msg":"revision_rewrite_failed","passName":"intention","message":"Gemini provider not available (GEMINI_API_KEY not set)"}
# {"time":"2026-08-05T02:28:50.949Z","level":"warn","msg":"revision_rewrite_failed","passName":"intention","message":"Gemini provider not available (GEMINI_API_KEY not set)"}
# {"time":"2026-08-05T02:28:50.953Z","level":"warn","msg":"revision_rewrite_failed","passName":"intention","message":"Gemini provider not available (GEMINI_API_KEY not set)"}
# {"time":"2026-08-05T02:28:50.954Z","level":"warn","msg":"revision_rewrite_failed","passName":"intention","message":"Gemini provider not available (GEMINI_API_KEY not set)"}
# {"time":"2026-08-05T02:28:50.955Z","level":"warn","msg":"revision_rewrite_failed","passName":"intention","message":"Gemini provider not available (GEMINI_API_KEY not set)"}
# {"time":"2026-08-05T02:28:50.956Z","level":"warn","msg":"revision_rewrite_failed","passName":"intention","message":"Gemini provider not available (GEMINI_API_KEY not set)"}
# {"time":"2026-08-05T02:28:50.958Z","level":"warn","msg":"revision_rewrite_failed","passName":"intention","message":"Gemini provider not available (GEMINI_API_KEY not set)"}
# {"time":"2026-08-05T02:28:50.959Z","level":"warn","msg":"revision_rewrite_failed","passName":"intention","message":"Gemini provider not available (GEMINI_API_KEY not set)"}
# {"time":"2026-08-05T02:28:50.961Z","level":"warn","msg":"revision_rewrite_failed","passName":"intention","message":"Gemini provider not available (GEMINI_API_KEY not set)"}
# {"time":"2026-08-05T02:28:50.962Z","level":"warn","msg":"revision_rewrite_failed","passName":"intention","message":"Gemini provider not available (GEMINI_API_KEY not set)"}
# {"time":"2026-08-05T02:28:50.963Z","level":"warn","msg":"revision_rewrite_failed","passName":"intention","message":"Gemini provider not available (GEMINI_API_KEY not set)"}
# {"time":"2026-08-05T02:28:50.965Z","level":"warn","msg":"revision_rewrite_failed","passName":"intention","message":"Gemini provider not available (GEMINI_API_KEY not set)"}
# {"time":"2026-08-05T02:28:50.966Z","level":"warn","msg":"revision_rewrite_failed","passName":"intention","message":"Gemini provider not available (GEMINI_API_KEY not set)"}
# {"time":"2026-08-05T02:28:50.968Z","level":"warn","msg":"revision_rewrite_failed","passName":"intention","message":"Gemini provider not available (GEMINI_API_KEY not set)"}
# {"time":"2026-08-05T02:28:50.970Z","level":"warn","msg":"revision_rewrite_failed","passName":"intention","message":"Gemini provider not available (GEMINI_API_KEY not set)"}
# {"time":"2026-08-05T02:28:50.971Z","level":"warn","msg":"revision_rewrite_failed","passName":"intention","message":"Gemini provider not available (GEMINI_API_KEY not set)"}
# {"time":"2026-08-05T02:28:50.973Z","level":"warn","msg":"revision_rewrite_failed","passName":"intention","message":"Gemini provider not available (GEMINI_API_KEY not set)"}
# {"time":"2026-08-05T02:28:50.980Z","level":"warn","msg":"revision_rewrite_failed","passName":"intention","message":"Gemini provider not available (GEMINI_API_KEY not set)"}
# {"time":"2026-08-05T02:28:50.982Z","level":"warn","msg":"revision_rewrite_failed","passName":"intention","message":"Gemini provider not available (GEMINI_API_KEY not set)"}
# {"time":"2026-08-05T02:28:50.983Z","level":"warn","msg":"revision_rewrite_failed","passName":"intention","message":"Gemini provider not available (GEMINI_API_KEY not set)"}
# {"time":"2026-08-05T02:28:50.989Z","level":"warn","msg":"revision_rewrite_failed","passName":"intention","message":"Gemini provider not available (GEMINI_API_KEY not set)"}
# {"time":"2026-08-05T02:28:50.991Z","level":"warn","msg":"revision_rewrite_failed","passName":"intention","message":"Gemini provider not available (GEMINI_API_KEY not set)"}
# {"time":"2026-08-05T02:28:50.998Z","level":"warn","msg":"revision_rewrite_failed","passName":"intention","message":"Gemini provider not available (GEMINI_API_KEY not set)"}
# {"time":"2026-08-05T02:28:50.999Z","level":"warn","msg":"revision_rewrite_failed","passName":"intention","message":"Gemini provider not available (GEMINI_API_KEY not set)"}
# {"time":"2026-08-05T02:28:51.000Z","level":"warn","msg":"revision_rewrite_failed","passName":"intention","message":"Gemini provider not available (GEMINI_API_KEY not set)"}
# {"time":"2026-08-05T02:28:51.002Z","level":"warn","msg":"revision_rewrite_failed","passName":"intention","message":"Gemini provider not available (GEMINI_API_KEY not set)"}
# {"time":"2026-08-05T02:28:51.003Z","level":"warn","msg":"revision_rewrite_failed","passName":"intention","message":"Gemini provider not available (GEMINI_API_KEY not set)"}
# {"time":"2026-08-05T02:28:51.004Z","level":"warn","msg":"revision_rewrite_failed","passName":"intention","message":"Gemini provider not available (GEMINI_API_KEY not set)"}
# {"time":"2026-08-05T02:28:51.005Z","level":"warn","msg":"revision_rewrite_failed","passName":"intention","message":"Gemini provider not available (GEMINI_API_KEY not set)"}
# {"time":"2026-08-05T02:28:51.006Z","level":"warn","msg":"revision_rewrite_failed","passName":"intention","message":"Gemini provider not available (GEMINI_API_KEY not set)"}
# {"time":"2026-08-05T02:28:51.007Z","level":"warn","msg":"revision_rewrite_failed","passName":"intention","message":"Gemini provider not available (GEMINI_API_KEY not set)"}
# {"time":"2026-08-05T02:28:51.008Z","level":"warn","msg":"revision_rewrite_failed","passName":"intention","message":"Gemini provider not available (GEMINI_API_KEY not set)"}
# {"time":"2026-08-05T02:28:51.009Z","level":"warn","msg":"revision_rewrite_failed","passName":"intention","message":"Gemini provider not available (GEMINI_API_KEY not set)"}
# {"time":"2026-08-05T02:28:51.010Z","level":"warn","msg":"revision_rewrite_failed","passName":"intention","message":"Gemini provider not available (GEMINI_API_KEY not set)"}
# {"time":"2026-08-05T02:28:51.011Z","level":"warn","msg":"revision_rewrite_failed","passName":"intention","message":"Gemini provider not available (GEMINI_API_KEY not set)"}
# {"time":"2026-08-05T02:28:51.013Z","level":"warn","msg":"revision_rewrite_failed","passName":"intention","message":"Gemini provider not available (GEMINI_API_KEY not set)"}
# {"time":"2026-08-05T02:28:51.014Z","level":"warn","msg":"revision_rewrite_failed","passName":"intention","message":"Gemini provider not available (GEMINI_API_KEY not set)"}
# {"time":"2026-08-05T02:28:51.015Z","level":"warn","msg":"revision_rewrite_failed","passName":"intention","message":"Gemini provider not available (GEMINI_API_KEY not set)"}
# {"time":"2026-08-05T02:28:51.016Z","level":"warn","msg":"revision_rewrite_failed","passName":"intention","message":"Gemini provider not available (GEMINI_API_KEY not set)"}
# {"time":"2026-08-05T02:28:51.018Z","level":"warn","msg":"revision_rewrite_failed","passName":"intention","message":"Gemini provider not available (GEMINI_API_KEY not set)"}
# {"time":"2026-08-05T02:28:51.019Z","level":"warn","msg":"revision_rewrite_failed","passName":"intention","message":"Gemini provider not available (GEMINI_API_KEY not set)"}
# {"time":"2026-08-05T02:28:51.020Z","level":"warn","msg":"revision_rewrite_failed","passName":"intention","message":"Gemini provider not available (GEMINI_API_KEY not set)"}
# {"time":"2026-08-05T02:28:51.021Z","level":"warn","msg":"revision_rewrite_failed","passName":"intention","message":"Gemini provider not available (GEMINI_API_KEY not set)"}
# {"time":"2026-08-05T02:28:51.022Z","level":"warn","msg":"revision_rewrite_failed","passName":"intention","message":"Gemini provider not available (GEMINI_API_KEY not set)"}
# {"time":"2026-08-05T02:28:51.023Z","level":"warn","msg":"revision_rewrite_failed","passName":"intention","message":"Gemini provider not available (GEMINI_API_KEY not set)"}
# {"time":"2026-08-05T02:28:51.024Z","level":"warn","msg":"revision_rewrite_failed","passName":"intention","message":"Gemini provider not available (GEMINI_API_KEY not set)"}
# {"time":"2026-08-05T02:28:51.025Z","level":"warn","msg":"revision_rewrite_failed","passName":"intention","message":"Gemini provider not available (GEMINI_API_KEY not set)"}
# {"time":"2026-08-05T02:28:51.027Z","level":"warn","msg":"revision_rewrite_failed","passName":"intention","message":"Gemini provider not available (GEMINI_API_KEY not set)"}
# {"time":"2026-08-05T02:28:51.028Z","level":"warn","msg":"revision_rewrite_failed","passName":"intention","message":"Gemini provider not available (GEMINI_API_KEY not set)"}
# {"time":"2026-08-05T02:28:51.029Z","level":"warn","msg":"revision_rewrite_failed","passName":"intention","message":"Gemini provider not available (GEMINI_API_KEY not set)"}
# {"time":"2026-08-05T02:28:51.030Z","level":"warn","msg":"revision_rewrite_failed","passName":"intention","message":"Gemini provider not available (GEMINI_API_KEY not set)"}
# {"time":"2026-08-05T02:28:51.031Z","level":"warn","msg":"revision_rewrite_failed","passName":"intention","message":"Gemini provider not available (GEMINI_API_KEY not set)"}
# {"time":"2026-08-05T02:28:51.032Z","level":"warn","msg":"revision_rewrite_failed","passName":"intention","message":"Gemini provider not available (GEMINI_API_KEY not set)"}
# {"time":"2026-08-05T02:28:51.033Z","level":"warn","msg":"revision_rewrite_failed","passName":"intention","message":"Gemini provider not available (GEMINI_API_KEY not set)"}
# {"time":"2026-08-05T02:28:51.034Z","level":"warn","msg":"revision_rewrite_failed","passName":"intention","message":"Gemini provider not available (GEMINI_API_KEY not set)"}
# {"time":"2026-08-05T02:28:51.036Z","level":"warn","msg":"revision_rewrite_failed","passName":"intention","message":"Gemini provider not available (GEMINI_API_KEY not set)"}
# {"time":"2026-08-05T02:28:51.037Z","level":"warn","msg":"revision_rewrite_failed","passName":"intention","message":"Gemini provider not available (GEMINI_API_KEY not set)"}
# {"time":"2026-08-05T02:28:51.038Z","level":"warn","msg":"revision_rewrite_failed","passName":"intention","message":"Gemini provider not available (GEMINI_API_KEY not set)"}
# {"time":"2026-08-05T02:28:51.039Z","level":"warn","msg":"revision_rewrite_failed","passName":"intention","message":"Gemini provider not available (GEMINI_API_KEY not set)"}
# {"time":"2026-08-05T02:28:51.040Z","level":"warn","msg":"revision_rewrite_failed","passName":"intention","message":"Gemini provider not available (GEMINI_API_KEY not set)"}
# {"time":"2026-08-05T02:28:51.041Z","level":"warn","msg":"revision_rewrite_failed","passName":"intention","message":"Gemini provider not available (GEMINI_API_KEY not set)"}
# {"time":"2026-08-05T02:28:51.042Z","level":"warn","msg":"revision_rewrite_failed","passName":"intention","message":"Gemini provider not available (GEMINI_API_KEY not set)"}
# {"time":"2026-08-05T02:28:51.043Z","level":"warn","msg":"revision_rewrite_failed","passName":"intention","message":"Gemini provider not available (GEMINI_API_KEY not set)"}
# {"time":"2026-08-05T02:28:51.044Z","level":"warn","msg":"revision_rewrite_failed","passName":"intention","message":"Gemini provider not available (GEMINI_API_KEY not set)"}
# {"time":"2026-08-05T02:28:51.045Z","level":"warn","msg":"revision_rewrite_failed","passName":"intention","message":"Gemini provider not available (GEMINI_API_KEY not set)"}
# {"time":"2026-08-05T02:28:51.046Z","level":"warn","msg":"revision_rewrite_failed","passName":"intention","message":"Gemini provider not available (GEMINI_API_KEY not set)"}
# {"time":"2026-08-05T02:28:51.047Z","level":"warn","msg":"revision_rewrite_failed","passName":"intention","message":"Gemini provider not available (GEMINI_API_KEY not set)"}
# {"time":"2026-08-05T02:28:51.049Z","level":"warn","msg":"revision_rewrite_failed","passName":"intention","message":"Gemini provider not available (GEMINI_API_KEY not set)"}
# {"time":"2026-08-05T02:28:51.050Z","level":"warn","msg":"revision_rewrite_failed","passName":"intention","message":"Gemini provider not available (GEMINI_API_KEY not set)"}
# {"time":"2026-08-05T02:28:51.051Z","level":"warn","msg":"revision_rewrite_failed","passName":"intention","message":"Gemini provider not available (GEMINI_API_KEY not set)"}
# {"time":"2026-08-05T02:28:51.052Z","level":"warn","msg":"revision_rewrite_failed","passName":"intention","message":"Gemini provider not available (GEMINI_API_KEY not set)"}
# {"time":"2026-08-05T02:28:51.053Z","level":"warn","msg":"revision_rewrite_failed","passName":"intention","message":"Gemini provider not available (GEMINI_API_KEY not set)"}
# {"time":"2026-08-05T02:28:51.054Z","level":"warn","msg":"revision_rewrite_failed","passName":"intention","message":"Gemini provider not available (GEMINI_API_KEY not set)"}
# {"time":"2026-08-05T02:28:51.055Z","level":"warn","msg":"revision_rewrite_failed","passName":"intention","message":"Gemini provider not available (GEMINI_API_KEY not set)"}
# {"time":"2026-08-05T02:28:51.056Z","level":"warn","msg":"revision_rewrite_failed","passName":"intention","message":"Gemini provider not available (GEMINI_API_KEY not set)"}
# {"time":"2026-08-05T02:28:51.057Z","level":"warn","msg":"revision_rewrite_failed","passName":"intention","message":"Gemini provider not available (GEMINI_API_KEY not set)"}
# {"time":"2026-08-05T02:28:51.058Z","level":"warn","msg":"revision_rewrite_failed","passName":"intention","message":"Gemini provider not available (GEMINI_API_KEY not set)"}
# {"time":"2026-08-05T02:28:51.059Z","level":"warn","msg":"revision_rewrite_failed","passName":"intention","message":"Gemini provider not available (GEMINI_API_KEY not set)"}
# {"time":"2026-08-05T02:28:51.062Z","level":"warn","msg":"revision_rewrite_failed","passName":"intention","message":"Gemini provider not available (GEMINI_API_KEY not set)"}
# {"time":"2026-08-05T02:28:51.063Z","level":"warn","msg":"revision_rewrite_failed","passName":"intention","message":"Gemini provider not available (GEMINI_API_KEY not set)"}
# {"time":"2026-08-05T02:28:51.064Z","level":"warn","msg":"revision_rewrite_failed","passName":"intention","message":"Gemini provider not available (GEMINI_API_KEY not set)"}
# {"time":"2026-08-05T02:28:51.065Z","level":"warn","msg":"revision_rewrite_failed","passName":"intention","message":"Gemini provider not available (GEMINI_API_KEY not set)"}
# {"time":"2026-08-05T02:28:51.066Z","level":"warn","msg":"revision_rewrite_failed","passName":"intention","message":"Gemini provider not available (GEMINI_API_KEY not set)"}
# {"time":"2026-08-05T02:28:51.067Z","level":"warn","msg":"revision_rewrite_failed","passName":"intention","message":"Gemini provider not available (GEMINI_API_KEY not set)"}
# {"time":"2026-08-05T02:28:51.067Z","level":"warn","msg":"revision_rewrite_failed","passName":"intention","message":"Gemini provider not available (GEMINI_API_KEY not set)"}
# {"time":"2026-08-05T02:28:51.069Z","level":"warn","msg":"revision_rewrite_failed","passName":"intention","message":"Gemini provider not available (GEMINI_API_KEY not set)"}
# {"time":"2026-08-05T02:28:51.070Z","level":"warn","msg":"revision_rewrite_failed","passName":"intention","message":"Gemini provider not available (GEMINI_API_KEY not set)"}
# {"time":"2026-08-05T02:28:51.071Z","level":"warn","msg":"revision_rewrite_failed","passName":"intention","message":"Gemini provider not available (GEMINI_API_KEY not set)"}
# {"time":"2026-08-05T02:28:51.072Z","level":"warn","msg":"revision_rewrite_failed","passName":"intention","message":"Gemini provider not available (GEMINI_API_KEY not set)"}
# {"time":"2026-08-05T02:28:51.073Z","level":"warn","msg":"revision_rewrite_failed","passName":"intention","message":"Gemini provider not available (GEMINI_API_KEY not set)"}
# {"time":"2026-08-05T02:28:51.074Z","level":"warn","msg":"revision_rewrite_failed","passName":"intention","message":"Gemini provider not available (GEMINI_API_KEY not set)"}
# {"time":"2026-08-05T02:28:51.075Z","level":"warn","msg":"revision_rewrite_failed","passName":"intention","message":"Gemini provider not available (GEMINI_API_KEY not set)"}
# {"time":"2026-08-05T02:28:51.076Z","level":"warn","msg":"revision_rewrite_failed","passName":"intention","message":"Gemini provider not available (GEMINI_API_KEY not set)"}
# {"time":"2026-08-05T02:28:51.077Z","level":"warn","msg":"revision_rewrite_failed","passName":"intention","message":"Gemini provider not available (GEMINI_API_KEY not set)"}
# {"time":"2026-08-05T02:28:51.078Z","level":"warn","msg":"revision_rewrite_failed","passName":"intention","message":"Gemini provider not available (GEMINI_API_KEY not set)"}
# {"time":"2026-08-05T02:28:51.079Z","level":"warn","msg":"revision_rewrite_failed","passName":"intention","message":"Gemini provider not available (GEMINI_API_KEY not set)"}
# {"time":"2026-08-05T02:28:51.099Z","level":"warn","msg":"revision_rewrite_failed","passName":"intention","message":"Gemini provider not available (GEMINI_API_KEY not set)"}
# {"time":"2026-08-05T02:28:51.105Z","level":"warn","msg":"revision_rewrite_failed","passName":"intention","message":"Gemini provider not available (GEMINI_API_KEY not set)"}
# {"time":"2026-08-05T02:28:51.106Z","level":"warn","msg":"revision_rewrite_failed","passName":"intention","message":"Gemini provider not available (GEMINI_API_KEY not set)"}
# {"time":"2026-08-05T02:28:51.107Z","level":"warn","msg":"revision_rewrite_failed","passName":"intention","message":"Gemini provider not available (GEMINI_API_KEY not set)"}
# {"time":"2026-08-05T02:28:51.108Z","level":"warn","msg":"revision_rewrite_failed","passName":"intention","message":"Gemini provider not available (GEMINI_API_KEY not set)"}
# {"time":"2026-08-05T02:28:51.109Z","level":"warn","msg":"revision_rewrite_failed","passName":"intention","message":"Gemini provider not available (GEMINI_API_KEY not set)"}
# {"time":"2026-08-05T02:28:51.110Z","level":"warn","msg":"revision_rewrite_failed","passName":"intention","message":"Gemini provider not available (GEMINI_API_KEY not set)"}
# {"time":"2026-08-05T02:28:51.111Z","level":"warn","msg":"revision_rewrite_failed","passName":"intention","message":"Gemini provider not available (GEMINI_API_KEY not set)"}
# {"time":"2026-08-05T02:28:51.112Z","level":"warn","msg":"revision_rewrite_failed","passName":"intention","message":"Gemini provider not available (GEMINI_API_KEY not set)"}
# {"time":"2026-08-05T02:28:51.113Z","level":"warn","msg":"revision_rewrite_failed","passName":"intention","message":"Gemini provider not available (GEMINI_API_KEY not set)"}
# {"time":"2026-08-05T02:28:51.114Z","level":"warn","msg":"revision_rewrite_failed","passName":"intention","message":"Gemini provider not available (GEMINI_API_KEY not set)"}
# {"time":"2026-08-05T02:28:51.115Z","level":"warn","msg":"revision_rewrite_failed","passName":"intention","message":"Gemini provider not available (GEMINI_API_KEY not set)"}
# {"time":"2026-08-05T02:28:51.116Z","level":"warn","msg":"revision_rewrite_failed","passName":"intention","message":"Gemini provider not available (GEMINI_API_KEY not set)"}
# {"time":"2026-08-05T02:28:51.118Z","level":"warn","msg":"revision_rewrite_failed","passName":"intention","message":"Gemini provider not available (GEMINI_API_KEY not set)"}
# {"time":"2026-08-05T02:28:51.119Z","level":"warn","msg":"revision_rewrite_failed","passName":"intention","message":"Gemini provider not available (GEMINI_API_KEY not set)"}
# {"time":"2026-08-05T02:28:51.120Z","level":"warn","msg":"revision_rewrite_failed","passName":"intention","message":"Gemini provider not available (GEMINI_API_KEY not set)"}
# {"time":"2026-08-05T02:28:51.121Z","level":"warn","msg":"revision_rewrite_failed","passName":"intention","message":"Gemini provider not available (GEMINI_API_KEY not set)"}
# {"time":"2026-08-05T02:28:51.121Z","level":"warn","msg":"revision_rewrite_failed","passName":"intention","message":"Gemini provider not available (GEMINI_API_KEY not set)"}
# {"time":"2026-08-05T02:28:51.122Z","level":"warn","msg":"revision_rewrite_failed","passName":"intention","message":"Gemini provider not available (GEMINI_API_KEY not set)"}
# {"time":"2026-08-05T02:28:51.124Z","level":"warn","msg":"revision_rewrite_failed","passName":"intention","message":"Gemini provider not available (GEMINI_API_KEY not set)"}
# {"time":"2026-08-05T02:28:51.125Z","level":"warn","msg":"revision_rewrite_failed","passName":"intention","message":"Gemini provider not available (GEMINI_API_KEY not set)"}
# {"time":"2026-08-05T02:28:51.126Z","level":"warn","msg":"revision_rewrite_failed","passName":"intention","message":"Gemini provider not available (GEMINI_API_KEY not set)"}
# {"time":"2026-08-05T02:28:51.127Z","level":"warn","msg":"revision_rewrite_failed","passName":"intention","message":"Gemini provider not available (GEMINI_API_KEY not set)"}
# {"time":"2026-08-05T02:28:51.128Z","level":"warn","msg":"revision_rewrite_failed","passName":"intention","message":"Gemini provider not available (GEMINI_API_KEY not set)"}
# {"time":"2026-08-05T02:28:51.129Z","level":"warn","msg":"revision_rewrite_failed","passName":"intention","message":"Gemini provider not available (GEMINI_API_KEY not set)"}
# {"time":"2026-08-05T02:28:51.130Z","level":"warn","msg":"revision_rewrite_failed","passName":"intention","message":"Gemini provider not available (GEMINI_API_KEY not set)"}
# {"time":"2026-08-05T02:28:51.131Z","level":"warn","msg":"revision_rewrite_failed","passName":"intention","message":"Gemini provider not available (GEMINI_API_KEY not set)"}
# {"time":"2026-08-05T02:28:51.132Z","level":"warn","msg":"revision_rewrite_failed","passName":"intention","message":"Gemini provider not available (GEMINI_API_KEY not set)"}
# {"time":"2026-08-05T02:28:51.133Z","level":"warn","msg":"revision_rewrite_failed","passName":"intention","message":"Gemini provider not available (GEMINI_API_KEY not set)"}
# {"time":"2026-08-05T02:28:51.133Z","level":"warn","msg":"revision_rewrite_failed","passName":"intention","message":"Gemini provider not available (GEMINI_API_KEY not set)"}
# {"time":"2026-08-05T02:28:51.134Z","level":"warn","msg":"revision_rewrite_failed","passName":"intention","message":"Gemini provider not available (GEMINI_API_KEY not set)"}
# {"time":"2026-08-05T02:28:51.136Z","level":"warn","msg":"revision_rewrite_failed","passName":"intention","message":"Gemini provider not available (GEMINI_API_KEY not set)"}
# {"time":"2026-08-05T02:28:51.137Z","level":"warn","msg":"revision_rewrite_failed","passName":"intention","message":"Gemini provider not available (GEMINI_API_KEY not set)"}
# {"time":"2026-08-05T02:28:51.138Z","level":"warn","msg":"revision_rewrite_failed","passName":"intention","message":"Gemini provider not available (GEMINI_API_KEY not set)"}
# {"time":"2026-08-05T02:28:51.139Z","level":"warn","msg":"revision_rewrite_failed","passName":"intention","message":"Gemini provider not available (GEMINI_API_KEY not set)"}
# {"time":"2026-08-05T02:28:51.140Z","level":"warn","msg":"revision_rewrite_failed","passName":"intention","message":"Gemini provider not available (GEMINI_API_KEY not set)"}
# {"time":"2026-08-05T02:28:51.141Z","level":"warn","msg":"revision_rewrite_failed","passName":"intention","message":"Gemini provider not available (GEMINI_API_KEY not set)"}
# {"time":"2026-08-05T02:28:51.142Z","level":"warn","msg":"revision_rewrite_failed","passName":"intention","message":"Gemini provider not available (GEMINI_API_KEY not set)"}
# {"time":"2026-08-05T02:28:51.145Z","level":"warn","msg":"revision_rewrite_failed","passName":"intention","message":"Gemini provider not available (GEMINI_API_KEY not set)"}
# {"time":"2026-08-05T02:28:51.146Z","level":"warn","msg":"revision_rewrite_failed","passName":"intention","message":"Gemini provider not available (GEMINI_API_KEY not set)"}
# {"time":"2026-08-05T02:28:51.147Z","level":"warn","msg":"revision_rewrite_failed","passName":"intention","message":"Gemini provider not available (GEMINI_API_KEY not set)"}
# {"time":"2026-08-05T02:28:51.148Z","level":"warn","msg":"revision_rewrite_failed","passName":"intention","message":"Gemini provider not available (GEMINI_API_KEY not set)"}
# {"time":"2026-08-05T02:28:51.152Z","level":"warn","msg":"revision_rewrite_failed","passName":"intention","message":"Gemini provider not available (GEMINI_API_KEY not set)"}
# {"time":"2026-08-05T02:28:51.156Z","level":"warn","msg":"revision_rewrite_failed","passName":"intention","message":"Gemini provider not available (GEMINI_API_KEY not set)"}
# {"time":"2026-08-05T02:28:51.157Z","level":"warn","msg":"revision_rewrite_failed","passName":"intention","message":"Gemini provider not available (GEMINI_API_KEY not set)"}
# {"time":"2026-08-05T02:28:51.158Z","level":"warn","msg":"revision_rewrite_failed","passName":"intention","message":"Gemini provider not available (GEMINI_API_KEY not set)"}
# {"time":"2026-08-05T02:28:51.159Z","level":"warn","msg":"revision_rewrite_failed","passName":"intention","message":"Gemini provider not available (GEMINI_API_KEY not set)"}
# {"time":"2026-08-05T02:28:51.160Z","level":"warn","msg":"revision_rewrite_failed","passName":"intention","message":"Gemini provider not available (GEMINI_API_KEY not set)"}
# {"time":"2026-08-05T02:28:51.161Z","level":"warn","msg":"revision_rewrite_failed","passName":"intention","message":"Gemini provider not available (GEMINI_API_KEY not set)"}
# {"time":"2026-08-05T02:28:51.163Z","level":"warn","msg":"revision_rewrite_failed","passName":"intention","message":"Gemini provider not available (GEMINI_API_KEY not set)"}
# {"time":"2026-08-05T02:28:51.165Z","level":"warn","msg":"revision_rewrite_failed","passName":"intention","message":"Gemini provider not available (GEMINI_API_KEY not set)"}
# {"time":"2026-08-05T02:28:51.165Z","level":"warn","msg":"revision_rewrite_failed","passName":"intention","message":"Gemini provider not available (GEMINI_API_KEY not set)"}
# {"time":"2026-08-05T02:28:51.166Z","level":"warn","msg":"revision_rewrite_failed","passName":"intention","message":"Gemini provider not available (GEMINI_API_KEY not set)"}
# {"time":"2026-08-05T02:28:51.167Z","level":"warn","msg":"revision_rewrite_failed","passName":"intention","message":"Gemini provider not available (GEMINI_API_KEY not set)"}
# {"time":"2026-08-05T02:28:51.168Z","level":"warn","msg":"revision_rewrite_failed","passName":"intention","message":"Gemini provider not available (GEMINI_API_KEY not set)"}
# {"time":"2026-08-05T02:28:51.170Z","level":"warn","msg":"revision_rewrite_failed","passName":"intention","message":"Gemini provider not available (GEMINI_API_KEY not set)"}
# {"time":"2026-08-05T02:28:51.171Z","level":"warn","msg":"revision_rewrite_failed","passName":"intention","message":"Gemini provider not available (GEMINI_API_KEY not set)"}
# {"time":"2026-08-05T02:28:51.171Z","level":"warn","msg":"revision_rewrite_failed","passName":"intention","message":"Gemini provider not available (GEMINI_API_KEY not set)"}
# {"time":"2026-08-05T02:28:51.172Z","level":"warn","msg":"revision_rewrite_failed","passName":"intention","message":"Gemini provider not available (GEMINI_API_KEY not set)"}
# {"time":"2026-08-05T02:28:51.173Z","level":"warn","msg":"revision_rewrite_failed","passName":"intention","message":"Gemini provider not available (GEMINI_API_KEY not set)"}
# {"time":"2026-08-05T02:28:51.174Z","level":"warn","msg":"revision_rewrite_failed","passName":"intention","message":"Gemini provider not available (GEMINI_API_KEY not set)"}
# {"time":"2026-08-05T02:28:51.176Z","level":"warn","msg":"revision_rewrite_failed","passName":"intention","message":"Gemini provider not available (GEMINI_API_KEY not set)"}
# {"time":"2026-08-05T02:28:51.177Z","level":"warn","msg":"revision_rewrite_failed","passName":"intention","message":"Gemini provider not available (GEMINI_API_KEY not set)"}
# {"time":"2026-08-05T02:28:51.177Z","level":"warn","msg":"revision_rewrite_failed","passName":"intention","message":"Gemini provider not available (GEMINI_API_KEY not set)"}
# {"time":"2026-08-05T02:28:51.178Z","level":"warn","msg":"revision_rewrite_failed","passName":"intention","message":"Gemini provider not available (GEMINI_API_KEY not set)"}
# {"time":"2026-08-05T02:28:51.179Z","level":"warn","msg":"revision_rewrite_failed","passName":"intention","message":"Gemini provider not available (GEMINI_API_KEY not set)"}
# {"time":"2026-08-05T02:28:51.180Z","level":"warn","msg":"revision_rewrite_failed","passName":"intention","message":"Gemini provider not available (GEMINI_API_KEY not set)"}
# {"time":"2026-08-05T02:28:51.182Z","level":"warn","msg":"revision_rewrite_failed","passName":"intention","message":"Gemini provider not available (GEMINI_API_KEY not set)"}
# {"time":"2026-08-05T02:28:51.182Z","level":"warn","msg":"revision_rewrite_failed","passName":"intention","message":"Gemini provider not available (GEMINI_API_KEY not set)"}
# {"time":"2026-08-05T02:28:51.184Z","level":"warn","msg":"revision_rewrite_failed","passName":"intention","message":"Gemini provider not available (GEMINI_API_KEY not set)"}
# {"time":"2026-08-05T02:28:51.185Z","level":"warn","msg":"revision_rewrite_failed","passName":"intention","message":"Gemini provider not available (GEMINI_API_KEY not set)"}
# {"time":"2026-08-05T02:28:51.186Z","level":"warn","msg":"revision_rewrite_failed","passName":"intention","message":"Gemini provider not available (GEMINI_API_KEY not set)"}
# {"time":"2026-08-05T02:28:51.187Z","level":"warn","msg":"revision_rewrite_failed","passName":"intention","message":"Gemini provider not available (GEMINI_API_KEY not set)"}
# {"time":"2026-08-05T02:28:51.188Z","level":"warn","msg":"revision_rewrite_failed","passName":"intention","message":"Gemini provider not available (GEMINI_API_KEY not set)"}
# {"time":"2026-08-05T02:28:51.189Z","level":"warn","msg":"revision_rewrite_failed","passName":"intention","message":"Gemini provider not available (GEMINI_API_KEY not set)"}
# {"time":"2026-08-05T02:28:51.190Z","level":"warn","msg":"revision_rewrite_failed","passName":"intention","message":"Gemini provider not available (GEMINI_API_KEY not set)"}
# {"time":"2026-08-05T02:28:51.195Z","level":"warn","msg":"revision_rewrite_failed","passName":"intention","message":"Gemini provider not available (GEMINI_API_KEY not set)"}
# {"time":"2026-08-05T02:28:51.196Z","level":"warn","msg":"revision_rewrite_failed","passName":"intention","message":"Gemini provider not available (GEMINI_API_KEY not set)"}
# {"time":"2026-08-05T02:28:51.196Z","level":"warn","msg":"revision_rewrite_failed","passName":"intention","message":"Gemini provider not available (GEMINI_API_KEY not set)"}
# {"time":"2026-08-05T02:28:51.197Z","level":"warn","msg":"revision_rewrite_failed","passName":"intention","message":"Gemini provider not available (GEMINI_API_KEY not set)"}
# {"time":"2026-08-05T02:28:51.198Z","level":"warn","msg":"revision_rewrite_failed","passName":"intention","message":"Gemini provider not available (GEMINI_API_KEY not set)"}
# {"time":"2026-08-05T02:28:51.199Z","level":"warn","msg":"revision_rewrite_failed","passName":"intention","message":"Gemini provider not available (GEMINI_API_KEY not set)"}
# {"time":"2026-08-05T02:28:51.200Z","level":"warn","msg":"revision_rewrite_failed","passName":"intention","message":"Gemini provider not available (GEMINI_API_KEY not set)"}
# {"time":"2026-08-05T02:28:51.201Z","level":"warn","msg":"revision_rewrite_failed","passName":"intention","message":"Gemini provider not available (GEMINI_API_KEY not set)"}
# {"time":"2026-08-05T02:28:51.202Z","level":"warn","msg":"revision_rewrite_failed","passName":"intention","message":"Gemini provider not available (GEMINI_API_KEY not set)"}
# {"time":"2026-08-05T02:28:51.203Z","level":"warn","msg":"revision_rewrite_failed","passName":"intention","message":"Gemini provider not available (GEMINI_API_KEY not set)"}
# {"time":"2026-08-05T02:28:51.204Z","level":"warn","msg":"revision_rewrite_failed","passName":"intention","message":"Gemini provider not available (GEMINI_API_KEY not set)"}
# {"time":"2026-08-05T02:28:51.205Z","level":"warn","msg":"revision_rewrite_failed","passName":"intention","message":"Gemini provider not available (GEMINI_API_KEY not set)"}
# {"time":"2026-08-05T02:28:51.206Z","level":"warn","msg":"revision_rewrite_failed","passName":"intention","message":"Gemini provider not available (GEMINI_API_KEY not set)"}
# {"time":"2026-08-05T02:28:51.207Z","level":"warn","msg":"revision_rewrite_failed","passName":"intention","message":"Gemini provider not available (GEMINI_API_KEY not set)"}
# {"time":"2026-08-05T02:28:51.208Z","level":"warn","msg":"revision_rewrite_failed","passName":"intention","message":"Gemini provider not available (GEMINI_API_KEY not set)"}
# {"time":"2026-08-05T02:28:51.209Z","level":"warn","msg":"revision_rewrite_failed","passName":"intention","message":"Gemini provider not available (GEMINI_API_KEY not set)"}
# {"time":"2026-08-05T02:28:51.210Z","level":"warn","msg":"revision_rewrite_failed","passName":"intention","message":"Gemini provider not available (GEMINI_API_KEY not set)"}
# {"time":"2026-08-05T02:28:51.211Z","level":"warn","msg":"revision_rewrite_failed","passName":"intention","message":"Gemini provider not available (GEMINI_API_KEY not set)"}
# {"time":"2026-08-05T02:28:51.212Z","level":"warn","msg":"revision_rewrite_failed","passName":"intention","message":"Gemini provider not available (GEMINI_API_KEY not set)"}
# {"time":"2026-08-05T02:28:51.213Z","level":"warn","msg":"revision_rewrite_failed","passName":"intention","message":"Gemini provider not available (GEMINI_API_KEY not set)"}
# {"time":"2026-08-05T02:28:51.214Z","level":"warn","msg":"revision_rewrite_failed","passName":"intention","message":"Gemini provider not available (GEMINI_API_KEY not set)"}
# {"time":"2026-08-05T02:28:51.215Z","level":"warn","msg":"revision_rewrite_failed","passName":"intention","message":"Gemini provider not available (GEMINI_API_KEY not set)"}
# {"time":"2026-08-05T02:28:51.217Z","level":"warn","msg":"revision_rewrite_failed","passName":"intention","message":"Gemini provider not available (GEMINI_API_KEY not set)"}
# {"time":"2026-08-05T02:28:51.218Z","level":"warn","msg":"revision_rewrite_failed","passName":"intention","message":"Gemini provider not available (GEMINI_API_KEY not set)"}
# {"time":"2026-08-05T02:28:51.219Z","level":"warn","msg":"revision_rewrite_failed","passName":"intention","message":"Gemini provider not available (GEMINI_API_KEY not set)"}
# {"time":"2026-08-05T02:28:51.220Z","level":"warn","msg":"revision_rewrite_failed","passName":"intention","message":"Gemini provider not available (GEMINI_API_KEY not set)"}
# {"time":"2026-08-05T02:28:51.221Z","level":"warn","msg":"revision_rewrite_failed","passName":"intention","message":"Gemini provider not available (GEMINI_API_KEY not set)"}
# {"time":"2026-08-05T02:28:51.223Z","level":"warn","msg":"revision_rewrite_failed","passName":"intention","message":"Gemini provider not available (GEMINI_API_KEY not set)"}
# {"time":"2026-08-05T02:28:51.224Z","level":"warn","msg":"revision_rewrite_failed","passName":"intention","message":"Gemini provider not available (GEMINI_API_KEY not set)"}
# {"time":"2026-08-05T02:28:51.225Z","level":"warn","msg":"revision_rewrite_failed","passName":"intention","message":"Gemini provider not available (GEMINI_API_KEY not set)"}
# {"time":"2026-08-05T02:28:51.226Z","level":"warn","msg":"revision_rewrite_failed","passName":"intention","message":"Gemini provider not available (GEMINI_API_KEY not set)"}
# {"time":"2026-08-05T02:28:51.227Z","level":"warn","msg":"revision_rewrite_failed","passName":"intention","message":"Gemini provider not available (GEMINI_API_KEY not set)"}
# {"time":"2026-08-05T02:28:51.228Z","level":"warn","msg":"revision_rewrite_failed","passName":"intention","message":"Gemini provider not available (GEMINI_API_KEY not set)"}
# {"time":"2026-08-05T02:28:51.230Z","level":"warn","msg":"revision_rewrite_failed","passName":"intention","message":"Gemini provider not available (GEMINI_API_KEY not set)"}
# {"time":"2026-08-05T02:28:51.231Z","level":"warn","msg":"revision_rewrite_failed","passName":"intention","message":"Gemini provider not available (GEMINI_API_KEY not set)"}
# {"time":"2026-08-05T02:28:51.233Z","level":"warn","msg":"revision_rewrite_failed","passName":"intention","message":"Gemini provider not available (GEMINI_API_KEY not set)"}
# {"time":"2026-08-05T02:28:51.233Z","level":"warn","msg":"revision_rewrite_failed","passName":"intention","message":"Gemini provider not available (GEMINI_API_KEY not set)"}
# {"time":"2026-08-05T02:28:51.234Z","level":"warn","msg":"revision_rewrite_failed","passName":"intention","message":"Gemini provider not available (GEMINI_API_KEY not set)"}
# {"time":"2026-08-05T02:28:51.235Z","level":"warn","msg":"revision_rewrite_failed","passName":"intention","message":"Gemini provider not available (GEMINI_API_KEY not set)"}
# {"time":"2026-08-05T02:28:51.236Z","level":"warn","msg":"revision_rewrite_failed","passName":"intention","message":"Gemini provider not available (GEMINI_API_KEY not set)"}
# {"time":"2026-08-05T02:28:51.237Z","level":"warn","msg":"revision_rewrite_failed","passName":"intention","message":"Gemini provider not available (GEMINI_API_KEY not set)"}
# {"time":"2026-08-05T02:28:51.238Z","level":"warn","msg":"revision_rewrite_failed","passName":"intention","message":"Gemini provider not available (GEMINI_API_KEY not set)"}
# {"time":"2026-08-05T02:28:51.239Z","level":"warn","msg":"revision_rewrite_failed","passName":"intention","message":"Gemini provider not available (GEMINI_API_KEY not set)"}
# {"time":"2026-08-05T02:28:51.240Z","level":"warn","msg":"revision_rewrite_failed","passName":"intention","message":"Gemini provider not available (GEMINI_API_KEY not set)"}
# {"time":"2026-08-05T02:28:51.241Z","level":"warn","msg":"revision_rewrite_failed","passName":"intention","message":"Gemini provider not available (GEMINI_API_KEY not set)"}
# {"time":"2026-08-05T02:28:51.242Z","level":"warn","msg":"revision_rewrite_failed","passName":"intention","message":"Gemini provider not available (GEMINI_API_KEY not set)"}
# {"time":"2026-08-05T02:28:51.243Z","level":"warn","msg":"revision_rewrite_failed","passName":"intention","message":"Gemini provider not available (GEMINI_API_KEY not set)"}
# {"time":"2026-08-05T02:28:51.244Z","level":"warn","msg":"revision_rewrite_failed","passName":"intention","message":"Gemini provider not available (GEMINI_API_KEY not set)"}
# {"time":"2026-08-05T02:28:51.247Z","level":"warn","msg":"revision_rewrite_failed","passName":"intention","message":"Gemini provider not available (GEMINI_API_KEY not set)"}
# {"time":"2026-08-05T02:28:51.248Z","level":"warn","msg":"revision_rewrite_failed","passName":"intention","message":"Gemini provider not available (GEMINI_API_KEY not set)"}
# {"time":"2026-08-05T02:28:51.249Z","level":"warn","msg":"revision_rewrite_failed","passName":"intention","message":"Gemini provider not available (GEMINI_API_KEY not set)"}
# {"time":"2026-08-05T02:28:51.250Z","level":"warn","msg":"revision_rewrite_failed","passName":"intention","message":"Gemini provider not available (GEMINI_API_KEY not set)"}
# {"time":"2026-08-05T02:28:51.251Z","level":"warn","msg":"revision_rewrite_failed","passName":"intention","message":"Gemini provider not available (GEMINI_API_KEY not set)"}
# {"time":"2026-08-05T02:28:51.252Z","level":"warn","msg":"revision_rewrite_failed","passName":"intention","message":"Gemini provider not available (GEMINI_API_KEY not set)"}
# {"time":"2026-08-05T02:28:51.254Z","level":"warn","msg":"revision_rewrite_failed","passName":"intention","message":"Gemini provider not available (GEMINI_API_KEY not set)"}
# {"time":"2026-08-05T02:28:51.254Z","level":"warn","msg":"revision_rewrite_failed","passName":"intention","message":"Gemini provider not available (GEMINI_API_KEY not set)"}
# {"time":"2026-08-05T02:28:51.255Z","level":"warn","msg":"revision_rewrite_failed","passName":"intention","message":"Gemini provider not available (GEMINI_API_KEY not set)"}
# {"time":"2026-08-05T02:28:51.257Z","level":"warn","msg":"revision_rewrite_failed","passName":"intention","message":"Gemini provider not available (GEMINI_API_KEY not set)"}
# {"time":"2026-08-05T02:28:51.258Z","level":"warn","msg":"revision_rewrite_failed","passName":"intention","message":"Gemini provider not available (GEMINI_API_KEY not set)"}
# {"time":"2026-08-05T02:28:51.259Z","level":"warn","msg":"revision_rewrite_failed","passName":"intention","message":"Gemini provider not available (GEMINI_API_KEY not set)"}
# {"time":"2026-08-05T02:28:51.259Z","level":"warn","msg":"revision_rewrite_failed","passName":"intention","message":"Gemini provider not available (GEMINI_API_KEY not set)"}
# {"time":"2026-08-05T02:28:51.261Z","level":"warn","msg":"revision_rewrite_failed","passName":"intention","message":"Gemini provider not available (GEMINI_API_KEY not set)"}
# {"time":"2026-08-05T02:28:51.262Z","level":"warn","msg":"revision_rewrite_failed","passName":"intention","message":"Gemini provider not available (GEMINI_API_KEY not set)"}
# {"time":"2026-08-05T02:28:51.263Z","level":"warn","msg":"revision_rewrite_failed","passName":"intention","message":"Gemini provider not available (GEMINI_API_KEY not set)"}
# {"time":"2026-08-05T02:28:51.264Z","level":"warn","msg":"revision_rewrite_failed","passName":"intention","message":"Gemini provider not available (GEMINI_API_KEY not set)"}
# {"time":"2026-08-05T02:28:51.265Z","level":"warn","msg":"revision_rewrite_failed","passName":"intention","message":"Gemini provider not available (GEMINI_API_KEY not set)"}
# {"time":"2026-08-05T02:28:51.266Z","level":"warn","msg":"revision_rewrite_failed","passName":"intention","message":"Gemini provider not available (GEMINI_API_KEY not set)"}
# {"time":"2026-08-05T02:28:51.267Z","level":"warn","msg":"revision_rewrite_failed","passName":"intention","message":"Gemini provider not available (GEMINI_API_KEY not set)"}
# {"time":"2026-08-05T02:28:51.268Z","level":"warn","msg":"revision_rewrite_failed","passName":"intention","message":"Gemini provider not available (GEMINI_API_KEY not set)"}
# {"time":"2026-08-05T02:28:51.269Z","level":"warn","msg":"revision_rewrite_failed","passName":"intention","message":"Gemini provider not available (GEMINI_API_KEY not set)"}
# {"time":"2026-08-05T02:28:51.270Z","level":"warn","msg":"revision_rewrite_failed","passName":"intention","message":"Gemini provider not available (GEMINI_API_KEY not set)"}
# {"time":"2026-08-05T02:28:51.271Z","level":"warn","msg":"revision_rewrite_failed","passName":"intention","message":"Gemini provider not available (GEMINI_API_KEY not set)"}
# {"time":"2026-08-05T02:28:51.272Z","level":"warn","msg":"revision_rewrite_failed","passName":"intention","message":"Gemini provider not available (GEMINI_API_KEY not set)"}
# {"time":"2026-08-05T02:28:51.273Z","level":"warn","msg":"revision_rewrite_failed","passName":"intention","message":"Gemini provider not available (GEMINI_API_KEY not set)"}
# {"time":"2026-08-05T02:28:51.274Z","level":"warn","msg":"revision_rewrite_failed","passName":"intention","message":"Gemini provider not available (GEMINI_API_KEY not set)"}
# {"time":"2026-08-05T02:28:51.285Z","level":"warn","msg":"revision_rewrite_failed","passName":"intention","message":"Gemini provider not available (GEMINI_API_KEY not set)"}
# {"time":"2026-08-05T02:28:51.287Z","level":"warn","msg":"revision_rewrite_failed","passName":"intention","message":"Gemini provider not available (GEMINI_API_KEY not set)"}
# {"time":"2026-08-05T02:28:51.288Z","level":"warn","msg":"revision_rewrite_failed","passName":"intention","message":"Gemini provider not available (GEMINI_API_KEY not set)"}
# {"time":"2026-08-05T02:28:51.289Z","level":"warn","msg":"revision_rewrite_failed","passName":"intention","message":"Gemini provider not available (GEMINI_API_KEY not set)"}
# {"time":"2026-08-05T02:28:51.290Z","level":"warn","msg":"revision_rewrite_failed","passName":"intention","message":"Gemini provider not available (GEMINI_API_KEY not set)"}
# {"time":"2026-08-05T02:28:51.291Z","level":"warn","msg":"revision_rewrite_failed","passName":"intention","message":"Gemini provider not available (GEMINI_API_KEY not set)"}
# {"time":"2026-08-05T02:28:51.292Z","level":"warn","msg":"revision_rewrite_failed","passName":"intention","message":"Gemini provider not available (GEMINI_API_KEY not set)"}
# {"time":"2026-08-05T02:28:51.293Z","level":"warn","msg":"revision_rewrite_failed","passName":"intention","message":"Gemini provider not available (GEMINI_API_KEY not set)"}
# {"time":"2026-08-05T02:28:51.295Z","level":"warn","msg":"revision_rewrite_failed","passName":"intention","message":"Gemini provider not available (GEMINI_API_KEY not set)"}
# {"time":"2026-08-05T02:28:51.296Z","level":"warn","msg":"revision_rewrite_failed","passName":"intention","message":"Gemini provider not available (GEMINI_API_KEY not set)"}
# {"time":"2026-08-05T02:28:51.297Z","level":"warn","msg":"revision_rewrite_failed","passName":"intention","message":"Gemini provider not available (GEMINI_API_KEY not set)"}
# {"time":"2026-08-05T02:28:51.298Z","level":"warn","msg":"revision_rewrite_failed","passName":"intention","message":"Gemini provider not available (GEMINI_API_KEY not set)"}
# {"time":"2026-08-05T02:28:51.299Z","level":"warn","msg":"revision_rewrite_failed","passName":"intention","message":"Gemini provider not available (GEMINI_API_KEY not set)"}
# {"time":"2026-08-05T02:28:51.300Z","level":"warn","msg":"revision_rewrite_failed","passName":"intention","message":"Gemini provider not available (GEMINI_API_KEY not set)"}
# {"time":"2026-08-05T02:28:51.301Z","level":"warn","msg":"revision_rewrite_failed","passName":"intention","message":"Gemini provider not available (GEMINI_API_KEY not set)"}
# {"time":"2026-08-05T02:28:51.302Z","level":"warn","msg":"revision_rewrite_failed","passName":"intention","message":"Gemini provider not available (GEMINI_API_KEY not set)"}
# {"time":"2026-08-05T02:28:51.303Z","level":"warn","msg":"revision_rewrite_failed","passName":"intention","message":"Gemini provider not available (GEMINI_API_KEY not set)"}
# {"time":"2026-08-05T02:28:51.304Z","level":"warn","msg":"revision_rewrite_failed","passName":"intention","message":"Gemini provider not available (GEMINI_API_KEY not set)"}
# {"time":"2026-08-05T02:28:51.306Z","level":"warn","msg":"revision_rewrite_failed","passName":"intention","message":"Gemini provider not available (GEMINI_API_KEY not set)"}
# {"time":"2026-08-05T02:28:51.307Z","level":"warn","msg":"revision_rewrite_failed","passName":"intention","message":"Gemini provider not available (GEMINI_API_KEY not set)"}
# {"time":"2026-08-05T02:28:51.308Z","level":"warn","msg":"revision_rewrite_failed","passName":"intention","message":"Gemini provider not available (GEMINI_API_KEY not set)"}
# {"time":"2026-08-05T02:28:51.309Z","level":"warn","msg":"revision_rewrite_failed","passName":"intention","message":"Gemini provider not available (GEMINI_API_KEY not set)"}
# {"time":"2026-08-05T02:28:51.310Z","level":"warn","msg":"revision_rewrite_failed","passName":"intention","message":"Gemini provider not available (GEMINI_API_KEY not set)"}
# {"time":"2026-08-05T02:28:51.310Z","level":"warn","msg":"revision_rewrite_failed","passName":"intention","message":"Gemini provider not available (GEMINI_API_KEY not set)"}
# {"time":"2026-08-05T02:28:51.312Z","level":"warn","msg":"revision_rewrite_failed","passName":"intention","message":"Gemini provider not available (GEMINI_API_KEY not set)"}
# {"time":"2026-08-05T02:28:51.312Z","level":"warn","msg":"revision_rewrite_failed","passName":"intention","message":"Gemini provider not available (GEMINI_API_KEY not set)"}
# {"time":"2026-08-05T02:28:51.314Z","level":"warn","msg":"revision_rewrite_failed","passName":"intention","message":"Gemini provider not available (GEMINI_API_KEY not set)"}
# {"time":"2026-08-05T02:28:51.315Z","level":"warn","msg":"revision_rewrite_failed","passName":"intention","message":"Gemini provider not available (GEMINI_API_KEY not set)"}
# {"time":"2026-08-05T02:28:51.316Z","level":"warn","msg":"revision_rewrite_failed","passName":"intention","message":"Gemini provider not available (GEMINI_API_KEY not set)"}
# {"time":"2026-08-05T02:28:51.317Z","level":"warn","msg":"revision_rewrite_failed","passName":"intention","message":"Gemini provider not available (GEMINI_API_KEY not set)"}
# {"time":"2026-08-05T02:28:51.318Z","level":"warn","msg":"revision_rewrite_failed","passName":"intention","message":"Gemini provider not available (GEMINI_API_KEY not set)"}
# {"time":"2026-08-05T02:28:51.321Z","level":"warn","msg":"revision_rewrite_failed","passName":"intention","message":"Gemini provider not available (GEMINI_API_KEY not set)"}
# {"time":"2026-08-05T02:28:51.322Z","level":"warn","msg":"revision_rewrite_failed","passName":"intention","message":"Gemini provider not available (GEMINI_API_KEY not set)"}
# {"time":"2026-08-05T02:28:51.323Z","level":"warn","msg":"revision_rewrite_failed","passName":"intention","message":"Gemini provider not available (GEMINI_API_KEY not set)"}
# {"time":"2026-08-05T02:28:51.324Z","level":"warn","msg":"revision_rewrite_failed","passName":"intention","message":"Gemini provider not available (GEMINI_API_KEY not set)"}
# {"time":"2026-08-05T02:28:51.325Z","level":"warn","msg":"revision_rewrite_failed","passName":"intention","message":"Gemini provider not available (GEMINI_API_KEY not set)"}
# {"time":"2026-08-05T02:28:51.326Z","level":"warn","msg":"revision_rewrite_failed","passName":"intention","message":"Gemini provider not available (GEMINI_API_KEY not set)"}
# {"time":"2026-08-05T02:28:51.327Z","level":"warn","msg":"revision_rewrite_failed","passName":"intention","message":"Gemini provider not available (GEMINI_API_KEY not set)"}
# {"time":"2026-08-05T02:28:51.328Z","level":"warn","msg":"revision_rewrite_failed","passName":"intention","message":"Gemini provider not available (GEMINI_API_KEY not set)"}
# {"time":"2026-08-05T02:28:51.329Z","level":"warn","msg":"revision_rewrite_failed","passName":"intention","message":"Gemini provider not available (GEMINI_API_KEY not set)"}
# {"time":"2026-08-05T02:28:51.330Z","level":"warn","msg":"revision_rewrite_failed","passName":"intention","message":"Gemini provider not available (GEMINI_API_KEY not set)"}
# {"time":"2026-08-05T02:28:51.331Z","level":"warn","msg":"revision_rewrite_failed","passName":"intention","message":"Gemini provider not available (GEMINI_API_KEY not set)"}
# {"time":"2026-08-05T02:28:51.332Z","level":"warn","msg":"revision_rewrite_failed","passName":"intention","message":"Gemini provider not available (GEMINI_API_KEY not set)"}
# {"time":"2026-08-05T02:28:51.333Z","level":"warn","msg":"revision_rewrite_failed","passName":"intention","message":"Gemini provider not available (GEMINI_API_KEY not set)"}
# {"time":"2026-08-05T02:28:51.334Z","level":"warn","msg":"revision_rewrite_failed","passName":"intention","message":"Gemini provider not available (GEMINI_API_KEY not set)"}
# {"time":"2026-08-05T02:28:51.335Z","level":"warn","msg":"revision_rewrite_failed","passName":"intention","message":"Gemini provider not available (GEMINI_API_KEY not set)"}
# {"time":"2026-08-05T02:28:51.336Z","level":"warn","msg":"revision_rewrite_failed","passName":"intention","message":"Gemini provider not available (GEMINI_API_KEY not set)"}
# {"time":"2026-08-05T02:28:51.337Z","level":"warn","msg":"revision_rewrite_failed","passName":"intention","message":"Gemini provider not available (GEMINI_API_KEY not set)"}
# {"time":"2026-08-05T02:28:51.338Z","level":"warn","msg":"revision_rewrite_failed","passName":"intention","message":"Gemini provider not available (GEMINI_API_KEY not set)"}
# {"time":"2026-08-05T02:28:51.339Z","level":"warn","msg":"revision_rewrite_failed","passName":"intention","message":"Gemini provider not available (GEMINI_API_KEY not set)"}
# {"time":"2026-08-05T02:28:51.340Z","level":"warn","msg":"revision_rewrite_failed","passName":"intention","message":"Gemini provider not available (GEMINI_API_KEY not set)"}
# {"time":"2026-08-05T02:28:51.341Z","level":"warn","msg":"revision_rewrite_failed","passName":"intention","message":"Gemini provider not available (GEMINI_API_KEY not set)"}
# {"time":"2026-08-05T02:28:51.342Z","level":"warn","msg":"revision_rewrite_failed","passName":"intention","message":"Gemini provider not available (GEMINI_API_KEY not set)"}
# {"time":"2026-08-05T02:28:51.343Z","level":"warn","msg":"revision_rewrite_failed","passName":"intention","message":"Gemini provider not available (GEMINI_API_KEY not set)"}
# {"time":"2026-08-05T02:28:51.344Z","level":"warn","msg":"revision_rewrite_failed","passName":"intention","message":"Gemini provider not available (GEMINI_API_KEY not set)"}
# {"time":"2026-08-05T02:28:51.345Z","level":"warn","msg":"revision_rewrite_failed","passName":"intention","message":"Gemini provider not available (GEMINI_API_KEY not set)"}
# {"time":"2026-08-05T02:28:51.346Z","level":"warn","msg":"revision_rewrite_failed","passName":"intention","message":"Gemini provider not available (GEMINI_API_KEY not set)"}
# {"time":"2026-08-05T02:28:51.347Z","level":"warn","msg":"revision_rewrite_failed","passName":"intention","message":"Gemini provider not available (GEMINI_API_KEY not set)"}
# {"time":"2026-08-05T02:28:51.348Z","level":"warn","msg":"revision_rewrite_failed","passName":"intention","message":"Gemini provider not available (GEMINI_API_KEY not set)"}
# {"time":"2026-08-05T02:28:51.349Z","level":"warn","msg":"revision_rewrite_failed","passName":"intention","message":"Gemini provider not available (GEMINI_API_KEY not set)"}
# {"time":"2026-08-05T02:28:51.350Z","level":"warn","msg":"revision_rewrite_failed","passName":"intention","message":"Gemini provider not available (GEMINI_API_KEY not set)"}
# {"time":"2026-08-05T02:28:51.351Z","level":"warn","msg":"revision_rewrite_failed","passName":"intention","message":"Gemini provider not available (GEMINI_API_KEY not set)"}
# {"time":"2026-08-05T02:28:51.352Z","level":"warn","msg":"revision_rewrite_failed","passName":"intention","message":"Gemini provider not available (GEMINI_API_KEY not set)"}
# {"time":"2026-08-05T02:28:51.353Z","level":"warn","msg":"revision_rewrite_failed","passName":"intention","message":"Gemini provider not available (GEMINI_API_KEY not set)"}
# {"time":"2026-08-05T02:28:51.356Z","level":"warn","msg":"revision_rewrite_failed","passName":"intention","message":"Gemini provider not available (GEMINI_API_KEY not set)"}
# {"time":"2026-08-05T02:28:51.357Z","level":"warn","msg":"revision_rewrite_failed","passName":"intention","message":"Gemini provider not available (GEMINI_API_KEY not set)"}
# {"time":"2026-08-05T02:28:51.358Z","level":"warn","msg":"revision_rewrite_failed","passName":"intention","message":"Gemini provider not available (GEMINI_API_KEY not set)"}
# {"time":"2026-08-05T02:28:51.366Z","level":"warn","msg":"revision_rewrite_failed","passName":"intention","message":"Gemini provider not available (GEMINI_API_KEY not set)"}
# {"time":"2026-08-05T02:28:51.368Z","level":"warn","msg":"revision_rewrite_failed","passName":"intention","message":"Gemini provider not available (GEMINI_API_KEY not set)"}
# {"time":"2026-08-05T02:28:51.388Z","level":"warn","msg":"revision_rewrite_failed","passName":"intention","message":"Gemini provider not available (GEMINI_API_KEY not set)"}
# {"time":"2026-08-05T02:28:51.390Z","level":"warn","msg":"revision_rewrite_failed","passName":"intention","message":"Gemini provider not available (GEMINI_API_KEY not set)"}
# {"time":"2026-08-05T02:28:51.391Z","level":"warn","msg":"revision_rewrite_failed","passName":"intention","message":"Gemini provider not available (GEMINI_API_KEY not set)"}
# {"time":"2026-08-05T02:28:51.396Z","level":"warn","msg":"revision_rewrite_failed","passName":"intention","message":"Gemini provider not available (GEMINI_API_KEY not set)"}
# {"time":"2026-08-05T02:28:51.398Z","level":"warn","msg":"revision_rewrite_failed","passName":"intention","message":"Gemini provider not available (GEMINI_API_KEY not set)"}
# {"time":"2026-08-05T02:28:51.399Z","level":"warn","msg":"revision_rewrite_failed","passName":"intention","message":"Gemini provider not available (GEMINI_API_KEY not set)"}
# {"time":"2026-08-05T02:28:51.401Z","level":"warn","msg":"revision_rewrite_failed","passName":"intention","message":"Gemini provider not available (GEMINI_API_KEY not set)"}
# {"time":"2026-08-05T02:28:51.402Z","level":"warn","msg":"revision_rewrite_failed","passName":"intention","message":"Gemini provider not available (GEMINI_API_KEY not set)"}
# {"time":"2026-08-05T02:28:51.403Z","level":"warn","msg":"revision_rewrite_failed","passName":"intention","message":"Gemini provider not available (GEMINI_API_KEY not set)"}
# {"time":"2026-08-05T02:28:51.404Z","level":"warn","msg":"revision_rewrite_failed","passName":"intention","message":"Gemini provider not available (GEMINI_API_KEY not set)"}
# {"time":"2026-08-05T02:28:51.405Z","level":"warn","msg":"revision_rewrite_failed","passName":"intention","message":"Gemini provider not available (GEMINI_API_KEY not set)"}
# {"time":"2026-08-05T02:28:51.406Z","level":"warn","msg":"revision_rewrite_failed","passName":"intention","message":"Gemini provider not available (GEMINI_API_KEY not set)"}
# {"time":"2026-08-05T02:28:51.407Z","level":"warn","msg":"revision_rewrite_failed","passName":"intention","message":"Gemini provider not available (GEMINI_API_KEY not set)"}
# {"time":"2026-08-05T02:28:51.408Z","level":"warn","msg":"revision_rewrite_failed","passName":"intention","message":"Gemini provider not available (GEMINI_API_KEY not set)"}
# {"time":"2026-08-05T02:28:51.409Z","level":"warn","msg":"revision_rewrite_failed","passName":"intention","message":"Gemini provider not available (GEMINI_API_KEY not set)"}
# {"time":"2026-08-05T02:28:51.410Z","level":"warn","msg":"revision_rewrite_failed","passName":"intention","message":"Gemini provider not available (GEMINI_API_KEY not set)"}
# {"time":"2026-08-05T02:28:51.411Z","level":"warn","msg":"revision_rewrite_failed","passName":"intention","message":"Gemini provider not available (GEMINI_API_KEY not set)"}
# {"time":"2026-08-05T02:28:51.412Z","level":"warn","msg":"revision_rewrite_failed","passName":"intention","message":"Gemini provider not available (GEMINI_API_KEY not set)"}
# {"time":"2026-08-05T02:28:51.413Z","level":"warn","msg":"revision_rewrite_failed","passName":"intention","message":"Gemini provider not available (GEMINI_API_KEY not set)"}
# {"time":"2026-08-05T02:28:51.414Z","level":"warn","msg":"revision_rewrite_failed","passName":"intention","message":"Gemini provider not available (GEMINI_API_KEY not set)"}
# {"time":"2026-08-05T02:28:51.415Z","level":"warn","msg":"revision_rewrite_failed","passName":"intention","message":"Gemini provider not available (GEMINI_API_KEY not set)"}
# {"time":"2026-08-05T02:28:51.417Z","level":"warn","msg":"revision_rewrite_failed","passName":"intention","message":"Gemini provider not available (GEMINI_API_KEY not set)"}
# {"time":"2026-08-05T02:28:51.418Z","level":"warn","msg":"revision_rewrite_failed","passName":"intention","message":"Gemini provider not available (GEMINI_API_KEY not set)"}
# {"time":"2026-08-05T02:28:51.418Z","level":"warn","msg":"revision_rewrite_failed","passName":"intention","message":"Gemini provider not available (GEMINI_API_KEY not set)"}
# {"time":"2026-08-05T02:28:51.419Z","level":"warn","msg":"revision_rewrite_failed","passName":"intention","message":"Gemini provider not available (GEMINI_API_KEY not set)"}
# {"time":"2026-08-05T02:28:51.420Z","level":"warn","msg":"revision_rewrite_failed","passName":"intention","message":"Gemini provider not available (GEMINI_API_KEY not set)"}
# {"time":"2026-08-05T02:28:51.421Z","level":"warn","msg":"revision_rewrite_failed","passName":"intention","message":"Gemini provider not available (GEMINI_API_KEY not set)"}
# {"time":"2026-08-05T02:28:51.422Z","level":"warn","msg":"revision_rewrite_failed","passName":"intention","message":"Gemini provider not available (GEMINI_API_KEY not set)"}
# {"time":"2026-08-05T02:28:51.423Z","level":"warn","msg":"revision_rewrite_failed","passName":"intention","message":"Gemini provider not available (GEMINI_API_KEY not set)"}
# {"time":"2026-08-05T02:28:51.423Z","level":"warn","msg":"revision_rewrite_failed","passName":"intention","message":"Gemini provider not available (GEMINI_API_KEY not set)"}
# Subtest: Wave 1193 — intentionPass: protagonist deference run, agency proxy, acted-upon finale
    # Subtest: fires when the most-present speaker assents through the plot with no commitment line
    ok 1 - fires when the most-present speaker assents through the plot with no commitment line
      ---
      duration_ms: 19.939848
      type: 'test'
      ...
    # Subtest: does NOT fire PROTAGONIST_DEFERENCE_RUN when the protagonist commits to an action of their own
    ok 2 - does NOT fire PROTAGONIST_DEFERENCE_RUN when the protagonist commits to an action of their own
      ---
      duration_ms: 3.141254
      type: 'test'
      ...
    # Subtest: fires when another character performs the protagonist's decisions 3+ times unreclaimed
    ok 3 - fires when another character performs the protagonist's decisions 3+ times unreclaimed
      ---
      duration_ms: 5.278176
      type: 'test'
      ...
    # Subtest: does NOT fire AGENCY_PROXY when the protagonist reclaims an action after the proxying starts
    ok 4 - does NOT fire AGENCY_PROXY when the protagonist reclaims an action after the proxying starts
      ---
      duration_ms: 2.175139
      type: 'test'
      ...
    # Subtest: fires when the final third shows the protagonist only as a receiver
    ok 5 - fires when the final third shows the protagonist only as a receiver
      ---
      duration_ms: 8.249277
      type: 'test'
      ...
    # Subtest: does NOT fire PROTAGONIST_ACTED_UPON_FINALE when the protagonist takes one initiative beat
    ok 6 - does NOT fire PROTAGONIST_ACTED_UPON_FINALE when the protagonist takes one initiative beat
      ---
      duration_ms: 1.366887
      type: 'test'
      ...
    1..6
ok 1359 - Wave 1193 — intentionPass: protagonist deference run, agency proxy, acted-upon finale
  ---
  duration_ms: 41.865501
  type: 'suite'
  ...
# Subtest: Wave 171 — intentionPass: goal inversion, passive act3 intention, misplaced entropy spike
    # Subtest: intentionPass detects GOAL_INVERSION_ABSENT when no proactive scene backfires
    ok 1 - intentionPass detects GOAL_INVERSION_ABSENT when no proactive scene backfires
      ---
      duration_ms: 1.73021
      type: 'test'
      ...
    # Subtest: intentionPass does NOT fire GOAL_INVERSION_ABSENT when a proactive scene backfires
    ok 2 - intentionPass does NOT fire GOAL_INVERSION_ABSENT when a proactive scene backfires
      ---
      duration_ms: 3.328553
      type: 'test'
      ...
    # Subtest: intentionPass does NOT fire GOAL_INVERSION_ABSENT when the backfire lands one beat after a compact proactive scene
    ok 3 - intentionPass does NOT fire GOAL_INVERSION_ABSENT when the backfire lands one beat after a compact proactive scene
      ---
      duration_ms: 1.312318
      type: 'test'
      ...
    # Subtest: intentionPass does NOT fire GOAL_INVERSION_ABSENT when a proactive scene itself deflates tension
    ok 4 - intentionPass does NOT fire GOAL_INVERSION_ABSENT when a proactive scene itself deflates tension
      ---
      duration_ms: 1.340814
      type: 'test'
      ...
    # Subtest: intentionPass still fires GOAL_INVERSION_ABSENT when a negative shift precedes the proactive scene but never follows it
    ok 5 - intentionPass still fires GOAL_INVERSION_ABSENT when a negative shift precedes the proactive scene but never follows it
      ---
      duration_ms: 1.457617
      type: 'test'
      ...
    # Subtest: intentionPass detects PASSIVE_ACT3_INTENTION when protagonist initiates nothing in Act 3
    ok 6 - intentionPass detects PASSIVE_ACT3_INTENTION when protagonist initiates nothing in Act 3
      ---
      duration_ms: 4.50563
      type: 'test'
      ...
    # Subtest: intentionPass does NOT fire PASSIVE_ACT3_INTENTION when protagonist acts in Act 3
    ok 7 - intentionPass does NOT fire PASSIVE_ACT3_INTENTION when protagonist acts in Act 3
      ---
      duration_ms: 2.124386
      type: 'test'
      ...
    # Subtest: intentionPass detects ENTROPY_SPIKE_MISPLACED when peak momentum lands in Act 1
    ok 8 - intentionPass detects ENTROPY_SPIKE_MISPLACED when peak momentum lands in Act 1
      ---
      duration_ms: 1.876138
      type: 'test'
      ...
    # Subtest: intentionPass does NOT fire ENTROPY_SPIKE_MISPLACED when peak momentum lands near the climax
    ok 9 - intentionPass does NOT fire ENTROPY_SPIKE_MISPLACED when peak momentum lands near the climax
      ---
      duration_ms: 1.67229
      type: 'test'
      ...
    1..9
ok 1360 - Wave 171 — intentionPass: goal inversion, passive act3 intention, misplaced entropy spike
  ---
  duration_ms: 20.181321
  type: 'suite'
  ...
# Subtest: Wave 188 — intentionPass: entropy arc flat, intention convergence, entropy cliff
    # Subtest: ESCALATION_ENTROPY_FLAT fires when Act 2b entropy is no higher than Act 2a
    ok 1 - ESCALATION_ENTROPY_FLAT fires when Act 2b entropy is no higher than Act 2a
      ---
      duration_ms: 4.944794
      type: 'test'
      ...
    # Subtest: ESCALATION_ENTROPY_FLAT does not fire when Act 2b entropy exceeds Act 2a
    ok 2 - ESCALATION_ENTROPY_FLAT does not fire when Act 2b entropy exceeds Act 2a
      ---
      duration_ms: 5.416355
      type: 'test'
      ...
    # Subtest: INTENTION_CONVERGENCE_ABSENT fires when clues and clock never share a scene
    ok 3 - INTENTION_CONVERGENCE_ABSENT fires when clues and clock never share a scene
      ---
      duration_ms: 1.448651
      type: 'test'
      ...
    # Subtest: INTENTION_CONVERGENCE_ABSENT does not fire when a scene has both clue and clock
    ok 4 - INTENTION_CONVERGENCE_ABSENT does not fire when a scene has both clue and clock
      ---
      duration_ms: 9.797017
      type: 'test'
      ...
    # Subtest: ENTROPY_CLIFF fires when three high-entropy scenes drop to two zero-entropy scenes
    ok 5 - ENTROPY_CLIFF fires when three high-entropy scenes drop to two zero-entropy scenes
      ---
      duration_ms: 3.110146
      type: 'test'
      ...
    # Subtest: ENTROPY_CLIFF does not fire when the high-run transition stays above 0.5
    ok 6 - ENTROPY_CLIFF does not fire when the high-run transition stays above 0.5
      ---
      duration_ms: 1.545594
      type: 'test'
      ...
    1..6
ok 1361 - Wave 188 — intentionPass: entropy arc flat, intention convergence, entropy cliff
  ---
  duration_ms: 39.071028
  type: 'suite'
  ...
# Subtest: Wave 230 — intentionPass: secondary intention vacuum, proactive overclustering, reactive goal adoption
    # Subtest: SECONDARY_INTENTION_VACUUM fires when all highlights belong to one character
    ok 1 - SECONDARY_INTENTION_VACUUM fires when all highlights belong to one character
      ---
      duration_ms: 5.259137
      type: 'test'
      ...
    # Subtest: SECONDARY_INTENTION_VACUUM does NOT fire when a secondary has tracked intentions
    ok 2 - SECONDARY_INTENTION_VACUUM does NOT fire when a secondary has tracked intentions
      ---
      duration_ms: 2.13177
      type: 'test'
      ...
    # Subtest: PROACTIVE_OVERCLUSTERING fires when all proactive acts are in a tight cluster
    ok 3 - PROACTIVE_OVERCLUSTERING fires when all proactive acts are in a tight cluster
      ---
      duration_ms: 1.992908
      type: 'test'
      ...
    # Subtest: PROACTIVE_OVERCLUSTERING does NOT fire when proactive acts are spread out
    ok 4 - PROACTIVE_OVERCLUSTERING does NOT fire when proactive acts are spread out
      ---
      duration_ms: 1.987235
      type: 'test'
      ...
    # Subtest: REACTIVE_GOAL_ADOPTION fires when all proactive acts follow negative triggers
    ok 5 - REACTIVE_GOAL_ADOPTION fires when all proactive acts follow negative triggers
      ---
      duration_ms: 1.305898
      type: 'test'
      ...
    # Subtest: REACTIVE_GOAL_ADOPTION does NOT fire when at least one proactive act is autonomous
    ok 6 - REACTIVE_GOAL_ADOPTION does NOT fire when at least one proactive act is autonomous
      ---
      duration_ms: 1.080598
      type: 'test'
      ...
    1..6
ok 1362 - Wave 230 — intentionPass: secondary intention vacuum, proactive overclustering, reactive goal adoption
  ---
  duration_ms: 14.079481
  type: 'suite'
  ...
# Subtest: Wave 381 — intentionPass: proactive Act 2b void, proactive front-loaded, proactive revelation coincidence absent
    # Subtest: PROACTIVE_ACT2B_VOID fires when no proactive act lands in the 50-75% zone
    ok 1 - PROACTIVE_ACT2B_VOID fires when no proactive act lands in the 50-75% zone
      ---
      duration_ms: 2.167061
      type: 'test'
      ...
    # Subtest: PROACTIVE_ACT2B_VOID does not fire when a proactive act lands in Act 2b
    ok 2 - PROACTIVE_ACT2B_VOID does not fire when a proactive act lands in Act 2b
      ---
      duration_ms: 2.839255
      type: 'test'
      ...
    # Subtest: PROACTIVE_FRONTLOADED fires when >70% of proactive acts fall in the first half
    ok 3 - PROACTIVE_FRONTLOADED fires when >70% of proactive acts fall in the first half
      ---
      duration_ms: 2.08719
      type: 'test'
      ...
    # Subtest: PROACTIVE_FRONTLOADED does not fire when proactive acts are balanced across halves
    ok 4 - PROACTIVE_FRONTLOADED does not fire when proactive acts are balanced across halves
      ---
      duration_ms: 1.337024
      type: 'test'
      ...
    # Subtest: PROACTIVE_REVELATION_COINCIDENCE_ABSENT fires when no proactive scene is also a revelation
    ok 5 - PROACTIVE_REVELATION_COINCIDENCE_ABSENT fires when no proactive scene is also a revelation
      ---
      duration_ms: 1.241678
      type: 'test'
      ...
    # Subtest: PROACTIVE_REVELATION_COINCIDENCE_ABSENT does not fire when a proactive scene is also a revelation
    ok 6 - PROACTIVE_REVELATION_COINCIDENCE_ABSENT does not fire when a proactive scene is also a revelation
      ---
      duration_ms: 1.116014
      type: 'test'
      ...
    1..6
ok 1363 - Wave 381 — intentionPass: proactive Act 2b void, proactive front-loaded, proactive revelation coincidence absent
  ---
  duration_ms: 11.077803
  type: 'suite'
  ...
# Subtest: Wave 367 — intentionPass: proactive adversity absent, proactive backloaded, proactive payoff coincidence absent
    # Subtest: PROACTIVE_ADVERSITY_ABSENT fires when no negative-emotion scene is proactive
    ok 1 - PROACTIVE_ADVERSITY_ABSENT fires when no negative-emotion scene is proactive
      ---
      duration_ms: 1.253922
      type: 'test'
      ...
    # Subtest: PROACTIVE_ADVERSITY_ABSENT does not fire when a negative-emotion scene is proactive
    ok 2 - PROACTIVE_ADVERSITY_ABSENT does not fire when a negative-emotion scene is proactive
      ---
      duration_ms: 1.059417
      type: 'test'
      ...
    # Subtest: PROACTIVE_BACKLOADED fires when >70% of proactive acts fall in the second half
    ok 3 - PROACTIVE_BACKLOADED fires when >70% of proactive acts fall in the second half
      ---
      duration_ms: 2.055383
      type: 'test'
      ...
    # Subtest: PROACTIVE_BACKLOADED does not fire when proactive acts are balanced across halves
    ok 4 - PROACTIVE_BACKLOADED does not fire when proactive acts are balanced across halves
      ---
      duration_ms: 1.274494
      type: 'test'
      ...
    # Subtest: PROACTIVE_PAYOFF_COINCIDENCE_ABSENT fires when no scene is both proactive and a payoff
    ok 5 - PROACTIVE_PAYOFF_COINCIDENCE_ABSENT fires when no scene is both proactive and a payoff
      ---
      duration_ms: 1.746096
      type: 'test'
      ...
    # Subtest: PROACTIVE_PAYOFF_COINCIDENCE_ABSENT does not fire when a scene is both proactive and a payoff
    ok 6 - PROACTIVE_PAYOFF_COINCIDENCE_ABSENT does not fire when a scene is both proactive and a payoff
      ---
      duration_ms: 4.386613
      type: 'test'
      ...
    1..6
ok 1364 - Wave 367 — intentionPass: proactive adversity absent, proactive backloaded, proactive payoff coincidence absent
  ---
  duration_ms: 12.058685
  type: 'suite'
  ...
# Subtest: Wave 353 — intentionPass: proactive curiosity decoupled, proactive suspense peak decoupled, proactive curiosity peak decoupled
    # Subtest: PROACTIVE_CURIOSITY_DECOUPLED fires when proactive scenes avg curiosityDelta ≤ 0
    ok 1 - PROACTIVE_CURIOSITY_DECOUPLED fires when proactive scenes avg curiosityDelta ≤ 0
      ---
      duration_ms: 1.339842
      type: 'test'
      ...
    # Subtest: PROACTIVE_CURIOSITY_DECOUPLED does not fire when proactive scenes raise curiosity
    ok 2 - PROACTIVE_CURIOSITY_DECOUPLED does not fire when proactive scenes raise curiosity
      ---
      duration_ms: 1.053781
      type: 'test'
      ...
    # Subtest: PROACTIVE_SUSPENSE_PEAK_DECOUPLED fires when the peak-suspense scene is not proactive
    ok 3 - PROACTIVE_SUSPENSE_PEAK_DECOUPLED fires when the peak-suspense scene is not proactive
      ---
      duration_ms: 0.955423
      type: 'test'
      ...
    # Subtest: PROACTIVE_SUSPENSE_PEAK_DECOUPLED does not fire when the peak-suspense scene is proactive
    ok 4 - PROACTIVE_SUSPENSE_PEAK_DECOUPLED does not fire when the peak-suspense scene is proactive
      ---
      duration_ms: 0.861327
      type: 'test'
      ...
    # Subtest: PROACTIVE_CURIOSITY_PEAK_DECOUPLED fires when the peak-curiosity scene is not proactive
    ok 5 - PROACTIVE_CURIOSITY_PEAK_DECOUPLED fires when the peak-curiosity scene is not proactive
      ---
      duration_ms: 3.916427
      type: 'test'
      ...
    # Subtest: PROACTIVE_CURIOSITY_PEAK_DECOUPLED does not fire when the peak-curiosity scene is proactive
    ok 6 - PROACTIVE_CURIOSITY_PEAK_DECOUPLED does not fire when the peak-curiosity scene is proactive
      ---
      duration_ms: 0.831874
      type: 'test'
      ...
    1..6
ok 1365 - Wave 353 — intentionPass: proactive curiosity decoupled, proactive suspense peak decoupled, proactive curiosity peak decoupled
  ---
  duration_ms: 9.253763
  type: 'suite'
  ...
# Subtest: Wave 339 — intentionPass: proactive emotion decoupled, proactive revelation absent, proactive relationship void
    # Subtest: PROACTIVE_EMOTION_DECOUPLED fires when all proactive scenes are emotionally neutral
    ok 1 - PROACTIVE_EMOTION_DECOUPLED fires when all proactive scenes are emotionally neutral
      ---
      duration_ms: 1.073349
      type: 'test'
      ...
    # Subtest: PROACTIVE_EMOTION_DECOUPLED does not fire when a proactive scene carries emotion
    ok 2 - PROACTIVE_EMOTION_DECOUPLED does not fire when a proactive scene carries emotion
      ---
      duration_ms: 0.982219
      type: 'test'
      ...
    # Subtest: PROACTIVE_REVELATION_ABSENT fires when no proactive scene is followed by a revelation
    ok 3 - PROACTIVE_REVELATION_ABSENT fires when no proactive scene is followed by a revelation
      ---
      duration_ms: 0.900432
      type: 'test'
      ...
    # Subtest: PROACTIVE_REVELATION_ABSENT does not fire when a proactive act leads to a revelation
    ok 4 - PROACTIVE_REVELATION_ABSENT does not fire when a proactive act leads to a revelation
      ---
      duration_ms: 0.894164
      type: 'test'
      ...
    # Subtest: PROACTIVE_RELATIONSHIP_VOID fires when no proactive scene has a relationship shift
    ok 5 - PROACTIVE_RELATIONSHIP_VOID fires when no proactive scene has a relationship shift
      ---
      duration_ms: 0.837103
      type: 'test'
      ...
    # Subtest: PROACTIVE_RELATIONSHIP_VOID does not fire when a proactive scene moves a bond
    ok 6 - PROACTIVE_RELATIONSHIP_VOID does not fire when a proactive scene moves a bond
      ---
      duration_ms: 0.844777
      type: 'test'
      ...
    1..6
ok 1366 - Wave 339 — intentionPass: proactive emotion decoupled, proactive revelation absent, proactive relationship void
  ---
  duration_ms: 5.854472
  type: 'suite'
  ...
# Subtest: Wave 314 — intentionPass: proactive suspense decoupled, proactive global scarcity, stakes raised externally
    # Subtest: PROACTIVE_SUSPENSE_DECOUPLED fires when proactive scenes average suspenseDelta ≤ 0
    ok 1 - PROACTIVE_SUSPENSE_DECOUPLED fires when proactive scenes average suspenseDelta ≤ 0
      ---
      duration_ms: 1.424247
      type: 'test'
      ...
    # Subtest: PROACTIVE_SUSPENSE_DECOUPLED does not fire when proactive scenes raise suspense
    ok 2 - PROACTIVE_SUSPENSE_DECOUPLED does not fire when proactive scenes raise suspense
      ---
      duration_ms: 1.104623
      type: 'test'
      ...
    # Subtest: PROACTIVE_GLOBAL_SCARCITY fires when under 15% of scenes are proactive
    ok 3 - PROACTIVE_GLOBAL_SCARCITY fires when under 15% of scenes are proactive
      ---
      duration_ms: 0.962414
      type: 'test'
      ...
    # Subtest: PROACTIVE_GLOBAL_SCARCITY does not fire when agency is well distributed
    ok 4 - PROACTIVE_GLOBAL_SCARCITY does not fire when agency is well distributed
      ---
      duration_ms: 1.023448
      type: 'test'
      ...
    # Subtest: STAKES_RAISED_EXTERNALLY fires when raise_stakes scenes are never proactive
    ok 5 - STAKES_RAISED_EXTERNALLY fires when raise_stakes scenes are never proactive
      ---
      duration_ms: 1.128123
      type: 'test'
      ...
    # Subtest: STAKES_RAISED_EXTERNALLY does not fire when a stakes scene is proactive
    ok 6 - STAKES_RAISED_EXTERNALLY does not fire when a stakes scene is proactive
      ---
      duration_ms: 1.124806
      type: 'test'
      ...
    1..6
ok 1367 - Wave 314 — intentionPass: proactive suspense decoupled, proactive global scarcity, stakes raised externally
  ---
  duration_ms: 7.039472
  type: 'suite'
  ...
# Subtest: Wave 1179 — intentionPass (distinct-mode pivot): intention clock-delta back-loaded, intention relationship front-loaded, intention highlight back-loaded
    # Subtest: INTENTION_CLOCK_DELTA_BACK_LOADED fires when clock-shifting scenes concentrate in the back half
    ok 1 - INTENTION_CLOCK_DELTA_BACK_LOADED fires when clock-shifting scenes concentrate in the back half
      ---
      duration_ms: 2.104185
      type: 'test'
      ...
    # Subtest: INTENTION_CLOCK_DELTA_BACK_LOADED does not fire when clock-shifting scenes are evenly split across halves
    ok 2 - INTENTION_CLOCK_DELTA_BACK_LOADED does not fire when clock-shifting scenes are evenly split across halves
      ---
      duration_ms: 1.002214
      type: 'test'
      ...
    # Subtest: INTENTION_RELATIONSHIP_FRONT_LOADED fires when relationship-shift scenes concentrate in the front half
    ok 3 - INTENTION_RELATIONSHIP_FRONT_LOADED fires when relationship-shift scenes concentrate in the front half
      ---
      duration_ms: 1.424671
      type: 'test'
      ...
    # Subtest: INTENTION_RELATIONSHIP_FRONT_LOADED does not fire when relationship-shift scenes are evenly split across halves
    ok 4 - INTENTION_RELATIONSHIP_FRONT_LOADED does not fire when relationship-shift scenes are evenly split across halves
      ---
      duration_ms: 1.334878
      type: 'test'
      ...
    # Subtest: INTENTION_HIGHLIGHT_BACK_LOADED fires when standout-dialogue scenes concentrate in the back half
    ok 5 - INTENTION_HIGHLIGHT_BACK_LOADED fires when standout-dialogue scenes concentrate in the back half
      ---
      duration_ms: 1.174632
      type: 'test'
      ...
    # Subtest: INTENTION_HIGHLIGHT_BACK_LOADED does not fire when standout-dialogue scenes are evenly split across halves
    ok 6 - INTENTION_HIGHLIGHT_BACK_LOADED does not fire when standout-dialogue scenes are evenly split across halves
      ---
      duration_ms: 1.154256
      type: 'test'
      ...
    1..6
ok 1368 - Wave 1179 — intentionPass (distinct-mode pivot): intention clock-delta back-loaded, intention relationship front-loaded, intention highlight back-loaded
  ---
  duration_ms: 8.502378
  type: 'suite'
  ...
# Subtest: Wave 1165 — intentionPass: intention revelation-suspense aftermath void, intention revelation-relational aftermath void, intention revelation-staging aftermath void
    # Subtest: INTENTION_REVELATION_SUSPENSE_AFTERMATH_VOID fires when every revelation is followed by two scenes with no suspense rise
    ok 1 - INTENTION_REVELATION_SUSPENSE_AFTERMATH_VOID fires when every revelation is followed by two scenes with no suspense rise
      ---
      duration_ms: 2.018016
      type: 'test'
      ...
    # Subtest: INTENTION_REVELATION_SUSPENSE_AFTERMATH_VOID does not fire when a revelation is followed by a suspense rise within its window
    ok 2 - INTENTION_REVELATION_SUSPENSE_AFTERMATH_VOID does not fire when a revelation is followed by a suspense rise within its window
      ---
      duration_ms: 1.309574
      type: 'test'
      ...
    # Subtest: INTENTION_REVELATION_RELATIONAL_AFTERMATH_VOID fires when every revelation is followed by two scenes with no relationship shift
    ok 3 - INTENTION_REVELATION_RELATIONAL_AFTERMATH_VOID fires when every revelation is followed by two scenes with no relationship shift
      ---
      duration_ms: 1.27184
      type: 'test'
      ...
    # Subtest: INTENTION_REVELATION_RELATIONAL_AFTERMATH_VOID does not fire when a revelation is followed by a relationship shift within its window
    ok 4 - INTENTION_REVELATION_RELATIONAL_AFTERMATH_VOID does not fire when a revelation is followed by a relationship shift within its window
      ---
      duration_ms: 1.208302
      type: 'test'
      ...
    # Subtest: INTENTION_REVELATION_STAGING_AFTERMATH_VOID fires when every revelation is followed by two scenes with no heavily-staged scene
    ok 5 - INTENTION_REVELATION_STAGING_AFTERMATH_VOID fires when every revelation is followed by two scenes with no heavily-staged scene
      ---
      duration_ms: 1.293476
      type: 'test'
      ...
    # Subtest: INTENTION_REVELATION_STAGING_AFTERMATH_VOID does not fire when a revelation is followed by a heavily-staged scene within its window
    ok 6 - INTENTION_REVELATION_STAGING_AFTERMATH_VOID does not fire when a revelation is followed by a heavily-staged scene within its window
      ---
      duration_ms: 1.103155
      type: 'test'
      ...
    1..6
ok 1369 - Wave 1165 — intentionPass: intention revelation-suspense aftermath void, intention revelation-relational aftermath void, intention revelation-staging aftermath void
  ---
  duration_ms: 8.501185
  type: 'suite'
  ...
# Subtest: Wave 1151 — intentionPass: intention turn-staging aftermath void, intention revelation-curiosity aftermath void, intention revelation-emotional aftermath void
    # Subtest: INTENTION_TURN_STAGING_AFTERMATH_VOID fires when every dramatic turn is followed by two scenes with no heavily-staged scene
    ok 1 - INTENTION_TURN_STAGING_AFTERMATH_VOID fires when every dramatic turn is followed by two scenes with no heavily-staged scene
      ---
      duration_ms: 1.451813
      type: 'test'
      ...
    # Subtest: INTENTION_TURN_STAGING_AFTERMATH_VOID does not fire when a dramatic turn is followed by a heavily-staged scene within its window
    ok 2 - INTENTION_TURN_STAGING_AFTERMATH_VOID does not fire when a dramatic turn is followed by a heavily-staged scene within its window
      ---
      duration_ms: 1.111414
      type: 'test'
      ...
    # Subtest: INTENTION_REVELATION_CURIOSITY_AFTERMATH_VOID fires when every revelation is followed by two scenes with no curiosity rise
    ok 3 - INTENTION_REVELATION_CURIOSITY_AFTERMATH_VOID fires when every revelation is followed by two scenes with no curiosity rise
      ---
      duration_ms: 8.676186
      type: 'test'
      ...
    # Subtest: INTENTION_REVELATION_CURIOSITY_AFTERMATH_VOID does not fire when a revelation is followed by a curiosity rise within its window
    ok 4 - INTENTION_REVELATION_CURIOSITY_AFTERMATH_VOID does not fire when a revelation is followed by a curiosity rise within its window
      ---
      duration_ms: 1.189458
      type: 'test'
      ...
    # Subtest: INTENTION_REVELATION_EMOTIONAL_AFTERMATH_VOID fires when every revelation is followed by two scenes with no emotional shift
    ok 5 - INTENTION_REVELATION_EMOTIONAL_AFTERMATH_VOID fires when every revelation is followed by two scenes with no emotional shift
      ---
      duration_ms: 1.214145
      type: 'test'
      ...
    # Subtest: INTENTION_REVELATION_EMOTIONAL_AFTERMATH_VOID does not fire when a revelation is followed by an emotional shift within its window
    ok 6 - INTENTION_REVELATION_EMOTIONAL_AFTERMATH_VOID does not fire when a revelation is followed by an emotional shift within its window
      ---
      duration_ms: 0.972963
      type: 'test'
      ...
    1..6
ok 1370 - Wave 1151 — intentionPass: intention turn-staging aftermath void, intention revelation-curiosity aftermath void, intention revelation-emotional aftermath void
  ---
  duration_ms: 14.902583
  type: 'suite'
  ...
# Subtest: Wave 1137 — intentionPass: intention payoff-dialogue-highlight aftermath void, intention payoff-staging aftermath void, intention turn-dialogue-highlight aftermath void
    # Subtest: INTENTION_PAYOFF_DIALOGUE_HIGHLIGHT_AFTERMATH_VOID fires when every payoff is followed by two scenes with no highlighted dialogue
    ok 1 - INTENTION_PAYOFF_DIALOGUE_HIGHLIGHT_AFTERMATH_VOID fires when every payoff is followed by two scenes with no highlighted dialogue
      ---
      duration_ms: 1.299754
      type: 'test'
      ...
    # Subtest: INTENTION_PAYOFF_DIALOGUE_HIGHLIGHT_AFTERMATH_VOID does not fire when a payoff is followed by highlighted dialogue within its window
    ok 2 - INTENTION_PAYOFF_DIALOGUE_HIGHLIGHT_AFTERMATH_VOID does not fire when a payoff is followed by highlighted dialogue within its window
      ---
      duration_ms: 1.066408
      type: 'test'
      ...
    # Subtest: INTENTION_PAYOFF_STAGING_AFTERMATH_VOID fires when every payoff is followed by two scenes with no heavily-staged scene
    ok 3 - INTENTION_PAYOFF_STAGING_AFTERMATH_VOID fires when every payoff is followed by two scenes with no heavily-staged scene
      ---
      duration_ms: 1.260917
      type: 'test'
      ...
    # Subtest: INTENTION_PAYOFF_STAGING_AFTERMATH_VOID does not fire when a payoff is followed by a heavily-staged scene within its window
    ok 4 - INTENTION_PAYOFF_STAGING_AFTERMATH_VOID does not fire when a payoff is followed by a heavily-staged scene within its window
      ---
      duration_ms: 1.102016
      type: 'test'
      ...
    # Subtest: INTENTION_TURN_DIALOGUE_HIGHLIGHT_AFTERMATH_VOID fires when every dramatic turn is followed by two scenes with no highlighted dialogue
    ok 5 - INTENTION_TURN_DIALOGUE_HIGHLIGHT_AFTERMATH_VOID fires when every dramatic turn is followed by two scenes with no highlighted dialogue
      ---
      duration_ms: 1.075451
      type: 'test'
      ...
    # Subtest: INTENTION_TURN_DIALOGUE_HIGHLIGHT_AFTERMATH_VOID does not fire when a dramatic turn is followed by highlighted dialogue within its window
    ok 6 - INTENTION_TURN_DIALOGUE_HIGHLIGHT_AFTERMATH_VOID does not fire when a dramatic turn is followed by highlighted dialogue within its window
      ---
      duration_ms: 1.008223
      type: 'test'
      ...
    1..6
ok 1371 - Wave 1137 — intentionPass: intention payoff-dialogue-highlight aftermath void, intention payoff-staging aftermath void, intention turn-dialogue-highlight aftermath void
  ---
  duration_ms: 7.07217
  type: 'suite'
  ...
# Subtest: Wave 1123 — intentionPass: intention payoff-suspense aftermath void, intention turn-curiosity aftermath void, intention turn-relational aftermath void
    # Subtest: INTENTION_PAYOFF_SUSPENSE_AFTERMATH_VOID fires when every payoff is followed by two scenes with no suspense rise
    ok 1 - INTENTION_PAYOFF_SUSPENSE_AFTERMATH_VOID fires when every payoff is followed by two scenes with no suspense rise
      ---
      duration_ms: 1.420066
      type: 'test'
      ...
    # Subtest: INTENTION_PAYOFF_SUSPENSE_AFTERMATH_VOID does not fire when a payoff is followed by a suspense rise within its window
    ok 2 - INTENTION_PAYOFF_SUSPENSE_AFTERMATH_VOID does not fire when a payoff is followed by a suspense rise within its window
      ---
      duration_ms: 1.164143
      type: 'test'
      ...
    # Subtest: INTENTION_TURN_CURIOSITY_AFTERMATH_VOID fires when every dramatic turn is followed by two scenes with no curiosity rise
    ok 3 - INTENTION_TURN_CURIOSITY_AFTERMATH_VOID fires when every dramatic turn is followed by two scenes with no curiosity rise
      ---
      duration_ms: 1.106445
      type: 'test'
      ...
    # Subtest: INTENTION_TURN_CURIOSITY_AFTERMATH_VOID does not fire when a dramatic turn is followed by a curiosity rise within its window
    ok 4 - INTENTION_TURN_CURIOSITY_AFTERMATH_VOID does not fire when a dramatic turn is followed by a curiosity rise within its window
      ---
      duration_ms: 0.993171
      type: 'test'
      ...
    # Subtest: INTENTION_TURN_RELATIONAL_AFTERMATH_VOID fires when every dramatic turn is followed by two scenes with no relationship shift
    ok 5 - INTENTION_TURN_RELATIONAL_AFTERMATH_VOID fires when every dramatic turn is followed by two scenes with no relationship shift
      ---
      duration_ms: 1.003203
      type: 'test'
      ...
    # Subtest: INTENTION_TURN_RELATIONAL_AFTERMATH_VOID does not fire when a dramatic turn is followed by a relationship shift within its window
    ok 6 - INTENTION_TURN_RELATIONAL_AFTERMATH_VOID does not fire when a dramatic turn is followed by a relationship shift within its window
      ---
      duration_ms: 1.79098
      type: 'test'
      ...
    1..6
ok 1372 - Wave 1123 — intentionPass: intention payoff-suspense aftermath void, intention turn-curiosity aftermath void, intention turn-relational aftermath void
  ---
  duration_ms: 7.742651
  type: 'suite'
  ...
# Subtest: Wave 1109 — intentionPass: intention payoff-emotional aftermath void, intention payoff-relational aftermath void, intention turn-emotional aftermath void
    # Subtest: INTENTION_PAYOFF_EMOTIONAL_AFTERMATH_VOID fires when every payoff is followed by two scenes with no emotional shift
    ok 1 - INTENTION_PAYOFF_EMOTIONAL_AFTERMATH_VOID fires when every payoff is followed by two scenes with no emotional shift
      ---
      duration_ms: 1.219328
      type: 'test'
      ...
    # Subtest: INTENTION_PAYOFF_EMOTIONAL_AFTERMATH_VOID does not fire when a payoff is followed by an emotional shift within its window
    ok 2 - INTENTION_PAYOFF_EMOTIONAL_AFTERMATH_VOID does not fire when a payoff is followed by an emotional shift within its window
      ---
      duration_ms: 0.971574
      type: 'test'
      ...
    # Subtest: INTENTION_PAYOFF_RELATIONAL_AFTERMATH_VOID fires when every payoff is followed by two scenes with no relationship shift
    ok 3 - INTENTION_PAYOFF_RELATIONAL_AFTERMATH_VOID fires when every payoff is followed by two scenes with no relationship shift
      ---
      duration_ms: 1.889366
      type: 'test'
      ...
    # Subtest: INTENTION_PAYOFF_RELATIONAL_AFTERMATH_VOID does not fire when a payoff is followed by a relationship shift within its window
    ok 4 - INTENTION_PAYOFF_RELATIONAL_AFTERMATH_VOID does not fire when a payoff is followed by a relationship shift within its window
      ---
      duration_ms: 1.021767
      type: 'test'
      ...
    # Subtest: INTENTION_TURN_EMOTIONAL_AFTERMATH_VOID fires when every dramatic turn is followed by two scenes with no emotional shift
    ok 5 - INTENTION_TURN_EMOTIONAL_AFTERMATH_VOID fires when every dramatic turn is followed by two scenes with no emotional shift
      ---
      duration_ms: 0.977187
      type: 'test'
      ...
    # Subtest: INTENTION_TURN_EMOTIONAL_AFTERMATH_VOID does not fire when a dramatic turn is followed by an emotional shift within its window
    ok 6 - INTENTION_TURN_EMOTIONAL_AFTERMATH_VOID does not fire when a dramatic turn is followed by an emotional shift within its window
      ---
      duration_ms: 1.078286
      type: 'test'
      ...
    1..6
ok 1373 - Wave 1109 — intentionPass: intention payoff-emotional aftermath void, intention payoff-relational aftermath void, intention turn-emotional aftermath void
  ---
  duration_ms: 7.42265
  type: 'suite'
  ...
# Subtest: Wave 1095 — intentionPass: intention open-thread-dialogue-highlight aftermath void, intention payoff-curiosity aftermath void, intention turn-suspense aftermath void
    # Subtest: INTENTION_OPEN_THREAD_DIALOGUE_HIGHLIGHT_AFTERMATH_VOID fires when every heavy clue-debt scene is followed by two scenes with no highlighted dialogue
    ok 1 - INTENTION_OPEN_THREAD_DIALOGUE_HIGHLIGHT_AFTERMATH_VOID fires when every heavy clue-debt scene is followed by two scenes with no highlighted dialogue
      ---
      duration_ms: 1.433289
      type: 'test'
      ...
    # Subtest: INTENTION_OPEN_THREAD_DIALOGUE_HIGHLIGHT_AFTERMATH_VOID does not fire when a heavy clue-debt scene is followed by highlighted dialogue within its window
    ok 2 - INTENTION_OPEN_THREAD_DIALOGUE_HIGHLIGHT_AFTERMATH_VOID does not fire when a heavy clue-debt scene is followed by highlighted dialogue within its window
      ---
      duration_ms: 0.996344
      type: 'test'
      ...
    # Subtest: INTENTION_PAYOFF_CURIOSITY_AFTERMATH_VOID fires when every payoff is followed by two scenes with no curiosity rise
    ok 3 - INTENTION_PAYOFF_CURIOSITY_AFTERMATH_VOID fires when every payoff is followed by two scenes with no curiosity rise
      ---
      duration_ms: 1.111375
      type: 'test'
      ...
    # Subtest: INTENTION_PAYOFF_CURIOSITY_AFTERMATH_VOID does not fire when a payoff is followed by a curiosity rise within its window
    ok 4 - INTENTION_PAYOFF_CURIOSITY_AFTERMATH_VOID does not fire when a payoff is followed by a curiosity rise within its window
      ---
      duration_ms: 1.09931
      type: 'test'
      ...
    # Subtest: INTENTION_TURN_SUSPENSE_AFTERMATH_VOID fires when every dramatic turn is followed by two scenes with no suspense rise
    ok 5 - INTENTION_TURN_SUSPENSE_AFTERMATH_VOID fires when every dramatic turn is followed by two scenes with no suspense rise
      ---
      duration_ms: 0.966596
      type: 'test'
      ...
    # Subtest: INTENTION_TURN_SUSPENSE_AFTERMATH_VOID does not fire when a dramatic turn is followed by a suspense rise within its window
    ok 6 - INTENTION_TURN_SUSPENSE_AFTERMATH_VOID does not fire when a dramatic turn is followed by a suspense rise within its window
      ---
      duration_ms: 0.953506
      type: 'test'
      ...
    1..6
ok 1374 - Wave 1095 — intentionPass: intention open-thread-dialogue-highlight aftermath void, intention payoff-curiosity aftermath void, intention turn-suspense aftermath void
  ---
  duration_ms: 6.828145
  type: 'suite'
  ...
# Subtest: Wave 1081 — intentionPass: intention stakes-dialogue-highlight aftermath void, intention open-thread-relational aftermath void, intention open-thread-staging aftermath void
    # Subtest: INTENTION_STAKES_DIALOGUE_HIGHLIGHT_AFTERMATH_VOID fires when every stakes-raise is followed by two scenes with no highlighted dialogue
    ok 1 - INTENTION_STAKES_DIALOGUE_HIGHLIGHT_AFTERMATH_VOID fires when every stakes-raise is followed by two scenes with no highlighted dialogue
      ---
      duration_ms: 1.288584
      type: 'test'
      ...
    # Subtest: INTENTION_STAKES_DIALOGUE_HIGHLIGHT_AFTERMATH_VOID does not fire when a stakes-raise is followed by highlighted dialogue within its window
    ok 2 - INTENTION_STAKES_DIALOGUE_HIGHLIGHT_AFTERMATH_VOID does not fire when a stakes-raise is followed by highlighted dialogue within its window
      ---
      duration_ms: 1.020728
      type: 'test'
      ...
    # Subtest: INTENTION_OPEN_THREAD_RELATIONAL_AFTERMATH_VOID fires when every heavy clue-debt scene is followed by two scenes with no relationship shift
    ok 3 - INTENTION_OPEN_THREAD_RELATIONAL_AFTERMATH_VOID fires when every heavy clue-debt scene is followed by two scenes with no relationship shift
      ---
      duration_ms: 1.111599
      type: 'test'
      ...
    # Subtest: INTENTION_OPEN_THREAD_RELATIONAL_AFTERMATH_VOID does not fire when a heavy clue-debt scene is followed by a relationship shift within its window
    ok 4 - INTENTION_OPEN_THREAD_RELATIONAL_AFTERMATH_VOID does not fire when a heavy clue-debt scene is followed by a relationship shift within its window
      ---
      duration_ms: 1.164575
      type: 'test'
      ...
    # Subtest: INTENTION_OPEN_THREAD_STAGING_AFTERMATH_VOID fires when every heavy clue-debt scene is followed by two scenes with no visually dense scene
    ok 5 - INTENTION_OPEN_THREAD_STAGING_AFTERMATH_VOID fires when every heavy clue-debt scene is followed by two scenes with no visually dense scene
      ---
      duration_ms: 1.058561
      type: 'test'
      ...
    # Subtest: INTENTION_OPEN_THREAD_STAGING_AFTERMATH_VOID does not fire when a heavy clue-debt scene is followed by a visually dense scene within its window
    ok 6 - INTENTION_OPEN_THREAD_STAGING_AFTERMATH_VOID does not fire when a heavy clue-debt scene is followed by a visually dense scene within its window
      ---
      duration_ms: 0.982014
      type: 'test'
      ...
    1..6
ok 1375 - Wave 1081 — intentionPass: intention stakes-dialogue-highlight aftermath void, intention open-thread-relational aftermath void, intention open-thread-staging aftermath void
  ---
  duration_ms: 7.021634
  type: 'suite'
  ...
# Subtest: Wave 1067 — intentionPass: intention seed-dialogue-highlight aftermath void, intention clock-dialogue-highlight aftermath void, intention stakes-staging aftermath void
    # Subtest: INTENTION_SEED_DIALOGUE_HIGHLIGHT_AFTERMATH_VOID fires when every seed is followed by two scenes with no highlighted dialogue
    ok 1 - INTENTION_SEED_DIALOGUE_HIGHLIGHT_AFTERMATH_VOID fires when every seed is followed by two scenes with no highlighted dialogue
      ---
      duration_ms: 1.282382
      type: 'test'
      ...
    # Subtest: INTENTION_SEED_DIALOGUE_HIGHLIGHT_AFTERMATH_VOID does not fire when a seed is followed by highlighted dialogue within its window
    ok 2 - INTENTION_SEED_DIALOGUE_HIGHLIGHT_AFTERMATH_VOID does not fire when a seed is followed by highlighted dialogue within its window
      ---
      duration_ms: 1.11056
      type: 'test'
      ...
    # Subtest: INTENTION_CLOCK_DIALOGUE_HIGHLIGHT_AFTERMATH_VOID fires when every clock-raise is followed by two scenes with no highlighted dialogue
    ok 3 - INTENTION_CLOCK_DIALOGUE_HIGHLIGHT_AFTERMATH_VOID fires when every clock-raise is followed by two scenes with no highlighted dialogue
      ---
      duration_ms: 1.024678
      type: 'test'
      ...
    # Subtest: INTENTION_CLOCK_DIALOGUE_HIGHLIGHT_AFTERMATH_VOID does not fire when a clock-raise is followed by highlighted dialogue within its window
    ok 4 - INTENTION_CLOCK_DIALOGUE_HIGHLIGHT_AFTERMATH_VOID does not fire when a clock-raise is followed by highlighted dialogue within its window
      ---
      duration_ms: 1.040807
      type: 'test'
      ...
    # Subtest: INTENTION_STAKES_STAGING_AFTERMATH_VOID fires when every stakes-raise is followed by two scenes with no visually dense scene
    ok 5 - INTENTION_STAKES_STAGING_AFTERMATH_VOID fires when every stakes-raise is followed by two scenes with no visually dense scene
      ---
      duration_ms: 1.036681
      type: 'test'
      ...
    # Subtest: INTENTION_STAKES_STAGING_AFTERMATH_VOID does not fire when a stakes-raise is followed by a visually dense scene within its window
    ok 6 - INTENTION_STAKES_STAGING_AFTERMATH_VOID does not fire when a stakes-raise is followed by a visually dense scene within its window
      ---
      duration_ms: 1.077575
      type: 'test'
      ...
    1..6
ok 1376 - Wave 1067 — intentionPass: intention seed-dialogue-highlight aftermath void, intention clock-dialogue-highlight aftermath void, intention stakes-staging aftermath void
  ---
  duration_ms: 6.832762
  type: 'suite'
  ...
# Subtest: Wave 1053 — intentionPass: intention open-thread-suspense aftermath void, intention seed-relational aftermath void, intention clock-relational aftermath void
    # Subtest: INTENTION_OPEN_THREAD_SUSPENSE_AFTERMATH_VOID fires when every heavy clue-debt scene is followed by two scenes with no suspense rise
    ok 1 - INTENTION_OPEN_THREAD_SUSPENSE_AFTERMATH_VOID fires when every heavy clue-debt scene is followed by two scenes with no suspense rise
      ---
      duration_ms: 1.233669
      type: 'test'
      ...
    # Subtest: INTENTION_OPEN_THREAD_SUSPENSE_AFTERMATH_VOID does not fire when a heavy clue-debt scene is followed by a suspense rise within its window
    ok 2 - INTENTION_OPEN_THREAD_SUSPENSE_AFTERMATH_VOID does not fire when a heavy clue-debt scene is followed by a suspense rise within its window
      ---
      duration_ms: 1.001213
      type: 'test'
      ...
    # Subtest: INTENTION_SEED_RELATIONAL_AFTERMATH_VOID fires when every seed is followed by two scenes with no relationship shift
    ok 3 - INTENTION_SEED_RELATIONAL_AFTERMATH_VOID fires when every seed is followed by two scenes with no relationship shift
      ---
      duration_ms: 1.215289
      type: 'test'
      ...
    # Subtest: INTENTION_SEED_RELATIONAL_AFTERMATH_VOID does not fire when a seed is followed by a relationship shift within its window
    ok 4 - INTENTION_SEED_RELATIONAL_AFTERMATH_VOID does not fire when a seed is followed by a relationship shift within its window
      ---
      duration_ms: 1.226672
      type: 'test'
      ...
    # Subtest: INTENTION_CLOCK_RELATIONAL_AFTERMATH_VOID fires when every clock-raise is followed by two scenes with no relationship shift
    ok 5 - INTENTION_CLOCK_RELATIONAL_AFTERMATH_VOID fires when every clock-raise is followed by two scenes with no relationship shift
      ---
      duration_ms: 1.043913
      type: 'test'
      ...
    # Subtest: INTENTION_CLOCK_RELATIONAL_AFTERMATH_VOID does not fire when a clock-raise is followed by a relationship shift within its window
    ok 6 - INTENTION_CLOCK_RELATIONAL_AFTERMATH_VOID does not fire when a clock-raise is followed by a relationship shift within its window
      ---
      duration_ms: 1.072994
      type: 'test'
      ...
    1..6
ok 1377 - Wave 1053 — intentionPass: intention open-thread-suspense aftermath void, intention seed-relational aftermath void, intention clock-relational aftermath void
  ---
  duration_ms: 7.08541
  type: 'suite'
  ...
# Subtest: Wave 1039 — intentionPass: intention open-thread-emotional aftermath void, intention seed-suspense aftermath void, intention clock-suspense aftermath void
    # Subtest: INTENTION_OPEN_THREAD_EMOTIONAL_AFTERMATH_VOID fires when every heavy clue-debt scene is followed by two scenes with no emotional shift
    ok 1 - INTENTION_OPEN_THREAD_EMOTIONAL_AFTERMATH_VOID fires when every heavy clue-debt scene is followed by two scenes with no emotional shift
      ---
      duration_ms: 1.324773
      type: 'test'
      ...
    # Subtest: INTENTION_OPEN_THREAD_EMOTIONAL_AFTERMATH_VOID does not fire when a heavy clue-debt scene is followed by an emotional shift within its window
    ok 2 - INTENTION_OPEN_THREAD_EMOTIONAL_AFTERMATH_VOID does not fire when a heavy clue-debt scene is followed by an emotional shift within its window
      ---
      duration_ms: 3.139037
      type: 'test'
      ...
    # Subtest: INTENTION_SEED_SUSPENSE_AFTERMATH_VOID fires when every seed is followed by two scenes with no suspense rise
    ok 3 - INTENTION_SEED_SUSPENSE_AFTERMATH_VOID fires when every seed is followed by two scenes with no suspense rise
      ---
      duration_ms: 1.085413
      type: 'test'
      ...
    # Subtest: INTENTION_SEED_SUSPENSE_AFTERMATH_VOID does not fire when a seed is followed by a suspense rise within its window
    ok 4 - INTENTION_SEED_SUSPENSE_AFTERMATH_VOID does not fire when a seed is followed by a suspense rise within its window
      ---
      duration_ms: 1.015031
      type: 'test'
      ...
    # Subtest: INTENTION_CLOCK_SUSPENSE_AFTERMATH_VOID fires when every clock-raise is followed by two scenes with no suspense rise
    ok 5 - INTENTION_CLOCK_SUSPENSE_AFTERMATH_VOID fires when every clock-raise is followed by two scenes with no suspense rise
      ---
      duration_ms: 1.652122
      type: 'test'
      ...
    # Subtest: INTENTION_CLOCK_SUSPENSE_AFTERMATH_VOID does not fire when a clock-raise is followed by a suspense rise within its window
    ok 6 - INTENTION_CLOCK_SUSPENSE_AFTERMATH_VOID does not fire when a clock-raise is followed by a suspense rise within its window
      ---
      duration_ms: 1.287835
      type: 'test'
      ...
    1..6
ok 1378 - Wave 1039 — intentionPass: intention open-thread-emotional aftermath void, intention seed-suspense aftermath void, intention clock-suspense aftermath void
  ---
  duration_ms: 9.807129
  type: 'suite'
  ...
# Subtest: Wave 1025 — intentionPass: intention stakes-emotional aftermath void, intention clock-curiosity aftermath void, intention seed-emotional aftermath void
    # Subtest: INTENTION_STAKES_EMOTIONAL_AFTERMATH_VOID fires when every stakes-raise is followed by two scenes with no emotional shift
    ok 1 - INTENTION_STAKES_EMOTIONAL_AFTERMATH_VOID fires when every stakes-raise is followed by two scenes with no emotional shift
      ---
      duration_ms: 1.814163
      type: 'test'
      ...
    # Subtest: INTENTION_STAKES_EMOTIONAL_AFTERMATH_VOID does not fire when a stakes-raise is followed by an emotional shift within its window
    ok 2 - INTENTION_STAKES_EMOTIONAL_AFTERMATH_VOID does not fire when a stakes-raise is followed by an emotional shift within its window
      ---
      duration_ms: 1.214931
      type: 'test'
      ...
    # Subtest: INTENTION_CLOCK_CURIOSITY_AFTERMATH_VOID fires when every clock-raise is followed by two scenes with no new curiosity
    ok 3 - INTENTION_CLOCK_CURIOSITY_AFTERMATH_VOID fires when every clock-raise is followed by two scenes with no new curiosity
      ---
      duration_ms: 1.284948
      type: 'test'
      ...
    # Subtest: INTENTION_CLOCK_CURIOSITY_AFTERMATH_VOID does not fire when a clock-raise is followed by new curiosity within its window
    ok 4 - INTENTION_CLOCK_CURIOSITY_AFTERMATH_VOID does not fire when a clock-raise is followed by new curiosity within its window
      ---
      duration_ms: 1.170381
      type: 'test'
      ...
    # Subtest: INTENTION_SEED_EMOTIONAL_AFTERMATH_VOID fires when every seed is followed by two scenes with no emotional shift
    ok 5 - INTENTION_SEED_EMOTIONAL_AFTERMATH_VOID fires when every seed is followed by two scenes with no emotional shift
      ---
      duration_ms: 1.234002
      type: 'test'
      ...
    # Subtest: INTENTION_SEED_EMOTIONAL_AFTERMATH_VOID does not fire when a seed is followed by an emotional shift within its window
    ok 6 - INTENTION_SEED_EMOTIONAL_AFTERMATH_VOID does not fire when a seed is followed by an emotional shift within its window
      ---
      duration_ms: 1.542053
      type: 'test'
      ...
    1..6
ok 1379 - Wave 1025 — intentionPass: intention stakes-emotional aftermath void, intention clock-curiosity aftermath void, intention seed-emotional aftermath void
  ---
  duration_ms: 8.755595
  type: 'suite'
  ...
# Subtest: Wave 1011 — intentionPass: intention open-thread-curiosity aftermath void, intention clock-emotional aftermath void, intention stakes-relational aftermath void
    # Subtest: INTENTION_OPEN_THREAD_CURIOSITY_AFTERMATH_VOID fires when every heavy clue-debt scene is followed by two scenes with no new curiosity
    ok 1 - INTENTION_OPEN_THREAD_CURIOSITY_AFTERMATH_VOID fires when every heavy clue-debt scene is followed by two scenes with no new curiosity
      ---
      duration_ms: 1.559439
      type: 'test'
      ...
    # Subtest: INTENTION_OPEN_THREAD_CURIOSITY_AFTERMATH_VOID does not fire when a heavy clue-debt scene is followed by new curiosity within its window
    ok 2 - INTENTION_OPEN_THREAD_CURIOSITY_AFTERMATH_VOID does not fire when a heavy clue-debt scene is followed by new curiosity within its window
      ---
      duration_ms: 1.975319
      type: 'test'
      ...
    # Subtest: INTENTION_CLOCK_EMOTIONAL_AFTERMATH_VOID fires when every clock-raise is followed by two scenes with no emotional shift
    ok 3 - INTENTION_CLOCK_EMOTIONAL_AFTERMATH_VOID fires when every clock-raise is followed by two scenes with no emotional shift
      ---
      duration_ms: 1.035482
      type: 'test'
      ...
    # Subtest: INTENTION_CLOCK_EMOTIONAL_AFTERMATH_VOID does not fire when a clock-raise is followed by an emotional shift within its window
    ok 4 - INTENTION_CLOCK_EMOTIONAL_AFTERMATH_VOID does not fire when a clock-raise is followed by an emotional shift within its window
      ---
      duration_ms: 2.394846
      type: 'test'
      ...
    # Subtest: INTENTION_STAKES_RELATIONAL_AFTERMATH_VOID fires when every stakes-raise is followed by two scenes with no relationship shift
    ok 5 - INTENTION_STAKES_RELATIONAL_AFTERMATH_VOID fires when every stakes-raise is followed by two scenes with no relationship shift
      ---
      duration_ms: 6.735975
      type: 'test'
      ...
    # Subtest: INTENTION_STAKES_RELATIONAL_AFTERMATH_VOID does not fire when a stakes-raise is followed by a relationship shift within its window
    ok 6 - INTENTION_STAKES_RELATIONAL_AFTERMATH_VOID does not fire when a stakes-raise is followed by a relationship shift within its window
      ---
      duration_ms: 1.01952
      type: 'test'
      ...
    1..6
ok 1380 - Wave 1011 — intentionPass: intention open-thread-curiosity aftermath void, intention clock-emotional aftermath void, intention stakes-relational aftermath void
  ---
  duration_ms: 15.007896
  type: 'suite'
  ...
# Subtest: Wave 997 — intentionPass: revelation zone imbalance, intention stakes-suspense aftermath void, intention seed-curiosity aftermath void
    # Subtest: REVELATION_ZONE_IMBALANCE fires when one zone is empty while another holds >=50% of revelation scenes
    ok 1 - REVELATION_ZONE_IMBALANCE fires when one zone is empty while another holds >=50% of revelation scenes
      ---
      duration_ms: 1.478709
      type: 'test'
      ...
    # Subtest: REVELATION_ZONE_IMBALANCE does not fire when revelation scenes touch every zone
    ok 2 - REVELATION_ZONE_IMBALANCE does not fire when revelation scenes touch every zone
      ---
      duration_ms: 5.882194
      type: 'test'
      ...
    # Subtest: INTENTION_STAKES_SUSPENSE_AFTERMATH_VOID fires when every stakes-raise is followed by two scenes with no rise in suspense
    ok 3 - INTENTION_STAKES_SUSPENSE_AFTERMATH_VOID fires when every stakes-raise is followed by two scenes with no rise in suspense
      ---
      duration_ms: 1.692819
      type: 'test'
      ...
    # Subtest: INTENTION_STAKES_SUSPENSE_AFTERMATH_VOID does not fire when a stakes-raise is followed by rising suspense within its window
    ok 4 - INTENTION_STAKES_SUSPENSE_AFTERMATH_VOID does not fire when a stakes-raise is followed by rising suspense within its window
      ---
      duration_ms: 6.783399
      type: 'test'
      ...
    # Subtest: INTENTION_SEED_CURIOSITY_AFTERMATH_VOID fires when every seed is followed by two scenes with no new curiosity
    ok 5 - INTENTION_SEED_CURIOSITY_AFTERMATH_VOID fires when every seed is followed by two scenes with no new curiosity
      ---
      duration_ms: 1.132277
      type: 'test'
      ...
    # Subtest: INTENTION_SEED_CURIOSITY_AFTERMATH_VOID does not fire when a seed is followed by new curiosity within its window
    ok 6 - INTENTION_SEED_CURIOSITY_AFTERMATH_VOID does not fire when a seed is followed by new curiosity within its window
      ---
      duration_ms: 1.186136
      type: 'test'
      ...
    1..6
ok 1381 - Wave 997 — intentionPass: revelation zone imbalance, intention stakes-suspense aftermath void, intention seed-curiosity aftermath void
  ---
  duration_ms: 18.479641
  type: 'suite'
  ...
# Subtest: Wave 983 — intentionPass: intention clock zone imbalance, intention highlight zone imbalance, intention stakes-curiosity aftermath void
    # Subtest: INTENTION_CLOCK_ZONE_IMBALANCE fires when one zone is empty while another holds >=50% of clock-raising scenes
    ok 1 - INTENTION_CLOCK_ZONE_IMBALANCE fires when one zone is empty while another holds >=50% of clock-raising scenes
      ---
      duration_ms: 1.529902
      type: 'test'
      ...
    # Subtest: INTENTION_CLOCK_ZONE_IMBALANCE does not fire when clock-raising scenes touch every zone
    ok 2 - INTENTION_CLOCK_ZONE_IMBALANCE does not fire when clock-raising scenes touch every zone
      ---
      duration_ms: 1.019688
      type: 'test'
      ...
    # Subtest: INTENTION_HIGHLIGHT_ZONE_IMBALANCE fires when one zone is empty while another holds >=50% of dialogue-highlight scenes
    ok 3 - INTENTION_HIGHLIGHT_ZONE_IMBALANCE fires when one zone is empty while another holds >=50% of dialogue-highlight scenes
      ---
      duration_ms: 0.981049
      type: 'test'
      ...
    # Subtest: INTENTION_HIGHLIGHT_ZONE_IMBALANCE does not fire when dialogue-highlight scenes touch every zone
    ok 4 - INTENTION_HIGHLIGHT_ZONE_IMBALANCE does not fire when dialogue-highlight scenes touch every zone
      ---
      duration_ms: 0.958964
      type: 'test'
      ...
    # Subtest: INTENTION_STAKES_CURIOSITY_AFTERMATH_VOID fires when every stakes-raise is followed by two scenes with no new curiosity
    ok 5 - INTENTION_STAKES_CURIOSITY_AFTERMATH_VOID fires when every stakes-raise is followed by two scenes with no new curiosity
      ---
      duration_ms: 1.018038
      type: 'test'
      ...
    # Subtest: INTENTION_STAKES_CURIOSITY_AFTERMATH_VOID does not fire when a stakes-raise is followed by new curiosity within its window
    ok 6 - INTENTION_STAKES_CURIOSITY_AFTERMATH_VOID does not fire when a stakes-raise is followed by new curiosity within its window
      ---
      duration_ms: 0.975527
      type: 'test'
      ...
    1..6
ok 1382 - Wave 983 — intentionPass: intention clock zone imbalance, intention highlight zone imbalance, intention stakes-curiosity aftermath void
  ---
  duration_ms: 6.779533
  type: 'suite'
  ...
# Subtest: Wave 969 — intentionPass: intention relationship zone imbalance, intention turn zone imbalance, intention clock delta zone imbalance
    # Subtest: INTENTION_RELATIONSHIP_ZONE_IMBALANCE fires when one zone is empty while another holds >=50% of relationship-shift scenes
    ok 1 - INTENTION_RELATIONSHIP_ZONE_IMBALANCE fires when one zone is empty while another holds >=50% of relationship-shift scenes
      ---
      duration_ms: 1.295344
      type: 'test'
      ...
    # Subtest: INTENTION_RELATIONSHIP_ZONE_IMBALANCE does not fire when relationship-shift scenes touch every zone
    ok 2 - INTENTION_RELATIONSHIP_ZONE_IMBALANCE does not fire when relationship-shift scenes touch every zone
      ---
      duration_ms: 0.937972
      type: 'test'
      ...
    # Subtest: INTENTION_TURN_ZONE_IMBALANCE fires when one zone is empty while another holds >=50% of dramatic-turn scenes
    ok 3 - INTENTION_TURN_ZONE_IMBALANCE fires when one zone is empty while another holds >=50% of dramatic-turn scenes
      ---
      duration_ms: 1.036374
      type: 'test'
      ...
    # Subtest: INTENTION_TURN_ZONE_IMBALANCE does not fire when dramatic-turn scenes touch every zone
    ok 4 - INTENTION_TURN_ZONE_IMBALANCE does not fire when dramatic-turn scenes touch every zone
      ---
      duration_ms: 0.939657
      type: 'test'
      ...
    # Subtest: INTENTION_CLOCK_DELTA_ZONE_IMBALANCE fires when one zone is empty while another holds >=50% of clock-moving scenes
    ok 5 - INTENTION_CLOCK_DELTA_ZONE_IMBALANCE fires when one zone is empty while another holds >=50% of clock-moving scenes
      ---
      duration_ms: 1.159027
      type: 'test'
      ...
    # Subtest: INTENTION_CLOCK_DELTA_ZONE_IMBALANCE does not fire when clock-moving scenes touch every zone
    ok 6 - INTENTION_CLOCK_DELTA_ZONE_IMBALANCE does not fire when clock-moving scenes touch every zone
      ---
      duration_ms: 0.965257
      type: 'test'
      ...
    1..6
ok 1383 - Wave 969 — intentionPass: intention relationship zone imbalance, intention turn zone imbalance, intention clock delta zone imbalance
  ---
  duration_ms: 6.688717
  type: 'suite'
  ...
# Subtest: Wave 955 — intentionPass: intention negative emotion zone imbalance, intention curiosity zone imbalance, intention seed zone imbalance
    # Subtest: INTENTION_NEGATIVE_EMOTION_ZONE_IMBALANCE fires when one zone is empty while another holds >=50% of negative-shift scenes
    ok 1 - INTENTION_NEGATIVE_EMOTION_ZONE_IMBALANCE fires when one zone is empty while another holds >=50% of negative-shift scenes
      ---
      duration_ms: 1.717476
      type: 'test'
      ...
    # Subtest: INTENTION_NEGATIVE_EMOTION_ZONE_IMBALANCE does not fire when negative-shift scenes touch every zone
    ok 2 - INTENTION_NEGATIVE_EMOTION_ZONE_IMBALANCE does not fire when negative-shift scenes touch every zone
      ---
      duration_ms: 1.007517
      type: 'test'
      ...
    # Subtest: INTENTION_CURIOSITY_ZONE_IMBALANCE fires when one zone is empty while another holds >=50% of curiosity-raising scenes
    ok 3 - INTENTION_CURIOSITY_ZONE_IMBALANCE fires when one zone is empty while another holds >=50% of curiosity-raising scenes
      ---
      duration_ms: 1.008855
      type: 'test'
      ...
    # Subtest: INTENTION_CURIOSITY_ZONE_IMBALANCE does not fire when curiosity-raising scenes touch every zone
    ok 4 - INTENTION_CURIOSITY_ZONE_IMBALANCE does not fire when curiosity-raising scenes touch every zone
      ---
      duration_ms: 0.956516
      type: 'test'
      ...
    # Subtest: INTENTION_SEED_ZONE_IMBALANCE fires when one zone is empty while another holds >=50% of seeding scenes
    ok 5 - INTENTION_SEED_ZONE_IMBALANCE fires when one zone is empty while another holds >=50% of seeding scenes
      ---
      duration_ms: 1.220472
      type: 'test'
      ...
    # Subtest: INTENTION_SEED_ZONE_IMBALANCE does not fire when seeding scenes touch every zone
    ok 6 - INTENTION_SEED_ZONE_IMBALANCE does not fire when seeding scenes touch every zone
      ---
      duration_ms: 1.053384
      type: 'test'
      ...
    1..6
ok 1384 - Wave 955 — intentionPass: intention negative emotion zone imbalance, intention curiosity zone imbalance, intention seed zone imbalance
  ---
  duration_ms: 7.227966
  type: 'suite'
  ...
# Subtest: Wave 941 — intentionPass: intention positive emotion zone imbalance, intention suspense zone imbalance, intention payoff zone imbalance
    # Subtest: INTENTION_POSITIVE_EMOTION_ZONE_IMBALANCE fires when one zone is empty while another holds >=50% of positive-shift scenes
    ok 1 - INTENTION_POSITIVE_EMOTION_ZONE_IMBALANCE fires when one zone is empty while another holds >=50% of positive-shift scenes
      ---
      duration_ms: 1.16115
      type: 'test'
      ...
    # Subtest: INTENTION_POSITIVE_EMOTION_ZONE_IMBALANCE does not fire when positive-shift scenes touch every zone
    ok 2 - INTENTION_POSITIVE_EMOTION_ZONE_IMBALANCE does not fire when positive-shift scenes touch every zone
      ---
      duration_ms: 0.99289
      type: 'test'
      ...
    # Subtest: INTENTION_SUSPENSE_ZONE_IMBALANCE fires when one zone is empty while another holds >=50% of suspense-raising scenes
    ok 3 - INTENTION_SUSPENSE_ZONE_IMBALANCE fires when one zone is empty while another holds >=50% of suspense-raising scenes
      ---
      duration_ms: 1.068574
      type: 'test'
      ...
    # Subtest: INTENTION_SUSPENSE_ZONE_IMBALANCE does not fire when suspense-raising scenes touch every zone
    ok 4 - INTENTION_SUSPENSE_ZONE_IMBALANCE does not fire when suspense-raising scenes touch every zone
      ---
      duration_ms: 0.964836
      type: 'test'
      ...
    # Subtest: INTENTION_PAYOFF_ZONE_IMBALANCE fires when one zone is empty while another holds >=50% of payoff scenes
    ok 5 - INTENTION_PAYOFF_ZONE_IMBALANCE fires when one zone is empty while another holds >=50% of payoff scenes
      ---
      duration_ms: 1.211219
      type: 'test'
      ...
    # Subtest: INTENTION_PAYOFF_ZONE_IMBALANCE does not fire when payoff scenes touch every zone
    ok 6 - INTENTION_PAYOFF_ZONE_IMBALANCE does not fire when payoff scenes touch every zone
      ---
      duration_ms: 1.024524
      type: 'test'
      ...
    1..6
ok 1385 - Wave 941 — intentionPass: intention positive emotion zone imbalance, intention suspense zone imbalance, intention payoff zone imbalance
  ---
  duration_ms: 6.742973
  type: 'suite'
  ...
# Subtest: Wave 927 — intentionPass: intention character moment zone imbalance, intention stakes zone imbalance, intention revelation purpose zone imbalance
    # Subtest: INTENTION_CHARACTER_MOMENT_ZONE_IMBALANCE fires when one zone is empty while another holds >=50% of character-moment scenes
    ok 1 - INTENTION_CHARACTER_MOMENT_ZONE_IMBALANCE fires when one zone is empty while another holds >=50% of character-moment scenes
      ---
      duration_ms: 1.336303
      type: 'test'
      ...
    # Subtest: INTENTION_CHARACTER_MOMENT_ZONE_IMBALANCE does not fire when character-moment scenes touch every zone
    ok 2 - INTENTION_CHARACTER_MOMENT_ZONE_IMBALANCE does not fire when character-moment scenes touch every zone
      ---
      duration_ms: 0.894503
      type: 'test'
      ...
    # Subtest: INTENTION_STAKES_ZONE_IMBALANCE fires when one zone is empty while another holds >=50% of stakes-raising scenes
    ok 3 - INTENTION_STAKES_ZONE_IMBALANCE fires when one zone is empty while another holds >=50% of stakes-raising scenes
      ---
      duration_ms: 0.954767
      type: 'test'
      ...
    # Subtest: INTENTION_STAKES_ZONE_IMBALANCE does not fire when stakes-raising scenes touch every zone
    ok 4 - INTENTION_STAKES_ZONE_IMBALANCE does not fire when stakes-raising scenes touch every zone
      ---
      duration_ms: 0.986802
      type: 'test'
      ...
    # Subtest: INTENTION_REVELATION_PURPOSE_ZONE_IMBALANCE fires when one zone is empty while another holds >=50% of revelation-purposed scenes
    ok 5 - INTENTION_REVELATION_PURPOSE_ZONE_IMBALANCE fires when one zone is empty while another holds >=50% of revelation-purposed scenes
      ---
      duration_ms: 1.103758
      type: 'test'
      ...
    # Subtest: INTENTION_REVELATION_PURPOSE_ZONE_IMBALANCE does not fire when revelation-purposed scenes touch every zone
    ok 6 - INTENTION_REVELATION_PURPOSE_ZONE_IMBALANCE does not fire when revelation-purposed scenes touch every zone
      ---
      duration_ms: 0.909613
      type: 'test'
      ...
    1..6
ok 1386 - Wave 927 — intentionPass: intention character moment zone imbalance, intention stakes zone imbalance, intention revelation purpose zone imbalance
  ---
  duration_ms: 6.457438
  type: 'suite'
  ...
# Subtest: Wave 913 — intentionPass: intention resolution zone imbalance, intention turning point zone imbalance, intention introduce conflict zone imbalance
    # Subtest: INTENTION_RESOLUTION_ZONE_IMBALANCE fires when one zone is empty while another holds >=50% of resolution-purposed scenes
    ok 1 - INTENTION_RESOLUTION_ZONE_IMBALANCE fires when one zone is empty while another holds >=50% of resolution-purposed scenes
      ---
      duration_ms: 1.384077
      type: 'test'
      ...
    # Subtest: INTENTION_RESOLUTION_ZONE_IMBALANCE does not fire when resolution-purposed scenes touch every zone
    ok 2 - INTENTION_RESOLUTION_ZONE_IMBALANCE does not fire when resolution-purposed scenes touch every zone
      ---
      duration_ms: 0.911848
      type: 'test'
      ...
    # Subtest: INTENTION_TURNING_POINT_ZONE_IMBALANCE fires when one zone is empty while another holds >=50% of turning-point scenes
    ok 3 - INTENTION_TURNING_POINT_ZONE_IMBALANCE fires when one zone is empty while another holds >=50% of turning-point scenes
      ---
      duration_ms: 1.031277
      type: 'test'
      ...
    # Subtest: INTENTION_TURNING_POINT_ZONE_IMBALANCE does not fire when turning-point scenes touch every zone
    ok 4 - INTENTION_TURNING_POINT_ZONE_IMBALANCE does not fire when turning-point scenes touch every zone
      ---
      duration_ms: 0.907981
      type: 'test'
      ...
    # Subtest: INTENTION_INTRODUCE_CONFLICT_ZONE_IMBALANCE fires when one zone is empty while another holds >=50% of conflict-introducing scenes
    ok 5 - INTENTION_INTRODUCE_CONFLICT_ZONE_IMBALANCE fires when one zone is empty while another holds >=50% of conflict-introducing scenes
      ---
      duration_ms: 1.307237
      type: 'test'
      ...
    # Subtest: INTENTION_INTRODUCE_CONFLICT_ZONE_IMBALANCE does not fire when conflict-introducing scenes touch every zone
    ok 6 - INTENTION_INTRODUCE_CONFLICT_ZONE_IMBALANCE does not fire when conflict-introducing scenes touch every zone
      ---
      duration_ms: 0.992259
      type: 'test'
      ...
    1..6
ok 1387 - Wave 913 — intentionPass: intention resolution zone imbalance, intention turning point zone imbalance, intention introduce conflict zone imbalance
  ---
  duration_ms: 6.804661
  type: 'suite'
  ...
# Subtest: Wave 899 — intentionPass: intention revelation purpose zone cluster, intention revelation purpose drought run, intention complicate zone imbalance
    # Subtest: INTENTION_REVELATION_PURPOSE_ZONE_CLUSTER fires when >75% of revelation-purposed scenes cluster in one third
    ok 1 - INTENTION_REVELATION_PURPOSE_ZONE_CLUSTER fires when >75% of revelation-purposed scenes cluster in one third
      ---
      duration_ms: 1.116339
      type: 'test'
      ...
    # Subtest: INTENTION_REVELATION_PURPOSE_ZONE_CLUSTER does not fire when revelation-purposed scenes spread across thirds
    ok 2 - INTENTION_REVELATION_PURPOSE_ZONE_CLUSTER does not fire when revelation-purposed scenes spread across thirds
      ---
      duration_ms: 1.037729
      type: 'test'
      ...
    # Subtest: INTENTION_REVELATION_PURPOSE_DROUGHT_RUN fires when a long run has no revelation-purposed scene
    ok 3 - INTENTION_REVELATION_PURPOSE_DROUGHT_RUN fires when a long run has no revelation-purposed scene
      ---
      duration_ms: 1.033307
      type: 'test'
      ...
    # Subtest: INTENTION_REVELATION_PURPOSE_DROUGHT_RUN does not fire when revelation-purposed scenes are evenly spread
    ok 4 - INTENTION_REVELATION_PURPOSE_DROUGHT_RUN does not fire when revelation-purposed scenes are evenly spread
      ---
      duration_ms: 0.924126
      type: 'test'
      ...
    # Subtest: INTENTION_COMPLICATE_ZONE_IMBALANCE fires when one zone is empty while another holds >=50% of complicating scenes
    ok 5 - INTENTION_COMPLICATE_ZONE_IMBALANCE fires when one zone is empty while another holds >=50% of complicating scenes
      ---
      duration_ms: 1.039249
      type: 'test'
      ...
    # Subtest: INTENTION_COMPLICATE_ZONE_IMBALANCE does not fire when complicating scenes touch every zone
    ok 6 - INTENTION_COMPLICATE_ZONE_IMBALANCE does not fire when complicating scenes touch every zone
      ---
      duration_ms: 0.98885
      type: 'test'
      ...
    1..6
ok 1388 - Wave 899 — intentionPass: intention revelation purpose zone cluster, intention revelation purpose drought run, intention complicate zone imbalance
  ---
  duration_ms: 6.473522
  type: 'suite'
  ...
# Subtest: Wave 885 — intentionPass: intention complicate drought run, intention climax zone imbalance, intention establish world zone imbalance
    # Subtest: INTENTION_COMPLICATE_DROUGHT_RUN fires when a long run has no complicating scene
    ok 1 - INTENTION_COMPLICATE_DROUGHT_RUN fires when a long run has no complicating scene
      ---
      duration_ms: 1.199397
      type: 'test'
      ...
    # Subtest: INTENTION_COMPLICATE_DROUGHT_RUN does not fire when complicating scenes are evenly spread
    ok 2 - INTENTION_COMPLICATE_DROUGHT_RUN does not fire when complicating scenes are evenly spread
      ---
      duration_ms: 0.925886
      type: 'test'
      ...
    # Subtest: INTENTION_CLIMAX_ZONE_IMBALANCE fires when one zone is empty while another holds >=50% of climax-purposed scenes
    ok 3 - INTENTION_CLIMAX_ZONE_IMBALANCE fires when one zone is empty while another holds >=50% of climax-purposed scenes
      ---
      duration_ms: 0.961521
      type: 'test'
      ...
    # Subtest: INTENTION_CLIMAX_ZONE_IMBALANCE does not fire when climax-purposed scenes touch every zone
    ok 4 - INTENTION_CLIMAX_ZONE_IMBALANCE does not fire when climax-purposed scenes touch every zone
      ---
      duration_ms: 0.97504
      type: 'test'
      ...
    # Subtest: INTENTION_ESTABLISH_WORLD_ZONE_IMBALANCE fires when one zone is empty while another holds >=50% of world-establishing scenes
    ok 5 - INTENTION_ESTABLISH_WORLD_ZONE_IMBALANCE fires when one zone is empty while another holds >=50% of world-establishing scenes
      ---
      duration_ms: 0.920675
      type: 'test'
      ...
    # Subtest: INTENTION_ESTABLISH_WORLD_ZONE_IMBALANCE does not fire when world-establishing scenes touch every zone
    ok 6 - INTENTION_ESTABLISH_WORLD_ZONE_IMBALANCE does not fire when world-establishing scenes touch every zone
      ---
      duration_ms: 1.009375
      type: 'test'
      ...
    1..6
ok 1389 - Wave 885 — intentionPass: intention complicate drought run, intention climax zone imbalance, intention establish world zone imbalance
  ---
  duration_ms: 6.270143
  type: 'suite'
  ...
# Subtest: Wave 871 — intentionPass: intention climax drought run, intention resolution drought run, intention complicate zone cluster
    # Subtest: INTENTION_CLIMAX_DROUGHT_RUN fires when a long run has no climax-purposed scene
    ok 1 - INTENTION_CLIMAX_DROUGHT_RUN fires when a long run has no climax-purposed scene
      ---
      duration_ms: 1.200956
      type: 'test'
      ...
    # Subtest: INTENTION_CLIMAX_DROUGHT_RUN does not fire when climax-purposed scenes are evenly spread
    ok 2 - INTENTION_CLIMAX_DROUGHT_RUN does not fire when climax-purposed scenes are evenly spread
      ---
      duration_ms: 1.113503
      type: 'test'
      ...
    # Subtest: INTENTION_RESOLUTION_DROUGHT_RUN fires when a long run has no resolution-purposed scene
    ok 3 - INTENTION_RESOLUTION_DROUGHT_RUN fires when a long run has no resolution-purposed scene
      ---
      duration_ms: 0.97186
      type: 'test'
      ...
    # Subtest: INTENTION_RESOLUTION_DROUGHT_RUN does not fire when resolution-purposed scenes are evenly spread
    ok 4 - INTENTION_RESOLUTION_DROUGHT_RUN does not fire when resolution-purposed scenes are evenly spread
      ---
      duration_ms: 0.95164
      type: 'test'
      ...
    # Subtest: INTENTION_COMPLICATE_ZONE_CLUSTER fires when >75% of complicating scenes cluster in one third
    ok 5 - INTENTION_COMPLICATE_ZONE_CLUSTER fires when >75% of complicating scenes cluster in one third
      ---
      duration_ms: 0.897739
      type: 'test'
      ...
    # Subtest: INTENTION_COMPLICATE_ZONE_CLUSTER does not fire when complicating scenes spread across thirds
    ok 6 - INTENTION_COMPLICATE_ZONE_CLUSTER does not fire when complicating scenes spread across thirds
      ---
      duration_ms: 2.17589
      type: 'test'
      ...
    1..6
ok 1390 - Wave 871 — intentionPass: intention climax drought run, intention resolution drought run, intention complicate zone cluster
  ---
  duration_ms: 7.621826
  type: 'suite'
  ...
# Subtest: Wave 857 — intentionPass: intention establish world drought run, intention climax zone cluster, intention resolution zone cluster
    # Subtest: INTENTION_ESTABLISH_WORLD_DROUGHT_RUN fires when a long run has no world-building
    ok 1 - INTENTION_ESTABLISH_WORLD_DROUGHT_RUN fires when a long run has no world-building
      ---
      duration_ms: 1.145671
      type: 'test'
      ...
    # Subtest: INTENTION_ESTABLISH_WORLD_DROUGHT_RUN does not fire when world-establishing scenes are evenly spread
    ok 2 - INTENTION_ESTABLISH_WORLD_DROUGHT_RUN does not fire when world-establishing scenes are evenly spread
      ---
      duration_ms: 1.093073
      type: 'test'
      ...
    # Subtest: INTENTION_CLIMAX_ZONE_CLUSTER fires when >75% of climax-purposed scenes cluster in one third
    ok 3 - INTENTION_CLIMAX_ZONE_CLUSTER fires when >75% of climax-purposed scenes cluster in one third
      ---
      duration_ms: 0.839305
      type: 'test'
      ...
    # Subtest: INTENTION_CLIMAX_ZONE_CLUSTER does not fire when climax-purposed scenes spread across thirds
    ok 4 - INTENTION_CLIMAX_ZONE_CLUSTER does not fire when climax-purposed scenes spread across thirds
      ---
      duration_ms: 0.844429
      type: 'test'
      ...
    # Subtest: INTENTION_RESOLUTION_ZONE_CLUSTER fires when >75% of resolution-purposed scenes cluster in one third
    ok 5 - INTENTION_RESOLUTION_ZONE_CLUSTER fires when >75% of resolution-purposed scenes cluster in one third
      ---
      duration_ms: 0.851866
      type: 'test'
      ...
    # Subtest: INTENTION_RESOLUTION_ZONE_CLUSTER does not fire when resolution-purposed scenes spread across thirds
    ok 6 - INTENTION_RESOLUTION_ZONE_CLUSTER does not fire when resolution-purposed scenes spread across thirds
      ---
      duration_ms: 0.821834
      type: 'test'
      ...
    1..6
ok 1391 - Wave 857 — intentionPass: intention establish world drought run, intention climax zone cluster, intention resolution zone cluster
  ---
  duration_ms: 5.856986
  type: 'suite'
  ...
# Subtest: Wave 843 — intentionPass: intention introduce conflict drought run, intention negative emotion drought run, intention establish world zone cluster
    # Subtest: INTENTION_INTRODUCE_CONFLICT_DROUGHT_RUN fires when a long run has no new conflict
    ok 1 - INTENTION_INTRODUCE_CONFLICT_DROUGHT_RUN fires when a long run has no new conflict
      ---
      duration_ms: 1.155433
      type: 'test'
      ...
    # Subtest: INTENTION_INTRODUCE_CONFLICT_DROUGHT_RUN does not fire when conflict-introducing scenes are evenly spread
    ok 2 - INTENTION_INTRODUCE_CONFLICT_DROUGHT_RUN does not fire when conflict-introducing scenes are evenly spread
      ---
      duration_ms: 0.879795
      type: 'test'
      ...
    # Subtest: INTENTION_NEGATIVE_EMOTION_DROUGHT_RUN fires when a long run has no negative-emotion charge
    ok 3 - INTENTION_NEGATIVE_EMOTION_DROUGHT_RUN fires when a long run has no negative-emotion charge
      ---
      duration_ms: 0.954136
      type: 'test'
      ...
    # Subtest: INTENTION_NEGATIVE_EMOTION_DROUGHT_RUN does not fire when negative-emotion scenes are evenly spread
    ok 4 - INTENTION_NEGATIVE_EMOTION_DROUGHT_RUN does not fire when negative-emotion scenes are evenly spread
      ---
      duration_ms: 0.976782
      type: 'test'
      ...
    # Subtest: INTENTION_ESTABLISH_WORLD_ZONE_CLUSTER fires when >75% of world-establishing scenes cluster in one third
    ok 5 - INTENTION_ESTABLISH_WORLD_ZONE_CLUSTER fires when >75% of world-establishing scenes cluster in one third
      ---
      duration_ms: 0.859897
      type: 'test'
      ...
    # Subtest: INTENTION_ESTABLISH_WORLD_ZONE_CLUSTER does not fire when world-establishing scenes spread across thirds
    ok 6 - INTENTION_ESTABLISH_WORLD_ZONE_CLUSTER does not fire when world-establishing scenes spread across thirds
      ---
      duration_ms: 0.925514
      type: 'test'
      ...
    1..6
ok 1392 - Wave 843 — intentionPass: intention introduce conflict drought run, intention negative emotion drought run, intention establish world zone cluster
  ---
  duration_ms: 6.096476
  type: 'suite'
  ...
# Subtest: Wave 829 — intentionPass: intention turning point drought run, intention introduce conflict zone cluster, intention negative emotion zone cluster
    # Subtest: INTENTION_TURNING_POINT_DROUGHT_RUN fires when a long run has no turning point
    ok 1 - INTENTION_TURNING_POINT_DROUGHT_RUN fires when a long run has no turning point
      ---
      duration_ms: 1.151111
      type: 'test'
      ...
    # Subtest: INTENTION_TURNING_POINT_DROUGHT_RUN does not fire when turning points are evenly spread
    ok 2 - INTENTION_TURNING_POINT_DROUGHT_RUN does not fire when turning points are evenly spread
      ---
      duration_ms: 0.99397
      type: 'test'
      ...
    # Subtest: INTENTION_INTRODUCE_CONFLICT_ZONE_CLUSTER fires when >75% of conflict-introducing scenes cluster in one third
    ok 3 - INTENTION_INTRODUCE_CONFLICT_ZONE_CLUSTER fires when >75% of conflict-introducing scenes cluster in one third
      ---
      duration_ms: 0.885114
      type: 'test'
      ...
    # Subtest: INTENTION_INTRODUCE_CONFLICT_ZONE_CLUSTER does not fire when conflict-introducing scenes spread across thirds
    ok 4 - INTENTION_INTRODUCE_CONFLICT_ZONE_CLUSTER does not fire when conflict-introducing scenes spread across thirds
      ---
      duration_ms: 0.85147
      type: 'test'
      ...
    # Subtest: INTENTION_NEGATIVE_EMOTION_ZONE_CLUSTER fires when >75% of negative-emotion scenes cluster in one third
    ok 5 - INTENTION_NEGATIVE_EMOTION_ZONE_CLUSTER fires when >75% of negative-emotion scenes cluster in one third
      ---
      duration_ms: 0.846017
      type: 'test'
      ...
    # Subtest: INTENTION_NEGATIVE_EMOTION_ZONE_CLUSTER does not fire when negative-emotion scenes spread across thirds
    ok 6 - INTENTION_NEGATIVE_EMOTION_ZONE_CLUSTER does not fire when negative-emotion scenes spread across thirds
      ---
      duration_ms: 20.084043
      type: 'test'
      ...
    1..6
ok 1393 - Wave 829 — intentionPass: intention turning point drought run, intention introduce conflict zone cluster, intention negative emotion zone cluster
  ---
  duration_ms: 25.112715
  type: 'suite'
  ...
# Subtest: Wave 815 — intentionPass: intention character moment zone cluster, intention character moment drought run, intention turning point zone cluster
    # Subtest: INTENTION_CHARACTER_MOMENT_ZONE_CLUSTER fires when >75% of character-moment scenes cluster in one third
    ok 1 - INTENTION_CHARACTER_MOMENT_ZONE_CLUSTER fires when >75% of character-moment scenes cluster in one third
      ---
      duration_ms: 1.377017
      type: 'test'
      ...
    # Subtest: INTENTION_CHARACTER_MOMENT_ZONE_CLUSTER does not fire when character-moment scenes spread across thirds
    ok 2 - INTENTION_CHARACTER_MOMENT_ZONE_CLUSTER does not fire when character-moment scenes spread across thirds
      ---
      duration_ms: 0.914896
      type: 'test'
      ...
    # Subtest: INTENTION_CHARACTER_MOMENT_DROUGHT_RUN fires when a long run has no character moment
    ok 3 - INTENTION_CHARACTER_MOMENT_DROUGHT_RUN fires when a long run has no character moment
      ---
      duration_ms: 0.961318
      type: 'test'
      ...
    # Subtest: INTENTION_CHARACTER_MOMENT_DROUGHT_RUN does not fire when character moments are evenly spread
    ok 4 - INTENTION_CHARACTER_MOMENT_DROUGHT_RUN does not fire when character moments are evenly spread
      ---
      duration_ms: 1.094942
      type: 'test'
      ...
    # Subtest: INTENTION_TURNING_POINT_ZONE_CLUSTER fires when >75% of turning-point scenes cluster in one third
    ok 5 - INTENTION_TURNING_POINT_ZONE_CLUSTER fires when >75% of turning-point scenes cluster in one third
      ---
      duration_ms: 0.882835
      type: 'test'
      ...
    # Subtest: INTENTION_TURNING_POINT_ZONE_CLUSTER does not fire when turning-point scenes spread across thirds
    ok 6 - INTENTION_TURNING_POINT_ZONE_CLUSTER does not fire when turning-point scenes spread across thirds
      ---
      duration_ms: 0.882309
      type: 'test'
      ...
    1..6
ok 1394 - Wave 815 — intentionPass: intention character moment zone cluster, intention character moment drought run, intention turning point zone cluster
  ---
  duration_ms: 6.445143
  type: 'suite'
  ...
# Subtest: Wave 801 — intentionPass: intention suspense peak uncaused, intention curiosity peak uncaused, intention positive emotion drought run
    # Subtest: INTENTION_SUSPENSE_PEAK_UNCAUSED fires when the peak suspense scene has no preparing cause nearby
    ok 1 - INTENTION_SUSPENSE_PEAK_UNCAUSED fires when the peak suspense scene has no preparing cause nearby
      ---
      duration_ms: 1.060978
      type: 'test'
      ...
    # Subtest: INTENTION_SUSPENSE_PEAK_UNCAUSED does not fire when a preparing cause precedes the peak suspense scene
    ok 2 - INTENTION_SUSPENSE_PEAK_UNCAUSED does not fire when a preparing cause precedes the peak suspense scene
      ---
      duration_ms: 0.857877
      type: 'test'
      ...
    # Subtest: INTENTION_CURIOSITY_PEAK_UNCAUSED fires when the peak curiosity scene has no preparing cause nearby
    ok 3 - INTENTION_CURIOSITY_PEAK_UNCAUSED fires when the peak curiosity scene has no preparing cause nearby
      ---
      duration_ms: 0.867072
      type: 'test'
      ...
    # Subtest: INTENTION_CURIOSITY_PEAK_UNCAUSED does not fire when a preparing cause precedes the peak curiosity scene
    ok 4 - INTENTION_CURIOSITY_PEAK_UNCAUSED does not fire when a preparing cause precedes the peak curiosity scene
      ---
      duration_ms: 0.79779
      type: 'test'
      ...
    # Subtest: INTENTION_POSITIVE_EMOTION_DROUGHT_RUN fires when a long run has no positive-emotion charge
    ok 5 - INTENTION_POSITIVE_EMOTION_DROUGHT_RUN fires when a long run has no positive-emotion charge
      ---
      duration_ms: 1.120187
      type: 'test'
      ...
    # Subtest: INTENTION_POSITIVE_EMOTION_DROUGHT_RUN does not fire when positive-emotion scenes are evenly spread
    ok 6 - INTENTION_POSITIVE_EMOTION_DROUGHT_RUN does not fire when positive-emotion scenes are evenly spread
      ---
      duration_ms: 1.021381
      type: 'test'
      ...
    1..6
ok 1395 - Wave 801 — intentionPass: intention suspense peak uncaused, intention curiosity peak uncaused, intention positive emotion drought run
  ---
  duration_ms: 6.00315
  type: 'suite'
  ...
# Subtest: Wave 787 — intentionPass: intention suspense drought run, intention curiosity zone cluster, intention turn zone cluster
    # Subtest: INTENTION_SUSPENSE_DROUGHT_RUN fires when a long run has no rising suspense
    ok 1 - INTENTION_SUSPENSE_DROUGHT_RUN fires when a long run has no rising suspense
      ---
      duration_ms: 1.494136
      type: 'test'
      ...
    # Subtest: INTENTION_SUSPENSE_DROUGHT_RUN does not fire when suspense rises are evenly spread
    ok 2 - INTENTION_SUSPENSE_DROUGHT_RUN does not fire when suspense rises are evenly spread
      ---
      duration_ms: 0.893348
      type: 'test'
      ...
    # Subtest: INTENTION_CURIOSITY_ZONE_CLUSTER fires when >75% of curiosity-positive scenes cluster in one third
    ok 3 - INTENTION_CURIOSITY_ZONE_CLUSTER fires when >75% of curiosity-positive scenes cluster in one third
      ---
      duration_ms: 0.928319
      type: 'test'
      ...
    # Subtest: INTENTION_CURIOSITY_ZONE_CLUSTER does not fire when curiosity-positive scenes spread across thirds
    ok 4 - INTENTION_CURIOSITY_ZONE_CLUSTER does not fire when curiosity-positive scenes spread across thirds
      ---
      duration_ms: 0.851321
      type: 'test'
      ...
    # Subtest: INTENTION_TURN_ZONE_CLUSTER fires when >75% of turn scenes cluster in one third
    ok 5 - INTENTION_TURN_ZONE_CLUSTER fires when >75% of turn scenes cluster in one third
      ---
      duration_ms: 0.901935
      type: 'test'
      ...
    # Subtest: INTENTION_TURN_ZONE_CLUSTER does not fire when turn scenes spread across thirds
    ok 6 - INTENTION_TURN_ZONE_CLUSTER does not fire when turn scenes spread across thirds
      ---
      duration_ms: 0.818748
      type: 'test'
      ...
    1..6
ok 1396 - Wave 787 — intentionPass: intention suspense drought run, intention curiosity zone cluster, intention turn zone cluster
  ---
  duration_ms: 6.200681
  type: 'suite'
  ...
# Subtest: Wave 773 — intentionPass: intention suspense zone cluster, intention curiosity drought run, intention turn drought run
    # Subtest: INTENTION_SUSPENSE_ZONE_CLUSTER fires when >75% of suspense-positive scenes cluster in one third
    ok 1 - INTENTION_SUSPENSE_ZONE_CLUSTER fires when >75% of suspense-positive scenes cluster in one third
      ---
      duration_ms: 1.305051
      type: 'test'
      ...
    # Subtest: INTENTION_SUSPENSE_ZONE_CLUSTER does not fire when suspense-positive scenes spread across thirds
    ok 2 - INTENTION_SUSPENSE_ZONE_CLUSTER does not fire when suspense-positive scenes spread across thirds
      ---
      duration_ms: 0.863442
      type: 'test'
      ...
    # Subtest: INTENTION_CURIOSITY_DROUGHT_RUN fires when a long run has no rising curiosity
    ok 3 - INTENTION_CURIOSITY_DROUGHT_RUN fires when a long run has no rising curiosity
      ---
      duration_ms: 0.919644
      type: 'test'
      ...
    # Subtest: INTENTION_CURIOSITY_DROUGHT_RUN does not fire when curiosity rises are evenly spread
    ok 4 - INTENTION_CURIOSITY_DROUGHT_RUN does not fire when curiosity rises are evenly spread
      ---
      duration_ms: 0.933043
      type: 'test'
      ...
    # Subtest: INTENTION_TURN_DROUGHT_RUN fires when a long run has no dramatic turn
    ok 5 - INTENTION_TURN_DROUGHT_RUN fires when a long run has no dramatic turn
      ---
      duration_ms: 1.037788
      type: 'test'
      ...
    # Subtest: INTENTION_TURN_DROUGHT_RUN does not fire when dramatic turns are evenly spread
    ok 6 - INTENTION_TURN_DROUGHT_RUN does not fire when dramatic turns are evenly spread
      ---
      duration_ms: 0.935334
      type: 'test'
      ...
    1..6
ok 1397 - Wave 773 — intentionPass: intention suspense zone cluster, intention curiosity drought run, intention turn drought run
  ---
  duration_ms: 6.253396
  type: 'suite'
  ...
# Subtest: Wave 759 — intentionPass: intention clock delta zone cluster, intention revelation peak uncaused, intention stakes zone cluster
    # Subtest: INTENTION_CLOCK_DELTA_ZONE_CLUSTER fires when >75% of clock-shifting scenes cluster in one third
    ok 1 - INTENTION_CLOCK_DELTA_ZONE_CLUSTER fires when >75% of clock-shifting scenes cluster in one third
      ---
      duration_ms: 1.120374
      type: 'test'
      ...
    # Subtest: INTENTION_CLOCK_DELTA_ZONE_CLUSTER does not fire when clock movement is distributed across thirds
    ok 2 - INTENTION_CLOCK_DELTA_ZONE_CLUSTER does not fire when clock movement is distributed across thirds
      ---
      duration_ms: 0.872644
      type: 'test'
      ...
    # Subtest: INTENTION_REVELATION_PEAK_UNCAUSED fires when the peak revelation scene has no dramatic turn nearby
    ok 3 - INTENTION_REVELATION_PEAK_UNCAUSED fires when the peak revelation scene has no dramatic turn nearby
      ---
      duration_ms: 0.877174
      type: 'test'
      ...
    # Subtest: INTENTION_REVELATION_PEAK_UNCAUSED does not fire when a dramatic turn precedes the peak revelation within the lookback
    ok 4 - INTENTION_REVELATION_PEAK_UNCAUSED does not fire when a dramatic turn precedes the peak revelation within the lookback
      ---
      duration_ms: 0.809119
      type: 'test'
      ...
    # Subtest: INTENTION_STAKES_ZONE_CLUSTER fires when >75% of stakes-raising scenes cluster in one third
    ok 5 - INTENTION_STAKES_ZONE_CLUSTER fires when >75% of stakes-raising scenes cluster in one third
      ---
      duration_ms: 0.943872
      type: 'test'
      ...
    # Subtest: INTENTION_STAKES_ZONE_CLUSTER does not fire when stakes-raising scenes are distributed across thirds
    ok 6 - INTENTION_STAKES_ZONE_CLUSTER does not fire when stakes-raising scenes are distributed across thirds
      ---
      duration_ms: 0.761103
      type: 'test'
      ...
    1..6
ok 1398 - Wave 759 — intentionPass: intention clock delta zone cluster, intention revelation peak uncaused, intention stakes zone cluster
  ---
  duration_ms: 5.70065
  type: 'suite'
  ...
# Subtest: Wave 745 — intentionPass: intention relationship zone cluster, intention seed drought run, intention clock delta drought run
    # Subtest: INTENTION_RELATIONSHIP_ZONE_CLUSTER fires when >75% of relationship-shift scenes cluster in one third
    ok 1 - INTENTION_RELATIONSHIP_ZONE_CLUSTER fires when >75% of relationship-shift scenes cluster in one third
      ---
      duration_ms: 1.230324
      type: 'test'
      ...
    # Subtest: INTENTION_RELATIONSHIP_ZONE_CLUSTER does not fire when relationship-shift scenes are distributed across thirds
    ok 2 - INTENTION_RELATIONSHIP_ZONE_CLUSTER does not fire when relationship-shift scenes are distributed across thirds
      ---
      duration_ms: 0.868595
      type: 'test'
      ...
    # Subtest: INTENTION_SEED_DROUGHT_RUN fires when the longest no-new-clues run is ≥6
    ok 3 - INTENTION_SEED_DROUGHT_RUN fires when the longest no-new-clues run is ≥6
      ---
      duration_ms: 1.124137
      type: 'test'
      ...
    # Subtest: INTENTION_SEED_DROUGHT_RUN does not fire when new clues are seeded without a long drought
    ok 4 - INTENTION_SEED_DROUGHT_RUN does not fire when new clues are seeded without a long drought
      ---
      duration_ms: 1.14699
      type: 'test'
      ...
    # Subtest: INTENTION_CLOCK_DELTA_DROUGHT_RUN fires when the longest no-clock-movement run reaches 6
    ok 5 - INTENTION_CLOCK_DELTA_DROUGHT_RUN fires when the longest no-clock-movement run reaches 6
      ---
      duration_ms: 1.011929
      type: 'test'
      ...
    # Subtest: INTENTION_CLOCK_DELTA_DROUGHT_RUN does not fire when clock movement is spread through the story
    ok 6 - INTENTION_CLOCK_DELTA_DROUGHT_RUN does not fire when clock movement is spread through the story
      ---
      duration_ms: 0.984814
      type: 'test'
      ...
    1..6
ok 1399 - Wave 745 — intentionPass: intention relationship zone cluster, intention seed drought run, intention clock delta drought run
  ---
  duration_ms: 6.626835
  type: 'suite'
  ...
# Subtest: Wave 731 — intentionPass: intention staging zone cluster, intention seed zone cluster, intention relationship drought run
    # Subtest: INTENTION_STAGING_ZONE_CLUSTER fires when >75% of visually dense scenes cluster in one third
    ok 1 - INTENTION_STAGING_ZONE_CLUSTER fires when >75% of visually dense scenes cluster in one third
      ---
      duration_ms: 1.308531
      type: 'test'
      ...
    # Subtest: INTENTION_STAGING_ZONE_CLUSTER does not fire when visually dense scenes are distributed across thirds
    ok 2 - INTENTION_STAGING_ZONE_CLUSTER does not fire when visually dense scenes are distributed across thirds
      ---
      duration_ms: 2.062515
      type: 'test'
      ...
    # Subtest: INTENTION_SEED_ZONE_CLUSTER fires when >75% of seed scenes cluster in one third
    ok 3 - INTENTION_SEED_ZONE_CLUSTER fires when >75% of seed scenes cluster in one third
      ---
      duration_ms: 1.039941
      type: 'test'
      ...
    # Subtest: INTENTION_SEED_ZONE_CLUSTER does not fire when seed scenes are distributed across thirds
    ok 4 - INTENTION_SEED_ZONE_CLUSTER does not fire when seed scenes are distributed across thirds
      ---
      duration_ms: 0.932018
      type: 'test'
      ...
    # Subtest: INTENTION_RELATIONSHIP_DROUGHT_RUN fires when the longest no-relationship-shift run is ≥6
    ok 5 - INTENTION_RELATIONSHIP_DROUGHT_RUN fires when the longest no-relationship-shift run is ≥6
      ---
      duration_ms: 4.50809
      type: 'test'
      ...
    # Subtest: INTENTION_RELATIONSHIP_DROUGHT_RUN does not fire when relationship shifts are distributed without a long drought
    ok 6 - INTENTION_RELATIONSHIP_DROUGHT_RUN does not fire when relationship shifts are distributed without a long drought
      ---
      duration_ms: 1.055762
      type: 'test'
      ...
    1..6
ok 1400 - Wave 731 — intentionPass: intention staging zone cluster, intention seed zone cluster, intention relationship drought run
  ---
  duration_ms: 11.208965
  type: 'suite'
  ...
# Subtest: Wave 717 — intentionPass: intention highlight zone cluster, intention open thread peak uncaused, intention payoff drought run
    # Subtest: INTENTION_HIGHLIGHT_ZONE_CLUSTER fires when >75% of highlighted-dialogue scenes cluster in one third
    ok 1 - INTENTION_HIGHLIGHT_ZONE_CLUSTER fires when >75% of highlighted-dialogue scenes cluster in one third
      ---
      duration_ms: 3.557842
      type: 'test'
      ...
    # Subtest: INTENTION_HIGHLIGHT_ZONE_CLUSTER does not fire when highlighted-dialogue scenes are distributed across thirds
    ok 2 - INTENTION_HIGHLIGHT_ZONE_CLUSTER does not fire when highlighted-dialogue scenes are distributed across thirds
      ---
      duration_ms: 0.886276
      type: 'test'
      ...
    # Subtest: INTENTION_OPEN_THREAD_PEAK_UNCAUSED fires when the peak open-thread scene has no dramatic turn or revelation nearby
    ok 3 - INTENTION_OPEN_THREAD_PEAK_UNCAUSED fires when the peak open-thread scene has no dramatic turn or revelation nearby
      ---
      duration_ms: 1.148228
      type: 'test'
      ...
    # Subtest: INTENTION_OPEN_THREAD_PEAK_UNCAUSED does not fire when a dramatic turn precedes the peak within the lookback
    ok 4 - INTENTION_OPEN_THREAD_PEAK_UNCAUSED does not fire when a dramatic turn precedes the peak within the lookback
      ---
      duration_ms: 1.012936
      type: 'test'
      ...
    # Subtest: INTENTION_PAYOFF_DROUGHT_RUN fires when the longest no-payoff run is ≥6
    ok 5 - INTENTION_PAYOFF_DROUGHT_RUN fires when the longest no-payoff run is ≥6
      ---
      duration_ms: 1.219978
      type: 'test'
      ...
    # Subtest: INTENTION_PAYOFF_DROUGHT_RUN does not fire when payoffs are distributed without a long drought
    ok 6 - INTENTION_PAYOFF_DROUGHT_RUN does not fire when payoffs are distributed without a long drought
      ---
      duration_ms: 0.903232
      type: 'test'
      ...
    1..6
ok 1401 - Wave 717 — intentionPass: intention highlight zone cluster, intention open thread peak uncaused, intention payoff drought run
  ---
  duration_ms: 9.047472
  type: 'suite'
  ...
# Subtest: Wave 703 — intentionPass: intention highlight peak uncaused, intention payoff peak uncaused, intention open thread drought run
    # Subtest: INTENTION_HIGHLIGHT_PEAK_UNCAUSED fires when the peak highlighted-dialogue scene has no dramatic turn or revelation nearby
    ok 1 - INTENTION_HIGHLIGHT_PEAK_UNCAUSED fires when the peak highlighted-dialogue scene has no dramatic turn or revelation nearby
      ---
      duration_ms: 1.024778
      type: 'test'
      ...
    # Subtest: INTENTION_HIGHLIGHT_PEAK_UNCAUSED does not fire when a dramatic turn precedes the peak within the lookback
    ok 2 - INTENTION_HIGHLIGHT_PEAK_UNCAUSED does not fire when a dramatic turn precedes the peak within the lookback
      ---
      duration_ms: 1.961366
      type: 'test'
      ...
    # Subtest: INTENTION_PAYOFF_PEAK_UNCAUSED fires when the peak payoff scene has no dramatic turn or revelation nearby
    ok 3 - INTENTION_PAYOFF_PEAK_UNCAUSED fires when the peak payoff scene has no dramatic turn or revelation nearby
      ---
      duration_ms: 0.799054
      type: 'test'
      ...
    # Subtest: INTENTION_PAYOFF_PEAK_UNCAUSED does not fire when a dramatic turn precedes the peak within the lookback
    ok 4 - INTENTION_PAYOFF_PEAK_UNCAUSED does not fire when a dramatic turn precedes the peak within the lookback
      ---
      duration_ms: 0.799946
      type: 'test'
      ...
    # Subtest: INTENTION_OPEN_THREAD_DROUGHT_RUN fires when the longest no-open-thread run is ≥6
    ok 5 - INTENTION_OPEN_THREAD_DROUGHT_RUN fires when the longest no-open-thread run is ≥6
      ---
      duration_ms: 0.972369
      type: 'test'
      ...
    # Subtest: INTENTION_OPEN_THREAD_DROUGHT_RUN does not fire when open threads are distributed without a long drought
    ok 6 - INTENTION_OPEN_THREAD_DROUGHT_RUN does not fire when open threads are distributed without a long drought
      ---
      duration_ms: 1.066287
      type: 'test'
      ...
    1..6
ok 1402 - Wave 703 — intentionPass: intention highlight peak uncaused, intention payoff peak uncaused, intention open thread drought run
  ---
  duration_ms: 6.963047
  type: 'suite'
  ...
# Subtest: Wave 689 — intentionPass: intention seed peak uncaused, intention staging drought run, intention clock zone cluster
    # Subtest: INTENTION_SEED_PEAK_UNCAUSED fires when the peak seed scene has no dramatic turn or revelation nearby
    ok 1 - INTENTION_SEED_PEAK_UNCAUSED fires when the peak seed scene has no dramatic turn or revelation nearby
      ---
      duration_ms: 1.12433
      type: 'test'
      ...
    # Subtest: INTENTION_SEED_PEAK_UNCAUSED does not fire when a dramatic turn precedes the peak within the lookback
    ok 2 - INTENTION_SEED_PEAK_UNCAUSED does not fire when a dramatic turn precedes the peak within the lookback
      ---
      duration_ms: 0.833436
      type: 'test'
      ...
    # Subtest: INTENTION_STAGING_DROUGHT_RUN fires when the longest no-visual-beat run is ≥6
    ok 3 - INTENTION_STAGING_DROUGHT_RUN fires when the longest no-visual-beat run is ≥6
      ---
      duration_ms: 0.916089
      type: 'test'
      ...
    # Subtest: INTENTION_STAGING_DROUGHT_RUN does not fire when visual beats are distributed without a long drought
    ok 4 - INTENTION_STAGING_DROUGHT_RUN does not fire when visual beats are distributed without a long drought
      ---
      duration_ms: 0.992737
      type: 'test'
      ...
    # Subtest: INTENTION_CLOCK_ZONE_CLUSTER fires when >75% of clock-raised scenes cluster in one third
    ok 5 - INTENTION_CLOCK_ZONE_CLUSTER fires when >75% of clock-raised scenes cluster in one third
      ---
      duration_ms: 0.897298
      type: 'test'
      ...
    # Subtest: INTENTION_CLOCK_ZONE_CLUSTER does not fire when clock-raised scenes are distributed across thirds
    ok 6 - INTENTION_CLOCK_ZONE_CLUSTER does not fire when clock-raised scenes are distributed across thirds
      ---
      duration_ms: 0.961522
      type: 'test'
      ...
    1..6
ok 1403 - Wave 689 — intentionPass: intention seed peak uncaused, intention staging drought run, intention clock zone cluster
  ---
  duration_ms: 6.005502
  type: 'suite'
  ...
# Subtest: Wave 675 — intentionPass: intention clock delta peak uncaused, intention stakes drought run, intention positive emotion zone cluster
    # Subtest: INTENTION_CLOCK_DELTA_PEAK_UNCAUSED fires when the peak clockDelta scene has no dramatic turn or revelation nearby
    ok 1 - INTENTION_CLOCK_DELTA_PEAK_UNCAUSED fires when the peak clockDelta scene has no dramatic turn or revelation nearby
      ---
      duration_ms: 1.135746
      type: 'test'
      ...
    # Subtest: INTENTION_CLOCK_DELTA_PEAK_UNCAUSED does not fire when a dramatic turn precedes the peak within the lookback
    ok 2 - INTENTION_CLOCK_DELTA_PEAK_UNCAUSED does not fire when a dramatic turn precedes the peak within the lookback
      ---
      duration_ms: 0.805424
      type: 'test'
      ...
    # Subtest: INTENTION_STAKES_DROUGHT_RUN fires when the longest no-stakes-raising run is ≥6
    ok 3 - INTENTION_STAKES_DROUGHT_RUN fires when the longest no-stakes-raising run is ≥6
      ---
      duration_ms: 0.897669
      type: 'test'
      ...
    # Subtest: INTENTION_STAKES_DROUGHT_RUN does not fire when stakes-raising scenes are distributed without a long drought
    ok 4 - INTENTION_STAKES_DROUGHT_RUN does not fire when stakes-raising scenes are distributed without a long drought
      ---
      duration_ms: 0.95021
      type: 'test'
      ...
    # Subtest: INTENTION_POSITIVE_EMOTION_ZONE_CLUSTER fires when >75% of positive-emotion scenes cluster in one third
    ok 5 - INTENTION_POSITIVE_EMOTION_ZONE_CLUSTER fires when >75% of positive-emotion scenes cluster in one third
      ---
      duration_ms: 0.831689
      type: 'test'
      ...
    # Subtest: INTENTION_POSITIVE_EMOTION_ZONE_CLUSTER does not fire when positive-emotion scenes are distributed across thirds
    ok 6 - INTENTION_POSITIVE_EMOTION_ZONE_CLUSTER does not fire when positive-emotion scenes are distributed across thirds
      ---
      duration_ms: 0.858663
      type: 'test'
      ...
    1..6
ok 1404 - Wave 675 — intentionPass: intention clock delta peak uncaused, intention stakes drought run, intention positive emotion zone cluster
  ---
  duration_ms: 5.777829
  type: 'suite'
  ...
# Subtest: Wave 661 — intentionPass: intention relationship peak uncaused, intention clock drought run, intention payoff zone cluster
    # Subtest: INTENTION_RELATIONSHIP_PEAK_UNCAUSED fires when the peak relationship-shift scene has no dramatic turn or revelation nearby
    ok 1 - INTENTION_RELATIONSHIP_PEAK_UNCAUSED fires when the peak relationship-shift scene has no dramatic turn or revelation nearby
      ---
      duration_ms: 1.194258
      type: 'test'
      ...
    # Subtest: INTENTION_RELATIONSHIP_PEAK_UNCAUSED does not fire when a dramatic turn precedes the peak within the lookback
    ok 2 - INTENTION_RELATIONSHIP_PEAK_UNCAUSED does not fire when a dramatic turn precedes the peak within the lookback
      ---
      duration_ms: 0.874646
      type: 'test'
      ...
    # Subtest: INTENTION_CLOCK_DROUGHT_RUN fires when the longest no-clock run is ≥6
    ok 3 - INTENTION_CLOCK_DROUGHT_RUN fires when the longest no-clock run is ≥6
      ---
      duration_ms: 1.148274
      type: 'test'
      ...
    # Subtest: INTENTION_CLOCK_DROUGHT_RUN does not fire when clock raises are distributed without a long drought
    ok 4 - INTENTION_CLOCK_DROUGHT_RUN does not fire when clock raises are distributed without a long drought
      ---
      duration_ms: 0.982072
      type: 'test'
      ...
    # Subtest: INTENTION_PAYOFF_ZONE_CLUSTER fires when >75% of payoff scenes cluster in one third
    ok 5 - INTENTION_PAYOFF_ZONE_CLUSTER fires when >75% of payoff scenes cluster in one third
      ---
      duration_ms: 0.954977
      type: 'test'
      ...
    # Subtest: INTENTION_PAYOFF_ZONE_CLUSTER does not fire when payoff scenes are distributed across thirds
    ok 6 - INTENTION_PAYOFF_ZONE_CLUSTER does not fire when payoff scenes are distributed across thirds
      ---
      duration_ms: 0.872872
      type: 'test'
      ...
    1..6
ok 1405 - Wave 661 — intentionPass: intention relationship peak uncaused, intention clock drought run, intention payoff zone cluster
  ---
  duration_ms: 6.335425
  type: 'suite'
  ...
# Subtest: Wave 647 — intentionPass: intention highlight drought run, intention open thread zone cluster, intention staging curiosity decoupled
    # Subtest: INTENTION_HIGHLIGHT_DROUGHT_RUN fires when the longest no-highlighted-dialogue run is ≥6
    ok 1 - INTENTION_HIGHLIGHT_DROUGHT_RUN fires when the longest no-highlighted-dialogue run is ≥6
      ---
      duration_ms: 1.247795
      type: 'test'
      ...
    # Subtest: INTENTION_HIGHLIGHT_DROUGHT_RUN does not fire when highlighted dialogue is distributed without a long drought
    ok 2 - INTENTION_HIGHLIGHT_DROUGHT_RUN does not fire when highlighted dialogue is distributed without a long drought
      ---
      duration_ms: 0.916322
      type: 'test'
      ...
    # Subtest: INTENTION_OPEN_THREAD_ZONE_CLUSTER fires when >75% of open-thread scenes cluster in one third
    ok 3 - INTENTION_OPEN_THREAD_ZONE_CLUSTER fires when >75% of open-thread scenes cluster in one third
      ---
      duration_ms: 0.863917
      type: 'test'
      ...
    # Subtest: INTENTION_OPEN_THREAD_ZONE_CLUSTER does not fire when open-thread scenes are distributed across thirds
    ok 4 - INTENTION_OPEN_THREAD_ZONE_CLUSTER does not fire when open-thread scenes are distributed across thirds
      ---
      duration_ms: 4.883363
      type: 'test'
      ...
    # Subtest: INTENTION_STAGING_CURIOSITY_DECOUPLED fires when visually-staged scenes and rising-curiosity scenes never overlap
    ok 5 - INTENTION_STAGING_CURIOSITY_DECOUPLED fires when visually-staged scenes and rising-curiosity scenes never overlap
      ---
      duration_ms: 0.735708
      type: 'test'
      ...
    # Subtest: INTENTION_STAGING_CURIOSITY_DECOUPLED does not fire when a scene carries both signals
    ok 6 - INTENTION_STAGING_CURIOSITY_DECOUPLED does not fire when a scene carries both signals
      ---
      duration_ms: 0.656434
      type: 'test'
      ...
    1..6
ok 1406 - Wave 647 — intentionPass: intention highlight drought run, intention open thread zone cluster, intention staging curiosity decoupled
  ---
  duration_ms: 9.679719
  type: 'suite'
  ...
# Subtest: Wave 633 — intentionPass: intention highlight open thread decoupled, intention clock staging aftermath void, intention open thread zone imbalance
    # Subtest: INTENTION_HIGHLIGHT_OPEN_THREAD_DECOUPLED fires when dialogue highlights and open-thread scenes never overlap
    ok 1 - INTENTION_HIGHLIGHT_OPEN_THREAD_DECOUPLED fires when dialogue highlights and open-thread scenes never overlap
      ---
      duration_ms: 1.056946
      type: 'test'
      ...
    # Subtest: INTENTION_HIGHLIGHT_OPEN_THREAD_DECOUPLED does not fire when a scene carries both signals
    ok 2 - INTENTION_HIGHLIGHT_OPEN_THREAD_DECOUPLED does not fire when a scene carries both signals
      ---
      duration_ms: 0.644712
      type: 'test'
      ...
    # Subtest: INTENTION_CLOCK_STAGING_AFTERMATH_VOID fires when no clock-raising scene is followed by a visually dense scene within 2 scenes
    ok 3 - INTENTION_CLOCK_STAGING_AFTERMATH_VOID fires when no clock-raising scene is followed by a visually dense scene within 2 scenes
      ---
      duration_ms: 0.905536
      type: 'test'
      ...
    # Subtest: INTENTION_CLOCK_STAGING_AFTERMATH_VOID does not fire when a trigger window contains a visually dense scene
    ok 4 - INTENTION_CLOCK_STAGING_AFTERMATH_VOID does not fire when a trigger window contains a visually dense scene
      ---
      duration_ms: 0.895132
      type: 'test'
      ...
    # Subtest: INTENTION_OPEN_THREAD_ZONE_IMBALANCE fires when one zone is empty of open-thread scenes while another is bloated
    ok 5 - INTENTION_OPEN_THREAD_ZONE_IMBALANCE fires when one zone is empty of open-thread scenes while another is bloated
      ---
      duration_ms: 0.961162
      type: 'test'
      ...
    # Subtest: INTENTION_OPEN_THREAD_ZONE_IMBALANCE does not fire when open-thread scenes are spread across all zones
    ok 6 - INTENTION_OPEN_THREAD_ZONE_IMBALANCE does not fire when open-thread scenes are spread across all zones
      ---
      duration_ms: 0.976178
      type: 'test'
      ...
    1..6
ok 1407 - Wave 633 — intentionPass: intention highlight open thread decoupled, intention clock staging aftermath void, intention open thread zone imbalance
  ---
  duration_ms: 5.714001
  type: 'suite'
  ...
# Subtest: Wave 619 — intentionPass: payoff physical staging decoupled, seed staging aftermath void, physical staging peak uncaused
    # Subtest: PAYOFF_PHYSICAL_STAGING_DECOUPLED fires when payoff scenes and visually-staged scenes never overlap
    ok 1 - PAYOFF_PHYSICAL_STAGING_DECOUPLED fires when payoff scenes and visually-staged scenes never overlap
      ---
      duration_ms: 0.909175
      type: 'test'
      ...
    # Subtest: PAYOFF_PHYSICAL_STAGING_DECOUPLED does not fire when a scene carries both signals
    ok 2 - PAYOFF_PHYSICAL_STAGING_DECOUPLED does not fire when a scene carries both signals
      ---
      duration_ms: 0.771496
      type: 'test'
      ...
    # Subtest: SEED_STAGING_AFTERMATH_VOID fires when no seed is followed by a visually dense scene within 2 scenes
    ok 3 - SEED_STAGING_AFTERMATH_VOID fires when no seed is followed by a visually dense scene within 2 scenes
      ---
      duration_ms: 1.004661
      type: 'test'
      ...
    # Subtest: SEED_STAGING_AFTERMATH_VOID does not fire when a trigger window contains a visually dense scene
    ok 4 - SEED_STAGING_AFTERMATH_VOID does not fire when a trigger window contains a visually dense scene
      ---
      duration_ms: 0.887447
      type: 'test'
      ...
    # Subtest: PHYSICAL_STAGING_PEAK_UNCAUSED fires when the peak physical-staging scene has no revelation or dramatic turn nearby
    ok 5 - PHYSICAL_STAGING_PEAK_UNCAUSED fires when the peak physical-staging scene has no revelation or dramatic turn nearby
      ---
      duration_ms: 0.799048
      type: 'test'
      ...
    # Subtest: PHYSICAL_STAGING_PEAK_UNCAUSED does not fire when a dramatic turn precedes the peak within the lookback
    ok 6 - PHYSICAL_STAGING_PEAK_UNCAUSED does not fire when a dramatic turn precedes the peak within the lookback
      ---
      duration_ms: 0.87372
      type: 'test'
      ...
    1..6
ok 1408 - Wave 619 — intentionPass: payoff physical staging decoupled, seed staging aftermath void, physical staging peak uncaused
  ---
  duration_ms: 5.510528
  type: 'suite'
  ...
# Subtest: Wave 605 — intentionPass: open thread revelation decoupled, physical staging zone imbalance, open thread payoff aftermath void
    # Subtest: OPEN_THREAD_REVELATION_DECOUPLED fires when open-thread scenes and revelation scenes never overlap
    ok 1 - OPEN_THREAD_REVELATION_DECOUPLED fires when open-thread scenes and revelation scenes never overlap
      ---
      duration_ms: 1.07605
      type: 'test'
      ...
    # Subtest: OPEN_THREAD_REVELATION_DECOUPLED does not fire when a scene carries both signals
    ok 2 - OPEN_THREAD_REVELATION_DECOUPLED does not fire when a scene carries both signals
      ---
      duration_ms: 0.816093
      type: 'test'
      ...
    # Subtest: PHYSICAL_STAGING_ZONE_IMBALANCE fires when one zone is empty of visually dense scenes while another is bloated
    ok 3 - PHYSICAL_STAGING_ZONE_IMBALANCE fires when one zone is empty of visually dense scenes while another is bloated
      ---
      duration_ms: 1.022355
      type: 'test'
      ...
    # Subtest: PHYSICAL_STAGING_ZONE_IMBALANCE does not fire when every zone has a visually dense scene
    ok 4 - PHYSICAL_STAGING_ZONE_IMBALANCE does not fire when every zone has a visually dense scene
      ---
      duration_ms: 1.022632
      type: 'test'
      ...
    # Subtest: OPEN_THREAD_PAYOFF_AFTERMATH_VOID fires when heavy clue-debt scenes are never followed by a payoff
    ok 5 - OPEN_THREAD_PAYOFF_AFTERMATH_VOID fires when heavy clue-debt scenes are never followed by a payoff
      ---
      duration_ms: 0.919845
      type: 'test'
      ...
    # Subtest: OPEN_THREAD_PAYOFF_AFTERMATH_VOID does not fire when a trigger window contains a payoff
    ok 6 - OPEN_THREAD_PAYOFF_AFTERMATH_VOID does not fire when a trigger window contains a payoff
      ---
      duration_ms: 0.893815
      type: 'test'
      ...
    1..6
ok 1409 - Wave 605 — intentionPass: open thread revelation decoupled, physical staging zone imbalance, open thread payoff aftermath void
  ---
  duration_ms: 6.019801
  type: 'suite'
  ...
# Subtest: Wave 591 — intentionPass: payoff relationship decoupled, revelation relationship decoupled, payoff zone imbalance
    # Subtest: PAYOFF_RELATIONSHIP_DECOUPLED fires when no payoff scene has a relationship shift
    ok 1 - PAYOFF_RELATIONSHIP_DECOUPLED fires when no payoff scene has a relationship shift
      ---
      duration_ms: 1.52955
      type: 'test'
      ...
    # Subtest: PAYOFF_RELATIONSHIP_DECOUPLED does not fire when a payoff scene also has a relationship shift
    ok 2 - PAYOFF_RELATIONSHIP_DECOUPLED does not fire when a payoff scene also has a relationship shift
      ---
      duration_ms: 1.654095
      type: 'test'
      ...
    # Subtest: REVELATION_RELATIONSHIP_DECOUPLED fires when no revelation scene has a relationship shift
    ok 3 - REVELATION_RELATIONSHIP_DECOUPLED fires when no revelation scene has a relationship shift
      ---
      duration_ms: 0.943911
      type: 'test'
      ...
    # Subtest: REVELATION_RELATIONSHIP_DECOUPLED does not fire when a revelation scene also has a relationship shift
    ok 4 - REVELATION_RELATIONSHIP_DECOUPLED does not fire when a revelation scene also has a relationship shift
      ---
      duration_ms: 0.887428
      type: 'test'
      ...
    # Subtest: PAYOFF_ZONE_IMBALANCE fires when one zone has zero payoffs and another has ≥50%
    ok 5 - PAYOFF_ZONE_IMBALANCE fires when one zone has zero payoffs and another has ≥50%
      ---
      duration_ms: 1.242109
      type: 'test'
      ...
    # Subtest: PAYOFF_ZONE_IMBALANCE does not fire when payoffs are spread across all zones
    ok 6 - PAYOFF_ZONE_IMBALANCE does not fire when payoffs are spread across all zones
      ---
      duration_ms: 0.971024
      type: 'test'
      ...
    1..6
ok 1410 - Wave 591 — intentionPass: payoff relationship decoupled, revelation relationship decoupled, payoff zone imbalance
  ---
  duration_ms: 7.54549
  type: 'suite'
  ...
# Subtest: Wave 577 — intentionPass: seed zone cluster, clock revelation aftermath void, seed curiosity decoupled
    # Subtest: SEED_ZONE_CLUSTER fires when >75% of seed scenes cluster in one structural third
    ok 1 - SEED_ZONE_CLUSTER fires when >75% of seed scenes cluster in one structural third
      ---
      duration_ms: 1.342059
      type: 'test'
      ...
    # Subtest: SEED_ZONE_CLUSTER does not fire when seed scenes are distributed across thirds
    ok 2 - SEED_ZONE_CLUSTER does not fire when seed scenes are distributed across thirds
      ---
      duration_ms: 1.035905
      type: 'test'
      ...
    # Subtest: CLOCK_REVELATION_AFTERMATH_VOID fires when no clock scene is followed by a revelation within 2 scenes
    ok 3 - CLOCK_REVELATION_AFTERMATH_VOID fires when no clock scene is followed by a revelation within 2 scenes
      ---
      duration_ms: 0.994346
      type: 'test'
      ...
    # Subtest: CLOCK_REVELATION_AFTERMATH_VOID does not fire when a clock is followed by a revelation within 2 scenes
    ok 4 - CLOCK_REVELATION_AFTERMATH_VOID does not fire when a clock is followed by a revelation within 2 scenes
      ---
      duration_ms: 0.971421
      type: 'test'
      ...
    # Subtest: SEED_CURIOSITY_DECOUPLED fires when all seed scenes have curiosityDelta ≤ 0
    ok 5 - SEED_CURIOSITY_DECOUPLED fires when all seed scenes have curiosityDelta ≤ 0
      ---
      duration_ms: 0.944299
      type: 'test'
      ...
    # Subtest: SEED_CURIOSITY_DECOUPLED does not fire when a seed scene also raises curiosity
    ok 6 - SEED_CURIOSITY_DECOUPLED does not fire when a seed scene also raises curiosity
      ---
      duration_ms: 1.643662
      type: 'test'
      ...
    1..6
ok 1411 - Wave 577 — intentionPass: seed zone cluster, clock revelation aftermath void, seed curiosity decoupled
  ---
  duration_ms: 7.224984
  type: 'suite'
  ...
# Subtest: Wave 563 — intentionPass: revelation drought run, revelation zone cluster, revelation clock aftermath void
    # Subtest: REVELATION_DROUGHT_RUN fires when a run of 6+ consecutive scenes has no revelation
    ok 1 - REVELATION_DROUGHT_RUN fires when a run of 6+ consecutive scenes has no revelation
      ---
      duration_ms: 1.40039
      type: 'test'
      ...
    # Subtest: REVELATION_DROUGHT_RUN does not fire when no non-revelation run reaches 6 scenes
    ok 2 - REVELATION_DROUGHT_RUN does not fire when no non-revelation run reaches 6 scenes
      ---
      duration_ms: 1.156453
      type: 'test'
      ...
    # Subtest: REVELATION_ZONE_CLUSTER fires when >75% of revelations fall in a single structural third
    ok 3 - REVELATION_ZONE_CLUSTER fires when >75% of revelations fall in a single structural third
      ---
      duration_ms: 1.237169
      type: 'test'
      ...
    # Subtest: REVELATION_ZONE_CLUSTER does not fire when revelations are spread across thirds
    ok 4 - REVELATION_ZONE_CLUSTER does not fire when revelations are spread across thirds
      ---
      duration_ms: 0.903762
      type: 'test'
      ...
    # Subtest: REVELATION_CLOCK_AFTERMATH_VOID fires when no revelation is followed by a clock raise within 2 scenes
    ok 5 - REVELATION_CLOCK_AFTERMATH_VOID fires when no revelation is followed by a clock raise within 2 scenes
      ---
      duration_ms: 0.887806
      type: 'test'
      ...
    # Subtest: REVELATION_CLOCK_AFTERMATH_VOID does not fire when a revelation aftermath raises a clock
    ok 6 - REVELATION_CLOCK_AFTERMATH_VOID does not fire when a revelation aftermath raises a clock
      ---
      duration_ms: 0.777184
      type: 'test'
      ...
    1..6
ok 1412 - Wave 563 — intentionPass: revelation drought run, revelation zone cluster, revelation clock aftermath void
  ---
  duration_ms: 6.641027
  type: 'suite'
  ...
# Subtest: Wave 549 — intentionPass: revelation suspense flat, revelation emotion decoupled, revelation cause void
    # Subtest: REVELATION_SUSPENSE_FLAT fires when all revelation scenes have avg suspenseDelta ≤ 0
    ok 1 - REVELATION_SUSPENSE_FLAT fires when all revelation scenes have avg suspenseDelta ≤ 0
      ---
      duration_ms: 1.119378
      type: 'test'
      ...
    # Subtest: REVELATION_SUSPENSE_FLAT does not fire when revelation scenes have positive avg suspenseDelta
    ok 2 - REVELATION_SUSPENSE_FLAT does not fire when revelation scenes have positive avg suspenseDelta
      ---
      duration_ms: 0.77977
      type: 'test'
      ...
    # Subtest: REVELATION_EMOTION_DECOUPLED fires when no revelation scene has non-neutral emotion
    ok 3 - REVELATION_EMOTION_DECOUPLED fires when no revelation scene has non-neutral emotion
      ---
      duration_ms: 0.900579
      type: 'test'
      ...
    # Subtest: REVELATION_EMOTION_DECOUPLED does not fire when a revelation scene has non-neutral emotion
    ok 4 - REVELATION_EMOTION_DECOUPLED does not fire when a revelation scene has non-neutral emotion
      ---
      duration_ms: 0.853982
      type: 'test'
      ...
    # Subtest: REVELATION_CAUSE_VOID fires when all revelations have no upstream trigger
    ok 5 - REVELATION_CAUSE_VOID fires when all revelations have no upstream trigger
      ---
      duration_ms: 0.927414
      type: 'test'
      ...
    # Subtest: REVELATION_CAUSE_VOID does not fire when a revelation has a suspense rise in prior scene
    ok 6 - REVELATION_CAUSE_VOID does not fire when a revelation has a suspense rise in prior scene
      ---
      duration_ms: 0.788365
      type: 'test'
      ...
    1..6
ok 1413 - Wave 549 — intentionPass: revelation suspense flat, revelation emotion decoupled, revelation cause void
  ---
  duration_ms: 5.640058
  type: 'suite'
  ...
# Subtest: Wave 535 — intentionPass: payoff clock decoupled, payoff peak uncaused, payoff back-loaded
    # Subtest: PAYOFF_CLOCK_DECOUPLED fires when no payoff scene also has clockRaised
    ok 1 - PAYOFF_CLOCK_DECOUPLED fires when no payoff scene also has clockRaised
      ---
      duration_ms: 1.000042
      type: 'test'
      ...
    # Subtest: PAYOFF_CLOCK_DECOUPLED does not fire when a payoff scene also has clockRaised
    ok 2 - PAYOFF_CLOCK_DECOUPLED does not fire when a payoff scene also has clockRaised
      ---
      duration_ms: 0.852064
      type: 'test'
      ...
    # Subtest: PAYOFF_PEAK_UNCAUSED fires when the peak payoff scene has no cause in prior 2 scenes
    ok 3 - PAYOFF_PEAK_UNCAUSED fires when the peak payoff scene has no cause in prior 2 scenes
      ---
      duration_ms: 0.816775
      type: 'test'
      ...
    # Subtest: PAYOFF_PEAK_UNCAUSED does not fire when a prior scene provides a causal driver
    ok 4 - PAYOFF_PEAK_UNCAUSED does not fire when a prior scene provides a causal driver
      ---
      duration_ms: 3.001337
      type: 'test'
      ...
    # Subtest: PAYOFF_BACK_LOADED fires when >70% of payoff scenes are in second half
    ok 5 - PAYOFF_BACK_LOADED fires when >70% of payoff scenes are in second half
      ---
      duration_ms: 1.100161
      type: 'test'
      ...
    # Subtest: PAYOFF_BACK_LOADED does not fire when payoffs are distributed across both halves
    ok 6 - PAYOFF_BACK_LOADED does not fire when payoffs are distributed across both halves
      ---
      duration_ms: 0.935603
      type: 'test'
      ...
    1..6
ok 1414 - Wave 535 — intentionPass: payoff clock decoupled, payoff peak uncaused, payoff back-loaded
  ---
  duration_ms: 7.985267
  type: 'suite'
  ...
# Subtest: Wave 521 — intentionPass: seed peak uncaused, seed front-loaded, payoff emotion decoupled
    # Subtest: SEED_PEAK_UNCAUSED fires when the densest seed scene has no cause in prior 2 scenes
    ok 1 - SEED_PEAK_UNCAUSED fires when the densest seed scene has no cause in prior 2 scenes
      ---
      duration_ms: 0.946834
      type: 'test'
      ...
    # Subtest: SEED_PEAK_UNCAUSED does not fire when the peak seed scene is preceded by a suspense rise
    ok 2 - SEED_PEAK_UNCAUSED does not fire when the peak seed scene is preceded by a suspense rise
      ---
      duration_ms: 0.84012
      type: 'test'
      ...
    # Subtest: SEED_FRONTLOADED fires when >70% of seed scenes fall in the first half
    ok 3 - SEED_FRONTLOADED fires when >70% of seed scenes fall in the first half
      ---
      duration_ms: 1.543915
      type: 'test'
      ...
    # Subtest: SEED_FRONTLOADED does not fire when seeds are spread across both halves
    ok 4 - SEED_FRONTLOADED does not fire when seeds are spread across both halves
      ---
      duration_ms: 1.099991
      type: 'test'
      ...
    # Subtest: PAYOFF_EMOTION_DECOUPLED fires when all payoff scenes are emotionally neutral
    ok 5 - PAYOFF_EMOTION_DECOUPLED fires when all payoff scenes are emotionally neutral
      ---
      duration_ms: 0.841835
      type: 'test'
      ...
    # Subtest: PAYOFF_EMOTION_DECOUPLED does not fire when at least one payoff scene has emotional charge
    ok 6 - PAYOFF_EMOTION_DECOUPLED does not fire when at least one payoff scene has emotional charge
      ---
      duration_ms: 0.80953
      type: 'test'
      ...
    1..6
ok 1415 - Wave 521 — intentionPass: seed peak uncaused, seed front-loaded, payoff emotion decoupled
  ---
  duration_ms: 6.340385
  type: 'suite'
  ...
# Subtest: Wave 507 — intentionPass: payoff suspense aftermath void, revelation closing void, payoff seed decoupled
    # Subtest: PAYOFF_SUSPENSE_AFTERMATH_VOID fires when avg post-payoff suspense is <= 0
    ok 1 - PAYOFF_SUSPENSE_AFTERMATH_VOID fires when avg post-payoff suspense is <= 0
      ---
      duration_ms: 1.202517
      type: 'test'
      ...
    # Subtest: PAYOFF_SUSPENSE_AFTERMATH_VOID does not fire when avg post-payoff suspense is > 0
    ok 2 - PAYOFF_SUSPENSE_AFTERMATH_VOID does not fire when avg post-payoff suspense is > 0
      ---
      duration_ms: 0.92937
      type: 'test'
      ...
    # Subtest: REVELATION_CLOSING_VOID fires when no revelation falls in the final third
    ok 3 - REVELATION_CLOSING_VOID fires when no revelation falls in the final third
      ---
      duration_ms: 0.930801
      type: 'test'
      ...
    # Subtest: REVELATION_CLOSING_VOID does not fire when a revelation falls in the final third
    ok 4 - REVELATION_CLOSING_VOID does not fire when a revelation falls in the final third
      ---
      duration_ms: 0.853291
      type: 'test'
      ...
    # Subtest: PAYOFF_SEED_DECOUPLED fires when no scene has both a payoff and a seed
    ok 5 - PAYOFF_SEED_DECOUPLED fires when no scene has both a payoff and a seed
      ---
      duration_ms: 1.121626
      type: 'test'
      ...
    # Subtest: PAYOFF_SEED_DECOUPLED does not fire when a scene has both a payoff and a seed
    ok 6 - PAYOFF_SEED_DECOUPLED does not fire when a scene has both a payoff and a seed
      ---
      duration_ms: 0.997095
      type: 'test'
      ...
    1..6
ok 1416 - Wave 507 — intentionPass: payoff suspense aftermath void, revelation closing void, payoff seed decoupled
  ---
  duration_ms: 6.329406
  type: 'suite'
  ...
# Subtest: Wave 493 — intentionPass: payoff curiosity flat, seed Act 1 void, payoff run
    # Subtest: PAYOFF_CURIOSITY_FLAT fires when payoff scenes average curiosityDelta ≤ 0
    ok 1 - PAYOFF_CURIOSITY_FLAT fires when payoff scenes average curiosityDelta ≤ 0
      ---
      duration_ms: 1.001901
      type: 'test'
      ...
    # Subtest: PAYOFF_CURIOSITY_FLAT does not fire when at least one payoff scene has positive curiosityDelta
    ok 2 - PAYOFF_CURIOSITY_FLAT does not fire when at least one payoff scene has positive curiosityDelta
      ---
      duration_ms: 1.024108
      type: 'test'
      ...
    # Subtest: SEED_ACT1_VOID fires when no clue is seeded in the first quarter
    ok 3 - SEED_ACT1_VOID fires when no clue is seeded in the first quarter
      ---
      duration_ms: 1.045426
      type: 'test'
      ...
    # Subtest: SEED_ACT1_VOID does not fire when a seed exists in the first quarter
    ok 4 - SEED_ACT1_VOID does not fire when a seed exists in the first quarter
      ---
      duration_ms: 0.919007
      type: 'test'
      ...
    # Subtest: PAYOFF_RUN fires when 3 or more consecutive payoff scenes exist
    ok 5 - PAYOFF_RUN fires when 3 or more consecutive payoff scenes exist
      ---
      duration_ms: 0.835214
      type: 'test'
      ...
    # Subtest: PAYOFF_RUN does not fire when no run of 3 consecutive payoff scenes exists
    ok 6 - PAYOFF_RUN does not fire when no run of 3 consecutive payoff scenes exists
      ---
      duration_ms: 0.872024
      type: 'test'
      ...
    1..6
ok 1417 - Wave 493 — intentionPass: payoff curiosity flat, seed Act 1 void, payoff run
  ---
  duration_ms: 5.970073
  type: 'suite'
  ...
# Subtest: Wave 479 — intentionPass: revelation run, payoff final zone void, revelation curiosity flat
    # Subtest: REVELATION_RUN fires when 3 or more consecutive scenes each have a revelation
    ok 1 - REVELATION_RUN fires when 3 or more consecutive scenes each have a revelation
      ---
      duration_ms: 1.140165
      type: 'test'
      ...
    # Subtest: REVELATION_RUN does not fire when revelations are not in consecutive scenes
    ok 2 - REVELATION_RUN does not fire when revelations are not in consecutive scenes
      ---
      duration_ms: 0.917244
      type: 'test'
      ...
    # Subtest: PAYOFF_FINAL_ZONE_VOID fires when 4+ payoffs exist but none fall in the final 25%
    ok 3 - PAYOFF_FINAL_ZONE_VOID fires when 4+ payoffs exist but none fall in the final 25%
      ---
      duration_ms: 0.967015
      type: 'test'
      ...
    # Subtest: PAYOFF_FINAL_ZONE_VOID does not fire when at least one payoff falls in the final zone
    ok 4 - PAYOFF_FINAL_ZONE_VOID does not fire when at least one payoff falls in the final zone
      ---
      duration_ms: 1.112031
      type: 'test'
      ...
    # Subtest: REVELATION_CURIOSITY_FLAT fires when revelation scenes average curiosityDelta <= 0
    ok 5 - REVELATION_CURIOSITY_FLAT fires when revelation scenes average curiosityDelta <= 0
      ---
      duration_ms: 0.979679
      type: 'test'
      ...
    # Subtest: REVELATION_CURIOSITY_FLAT does not fire when revelation scenes raise curiosity on average
    ok 6 - REVELATION_CURIOSITY_FLAT does not fire when revelation scenes raise curiosity on average
      ---
      duration_ms: 1.091007
      type: 'test'
      ...
    1..6
ok 1418 - Wave 479 — intentionPass: revelation run, payoff final zone void, revelation curiosity flat
  ---
  duration_ms: 6.486682
  type: 'suite'
  ...
# Subtest: Wave 465 — intentionPass: proactive clock aftermath absent, payoff drama decoupled, revelation frontloaded
    # Subtest: PROACTIVE_CLOCK_AFTERMATH_ABSENT fires when no proactive act is followed by a clock event within 2 scenes
    ok 1 - PROACTIVE_CLOCK_AFTERMATH_ABSENT fires when no proactive act is followed by a clock event within 2 scenes
      ---
      duration_ms: 10.404151
      type: 'test'
      ...
    # Subtest: PROACTIVE_CLOCK_AFTERMATH_ABSENT does not fire when a proactive act is followed by a clockRaised scene
    ok 2 - PROACTIVE_CLOCK_AFTERMATH_ABSENT does not fire when a proactive act is followed by a clockRaised scene
      ---
      duration_ms: 1.848759
      type: 'test'
      ...
    # Subtest: PAYOFF_DRAMA_DECOUPLED fires when payoff scenes and turn scenes never coincide
    ok 3 - PAYOFF_DRAMA_DECOUPLED fires when payoff scenes and turn scenes never coincide
      ---
      duration_ms: 1.177175
      type: 'test'
      ...
    # Subtest: PAYOFF_DRAMA_DECOUPLED does not fire when a payoff coincides with a dramatic turn
    ok 4 - PAYOFF_DRAMA_DECOUPLED does not fire when a payoff coincides with a dramatic turn
      ---
      duration_ms: 0.911229
      type: 'test'
      ...
    # Subtest: REVELATION_FRONTLOADED fires when more than 70% of revelations fall in the first half
    ok 5 - REVELATION_FRONTLOADED fires when more than 70% of revelations fall in the first half
      ---
      duration_ms: 1.011367
      type: 'test'
      ...
    # Subtest: REVELATION_FRONTLOADED does not fire when revelations are distributed across both halves
    ok 6 - REVELATION_FRONTLOADED does not fire when revelations are distributed across both halves
      ---
      duration_ms: 1.00498
      type: 'test'
      ...
    1..6
ok 1419 - Wave 465 — intentionPass: proactive clock aftermath absent, payoff drama decoupled, revelation frontloaded
  ---
  duration_ms: 16.675904
  type: 'suite'
  ...
# Subtest: Wave 451 — intentionPass: proactive relationship aftermath absent, seed emotional decoupled, seed cause void
    # Subtest: PROACTIVE_RELATIONSHIP_AFTERMATH_ABSENT fires when all proactive acts have no relational aftermath
    ok 1 - PROACTIVE_RELATIONSHIP_AFTERMATH_ABSENT fires when all proactive acts have no relational aftermath
      ---
      duration_ms: 1.375534
      type: 'test'
      ...
    # Subtest: PROACTIVE_RELATIONSHIP_AFTERMATH_ABSENT does not fire when a proactive act is followed by a relationship shift
    ok 2 - PROACTIVE_RELATIONSHIP_AFTERMATH_ABSENT does not fire when a proactive act is followed by a relationship shift
      ---
      duration_ms: 1.031074
      type: 'test'
      ...
    # Subtest: SEED_EMOTIONAL_DECOUPLED fires when all seed scenes are emotionally neutral
    ok 3 - SEED_EMOTIONAL_DECOUPLED fires when all seed scenes are emotionally neutral
      ---
      duration_ms: 1.193056
      type: 'test'
      ...
    # Subtest: SEED_EMOTIONAL_DECOUPLED does not fire when at least one seed scene has an emotional charge
    ok 4 - SEED_EMOTIONAL_DECOUPLED does not fire when at least one seed scene has an emotional charge
      ---
      duration_ms: 1.11327
      type: 'test'
      ...
    # Subtest: SEED_CAUSE_VOID fires when all seed scenes have no upstream dramatic trigger
    ok 5 - SEED_CAUSE_VOID fires when all seed scenes have no upstream dramatic trigger
      ---
      duration_ms: 1.037789
      type: 'test'
      ...
    # Subtest: SEED_CAUSE_VOID does not fire when a seed scene has a dramatic turn as upstream trigger
    ok 6 - SEED_CAUSE_VOID does not fire when a seed scene has a dramatic turn as upstream trigger
      ---
      duration_ms: 1.007763
      type: 'test'
      ...
    1..6
ok 1420 - Wave 451 — intentionPass: proactive relationship aftermath absent, seed emotional decoupled, seed cause void
  ---
  duration_ms: 7.039098
  type: 'suite'
  ...
# Subtest: Wave 437 — intentionPass: seed run isolated, proactive zone imbalance, seed clockless
    # Subtest: SEED_RUN_ISOLATED fires when 3+ consecutive scenes each plant a clue
    ok 1 - SEED_RUN_ISOLATED fires when 3+ consecutive scenes each plant a clue
      ---
      duration_ms: 1.104511
      type: 'test'
      ...
    # Subtest: SEED_RUN_ISOLATED does not fire when no 3 consecutive scenes seed clues
    ok 2 - SEED_RUN_ISOLATED does not fire when no 3 consecutive scenes seed clues
      ---
      duration_ms: 1.227894
      type: 'test'
      ...
    # Subtest: PROACTIVE_ZONE_IMBALANCE fires when one zone has ≥50% of initiative while another is empty
    ok 3 - PROACTIVE_ZONE_IMBALANCE fires when one zone has ≥50% of initiative while another is empty
      ---
      duration_ms: 0.962039
      type: 'test'
      ...
    # Subtest: PROACTIVE_ZONE_IMBALANCE does not fire when initiative is spread across all zones
    ok 4 - PROACTIVE_ZONE_IMBALANCE does not fire when initiative is spread across all zones
      ---
      duration_ms: 0.945817
      type: 'test'
      ...
    # Subtest: SEED_CLOCKLESS fires when all seed scenes lack clock pressure
    ok 5 - SEED_CLOCKLESS fires when all seed scenes lack clock pressure
      ---
      duration_ms: 0.80348
      type: 'test'
      ...
    # Subtest: SEED_CLOCKLESS does not fire when at least one seed scene has clock pressure
    ok 6 - SEED_CLOCKLESS does not fire when at least one seed scene has clock pressure
      ---
      duration_ms: 0.995948
      type: 'test'
      ...
    1..6
ok 1421 - Wave 437 — intentionPass: seed run isolated, proactive zone imbalance, seed clockless
  ---
  duration_ms: 6.348424
  type: 'suite'
  ...
# Subtest: Wave 423 — intentionPass: seed midpoint void, proactive aftermath curiosity absent, seed drama decoupled
    # Subtest: SEED_MIDPOINT_VOID fires when no seed falls in the 40%–60% midpoint zone
    ok 1 - SEED_MIDPOINT_VOID fires when no seed falls in the 40%–60% midpoint zone
      ---
      duration_ms: 1.241288
      type: 'test'
      ...
    # Subtest: SEED_MIDPOINT_VOID does not fire when a seed lands in the midpoint zone
    ok 2 - SEED_MIDPOINT_VOID does not fire when a seed lands in the midpoint zone
      ---
      duration_ms: 0.985773
      type: 'test'
      ...
    # Subtest: PROACTIVE_AFTERMATH_CURIOSITY_ABSENT fires when no proactive act is followed by curiosity rise
    ok 3 - PROACTIVE_AFTERMATH_CURIOSITY_ABSENT fires when no proactive act is followed by curiosity rise
      ---
      duration_ms: 0.955069
      type: 'test'
      ...
    # Subtest: PROACTIVE_AFTERMATH_CURIOSITY_ABSENT does not fire when curiosity rises after a proactive act
    ok 4 - PROACTIVE_AFTERMATH_CURIOSITY_ABSENT does not fire when curiosity rises after a proactive act
      ---
      duration_ms: 0.845396
      type: 'test'
      ...
    # Subtest: SEED_DRAMA_DECOUPLED fires when no seed scene coincides with a dramatic turn
    ok 5 - SEED_DRAMA_DECOUPLED fires when no seed scene coincides with a dramatic turn
      ---
      duration_ms: 0.849079
      type: 'test'
      ...
    # Subtest: SEED_DRAMA_DECOUPLED does not fire when a seed scene coincides with a dramatic turn
    ok 6 - SEED_DRAMA_DECOUPLED does not fire when a seed scene coincides with a dramatic turn
      ---
      duration_ms: 0.730669
      type: 'test'
      ...
    1..6
ok 1422 - Wave 423 — intentionPass: seed midpoint void, proactive aftermath curiosity absent, seed drama decoupled
  ---
  duration_ms: 5.871021
  type: 'suite'
  ...
# Subtest: Wave 409 — intentionPass: proactive payoff peak decoupled, seed frontloaded, proactive suspense aftermath absent
    # Subtest: PROACTIVE_PAYOFF_PEAK_DECOUPLED fires when the biggest payoff is not proactive
    ok 1 - PROACTIVE_PAYOFF_PEAK_DECOUPLED fires when the biggest payoff is not proactive
      ---
      duration_ms: 1.070353
      type: 'test'
      ...
    # Subtest: PROACTIVE_PAYOFF_PEAK_DECOUPLED does NOT fire when the biggest payoff is proactive
    ok 2 - PROACTIVE_PAYOFF_PEAK_DECOUPLED does NOT fire when the biggest payoff is proactive
      ---
      duration_ms: 1.063707
      type: 'test'
      ...
    # Subtest: SEED_FRONTLOADED fires when all seeds fall in the first half
    ok 3 - SEED_FRONTLOADED fires when all seeds fall in the first half
      ---
      duration_ms: 1.097154
      type: 'test'
      ...
    # Subtest: SEED_FRONTLOADED does NOT fire when a seed falls in the second half
    ok 4 - SEED_FRONTLOADED does NOT fire when a seed falls in the second half
      ---
      duration_ms: 1.114665
      type: 'test'
      ...
    # Subtest: PROACTIVE_SUSPENSE_AFTERMATH_ABSENT fires when no proactive act raises suspense downstream
    ok 5 - PROACTIVE_SUSPENSE_AFTERMATH_ABSENT fires when no proactive act raises suspense downstream
      ---
      duration_ms: 1.169476
      type: 'test'
      ...
    # Subtest: PROACTIVE_SUSPENSE_AFTERMATH_ABSENT does NOT fire when a proactive act spikes suspense downstream
    ok 6 - PROACTIVE_SUSPENSE_AFTERMATH_ABSENT does NOT fire when a proactive act spikes suspense downstream
      ---
      duration_ms: 1.103323
      type: 'test'
      ...
    1..6
ok 1423 - Wave 409 — intentionPass: proactive payoff peak decoupled, seed frontloaded, proactive suspense aftermath absent
  ---
  duration_ms: 6.903341
  type: 'suite'
  ...
# Subtest: Wave 395 — intentionPass: proactive relationship peak absent, proactive emotional recoil absent, seed backloaded
    # Subtest: PROACTIVE_RELATIONSHIP_PEAK_ABSENT fires when the largest shift is not in a proactive scene
    ok 1 - PROACTIVE_RELATIONSHIP_PEAK_ABSENT fires when the largest shift is not in a proactive scene
      ---
      duration_ms: 1.255249
      type: 'test'
      ...
    # Subtest: PROACTIVE_RELATIONSHIP_PEAK_ABSENT does not fire when the peak shift is in a proactive scene
    ok 2 - PROACTIVE_RELATIONSHIP_PEAK_ABSENT does not fire when the peak shift is in a proactive scene
      ---
      duration_ms: 2.334711
      type: 'test'
      ...
    # Subtest: PROACTIVE_EMOTIONAL_RECOIL_ABSENT fires when no proactive act is followed by negative emotion in the next 2 scenes
    ok 3 - PROACTIVE_EMOTIONAL_RECOIL_ABSENT fires when no proactive act is followed by negative emotion in the next 2 scenes
      ---
      duration_ms: 0.819465
      type: 'test'
      ...
    # Subtest: PROACTIVE_EMOTIONAL_RECOIL_ABSENT does not fire when a proactive act is followed by negative emotion
    ok 4 - PROACTIVE_EMOTIONAL_RECOIL_ABSENT does not fire when a proactive act is followed by negative emotion
      ---
      duration_ms: 0.868826
      type: 'test'
      ...
    # Subtest: SEED_BACKLOADED fires when all clue seeds fall in the second half
    ok 5 - SEED_BACKLOADED fires when all clue seeds fall in the second half
      ---
      duration_ms: 1.034698
      type: 'test'
      ...
    # Subtest: SEED_BACKLOADED does not fire when at least one seed is in the first half
    ok 6 - SEED_BACKLOADED does not fire when at least one seed is in the first half
      ---
      duration_ms: 0.905306
      type: 'test'
      ...
    1..6
ok 1424 - Wave 395 — intentionPass: proactive relationship peak absent, proactive emotional recoil absent, seed backloaded
  ---
  duration_ms: 7.561895
  type: 'suite'
  ...
# Subtest: Wave 300 — intentionPass: curiosity without agency, turns undriven, seeding curiosity flat
    # Subtest: CURIOSITY_WITHOUT_AGENCY fires when no curiosity spike is tied to a proactive act
    ok 1 - CURIOSITY_WITHOUT_AGENCY fires when no curiosity spike is tied to a proactive act
      ---
      duration_ms: 1.258226
      type: 'test'
      ...
    # Subtest: CURIOSITY_WITHOUT_AGENCY does not fire when a spike follows a proactive act
    ok 2 - CURIOSITY_WITHOUT_AGENCY does not fire when a spike follows a proactive act
      ---
      duration_ms: 0.828285
      type: 'test'
      ...
    # Subtest: TURNS_UNDRIVEN fires when no dramatic turn is tied to a proactive act
    ok 3 - TURNS_UNDRIVEN fires when no dramatic turn is tied to a proactive act
      ---
      duration_ms: 0.952587
      type: 'test'
      ...
    # Subtest: TURNS_UNDRIVEN does not fire when a turn follows a proactive act
    ok 4 - TURNS_UNDRIVEN does not fire when a turn follows a proactive act
      ---
      duration_ms: 0.771679
      type: 'test'
      ...
    # Subtest: SEEDING_CURIOSITY_FLAT fires when all clue-seeding scenes have curiosityDelta ≤ 0
    ok 5 - SEEDING_CURIOSITY_FLAT fires when all clue-seeding scenes have curiosityDelta ≤ 0
      ---
      duration_ms: 0.893271
      type: 'test'
      ...
    # Subtest: SEEDING_CURIOSITY_FLAT does not fire when a seeding scene raises curiosity
    ok 6 - SEEDING_CURIOSITY_FLAT does not fire when a seeding scene raises curiosity
      ---
      duration_ms: 0.949989
      type: 'test'
      ...
    1..6
ok 1425 - Wave 300 — intentionPass: curiosity without agency, turns undriven, seeding curiosity flat
  ---
  duration_ms: 5.928012
  type: 'suite'
  ...
# Subtest: Wave 286 — intentionPass: reactive climax, seed graveyard, purpose monotone
    # Subtest: INTENTION_REACTIVE_CLIMAX fires when climax has no proactive acts but earlier scenes do
    ok 1 - INTENTION_REACTIVE_CLIMAX fires when climax has no proactive acts but earlier scenes do
      ---
      duration_ms: 1.02332
      type: 'test'
      ...
    # Subtest: INTENTION_REACTIVE_CLIMAX does not fire when climax zone has proactive acts
    ok 2 - INTENTION_REACTIVE_CLIMAX does not fire when climax zone has proactive acts
      ---
      duration_ms: 0.836736
      type: 'test'
      ...
    # Subtest: INTENTION_REACTIVE_CLIMAX does not fire when the climax zone pays off an earlier-seeded clue (no fresh plant/clock of its own)
    ok 3 - INTENTION_REACTIVE_CLIMAX does not fire when the climax zone pays off an earlier-seeded clue (no fresh plant/clock of its own)
      ---
      duration_ms: 0.845842
      type: 'test'
      ...
    # Subtest: INTENTION_SEED_GRAVEYARD fires when first-half has 3+ seeds and second-half has no payoffs
    ok 4 - INTENTION_SEED_GRAVEYARD fires when first-half has 3+ seeds and second-half has no payoffs
      ---
      duration_ms: 1.304454
      type: 'test'
      ...
    # Subtest: INTENTION_SEED_GRAVEYARD does not fire when second half has payoffs
    ok 5 - INTENTION_SEED_GRAVEYARD does not fire when second half has payoffs
      ---
      duration_ms: 0.992823
      type: 'test'
      ...
    # Subtest: INTENTION_PURPOSE_MONOTONE fires when >70% of scenes share the same purpose
    ok 6 - INTENTION_PURPOSE_MONOTONE fires when >70% of scenes share the same purpose
      ---
      duration_ms: 0.882333
      type: 'test'
      ...
    # Subtest: INTENTION_PURPOSE_MONOTONE does not fire when purposes are varied
    ok 7 - INTENTION_PURPOSE_MONOTONE does not fire when purposes are varied
      ---
      duration_ms: 0.846415
      type: 'test'
      ...
    1..7
ok 1426 - Wave 286 — intentionPass: reactive climax, seed graveyard, purpose monotone
  ---
  duration_ms: 7.049796
  type: 'suite'
  ...
# Subtest: Wave 272 — intentionPass: proactive Act 2a void, proactive late surge, payoff without effort
    # Subtest: PROACTIVE_ACT2A_VOID fires when Act 2a (25-50%) has no proactive acts
    ok 1 - PROACTIVE_ACT2A_VOID fires when Act 2a (25-50%) has no proactive acts
      ---
      duration_ms: 1.26179
      type: 'test'
      ...
    # Subtest: PROACTIVE_ACT2A_VOID does NOT fire when a proactive act exists in Act 2a
    ok 2 - PROACTIVE_ACT2A_VOID does NOT fire when a proactive act exists in Act 2a
      ---
      duration_ms: 0.999333
      type: 'test'
      ...
    # Subtest: PROACTIVE_LATE_SURGE fires when the first half is passive and second half has 3+ proactive acts
    ok 3 - PROACTIVE_LATE_SURGE fires when the first half is passive and second half has 3+ proactive acts
      ---
      duration_ms: 0.819799
      type: 'test'
      ...
    # Subtest: PROACTIVE_LATE_SURGE does NOT fire when a proactive act appears in the first half
    ok 4 - PROACTIVE_LATE_SURGE does NOT fire when a proactive act appears in the first half
      ---
      duration_ms: 0.815837
      type: 'test'
      ...
    # Subtest: PAYOFF_WITHOUT_EFFORT fires when no payoff is preceded by a proactive act within 3 scenes
    ok 5 - PAYOFF_WITHOUT_EFFORT fires when no payoff is preceded by a proactive act within 3 scenes
      ---
      duration_ms: 0.782831
      type: 'test'
      ...
    # Subtest: PAYOFF_WITHOUT_EFFORT does NOT fire when at least one payoff is preceded by a proactive act
    ok 6 - PAYOFF_WITHOUT_EFFORT does NOT fire when at least one payoff is preceded by a proactive act
      ---
      duration_ms: 0.597581
      type: 'test'
      ...
    1..6
ok 1427 - Wave 272 — intentionPass: proactive Act 2a void, proactive late surge, payoff without effort
  ---
  duration_ms: 5.710922
  type: 'suite'
  ...
# Subtest: Wave 258 — intentionPass: proactive midpoint void, proactive desert run, revelation without proactive
    # Subtest: PROACTIVE_MIDPOINT_VOID fires when the midpoint zone has no proactive act
    ok 1 - PROACTIVE_MIDPOINT_VOID fires when the midpoint zone has no proactive act
      ---
      duration_ms: 1.272423
      type: 'test'
      ...
    # Subtest: PROACTIVE_MIDPOINT_VOID does NOT fire when the midpoint has a proactive act
    ok 2 - PROACTIVE_MIDPOINT_VOID does NOT fire when the midpoint has a proactive act
      ---
      duration_ms: 0.942071
      type: 'test'
      ...
    # Subtest: PROACTIVE_DESERT_RUN fires when 4+ consecutive scenes are passive in an active story
    ok 3 - PROACTIVE_DESERT_RUN fires when 4+ consecutive scenes are passive in an active story
      ---
      duration_ms: 0.838196
      type: 'test'
      ...
    # Subtest: PROACTIVE_DESERT_RUN does NOT fire when the protagonist initiates regularly
    ok 4 - PROACTIVE_DESERT_RUN does NOT fire when the protagonist initiates regularly
      ---
      duration_ms: 1.001842
      type: 'test'
      ...
    # Subtest: REVELATION_WITHOUT_PROACTIVE fires when no revelation is preceded by initiative
    ok 5 - REVELATION_WITHOUT_PROACTIVE fires when no revelation is preceded by initiative
      ---
      duration_ms: 0.807572
      type: 'test'
      ...
    # Subtest: REVELATION_WITHOUT_PROACTIVE does NOT fire when a revelation is earned by initiative
    ok 6 - REVELATION_WITHOUT_PROACTIVE does NOT fire when a revelation is earned by initiative
      ---
      duration_ms: 0.732798
      type: 'test'
      ...
    1..6
ok 1428 - Wave 258 — intentionPass: proactive midpoint void, proactive desert run, revelation without proactive
  ---
  duration_ms: 5.873089
  type: 'suite'
  ...
# Subtest: Wave 244 — intentionPass: proactive Act 3 void, intention discovery absent, goal pivot absent
    # Subtest: PROACTIVE_ACT3_VOID fires when Act 3 contains no proactive acts
    ok 1 - PROACTIVE_ACT3_VOID fires when Act 3 contains no proactive acts
      ---
      duration_ms: 1.039801
      type: 'test'
      ...
    # Subtest: PROACTIVE_ACT3_VOID does NOT fire when Act 3 has at least one proactive act
    ok 2 - PROACTIVE_ACT3_VOID does NOT fire when Act 3 has at least one proactive act
      ---
      duration_ms: 0.804757
      type: 'test'
      ...
    # Subtest: INTENTION_DISCOVERY_ABSENT fires when protagonist is proactive but Act 3 has no revelation
    ok 3 - INTENTION_DISCOVERY_ABSENT fires when protagonist is proactive but Act 3 has no revelation
      ---
      duration_ms: 0.942129
      type: 'test'
      ...
    # Subtest: INTENTION_DISCOVERY_ABSENT does NOT fire when Act 3 contains a revelation
    ok 4 - INTENTION_DISCOVERY_ABSENT does NOT fire when Act 3 contains a revelation
      ---
      duration_ms: 3.311131
      type: 'test'
      ...
    # Subtest: GOAL_PIVOT_ABSENT fires when all 4+ proactive acts use only one modality
    ok 5 - GOAL_PIVOT_ABSENT fires when all 4+ proactive acts use only one modality
      ---
      duration_ms: 1.096733
      type: 'test'
      ...
    # Subtest: GOAL_PIVOT_ABSENT does NOT fire when proactive acts mix both modalities
    ok 6 - GOAL_PIVOT_ABSENT does NOT fire when proactive acts mix both modalities
      ---
      duration_ms: 1.051505
      type: 'test'
      ...
    1..6
ok 1429 - Wave 244 — intentionPass: proactive Act 3 void, intention discovery absent, goal pivot absent
  ---
  duration_ms: 8.631969
  type: 'suite'
  ...
# Subtest: Wave 216 — intentionPass: agency entropy collapse, agency without consequence, commitment ramp inversion (agency physics)
    # Subtest: AGENCY_ENTROPY_COLLAPSE fires when one character carries nearly all tracked intention
    ok 1 - AGENCY_ENTROPY_COLLAPSE fires when one character carries nearly all tracked intention
      ---
      duration_ms: 8.133034
      type: 'test'
      ...
    # Subtest: AGENCY_ENTROPY_COLLAPSE does not fire when intention is shared across characters
    ok 2 - AGENCY_ENTROPY_COLLAPSE does not fire when intention is shared across characters
      ---
      duration_ms: 9.27386
      type: 'test'
      ...
    # Subtest: AGENCY_WITHOUT_CONSEQUENCE fires when proactive beats produce no downstream effect
    ok 3 - AGENCY_WITHOUT_CONSEQUENCE fires when proactive beats produce no downstream effect
      ---
      duration_ms: 12.322925
      type: 'test'
      ...
    # Subtest: AGENCY_WITHOUT_CONSEQUENCE does not fire when proactive beats land
    ok 4 - AGENCY_WITHOUT_CONSEQUENCE does not fire when proactive beats land
      ---
      duration_ms: 1.506376
      type: 'test'
      ...
    # Subtest: AGENCY_WITHOUT_CONSEQUENCE does not fire when a proactive beat is answered only by a rise in curiosity (D2-b discrimination guard)
    ok 5 - AGENCY_WITHOUT_CONSEQUENCE does not fire when a proactive beat is answered only by a rise in curiosity (D2-b discrimination guard)
      ---
      duration_ms: 1.239571
      type: 'test'
      ...
    # Subtest: COMMITMENT_RAMP_INVERSION fires when proactive density decays toward the climax
    ok 6 - COMMITMENT_RAMP_INVERSION fires when proactive density decays toward the climax
      ---
      duration_ms: 5.293447
      type: 'test'
      ...
    # Subtest: COMMITMENT_RAMP_INVERSION does not fire when proactive density rises toward the climax
    ok 7 - COMMITMENT_RAMP_INVERSION does not fire when proactive density rises toward the climax
      ---
      duration_ms: 1.32877
      type: 'test'
      ...
    1..7
ok 1430 - Wave 216 — intentionPass: agency entropy collapse, agency without consequence, commitment ramp inversion (agency physics)
  ---
  duration_ms: 39.568213
  type: 'suite'
  ...
# Subtest: Wave 205 — intentionPass: proactive opening absent, agency frontloaded, stakes never personal
    # Subtest: intentionPass detects PROACTIVE_OPENING_ABSENT when Act 1 has no proactive scenes
    ok 1 - intentionPass detects PROACTIVE_OPENING_ABSENT when Act 1 has no proactive scenes
      ---
      duration_ms: 1.249102
      type: 'test'
      ...
    # Subtest: intentionPass does NOT fire PROACTIVE_OPENING_ABSENT when Act 1 has a proactive scene
    ok 2 - intentionPass does NOT fire PROACTIVE_OPENING_ABSENT when Act 1 has a proactive scene
      ---
      duration_ms: 1.605437
      type: 'test'
      ...
    # Subtest: intentionPass detects AGENCY_FRONTLOADED when proactive scenes vanish in the second half
    ok 3 - intentionPass detects AGENCY_FRONTLOADED when proactive scenes vanish in the second half
      ---
      duration_ms: 0.980334
      type: 'test'
      ...
    # Subtest: intentionPass does NOT fire AGENCY_FRONTLOADED when proactive action continues in second half
    ok 4 - intentionPass does NOT fire AGENCY_FRONTLOADED when proactive action continues in second half
      ---
      duration_ms: 0.973311
      type: 'test'
      ...
    # Subtest: intentionPass detects STAKES_NEVER_PERSONAL when the clock never pairs with emotion or relationship
    ok 5 - intentionPass detects STAKES_NEVER_PERSONAL when the clock never pairs with emotion or relationship
      ---
      duration_ms: 0.922824
      type: 'test'
      ...
    # Subtest: intentionPass does NOT fire STAKES_NEVER_PERSONAL when a clock scene carries emotional weight
    ok 6 - intentionPass does NOT fire STAKES_NEVER_PERSONAL when a clock scene carries emotional weight
      ---
      duration_ms: 0.735526
      type: 'test'
      ...
    1..6
ok 1431 - Wave 205 — intentionPass: proactive opening absent, agency frontloaded, stakes never personal
  ---
  duration_ms: 6.780812
  type: 'suite'
  ...
# Subtest: Wave 156 — intentionPass: reactive dominance, intention dropout, want/fear collision
    # Subtest: intentionPass detects PROTAGONIST_REACTIVE_DOMINANCE when Act 2 is all reactive
    ok 1 - intentionPass detects PROTAGONIST_REACTIVE_DOMINANCE when Act 2 is all reactive
      ---
      duration_ms: 1.297993
      type: 'test'
      ...
    # Subtest: intentionPass does NOT fire PROTAGONIST_REACTIVE_DOMINANCE when protagonist initiates in Act 2
    ok 2 - intentionPass does NOT fire PROTAGONIST_REACTIVE_DOMINANCE when protagonist initiates in Act 2
      ---
      duration_ms: 0.992406
      type: 'test'
      ...
    # Subtest: intentionPass detects INTENTION_DROPOUT for Act 1 character who vanishes
    ok 3 - intentionPass detects INTENTION_DROPOUT for Act 1 character who vanishes
      ---
      duration_ms: 1.106104
      type: 'test'
      ...
    # Subtest: intentionPass does NOT fire INTENTION_DROPOUT when Act 1 character reappears
    ok 4 - intentionPass does NOT fire INTENTION_DROPOUT when Act 1 character reappears
      ---
      duration_ms: 0.942051
      type: 'test'
      ...
    # Subtest: intentionPass detects WANT_FEAR_COLLISION_ABSENT when wants and fears never intersect
    ok 5 - intentionPass detects WANT_FEAR_COLLISION_ABSENT when wants and fears never intersect
      ---
      duration_ms: 0.768496
      type: 'test'
      ...
    # Subtest: intentionPass does NOT fire WANT_FEAR_COLLISION_ABSENT when a want/fear collision exists
    ok 6 - intentionPass does NOT fire WANT_FEAR_COLLISION_ABSENT when a want/fear collision exists
      ---
      duration_ms: 0.718983
      type: 'test'
      ...
    1..6
ok 1432 - Wave 156 — intentionPass: reactive dominance, intention dropout, want/fear collision
  ---
  duration_ms: 6.158108
  type: 'suite'
  ...
# Subtest: Wave 130 — Intention pass expanded boring purposes
    # Subtest: flags REPEATED_PURPOSE for 3 consecutive character_moment scenes
    ok 1 - flags REPEATED_PURPOSE for 3 consecutive character_moment scenes
      ---
      duration_ms: 1.071021
      type: 'test'
      ...
    # Subtest: still flags 3 consecutive establish_world scenes
    ok 2 - still flags 3 consecutive establish_world scenes
      ---
      duration_ms: 0.712541
      type: 'test'
      ...
    1..2
ok 1433 - Wave 130 — Intention pass expanded boring purposes
  ---
  duration_ms: 1.926562
  type: 'suite'
  ...
# Subtest: D2-b — intentionPass discrimination-harness guards: PASSIVE_ESCALATION, ZERO_ENTROPY_SCENE, ENTROPY_CLUSTER
    # Subtest: intentionPass fires PASSIVE_ESCALATION when the escalation has zero proactive beats anywhere
    ok 1 - intentionPass fires PASSIVE_ESCALATION when the escalation has zero proactive beats anywhere
      ---
      duration_ms: 1.008449
      type: 'test'
      ...
    # Subtest: intentionPass does NOT fire PASSIVE_ESCALATION when a single proactive beat drives the rise (well-crafted-compact pattern)
    ok 2 - intentionPass does NOT fire PASSIVE_ESCALATION when a single proactive beat drives the rise (well-crafted-compact pattern)
      ---
      duration_ms: 0.892816
      type: 'test'
      ...
    # Subtest: intentionPass fires ZERO_ENTROPY_SCENE for a middle scene with no emotional/relational/clue/clock/payoff/revelation signal
    ok 3 - intentionPass fires ZERO_ENTROPY_SCENE for a middle scene with no emotional/relational/clue/clock/payoff/revelation signal
      ---
      duration_ms: 1.868512
      type: 'test'
      ...
    # Subtest: intentionPass does NOT fire ZERO_ENTROPY_SCENE on a scene whose only movement is a quiet payoff or revelation (well-crafted-compact pattern)
    ok 4 - intentionPass does NOT fire ZERO_ENTROPY_SCENE on a scene whose only movement is a quiet payoff or revelation (well-crafted-compact pattern)
      ---
      duration_ms: 0.799532
      type: 'test'
      ...
    # Subtest: intentionPass fires ENTROPY_CLUSTER for three consecutive scenes with no suspense/relationship/clue/payoff/revelation movement
    ok 5 - intentionPass fires ENTROPY_CLUSTER for three consecutive scenes with no suspense/relationship/clue/payoff/revelation movement
      ---
      duration_ms: 0.769362
      type: 'test'
      ...
    # Subtest: intentionPass does NOT fire ENTROPY_CLUSTER when the middle of a low-suspense run lands a revelation (well-crafted-compact pattern)
    ok 6 - intentionPass does NOT fire ENTROPY_CLUSTER when the middle of a low-suspense run lands a revelation (well-crafted-compact pattern)
      ---
      duration_ms: 0.708883
      type: 'test'
      ...
    1..6
ok 1434 - D2-b — intentionPass discrimination-harness guards: PASSIVE_ESCALATION, ZERO_ENTROPY_SCENE, ENTROPY_CLUSTER
  ---
  duration_ms: 6.346648
  type: 'suite'
  ...
# Subtest: P6 — intentionPass: PROTAGONIST_DECISION_VACUUM
    # Subtest: fires when the top speaker (58% of dialogue) is pure deferral with zero commitment while another character decides for them
    ok 1 - fires when the top speaker (58% of dialogue) is pure deferral with zero commitment while another character decides for them
      ---
      duration_ms: 1.113892
      type: 'test'
      ...
    # Subtest: does not fire when the top speaker has even one first-person commitment line
    ok 2 - does not fire when the top speaker has even one first-person commitment line
      ---
      duration_ms: 0.666897
      type: 'test'
      ...
    # Subtest: does not fire on an ensemble piece with no clear top speaker (three-way even split)
    ok 3 - does not fire on an ensemble piece with no clear top speaker (three-way even split)
      ---
      duration_ms: 0.700397
      type: 'test'
      ...
    # Subtest: does not fire when the top speaker's only zero-deferral speech is a mixed "Okay. I'll handle this myself." block
    ok 4 - does not fire when the top speaker's only zero-deferral speech is a mixed "Okay. I'll handle this myself." block
      ---
      duration_ms: 0.712105
      type: 'test'
      ...
    # Subtest: still does not count "I'll just wait and see." alone as a commitment
    ok 5 - still does not count "I'll just wait and see." alone as a commitment
      ---
      duration_ms: 0.720515
      type: 'test'
      ...
    1..5
ok 1435 - P6 — intentionPass: PROTAGONIST_DECISION_VACUUM
  ---
  duration_ms: 4.167636
  type: 'suite'
  ...
# Subtest: checks lib — checkAftermathVoid
    # Subtest: fires when every trigger scene lacks the aftermath signal within the window
    ok 1 - fires when every trigger scene lacks the aftermath signal within the window
      ---
      duration_ms: 1.425717
      type: 'test'
      ...
    # Subtest: does not fire when a trigger is followed by the aftermath signal within the window
    ok 2 - does not fire when a trigger is followed by the aftermath signal within the window
      ---
      duration_ms: 0.299875
      type: 'test'
      ...
    # Subtest: does not fire below minRecords
    ok 3 - does not fire below minRecords
      ---
      duration_ms: 0.337107
      type: 'test'
      ...
    1..3
ok 1436 - checks lib — checkAftermathVoid
  ---
  duration_ms: 3.594413
  type: 'suite'
  ...
# Subtest: checks lib — checkDroughtRun
    # Subtest: fires when the longest absence run reaches the threshold
    ok 1 - fires when the longest absence run reaches the threshold
      ---
      duration_ms: 2.503899
      type: 'test'
      ...
    # Subtest: does not fire when no run reaches the threshold
    ok 2 - does not fire when no run reaches the threshold
      ---
      duration_ms: 0.277187
      type: 'test'
      ...
    1..2
ok 1437 - checks lib — checkDroughtRun
  ---
  duration_ms: 3.275292
  type: 'suite'
  ...
# Subtest: checks lib — checkZoneCluster
    # Subtest: fires when >75% of qualifying scenes cluster in one third
    ok 1 - fires when >75% of qualifying scenes cluster in one third
      ---
      duration_ms: 0.703294
      type: 'test'
      ...
    # Subtest: does not fire when qualifying scenes are spread across thirds
    ok 2 - does not fire when qualifying scenes are spread across thirds
      ---
      duration_ms: 0.607666
      type: 'test'
      ...
    1..2
ok 1438 - checks lib — checkZoneCluster
  ---
  duration_ms: 1.69358
  type: 'suite'
  ...
# Subtest: checks lib — checkCoOccurrenceDecoupled
    # Subtest: fires when no scene has both signals simultaneously
    ok 1 - fires when no scene has both signals simultaneously
      ---
      duration_ms: 0.463748
      type: 'test'
      ...
    # Subtest: does not fire when a scene has both signals together
    ok 2 - does not fire when a scene has both signals together
      ---
      duration_ms: 0.394961
      type: 'test'
      ...
    1..2
ok 1439 - checks lib — checkCoOccurrenceDecoupled
  ---
  duration_ms: 1.250122
  type: 'suite'
  ...
# Subtest: checks lib — checkHalfLoaded
    # Subtest: fires when >70% of qualifying scenes are in the front half and the back half still has some
    ok 1 - fires when >70% of qualifying scenes are in the front half and the back half still has some
      ---
      duration_ms: 4.874204
      type: 'test'
      ...
    # Subtest: does not fire when the other half is empty
    ok 2 - does not fire when the other half is empty
      ---
      duration_ms: 0.298984
      type: 'test'
      ...
    1..2
ok 1440 - checks lib — checkHalfLoaded
  ---
  duration_ms: 5.357492
  type: 'suite'
  ...
# Subtest: checks lib — checkPeakUncaused
    # Subtest: fires when the peak-magnitude scene has no cause within the lookback window
    ok 1 - fires when the peak-magnitude scene has no cause within the lookback window
      ---
      duration_ms: 0.363849
      type: 'test'
      ...
    # Subtest: does not fire when the peak scene has a cause within the lookback window
    ok 2 - does not fire when the peak scene has a cause within the lookback window
      ---
      duration_ms: 0.340959
      type: 'test'
      ...
    1..2
ok 1441 - checks lib — checkPeakUncaused
  ---
  duration_ms: 0.835229
  type: 'suite'
  ...
# Subtest: checks lib — checkZoneImbalance
    # Subtest: fires when one of four zones is empty while another holds the bloat ratio
    ok 1 - fires when one of four zones is empty while another holds the bloat ratio
      ---
      duration_ms: 1.21781
      type: 'test'
      ...
    # Subtest: does not fire when every zone has at least one qualifying scene
    ok 2 - does not fire when every zone has at least one qualifying scene
      ---
      duration_ms: 0.257765
      type: 'test'
      ...
    1..2
ok 1442 - checks lib — checkZoneImbalance
  ---
  duration_ms: 1.638847
  type: 'suite'
  ...
# {"time":"2026-08-05T02:28:52.754Z","level":"warn","msg":"collab_secret_generated","message":"COLLAB_SECRET not set — generated an ephemeral per-process secret. Set COLLAB_SECRET in any multi-process or restart-prone deployment."}
# {"time":"2026-08-05T02:28:52.839Z","level":"warn","msg":"revision_rewrite_failed","passName":"originality","message":"Gemini provider not available (GEMINI_API_KEY not set)"}
# {"time":"2026-08-05T02:28:52.847Z","level":"warn","msg":"revision_rewrite_failed","passName":"originality","message":"Gemini provider not available (GEMINI_API_KEY not set)"}
# {"time":"2026-08-05T02:28:52.850Z","level":"warn","msg":"revision_rewrite_failed","passName":"originality","message":"Gemini provider not available (GEMINI_API_KEY not set)"}
# {"time":"2026-08-05T02:28:52.855Z","level":"warn","msg":"revision_rewrite_failed","passName":"originality","message":"Gemini provider not available (GEMINI_API_KEY not set)"}
# {"time":"2026-08-05T02:28:52.859Z","level":"warn","msg":"revision_rewrite_failed","passName":"originality","message":"Gemini provider not available (GEMINI_API_KEY not set)"}
# {"time":"2026-08-05T02:28:52.868Z","level":"warn","msg":"revision_rewrite_failed","passName":"originality","message":"Gemini provider not available (GEMINI_API_KEY not set)"}
# {"time":"2026-08-05T02:28:52.871Z","level":"warn","msg":"revision_rewrite_failed","passName":"originality","message":"Gemini provider not available (GEMINI_API_KEY not set)"}
# {"time":"2026-08-05T02:28:52.875Z","level":"warn","msg":"revision_rewrite_failed","passName":"originality","message":"Gemini provider not available (GEMINI_API_KEY not set)"}
# {"time":"2026-08-05T02:28:52.877Z","level":"warn","msg":"revision_rewrite_failed","passName":"originality","message":"Gemini provider not available (GEMINI_API_KEY not set)"}
# {"time":"2026-08-05T02:28:52.880Z","level":"warn","msg":"revision_rewrite_failed","passName":"originality","message":"Gemini provider not available (GEMINI_API_KEY not set)"}
# {"time":"2026-08-05T02:28:52.882Z","level":"warn","msg":"revision_rewrite_failed","passName":"originality","message":"Gemini provider not available (GEMINI_API_KEY not set)"}
# {"time":"2026-08-05T02:28:52.895Z","level":"warn","msg":"revision_rewrite_failed","passName":"originality","message":"Gemini provider not available (GEMINI_API_KEY not set)"}
# {"time":"2026-08-05T02:28:52.896Z","level":"warn","msg":"revision_rewrite_failed","passName":"originality","message":"Gemini provider not available (GEMINI_API_KEY not set)"}
# {"time":"2026-08-05T02:28:52.898Z","level":"warn","msg":"revision_rewrite_failed","passName":"originality","message":"Gemini provider not available (GEMINI_API_KEY not set)"}
# {"time":"2026-08-05T02:28:52.901Z","level":"warn","msg":"revision_rewrite_failed","passName":"originality","message":"Gemini provider not available (GEMINI_API_KEY not set)"}
# {"time":"2026-08-05T02:28:52.902Z","level":"warn","msg":"revision_rewrite_failed","passName":"originality","message":"Gemini provider not available (GEMINI_API_KEY not set)"}
# {"time":"2026-08-05T02:28:52.904Z","level":"warn","msg":"revision_rewrite_failed","passName":"originality","message":"Gemini provider not available (GEMINI_API_KEY not set)"}
# {"time":"2026-08-05T02:28:52.906Z","level":"warn","msg":"revision_rewrite_failed","passName":"originality","message":"Gemini provider not available (GEMINI_API_KEY not set)"}
# {"time":"2026-08-05T02:28:52.909Z","level":"warn","msg":"revision_rewrite_failed","passName":"originality","message":"Gemini provider not available (GEMINI_API_KEY not set)"}
# {"time":"2026-08-05T02:28:52.910Z","level":"warn","msg":"revision_rewrite_failed","passName":"originality","message":"Gemini provider not available (GEMINI_API_KEY not set)"}
# {"time":"2026-08-05T02:28:52.911Z","level":"warn","msg":"revision_rewrite_failed","passName":"originality","message":"Gemini provider not available (GEMINI_API_KEY not set)"}
# {"time":"2026-08-05T02:28:52.913Z","level":"warn","msg":"revision_rewrite_failed","passName":"originality","message":"Gemini provider not available (GEMINI_API_KEY not set)"}
# {"time":"2026-08-05T02:28:52.916Z","level":"warn","msg":"revision_rewrite_failed","passName":"originality","message":"Gemini provider not available (GEMINI_API_KEY not set)"}
# {"time":"2026-08-05T02:28:52.919Z","level":"warn","msg":"revision_rewrite_failed","passName":"originality","message":"Gemini provider not available (GEMINI_API_KEY not set)"}
# {"time":"2026-08-05T02:28:52.920Z","level":"warn","msg":"revision_rewrite_failed","passName":"originality","message":"Gemini provider not available (GEMINI_API_KEY not set)"}
# {"time":"2026-08-05T02:28:52.925Z","level":"warn","msg":"revision_rewrite_failed","passName":"originality","message":"Gemini provider not available (GEMINI_API_KEY not set)"}
# {"time":"2026-08-05T02:28:52.928Z","level":"warn","msg":"revision_rewrite_failed","passName":"originality","message":"Gemini provider not available (GEMINI_API_KEY not set)"}
# {"time":"2026-08-05T02:28:52.932Z","level":"warn","msg":"revision_rewrite_failed","passName":"originality","message":"Gemini provider not available (GEMINI_API_KEY not set)"}
# {"time":"2026-08-05T02:28:52.934Z","level":"warn","msg":"revision_rewrite_failed","passName":"originality","message":"Gemini provider not available (GEMINI_API_KEY not set)"}
# {"time":"2026-08-05T02:28:52.937Z","level":"warn","msg":"revision_rewrite_failed","passName":"originality","message":"Gemini provider not available (GEMINI_API_KEY not set)"}
# {"time":"2026-08-05T02:28:52.939Z","level":"warn","msg":"revision_rewrite_failed","passName":"originality","message":"Gemini provider not available (GEMINI_API_KEY not set)"}
# {"time":"2026-08-05T02:28:52.941Z","level":"warn","msg":"revision_rewrite_failed","passName":"originality","message":"Gemini provider not available (GEMINI_API_KEY not set)"}
# {"time":"2026-08-05T02:28:52.944Z","level":"warn","msg":"revision_rewrite_failed","passName":"originality","message":"Gemini provider not available (GEMINI_API_KEY not set)"}
# {"time":"2026-08-05T02:28:52.957Z","level":"warn","msg":"revision_rewrite_failed","passName":"originality","message":"Gemini provider not available (GEMINI_API_KEY not set)"}
# {"time":"2026-08-05T02:28:52.959Z","level":"warn","msg":"revision_rewrite_failed","passName":"originality","message":"Gemini provider not available (GEMINI_API_KEY not set)"}
# {"time":"2026-08-05T02:28:52.963Z","level":"warn","msg":"revision_rewrite_failed","passName":"originality","message":"Gemini provider not available (GEMINI_API_KEY not set)"}
# {"time":"2026-08-05T02:28:52.966Z","level":"warn","msg":"revision_rewrite_failed","passName":"originality","message":"Gemini provider not available (GEMINI_API_KEY not set)"}
# {"time":"2026-08-05T02:28:52.968Z","level":"warn","msg":"revision_rewrite_failed","passName":"originality","message":"Gemini provider not available (GEMINI_API_KEY not set)"}
# {"time":"2026-08-05T02:28:52.970Z","level":"warn","msg":"revision_rewrite_failed","passName":"originality","message":"Gemini provider not available (GEMINI_API_KEY not set)"}
# {"time":"2026-08-05T02:28:52.974Z","level":"warn","msg":"revision_rewrite_failed","passName":"originality","message":"Gemini provider not available (GEMINI_API_KEY not set)"}
# {"time":"2026-08-05T02:28:52.977Z","level":"warn","msg":"revision_rewrite_failed","passName":"originality","message":"Gemini provider not available (GEMINI_API_KEY not set)"}
# {"time":"2026-08-05T02:28:52.979Z","level":"warn","msg":"revision_rewrite_failed","passName":"originality","message":"Gemini provider not available (GEMINI_API_KEY not set)"}
# {"time":"2026-08-05T02:28:52.981Z","level":"warn","msg":"revision_rewrite_failed","passName":"originality","message":"Gemini provider not available (GEMINI_API_KEY not set)"}
# {"time":"2026-08-05T02:28:52.983Z","level":"warn","msg":"revision_rewrite_failed","passName":"originality","message":"Gemini provider not available (GEMINI_API_KEY not set)"}
# {"time":"2026-08-05T02:28:52.985Z","level":"warn","msg":"revision_rewrite_failed","passName":"originality","message":"Gemini provider not available (GEMINI_API_KEY not set)"}
# {"time":"2026-08-05T02:28:52.987Z","level":"warn","msg":"revision_rewrite_failed","passName":"originality","message":"Gemini provider not available (GEMINI_API_KEY not set)"}
# {"time":"2026-08-05T02:28:52.990Z","level":"warn","msg":"revision_rewrite_failed","passName":"originality","message":"Gemini provider not available (GEMINI_API_KEY not set)"}
# {"time":"2026-08-05T02:28:52.992Z","level":"warn","msg":"revision_rewrite_failed","passName":"originality","message":"Gemini provider not available (GEMINI_API_KEY not set)"}
# {"time":"2026-08-05T02:28:52.994Z","level":"warn","msg":"revision_rewrite_failed","passName":"originality","message":"Gemini provider not available (GEMINI_API_KEY not set)"}
# {"time":"2026-08-05T02:28:52.996Z","level":"warn","msg":"revision_rewrite_failed","passName":"originality","message":"Gemini provider not available (GEMINI_API_KEY not set)"}
# {"time":"2026-08-05T02:28:52.998Z","level":"warn","msg":"revision_rewrite_failed","passName":"originality","message":"Gemini provider not available (GEMINI_API_KEY not set)"}
# {"time":"2026-08-05T02:28:53.000Z","level":"warn","msg":"revision_rewrite_failed","passName":"originality","message":"Gemini provider not available (GEMINI_API_KEY not set)"}
# {"time":"2026-08-05T02:28:53.003Z","level":"warn","msg":"revision_rewrite_failed","passName":"originality","message":"Gemini provider not available (GEMINI_API_KEY not set)"}
# {"time":"2026-08-05T02:28:53.005Z","level":"warn","msg":"revision_rewrite_failed","passName":"originality","message":"Gemini provider not available (GEMINI_API_KEY not set)"}
# {"time":"2026-08-05T02:28:53.007Z","level":"warn","msg":"revision_rewrite_failed","passName":"originality","message":"Gemini provider not available (GEMINI_API_KEY not set)"}
# {"time":"2026-08-05T02:28:53.010Z","level":"warn","msg":"revision_rewrite_failed","passName":"originality","message":"Gemini provider not available (GEMINI_API_KEY not set)"}
# {"time":"2026-08-05T02:28:53.012Z","level":"warn","msg":"revision_rewrite_failed","passName":"originality","message":"Gemini provider not available (GEMINI_API_KEY not set)"}
# {"time":"2026-08-05T02:28:53.014Z","level":"warn","msg":"revision_rewrite_failed","passName":"originality","message":"Gemini provider not available (GEMINI_API_KEY not set)"}
# {"time":"2026-08-05T02:28:53.016Z","level":"warn","msg":"revision_rewrite_failed","passName":"originality","message":"Gemini provider not available (GEMINI_API_KEY not set)"}
# {"time":"2026-08-05T02:28:53.019Z","level":"warn","msg":"revision_rewrite_failed","passName":"originality","message":"Gemini provider not available (GEMINI_API_KEY not set)"}
# {"time":"2026-08-05T02:28:53.023Z","level":"warn","msg":"revision_rewrite_failed","passName":"originality","message":"Gemini provider not available (GEMINI_API_KEY not set)"}
# {"time":"2026-08-05T02:28:53.025Z","level":"warn","msg":"revision_rewrite_failed","passName":"originality","message":"Gemini provider not available (GEMINI_API_KEY not set)"}
# {"time":"2026-08-05T02:28:53.027Z","level":"warn","msg":"revision_rewrite_failed","passName":"originality","message":"Gemini provider not available (GEMINI_API_KEY not set)"}
# {"time":"2026-08-05T02:28:53.030Z","level":"warn","msg":"revision_rewrite_failed","passName":"originality","message":"Gemini provider not available (GEMINI_API_KEY not set)"}
# {"time":"2026-08-05T02:28:53.032Z","level":"warn","msg":"revision_rewrite_failed","passName":"originality","message":"Gemini provider not available (GEMINI_API_KEY not set)"}
# {"time":"2026-08-05T02:28:53.040Z","level":"warn","msg":"revision_rewrite_failed","passName":"originality","message":"Gemini provider not available (GEMINI_API_KEY not set)"}
# {"time":"2026-08-05T02:28:53.043Z","level":"warn","msg":"revision_rewrite_failed","passName":"originality","message":"Gemini provider not available (GEMINI_API_KEY not set)"}
# {"time":"2026-08-05T02:28:53.045Z","level":"warn","msg":"revision_rewrite_failed","passName":"originality","message":"Gemini provider not available (GEMINI_API_KEY not set)"}
# {"time":"2026-08-05T02:28:53.047Z","level":"warn","msg":"revision_rewrite_failed","passName":"originality","message":"Gemini provider not available (GEMINI_API_KEY not set)"}
# {"time":"2026-08-05T02:28:53.050Z","level":"warn","msg":"revision_rewrite_failed","passName":"originality","message":"Gemini provider not available (GEMINI_API_KEY not set)"}
# {"time":"2026-08-05T02:28:53.052Z","level":"warn","msg":"revision_rewrite_failed","passName":"originality","message":"Gemini provider not available (GEMINI_API_KEY not set)"}
# {"time":"2026-08-05T02:28:53.054Z","level":"warn","msg":"revision_rewrite_failed","passName":"originality","message":"Gemini provider not available (GEMINI_API_KEY not set)"}
# {"time":"2026-08-05T02:28:53.056Z","level":"warn","msg":"revision_rewrite_failed","passName":"originality","message":"Gemini provider not available (GEMINI_API_KEY not set)"}
# {"time":"2026-08-05T02:28:53.058Z","level":"warn","msg":"revision_rewrite_failed","passName":"originality","message":"Gemini provider not available (GEMINI_API_KEY not set)"}
# {"time":"2026-08-05T02:28:53.060Z","level":"warn","msg":"revision_rewrite_failed","passName":"originality","message":"Gemini provider not available (GEMINI_API_KEY not set)"}
# {"time":"2026-08-05T02:28:53.062Z","level":"warn","msg":"revision_rewrite_failed","passName":"originality","message":"Gemini provider not available (GEMINI_API_KEY not set)"}
# {"time":"2026-08-05T02:28:53.064Z","level":"warn","msg":"revision_rewrite_failed","passName":"originality","message":"Gemini provider not available (GEMINI_API_KEY not set)"}
# {"time":"2026-08-05T02:28:53.066Z","level":"warn","msg":"revision_rewrite_failed","passName":"originality","message":"Gemini provider not available (GEMINI_API_KEY not set)"}
# {"time":"2026-08-05T02:28:53.068Z","level":"warn","msg":"revision_rewrite_failed","passName":"originality","message":"Gemini provider not available (GEMINI_API_KEY not set)"}
# {"time":"2026-08-05T02:28:53.070Z","level":"warn","msg":"revision_rewrite_failed","passName":"originality","message":"Gemini provider not available (GEMINI_API_KEY not set)"}
# {"time":"2026-08-05T02:28:53.073Z","level":"warn","msg":"revision_rewrite_failed","passName":"originality","message":"Gemini provider not available (GEMINI_API_KEY not set)"}
# {"time":"2026-08-05T02:28:53.075Z","level":"warn","msg":"revision_rewrite_failed","passName":"originality","message":"Gemini provider not available (GEMINI_API_KEY not set)"}
# {"time":"2026-08-05T02:28:53.077Z","level":"warn","msg":"revision_rewrite_failed","passName":"originality","message":"Gemini provider not available (GEMINI_API_KEY not set)"}
# {"time":"2026-08-05T02:28:53.079Z","level":"warn","msg":"revision_rewrite_failed","passName":"originality","message":"Gemini provider not available (GEMINI_API_KEY not set)"}
# {"time":"2026-08-05T02:28:53.082Z","level":"warn","msg":"revision_rewrite_failed","passName":"originality","message":"Gemini provider not available (GEMINI_API_KEY not set)"}
# {"time":"2026-08-05T02:28:53.084Z","level":"warn","msg":"revision_rewrite_failed","passName":"originality","message":"Gemini provider not available (GEMINI_API_KEY not set)"}
# {"time":"2026-08-05T02:28:53.086Z","level":"warn","msg":"revision_rewrite_failed","passName":"originality","message":"Gemini provider not available (GEMINI_API_KEY not set)"}
# {"time":"2026-08-05T02:28:53.091Z","level":"warn","msg":"revision_rewrite_failed","passName":"originality","message":"Gemini provider not available (GEMINI_API_KEY not set)"}
# {"time":"2026-08-05T02:28:53.093Z","level":"warn","msg":"revision_rewrite_failed","passName":"originality","message":"Gemini provider not available (GEMINI_API_KEY not set)"}
# {"time":"2026-08-05T02:28:53.095Z","level":"warn","msg":"revision_rewrite_failed","passName":"originality","message":"Gemini provider not available (GEMINI_API_KEY not set)"}
# {"time":"2026-08-05T02:28:53.097Z","level":"warn","msg":"revision_rewrite_failed","passName":"originality","message":"Gemini provider not available (GEMINI_API_KEY not set)"}
# {"time":"2026-08-05T02:28:53.099Z","level":"warn","msg":"revision_rewrite_failed","passName":"originality","message":"Gemini provider not available (GEMINI_API_KEY not set)"}
# {"time":"2026-08-05T02:28:53.101Z","level":"warn","msg":"revision_rewrite_failed","passName":"originality","message":"Gemini provider not available (GEMINI_API_KEY not set)"}
# {"time":"2026-08-05T02:28:53.104Z","level":"warn","msg":"revision_rewrite_failed","passName":"originality","message":"Gemini provider not available (GEMINI_API_KEY not set)"}
# {"time":"2026-08-05T02:28:53.106Z","level":"warn","msg":"revision_rewrite_failed","passName":"originality","message":"Gemini provider not available (GEMINI_API_KEY not set)"}
# {"time":"2026-08-05T02:28:53.108Z","level":"warn","msg":"revision_rewrite_failed","passName":"originality","message":"Gemini provider not available (GEMINI_API_KEY not set)"}
# {"time":"2026-08-05T02:28:53.110Z","level":"warn","msg":"revision_rewrite_failed","passName":"originality","message":"Gemini provider not available (GEMINI_API_KEY not set)"}
# {"time":"2026-08-05T02:28:53.112Z","level":"warn","msg":"revision_rewrite_failed","passName":"originality","message":"Gemini provider not available (GEMINI_API_KEY not set)"}
# {"time":"2026-08-05T02:28:53.114Z","level":"warn","msg":"revision_rewrite_failed","passName":"originality","message":"Gemini provider not available (GEMINI_API_KEY not set)"}
# {"time":"2026-08-05T02:28:53.117Z","level":"warn","msg":"revision_rewrite_failed","passName":"originality","message":"Gemini provider not available (GEMINI_API_KEY not set)"}
# {"time":"2026-08-05T02:28:53.119Z","level":"warn","msg":"revision_rewrite_failed","passName":"originality","message":"Gemini provider not available (GEMINI_API_KEY not set)"}
# {"time":"2026-08-05T02:28:53.121Z","level":"warn","msg":"revision_rewrite_failed","passName":"originality","message":"Gemini provider not available (GEMINI_API_KEY not set)"}
# {"time":"2026-08-05T02:28:53.123Z","level":"warn","msg":"revision_rewrite_failed","passName":"originality","message":"Gemini provider not available (GEMINI_API_KEY not set)"}
# {"time":"2026-08-05T02:28:53.125Z","level":"warn","msg":"revision_rewrite_failed","passName":"originality","message":"Gemini provider not available (GEMINI_API_KEY not set)"}
# {"time":"2026-08-05T02:28:53.127Z","level":"warn","msg":"revision_rewrite_failed","passName":"originality","message":"Gemini provider not available (GEMINI_API_KEY not set)"}
# {"time":"2026-08-05T02:28:53.130Z","level":"warn","msg":"revision_rewrite_failed","passName":"originality","message":"Gemini provider not available (GEMINI_API_KEY not set)"}
# {"time":"2026-08-05T02:28:53.136Z","level":"warn","msg":"revision_rewrite_failed","passName":"originality","message":"Gemini provider not available (GEMINI_API_KEY not set)"}
# {"time":"2026-08-05T02:28:53.139Z","level":"warn","msg":"revision_rewrite_failed","passName":"originality","message":"Gemini provider not available (GEMINI_API_KEY not set)"}
# {"time":"2026-08-05T02:28:53.143Z","level":"warn","msg":"revision_rewrite_failed","passName":"originality","message":"Gemini provider not available (GEMINI_API_KEY not set)"}
# {"time":"2026-08-05T02:28:53.145Z","level":"warn","msg":"revision_rewrite_failed","passName":"originality","message":"Gemini provider not available (GEMINI_API_KEY not set)"}
# {"time":"2026-08-05T02:28:53.147Z","level":"warn","msg":"revision_rewrite_failed","passName":"originality","message":"Gemini provider not available (GEMINI_API_KEY not set)"}
# {"time":"2026-08-05T02:28:53.150Z","level":"warn","msg":"revision_rewrite_failed","passName":"originality","message":"Gemini provider not available (GEMINI_API_KEY not set)"}
# {"time":"2026-08-05T02:28:53.152Z","level":"warn","msg":"revision_rewrite_failed","passName":"originality","message":"Gemini provider not available (GEMINI_API_KEY not set)"}
# {"time":"2026-08-05T02:28:53.154Z","level":"warn","msg":"revision_rewrite_failed","passName":"originality","message":"Gemini provider not available (GEMINI_API_KEY not set)"}
# {"time":"2026-08-05T02:28:53.159Z","level":"warn","msg":"revision_rewrite_failed","passName":"originality","message":"Gemini provider not available (GEMINI_API_KEY not set)"}
# {"time":"2026-08-05T02:28:53.161Z","level":"warn","msg":"revision_rewrite_failed","passName":"originality","message":"Gemini provider not available (GEMINI_API_KEY not set)"}
# {"time":"2026-08-05T02:28:53.163Z","level":"warn","msg":"revision_rewrite_failed","passName":"originality","message":"Gemini provider not available (GEMINI_API_KEY not set)"}
# {"time":"2026-08-05T02:28:53.165Z","level":"warn","msg":"revision_rewrite_failed","passName":"originality","message":"Gemini provider not available (GEMINI_API_KEY not set)"}
# {"time":"2026-08-05T02:28:53.167Z","level":"warn","msg":"revision_rewrite_failed","passName":"originality","message":"Gemini provider not available (GEMINI_API_KEY not set)"}
# {"time":"2026-08-05T02:28:53.169Z","level":"warn","msg":"revision_rewrite_failed","passName":"originality","message":"Gemini provider not available (GEMINI_API_KEY not set)"}
# {"time":"2026-08-05T02:28:53.171Z","level":"warn","msg":"revision_rewrite_failed","passName":"originality","message":"Gemini provider not available (GEMINI_API_KEY not set)"}
# {"time":"2026-08-05T02:28:53.173Z","level":"warn","msg":"revision_rewrite_failed","passName":"originality","message":"Gemini provider not available (GEMINI_API_KEY not set)"}
# {"time":"2026-08-05T02:28:53.177Z","level":"warn","msg":"revision_rewrite_failed","passName":"originality","message":"Gemini provider not available (GEMINI_API_KEY not set)"}
# {"time":"2026-08-05T02:28:53.179Z","level":"warn","msg":"revision_rewrite_failed","passName":"originality","message":"Gemini provider not available (GEMINI_API_KEY not set)"}
# {"time":"2026-08-05T02:28:53.181Z","level":"warn","msg":"revision_rewrite_failed","passName":"originality","message":"Gemini provider not available (GEMINI_API_KEY not set)"}
# {"time":"2026-08-05T02:28:53.183Z","level":"warn","msg":"revision_rewrite_failed","passName":"originality","message":"Gemini provider not available (GEMINI_API_KEY not set)"}
# {"time":"2026-08-05T02:28:53.185Z","level":"warn","msg":"revision_rewrite_failed","passName":"originality","message":"Gemini provider not available (GEMINI_API_KEY not set)"}
# {"time":"2026-08-05T02:28:53.187Z","level":"warn","msg":"revision_rewrite_failed","passName":"originality","message":"Gemini provider not available (GEMINI_API_KEY not set)"}
# {"time":"2026-08-05T02:28:53.191Z","level":"warn","msg":"revision_rewrite_failed","passName":"originality","message":"Gemini provider not available (GEMINI_API_KEY not set)"}
# {"time":"2026-08-05T02:28:53.195Z","level":"warn","msg":"revision_rewrite_failed","passName":"originality","message":"Gemini provider not available (GEMINI_API_KEY not set)"}
# {"time":"2026-08-05T02:28:53.197Z","level":"warn","msg":"revision_rewrite_failed","passName":"originality","message":"Gemini provider not available (GEMINI_API_KEY not set)"}
# {"time":"2026-08-05T02:28:53.199Z","level":"warn","msg":"revision_rewrite_failed","passName":"originality","message":"Gemini provider not available (GEMINI_API_KEY not set)"}
# {"time":"2026-08-05T02:28:53.203Z","level":"warn","msg":"revision_rewrite_failed","passName":"originality","message":"Gemini provider not available (GEMINI_API_KEY not set)"}
# {"time":"2026-08-05T02:28:53.207Z","level":"warn","msg":"revision_rewrite_failed","passName":"originality","message":"Gemini provider not available (GEMINI_API_KEY not set)"}
# {"time":"2026-08-05T02:28:53.209Z","level":"warn","msg":"revision_rewrite_failed","passName":"originality","message":"Gemini provider not available (GEMINI_API_KEY not set)"}
# {"time":"2026-08-05T02:28:53.211Z","level":"warn","msg":"revision_rewrite_failed","passName":"originality","message":"Gemini provider not available (GEMINI_API_KEY not set)"}
# {"time":"2026-08-05T02:28:53.213Z","level":"warn","msg":"revision_rewrite_failed","passName":"originality","message":"Gemini provider not available (GEMINI_API_KEY not set)"}
# {"time":"2026-08-05T02:28:53.215Z","level":"warn","msg":"revision_rewrite_failed","passName":"originality","message":"Gemini provider not available (GEMINI_API_KEY not set)"}
# {"time":"2026-08-05T02:28:53.219Z","level":"warn","msg":"revision_rewrite_failed","passName":"originality","message":"Gemini provider not available (GEMINI_API_KEY not set)"}
# {"time":"2026-08-05T02:28:53.229Z","level":"warn","msg":"revision_rewrite_failed","passName":"originality","message":"Gemini provider not available (GEMINI_API_KEY not set)"}
# {"time":"2026-08-05T02:28:53.232Z","level":"warn","msg":"revision_rewrite_failed","passName":"originality","message":"Gemini provider not available (GEMINI_API_KEY not set)"}
# {"time":"2026-08-05T02:28:53.234Z","level":"warn","msg":"revision_rewrite_failed","passName":"originality","message":"Gemini provider not available (GEMINI_API_KEY not set)"}
# {"time":"2026-08-05T02:28:53.236Z","level":"warn","msg":"revision_rewrite_failed","passName":"originality","message":"Gemini provider not available (GEMINI_API_KEY not set)"}
# {"time":"2026-08-05T02:28:53.238Z","level":"warn","msg":"revision_rewrite_failed","passName":"originality","message":"Gemini provider not available (GEMINI_API_KEY not set)"}
# {"time":"2026-08-05T02:28:53.240Z","level":"warn","msg":"revision_rewrite_failed","passName":"originality","message":"Gemini provider not available (GEMINI_API_KEY not set)"}
# {"time":"2026-08-05T02:28:53.242Z","level":"warn","msg":"revision_rewrite_failed","passName":"originality","message":"Gemini provider not available (GEMINI_API_KEY not set)"}
# {"time":"2026-08-05T02:28:53.243Z","level":"warn","msg":"revision_rewrite_failed","passName":"originality","message":"Gemini provider not available (GEMINI_API_KEY not set)"}
# {"time":"2026-08-05T02:28:53.246Z","level":"warn","msg":"revision_rewrite_failed","passName":"originality","message":"Gemini provider not available (GEMINI_API_KEY not set)"}
# {"time":"2026-08-05T02:28:53.248Z","level":"warn","msg":"revision_rewrite_failed","passName":"originality","message":"Gemini provider not available (GEMINI_API_KEY not set)"}
# {"time":"2026-08-05T02:28:53.251Z","level":"warn","msg":"revision_rewrite_failed","passName":"originality","message":"Gemini provider not available (GEMINI_API_KEY not set)"}
# {"time":"2026-08-05T02:28:53.254Z","level":"warn","msg":"revision_rewrite_failed","passName":"originality","message":"Gemini provider not available (GEMINI_API_KEY not set)"}
# {"time":"2026-08-05T02:28:53.257Z","level":"warn","msg":"revision_rewrite_failed","passName":"originality","message":"Gemini provider not available (GEMINI_API_KEY not set)"}
# {"time":"2026-08-05T02:28:53.260Z","level":"warn","msg":"revision_rewrite_failed","passName":"originality","message":"Gemini provider not available (GEMINI_API_KEY not set)"}
# {"time":"2026-08-05T02:28:53.263Z","level":"warn","msg":"revision_rewrite_failed","passName":"originality","message":"Gemini provider not available (GEMINI_API_KEY not set)"}
# {"time":"2026-08-05T02:28:53.265Z","level":"warn","msg":"revision_rewrite_failed","passName":"originality","message":"Gemini provider not available (GEMINI_API_KEY not set)"}
# {"time":"2026-08-05T02:28:53.267Z","level":"warn","msg":"revision_rewrite_failed","passName":"originality","message":"Gemini provider not available (GEMINI_API_KEY not set)"}
# {"time":"2026-08-05T02:28:53.269Z","level":"warn","msg":"revision_rewrite_failed","passName":"originality","message":"Gemini provider not available (GEMINI_API_KEY not set)"}
# {"time":"2026-08-05T02:28:53.271Z","level":"warn","msg":"revision_rewrite_failed","passName":"originality","message":"Gemini provider not available (GEMINI_API_KEY not set)"}
# {"time":"2026-08-05T02:28:53.273Z","level":"warn","msg":"revision_rewrite_failed","passName":"originality","message":"Gemini provider not available (GEMINI_API_KEY not set)"}
# {"time":"2026-08-05T02:28:53.275Z","level":"warn","msg":"revision_rewrite_failed","passName":"originality","message":"Gemini provider not available (GEMINI_API_KEY not set)"}
# {"time":"2026-08-05T02:28:53.277Z","level":"warn","msg":"revision_rewrite_failed","passName":"originality","message":"Gemini provider not available (GEMINI_API_KEY not set)"}
# {"time":"2026-08-05T02:28:53.279Z","level":"warn","msg":"revision_rewrite_failed","passName":"originality","message":"Gemini provider not available (GEMINI_API_KEY not set)"}
# {"time":"2026-08-05T02:28:53.281Z","level":"warn","msg":"revision_rewrite_failed","passName":"originality","message":"Gemini provider not available (GEMINI_API_KEY not set)"}
# {"time":"2026-08-05T02:28:53.285Z","level":"warn","msg":"revision_rewrite_failed","passName":"originality","message":"Gemini provider not available (GEMINI_API_KEY not set)"}
# {"time":"2026-08-05T02:28:53.287Z","level":"warn","msg":"revision_rewrite_failed","passName":"originality","message":"Gemini provider not available (GEMINI_API_KEY not set)"}
# {"time":"2026-08-05T02:28:53.288Z","level":"warn","msg":"revision_rewrite_failed","passName":"originality","message":"Gemini provider not available (GEMINI_API_KEY not set)"}
# {"time":"2026-08-05T02:28:53.292Z","level":"warn","msg":"revision_rewrite_failed","passName":"originality","message":"Gemini provider not available (GEMINI_API_KEY not set)"}
# {"time":"2026-08-05T02:28:53.295Z","level":"warn","msg":"revision_rewrite_failed","passName":"originality","message":"Gemini provider not available (GEMINI_API_KEY not set)"}
# {"time":"2026-08-05T02:28:53.297Z","level":"warn","msg":"revision_rewrite_failed","passName":"originality","message":"Gemini provider not available (GEMINI_API_KEY not set)"}
# {"time":"2026-08-05T02:28:53.299Z","level":"warn","msg":"revision_rewrite_failed","passName":"originality","message":"Gemini provider not available (GEMINI_API_KEY not set)"}
# {"time":"2026-08-05T02:28:53.302Z","level":"warn","msg":"revision_rewrite_failed","passName":"originality","message":"Gemini provider not available (GEMINI_API_KEY not set)"}
# {"time":"2026-08-05T02:28:53.304Z","level":"warn","msg":"revision_rewrite_failed","passName":"originality","message":"Gemini provider not available (GEMINI_API_KEY not set)"}
# {"time":"2026-08-05T02:28:53.307Z","level":"warn","msg":"revision_rewrite_failed","passName":"originality","message":"Gemini provider not available (GEMINI_API_KEY not set)"}
# {"time":"2026-08-05T02:28:53.313Z","level":"warn","msg":"revision_rewrite_failed","passName":"originality","message":"Gemini provider not available (GEMINI_API_KEY not set)"}
# {"time":"2026-08-05T02:28:53.314Z","level":"warn","msg":"revision_rewrite_failed","passName":"originality","message":"Gemini provider not available (GEMINI_API_KEY not set)"}
# {"time":"2026-08-05T02:28:53.316Z","level":"warn","msg":"revision_rewrite_failed","passName":"originality","message":"Gemini provider not available (GEMINI_API_KEY not set)"}
# {"time":"2026-08-05T02:28:53.320Z","level":"warn","msg":"revision_rewrite_failed","passName":"originality","message":"Gemini provider not available (GEMINI_API_KEY not set)"}
# {"time":"2026-08-05T02:28:53.322Z","level":"warn","msg":"revision_rewrite_failed","passName":"originality","message":"Gemini provider not available (GEMINI_API_KEY not set)"}
# {"time":"2026-08-05T02:28:53.324Z","level":"warn","msg":"revision_rewrite_failed","passName":"originality","message":"Gemini provider not available (GEMINI_API_KEY not set)"}
# {"time":"2026-08-05T02:28:53.326Z","level":"warn","msg":"revision_rewrite_failed","passName":"originality","message":"Gemini provider not available (GEMINI_API_KEY not set)"}
# {"time":"2026-08-05T02:28:53.328Z","level":"warn","msg":"revision_rewrite_failed","passName":"originality","message":"Gemini provider not available (GEMINI_API_KEY not set)"}
# {"time":"2026-08-05T02:28:53.330Z","level":"warn","msg":"revision_rewrite_failed","passName":"originality","message":"Gemini provider not available (GEMINI_API_KEY not set)"}
# {"time":"2026-08-05T02:28:53.332Z","level":"warn","msg":"revision_rewrite_failed","passName":"originality","message":"Gemini provider not available (GEMINI_API_KEY not set)"}
# {"time":"2026-08-05T02:28:53.337Z","level":"warn","msg":"revision_rewrite_failed","passName":"originality","message":"Gemini provider not available (GEMINI_API_KEY not set)"}
# {"time":"2026-08-05T02:28:53.340Z","level":"warn","msg":"revision_rewrite_failed","passName":"originality","message":"Gemini provider not available (GEMINI_API_KEY not set)"}
# {"time":"2026-08-05T02:28:53.344Z","level":"warn","msg":"revision_rewrite_failed","passName":"originality","message":"Gemini provider not available (GEMINI_API_KEY not set)"}
# {"time":"2026-08-05T02:28:53.346Z","level":"warn","msg":"revision_rewrite_failed","passName":"originality","message":"Gemini provider not available (GEMINI_API_KEY not set)"}
# {"time":"2026-08-05T02:28:53.348Z","level":"warn","msg":"revision_rewrite_failed","passName":"originality","message":"Gemini provider not available (GEMINI_API_KEY not set)"}
# {"time":"2026-08-05T02:28:53.354Z","level":"warn","msg":"revision_rewrite_failed","passName":"originality","message":"Gemini provider not available (GEMINI_API_KEY not set)"}
# {"time":"2026-08-05T02:28:53.355Z","level":"warn","msg":"revision_rewrite_failed","passName":"originality","message":"Gemini provider not available (GEMINI_API_KEY not set)"}
# {"time":"2026-08-05T02:28:53.358Z","level":"warn","msg":"revision_rewrite_failed","passName":"originality","message":"Gemini provider not available (GEMINI_API_KEY not set)"}
# {"time":"2026-08-05T02:28:53.361Z","level":"warn","msg":"revision_rewrite_failed","passName":"originality","message":"Gemini provider not available (GEMINI_API_KEY not set)"}
# {"time":"2026-08-05T02:28:53.363Z","level":"warn","msg":"revision_rewrite_failed","passName":"originality","message":"Gemini provider not available (GEMINI_API_KEY not set)"}
# {"time":"2026-08-05T02:28:53.365Z","level":"warn","msg":"revision_rewrite_failed","passName":"originality","message":"Gemini provider not available (GEMINI_API_KEY not set)"}
# {"time":"2026-08-05T02:28:53.367Z","level":"warn","msg":"revision_rewrite_failed","passName":"originality","message":"Gemini provider not available (GEMINI_API_KEY not set)"}
# {"time":"2026-08-05T02:28:53.369Z","level":"warn","msg":"revision_rewrite_failed","passName":"originality","message":"Gemini provider not available (GEMINI_API_KEY not set)"}
# {"time":"2026-08-05T02:28:53.372Z","level":"warn","msg":"revision_rewrite_failed","passName":"originality","message":"Gemini provider not available (GEMINI_API_KEY not set)"}
# {"time":"2026-08-05T02:28:53.376Z","level":"warn","msg":"revision_rewrite_failed","passName":"originality","message":"Gemini provider not available (GEMINI_API_KEY not set)"}
# {"time":"2026-08-05T02:28:53.378Z","level":"warn","msg":"revision_rewrite_failed","passName":"originality","message":"Gemini provider not available (GEMINI_API_KEY not set)"}
# {"time":"2026-08-05T02:28:53.380Z","level":"warn","msg":"revision_rewrite_failed","passName":"originality","message":"Gemini provider not available (GEMINI_API_KEY not set)"}
# {"time":"2026-08-05T02:28:53.382Z","level":"warn","msg":"revision_rewrite_failed","passName":"originality","message":"Gemini provider not available (GEMINI_API_KEY not set)"}
# {"time":"2026-08-05T02:28:53.384Z","level":"warn","msg":"revision_rewrite_failed","passName":"originality","message":"Gemini provider not available (GEMINI_API_KEY not set)"}
# {"time":"2026-08-05T02:28:53.387Z","level":"warn","msg":"revision_rewrite_failed","passName":"originality","message":"Gemini provider not available (GEMINI_API_KEY not set)"}
# {"time":"2026-08-05T02:28:53.389Z","level":"warn","msg":"revision_rewrite_failed","passName":"originality","message":"Gemini provider not available (GEMINI_API_KEY not set)"}
# {"time":"2026-08-05T02:28:53.392Z","level":"warn","msg":"revision_rewrite_failed","passName":"originality","message":"Gemini provider not available (GEMINI_API_KEY not set)"}
# {"time":"2026-08-05T02:28:53.394Z","level":"warn","msg":"revision_rewrite_failed","passName":"originality","message":"Gemini provider not available (GEMINI_API_KEY not set)"}
# {"time":"2026-08-05T02:28:53.395Z","level":"warn","msg":"revision_rewrite_failed","passName":"originality","message":"Gemini provider not available (GEMINI_API_KEY not set)"}
# {"time":"2026-08-05T02:28:53.397Z","level":"warn","msg":"revision_rewrite_failed","passName":"originality","message":"Gemini provider not available (GEMINI_API_KEY not set)"}
# {"time":"2026-08-05T02:28:53.399Z","level":"warn","msg":"revision_rewrite_failed","passName":"originality","message":"Gemini provider not available (GEMINI_API_KEY not set)"}
# {"time":"2026-08-05T02:28:53.402Z","level":"warn","msg":"revision_rewrite_failed","passName":"originality","message":"Gemini provider not available (GEMINI_API_KEY not set)"}
# {"time":"2026-08-05T02:28:53.406Z","level":"warn","msg":"revision_rewrite_failed","passName":"originality","message":"Gemini provider not available (GEMINI_API_KEY not set)"}
# {"time":"2026-08-05T02:28:53.407Z","level":"warn","msg":"revision_rewrite_failed","passName":"originality","message":"Gemini provider not available (GEMINI_API_KEY not set)"}
# {"time":"2026-08-05T02:28:53.409Z","level":"warn","msg":"revision_rewrite_failed","passName":"originality","message":"Gemini provider not available (GEMINI_API_KEY not set)"}
# {"time":"2026-08-05T02:28:53.414Z","level":"warn","msg":"revision_rewrite_failed","passName":"originality","message":"Gemini provider not available (GEMINI_API_KEY not set)"}
# {"time":"2026-08-05T02:28:53.417Z","level":"warn","msg":"revision_rewrite_failed","passName":"originality","message":"Gemini provider not available (GEMINI_API_KEY not set)"}
# {"time":"2026-08-05T02:28:53.419Z","level":"warn","msg":"revision_rewrite_failed","passName":"originality","message":"Gemini provider not available (GEMINI_API_KEY not set)"}
# {"time":"2026-08-05T02:28:53.421Z","level":"warn","msg":"revision_rewrite_failed","passName":"originality","message":"Gemini provider not available (GEMINI_API_KEY not set)"}
# {"time":"2026-08-05T02:28:53.422Z","level":"warn","msg":"revision_rewrite_failed","passName":"originality","message":"Gemini provider not available (GEMINI_API_KEY not set)"}
# {"time":"2026-08-05T02:28:53.424Z","level":"warn","msg":"revision_rewrite_failed","passName":"originality","message":"Gemini provider not available (GEMINI_API_KEY not set)"}
# {"time":"2026-08-05T02:28:53.428Z","level":"warn","msg":"revision_rewrite_failed","passName":"originality","message":"Gemini provider not available (GEMINI_API_KEY not set)"}
# {"time":"2026-08-05T02:28:53.430Z","level":"warn","msg":"revision_rewrite_failed","passName":"originality","message":"Gemini provider not available (GEMINI_API_KEY not set)"}
# {"time":"2026-08-05T02:28:53.432Z","level":"warn","msg":"revision_rewrite_failed","passName":"originality","message":"Gemini provider not available (GEMINI_API_KEY not set)"}
# {"time":"2026-08-05T02:28:53.436Z","level":"warn","msg":"revision_rewrite_failed","passName":"originality","message":"Gemini provider not available (GEMINI_API_KEY not set)"}
# {"time":"2026-08-05T02:28:53.437Z","level":"warn","msg":"revision_rewrite_failed","passName":"originality","message":"Gemini provider not available (GEMINI_API_KEY not set)"}
# {"time":"2026-08-05T02:28:53.440Z","level":"warn","msg":"revision_rewrite_failed","passName":"originality","message":"Gemini provider not available (GEMINI_API_KEY not set)"}
# {"time":"2026-08-05T02:28:53.443Z","level":"warn","msg":"revision_rewrite_failed","passName":"originality","message":"Gemini provider not available (GEMINI_API_KEY not set)"}
# {"time":"2026-08-05T02:28:53.445Z","level":"warn","msg":"revision_rewrite_failed","passName":"originality","message":"Gemini provider not available (GEMINI_API_KEY not set)"}
# {"time":"2026-08-05T02:28:53.447Z","level":"warn","msg":"revision_rewrite_failed","passName":"originality","message":"Gemini provider not available (GEMINI_API_KEY not set)"}
# {"time":"2026-08-05T02:28:53.449Z","level":"warn","msg":"revision_rewrite_failed","passName":"originality","message":"Gemini provider not available (GEMINI_API_KEY not set)"}
# {"time":"2026-08-05T02:28:53.453Z","level":"warn","msg":"revision_rewrite_failed","passName":"originality","message":"Gemini provider not available (GEMINI_API_KEY not set)"}
# {"time":"2026-08-05T02:28:53.456Z","level":"warn","msg":"revision_rewrite_failed","passName":"originality","message":"Gemini provider not available (GEMINI_API_KEY not set)"}
# {"time":"2026-08-05T02:28:53.459Z","level":"warn","msg":"revision_rewrite_failed","passName":"originality","message":"Gemini provider not available (GEMINI_API_KEY not set)"}
# {"time":"2026-08-05T02:28:53.461Z","level":"warn","msg":"revision_rewrite_failed","passName":"originality","message":"Gemini provider not available (GEMINI_API_KEY not set)"}
# {"time":"2026-08-05T02:28:53.463Z","level":"warn","msg":"revision_rewrite_failed","passName":"originality","message":"Gemini provider not available (GEMINI_API_KEY not set)"}
# {"time":"2026-08-05T02:28:53.465Z","level":"warn","msg":"revision_rewrite_failed","passName":"originality","message":"Gemini provider not available (GEMINI_API_KEY not set)"}
# {"time":"2026-08-05T02:28:53.469Z","level":"warn","msg":"revision_rewrite_failed","passName":"originality","message":"Gemini provider not available (GEMINI_API_KEY not set)"}
# {"time":"2026-08-05T02:28:53.471Z","level":"warn","msg":"revision_rewrite_failed","passName":"originality","message":"Gemini provider not available (GEMINI_API_KEY not set)"}
# {"time":"2026-08-05T02:28:53.473Z","level":"warn","msg":"revision_rewrite_failed","passName":"originality","message":"Gemini provider not available (GEMINI_API_KEY not set)"}
# {"time":"2026-08-05T02:28:53.478Z","level":"warn","msg":"revision_rewrite_failed","passName":"originality","message":"Gemini provider not available (GEMINI_API_KEY not set)"}
# {"time":"2026-08-05T02:28:53.481Z","level":"warn","msg":"revision_rewrite_failed","passName":"originality","message":"Gemini provider not available (GEMINI_API_KEY not set)"}
# {"time":"2026-08-05T02:28:53.483Z","level":"warn","msg":"revision_rewrite_failed","passName":"originality","message":"Gemini provider not available (GEMINI_API_KEY not set)"}
# {"time":"2026-08-05T02:28:53.485Z","level":"warn","msg":"revision_rewrite_failed","passName":"originality","message":"Gemini provider not available (GEMINI_API_KEY not set)"}
# {"time":"2026-08-05T02:28:53.487Z","level":"warn","msg":"revision_rewrite_failed","passName":"originality","message":"Gemini provider not available (GEMINI_API_KEY not set)"}
# {"time":"2026-08-05T02:28:53.490Z","level":"warn","msg":"revision_rewrite_failed","passName":"originality","message":"Gemini provider not available (GEMINI_API_KEY not set)"}
# {"time":"2026-08-05T02:28:53.493Z","level":"warn","msg":"revision_rewrite_failed","passName":"originality","message":"Gemini provider not available (GEMINI_API_KEY not set)"}
# {"time":"2026-08-05T02:28:53.494Z","level":"warn","msg":"revision_rewrite_failed","passName":"originality","message":"Gemini provider not available (GEMINI_API_KEY not set)"}
# {"time":"2026-08-05T02:28:53.497Z","level":"warn","msg":"revision_rewrite_failed","passName":"originality","message":"Gemini provider not available (GEMINI_API_KEY not set)"}
# {"time":"2026-08-05T02:28:53.499Z","level":"warn","msg":"revision_rewrite_failed","passName":"originality","message":"Gemini provider not available (GEMINI_API_KEY not set)"}
# {"time":"2026-08-05T02:28:53.502Z","level":"warn","msg":"revision_rewrite_failed","passName":"originality","message":"Gemini provider not available (GEMINI_API_KEY not set)"}
# {"time":"2026-08-05T02:28:53.504Z","level":"warn","msg":"revision_rewrite_failed","passName":"originality","message":"Gemini provider not available (GEMINI_API_KEY not set)"}
# {"time":"2026-08-05T02:28:53.505Z","level":"warn","msg":"revision_rewrite_failed","passName":"originality","message":"Gemini provider not available (GEMINI_API_KEY not set)"}
# {"time":"2026-08-05T02:28:53.507Z","level":"warn","msg":"revision_rewrite_failed","passName":"originality","message":"Gemini provider not available (GEMINI_API_KEY not set)"}
# {"time":"2026-08-05T02:28:53.510Z","level":"warn","msg":"revision_rewrite_failed","passName":"originality","message":"Gemini provider not available (GEMINI_API_KEY not set)"}
# {"time":"2026-08-05T02:28:53.512Z","level":"warn","msg":"revision_rewrite_failed","passName":"originality","message":"Gemini provider not available (GEMINI_API_KEY not set)"}
# {"time":"2026-08-05T02:28:53.514Z","level":"warn","msg":"revision_rewrite_failed","passName":"originality","message":"Gemini provider not available (GEMINI_API_KEY not set)"}
# {"time":"2026-08-05T02:28:53.516Z","level":"warn","msg":"revision_rewrite_failed","passName":"originality","message":"Gemini provider not available (GEMINI_API_KEY not set)"}
# {"time":"2026-08-05T02:28:53.518Z","level":"warn","msg":"revision_rewrite_failed","passName":"originality","message":"Gemini provider not available (GEMINI_API_KEY not set)"}
# {"time":"2026-08-05T02:28:53.519Z","level":"warn","msg":"revision_rewrite_failed","passName":"originality","message":"Gemini provider not available (GEMINI_API_KEY not set)"}
# {"time":"2026-08-05T02:28:53.521Z","level":"warn","msg":"revision_rewrite_failed","passName":"originality","message":"Gemini provider not available (GEMINI_API_KEY not set)"}
# {"time":"2026-08-05T02:28:53.522Z","level":"warn","msg":"revision_rewrite_failed","passName":"originality","message":"Gemini provider not available (GEMINI_API_KEY not set)"}
# {"time":"2026-08-05T02:28:53.523Z","level":"warn","msg":"revision_rewrite_failed","passName":"originality","message":"Gemini provider not available (GEMINI_API_KEY not set)"}
# {"time":"2026-08-05T02:28:53.525Z","level":"warn","msg":"revision_rewrite_failed","passName":"originality","message":"Gemini provider not available (GEMINI_API_KEY not set)"}
# {"time":"2026-08-05T02:28:53.526Z","level":"warn","msg":"revision_rewrite_failed","passName":"originality","message":"Gemini provider not available (GEMINI_API_KEY not set)"}
# {"time":"2026-08-05T02:28:53.527Z","level":"warn","msg":"revision_rewrite_failed","passName":"originality","message":"Gemini provider not available (GEMINI_API_KEY not set)"}
# {"time":"2026-08-05T02:28:53.529Z","level":"warn","msg":"revision_rewrite_failed","passName":"originality","message":"Gemini provider not available (GEMINI_API_KEY not set)"}
# {"time":"2026-08-05T02:28:53.530Z","level":"warn","msg":"revision_rewrite_failed","passName":"originality","message":"Gemini provider not available (GEMINI_API_KEY not set)"}
# {"time":"2026-08-05T02:28:53.532Z","level":"warn","msg":"revision_rewrite_failed","passName":"originality","message":"Gemini provider not available (GEMINI_API_KEY not set)"}
# {"time":"2026-08-05T02:28:53.534Z","level":"warn","msg":"revision_rewrite_failed","passName":"originality","message":"Gemini provider not available (GEMINI_API_KEY not set)"}
# {"time":"2026-08-05T02:28:53.540Z","level":"warn","msg":"revision_rewrite_failed","passName":"originality","message":"Gemini provider not available (GEMINI_API_KEY not set)"}
# {"time":"2026-08-05T02:28:53.545Z","level":"warn","msg":"revision_rewrite_failed","passName":"originality","message":"Gemini provider not available (GEMINI_API_KEY not set)"}
# {"time":"2026-08-05T02:28:53.547Z","level":"warn","msg":"revision_rewrite_failed","passName":"originality","message":"Gemini provider not available (GEMINI_API_KEY not set)"}
# {"time":"2026-08-05T02:28:53.550Z","level":"warn","msg":"revision_rewrite_failed","passName":"originality","message":"Gemini provider not available (GEMINI_API_KEY not set)"}
# {"time":"2026-08-05T02:28:53.552Z","level":"warn","msg":"revision_rewrite_failed","passName":"originality","message":"Gemini provider not available (GEMINI_API_KEY not set)"}
# {"time":"2026-08-05T02:28:53.554Z","level":"warn","msg":"revision_rewrite_failed","passName":"originality","message":"Gemini provider not available (GEMINI_API_KEY not set)"}
# {"time":"2026-08-05T02:28:53.555Z","level":"warn","msg":"revision_rewrite_failed","passName":"originality","message":"Gemini provider not available (GEMINI_API_KEY not set)"}
# {"time":"2026-08-05T02:28:53.557Z","level":"warn","msg":"revision_rewrite_failed","passName":"originality","message":"Gemini provider not available (GEMINI_API_KEY not set)"}
# {"time":"2026-08-05T02:28:53.560Z","level":"warn","msg":"revision_rewrite_failed","passName":"originality","message":"Gemini provider not available (GEMINI_API_KEY not set)"}
# {"time":"2026-08-05T02:28:53.562Z","level":"warn","msg":"revision_rewrite_failed","passName":"originality","message":"Gemini provider not available (GEMINI_API_KEY not set)"}
# {"time":"2026-08-05T02:28:53.565Z","level":"warn","msg":"revision_rewrite_failed","passName":"originality","message":"Gemini provider not available (GEMINI_API_KEY not set)"}
# {"time":"2026-08-05T02:28:53.567Z","level":"warn","msg":"revision_rewrite_failed","passName":"originality","message":"Gemini provider not available (GEMINI_API_KEY not set)"}
# {"time":"2026-08-05T02:28:53.570Z","level":"warn","msg":"revision_rewrite_failed","passName":"originality","message":"Gemini provider not available (GEMINI_API_KEY not set)"}
# {"time":"2026-08-05T02:28:53.573Z","level":"warn","msg":"revision_rewrite_failed","passName":"originality","message":"Gemini provider not available (GEMINI_API_KEY not set)"}
# {"time":"2026-08-05T02:28:53.574Z","level":"warn","msg":"revision_rewrite_failed","passName":"originality","message":"Gemini provider not available (GEMINI_API_KEY not set)"}
# {"time":"2026-08-05T02:28:53.576Z","level":"warn","msg":"revision_rewrite_failed","passName":"originality","message":"Gemini provider not available (GEMINI_API_KEY not set)"}
# {"time":"2026-08-05T02:28:53.577Z","level":"warn","msg":"revision_rewrite_failed","passName":"originality","message":"Gemini provider not available (GEMINI_API_KEY not set)"}
# {"time":"2026-08-05T02:28:53.578Z","level":"warn","msg":"revision_rewrite_failed","passName":"originality","message":"Gemini provider not available (GEMINI_API_KEY not set)"}
# {"time":"2026-08-05T02:28:53.581Z","level":"warn","msg":"revision_rewrite_failed","passName":"originality","message":"Gemini provider not available (GEMINI_API_KEY not set)"}
# {"time":"2026-08-05T02:28:53.583Z","level":"warn","msg":"revision_rewrite_failed","passName":"originality","message":"Gemini provider not available (GEMINI_API_KEY not set)"}
# {"time":"2026-08-05T02:28:53.584Z","level":"warn","msg":"revision_rewrite_failed","passName":"originality","message":"Gemini provider not available (GEMINI_API_KEY not set)"}
# {"time":"2026-08-05T02:28:53.586Z","level":"warn","msg":"revision_rewrite_failed","passName":"originality","message":"Gemini provider not available (GEMINI_API_KEY not set)"}
# {"time":"2026-08-05T02:28:53.588Z","level":"warn","msg":"revision_rewrite_failed","passName":"originality","message":"Gemini provider not available (GEMINI_API_KEY not set)"}
# {"time":"2026-08-05T02:28:53.589Z","level":"warn","msg":"revision_rewrite_failed","passName":"originality","message":"Gemini provider not available (GEMINI_API_KEY not set)"}
# {"time":"2026-08-05T02:28:53.592Z","level":"warn","msg":"revision_rewrite_failed","passName":"originality","message":"Gemini provider not available (GEMINI_API_KEY not set)"}
# {"time":"2026-08-05T02:28:53.598Z","level":"warn","msg":"revision_rewrite_failed","passName":"originality","message":"Gemini provider not available (GEMINI_API_KEY not set)"}
# {"time":"2026-08-05T02:28:53.601Z","level":"warn","msg":"revision_rewrite_failed","passName":"originality","message":"Gemini provider not available (GEMINI_API_KEY not set)"}
# {"time":"2026-08-05T02:28:53.602Z","level":"warn","msg":"revision_rewrite_failed","passName":"originality","message":"Gemini provider not available (GEMINI_API_KEY not set)"}
# {"time":"2026-08-05T02:28:53.614Z","level":"warn","msg":"revision_rewrite_failed","passName":"originality","message":"Gemini provider not available (GEMINI_API_KEY not set)"}
# {"time":"2026-08-05T02:28:53.616Z","level":"warn","msg":"revision_rewrite_failed","passName":"originality","message":"Gemini provider not available (GEMINI_API_KEY not set)"}
# {"time":"2026-08-05T02:28:53.617Z","level":"warn","msg":"revision_rewrite_failed","passName":"originality","message":"Gemini provider not available (GEMINI_API_KEY not set)"}
# {"time":"2026-08-05T02:28:53.620Z","level":"warn","msg":"revision_rewrite_failed","passName":"originality","message":"Gemini provider not available (GEMINI_API_KEY not set)"}
# {"time":"2026-08-05T02:28:53.622Z","level":"warn","msg":"revision_rewrite_failed","passName":"originality","message":"Gemini provider not available (GEMINI_API_KEY not set)"}
# {"time":"2026-08-05T02:28:53.624Z","level":"warn","msg":"revision_rewrite_failed","passName":"originality","message":"Gemini provider not available (GEMINI_API_KEY not set)"}
# {"time":"2026-08-05T02:28:53.625Z","level":"warn","msg":"revision_rewrite_failed","passName":"originality","message":"Gemini provider not available (GEMINI_API_KEY not set)"}
# {"time":"2026-08-05T02:28:53.626Z","level":"warn","msg":"revision_rewrite_failed","passName":"originality","message":"Gemini provider not available (GEMINI_API_KEY not set)"}
# {"time":"2026-08-05T02:28:53.628Z","level":"warn","msg":"revision_rewrite_failed","passName":"originality","message":"Gemini provider not available (GEMINI_API_KEY not set)"}
# {"time":"2026-08-05T02:28:53.630Z","level":"warn","msg":"revision_rewrite_failed","passName":"originality","message":"Gemini provider not available (GEMINI_API_KEY not set)"}
# {"time":"2026-08-05T02:28:53.632Z","level":"warn","msg":"revision_rewrite_failed","passName":"originality","message":"Gemini provider not available (GEMINI_API_KEY not set)"}
# {"time":"2026-08-05T02:28:53.633Z","level":"warn","msg":"revision_rewrite_failed","passName":"originality","message":"Gemini provider not available (GEMINI_API_KEY not set)"}
# {"time":"2026-08-05T02:28:53.635Z","level":"warn","msg":"revision_rewrite_failed","passName":"originality","message":"Gemini provider not available (GEMINI_API_KEY not set)"}
# {"time":"2026-08-05T02:28:53.637Z","level":"warn","msg":"revision_rewrite_failed","passName":"originality","message":"Gemini provider not available (GEMINI_API_KEY not set)"}
# {"time":"2026-08-05T02:28:53.639Z","level":"warn","msg":"revision_rewrite_failed","passName":"originality","message":"Gemini provider not available (GEMINI_API_KEY not set)"}
# {"time":"2026-08-05T02:28:53.640Z","level":"warn","msg":"revision_rewrite_failed","passName":"originality","message":"Gemini provider not available (GEMINI_API_KEY not set)"}
# {"time":"2026-08-05T02:28:53.641Z","level":"warn","msg":"revision_rewrite_failed","passName":"originality","message":"Gemini provider not available (GEMINI_API_KEY not set)"}
# {"time":"2026-08-05T02:28:53.642Z","level":"warn","msg":"revision_rewrite_failed","passName":"originality","message":"Gemini provider not available (GEMINI_API_KEY not set)"}
# {"time":"2026-08-05T02:28:53.643Z","level":"warn","msg":"revision_rewrite_failed","passName":"originality","message":"Gemini provider not available (GEMINI_API_KEY not set)"}
# {"time":"2026-08-05T02:28:53.645Z","level":"warn","msg":"revision_rewrite_failed","passName":"originality","message":"Gemini provider not available (GEMINI_API_KEY not set)"}
# {"time":"2026-08-05T02:28:53.647Z","level":"warn","msg":"revision_rewrite_failed","passName":"originality","message":"Gemini provider not available (GEMINI_API_KEY not set)"}
# {"time":"2026-08-05T02:28:53.648Z","level":"warn","msg":"revision_rewrite_failed","passName":"originality","message":"Gemini provider not available (GEMINI_API_KEY not set)"}
# {"time":"2026-08-05T02:28:53.650Z","level":"warn","msg":"revision_rewrite_failed","passName":"originality","message":"Gemini provider not available (GEMINI_API_KEY not set)"}
# {"time":"2026-08-05T02:28:53.651Z","level":"warn","msg":"revision_rewrite_failed","passName":"originality","message":"Gemini provider not available (GEMINI_API_KEY not set)"}
# {"time":"2026-08-05T02:28:53.653Z","level":"warn","msg":"revision_rewrite_failed","passName":"originality","message":"Gemini provider not available (GEMINI_API_KEY not set)"}
# {"time":"2026-08-05T02:28:53.655Z","level":"warn","msg":"revision_rewrite_failed","passName":"originality","message":"Gemini provider not available (GEMINI_API_KEY not set)"}
# {"time":"2026-08-05T02:28:53.657Z","level":"warn","msg":"revision_rewrite_failed","passName":"originality","message":"Gemini provider not available (GEMINI_API_KEY not set)"}
# {"time":"2026-08-05T02:28:53.659Z","level":"warn","msg":"revision_rewrite_failed","passName":"originality","message":"Gemini provider not available (GEMINI_API_KEY not set)"}
# {"time":"2026-08-05T02:28:53.661Z","level":"warn","msg":"revision_rewrite_failed","passName":"originality","message":"Gemini provider not available (GEMINI_API_KEY not set)"}
# {"time":"2026-08-05T02:28:53.663Z","level":"warn","msg":"revision_rewrite_failed","passName":"originality","message":"Gemini provider not available (GEMINI_API_KEY not set)"}
# {"time":"2026-08-05T02:28:53.665Z","level":"warn","msg":"revision_rewrite_failed","passName":"originality","message":"Gemini provider not available (GEMINI_API_KEY not set)"}
# {"time":"2026-08-05T02:28:53.666Z","level":"warn","msg":"revision_rewrite_failed","passName":"originality","message":"Gemini provider not available (GEMINI_API_KEY not set)"}
# {"time":"2026-08-05T02:28:53.668Z","level":"warn","msg":"revision_rewrite_failed","passName":"originality","message":"Gemini provider not available (GEMINI_API_KEY not set)"}
# {"time":"2026-08-05T02:28:53.671Z","level":"warn","msg":"revision_rewrite_failed","passName":"originality","message":"Gemini provider not available (GEMINI_API_KEY not set)"}
# {"time":"2026-08-05T02:28:53.673Z","level":"warn","msg":"revision_rewrite_failed","passName":"originality","message":"Gemini provider not available (GEMINI_API_KEY not set)"}
# {"time":"2026-08-05T02:28:53.675Z","level":"warn","msg":"revision_rewrite_failed","passName":"originality","message":"Gemini provider not available (GEMINI_API_KEY not set)"}
# {"time":"2026-08-05T02:28:53.679Z","level":"warn","msg":"revision_rewrite_failed","passName":"originality","message":"Gemini provider not available (GEMINI_API_KEY not set)"}
# {"time":"2026-08-05T02:28:53.685Z","level":"warn","msg":"revision_rewrite_failed","passName":"originality","message":"Gemini provider not available (GEMINI_API_KEY not set)"}
# {"time":"2026-08-05T02:28:53.687Z","level":"warn","msg":"revision_rewrite_failed","passName":"originality","message":"Gemini provider not available (GEMINI_API_KEY not set)"}
# {"time":"2026-08-05T02:28:53.689Z","level":"warn","msg":"revision_rewrite_failed","passName":"originality","message":"Gemini provider not available (GEMINI_API_KEY not set)"}
# {"time":"2026-08-05T02:28:53.691Z","level":"warn","msg":"revision_rewrite_failed","passName":"originality","message":"Gemini provider not available (GEMINI_API_KEY not set)"}
# {"time":"2026-08-05T02:28:53.693Z","level":"warn","msg":"revision_rewrite_failed","passName":"originality","message":"Gemini provider not available (GEMINI_API_KEY not set)"}
# {"time":"2026-08-05T02:28:53.694Z","level":"warn","msg":"revision_rewrite_failed","passName":"originality","message":"Gemini provider not available (GEMINI_API_KEY not set)"}
# {"time":"2026-08-05T02:28:53.696Z","level":"warn","msg":"revision_rewrite_failed","passName":"originality","message":"Gemini provider not available (GEMINI_API_KEY not set)"}
# {"time":"2026-08-05T02:28:53.698Z","level":"warn","msg":"revision_rewrite_failed","passName":"originality","message":"Gemini provider not available (GEMINI_API_KEY not set)"}
# {"time":"2026-08-05T02:28:53.699Z","level":"warn","msg":"revision_rewrite_failed","passName":"originality","message":"Gemini provider not available (GEMINI_API_KEY not set)"}
# {"time":"2026-08-05T02:28:53.701Z","level":"warn","msg":"revision_rewrite_failed","passName":"originality","message":"Gemini provider not available (GEMINI_API_KEY not set)"}
# {"time":"2026-08-05T02:28:53.702Z","level":"warn","msg":"revision_rewrite_failed","passName":"originality","message":"Gemini provider not available (GEMINI_API_KEY not set)"}
# {"time":"2026-08-05T02:28:53.704Z","level":"warn","msg":"revision_rewrite_failed","passName":"originality","message":"Gemini provider not available (GEMINI_API_KEY not set)"}
# {"time":"2026-08-05T02:28:53.706Z","level":"warn","msg":"revision_rewrite_failed","passName":"originality","message":"Gemini provider not available (GEMINI_API_KEY not set)"}
# {"time":"2026-08-05T02:28:53.707Z","level":"warn","msg":"revision_rewrite_failed","passName":"originality","message":"Gemini provider not available (GEMINI_API_KEY not set)"}
# {"time":"2026-08-05T02:28:53.709Z","level":"warn","msg":"revision_rewrite_failed","passName":"originality","message":"Gemini provider not available (GEMINI_API_KEY not set)"}
# {"time":"2026-08-05T02:28:53.711Z","level":"warn","msg":"revision_rewrite_failed","passName":"originality","message":"Gemini provider not available (GEMINI_API_KEY not set)"}
# {"time":"2026-08-05T02:28:53.713Z","level":"warn","msg":"revision_rewrite_failed","passName":"originality","message":"Gemini provider not available (GEMINI_API_KEY not set)"}
# {"time":"2026-08-05T02:28:53.714Z","level":"warn","msg":"revision_rewrite_failed","passName":"originality","message":"Gemini provider not available (GEMINI_API_KEY not set)"}
# {"time":"2026-08-05T02:28:53.716Z","level":"warn","msg":"revision_rewrite_failed","passName":"originality","message":"Gemini provider not available (GEMINI_API_KEY not set)"}
# {"time":"2026-08-05T02:28:53.717Z","level":"warn","msg":"revision_rewrite_failed","passName":"originality","message":"Gemini provider not available (GEMINI_API_KEY not set)"}
# {"time":"2026-08-05T02:28:53.719Z","level":"warn","msg":"revision_rewrite_failed","passName":"originality","message":"Gemini provider not available (GEMINI_API_KEY not set)"}
# {"time":"2026-08-05T02:28:53.722Z","level":"warn","msg":"revision_rewrite_failed","passName":"originality","message":"Gemini provider not available (GEMINI_API_KEY not set)"}
# {"time":"2026-08-05T02:28:53.723Z","level":"warn","msg":"revision_rewrite_failed","passName":"originality","message":"Gemini provider not available (GEMINI_API_KEY not set)"}
# {"time":"2026-08-05T02:28:53.725Z","level":"warn","msg":"revision_rewrite_failed","passName":"originality","message":"Gemini provider not available (GEMINI_API_KEY not set)"}
# {"time":"2026-08-05T02:28:53.726Z","level":"warn","msg":"revision_rewrite_failed","passName":"originality","message":"Gemini provider not available (GEMINI_API_KEY not set)"}
# {"time":"2026-08-05T02:28:53.728Z","level":"warn","msg":"revision_rewrite_failed","passName":"originality","message":"Gemini provider not available (GEMINI_API_KEY not set)"}
# {"time":"2026-08-05T02:28:53.730Z","level":"warn","msg":"revision_rewrite_failed","passName":"originality","message":"Gemini provider not available (GEMINI_API_KEY not set)"}
# {"time":"2026-08-05T02:28:53.733Z","level":"warn","msg":"revision_rewrite_failed","passName":"originality","message":"Gemini provider not available (GEMINI_API_KEY not set)"}
# {"time":"2026-08-05T02:28:53.734Z","level":"warn","msg":"revision_rewrite_failed","passName":"originality","message":"Gemini provider not available (GEMINI_API_KEY not set)"}
# {"time":"2026-08-05T02:28:53.735Z","level":"warn","msg":"revision_rewrite_failed","passName":"originality","message":"Gemini provider not available (GEMINI_API_KEY not set)"}
# {"time":"2026-08-05T02:28:53.737Z","level":"warn","msg":"revision_rewrite_failed","passName":"originality","message":"Gemini provider not available (GEMINI_API_KEY not set)"}
# {"time":"2026-08-05T02:28:53.738Z","level":"warn","msg":"revision_rewrite_failed","passName":"originality","message":"Gemini provider not available (GEMINI_API_KEY not set)"}
# {"time":"2026-08-05T02:28:53.739Z","level":"warn","msg":"revision_rewrite_failed","passName":"originality","message":"Gemini provider not available (GEMINI_API_KEY not set)"}
# {"time":"2026-08-05T02:28:53.741Z","level":"warn","msg":"revision_rewrite_failed","passName":"originality","message":"Gemini provider not available (GEMINI_API_KEY not set)"}
# {"time":"2026-08-05T02:28:53.742Z","level":"warn","msg":"revision_rewrite_failed","passName":"originality","message":"Gemini provider not available (GEMINI_API_KEY not set)"}
# {"time":"2026-08-05T02:28:53.743Z","level":"warn","msg":"revision_rewrite_failed","passName":"originality","message":"Gemini provider not available (GEMINI_API_KEY not set)"}
# {"time":"2026-08-05T02:28:53.746Z","level":"warn","msg":"revision_rewrite_failed","passName":"originality","message":"Gemini provider not available (GEMINI_API_KEY not set)"}
# {"time":"2026-08-05T02:28:53.747Z","level":"warn","msg":"revision_rewrite_failed","passName":"originality","message":"Gemini provider not available (GEMINI_API_KEY not set)"}
# {"time":"2026-08-05T02:28:53.749Z","level":"warn","msg":"revision_rewrite_failed","passName":"originality","message":"Gemini provider not available (GEMINI_API_KEY not set)"}
# {"time":"2026-08-05T02:28:53.756Z","level":"warn","msg":"revision_rewrite_failed","passName":"originality","message":"Gemini provider not available (GEMINI_API_KEY not set)"}
# {"time":"2026-08-05T02:28:53.758Z","level":"warn","msg":"revision_rewrite_failed","passName":"originality","message":"Gemini provider not available (GEMINI_API_KEY not set)"}
# {"time":"2026-08-05T02:28:53.760Z","level":"warn","msg":"revision_rewrite_failed","passName":"originality","message":"Gemini provider not available (GEMINI_API_KEY not set)"}
# {"time":"2026-08-05T02:28:53.761Z","level":"warn","msg":"revision_rewrite_failed","passName":"originality","message":"Gemini provider not available (GEMINI_API_KEY not set)"}
# {"time":"2026-08-05T02:28:53.762Z","level":"warn","msg":"revision_rewrite_failed","passName":"originality","message":"Gemini provider not available (GEMINI_API_KEY not set)"}
# {"time":"2026-08-05T02:28:53.765Z","level":"warn","msg":"revision_rewrite_failed","passName":"originality","message":"Gemini provider not available (GEMINI_API_KEY not set)"}
# Subtest: Wave 149 — originalityPass: arc telegraphed, intro clichés, sensory monotone
    # Subtest: originalityPass detects ARC_TELEGRAPHED when resolution is stated in opening
    ok 1 - originalityPass detects ARC_TELEGRAPHED when resolution is stated in opening
      ---
      duration_ms: 41.267124
      type: 'test'
      ...
    # Subtest: originalityPass does NOT fire ARC_TELEGRAPHED when opening is ambiguous
    ok 2 - originalityPass does NOT fire ARC_TELEGRAPHED when opening is ambiguous
      ---
      duration_ms: 7.413126
      type: 'test'
      ...
    # Subtest: originalityPass detects CHARACTER_INTRO_CLICHE for stereotyped character description
    ok 3 - originalityPass detects CHARACTER_INTRO_CLICHE for stereotyped character description
      ---
      duration_ms: 2.015654
      type: 'test'
      ...
    # Subtest: originalityPass detects SENSORY_MONOTONE for purely visual screenplay
    ok 4 - originalityPass detects SENSORY_MONOTONE for purely visual screenplay
      ---
      duration_ms: 5.432436
      type: 'test'
      ...
    # Subtest: originalityPass does NOT fire SENSORY_MONOTONE when sound/tactile cues present
    ok 5 - originalityPass does NOT fire SENSORY_MONOTONE when sound/tactile cues present
      ---
      duration_ms: 3.689841
      type: 'test'
      ...
    1..5
ok 1443 - Wave 149 — originalityPass: arc telegraphed, intro clichés, sensory monotone
  ---
  duration_ms: 61.735711
  type: 'suite'
  ...
# Subtest: Wave 163 — originalityPass: act3 monotone, reaction overuse, emotional plateau
    # Subtest: originalityPass detects SCENE_PURPOSE_MONOTONE_ACT3 when all Act 3 scenes same purpose
    ok 1 - originalityPass detects SCENE_PURPOSE_MONOTONE_ACT3 when all Act 3 scenes same purpose
      ---
      duration_ms: 8.232341
      type: 'test'
      ...
    # Subtest: originalityPass does NOT fire SCENE_PURPOSE_MONOTONE_ACT3 when Act 3 has varied purposes
    ok 2 - originalityPass does NOT fire SCENE_PURPOSE_MONOTONE_ACT3 when Act 3 has varied purposes
      ---
      duration_ms: 2.912522
      type: 'test'
      ...
    # Subtest: originalityPass detects REACTION_SHOT_OVERUSE when >30% of action lines are terse reactions
    ok 3 - originalityPass detects REACTION_SHOT_OVERUSE when >30% of action lines are terse reactions
      ---
      duration_ms: 4.059176
      type: 'test'
      ...
    # Subtest: originalityPass does NOT fire REACTION_SHOT_OVERUSE when action lines are specific
    ok 4 - originalityPass does NOT fire REACTION_SHOT_OVERUSE when action lines are specific
      ---
      duration_ms: 2.337703
      type: 'test'
      ...
    # Subtest: originalityPass detects EMOTIONAL_ARC_PLATEAU when all scenes are emotionally neutral
    ok 5 - originalityPass detects EMOTIONAL_ARC_PLATEAU when all scenes are emotionally neutral
      ---
      duration_ms: 2.602666
      type: 'test'
      ...
    # Subtest: originalityPass does NOT fire EMOTIONAL_ARC_PLATEAU when at least one scene has emotional shift
    ok 6 - originalityPass does NOT fire EMOTIONAL_ARC_PLATEAU when at least one scene has emotional shift
      ---
      duration_ms: 2.173545
      type: 'test'
      ...
    # Subtest: originalityPass does NOT fire EMOTIONAL_ARC_PLATEAU when every scene is neutral but two separate revelations surface
    ok 7 - originalityPass does NOT fire EMOTIONAL_ARC_PLATEAU when every scene is neutral but two separate revelations surface
      ---
      duration_ms: 12.125293
      type: 'test'
      ...
    # Subtest: originalityPass still fires EMOTIONAL_ARC_PLATEAU when every movement channel is flat, not just emotionalShift
    ok 8 - originalityPass still fires EMOTIONAL_ARC_PLATEAU when every movement channel is flat, not just emotionalShift
      ---
      duration_ms: 1.637622
      type: 'test'
      ...
    1..8
ok 1444 - Wave 163 — originalityPass: act3 monotone, reaction overuse, emotional plateau
  ---
  duration_ms: 36.846084
  type: 'suite'
  ...
# Subtest: Wave 176 — originalityPass: conjunction openings, ellipsis overuse, caps emphasis
    # Subtest: originalityPass detects OPENING_CONJUNCTION_OVERUSE when >25% of action lines open with a conjunction
    ok 1 - originalityPass detects OPENING_CONJUNCTION_OVERUSE when >25% of action lines open with a conjunction
      ---
      duration_ms: 1.427078
      type: 'test'
      ...
    # Subtest: originalityPass does NOT fire OPENING_CONJUNCTION_OVERUSE when openings are varied
    ok 2 - originalityPass does NOT fire OPENING_CONJUNCTION_OVERUSE when openings are varied
      ---
      duration_ms: 0.83814
      type: 'test'
      ...
    # Subtest: originalityPass detects ELLIPSIS_OVERUSE when >30% of content lines trail off
    ok 3 - originalityPass detects ELLIPSIS_OVERUSE when >30% of content lines trail off
      ---
      duration_ms: 1.456395
      type: 'test'
      ...
    # Subtest: originalityPass does NOT fire ELLIPSIS_OVERUSE when lines end on hard stops
    ok 4 - originalityPass does NOT fire ELLIPSIS_OVERUSE when lines end on hard stops
      ---
      duration_ms: 1.581133
      type: 'test'
      ...
    # Subtest: originalityPass detects CAPS_EMPHASIS_OVERUSE when >20% of action lines shout a caps word
    ok 5 - originalityPass detects CAPS_EMPHASIS_OVERUSE when >20% of action lines shout a caps word
      ---
      duration_ms: 1.307779
      type: 'test'
      ...
    # Subtest: originalityPass does NOT fire CAPS_EMPHASIS_OVERUSE when action prose is lowercase
    ok 6 - originalityPass does NOT fire CAPS_EMPHASIS_OVERUSE when action prose is lowercase
      ---
      duration_ms: 0.8687
      type: 'test'
      ...
    1..6
ok 1445 - Wave 176 — originalityPass: conjunction openings, ellipsis overuse, caps emphasis
  ---
  duration_ms: 7.865713
  type: 'suite'
  ...
# Subtest: Wave 191 — originalityPass: passive voice overload, interior monologue leak, repeated location
    # Subtest: originalityPass detects PASSIVE_VOICE_OVERLOAD when >25% of action lines are passive
    ok 1 - originalityPass detects PASSIVE_VOICE_OVERLOAD when >25% of action lines are passive
      ---
      duration_ms: 1.504678
      type: 'test'
      ...
    # Subtest: originalityPass does NOT fire PASSIVE_VOICE_OVERLOAD when action lines are active
    ok 2 - originalityPass does NOT fire PASSIVE_VOICE_OVERLOAD when action lines are active
      ---
      duration_ms: 0.939777
      type: 'test'
      ...
    # Subtest: originalityPass detects INTERIOR_MONOLOGUE_LEAK when >15% of action lines describe thoughts
    ok 3 - originalityPass detects INTERIOR_MONOLOGUE_LEAK when >15% of action lines describe thoughts
      ---
      duration_ms: 1.414493
      type: 'test'
      ...
    # Subtest: originalityPass does NOT fire INTERIOR_MONOLOGUE_LEAK when lines are observable
    ok 4 - originalityPass does NOT fire INTERIOR_MONOLOGUE_LEAK when lines are observable
      ---
      duration_ms: 1.232518
      type: 'test'
      ...
    # Subtest: originalityPass detects REPEATED_LOCATION_EXCESS when one location dominates scenes
    ok 5 - originalityPass detects REPEATED_LOCATION_EXCESS when one location dominates scenes
      ---
      duration_ms: 1.514627
      type: 'test'
      ...
    # Subtest: originalityPass does NOT fire REPEATED_LOCATION_EXCESS when locations are varied
    ok 6 - originalityPass does NOT fire REPEATED_LOCATION_EXCESS when locations are varied
      ---
      duration_ms: 1.414289
      type: 'test'
      ...
    1..6
ok 1446 - Wave 191 — originalityPass: passive voice overload, interior monologue leak, repeated location
  ---
  duration_ms: 8.312655
  type: 'suite'
  ...
# Subtest: Wave 231 — originalityPass: purpose bookend repeat, I-dominance, Act 3 action drought
    # Subtest: PURPOSE_BOOKEND_REPEAT fires when Act 1 and Act 3 share the same dominant purpose
    ok 1 - PURPOSE_BOOKEND_REPEAT fires when Act 1 and Act 3 share the same dominant purpose
      ---
      duration_ms: 2.932832
      type: 'test'
      ...
    # Subtest: PURPOSE_BOOKEND_REPEAT does NOT fire when Act 1 and Act 3 have different dominant purposes
    ok 2 - PURPOSE_BOOKEND_REPEAT does NOT fire when Act 1 and Act 3 have different dominant purposes
      ---
      duration_ms: 2.641561
      type: 'test'
      ...
    # Subtest: DIALOGUE_I_DOMINANCE fires when >40% of dialogue lines start with "I"
    ok 3 - DIALOGUE_I_DOMINANCE fires when >40% of dialogue lines start with "I"
      ---
      duration_ms: 1.724672
      type: 'test'
      ...
    # Subtest: DIALOGUE_I_DOMINANCE does NOT fire when I-starts are below 40%
    ok 4 - DIALOGUE_I_DOMINANCE does NOT fire when I-starts are below 40%
      ---
      duration_ms: 1.059134
      type: 'test'
      ...
    # Subtest: ACT3_ACTION_DROUGHT fires when Act 3 has far fewer action lines per scene than Act 1
    ok 5 - ACT3_ACTION_DROUGHT fires when Act 3 has far fewer action lines per scene than Act 1
      ---
      duration_ms: 2.934458
      type: 'test'
      ...
    # Subtest: ACT3_ACTION_DROUGHT does NOT fire when Act 3 has comparable action density to Act 1
    ok 6 - ACT3_ACTION_DROUGHT does NOT fire when Act 3 has comparable action density to Act 1
      ---
      duration_ms: 3.184533
      type: 'test'
      ...
    1..6
ok 1447 - Wave 231 — originalityPass: purpose bookend repeat, I-dominance, Act 3 action drought
  ---
  duration_ms: 14.917727
  type: 'suite'
  ...
# Subtest: Wave 1180 — originalityPass (distinct-mode pivot): originality suspense back-loaded, originality revelation front-loaded, originality seed back-loaded
    # Subtest: ORIGINALITY_SUSPENSE_BACK_LOADED fires when suspense-rising scenes concentrate in the back half
    ok 1 - ORIGINALITY_SUSPENSE_BACK_LOADED fires when suspense-rising scenes concentrate in the back half
      ---
      duration_ms: 3.987417
      type: 'test'
      ...
    # Subtest: ORIGINALITY_SUSPENSE_BACK_LOADED does not fire when suspense-rising scenes are evenly split across halves
    ok 2 - ORIGINALITY_SUSPENSE_BACK_LOADED does not fire when suspense-rising scenes are evenly split across halves
      ---
      duration_ms: 2.426697
      type: 'test'
      ...
    # Subtest: ORIGINALITY_REVELATION_FRONT_LOADED fires when revelation scenes concentrate in the front half
    ok 3 - ORIGINALITY_REVELATION_FRONT_LOADED fires when revelation scenes concentrate in the front half
      ---
      duration_ms: 2.339523
      type: 'test'
      ...
    # Subtest: ORIGINALITY_REVELATION_FRONT_LOADED does not fire when revelation scenes are evenly split across halves
    ok 4 - ORIGINALITY_REVELATION_FRONT_LOADED does not fire when revelation scenes are evenly split across halves
      ---
      duration_ms: 2.162779
      type: 'test'
      ...
    # Subtest: ORIGINALITY_SEED_BACK_LOADED fires when clue-planting scenes concentrate in the back half
    ok 5 - ORIGINALITY_SEED_BACK_LOADED fires when clue-planting scenes concentrate in the back half
      ---
      duration_ms: 2.365047
      type: 'test'
      ...
    # Subtest: ORIGINALITY_SEED_BACK_LOADED does not fire when clue-planting scenes are evenly split across halves
    ok 6 - ORIGINALITY_SEED_BACK_LOADED does not fire when clue-planting scenes are evenly split across halves
      ---
      duration_ms: 2.10282
      type: 'test'
      ...
    1..6
ok 1448 - Wave 1180 — originalityPass (distinct-mode pivot): originality suspense back-loaded, originality revelation front-loaded, originality seed back-loaded
  ---
  duration_ms: 15.755235
  type: 'suite'
  ...
# Subtest: Wave 1166 — originalityPass: originality revelation-dialogue-highlight aftermath void, originality turn-staging aftermath void, originality turn-dialogue-highlight aftermath void
    # Subtest: ORIGINALITY_REVELATION_DIALOGUE_HIGHLIGHT_AFTERMATH_VOID fires when every revelation is followed by two scenes with no highlighted dialogue
    ok 1 - ORIGINALITY_REVELATION_DIALOGUE_HIGHLIGHT_AFTERMATH_VOID fires when every revelation is followed by two scenes with no highlighted dialogue
      ---
      duration_ms: 13.272545
      type: 'test'
      ...
    # Subtest: ORIGINALITY_REVELATION_DIALOGUE_HIGHLIGHT_AFTERMATH_VOID does not fire when a revelation is followed by highlighted dialogue within its window
    ok 2 - ORIGINALITY_REVELATION_DIALOGUE_HIGHLIGHT_AFTERMATH_VOID does not fire when a revelation is followed by highlighted dialogue within its window
      ---
      duration_ms: 2.305617
      type: 'test'
      ...
    # Subtest: ORIGINALITY_TURN_STAGING_AFTERMATH_VOID fires when every dramatic turn is followed by two scenes with no heavily-staged scene
    ok 3 - ORIGINALITY_TURN_STAGING_AFTERMATH_VOID fires when every dramatic turn is followed by two scenes with no heavily-staged scene
      ---
      duration_ms: 4.028476
      type: 'test'
      ...
    # Subtest: ORIGINALITY_TURN_STAGING_AFTERMATH_VOID does not fire when a dramatic turn is followed by a heavily-staged scene within its window
    ok 4 - ORIGINALITY_TURN_STAGING_AFTERMATH_VOID does not fire when a dramatic turn is followed by a heavily-staged scene within its window
      ---
      duration_ms: 2.555052
      type: 'test'
      ...
    # Subtest: ORIGINALITY_TURN_DIALOGUE_HIGHLIGHT_AFTERMATH_VOID fires when every dramatic turn is followed by two scenes with no highlighted dialogue
    ok 5 - ORIGINALITY_TURN_DIALOGUE_HIGHLIGHT_AFTERMATH_VOID fires when every dramatic turn is followed by two scenes with no highlighted dialogue
      ---
      duration_ms: 2.215327
      type: 'test'
      ...
    # Subtest: ORIGINALITY_TURN_DIALOGUE_HIGHLIGHT_AFTERMATH_VOID does not fire when a dramatic turn is followed by highlighted dialogue within its window
    ok 6 - ORIGINALITY_TURN_DIALOGUE_HIGHLIGHT_AFTERMATH_VOID does not fire when a dramatic turn is followed by highlighted dialogue within its window
      ---
      duration_ms: 1.96865
      type: 'test'
      ...
    1..6
ok 1449 - Wave 1166 — originalityPass: originality revelation-dialogue-highlight aftermath void, originality turn-staging aftermath void, originality turn-dialogue-highlight aftermath void
  ---
  duration_ms: 26.665922
  type: 'suite'
  ...
# Subtest: Wave 1152 — originalityPass: originality revelation-relational aftermath void, originality turn-relational aftermath void, originality revelation-staging aftermath void
    # Subtest: ORIGINALITY_REVELATION_RELATIONAL_AFTERMATH_VOID fires when every revelation is followed by two scenes with no relationship shift
    ok 1 - ORIGINALITY_REVELATION_RELATIONAL_AFTERMATH_VOID fires when every revelation is followed by two scenes with no relationship shift
      ---
      duration_ms: 2.572562
      type: 'test'
      ...
    # Subtest: ORIGINALITY_REVELATION_RELATIONAL_AFTERMATH_VOID does not fire when a revelation is followed by a relationship shift within its window
    ok 2 - ORIGINALITY_REVELATION_RELATIONAL_AFTERMATH_VOID does not fire when a revelation is followed by a relationship shift within its window
      ---
      duration_ms: 2.154993
      type: 'test'
      ...
    # Subtest: ORIGINALITY_TURN_RELATIONAL_AFTERMATH_VOID fires when every dramatic turn is followed by two scenes with no relationship shift
    ok 3 - ORIGINALITY_TURN_RELATIONAL_AFTERMATH_VOID fires when every dramatic turn is followed by two scenes with no relationship shift
      ---
      duration_ms: 2.144231
      type: 'test'
      ...
    # Subtest: ORIGINALITY_TURN_RELATIONAL_AFTERMATH_VOID does not fire when a dramatic turn is followed by a relationship shift within its window
    ok 4 - ORIGINALITY_TURN_RELATIONAL_AFTERMATH_VOID does not fire when a dramatic turn is followed by a relationship shift within its window
      ---
      duration_ms: 2.120616
      type: 'test'
      ...
    # Subtest: ORIGINALITY_REVELATION_STAGING_AFTERMATH_VOID fires when every revelation is followed by two scenes with no heavily-staged scene
    ok 5 - ORIGINALITY_REVELATION_STAGING_AFTERMATH_VOID fires when every revelation is followed by two scenes with no heavily-staged scene
      ---
      duration_ms: 1.946
      type: 'test'
      ...
    # Subtest: ORIGINALITY_REVELATION_STAGING_AFTERMATH_VOID does not fire when a revelation is followed by a heavily-staged scene within its window
    ok 6 - ORIGINALITY_REVELATION_STAGING_AFTERMATH_VOID does not fire when a revelation is followed by a heavily-staged scene within its window
      ---
      duration_ms: 1.978252
      type: 'test'
      ...
    1..6
ok 1450 - Wave 1152 — originalityPass: originality revelation-relational aftermath void, originality turn-relational aftermath void, originality revelation-staging aftermath void
  ---
  duration_ms: 13.256684
  type: 'suite'
  ...
# Subtest: Wave 1138 — originalityPass: originality revelation-emotional aftermath void, originality turn-suspense aftermath void, originality turn-curiosity aftermath void
    # Subtest: ORIGINALITY_REVELATION_EMOTIONAL_AFTERMATH_VOID fires when every revelation is followed by two scenes with no emotional shift
    ok 1 - ORIGINALITY_REVELATION_EMOTIONAL_AFTERMATH_VOID fires when every revelation is followed by two scenes with no emotional shift
      ---
      duration_ms: 2.480407
      type: 'test'
      ...
    # Subtest: ORIGINALITY_REVELATION_EMOTIONAL_AFTERMATH_VOID does not fire when a revelation is followed by an emotional shift within its window
    ok 2 - ORIGINALITY_REVELATION_EMOTIONAL_AFTERMATH_VOID does not fire when a revelation is followed by an emotional shift within its window
      ---
      duration_ms: 2.072179
      type: 'test'
      ...
    # Subtest: ORIGINALITY_TURN_SUSPENSE_AFTERMATH_VOID fires when every dramatic turn is followed by two scenes with no suspense rise
    ok 3 - ORIGINALITY_TURN_SUSPENSE_AFTERMATH_VOID fires when every dramatic turn is followed by two scenes with no suspense rise
      ---
      duration_ms: 1.977989
      type: 'test'
      ...
    # Subtest: ORIGINALITY_TURN_SUSPENSE_AFTERMATH_VOID does not fire when a dramatic turn is followed by a suspense rise within its window
    ok 4 - ORIGINALITY_TURN_SUSPENSE_AFTERMATH_VOID does not fire when a dramatic turn is followed by a suspense rise within its window
      ---
      duration_ms: 1.930658
      type: 'test'
      ...
    # Subtest: ORIGINALITY_TURN_CURIOSITY_AFTERMATH_VOID fires when every dramatic turn is followed by two scenes with no curiosity rise
    ok 5 - ORIGINALITY_TURN_CURIOSITY_AFTERMATH_VOID fires when every dramatic turn is followed by two scenes with no curiosity rise
      ---
      duration_ms: 1.888189
      type: 'test'
      ...
    # Subtest: ORIGINALITY_TURN_CURIOSITY_AFTERMATH_VOID does not fire when a dramatic turn is followed by a curiosity rise within its window
    ok 6 - ORIGINALITY_TURN_CURIOSITY_AFTERMATH_VOID does not fire when a dramatic turn is followed by a curiosity rise within its window
      ---
      duration_ms: 2.008832
      type: 'test'
      ...
    1..6
ok 1451 - Wave 1138 — originalityPass: originality revelation-emotional aftermath void, originality turn-suspense aftermath void, originality turn-curiosity aftermath void
  ---
  duration_ms: 12.718345
  type: 'suite'
  ...
# Subtest: Wave 1124 — originalityPass: originality revelation-curiosity aftermath void, originality revelation-suspense aftermath void, originality turn-emotional aftermath void
    # Subtest: ORIGINALITY_REVELATION_CURIOSITY_AFTERMATH_VOID fires when every revelation is followed by two scenes with no curiosity rise
    ok 1 - ORIGINALITY_REVELATION_CURIOSITY_AFTERMATH_VOID fires when every revelation is followed by two scenes with no curiosity rise
      ---
      duration_ms: 2.529278
      type: 'test'
      ...
    # Subtest: ORIGINALITY_REVELATION_CURIOSITY_AFTERMATH_VOID does not fire when a revelation is followed by a curiosity rise within its window
    ok 2 - ORIGINALITY_REVELATION_CURIOSITY_AFTERMATH_VOID does not fire when a revelation is followed by a curiosity rise within its window
      ---
      duration_ms: 2.071953
      type: 'test'
      ...
    # Subtest: ORIGINALITY_REVELATION_SUSPENSE_AFTERMATH_VOID fires when every revelation is followed by two scenes with no suspense rise
    ok 3 - ORIGINALITY_REVELATION_SUSPENSE_AFTERMATH_VOID fires when every revelation is followed by two scenes with no suspense rise
      ---
      duration_ms: 2.052577
      type: 'test'
      ...
    # Subtest: ORIGINALITY_REVELATION_SUSPENSE_AFTERMATH_VOID does not fire when a revelation is followed by a suspense rise within its window
    ok 4 - ORIGINALITY_REVELATION_SUSPENSE_AFTERMATH_VOID does not fire when a revelation is followed by a suspense rise within its window
      ---
      duration_ms: 1.953379
      type: 'test'
      ...
    # Subtest: ORIGINALITY_TURN_EMOTIONAL_AFTERMATH_VOID fires when every dramatic turn is followed by two scenes with no emotional shift
    ok 5 - ORIGINALITY_TURN_EMOTIONAL_AFTERMATH_VOID fires when every dramatic turn is followed by two scenes with no emotional shift
      ---
      duration_ms: 2.859701
      type: 'test'
      ...
    # Subtest: ORIGINALITY_TURN_EMOTIONAL_AFTERMATH_VOID does not fire when a dramatic turn is followed by an emotional shift within its window
    ok 6 - ORIGINALITY_TURN_EMOTIONAL_AFTERMATH_VOID does not fire when a dramatic turn is followed by an emotional shift within its window
      ---
      duration_ms: 2.100525
      type: 'test'
      ...
    1..6
ok 1452 - Wave 1124 — originalityPass: originality revelation-curiosity aftermath void, originality revelation-suspense aftermath void, originality turn-emotional aftermath void
  ---
  duration_ms: 13.869021
  type: 'suite'
  ...
# Subtest: Wave 1110 — originalityPass: originality payoff-staging aftermath void, originality open-thread-relational aftermath void, originality open-thread-staging aftermath void
    # Subtest: ORIGINALITY_PAYOFF_STAGING_AFTERMATH_VOID fires when every payoff is followed by two scenes with no visually dense scene
    ok 1 - ORIGINALITY_PAYOFF_STAGING_AFTERMATH_VOID fires when every payoff is followed by two scenes with no visually dense scene
      ---
      duration_ms: 2.450947
      type: 'test'
      ...
    # Subtest: ORIGINALITY_PAYOFF_STAGING_AFTERMATH_VOID does not fire when a payoff is followed by a visually dense scene within its window
    ok 2 - ORIGINALITY_PAYOFF_STAGING_AFTERMATH_VOID does not fire when a payoff is followed by a visually dense scene within its window
      ---
      duration_ms: 2.141447
      type: 'test'
      ...
    # Subtest: ORIGINALITY_OPEN_THREAD_RELATIONAL_AFTERMATH_VOID fires when every heavy clue-debt scene is followed by two scenes with no relationship shift
    ok 3 - ORIGINALITY_OPEN_THREAD_RELATIONAL_AFTERMATH_VOID fires when every heavy clue-debt scene is followed by two scenes with no relationship shift
      ---
      duration_ms: 2.071231
      type: 'test'
      ...
    # Subtest: ORIGINALITY_OPEN_THREAD_RELATIONAL_AFTERMATH_VOID does not fire when a heavy clue-debt scene is followed by a relationship shift within its window
    ok 4 - ORIGINALITY_OPEN_THREAD_RELATIONAL_AFTERMATH_VOID does not fire when a heavy clue-debt scene is followed by a relationship shift within its window
      ---
      duration_ms: 4.610797
      type: 'test'
      ...
    # Subtest: ORIGINALITY_OPEN_THREAD_STAGING_AFTERMATH_VOID fires when every heavy clue-debt scene is followed by two scenes with no visually dense scene
    ok 5 - ORIGINALITY_OPEN_THREAD_STAGING_AFTERMATH_VOID fires when every heavy clue-debt scene is followed by two scenes with no visually dense scene
      ---
      duration_ms: 2.062326
      type: 'test'
      ...
    # Subtest: ORIGINALITY_OPEN_THREAD_STAGING_AFTERMATH_VOID does not fire when a heavy clue-debt scene is followed by a visually dense scene within its window
    ok 6 - ORIGINALITY_OPEN_THREAD_STAGING_AFTERMATH_VOID does not fire when a heavy clue-debt scene is followed by a visually dense scene within its window
      ---
      duration_ms: 1.905622
      type: 'test'
      ...
    1..6
ok 1453 - Wave 1110 — originalityPass: originality payoff-staging aftermath void, originality open-thread-relational aftermath void, originality open-thread-staging aftermath void
  ---
  duration_ms: 15.579332
  type: 'suite'
  ...
# Subtest: Wave 1096 — originalityPass: originality clock-staging aftermath void, originality seed-staging aftermath void, originality payoff-dialogue-highlight aftermath void
    # Subtest: ORIGINALITY_CLOCK_STAGING_AFTERMATH_VOID fires when every clock-raise is followed by two scenes with no visually dense scene
    ok 1 - ORIGINALITY_CLOCK_STAGING_AFTERMATH_VOID fires when every clock-raise is followed by two scenes with no visually dense scene
      ---
      duration_ms: 2.452075
      type: 'test'
      ...
    # Subtest: ORIGINALITY_CLOCK_STAGING_AFTERMATH_VOID does not fire when a clock-raise is followed by a visually dense scene within its window
    ok 2 - ORIGINALITY_CLOCK_STAGING_AFTERMATH_VOID does not fire when a clock-raise is followed by a visually dense scene within its window
      ---
      duration_ms: 2.036204
      type: 'test'
      ...
    # Subtest: ORIGINALITY_SEED_STAGING_AFTERMATH_VOID fires when every seed is followed by two scenes with no visually dense scene
    ok 3 - ORIGINALITY_SEED_STAGING_AFTERMATH_VOID fires when every seed is followed by two scenes with no visually dense scene
      ---
      duration_ms: 8.436463
      type: 'test'
      ...
    # Subtest: ORIGINALITY_SEED_STAGING_AFTERMATH_VOID does not fire when a seed is followed by a visually dense scene within its window
    ok 4 - ORIGINALITY_SEED_STAGING_AFTERMATH_VOID does not fire when a seed is followed by a visually dense scene within its window
      ---
      duration_ms: 2.281754
      type: 'test'
      ...
    # Subtest: ORIGINALITY_PAYOFF_DIALOGUE_HIGHLIGHT_AFTERMATH_VOID fires when every payoff is followed by two scenes with no highlighted dialogue
    ok 5 - ORIGINALITY_PAYOFF_DIALOGUE_HIGHLIGHT_AFTERMATH_VOID fires when every payoff is followed by two scenes with no highlighted dialogue
      ---
      duration_ms: 2.029316
      type: 'test'
      ...
    # Subtest: ORIGINALITY_PAYOFF_DIALOGUE_HIGHLIGHT_AFTERMATH_VOID does not fire when a payoff is followed by highlighted dialogue within its window
    ok 6 - ORIGINALITY_PAYOFF_DIALOGUE_HIGHLIGHT_AFTERMATH_VOID does not fire when a payoff is followed by highlighted dialogue within its window
      ---
      duration_ms: 1.971523
      type: 'test'
      ...
    1..6
ok 1454 - Wave 1096 — originalityPass: originality clock-staging aftermath void, originality seed-staging aftermath void, originality payoff-dialogue-highlight aftermath void
  ---
  duration_ms: 19.496339
  type: 'suite'
  ...
# Subtest: Wave 1082 — originalityPass: originality stakes-staging aftermath void, originality clock-dialogue-highlight aftermath void, originality seed-dialogue-highlight aftermath void
    # Subtest: ORIGINALITY_STAKES_STAGING_AFTERMATH_VOID fires when every stakes-raise is followed by two scenes with no visually dense scene
    ok 1 - ORIGINALITY_STAKES_STAGING_AFTERMATH_VOID fires when every stakes-raise is followed by two scenes with no visually dense scene
      ---
      duration_ms: 2.618957
      type: 'test'
      ...
    # Subtest: ORIGINALITY_STAKES_STAGING_AFTERMATH_VOID does not fire when a stakes-raise is followed by a visually dense scene within its window
    ok 2 - ORIGINALITY_STAKES_STAGING_AFTERMATH_VOID does not fire when a stakes-raise is followed by a visually dense scene within its window
      ---
      duration_ms: 2.007728
      type: 'test'
      ...
    # Subtest: ORIGINALITY_CLOCK_DIALOGUE_HIGHLIGHT_AFTERMATH_VOID fires when every clock-raise is followed by two scenes with no highlighted dialogue
    ok 3 - ORIGINALITY_CLOCK_DIALOGUE_HIGHLIGHT_AFTERMATH_VOID fires when every clock-raise is followed by two scenes with no highlighted dialogue
      ---
      duration_ms: 2.040817
      type: 'test'
      ...
    # Subtest: ORIGINALITY_CLOCK_DIALOGUE_HIGHLIGHT_AFTERMATH_VOID does not fire when a clock-raise is followed by highlighted dialogue within its window
    ok 4 - ORIGINALITY_CLOCK_DIALOGUE_HIGHLIGHT_AFTERMATH_VOID does not fire when a clock-raise is followed by highlighted dialogue within its window
      ---
      duration_ms: 2.025529
      type: 'test'
      ...
    # Subtest: ORIGINALITY_SEED_DIALOGUE_HIGHLIGHT_AFTERMATH_VOID fires when every seed is followed by two scenes with no highlighted dialogue
    ok 5 - ORIGINALITY_SEED_DIALOGUE_HIGHLIGHT_AFTERMATH_VOID fires when every seed is followed by two scenes with no highlighted dialogue
      ---
      duration_ms: 1.925139
      type: 'test'
      ...
    # Subtest: ORIGINALITY_SEED_DIALOGUE_HIGHLIGHT_AFTERMATH_VOID does not fire when a seed is followed by highlighted dialogue within its window
    ok 6 - ORIGINALITY_SEED_DIALOGUE_HIGHLIGHT_AFTERMATH_VOID does not fire when a seed is followed by highlighted dialogue within its window
      ---
      duration_ms: 1.993575
      type: 'test'
      ...
    1..6
ok 1455 - Wave 1082 — originalityPass: originality stakes-staging aftermath void, originality clock-dialogue-highlight aftermath void, originality seed-dialogue-highlight aftermath void
  ---
  duration_ms: 12.882459
  type: 'suite'
  ...
# Subtest: Wave 1068 — originalityPass: originality payoff-relational aftermath void, originality open-thread-emotional aftermath void, originality stakes-dialogue-highlight aftermath void
    # Subtest: ORIGINALITY_PAYOFF_RELATIONAL_AFTERMATH_VOID fires when every payoff is followed by two scenes with no relationship shift
    ok 1 - ORIGINALITY_PAYOFF_RELATIONAL_AFTERMATH_VOID fires when every payoff is followed by two scenes with no relationship shift
      ---
      duration_ms: 2.328048
      type: 'test'
      ...
    # Subtest: ORIGINALITY_PAYOFF_RELATIONAL_AFTERMATH_VOID does not fire when a payoff is followed by a relationship shift within its window
    ok 2 - ORIGINALITY_PAYOFF_RELATIONAL_AFTERMATH_VOID does not fire when a payoff is followed by a relationship shift within its window
      ---
      duration_ms: 2.027079
      type: 'test'
      ...
    # Subtest: ORIGINALITY_OPEN_THREAD_EMOTIONAL_AFTERMATH_VOID fires when every heavy clue-debt scene is followed by two scenes with no emotional shift
    ok 3 - ORIGINALITY_OPEN_THREAD_EMOTIONAL_AFTERMATH_VOID fires when every heavy clue-debt scene is followed by two scenes with no emotional shift
      ---
      duration_ms: 2.006314
      type: 'test'
      ...
    # Subtest: ORIGINALITY_OPEN_THREAD_EMOTIONAL_AFTERMATH_VOID does not fire when a heavy clue-debt scene is followed by an emotional shift within its window
    ok 4 - ORIGINALITY_OPEN_THREAD_EMOTIONAL_AFTERMATH_VOID does not fire when a heavy clue-debt scene is followed by an emotional shift within its window
      ---
      duration_ms: 1.965736
      type: 'test'
      ...
    # Subtest: ORIGINALITY_STAKES_DIALOGUE_HIGHLIGHT_AFTERMATH_VOID fires when every stakes-raise is followed by two scenes with no highlighted dialogue
    ok 5 - ORIGINALITY_STAKES_DIALOGUE_HIGHLIGHT_AFTERMATH_VOID fires when every stakes-raise is followed by two scenes with no highlighted dialogue
      ---
      duration_ms: 1.978597
      type: 'test'
      ...
    # Subtest: ORIGINALITY_STAKES_DIALOGUE_HIGHLIGHT_AFTERMATH_VOID does not fire when a stakes-raise is followed by highlighted dialogue within its window
    ok 6 - ORIGINALITY_STAKES_DIALOGUE_HIGHLIGHT_AFTERMATH_VOID does not fire when a stakes-raise is followed by highlighted dialogue within its window
      ---
      duration_ms: 2.158934
      type: 'test'
      ...
    1..6
ok 1456 - Wave 1068 — originalityPass: originality payoff-relational aftermath void, originality open-thread-emotional aftermath void, originality stakes-dialogue-highlight aftermath void
  ---
  duration_ms: 12.782777
  type: 'suite'
  ...
# Subtest: Wave 1054 — originalityPass: originality open-thread-suspense aftermath void, originality clock-suspense aftermath void, originality seed-relational aftermath void
    # Subtest: ORIGINALITY_OPEN_THREAD_SUSPENSE_AFTERMATH_VOID fires when every heavy clue-debt scene is followed by two scenes with no suspense rise
    ok 1 - ORIGINALITY_OPEN_THREAD_SUSPENSE_AFTERMATH_VOID fires when every heavy clue-debt scene is followed by two scenes with no suspense rise
      ---
      duration_ms: 2.502022
      type: 'test'
      ...
    # Subtest: ORIGINALITY_OPEN_THREAD_SUSPENSE_AFTERMATH_VOID does not fire when a heavy clue-debt scene is followed by a suspense rise within its window
    ok 2 - ORIGINALITY_OPEN_THREAD_SUSPENSE_AFTERMATH_VOID does not fire when a heavy clue-debt scene is followed by a suspense rise within its window
      ---
      duration_ms: 2.151694
      type: 'test'
      ...
    # Subtest: ORIGINALITY_CLOCK_SUSPENSE_AFTERMATH_VOID fires when every clock-raise is followed by two scenes with no suspense rise
    ok 3 - ORIGINALITY_CLOCK_SUSPENSE_AFTERMATH_VOID fires when every clock-raise is followed by two scenes with no suspense rise
      ---
      duration_ms: 2.009829
      type: 'test'
      ...
    # Subtest: ORIGINALITY_CLOCK_SUSPENSE_AFTERMATH_VOID does not fire when a clock-raise is followed by a suspense rise within its window
    ok 4 - ORIGINALITY_CLOCK_SUSPENSE_AFTERMATH_VOID does not fire when a clock-raise is followed by a suspense rise within its window
      ---
      duration_ms: 2.041705
      type: 'test'
      ...
    # Subtest: ORIGINALITY_SEED_RELATIONAL_AFTERMATH_VOID fires when every seed is followed by two scenes with no relationship shift
    ok 5 - ORIGINALITY_SEED_RELATIONAL_AFTERMATH_VOID fires when every seed is followed by two scenes with no relationship shift
      ---
      duration_ms: 2.024961
      type: 'test'
      ...
    # Subtest: ORIGINALITY_SEED_RELATIONAL_AFTERMATH_VOID does not fire when a seed is followed by a relationship shift within its window
    ok 6 - ORIGINALITY_SEED_RELATIONAL_AFTERMATH_VOID does not fire when a seed is followed by a relationship shift within its window
      ---
      duration_ms: 2.087724
      type: 'test'
      ...
    1..6
ok 1457 - Wave 1054 — originalityPass: originality open-thread-suspense aftermath void, originality clock-suspense aftermath void, originality seed-relational aftermath void
  ---
  duration_ms: 13.130285
  type: 'suite'
  ...
# Subtest: Wave 1040 — originalityPass: originality clock-curiosity aftermath void, originality seed-emotional aftermath void, originality payoff-suspense aftermath void
    # Subtest: ORIGINALITY_CLOCK_CURIOSITY_AFTERMATH_VOID fires when every clock-raise is followed by two scenes with no curiosity rise
    ok 1 - ORIGINALITY_CLOCK_CURIOSITY_AFTERMATH_VOID fires when every clock-raise is followed by two scenes with no curiosity rise
      ---
      duration_ms: 4.74646
      type: 'test'
      ...
    # Subtest: ORIGINALITY_CLOCK_CURIOSITY_AFTERMATH_VOID does not fire when a clock-raise is followed by a curiosity rise within its window
    ok 2 - ORIGINALITY_CLOCK_CURIOSITY_AFTERMATH_VOID does not fire when a clock-raise is followed by a curiosity rise within its window
      ---
      duration_ms: 2.519622
      type: 'test'
      ...
    # Subtest: ORIGINALITY_SEED_EMOTIONAL_AFTERMATH_VOID fires when every seed is followed by two scenes with no emotional shift
    ok 3 - ORIGINALITY_SEED_EMOTIONAL_AFTERMATH_VOID fires when every seed is followed by two scenes with no emotional shift
      ---
      duration_ms: 1.904767
      type: 'test'
      ...
    # Subtest: ORIGINALITY_SEED_EMOTIONAL_AFTERMATH_VOID does not fire when a seed is followed by an emotional shift within its window
    ok 4 - ORIGINALITY_SEED_EMOTIONAL_AFTERMATH_VOID does not fire when a seed is followed by an emotional shift within its window
      ---
      duration_ms: 1.906108
      type: 'test'
      ...
    # Subtest: ORIGINALITY_PAYOFF_SUSPENSE_AFTERMATH_VOID fires when every payoff is followed by two scenes with no suspense rise
    ok 5 - ORIGINALITY_PAYOFF_SUSPENSE_AFTERMATH_VOID fires when every payoff is followed by two scenes with no suspense rise
      ---
      duration_ms: 2.075977
      type: 'test'
      ...
    # Subtest: ORIGINALITY_PAYOFF_SUSPENSE_AFTERMATH_VOID does not fire when a payoff is followed by a suspense rise within its window
    ok 6 - ORIGINALITY_PAYOFF_SUSPENSE_AFTERMATH_VOID does not fire when a payoff is followed by a suspense rise within its window
      ---
      duration_ms: 1.830413
      type: 'test'
      ...
    1..6
ok 1458 - Wave 1040 — originalityPass: originality clock-curiosity aftermath void, originality seed-emotional aftermath void, originality payoff-suspense aftermath void
  ---
  duration_ms: 15.341328
  type: 'suite'
  ...
# Subtest: Wave 1026 — originalityPass: originality stakes-emotional aftermath void, originality seed-suspense aftermath void, originality payoff-curiosity aftermath void
    # Subtest: ORIGINALITY_STAKES_EMOTIONAL_AFTERMATH_VOID fires when every stakes-raise is followed by two scenes with no emotional shift
    ok 1 - ORIGINALITY_STAKES_EMOTIONAL_AFTERMATH_VOID fires when every stakes-raise is followed by two scenes with no emotional shift
      ---
      duration_ms: 2.385445
      type: 'test'
      ...
    # Subtest: ORIGINALITY_STAKES_EMOTIONAL_AFTERMATH_VOID does not fire when a stakes-raise is followed by an emotional shift within its window
    ok 2 - ORIGINALITY_STAKES_EMOTIONAL_AFTERMATH_VOID does not fire when a stakes-raise is followed by an emotional shift within its window
      ---
      duration_ms: 1.908151
      type: 'test'
      ...
    # Subtest: ORIGINALITY_SEED_SUSPENSE_AFTERMATH_VOID fires when every seed is followed by two scenes with no suspense rise
    ok 3 - ORIGINALITY_SEED_SUSPENSE_AFTERMATH_VOID fires when every seed is followed by two scenes with no suspense rise
      ---
      duration_ms: 2.169972
      type: 'test'
      ...
    # Subtest: ORIGINALITY_SEED_SUSPENSE_AFTERMATH_VOID does not fire when a seed is followed by a suspense rise within its window
    ok 4 - ORIGINALITY_SEED_SUSPENSE_AFTERMATH_VOID does not fire when a seed is followed by a suspense rise within its window
      ---
      duration_ms: 1.940272
      type: 'test'
      ...
    # Subtest: ORIGINALITY_PAYOFF_CURIOSITY_AFTERMATH_VOID fires when every payoff is followed by two scenes with no curiosity rise
    ok 5 - ORIGINALITY_PAYOFF_CURIOSITY_AFTERMATH_VOID fires when every payoff is followed by two scenes with no curiosity rise
      ---
      duration_ms: 2.004335
      type: 'test'
      ...
    # Subtest: ORIGINALITY_PAYOFF_CURIOSITY_AFTERMATH_VOID does not fire when a payoff is followed by a curiosity rise within its window
    ok 6 - ORIGINALITY_PAYOFF_CURIOSITY_AFTERMATH_VOID does not fire when a payoff is followed by a curiosity rise within its window
      ---
      duration_ms: 2.157143
      type: 'test'
      ...
    1..6
ok 1459 - Wave 1026 — originalityPass: originality stakes-emotional aftermath void, originality seed-suspense aftermath void, originality payoff-curiosity aftermath void
  ---
  duration_ms: 12.838027
  type: 'suite'
  ...
# Subtest: Wave 1012 — originalityPass: originality open-thread-curiosity aftermath void, originality clock-emotional aftermath void, originality stakes-relational aftermath void
    # Subtest: ORIGINALITY_OPEN_THREAD_CURIOSITY_AFTERMATH_VOID fires when every heavy clue-debt scene is followed by two scenes with no new curiosity
    ok 1 - ORIGINALITY_OPEN_THREAD_CURIOSITY_AFTERMATH_VOID fires when every heavy clue-debt scene is followed by two scenes with no new curiosity
      ---
      duration_ms: 2.66718
      type: 'test'
      ...
    # Subtest: ORIGINALITY_OPEN_THREAD_CURIOSITY_AFTERMATH_VOID does not fire when a heavy clue-debt scene is followed by new curiosity within its window
    ok 2 - ORIGINALITY_OPEN_THREAD_CURIOSITY_AFTERMATH_VOID does not fire when a heavy clue-debt scene is followed by new curiosity within its window
      ---
      duration_ms: 1.982438
      type: 'test'
      ...
    # Subtest: ORIGINALITY_CLOCK_EMOTIONAL_AFTERMATH_VOID fires when every clock-raise is followed by two scenes with no emotional shift
    ok 3 - ORIGINALITY_CLOCK_EMOTIONAL_AFTERMATH_VOID fires when every clock-raise is followed by two scenes with no emotional shift
      ---
      duration_ms: 2.05313
      type: 'test'
      ...
    # Subtest: ORIGINALITY_CLOCK_EMOTIONAL_AFTERMATH_VOID does not fire when a clock-raise is followed by an emotional shift within its window
    ok 4 - ORIGINALITY_CLOCK_EMOTIONAL_AFTERMATH_VOID does not fire when a clock-raise is followed by an emotional shift within its window
      ---
      duration_ms: 1.883987
      type: 'test'
      ...
    # Subtest: ORIGINALITY_STAKES_RELATIONAL_AFTERMATH_VOID fires when every stakes-raise is followed by two scenes with no relationship shift
    ok 5 - ORIGINALITY_STAKES_RELATIONAL_AFTERMATH_VOID fires when every stakes-raise is followed by two scenes with no relationship shift
      ---
      duration_ms: 2.241581
      type: 'test'
      ...
    # Subtest: ORIGINALITY_STAKES_RELATIONAL_AFTERMATH_VOID does not fire when a stakes-raise is followed by a relationship shift within its window
    ok 6 - ORIGINALITY_STAKES_RELATIONAL_AFTERMATH_VOID does not fire when a stakes-raise is followed by a relationship shift within its window
      ---
      duration_ms: 1.794391
      type: 'test'
      ...
    1..6
ok 1460 - Wave 1012 — originalityPass: originality open-thread-curiosity aftermath void, originality clock-emotional aftermath void, originality stakes-relational aftermath void
  ---
  duration_ms: 12.940586
  type: 'suite'
  ...
# Subtest: Wave 998 — originalityPass: originality stakes-suspense aftermath void, originality seed-curiosity aftermath void, originality payoff-emotional aftermath void
    # Subtest: ORIGINALITY_STAKES_SUSPENSE_AFTERMATH_VOID fires when every stakes-raise is followed by two scenes with no rise in suspense
    ok 1 - ORIGINALITY_STAKES_SUSPENSE_AFTERMATH_VOID fires when every stakes-raise is followed by two scenes with no rise in suspense
      ---
      duration_ms: 2.418866
      type: 'test'
      ...
    # Subtest: ORIGINALITY_STAKES_SUSPENSE_AFTERMATH_VOID does not fire when a stakes-raise is followed by rising suspense within its window
    ok 2 - ORIGINALITY_STAKES_SUSPENSE_AFTERMATH_VOID does not fire when a stakes-raise is followed by rising suspense within its window
      ---
      duration_ms: 6.764273
      type: 'test'
      ...
    # Subtest: ORIGINALITY_SEED_CURIOSITY_AFTERMATH_VOID fires when every seed is followed by two scenes with no new curiosity
    ok 3 - ORIGINALITY_SEED_CURIOSITY_AFTERMATH_VOID fires when every seed is followed by two scenes with no new curiosity
      ---
      duration_ms: 2.091796
      type: 'test'
      ...
    # Subtest: ORIGINALITY_SEED_CURIOSITY_AFTERMATH_VOID does not fire when a seed is followed by new curiosity within its window
    ok 4 - ORIGINALITY_SEED_CURIOSITY_AFTERMATH_VOID does not fire when a seed is followed by new curiosity within its window
      ---
      duration_ms: 4.715955
      type: 'test'
      ...
    # Subtest: ORIGINALITY_PAYOFF_EMOTIONAL_AFTERMATH_VOID fires when every payoff is followed by two scenes with no emotional shift
    ok 5 - ORIGINALITY_PAYOFF_EMOTIONAL_AFTERMATH_VOID fires when every payoff is followed by two scenes with no emotional shift
      ---
      duration_ms: 2.025476
      type: 'test'
      ...
    # Subtest: ORIGINALITY_PAYOFF_EMOTIONAL_AFTERMATH_VOID does not fire when a payoff is followed by an emotional shift within its window
    ok 6 - ORIGINALITY_PAYOFF_EMOTIONAL_AFTERMATH_VOID does not fire when a payoff is followed by an emotional shift within its window
      ---
      duration_ms: 1.945842
      type: 'test'
      ...
    1..6
ok 1461 - Wave 998 — originalityPass: originality stakes-suspense aftermath void, originality seed-curiosity aftermath void, originality payoff-emotional aftermath void
  ---
  duration_ms: 20.260101
  type: 'suite'
  ...
# Subtest: Wave 984 — originalityPass: originality highlight zone imbalance, originality stakes curiosity aftermath void, originality clock relationship aftermath void
    # Subtest: ORIGINALITY_HIGHLIGHT_ZONE_IMBALANCE fires when one zone is empty while another holds >=50% of highlighted-dialogue scenes
    ok 1 - ORIGINALITY_HIGHLIGHT_ZONE_IMBALANCE fires when one zone is empty while another holds >=50% of highlighted-dialogue scenes
      ---
      duration_ms: 2.502043
      type: 'test'
      ...
    # Subtest: ORIGINALITY_HIGHLIGHT_ZONE_IMBALANCE does not fire when highlighted-dialogue scenes touch every zone
    ok 2 - ORIGINALITY_HIGHLIGHT_ZONE_IMBALANCE does not fire when highlighted-dialogue scenes touch every zone
      ---
      duration_ms: 1.926809
      type: 'test'
      ...
    # Subtest: ORIGINALITY_STAKES_CURIOSITY_AFTERMATH_VOID fires when every stakes-raise is followed by two scenes with no new curiosity
    ok 3 - ORIGINALITY_STAKES_CURIOSITY_AFTERMATH_VOID fires when every stakes-raise is followed by two scenes with no new curiosity
      ---
      duration_ms: 1.847985
      type: 'test'
      ...
    # Subtest: ORIGINALITY_STAKES_CURIOSITY_AFTERMATH_VOID does not fire when a stakes-raise is followed by new curiosity within its window
    ok 4 - ORIGINALITY_STAKES_CURIOSITY_AFTERMATH_VOID does not fire when a stakes-raise is followed by new curiosity within its window
      ---
      duration_ms: 4.8658
      type: 'test'
      ...
    # Subtest: ORIGINALITY_CLOCK_RELATIONSHIP_AFTERMATH_VOID fires when every clock-raise is followed by two scenes with no relationship shift
    ok 5 - ORIGINALITY_CLOCK_RELATIONSHIP_AFTERMATH_VOID fires when every clock-raise is followed by two scenes with no relationship shift
      ---
      duration_ms: 1.978367
      type: 'test'
      ...
    # Subtest: ORIGINALITY_CLOCK_RELATIONSHIP_AFTERMATH_VOID does not fire when a clock-raise is followed by a relationship shift within its window
    ok 6 - ORIGINALITY_CLOCK_RELATIONSHIP_AFTERMATH_VOID does not fire when a clock-raise is followed by a relationship shift within its window
      ---
      duration_ms: 1.806656
      type: 'test'
      ...
    1..6
ok 1462 - Wave 984 — originalityPass: originality highlight zone imbalance, originality stakes curiosity aftermath void, originality clock relationship aftermath void
  ---
  duration_ms: 15.193404
  type: 'suite'
  ...
# Subtest: Wave 970 — originalityPass: originality relationship zone imbalance, originality clock delta zone imbalance, originality emotion zone imbalance
    # Subtest: ORIGINALITY_RELATIONSHIP_ZONE_IMBALANCE fires when one zone is empty while another holds >=50% of relationship-shift scenes
    ok 1 - ORIGINALITY_RELATIONSHIP_ZONE_IMBALANCE fires when one zone is empty while another holds >=50% of relationship-shift scenes
      ---
      duration_ms: 2.406824
      type: 'test'
      ...
    # Subtest: ORIGINALITY_RELATIONSHIP_ZONE_IMBALANCE does not fire when relationship-shift scenes touch every zone
    ok 2 - ORIGINALITY_RELATIONSHIP_ZONE_IMBALANCE does not fire when relationship-shift scenes touch every zone
      ---
      duration_ms: 1.8764
      type: 'test'
      ...
    # Subtest: ORIGINALITY_CLOCK_DELTA_ZONE_IMBALANCE fires when one zone is empty while another holds >=50% of clock-moving scenes
    ok 3 - ORIGINALITY_CLOCK_DELTA_ZONE_IMBALANCE fires when one zone is empty while another holds >=50% of clock-moving scenes
      ---
      duration_ms: 2.128949
      type: 'test'
      ...
    # Subtest: ORIGINALITY_CLOCK_DELTA_ZONE_IMBALANCE does not fire when clock-moving scenes touch every zone
    ok 4 - ORIGINALITY_CLOCK_DELTA_ZONE_IMBALANCE does not fire when clock-moving scenes touch every zone
      ---
      duration_ms: 1.859301
      type: 'test'
      ...
    # Subtest: ORIGINALITY_EMOTION_ZONE_IMBALANCE fires when one zone is empty while another holds >=50% of emotionally-charged scenes
    ok 5 - ORIGINALITY_EMOTION_ZONE_IMBALANCE fires when one zone is empty while another holds >=50% of emotionally-charged scenes
      ---
      duration_ms: 1.985264
      type: 'test'
      ...
    # Subtest: ORIGINALITY_EMOTION_ZONE_IMBALANCE does not fire when emotionally-charged scenes touch every zone
    ok 6 - ORIGINALITY_EMOTION_ZONE_IMBALANCE does not fire when emotionally-charged scenes touch every zone
      ---
      duration_ms: 1.605211
      type: 'test'
      ...
    1..6
ok 1463 - Wave 970 — originalityPass: originality relationship zone imbalance, originality clock delta zone imbalance, originality emotion zone imbalance
  ---
  duration_ms: 12.125759
  type: 'suite'
  ...
# Subtest: Wave 956 — originalityPass: originality curiosity zone imbalance, originality open thread zone imbalance, originality revelation zone imbalance
    # Subtest: ORIGINALITY_CURIOSITY_ZONE_IMBALANCE fires when one zone is empty while another holds >=50% of curiosity-raising scenes
    ok 1 - ORIGINALITY_CURIOSITY_ZONE_IMBALANCE fires when one zone is empty while another holds >=50% of curiosity-raising scenes
      ---
      duration_ms: 2.423472
      type: 'test'
      ...
    # Subtest: ORIGINALITY_CURIOSITY_ZONE_IMBALANCE does not fire when curiosity-raising scenes touch every zone
    ok 2 - ORIGINALITY_CURIOSITY_ZONE_IMBALANCE does not fire when curiosity-raising scenes touch every zone
      ---
      duration_ms: 2.01863
      type: 'test'
      ...
    # Subtest: ORIGINALITY_OPEN_THREAD_ZONE_IMBALANCE fires when one zone is empty while another holds >=50% of open-thread scenes
    ok 3 - ORIGINALITY_OPEN_THREAD_ZONE_IMBALANCE fires when one zone is empty while another holds >=50% of open-thread scenes
      ---
      duration_ms: 2.06777
      type: 'test'
      ...
    # Subtest: ORIGINALITY_OPEN_THREAD_ZONE_IMBALANCE does not fire when open-thread scenes touch every zone
    ok 4 - ORIGINALITY_OPEN_THREAD_ZONE_IMBALANCE does not fire when open-thread scenes touch every zone
      ---
      duration_ms: 1.892808
      type: 'test'
      ...
    # Subtest: ORIGINALITY_REVELATION_ZONE_IMBALANCE fires when one zone is empty while another holds >=50% of revelation scenes
    ok 5 - ORIGINALITY_REVELATION_ZONE_IMBALANCE fires when one zone is empty while another holds >=50% of revelation scenes
      ---
      duration_ms: 1.980617
      type: 'test'
      ...
    # Subtest: ORIGINALITY_REVELATION_ZONE_IMBALANCE does not fire when revelation scenes touch every zone
    ok 6 - ORIGINALITY_REVELATION_ZONE_IMBALANCE does not fire when revelation scenes touch every zone
      ---
      duration_ms: 1.895838
      type: 'test'
      ...
    1..6
ok 1464 - Wave 956 — originalityPass: originality curiosity zone imbalance, originality open thread zone imbalance, originality revelation zone imbalance
  ---
  duration_ms: 12.56983
  type: 'suite'
  ...
# Subtest: Wave 942 — originalityPass: originality positive emotion zone imbalance, originality suspense zone imbalance, originality payoff zone imbalance
    # Subtest: ORIGINALITY_POSITIVE_EMOTION_ZONE_IMBALANCE fires when one zone is empty while another holds >=50% of positive-shift scenes
    ok 1 - ORIGINALITY_POSITIVE_EMOTION_ZONE_IMBALANCE fires when one zone is empty while another holds >=50% of positive-shift scenes
      ---
      duration_ms: 3.516001
      type: 'test'
      ...
    # Subtest: ORIGINALITY_POSITIVE_EMOTION_ZONE_IMBALANCE does not fire when positive-shift scenes touch every zone
    ok 2 - ORIGINALITY_POSITIVE_EMOTION_ZONE_IMBALANCE does not fire when positive-shift scenes touch every zone
      ---
      duration_ms: 1.629581
      type: 'test'
      ...
    # Subtest: ORIGINALITY_SUSPENSE_ZONE_IMBALANCE fires when one zone is empty while another holds >=50% of suspense-raising scenes
    ok 3 - ORIGINALITY_SUSPENSE_ZONE_IMBALANCE fires when one zone is empty while another holds >=50% of suspense-raising scenes
      ---
      duration_ms: 1.971887
      type: 'test'
      ...
    # Subtest: ORIGINALITY_SUSPENSE_ZONE_IMBALANCE does not fire when suspense-raising scenes touch every zone
    ok 4 - ORIGINALITY_SUSPENSE_ZONE_IMBALANCE does not fire when suspense-raising scenes touch every zone
      ---
      duration_ms: 1.973516
      type: 'test'
      ...
    # Subtest: ORIGINALITY_PAYOFF_ZONE_IMBALANCE fires when one zone is empty while another holds >=50% of payoff scenes
    ok 5 - ORIGINALITY_PAYOFF_ZONE_IMBALANCE fires when one zone is empty while another holds >=50% of payoff scenes
      ---
      duration_ms: 2.012471
      type: 'test'
      ...
    # Subtest: ORIGINALITY_PAYOFF_ZONE_IMBALANCE does not fire when payoff scenes touch every zone
    ok 6 - ORIGINALITY_PAYOFF_ZONE_IMBALANCE does not fire when payoff scenes touch every zone
      ---
      duration_ms: 4.266515
      type: 'test'
      ...
    1..6
ok 1465 - Wave 942 — originalityPass: originality positive emotion zone imbalance, originality suspense zone imbalance, originality payoff zone imbalance
  ---
  duration_ms: 15.648129
  type: 'suite'
  ...
# Subtest: Wave 928 — originalityPass: originality character moment zone imbalance, originality stakes zone imbalance, originality negative emotion zone imbalance
    # Subtest: ORIGINALITY_CHARACTER_MOMENT_ZONE_IMBALANCE fires when one zone is empty while another holds >=50% of character-moment scenes
    ok 1 - ORIGINALITY_CHARACTER_MOMENT_ZONE_IMBALANCE fires when one zone is empty while another holds >=50% of character-moment scenes
      ---
      duration_ms: 3.830789
      type: 'test'
      ...
    # Subtest: ORIGINALITY_CHARACTER_MOMENT_ZONE_IMBALANCE does not fire when character-moment scenes touch every zone
    ok 2 - ORIGINALITY_CHARACTER_MOMENT_ZONE_IMBALANCE does not fire when character-moment scenes touch every zone
      ---
      duration_ms: 2.002789
      type: 'test'
      ...
    # Subtest: ORIGINALITY_STAKES_ZONE_IMBALANCE fires when one zone is empty while another holds >=50% of stakes-raising scenes
    ok 3 - ORIGINALITY_STAKES_ZONE_IMBALANCE fires when one zone is empty while another holds >=50% of stakes-raising scenes
      ---
      duration_ms: 1.895295
      type: 'test'
      ...
    # Subtest: ORIGINALITY_STAKES_ZONE_IMBALANCE does not fire when stakes-raising scenes touch every zone
    ok 4 - ORIGINALITY_STAKES_ZONE_IMBALANCE does not fire when stakes-raising scenes touch every zone
      ---
      duration_ms: 1.802661
      type: 'test'
      ...
    # Subtest: ORIGINALITY_NEGATIVE_EMOTION_ZONE_IMBALANCE fires when one zone is empty while another holds >=50% of negative-shift scenes
    ok 5 - ORIGINALITY_NEGATIVE_EMOTION_ZONE_IMBALANCE fires when one zone is empty while another holds >=50% of negative-shift scenes
      ---
      duration_ms: 1.864862
      type: 'test'
      ...
    # Subtest: ORIGINALITY_NEGATIVE_EMOTION_ZONE_IMBALANCE does not fire when negative-shift scenes touch every zone
    ok 6 - ORIGINALITY_NEGATIVE_EMOTION_ZONE_IMBALANCE does not fire when negative-shift scenes touch every zone
      ---
      duration_ms: 1.660628
      type: 'test'
      ...
    1..6
ok 1466 - Wave 928 — originalityPass: originality character moment zone imbalance, originality stakes zone imbalance, originality negative emotion zone imbalance
  ---
  duration_ms: 13.359479
  type: 'suite'
  ...
# Subtest: Wave 914 — originalityPass: originality resolution zone imbalance, originality complicate zone imbalance, originality introduce conflict zone imbalance
    # Subtest: ORIGINALITY_RESOLUTION_ZONE_IMBALANCE fires when one zone is empty while another holds >=50% of resolution-purposed scenes
    ok 1 - ORIGINALITY_RESOLUTION_ZONE_IMBALANCE fires when one zone is empty while another holds >=50% of resolution-purposed scenes
      ---
      duration_ms: 2.365912
      type: 'test'
      ...
    # Subtest: ORIGINALITY_RESOLUTION_ZONE_IMBALANCE does not fire when resolution-purposed scenes touch every zone
    ok 2 - ORIGINALITY_RESOLUTION_ZONE_IMBALANCE does not fire when resolution-purposed scenes touch every zone
      ---
      duration_ms: 10.550254
      type: 'test'
      ...
    # Subtest: ORIGINALITY_COMPLICATE_ZONE_IMBALANCE fires when one zone is empty while another holds >=50% of complicating scenes
    ok 3 - ORIGINALITY_COMPLICATE_ZONE_IMBALANCE fires when one zone is empty while another holds >=50% of complicating scenes
      ---
      duration_ms: 2.187728
      type: 'test'
      ...
    # Subtest: ORIGINALITY_COMPLICATE_ZONE_IMBALANCE does not fire when complicating scenes touch every zone
    ok 4 - ORIGINALITY_COMPLICATE_ZONE_IMBALANCE does not fire when complicating scenes touch every zone
      ---
      duration_ms: 1.813472
      type: 'test'
      ...
    # Subtest: ORIGINALITY_INTRODUCE_CONFLICT_ZONE_IMBALANCE fires when one zone is empty while another holds >=50% of conflict-introducing scenes
    ok 5 - ORIGINALITY_INTRODUCE_CONFLICT_ZONE_IMBALANCE fires when one zone is empty while another holds >=50% of conflict-introducing scenes
      ---
      duration_ms: 1.91363
      type: 'test'
      ...
    # Subtest: ORIGINALITY_INTRODUCE_CONFLICT_ZONE_IMBALANCE does not fire when conflict-introducing scenes touch every zone
    ok 6 - ORIGINALITY_INTRODUCE_CONFLICT_ZONE_IMBALANCE does not fire when conflict-introducing scenes touch every zone
      ---
      duration_ms: 1.924737
      type: 'test'
      ...
    1..6
ok 1467 - Wave 914 — originalityPass: originality resolution zone imbalance, originality complicate zone imbalance, originality introduce conflict zone imbalance
  ---
  duration_ms: 21.104062
  type: 'suite'
  ...
# Subtest: Wave 900 — originalityPass: originality complicate zone cluster, originality complicate drought run, originality turning point zone imbalance
    # Subtest: ORIGINALITY_COMPLICATE_ZONE_CLUSTER fires when >75% of complicating scenes cluster in one third
    ok 1 - ORIGINALITY_COMPLICATE_ZONE_CLUSTER fires when >75% of complicating scenes cluster in one third
      ---
      duration_ms: 2.155199
      type: 'test'
      ...
    # Subtest: ORIGINALITY_COMPLICATE_ZONE_CLUSTER does not fire when complicating scenes spread across thirds
    ok 2 - ORIGINALITY_COMPLICATE_ZONE_CLUSTER does not fire when complicating scenes spread across thirds
      ---
      duration_ms: 1.681951
      type: 'test'
      ...
    # Subtest: ORIGINALITY_COMPLICATE_DROUGHT_RUN fires when a long run has no complicating scene
    ok 3 - ORIGINALITY_COMPLICATE_DROUGHT_RUN fires when a long run has no complicating scene
      ---
      duration_ms: 1.770312
      type: 'test'
      ...
    # Subtest: ORIGINALITY_COMPLICATE_DROUGHT_RUN does not fire when complicating scenes are evenly spread
    ok 4 - ORIGINALITY_COMPLICATE_DROUGHT_RUN does not fire when complicating scenes are evenly spread
      ---
      duration_ms: 2.147247
      type: 'test'
      ...
    # Subtest: ORIGINALITY_TURNING_POINT_ZONE_IMBALANCE fires when one zone is empty while another holds >=50% of turning-point scenes
    ok 5 - ORIGINALITY_TURNING_POINT_ZONE_IMBALANCE fires when one zone is empty while another holds >=50% of turning-point scenes
      ---
      duration_ms: 1.937973
      type: 'test'
      ...
    # Subtest: ORIGINALITY_TURNING_POINT_ZONE_IMBALANCE does not fire when turning-point scenes touch every zone
    ok 6 - ORIGINALITY_TURNING_POINT_ZONE_IMBALANCE does not fire when turning-point scenes touch every zone
      ---
      duration_ms: 3.359123
      type: 'test'
      ...
    1..6
ok 1468 - Wave 900 — originalityPass: originality complicate zone cluster, originality complicate drought run, originality turning point zone imbalance
  ---
  duration_ms: 13.403594
  type: 'suite'
  ...
# Subtest: Wave 886 — originalityPass: originality resolution drought run, originality climax zone imbalance, originality establish world zone imbalance
    # Subtest: ORIGINALITY_RESOLUTION_DROUGHT_RUN fires when a long run has no resolution-purposed scene
    ok 1 - ORIGINALITY_RESOLUTION_DROUGHT_RUN fires when a long run has no resolution-purposed scene
      ---
      duration_ms: 3.242499
      type: 'test'
      ...
    # Subtest: ORIGINALITY_RESOLUTION_DROUGHT_RUN does not fire when resolution-purposed scenes are evenly spread
    ok 2 - ORIGINALITY_RESOLUTION_DROUGHT_RUN does not fire when resolution-purposed scenes are evenly spread
      ---
      duration_ms: 2.227295
      type: 'test'
      ...
    # Subtest: ORIGINALITY_CLIMAX_ZONE_IMBALANCE fires when one zone is empty while another holds >=50% of climax-purposed scenes
    ok 3 - ORIGINALITY_CLIMAX_ZONE_IMBALANCE fires when one zone is empty while another holds >=50% of climax-purposed scenes
      ---
      duration_ms: 3.763239
      type: 'test'
      ...
    # Subtest: ORIGINALITY_CLIMAX_ZONE_IMBALANCE does not fire when climax-purposed scenes touch every zone
    ok 4 - ORIGINALITY_CLIMAX_ZONE_IMBALANCE does not fire when climax-purposed scenes touch every zone
      ---
      duration_ms: 2.252345
      type: 'test'
      ...
    # Subtest: ORIGINALITY_ESTABLISH_WORLD_ZONE_IMBALANCE fires when one zone is empty while another holds >=50% of world-establishing scenes
    ok 5 - ORIGINALITY_ESTABLISH_WORLD_ZONE_IMBALANCE fires when one zone is empty while another holds >=50% of world-establishing scenes
      ---
      duration_ms: 2.158173
      type: 'test'
      ...
    # Subtest: ORIGINALITY_ESTABLISH_WORLD_ZONE_IMBALANCE does not fire when world-establishing scenes touch every zone
    ok 6 - ORIGINALITY_ESTABLISH_WORLD_ZONE_IMBALANCE does not fire when world-establishing scenes touch every zone
      ---
      duration_ms: 1.858991
      type: 'test'
      ...
    1..6
ok 1469 - Wave 886 — originalityPass: originality resolution drought run, originality climax zone imbalance, originality establish world zone imbalance
  ---
  duration_ms: 15.779462
  type: 'suite'
  ...
# Subtest: Wave 872 — originalityPass: originality climax drought run, originality establish world drought run, originality resolution zone cluster
    # Subtest: ORIGINALITY_CLIMAX_DROUGHT_RUN fires when a long run has no climax-purposed scene
    ok 1 - ORIGINALITY_CLIMAX_DROUGHT_RUN fires when a long run has no climax-purposed scene
      ---
      duration_ms: 2.390763
      type: 'test'
      ...
    # Subtest: ORIGINALITY_CLIMAX_DROUGHT_RUN does not fire when climax-purposed scenes are evenly spread
    ok 2 - ORIGINALITY_CLIMAX_DROUGHT_RUN does not fire when climax-purposed scenes are evenly spread
      ---
      duration_ms: 1.898138
      type: 'test'
      ...
    # Subtest: ORIGINALITY_ESTABLISH_WORLD_DROUGHT_RUN fires when a long run has no world-establishing scene
    ok 3 - ORIGINALITY_ESTABLISH_WORLD_DROUGHT_RUN fires when a long run has no world-establishing scene
      ---
      duration_ms: 1.8455
      type: 'test'
      ...
    # Subtest: ORIGINALITY_ESTABLISH_WORLD_DROUGHT_RUN does not fire when world-establishing scenes are evenly spread
    ok 4 - ORIGINALITY_ESTABLISH_WORLD_DROUGHT_RUN does not fire when world-establishing scenes are evenly spread
      ---
      duration_ms: 1.900801
      type: 'test'
      ...
    # Subtest: ORIGINALITY_RESOLUTION_ZONE_CLUSTER fires when >75% of resolution-purposed scenes cluster in one third
    ok 5 - ORIGINALITY_RESOLUTION_ZONE_CLUSTER fires when >75% of resolution-purposed scenes cluster in one third
      ---
      duration_ms: 1.897926
      type: 'test'
      ...
    # Subtest: ORIGINALITY_RESOLUTION_ZONE_CLUSTER does not fire when resolution-purposed scenes spread across thirds
    ok 6 - ORIGINALITY_RESOLUTION_ZONE_CLUSTER does not fire when resolution-purposed scenes spread across thirds
      ---
      duration_ms: 1.756739
      type: 'test'
      ...
    1..6
ok 1470 - Wave 872 — originalityPass: originality climax drought run, originality establish world drought run, originality resolution zone cluster
  ---
  duration_ms: 11.977293
  type: 'suite'
  ...
# Subtest: Wave 858 — originalityPass: originality positive emotion drought run, originality establish world zone cluster, originality climax zone cluster
    # Subtest: ORIGINALITY_POSITIVE_EMOTION_DROUGHT_RUN fires when a long run has no positive-emotion charge
    ok 1 - ORIGINALITY_POSITIVE_EMOTION_DROUGHT_RUN fires when a long run has no positive-emotion charge
      ---
      duration_ms: 2.279079
      type: 'test'
      ...
    # Subtest: ORIGINALITY_POSITIVE_EMOTION_DROUGHT_RUN does not fire when positive-emotion scenes are evenly spread
    ok 2 - ORIGINALITY_POSITIVE_EMOTION_DROUGHT_RUN does not fire when positive-emotion scenes are evenly spread
      ---
      duration_ms: 1.571348
      type: 'test'
      ...
    # Subtest: ORIGINALITY_ESTABLISH_WORLD_ZONE_CLUSTER fires when >75% of world-establishing scenes cluster in one third
    ok 3 - ORIGINALITY_ESTABLISH_WORLD_ZONE_CLUSTER fires when >75% of world-establishing scenes cluster in one third
      ---
      duration_ms: 1.862941
      type: 'test'
      ...
    # Subtest: ORIGINALITY_ESTABLISH_WORLD_ZONE_CLUSTER does not fire when world-establishing scenes spread across thirds
    ok 4 - ORIGINALITY_ESTABLISH_WORLD_ZONE_CLUSTER does not fire when world-establishing scenes spread across thirds
      ---
      duration_ms: 1.771229
      type: 'test'
      ...
    # Subtest: ORIGINALITY_CLIMAX_ZONE_CLUSTER fires when >75% of climax-purposed scenes cluster in one third
    ok 5 - ORIGINALITY_CLIMAX_ZONE_CLUSTER fires when >75% of climax-purposed scenes cluster in one third
      ---
      duration_ms: 1.823736
      type: 'test'
      ...
    # Subtest: ORIGINALITY_CLIMAX_ZONE_CLUSTER does not fire when climax-purposed scenes spread across thirds
    ok 6 - ORIGINALITY_CLIMAX_ZONE_CLUSTER does not fire when climax-purposed scenes spread across thirds
      ---
      duration_ms: 3.925929
      type: 'test'
      ...
    1..6
ok 1471 - Wave 858 — originalityPass: originality positive emotion drought run, originality establish world zone cluster, originality climax zone cluster
  ---
  duration_ms: 13.531677
  type: 'suite'
  ...
# Subtest: Wave 844 — originalityPass: originality introduce conflict drought run, originality negative emotion drought run, originality positive emotion zone cluster
    # Subtest: ORIGINALITY_INTRODUCE_CONFLICT_DROUGHT_RUN fires when a long run has no new conflict
    ok 1 - ORIGINALITY_INTRODUCE_CONFLICT_DROUGHT_RUN fires when a long run has no new conflict
      ---
      duration_ms: 2.113657
      type: 'test'
      ...
    # Subtest: ORIGINALITY_INTRODUCE_CONFLICT_DROUGHT_RUN does not fire when conflict-introducing scenes are evenly spread
    ok 2 - ORIGINALITY_INTRODUCE_CONFLICT_DROUGHT_RUN does not fire when conflict-introducing scenes are evenly spread
      ---
      duration_ms: 1.9454
      type: 'test'
      ...
    # Subtest: ORIGINALITY_NEGATIVE_EMOTION_DROUGHT_RUN fires when a long run has no negative-emotion charge
    ok 3 - ORIGINALITY_NEGATIVE_EMOTION_DROUGHT_RUN fires when a long run has no negative-emotion charge
      ---
      duration_ms: 1.9327
      type: 'test'
      ...
    # Subtest: ORIGINALITY_NEGATIVE_EMOTION_DROUGHT_RUN does not fire when negative-emotion scenes are evenly spread
    ok 4 - ORIGINALITY_NEGATIVE_EMOTION_DROUGHT_RUN does not fire when negative-emotion scenes are evenly spread
      ---
      duration_ms: 1.687575
      type: 'test'
      ...
    # Subtest: ORIGINALITY_POSITIVE_EMOTION_ZONE_CLUSTER fires when >75% of positive-emotion scenes cluster in one third
    ok 5 - ORIGINALITY_POSITIVE_EMOTION_ZONE_CLUSTER fires when >75% of positive-emotion scenes cluster in one third
      ---
      duration_ms: 1.612484
      type: 'test'
      ...
    # Subtest: ORIGINALITY_POSITIVE_EMOTION_ZONE_CLUSTER does not fire when positive-emotion scenes spread across thirds
    ok 6 - ORIGINALITY_POSITIVE_EMOTION_ZONE_CLUSTER does not fire when positive-emotion scenes spread across thirds
      ---
      duration_ms: 1.789133
      type: 'test'
      ...
    1..6
ok 1472 - Wave 844 — originalityPass: originality introduce conflict drought run, originality negative emotion drought run, originality positive emotion zone cluster
  ---
  duration_ms: 12.119759
  type: 'suite'
  ...
# Subtest: Wave 830 — originalityPass: originality turning point drought run, originality introduce conflict zone cluster, originality negative emotion zone cluster
    # Subtest: ORIGINALITY_TURNING_POINT_DROUGHT_RUN fires when a long run has no turning point
    ok 1 - ORIGINALITY_TURNING_POINT_DROUGHT_RUN fires when a long run has no turning point
      ---
      duration_ms: 2.224545
      type: 'test'
      ...
    # Subtest: ORIGINALITY_TURNING_POINT_DROUGHT_RUN does not fire when turning points are evenly spread
    ok 2 - ORIGINALITY_TURNING_POINT_DROUGHT_RUN does not fire when turning points are evenly spread
      ---
      duration_ms: 1.691772
      type: 'test'
      ...
    # Subtest: ORIGINALITY_INTRODUCE_CONFLICT_ZONE_CLUSTER fires when >75% of conflict-introducing scenes cluster in one third
    ok 3 - ORIGINALITY_INTRODUCE_CONFLICT_ZONE_CLUSTER fires when >75% of conflict-introducing scenes cluster in one third
      ---
      duration_ms: 3.980612
      type: 'test'
      ...
    # Subtest: ORIGINALITY_INTRODUCE_CONFLICT_ZONE_CLUSTER does not fire when conflict-introducing scenes spread across thirds
    ok 4 - ORIGINALITY_INTRODUCE_CONFLICT_ZONE_CLUSTER does not fire when conflict-introducing scenes spread across thirds
      ---
      duration_ms: 1.821472
      type: 'test'
      ...
    # Subtest: ORIGINALITY_NEGATIVE_EMOTION_ZONE_CLUSTER fires when >75% of negative-emotion scenes cluster in one third
    ok 5 - ORIGINALITY_NEGATIVE_EMOTION_ZONE_CLUSTER fires when >75% of negative-emotion scenes cluster in one third
      ---
      duration_ms: 1.857909
      type: 'test'
      ...
    # Subtest: ORIGINALITY_NEGATIVE_EMOTION_ZONE_CLUSTER does not fire when negative-emotion scenes spread across thirds
    ok 6 - ORIGINALITY_NEGATIVE_EMOTION_ZONE_CLUSTER does not fire when negative-emotion scenes spread across thirds
      ---
      duration_ms: 1.411691
      type: 'test'
      ...
    1..6
ok 1473 - Wave 830 — originalityPass: originality turning point drought run, originality introduce conflict zone cluster, originality negative emotion zone cluster
  ---
  duration_ms: 13.264572
  type: 'suite'
  ...
# Subtest: Wave 816 — originalityPass: originality character moment zone cluster, originality character moment drought run, originality turning point zone cluster
    # Subtest: ORIGINALITY_CHARACTER_MOMENT_ZONE_CLUSTER fires when >75% of character-moment scenes cluster in one third
    ok 1 - ORIGINALITY_CHARACTER_MOMENT_ZONE_CLUSTER fires when >75% of character-moment scenes cluster in one third
      ---
      duration_ms: 2.152403
      type: 'test'
      ...
    # Subtest: ORIGINALITY_CHARACTER_MOMENT_ZONE_CLUSTER does not fire when character-moment scenes spread across thirds
    ok 2 - ORIGINALITY_CHARACTER_MOMENT_ZONE_CLUSTER does not fire when character-moment scenes spread across thirds
      ---
      duration_ms: 1.748732
      type: 'test'
      ...
    # Subtest: ORIGINALITY_CHARACTER_MOMENT_DROUGHT_RUN fires when a long run has no character moment
    ok 3 - ORIGINALITY_CHARACTER_MOMENT_DROUGHT_RUN fires when a long run has no character moment
      ---
      duration_ms: 1.982074
      type: 'test'
      ...
    # Subtest: ORIGINALITY_CHARACTER_MOMENT_DROUGHT_RUN does not fire when character moments are evenly spread
    ok 4 - ORIGINALITY_CHARACTER_MOMENT_DROUGHT_RUN does not fire when character moments are evenly spread
      ---
      duration_ms: 1.837749
      type: 'test'
      ...
    # Subtest: ORIGINALITY_TURNING_POINT_ZONE_CLUSTER fires when >75% of turning-point scenes cluster in one third
    ok 5 - ORIGINALITY_TURNING_POINT_ZONE_CLUSTER fires when >75% of turning-point scenes cluster in one third
      ---
      duration_ms: 1.873173
      type: 'test'
      ...
    # Subtest: ORIGINALITY_TURNING_POINT_ZONE_CLUSTER does not fire when turning-point scenes spread across thirds
    ok 6 - ORIGINALITY_TURNING_POINT_ZONE_CLUSTER does not fire when turning-point scenes spread across thirds
      ---
      duration_ms: 1.774521
      type: 'test'
      ...
    1..6
ok 1474 - Wave 816 — originalityPass: originality character moment zone cluster, originality character moment drought run, originality turning point zone cluster
  ---
  duration_ms: 11.658331
  type: 'suite'
  ...
# Subtest: Wave 802 — originalityPass: originality suspense peak uncaused, originality curiosity drought run, originality emotion drought run
    # Subtest: ORIGINALITY_SUSPENSE_PEAK_UNCAUSED fires when the peak suspense scene has no preparing cause nearby
    ok 1 - ORIGINALITY_SUSPENSE_PEAK_UNCAUSED fires when the peak suspense scene has no preparing cause nearby
      ---
      duration_ms: 1.974346
      type: 'test'
      ...
    # Subtest: ORIGINALITY_SUSPENSE_PEAK_UNCAUSED does not fire when a preparing cause precedes the peak suspense scene
    ok 2 - ORIGINALITY_SUSPENSE_PEAK_UNCAUSED does not fire when a preparing cause precedes the peak suspense scene
      ---
      duration_ms: 1.375807
      type: 'test'
      ...
    # Subtest: ORIGINALITY_CURIOSITY_DROUGHT_RUN fires when a long run has no rising curiosity
    ok 3 - ORIGINALITY_CURIOSITY_DROUGHT_RUN fires when a long run has no rising curiosity
      ---
      duration_ms: 3.404623
      type: 'test'
      ...
    # Subtest: ORIGINALITY_CURIOSITY_DROUGHT_RUN does not fire when curiosity rises are evenly spread
    ok 4 - ORIGINALITY_CURIOSITY_DROUGHT_RUN does not fire when curiosity rises are evenly spread
      ---
      duration_ms: 1.562325
      type: 'test'
      ...
    # Subtest: ORIGINALITY_EMOTION_DROUGHT_RUN fires when a long run has no emotional charge
    ok 5 - ORIGINALITY_EMOTION_DROUGHT_RUN fires when a long run has no emotional charge
      ---
      duration_ms: 2.050987
      type: 'test'
      ...
    # Subtest: ORIGINALITY_EMOTION_DROUGHT_RUN does not fire when emotional charge is evenly spread
    ok 6 - ORIGINALITY_EMOTION_DROUGHT_RUN does not fire when emotional charge is evenly spread
      ---
      duration_ms: 1.492076
      type: 'test'
      ...
    1..6
ok 1475 - Wave 802 — originalityPass: originality suspense peak uncaused, originality curiosity drought run, originality emotion drought run
  ---
  duration_ms: 12.204118
  type: 'suite'
  ...
# Subtest: Wave 788 — originalityPass: originality suspense drought run, originality curiosity zone cluster, originality emotion zone cluster
    # Subtest: ORIGINALITY_SUSPENSE_DROUGHT_RUN fires when a long run has no rising suspense
    ok 1 - ORIGINALITY_SUSPENSE_DROUGHT_RUN fires when a long run has no rising suspense
      ---
      duration_ms: 2.405047
      type: 'test'
      ...
    # Subtest: ORIGINALITY_SUSPENSE_DROUGHT_RUN does not fire when suspense rises are evenly spread
    ok 2 - ORIGINALITY_SUSPENSE_DROUGHT_RUN does not fire when suspense rises are evenly spread
      ---
      duration_ms: 1.727198
      type: 'test'
      ...
    # Subtest: ORIGINALITY_CURIOSITY_ZONE_CLUSTER fires when >75% of curiosity-positive scenes cluster in one third
    ok 3 - ORIGINALITY_CURIOSITY_ZONE_CLUSTER fires when >75% of curiosity-positive scenes cluster in one third
      ---
      duration_ms: 1.796454
      type: 'test'
      ...
    # Subtest: ORIGINALITY_CURIOSITY_ZONE_CLUSTER does not fire when curiosity-positive scenes spread across thirds
    ok 4 - ORIGINALITY_CURIOSITY_ZONE_CLUSTER does not fire when curiosity-positive scenes spread across thirds
      ---
      duration_ms: 1.49375
      type: 'test'
      ...
    # Subtest: ORIGINALITY_EMOTION_ZONE_CLUSTER fires when >75% of emotionally charged scenes cluster in one third
    ok 5 - ORIGINALITY_EMOTION_ZONE_CLUSTER fires when >75% of emotionally charged scenes cluster in one third
      ---
      duration_ms: 4.113787
      type: 'test'
      ...
    # Subtest: ORIGINALITY_EMOTION_ZONE_CLUSTER does not fire when emotionally charged scenes spread across thirds
    ok 6 - ORIGINALITY_EMOTION_ZONE_CLUSTER does not fire when emotionally charged scenes spread across thirds
      ---
      duration_ms: 1.811693
      type: 'test'
      ...
    1..6
ok 1476 - Wave 788 — originalityPass: originality suspense drought run, originality curiosity zone cluster, originality emotion zone cluster
  ---
  duration_ms: 13.624054
  type: 'suite'
  ...
# Subtest: Wave 774 — originalityPass: originality clock delta peak uncaused, originality clock delta zone cluster, originality suspense zone cluster
    # Subtest: ORIGINALITY_CLOCK_DELTA_PEAK_UNCAUSED fires when the peak clock-delta scene has no preparing cause nearby
    ok 1 - ORIGINALITY_CLOCK_DELTA_PEAK_UNCAUSED fires when the peak clock-delta scene has no preparing cause nearby
      ---
      duration_ms: 1.846709
      type: 'test'
      ...
    # Subtest: ORIGINALITY_CLOCK_DELTA_PEAK_UNCAUSED does not fire when a dramatic turn precedes the peak clock-delta scene within the lookback
    ok 2 - ORIGINALITY_CLOCK_DELTA_PEAK_UNCAUSED does not fire when a dramatic turn precedes the peak clock-delta scene within the lookback
      ---
      duration_ms: 1.406586
      type: 'test'
      ...
    # Subtest: ORIGINALITY_CLOCK_DELTA_ZONE_CLUSTER fires when >75% of clock-shifting scenes cluster in one third
    ok 3 - ORIGINALITY_CLOCK_DELTA_ZONE_CLUSTER fires when >75% of clock-shifting scenes cluster in one third
      ---
      duration_ms: 1.881252
      type: 'test'
      ...
    # Subtest: ORIGINALITY_CLOCK_DELTA_ZONE_CLUSTER does not fire when clock-shifting scenes spread across thirds
    ok 4 - ORIGINALITY_CLOCK_DELTA_ZONE_CLUSTER does not fire when clock-shifting scenes spread across thirds
      ---
      duration_ms: 1.643706
      type: 'test'
      ...
    # Subtest: ORIGINALITY_SUSPENSE_ZONE_CLUSTER fires when >75% of suspense-positive scenes cluster in one third
    ok 5 - ORIGINALITY_SUSPENSE_ZONE_CLUSTER fires when >75% of suspense-positive scenes cluster in one third
      ---
      duration_ms: 2.527639
      type: 'test'
      ...
    # Subtest: ORIGINALITY_SUSPENSE_ZONE_CLUSTER does not fire when suspense-positive scenes spread across thirds
    ok 6 - ORIGINALITY_SUSPENSE_ZONE_CLUSTER does not fire when suspense-positive scenes spread across thirds
      ---
      duration_ms: 1.814692
      type: 'test'
      ...
    1..6
ok 1477 - Wave 774 — originalityPass: originality clock delta peak uncaused, originality clock delta zone cluster, originality suspense zone cluster
  ---
  duration_ms: 11.474171
  type: 'suite'
  ...
# Subtest: Wave 760 — originalityPass: originality revelation peak uncaused, originality stakes drought run, originality clock delta drought run
    # Subtest: ORIGINALITY_REVELATION_PEAK_UNCAUSED fires when the peak revelation scene has no dramatic turn nearby
    ok 1 - ORIGINALITY_REVELATION_PEAK_UNCAUSED fires when the peak revelation scene has no dramatic turn nearby
      ---
      duration_ms: 1.971018
      type: 'test'
      ...
    # Subtest: ORIGINALITY_REVELATION_PEAK_UNCAUSED does not fire when a dramatic turn precedes the peak revelation within the lookback
    ok 2 - ORIGINALITY_REVELATION_PEAK_UNCAUSED does not fire when a dramatic turn precedes the peak revelation within the lookback
      ---
      duration_ms: 1.376503
      type: 'test'
      ...
    # Subtest: ORIGINALITY_STAKES_DROUGHT_RUN fires when the longest no-stakes-raise run is ≥6
    ok 3 - ORIGINALITY_STAKES_DROUGHT_RUN fires when the longest no-stakes-raise run is ≥6
      ---
      duration_ms: 1.958652
      type: 'test'
      ...
    # Subtest: ORIGINALITY_STAKES_DROUGHT_RUN does not fire when stakes-raising scenes are distributed without a long drought
    ok 4 - ORIGINALITY_STAKES_DROUGHT_RUN does not fire when stakes-raising scenes are distributed without a long drought
      ---
      duration_ms: 1.437706
      type: 'test'
      ...
    # Subtest: ORIGINALITY_CLOCK_DELTA_DROUGHT_RUN fires when the longest no-clock-movement run reaches 6
    ok 5 - ORIGINALITY_CLOCK_DELTA_DROUGHT_RUN fires when the longest no-clock-movement run reaches 6
      ---
      duration_ms: 2.051183
      type: 'test'
      ...
    # Subtest: ORIGINALITY_CLOCK_DELTA_DROUGHT_RUN does not fire when clock movement is spread through the story
    ok 6 - ORIGINALITY_CLOCK_DELTA_DROUGHT_RUN does not fire when clock movement is spread through the story
      ---
      duration_ms: 2.003393
      type: 'test'
      ...
    1..6
ok 1478 - Wave 760 — originalityPass: originality revelation peak uncaused, originality stakes drought run, originality clock delta drought run
  ---
  duration_ms: 11.09129
  type: 'suite'
  ...
# Subtest: Wave 746 — originalityPass: originality open thread zone cluster, originality turn drought run, originality stakes zone cluster
    # Subtest: ORIGINALITY_OPEN_THREAD_ZONE_CLUSTER fires when >75% of open-thread scenes cluster in one third
    ok 1 - ORIGINALITY_OPEN_THREAD_ZONE_CLUSTER fires when >75% of open-thread scenes cluster in one third
      ---
      duration_ms: 2.099454
      type: 'test'
      ...
    # Subtest: ORIGINALITY_OPEN_THREAD_ZONE_CLUSTER does not fire when open-thread scenes are distributed across thirds
    ok 2 - ORIGINALITY_OPEN_THREAD_ZONE_CLUSTER does not fire when open-thread scenes are distributed across thirds
      ---
      duration_ms: 1.595111
      type: 'test'
      ...
    # Subtest: ORIGINALITY_TURN_DROUGHT_RUN fires when the longest no-dramatic-turn run is ≥6
    ok 3 - ORIGINALITY_TURN_DROUGHT_RUN fires when the longest no-dramatic-turn run is ≥6
      ---
      duration_ms: 1.889809
      type: 'test'
      ...
    # Subtest: ORIGINALITY_TURN_DROUGHT_RUN does not fire when dramatic turns are distributed without a long drought
    ok 4 - ORIGINALITY_TURN_DROUGHT_RUN does not fire when dramatic turns are distributed without a long drought
      ---
      duration_ms: 1.549525
      type: 'test'
      ...
    # Subtest: ORIGINALITY_STAKES_ZONE_CLUSTER fires when >75% of stakes-raising scenes cluster in one third
    ok 5 - ORIGINALITY_STAKES_ZONE_CLUSTER fires when >75% of stakes-raising scenes cluster in one third
      ---
      duration_ms: 1.657617
      type: 'test'
      ...
    # Subtest: ORIGINALITY_STAKES_ZONE_CLUSTER does not fire when stakes-raising scenes are distributed across thirds
    ok 6 - ORIGINALITY_STAKES_ZONE_CLUSTER does not fire when stakes-raising scenes are distributed across thirds
      ---
      duration_ms: 1.762248
      type: 'test'
      ...
    1..6
ok 1479 - Wave 746 — originalityPass: originality open thread zone cluster, originality turn drought run, originality stakes zone cluster
  ---
  duration_ms: 10.939903
  type: 'suite'
  ...
# Subtest: Wave 732 — originalityPass: originality relationship drought run, originality revelation zone cluster, originality open thread peak uncaused
    # Subtest: ORIGINALITY_RELATIONSHIP_DROUGHT_RUN fires when the longest no-relationship-shift run is ≥6
    ok 1 - ORIGINALITY_RELATIONSHIP_DROUGHT_RUN fires when the longest no-relationship-shift run is ≥6
      ---
      duration_ms: 2.453096
      type: 'test'
      ...
    # Subtest: ORIGINALITY_RELATIONSHIP_DROUGHT_RUN does not fire when relationship shifts are distributed without a long drought
    ok 2 - ORIGINALITY_RELATIONSHIP_DROUGHT_RUN does not fire when relationship shifts are distributed without a long drought
      ---
      duration_ms: 1.89045
      type: 'test'
      ...
    # Subtest: ORIGINALITY_REVELATION_ZONE_CLUSTER fires when >75% of revelation scenes cluster in one third
    ok 3 - ORIGINALITY_REVELATION_ZONE_CLUSTER fires when >75% of revelation scenes cluster in one third
      ---
      duration_ms: 1.763669
      type: 'test'
      ...
    # Subtest: ORIGINALITY_REVELATION_ZONE_CLUSTER does not fire when revelation scenes are distributed across thirds
    ok 4 - ORIGINALITY_REVELATION_ZONE_CLUSTER does not fire when revelation scenes are distributed across thirds
      ---
      duration_ms: 1.760049
      type: 'test'
      ...
    # Subtest: ORIGINALITY_OPEN_THREAD_PEAK_UNCAUSED fires when the peak open-thread scene has no dramatic turn or revelation nearby
    ok 5 - ORIGINALITY_OPEN_THREAD_PEAK_UNCAUSED fires when the peak open-thread scene has no dramatic turn or revelation nearby
      ---
      duration_ms: 1.580907
      type: 'test'
      ...
    # Subtest: ORIGINALITY_OPEN_THREAD_PEAK_UNCAUSED does not fire when a dramatic turn precedes the peak within the lookback
    ok 6 - ORIGINALITY_OPEN_THREAD_PEAK_UNCAUSED does not fire when a dramatic turn precedes the peak within the lookback
      ---
      duration_ms: 1.401041
      type: 'test'
      ...
    1..6
ok 1480 - Wave 732 — originalityPass: originality relationship drought run, originality revelation zone cluster, originality open thread peak uncaused
  ---
  duration_ms: 11.203801
  type: 'suite'
  ...
# Subtest: Wave 718 — originalityPass: originality seed peak uncaused, originality staging drought run, originality relationship zone cluster
    # Subtest: ORIGINALITY_SEED_PEAK_UNCAUSED fires when the peak seed scene has no dramatic turn or revelation nearby
    ok 1 - ORIGINALITY_SEED_PEAK_UNCAUSED fires when the peak seed scene has no dramatic turn or revelation nearby
      ---
      duration_ms: 1.750168
      type: 'test'
      ...
    # Subtest: ORIGINALITY_SEED_PEAK_UNCAUSED does not fire when a dramatic turn precedes the peak within the lookback
    ok 2 - ORIGINALITY_SEED_PEAK_UNCAUSED does not fire when a dramatic turn precedes the peak within the lookback
      ---
      duration_ms: 1.345874
      type: 'test'
      ...
    # Subtest: ORIGINALITY_STAGING_DROUGHT_RUN fires when the longest no-visual-beat run is ≥6
    ok 3 - ORIGINALITY_STAGING_DROUGHT_RUN fires when the longest no-visual-beat run is ≥6
      ---
      duration_ms: 1.937899
      type: 'test'
      ...
    # Subtest: ORIGINALITY_STAGING_DROUGHT_RUN does not fire when visual beats are distributed without a long drought
    ok 4 - ORIGINALITY_STAGING_DROUGHT_RUN does not fire when visual beats are distributed without a long drought
      ---
      duration_ms: 1.805024
      type: 'test'
      ...
    # Subtest: ORIGINALITY_RELATIONSHIP_ZONE_CLUSTER fires when >75% of relationship-shift scenes cluster in one third
    ok 5 - ORIGINALITY_RELATIONSHIP_ZONE_CLUSTER fires when >75% of relationship-shift scenes cluster in one third
      ---
      duration_ms: 1.889893
      type: 'test'
      ...
    # Subtest: ORIGINALITY_RELATIONSHIP_ZONE_CLUSTER does not fire when relationship-shift scenes are distributed across thirds
    ok 6 - ORIGINALITY_RELATIONSHIP_ZONE_CLUSTER does not fire when relationship-shift scenes are distributed across thirds
      ---
      duration_ms: 4.330344
      type: 'test'
      ...
    1..6
ok 1481 - Wave 718 — originalityPass: originality seed peak uncaused, originality staging drought run, originality relationship zone cluster
  ---
  duration_ms: 13.416073
  type: 'suite'
  ...
# Subtest: Wave 704 — originalityPass: originality highlight drought run, originality seed zone cluster, originality staging peak uncaused
    # Subtest: ORIGINALITY_HIGHLIGHT_DROUGHT_RUN fires when the longest no-highlighted-dialogue run is ≥6
    ok 1 - ORIGINALITY_HIGHLIGHT_DROUGHT_RUN fires when the longest no-highlighted-dialogue run is ≥6
      ---
      duration_ms: 2.718747
      type: 'test'
      ...
    # Subtest: ORIGINALITY_HIGHLIGHT_DROUGHT_RUN does not fire when highlighted dialogue is distributed without a long drought
    ok 2 - ORIGINALITY_HIGHLIGHT_DROUGHT_RUN does not fire when highlighted dialogue is distributed without a long drought
      ---
      duration_ms: 1.938654
      type: 'test'
      ...
    # Subtest: ORIGINALITY_SEED_ZONE_CLUSTER fires when >75% of seed scenes cluster in one third
    ok 3 - ORIGINALITY_SEED_ZONE_CLUSTER fires when >75% of seed scenes cluster in one third
      ---
      duration_ms: 1.875273
      type: 'test'
      ...
    # Subtest: ORIGINALITY_SEED_ZONE_CLUSTER does not fire when seed scenes are distributed across thirds
    ok 4 - ORIGINALITY_SEED_ZONE_CLUSTER does not fire when seed scenes are distributed across thirds
      ---
      duration_ms: 1.735355
      type: 'test'
      ...
    # Subtest: ORIGINALITY_STAGING_PEAK_UNCAUSED fires when the peak physical-staging scene has no dramatic turn or revelation nearby
    ok 5 - ORIGINALITY_STAGING_PEAK_UNCAUSED fires when the peak physical-staging scene has no dramatic turn or revelation nearby
      ---
      duration_ms: 1.636319
      type: 'test'
      ...
    # Subtest: ORIGINALITY_STAGING_PEAK_UNCAUSED does not fire when a dramatic turn precedes the peak within the lookback
    ok 6 - ORIGINALITY_STAGING_PEAK_UNCAUSED does not fire when a dramatic turn precedes the peak within the lookback
      ---
      duration_ms: 1.343732
      type: 'test'
      ...
    1..6
ok 1482 - Wave 704 — originalityPass: originality highlight drought run, originality seed zone cluster, originality staging peak uncaused
  ---
  duration_ms: 11.580978
  type: 'suite'
  ...
# Subtest: Wave 690 — originalityPass: originality payoff drought run, originality clock drought run, originality highlight zone cluster
    # Subtest: ORIGINALITY_PAYOFF_DROUGHT_RUN fires when the longest no-payoff run is ≥6
    ok 1 - ORIGINALITY_PAYOFF_DROUGHT_RUN fires when the longest no-payoff run is ≥6
      ---
      duration_ms: 2.387473
      type: 'test'
      ...
    # Subtest: ORIGINALITY_PAYOFF_DROUGHT_RUN does not fire when payoffs are distributed without a long drought
    ok 2 - ORIGINALITY_PAYOFF_DROUGHT_RUN does not fire when payoffs are distributed without a long drought
      ---
      duration_ms: 1.890387
      type: 'test'
      ...
    # Subtest: ORIGINALITY_CLOCK_DROUGHT_RUN fires when the longest no-clock run is ≥6
    ok 3 - ORIGINALITY_CLOCK_DROUGHT_RUN fires when the longest no-clock run is ≥6
      ---
      duration_ms: 2.205042
      type: 'test'
      ...
    # Subtest: ORIGINALITY_CLOCK_DROUGHT_RUN does not fire when clock raises are distributed without a long drought
    ok 4 - ORIGINALITY_CLOCK_DROUGHT_RUN does not fire when clock raises are distributed without a long drought
      ---
      duration_ms: 1.632476
      type: 'test'
      ...
    # Subtest: ORIGINALITY_HIGHLIGHT_ZONE_CLUSTER fires when >75% of highlighted-dialogue scenes cluster in one third
    ok 5 - ORIGINALITY_HIGHLIGHT_ZONE_CLUSTER fires when >75% of highlighted-dialogue scenes cluster in one third
      ---
      duration_ms: 1.791663
      type: 'test'
      ...
    # Subtest: ORIGINALITY_HIGHLIGHT_ZONE_CLUSTER does not fire when highlighted-dialogue scenes are distributed across thirds
    ok 6 - ORIGINALITY_HIGHLIGHT_ZONE_CLUSTER does not fire when highlighted-dialogue scenes are distributed across thirds
      ---
      duration_ms: 1.790576
      type: 'test'
      ...
    1..6
ok 1483 - Wave 690 — originalityPass: originality payoff drought run, originality clock drought run, originality highlight zone cluster
  ---
  duration_ms: 12.043271
  type: 'suite'
  ...
# Subtest: Wave 676 — originalityPass: originality open thread drought run, originality staging zone cluster, originality payoff peak uncaused
    # Subtest: ORIGINALITY_OPEN_THREAD_DROUGHT_RUN fires when the longest no-debt run is ≥6
    ok 1 - ORIGINALITY_OPEN_THREAD_DROUGHT_RUN fires when the longest no-debt run is ≥6
      ---
      duration_ms: 2.473322
      type: 'test'
      ...
    # Subtest: ORIGINALITY_OPEN_THREAD_DROUGHT_RUN does not fire when debt is distributed without a long drought
    ok 2 - ORIGINALITY_OPEN_THREAD_DROUGHT_RUN does not fire when debt is distributed without a long drought
      ---
      duration_ms: 3.038752
      type: 'test'
      ...
    # Subtest: ORIGINALITY_STAGING_ZONE_CLUSTER fires when >75% of visually dense scenes cluster in one third
    ok 3 - ORIGINALITY_STAGING_ZONE_CLUSTER fires when >75% of visually dense scenes cluster in one third
      ---
      duration_ms: 1.993163
      type: 'test'
      ...
    # Subtest: ORIGINALITY_STAGING_ZONE_CLUSTER does not fire when visually dense scenes are distributed across thirds
    ok 4 - ORIGINALITY_STAGING_ZONE_CLUSTER does not fire when visually dense scenes are distributed across thirds
      ---
      duration_ms: 1.89075
      type: 'test'
      ...
    # Subtest: ORIGINALITY_PAYOFF_PEAK_UNCAUSED fires when the peak payoff scene has no dramatic turn or revelation nearby
    ok 5 - ORIGINALITY_PAYOFF_PEAK_UNCAUSED fires when the peak payoff scene has no dramatic turn or revelation nearby
      ---
      duration_ms: 1.87545
      type: 'test'
      ...
    # Subtest: ORIGINALITY_PAYOFF_PEAK_UNCAUSED does not fire when a dramatic turn precedes the peak within the lookback
    ok 6 - ORIGINALITY_PAYOFF_PEAK_UNCAUSED does not fire when a dramatic turn precedes the peak within the lookback
      ---
      duration_ms: 1.453022
      type: 'test'
      ...
    1..6
ok 1484 - Wave 676 — originalityPass: originality open thread drought run, originality staging zone cluster, originality payoff peak uncaused
  ---
  duration_ms: 13.002665
  type: 'suite'
  ...
# Subtest: Wave 662 — originalityPass: originality highlight peak uncaused, originality seed drought run, originality payoff zone cluster
    # Subtest: ORIGINALITY_HIGHLIGHT_PEAK_UNCAUSED fires when the peak highlighted-dialogue scene has no dramatic turn or revelation nearby
    ok 1 - ORIGINALITY_HIGHLIGHT_PEAK_UNCAUSED fires when the peak highlighted-dialogue scene has no dramatic turn or revelation nearby
      ---
      duration_ms: 2.001668
      type: 'test'
      ...
    # Subtest: ORIGINALITY_HIGHLIGHT_PEAK_UNCAUSED does not fire when a dramatic turn precedes the peak within the lookback
    ok 2 - ORIGINALITY_HIGHLIGHT_PEAK_UNCAUSED does not fire when a dramatic turn precedes the peak within the lookback
      ---
      duration_ms: 1.423334
      type: 'test'
      ...
    # Subtest: ORIGINALITY_SEED_DROUGHT_RUN fires when the longest no-seed run is ≥6
    ok 3 - ORIGINALITY_SEED_DROUGHT_RUN fires when the longest no-seed run is ≥6
      ---
      duration_ms: 2.324422
      type: 'test'
      ...
    # Subtest: ORIGINALITY_SEED_DROUGHT_RUN does not fire when seeding is distributed without a long drought
    ok 4 - ORIGINALITY_SEED_DROUGHT_RUN does not fire when seeding is distributed without a long drought
      ---
      duration_ms: 2.05022
      type: 'test'
      ...
    # Subtest: ORIGINALITY_PAYOFF_ZONE_CLUSTER fires when >75% of payoff scenes cluster in one third
    ok 5 - ORIGINALITY_PAYOFF_ZONE_CLUSTER fires when >75% of payoff scenes cluster in one third
      ---
      duration_ms: 2.613239
      type: 'test'
      ...
    # Subtest: ORIGINALITY_PAYOFF_ZONE_CLUSTER does not fire when payoff scenes are distributed across thirds
    ok 6 - ORIGINALITY_PAYOFF_ZONE_CLUSTER does not fire when payoff scenes are distributed across thirds
      ---
      duration_ms: 1.773424
      type: 'test'
      ...
    1..6
ok 1485 - Wave 662 — originalityPass: originality highlight peak uncaused, originality seed drought run, originality payoff zone cluster
  ---
  duration_ms: 12.544996
  type: 'suite'
  ...
# Subtest: Wave 648 — originalityPass: originality relationship peak uncaused, originality revelation drought run, originality payoff curiosity decoupled
    # Subtest: ORIGINALITY_RELATIONSHIP_PEAK_UNCAUSED fires when the peak relationship-shift scene has no dramatic turn or revelation nearby
    ok 1 - ORIGINALITY_RELATIONSHIP_PEAK_UNCAUSED fires when the peak relationship-shift scene has no dramatic turn or revelation nearby
      ---
      duration_ms: 2.16887
      type: 'test'
      ...
    # Subtest: ORIGINALITY_RELATIONSHIP_PEAK_UNCAUSED does not fire when a dramatic turn precedes the peak within the lookback
    ok 2 - ORIGINALITY_RELATIONSHIP_PEAK_UNCAUSED does not fire when a dramatic turn precedes the peak within the lookback
      ---
      duration_ms: 1.449894
      type: 'test'
      ...
    # Subtest: ORIGINALITY_REVELATION_DROUGHT_RUN fires when the longest no-revelation run is ≥6
    ok 3 - ORIGINALITY_REVELATION_DROUGHT_RUN fires when the longest no-revelation run is ≥6
      ---
      duration_ms: 2.168091
      type: 'test'
      ...
    # Subtest: ORIGINALITY_REVELATION_DROUGHT_RUN does not fire when revelations are distributed without a long drought
    ok 4 - ORIGINALITY_REVELATION_DROUGHT_RUN does not fire when revelations are distributed without a long drought
      ---
      duration_ms: 1.926985
      type: 'test'
      ...
    # Subtest: ORIGINALITY_PAYOFF_CURIOSITY_DECOUPLED fires when payoff scenes and rising-curiosity scenes never overlap
    ok 5 - ORIGINALITY_PAYOFF_CURIOSITY_DECOUPLED fires when payoff scenes and rising-curiosity scenes never overlap
      ---
      duration_ms: 1.508254
      type: 'test'
      ...
    # Subtest: ORIGINALITY_PAYOFF_CURIOSITY_DECOUPLED does not fire when a scene carries both signals
    ok 6 - ORIGINALITY_PAYOFF_CURIOSITY_DECOUPLED does not fire when a scene carries both signals
      ---
      duration_ms: 1.091272
      type: 'test'
      ...
    1..6
ok 1486 - Wave 648 — originalityPass: originality relationship peak uncaused, originality revelation drought run, originality payoff curiosity decoupled
  ---
  duration_ms: 13.007034
  type: 'suite'
  ...
# Subtest: Wave 634 — originalityPass: originality highlight staging decoupled, originality open thread highlight aftermath void, originality seed zone imbalance
    # Subtest: ORIGINALITY_HIGHLIGHT_STAGING_DECOUPLED fires when dialogue highlights and visually-staged scenes never overlap
    ok 1 - ORIGINALITY_HIGHLIGHT_STAGING_DECOUPLED fires when dialogue highlights and visually-staged scenes never overlap
      ---
      duration_ms: 1.667369
      type: 'test'
      ...
    # Subtest: ORIGINALITY_HIGHLIGHT_STAGING_DECOUPLED does not fire when a scene carries both signals
    ok 2 - ORIGINALITY_HIGHLIGHT_STAGING_DECOUPLED does not fire when a scene carries both signals
      ---
      duration_ms: 1.124117
      type: 'test'
      ...
    # Subtest: ORIGINALITY_OPEN_THREAD_HIGHLIGHT_AFTERMATH_VOID fires when heavy clue-debt scenes are never followed by a dialogue highlight
    ok 3 - ORIGINALITY_OPEN_THREAD_HIGHLIGHT_AFTERMATH_VOID fires when heavy clue-debt scenes are never followed by a dialogue highlight
      ---
      duration_ms: 1.838766
      type: 'test'
      ...
    # Subtest: ORIGINALITY_OPEN_THREAD_HIGHLIGHT_AFTERMATH_VOID does not fire when a trigger window contains a dialogue highlight
    ok 4 - ORIGINALITY_OPEN_THREAD_HIGHLIGHT_AFTERMATH_VOID does not fire when a trigger window contains a dialogue highlight
      ---
      duration_ms: 1.748052
      type: 'test'
      ...
    # Subtest: ORIGINALITY_SEED_ZONE_IMBALANCE fires when one zone is empty of seeds while another is bloated
    ok 5 - ORIGINALITY_SEED_ZONE_IMBALANCE fires when one zone is empty of seeds while another is bloated
      ---
      duration_ms: 2.212298
      type: 'test'
      ...
    # Subtest: ORIGINALITY_SEED_ZONE_IMBALANCE does not fire when seeds are spread across all zones
    ok 6 - ORIGINALITY_SEED_ZONE_IMBALANCE does not fire when seeds are spread across all zones
      ---
      duration_ms: 2.240303
      type: 'test'
      ...
    1..6
ok 1487 - Wave 634 — originalityPass: originality highlight staging decoupled, originality open thread highlight aftermath void, originality seed zone imbalance
  ---
  duration_ms: 11.197064
  type: 'suite'
  ...
# Subtest: Wave 620 — originalityPass: payoff placement zone imbalance, seed turn decoupled, clock delta flatline
    # Subtest: PAYOFF_PLACEMENT_ZONE_IMBALANCE fires when one zone is empty of payoffs while another is bloated
    ok 1 - PAYOFF_PLACEMENT_ZONE_IMBALANCE fires when one zone is empty of payoffs while another is bloated
      ---
      duration_ms: 2.583171
      type: 'test'
      ...
    # Subtest: PAYOFF_PLACEMENT_ZONE_IMBALANCE does not fire when payoffs are spread across all zones
    ok 2 - PAYOFF_PLACEMENT_ZONE_IMBALANCE does not fire when payoffs are spread across all zones
      ---
      duration_ms: 2.476858
      type: 'test'
      ...
    # Subtest: SEED_TURN_DECOUPLED fires when seed scenes and dramatic-turn scenes never overlap
    ok 3 - SEED_TURN_DECOUPLED fires when seed scenes and dramatic-turn scenes never overlap
      ---
      duration_ms: 1.3518
      type: 'test'
      ...
    # Subtest: SEED_TURN_DECOUPLED does not fire when a scene carries both signals
    ok 4 - SEED_TURN_DECOUPLED does not fire when a scene carries both signals
      ---
      duration_ms: 1.127885
      type: 'test'
      ...
    # Subtest: CLOCK_DELTA_FLATLINE fires when clockDelta barely varies across scenes
    ok 5 - CLOCK_DELTA_FLATLINE fires when clockDelta barely varies across scenes
      ---
      duration_ms: 1.779441
      type: 'test'
      ...
    # Subtest: CLOCK_DELTA_FLATLINE does not fire when clockDelta varies widely across scenes
    ok 6 - CLOCK_DELTA_FLATLINE does not fire when clockDelta varies widely across scenes
      ---
      duration_ms: 1.970695
      type: 'test'
      ...
    1..6
ok 1488 - Wave 620 — originalityPass: payoff placement zone imbalance, seed turn decoupled, clock delta flatline
  ---
  duration_ms: 11.714905
  type: 'suite'
  ...
# Subtest: Wave 606 — originalityPass: clock raised zone cluster, open thread curiosity decoupled, scene staging zone imbalance
    # Subtest: CLOCK_RAISED_ZONE_CLUSTER fires when >75% of clockRaised scenes cluster in one third
    ok 1 - CLOCK_RAISED_ZONE_CLUSTER fires when >75% of clockRaised scenes cluster in one third
      ---
      duration_ms: 2.378826
      type: 'test'
      ...
    # Subtest: CLOCK_RAISED_ZONE_CLUSTER does not fire when clockRaised scenes are distributed across thirds
    ok 2 - CLOCK_RAISED_ZONE_CLUSTER does not fire when clockRaised scenes are distributed across thirds
      ---
      duration_ms: 1.916276
      type: 'test'
      ...
    # Subtest: OPEN_THREAD_CURIOSITY_DECOUPLED fires when open-thread scenes and curiosity-spike scenes never overlap
    ok 3 - OPEN_THREAD_CURIOSITY_DECOUPLED fires when open-thread scenes and curiosity-spike scenes never overlap
      ---
      duration_ms: 1.696224
      type: 'test'
      ...
    # Subtest: OPEN_THREAD_CURIOSITY_DECOUPLED does not fire when a scene carries both signals
    ok 4 - OPEN_THREAD_CURIOSITY_DECOUPLED does not fire when a scene carries both signals
      ---
      duration_ms: 1.600357
      type: 'test'
      ...
    # Subtest: SCENE_STAGING_ZONE_IMBALANCE fires when one zone is empty of visually dense scenes while another is bloated
    ok 5 - SCENE_STAGING_ZONE_IMBALANCE fires when one zone is empty of visually dense scenes while another is bloated
      ---
      duration_ms: 2.467144
      type: 'test'
      ...
    # Subtest: SCENE_STAGING_ZONE_IMBALANCE does not fire when every zone has a visually dense scene
    ok 6 - SCENE_STAGING_ZONE_IMBALANCE does not fire when every zone has a visually dense scene
      ---
      duration_ms: 2.261458
      type: 'test'
      ...
    1..6
ok 1489 - Wave 606 — originalityPass: clock raised zone cluster, open thread curiosity decoupled, scene staging zone imbalance
  ---
  duration_ms: 12.687747
  type: 'suite'
  ...
# Subtest: Wave 592 — originalityPass: dramatic turn zone cluster, purpose consecutive run, scene closer ellipsis flood
    # Subtest: DRAMATIC_TURN_ZONE_CLUSTER fires when >75% of dramatic-turn scenes cluster in one third
    ok 1 - DRAMATIC_TURN_ZONE_CLUSTER fires when >75% of dramatic-turn scenes cluster in one third
      ---
      duration_ms: 2.248574
      type: 'test'
      ...
    # Subtest: DRAMATIC_TURN_ZONE_CLUSTER does not fire when dramatic turns are distributed across thirds
    ok 2 - DRAMATIC_TURN_ZONE_CLUSTER does not fire when dramatic turns are distributed across thirds
      ---
      duration_ms: 1.846345
      type: 'test'
      ...
    # Subtest: PURPOSE_CONSECUTIVE_RUN fires when ≥4 consecutive scenes share the same purpose
    ok 3 - PURPOSE_CONSECUTIVE_RUN fires when ≥4 consecutive scenes share the same purpose
      ---
      duration_ms: 1.399994
      type: 'test'
      ...
    # Subtest: PURPOSE_CONSECUTIVE_RUN does not fire when no run of same purpose reaches 4 scenes
    ok 4 - PURPOSE_CONSECUTIVE_RUN does not fire when no run of same purpose reaches 4 scenes
      ---
      duration_ms: 1.294112
      type: 'test'
      ...
    # Subtest: SCENE_CLOSER_ELLIPSIS_FLOOD fires when ≥50% of scenes end their final line in an ellipsis
    ok 5 - SCENE_CLOSER_ELLIPSIS_FLOOD fires when ≥50% of scenes end their final line in an ellipsis
      ---
      duration_ms: 1.513989
      type: 'test'
      ...
    # Subtest: SCENE_CLOSER_ELLIPSIS_FLOOD does not fire when most scenes end without an ellipsis
    ok 6 - SCENE_CLOSER_ELLIPSIS_FLOOD does not fire when most scenes end without an ellipsis
      ---
      duration_ms: 1.264275
      type: 'test'
      ...
    1..6
ok 1490 - Wave 592 — originalityPass: dramatic turn zone cluster, purpose consecutive run, scene closer ellipsis flood
  ---
  duration_ms: 9.930439
  type: 'suite'
  ...
# Subtest: Wave 578 — originalityPass: slug same-location run, action present-continuous flood, dialogue backstory opener flood
    # Subtest: SLUG_SAME_LOCATION_RUN fires when ≥5 consecutive sluglines share the same base location
    ok 1 - SLUG_SAME_LOCATION_RUN fires when ≥5 consecutive sluglines share the same base location
      ---
      duration_ms: 1.485405
      type: 'test'
      ...
    # Subtest: SLUG_SAME_LOCATION_RUN does not fire when no location runs ≥5 consecutive scenes
    ok 2 - SLUG_SAME_LOCATION_RUN does not fire when no location runs ≥5 consecutive scenes
      ---
      duration_ms: 1.397079
      type: 'test'
      ...
    # Subtest: ACTION_PRESENT_CONTINUOUS_FLOOD fires when >25% of action lines use progressive aspect
    ok 3 - ACTION_PRESENT_CONTINUOUS_FLOOD fires when >25% of action lines use progressive aspect
      ---
      duration_ms: 1.117428
      type: 'test'
      ...
    # Subtest: ACTION_PRESENT_CONTINUOUS_FLOOD does not fire when ≤25% of action lines use progressive aspect
    ok 4 - ACTION_PRESENT_CONTINUOUS_FLOOD does not fire when ≤25% of action lines use progressive aspect
      ---
      duration_ms: 1.16571
      type: 'test'
      ...
    # Subtest: DIALOGUE_BACKSTORY_OPENER_FLOOD fires when >20% of dialogue lines open with a past-temporal anchor
    ok 5 - DIALOGUE_BACKSTORY_OPENER_FLOOD fires when >20% of dialogue lines open with a past-temporal anchor
      ---
      duration_ms: 1.502178
      type: 'test'
      ...
    # Subtest: DIALOGUE_BACKSTORY_OPENER_FLOOD does not fire when ≤20% of dialogue lines open with a past-temporal anchor
    ok 6 - DIALOGUE_BACKSTORY_OPENER_FLOOD does not fire when ≤20% of dialogue lines open with a past-temporal anchor
      ---
      duration_ms: 1.324992
      type: 'test'
      ...
    1..6
ok 1491 - Wave 578 — originalityPass: slug same-location run, action present-continuous flood, dialogue backstory opener flood
  ---
  duration_ms: 8.439075
  type: 'suite'
  ...
# Subtest: Wave 564 — originalityPass: slug INT/EXT monotone, dialogue em-dash interruption flood, action polysyndeton flood
    # Subtest: SLUG_INT_EXT_MONOTONE fires when >90% of classifiable slugs share one register
    ok 1 - SLUG_INT_EXT_MONOTONE fires when >90% of classifiable slugs share one register
      ---
      duration_ms: 1.57492
      type: 'test'
      ...
    # Subtest: SLUG_INT_EXT_MONOTONE does not fire when interior and exterior are balanced
    ok 2 - SLUG_INT_EXT_MONOTONE does not fire when interior and exterior are balanced
      ---
      duration_ms: 1.480937
      type: 'test'
      ...
    # Subtest: DIALOGUE_EM_DASH_INTERRUPTION_FLOOD fires when >30% of dialogue lines end with an interruption dash
    ok 3 - DIALOGUE_EM_DASH_INTERRUPTION_FLOOD fires when >30% of dialogue lines end with an interruption dash
      ---
      duration_ms: 6.202365
      type: 'test'
      ...
    # Subtest: DIALOGUE_EM_DASH_INTERRUPTION_FLOOD does not fire when interruption dashes are at or below 30%
    ok 4 - DIALOGUE_EM_DASH_INTERRUPTION_FLOOD does not fire when interruption dashes are at or below 30%
      ---
      duration_ms: 1.181883
      type: 'test'
      ...
    # Subtest: ACTION_POLYSYNDETON_FLOOD fires when >20% of action lines chain 3+ clauses with "and"
    ok 5 - ACTION_POLYSYNDETON_FLOOD fires when >20% of action lines chain 3+ clauses with "and"
      ---
      duration_ms: 3.838241
      type: 'test'
      ...
    # Subtest: ACTION_POLYSYNDETON_FLOOD does not fire when "and"-chained lines are at or below 20%
    ok 6 - ACTION_POLYSYNDETON_FLOOD does not fire when "and"-chained lines are at or below 20%
      ---
      duration_ms: 0.88942
      type: 'test'
      ...
    1..6
ok 1492 - Wave 564 — originalityPass: slug INT/EXT monotone, dialogue em-dash interruption flood, action polysyndeton flood
  ---
  duration_ms: 15.474071
  type: 'suite'
  ...
# Subtest: Wave 550 — originalityPass: parenthetical flood, dialogue long speech flood, action adverb flood
    # Subtest: PARENTHETICAL_FLOOD fires when >35% of speeches have an immediate parenthetical
    ok 1 - PARENTHETICAL_FLOOD fires when >35% of speeches have an immediate parenthetical
      ---
      duration_ms: 1.567498
      type: 'test'
      ...
    # Subtest: PARENTHETICAL_FLOOD does not fire when parentheticals are below 35%
    ok 2 - PARENTHETICAL_FLOOD does not fire when parentheticals are below 35%
      ---
      duration_ms: 1.238118
      type: 'test'
      ...
    # Subtest: DIALOGUE_LONG_SPEECH_FLOOD fires when >30% of dialogue lines have >15 words
    ok 3 - DIALOGUE_LONG_SPEECH_FLOOD fires when >30% of dialogue lines have >15 words
      ---
      duration_ms: 1.621868
      type: 'test'
      ...
    # Subtest: DIALOGUE_LONG_SPEECH_FLOOD does not fire when long speeches are at or below 30%
    ok 4 - DIALOGUE_LONG_SPEECH_FLOOD does not fire when long speeches are at or below 30%
      ---
      duration_ms: 1.433474
      type: 'test'
      ...
    # Subtest: ACTION_ADVERB_FLOOD fires when >35% of action lines contain a "-ly" adverb
    ok 5 - ACTION_ADVERB_FLOOD fires when >35% of action lines contain a "-ly" adverb
      ---
      duration_ms: 1.679531
      type: 'test'
      ...
    # Subtest: ACTION_ADVERB_FLOOD does not fire when adverbs are at or below 35% of action lines
    ok 6 - ACTION_ADVERB_FLOOD does not fire when adverbs are at or below 35% of action lines
      ---
      duration_ms: 1.760729
      type: 'test'
      ...
    1..6
ok 1493 - Wave 550 — originalityPass: parenthetical flood, dialogue long speech flood, action adverb flood
  ---
  duration_ms: 9.584144
  type: 'suite'
  ...
# Subtest: Wave 536 — originalityPass: dialogue negative imperative flood, dialogue exclamation run, dialogue short speech flood
    # Subtest: DIALOGUE_NEGATIVE_IMPERATIVE_FLOOD fires when >20% of dialogue lines open with a negative imperative
    ok 1 - DIALOGUE_NEGATIVE_IMPERATIVE_FLOOD fires when >20% of dialogue lines open with a negative imperative
      ---
      duration_ms: 1.628734
      type: 'test'
      ...
    # Subtest: DIALOGUE_NEGATIVE_IMPERATIVE_FLOOD does not fire when negative imperatives are below threshold
    ok 2 - DIALOGUE_NEGATIVE_IMPERATIVE_FLOOD does not fire when negative imperatives are below threshold
      ---
      duration_ms: 1.219257
      type: 'test'
      ...
    # Subtest: DIALOGUE_EXCLAMATION_RUN fires when ≥4 consecutive dialogue lines end with "!"
    ok 3 - DIALOGUE_EXCLAMATION_RUN fires when ≥4 consecutive dialogue lines end with "!"
      ---
      duration_ms: 1.425839
      type: 'test'
      ...
    # Subtest: DIALOGUE_EXCLAMATION_RUN does not fire when exclamation run is < 4
    ok 4 - DIALOGUE_EXCLAMATION_RUN does not fire when exclamation run is < 4
      ---
      duration_ms: 0.918222
      type: 'test'
      ...
    # Subtest: DIALOGUE_SHORT_SPEECH_FLOOD fires when >60% of dialogue lines have ≤3 words
    ok 5 - DIALOGUE_SHORT_SPEECH_FLOOD fires when >60% of dialogue lines have ≤3 words
      ---
      duration_ms: 1.45555
      type: 'test'
      ...
    # Subtest: DIALOGUE_SHORT_SPEECH_FLOOD does not fire when short speeches are below 60%
    ok 6 - DIALOGUE_SHORT_SPEECH_FLOOD does not fire when short speeches are below 60%
      ---
      duration_ms: 1.077486
      type: 'test'
      ...
    1..6
ok 1494 - Wave 536 — originalityPass: dialogue negative imperative flood, dialogue exclamation run, dialogue short speech flood
  ---
  duration_ms: 7.998811
  type: 'suite'
  ...
# Subtest: Wave 522 — originalityPass: dialogue hedging flood, dialogue agreement run, dialogue command flood
    # Subtest: DIALOGUE_HEDGING_FLOOD fires when >25% of dialogue lines contain hedging language
    ok 1 - DIALOGUE_HEDGING_FLOOD fires when >25% of dialogue lines contain hedging language
      ---
      duration_ms: 1.509236
      type: 'test'
      ...
    # Subtest: DIALOGUE_HEDGING_FLOOD does not fire when hedging is below the threshold
    ok 2 - DIALOGUE_HEDGING_FLOOD does not fire when hedging is below the threshold
      ---
      duration_ms: 1.014324
      type: 'test'
      ...
    # Subtest: DIALOGUE_AGREEMENT_RUN fires when ≥4 consecutive dialogue lines open with affirmation
    ok 3 - DIALOGUE_AGREEMENT_RUN fires when ≥4 consecutive dialogue lines open with affirmation
      ---
      duration_ms: 1.251916
      type: 'test'
      ...
    # Subtest: DIALOGUE_AGREEMENT_RUN does not fire when agreement run is < 4
    ok 4 - DIALOGUE_AGREEMENT_RUN does not fire when agreement run is < 4
      ---
      duration_ms: 0.951917
      type: 'test'
      ...
    # Subtest: DIALOGUE_COMMAND_FLOOD fires when >25% of dialogue lines open with a command verb
    ok 5 - DIALOGUE_COMMAND_FLOOD fires when >25% of dialogue lines open with a command verb
      ---
      duration_ms: 1.46039
      type: 'test'
      ...
    # Subtest: DIALOGUE_COMMAND_FLOOD does not fire when commands are below the threshold
    ok 6 - DIALOGUE_COMMAND_FLOOD does not fire when commands are below the threshold
      ---
      duration_ms: 1.092637
      type: 'test'
      ...
    1..6
ok 1495 - Wave 522 — originalityPass: dialogue hedging flood, dialogue agreement run, dialogue command flood
  ---
  duration_ms: 7.559649
  type: 'suite'
  ...
# Subtest: Wave 508 — originalityPass: dialogue same-speaker run, action then-opener flood, dialogue wish-statement flood
    # Subtest: DIALOGUE_SAME_SPEAKER_RUN fires when one speaker dominates with 5+ consecutive speech lines
    ok 1 - DIALOGUE_SAME_SPEAKER_RUN fires when one speaker dominates with 5+ consecutive speech lines
      ---
      duration_ms: 1.784579
      type: 'test'
      ...
    # Subtest: DIALOGUE_SAME_SPEAKER_RUN does not fire when max consecutive run is 4
    ok 2 - DIALOGUE_SAME_SPEAKER_RUN does not fire when max consecutive run is 4
      ---
      duration_ms: 1.5059
      type: 'test'
      ...
    # Subtest: ACTION_THEN_OPENER_FLOOD fires when over 25% of action lines begin with "Then"
    ok 3 - ACTION_THEN_OPENER_FLOOD fires when over 25% of action lines begin with "Then"
      ---
      duration_ms: 1.294241
      type: 'test'
      ...
    # Subtest: ACTION_THEN_OPENER_FLOOD does not fire when only 1 of 8 action lines begins with "Then"
    ok 4 - ACTION_THEN_OPENER_FLOOD does not fire when only 1 of 8 action lines begins with "Then"
      ---
      duration_ms: 1.048085
      type: 'test'
      ...
    # Subtest: DIALOGUE_WISH_STATEMENT_FLOOD fires when over 20% of dialogue lines contain counterfactual language
    ok 5 - DIALOGUE_WISH_STATEMENT_FLOOD fires when over 20% of dialogue lines contain counterfactual language
      ---
      duration_ms: 1.230123
      type: 'test'
      ...
    # Subtest: DIALOGUE_WISH_STATEMENT_FLOOD does not fire when only 1 of 10 dialogue lines contains wish language
    ok 6 - DIALOGUE_WISH_STATEMENT_FLOOD does not fire when only 1 of 10 dialogue lines contains wish language
      ---
      duration_ms: 0.898545
      type: 'test'
      ...
    1..6
ok 1496 - Wave 508 — originalityPass: dialogue same-speaker run, action then-opener flood, dialogue wish-statement flood
  ---
  duration_ms: 8.211817
  type: 'suite'
  ...
# Subtest: Wave 494 — originalityPass: dialogue question run, dialogue short run, dialogue speaker solo
    # Subtest: DIALOGUE_QUESTION_RUN fires when 4 or more consecutive speeches end with "?"
    ok 1 - DIALOGUE_QUESTION_RUN fires when 4 or more consecutive speeches end with "?"
      ---
      duration_ms: 1.375016
      type: 'test'
      ...
    # Subtest: DIALOGUE_QUESTION_RUN does not fire when question speeches are separated by statements
    ok 2 - DIALOGUE_QUESTION_RUN does not fire when question speeches are separated by statements
      ---
      duration_ms: 0.834433
      type: 'test'
      ...
    # Subtest: DIALOGUE_SHORT_RUN fires when 5 or more consecutive speeches are ≤3 words
    ok 3 - DIALOGUE_SHORT_RUN fires when 5 or more consecutive speeches are ≤3 words
      ---
      duration_ms: 1.24195
      type: 'test'
      ...
    # Subtest: DIALOGUE_SHORT_RUN does not fire when short speeches are separated by longer ones
    ok 4 - DIALOGUE_SHORT_RUN does not fire when short speeches are separated by longer ones
      ---
      duration_ms: 1.551747
      type: 'test'
      ...
    # Subtest: DIALOGUE_SPEAKER_SOLO fires when one speaker has more than 60% of all dialogue lines
    ok 5 - DIALOGUE_SPEAKER_SOLO fires when one speaker has more than 60% of all dialogue lines
      ---
      duration_ms: 1.434931
      type: 'test'
      ...
    # Subtest: DIALOGUE_SPEAKER_SOLO does not fire when no single speaker exceeds 60% of dialogue lines
    ok 6 - DIALOGUE_SPEAKER_SOLO does not fire when no single speaker exceeds 60% of dialogue lines
      ---
      duration_ms: 1.785414
      type: 'test'
      ...
    1..6
ok 1497 - Wave 494 — originalityPass: dialogue question run, dialogue short run, dialogue speaker solo
  ---
  duration_ms: 8.499869
  type: 'suite'
  ...
# Subtest: Wave 480 — originalityPass: dialogue filler run, action average line brevity, action peak paragraph
    # Subtest: DIALOGUE_FILLER_RUN fires when 3 or more consecutive speeches open with filler words
    ok 1 - DIALOGUE_FILLER_RUN fires when 3 or more consecutive speeches open with filler words
      ---
      duration_ms: 1.251218
      type: 'test'
      ...
    # Subtest: DIALOGUE_FILLER_RUN does not fire when filler speeches are not consecutive
    ok 2 - DIALOGUE_FILLER_RUN does not fire when filler speeches are not consecutive
      ---
      duration_ms: 0.856136
      type: 'test'
      ...
    # Subtest: ACTION_AVERAGE_LINE_BREVITY fires when action lines average 4 words or fewer
    ok 3 - ACTION_AVERAGE_LINE_BREVITY fires when action lines average 4 words or fewer
      ---
      duration_ms: 1.218956
      type: 'test'
      ...
    # Subtest: ACTION_AVERAGE_LINE_BREVITY does not fire when action lines average more than 4 words
    ok 4 - ACTION_AVERAGE_LINE_BREVITY does not fire when action lines average more than 4 words
      ---
      duration_ms: 1.048895
      type: 'test'
      ...
    # Subtest: ACTION_PEAK_PARAGRAPH fires when one action paragraph is 5x the average length and 40+ words
    ok 5 - ACTION_PEAK_PARAGRAPH fires when one action paragraph is 5x the average length and 40+ words
      ---
      duration_ms: 5.056513
      type: 'test'
      ...
    # Subtest: ACTION_PEAK_PARAGRAPH does not fire when action paragraphs are similar in length
    ok 6 - ACTION_PEAK_PARAGRAPH does not fire when action paragraphs are similar in length
      ---
      duration_ms: 0.917484
      type: 'test'
      ...
    1..6
ok 1498 - Wave 480 — originalityPass: dialogue filler run, action average line brevity, action peak paragraph
  ---
  duration_ms: 10.814837
  type: 'suite'
  ...
# Subtest: Wave 466 — originalityPass: action pronoun opener flood, dialogue question flood, ellipsis run action
    # Subtest: ACTION_PRONOUN_OPENER_FLOOD fires when >50% of action blocks open with "He" or "She"
    ok 1 - ACTION_PRONOUN_OPENER_FLOOD fires when >50% of action blocks open with "He" or "She"
      ---
      duration_ms: 1.8188
      type: 'test'
      ...
    # Subtest: ACTION_PRONOUN_OPENER_FLOOD does not fire when action blocks use varied openers
    ok 2 - ACTION_PRONOUN_OPENER_FLOOD does not fire when action blocks use varied openers
      ---
      duration_ms: 1.862572
      type: 'test'
      ...
    # Subtest: DIALOGUE_QUESTION_FLOOD fires when >35% of dialogue lines end with "?"
    ok 3 - DIALOGUE_QUESTION_FLOOD fires when >35% of dialogue lines end with "?"
      ---
      duration_ms: 11.424323
      type: 'test'
      ...
    # Subtest: DIALOGUE_QUESTION_FLOOD does not fire when question lines are a small minority
    ok 4 - DIALOGUE_QUESTION_FLOOD does not fire when question lines are a small minority
      ---
      duration_ms: 1.824176
      type: 'test'
      ...
    # Subtest: ELLIPSIS_RUN_ACTION fires when 3 consecutive action lines end with "..."
    ok 5 - ELLIPSIS_RUN_ACTION fires when 3 consecutive action lines end with "..."
      ---
      duration_ms: 1.07085
      type: 'test'
      ...
    # Subtest: ELLIPSIS_RUN_ACTION does not fire when ellipsis lines are not consecutive
    ok 6 - ELLIPSIS_RUN_ACTION does not fire when ellipsis lines are not consecutive
      ---
      duration_ms: 0.841387
      type: 'test'
      ...
    1..6
ok 1499 - Wave 466 — originalityPass: action pronoun opener flood, dialogue question flood, ellipsis run action
  ---
  duration_ms: 19.137509
  type: 'suite'
  ...
# Subtest: Wave 452 — originalityPass: dialogue ellipsis flood, slug time monotone, dialogue filler opener
    # Subtest: DIALOGUE_ELLIPSIS_FLOOD fires when >20% of dialogue lines end with "..."
    ok 1 - DIALOGUE_ELLIPSIS_FLOOD fires when >20% of dialogue lines end with "..."
      ---
      duration_ms: 1.576595
      type: 'test'
      ...
    # Subtest: DIALOGUE_ELLIPSIS_FLOOD does not fire when ellipsis use is rare in dialogue
    ok 2 - DIALOGUE_ELLIPSIS_FLOOD does not fire when ellipsis use is rare in dialogue
      ---
      duration_ms: 1.128272
      type: 'test'
      ...
    # Subtest: SLUG_TIME_MONOTONE fires when >80% of time-tagged sluglines share the same time
    ok 3 - SLUG_TIME_MONOTONE fires when >80% of time-tagged sluglines share the same time
      ---
      duration_ms: 1.639353
      type: 'test'
      ...
    # Subtest: SLUG_TIME_MONOTONE does not fire when time-of-day is varied
    ok 4 - SLUG_TIME_MONOTONE does not fire when time-of-day is varied
      ---
      duration_ms: 1.46122
      type: 'test'
      ...
    # Subtest: DIALOGUE_FILLER_OPENER fires when 4+ speeches begin with verbal filler openers
    ok 5 - DIALOGUE_FILLER_OPENER fires when 4+ speeches begin with verbal filler openers
      ---
      duration_ms: 1.081062
      type: 'test'
      ...
    # Subtest: DIALOGUE_FILLER_OPENER does not fire when fewer than 4 speeches use filler openers
    ok 6 - DIALOGUE_FILLER_OPENER does not fire when fewer than 4 speeches use filler openers
      ---
      duration_ms: 1.083781
      type: 'test'
      ...
    1..6
ok 1500 - Wave 452 — originalityPass: dialogue ellipsis flood, slug time monotone, dialogue filler opener
  ---
  duration_ms: 8.409427
  type: 'suite'
  ...
# Subtest: Wave 438 — originalityPass: passive verb dominance, dialogue monologue drought, action question intrusion
    # Subtest: PASSIVE_VERB_DOMINANCE fires when >25% of action lines use passive construction
    ok 1 - PASSIVE_VERB_DOMINANCE fires when >25% of action lines use passive construction
      ---
      duration_ms: 1.349102
      type: 'test'
      ...
    # Subtest: PASSIVE_VERB_DOMINANCE does not fire when passive voice is rare in action
    ok 2 - PASSIVE_VERB_DOMINANCE does not fire when passive voice is rare in action
      ---
      duration_ms: 0.867566
      type: 'test'
      ...
    # Subtest: DIALOGUE_MONOLOGUE_DROUGHT fires when <5% of dialogue lines exceed 15 words
    ok 3 - DIALOGUE_MONOLOGUE_DROUGHT fires when <5% of dialogue lines exceed 15 words
      ---
      duration_ms: 1.423103
      type: 'test'
      ...
    # Subtest: DIALOGUE_MONOLOGUE_DROUGHT does not fire when extended speeches exist
    ok 4 - DIALOGUE_MONOLOGUE_DROUGHT does not fire when extended speeches exist
      ---
      duration_ms: 1.641941
      type: 'test'
      ...
    # Subtest: ACTION_QUESTION_INTRUSION fires when 3+ action lines contain a question mark
    ok 5 - ACTION_QUESTION_INTRUSION fires when 3+ action lines contain a question mark
      ---
      duration_ms: 0.948762
      type: 'test'
      ...
    # Subtest: ACTION_QUESTION_INTRUSION does not fire when fewer than 3 action lines ask questions
    ok 6 - ACTION_QUESTION_INTRUSION does not fire when fewer than 3 action lines ask questions
      ---
      duration_ms: 0.675162
      type: 'test'
      ...
    1..6
ok 1501 - Wave 438 — originalityPass: passive verb dominance, dialogue monologue drought, action question intrusion
  ---
  duration_ms: 7.203203
  type: 'suite'
  ...
# Subtest: Wave 424 — originalityPass: insert shot crutch, ellipsis action overuse, action adverb flood
    # Subtest: INSERT_SHOT_CRUTCH fires when 3+ INSERT labels appear
    ok 1 - INSERT_SHOT_CRUTCH fires when 3+ INSERT labels appear
      ---
      duration_ms: 1.512685
      type: 'test'
      ...
    # Subtest: INSERT_SHOT_CRUTCH does not fire with only 2 INSERT labels
    ok 2 - INSERT_SHOT_CRUTCH does not fire with only 2 INSERT labels
      ---
      duration_ms: 0.893222
      type: 'test'
      ...
    # Subtest: ELLIPSIS_ACTION_OVERUSE fires when >20% of action lines trail off with "..."
    ok 3 - ELLIPSIS_ACTION_OVERUSE fires when >20% of action lines trail off with "..."
      ---
      duration_ms: 1.233246
      type: 'test'
      ...
    # Subtest: ELLIPSIS_ACTION_OVERUSE does not fire when ellipsis is rare in action
    ok 4 - ELLIPSIS_ACTION_OVERUSE does not fire when ellipsis is rare in action
      ---
      duration_ms: 1.13836
      type: 'test'
      ...
    # Subtest: ACTION_ADVERB_FLOOD fires when >25% of action lines carry a manner adverb
    ok 5 - ACTION_ADVERB_FLOOD fires when >25% of action lines carry a manner adverb
      ---
      duration_ms: 1.152278
      type: 'test'
      ...
    # Subtest: ACTION_ADVERB_FLOOD does not fire when adverbs are rare in action
    ok 6 - ACTION_ADVERB_FLOOD does not fire when adverbs are rare in action
      ---
      duration_ms: 1.103307
      type: 'test'
      ...
    1..6
ok 1502 - Wave 424 — originalityPass: insert shot crutch, ellipsis action overuse, action adverb flood
  ---
  duration_ms: 7.315
  type: 'suite'
  ...
# Subtest: Wave 410 — originalityPass: slow-motion crutch, freeze-frame crutch, sound-cue crutch
    # Subtest: SLOW_MOTION_CRUTCH fires when slow motion is called 2+ times
    ok 1 - SLOW_MOTION_CRUTCH fires when slow motion is called 2+ times
      ---
      duration_ms: 0.886924
      type: 'test'
      ...
    # Subtest: SLOW_MOTION_CRUTCH does NOT fire with a single slow-motion call
    ok 2 - SLOW_MOTION_CRUTCH does NOT fire with a single slow-motion call
      ---
      duration_ms: 0.593116
      type: 'test'
      ...
    # Subtest: FREEZE_FRAME_CRUTCH fires when freeze frame is called 2+ times
    ok 3 - FREEZE_FRAME_CRUTCH fires when freeze frame is called 2+ times
      ---
      duration_ms: 0.938271
      type: 'test'
      ...
    # Subtest: FREEZE_FRAME_CRUTCH does NOT fire with a single freeze-frame call
    ok 4 - FREEZE_FRAME_CRUTCH does NOT fire with a single freeze-frame call
      ---
      duration_ms: 0.594623
      type: 'test'
      ...
    # Subtest: SOUND_CUE_CRUTCH fires when 3+ hard-coded sound cues appear
    ok 5 - SOUND_CUE_CRUTCH fires when 3+ hard-coded sound cues appear
      ---
      duration_ms: 0.825862
      type: 'test'
      ...
    # Subtest: SOUND_CUE_CRUTCH does NOT fire with only two sound cues
    ok 6 - SOUND_CUE_CRUTCH does NOT fire with only two sound cues
      ---
      duration_ms: 0.512372
      type: 'test'
      ...
    1..6
ok 1503 - Wave 410 — originalityPass: slow-motion crutch, freeze-frame crutch, sound-cue crutch
  ---
  duration_ms: 4.620165
  type: 'suite'
  ...
# Subtest: Wave 396 — originalityPass: revelation purpose monotone, dialogue short-line dominance, dialogue question drought
    # Subtest: REVELATION_PURPOSE_MONOTONE fires when all revelation scenes share the same purpose
    ok 1 - REVELATION_PURPOSE_MONOTONE fires when all revelation scenes share the same purpose
      ---
      duration_ms: 1.361516
      type: 'test'
      ...
    # Subtest: REVELATION_PURPOSE_MONOTONE does not fire when revelation scenes have varied purposes
    ok 2 - REVELATION_PURPOSE_MONOTONE does not fire when revelation scenes have varied purposes
      ---
      duration_ms: 1.324426
      type: 'test'
      ...
    # Subtest: DIALOGUE_SHORT_LINE_DOMINANCE fires when ≥75% of dialogue lines are ≤4 words
    ok 3 - DIALOGUE_SHORT_LINE_DOMINANCE fires when ≥75% of dialogue lines are ≤4 words
      ---
      duration_ms: 1.293294
      type: 'test'
      ...
    # Subtest: DIALOGUE_SHORT_LINE_DOMINANCE does not fire when dialogue has sufficient length variation
    ok 4 - DIALOGUE_SHORT_LINE_DOMINANCE does not fire when dialogue has sufficient length variation
      ---
      duration_ms: 1.607392
      type: 'test'
      ...
    # Subtest: DIALOGUE_QUESTION_DROUGHT fires when fewer than 5% of dialogue lines are interrogative
    ok 5 - DIALOGUE_QUESTION_DROUGHT fires when fewer than 5% of dialogue lines are interrogative
      ---
      duration_ms: 1.917701
      type: 'test'
      ...
    # Subtest: DIALOGUE_QUESTION_DROUGHT does not fire when enough dialogue lines are interrogative
    ok 6 - DIALOGUE_QUESTION_DROUGHT does not fire when enough dialogue lines are interrogative
      ---
      duration_ms: 1.830713
      type: 'test'
      ...
    1..6
ok 1504 - Wave 396 — originalityPass: revelation purpose monotone, dialogue short-line dominance, dialogue question drought
  ---
  duration_ms: 9.706423
  type: 'suite'
  ...
# Subtest: Wave 382 — originalityPass: chapter label crutch, split-screen crutch, match-cut overuse
    # Subtest: CHAPTER_LABEL_CRUTCH fires when three or more chapter/part headings appear
    ok 1 - CHAPTER_LABEL_CRUTCH fires when three or more chapter/part headings appear
      ---
      duration_ms: 1.257618
      type: 'test'
      ...
    # Subtest: CHAPTER_LABEL_CRUTCH does not fire without chapter headings
    ok 2 - CHAPTER_LABEL_CRUTCH does not fire without chapter headings
      ---
      duration_ms: 0.688803
      type: 'test'
      ...
    # Subtest: SPLIT_SCREEN_CRUTCH fires when two or more split-screen markers appear
    ok 3 - SPLIT_SCREEN_CRUTCH fires when two or more split-screen markers appear
      ---
      duration_ms: 1.06205
      type: 'test'
      ...
    # Subtest: SPLIT_SCREEN_CRUTCH does not fire with at most one split-screen marker
    ok 4 - SPLIT_SCREEN_CRUTCH does not fire with at most one split-screen marker
      ---
      duration_ms: 0.628214
      type: 'test'
      ...
    # Subtest: MATCH_CUT_OVERUSE fires when three or more match cuts appear
    ok 5 - MATCH_CUT_OVERUSE fires when three or more match cuts appear
      ---
      duration_ms: 1.386935
      type: 'test'
      ...
    # Subtest: MATCH_CUT_OVERUSE does not fire with fewer than three match cuts
    ok 6 - MATCH_CUT_OVERUSE does not fire with fewer than three match cuts
      ---
      duration_ms: 0.730173
      type: 'test'
      ...
    1..6
ok 1505 - Wave 382 — originalityPass: chapter label crutch, split-screen crutch, match-cut overuse
  ---
  duration_ms: 6.034411
  type: 'suite'
  ...
# Subtest: Wave 368 — originalityPass: off-screen cue overuse, continuous slug overuse, back-to-scene crutch
    # Subtest: OFF_SCREEN_CUE_OVERUSE fires when four or more (O.S.)/(O.C.) cues appear
    ok 1 - OFF_SCREEN_CUE_OVERUSE fires when four or more (O.S.)/(O.C.) cues appear
      ---
      duration_ms: 1.191095
      type: 'test'
      ...
    # Subtest: OFF_SCREEN_CUE_OVERUSE does not fire when speakers are in the frame
    ok 2 - OFF_SCREEN_CUE_OVERUSE does not fire when speakers are in the frame
      ---
      duration_ms: 0.813138
      type: 'test'
      ...
    # Subtest: CONTINUOUS_SLUG_OVERUSE fires when three or more sluglines use continuity tags
    ok 3 - CONTINUOUS_SLUG_OVERUSE fires when three or more sluglines use continuity tags
      ---
      duration_ms: 1.092964
      type: 'test'
      ...
    # Subtest: CONTINUOUS_SLUG_OVERUSE does not fire when sluglines use real time-of-day
    ok 4 - CONTINUOUS_SLUG_OVERUSE does not fire when sluglines use real time-of-day
      ---
      duration_ms: 0.999241
      type: 'test'
      ...
    # Subtest: BACK_TO_SCENE_CRUTCH fires when two or more return markers appear
    ok 5 - BACK_TO_SCENE_CRUTCH fires when two or more return markers appear
      ---
      duration_ms: 1.938937
      type: 'test'
      ...
    # Subtest: BACK_TO_SCENE_CRUTCH does not fire with at most one return marker
    ok 6 - BACK_TO_SCENE_CRUTCH does not fire with at most one return marker
      ---
      duration_ms: 1.90825
      type: 'test'
      ...
    1..6
ok 1506 - Wave 368 — originalityPass: off-screen cue overuse, continuous slug overuse, back-to-scene crutch
  ---
  duration_ms: 8.311486
  type: 'suite'
  ...
# Subtest: Wave 354 — originalityPass: fade transition overuse, dream sequence crutch, intercut overuse
    # Subtest: FADE_TRANSITION_OVERUSE fires when four or more fade/dissolve transitions appear
    ok 1 - FADE_TRANSITION_OVERUSE fires when four or more fade/dissolve transitions appear
      ---
      duration_ms: 1.310735
      type: 'test'
      ...
    # Subtest: FADE_TRANSITION_OVERUSE does not fire with only opening and closing fades
    ok 2 - FADE_TRANSITION_OVERUSE does not fire with only opening and closing fades
      ---
      duration_ms: 0.826987
      type: 'test'
      ...
    # Subtest: DREAM_SEQUENCE_CRUTCH fires when two or more dream sequences appear
    ok 3 - DREAM_SEQUENCE_CRUTCH fires when two or more dream sequences appear
      ---
      duration_ms: 1.122343
      type: 'test'
      ...
    # Subtest: DREAM_SEQUENCE_CRUTCH does not fire for a single dream sequence
    ok 4 - DREAM_SEQUENCE_CRUTCH does not fire for a single dream sequence
      ---
      duration_ms: 0.740565
      type: 'test'
      ...
    # Subtest: INTERCUT_OVERUSE fires when three or more intercut markers appear
    ok 5 - INTERCUT_OVERUSE fires when three or more intercut markers appear
      ---
      duration_ms: 1.208937
      type: 'test'
      ...
    # Subtest: INTERCUT_OVERUSE does not fire for a single intercut
    ok 6 - INTERCUT_OVERUSE does not fire for a single intercut
      ---
      duration_ms: 0.734234
      type: 'test'
      ...
    1..6
ok 1507 - Wave 354 — originalityPass: fade transition overuse, dream sequence crutch, intercut overuse
  ---
  duration_ms: 6.325323
  type: 'suite'
  ...
# Subtest: Wave 340 — originalityPass: voiceover crutch, beat direction overuse, smash cut overuse
    # Subtest: VOICEOVER_CRUTCH fires when four or more (V.O.) cues appear
    ok 1 - VOICEOVER_CRUTCH fires when four or more (V.O.) cues appear
      ---
      duration_ms: 2.384058
      type: 'test'
      ...
    # Subtest: VOICEOVER_CRUTCH does not fire for a single framing voiceover
    ok 2 - VOICEOVER_CRUTCH does not fire for a single framing voiceover
      ---
      duration_ms: 4.272361
      type: 'test'
      ...
    # Subtest: BEAT_DIRECTION_OVERUSE fires when four or more standalone (beat) directions appear
    ok 3 - BEAT_DIRECTION_OVERUSE fires when four or more standalone (beat) directions appear
      ---
      duration_ms: 1.615131
      type: 'test'
      ...
    # Subtest: BEAT_DIRECTION_OVERUSE does not fire when (beat) is used sparingly
    ok 4 - BEAT_DIRECTION_OVERUSE does not fire when (beat) is used sparingly
      ---
      duration_ms: 0.871295
      type: 'test'
      ...
    # Subtest: SMASH_CUT_OVERUSE fires when three or more dramatic cut transitions appear
    ok 5 - SMASH_CUT_OVERUSE fires when three or more dramatic cut transitions appear
      ---
      duration_ms: 1.249534
      type: 'test'
      ...
    # Subtest: SMASH_CUT_OVERUSE does not fire for plain CUT TO transitions
    ok 6 - SMASH_CUT_OVERUSE does not fire for plain CUT TO transitions
      ---
      duration_ms: 0.996982
      type: 'test'
      ...
    1..6
ok 1508 - Wave 340 — originalityPass: voiceover crutch, beat direction overuse, smash cut overuse
  ---
  duration_ms: 11.673739
  type: 'suite'
  ...
# Subtest: Wave 326 — originalityPass: montage crutch, title card crutch, time card crutch
    # Subtest: MONTAGE_CRUTCH fires when two or more montages appear
    ok 1 - MONTAGE_CRUTCH fires when two or more montages appear
      ---
      duration_ms: 1.124164
      type: 'test'
      ...
    # Subtest: MONTAGE_CRUTCH does not fire for a single montage
    ok 2 - MONTAGE_CRUTCH does not fire for a single montage
      ---
      duration_ms: 0.633498
      type: 'test'
      ...
    # Subtest: TITLE_CARD_CRUTCH fires when three or more on-screen text cards appear
    ok 3 - TITLE_CARD_CRUTCH fires when three or more on-screen text cards appear
      ---
      duration_ms: 1.449405
      type: 'test'
      ...
    # Subtest: TITLE_CARD_CRUTCH does not fire when on-screen text is sparse
    ok 4 - TITLE_CARD_CRUTCH does not fire when on-screen text is sparse
      ---
      duration_ms: 0.853989
      type: 'test'
      ...
    # Subtest: TIME_CARD_CRUTCH fires when three or more time-jump captions appear
    ok 5 - TIME_CARD_CRUTCH fires when three or more time-jump captions appear
      ---
      duration_ms: 1.097177
      type: 'test'
      ...
    # Subtest: TIME_CARD_CRUTCH does not fire when time-jump captions are rare
    ok 6 - TIME_CARD_CRUTCH does not fire when time-jump captions are rare
      ---
      duration_ms: 1.07794
      type: 'test'
      ...
    1..6
ok 1509 - Wave 326 — originalityPass: montage crutch, title card crutch, time card crutch
  ---
  duration_ms: 6.582738
  type: 'suite'
  ...
# Subtest: Wave 315 — originalityPass: body language cliché overuse, slug generic location, flashback crutch
    # Subtest: BODY_LANGUAGE_CLICHE_OVERUSE fires when >20% of action lines use stock gestures
    ok 1 - BODY_LANGUAGE_CLICHE_OVERUSE fires when >20% of action lines use stock gestures
      ---
      duration_ms: 1.560385
      type: 'test'
      ...
    # Subtest: BODY_LANGUAGE_CLICHE_OVERUSE does not fire when action lines use specific physical behaviour
    ok 2 - BODY_LANGUAGE_CLICHE_OVERUSE does not fire when action lines use specific physical behaviour
      ---
      duration_ms: 1.511498
      type: 'test'
      ...
    # Subtest: SLUG_GENERIC_LOCATION fires when >60% of sluglines use placeholder names
    ok 3 - SLUG_GENERIC_LOCATION fires when >60% of sluglines use placeholder names
      ---
      duration_ms: 1.401531
      type: 'test'
      ...
    # Subtest: SLUG_GENERIC_LOCATION does not fire when sluglines use specific named locations
    ok 4 - SLUG_GENERIC_LOCATION does not fire when sluglines use specific named locations
      ---
      duration_ms: 1.556317
      type: 'test'
      ...
    # Subtest: FLASHBACK_CRUTCH fires when 4 or more flashback markers appear
    ok 5 - FLASHBACK_CRUTCH fires when 4 or more flashback markers appear
      ---
      duration_ms: 1.298862
      type: 'test'
      ...
    # Subtest: FLASHBACK_CRUTCH does not fire when fewer than 4 flashback markers are used
    ok 6 - FLASHBACK_CRUTCH does not fire when fewer than 4 flashback markers are used
      ---
      duration_ms: 0.754277
      type: 'test'
      ...
    1..6
ok 1510 - Wave 315 — originalityPass: body language cliché overuse, slug generic location, flashback crutch
  ---
  duration_ms: 8.371018
  type: 'suite'
  ...
# Subtest: Wave 301 — originalityPass: mirror self-gaze cliché, weather opener crutch, just-a-dream reveal
    # Subtest: MIRROR_SELF_GAZE_CLICHE fires when mirror introspection appears in 2+ scenes
    ok 1 - MIRROR_SELF_GAZE_CLICHE fires when mirror introspection appears in 2+ scenes
      ---
      duration_ms: 1.061141
      type: 'test'
      ...
    # Subtest: MIRROR_SELF_GAZE_CLICHE does not fire for a single mirror beat
    ok 2 - MIRROR_SELF_GAZE_CLICHE does not fire for a single mirror beat
      ---
      duration_ms: 0.65399
      type: 'test'
      ...
    # Subtest: WEATHER_OPENER_CRUTCH fires when 3+ scenes open on a weather line
    ok 3 - WEATHER_OPENER_CRUTCH fires when 3+ scenes open on a weather line
      ---
      duration_ms: 1.131027
      type: 'test'
      ...
    # Subtest: WEATHER_OPENER_CRUTCH does not fire when scenes open on character action
    ok 4 - WEATHER_OPENER_CRUTCH does not fire when scenes open on character action
      ---
      duration_ms: 0.675474
      type: 'test'
      ...
    # Subtest: JUST_A_DREAM_REVEAL fires when events are dismissed as just a dream
    ok 5 - JUST_A_DREAM_REVEAL fires when events are dismissed as just a dream
      ---
      duration_ms: 0.906748
      type: 'test'
      ...
    # Subtest: JUST_A_DREAM_REVEAL does not fire when no dream fake-out occurs
    ok 6 - JUST_A_DREAM_REVEAL does not fire when no dream fake-out occurs
      ---
      duration_ms: 0.613407
      type: 'test'
      ...
    1..6
ok 1511 - Wave 301 — originalityPass: mirror self-gaze cliché, weather opener crutch, just-a-dream reveal
  ---
  duration_ms: 5.319841
  type: 'suite'
  ...
# Subtest: Wave 287 — originalityPass: opening wake-up cliché, dialogue exclamation flood, slug interior dominance
    # Subtest: OPENING_WAKE_UP_CLICHE fires when the first scene shows a character waking up
    ok 1 - OPENING_WAKE_UP_CLICHE fires when the first scene shows a character waking up
      ---
      duration_ms: 1.006637
      type: 'test'
      ...
    # Subtest: OPENING_WAKE_UP_CLICHE does not fire when waking happens in a later scene
    ok 2 - OPENING_WAKE_UP_CLICHE does not fire when waking happens in a later scene
      ---
      duration_ms: 0.572376
      type: 'test'
      ...
    # Subtest: DIALOGUE_EXCLAMATION_FLOOD fires when >25% of 10+ dialogue lines end with !
    ok 3 - DIALOGUE_EXCLAMATION_FLOOD fires when >25% of 10+ dialogue lines end with !
      ---
      duration_ms: 1.470933
      type: 'test'
      ...
    # Subtest: DIALOGUE_EXCLAMATION_FLOOD does not fire when exclamations are sparse
    ok 4 - DIALOGUE_EXCLAMATION_FLOOD does not fire when exclamations are sparse
      ---
      duration_ms: 1.473337
      type: 'test'
      ...
    # Subtest: SLUG_INTERIOR_DOMINANCE fires when >85% of 6+ sluglines are INT.
    ok 5 - SLUG_INTERIOR_DOMINANCE fires when >85% of 6+ sluglines are INT.
      ---
      duration_ms: 1.291438
      type: 'test'
      ...
    # Subtest: SLUG_INTERIOR_DOMINANCE does not fire when exterior scenes are present
    ok 6 - SLUG_INTERIOR_DOMINANCE does not fire when exterior scenes are present
      ---
      duration_ms: 1.262631
      type: 'test'
      ...
    1..6
ok 1512 - Wave 287 — originalityPass: opening wake-up cliché, dialogue exclamation flood, slug interior dominance
  ---
  duration_ms: 7.395416
  type: 'suite'
  ...
# Subtest: Wave 273 — originalityPass: exclamation in action, parenthetical flood, location repetition
    # Subtest: EXCLAMATION_IN_ACTION fires when 2+ action lines end with an exclamation mark
    ok 1 - EXCLAMATION_IN_ACTION fires when 2+ action lines end with an exclamation mark
      ---
      duration_ms: 1.256779
      type: 'test'
      ...
    # Subtest: EXCLAMATION_IN_ACTION does NOT fire when fewer than 2 action lines end with exclamation
    ok 2 - EXCLAMATION_IN_ACTION does NOT fire when fewer than 2 action lines end with exclamation
      ---
      duration_ms: 0.780171
      type: 'test'
      ...
    # Subtest: PARENTHETICAL_FLOOD fires when parentheticals exceed 30% of dialogue lines
    ok 3 - PARENTHETICAL_FLOOD fires when parentheticals exceed 30% of dialogue lines
      ---
      duration_ms: 1.606238
      type: 'test'
      ...
    # Subtest: PARENTHETICAL_FLOOD does NOT fire when parentheticals are sparse
    ok 4 - PARENTHETICAL_FLOOD does NOT fire when parentheticals are sparse
      ---
      duration_ms: 1.165645
      type: 'test'
      ...
    # Subtest: LOCATION_REPETITION fires when more than 70% of sluglines use the same location
    ok 5 - LOCATION_REPETITION fires when more than 70% of sluglines use the same location
      ---
      duration_ms: 1.282315
      type: 'test'
      ...
    # Subtest: LOCATION_REPETITION does NOT fire when locations are varied
    ok 6 - LOCATION_REPETITION does NOT fire when locations are varied
      ---
      duration_ms: 1.417661
      type: 'test'
      ...
    1..6
ok 1513 - Wave 273 — originalityPass: exclamation in action, parenthetical flood, location repetition
  ---
  duration_ms: 7.780029
  type: 'suite'
  ...
# Subtest: Wave 259 — originalityPass: copula action dominance, filtering-verb overuse, directorial intrusion
    # Subtest: COPULA_ACTION_DOMINANCE fires when >45% of action lines lean on a copula
    ok 1 - COPULA_ACTION_DOMINANCE fires when >45% of action lines lean on a copula
      ---
      duration_ms: 1.301033
      type: 'test'
      ...
    # Subtest: COPULA_ACTION_DOMINANCE does NOT fire when action lines use active verbs
    ok 2 - COPULA_ACTION_DOMINANCE does NOT fire when action lines use active verbs
      ---
      duration_ms: 1.106995
      type: 'test'
      ...
    # Subtest: FILTERING_VERB_OVERUSE fires when >25% of action lines filter perception
    ok 3 - FILTERING_VERB_OVERUSE fires when >25% of action lines filter perception
      ---
      duration_ms: 2.195533
      type: 'test'
      ...
    # Subtest: FILTERING_VERB_OVERUSE does NOT fire when images are presented directly
    ok 4 - FILTERING_VERB_OVERUSE does NOT fire when images are presented directly
      ---
      duration_ms: 0.841803
      type: 'test'
      ...
    # Subtest: DIRECTORIAL_INTRUSION fires when 3+ action lines embed camera directions
    ok 5 - DIRECTORIAL_INTRUSION fires when 3+ action lines embed camera directions
      ---
      duration_ms: 1.065418
      type: 'test'
      ...
    # Subtest: DIRECTORIAL_INTRUSION does NOT fire when prose carries the emphasis
    ok 6 - DIRECTORIAL_INTRUSION does NOT fire when prose carries the emphasis
      ---
      duration_ms: 0.671476
      type: 'test'
      ...
    1..6
ok 1514 - Wave 259 — originalityPass: copula action dominance, filtering-verb overuse, directorial intrusion
  ---
  duration_ms: 7.589968
  type: 'suite'
  ...
# Subtest: Wave 245 — originalityPass: gerund opener dominance, scene slug time monotone, cognition in action
    # Subtest: GERUND_OPENER_DOMINANCE fires when >45% of action lines start with a gerund
    ok 1 - GERUND_OPENER_DOMINANCE fires when >45% of action lines start with a gerund
      ---
      duration_ms: 1.400472
      type: 'test'
      ...
    # Subtest: GERUND_OPENER_DOMINANCE does NOT fire when ≤45% of action lines start with a gerund
    ok 2 - GERUND_OPENER_DOMINANCE does NOT fire when ≤45% of action lines start with a gerund
      ---
      duration_ms: 1.215989
      type: 'test'
      ...
    # Subtest: SCENE_SLUG_TIME_MONOTONE fires when all scene sluglines use the same time indicator
    ok 3 - SCENE_SLUG_TIME_MONOTONE fires when all scene sluglines use the same time indicator
      ---
      duration_ms: 1.277822
      type: 'test'
      ...
    # Subtest: SCENE_SLUG_TIME_MONOTONE does NOT fire when scene sluglines have mixed time indicators
    ok 4 - SCENE_SLUG_TIME_MONOTONE does NOT fire when scene sluglines have mixed time indicators
      ---
      duration_ms: 1.273058
      type: 'test'
      ...
    # Subtest: COGNITION_IN_ACTION fires when >30% of action lines use cognition verbs
    ok 5 - COGNITION_IN_ACTION fires when >30% of action lines use cognition verbs
      ---
      duration_ms: 1.230231
      type: 'test'
      ...
    # Subtest: COGNITION_IN_ACTION does NOT fire when ≤30% of action lines use cognition verbs
    ok 6 - COGNITION_IN_ACTION does NOT fire when ≤30% of action lines use cognition verbs
      ---
      duration_ms: 1.131888
      type: 'test'
      ...
    1..6
ok 1515 - Wave 245 — originalityPass: gerund opener dominance, scene slug time monotone, cognition in action
  ---
  duration_ms: 7.891664
  type: 'suite'
  ...
# Subtest: Wave 217 — originalityPass: action opener monotony, distinctive word echo, scene shape templating (freshness physics)
    # Subtest: ACTION_OPENER_MONOTONY fires when most action lines begin with the same word
    ok 1 - ACTION_OPENER_MONOTONY fires when most action lines begin with the same word
      ---
      duration_ms: 1.461728
      type: 'test'
      ...
    # Subtest: ACTION_OPENER_MONOTONY does not fire when action openers vary
    ok 2 - ACTION_OPENER_MONOTONY does not fire when action openers vary
      ---
      duration_ms: 1.163868
      type: 'test'
      ...
    # Subtest: DISTINCTIVE_WORD_ECHO fires when a distinctive word repeats in close proximity
    ok 3 - DISTINCTIVE_WORD_ECHO fires when a distinctive word repeats in close proximity
      ---
      duration_ms: 0.929531
      type: 'test'
      ...
    # Subtest: DISTINCTIVE_WORD_ECHO does not fire when distinctive words are not repeated
    ok 4 - DISTINCTIVE_WORD_ECHO does not fire when distinctive words are not repeated
      ---
      duration_ms: 0.676985
      type: 'test'
      ...
    # Subtest: SCENE_SHAPE_TEMPLATING fires when most scenes share one structural signature despite varied purposes
    ok 5 - SCENE_SHAPE_TEMPLATING fires when most scenes share one structural signature despite varied purposes
      ---
      duration_ms: 2.537596
      type: 'test'
      ...
    # Subtest: SCENE_SHAPE_TEMPLATING does not fire when scene shapes vary structurally
    ok 6 - SCENE_SHAPE_TEMPLATING does not fire when scene shapes vary structurally
      ---
      duration_ms: 1.219302
      type: 'test'
      ...
    1..6
ok 1516 - Wave 217 — originalityPass: action opener monotony, distinctive word echo, scene shape templating (freshness physics)
  ---
  duration_ms: 8.276713
  type: 'suite'
  ...
# Subtest: Wave 201 — originalityPass: simile overload, dialogue dominance, adverb oversaturation
    # Subtest: originalityPass detects SIMILE_OVERLOAD when >25% of action lines use simile constructions
    ok 1 - originalityPass detects SIMILE_OVERLOAD when >25% of action lines use simile constructions
      ---
      duration_ms: 1.550288
      type: 'test'
      ...
    # Subtest: originalityPass does NOT fire SIMILE_OVERLOAD when simile density is low
    ok 2 - originalityPass does NOT fire SIMILE_OVERLOAD when simile density is low
      ---
      duration_ms: 0.978173
      type: 'test'
      ...
    # Subtest: originalityPass detects DIALOGUE_DOMINANCE when >70% of content lines are dialogue
    ok 3 - originalityPass detects DIALOGUE_DOMINANCE when >70% of content lines are dialogue
      ---
      duration_ms: 5.830691
      type: 'test'
      ...
    # Subtest: originalityPass does NOT fire DIALOGUE_DOMINANCE when action is substantial
    ok 4 - originalityPass does NOT fire DIALOGUE_DOMINANCE when action is substantial
      ---
      duration_ms: 1.004566
      type: 'test'
      ...
    # Subtest: originalityPass detects ADVERB_OVERSATURATION when >20% of action lines use -ly adverbs
    ok 5 - originalityPass detects ADVERB_OVERSATURATION when >20% of action lines use -ly adverbs
      ---
      duration_ms: 1.45443
      type: 'test'
      ...
    # Subtest: originalityPass does NOT fire ADVERB_OVERSATURATION when adverb density is low
    ok 6 - originalityPass does NOT fire ADVERB_OVERSATURATION when adverb density is low
      ---
      duration_ms: 1.391733
      type: 'test'
      ...
    1..6
ok 1517 - Wave 201 — originalityPass: simile overload, dialogue dominance, adverb oversaturation
  ---
  duration_ms: 12.502302
  type: 'suite'
  ...
# Subtest: Wave 118 — originality pass: genre-specific clichés
    # Subtest: originality: thriller genre + "the villain monologuing their full plan" → GENRE_CLICHE
    ok 1 - originality: thriller genre + "the villain monologuing their full plan" → GENRE_CLICHE
      ---
      duration_ms: 1.070491
      type: 'test'
      ...
    # Subtest: originality: horror genre + "a cat jumping out for a fake scare" → GENRE_CLICHE
    ok 2 - originality: horror genre + "a cat jumping out for a fake scare" → GENRE_CLICHE
      ---
      duration_ms: 0.73489
      type: 'test'
      ...
    # Subtest: originality: thriller genre with clean text → no GENRE_CLICHE
    ok 3 - originality: thriller genre with clean text → no GENRE_CLICHE
      ---
      duration_ms: 0.500636
      type: 'test'
      ...
    # Subtest: originality: no genre set → no GENRE_CLICHE check
    ok 4 - originality: no genre set → no GENRE_CLICHE check
      ---
      duration_ms: 0.372022
      type: 'test'
      ...
    1..4
ok 1518 - Wave 118 — originality pass: genre-specific clichés
  ---
  duration_ms: 2.863205
  type: 'suite'
  ...
# Subtest: Wave 118 — proofsToConstraints: PolarityProof + ReincorporationProof
    # Subtest: proofsToConstraints: PolarityProof failure → polarity reversal constraint
    ok 1 - proofsToConstraints: PolarityProof failure → polarity reversal constraint
      ---
      duration_ms: 0.647227
      type: 'test'
      ...
    # Subtest: proofsToConstraints: ReincorporationProof failure → prior story material constraint
    ok 2 - proofsToConstraints: ReincorporationProof failure → prior story material constraint
      ---
      duration_ms: 0.280934
      type: 'test'
      ...
    1..2
ok 1519 - Wave 118 — proofsToConstraints: PolarityProof + ReincorporationProof
  ---
  duration_ms: 1.031107
  type: 'suite'
  ...
# Subtest: Wave 137 — originalityPass: EMOTION_NAMING_IN_ACTION
    # Subtest: EMOTION_NAMING_IN_ACTION fires when action line names an emotion directly
    ok 1 - EMOTION_NAMING_IN_ACTION fires when action line names an emotion directly
      ---
      duration_ms: 1.059084
      type: 'test'
      ...
    # Subtest: EMOTION_NAMING_IN_ACTION does NOT fire for emotion words in dialogue
    ok 2 - EMOTION_NAMING_IN_ACTION does NOT fire for emotion words in dialogue
      ---
      duration_ms: 3.9255
      type: 'test'
      ...
    # Subtest: EMOTION_NAMING_IN_ACTION does NOT fire for behavioral action descriptions
    ok 3 - EMOTION_NAMING_IN_ACTION does NOT fire for behavioral action descriptions
      ---
      duration_ms: 0.753301
      type: 'test'
      ...
    1..3
ok 1520 - Wave 137 — originalityPass: EMOTION_NAMING_IN_ACTION
  ---
  duration_ms: 5.898406
  type: 'suite'
  ...
# {"time":"2026-08-05T02:28:52.997Z","level":"warn","msg":"collab_secret_generated","message":"COLLAB_SECRET not set — generated an ephemeral per-process secret. Set COLLAB_SECRET in any multi-process or restart-prone deployment."}
# {"time":"2026-08-05T02:28:53.055Z","level":"warn","msg":"revision_rewrite_failed","passName":"pacing","message":"Gemini provider not available (GEMINI_API_KEY not set)"}
# {"time":"2026-08-05T02:28:53.058Z","level":"warn","msg":"revision_rewrite_failed","passName":"pacing","message":"Gemini provider not available (GEMINI_API_KEY not set)"}
# {"time":"2026-08-05T02:28:53.060Z","level":"warn","msg":"revision_rewrite_failed","passName":"pacing","message":"Gemini provider not available (GEMINI_API_KEY not set)"}
# {"time":"2026-08-05T02:28:53.063Z","level":"warn","msg":"revision_rewrite_failed","passName":"pacing","message":"Gemini provider not available (GEMINI_API_KEY not set)"}
# {"time":"2026-08-05T02:28:53.069Z","level":"warn","msg":"revision_rewrite_failed","passName":"pacing","message":"Gemini provider not available (GEMINI_API_KEY not set)"}
# {"time":"2026-08-05T02:28:53.071Z","level":"warn","msg":"revision_rewrite_failed","passName":"pacing","message":"Gemini provider not available (GEMINI_API_KEY not set)"}
# {"time":"2026-08-05T02:28:53.074Z","level":"warn","msg":"revision_rewrite_failed","passName":"pacing","message":"Gemini provider not available (GEMINI_API_KEY not set)"}
# {"time":"2026-08-05T02:28:53.075Z","level":"warn","msg":"revision_rewrite_failed","passName":"pacing","message":"Gemini provider not available (GEMINI_API_KEY not set)"}
# {"time":"2026-08-05T02:28:53.078Z","level":"warn","msg":"revision_rewrite_failed","passName":"pacing","message":"Gemini provider not available (GEMINI_API_KEY not set)"}
# {"time":"2026-08-05T02:28:53.079Z","level":"warn","msg":"revision_rewrite_failed","passName":"pacing","message":"Gemini provider not available (GEMINI_API_KEY not set)"}
# {"time":"2026-08-05T02:28:53.082Z","level":"warn","msg":"revision_rewrite_failed","passName":"pacing","message":"Gemini provider not available (GEMINI_API_KEY not set)"}
# {"time":"2026-08-05T02:28:53.084Z","level":"warn","msg":"revision_rewrite_failed","passName":"pacing","message":"Gemini provider not available (GEMINI_API_KEY not set)"}
# {"time":"2026-08-05T02:28:53.085Z","level":"warn","msg":"revision_rewrite_failed","passName":"pacing","message":"Gemini provider not available (GEMINI_API_KEY not set)"}
# {"time":"2026-08-05T02:28:53.086Z","level":"warn","msg":"revision_rewrite_failed","passName":"pacing","message":"Gemini provider not available (GEMINI_API_KEY not set)"}
# {"time":"2026-08-05T02:28:53.087Z","level":"warn","msg":"revision_rewrite_failed","passName":"pacing","message":"Gemini provider not available (GEMINI_API_KEY not set)"}
# {"time":"2026-08-05T02:28:53.089Z","level":"warn","msg":"revision_rewrite_failed","passName":"pacing","message":"Gemini provider not available (GEMINI_API_KEY not set)"}
# {"time":"2026-08-05T02:28:53.090Z","level":"warn","msg":"revision_rewrite_failed","passName":"pacing","message":"Gemini provider not available (GEMINI_API_KEY not set)"}
# {"time":"2026-08-05T02:28:53.091Z","level":"warn","msg":"revision_rewrite_failed","passName":"pacing","message":"Gemini provider not available (GEMINI_API_KEY not set)"}
# {"time":"2026-08-05T02:28:53.092Z","level":"warn","msg":"revision_rewrite_failed","passName":"pacing","message":"Gemini provider not available (GEMINI_API_KEY not set)"}
# {"time":"2026-08-05T02:28:53.093Z","level":"warn","msg":"revision_rewrite_failed","passName":"pacing","message":"Gemini provider not available (GEMINI_API_KEY not set)"}
# {"time":"2026-08-05T02:28:53.094Z","level":"warn","msg":"revision_rewrite_failed","passName":"pacing","message":"Gemini provider not available (GEMINI_API_KEY not set)"}
# {"time":"2026-08-05T02:28:53.098Z","level":"warn","msg":"revision_rewrite_failed","passName":"pacing","message":"Gemini provider not available (GEMINI_API_KEY not set)"}
# {"time":"2026-08-05T02:28:53.099Z","level":"warn","msg":"revision_rewrite_failed","passName":"pacing","message":"Gemini provider not available (GEMINI_API_KEY not set)"}
# {"time":"2026-08-05T02:28:53.113Z","level":"warn","msg":"revision_rewrite_failed","passName":"pacing","message":"Gemini provider not available (GEMINI_API_KEY not set)"}
# {"time":"2026-08-05T02:28:53.114Z","level":"warn","msg":"revision_rewrite_failed","passName":"pacing","message":"Gemini provider not available (GEMINI_API_KEY not set)"}
# {"time":"2026-08-05T02:28:53.115Z","level":"warn","msg":"revision_rewrite_failed","passName":"pacing","message":"Gemini provider not available (GEMINI_API_KEY not set)"}
# {"time":"2026-08-05T02:28:53.117Z","level":"warn","msg":"revision_rewrite_failed","passName":"pacing","message":"Gemini provider not available (GEMINI_API_KEY not set)"}
# {"time":"2026-08-05T02:28:53.118Z","level":"warn","msg":"revision_rewrite_failed","passName":"pacing","message":"Gemini provider not available (GEMINI_API_KEY not set)"}
# {"time":"2026-08-05T02:28:53.119Z","level":"warn","msg":"revision_rewrite_failed","passName":"pacing","message":"Gemini provider not available (GEMINI_API_KEY not set)"}
# {"time":"2026-08-05T02:28:53.121Z","level":"warn","msg":"revision_rewrite_failed","passName":"pacing","message":"Gemini provider not available (GEMINI_API_KEY not set)"}
# {"time":"2026-08-05T02:28:53.122Z","level":"warn","msg":"revision_rewrite_failed","passName":"pacing","message":"Gemini provider not available (GEMINI_API_KEY not set)"}
# {"time":"2026-08-05T02:28:53.124Z","level":"warn","msg":"revision_rewrite_failed","passName":"pacing","message":"Gemini provider not available (GEMINI_API_KEY not set)"}
# {"time":"2026-08-05T02:28:53.125Z","level":"warn","msg":"revision_rewrite_failed","passName":"pacing","message":"Gemini provider not available (GEMINI_API_KEY not set)"}
# {"time":"2026-08-05T02:28:53.126Z","level":"warn","msg":"revision_rewrite_failed","passName":"pacing","message":"Gemini provider not available (GEMINI_API_KEY not set)"}
# {"time":"2026-08-05T02:28:53.127Z","level":"warn","msg":"revision_rewrite_failed","passName":"pacing","message":"Gemini provider not available (GEMINI_API_KEY not set)"}
# {"time":"2026-08-05T02:28:53.129Z","level":"warn","msg":"revision_rewrite_failed","passName":"pacing","message":"Gemini provider not available (GEMINI_API_KEY not set)"}
# {"time":"2026-08-05T02:28:53.131Z","level":"warn","msg":"revision_rewrite_failed","passName":"pacing","message":"Gemini provider not available (GEMINI_API_KEY not set)"}
# {"time":"2026-08-05T02:28:53.132Z","level":"warn","msg":"revision_rewrite_failed","passName":"pacing","message":"Gemini provider not available (GEMINI_API_KEY not set)"}
# {"time":"2026-08-05T02:28:53.133Z","level":"warn","msg":"revision_rewrite_failed","passName":"pacing","message":"Gemini provider not available (GEMINI_API_KEY not set)"}
# {"time":"2026-08-05T02:28:53.134Z","level":"warn","msg":"revision_rewrite_failed","passName":"pacing","message":"Gemini provider not available (GEMINI_API_KEY not set)"}
# {"time":"2026-08-05T02:28:53.135Z","level":"warn","msg":"revision_rewrite_failed","passName":"pacing","message":"Gemini provider not available (GEMINI_API_KEY not set)"}
# {"time":"2026-08-05T02:28:53.141Z","level":"warn","msg":"revision_rewrite_failed","passName":"pacing","message":"Gemini provider not available (GEMINI_API_KEY not set)"}
# {"time":"2026-08-05T02:28:53.142Z","level":"warn","msg":"revision_rewrite_failed","passName":"pacing","message":"Gemini provider not available (GEMINI_API_KEY not set)"}
# {"time":"2026-08-05T02:28:53.143Z","level":"warn","msg":"revision_rewrite_failed","passName":"pacing","message":"Gemini provider not available (GEMINI_API_KEY not set)"}
# {"time":"2026-08-05T02:28:53.145Z","level":"warn","msg":"revision_rewrite_failed","passName":"pacing","message":"Gemini provider not available (GEMINI_API_KEY not set)"}
# {"time":"2026-08-05T02:28:53.146Z","level":"warn","msg":"revision_rewrite_failed","passName":"pacing","message":"Gemini provider not available (GEMINI_API_KEY not set)"}
# {"time":"2026-08-05T02:28:53.147Z","level":"warn","msg":"revision_rewrite_failed","passName":"pacing","message":"Gemini provider not available (GEMINI_API_KEY not set)"}
# {"time":"2026-08-05T02:28:53.148Z","level":"warn","msg":"revision_rewrite_failed","passName":"pacing","message":"Gemini provider not available (GEMINI_API_KEY not set)"}
# {"time":"2026-08-05T02:28:53.149Z","level":"warn","msg":"revision_rewrite_failed","passName":"pacing","message":"Gemini provider not available (GEMINI_API_KEY not set)"}
# {"time":"2026-08-05T02:28:53.151Z","level":"warn","msg":"revision_rewrite_failed","passName":"pacing","message":"Gemini provider not available (GEMINI_API_KEY not set)"}
# {"time":"2026-08-05T02:28:53.152Z","level":"warn","msg":"revision_rewrite_failed","passName":"pacing","message":"Gemini provider not available (GEMINI_API_KEY not set)"}
# {"time":"2026-08-05T02:28:53.153Z","level":"warn","msg":"revision_rewrite_failed","passName":"pacing","message":"Gemini provider not available (GEMINI_API_KEY not set)"}
# {"time":"2026-08-05T02:28:53.154Z","level":"warn","msg":"revision_rewrite_failed","passName":"pacing","message":"Gemini provider not available (GEMINI_API_KEY not set)"}
# {"time":"2026-08-05T02:28:53.155Z","level":"warn","msg":"revision_rewrite_failed","passName":"pacing","message":"Gemini provider not available (GEMINI_API_KEY not set)"}
# {"time":"2026-08-05T02:28:53.157Z","level":"warn","msg":"revision_rewrite_failed","passName":"pacing","message":"Gemini provider not available (GEMINI_API_KEY not set)"}
# {"time":"2026-08-05T02:28:53.158Z","level":"warn","msg":"revision_rewrite_failed","passName":"pacing","message":"Gemini provider not available (GEMINI_API_KEY not set)"}
# {"time":"2026-08-05T02:28:53.159Z","level":"warn","msg":"revision_rewrite_failed","passName":"pacing","message":"Gemini provider not available (GEMINI_API_KEY not set)"}
# {"time":"2026-08-05T02:28:53.160Z","level":"warn","msg":"revision_rewrite_failed","passName":"pacing","message":"Gemini provider not available (GEMINI_API_KEY not set)"}
# {"time":"2026-08-05T02:28:53.161Z","level":"warn","msg":"revision_rewrite_failed","passName":"pacing","message":"Gemini provider not available (GEMINI_API_KEY not set)"}
# {"time":"2026-08-05T02:28:53.162Z","level":"warn","msg":"revision_rewrite_failed","passName":"pacing","message":"Gemini provider not available (GEMINI_API_KEY not set)"}
# {"time":"2026-08-05T02:28:53.164Z","level":"warn","msg":"revision_rewrite_failed","passName":"pacing","message":"Gemini provider not available (GEMINI_API_KEY not set)"}
# {"time":"2026-08-05T02:28:53.165Z","level":"warn","msg":"revision_rewrite_failed","passName":"pacing","message":"Gemini provider not available (GEMINI_API_KEY not set)"}
# {"time":"2026-08-05T02:28:53.166Z","level":"warn","msg":"revision_rewrite_failed","passName":"pacing","message":"Gemini provider not available (GEMINI_API_KEY not set)"}
# {"time":"2026-08-05T02:28:53.167Z","level":"warn","msg":"revision_rewrite_failed","passName":"pacing","message":"Gemini provider not available (GEMINI_API_KEY not set)"}
# {"time":"2026-08-05T02:28:53.168Z","level":"warn","msg":"revision_rewrite_failed","passName":"pacing","message":"Gemini provider not available (GEMINI_API_KEY not set)"}
# {"time":"2026-08-05T02:28:53.169Z","level":"warn","msg":"revision_rewrite_failed","passName":"pacing","message":"Gemini provider not available (GEMINI_API_KEY not set)"}
# {"time":"2026-08-05T02:28:53.170Z","level":"warn","msg":"revision_rewrite_failed","passName":"pacing","message":"Gemini provider not available (GEMINI_API_KEY not set)"}
# {"time":"2026-08-05T02:28:53.171Z","level":"warn","msg":"revision_rewrite_failed","passName":"pacing","message":"Gemini provider not available (GEMINI_API_KEY not set)"}
# {"time":"2026-08-05T02:28:53.173Z","level":"warn","msg":"revision_rewrite_failed","passName":"pacing","message":"Gemini provider not available (GEMINI_API_KEY not set)"}
# {"time":"2026-08-05T02:28:53.174Z","level":"warn","msg":"revision_rewrite_failed","passName":"pacing","message":"Gemini provider not available (GEMINI_API_KEY not set)"}
# {"time":"2026-08-05T02:28:53.175Z","level":"warn","msg":"revision_rewrite_failed","passName":"pacing","message":"Gemini provider not available (GEMINI_API_KEY not set)"}
# {"time":"2026-08-05T02:28:53.176Z","level":"warn","msg":"revision_rewrite_failed","passName":"pacing","message":"Gemini provider not available (GEMINI_API_KEY not set)"}
# {"time":"2026-08-05T02:28:53.177Z","level":"warn","msg":"revision_rewrite_failed","passName":"pacing","message":"Gemini provider not available (GEMINI_API_KEY not set)"}
# {"time":"2026-08-05T02:28:53.178Z","level":"warn","msg":"revision_rewrite_failed","passName":"pacing","message":"Gemini provider not available (GEMINI_API_KEY not set)"}
# {"time":"2026-08-05T02:28:53.179Z","level":"warn","msg":"revision_rewrite_failed","passName":"pacing","message":"Gemini provider not available (GEMINI_API_KEY not set)"}
# {"time":"2026-08-05T02:28:53.181Z","level":"warn","msg":"revision_rewrite_failed","passName":"pacing","message":"Gemini provider not available (GEMINI_API_KEY not set)"}
# {"time":"2026-08-05T02:28:53.182Z","level":"warn","msg":"revision_rewrite_failed","passName":"pacing","message":"Gemini provider not available (GEMINI_API_KEY not set)"}
# {"time":"2026-08-05T02:28:53.183Z","level":"warn","msg":"revision_rewrite_failed","passName":"pacing","message":"Gemini provider not available (GEMINI_API_KEY not set)"}
# {"time":"2026-08-05T02:28:53.184Z","level":"warn","msg":"revision_rewrite_failed","passName":"pacing","message":"Gemini provider not available (GEMINI_API_KEY not set)"}
# {"time":"2026-08-05T02:28:53.185Z","level":"warn","msg":"revision_rewrite_failed","passName":"pacing","message":"Gemini provider not available (GEMINI_API_KEY not set)"}
# {"time":"2026-08-05T02:28:53.186Z","level":"warn","msg":"revision_rewrite_failed","passName":"pacing","message":"Gemini provider not available (GEMINI_API_KEY not set)"}
# {"time":"2026-08-05T02:28:53.187Z","level":"warn","msg":"revision_rewrite_failed","passName":"pacing","message":"Gemini provider not available (GEMINI_API_KEY not set)"}
# {"time":"2026-08-05T02:28:53.189Z","level":"warn","msg":"revision_rewrite_failed","passName":"pacing","message":"Gemini provider not available (GEMINI_API_KEY not set)"}
# {"time":"2026-08-05T02:28:53.190Z","level":"warn","msg":"revision_rewrite_failed","passName":"pacing","message":"Gemini provider not available (GEMINI_API_KEY not set)"}
# {"time":"2026-08-05T02:28:53.191Z","level":"warn","msg":"revision_rewrite_failed","passName":"pacing","message":"Gemini provider not available (GEMINI_API_KEY not set)"}
# {"time":"2026-08-05T02:28:53.192Z","level":"warn","msg":"revision_rewrite_failed","passName":"pacing","message":"Gemini provider not available (GEMINI_API_KEY not set)"}
# {"time":"2026-08-05T02:28:53.193Z","level":"warn","msg":"revision_rewrite_failed","passName":"pacing","message":"Gemini provider not available (GEMINI_API_KEY not set)"}
# {"time":"2026-08-05T02:28:53.194Z","level":"warn","msg":"revision_rewrite_failed","passName":"pacing","message":"Gemini provider not available (GEMINI_API_KEY not set)"}
# {"time":"2026-08-05T02:28:53.195Z","level":"warn","msg":"revision_rewrite_failed","passName":"pacing","message":"Gemini provider not available (GEMINI_API_KEY not set)"}
# {"time":"2026-08-05T02:28:53.198Z","level":"warn","msg":"revision_rewrite_failed","passName":"pacing","message":"Gemini provider not available (GEMINI_API_KEY not set)"}
# {"time":"2026-08-05T02:28:53.205Z","level":"warn","msg":"revision_rewrite_failed","passName":"pacing","message":"Gemini provider not available (GEMINI_API_KEY not set)"}
# {"time":"2026-08-05T02:28:53.206Z","level":"warn","msg":"revision_rewrite_failed","passName":"pacing","message":"Gemini provider not available (GEMINI_API_KEY not set)"}
# {"time":"2026-08-05T02:28:53.207Z","level":"warn","msg":"revision_rewrite_failed","passName":"pacing","message":"Gemini provider not available (GEMINI_API_KEY not set)"}
# {"time":"2026-08-05T02:28:53.208Z","level":"warn","msg":"revision_rewrite_failed","passName":"pacing","message":"Gemini provider not available (GEMINI_API_KEY not set)"}
# {"time":"2026-08-05T02:28:53.209Z","level":"warn","msg":"revision_rewrite_failed","passName":"pacing","message":"Gemini provider not available (GEMINI_API_KEY not set)"}
# {"time":"2026-08-05T02:28:53.210Z","level":"warn","msg":"revision_rewrite_failed","passName":"pacing","message":"Gemini provider not available (GEMINI_API_KEY not set)"}
# {"time":"2026-08-05T02:28:53.211Z","level":"warn","msg":"revision_rewrite_failed","passName":"pacing","message":"Gemini provider not available (GEMINI_API_KEY not set)"}
# {"time":"2026-08-05T02:28:53.212Z","level":"warn","msg":"revision_rewrite_failed","passName":"pacing","message":"Gemini provider not available (GEMINI_API_KEY not set)"}
# {"time":"2026-08-05T02:28:53.213Z","level":"warn","msg":"revision_rewrite_failed","passName":"pacing","message":"Gemini provider not available (GEMINI_API_KEY not set)"}
# {"time":"2026-08-05T02:28:53.214Z","level":"warn","msg":"revision_rewrite_failed","passName":"pacing","message":"Gemini provider not available (GEMINI_API_KEY not set)"}
# {"time":"2026-08-05T02:28:53.215Z","level":"warn","msg":"revision_rewrite_failed","passName":"pacing","message":"Gemini provider not available (GEMINI_API_KEY not set)"}
# {"time":"2026-08-05T02:28:53.216Z","level":"warn","msg":"revision_rewrite_failed","passName":"pacing","message":"Gemini provider not available (GEMINI_API_KEY not set)"}
# {"time":"2026-08-05T02:28:53.217Z","level":"warn","msg":"revision_rewrite_failed","passName":"pacing","message":"Gemini provider not available (GEMINI_API_KEY not set)"}
# {"time":"2026-08-05T02:28:53.219Z","level":"warn","msg":"revision_rewrite_failed","passName":"pacing","message":"Gemini provider not available (GEMINI_API_KEY not set)"}
# {"time":"2026-08-05T02:28:53.220Z","level":"warn","msg":"revision_rewrite_failed","passName":"pacing","message":"Gemini provider not available (GEMINI_API_KEY not set)"}
# {"time":"2026-08-05T02:28:53.221Z","level":"warn","msg":"revision_rewrite_failed","passName":"pacing","message":"Gemini provider not available (GEMINI_API_KEY not set)"}
# {"time":"2026-08-05T02:28:53.222Z","level":"warn","msg":"revision_rewrite_failed","passName":"pacing","message":"Gemini provider not available (GEMINI_API_KEY not set)"}
# {"time":"2026-08-05T02:28:53.223Z","level":"warn","msg":"revision_rewrite_failed","passName":"pacing","message":"Gemini provider not available (GEMINI_API_KEY not set)"}
# {"time":"2026-08-05T02:28:53.224Z","level":"warn","msg":"revision_rewrite_failed","passName":"pacing","message":"Gemini provider not available (GEMINI_API_KEY not set)"}
# {"time":"2026-08-05T02:28:53.225Z","level":"warn","msg":"revision_rewrite_failed","passName":"pacing","message":"Gemini provider not available (GEMINI_API_KEY not set)"}
# {"time":"2026-08-05T02:28:53.226Z","level":"warn","msg":"revision_rewrite_failed","passName":"pacing","message":"Gemini provider not available (GEMINI_API_KEY not set)"}
# {"time":"2026-08-05T02:28:53.227Z","level":"warn","msg":"revision_rewrite_failed","passName":"pacing","message":"Gemini provider not available (GEMINI_API_KEY not set)"}
# {"time":"2026-08-05T02:28:53.228Z","level":"warn","msg":"revision_rewrite_failed","passName":"pacing","message":"Gemini provider not available (GEMINI_API_KEY not set)"}
# {"time":"2026-08-05T02:28:53.230Z","level":"warn","msg":"revision_rewrite_failed","passName":"pacing","message":"Gemini provider not available (GEMINI_API_KEY not set)"}
# {"time":"2026-08-05T02:28:53.231Z","level":"warn","msg":"revision_rewrite_failed","passName":"pacing","message":"Gemini provider not available (GEMINI_API_KEY not set)"}
# {"time":"2026-08-05T02:28:53.232Z","level":"warn","msg":"revision_rewrite_failed","passName":"pacing","message":"Gemini provider not available (GEMINI_API_KEY not set)"}
# {"time":"2026-08-05T02:28:53.233Z","level":"warn","msg":"revision_rewrite_failed","passName":"pacing","message":"Gemini provider not available (GEMINI_API_KEY not set)"}
# {"time":"2026-08-05T02:28:53.234Z","level":"warn","msg":"revision_rewrite_failed","passName":"pacing","message":"Gemini provider not available (GEMINI_API_KEY not set)"}
# {"time":"2026-08-05T02:28:53.235Z","level":"warn","msg":"revision_rewrite_failed","passName":"pacing","message":"Gemini provider not available (GEMINI_API_KEY not set)"}
# {"time":"2026-08-05T02:28:53.236Z","level":"warn","msg":"revision_rewrite_failed","passName":"pacing","message":"Gemini provider not available (GEMINI_API_KEY not set)"}
# {"time":"2026-08-05T02:28:53.237Z","level":"warn","msg":"revision_rewrite_failed","passName":"pacing","message":"Gemini provider not available (GEMINI_API_KEY not set)"}
# {"time":"2026-08-05T02:28:53.238Z","level":"warn","msg":"revision_rewrite_failed","passName":"pacing","message":"Gemini provider not available (GEMINI_API_KEY not set)"}
# {"time":"2026-08-05T02:28:53.239Z","level":"warn","msg":"revision_rewrite_failed","passName":"pacing","message":"Gemini provider not available (GEMINI_API_KEY not set)"}
# {"time":"2026-08-05T02:28:53.241Z","level":"warn","msg":"revision_rewrite_failed","passName":"pacing","message":"Gemini provider not available (GEMINI_API_KEY not set)"}
# {"time":"2026-08-05T02:28:53.242Z","level":"warn","msg":"revision_rewrite_failed","passName":"pacing","message":"Gemini provider not available (GEMINI_API_KEY not set)"}
# {"time":"2026-08-05T02:28:53.243Z","level":"warn","msg":"revision_rewrite_failed","passName":"pacing","message":"Gemini provider not available (GEMINI_API_KEY not set)"}
# {"time":"2026-08-05T02:28:53.244Z","level":"warn","msg":"revision_rewrite_failed","passName":"pacing","message":"Gemini provider not available (GEMINI_API_KEY not set)"}
# {"time":"2026-08-05T02:28:53.245Z","level":"warn","msg":"revision_rewrite_failed","passName":"pacing","message":"Gemini provider not available (GEMINI_API_KEY not set)"}
# {"time":"2026-08-05T02:28:53.246Z","level":"warn","msg":"revision_rewrite_failed","passName":"pacing","message":"Gemini provider not available (GEMINI_API_KEY not set)"}
# {"time":"2026-08-05T02:28:53.247Z","level":"warn","msg":"revision_rewrite_failed","passName":"pacing","message":"Gemini provider not available (GEMINI_API_KEY not set)"}
# {"time":"2026-08-05T02:28:53.248Z","level":"warn","msg":"revision_rewrite_failed","passName":"pacing","message":"Gemini provider not available (GEMINI_API_KEY not set)"}
# {"time":"2026-08-05T02:28:53.250Z","level":"warn","msg":"revision_rewrite_failed","passName":"pacing","message":"Gemini provider not available (GEMINI_API_KEY not set)"}
# {"time":"2026-08-05T02:28:53.250Z","level":"warn","msg":"revision_rewrite_failed","passName":"pacing","message":"Gemini provider not available (GEMINI_API_KEY not set)"}
# {"time":"2026-08-05T02:28:53.251Z","level":"warn","msg":"revision_rewrite_failed","passName":"pacing","message":"Gemini provider not available (GEMINI_API_KEY not set)"}
# {"time":"2026-08-05T02:28:53.252Z","level":"warn","msg":"revision_rewrite_failed","passName":"pacing","message":"Gemini provider not available (GEMINI_API_KEY not set)"}
# {"time":"2026-08-05T02:28:53.253Z","level":"warn","msg":"revision_rewrite_failed","passName":"pacing","message":"Gemini provider not available (GEMINI_API_KEY not set)"}
# {"time":"2026-08-05T02:28:53.254Z","level":"warn","msg":"revision_rewrite_failed","passName":"pacing","message":"Gemini provider not available (GEMINI_API_KEY not set)"}
# {"time":"2026-08-05T02:28:53.256Z","level":"warn","msg":"revision_rewrite_failed","passName":"pacing","message":"Gemini provider not available (GEMINI_API_KEY not set)"}
# {"time":"2026-08-05T02:28:53.257Z","level":"warn","msg":"revision_rewrite_failed","passName":"pacing","message":"Gemini provider not available (GEMINI_API_KEY not set)"}
# {"time":"2026-08-05T02:28:53.258Z","level":"warn","msg":"revision_rewrite_failed","passName":"pacing","message":"Gemini provider not available (GEMINI_API_KEY not set)"}
# {"time":"2026-08-05T02:28:53.259Z","level":"warn","msg":"revision_rewrite_failed","passName":"pacing","message":"Gemini provider not available (GEMINI_API_KEY not set)"}
# {"time":"2026-08-05T02:28:53.260Z","level":"warn","msg":"revision_rewrite_failed","passName":"pacing","message":"Gemini provider not available (GEMINI_API_KEY not set)"}
# {"time":"2026-08-05T02:28:53.261Z","level":"warn","msg":"revision_rewrite_failed","passName":"pacing","message":"Gemini provider not available (GEMINI_API_KEY not set)"}
# {"time":"2026-08-05T02:28:53.262Z","level":"warn","msg":"revision_rewrite_failed","passName":"pacing","message":"Gemini provider not available (GEMINI_API_KEY not set)"}
# {"time":"2026-08-05T02:28:53.263Z","level":"warn","msg":"revision_rewrite_failed","passName":"pacing","message":"Gemini provider not available (GEMINI_API_KEY not set)"}
# {"time":"2026-08-05T02:28:53.264Z","level":"warn","msg":"revision_rewrite_failed","passName":"pacing","message":"Gemini provider not available (GEMINI_API_KEY not set)"}
# {"time":"2026-08-05T02:28:53.265Z","level":"warn","msg":"revision_rewrite_failed","passName":"pacing","message":"Gemini provider not available (GEMINI_API_KEY not set)"}
# {"time":"2026-08-05T02:28:53.266Z","level":"warn","msg":"revision_rewrite_failed","passName":"pacing","message":"Gemini provider not available (GEMINI_API_KEY not set)"}
# {"time":"2026-08-05T02:28:53.267Z","level":"warn","msg":"revision_rewrite_failed","passName":"pacing","message":"Gemini provider not available (GEMINI_API_KEY not set)"}
# {"time":"2026-08-05T02:28:53.268Z","level":"warn","msg":"revision_rewrite_failed","passName":"pacing","message":"Gemini provider not available (GEMINI_API_KEY not set)"}
# {"time":"2026-08-05T02:28:53.269Z","level":"warn","msg":"revision_rewrite_failed","passName":"pacing","message":"Gemini provider not available (GEMINI_API_KEY not set)"}
# {"time":"2026-08-05T02:28:53.270Z","level":"warn","msg":"revision_rewrite_failed","passName":"pacing","message":"Gemini provider not available (GEMINI_API_KEY not set)"}
# {"time":"2026-08-05T02:28:53.271Z","level":"warn","msg":"revision_rewrite_failed","passName":"pacing","message":"Gemini provider not available (GEMINI_API_KEY not set)"}
# {"time":"2026-08-05T02:28:53.272Z","level":"warn","msg":"revision_rewrite_failed","passName":"pacing","message":"Gemini provider not available (GEMINI_API_KEY not set)"}
# {"time":"2026-08-05T02:28:53.273Z","level":"warn","msg":"revision_rewrite_failed","passName":"pacing","message":"Gemini provider not available (GEMINI_API_KEY not set)"}
# {"time":"2026-08-05T02:28:53.274Z","level":"warn","msg":"revision_rewrite_failed","passName":"pacing","message":"Gemini provider not available (GEMINI_API_KEY not set)"}
# {"time":"2026-08-05T02:28:53.275Z","level":"warn","msg":"revision_rewrite_failed","passName":"pacing","message":"Gemini provider not available (GEMINI_API_KEY not set)"}
# {"time":"2026-08-05T02:28:53.276Z","level":"warn","msg":"revision_rewrite_failed","passName":"pacing","message":"Gemini provider not available (GEMINI_API_KEY not set)"}
# {"time":"2026-08-05T02:28:53.277Z","level":"warn","msg":"revision_rewrite_failed","passName":"pacing","message":"Gemini provider not available (GEMINI_API_KEY not set)"}
# {"time":"2026-08-05T02:28:53.278Z","level":"warn","msg":"revision_rewrite_failed","passName":"pacing","message":"Gemini provider not available (GEMINI_API_KEY not set)"}
# {"time":"2026-08-05T02:28:53.279Z","level":"warn","msg":"revision_rewrite_failed","passName":"pacing","message":"Gemini provider not available (GEMINI_API_KEY not set)"}
# {"time":"2026-08-05T02:28:53.280Z","level":"warn","msg":"revision_rewrite_failed","passName":"pacing","message":"Gemini provider not available (GEMINI_API_KEY not set)"}
# {"time":"2026-08-05T02:28:53.281Z","level":"warn","msg":"revision_rewrite_failed","passName":"pacing","message":"Gemini provider not available (GEMINI_API_KEY not set)"}
# {"time":"2026-08-05T02:28:53.282Z","level":"warn","msg":"revision_rewrite_failed","passName":"pacing","message":"Gemini provider not available (GEMINI_API_KEY not set)"}
# {"time":"2026-08-05T02:28:53.283Z","level":"warn","msg":"revision_rewrite_failed","passName":"pacing","message":"Gemini provider not available (GEMINI_API_KEY not set)"}
# {"time":"2026-08-05T02:28:53.284Z","level":"warn","msg":"revision_rewrite_failed","passName":"pacing","message":"Gemini provider not available (GEMINI_API_KEY not set)"}
# {"time":"2026-08-05T02:28:53.285Z","level":"warn","msg":"revision_rewrite_failed","passName":"pacing","message":"Gemini provider not available (GEMINI_API_KEY not set)"}
# {"time":"2026-08-05T02:28:53.286Z","level":"warn","msg":"revision_rewrite_failed","passName":"pacing","message":"Gemini provider not available (GEMINI_API_KEY not set)"}
# {"time":"2026-08-05T02:28:53.287Z","level":"warn","msg":"revision_rewrite_failed","passName":"pacing","message":"Gemini provider not available (GEMINI_API_KEY not set)"}
# {"time":"2026-08-05T02:28:53.288Z","level":"warn","msg":"revision_rewrite_failed","passName":"pacing","message":"Gemini provider not available (GEMINI_API_KEY not set)"}
# {"time":"2026-08-05T02:28:53.289Z","level":"warn","msg":"revision_rewrite_failed","passName":"pacing","message":"Gemini provider not available (GEMINI_API_KEY not set)"}
# {"time":"2026-08-05T02:28:53.295Z","level":"warn","msg":"revision_rewrite_failed","passName":"pacing","message":"Gemini provider not available (GEMINI_API_KEY not set)"}
# {"time":"2026-08-05T02:28:53.296Z","level":"warn","msg":"revision_rewrite_failed","passName":"pacing","message":"Gemini provider not available (GEMINI_API_KEY not set)"}
# {"time":"2026-08-05T02:28:53.298Z","level":"warn","msg":"revision_rewrite_failed","passName":"pacing","message":"Gemini provider not available (GEMINI_API_KEY not set)"}
# {"time":"2026-08-05T02:28:53.299Z","level":"warn","msg":"revision_rewrite_failed","passName":"pacing","message":"Gemini provider not available (GEMINI_API_KEY not set)"}
# {"time":"2026-08-05T02:28:53.300Z","level":"warn","msg":"revision_rewrite_failed","passName":"pacing","message":"Gemini provider not available (GEMINI_API_KEY not set)"}
# {"time":"2026-08-05T02:28:53.301Z","level":"warn","msg":"revision_rewrite_failed","passName":"pacing","message":"Gemini provider not available (GEMINI_API_KEY not set)"}
# {"time":"2026-08-05T02:28:53.302Z","level":"warn","msg":"revision_rewrite_failed","passName":"pacing","message":"Gemini provider not available (GEMINI_API_KEY not set)"}
# {"time":"2026-08-05T02:28:53.303Z","level":"warn","msg":"revision_rewrite_failed","passName":"pacing","message":"Gemini provider not available (GEMINI_API_KEY not set)"}
# {"time":"2026-08-05T02:28:53.314Z","level":"warn","msg":"revision_rewrite_failed","passName":"pacing","message":"Gemini provider not available (GEMINI_API_KEY not set)"}
# {"time":"2026-08-05T02:28:53.315Z","level":"warn","msg":"revision_rewrite_failed","passName":"pacing","message":"Gemini provider not available (GEMINI_API_KEY not set)"}
# {"time":"2026-08-05T02:28:53.316Z","level":"warn","msg":"revision_rewrite_failed","passName":"pacing","message":"Gemini provider not available (GEMINI_API_KEY not set)"}
# {"time":"2026-08-05T02:28:53.317Z","level":"warn","msg":"revision_rewrite_failed","passName":"pacing","message":"Gemini provider not available (GEMINI_API_KEY not set)"}
# {"time":"2026-08-05T02:28:53.318Z","level":"warn","msg":"revision_rewrite_failed","passName":"pacing","message":"Gemini provider not available (GEMINI_API_KEY not set)"}
# {"time":"2026-08-05T02:28:53.319Z","level":"warn","msg":"revision_rewrite_failed","passName":"pacing","message":"Gemini provider not available (GEMINI_API_KEY not set)"}
# {"time":"2026-08-05T02:28:53.320Z","level":"warn","msg":"revision_rewrite_failed","passName":"pacing","message":"Gemini provider not available (GEMINI_API_KEY not set)"}
# {"time":"2026-08-05T02:28:53.321Z","level":"warn","msg":"revision_rewrite_failed","passName":"pacing","message":"Gemini provider not available (GEMINI_API_KEY not set)"}
# {"time":"2026-08-05T02:28:53.321Z","level":"warn","msg":"revision_rewrite_failed","passName":"pacing","message":"Gemini provider not available (GEMINI_API_KEY not set)"}
# {"time":"2026-08-05T02:28:53.322Z","level":"warn","msg":"revision_rewrite_failed","passName":"pacing","message":"Gemini provider not available (GEMINI_API_KEY not set)"}
# {"time":"2026-08-05T02:28:53.323Z","level":"warn","msg":"revision_rewrite_failed","passName":"pacing","message":"Gemini provider not available (GEMINI_API_KEY not set)"}
# {"time":"2026-08-05T02:28:53.324Z","level":"warn","msg":"revision_rewrite_failed","passName":"pacing","message":"Gemini provider not available (GEMINI_API_KEY not set)"}
# {"time":"2026-08-05T02:28:53.325Z","level":"warn","msg":"revision_rewrite_failed","passName":"pacing","message":"Gemini provider not available (GEMINI_API_KEY not set)"}
# {"time":"2026-08-05T02:28:53.326Z","level":"warn","msg":"revision_rewrite_failed","passName":"pacing","message":"Gemini provider not available (GEMINI_API_KEY not set)"}
# {"time":"2026-08-05T02:28:53.330Z","level":"warn","msg":"revision_rewrite_failed","passName":"pacing","message":"Gemini provider not available (GEMINI_API_KEY not set)"}
# {"time":"2026-08-05T02:28:53.331Z","level":"warn","msg":"revision_rewrite_failed","passName":"pacing","message":"Gemini provider not available (GEMINI_API_KEY not set)"}
# {"time":"2026-08-05T02:28:53.332Z","level":"warn","msg":"revision_rewrite_failed","passName":"pacing","message":"Gemini provider not available (GEMINI_API_KEY not set)"}
# {"time":"2026-08-05T02:28:53.333Z","level":"warn","msg":"revision_rewrite_failed","passName":"pacing","message":"Gemini provider not available (GEMINI_API_KEY not set)"}
# {"time":"2026-08-05T02:28:53.334Z","level":"warn","msg":"revision_rewrite_failed","passName":"pacing","message":"Gemini provider not available (GEMINI_API_KEY not set)"}
# {"time":"2026-08-05T02:28:53.335Z","level":"warn","msg":"revision_rewrite_failed","passName":"pacing","message":"Gemini provider not available (GEMINI_API_KEY not set)"}
# {"time":"2026-08-05T02:28:53.336Z","level":"warn","msg":"revision_rewrite_failed","passName":"pacing","message":"Gemini provider not available (GEMINI_API_KEY not set)"}
# {"time":"2026-08-05T02:28:53.337Z","level":"warn","msg":"revision_rewrite_failed","passName":"pacing","message":"Gemini provider not available (GEMINI_API_KEY not set)"}
# {"time":"2026-08-05T02:28:53.338Z","level":"warn","msg":"revision_rewrite_failed","passName":"pacing","message":"Gemini provider not available (GEMINI_API_KEY not set)"}
# {"time":"2026-08-05T02:28:53.338Z","level":"warn","msg":"revision_rewrite_failed","passName":"pacing","message":"Gemini provider not available (GEMINI_API_KEY not set)"}
# {"time":"2026-08-05T02:28:53.339Z","level":"warn","msg":"revision_rewrite_failed","passName":"pacing","message":"Gemini provider not available (GEMINI_API_KEY not set)"}
# {"time":"2026-08-05T02:28:53.340Z","level":"warn","msg":"revision_rewrite_failed","passName":"pacing","message":"Gemini provider not available (GEMINI_API_KEY not set)"}
# {"time":"2026-08-05T02:28:53.341Z","level":"warn","msg":"revision_rewrite_failed","passName":"pacing","message":"Gemini provider not available (GEMINI_API_KEY not set)"}
# {"time":"2026-08-05T02:28:53.342Z","level":"warn","msg":"revision_rewrite_failed","passName":"pacing","message":"Gemini provider not available (GEMINI_API_KEY not set)"}
# {"time":"2026-08-05T02:28:53.343Z","level":"warn","msg":"revision_rewrite_failed","passName":"pacing","message":"Gemini provider not available (GEMINI_API_KEY not set)"}
# {"time":"2026-08-05T02:28:53.344Z","level":"warn","msg":"revision_rewrite_failed","passName":"pacing","message":"Gemini provider not available (GEMINI_API_KEY not set)"}
# {"time":"2026-08-05T02:28:53.345Z","level":"warn","msg":"revision_rewrite_failed","passName":"pacing","message":"Gemini provider not available (GEMINI_API_KEY not set)"}
# {"time":"2026-08-05T02:28:53.346Z","level":"warn","msg":"revision_rewrite_failed","passName":"pacing","message":"Gemini provider not available (GEMINI_API_KEY not set)"}
# {"time":"2026-08-05T02:28:53.347Z","level":"warn","msg":"revision_rewrite_failed","passName":"pacing","message":"Gemini provider not available (GEMINI_API_KEY not set)"}
# {"time":"2026-08-05T02:28:53.349Z","level":"warn","msg":"revision_rewrite_failed","passName":"pacing","message":"Gemini provider not available (GEMINI_API_KEY not set)"}
# {"time":"2026-08-05T02:28:53.350Z","level":"warn","msg":"revision_rewrite_failed","passName":"pacing","message":"Gemini provider not available (GEMINI_API_KEY not set)"}
# {"time":"2026-08-05T02:28:53.351Z","level":"warn","msg":"revision_rewrite_failed","passName":"pacing","message":"Gemini provider not available (GEMINI_API_KEY not set)"}
# {"time":"2026-08-05T02:28:53.353Z","level":"warn","msg":"revision_rewrite_failed","passName":"pacing","message":"Gemini provider not available (GEMINI_API_KEY not set)"}
# {"time":"2026-08-05T02:28:53.354Z","level":"warn","msg":"revision_rewrite_failed","passName":"pacing","message":"Gemini provider not available (GEMINI_API_KEY not set)"}
# {"time":"2026-08-05T02:28:53.355Z","level":"warn","msg":"revision_rewrite_failed","passName":"pacing","message":"Gemini provider not available (GEMINI_API_KEY not set)"}
# {"time":"2026-08-05T02:28:53.356Z","level":"warn","msg":"revision_rewrite_failed","passName":"pacing","message":"Gemini provider not available (GEMINI_API_KEY not set)"}
# {"time":"2026-08-05T02:28:53.357Z","level":"warn","msg":"revision_rewrite_failed","passName":"pacing","message":"Gemini provider not available (GEMINI_API_KEY not set)"}
# {"time":"2026-08-05T02:28:53.358Z","level":"warn","msg":"revision_rewrite_failed","passName":"pacing","message":"Gemini provider not available (GEMINI_API_KEY not set)"}
# {"time":"2026-08-05T02:28:53.359Z","level":"warn","msg":"revision_rewrite_failed","passName":"pacing","message":"Gemini provider not available (GEMINI_API_KEY not set)"}
# {"time":"2026-08-05T02:28:53.360Z","level":"warn","msg":"revision_rewrite_failed","passName":"pacing","message":"Gemini provider not available (GEMINI_API_KEY not set)"}
# {"time":"2026-08-05T02:28:53.361Z","level":"warn","msg":"revision_rewrite_failed","passName":"pacing","message":"Gemini provider not available (GEMINI_API_KEY not set)"}
# {"time":"2026-08-05T02:28:53.364Z","level":"warn","msg":"revision_rewrite_failed","passName":"pacing","message":"Gemini provider not available (GEMINI_API_KEY not set)"}
# {"time":"2026-08-05T02:28:53.365Z","level":"warn","msg":"revision_rewrite_failed","passName":"pacing","message":"Gemini provider not available (GEMINI_API_KEY not set)"}
# {"time":"2026-08-05T02:28:53.365Z","level":"warn","msg":"revision_rewrite_failed","passName":"pacing","message":"Gemini provider not available (GEMINI_API_KEY not set)"}
# {"time":"2026-08-05T02:28:53.367Z","level":"warn","msg":"revision_rewrite_failed","passName":"pacing","message":"Gemini provider not available (GEMINI_API_KEY not set)"}
# {"time":"2026-08-05T02:28:53.367Z","level":"warn","msg":"revision_rewrite_failed","passName":"pacing","message":"Gemini provider not available (GEMINI_API_KEY not set)"}
# {"time":"2026-08-05T02:28:53.368Z","level":"warn","msg":"revision_rewrite_failed","passName":"pacing","message":"Gemini provider not available (GEMINI_API_KEY not set)"}
# {"time":"2026-08-05T02:28:53.369Z","level":"warn","msg":"revision_rewrite_failed","passName":"pacing","message":"Gemini provider not available (GEMINI_API_KEY not set)"}
# {"time":"2026-08-05T02:28:53.370Z","level":"warn","msg":"revision_rewrite_failed","passName":"pacing","message":"Gemini provider not available (GEMINI_API_KEY not set)"}
# {"time":"2026-08-05T02:28:53.371Z","level":"warn","msg":"revision_rewrite_failed","passName":"pacing","message":"Gemini provider not available (GEMINI_API_KEY not set)"}
# {"time":"2026-08-05T02:28:53.372Z","level":"warn","msg":"revision_rewrite_failed","passName":"pacing","message":"Gemini provider not available (GEMINI_API_KEY not set)"}
# {"time":"2026-08-05T02:28:53.373Z","level":"warn","msg":"revision_rewrite_failed","passName":"pacing","message":"Gemini provider not available (GEMINI_API_KEY not set)"}
# {"time":"2026-08-05T02:28:53.374Z","level":"warn","msg":"revision_rewrite_failed","passName":"pacing","message":"Gemini provider not available (GEMINI_API_KEY not set)"}
# {"time":"2026-08-05T02:28:53.375Z","level":"warn","msg":"revision_rewrite_failed","passName":"pacing","message":"Gemini provider not available (GEMINI_API_KEY not set)"}
# {"time":"2026-08-05T02:28:53.376Z","level":"warn","msg":"revision_rewrite_failed","passName":"pacing","message":"Gemini provider not available (GEMINI_API_KEY not set)"}
# {"time":"2026-08-05T02:28:53.377Z","level":"warn","msg":"revision_rewrite_failed","passName":"pacing","message":"Gemini provider not available (GEMINI_API_KEY not set)"}
# {"time":"2026-08-05T02:28:53.378Z","level":"warn","msg":"revision_rewrite_failed","passName":"pacing","message":"Gemini provider not available (GEMINI_API_KEY not set)"}
# {"time":"2026-08-05T02:28:53.378Z","level":"warn","msg":"revision_rewrite_failed","passName":"pacing","message":"Gemini provider not available (GEMINI_API_KEY not set)"}
# {"time":"2026-08-05T02:28:53.379Z","level":"warn","msg":"revision_rewrite_failed","passName":"pacing","message":"Gemini provider not available (GEMINI_API_KEY not set)"}
# {"time":"2026-08-05T02:28:53.380Z","level":"warn","msg":"revision_rewrite_failed","passName":"pacing","message":"Gemini provider not available (GEMINI_API_KEY not set)"}
# {"time":"2026-08-05T02:28:53.381Z","level":"warn","msg":"revision_rewrite_failed","passName":"pacing","message":"Gemini provider not available (GEMINI_API_KEY not set)"}
# {"time":"2026-08-05T02:28:53.382Z","level":"warn","msg":"revision_rewrite_failed","passName":"pacing","message":"Gemini provider not available (GEMINI_API_KEY not set)"}
# {"time":"2026-08-05T02:28:53.383Z","level":"warn","msg":"revision_rewrite_failed","passName":"pacing","message":"Gemini provider not available (GEMINI_API_KEY not set)"}
# {"time":"2026-08-05T02:28:53.384Z","level":"warn","msg":"revision_rewrite_failed","passName":"pacing","message":"Gemini provider not available (GEMINI_API_KEY not set)"}
# {"time":"2026-08-05T02:28:53.385Z","level":"warn","msg":"revision_rewrite_failed","passName":"pacing","message":"Gemini provider not available (GEMINI_API_KEY not set)"}
# {"time":"2026-08-05T02:28:53.386Z","level":"warn","msg":"revision_rewrite_failed","passName":"pacing","message":"Gemini provider not available (GEMINI_API_KEY not set)"}
# {"time":"2026-08-05T02:28:53.387Z","level":"warn","msg":"revision_rewrite_failed","passName":"pacing","message":"Gemini provider not available (GEMINI_API_KEY not set)"}
# {"time":"2026-08-05T02:28:53.388Z","level":"warn","msg":"revision_rewrite_failed","passName":"pacing","message":"Gemini provider not available (GEMINI_API_KEY not set)"}
# {"time":"2026-08-05T02:28:53.389Z","level":"warn","msg":"revision_rewrite_failed","passName":"pacing","message":"Gemini provider not available (GEMINI_API_KEY not set)"}
# {"time":"2026-08-05T02:28:53.389Z","level":"warn","msg":"revision_rewrite_failed","passName":"pacing","message":"Gemini provider not available (GEMINI_API_KEY not set)"}
# {"time":"2026-08-05T02:28:53.390Z","level":"warn","msg":"revision_rewrite_failed","passName":"pacing","message":"Gemini provider not available (GEMINI_API_KEY not set)"}
# {"time":"2026-08-05T02:28:53.391Z","level":"warn","msg":"revision_rewrite_failed","passName":"pacing","message":"Gemini provider not available (GEMINI_API_KEY not set)"}
# {"time":"2026-08-05T02:28:53.392Z","level":"warn","msg":"revision_rewrite_failed","passName":"pacing","message":"Gemini provider not available (GEMINI_API_KEY not set)"}
# {"time":"2026-08-05T02:28:53.393Z","level":"warn","msg":"revision_rewrite_failed","passName":"pacing","message":"Gemini provider not available (GEMINI_API_KEY not set)"}
# {"time":"2026-08-05T02:28:53.394Z","level":"warn","msg":"revision_rewrite_failed","passName":"pacing","message":"Gemini provider not available (GEMINI_API_KEY not set)"}
# {"time":"2026-08-05T02:28:53.395Z","level":"warn","msg":"revision_rewrite_failed","passName":"pacing","message":"Gemini provider not available (GEMINI_API_KEY not set)"}
# {"time":"2026-08-05T02:28:53.396Z","level":"warn","msg":"revision_rewrite_failed","passName":"pacing","message":"Gemini provider not available (GEMINI_API_KEY not set)"}
# {"time":"2026-08-05T02:28:53.397Z","level":"warn","msg":"revision_rewrite_failed","passName":"pacing","message":"Gemini provider not available (GEMINI_API_KEY not set)"}
# {"time":"2026-08-05T02:28:53.398Z","level":"warn","msg":"revision_rewrite_failed","passName":"pacing","message":"Gemini provider not available (GEMINI_API_KEY not set)"}
# {"time":"2026-08-05T02:28:53.399Z","level":"warn","msg":"revision_rewrite_failed","passName":"pacing","message":"Gemini provider not available (GEMINI_API_KEY not set)"}
# {"time":"2026-08-05T02:28:53.400Z","level":"warn","msg":"revision_rewrite_failed","passName":"pacing","message":"Gemini provider not available (GEMINI_API_KEY not set)"}
# {"time":"2026-08-05T02:28:53.401Z","level":"warn","msg":"revision_rewrite_failed","passName":"pacing","message":"Gemini provider not available (GEMINI_API_KEY not set)"}
# {"time":"2026-08-05T02:28:53.402Z","level":"warn","msg":"revision_rewrite_failed","passName":"pacing","message":"Gemini provider not available (GEMINI_API_KEY not set)"}
# {"time":"2026-08-05T02:28:53.403Z","level":"warn","msg":"revision_rewrite_failed","passName":"pacing","message":"Gemini provider not available (GEMINI_API_KEY not set)"}
# {"time":"2026-08-05T02:28:53.404Z","level":"warn","msg":"revision_rewrite_failed","passName":"pacing","message":"Gemini provider not available (GEMINI_API_KEY not set)"}
# {"time":"2026-08-05T02:28:53.405Z","level":"warn","msg":"revision_rewrite_failed","passName":"pacing","message":"Gemini provider not available (GEMINI_API_KEY not set)"}
# {"time":"2026-08-05T02:28:53.406Z","level":"warn","msg":"revision_rewrite_failed","passName":"pacing","message":"Gemini provider not available (GEMINI_API_KEY not set)"}
# {"time":"2026-08-05T02:28:53.406Z","level":"warn","msg":"revision_rewrite_failed","passName":"pacing","message":"Gemini provider not available (GEMINI_API_KEY not set)"}
# {"time":"2026-08-05T02:28:53.413Z","level":"warn","msg":"revision_rewrite_failed","passName":"pacing","message":"Gemini provider not available (GEMINI_API_KEY not set)"}
# {"time":"2026-08-05T02:28:53.414Z","level":"warn","msg":"revision_rewrite_failed","passName":"pacing","message":"Gemini provider not available (GEMINI_API_KEY not set)"}
# {"time":"2026-08-05T02:28:53.415Z","level":"warn","msg":"revision_rewrite_failed","passName":"pacing","message":"Gemini provider not available (GEMINI_API_KEY not set)"}
# {"time":"2026-08-05T02:28:53.416Z","level":"warn","msg":"revision_rewrite_failed","passName":"pacing","message":"Gemini provider not available (GEMINI_API_KEY not set)"}
# {"time":"2026-08-05T02:28:53.417Z","level":"warn","msg":"revision_rewrite_failed","passName":"pacing","message":"Gemini provider not available (GEMINI_API_KEY not set)"}
# {"time":"2026-08-05T02:28:53.418Z","level":"warn","msg":"revision_rewrite_failed","passName":"pacing","message":"Gemini provider not available (GEMINI_API_KEY not set)"}
# {"time":"2026-08-05T02:28:53.419Z","level":"warn","msg":"revision_rewrite_failed","passName":"pacing","message":"Gemini provider not available (GEMINI_API_KEY not set)"}
# {"time":"2026-08-05T02:28:53.420Z","level":"warn","msg":"revision_rewrite_failed","passName":"pacing","message":"Gemini provider not available (GEMINI_API_KEY not set)"}
# {"time":"2026-08-05T02:28:53.422Z","level":"warn","msg":"revision_rewrite_failed","passName":"pacing","message":"Gemini provider not available (GEMINI_API_KEY not set)"}
# {"time":"2026-08-05T02:28:53.423Z","level":"warn","msg":"revision_rewrite_failed","passName":"pacing","message":"Gemini provider not available (GEMINI_API_KEY not set)"}
# {"time":"2026-08-05T02:28:53.424Z","level":"warn","msg":"revision_rewrite_failed","passName":"pacing","message":"Gemini provider not available (GEMINI_API_KEY not set)"}
# {"time":"2026-08-05T02:28:53.425Z","level":"warn","msg":"revision_rewrite_failed","passName":"pacing","message":"Gemini provider not available (GEMINI_API_KEY not set)"}
# {"time":"2026-08-05T02:28:53.426Z","level":"warn","msg":"revision_rewrite_failed","passName":"pacing","message":"Gemini provider not available (GEMINI_API_KEY not set)"}
# {"time":"2026-08-05T02:28:53.426Z","level":"warn","msg":"revision_rewrite_failed","passName":"pacing","message":"Gemini provider not available (GEMINI_API_KEY not set)"}
# {"time":"2026-08-05T02:28:53.428Z","level":"warn","msg":"revision_rewrite_failed","passName":"pacing","message":"Gemini provider not available (GEMINI_API_KEY not set)"}
# {"time":"2026-08-05T02:28:53.429Z","level":"warn","msg":"revision_rewrite_failed","passName":"pacing","message":"Gemini provider not available (GEMINI_API_KEY not set)"}
# {"time":"2026-08-05T02:28:53.429Z","level":"warn","msg":"revision_rewrite_failed","passName":"pacing","message":"Gemini provider not available (GEMINI_API_KEY not set)"}
# {"time":"2026-08-05T02:28:53.430Z","level":"warn","msg":"revision_rewrite_failed","passName":"pacing","message":"Gemini provider not available (GEMINI_API_KEY not set)"}
# {"time":"2026-08-05T02:28:53.431Z","level":"warn","msg":"revision_rewrite_failed","passName":"pacing","message":"Gemini provider not available (GEMINI_API_KEY not set)"}
# {"time":"2026-08-05T02:28:53.432Z","level":"warn","msg":"revision_rewrite_failed","passName":"pacing","message":"Gemini provider not available (GEMINI_API_KEY not set)"}
# {"time":"2026-08-05T02:28:53.433Z","level":"warn","msg":"revision_rewrite_failed","passName":"pacing","message":"Gemini provider not available (GEMINI_API_KEY not set)"}
# {"time":"2026-08-05T02:28:53.434Z","level":"warn","msg":"revision_rewrite_failed","passName":"pacing","message":"Gemini provider not available (GEMINI_API_KEY not set)"}
# {"time":"2026-08-05T02:28:53.435Z","level":"warn","msg":"revision_rewrite_failed","passName":"pacing","message":"Gemini provider not available (GEMINI_API_KEY not set)"}
# {"time":"2026-08-05T02:28:53.436Z","level":"warn","msg":"revision_rewrite_failed","passName":"pacing","message":"Gemini provider not available (GEMINI_API_KEY not set)"}
# {"time":"2026-08-05T02:28:53.436Z","level":"warn","msg":"revision_rewrite_failed","passName":"pacing","message":"Gemini provider not available (GEMINI_API_KEY not set)"}
# {"time":"2026-08-05T02:28:53.437Z","level":"warn","msg":"revision_rewrite_failed","passName":"pacing","message":"Gemini provider not available (GEMINI_API_KEY not set)"}
# {"time":"2026-08-05T02:28:53.439Z","level":"warn","msg":"revision_rewrite_failed","passName":"pacing","message":"Gemini provider not available (GEMINI_API_KEY not set)"}
# {"time":"2026-08-05T02:28:53.440Z","level":"warn","msg":"revision_rewrite_failed","passName":"pacing","message":"Gemini provider not available (GEMINI_API_KEY not set)"}
# {"time":"2026-08-05T02:28:53.441Z","level":"warn","msg":"revision_rewrite_failed","passName":"pacing","message":"Gemini provider not available (GEMINI_API_KEY not set)"}
# {"time":"2026-08-05T02:28:53.442Z","level":"warn","msg":"revision_rewrite_failed","passName":"pacing","message":"Gemini provider not available (GEMINI_API_KEY not set)"}
# {"time":"2026-08-05T02:28:53.442Z","level":"warn","msg":"revision_rewrite_failed","passName":"pacing","message":"Gemini provider not available (GEMINI_API_KEY not set)"}
# {"time":"2026-08-05T02:28:53.443Z","level":"warn","msg":"revision_rewrite_failed","passName":"pacing","message":"Gemini provider not available (GEMINI_API_KEY not set)"}
# {"time":"2026-08-05T02:28:53.445Z","level":"warn","msg":"revision_rewrite_failed","passName":"pacing","message":"Gemini provider not available (GEMINI_API_KEY not set)"}
# {"time":"2026-08-05T02:28:53.446Z","level":"warn","msg":"revision_rewrite_failed","passName":"pacing","message":"Gemini provider not available (GEMINI_API_KEY not set)"}
# {"time":"2026-08-05T02:28:53.447Z","level":"warn","msg":"revision_rewrite_failed","passName":"pacing","message":"Gemini provider not available (GEMINI_API_KEY not set)"}
# {"time":"2026-08-05T02:28:53.448Z","level":"warn","msg":"revision_rewrite_failed","passName":"pacing","message":"Gemini provider not available (GEMINI_API_KEY not set)"}
# {"time":"2026-08-05T02:28:53.449Z","level":"warn","msg":"revision_rewrite_failed","passName":"pacing","message":"Gemini provider not available (GEMINI_API_KEY not set)"}
# {"time":"2026-08-05T02:28:53.450Z","level":"warn","msg":"revision_rewrite_failed","passName":"pacing","message":"Gemini provider not available (GEMINI_API_KEY not set)"}
# {"time":"2026-08-05T02:28:53.451Z","level":"warn","msg":"revision_rewrite_failed","passName":"pacing","message":"Gemini provider not available (GEMINI_API_KEY not set)"}
# {"time":"2026-08-05T02:28:53.452Z","level":"warn","msg":"revision_rewrite_failed","passName":"pacing","message":"Gemini provider not available (GEMINI_API_KEY not set)"}
# {"time":"2026-08-05T02:28:53.453Z","level":"warn","msg":"revision_rewrite_failed","passName":"pacing","message":"Gemini provider not available (GEMINI_API_KEY not set)"}
# {"time":"2026-08-05T02:28:53.454Z","level":"warn","msg":"revision_rewrite_failed","passName":"pacing","message":"Gemini provider not available (GEMINI_API_KEY not set)"}
# {"time":"2026-08-05T02:28:53.455Z","level":"warn","msg":"revision_rewrite_failed","passName":"pacing","message":"Gemini provider not available (GEMINI_API_KEY not set)"}
# {"time":"2026-08-05T02:28:53.456Z","level":"warn","msg":"revision_rewrite_failed","passName":"pacing","message":"Gemini provider not available (GEMINI_API_KEY not set)"}
# {"time":"2026-08-05T02:28:53.457Z","level":"warn","msg":"revision_rewrite_failed","passName":"pacing","message":"Gemini provider not available (GEMINI_API_KEY not set)"}
# {"time":"2026-08-05T02:28:53.458Z","level":"warn","msg":"revision_rewrite_failed","passName":"pacing","message":"Gemini provider not available (GEMINI_API_KEY not set)"}
# {"time":"2026-08-05T02:28:53.459Z","level":"warn","msg":"revision_rewrite_failed","passName":"pacing","message":"Gemini provider not available (GEMINI_API_KEY not set)"}
# {"time":"2026-08-05T02:28:53.460Z","level":"warn","msg":"revision_rewrite_failed","passName":"pacing","message":"Gemini provider not available (GEMINI_API_KEY not set)"}
# {"time":"2026-08-05T02:28:53.462Z","level":"warn","msg":"revision_rewrite_failed","passName":"pacing","message":"Gemini provider not available (GEMINI_API_KEY not set)"}
# {"time":"2026-08-05T02:28:53.462Z","level":"warn","msg":"revision_rewrite_failed","passName":"pacing","message":"Gemini provider not available (GEMINI_API_KEY not set)"}
# {"time":"2026-08-05T02:28:53.464Z","level":"warn","msg":"revision_rewrite_failed","passName":"pacing","message":"Gemini provider not available (GEMINI_API_KEY not set)"}
# {"time":"2026-08-05T02:28:53.466Z","level":"warn","msg":"revision_rewrite_failed","passName":"pacing","message":"Gemini provider not available (GEMINI_API_KEY not set)"}
# {"time":"2026-08-05T02:28:53.467Z","level":"warn","msg":"revision_rewrite_failed","passName":"pacing","message":"Gemini provider not available (GEMINI_API_KEY not set)"}
# {"time":"2026-08-05T02:28:53.468Z","level":"warn","msg":"revision_rewrite_failed","passName":"pacing","message":"Gemini provider not available (GEMINI_API_KEY not set)"}
# {"time":"2026-08-05T02:28:53.469Z","level":"warn","msg":"revision_rewrite_failed","passName":"pacing","message":"Gemini provider not available (GEMINI_API_KEY not set)"}
# {"time":"2026-08-05T02:28:53.470Z","level":"warn","msg":"revision_rewrite_failed","passName":"pacing","message":"Gemini provider not available (GEMINI_API_KEY not set)"}
# {"time":"2026-08-05T02:28:53.472Z","level":"warn","msg":"revision_rewrite_failed","passName":"pacing","message":"Gemini provider not available (GEMINI_API_KEY not set)"}
# {"time":"2026-08-05T02:28:53.473Z","level":"warn","msg":"revision_rewrite_failed","passName":"pacing","message":"Gemini provider not available (GEMINI_API_KEY not set)"}
# {"time":"2026-08-05T02:28:53.474Z","level":"warn","msg":"revision_rewrite_failed","passName":"pacing","message":"Gemini provider not available (GEMINI_API_KEY not set)"}
# {"time":"2026-08-05T02:28:53.474Z","level":"warn","msg":"revision_rewrite_failed","passName":"pacing","message":"Gemini provider not available (GEMINI_API_KEY not set)"}
# {"time":"2026-08-05T02:28:53.476Z","level":"warn","msg":"revision_rewrite_failed","passName":"pacing","message":"Gemini provider not available (GEMINI_API_KEY not set)"}
# {"time":"2026-08-05T02:28:53.477Z","level":"warn","msg":"revision_rewrite_failed","passName":"pacing","message":"Gemini provider not available (GEMINI_API_KEY not set)"}
# {"time":"2026-08-05T02:28:53.478Z","level":"warn","msg":"revision_rewrite_failed","passName":"pacing","message":"Gemini provider not available (GEMINI_API_KEY not set)"}
# {"time":"2026-08-05T02:28:53.479Z","level":"warn","msg":"revision_rewrite_failed","passName":"pacing","message":"Gemini provider not available (GEMINI_API_KEY not set)"}
# {"time":"2026-08-05T02:28:53.480Z","level":"warn","msg":"revision_rewrite_failed","passName":"pacing","message":"Gemini provider not available (GEMINI_API_KEY not set)"}
# {"time":"2026-08-05T02:28:53.481Z","level":"warn","msg":"revision_rewrite_failed","passName":"pacing","message":"Gemini provider not available (GEMINI_API_KEY not set)"}
# {"time":"2026-08-05T02:28:53.482Z","level":"warn","msg":"revision_rewrite_failed","passName":"pacing","message":"Gemini provider not available (GEMINI_API_KEY not set)"}
# {"time":"2026-08-05T02:28:53.483Z","level":"warn","msg":"revision_rewrite_failed","passName":"pacing","message":"Gemini provider not available (GEMINI_API_KEY not set)"}
# {"time":"2026-08-05T02:28:53.484Z","level":"warn","msg":"revision_rewrite_failed","passName":"pacing","message":"Gemini provider not available (GEMINI_API_KEY not set)"}
# {"time":"2026-08-05T02:28:53.485Z","level":"warn","msg":"revision_rewrite_failed","passName":"pacing","message":"Gemini provider not available (GEMINI_API_KEY not set)"}
# {"time":"2026-08-05T02:28:53.486Z","level":"warn","msg":"revision_rewrite_failed","passName":"pacing","message":"Gemini provider not available (GEMINI_API_KEY not set)"}
# {"time":"2026-08-05T02:28:53.487Z","level":"warn","msg":"revision_rewrite_failed","passName":"pacing","message":"Gemini provider not available (GEMINI_API_KEY not set)"}
# {"time":"2026-08-05T02:28:53.488Z","level":"warn","msg":"revision_rewrite_failed","passName":"pacing","message":"Gemini provider not available (GEMINI_API_KEY not set)"}
# {"time":"2026-08-05T02:28:53.489Z","level":"warn","msg":"revision_rewrite_failed","passName":"pacing","message":"Gemini provider not available (GEMINI_API_KEY not set)"}
# {"time":"2026-08-05T02:28:53.490Z","level":"warn","msg":"revision_rewrite_failed","passName":"pacing","message":"Gemini provider not available (GEMINI_API_KEY not set)"}
# {"time":"2026-08-05T02:28:53.491Z","level":"warn","msg":"revision_rewrite_failed","passName":"pacing","message":"Gemini provider not available (GEMINI_API_KEY not set)"}
# {"time":"2026-08-05T02:28:53.492Z","level":"warn","msg":"revision_rewrite_failed","passName":"pacing","message":"Gemini provider not available (GEMINI_API_KEY not set)"}
# {"time":"2026-08-05T02:28:53.493Z","level":"warn","msg":"revision_rewrite_failed","passName":"pacing","message":"Gemini provider not available (GEMINI_API_KEY not set)"}
# {"time":"2026-08-05T02:28:53.494Z","level":"warn","msg":"revision_rewrite_failed","passName":"pacing","message":"Gemini provider not available (GEMINI_API_KEY not set)"}
# {"time":"2026-08-05T02:28:53.495Z","level":"warn","msg":"revision_rewrite_failed","passName":"pacing","message":"Gemini provider not available (GEMINI_API_KEY not set)"}
# {"time":"2026-08-05T02:28:53.496Z","level":"warn","msg":"revision_rewrite_failed","passName":"pacing","message":"Gemini provider not available (GEMINI_API_KEY not set)"}
# {"time":"2026-08-05T02:28:53.497Z","level":"warn","msg":"revision_rewrite_failed","passName":"pacing","message":"Gemini provider not available (GEMINI_API_KEY not set)"}
# {"time":"2026-08-05T02:28:53.498Z","level":"warn","msg":"revision_rewrite_failed","passName":"pacing","message":"Gemini provider not available (GEMINI_API_KEY not set)"}
# {"time":"2026-08-05T02:28:53.499Z","level":"warn","msg":"revision_rewrite_failed","passName":"pacing","message":"Gemini provider not available (GEMINI_API_KEY not set)"}
# {"time":"2026-08-05T02:28:53.500Z","level":"warn","msg":"revision_rewrite_failed","passName":"pacing","message":"Gemini provider not available (GEMINI_API_KEY not set)"}
# {"time":"2026-08-05T02:28:53.510Z","level":"warn","msg":"revision_rewrite_failed","passName":"pacing","message":"Gemini provider not available (GEMINI_API_KEY not set)"}
# {"time":"2026-08-05T02:28:53.511Z","level":"warn","msg":"revision_rewrite_failed","passName":"pacing","message":"Gemini provider not available (GEMINI_API_KEY not set)"}
# {"time":"2026-08-05T02:28:53.513Z","level":"warn","msg":"revision_rewrite_failed","passName":"pacing","message":"Gemini provider not available (GEMINI_API_KEY not set)"}
# {"time":"2026-08-05T02:28:53.514Z","level":"warn","msg":"revision_rewrite_failed","passName":"pacing","message":"Gemini provider not available (GEMINI_API_KEY not set)"}
# {"time":"2026-08-05T02:28:53.514Z","level":"warn","msg":"revision_rewrite_failed","passName":"pacing","message":"Gemini provider not available (GEMINI_API_KEY not set)"}
# {"time":"2026-08-05T02:28:53.515Z","level":"warn","msg":"revision_rewrite_failed","passName":"pacing","message":"Gemini provider not available (GEMINI_API_KEY not set)"}
# {"time":"2026-08-05T02:28:53.517Z","level":"warn","msg":"revision_rewrite_failed","passName":"pacing","message":"Gemini provider not available (GEMINI_API_KEY not set)"}
# {"time":"2026-08-05T02:28:53.518Z","level":"warn","msg":"revision_rewrite_failed","passName":"pacing","message":"Gemini provider not available (GEMINI_API_KEY not set)"}
# {"time":"2026-08-05T02:28:53.520Z","level":"warn","msg":"revision_rewrite_failed","passName":"pacing","message":"Gemini provider not available (GEMINI_API_KEY not set)"}
# {"time":"2026-08-05T02:28:53.521Z","level":"warn","msg":"revision_rewrite_failed","passName":"pacing","message":"Gemini provider not available (GEMINI_API_KEY not set)"}
# {"time":"2026-08-05T02:28:53.522Z","level":"warn","msg":"revision_rewrite_failed","passName":"pacing","message":"Gemini provider not available (GEMINI_API_KEY not set)"}
# {"time":"2026-08-05T02:28:53.523Z","level":"warn","msg":"revision_rewrite_failed","passName":"pacing","message":"Gemini provider not available (GEMINI_API_KEY not set)"}
# {"time":"2026-08-05T02:28:53.526Z","level":"warn","msg":"revision_rewrite_failed","passName":"pacing","message":"Gemini provider not available (GEMINI_API_KEY not set)"}
# {"time":"2026-08-05T02:28:53.527Z","level":"warn","msg":"revision_rewrite_failed","passName":"pacing","message":"Gemini provider not available (GEMINI_API_KEY not set)"}
# {"time":"2026-08-05T02:28:53.528Z","level":"warn","msg":"revision_rewrite_failed","passName":"pacing","message":"Gemini provider not available (GEMINI_API_KEY not set)"}
# {"time":"2026-08-05T02:28:53.529Z","level":"warn","msg":"revision_rewrite_failed","passName":"pacing","message":"Gemini provider not available (GEMINI_API_KEY not set)"}
# {"time":"2026-08-05T02:28:53.530Z","level":"warn","msg":"revision_rewrite_failed","passName":"pacing","message":"Gemini provider not available (GEMINI_API_KEY not set)"}
# {"time":"2026-08-05T02:28:53.531Z","level":"warn","msg":"revision_rewrite_failed","passName":"pacing","message":"Gemini provider not available (GEMINI_API_KEY not set)"}
# {"time":"2026-08-05T02:28:53.532Z","level":"warn","msg":"revision_rewrite_failed","passName":"pacing","message":"Gemini provider not available (GEMINI_API_KEY not set)"}
# {"time":"2026-08-05T02:28:53.533Z","level":"warn","msg":"revision_rewrite_failed","passName":"pacing","message":"Gemini provider not available (GEMINI_API_KEY not set)"}
# {"time":"2026-08-05T02:28:53.533Z","level":"warn","msg":"revision_rewrite_failed","passName":"pacing","message":"Gemini provider not available (GEMINI_API_KEY not set)"}
# {"time":"2026-08-05T02:28:53.534Z","level":"warn","msg":"revision_rewrite_failed","passName":"pacing","message":"Gemini provider not available (GEMINI_API_KEY not set)"}
# {"time":"2026-08-05T02:28:53.535Z","level":"warn","msg":"revision_rewrite_failed","passName":"pacing","message":"Gemini provider not available (GEMINI_API_KEY not set)"}
# {"time":"2026-08-05T02:28:53.536Z","level":"warn","msg":"revision_rewrite_failed","passName":"pacing","message":"Gemini provider not available (GEMINI_API_KEY not set)"}
# {"time":"2026-08-05T02:28:53.537Z","level":"warn","msg":"revision_rewrite_failed","passName":"pacing","message":"Gemini provider not available (GEMINI_API_KEY not set)"}
# {"time":"2026-08-05T02:28:53.538Z","level":"warn","msg":"revision_rewrite_failed","passName":"pacing","message":"Gemini provider not available (GEMINI_API_KEY not set)"}
# {"time":"2026-08-05T02:28:53.539Z","level":"warn","msg":"revision_rewrite_failed","passName":"pacing","message":"Gemini provider not available (GEMINI_API_KEY not set)"}
# {"time":"2026-08-05T02:28:53.540Z","level":"warn","msg":"revision_rewrite_failed","passName":"pacing","message":"Gemini provider not available (GEMINI_API_KEY not set)"}
# {"time":"2026-08-05T02:28:53.541Z","level":"warn","msg":"revision_rewrite_failed","passName":"pacing","message":"Gemini provider not available (GEMINI_API_KEY not set)"}
# {"time":"2026-08-05T02:28:53.542Z","level":"warn","msg":"revision_rewrite_failed","passName":"pacing","message":"Gemini provider not available (GEMINI_API_KEY not set)"}
# {"time":"2026-08-05T02:28:53.543Z","level":"warn","msg":"revision_rewrite_failed","passName":"pacing","message":"Gemini provider not available (GEMINI_API_KEY not set)"}
# {"time":"2026-08-05T02:28:53.544Z","level":"warn","msg":"revision_rewrite_failed","passName":"pacing","message":"Gemini provider not available (GEMINI_API_KEY not set)"}
# {"time":"2026-08-05T02:28:53.545Z","level":"warn","msg":"revision_rewrite_failed","passName":"pacing","message":"Gemini provider not available (GEMINI_API_KEY not set)"}
# {"time":"2026-08-05T02:28:53.546Z","level":"warn","msg":"revision_rewrite_failed","passName":"pacing","message":"Gemini provider not available (GEMINI_API_KEY not set)"}
# {"time":"2026-08-05T02:28:53.547Z","level":"warn","msg":"revision_rewrite_failed","passName":"pacing","message":"Gemini provider not available (GEMINI_API_KEY not set)"}
# {"time":"2026-08-05T02:28:53.547Z","level":"warn","msg":"revision_rewrite_failed","passName":"pacing","message":"Gemini provider not available (GEMINI_API_KEY not set)"}
# {"time":"2026-08-05T02:28:53.549Z","level":"warn","msg":"revision_rewrite_failed","passName":"pacing","message":"Gemini provider not available (GEMINI_API_KEY not set)"}
# {"time":"2026-08-05T02:28:53.550Z","level":"warn","msg":"revision_rewrite_failed","passName":"pacing","message":"Gemini provider not available (GEMINI_API_KEY not set)"}
# {"time":"2026-08-05T02:28:53.550Z","level":"warn","msg":"revision_rewrite_failed","passName":"pacing","message":"Gemini provider not available (GEMINI_API_KEY not set)"}
# {"time":"2026-08-05T02:28:53.551Z","level":"warn","msg":"revision_rewrite_failed","passName":"pacing","message":"Gemini provider not available (GEMINI_API_KEY not set)"}
# {"time":"2026-08-05T02:28:53.552Z","level":"warn","msg":"revision_rewrite_failed","passName":"pacing","message":"Gemini provider not available (GEMINI_API_KEY not set)"}
# {"time":"2026-08-05T02:28:53.553Z","level":"warn","msg":"revision_rewrite_failed","passName":"pacing","message":"Gemini provider not available (GEMINI_API_KEY not set)"}
# {"time":"2026-08-05T02:28:53.554Z","level":"warn","msg":"revision_rewrite_failed","passName":"pacing","message":"Gemini provider not available (GEMINI_API_KEY not set)"}
# {"time":"2026-08-05T02:28:53.555Z","level":"warn","msg":"revision_rewrite_failed","passName":"pacing","message":"Gemini provider not available (GEMINI_API_KEY not set)"}
# {"time":"2026-08-05T02:28:53.556Z","level":"warn","msg":"revision_rewrite_failed","passName":"pacing","message":"Gemini provider not available (GEMINI_API_KEY not set)"}
# {"time":"2026-08-05T02:28:53.557Z","level":"warn","msg":"revision_rewrite_failed","passName":"pacing","message":"Gemini provider not available (GEMINI_API_KEY not set)"}
# {"time":"2026-08-05T02:28:53.558Z","level":"warn","msg":"revision_rewrite_failed","passName":"pacing","message":"Gemini provider not available (GEMINI_API_KEY not set)"}
# {"time":"2026-08-05T02:28:53.559Z","level":"warn","msg":"revision_rewrite_failed","passName":"pacing","message":"Gemini provider not available (GEMINI_API_KEY not set)"}
# {"time":"2026-08-05T02:28:53.561Z","level":"warn","msg":"revision_rewrite_failed","passName":"pacing","message":"Gemini provider not available (GEMINI_API_KEY not set)"}
# {"time":"2026-08-05T02:28:53.562Z","level":"warn","msg":"revision_rewrite_failed","passName":"pacing","message":"Gemini provider not available (GEMINI_API_KEY not set)"}
# {"time":"2026-08-05T02:28:53.563Z","level":"warn","msg":"revision_rewrite_failed","passName":"pacing","message":"Gemini provider not available (GEMINI_API_KEY not set)"}
# {"time":"2026-08-05T02:28:53.564Z","level":"warn","msg":"revision_rewrite_failed","passName":"pacing","message":"Gemini provider not available (GEMINI_API_KEY not set)"}
# {"time":"2026-08-05T02:28:53.565Z","level":"warn","msg":"revision_rewrite_failed","passName":"pacing","message":"Gemini provider not available (GEMINI_API_KEY not set)"}
# {"time":"2026-08-05T02:28:53.566Z","level":"warn","msg":"revision_rewrite_failed","passName":"pacing","message":"Gemini provider not available (GEMINI_API_KEY not set)"}
# {"time":"2026-08-05T02:28:53.567Z","level":"warn","msg":"revision_rewrite_failed","passName":"pacing","message":"Gemini provider not available (GEMINI_API_KEY not set)"}
# {"time":"2026-08-05T02:28:53.568Z","level":"warn","msg":"revision_rewrite_failed","passName":"pacing","message":"Gemini provider not available (GEMINI_API_KEY not set)"}
# {"time":"2026-08-05T02:28:53.569Z","level":"warn","msg":"revision_rewrite_failed","passName":"pacing","message":"Gemini provider not available (GEMINI_API_KEY not set)"}
# {"time":"2026-08-05T02:28:53.570Z","level":"warn","msg":"revision_rewrite_failed","passName":"pacing","message":"Gemini provider not available (GEMINI_API_KEY not set)"}
# {"time":"2026-08-05T02:28:53.571Z","level":"warn","msg":"revision_rewrite_failed","passName":"pacing","message":"Gemini provider not available (GEMINI_API_KEY not set)"}
# {"time":"2026-08-05T02:28:53.572Z","level":"warn","msg":"revision_rewrite_failed","passName":"pacing","message":"Gemini provider not available (GEMINI_API_KEY not set)"}
# {"time":"2026-08-05T02:28:53.575Z","level":"warn","msg":"revision_rewrite_failed","passName":"pacing","message":"Gemini provider not available (GEMINI_API_KEY not set)"}
# {"time":"2026-08-05T02:28:53.576Z","level":"warn","msg":"revision_rewrite_failed","passName":"pacing","message":"Gemini provider not available (GEMINI_API_KEY not set)"}
# {"time":"2026-08-05T02:28:53.577Z","level":"warn","msg":"revision_rewrite_failed","passName":"pacing","message":"Gemini provider not available (GEMINI_API_KEY not set)"}
# {"time":"2026-08-05T02:28:53.578Z","level":"warn","msg":"revision_rewrite_failed","passName":"pacing","message":"Gemini provider not available (GEMINI_API_KEY not set)"}
# {"time":"2026-08-05T02:28:53.579Z","level":"warn","msg":"revision_rewrite_failed","passName":"pacing","message":"Gemini provider not available (GEMINI_API_KEY not set)"}
# {"time":"2026-08-05T02:28:53.580Z","level":"warn","msg":"revision_rewrite_failed","passName":"pacing","message":"Gemini provider not available (GEMINI_API_KEY not set)"}
# {"time":"2026-08-05T02:28:53.582Z","level":"warn","msg":"revision_rewrite_failed","passName":"pacing","message":"Gemini provider not available (GEMINI_API_KEY not set)"}
# {"time":"2026-08-05T02:28:53.583Z","level":"warn","msg":"revision_rewrite_failed","passName":"pacing","message":"Gemini provider not available (GEMINI_API_KEY not set)"}
# {"time":"2026-08-05T02:28:53.584Z","level":"warn","msg":"revision_rewrite_failed","passName":"pacing","message":"Gemini provider not available (GEMINI_API_KEY not set)"}
# {"time":"2026-08-05T02:28:53.585Z","level":"warn","msg":"revision_rewrite_failed","passName":"pacing","message":"Gemini provider not available (GEMINI_API_KEY not set)"}
# {"time":"2026-08-05T02:28:53.586Z","level":"warn","msg":"revision_rewrite_failed","passName":"pacing","message":"Gemini provider not available (GEMINI_API_KEY not set)"}
# {"time":"2026-08-05T02:28:53.586Z","level":"warn","msg":"revision_rewrite_failed","passName":"pacing","message":"Gemini provider not available (GEMINI_API_KEY not set)"}
# {"time":"2026-08-05T02:28:53.588Z","level":"warn","msg":"revision_rewrite_failed","passName":"pacing","message":"Gemini provider not available (GEMINI_API_KEY not set)"}
# {"time":"2026-08-05T02:28:53.589Z","level":"warn","msg":"revision_rewrite_failed","passName":"pacing","message":"Gemini provider not available (GEMINI_API_KEY not set)"}
# {"time":"2026-08-05T02:28:53.590Z","level":"warn","msg":"revision_rewrite_failed","passName":"pacing","message":"Gemini provider not available (GEMINI_API_KEY not set)"}
# {"time":"2026-08-05T02:28:53.591Z","level":"warn","msg":"revision_rewrite_failed","passName":"pacing","message":"Gemini provider not available (GEMINI_API_KEY not set)"}
# {"time":"2026-08-05T02:28:53.592Z","level":"warn","msg":"revision_rewrite_failed","passName":"pacing","message":"Gemini provider not available (GEMINI_API_KEY not set)"}
# {"time":"2026-08-05T02:28:53.593Z","level":"warn","msg":"revision_rewrite_failed","passName":"pacing","message":"Gemini provider not available (GEMINI_API_KEY not set)"}
# {"time":"2026-08-05T02:28:53.599Z","level":"warn","msg":"revision_rewrite_failed","passName":"pacing","message":"Gemini provider not available (GEMINI_API_KEY not set)"}
# {"time":"2026-08-05T02:28:53.600Z","level":"warn","msg":"revision_rewrite_failed","passName":"pacing","message":"Gemini provider not available (GEMINI_API_KEY not set)"}
# {"time":"2026-08-05T02:28:53.602Z","level":"warn","msg":"revision_rewrite_failed","passName":"pacing","message":"Gemini provider not available (GEMINI_API_KEY not set)"}
# {"time":"2026-08-05T02:28:53.603Z","level":"warn","msg":"revision_rewrite_failed","passName":"pacing","message":"Gemini provider not available (GEMINI_API_KEY not set)"}
# {"time":"2026-08-05T02:28:53.604Z","level":"warn","msg":"revision_rewrite_failed","passName":"pacing","message":"Gemini provider not available (GEMINI_API_KEY not set)"}
# {"time":"2026-08-05T02:28:53.605Z","level":"warn","msg":"revision_rewrite_failed","passName":"pacing","message":"Gemini provider not available (GEMINI_API_KEY not set)"}
# {"time":"2026-08-05T02:28:53.606Z","level":"warn","msg":"revision_rewrite_failed","passName":"pacing","message":"Gemini provider not available (GEMINI_API_KEY not set)"}
# {"time":"2026-08-05T02:28:53.607Z","level":"warn","msg":"revision_rewrite_failed","passName":"pacing","message":"Gemini provider not available (GEMINI_API_KEY not set)"}
# {"time":"2026-08-05T02:28:53.608Z","level":"warn","msg":"revision_rewrite_failed","passName":"pacing","message":"Gemini provider not available (GEMINI_API_KEY not set)"}
# {"time":"2026-08-05T02:28:53.609Z","level":"warn","msg":"revision_rewrite_failed","passName":"pacing","message":"Gemini provider not available (GEMINI_API_KEY not set)"}
# {"time":"2026-08-05T02:28:53.610Z","level":"warn","msg":"revision_rewrite_failed","passName":"pacing","message":"Gemini provider not available (GEMINI_API_KEY not set)"}
# {"time":"2026-08-05T02:28:53.612Z","level":"warn","msg":"revision_rewrite_failed","passName":"pacing","message":"Gemini provider not available (GEMINI_API_KEY not set)"}
# {"time":"2026-08-05T02:28:53.612Z","level":"warn","msg":"revision_rewrite_failed","passName":"pacing","message":"Gemini provider not available (GEMINI_API_KEY not set)"}
# {"time":"2026-08-05T02:28:53.613Z","level":"warn","msg":"revision_rewrite_failed","passName":"pacing","message":"Gemini provider not available (GEMINI_API_KEY not set)"}
# {"time":"2026-08-05T02:28:53.614Z","level":"warn","msg":"revision_rewrite_failed","passName":"pacing","message":"Gemini provider not available (GEMINI_API_KEY not set)"}
# {"time":"2026-08-05T02:28:53.615Z","level":"warn","msg":"revision_rewrite_failed","passName":"pacing","message":"Gemini provider not available (GEMINI_API_KEY not set)"}
# {"time":"2026-08-05T02:28:53.615Z","level":"warn","msg":"revision_rewrite_failed","passName":"pacing","message":"Gemini provider not available (GEMINI_API_KEY not set)"}
# {"time":"2026-08-05T02:28:53.616Z","level":"warn","msg":"revision_rewrite_failed","passName":"pacing","message":"Gemini provider not available (GEMINI_API_KEY not set)"}
# Subtest: Wave 172 — pacingPass: plateau, opening bloat, suspense/length decoupling
    # Subtest: pacingPass detects PACING_PLATEAU when 4 consecutive scenes match in length
    ok 1 - pacingPass detects PACING_PLATEAU when 4 consecutive scenes match in length
      ---
      duration_ms: 18.744877
      type: 'test'
      ...
    # Subtest: pacingPass does NOT fire PACING_PLATEAU when no 4-scene run is uniform
    ok 2 - pacingPass does NOT fire PACING_PLATEAU when no 4-scene run is uniform
      ---
      duration_ms: 2.520189
      type: 'test'
      ...
    # Subtest: pacingPass detects OPENING_SCENE_BLOAT when scene 0 is >2x average
    ok 3 - pacingPass detects OPENING_SCENE_BLOAT when scene 0 is >2x average
      ---
      duration_ms: 1.800982
      type: 'test'
      ...
    # Subtest: pacingPass does NOT fire OPENING_SCENE_BLOAT when opening is proportionate
    ok 4 - pacingPass does NOT fire OPENING_SCENE_BLOAT when opening is proportionate
      ---
      duration_ms: 0.944519
      type: 'test'
      ...
    # Subtest: pacingPass detects SUSPENSE_LENGTH_DECOUPLING when page space is inverse to tension
    ok 5 - pacingPass detects SUSPENSE_LENGTH_DECOUPLING when page space is inverse to tension
      ---
      duration_ms: 2.205071
      type: 'test'
      ...
    # Subtest: pacingPass does NOT fire SUSPENSE_LENGTH_DECOUPLING when high-tension scenes get more space
    ok 6 - pacingPass does NOT fire SUSPENSE_LENGTH_DECOUPLING when high-tension scenes get more space
      ---
      duration_ms: 5.040824
      type: 'test'
      ...
    1..6
ok 1521 - Wave 172 — pacingPass: plateau, opening bloat, suspense/length decoupling
  ---
  duration_ms: 33.082637
  type: 'suite'
  ...
# Subtest: Wave 189 — pacingPass: velocity drop, climax runway, resolution bloat
    # Subtest: pacingPass detects SCENE_VELOCITY_DROP when second half scenes are much longer
    ok 1 - pacingPass detects SCENE_VELOCITY_DROP when second half scenes are much longer
      ---
      duration_ms: 2.249882
      type: 'test'
      ...
    # Subtest: pacingPass does NOT fire SCENE_VELOCITY_DROP when first half is longer
    ok 2 - pacingPass does NOT fire SCENE_VELOCITY_DROP when first half is longer
      ---
      duration_ms: 2.355759
      type: 'test'
      ...
    # Subtest: pacingPass detects CLIMAX_RUNWAY_OVERLONG when 3 pre-climax scenes exceed average length
    ok 3 - pacingPass detects CLIMAX_RUNWAY_OVERLONG when 3 pre-climax scenes exceed average length
      ---
      duration_ms: 1.911382
      type: 'test'
      ...
    # Subtest: pacingPass does NOT fire CLIMAX_RUNWAY_OVERLONG when a runway scene is short
    ok 4 - pacingPass does NOT fire CLIMAX_RUNWAY_OVERLONG when a runway scene is short
      ---
      duration_ms: 1.952276
      type: 'test'
      ...
    # Subtest: pacingPass detects RESOLUTION_SCENE_BLOAT when final two scenes are overlong and flat
    ok 5 - pacingPass detects RESOLUTION_SCENE_BLOAT when final two scenes are overlong and flat
      ---
      duration_ms: 1.094993
      type: 'test'
      ...
    # Subtest: pacingPass does NOT fire RESOLUTION_SCENE_BLOAT when the final scene is short
    ok 6 - pacingPass does NOT fire RESOLUTION_SCENE_BLOAT when the final scene is short
      ---
      duration_ms: 0.602573
      type: 'test'
      ...
    1..6
ok 1522 - Wave 189 — pacingPass: velocity drop, climax runway, resolution bloat
  ---
  duration_ms: 10.682858
  type: 'suite'
  ...
# Subtest: Wave 232 — pacingPass: pacing spike scene, peak length misplaced, act-transition jolt
    # Subtest: PACING_SPIKE_SCENE fires when one scene is ≥2.5× the average length
    ok 1 - PACING_SPIKE_SCENE fires when one scene is ≥2.5× the average length
      ---
      duration_ms: 1.73762
      type: 'test'
      ...
    # Subtest: PACING_SPIKE_SCENE does NOT fire when all scenes have comparable lengths
    ok 2 - PACING_SPIKE_SCENE does NOT fire when all scenes have comparable lengths
      ---
      duration_ms: 0.629919
      type: 'test'
      ...
    # Subtest: PEAK_LENGTH_MISPLACED fires when the longest scene is in Act 1
    ok 3 - PEAK_LENGTH_MISPLACED fires when the longest scene is in Act 1
      ---
      duration_ms: 1.385701
      type: 'test'
      ...
    # Subtest: PEAK_LENGTH_MISPLACED does NOT fire when the longest scene is in Act 3
    ok 4 - PEAK_LENGTH_MISPLACED does NOT fire when the longest scene is in Act 3
      ---
      duration_ms: 1.133966
      type: 'test'
      ...
    # Subtest: ACT_TRANSITION_JOLT fires when scene length jumps dramatically at an act boundary
    ok 5 - ACT_TRANSITION_JOLT fires when scene length jumps dramatically at an act boundary
      ---
      duration_ms: 1.145171
      type: 'test'
      ...
    # Subtest: ACT_TRANSITION_JOLT does NOT fire when act boundary lengths are gradual
    ok 6 - ACT_TRANSITION_JOLT does NOT fire when act boundary lengths are gradual
      ---
      duration_ms: 0.987848
      type: 'test'
      ...
    1..6
ok 1523 - Wave 232 — pacingPass: pacing spike scene, peak length misplaced, act-transition jolt
  ---
  duration_ms: 7.340087
  type: 'suite'
  ...
# Subtest: Wave 1184 — pacingPass (Program v2, Type 3 — genre-conditioned): ENERGY_MONOTONE and PACING_PLATEAU genre thresholds
    # Subtest: pacingPass: ENERGY_MONOTONE does not fire generically at CoV≈0.39 but fires under thriller's stricter cutoff
    ok 1 - pacingPass: ENERGY_MONOTONE does not fire generically at CoV≈0.39 but fires under thriller's stricter cutoff
      ---
      duration_ms: 2.483524
      type: 'test'
      ...
    # Subtest: pacingPass: ENERGY_MONOTONE genre-absent path is byte-identical to the pre-Wave-1184 rule
    ok 2 - pacingPass: ENERGY_MONOTONE genre-absent path is byte-identical to the pre-Wave-1184 rule
      ---
      duration_ms: 1.001455
      type: 'test'
      ...
    # Subtest: pacingPass: PACING_PLATEAU fires generically at a 15%-spread window but not under drama's tighter ratio
    ok 3 - pacingPass: PACING_PLATEAU fires generically at a 15%-spread window but not under drama's tighter ratio
      ---
      duration_ms: 2.257508
      type: 'test'
      ...
    # Subtest: pacingPass: PACING_PLATEAU genre-absent path is byte-identical to the pre-Wave-1184 rule
    ok 4 - pacingPass: PACING_PLATEAU genre-absent path is byte-identical to the pre-Wave-1184 rule
      ---
      duration_ms: 1.155534
      type: 'test'
      ...
    1..4
ok 1524 - Wave 1184 — pacingPass (Program v2, Type 3 — genre-conditioned): ENERGY_MONOTONE and PACING_PLATEAU genre thresholds
  ---
  duration_ms: 7.21777
  type: 'suite'
  ...
# Subtest: Wave 1350 — pacingPass: CLIMAX_NO_AFTERMATH
    # Subtest: fires when the peak-intensity scene is the final scene of a 16+ scene story
    ok 1 - fires when the peak-intensity scene is the final scene of a 16+ scene story
      ---
      duration_ms: 2.912313
      type: 'test'
      ...
    # Subtest: does NOT fire when the peak-intensity scene is followed by an aftermath scene
    ok 2 - does NOT fire when the peak-intensity scene is followed by an aftermath scene
      ---
      duration_ms: 1.227725
      type: 'test'
      ...
    1..2
ok 1525 - Wave 1350 — pacingPass: CLIMAX_NO_AFTERMATH
  ---
  duration_ms: 4.43988
  type: 'suite'
  ...
# Subtest: Wave 1181 — pacingPass (distinct-mode pivot): pacing payoff back-loaded, pacing open-thread front-loaded, pacing highlight back-loaded
    # Subtest: PACING_PAYOFF_BACK_LOADED fires when payoff scenes concentrate in the back half
    ok 1 - PACING_PAYOFF_BACK_LOADED fires when payoff scenes concentrate in the back half
      ---
      duration_ms: 13.515267
      type: 'test'
      ...
    # Subtest: PACING_PAYOFF_BACK_LOADED does not fire when payoff scenes are evenly split across halves
    ok 2 - PACING_PAYOFF_BACK_LOADED does not fire when payoff scenes are evenly split across halves
      ---
      duration_ms: 1.271034
      type: 'test'
      ...
    # Subtest: PACING_OPEN_THREAD_FRONT_LOADED fires when open-thread scenes concentrate in the front half
    ok 3 - PACING_OPEN_THREAD_FRONT_LOADED fires when open-thread scenes concentrate in the front half
      ---
      duration_ms: 1.483815
      type: 'test'
      ...
    # Subtest: PACING_OPEN_THREAD_FRONT_LOADED does not fire when open-thread scenes are evenly split across halves
    ok 4 - PACING_OPEN_THREAD_FRONT_LOADED does not fire when open-thread scenes are evenly split across halves
      ---
      duration_ms: 1.261745
      type: 'test'
      ...
    # Subtest: PACING_HIGHLIGHT_BACK_LOADED fires when standout-dialogue scenes concentrate in the back half
    ok 5 - PACING_HIGHLIGHT_BACK_LOADED fires when standout-dialogue scenes concentrate in the back half
      ---
      duration_ms: 1.514782
      type: 'test'
      ...
    # Subtest: PACING_HIGHLIGHT_BACK_LOADED does not fire when standout-dialogue scenes are evenly split across halves
    ok 6 - PACING_HIGHLIGHT_BACK_LOADED does not fire when standout-dialogue scenes are evenly split across halves
      ---
      duration_ms: 1.104229
      type: 'test'
      ...
    1..6
ok 1526 - Wave 1181 — pacingPass (distinct-mode pivot): pacing payoff back-loaded, pacing open-thread front-loaded, pacing highlight back-loaded
  ---
  duration_ms: 20.476939
  type: 'suite'
  ...
# Subtest: Wave 1167 — pacingPass: pacing emotion-recurrence aftermath void, pacing curiosity-suspense aftermath void, pacing curiosity-emotional aftermath void
    # Subtest: PACING_EMOTION_RECURRENCE_AFTERMATH_VOID fires when every emotionally-charged scene is followed by two scenes with no further emotional shift
    ok 1 - PACING_EMOTION_RECURRENCE_AFTERMATH_VOID fires when every emotionally-charged scene is followed by two scenes with no further emotional shift
      ---
      duration_ms: 1.447539
      type: 'test'
      ...
    # Subtest: PACING_EMOTION_RECURRENCE_AFTERMATH_VOID does not fire when an emotionally-charged scene is followed by a further emotional shift within its window
    ok 2 - PACING_EMOTION_RECURRENCE_AFTERMATH_VOID does not fire when an emotionally-charged scene is followed by a further emotional shift within its window
      ---
      duration_ms: 1.171422
      type: 'test'
      ...
    # Subtest: PACING_CURIOSITY_SUSPENSE_AFTERMATH_VOID fires when every curiosity-spike is followed by two scenes with no suspense rise
    ok 3 - PACING_CURIOSITY_SUSPENSE_AFTERMATH_VOID fires when every curiosity-spike is followed by two scenes with no suspense rise
      ---
      duration_ms: 1.137178
      type: 'test'
      ...
    # Subtest: PACING_CURIOSITY_SUSPENSE_AFTERMATH_VOID does not fire when a curiosity-spike is followed by a suspense rise within its window
    ok 4 - PACING_CURIOSITY_SUSPENSE_AFTERMATH_VOID does not fire when a curiosity-spike is followed by a suspense rise within its window
      ---
      duration_ms: 1.154599
      type: 'test'
      ...
    # Subtest: PACING_CURIOSITY_EMOTIONAL_AFTERMATH_VOID fires when every curiosity-spike is followed by two scenes with no emotional shift
    ok 5 - PACING_CURIOSITY_EMOTIONAL_AFTERMATH_VOID fires when every curiosity-spike is followed by two scenes with no emotional shift
      ---
      duration_ms: 1.174398
      type: 'test'
      ...
    # Subtest: PACING_CURIOSITY_EMOTIONAL_AFTERMATH_VOID does not fire when a curiosity-spike is followed by an emotional shift within its window
    ok 6 - PACING_CURIOSITY_EMOTIONAL_AFTERMATH_VOID does not fire when a curiosity-spike is followed by an emotional shift within its window
      ---
      duration_ms: 1.180499
      type: 'test'
      ...
    1..6
ok 1527 - Wave 1167 — pacingPass: pacing emotion-recurrence aftermath void, pacing curiosity-suspense aftermath void, pacing curiosity-emotional aftermath void
  ---
  duration_ms: 7.734708
  type: 'suite'
  ...
# Subtest: Wave 1153 — pacingPass: pacing suspense-staging aftermath void, pacing emotion-staging aftermath void, pacing suspense-recurrence aftermath void
    # Subtest: PACING_SUSPENSE_STAGING_AFTERMATH_VOID fires when every suspense-rise is followed by two scenes with no heavily-staged scene
    ok 1 - PACING_SUSPENSE_STAGING_AFTERMATH_VOID fires when every suspense-rise is followed by two scenes with no heavily-staged scene
      ---
      duration_ms: 1.438068
      type: 'test'
      ...
    # Subtest: PACING_SUSPENSE_STAGING_AFTERMATH_VOID does not fire when a suspense-rise is followed by a heavily-staged scene within its window
    ok 2 - PACING_SUSPENSE_STAGING_AFTERMATH_VOID does not fire when a suspense-rise is followed by a heavily-staged scene within its window
      ---
      duration_ms: 1.631829
      type: 'test'
      ...
    # Subtest: PACING_EMOTION_STAGING_AFTERMATH_VOID fires when every emotionally-charged scene is followed by two scenes with no heavily-staged scene
    ok 3 - PACING_EMOTION_STAGING_AFTERMATH_VOID fires when every emotionally-charged scene is followed by two scenes with no heavily-staged scene
      ---
      duration_ms: 1.107699
      type: 'test'
      ...
    # Subtest: PACING_EMOTION_STAGING_AFTERMATH_VOID does not fire when an emotionally-charged scene is followed by a heavily-staged scene within its window
    ok 4 - PACING_EMOTION_STAGING_AFTERMATH_VOID does not fire when an emotionally-charged scene is followed by a heavily-staged scene within its window
      ---
      duration_ms: 1.049566
      type: 'test'
      ...
    # Subtest: PACING_SUSPENSE_RECURRENCE_AFTERMATH_VOID fires when every suspense-rise is followed by two scenes with no further suspense rise
    ok 5 - PACING_SUSPENSE_RECURRENCE_AFTERMATH_VOID fires when every suspense-rise is followed by two scenes with no further suspense rise
      ---
      duration_ms: 1.038792
      type: 'test'
      ...
    # Subtest: PACING_SUSPENSE_RECURRENCE_AFTERMATH_VOID does not fire when a suspense-rise is followed by a further suspense rise within its window
    ok 6 - PACING_SUSPENSE_RECURRENCE_AFTERMATH_VOID does not fire when a suspense-rise is followed by a further suspense rise within its window
      ---
      duration_ms: 1.116517
      type: 'test'
      ...
    1..6
ok 1528 - Wave 1153 — pacingPass: pacing suspense-staging aftermath void, pacing emotion-staging aftermath void, pacing suspense-recurrence aftermath void
  ---
  duration_ms: 7.712805
  type: 'suite'
  ...
# Subtest: Wave 1139 — pacingPass: pacing suspense-dialogue-highlight aftermath void, pacing emotion-suspense aftermath void, pacing emotion-dialogue-highlight aftermath void
    # Subtest: PACING_SUSPENSE_DIALOGUE_HIGHLIGHT_AFTERMATH_VOID fires when every suspense-rise is followed by two scenes with no highlighted dialogue
    ok 1 - PACING_SUSPENSE_DIALOGUE_HIGHLIGHT_AFTERMATH_VOID fires when every suspense-rise is followed by two scenes with no highlighted dialogue
      ---
      duration_ms: 5.669604
      type: 'test'
      ...
    # Subtest: PACING_SUSPENSE_DIALOGUE_HIGHLIGHT_AFTERMATH_VOID does not fire when a suspense-rise is followed by highlighted dialogue within its window
    ok 2 - PACING_SUSPENSE_DIALOGUE_HIGHLIGHT_AFTERMATH_VOID does not fire when a suspense-rise is followed by highlighted dialogue within its window
      ---
      duration_ms: 1.13415
      type: 'test'
      ...
    # Subtest: PACING_EMOTION_SUSPENSE_AFTERMATH_VOID fires when every emotionally-charged scene is followed by two scenes with no suspense rise
    ok 3 - PACING_EMOTION_SUSPENSE_AFTERMATH_VOID fires when every emotionally-charged scene is followed by two scenes with no suspense rise
      ---
      duration_ms: 1.32589
      type: 'test'
      ...
    # Subtest: PACING_EMOTION_SUSPENSE_AFTERMATH_VOID does not fire when an emotionally-charged scene is followed by a suspense rise within its window
    ok 4 - PACING_EMOTION_SUSPENSE_AFTERMATH_VOID does not fire when an emotionally-charged scene is followed by a suspense rise within its window
      ---
      duration_ms: 1.109747
      type: 'test'
      ...
    # Subtest: PACING_EMOTION_DIALOGUE_HIGHLIGHT_AFTERMATH_VOID fires when every emotionally-charged scene is followed by two scenes with no highlighted dialogue
    ok 5 - PACING_EMOTION_DIALOGUE_HIGHLIGHT_AFTERMATH_VOID fires when every emotionally-charged scene is followed by two scenes with no highlighted dialogue
      ---
      duration_ms: 1.069252
      type: 'test'
      ...
    # Subtest: PACING_EMOTION_DIALOGUE_HIGHLIGHT_AFTERMATH_VOID does not fire when an emotionally-charged scene is followed by highlighted dialogue within its window
    ok 6 - PACING_EMOTION_DIALOGUE_HIGHLIGHT_AFTERMATH_VOID does not fire when an emotionally-charged scene is followed by highlighted dialogue within its window
      ---
      duration_ms: 1.129873
      type: 'test'
      ...
    1..6
ok 1529 - Wave 1139 — pacingPass: pacing suspense-dialogue-highlight aftermath void, pacing emotion-suspense aftermath void, pacing emotion-dialogue-highlight aftermath void
  ---
  duration_ms: 11.717978
  type: 'suite'
  ...
# Subtest: Wave 1125 — pacingPass: pacing suspense-emotional aftermath void, pacing suspense-relational aftermath void, pacing emotion-curiosity aftermath void
    # Subtest: PACING_SUSPENSE_EMOTIONAL_AFTERMATH_VOID fires when every suspense-rise is followed by two scenes with no emotional shift
    ok 1 - PACING_SUSPENSE_EMOTIONAL_AFTERMATH_VOID fires when every suspense-rise is followed by two scenes with no emotional shift
      ---
      duration_ms: 1.328887
      type: 'test'
      ...
    # Subtest: PACING_SUSPENSE_EMOTIONAL_AFTERMATH_VOID does not fire when a suspense-rise is followed by an emotional shift within its window
    ok 2 - PACING_SUSPENSE_EMOTIONAL_AFTERMATH_VOID does not fire when a suspense-rise is followed by an emotional shift within its window
      ---
      duration_ms: 1.088486
      type: 'test'
      ...
    # Subtest: PACING_SUSPENSE_RELATIONAL_AFTERMATH_VOID fires when every suspense-rise is followed by two scenes with no relationship shift
    ok 3 - PACING_SUSPENSE_RELATIONAL_AFTERMATH_VOID fires when every suspense-rise is followed by two scenes with no relationship shift
      ---
      duration_ms: 1.209012
      type: 'test'
      ...
    # Subtest: PACING_SUSPENSE_RELATIONAL_AFTERMATH_VOID does not fire when a suspense-rise is followed by a relationship shift within its window
    ok 4 - PACING_SUSPENSE_RELATIONAL_AFTERMATH_VOID does not fire when a suspense-rise is followed by a relationship shift within its window
      ---
      duration_ms: 1.091842
      type: 'test'
      ...
    # Subtest: PACING_EMOTION_CURIOSITY_AFTERMATH_VOID fires when every emotionally-charged scene is followed by two scenes with no curiosity rise
    ok 5 - PACING_EMOTION_CURIOSITY_AFTERMATH_VOID fires when every emotionally-charged scene is followed by two scenes with no curiosity rise
      ---
      duration_ms: 1.078707
      type: 'test'
      ...
    # Subtest: PACING_EMOTION_CURIOSITY_AFTERMATH_VOID does not fire when an emotionally-charged scene is followed by a curiosity rise within its window
    ok 6 - PACING_EMOTION_CURIOSITY_AFTERMATH_VOID does not fire when an emotionally-charged scene is followed by a curiosity rise within its window
      ---
      duration_ms: 0.937865
      type: 'test'
      ...
    1..6
ok 1530 - Wave 1125 — pacingPass: pacing suspense-emotional aftermath void, pacing suspense-relational aftermath void, pacing emotion-curiosity aftermath void
  ---
  duration_ms: 7.017792
  type: 'suite'
  ...
# Subtest: Wave 1111 — pacingPass: pacing clock-delta-dialogue-highlight aftermath void, pacing suspense-curiosity aftermath void, pacing emotion-relational aftermath void
    # Subtest: PACING_CLOCK_DELTA_DIALOGUE_HIGHLIGHT_AFTERMATH_VOID fires when every clock-delta scene is followed by two scenes with no highlighted dialogue
    ok 1 - PACING_CLOCK_DELTA_DIALOGUE_HIGHLIGHT_AFTERMATH_VOID fires when every clock-delta scene is followed by two scenes with no highlighted dialogue
      ---
      duration_ms: 1.306871
      type: 'test'
      ...
    # Subtest: PACING_CLOCK_DELTA_DIALOGUE_HIGHLIGHT_AFTERMATH_VOID does not fire when a clock-delta scene is followed by highlighted dialogue within its window
    ok 2 - PACING_CLOCK_DELTA_DIALOGUE_HIGHLIGHT_AFTERMATH_VOID does not fire when a clock-delta scene is followed by highlighted dialogue within its window
      ---
      duration_ms: 1.119229
      type: 'test'
      ...
    # Subtest: PACING_SUSPENSE_CURIOSITY_AFTERMATH_VOID fires when every suspense-rise is followed by two scenes with no curiosity rise
    ok 3 - PACING_SUSPENSE_CURIOSITY_AFTERMATH_VOID fires when every suspense-rise is followed by two scenes with no curiosity rise
      ---
      duration_ms: 1.096862
      type: 'test'
      ...
    # Subtest: PACING_SUSPENSE_CURIOSITY_AFTERMATH_VOID does not fire when a suspense-rise is followed by a curiosity rise within its window
    ok 4 - PACING_SUSPENSE_CURIOSITY_AFTERMATH_VOID does not fire when a suspense-rise is followed by a curiosity rise within its window
      ---
      duration_ms: 1.017512
      type: 'test'
      ...
    # Subtest: PACING_EMOTION_RELATIONAL_AFTERMATH_VOID fires when every emotionally-charged scene is followed by two scenes with no relationship shift
    ok 5 - PACING_EMOTION_RELATIONAL_AFTERMATH_VOID fires when every emotionally-charged scene is followed by two scenes with no relationship shift
      ---
      duration_ms: 1.195371
      type: 'test'
      ...
    # Subtest: PACING_EMOTION_RELATIONAL_AFTERMATH_VOID does not fire when an emotionally-charged scene is followed by a relationship shift within its window
    ok 6 - PACING_EMOTION_RELATIONAL_AFTERMATH_VOID does not fire when an emotionally-charged scene is followed by a relationship shift within its window
      ---
      duration_ms: 1.020003
      type: 'test'
      ...
    1..6
ok 1531 - Wave 1111 — pacingPass: pacing clock-delta-dialogue-highlight aftermath void, pacing suspense-curiosity aftermath void, pacing emotion-relational aftermath void
  ---
  duration_ms: 7.012551
  type: 'suite'
  ...
# Subtest: Wave 1097 — pacingPass: pacing clock-delta-emotional aftermath void, pacing clock-delta-relational aftermath void, pacing clock-delta-staging aftermath void
    # Subtest: PACING_CLOCK_DELTA_EMOTIONAL_AFTERMATH_VOID fires when every clock-delta scene is followed by two scenes with no emotional shift
    ok 1 - PACING_CLOCK_DELTA_EMOTIONAL_AFTERMATH_VOID fires when every clock-delta scene is followed by two scenes with no emotional shift
      ---
      duration_ms: 1.074559
      type: 'test'
      ...
    # Subtest: PACING_CLOCK_DELTA_EMOTIONAL_AFTERMATH_VOID does not fire when a clock-delta scene is followed by an emotional shift within its window
    ok 2 - PACING_CLOCK_DELTA_EMOTIONAL_AFTERMATH_VOID does not fire when a clock-delta scene is followed by an emotional shift within its window
      ---
      duration_ms: 1.341805
      type: 'test'
      ...
    # Subtest: PACING_CLOCK_DELTA_RELATIONAL_AFTERMATH_VOID fires when every clock-delta scene is followed by two scenes with no relationship shift
    ok 3 - PACING_CLOCK_DELTA_RELATIONAL_AFTERMATH_VOID fires when every clock-delta scene is followed by two scenes with no relationship shift
      ---
      duration_ms: 1.012524
      type: 'test'
      ...
    # Subtest: PACING_CLOCK_DELTA_RELATIONAL_AFTERMATH_VOID does not fire when a clock-delta scene is followed by a relationship shift within its window
    ok 4 - PACING_CLOCK_DELTA_RELATIONAL_AFTERMATH_VOID does not fire when a clock-delta scene is followed by a relationship shift within its window
      ---
      duration_ms: 0.993651
      type: 'test'
      ...
    # Subtest: PACING_CLOCK_DELTA_STAGING_AFTERMATH_VOID fires when every clock-delta scene is followed by two scenes with no visually dense scene
    ok 5 - PACING_CLOCK_DELTA_STAGING_AFTERMATH_VOID fires when every clock-delta scene is followed by two scenes with no visually dense scene
      ---
      duration_ms: 0.985759
      type: 'test'
      ...
    # Subtest: PACING_CLOCK_DELTA_STAGING_AFTERMATH_VOID does not fire when a clock-delta scene is followed by a visually dense scene within its window
    ok 6 - PACING_CLOCK_DELTA_STAGING_AFTERMATH_VOID does not fire when a clock-delta scene is followed by a visually dense scene within its window
      ---
      duration_ms: 1.237799
      type: 'test'
      ...
    1..6
ok 1532 - Wave 1097 — pacingPass: pacing clock-delta-emotional aftermath void, pacing clock-delta-relational aftermath void, pacing clock-delta-staging aftermath void
  ---
  duration_ms: 6.982771
  type: 'suite'
  ...
# Subtest: Wave 1083 — pacingPass: pacing open-thread-dialogue-highlight aftermath void, pacing clock-delta-suspense aftermath void, pacing clock-delta-curiosity aftermath void
    # Subtest: PACING_OPEN_THREAD_DIALOGUE_HIGHLIGHT_AFTERMATH_VOID fires when every heavy clue-debt scene is followed by two scenes with no highlighted dialogue
    ok 1 - PACING_OPEN_THREAD_DIALOGUE_HIGHLIGHT_AFTERMATH_VOID fires when every heavy clue-debt scene is followed by two scenes with no highlighted dialogue
      ---
      duration_ms: 1.242921
      type: 'test'
      ...
    # Subtest: PACING_OPEN_THREAD_DIALOGUE_HIGHLIGHT_AFTERMATH_VOID does not fire when a heavy clue-debt scene is followed by highlighted dialogue within its window
    ok 2 - PACING_OPEN_THREAD_DIALOGUE_HIGHLIGHT_AFTERMATH_VOID does not fire when a heavy clue-debt scene is followed by highlighted dialogue within its window
      ---
      duration_ms: 0.989779
      type: 'test'
      ...
    # Subtest: PACING_CLOCK_DELTA_SUSPENSE_AFTERMATH_VOID fires when every clock-delta scene is followed by two scenes with no suspense rise
    ok 3 - PACING_CLOCK_DELTA_SUSPENSE_AFTERMATH_VOID fires when every clock-delta scene is followed by two scenes with no suspense rise
      ---
      duration_ms: 0.982986
      type: 'test'
      ...
    # Subtest: PACING_CLOCK_DELTA_SUSPENSE_AFTERMATH_VOID does not fire when a clock-delta scene is followed by a suspense rise within its window
    ok 4 - PACING_CLOCK_DELTA_SUSPENSE_AFTERMATH_VOID does not fire when a clock-delta scene is followed by a suspense rise within its window
      ---
      duration_ms: 1.08785
      type: 'test'
      ...
    # Subtest: PACING_CLOCK_DELTA_CURIOSITY_AFTERMATH_VOID fires when every clock-delta scene is followed by two scenes with no curiosity rise
    ok 5 - PACING_CLOCK_DELTA_CURIOSITY_AFTERMATH_VOID fires when every clock-delta scene is followed by two scenes with no curiosity rise
      ---
      duration_ms: 1.045883
      type: 'test'
      ...
    # Subtest: PACING_CLOCK_DELTA_CURIOSITY_AFTERMATH_VOID does not fire when a clock-delta scene is followed by a curiosity rise within its window
    ok 6 - PACING_CLOCK_DELTA_CURIOSITY_AFTERMATH_VOID does not fire when a clock-delta scene is followed by a curiosity rise within its window
      ---
      duration_ms: 1.066533
      type: 'test'
      ...
    1..6
ok 1533 - Wave 1083 — pacingPass: pacing open-thread-dialogue-highlight aftermath void, pacing clock-delta-suspense aftermath void, pacing clock-delta-curiosity aftermath void
  ---
  duration_ms: 6.680281
  type: 'suite'
  ...
# Subtest: Wave 1069 — pacingPass: pacing payoff-dialogue-highlight aftermath void, pacing stakes-dialogue-highlight aftermath void, pacing open-thread-staging aftermath void
    # Subtest: PACING_PAYOFF_DIALOGUE_HIGHLIGHT_AFTERMATH_VOID fires when every payoff is followed by two scenes with no highlighted dialogue
    ok 1 - PACING_PAYOFF_DIALOGUE_HIGHLIGHT_AFTERMATH_VOID fires when every payoff is followed by two scenes with no highlighted dialogue
      ---
      duration_ms: 1.241591
      type: 'test'
      ...
    # Subtest: PACING_PAYOFF_DIALOGUE_HIGHLIGHT_AFTERMATH_VOID does not fire when a payoff is followed by highlighted dialogue within its window
    ok 2 - PACING_PAYOFF_DIALOGUE_HIGHLIGHT_AFTERMATH_VOID does not fire when a payoff is followed by highlighted dialogue within its window
      ---
      duration_ms: 1.032502
      type: 'test'
      ...
    # Subtest: PACING_STAKES_DIALOGUE_HIGHLIGHT_AFTERMATH_VOID fires when every stakes-raise is followed by two scenes with no highlighted dialogue
    ok 3 - PACING_STAKES_DIALOGUE_HIGHLIGHT_AFTERMATH_VOID fires when every stakes-raise is followed by two scenes with no highlighted dialogue
      ---
      duration_ms: 1.151229
      type: 'test'
      ...
    # Subtest: PACING_STAKES_DIALOGUE_HIGHLIGHT_AFTERMATH_VOID does not fire when a stakes-raise is followed by highlighted dialogue within its window
    ok 4 - PACING_STAKES_DIALOGUE_HIGHLIGHT_AFTERMATH_VOID does not fire when a stakes-raise is followed by highlighted dialogue within its window
      ---
      duration_ms: 0.991516
      type: 'test'
      ...
    # Subtest: PACING_OPEN_THREAD_STAGING_AFTERMATH_VOID fires when every heavy clue-debt scene is followed by two scenes with no visually dense scene
    ok 5 - PACING_OPEN_THREAD_STAGING_AFTERMATH_VOID fires when every heavy clue-debt scene is followed by two scenes with no visually dense scene
      ---
      duration_ms: 1.164713
      type: 'test'
      ...
    # Subtest: PACING_OPEN_THREAD_STAGING_AFTERMATH_VOID does not fire when a heavy clue-debt scene is followed by a visually dense scene within its window
    ok 6 - PACING_OPEN_THREAD_STAGING_AFTERMATH_VOID does not fire when a heavy clue-debt scene is followed by a visually dense scene within its window
      ---
      duration_ms: 1.118315
      type: 'test'
      ...
    1..6
ok 1534 - Wave 1069 — pacingPass: pacing payoff-dialogue-highlight aftermath void, pacing stakes-dialogue-highlight aftermath void, pacing open-thread-staging aftermath void
  ---
  duration_ms: 6.959084
  type: 'suite'
  ...
# Subtest: Wave 1055 — pacingPass: pacing stakes-relational aftermath void, pacing open-thread-relational aftermath void, pacing stakes-staging aftermath void
    # Subtest: PACING_STAKES_RELATIONAL_AFTERMATH_VOID fires when every stakes-raise is followed by two scenes with no relationship shift
    ok 1 - PACING_STAKES_RELATIONAL_AFTERMATH_VOID fires when every stakes-raise is followed by two scenes with no relationship shift
      ---
      duration_ms: 1.15826
      type: 'test'
      ...
    # Subtest: PACING_STAKES_RELATIONAL_AFTERMATH_VOID does not fire when a stakes-raise is followed by a relationship shift within its window
    ok 2 - PACING_STAKES_RELATIONAL_AFTERMATH_VOID does not fire when a stakes-raise is followed by a relationship shift within its window
      ---
      duration_ms: 1.070408
      type: 'test'
      ...
    # Subtest: PACING_OPEN_THREAD_RELATIONAL_AFTERMATH_VOID fires when every heavy clue-debt scene is followed by two scenes with no relationship shift
    ok 3 - PACING_OPEN_THREAD_RELATIONAL_AFTERMATH_VOID fires when every heavy clue-debt scene is followed by two scenes with no relationship shift
      ---
      duration_ms: 0.988757
      type: 'test'
      ...
    # Subtest: PACING_OPEN_THREAD_RELATIONAL_AFTERMATH_VOID does not fire when a heavy clue-debt scene is followed by a relationship shift within its window
    ok 4 - PACING_OPEN_THREAD_RELATIONAL_AFTERMATH_VOID does not fire when a heavy clue-debt scene is followed by a relationship shift within its window
      ---
      duration_ms: 1.0342
      type: 'test'
      ...
    # Subtest: PACING_STAKES_STAGING_AFTERMATH_VOID fires when every stakes-raise is followed by two scenes with no substantial staging
    ok 5 - PACING_STAKES_STAGING_AFTERMATH_VOID fires when every stakes-raise is followed by two scenes with no substantial staging
      ---
      duration_ms: 0.899734
      type: 'test'
      ...
    # Subtest: PACING_STAKES_STAGING_AFTERMATH_VOID does not fire when a stakes-raise is followed by substantial staging within its window
    ok 6 - PACING_STAKES_STAGING_AFTERMATH_VOID does not fire when a stakes-raise is followed by substantial staging within its window
      ---
      duration_ms: 1.190506
      type: 'test'
      ...
    1..6
ok 1535 - Wave 1055 — pacingPass: pacing stakes-relational aftermath void, pacing open-thread-relational aftermath void, pacing stakes-staging aftermath void
  ---
  duration_ms: 6.738602
  type: 'suite'
  ...
# Subtest: Wave 1041 — pacingPass: pacing revelation-dialogue-highlight aftermath void, pacing clock-dialogue-highlight aftermath void, pacing turn-dialogue-highlight aftermath void
    # Subtest: PACING_REVELATION_DIALOGUE_HIGHLIGHT_AFTERMATH_VOID fires when every revelation is followed by two scenes with no highlighted dialogue
    ok 1 - PACING_REVELATION_DIALOGUE_HIGHLIGHT_AFTERMATH_VOID fires when every revelation is followed by two scenes with no highlighted dialogue
      ---
      duration_ms: 1.306661
      type: 'test'
      ...
    # Subtest: PACING_REVELATION_DIALOGUE_HIGHLIGHT_AFTERMATH_VOID does not fire when a revelation is followed by highlighted dialogue within its window
    ok 2 - PACING_REVELATION_DIALOGUE_HIGHLIGHT_AFTERMATH_VOID does not fire when a revelation is followed by highlighted dialogue within its window
      ---
      duration_ms: 1.03631
      type: 'test'
      ...
    # Subtest: PACING_CLOCK_DIALOGUE_HIGHLIGHT_AFTERMATH_VOID fires when every clock-raise is followed by two scenes with no highlighted dialogue
    ok 3 - PACING_CLOCK_DIALOGUE_HIGHLIGHT_AFTERMATH_VOID fires when every clock-raise is followed by two scenes with no highlighted dialogue
      ---
      duration_ms: 1.099128
      type: 'test'
      ...
    # Subtest: PACING_CLOCK_DIALOGUE_HIGHLIGHT_AFTERMATH_VOID does not fire when a clock-raise is followed by highlighted dialogue within its window
    ok 4 - PACING_CLOCK_DIALOGUE_HIGHLIGHT_AFTERMATH_VOID does not fire when a clock-raise is followed by highlighted dialogue within its window
      ---
      duration_ms: 0.960887
      type: 'test'
      ...
    # Subtest: PACING_TURN_DIALOGUE_HIGHLIGHT_AFTERMATH_VOID fires when every dramatic turn is followed by two scenes with no highlighted dialogue
    ok 5 - PACING_TURN_DIALOGUE_HIGHLIGHT_AFTERMATH_VOID fires when every dramatic turn is followed by two scenes with no highlighted dialogue
      ---
      duration_ms: 1.020128
      type: 'test'
      ...
    # Subtest: PACING_TURN_DIALOGUE_HIGHLIGHT_AFTERMATH_VOID does not fire when a dramatic turn is followed by highlighted dialogue within its window
    ok 6 - PACING_TURN_DIALOGUE_HIGHLIGHT_AFTERMATH_VOID does not fire when a dramatic turn is followed by highlighted dialogue within its window
      ---
      duration_ms: 0.998578
      type: 'test'
      ...
    1..6
ok 1536 - Wave 1041 — pacingPass: pacing revelation-dialogue-highlight aftermath void, pacing clock-dialogue-highlight aftermath void, pacing turn-dialogue-highlight aftermath void
  ---
  duration_ms: 6.765474
  type: 'suite'
  ...
# Subtest: Wave 1027 — pacingPass: pacing payoff-staging aftermath void, pacing turn-staging aftermath void, pacing seed-dialogue-highlight aftermath void
    # Subtest: PACING_PAYOFF_STAGING_AFTERMATH_VOID fires when every payoff is followed by two scenes with no substantial staging
    ok 1 - PACING_PAYOFF_STAGING_AFTERMATH_VOID fires when every payoff is followed by two scenes with no substantial staging
      ---
      duration_ms: 2.295369
      type: 'test'
      ...
    # Subtest: PACING_PAYOFF_STAGING_AFTERMATH_VOID does not fire when a payoff is followed by substantial staging within its window
    ok 2 - PACING_PAYOFF_STAGING_AFTERMATH_VOID does not fire when a payoff is followed by substantial staging within its window
      ---
      duration_ms: 6.967711
      type: 'test'
      ...
    # Subtest: PACING_TURN_STAGING_AFTERMATH_VOID fires when every dramatic turn is followed by two scenes with no substantial staging
    ok 3 - PACING_TURN_STAGING_AFTERMATH_VOID fires when every dramatic turn is followed by two scenes with no substantial staging
      ---
      duration_ms: 1.039336
      type: 'test'
      ...
    # Subtest: PACING_TURN_STAGING_AFTERMATH_VOID does not fire when a dramatic turn is followed by substantial staging within its window
    ok 4 - PACING_TURN_STAGING_AFTERMATH_VOID does not fire when a dramatic turn is followed by substantial staging within its window
      ---
      duration_ms: 0.986757
      type: 'test'
      ...
    # Subtest: PACING_SEED_DIALOGUE_HIGHLIGHT_AFTERMATH_VOID fires when every seed is followed by two scenes with no highlighted dialogue
    ok 5 - PACING_SEED_DIALOGUE_HIGHLIGHT_AFTERMATH_VOID fires when every seed is followed by two scenes with no highlighted dialogue
      ---
      duration_ms: 1.145213
      type: 'test'
      ...
    # Subtest: PACING_SEED_DIALOGUE_HIGHLIGHT_AFTERMATH_VOID does not fire when a seed is followed by highlighted dialogue within its window
    ok 6 - PACING_SEED_DIALOGUE_HIGHLIGHT_AFTERMATH_VOID does not fire when a seed is followed by highlighted dialogue within its window
      ---
      duration_ms: 0.954596
      type: 'test'
      ...
    1..6
ok 1537 - Wave 1027 — pacingPass: pacing payoff-staging aftermath void, pacing turn-staging aftermath void, pacing seed-dialogue-highlight aftermath void
  ---
  duration_ms: 13.655729
  type: 'suite'
  ...
# Subtest: Wave 1013 — pacingPass: pacing turn-relational aftermath void, pacing clock-relational aftermath void, pacing clock-staging aftermath void
    # Subtest: PACING_TURN_RELATIONAL_AFTERMATH_VOID fires when every dramatic turn is followed by two scenes with no relationship shift
    ok 1 - PACING_TURN_RELATIONAL_AFTERMATH_VOID fires when every dramatic turn is followed by two scenes with no relationship shift
      ---
      duration_ms: 1.108929
      type: 'test'
      ...
    # Subtest: PACING_TURN_RELATIONAL_AFTERMATH_VOID does not fire when a dramatic turn is followed by a relationship shift within its window
    ok 2 - PACING_TURN_RELATIONAL_AFTERMATH_VOID does not fire when a dramatic turn is followed by a relationship shift within its window
      ---
      duration_ms: 0.886598
      type: 'test'
      ...
    # Subtest: PACING_CLOCK_RELATIONAL_AFTERMATH_VOID fires when every clock-raise is followed by two scenes with no relationship shift
    ok 3 - PACING_CLOCK_RELATIONAL_AFTERMATH_VOID fires when every clock-raise is followed by two scenes with no relationship shift
      ---
      duration_ms: 0.96002
      type: 'test'
      ...
    # Subtest: PACING_CLOCK_RELATIONAL_AFTERMATH_VOID does not fire when a clock-raise is followed by a relationship shift within its window
    ok 4 - PACING_CLOCK_RELATIONAL_AFTERMATH_VOID does not fire when a clock-raise is followed by a relationship shift within its window
      ---
      duration_ms: 0.813782
      type: 'test'
      ...
    # Subtest: PACING_CLOCK_STAGING_AFTERMATH_VOID fires when every clock-raise is followed by two scenes with no substantial staging
    ok 5 - PACING_CLOCK_STAGING_AFTERMATH_VOID fires when every clock-raise is followed by two scenes with no substantial staging
      ---
      duration_ms: 0.936836
      type: 'test'
      ...
    # Subtest: PACING_CLOCK_STAGING_AFTERMATH_VOID does not fire when a clock-raise is followed by substantial staging within its window
    ok 6 - PACING_CLOCK_STAGING_AFTERMATH_VOID does not fire when a clock-raise is followed by substantial staging within its window
      ---
      duration_ms: 0.934594
      type: 'test'
      ...
    1..6
ok 1538 - Wave 1013 — pacingPass: pacing turn-relational aftermath void, pacing clock-relational aftermath void, pacing clock-staging aftermath void
  ---
  duration_ms: 6.076627
  type: 'suite'
  ...
# Subtest: Wave 999 — pacingPass: pacing revelation-relationship aftermath void, pacing seed-relationship aftermath void, pacing payoff-relationship aftermath void
    # Subtest: PACING_REVELATION_RELATIONSHIP_AFTERMATH_VOID fires when every revelation is followed by two scenes with no relationship shift
    ok 1 - PACING_REVELATION_RELATIONSHIP_AFTERMATH_VOID fires when every revelation is followed by two scenes with no relationship shift
      ---
      duration_ms: 1.252189
      type: 'test'
      ...
    # Subtest: PACING_REVELATION_RELATIONSHIP_AFTERMATH_VOID does not fire when a revelation is followed by a relationship shift within its window
    ok 2 - PACING_REVELATION_RELATIONSHIP_AFTERMATH_VOID does not fire when a revelation is followed by a relationship shift within its window
      ---
      duration_ms: 0.903601
      type: 'test'
      ...
    # Subtest: PACING_SEED_RELATIONSHIP_AFTERMATH_VOID fires when every seed is followed by two scenes with no relationship shift
    ok 3 - PACING_SEED_RELATIONSHIP_AFTERMATH_VOID fires when every seed is followed by two scenes with no relationship shift
      ---
      duration_ms: 1.080065
      type: 'test'
      ...
    # Subtest: PACING_SEED_RELATIONSHIP_AFTERMATH_VOID does not fire when a seed is followed by a relationship shift within its window
    ok 4 - PACING_SEED_RELATIONSHIP_AFTERMATH_VOID does not fire when a seed is followed by a relationship shift within its window
      ---
      duration_ms: 1.156493
      type: 'test'
      ...
    # Subtest: PACING_PAYOFF_RELATIONSHIP_AFTERMATH_VOID fires when every payoff is followed by two scenes with no relationship shift
    ok 5 - PACING_PAYOFF_RELATIONSHIP_AFTERMATH_VOID fires when every payoff is followed by two scenes with no relationship shift
      ---
      duration_ms: 1.006227
      type: 'test'
      ...
    # Subtest: PACING_PAYOFF_RELATIONSHIP_AFTERMATH_VOID does not fire when a payoff is followed by a relationship shift within its window
    ok 6 - PACING_PAYOFF_RELATIONSHIP_AFTERMATH_VOID does not fire when a payoff is followed by a relationship shift within its window
      ---
      duration_ms: 0.961933
      type: 'test'
      ...
    1..6
ok 1539 - Wave 999 — pacingPass: pacing revelation-relationship aftermath void, pacing seed-relationship aftermath void, pacing payoff-relationship aftermath void
  ---
  duration_ms: 6.610453
  type: 'suite'
  ...
# Subtest: Wave 985 — pacingPass: pacing highlight zone imbalance, pacing turn zone imbalance, pacing stakes-curiosity aftermath void
    # Subtest: PACING_HIGHLIGHT_ZONE_IMBALANCE fires when one zone is empty while another holds >=50% of highlighted-dialogue scenes
    ok 1 - PACING_HIGHLIGHT_ZONE_IMBALANCE fires when one zone is empty while another holds >=50% of highlighted-dialogue scenes
      ---
      duration_ms: 1.108414
      type: 'test'
      ...
    # Subtest: PACING_HIGHLIGHT_ZONE_IMBALANCE does not fire when highlighted-dialogue scenes touch every zone
    ok 2 - PACING_HIGHLIGHT_ZONE_IMBALANCE does not fire when highlighted-dialogue scenes touch every zone
      ---
      duration_ms: 1.041846
      type: 'test'
      ...
    # Subtest: PACING_TURN_ZONE_IMBALANCE fires when one zone is empty while another holds >=50% of dramatic-turn scenes
    ok 3 - PACING_TURN_ZONE_IMBALANCE fires when one zone is empty while another holds >=50% of dramatic-turn scenes
      ---
      duration_ms: 1.130078
      type: 'test'
      ...
    # Subtest: PACING_TURN_ZONE_IMBALANCE does not fire when dramatic-turn scenes touch every zone
    ok 4 - PACING_TURN_ZONE_IMBALANCE does not fire when dramatic-turn scenes touch every zone
      ---
      duration_ms: 1.033856
      type: 'test'
      ...
    # Subtest: PACING_STAKES_CURIOSITY_AFTERMATH_VOID fires when every stakes-raise is followed by two scenes with no new curiosity
    ok 5 - PACING_STAKES_CURIOSITY_AFTERMATH_VOID fires when every stakes-raise is followed by two scenes with no new curiosity
      ---
      duration_ms: 0.982269
      type: 'test'
      ...
    # Subtest: PACING_STAKES_CURIOSITY_AFTERMATH_VOID does not fire when a stakes-raise is followed by new curiosity within its window
    ok 6 - PACING_STAKES_CURIOSITY_AFTERMATH_VOID does not fire when a stakes-raise is followed by new curiosity within its window
      ---
      duration_ms: 1.022912
      type: 'test'
      ...
    1..6
ok 1540 - Wave 985 — pacingPass: pacing highlight zone imbalance, pacing turn zone imbalance, pacing stakes-curiosity aftermath void
  ---
  duration_ms: 6.668113
  type: 'suite'
  ...
# Subtest: Wave 971 — pacingPass: pacing clock delta zone imbalance, pacing relationship zone imbalance, pacing revelation zone imbalance
    # Subtest: PACING_CLOCK_DELTA_ZONE_IMBALANCE fires when one zone is empty while another holds >=50% of clock-moving scenes
    ok 1 - PACING_CLOCK_DELTA_ZONE_IMBALANCE fires when one zone is empty while another holds >=50% of clock-moving scenes
      ---
      duration_ms: 1.244582
      type: 'test'
      ...
    # Subtest: PACING_CLOCK_DELTA_ZONE_IMBALANCE does not fire when clock-moving scenes touch every zone
    ok 2 - PACING_CLOCK_DELTA_ZONE_IMBALANCE does not fire when clock-moving scenes touch every zone
      ---
      duration_ms: 0.945408
      type: 'test'
      ...
    # Subtest: PACING_RELATIONSHIP_ZONE_IMBALANCE fires when one zone is empty while another holds >=50% of relationship-shift scenes
    ok 3 - PACING_RELATIONSHIP_ZONE_IMBALANCE fires when one zone is empty while another holds >=50% of relationship-shift scenes
      ---
      duration_ms: 1.04097
      type: 'test'
      ...
    # Subtest: PACING_RELATIONSHIP_ZONE_IMBALANCE does not fire when relationship-shift scenes touch every zone
    ok 4 - PACING_RELATIONSHIP_ZONE_IMBALANCE does not fire when relationship-shift scenes touch every zone
      ---
      duration_ms: 0.88392
      type: 'test'
      ...
    # Subtest: PACING_REVELATION_ZONE_IMBALANCE fires when one zone is empty while another holds >=50% of revelation scenes
    ok 5 - PACING_REVELATION_ZONE_IMBALANCE fires when one zone is empty while another holds >=50% of revelation scenes
      ---
      duration_ms: 1.099156
      type: 'test'
      ...
    # Subtest: PACING_REVELATION_ZONE_IMBALANCE does not fire when revelation scenes touch every zone
    ok 6 - PACING_REVELATION_ZONE_IMBALANCE does not fire when revelation scenes touch every zone
      ---
      duration_ms: 1.040235
      type: 'test'
      ...
    1..6
ok 1541 - Wave 971 — pacingPass: pacing clock delta zone imbalance, pacing relationship zone imbalance, pacing revelation zone imbalance
  ---
  duration_ms: 6.501096
  type: 'suite'
  ...
# Subtest: Wave 957 — pacingPass: pacing positive emotion zone imbalance, pacing suspense zone imbalance, pacing payoff zone imbalance
    # Subtest: PACING_POSITIVE_EMOTION_ZONE_IMBALANCE fires when one zone is empty while another holds >=50% of positive-shift scenes
    ok 1 - PACING_POSITIVE_EMOTION_ZONE_IMBALANCE fires when one zone is empty while another holds >=50% of positive-shift scenes
      ---
      duration_ms: 1.313935
      type: 'test'
      ...
    # Subtest: PACING_POSITIVE_EMOTION_ZONE_IMBALANCE does not fire when positive-shift scenes touch every zone
    ok 2 - PACING_POSITIVE_EMOTION_ZONE_IMBALANCE does not fire when positive-shift scenes touch every zone
      ---
      duration_ms: 0.945013
      type: 'test'
      ...
    # Subtest: PACING_SUSPENSE_ZONE_IMBALANCE fires when one zone is empty while another holds >=50% of suspense-raising scenes
    ok 3 - PACING_SUSPENSE_ZONE_IMBALANCE fires when one zone is empty while another holds >=50% of suspense-raising scenes
      ---
      duration_ms: 1.046074
      type: 'test'
      ...
    # Subtest: PACING_SUSPENSE_ZONE_IMBALANCE does not fire when suspense-raising scenes touch every zone
    ok 4 - PACING_SUSPENSE_ZONE_IMBALANCE does not fire when suspense-raising scenes touch every zone
      ---
      duration_ms: 0.952256
      type: 'test'
      ...
    # Subtest: PACING_PAYOFF_ZONE_IMBALANCE fires when one zone is empty while another holds >=50% of payoff scenes
    ok 5 - PACING_PAYOFF_ZONE_IMBALANCE fires when one zone is empty while another holds >=50% of payoff scenes
      ---
      duration_ms: 1.070251
      type: 'test'
      ...
    # Subtest: PACING_PAYOFF_ZONE_IMBALANCE does not fire when payoff scenes touch every zone
    ok 6 - PACING_PAYOFF_ZONE_IMBALANCE does not fire when payoff scenes touch every zone
      ---
      duration_ms: 0.948491
      type: 'test'
      ...
    1..6
ok 1542 - Wave 957 — pacingPass: pacing positive emotion zone imbalance, pacing suspense zone imbalance, pacing payoff zone imbalance
  ---
  duration_ms: 6.528747
  type: 'suite'
  ...
# Subtest: Wave 943 — pacingPass: pacing revelation purpose zone imbalance, pacing curiosity zone imbalance, pacing seed zone imbalance
    # Subtest: PACING_REVELATION_PURPOSE_ZONE_IMBALANCE fires when one zone is empty while another holds >=50% of revelation-purposed scenes
    ok 1 - PACING_REVELATION_PURPOSE_ZONE_IMBALANCE fires when one zone is empty while another holds >=50% of revelation-purposed scenes
      ---
      duration_ms: 1.098116
      type: 'test'
      ...
    # Subtest: PACING_REVELATION_PURPOSE_ZONE_IMBALANCE does not fire when revelation-purposed scenes touch every zone
    ok 2 - PACING_REVELATION_PURPOSE_ZONE_IMBALANCE does not fire when revelation-purposed scenes touch every zone
      ---
      duration_ms: 1.140454
      type: 'test'
      ...
    # Subtest: PACING_CURIOSITY_ZONE_IMBALANCE fires when one zone is empty while another holds >=50% of curiosity-raising scenes
    ok 3 - PACING_CURIOSITY_ZONE_IMBALANCE fires when one zone is empty while another holds >=50% of curiosity-raising scenes
      ---
      duration_ms: 1.008912
      type: 'test'
      ...
    # Subtest: PACING_CURIOSITY_ZONE_IMBALANCE does not fire when curiosity-raising scenes touch every zone
    ok 4 - PACING_CURIOSITY_ZONE_IMBALANCE does not fire when curiosity-raising scenes touch every zone
      ---
      duration_ms: 0.971922
      type: 'test'
      ...
    # Subtest: PACING_SEED_ZONE_IMBALANCE fires when one zone is empty while another holds >=50% of seeding scenes
    ok 5 - PACING_SEED_ZONE_IMBALANCE fires when one zone is empty while another holds >=50% of seeding scenes
      ---
      duration_ms: 1.106119
      type: 'test'
      ...
    # Subtest: PACING_SEED_ZONE_IMBALANCE does not fire when seeding scenes touch every zone
    ok 6 - PACING_SEED_ZONE_IMBALANCE does not fire when seeding scenes touch every zone
      ---
      duration_ms: 1.031934
      type: 'test'
      ...
    1..6
ok 1543 - Wave 943 — pacingPass: pacing revelation purpose zone imbalance, pacing curiosity zone imbalance, pacing seed zone imbalance
  ---
  duration_ms: 6.613622
  type: 'suite'
  ...
# Subtest: Wave 929 — pacingPass: pacing revelation purpose zone cluster, pacing revelation purpose drought run, pacing negative emotion zone imbalance
    # Subtest: PACING_REVELATION_PURPOSE_ZONE_CLUSTER fires when >75% of revelation-purposed scenes cluster in one third
    ok 1 - PACING_REVELATION_PURPOSE_ZONE_CLUSTER fires when >75% of revelation-purposed scenes cluster in one third
      ---
      duration_ms: 1.122683
      type: 'test'
      ...
    # Subtest: PACING_REVELATION_PURPOSE_ZONE_CLUSTER does not fire when revelation-purposed scenes spread across thirds
    ok 2 - PACING_REVELATION_PURPOSE_ZONE_CLUSTER does not fire when revelation-purposed scenes spread across thirds
      ---
      duration_ms: 0.910645
      type: 'test'
      ...
    # Subtest: PACING_REVELATION_PURPOSE_DROUGHT_RUN fires when a long run has no revelation-purposed scene
    ok 3 - PACING_REVELATION_PURPOSE_DROUGHT_RUN fires when a long run has no revelation-purposed scene
      ---
      duration_ms: 0.909104
      type: 'test'
      ...
    # Subtest: PACING_REVELATION_PURPOSE_DROUGHT_RUN does not fire when revelation-purposed scenes are evenly spread
    ok 4 - PACING_REVELATION_PURPOSE_DROUGHT_RUN does not fire when revelation-purposed scenes are evenly spread
      ---
      duration_ms: 1.032147
      type: 'test'
      ...
    # Subtest: PACING_NEGATIVE_EMOTION_ZONE_IMBALANCE fires when one zone is empty while another holds >=50% of negative-shift scenes
    ok 5 - PACING_NEGATIVE_EMOTION_ZONE_IMBALANCE fires when one zone is empty while another holds >=50% of negative-shift scenes
      ---
      duration_ms: 0.946068
      type: 'test'
      ...
    # Subtest: PACING_NEGATIVE_EMOTION_ZONE_IMBALANCE does not fire when negative-shift scenes touch every zone
    ok 6 - PACING_NEGATIVE_EMOTION_ZONE_IMBALANCE does not fire when negative-shift scenes touch every zone
      ---
      duration_ms: 0.896643
      type: 'test'
      ...
    1..6
ok 1544 - Wave 929 — pacingPass: pacing revelation purpose zone cluster, pacing revelation purpose drought run, pacing negative emotion zone imbalance
  ---
  duration_ms: 6.079764
  type: 'suite'
  ...
# Subtest: Wave 915 — pacingPass: pacing introduce conflict zone imbalance, pacing character moment zone imbalance, pacing stakes zone imbalance
    # Subtest: PACING_INTRODUCE_CONFLICT_ZONE_IMBALANCE fires when one zone is empty while another holds >=50% of conflict-introducing scenes
    ok 1 - PACING_INTRODUCE_CONFLICT_ZONE_IMBALANCE fires when one zone is empty while another holds >=50% of conflict-introducing scenes
      ---
      duration_ms: 1.21811
      type: 'test'
      ...
    # Subtest: PACING_INTRODUCE_CONFLICT_ZONE_IMBALANCE does not fire when conflict-introducing scenes touch every zone
    ok 2 - PACING_INTRODUCE_CONFLICT_ZONE_IMBALANCE does not fire when conflict-introducing scenes touch every zone
      ---
      duration_ms: 0.902178
      type: 'test'
      ...
    # Subtest: PACING_CHARACTER_MOMENT_ZONE_IMBALANCE fires when one zone is empty while another holds >=50% of character-moment scenes
    ok 3 - PACING_CHARACTER_MOMENT_ZONE_IMBALANCE fires when one zone is empty while another holds >=50% of character-moment scenes
      ---
      duration_ms: 0.971957
      type: 'test'
      ...
    # Subtest: PACING_CHARACTER_MOMENT_ZONE_IMBALANCE does not fire when character-moment scenes touch every zone
    ok 4 - PACING_CHARACTER_MOMENT_ZONE_IMBALANCE does not fire when character-moment scenes touch every zone
      ---
      duration_ms: 0.91217
      type: 'test'
      ...
    # Subtest: PACING_STAKES_ZONE_IMBALANCE fires when one zone is empty while another holds >=50% of stakes-raising scenes
    ok 5 - PACING_STAKES_ZONE_IMBALANCE fires when one zone is empty while another holds >=50% of stakes-raising scenes
      ---
      duration_ms: 1.029058
      type: 'test'
      ...
    # Subtest: PACING_STAKES_ZONE_IMBALANCE does not fire when stakes-raising scenes touch every zone
    ok 6 - PACING_STAKES_ZONE_IMBALANCE does not fire when stakes-raising scenes touch every zone
      ---
      duration_ms: 0.912899
      type: 'test'
      ...
    1..6
ok 1545 - Wave 915 — pacingPass: pacing introduce conflict zone imbalance, pacing character moment zone imbalance, pacing stakes zone imbalance
  ---
  duration_ms: 6.247736
  type: 'suite'
  ...
# Subtest: Wave 901 — pacingPass: pacing resolution zone imbalance, pacing turning point zone imbalance, pacing complicate zone imbalance
    # Subtest: PACING_RESOLUTION_ZONE_IMBALANCE fires when one zone is empty while another holds >=50% of resolution-purposed scenes
    ok 1 - PACING_RESOLUTION_ZONE_IMBALANCE fires when one zone is empty while another holds >=50% of resolution-purposed scenes
      ---
      duration_ms: 1.084578
      type: 'test'
      ...
    # Subtest: PACING_RESOLUTION_ZONE_IMBALANCE does not fire when resolution-purposed scenes touch every zone
    ok 2 - PACING_RESOLUTION_ZONE_IMBALANCE does not fire when resolution-purposed scenes touch every zone
      ---
      duration_ms: 0.876152
      type: 'test'
      ...
    # Subtest: PACING_TURNING_POINT_ZONE_IMBALANCE fires when one zone is empty while another holds >=50% of turning-point scenes
    ok 3 - PACING_TURNING_POINT_ZONE_IMBALANCE fires when one zone is empty while another holds >=50% of turning-point scenes
      ---
      duration_ms: 1.032653
      type: 'test'
      ...
    # Subtest: PACING_TURNING_POINT_ZONE_IMBALANCE does not fire when turning-point scenes touch every zone
    ok 4 - PACING_TURNING_POINT_ZONE_IMBALANCE does not fire when turning-point scenes touch every zone
      ---
      duration_ms: 1.009163
      type: 'test'
      ...
    # Subtest: PACING_COMPLICATE_ZONE_IMBALANCE fires when one zone is empty while another holds >=50% of complicating scenes
    ok 5 - PACING_COMPLICATE_ZONE_IMBALANCE fires when one zone is empty while another holds >=50% of complicating scenes
      ---
      duration_ms: 0.935596
      type: 'test'
      ...
    # Subtest: PACING_COMPLICATE_ZONE_IMBALANCE does not fire when complicating scenes touch every zone
    ok 6 - PACING_COMPLICATE_ZONE_IMBALANCE does not fire when complicating scenes touch every zone
      ---
      duration_ms: 0.920831
      type: 'test'
      ...
    1..6
ok 1546 - Wave 901 — pacingPass: pacing resolution zone imbalance, pacing turning point zone imbalance, pacing complicate zone imbalance
  ---
  duration_ms: 6.104473
  type: 'suite'
  ...
# Subtest: Wave 887 — pacingPass: pacing complicate drought run, pacing climax zone imbalance, pacing establish world zone imbalance
    # Subtest: PACING_COMPLICATE_DROUGHT_RUN fires when a long run has no complicating scene
    ok 1 - PACING_COMPLICATE_DROUGHT_RUN fires when a long run has no complicating scene
      ---
      duration_ms: 1.114195
      type: 'test'
      ...
    # Subtest: PACING_COMPLICATE_DROUGHT_RUN does not fire when complicating scenes are evenly spread
    ok 2 - PACING_COMPLICATE_DROUGHT_RUN does not fire when complicating scenes are evenly spread
      ---
      duration_ms: 0.911219
      type: 'test'
      ...
    # Subtest: PACING_CLIMAX_ZONE_IMBALANCE fires when one zone is empty while another holds >=50% of climax-purposed scenes
    ok 3 - PACING_CLIMAX_ZONE_IMBALANCE fires when one zone is empty while another holds >=50% of climax-purposed scenes
      ---
      duration_ms: 1.005323
      type: 'test'
      ...
    # Subtest: PACING_CLIMAX_ZONE_IMBALANCE does not fire when climax-purposed scenes touch every zone
    ok 4 - PACING_CLIMAX_ZONE_IMBALANCE does not fire when climax-purposed scenes touch every zone
      ---
      duration_ms: 0.975397
      type: 'test'
      ...
    # Subtest: PACING_ESTABLISH_WORLD_ZONE_IMBALANCE fires when one zone is empty while another holds >=50% of world-establishing scenes
    ok 5 - PACING_ESTABLISH_WORLD_ZONE_IMBALANCE fires when one zone is empty while another holds >=50% of world-establishing scenes
      ---
      duration_ms: 1.033299
      type: 'test'
      ...
    # Subtest: PACING_ESTABLISH_WORLD_ZONE_IMBALANCE does not fire when world-establishing scenes touch every zone
    ok 6 - PACING_ESTABLISH_WORLD_ZONE_IMBALANCE does not fire when world-establishing scenes touch every zone
      ---
      duration_ms: 0.878551
      type: 'test'
      ...
    1..6
ok 1547 - Wave 887 — pacingPass: pacing complicate drought run, pacing climax zone imbalance, pacing establish world zone imbalance
  ---
  duration_ms: 6.165579
  type: 'suite'
  ...
# Subtest: Wave 873 — pacingPass: pacing climax drought run, pacing resolution drought run, pacing complicate zone cluster
    # Subtest: PACING_CLIMAX_DROUGHT_RUN fires when a long run has no climax-purposed scene
    ok 1 - PACING_CLIMAX_DROUGHT_RUN fires when a long run has no climax-purposed scene
      ---
      duration_ms: 1.043042
      type: 'test'
      ...
    # Subtest: PACING_CLIMAX_DROUGHT_RUN does not fire when climax-purposed scenes are evenly spread
    ok 2 - PACING_CLIMAX_DROUGHT_RUN does not fire when climax-purposed scenes are evenly spread
      ---
      duration_ms: 0.906524
      type: 'test'
      ...
    # Subtest: PACING_RESOLUTION_DROUGHT_RUN fires when a long run has no resolution-purposed scene
    ok 3 - PACING_RESOLUTION_DROUGHT_RUN fires when a long run has no resolution-purposed scene
      ---
      duration_ms: 1.089061
      type: 'test'
      ...
    # Subtest: PACING_RESOLUTION_DROUGHT_RUN does not fire when resolution-purposed scenes are evenly spread
    ok 4 - PACING_RESOLUTION_DROUGHT_RUN does not fire when resolution-purposed scenes are evenly spread
      ---
      duration_ms: 1.075557
      type: 'test'
      ...
    # Subtest: PACING_COMPLICATE_ZONE_CLUSTER fires when >75% of complicating scenes cluster in one third
    ok 5 - PACING_COMPLICATE_ZONE_CLUSTER fires when >75% of complicating scenes cluster in one third
      ---
      duration_ms: 0.801858
      type: 'test'
      ...
    # Subtest: PACING_COMPLICATE_ZONE_CLUSTER does not fire when complicating scenes spread across thirds
    ok 6 - PACING_COMPLICATE_ZONE_CLUSTER does not fire when complicating scenes spread across thirds
      ---
      duration_ms: 0.799177
      type: 'test'
      ...
    1..6
ok 1548 - Wave 873 — pacingPass: pacing climax drought run, pacing resolution drought run, pacing complicate zone cluster
  ---
  duration_ms: 6.126054
  type: 'suite'
  ...
# Subtest: Wave 859 — pacingPass: pacing establish world drought run, pacing climax zone cluster, pacing resolution zone cluster
    # Subtest: PACING_ESTABLISH_WORLD_DROUGHT_RUN fires when a long run has no world-building
    ok 1 - PACING_ESTABLISH_WORLD_DROUGHT_RUN fires when a long run has no world-building
      ---
      duration_ms: 1.123543
      type: 'test'
      ...
    # Subtest: PACING_ESTABLISH_WORLD_DROUGHT_RUN does not fire when world-establishing scenes are evenly spread
    ok 2 - PACING_ESTABLISH_WORLD_DROUGHT_RUN does not fire when world-establishing scenes are evenly spread
      ---
      duration_ms: 0.877177
      type: 'test'
      ...
    # Subtest: PACING_CLIMAX_ZONE_CLUSTER fires when >75% of climax-purposed scenes cluster in one third
    ok 3 - PACING_CLIMAX_ZONE_CLUSTER fires when >75% of climax-purposed scenes cluster in one third
      ---
      duration_ms: 0.913606
      type: 'test'
      ...
    # Subtest: PACING_CLIMAX_ZONE_CLUSTER does not fire when climax-purposed scenes spread across thirds
    ok 4 - PACING_CLIMAX_ZONE_CLUSTER does not fire when climax-purposed scenes spread across thirds
      ---
      duration_ms: 0.768645
      type: 'test'
      ...
    # Subtest: PACING_RESOLUTION_ZONE_CLUSTER fires when >75% of resolution-purposed scenes cluster in one third
    ok 5 - PACING_RESOLUTION_ZONE_CLUSTER fires when >75% of resolution-purposed scenes cluster in one third
      ---
      duration_ms: 0.982392
      type: 'test'
      ...
    # Subtest: PACING_RESOLUTION_ZONE_CLUSTER does not fire when resolution-purposed scenes spread across thirds
    ok 6 - PACING_RESOLUTION_ZONE_CLUSTER does not fire when resolution-purposed scenes spread across thirds
      ---
      duration_ms: 0.896373
      type: 'test'
      ...
    1..6
ok 1549 - Wave 859 — pacingPass: pacing establish world drought run, pacing climax zone cluster, pacing resolution zone cluster
  ---
  duration_ms: 5.913395
  type: 'suite'
  ...
# Subtest: Wave 845 — pacingPass: pacing introduce conflict drought run, pacing positive emotion drought run, pacing establish world zone cluster
    # Subtest: PACING_INTRODUCE_CONFLICT_DROUGHT_RUN fires when a long run has no new conflict
    ok 1 - PACING_INTRODUCE_CONFLICT_DROUGHT_RUN fires when a long run has no new conflict
      ---
      duration_ms: 1.153569
      type: 'test'
      ...
    # Subtest: PACING_INTRODUCE_CONFLICT_DROUGHT_RUN does not fire when conflict-introducing scenes are evenly spread
    ok 2 - PACING_INTRODUCE_CONFLICT_DROUGHT_RUN does not fire when conflict-introducing scenes are evenly spread
      ---
      duration_ms: 0.932457
      type: 'test'
      ...
    # Subtest: PACING_POSITIVE_EMOTION_DROUGHT_RUN fires when a long run has no positive-emotion charge
    ok 3 - PACING_POSITIVE_EMOTION_DROUGHT_RUN fires when a long run has no positive-emotion charge
      ---
      duration_ms: 1.040028
      type: 'test'
      ...
    # Subtest: PACING_POSITIVE_EMOTION_DROUGHT_RUN does not fire when positive-emotion scenes are evenly spread
    ok 4 - PACING_POSITIVE_EMOTION_DROUGHT_RUN does not fire when positive-emotion scenes are evenly spread
      ---
      duration_ms: 1.07115
      type: 'test'
      ...
    # Subtest: PACING_ESTABLISH_WORLD_ZONE_CLUSTER fires when >75% of world-establishing scenes cluster in one third
    ok 5 - PACING_ESTABLISH_WORLD_ZONE_CLUSTER fires when >75% of world-establishing scenes cluster in one third
      ---
      duration_ms: 5.747303
      type: 'test'
      ...
    # Subtest: PACING_ESTABLISH_WORLD_ZONE_CLUSTER does not fire when world-establishing scenes spread across thirds
    ok 6 - PACING_ESTABLISH_WORLD_ZONE_CLUSTER does not fire when world-establishing scenes spread across thirds
      ---
      duration_ms: 1.067065
      type: 'test'
      ...
    1..6
ok 1550 - Wave 845 — pacingPass: pacing introduce conflict drought run, pacing positive emotion drought run, pacing establish world zone cluster
  ---
  duration_ms: 11.274019
  type: 'suite'
  ...
# Subtest: Wave 831 — pacingPass: pacing turning point drought run, pacing introduce conflict zone cluster, pacing positive emotion zone cluster
    # Subtest: PACING_TURNING_POINT_DROUGHT_RUN fires when a long run has no turning point
    ok 1 - PACING_TURNING_POINT_DROUGHT_RUN fires when a long run has no turning point
      ---
      duration_ms: 1.411109
      type: 'test'
      ...
    # Subtest: PACING_TURNING_POINT_DROUGHT_RUN does not fire when turning points are evenly spread
    ok 2 - PACING_TURNING_POINT_DROUGHT_RUN does not fire when turning points are evenly spread
      ---
      duration_ms: 1.525795
      type: 'test'
      ...
    # Subtest: PACING_INTRODUCE_CONFLICT_ZONE_CLUSTER fires when >75% of conflict-introducing scenes cluster in one third
    ok 3 - PACING_INTRODUCE_CONFLICT_ZONE_CLUSTER fires when >75% of conflict-introducing scenes cluster in one third
      ---
      duration_ms: 0.884273
      type: 'test'
      ...
    # Subtest: PACING_INTRODUCE_CONFLICT_ZONE_CLUSTER does not fire when conflict-introducing scenes spread across thirds
    ok 4 - PACING_INTRODUCE_CONFLICT_ZONE_CLUSTER does not fire when conflict-introducing scenes spread across thirds
      ---
      duration_ms: 0.647284
      type: 'test'
      ...
    # Subtest: PACING_POSITIVE_EMOTION_ZONE_CLUSTER fires when >75% of positive-emotion scenes cluster in one third
    ok 5 - PACING_POSITIVE_EMOTION_ZONE_CLUSTER fires when >75% of positive-emotion scenes cluster in one third
      ---
      duration_ms: 0.806587
      type: 'test'
      ...
    # Subtest: PACING_POSITIVE_EMOTION_ZONE_CLUSTER does not fire when positive-emotion scenes spread across thirds
    ok 6 - PACING_POSITIVE_EMOTION_ZONE_CLUSTER does not fire when positive-emotion scenes spread across thirds
      ---
      duration_ms: 0.770967
      type: 'test'
      ...
    1..6
ok 1551 - Wave 831 — pacingPass: pacing turning point drought run, pacing introduce conflict zone cluster, pacing positive emotion zone cluster
  ---
  duration_ms: 6.286636
  type: 'suite'
  ...
# Subtest: Wave 817 — pacingPass: pacing character moment zone cluster, pacing character moment drought run, pacing turning point zone cluster
    # Subtest: PACING_CHARACTER_MOMENT_ZONE_CLUSTER fires when >75% of character-moment scenes cluster in one third
    ok 1 - PACING_CHARACTER_MOMENT_ZONE_CLUSTER fires when >75% of character-moment scenes cluster in one third
      ---
      duration_ms: 11.375795
      type: 'test'
      ...
    # Subtest: PACING_CHARACTER_MOMENT_ZONE_CLUSTER does not fire when character-moment scenes spread across thirds
    ok 2 - PACING_CHARACTER_MOMENT_ZONE_CLUSTER does not fire when character-moment scenes spread across thirds
      ---
      duration_ms: 0.822771
      type: 'test'
      ...
    # Subtest: PACING_CHARACTER_MOMENT_DROUGHT_RUN fires when a long run has no character moment
    ok 3 - PACING_CHARACTER_MOMENT_DROUGHT_RUN fires when a long run has no character moment
      ---
      duration_ms: 0.995327
      type: 'test'
      ...
    # Subtest: PACING_CHARACTER_MOMENT_DROUGHT_RUN does not fire when character moments are evenly spread
    ok 4 - PACING_CHARACTER_MOMENT_DROUGHT_RUN does not fire when character moments are evenly spread
      ---
      duration_ms: 0.805829
      type: 'test'
      ...
    # Subtest: PACING_TURNING_POINT_ZONE_CLUSTER fires when >75% of turning-point scenes cluster in one third
    ok 5 - PACING_TURNING_POINT_ZONE_CLUSTER fires when >75% of turning-point scenes cluster in one third
      ---
      duration_ms: 0.839589
      type: 'test'
      ...
    # Subtest: PACING_TURNING_POINT_ZONE_CLUSTER does not fire when turning-point scenes spread across thirds
    ok 6 - PACING_TURNING_POINT_ZONE_CLUSTER does not fire when turning-point scenes spread across thirds
      ---
      duration_ms: 0.767033
      type: 'test'
      ...
    1..6
ok 1552 - Wave 817 — pacingPass: pacing character moment zone cluster, pacing character moment drought run, pacing turning point zone cluster
  ---
  duration_ms: 15.910639
  type: 'suite'
  ...
# Subtest: Wave 803 — pacingPass: pacing revelation peak uncaused, pacing negative emotion zone cluster, pacing negative emotion drought run
    # Subtest: PACING_REVELATION_PEAK_UNCAUSED fires when the revelation scene has no dramatic turn nearby
    ok 1 - PACING_REVELATION_PEAK_UNCAUSED fires when the revelation scene has no dramatic turn nearby
      ---
      duration_ms: 1.016599
      type: 'test'
      ...
    # Subtest: PACING_REVELATION_PEAK_UNCAUSED does not fire when a dramatic turn precedes the revelation scene
    ok 2 - PACING_REVELATION_PEAK_UNCAUSED does not fire when a dramatic turn precedes the revelation scene
      ---
      duration_ms: 0.789564
      type: 'test'
      ...
    # Subtest: PACING_NEGATIVE_EMOTION_ZONE_CLUSTER fires when >75% of negative-emotion scenes cluster in one third
    ok 3 - PACING_NEGATIVE_EMOTION_ZONE_CLUSTER fires when >75% of negative-emotion scenes cluster in one third
      ---
      duration_ms: 0.82243
      type: 'test'
      ...
    # Subtest: PACING_NEGATIVE_EMOTION_ZONE_CLUSTER does not fire when negative-emotion scenes spread across thirds
    ok 4 - PACING_NEGATIVE_EMOTION_ZONE_CLUSTER does not fire when negative-emotion scenes spread across thirds
      ---
      duration_ms: 0.700495
      type: 'test'
      ...
    # Subtest: PACING_NEGATIVE_EMOTION_DROUGHT_RUN fires when a long run has no negative-emotion charge
    ok 5 - PACING_NEGATIVE_EMOTION_DROUGHT_RUN fires when a long run has no negative-emotion charge
      ---
      duration_ms: 0.779821
      type: 'test'
      ...
    # Subtest: PACING_NEGATIVE_EMOTION_DROUGHT_RUN does not fire when negative-emotion scenes are evenly spread
    ok 6 - PACING_NEGATIVE_EMOTION_DROUGHT_RUN does not fire when negative-emotion scenes are evenly spread
      ---
      duration_ms: 0.957123
      type: 'test'
      ...
    1..6
ok 1553 - Wave 803 — pacingPass: pacing revelation peak uncaused, pacing negative emotion zone cluster, pacing negative emotion drought run
  ---
  duration_ms: 5.359441
  type: 'suite'
  ...
# Subtest: Wave 789 — pacingPass: pacing emotion zone cluster, pacing revelation zone cluster, pacing revelation drought run
    # Subtest: PACING_EMOTION_ZONE_CLUSTER fires when >75% of emotionally charged scenes cluster in one third
    ok 1 - PACING_EMOTION_ZONE_CLUSTER fires when >75% of emotionally charged scenes cluster in one third
      ---
      duration_ms: 0.892396
      type: 'test'
      ...
    # Subtest: PACING_EMOTION_ZONE_CLUSTER does not fire when emotionally charged scenes spread across thirds
    ok 2 - PACING_EMOTION_ZONE_CLUSTER does not fire when emotionally charged scenes spread across thirds
      ---
      duration_ms: 1.213722
      type: 'test'
      ...
    # Subtest: PACING_REVELATION_ZONE_CLUSTER fires when >75% of revelation scenes cluster in one third
    ok 3 - PACING_REVELATION_ZONE_CLUSTER fires when >75% of revelation scenes cluster in one third
      ---
      duration_ms: 0.907178
      type: 'test'
      ...
    # Subtest: PACING_REVELATION_ZONE_CLUSTER does not fire when revelation scenes spread across thirds
    ok 4 - PACING_REVELATION_ZONE_CLUSTER does not fire when revelation scenes spread across thirds
      ---
      duration_ms: 0.867282
      type: 'test'
      ...
    # Subtest: PACING_REVELATION_DROUGHT_RUN fires when a long run has no revelation
    ok 5 - PACING_REVELATION_DROUGHT_RUN fires when a long run has no revelation
      ---
      duration_ms: 1.006086
      type: 'test'
      ...
    # Subtest: PACING_REVELATION_DROUGHT_RUN does not fire when revelations are evenly spread
    ok 6 - PACING_REVELATION_DROUGHT_RUN does not fire when revelations are evenly spread
      ---
      duration_ms: 0.928134
      type: 'test'
      ...
    1..6
ok 1554 - Wave 789 — pacingPass: pacing emotion zone cluster, pacing revelation zone cluster, pacing revelation drought run
  ---
  duration_ms: 8.737611
  type: 'suite'
  ...
# Subtest: Wave 775 — pacingPass: pacing suspense zone cluster, pacing curiosity drought run, pacing staging zone cluster
    # Subtest: PACING_SUSPENSE_ZONE_CLUSTER fires when >75% of suspense-positive scenes cluster in one third
    ok 1 - PACING_SUSPENSE_ZONE_CLUSTER fires when >75% of suspense-positive scenes cluster in one third
      ---
      duration_ms: 1.020177
      type: 'test'
      ...
    # Subtest: PACING_SUSPENSE_ZONE_CLUSTER does not fire when suspense-positive scenes spread across thirds
    ok 2 - PACING_SUSPENSE_ZONE_CLUSTER does not fire when suspense-positive scenes spread across thirds
      ---
      duration_ms: 0.816593
      type: 'test'
      ...
    # Subtest: PACING_CURIOSITY_DROUGHT_RUN fires when a long run has no rising curiosity
    ok 3 - PACING_CURIOSITY_DROUGHT_RUN fires when a long run has no rising curiosity
      ---
      duration_ms: 1.018666
      type: 'test'
      ...
    # Subtest: PACING_CURIOSITY_DROUGHT_RUN does not fire when curiosity rises are evenly spread
    ok 4 - PACING_CURIOSITY_DROUGHT_RUN does not fire when curiosity rises are evenly spread
      ---
      duration_ms: 0.819362
      type: 'test'
      ...
    # Subtest: PACING_STAGING_ZONE_CLUSTER fires when >75% of staging-heavy scenes cluster in one third
    ok 5 - PACING_STAGING_ZONE_CLUSTER fires when >75% of staging-heavy scenes cluster in one third
      ---
      duration_ms: 0.755657
      type: 'test'
      ...
    # Subtest: PACING_STAGING_ZONE_CLUSTER does not fire when staging-heavy scenes spread across thirds
    ok 6 - PACING_STAGING_ZONE_CLUSTER does not fire when staging-heavy scenes spread across thirds
      ---
      duration_ms: 0.749301
      type: 'test'
      ...
    1..6
ok 1555 - Wave 775 — pacingPass: pacing suspense zone cluster, pacing curiosity drought run, pacing staging zone cluster
  ---
  duration_ms: 5.435672
  type: 'suite'
  ...
# Subtest: Wave 761 — pacingPass: pacing staging drought run, pacing suspense drought run, pacing curiosity zone cluster
    # Subtest: PACING_STAGING_DROUGHT_RUN fires when the longest no-visual-beat run reaches 6
    ok 1 - PACING_STAGING_DROUGHT_RUN fires when the longest no-visual-beat run reaches 6
      ---
      duration_ms: 0.94485
      type: 'test'
      ...
    # Subtest: PACING_STAGING_DROUGHT_RUN does not fire when visual beats are spread through the story
    ok 2 - PACING_STAGING_DROUGHT_RUN does not fire when visual beats are spread through the story
      ---
      duration_ms: 0.946302
      type: 'test'
      ...
    # Subtest: PACING_SUSPENSE_DROUGHT_RUN fires when the longest no-rising-suspense run reaches 6
    ok 3 - PACING_SUSPENSE_DROUGHT_RUN fires when the longest no-rising-suspense run reaches 6
      ---
      duration_ms: 0.819912
      type: 'test'
      ...
    # Subtest: PACING_SUSPENSE_DROUGHT_RUN does not fire when rising suspense is spread through the story
    ok 4 - PACING_SUSPENSE_DROUGHT_RUN does not fire when rising suspense is spread through the story
      ---
      duration_ms: 0.866186
      type: 'test'
      ...
    # Subtest: PACING_CURIOSITY_ZONE_CLUSTER fires when >75% of curiosity-positive scenes cluster in one third
    ok 5 - PACING_CURIOSITY_ZONE_CLUSTER fires when >75% of curiosity-positive scenes cluster in one third
      ---
      duration_ms: 0.753123
      type: 'test'
      ...
    # Subtest: PACING_CURIOSITY_ZONE_CLUSTER does not fire when curiosity-positive scenes are distributed across thirds
    ok 6 - PACING_CURIOSITY_ZONE_CLUSTER does not fire when curiosity-positive scenes are distributed across thirds
      ---
      duration_ms: 0.833342
      type: 'test'
      ...
    1..6
ok 1556 - Wave 761 — pacingPass: pacing staging drought run, pacing suspense drought run, pacing curiosity zone cluster
  ---
  duration_ms: 5.460481
  type: 'suite'
  ...
# Subtest: Wave 747 — pacingPass: pacing relationship drought run, pacing clock delta zone cluster, pacing stakes drought run
    # Subtest: PACING_RELATIONSHIP_DROUGHT_RUN fires when the longest no-relationship-shift run reaches 6
    ok 1 - PACING_RELATIONSHIP_DROUGHT_RUN fires when the longest no-relationship-shift run reaches 6
      ---
      duration_ms: 1.040405
      type: 'test'
      ...
    # Subtest: PACING_RELATIONSHIP_DROUGHT_RUN does not fire when relationship shifts are spread through the story
    ok 2 - PACING_RELATIONSHIP_DROUGHT_RUN does not fire when relationship shifts are spread through the story
      ---
      duration_ms: 0.878365
      type: 'test'
      ...
    # Subtest: PACING_CLOCK_DELTA_ZONE_CLUSTER fires when >75% of clock-shifting scenes cluster in one third
    ok 3 - PACING_CLOCK_DELTA_ZONE_CLUSTER fires when >75% of clock-shifting scenes cluster in one third
      ---
      duration_ms: 0.777628
      type: 'test'
      ...
    # Subtest: PACING_CLOCK_DELTA_ZONE_CLUSTER does not fire when clock movement is distributed across thirds
    ok 4 - PACING_CLOCK_DELTA_ZONE_CLUSTER does not fire when clock movement is distributed across thirds
      ---
      duration_ms: 2.36448
      type: 'test'
      ...
    # Subtest: PACING_STAKES_DROUGHT_RUN fires when the longest no-stakes-raise run reaches 6
    ok 5 - PACING_STAKES_DROUGHT_RUN fires when the longest no-stakes-raise run reaches 6
      ---
      duration_ms: 1.092681
      type: 'test'
      ...
    # Subtest: PACING_STAKES_DROUGHT_RUN does not fire when stakes-raising scenes are spread through the story
    ok 6 - PACING_STAKES_DROUGHT_RUN does not fire when stakes-raising scenes are spread through the story
      ---
      duration_ms: 1.079788
      type: 'test'
      ...
    1..6
ok 1557 - Wave 747 — pacingPass: pacing relationship drought run, pacing clock delta zone cluster, pacing stakes drought run
  ---
  duration_ms: 7.498635
  type: 'suite'
  ...
# Subtest: Wave 733 — pacingPass: pacing highlight drought run, pacing relationship zone cluster, pacing clock delta drought run
    # Subtest: PACING_HIGHLIGHT_DROUGHT_RUN fires when the longest no-highlighted-dialogue run reaches 6
    ok 1 - PACING_HIGHLIGHT_DROUGHT_RUN fires when the longest no-highlighted-dialogue run reaches 6
      ---
      duration_ms: 1.298455
      type: 'test'
      ...
    # Subtest: PACING_HIGHLIGHT_DROUGHT_RUN does not fire when highlighted dialogue is spread through the story
    ok 2 - PACING_HIGHLIGHT_DROUGHT_RUN does not fire when highlighted dialogue is spread through the story
      ---
      duration_ms: 1.117964
      type: 'test'
      ...
    # Subtest: PACING_RELATIONSHIP_ZONE_CLUSTER fires when >75% of relationship-shift scenes cluster in one third
    ok 3 - PACING_RELATIONSHIP_ZONE_CLUSTER fires when >75% of relationship-shift scenes cluster in one third
      ---
      duration_ms: 0.964694
      type: 'test'
      ...
    # Subtest: PACING_RELATIONSHIP_ZONE_CLUSTER does not fire when relationship-shift scenes are distributed across thirds
    ok 4 - PACING_RELATIONSHIP_ZONE_CLUSTER does not fire when relationship-shift scenes are distributed across thirds
      ---
      duration_ms: 0.911575
      type: 'test'
      ...
    # Subtest: PACING_CLOCK_DELTA_DROUGHT_RUN fires when the longest no-clock-movement run reaches 6
    ok 5 - PACING_CLOCK_DELTA_DROUGHT_RUN fires when the longest no-clock-movement run reaches 6
      ---
      duration_ms: 0.86002
      type: 'test'
      ...
    # Subtest: PACING_CLOCK_DELTA_DROUGHT_RUN does not fire when clock movement is spread through the story
    ok 6 - PACING_CLOCK_DELTA_DROUGHT_RUN does not fire when clock movement is spread through the story
      ---
      duration_ms: 0.826953
      type: 'test'
      ...
    1..6
ok 1558 - Wave 733 — pacingPass: pacing highlight drought run, pacing relationship zone cluster, pacing clock delta drought run
  ---
  duration_ms: 6.254004
  type: 'suite'
  ...
# Subtest: Wave 719 — pacingPass: pacing open thread zone cluster, pacing payoff drought run, pacing highlight peak uncaused
    # Subtest: PACING_OPEN_THREAD_ZONE_CLUSTER fires when >75% of open-thread scenes cluster in one third
    ok 1 - PACING_OPEN_THREAD_ZONE_CLUSTER fires when >75% of open-thread scenes cluster in one third
      ---
      duration_ms: 1.077361
      type: 'test'
      ...
    # Subtest: PACING_OPEN_THREAD_ZONE_CLUSTER does not fire when open-thread scenes are distributed across thirds
    ok 2 - PACING_OPEN_THREAD_ZONE_CLUSTER does not fire when open-thread scenes are distributed across thirds
      ---
      duration_ms: 0.85015
      type: 'test'
      ...
    # Subtest: PACING_PAYOFF_DROUGHT_RUN fires when the longest no-payoff run is ≥6
    ok 3 - PACING_PAYOFF_DROUGHT_RUN fires when the longest no-payoff run is ≥6
      ---
      duration_ms: 0.920904
      type: 'test'
      ...
    # Subtest: PACING_PAYOFF_DROUGHT_RUN does not fire when payoffs are distributed without a long drought
    ok 4 - PACING_PAYOFF_DROUGHT_RUN does not fire when payoffs are distributed without a long drought
      ---
      duration_ms: 3.174173
      type: 'test'
      ...
    # Subtest: PACING_HIGHLIGHT_PEAK_UNCAUSED fires when the peak highlighted-dialogue scene has no dramatic turn or revelation nearby
    ok 5 - PACING_HIGHLIGHT_PEAK_UNCAUSED fires when the peak highlighted-dialogue scene has no dramatic turn or revelation nearby
      ---
      duration_ms: 0.800621
      type: 'test'
      ...
    # Subtest: PACING_HIGHLIGHT_PEAK_UNCAUSED does not fire when a dramatic turn precedes the peak within the lookback
    ok 6 - PACING_HIGHLIGHT_PEAK_UNCAUSED does not fire when a dramatic turn precedes the peak within the lookback
      ---
      duration_ms: 0.665981
      type: 'test'
      ...
    1..6
ok 1559 - Wave 719 — pacingPass: pacing open thread zone cluster, pacing payoff drought run, pacing highlight peak uncaused
  ---
  duration_ms: 7.736325
  type: 'suite'
  ...
# Subtest: Wave 705 — pacingPass: pacing seed zone cluster, pacing open thread peak uncaused, pacing payoff peak uncaused
    # Subtest: PACING_SEED_ZONE_CLUSTER fires when >75% of seed scenes cluster in one third
    ok 1 - PACING_SEED_ZONE_CLUSTER fires when >75% of seed scenes cluster in one third
      ---
      duration_ms: 1.079033
      type: 'test'
      ...
    # Subtest: PACING_SEED_ZONE_CLUSTER does not fire when seed scenes are distributed across thirds
    ok 2 - PACING_SEED_ZONE_CLUSTER does not fire when seed scenes are distributed across thirds
      ---
      duration_ms: 0.871434
      type: 'test'
      ...
    # Subtest: PACING_OPEN_THREAD_PEAK_UNCAUSED fires when the peak open-thread scene has no dramatic turn or revelation nearby
    ok 3 - PACING_OPEN_THREAD_PEAK_UNCAUSED fires when the peak open-thread scene has no dramatic turn or revelation nearby
      ---
      duration_ms: 0.860779
      type: 'test'
      ...
    # Subtest: PACING_OPEN_THREAD_PEAK_UNCAUSED does not fire when a dramatic turn precedes the peak within the lookback
    ok 4 - PACING_OPEN_THREAD_PEAK_UNCAUSED does not fire when a dramatic turn precedes the peak within the lookback
      ---
      duration_ms: 0.721927
      type: 'test'
      ...
    # Subtest: PACING_PAYOFF_PEAK_UNCAUSED fires when the peak payoff scene has no dramatic turn or revelation nearby
    ok 5 - PACING_PAYOFF_PEAK_UNCAUSED fires when the peak payoff scene has no dramatic turn or revelation nearby
      ---
      duration_ms: 0.809416
      type: 'test'
      ...
    # Subtest: PACING_PAYOFF_PEAK_UNCAUSED does not fire when a dramatic turn precedes the peak within the lookback
    ok 6 - PACING_PAYOFF_PEAK_UNCAUSED does not fire when a dramatic turn precedes the peak within the lookback
      ---
      duration_ms: 0.796184
      type: 'test'
      ...
    1..6
ok 1560 - Wave 705 — pacingPass: pacing seed zone cluster, pacing open thread peak uncaused, pacing payoff peak uncaused
  ---
  duration_ms: 5.398929
  type: 'suite'
  ...
# Subtest: Wave 691 — pacingPass: pacing seed peak uncaused, pacing clock drought run, pacing turn zone cluster
    # Subtest: PACING_SEED_PEAK_UNCAUSED fires when the peak seed scene has no dramatic turn or revelation nearby
    ok 1 - PACING_SEED_PEAK_UNCAUSED fires when the peak seed scene has no dramatic turn or revelation nearby
      ---
      duration_ms: 0.977691
      type: 'test'
      ...
    # Subtest: PACING_SEED_PEAK_UNCAUSED does not fire when a dramatic turn precedes the peak within the lookback
    ok 2 - PACING_SEED_PEAK_UNCAUSED does not fire when a dramatic turn precedes the peak within the lookback
      ---
      duration_ms: 0.722269
      type: 'test'
      ...
    # Subtest: PACING_CLOCK_DROUGHT_RUN fires when the longest no-clock run is ≥6
    ok 3 - PACING_CLOCK_DROUGHT_RUN fires when the longest no-clock run is ≥6
      ---
      duration_ms: 1.092192
      type: 'test'
      ...
    # Subtest: PACING_CLOCK_DROUGHT_RUN does not fire when clock raises are distributed without a long drought
    ok 4 - PACING_CLOCK_DROUGHT_RUN does not fire when clock raises are distributed without a long drought
      ---
      duration_ms: 0.88741
      type: 'test'
      ...
    # Subtest: PACING_TURN_ZONE_CLUSTER fires when >75% of dramatic-turn scenes cluster in one third
    ok 5 - PACING_TURN_ZONE_CLUSTER fires when >75% of dramatic-turn scenes cluster in one third
      ---
      duration_ms: 0.962022
      type: 'test'
      ...
    # Subtest: PACING_TURN_ZONE_CLUSTER does not fire when dramatic-turn scenes are distributed across thirds
    ok 6 - PACING_TURN_ZONE_CLUSTER does not fire when dramatic-turn scenes are distributed across thirds
      ---
      duration_ms: 0.818111
      type: 'test'
      ...
    1..6
ok 1561 - Wave 691 — pacingPass: pacing seed peak uncaused, pacing clock drought run, pacing turn zone cluster
  ---
  duration_ms: 5.71405
  type: 'suite'
  ...
# Subtest: Wave 677 — pacingPass: pacing clock delta peak uncaused, pacing turn drought run, pacing stakes zone cluster
    # Subtest: PACING_CLOCK_DELTA_PEAK_UNCAUSED fires when the peak clockDelta scene has no dramatic turn or revelation nearby
    ok 1 - PACING_CLOCK_DELTA_PEAK_UNCAUSED fires when the peak clockDelta scene has no dramatic turn or revelation nearby
      ---
      duration_ms: 0.934474
      type: 'test'
      ...
    # Subtest: PACING_CLOCK_DELTA_PEAK_UNCAUSED does not fire when a dramatic turn precedes the peak within the lookback
    ok 2 - PACING_CLOCK_DELTA_PEAK_UNCAUSED does not fire when a dramatic turn precedes the peak within the lookback
      ---
      duration_ms: 0.793543
      type: 'test'
      ...
    # Subtest: PACING_TURN_DROUGHT_RUN fires when the longest no-turn run is ≥6
    ok 3 - PACING_TURN_DROUGHT_RUN fires when the longest no-turn run is ≥6
      ---
      duration_ms: 0.95287
      type: 'test'
      ...
    # Subtest: PACING_TURN_DROUGHT_RUN does not fire when dramatic turns are distributed without a long drought
    ok 4 - PACING_TURN_DROUGHT_RUN does not fire when dramatic turns are distributed without a long drought
      ---
      duration_ms: 0.888517
      type: 'test'
      ...
    # Subtest: PACING_STAKES_ZONE_CLUSTER fires when >75% of stakes-raising scenes cluster in one third
    ok 5 - PACING_STAKES_ZONE_CLUSTER fires when >75% of stakes-raising scenes cluster in one third
      ---
      duration_ms: 0.740802
      type: 'test'
      ...
    # Subtest: PACING_STAKES_ZONE_CLUSTER does not fire when stakes-raising scenes are distributed across thirds
    ok 6 - PACING_STAKES_ZONE_CLUSTER does not fire when stakes-raising scenes are distributed across thirds
      ---
      duration_ms: 0.846513
      type: 'test'
      ...
    1..6
ok 1562 - Wave 677 — pacingPass: pacing clock delta peak uncaused, pacing turn drought run, pacing stakes zone cluster
  ---
  duration_ms: 5.413092
  type: 'suite'
  ...
# Subtest: Wave 663 — pacingPass: pacing relationship peak uncaused, pacing seed drought run, pacing payoff zone cluster
    # Subtest: PACING_RELATIONSHIP_PEAK_UNCAUSED fires when the peak relationship-shift scene has no dramatic turn or revelation nearby
    ok 1 - PACING_RELATIONSHIP_PEAK_UNCAUSED fires when the peak relationship-shift scene has no dramatic turn or revelation nearby
      ---
      duration_ms: 0.941664
      type: 'test'
      ...
    # Subtest: PACING_RELATIONSHIP_PEAK_UNCAUSED does not fire when a dramatic turn precedes the peak within the lookback
    ok 2 - PACING_RELATIONSHIP_PEAK_UNCAUSED does not fire when a dramatic turn precedes the peak within the lookback
      ---
      duration_ms: 0.886239
      type: 'test'
      ...
    # Subtest: PACING_SEED_DROUGHT_RUN fires when the longest no-seed run is ≥6
    ok 3 - PACING_SEED_DROUGHT_RUN fires when the longest no-seed run is ≥6
      ---
      duration_ms: 0.889838
      type: 'test'
      ...
    # Subtest: PACING_SEED_DROUGHT_RUN does not fire when seeding is distributed without a long drought
    ok 4 - PACING_SEED_DROUGHT_RUN does not fire when seeding is distributed without a long drought
      ---
      duration_ms: 0.860591
      type: 'test'
      ...
    # Subtest: PACING_PAYOFF_ZONE_CLUSTER fires when >75% of payoff scenes cluster in one third
    ok 5 - PACING_PAYOFF_ZONE_CLUSTER fires when >75% of payoff scenes cluster in one third
      ---
      duration_ms: 0.879837
      type: 'test'
      ...
    # Subtest: PACING_PAYOFF_ZONE_CLUSTER does not fire when payoff scenes are distributed across thirds
    ok 6 - PACING_PAYOFF_ZONE_CLUSTER does not fire when payoff scenes are distributed across thirds
      ---
      duration_ms: 0.827884
      type: 'test'
      ...
    1..6
ok 1563 - Wave 663 — pacingPass: pacing relationship peak uncaused, pacing seed drought run, pacing payoff zone cluster
  ---
  duration_ms: 5.61103
  type: 'suite'
  ...
# Subtest: Wave 649 — pacingPass: pacing staging peak uncaused, pacing open thread drought run, pacing highlight zone cluster
    # Subtest: PACING_STAGING_PEAK_UNCAUSED fires when the peak physical-staging scene has no dramatic turn or revelation nearby
    ok 1 - PACING_STAGING_PEAK_UNCAUSED fires when the peak physical-staging scene has no dramatic turn or revelation nearby
      ---
      duration_ms: 0.92414
      type: 'test'
      ...
    # Subtest: PACING_STAGING_PEAK_UNCAUSED does not fire when a dramatic turn precedes the peak within the lookback
    ok 2 - PACING_STAGING_PEAK_UNCAUSED does not fire when a dramatic turn precedes the peak within the lookback
      ---
      duration_ms: 0.753199
      type: 'test'
      ...
    # Subtest: PACING_OPEN_THREAD_DROUGHT_RUN fires when the longest no-debt run is ≥6
    ok 3 - PACING_OPEN_THREAD_DROUGHT_RUN fires when the longest no-debt run is ≥6
      ---
      duration_ms: 0.881716
      type: 'test'
      ...
    # Subtest: PACING_OPEN_THREAD_DROUGHT_RUN does not fire when debt is distributed without a long drought
    ok 4 - PACING_OPEN_THREAD_DROUGHT_RUN does not fire when debt is distributed without a long drought
      ---
      duration_ms: 0.809794
      type: 'test'
      ...
    # Subtest: PACING_HIGHLIGHT_ZONE_CLUSTER fires when >75% of highlighted-dialogue scenes cluster in one third
    ok 5 - PACING_HIGHLIGHT_ZONE_CLUSTER fires when >75% of highlighted-dialogue scenes cluster in one third
      ---
      duration_ms: 0.847545
      type: 'test'
      ...
    # Subtest: PACING_HIGHLIGHT_ZONE_CLUSTER does not fire when highlighted-dialogue scenes are distributed across thirds
    ok 6 - PACING_HIGHLIGHT_ZONE_CLUSTER does not fire when highlighted-dialogue scenes are distributed across thirds
      ---
      duration_ms: 0.843451
      type: 'test'
      ...
    1..6
ok 1564 - Wave 649 — pacingPass: pacing staging peak uncaused, pacing open thread drought run, pacing highlight zone cluster
  ---
  duration_ms: 5.365577
  type: 'suite'
  ...
# Subtest: Wave 635 — pacingPass: pacing open thread staging decoupled, pacing seed staging aftermath void, pacing open thread zone imbalance
    # Subtest: PACING_OPEN_THREAD_STAGING_DECOUPLED fires when open-thread scenes and visually-staged scenes never overlap
    ok 1 - PACING_OPEN_THREAD_STAGING_DECOUPLED fires when open-thread scenes and visually-staged scenes never overlap
      ---
      duration_ms: 0.831383
      type: 'test'
      ...
    # Subtest: PACING_OPEN_THREAD_STAGING_DECOUPLED does not fire when a scene carries both signals
    ok 2 - PACING_OPEN_THREAD_STAGING_DECOUPLED does not fire when a scene carries both signals
      ---
      duration_ms: 0.425954
      type: 'test'
      ...
    # Subtest: PACING_SEED_STAGING_AFTERMATH_VOID fires when no seed is followed by a visually dense scene within 2 scenes
    ok 3 - PACING_SEED_STAGING_AFTERMATH_VOID fires when no seed is followed by a visually dense scene within 2 scenes
      ---
      duration_ms: 0.829778
      type: 'test'
      ...
    # Subtest: PACING_SEED_STAGING_AFTERMATH_VOID does not fire when a trigger window contains a visually dense scene
    ok 4 - PACING_SEED_STAGING_AFTERMATH_VOID does not fire when a trigger window contains a visually dense scene
      ---
      duration_ms: 0.899137
      type: 'test'
      ...
    # Subtest: PACING_OPEN_THREAD_ZONE_IMBALANCE fires when one zone is empty of open-thread scenes while another is bloated
    ok 5 - PACING_OPEN_THREAD_ZONE_IMBALANCE fires when one zone is empty of open-thread scenes while another is bloated
      ---
      duration_ms: 0.864395
      type: 'test'
      ...
    # Subtest: PACING_OPEN_THREAD_ZONE_IMBALANCE does not fire when open-thread scenes are spread across all zones
    ok 6 - PACING_OPEN_THREAD_ZONE_IMBALANCE does not fire when open-thread scenes are spread across all zones
      ---
      duration_ms: 0.914418
      type: 'test'
      ...
    1..6
ok 1565 - Wave 635 — pacingPass: pacing open thread staging decoupled, pacing seed staging aftermath void, pacing open thread zone imbalance
  ---
  duration_ms: 5.05416
  type: 'suite'
  ...
# Subtest: Wave 621 — pacingPass: pacing dialogue highlight zone imbalance, pacing payoff staging decoupled, revelation aftermath staging flat
    # Subtest: PACING_DIALOGUE_HIGHLIGHT_ZONE_IMBALANCE fires when one zone is empty of dialogue highlights while another is bloated
    ok 1 - PACING_DIALOGUE_HIGHLIGHT_ZONE_IMBALANCE fires when one zone is empty of dialogue highlights while another is bloated
      ---
      duration_ms: 1.124763
      type: 'test'
      ...
    # Subtest: PACING_DIALOGUE_HIGHLIGHT_ZONE_IMBALANCE does not fire when highlights are spread across all zones
    ok 2 - PACING_DIALOGUE_HIGHLIGHT_ZONE_IMBALANCE does not fire when highlights are spread across all zones
      ---
      duration_ms: 0.988679
      type: 'test'
      ...
    # Subtest: PACING_PAYOFF_STAGING_DECOUPLED fires when payoff scenes and visually-staged scenes never overlap
    ok 3 - PACING_PAYOFF_STAGING_DECOUPLED fires when payoff scenes and visually-staged scenes never overlap
      ---
      duration_ms: 0.586261
      type: 'test'
      ...
    # Subtest: PACING_PAYOFF_STAGING_DECOUPLED does not fire when a scene carries both signals
    ok 4 - PACING_PAYOFF_STAGING_DECOUPLED does not fire when a scene carries both signals
      ---
      duration_ms: 0.388681
      type: 'test'
      ...
    # Subtest: REVELATION_AFTERMATH_STAGING_FLAT fires when no revelation is followed by a visually dense scene within 2 scenes
    ok 5 - REVELATION_AFTERMATH_STAGING_FLAT fires when no revelation is followed by a visually dense scene within 2 scenes
      ---
      duration_ms: 0.737898
      type: 'test'
      ...
    # Subtest: REVELATION_AFTERMATH_STAGING_FLAT does not fire when a trigger window contains a visually dense scene
    ok 6 - REVELATION_AFTERMATH_STAGING_FLAT does not fire when a trigger window contains a visually dense scene
      ---
      duration_ms: 0.746233
      type: 'test'
      ...
    1..6
ok 1566 - Wave 621 — pacingPass: pacing dialogue highlight zone imbalance, pacing payoff staging decoupled, revelation aftermath staging flat
  ---
  duration_ms: 4.887933
  type: 'suite'
  ...
# Subtest: Wave 607 — pacingPass: open thread aftermath suspense flat, open thread aftermath curiosity flat, open thread aftermath emotion flat
    # Subtest: OPEN_THREAD_AFTERMATH_SUSPENSE_FLAT fires when no heavy clue-debt scene is followed by a suspense rise
    ok 1 - OPEN_THREAD_AFTERMATH_SUSPENSE_FLAT fires when no heavy clue-debt scene is followed by a suspense rise
      ---
      duration_ms: 0.986875
      type: 'test'
      ...
    # Subtest: OPEN_THREAD_AFTERMATH_SUSPENSE_FLAT does not fire when a heavy clue-debt scene is followed by a suspense rise within 2 scenes
    ok 2 - OPEN_THREAD_AFTERMATH_SUSPENSE_FLAT does not fire when a heavy clue-debt scene is followed by a suspense rise within 2 scenes
      ---
      duration_ms: 0.771543
      type: 'test'
      ...
    # Subtest: OPEN_THREAD_AFTERMATH_CURIOSITY_FLAT fires when no heavy clue-debt scene is followed by a curiosity rise
    ok 3 - OPEN_THREAD_AFTERMATH_CURIOSITY_FLAT fires when no heavy clue-debt scene is followed by a curiosity rise
      ---
      duration_ms: 0.750856
      type: 'test'
      ...
    # Subtest: OPEN_THREAD_AFTERMATH_CURIOSITY_FLAT does not fire when a heavy clue-debt scene is followed by a curiosity rise within 2 scenes
    ok 4 - OPEN_THREAD_AFTERMATH_CURIOSITY_FLAT does not fire when a heavy clue-debt scene is followed by a curiosity rise within 2 scenes
      ---
      duration_ms: 0.763261
      type: 'test'
      ...
    # Subtest: OPEN_THREAD_AFTERMATH_EMOTION_FLAT fires when no heavy clue-debt scene is followed by a non-neutral emotional shift
    ok 5 - OPEN_THREAD_AFTERMATH_EMOTION_FLAT fires when no heavy clue-debt scene is followed by a non-neutral emotional shift
      ---
      duration_ms: 6.330739
      type: 'test'
      ...
    # Subtest: OPEN_THREAD_AFTERMATH_EMOTION_FLAT does not fire when a heavy clue-debt scene is followed by a non-neutral emotional shift within 2 scenes
    ok 6 - OPEN_THREAD_AFTERMATH_EMOTION_FLAT does not fire when a heavy clue-debt scene is followed by a non-neutral emotional shift within 2 scenes
      ---
      duration_ms: 0.846903
      type: 'test'
      ...
    1..6
ok 1567 - Wave 607 — pacingPass: open thread aftermath suspense flat, open thread aftermath curiosity flat, open thread aftermath emotion flat
  ---
  duration_ms: 10.716749
  type: 'suite'
  ...
# Subtest: Wave 593 — pacingPass: stakes aftermath suspense flat, stakes aftermath curiosity flat, stakes aftermath emotion flat
    # Subtest: STAKES_AFTERMATH_SUSPENSE_FLAT fires when no stakes-raise is followed by a suspense rise
    ok 1 - STAKES_AFTERMATH_SUSPENSE_FLAT fires when no stakes-raise is followed by a suspense rise
      ---
      duration_ms: 0.944872
      type: 'test'
      ...
    # Subtest: STAKES_AFTERMATH_SUSPENSE_FLAT does not fire when a stakes-raise is followed by a suspense rise within 2 scenes
    ok 2 - STAKES_AFTERMATH_SUSPENSE_FLAT does not fire when a stakes-raise is followed by a suspense rise within 2 scenes
      ---
      duration_ms: 0.88783
      type: 'test'
      ...
    # Subtest: STAKES_AFTERMATH_CURIOSITY_FLAT fires when no stakes-raise is followed by a curiosity rise
    ok 3 - STAKES_AFTERMATH_CURIOSITY_FLAT fires when no stakes-raise is followed by a curiosity rise
      ---
      duration_ms: 0.833047
      type: 'test'
      ...
    # Subtest: STAKES_AFTERMATH_CURIOSITY_FLAT does not fire when a stakes-raise is followed by a curiosity rise within 2 scenes
    ok 4 - STAKES_AFTERMATH_CURIOSITY_FLAT does not fire when a stakes-raise is followed by a curiosity rise within 2 scenes
      ---
      duration_ms: 1.460773
      type: 'test'
      ...
    # Subtest: STAKES_AFTERMATH_EMOTION_FLAT fires when no stakes-raise is followed by a non-neutral emotional shift
    ok 5 - STAKES_AFTERMATH_EMOTION_FLAT fires when no stakes-raise is followed by a non-neutral emotional shift
      ---
      duration_ms: 0.827121
      type: 'test'
      ...
    # Subtest: STAKES_AFTERMATH_EMOTION_FLAT does not fire when a stakes-raise is followed by a non-neutral emotional shift within 2 scenes
    ok 6 - STAKES_AFTERMATH_EMOTION_FLAT does not fire when a stakes-raise is followed by a non-neutral emotional shift within 2 scenes
      ---
      duration_ms: 0.906137
      type: 'test'
      ...
    1..6
ok 1568 - Wave 593 — pacingPass: stakes aftermath suspense flat, stakes aftermath curiosity flat, stakes aftermath emotion flat
  ---
  duration_ms: 6.114452
  type: 'suite'
  ...
# Subtest: Wave 579 — pacingPass: payoff peak uncaused, suspense closing zone absent, clock zone cluster
    # Subtest: PAYOFF_PEAK_UNCAUSED fires when the densest payoff scene has no causal event in prior 2 scenes
    ok 1 - PAYOFF_PEAK_UNCAUSED fires when the densest payoff scene has no causal event in prior 2 scenes
      ---
      duration_ms: 1.535175
      type: 'test'
      ...
    # Subtest: PAYOFF_PEAK_UNCAUSED does not fire when a prior scene provides a causal event for the payoff peak
    ok 2 - PAYOFF_PEAK_UNCAUSED does not fire when a prior scene provides a causal event for the payoff peak
      ---
      duration_ms: 1.100255
      type: 'test'
      ...
    # Subtest: SUSPENSE_CLOSING_ZONE_ABSENT fires when suspense scenes are all absent from the final third
    ok 3 - SUSPENSE_CLOSING_ZONE_ABSENT fires when suspense scenes are all absent from the final third
      ---
      duration_ms: 1.117392
      type: 'test'
      ...
    # Subtest: SUSPENSE_CLOSING_ZONE_ABSENT does not fire when at least one suspense scene falls in the closing third
    ok 4 - SUSPENSE_CLOSING_ZONE_ABSENT does not fire when at least one suspense scene falls in the closing third
      ---
      duration_ms: 0.806724
      type: 'test'
      ...
    # Subtest: CLOCK_ZONE_CLUSTER fires when >75% of clock scenes are concentrated in one structural third
    ok 5 - CLOCK_ZONE_CLUSTER fires when >75% of clock scenes are concentrated in one structural third
      ---
      duration_ms: 0.869596
      type: 'test'
      ...
    # Subtest: CLOCK_ZONE_CLUSTER does not fire when clock scenes are spread across structural thirds
    ok 6 - CLOCK_ZONE_CLUSTER does not fire when clock scenes are spread across structural thirds
      ---
      duration_ms: 0.827163
      type: 'test'
      ...
    1..6
ok 1569 - Wave 579 — pacingPass: payoff peak uncaused, suspense closing zone absent, clock zone cluster
  ---
  duration_ms: 6.51433
  type: 'suite'
  ...
# Subtest: Wave 565 — pacingPass: seed aftermath suspense flat, seed aftermath curiosity flat, seed aftermath emotion flat
    # Subtest: SEED_AFTERMATH_SUSPENSE_FLAT fires when all seeds have avg next-scene suspenseDelta ≤ 0
    ok 1 - SEED_AFTERMATH_SUSPENSE_FLAT fires when all seeds have avg next-scene suspenseDelta ≤ 0
      ---
      duration_ms: 1.092284
      type: 'test'
      ...
    # Subtest: SEED_AFTERMATH_SUSPENSE_FLAT does not fire when a seed is followed by positive suspenseDelta
    ok 2 - SEED_AFTERMATH_SUSPENSE_FLAT does not fire when a seed is followed by positive suspenseDelta
      ---
      duration_ms: 0.872708
      type: 'test'
      ...
    # Subtest: SEED_AFTERMATH_CURIOSITY_FLAT fires when all seeds are followed by 2 scenes with curiosityDelta ≤ 0
    ok 3 - SEED_AFTERMATH_CURIOSITY_FLAT fires when all seeds are followed by 2 scenes with curiosityDelta ≤ 0
      ---
      duration_ms: 0.794999
      type: 'test'
      ...
    # Subtest: SEED_AFTERMATH_CURIOSITY_FLAT does not fire when a seed aftermath has curiosityDelta > 0
    ok 4 - SEED_AFTERMATH_CURIOSITY_FLAT does not fire when a seed aftermath has curiosityDelta > 0
      ---
      duration_ms: 0.750883
      type: 'test'
      ...
    # Subtest: SEED_AFTERMATH_EMOTION_FLAT fires when all seeds are followed by 2 neutral-emotion scenes
    ok 5 - SEED_AFTERMATH_EMOTION_FLAT fires when all seeds are followed by 2 neutral-emotion scenes
      ---
      duration_ms: 0.694203
      type: 'test'
      ...
    # Subtest: SEED_AFTERMATH_EMOTION_FLAT does not fire when a seed aftermath carries emotion
    ok 6 - SEED_AFTERMATH_EMOTION_FLAT does not fire when a seed aftermath carries emotion
      ---
      duration_ms: 0.868697
      type: 'test'
      ...
    1..6
ok 1570 - Wave 565 — pacingPass: seed aftermath suspense flat, seed aftermath curiosity flat, seed aftermath emotion flat
  ---
  duration_ms: 5.378135
  type: 'suite'
  ...
# Subtest: Wave 551 — pacingPass: turn aftermath suspense flat, turn aftermath curiosity flat, turn aftermath emotion flat
    # Subtest: TURN_AFTERMATH_SUSPENSE_FLAT fires when all turns have avg next-scene suspenseDelta ≤ 0
    ok 1 - TURN_AFTERMATH_SUSPENSE_FLAT fires when all turns have avg next-scene suspenseDelta ≤ 0
      ---
      duration_ms: 1.034525
      type: 'test'
      ...
    # Subtest: TURN_AFTERMATH_SUSPENSE_FLAT does not fire when turns are followed by positive suspenseDelta
    ok 2 - TURN_AFTERMATH_SUSPENSE_FLAT does not fire when turns are followed by positive suspenseDelta
      ---
      duration_ms: 0.825543
      type: 'test'
      ...
    # Subtest: TURN_AFTERMATH_CURIOSITY_FLAT fires when all turns are followed by 2 scenes with curiosityDelta ≤ 0
    ok 3 - TURN_AFTERMATH_CURIOSITY_FLAT fires when all turns are followed by 2 scenes with curiosityDelta ≤ 0
      ---
      duration_ms: 0.75995
      type: 'test'
      ...
    # Subtest: TURN_AFTERMATH_CURIOSITY_FLAT does not fire when a turn aftermath has curiosityDelta > 0
    ok 4 - TURN_AFTERMATH_CURIOSITY_FLAT does not fire when a turn aftermath has curiosityDelta > 0
      ---
      duration_ms: 0.818526
      type: 'test'
      ...
    # Subtest: TURN_AFTERMATH_EMOTION_FLAT fires when all turns are followed by 2 neutral-emotion scenes
    ok 5 - TURN_AFTERMATH_EMOTION_FLAT fires when all turns are followed by 2 neutral-emotion scenes
      ---
      duration_ms: 0.882705
      type: 'test'
      ...
    # Subtest: TURN_AFTERMATH_EMOTION_FLAT does not fire when a turn aftermath has non-neutral emotion
    ok 6 - TURN_AFTERMATH_EMOTION_FLAT does not fire when a turn aftermath has non-neutral emotion
      ---
      duration_ms: 0.74986
      type: 'test'
      ...
    1..6
ok 1571 - Wave 551 — pacingPass: turn aftermath suspense flat, turn aftermath curiosity flat, turn aftermath emotion flat
  ---
  duration_ms: 5.358835
  type: 'suite'
  ...
# Subtest: Wave 537 — pacingPass: revelation curiosity aftermath flat, payoff opening zone absent, revelation middle zone absent
    # Subtest: REVELATION_CURIOSITY_AFTERMATH_FLAT fires when all revelations are followed by curiosity-flat scenes
    ok 1 - REVELATION_CURIOSITY_AFTERMATH_FLAT fires when all revelations are followed by curiosity-flat scenes
      ---
      duration_ms: 1.250864
      type: 'test'
      ...
    # Subtest: REVELATION_CURIOSITY_AFTERMATH_FLAT does not fire when a revelation is followed by a curiosity rise
    ok 2 - REVELATION_CURIOSITY_AFTERMATH_FLAT does not fire when a revelation is followed by a curiosity rise
      ---
      duration_ms: 1.113429
      type: 'test'
      ...
    # Subtest: PAYOFF_OPENING_ZONE_ABSENT fires when no payoff scenes are in the opening third
    ok 3 - PAYOFF_OPENING_ZONE_ABSENT fires when no payoff scenes are in the opening third
      ---
      duration_ms: 0.866281
      type: 'test'
      ...
    # Subtest: PAYOFF_OPENING_ZONE_ABSENT does not fire when a payoff is in the opening third
    ok 4 - PAYOFF_OPENING_ZONE_ABSENT does not fire when a payoff is in the opening third
      ---
      duration_ms: 0.845437
      type: 'test'
      ...
    # Subtest: REVELATION_MIDDLE_ZONE_ABSENT fires when no revelation scenes are in the middle third
    ok 5 - REVELATION_MIDDLE_ZONE_ABSENT fires when no revelation scenes are in the middle third
      ---
      duration_ms: 0.858388
      type: 'test'
      ...
    # Subtest: REVELATION_MIDDLE_ZONE_ABSENT does not fire when a revelation is in the middle third
    ok 6 - REVELATION_MIDDLE_ZONE_ABSENT does not fire when a revelation is in the middle third
      ---
      duration_ms: 0.715344
      type: 'test'
      ...
    1..6
ok 1572 - Wave 537 — pacingPass: revelation curiosity aftermath flat, payoff opening zone absent, revelation middle zone absent
  ---
  duration_ms: 5.984242
  type: 'suite'
  ...
# Subtest: Wave 523 — pacingPass: clock aftermath emotion flat, payoff aftermath emotion flat, payoff aftermath suspense flat
    # Subtest: CLOCK_AFTERMATH_EMOTION_FLAT fires when all clock scenes are followed by emotional silence
    ok 1 - CLOCK_AFTERMATH_EMOTION_FLAT fires when all clock scenes are followed by emotional silence
      ---
      duration_ms: 1.216937
      type: 'test'
      ...
    # Subtest: CLOCK_AFTERMATH_EMOTION_FLAT does not fire when a clock scene is followed by emotion
    ok 2 - CLOCK_AFTERMATH_EMOTION_FLAT does not fire when a clock scene is followed by emotion
      ---
      duration_ms: 0.932627
      type: 'test'
      ...
    # Subtest: PAYOFF_AFTERMATH_EMOTION_FLAT fires when all payoff scenes are followed by emotional silence
    ok 3 - PAYOFF_AFTERMATH_EMOTION_FLAT fires when all payoff scenes are followed by emotional silence
      ---
      duration_ms: 0.923627
      type: 'test'
      ...
    # Subtest: PAYOFF_AFTERMATH_EMOTION_FLAT does not fire when a payoff is followed by an emotional scene
    ok 4 - PAYOFF_AFTERMATH_EMOTION_FLAT does not fire when a payoff is followed by an emotional scene
      ---
      duration_ms: 0.976917
      type: 'test'
      ...
    # Subtest: PAYOFF_AFTERMATH_SUSPENSE_FLAT fires when avg next-scene suspenseDelta after payoffs ≤ 0
    ok 5 - PAYOFF_AFTERMATH_SUSPENSE_FLAT fires when avg next-scene suspenseDelta after payoffs ≤ 0
      ---
      duration_ms: 0.951734
      type: 'test'
      ...
    # Subtest: PAYOFF_AFTERMATH_SUSPENSE_FLAT does not fire when avg next-scene suspenseDelta after payoffs > 0
    ok 6 - PAYOFF_AFTERMATH_SUSPENSE_FLAT does not fire when avg next-scene suspenseDelta after payoffs > 0
      ---
      duration_ms: 1.060313
      type: 'test'
      ...
    1..6
ok 1573 - Wave 523 — pacingPass: clock aftermath emotion flat, payoff aftermath emotion flat, payoff aftermath suspense flat
  ---
  duration_ms: 6.400703
  type: 'suite'
  ...
# Subtest: Wave 509 — pacingPass: suspense flatline run, payoff suspense decoupled, payoff aftermath curiosity flat
    # Subtest: SUSPENSE_FLATLINE_RUN fires when 5+ consecutive scenes have no suspense rise
    ok 1 - SUSPENSE_FLATLINE_RUN fires when 5+ consecutive scenes have no suspense rise
      ---
      duration_ms: 1.260568
      type: 'test'
      ...
    # Subtest: SUSPENSE_FLATLINE_RUN does not fire when the longest flat run is only 4
    ok 2 - SUSPENSE_FLATLINE_RUN does not fire when the longest flat run is only 4
      ---
      duration_ms: 0.900135
      type: 'test'
      ...
    # Subtest: PAYOFF_SUSPENSE_DECOUPLED fires when payoff scenes and high-suspense scenes never coincide
    ok 3 - PAYOFF_SUSPENSE_DECOUPLED fires when payoff scenes and high-suspense scenes never coincide
      ---
      duration_ms: 0.961789
      type: 'test'
      ...
    # Subtest: PAYOFF_SUSPENSE_DECOUPLED does not fire when at least one scene is both a payoff and high-suspense
    ok 4 - PAYOFF_SUSPENSE_DECOUPLED does not fire when at least one scene is both a payoff and high-suspense
      ---
      duration_ms: 0.913694
      type: 'test'
      ...
    # Subtest: PAYOFF_AFTERMATH_CURIOSITY_FLAT fires when payoff scenes are never followed by a curiosity rise
    ok 5 - PAYOFF_AFTERMATH_CURIOSITY_FLAT fires when payoff scenes are never followed by a curiosity rise
      ---
      duration_ms: 0.832783
      type: 'test'
      ...
    # Subtest: PAYOFF_AFTERMATH_CURIOSITY_FLAT does not fire when at least one payoff is followed by a curiosity rise
    ok 6 - PAYOFF_AFTERMATH_CURIOSITY_FLAT does not fire when at least one payoff is followed by a curiosity rise
      ---
      duration_ms: 0.924648
      type: 'test'
      ...
    1..6
ok 1574 - Wave 509 — pacingPass: suspense flatline run, payoff suspense decoupled, payoff aftermath curiosity flat
  ---
  duration_ms: 6.044233
  type: 'suite'
  ...
# Subtest: Wave 495 — pacingPass: clock aftermath curiosity flat, revelation emotional aftermath flat, curiosity peak uncaused
    # Subtest: CLOCK_AFTERMATH_CURIOSITY_FLAT fires when clock scenes are never followed by curiosity rise
    ok 1 - CLOCK_AFTERMATH_CURIOSITY_FLAT fires when clock scenes are never followed by curiosity rise
      ---
      duration_ms: 1.262523
      type: 'test'
      ...
    # Subtest: CLOCK_AFTERMATH_CURIOSITY_FLAT does not fire when at least one clock is followed by curiosity rise
    ok 2 - CLOCK_AFTERMATH_CURIOSITY_FLAT does not fire when at least one clock is followed by curiosity rise
      ---
      duration_ms: 1.109313
      type: 'test'
      ...
    # Subtest: REVELATION_EMOTIONAL_AFTERMATH_FLAT fires when revelation scenes are never followed by emotional shift
    ok 3 - REVELATION_EMOTIONAL_AFTERMATH_FLAT fires when revelation scenes are never followed by emotional shift
      ---
      duration_ms: 0.98965
      type: 'test'
      ...
    # Subtest: REVELATION_EMOTIONAL_AFTERMATH_FLAT does not fire when at least one revelation is followed by emotional shift
    ok 4 - REVELATION_EMOTIONAL_AFTERMATH_FLAT does not fire when at least one revelation is followed by emotional shift
      ---
      duration_ms: 1.05481
      type: 'test'
      ...
    # Subtest: CURIOSITY_PEAK_UNCAUSED fires when the highest-curiosity scene has no upstream cause
    ok 5 - CURIOSITY_PEAK_UNCAUSED fires when the highest-curiosity scene has no upstream cause
      ---
      duration_ms: 1.074315
      type: 'test'
      ...
    # Subtest: CURIOSITY_PEAK_UNCAUSED does not fire when the highest-curiosity scene has an upstream cause
    ok 6 - CURIOSITY_PEAK_UNCAUSED does not fire when the highest-curiosity scene has an upstream cause
      ---
      duration_ms: 0.730155
      type: 'test'
      ...
    1..6
ok 1575 - Wave 495 — pacingPass: clock aftermath curiosity flat, revelation emotional aftermath flat, curiosity peak uncaused
  ---
  duration_ms: 6.514615
  type: 'suite'
  ...
# Subtest: Wave 481 — pacingPass: clock aftermath suspense flat, suspense peak uncaused, emotional peak uncaused
    # Subtest: CLOCK_AFTERMATH_SUSPENSE_FLAT fires when no clock scene is followed by a suspense rise within 2 scenes
    ok 1 - CLOCK_AFTERMATH_SUSPENSE_FLAT fires when no clock scene is followed by a suspense rise within 2 scenes
      ---
      duration_ms: 1.105128
      type: 'test'
      ...
    # Subtest: CLOCK_AFTERMATH_SUSPENSE_FLAT does not fire when a clock scene is followed by a suspense rise
    ok 2 - CLOCK_AFTERMATH_SUSPENSE_FLAT does not fire when a clock scene is followed by a suspense rise
      ---
      duration_ms: 2.223864
      type: 'test'
      ...
    # Subtest: SUSPENSE_PEAK_UNCAUSED fires when the highest-suspense scene has no cause in prior 2 scenes
    ok 3 - SUSPENSE_PEAK_UNCAUSED fires when the highest-suspense scene has no cause in prior 2 scenes
      ---
      duration_ms: 0.849644
      type: 'test'
      ...
    # Subtest: SUSPENSE_PEAK_UNCAUSED does not fire when the highest-suspense scene has a dramatic turn in a prior scene
    ok 4 - SUSPENSE_PEAK_UNCAUSED does not fire when the highest-suspense scene has a dramatic turn in a prior scene
      ---
      duration_ms: 1.156257
      type: 'test'
      ...
    # Subtest: EMOTIONAL_PEAK_UNCAUSED fires when the highest-suspense emotional scene has no cause in prior 2 scenes
    ok 5 - EMOTIONAL_PEAK_UNCAUSED fires when the highest-suspense emotional scene has no cause in prior 2 scenes
      ---
      duration_ms: 1.127418
      type: 'test'
      ...
    # Subtest: EMOTIONAL_PEAK_UNCAUSED does not fire when the emotional peak has a revelation in the same scene
    ok 6 - EMOTIONAL_PEAK_UNCAUSED does not fire when the emotional peak has a revelation in the same scene
      ---
      duration_ms: 0.844683
      type: 'test'
      ...
    1..6
ok 1576 - Wave 481 — pacingPass: clock aftermath suspense flat, suspense peak uncaused, emotional peak uncaused
  ---
  duration_ms: 7.87683
  type: 'suite'
  ...
# Subtest: Wave 467 — pacingPass: revelation suspense aftermath flat, clock pressure run, emotional curiosity decoupled
    # Subtest: REVELATION_SUSPENSE_AFTERMATH_FLAT fires when no revelation is followed by a suspense rise within 2 scenes
    ok 1 - REVELATION_SUSPENSE_AFTERMATH_FLAT fires when no revelation is followed by a suspense rise within 2 scenes
      ---
      duration_ms: 1.16508
      type: 'test'
      ...
    # Subtest: REVELATION_SUSPENSE_AFTERMATH_FLAT does not fire when a revelation is followed by suspense within 2 scenes
    ok 2 - REVELATION_SUSPENSE_AFTERMATH_FLAT does not fire when a revelation is followed by suspense within 2 scenes
      ---
      duration_ms: 0.984559
      type: 'test'
      ...
    # Subtest: CLOCK_PRESSURE_RUN fires when ≥4 consecutive scenes all have clock pressure
    ok 3 - CLOCK_PRESSURE_RUN fires when ≥4 consecutive scenes all have clock pressure
      ---
      duration_ms: 0.952596
      type: 'test'
      ...
    # Subtest: CLOCK_PRESSURE_RUN does not fire when clock scenes are broken up
    ok 4 - CLOCK_PRESSURE_RUN does not fire when clock scenes are broken up
      ---
      duration_ms: 0.953655
      type: 'test'
      ...
    # Subtest: EMOTIONAL_CURIOSITY_DECOUPLED fires when emotional scenes and curiosity scenes never coincide
    ok 5 - EMOTIONAL_CURIOSITY_DECOUPLED fires when emotional scenes and curiosity scenes never coincide
      ---
      duration_ms: 1.102954
      type: 'test'
      ...
    # Subtest: EMOTIONAL_CURIOSITY_DECOUPLED does not fire when at least one scene is both emotional and curiosity-positive
    ok 6 - EMOTIONAL_CURIOSITY_DECOUPLED does not fire when at least one scene is both emotional and curiosity-positive
      ---
      duration_ms: 1.034114
      type: 'test'
      ...
    1..6
ok 1577 - Wave 467 — pacingPass: revelation suspense aftermath flat, clock pressure run, emotional curiosity decoupled
  ---
  duration_ms: 6.441015
  type: 'suite'
  ...
# Subtest: Wave 453 — pacingPass: emotional flatline run, suspense emotional aftermath flat, suspense emotion decoupled
    # Subtest: EMOTIONAL_FLATLINE_RUN fires when ≥5 consecutive neutral scenes exist while ≥3 emotional scenes are present
    ok 1 - EMOTIONAL_FLATLINE_RUN fires when ≥5 consecutive neutral scenes exist while ≥3 emotional scenes are present
      ---
      duration_ms: 1.143048
      type: 'test'
      ...
    # Subtest: EMOTIONAL_FLATLINE_RUN does not fire when neutral run is shorter than 5
    ok 2 - EMOTIONAL_FLATLINE_RUN does not fire when neutral run is shorter than 5
      ---
      duration_ms: 0.899708
      type: 'test'
      ...
    # Subtest: SUSPENSE_EMOTIONAL_AFTERMATH_FLAT fires when no high-suspense scene is followed by emotional aftermath
    ok 3 - SUSPENSE_EMOTIONAL_AFTERMATH_FLAT fires when no high-suspense scene is followed by emotional aftermath
      ---
      duration_ms: 0.837219
      type: 'test'
      ...
    # Subtest: SUSPENSE_EMOTIONAL_AFTERMATH_FLAT does not fire when at least one high-suspense scene has emotional aftermath
    ok 4 - SUSPENSE_EMOTIONAL_AFTERMATH_FLAT does not fire when at least one high-suspense scene has emotional aftermath
      ---
      duration_ms: 0.844691
      type: 'test'
      ...
    # Subtest: SUSPENSE_EMOTION_DECOUPLED fires when ≥3 high-suspense and ≥3 emotional scenes never coincide
    ok 5 - SUSPENSE_EMOTION_DECOUPLED fires when ≥3 high-suspense and ≥3 emotional scenes never coincide
      ---
      duration_ms: 0.988836
      type: 'test'
      ...
    # Subtest: SUSPENSE_EMOTION_DECOUPLED does not fire when at least one high-suspense scene also has emotional texture
    ok 6 - SUSPENSE_EMOTION_DECOUPLED does not fire when at least one high-suspense scene also has emotional texture
      ---
      duration_ms: 1.057631
      type: 'test'
      ...
    1..6
ok 1578 - Wave 453 — pacingPass: emotional flatline run, suspense emotional aftermath flat, suspense emotion decoupled
  ---
  duration_ms: 6.019128
  type: 'suite'
  ...
# Subtest: Wave 439 — pacingPass: suspense curiosity decoupled, curiosity flatline run, curiosity aftermath flat
    # Subtest: SUSPENSE_CURIOSITY_DECOUPLED fires when high-suspense and high-curiosity scenes never coincide
    ok 1 - SUSPENSE_CURIOSITY_DECOUPLED fires when high-suspense and high-curiosity scenes never coincide
      ---
      duration_ms: 1.242218
      type: 'test'
      ...
    # Subtest: SUSPENSE_CURIOSITY_DECOUPLED does not fire when one scene carries both signals
    ok 2 - SUSPENSE_CURIOSITY_DECOUPLED does not fire when one scene carries both signals
      ---
      duration_ms: 0.928409
      type: 'test'
      ...
    # Subtest: CURIOSITY_FLATLINE_RUN fires when 5+ consecutive scenes have curiosityDelta ≤ 0
    ok 3 - CURIOSITY_FLATLINE_RUN fires when 5+ consecutive scenes have curiosityDelta ≤ 0
      ---
      duration_ms: 0.923675
      type: 'test'
      ...
    # Subtest: CURIOSITY_FLATLINE_RUN does not fire when flatline run is only 4 scenes
    ok 4 - CURIOSITY_FLATLINE_RUN does not fire when flatline run is only 4 scenes
      ---
      duration_ms: 0.849687
      type: 'test'
      ...
    # Subtest: CURIOSITY_AFTERMATH_FLAT fires when no high-suspense scene is followed by a curiosity rise
    ok 5 - CURIOSITY_AFTERMATH_FLAT fires when no high-suspense scene is followed by a curiosity rise
      ---
      duration_ms: 0.916197
      type: 'test'
      ...
    # Subtest: CURIOSITY_AFTERMATH_FLAT does not fire when a suspense peak is followed by a curiosity rise
    ok 6 - CURIOSITY_AFTERMATH_FLAT does not fire when a suspense peak is followed by a curiosity rise
      ---
      duration_ms: 0.804899
      type: 'test'
      ...
    1..6
ok 1579 - Wave 439 — pacingPass: suspense curiosity decoupled, curiosity flatline run, curiosity aftermath flat
  ---
  duration_ms: 5.94302
  type: 'suite'
  ...
# Subtest: Wave 425 — pacingPass: scene expansion run, suspense midpoint trough, curiosity frontload
    # Subtest: SCENE_EXPANSION_RUN fires when 5 consecutive scenes each run strictly longer than the prior
    ok 1 - SCENE_EXPANSION_RUN fires when 5 consecutive scenes each run strictly longer than the prior
      ---
      duration_ms: 1.173819
      type: 'test'
      ...
    # Subtest: SCENE_EXPANSION_RUN does NOT fire when no 5-consecutive expansion run exists
    ok 2 - SCENE_EXPANSION_RUN does NOT fire when no 5-consecutive expansion run exists
      ---
      duration_ms: 0.945647
      type: 'test'
      ...
    # Subtest: SUSPENSE_MIDPOINT_TROUGH fires when midpoint suspense is below both halves while both halves are positive
    ok 3 - SUSPENSE_MIDPOINT_TROUGH fires when midpoint suspense is below both halves while both halves are positive
      ---
      duration_ms: 1.102461
      type: 'test'
      ...
    # Subtest: SUSPENSE_MIDPOINT_TROUGH does NOT fire when midpoint suspense matches surrounding energy
    ok 4 - SUSPENSE_MIDPOINT_TROUGH does NOT fire when midpoint suspense matches surrounding energy
      ---
      duration_ms: 0.889324
      type: 'test'
      ...
    # Subtest: CURIOSITY_FRONTLOAD fires when more than 65% of positive-curiosity scenes are in the first half
    ok 5 - CURIOSITY_FRONTLOAD fires when more than 65% of positive-curiosity scenes are in the first half
      ---
      duration_ms: 0.955125
      type: 'test'
      ...
    # Subtest: CURIOSITY_FRONTLOAD does NOT fire when positive-curiosity scenes are distributed across both halves
    ok 6 - CURIOSITY_FRONTLOAD does NOT fire when positive-curiosity scenes are distributed across both halves
      ---
      duration_ms: 0.944484
      type: 'test'
      ...
    1..6
ok 1580 - Wave 425 — pacingPass: scene expansion run, suspense midpoint trough, curiosity frontload
  ---
  duration_ms: 6.271388
  type: 'suite'
  ...
# Subtest: Wave 411 — pacingPass: suspense peak scene bloat, resolution bloat, opening scene underweight
    # Subtest: SUSPENSE_PEAK_SCENE_BLOAT fires when the highest-suspense scene runs above 1.5× overall
    ok 1 - SUSPENSE_PEAK_SCENE_BLOAT fires when the highest-suspense scene runs above 1.5× overall
      ---
      duration_ms: 1.214175
      type: 'test'
      ...
    # Subtest: SUSPENSE_PEAK_SCENE_BLOAT does NOT fire when the peak scene is proportional
    ok 2 - SUSPENSE_PEAK_SCENE_BLOAT does NOT fire when the peak scene is proportional
      ---
      duration_ms: 0.79994
      type: 'test'
      ...
    # Subtest: RESOLUTION_BLOAT fires when the final resolution scene runs above 2× overall
    ok 3 - RESOLUTION_BLOAT fires when the final resolution scene runs above 2× overall
      ---
      duration_ms: 0.690595
      type: 'test'
      ...
    # Subtest: RESOLUTION_BLOAT does NOT fire when the final scene is proportional
    ok 4 - RESOLUTION_BLOAT does NOT fire when the final scene is proportional
      ---
      duration_ms: 0.453953
      type: 'test'
      ...
    # Subtest: OPENING_SCENE_UNDERWEIGHT fires when the first scene runs below 50% overall
    ok 5 - OPENING_SCENE_UNDERWEIGHT fires when the first scene runs below 50% overall
      ---
      duration_ms: 0.626712
      type: 'test'
      ...
    # Subtest: OPENING_SCENE_UNDERWEIGHT does NOT fire when the opening is adequately long
    ok 6 - OPENING_SCENE_UNDERWEIGHT does NOT fire when the opening is adequately long
      ---
      duration_ms: 0.738385
      type: 'test'
      ...
    1..6
ok 1581 - Wave 411 — pacingPass: suspense peak scene bloat, resolution bloat, opening scene underweight
  ---
  duration_ms: 4.835055
  type: 'suite'
  ...
# Subtest: Wave 397 — pacingPass: seed scene underweight, stakes scene bloat, curiosity peak scene bloat
    # Subtest: SEED_SCENE_UNDERWEIGHT fires when clue-seeding scenes average below 60% of overall length
    ok 1 - SEED_SCENE_UNDERWEIGHT fires when clue-seeding scenes average below 60% of overall length
      ---
      duration_ms: 1.232133
      type: 'test'
      ...
    # Subtest: SEED_SCENE_UNDERWEIGHT does not fire when clue-seeding scenes are adequately long
    ok 2 - SEED_SCENE_UNDERWEIGHT does not fire when clue-seeding scenes are adequately long
      ---
      duration_ms: 0.933072
      type: 'test'
      ...
    # Subtest: STAKES_SCENE_BLOAT fires when raise_stakes scenes average above 1.5× overall length
    ok 3 - STAKES_SCENE_BLOAT fires when raise_stakes scenes average above 1.5× overall length
      ---
      duration_ms: 1.923775
      type: 'test'
      ...
    # Subtest: STAKES_SCENE_BLOAT does not fire when raise_stakes scenes are proportional
    ok 4 - STAKES_SCENE_BLOAT does not fire when raise_stakes scenes are proportional
      ---
      duration_ms: 0.800186
      type: 'test'
      ...
    # Subtest: CURIOSITY_PEAK_SCENE_BLOAT fires when high-curiosity scenes average above 1.5× overall length
    ok 5 - CURIOSITY_PEAK_SCENE_BLOAT fires when high-curiosity scenes average above 1.5× overall length
      ---
      duration_ms: 0.784569
      type: 'test'
      ...
    # Subtest: CURIOSITY_PEAK_SCENE_BLOAT does not fire when high-curiosity scenes are proportional
    ok 6 - CURIOSITY_PEAK_SCENE_BLOAT does not fire when high-curiosity scenes are proportional
      ---
      duration_ms: 0.814818
      type: 'test'
      ...
    1..6
ok 1582 - Wave 397 — pacingPass: seed scene underweight, stakes scene bloat, curiosity peak scene bloat
  ---
  duration_ms: 6.784279
  type: 'suite'
  ...
# Subtest: Wave 302 — pacingPass: ending on peak, post-release dead air, net tension deficit
    # Subtest: ENDING_ON_PEAK fires when the final scene carries the story suspense maximum
    ok 1 - ENDING_ON_PEAK fires when the final scene carries the story suspense maximum
      ---
      duration_ms: 1.216409
      type: 'test'
      ...
    # Subtest: ENDING_ON_PEAK does not fire when the peak occurs before the finale
    ok 2 - ENDING_ON_PEAK does not fire when the peak occurs before the finale
      ---
      duration_ms: 1.793234
      type: 'test'
      ...
    # Subtest: POST_RELEASE_DEAD_AIR fires when 3 flat scenes follow the biggest release
    ok 3 - POST_RELEASE_DEAD_AIR fires when 3 flat scenes follow the biggest release
      ---
      duration_ms: 1.245305
      type: 'test'
      ...
    # Subtest: POST_RELEASE_DEAD_AIR does not fire when tension rebuilds after the release
    ok 4 - POST_RELEASE_DEAD_AIR does not fire when tension rebuilds after the release
      ---
      duration_ms: 1.295441
      type: 'test'
      ...
    # Subtest: NET_TENSION_DEFICIT fires when cumulative suspenseDelta is negative
    ok 5 - NET_TENSION_DEFICIT fires when cumulative suspenseDelta is negative
      ---
      duration_ms: 1.08805
      type: 'test'
      ...
    # Subtest: NET_TENSION_DEFICIT does not fire when the suspense ledger is net positive
    ok 6 - NET_TENSION_DEFICIT does not fire when the suspense ledger is net positive
      ---
      duration_ms: 0.730507
      type: 'test'
      ...
    1..6
ok 1583 - Wave 302 — pacingPass: ending on peak, post-release dead air, net tension deficit
  ---
  duration_ms: 7.622357
  type: 'suite'
  ...
# Subtest: Wave 383 — pacingPass: conflict scene bloat, dramatic-turn scene bloat, emotional-peak scene bloat
    # Subtest: CONFLICT_SCENE_BLOAT fires when conflict scenes run far above average length
    ok 1 - CONFLICT_SCENE_BLOAT fires when conflict scenes run far above average length
      ---
      duration_ms: 2.793198
      type: 'test'
      ...
    # Subtest: CONFLICT_SCENE_BLOAT does not fire when conflict scenes are average length
    ok 2 - CONFLICT_SCENE_BLOAT does not fire when conflict scenes are average length
      ---
      duration_ms: 1.113539
      type: 'test'
      ...
    # Subtest: DRAMATIC_TURN_SCENE_BLOAT fires when turn scenes run far above average length
    ok 3 - DRAMATIC_TURN_SCENE_BLOAT fires when turn scenes run far above average length
      ---
      duration_ms: 0.937574
      type: 'test'
      ...
    # Subtest: DRAMATIC_TURN_SCENE_BLOAT does not fire when turn scenes are average length
    ok 4 - DRAMATIC_TURN_SCENE_BLOAT does not fire when turn scenes are average length
      ---
      duration_ms: 0.824342
      type: 'test'
      ...
    # Subtest: EMOTIONAL_PEAK_SCENE_BLOAT fires when charged scenes run far above average length
    ok 5 - EMOTIONAL_PEAK_SCENE_BLOAT fires when charged scenes run far above average length
      ---
      duration_ms: 0.829616
      type: 'test'
      ...
    # Subtest: EMOTIONAL_PEAK_SCENE_BLOAT does not fire when charged scenes are average length
    ok 6 - EMOTIONAL_PEAK_SCENE_BLOAT does not fire when charged scenes are average length
      ---
      duration_ms: 0.823773
      type: 'test'
      ...
    1..6
ok 1584 - Wave 383 — pacingPass: conflict scene bloat, dramatic-turn scene bloat, emotional-peak scene bloat
  ---
  duration_ms: 7.594145
  type: 'suite'
  ...
# Subtest: Wave 369 — pacingPass: clock scene underweight, revelation scene bloat, payoff scene bloat
    # Subtest: CLOCK_SCENE_UNDERWEIGHT fires when clock-raise scenes run far below average length
    ok 1 - CLOCK_SCENE_UNDERWEIGHT fires when clock-raise scenes run far below average length
      ---
      duration_ms: 1.063834
      type: 'test'
      ...
    # Subtest: CLOCK_SCENE_UNDERWEIGHT does not fire when clock-raise scenes are average length
    ok 2 - CLOCK_SCENE_UNDERWEIGHT does not fire when clock-raise scenes are average length
      ---
      duration_ms: 0.872316
      type: 'test'
      ...
    # Subtest: REVELATION_SCENE_BLOAT fires when revelation scenes run far above average length
    ok 3 - REVELATION_SCENE_BLOAT fires when revelation scenes run far above average length
      ---
      duration_ms: 0.821093
      type: 'test'
      ...
    # Subtest: REVELATION_SCENE_BLOAT does not fire when revelation scenes are average length
    ok 4 - REVELATION_SCENE_BLOAT does not fire when revelation scenes are average length
      ---
      duration_ms: 0.806905
      type: 'test'
      ...
    # Subtest: PAYOFF_SCENE_BLOAT fires when payoff scenes run far above average length
    ok 5 - PAYOFF_SCENE_BLOAT fires when payoff scenes run far above average length
      ---
      duration_ms: 0.8295
      type: 'test'
      ...
    # Subtest: PAYOFF_SCENE_BLOAT does not fire when payoff scenes are average length
    ok 6 - PAYOFF_SCENE_BLOAT does not fire when payoff scenes are average length
      ---
      duration_ms: 0.877447
      type: 'test'
      ...
    1..6
ok 1585 - Wave 369 — pacingPass: clock scene underweight, revelation scene bloat, payoff scene bloat
  ---
  duration_ms: 5.563622
  type: 'suite'
  ...
# Subtest: Wave 355 — pacingPass: suspense peak scene underweight, seed scene bloat, stakes scene underweight
    # Subtest: SUSPENSE_PEAK_SCENE_UNDERWEIGHT fires when the peak-suspense scene is far below average length
    ok 1 - SUSPENSE_PEAK_SCENE_UNDERWEIGHT fires when the peak-suspense scene is far below average length
      ---
      duration_ms: 1.144252
      type: 'test'
      ...
    # Subtest: SUSPENSE_PEAK_SCENE_UNDERWEIGHT does not fire when the peak-suspense scene is average length
    ok 2 - SUSPENSE_PEAK_SCENE_UNDERWEIGHT does not fire when the peak-suspense scene is average length
      ---
      duration_ms: 0.831141
      type: 'test'
      ...
    # Subtest: SEED_SCENE_BLOAT fires when clue-seeding scenes run far above average length
    ok 3 - SEED_SCENE_BLOAT fires when clue-seeding scenes run far above average length
      ---
      duration_ms: 0.843204
      type: 'test'
      ...
    # Subtest: SEED_SCENE_BLOAT does not fire when clue-seeding scenes are average length
    ok 4 - SEED_SCENE_BLOAT does not fire when clue-seeding scenes are average length
      ---
      duration_ms: 0.870086
      type: 'test'
      ...
    # Subtest: STAKES_SCENE_UNDERWEIGHT fires when raise_stakes scenes run far below average length
    ok 5 - STAKES_SCENE_UNDERWEIGHT fires when raise_stakes scenes run far below average length
      ---
      duration_ms: 0.827714
      type: 'test'
      ...
    # Subtest: STAKES_SCENE_UNDERWEIGHT does not fire when raise_stakes scenes are average length
    ok 6 - STAKES_SCENE_UNDERWEIGHT does not fire when raise_stakes scenes are average length
      ---
      duration_ms: 0.761415
      type: 'test'
      ...
    1..6
ok 1586 - Wave 355 — pacingPass: suspense peak scene underweight, seed scene bloat, stakes scene underweight
  ---
  duration_ms: 5.576573
  type: 'suite'
  ...
# Subtest: Wave 341 — pacingPass: conflict scene underweight, curiosity peak scene underweight, quiet scene bloat
    # Subtest: CONFLICT_SCENE_UNDERWEIGHT fires when conflict scenes run far below average length
    ok 1 - CONFLICT_SCENE_UNDERWEIGHT fires when conflict scenes run far below average length
      ---
      duration_ms: 1.043598
      type: 'test'
      ...
    # Subtest: CONFLICT_SCENE_UNDERWEIGHT does not fire when conflict scenes are average length
    ok 2 - CONFLICT_SCENE_UNDERWEIGHT does not fire when conflict scenes are average length
      ---
      duration_ms: 0.916131
      type: 'test'
      ...
    # Subtest: CURIOSITY_PEAK_SCENE_UNDERWEIGHT fires when high-curiosity scenes run far below average length
    ok 3 - CURIOSITY_PEAK_SCENE_UNDERWEIGHT fires when high-curiosity scenes run far below average length
      ---
      duration_ms: 0.854159
      type: 'test'
      ...
    # Subtest: CURIOSITY_PEAK_SCENE_UNDERWEIGHT does not fire when high-curiosity scenes are average length
    ok 4 - CURIOSITY_PEAK_SCENE_UNDERWEIGHT does not fire when high-curiosity scenes are average length
      ---
      duration_ms: 0.80703
      type: 'test'
      ...
    # Subtest: QUIET_SCENE_BLOAT fires when inert scenes run far above average length
    ok 5 - QUIET_SCENE_BLOAT fires when inert scenes run far above average length
      ---
      duration_ms: 0.85579
      type: 'test'
      ...
    # Subtest: QUIET_SCENE_BLOAT does not fire when inert scenes are average length
    ok 6 - QUIET_SCENE_BLOAT does not fire when inert scenes are average length
      ---
      duration_ms: 0.803965
      type: 'test'
      ...
    1..6
ok 1587 - Wave 341 — pacingPass: conflict scene underweight, curiosity peak scene underweight, quiet scene bloat
  ---
  duration_ms: 5.521685
  type: 'suite'
  ...
# Subtest: Wave 327 — pacingPass: dramatic-turn scene underweight, payoff scene underweight, emotional peak scene underweight
    # Subtest: DRAMATIC_TURN_SCENE_UNDERWEIGHT fires when turn scenes run far below average length
    ok 1 - DRAMATIC_TURN_SCENE_UNDERWEIGHT fires when turn scenes run far below average length
      ---
      duration_ms: 1.152507
      type: 'test'
      ...
    # Subtest: DRAMATIC_TURN_SCENE_UNDERWEIGHT does not fire when turn scenes are average length
    ok 2 - DRAMATIC_TURN_SCENE_UNDERWEIGHT does not fire when turn scenes are average length
      ---
      duration_ms: 0.839557
      type: 'test'
      ...
    # Subtest: PAYOFF_SCENE_UNDERWEIGHT fires when payoff scenes run far below average length
    ok 3 - PAYOFF_SCENE_UNDERWEIGHT fires when payoff scenes run far below average length
      ---
      duration_ms: 0.772341
      type: 'test'
      ...
    # Subtest: PAYOFF_SCENE_UNDERWEIGHT does not fire when payoff scenes are average length
    ok 4 - PAYOFF_SCENE_UNDERWEIGHT does not fire when payoff scenes are average length
      ---
      duration_ms: 0.77061
      type: 'test'
      ...
    # Subtest: EMOTIONAL_PEAK_SCENE_UNDERWEIGHT fires when charged scenes run far below average length
    ok 5 - EMOTIONAL_PEAK_SCENE_UNDERWEIGHT fires when charged scenes run far below average length
      ---
      duration_ms: 0.83393
      type: 'test'
      ...
    # Subtest: EMOTIONAL_PEAK_SCENE_UNDERWEIGHT does not fire when charged scenes are average length
    ok 6 - EMOTIONAL_PEAK_SCENE_UNDERWEIGHT does not fire when charged scenes are average length
      ---
      duration_ms: 0.777767
      type: 'test'
      ...
    1..6
ok 1588 - Wave 327 — pacingPass: dramatic-turn scene underweight, payoff scene underweight, emotional peak scene underweight
  ---
  duration_ms: 5.406333
  type: 'suite'
  ...
# Subtest: Wave 316 — pacingPass: revelation scene underweight, curiosity midzone gap, clock scene pacing mismatch
    # Subtest: REVELATION_SCENE_UNDERWEIGHT fires when revelation scenes avg below 60% of overall avg
    ok 1 - REVELATION_SCENE_UNDERWEIGHT fires when revelation scenes avg below 60% of overall avg
      ---
      duration_ms: 1.127628
      type: 'test'
      ...
    # Subtest: REVELATION_SCENE_UNDERWEIGHT does not fire when revelation scenes are average length
    ok 2 - REVELATION_SCENE_UNDERWEIGHT does not fire when revelation scenes are average length
      ---
      duration_ms: 0.982069
      type: 'test'
      ...
    # Subtest: PACING_CURIOSITY_MIDZONE_GAP fires when midzone curiosity stalls after a positive opening
    ok 3 - PACING_CURIOSITY_MIDZONE_GAP fires when midzone curiosity stalls after a positive opening
      ---
      duration_ms: 0.998579
      type: 'test'
      ...
    # Subtest: PACING_CURIOSITY_MIDZONE_GAP does not fire when midzone sustains curiosity
    ok 4 - PACING_CURIOSITY_MIDZONE_GAP does not fire when midzone sustains curiosity
      ---
      duration_ms: 1.283176
      type: 'test'
      ...
    # Subtest: CLOCK_SCENE_PACING_MISMATCH fires when clock-raising scenes are far above average length
    ok 5 - CLOCK_SCENE_PACING_MISMATCH fires when clock-raising scenes are far above average length
      ---
      duration_ms: 0.838391
      type: 'test'
      ...
    # Subtest: CLOCK_SCENE_PACING_MISMATCH does not fire when clock scenes match overall average length
    ok 6 - CLOCK_SCENE_PACING_MISMATCH does not fire when clock scenes match overall average length
      ---
      duration_ms: 0.769766
      type: 'test'
      ...
    1..6
ok 1589 - Wave 316 — pacingPass: revelation scene underweight, curiosity midzone gap, clock scene pacing mismatch
  ---
  duration_ms: 6.269533
  type: 'suite'
  ...
# Subtest: Wave 288 — pacingPass: suspense early peak, curiosity final drop, scene count imbalance
    # Subtest: PACING_SUSPENSE_EARLY_PEAK fires when Act 1 avg suspense > Act 3 avg and Act 3 avg ≤ 0
    ok 1 - PACING_SUSPENSE_EARLY_PEAK fires when Act 1 avg suspense > Act 3 avg and Act 3 avg ≤ 0
      ---
      duration_ms: 1.355627
      type: 'test'
      ...
    # Subtest: PACING_SUSPENSE_EARLY_PEAK does not fire when Act 3 avg suspense is positive
    ok 2 - PACING_SUSPENSE_EARLY_PEAK does not fire when Act 3 avg suspense is positive
      ---
      duration_ms: 1.696235
      type: 'test'
      ...
    # Subtest: PACING_CURIOSITY_FINAL_DROP fires when overall curiosity is positive but final quarter drops to ≤ 0
    ok 3 - PACING_CURIOSITY_FINAL_DROP fires when overall curiosity is positive but final quarter drops to ≤ 0
      ---
      duration_ms: 0.800886
      type: 'test'
      ...
    # Subtest: PACING_CURIOSITY_FINAL_DROP does not fire when final quarter maintains positive curiosity
    ok 4 - PACING_CURIOSITY_FINAL_DROP does not fire when final quarter maintains positive curiosity
      ---
      duration_ms: 0.874179
      type: 'test'
      ...
    # Subtest: PACING_CURIOSITY_OPENING_FLATLINE fires when opening avg curiosityDelta is ≤ 0
    ok 5 - PACING_CURIOSITY_OPENING_FLATLINE fires when opening avg curiosityDelta is ≤ 0
      ---
      duration_ms: 0.809589
      type: 'test'
      ...
    # Subtest: PACING_CURIOSITY_OPENING_FLATLINE does not fire when opening has positive curiosityDelta
    ok 6 - PACING_CURIOSITY_OPENING_FLATLINE does not fire when opening has positive curiosityDelta
      ---
      duration_ms: 0.805027
      type: 'test'
      ...
    1..6
ok 1590 - Wave 288 — pacingPass: suspense early peak, curiosity final drop, scene count imbalance
  ---
  duration_ms: 6.591748
  type: 'suite'
  ...
# Subtest: Wave 274 — pacingPass: Act 3 page overrun, long-scene flood, Act 2 page weight
    # Subtest: ACT3_PAGE_OVERRUN fires when Act 3 consumes more than 35% of total pages
    ok 1 - ACT3_PAGE_OVERRUN fires when Act 3 consumes more than 35% of total pages
      ---
      duration_ms: 1.032827
      type: 'test'
      ...
    # Subtest: ACT3_PAGE_OVERRUN does NOT fire when Act 3 is proportionally sized
    ok 2 - ACT3_PAGE_OVERRUN does NOT fire when Act 3 is proportionally sized
      ---
      duration_ms: 0.888128
      type: 'test'
      ...
    # Subtest: LONG_SCENE_FLOOD fires when more than 50% of scenes are above 1.5x average length
    ok 3 - LONG_SCENE_FLOOD fires when more than 50% of scenes are above 1.5x average length
      ---
      duration_ms: 0.916283
      type: 'test'
      ...
    # Subtest: LONG_SCENE_FLOOD does NOT fire when fewer than half the scenes are above 1.5x average
    ok 4 - LONG_SCENE_FLOOD does NOT fire when fewer than half the scenes are above 1.5x average
      ---
      duration_ms: 0.94903
      type: 'test'
      ...
    # Subtest: ACT2_PAGE_WEIGHT fires when Act 2 consumes less than 40% of total pages
    ok 5 - ACT2_PAGE_WEIGHT fires when Act 2 consumes less than 40% of total pages
      ---
      duration_ms: 1.01384
      type: 'test'
      ...
    # Subtest: ACT2_PAGE_WEIGHT does NOT fire when Act 2 is properly weighted
    ok 6 - ACT2_PAGE_WEIGHT does NOT fire when Act 2 is properly weighted
      ---
      duration_ms: 0.945171
      type: 'test'
      ...
    1..6
ok 1591 - Wave 274 — pacingPass: Act 3 page overrun, long-scene flood, Act 2 page weight
  ---
  duration_ms: 5.996228
  type: 'suite'
  ...
# Subtest: Wave 260 — pacingPass: opening scene bloat, Act 1 overextended, short-scene flood
    # Subtest: OPENING_SCENE_BLOAT fires when the first scene is >=2.5x average length
    ok 1 - OPENING_SCENE_BLOAT fires when the first scene is >=2.5x average length
      ---
      duration_ms: 3.195183
      type: 'test'
      ...
    # Subtest: OPENING_SCENE_BLOAT does NOT fire when the first scene is normal length
    ok 2 - OPENING_SCENE_BLOAT does NOT fire when the first scene is normal length
      ---
      duration_ms: 1.02956
      type: 'test'
      ...
    # Subtest: ACT1_OVEREXTENDED fires when Act 1 consumes >40% of total lines
    ok 3 - ACT1_OVEREXTENDED fires when Act 1 consumes >40% of total lines
      ---
      duration_ms: 1.160447
      type: 'test'
      ...
    # Subtest: ACT1_OVEREXTENDED does NOT fire when page budget is balanced
    ok 4 - ACT1_OVEREXTENDED does NOT fire when page budget is balanced
      ---
      duration_ms: 0.944952
      type: 'test'
      ...
    # Subtest: SHORT_SCENE_FLOOD fires when >60% of scenes are undersized
    ok 5 - SHORT_SCENE_FLOOD fires when >60% of scenes are undersized
      ---
      duration_ms: 0.977221
      type: 'test'
      ...
    # Subtest: SHORT_SCENE_FLOOD does NOT fire when scene lengths are uniform
    ok 6 - SHORT_SCENE_FLOOD does NOT fire when scene lengths are uniform
      ---
      duration_ms: 1.148175
      type: 'test'
      ...
    1..6
ok 1592 - Wave 260 — pacingPass: opening scene bloat, Act 1 overextended, short-scene flood
  ---
  duration_ms: 8.736549
  type: 'suite'
  ...
# Subtest: Wave 246 — pacingPass: Act 2 pacing valley, climax scene undersized, midpoint bloat
    # Subtest: ACT2_PACING_VALLEY fires when 3+ consecutive Act 2 scenes are each below 60% of average length
    ok 1 - ACT2_PACING_VALLEY fires when 3+ consecutive Act 2 scenes are each below 60% of average length
      ---
      duration_ms: 1.125164
      type: 'test'
      ...
    # Subtest: ACT2_PACING_VALLEY does NOT fire when Act 2 scene lengths are uniform
    ok 2 - ACT2_PACING_VALLEY does NOT fire when Act 2 scene lengths are uniform
      ---
      duration_ms: 0.888033
      type: 'test'
      ...
    # Subtest: CLIMAX_SCENE_UNDERSIZED fires when the peak suspense scene is among the shortest
    ok 3 - CLIMAX_SCENE_UNDERSIZED fires when the peak suspense scene is among the shortest
      ---
      duration_ms: 1.050311
      type: 'test'
      ...
    # Subtest: CLIMAX_SCENE_UNDERSIZED does NOT fire when the peak suspense scene is the longest
    ok 4 - CLIMAX_SCENE_UNDERSIZED does NOT fire when the peak suspense scene is the longest
      ---
      duration_ms: 0.878483
      type: 'test'
      ...
    # Subtest: MIDPOINT_BLOAT fires when the midpoint scene is ≥2.5× the average length
    ok 5 - MIDPOINT_BLOAT fires when the midpoint scene is ≥2.5× the average length
      ---
      duration_ms: 0.833166
      type: 'test'
      ...
    # Subtest: MIDPOINT_BLOAT does NOT fire when the midpoint scene is a normal length
    ok 6 - MIDPOINT_BLOAT does NOT fire when the midpoint scene is a normal length
      ---
      duration_ms: 0.788788
      type: 'test'
      ...
    1..6
ok 1593 - Wave 246 — pacingPass: Act 2 pacing valley, climax scene undersized, midpoint bloat
  ---
  duration_ms: 5.837849
  type: 'suite'
  ...
# Subtest: Wave 218 — pacingPass: deceleration trend, page-space inequality, rhythmic alternation absent (pacing signal-processing)
    # Subtest: PACE_DECELERATION_TREND fires when scene lengths trend upward across the story
    ok 1 - PACE_DECELERATION_TREND fires when scene lengths trend upward across the story
      ---
      duration_ms: 1.477461
      type: 'test'
      ...
    # Subtest: PACE_DECELERATION_TREND does not fire when scene lengths quicken toward the climax
    ok 2 - PACE_DECELERATION_TREND does not fire when scene lengths quicken toward the climax
      ---
      duration_ms: 0.82826
      type: 'test'
      ...
    # Subtest: PAGE_SPACE_INEQUALITY fires when a few scenes hoard the page space
    ok 3 - PAGE_SPACE_INEQUALITY fires when a few scenes hoard the page space
      ---
      duration_ms: 0.910277
      type: 'test'
      ...
    # Subtest: PAGE_SPACE_INEQUALITY does not fire when page space is evenly distributed
    ok 4 - PAGE_SPACE_INEQUALITY does not fire when page space is evenly distributed
      ---
      duration_ms: 1.567508
      type: 'test'
      ...
    # Subtest: RHYTHMIC_ALTERNATION_ABSENT fires when long and short scenes are grouped, not alternated
    ok 5 - RHYTHMIC_ALTERNATION_ABSENT fires when long and short scenes are grouped, not alternated
      ---
      duration_ms: 0.969574
      type: 'test'
      ...
    # Subtest: RHYTHMIC_ALTERNATION_ABSENT does not fire when scene lengths alternate around the mean
    ok 6 - RHYTHMIC_ALTERNATION_ABSENT does not fire when scene lengths alternate around the mean
      ---
      duration_ms: 0.734664
      type: 'test'
      ...
    1..6
ok 1594 - Wave 218 — pacingPass: deceleration trend, page-space inequality, rhythmic alternation absent (pacing signal-processing)
  ---
  duration_ms: 6.739839
  type: 'suite'
  ...
# Subtest: Wave 200 — pacingPass: compression spiral, act2 dead weight, late expansion
    # Subtest: pacingPass detects SCENE_COMPRESSION_SPIRAL for 5 consecutive shrinking scenes
    ok 1 - pacingPass detects SCENE_COMPRESSION_SPIRAL for 5 consecutive shrinking scenes
      ---
      duration_ms: 1.515739
      type: 'test'
      ...
    # Subtest: pacingPass does NOT fire SCENE_COMPRESSION_SPIRAL when spiral is broken mid-run
    ok 2 - pacingPass does NOT fire SCENE_COMPRESSION_SPIRAL when spiral is broken mid-run
      ---
      duration_ms: 0.956659
      type: 'test'
      ...
    # Subtest: pacingPass detects ACT2_DEAD_WEIGHT for 3+ empty act-2 scenes
    ok 3 - pacingPass detects ACT2_DEAD_WEIGHT for 3+ empty act-2 scenes
      ---
      duration_ms: 1.638779
      type: 'test'
      ...
    # Subtest: pacingPass does NOT fire ACT2_DEAD_WEIGHT when act-2 scenes have dramatic events
    ok 4 - pacingPass does NOT fire ACT2_DEAD_WEIGHT when act-2 scenes have dramatic events
      ---
      duration_ms: 0.915036
      type: 'test'
      ...
    # Subtest: pacingPass detects LATE_EXPANSION when act 3 scenes are much longer than act 2
    ok 5 - pacingPass detects LATE_EXPANSION when act 3 scenes are much longer than act 2
      ---
      duration_ms: 1.244654
      type: 'test'
      ...
    # Subtest: pacingPass does NOT fire LATE_EXPANSION when act 3 is not disproportionately longer
    ok 6 - pacingPass does NOT fire LATE_EXPANSION when act 3 is not disproportionately longer
      ---
      duration_ms: 0.736122
      type: 'test'
      ...
    1..6
ok 1595 - Wave 200 — pacingPass: compression spiral, act2 dead weight, late expansion
  ---
  duration_ms: 7.297247
  type: 'suite'
  ...
# Subtest: Wave 157 — pacingPass: climax underweight, midpoint collapse, resolution brevity
    # Subtest: pacingPass detects CLIMAX_SCENE_UNDERWEIGHT when climax scene is too short
    ok 1 - pacingPass detects CLIMAX_SCENE_UNDERWEIGHT when climax scene is too short
      ---
      duration_ms: 1.179803
      type: 'test'
      ...
    # Subtest: pacingPass does NOT fire CLIMAX_SCENE_UNDERWEIGHT when climax scene is well-sized
    ok 2 - pacingPass does NOT fire CLIMAX_SCENE_UNDERWEIGHT when climax scene is well-sized
      ---
      duration_ms: 0.864509
      type: 'test'
      ...
    # Subtest: pacingPass detects MIDPOINT_COLLAPSE when midpoint is too short and flat
    ok 3 - pacingPass detects MIDPOINT_COLLAPSE when midpoint is too short and flat
      ---
      duration_ms: 0.9686
      type: 'test'
      ...
    # Subtest: pacingPass does NOT fire MIDPOINT_COLLAPSE when midpoint has adequate length
    ok 4 - pacingPass does NOT fire MIDPOINT_COLLAPSE when midpoint has adequate length
      ---
      duration_ms: 0.748419
      type: 'test'
      ...
    # Subtest: pacingPass detects RESOLUTION_TOO_BRIEF when final scene is too short
    ok 5 - pacingPass detects RESOLUTION_TOO_BRIEF when final scene is too short
      ---
      duration_ms: 0.713085
      type: 'test'
      ...
    # Subtest: pacingPass does NOT fire RESOLUTION_TOO_BRIEF when final scene has adequate length
    ok 6 - pacingPass does NOT fire RESOLUTION_TOO_BRIEF when final scene has adequate length
      ---
      duration_ms: 0.468498
      type: 'test'
      ...
    1..6
ok 1596 - Wave 157 — pacingPass: climax underweight, midpoint collapse, resolution brevity
  ---
  duration_ms: 5.211184
  type: 'suite'
  ...
# Subtest: I1-a — pacingPass: ENERGY_MONOTONE tone-composed thresholds (composeThresholds)
    # Subtest: pacingPass: ENERGY_MONOTONE fires generically at CoV≈0.32 but NOT under tone bleak (relaxed to 0.30)
    ok 1 - pacingPass: ENERGY_MONOTONE fires generically at CoV≈0.32 but NOT under tone bleak (relaxed to 0.30)
      ---
      duration_ms: 1.760887
      type: 'test'
      ...
    # Subtest: pacingPass: ENERGY_MONOTONE does not fire generically at CoV≈0.42 but fires under tone chaotic with a tone note
    ok 2 - pacingPass: ENERGY_MONOTONE does not fire generically at CoV≈0.42 but fires under tone chaotic with a tone note
      ---
      duration_ms: 1.499049
      type: 'test'
      ...
    # Subtest: pacingPass: ENERGY_MONOTONE composes thriller genre + bleak tone and names both axes in the note
    ok 3 - pacingPass: ENERGY_MONOTONE composes thriller genre + bleak tone and names both axes in the note
      ---
      duration_ms: 1.550585
      type: 'test'
      ...
    # Subtest: pacingPass: tone-absent path keeps the genre-only note byte-identical (no tone leakage)
    ok 4 - pacingPass: tone-absent path keeps the genre-only note byte-identical (no tone leakage)
      ---
      duration_ms: 0.890306
      type: 'test'
      ...
    1..4
ok 1597 - I1-a — pacingPass: ENERGY_MONOTONE tone-composed thresholds (composeThresholds)
  ---
  duration_ms: 5.939808
  type: 'suite'
  ...
# {"time":"2026-08-05T02:28:53.127Z","level":"warn","msg":"collab_secret_generated","message":"COLLAB_SECRET not set — generated an ephemeral per-process secret. Set COLLAB_SECRET in any multi-process or restart-prone deployment."}
# {"time":"2026-08-05T02:28:53.178Z","level":"warn","msg":"revision_rewrite_failed","passName":"payoff","message":"Gemini provider not available (GEMINI_API_KEY not set)"}
# {"time":"2026-08-05T02:28:53.186Z","level":"warn","msg":"revision_rewrite_failed","passName":"payoff","message":"Gemini provider not available (GEMINI_API_KEY not set)"}
# {"time":"2026-08-05T02:28:53.188Z","level":"warn","msg":"revision_rewrite_failed","passName":"payoff","message":"Gemini provider not available (GEMINI_API_KEY not set)"}
# {"time":"2026-08-05T02:28:53.191Z","level":"warn","msg":"revision_rewrite_failed","passName":"payoff","message":"Gemini provider not available (GEMINI_API_KEY not set)"}
# {"time":"2026-08-05T02:28:53.197Z","level":"warn","msg":"revision_rewrite_failed","passName":"payoff","message":"Gemini provider not available (GEMINI_API_KEY not set)"}
# {"time":"2026-08-05T02:28:53.198Z","level":"warn","msg":"revision_rewrite_failed","passName":"payoff","message":"Gemini provider not available (GEMINI_API_KEY not set)"}
# {"time":"2026-08-05T02:28:53.200Z","level":"warn","msg":"revision_rewrite_failed","passName":"payoff","message":"Gemini provider not available (GEMINI_API_KEY not set)"}
# {"time":"2026-08-05T02:28:53.201Z","level":"warn","msg":"revision_rewrite_failed","passName":"payoff","message":"Gemini provider not available (GEMINI_API_KEY not set)"}
# {"time":"2026-08-05T02:28:53.204Z","level":"warn","msg":"revision_rewrite_failed","passName":"payoff","message":"Gemini provider not available (GEMINI_API_KEY not set)"}
# {"time":"2026-08-05T02:28:53.205Z","level":"warn","msg":"revision_rewrite_failed","passName":"payoff","message":"Gemini provider not available (GEMINI_API_KEY not set)"}
# {"time":"2026-08-05T02:28:53.207Z","level":"warn","msg":"revision_rewrite_failed","passName":"payoff","message":"Gemini provider not available (GEMINI_API_KEY not set)"}
# {"time":"2026-08-05T02:28:53.208Z","level":"warn","msg":"revision_rewrite_failed","passName":"payoff","message":"Gemini provider not available (GEMINI_API_KEY not set)"}
# {"time":"2026-08-05T02:28:53.209Z","level":"warn","msg":"revision_rewrite_failed","passName":"payoff","message":"Gemini provider not available (GEMINI_API_KEY not set)"}
# {"time":"2026-08-05T02:28:53.211Z","level":"warn","msg":"revision_rewrite_failed","passName":"payoff","message":"Gemini provider not available (GEMINI_API_KEY not set)"}
# {"time":"2026-08-05T02:28:53.213Z","level":"warn","msg":"revision_rewrite_failed","passName":"payoff","message":"Gemini provider not available (GEMINI_API_KEY not set)"}
# {"time":"2026-08-05T02:28:53.233Z","level":"warn","msg":"revision_rewrite_failed","passName":"payoff","message":"Gemini provider not available (GEMINI_API_KEY not set)"}
# {"time":"2026-08-05T02:28:53.234Z","level":"warn","msg":"revision_rewrite_failed","passName":"payoff","message":"Gemini provider not available (GEMINI_API_KEY not set)"}
# {"time":"2026-08-05T02:28:53.243Z","level":"warn","msg":"revision_rewrite_failed","passName":"payoff","message":"Gemini provider not available (GEMINI_API_KEY not set)"}
# {"time":"2026-08-05T02:28:53.245Z","level":"warn","msg":"revision_rewrite_failed","passName":"payoff","message":"Gemini provider not available (GEMINI_API_KEY not set)"}
# {"time":"2026-08-05T02:28:53.246Z","level":"warn","msg":"revision_rewrite_failed","passName":"payoff","message":"Gemini provider not available (GEMINI_API_KEY not set)"}
# {"time":"2026-08-05T02:28:53.248Z","level":"warn","msg":"revision_rewrite_failed","passName":"payoff","message":"Gemini provider not available (GEMINI_API_KEY not set)"}
# {"time":"2026-08-05T02:28:53.250Z","level":"warn","msg":"revision_rewrite_failed","passName":"payoff","message":"Gemini provider not available (GEMINI_API_KEY not set)"}
# {"time":"2026-08-05T02:28:53.252Z","level":"warn","msg":"revision_rewrite_failed","passName":"payoff","message":"Gemini provider not available (GEMINI_API_KEY not set)"}
# {"time":"2026-08-05T02:28:53.253Z","level":"warn","msg":"revision_rewrite_failed","passName":"payoff","message":"Gemini provider not available (GEMINI_API_KEY not set)"}
# {"time":"2026-08-05T02:28:53.254Z","level":"warn","msg":"revision_rewrite_failed","passName":"payoff","message":"Gemini provider not available (GEMINI_API_KEY not set)"}
# {"time":"2026-08-05T02:28:53.255Z","level":"warn","msg":"revision_rewrite_failed","passName":"payoff","message":"Gemini provider not available (GEMINI_API_KEY not set)"}
# {"time":"2026-08-05T02:28:53.256Z","level":"warn","msg":"revision_rewrite_failed","passName":"payoff","message":"Gemini provider not available (GEMINI_API_KEY not set)"}
# {"time":"2026-08-05T02:28:53.257Z","level":"warn","msg":"revision_rewrite_failed","passName":"payoff","message":"Gemini provider not available (GEMINI_API_KEY not set)"}
# {"time":"2026-08-05T02:28:53.259Z","level":"warn","msg":"revision_rewrite_failed","passName":"payoff","message":"Gemini provider not available (GEMINI_API_KEY not set)"}
# {"time":"2026-08-05T02:28:53.260Z","level":"warn","msg":"revision_rewrite_failed","passName":"payoff","message":"Gemini provider not available (GEMINI_API_KEY not set)"}
# {"time":"2026-08-05T02:28:53.261Z","level":"warn","msg":"revision_rewrite_failed","passName":"payoff","message":"Gemini provider not available (GEMINI_API_KEY not set)"}
# {"time":"2026-08-05T02:28:53.263Z","level":"warn","msg":"revision_rewrite_failed","passName":"payoff","message":"Gemini provider not available (GEMINI_API_KEY not set)"}
# {"time":"2026-08-05T02:28:53.265Z","level":"warn","msg":"revision_rewrite_failed","passName":"payoff","message":"Gemini provider not available (GEMINI_API_KEY not set)"}
# {"time":"2026-08-05T02:28:53.266Z","level":"warn","msg":"revision_rewrite_failed","passName":"payoff","message":"Gemini provider not available (GEMINI_API_KEY not set)"}
# {"time":"2026-08-05T02:28:53.270Z","level":"warn","msg":"revision_rewrite_failed","passName":"payoff","message":"Gemini provider not available (GEMINI_API_KEY not set)"}
# {"time":"2026-08-05T02:28:53.271Z","level":"warn","msg":"revision_rewrite_failed","passName":"payoff","message":"Gemini provider not available (GEMINI_API_KEY not set)"}
# {"time":"2026-08-05T02:28:53.273Z","level":"warn","msg":"revision_rewrite_failed","passName":"payoff","message":"Gemini provider not available (GEMINI_API_KEY not set)"}
# {"time":"2026-08-05T02:28:53.274Z","level":"warn","msg":"revision_rewrite_failed","passName":"payoff","message":"Gemini provider not available (GEMINI_API_KEY not set)"}
# {"time":"2026-08-05T02:28:53.274Z","level":"warn","msg":"revision_rewrite_failed","passName":"payoff","message":"Gemini provider not available (GEMINI_API_KEY not set)"}
# {"time":"2026-08-05T02:28:53.275Z","level":"warn","msg":"revision_rewrite_failed","passName":"payoff","message":"Gemini provider not available (GEMINI_API_KEY not set)"}
# {"time":"2026-08-05T02:28:53.277Z","level":"warn","msg":"revision_rewrite_failed","passName":"payoff","message":"Gemini provider not available (GEMINI_API_KEY not set)"}
# {"time":"2026-08-05T02:28:53.278Z","level":"warn","msg":"revision_rewrite_failed","passName":"payoff","message":"Gemini provider not available (GEMINI_API_KEY not set)"}
# {"time":"2026-08-05T02:28:53.280Z","level":"warn","msg":"revision_rewrite_failed","passName":"payoff","message":"Gemini provider not available (GEMINI_API_KEY not set)"}
# {"time":"2026-08-05T02:28:53.282Z","level":"warn","msg":"revision_rewrite_failed","passName":"payoff","message":"Gemini provider not available (GEMINI_API_KEY not set)"}
# {"time":"2026-08-05T02:28:53.283Z","level":"warn","msg":"revision_rewrite_failed","passName":"payoff","message":"Gemini provider not available (GEMINI_API_KEY not set)"}
# {"time":"2026-08-05T02:28:53.284Z","level":"warn","msg":"revision_rewrite_failed","passName":"payoff","message":"Gemini provider not available (GEMINI_API_KEY not set)"}
# {"time":"2026-08-05T02:28:53.285Z","level":"warn","msg":"revision_rewrite_failed","passName":"payoff","message":"Gemini provider not available (GEMINI_API_KEY not set)"}
# {"time":"2026-08-05T02:28:53.286Z","level":"warn","msg":"revision_rewrite_failed","passName":"payoff","message":"Gemini provider not available (GEMINI_API_KEY not set)"}
# {"time":"2026-08-05T02:28:53.288Z","level":"warn","msg":"revision_rewrite_failed","passName":"payoff","message":"Gemini provider not available (GEMINI_API_KEY not set)"}
# {"time":"2026-08-05T02:28:53.289Z","level":"warn","msg":"revision_rewrite_failed","passName":"payoff","message":"Gemini provider not available (GEMINI_API_KEY not set)"}
# {"time":"2026-08-05T02:28:53.290Z","level":"warn","msg":"revision_rewrite_failed","passName":"payoff","message":"Gemini provider not available (GEMINI_API_KEY not set)"}
# {"time":"2026-08-05T02:28:53.292Z","level":"warn","msg":"revision_rewrite_failed","passName":"payoff","message":"Gemini provider not available (GEMINI_API_KEY not set)"}
# {"time":"2026-08-05T02:28:53.293Z","level":"warn","msg":"revision_rewrite_failed","passName":"payoff","message":"Gemini provider not available (GEMINI_API_KEY not set)"}
# {"time":"2026-08-05T02:28:53.295Z","level":"warn","msg":"revision_rewrite_failed","passName":"payoff","message":"Gemini provider not available (GEMINI_API_KEY not set)"}
# {"time":"2026-08-05T02:28:53.296Z","level":"warn","msg":"revision_rewrite_failed","passName":"payoff","message":"Gemini provider not available (GEMINI_API_KEY not set)"}
# {"time":"2026-08-05T02:28:53.297Z","level":"warn","msg":"revision_rewrite_failed","passName":"payoff","message":"Gemini provider not available (GEMINI_API_KEY not set)"}
# {"time":"2026-08-05T02:28:53.298Z","level":"warn","msg":"revision_rewrite_failed","passName":"payoff","message":"Gemini provider not available (GEMINI_API_KEY not set)"}
# {"time":"2026-08-05T02:28:53.299Z","level":"warn","msg":"revision_rewrite_failed","passName":"payoff","message":"Gemini provider not available (GEMINI_API_KEY not set)"}
# {"time":"2026-08-05T02:28:53.301Z","level":"warn","msg":"revision_rewrite_failed","passName":"payoff","message":"Gemini provider not available (GEMINI_API_KEY not set)"}
# {"time":"2026-08-05T02:28:53.302Z","level":"warn","msg":"revision_rewrite_failed","passName":"payoff","message":"Gemini provider not available (GEMINI_API_KEY not set)"}
# {"time":"2026-08-05T02:28:53.303Z","level":"warn","msg":"revision_rewrite_failed","passName":"payoff","message":"Gemini provider not available (GEMINI_API_KEY not set)"}
# {"time":"2026-08-05T02:28:53.304Z","level":"warn","msg":"revision_rewrite_failed","passName":"payoff","message":"Gemini provider not available (GEMINI_API_KEY not set)"}
# {"time":"2026-08-05T02:28:53.306Z","level":"warn","msg":"revision_rewrite_failed","passName":"payoff","message":"Gemini provider not available (GEMINI_API_KEY not set)"}
# {"time":"2026-08-05T02:28:53.307Z","level":"warn","msg":"revision_rewrite_failed","passName":"payoff","message":"Gemini provider not available (GEMINI_API_KEY not set)"}
# {"time":"2026-08-05T02:28:53.308Z","level":"warn","msg":"revision_rewrite_failed","passName":"payoff","message":"Gemini provider not available (GEMINI_API_KEY not set)"}
# {"time":"2026-08-05T02:28:53.309Z","level":"warn","msg":"revision_rewrite_failed","passName":"payoff","message":"Gemini provider not available (GEMINI_API_KEY not set)"}
# {"time":"2026-08-05T02:28:53.310Z","level":"warn","msg":"revision_rewrite_failed","passName":"payoff","message":"Gemini provider not available (GEMINI_API_KEY not set)"}
# {"time":"2026-08-05T02:28:53.311Z","level":"warn","msg":"revision_rewrite_failed","passName":"payoff","message":"Gemini provider not available (GEMINI_API_KEY not set)"}
# {"time":"2026-08-05T02:28:53.313Z","level":"warn","msg":"revision_rewrite_failed","passName":"payoff","message":"Gemini provider not available (GEMINI_API_KEY not set)"}
# {"time":"2026-08-05T02:28:53.314Z","level":"warn","msg":"revision_rewrite_failed","passName":"payoff","message":"Gemini provider not available (GEMINI_API_KEY not set)"}
# {"time":"2026-08-05T02:28:53.315Z","level":"warn","msg":"revision_rewrite_failed","passName":"payoff","message":"Gemini provider not available (GEMINI_API_KEY not set)"}
# {"time":"2026-08-05T02:28:53.317Z","level":"warn","msg":"revision_rewrite_failed","passName":"payoff","message":"Gemini provider not available (GEMINI_API_KEY not set)"}
# {"time":"2026-08-05T02:28:53.318Z","level":"warn","msg":"revision_rewrite_failed","passName":"payoff","message":"Gemini provider not available (GEMINI_API_KEY not set)"}
# {"time":"2026-08-05T02:28:53.319Z","level":"warn","msg":"revision_rewrite_failed","passName":"payoff","message":"Gemini provider not available (GEMINI_API_KEY not set)"}
# {"time":"2026-08-05T02:28:53.321Z","level":"warn","msg":"revision_rewrite_failed","passName":"payoff","message":"Gemini provider not available (GEMINI_API_KEY not set)"}
# {"time":"2026-08-05T02:28:53.322Z","level":"warn","msg":"revision_rewrite_failed","passName":"payoff","message":"Gemini provider not available (GEMINI_API_KEY not set)"}
# {"time":"2026-08-05T02:28:53.323Z","level":"warn","msg":"revision_rewrite_failed","passName":"payoff","message":"Gemini provider not available (GEMINI_API_KEY not set)"}
# {"time":"2026-08-05T02:28:53.325Z","level":"warn","msg":"revision_rewrite_failed","passName":"payoff","message":"Gemini provider not available (GEMINI_API_KEY not set)"}
# {"time":"2026-08-05T02:28:53.334Z","level":"warn","msg":"revision_rewrite_failed","passName":"payoff","message":"Gemini provider not available (GEMINI_API_KEY not set)"}
# {"time":"2026-08-05T02:28:53.335Z","level":"warn","msg":"revision_rewrite_failed","passName":"payoff","message":"Gemini provider not available (GEMINI_API_KEY not set)"}
# {"time":"2026-08-05T02:28:53.336Z","level":"warn","msg":"revision_rewrite_failed","passName":"payoff","message":"Gemini provider not available (GEMINI_API_KEY not set)"}
# {"time":"2026-08-05T02:28:53.337Z","level":"warn","msg":"revision_rewrite_failed","passName":"payoff","message":"Gemini provider not available (GEMINI_API_KEY not set)"}
# {"time":"2026-08-05T02:28:53.338Z","level":"warn","msg":"revision_rewrite_failed","passName":"payoff","message":"Gemini provider not available (GEMINI_API_KEY not set)"}
# {"time":"2026-08-05T02:28:53.339Z","level":"warn","msg":"revision_rewrite_failed","passName":"payoff","message":"Gemini provider not available (GEMINI_API_KEY not set)"}
# {"time":"2026-08-05T02:28:53.341Z","level":"warn","msg":"revision_rewrite_failed","passName":"payoff","message":"Gemini provider not available (GEMINI_API_KEY not set)"}
# {"time":"2026-08-05T02:28:53.342Z","level":"warn","msg":"revision_rewrite_failed","passName":"payoff","message":"Gemini provider not available (GEMINI_API_KEY not set)"}
# {"time":"2026-08-05T02:28:53.343Z","level":"warn","msg":"revision_rewrite_failed","passName":"payoff","message":"Gemini provider not available (GEMINI_API_KEY not set)"}
# {"time":"2026-08-05T02:28:53.344Z","level":"warn","msg":"revision_rewrite_failed","passName":"payoff","message":"Gemini provider not available (GEMINI_API_KEY not set)"}
# {"time":"2026-08-05T02:28:53.345Z","level":"warn","msg":"revision_rewrite_failed","passName":"payoff","message":"Gemini provider not available (GEMINI_API_KEY not set)"}
# {"time":"2026-08-05T02:28:53.346Z","level":"warn","msg":"revision_rewrite_failed","passName":"payoff","message":"Gemini provider not available (GEMINI_API_KEY not set)"}
# {"time":"2026-08-05T02:28:53.347Z","level":"warn","msg":"revision_rewrite_failed","passName":"payoff","message":"Gemini provider not available (GEMINI_API_KEY not set)"}
# {"time":"2026-08-05T02:28:53.349Z","level":"warn","msg":"revision_rewrite_failed","passName":"payoff","message":"Gemini provider not available (GEMINI_API_KEY not set)"}
# {"time":"2026-08-05T02:28:53.350Z","level":"warn","msg":"revision_rewrite_failed","passName":"payoff","message":"Gemini provider not available (GEMINI_API_KEY not set)"}
# {"time":"2026-08-05T02:28:53.351Z","level":"warn","msg":"revision_rewrite_failed","passName":"payoff","message":"Gemini provider not available (GEMINI_API_KEY not set)"}
# {"time":"2026-08-05T02:28:53.352Z","level":"warn","msg":"revision_rewrite_failed","passName":"payoff","message":"Gemini provider not available (GEMINI_API_KEY not set)"}
# {"time":"2026-08-05T02:28:53.353Z","level":"warn","msg":"revision_rewrite_failed","passName":"payoff","message":"Gemini provider not available (GEMINI_API_KEY not set)"}
# {"time":"2026-08-05T02:28:53.354Z","level":"warn","msg":"revision_rewrite_failed","passName":"payoff","message":"Gemini provider not available (GEMINI_API_KEY not set)"}
# {"time":"2026-08-05T02:28:53.355Z","level":"warn","msg":"revision_rewrite_failed","passName":"payoff","message":"Gemini provider not available (GEMINI_API_KEY not set)"}
# {"time":"2026-08-05T02:28:53.356Z","level":"warn","msg":"revision_rewrite_failed","passName":"payoff","message":"Gemini provider not available (GEMINI_API_KEY not set)"}
# {"time":"2026-08-05T02:28:53.357Z","level":"warn","msg":"revision_rewrite_failed","passName":"payoff","message":"Gemini provider not available (GEMINI_API_KEY not set)"}
# {"time":"2026-08-05T02:28:53.358Z","level":"warn","msg":"revision_rewrite_failed","passName":"payoff","message":"Gemini provider not available (GEMINI_API_KEY not set)"}
# {"time":"2026-08-05T02:28:53.359Z","level":"warn","msg":"revision_rewrite_failed","passName":"payoff","message":"Gemini provider not available (GEMINI_API_KEY not set)"}
# {"time":"2026-08-05T02:28:53.360Z","level":"warn","msg":"revision_rewrite_failed","passName":"payoff","message":"Gemini provider not available (GEMINI_API_KEY not set)"}
# {"time":"2026-08-05T02:28:53.361Z","level":"warn","msg":"revision_rewrite_failed","passName":"payoff","message":"Gemini provider not available (GEMINI_API_KEY not set)"}
# {"time":"2026-08-05T02:28:53.362Z","level":"warn","msg":"revision_rewrite_failed","passName":"payoff","message":"Gemini provider not available (GEMINI_API_KEY not set)"}
# {"time":"2026-08-05T02:28:53.362Z","level":"warn","msg":"revision_rewrite_failed","passName":"payoff","message":"Gemini provider not available (GEMINI_API_KEY not set)"}
# {"time":"2026-08-05T02:28:53.363Z","level":"warn","msg":"revision_rewrite_failed","passName":"payoff","message":"Gemini provider not available (GEMINI_API_KEY not set)"}
# {"time":"2026-08-05T02:28:53.365Z","level":"warn","msg":"revision_rewrite_failed","passName":"payoff","message":"Gemini provider not available (GEMINI_API_KEY not set)"}
# {"time":"2026-08-05T02:28:53.366Z","level":"warn","msg":"revision_rewrite_failed","passName":"payoff","message":"Gemini provider not available (GEMINI_API_KEY not set)"}
# {"time":"2026-08-05T02:28:53.367Z","level":"warn","msg":"revision_rewrite_failed","passName":"payoff","message":"Gemini provider not available (GEMINI_API_KEY not set)"}
# {"time":"2026-08-05T02:28:53.368Z","level":"warn","msg":"revision_rewrite_failed","passName":"payoff","message":"Gemini provider not available (GEMINI_API_KEY not set)"}
# {"time":"2026-08-05T02:28:53.369Z","level":"warn","msg":"revision_rewrite_failed","passName":"payoff","message":"Gemini provider not available (GEMINI_API_KEY not set)"}
# {"time":"2026-08-05T02:28:53.370Z","level":"warn","msg":"revision_rewrite_failed","passName":"payoff","message":"Gemini provider not available (GEMINI_API_KEY not set)"}
# {"time":"2026-08-05T02:28:53.370Z","level":"warn","msg":"revision_rewrite_failed","passName":"payoff","message":"Gemini provider not available (GEMINI_API_KEY not set)"}
# {"time":"2026-08-05T02:28:53.372Z","level":"warn","msg":"revision_rewrite_failed","passName":"payoff","message":"Gemini provider not available (GEMINI_API_KEY not set)"}
# {"time":"2026-08-05T02:28:53.373Z","level":"warn","msg":"revision_rewrite_failed","passName":"payoff","message":"Gemini provider not available (GEMINI_API_KEY not set)"}
# {"time":"2026-08-05T02:28:53.373Z","level":"warn","msg":"revision_rewrite_failed","passName":"payoff","message":"Gemini provider not available (GEMINI_API_KEY not set)"}
# {"time":"2026-08-05T02:28:53.374Z","level":"warn","msg":"revision_rewrite_failed","passName":"payoff","message":"Gemini provider not available (GEMINI_API_KEY not set)"}
# {"time":"2026-08-05T02:28:53.375Z","level":"warn","msg":"revision_rewrite_failed","passName":"payoff","message":"Gemini provider not available (GEMINI_API_KEY not set)"}
# {"time":"2026-08-05T02:28:53.376Z","level":"warn","msg":"revision_rewrite_failed","passName":"payoff","message":"Gemini provider not available (GEMINI_API_KEY not set)"}
# {"time":"2026-08-05T02:28:53.378Z","level":"warn","msg":"revision_rewrite_failed","passName":"payoff","message":"Gemini provider not available (GEMINI_API_KEY not set)"}
# {"time":"2026-08-05T02:28:53.379Z","level":"warn","msg":"revision_rewrite_failed","passName":"payoff","message":"Gemini provider not available (GEMINI_API_KEY not set)"}
# {"time":"2026-08-05T02:28:53.380Z","level":"warn","msg":"revision_rewrite_failed","passName":"payoff","message":"Gemini provider not available (GEMINI_API_KEY not set)"}
# {"time":"2026-08-05T02:28:53.381Z","level":"warn","msg":"revision_rewrite_failed","passName":"payoff","message":"Gemini provider not available (GEMINI_API_KEY not set)"}
# {"time":"2026-08-05T02:28:53.381Z","level":"warn","msg":"revision_rewrite_failed","passName":"payoff","message":"Gemini provider not available (GEMINI_API_KEY not set)"}
# {"time":"2026-08-05T02:28:53.382Z","level":"warn","msg":"revision_rewrite_failed","passName":"payoff","message":"Gemini provider not available (GEMINI_API_KEY not set)"}
# {"time":"2026-08-05T02:28:53.383Z","level":"warn","msg":"revision_rewrite_failed","passName":"payoff","message":"Gemini provider not available (GEMINI_API_KEY not set)"}
# {"time":"2026-08-05T02:28:53.384Z","level":"warn","msg":"revision_rewrite_failed","passName":"payoff","message":"Gemini provider not available (GEMINI_API_KEY not set)"}
# {"time":"2026-08-05T02:28:53.385Z","level":"warn","msg":"revision_rewrite_failed","passName":"payoff","message":"Gemini provider not available (GEMINI_API_KEY not set)"}
# {"time":"2026-08-05T02:28:53.386Z","level":"warn","msg":"revision_rewrite_failed","passName":"payoff","message":"Gemini provider not available (GEMINI_API_KEY not set)"}
# {"time":"2026-08-05T02:28:53.387Z","level":"warn","msg":"revision_rewrite_failed","passName":"payoff","message":"Gemini provider not available (GEMINI_API_KEY not set)"}
# {"time":"2026-08-05T02:28:53.388Z","level":"warn","msg":"revision_rewrite_failed","passName":"payoff","message":"Gemini provider not available (GEMINI_API_KEY not set)"}
# {"time":"2026-08-05T02:28:53.389Z","level":"warn","msg":"revision_rewrite_failed","passName":"payoff","message":"Gemini provider not available (GEMINI_API_KEY not set)"}
# {"time":"2026-08-05T02:28:53.390Z","level":"warn","msg":"revision_rewrite_failed","passName":"payoff","message":"Gemini provider not available (GEMINI_API_KEY not set)"}
# {"time":"2026-08-05T02:28:53.391Z","level":"warn","msg":"revision_rewrite_failed","passName":"payoff","message":"Gemini provider not available (GEMINI_API_KEY not set)"}
# {"time":"2026-08-05T02:28:53.392Z","level":"warn","msg":"revision_rewrite_failed","passName":"payoff","message":"Gemini provider not available (GEMINI_API_KEY not set)"}
# {"time":"2026-08-05T02:28:53.393Z","level":"warn","msg":"revision_rewrite_failed","passName":"payoff","message":"Gemini provider not available (GEMINI_API_KEY not set)"}
# {"time":"2026-08-05T02:28:53.394Z","level":"warn","msg":"revision_rewrite_failed","passName":"payoff","message":"Gemini provider not available (GEMINI_API_KEY not set)"}
# {"time":"2026-08-05T02:28:53.395Z","level":"warn","msg":"revision_rewrite_failed","passName":"payoff","message":"Gemini provider not available (GEMINI_API_KEY not set)"}
# {"time":"2026-08-05T02:28:53.396Z","level":"warn","msg":"revision_rewrite_failed","passName":"payoff","message":"Gemini provider not available (GEMINI_API_KEY not set)"}
# {"time":"2026-08-05T02:28:53.397Z","level":"warn","msg":"revision_rewrite_failed","passName":"payoff","message":"Gemini provider not available (GEMINI_API_KEY not set)"}
# {"time":"2026-08-05T02:28:53.398Z","level":"warn","msg":"revision_rewrite_failed","passName":"payoff","message":"Gemini provider not available (GEMINI_API_KEY not set)"}
# {"time":"2026-08-05T02:28:53.399Z","level":"warn","msg":"revision_rewrite_failed","passName":"payoff","message":"Gemini provider not available (GEMINI_API_KEY not set)"}
# {"time":"2026-08-05T02:28:53.400Z","level":"warn","msg":"revision_rewrite_failed","passName":"payoff","message":"Gemini provider not available (GEMINI_API_KEY not set)"}
# {"time":"2026-08-05T02:28:53.401Z","level":"warn","msg":"revision_rewrite_failed","passName":"payoff","message":"Gemini provider not available (GEMINI_API_KEY not set)"}
# {"time":"2026-08-05T02:28:53.402Z","level":"warn","msg":"revision_rewrite_failed","passName":"payoff","message":"Gemini provider not available (GEMINI_API_KEY not set)"}
# {"time":"2026-08-05T02:28:53.403Z","level":"warn","msg":"revision_rewrite_failed","passName":"payoff","message":"Gemini provider not available (GEMINI_API_KEY not set)"}
# {"time":"2026-08-05T02:28:53.404Z","level":"warn","msg":"revision_rewrite_failed","passName":"payoff","message":"Gemini provider not available (GEMINI_API_KEY not set)"}
# {"time":"2026-08-05T02:28:53.405Z","level":"warn","msg":"revision_rewrite_failed","passName":"payoff","message":"Gemini provider not available (GEMINI_API_KEY not set)"}
# {"time":"2026-08-05T02:28:53.406Z","level":"warn","msg":"revision_rewrite_failed","passName":"payoff","message":"Gemini provider not available (GEMINI_API_KEY not set)"}
# {"time":"2026-08-05T02:28:53.407Z","level":"warn","msg":"revision_rewrite_failed","passName":"payoff","message":"Gemini provider not available (GEMINI_API_KEY not set)"}
# {"time":"2026-08-05T02:28:53.408Z","level":"warn","msg":"revision_rewrite_failed","passName":"payoff","message":"Gemini provider not available (GEMINI_API_KEY not set)"}
# {"time":"2026-08-05T02:28:53.409Z","level":"warn","msg":"revision_rewrite_failed","passName":"payoff","message":"Gemini provider not available (GEMINI_API_KEY not set)"}
# {"time":"2026-08-05T02:28:53.410Z","level":"warn","msg":"revision_rewrite_failed","passName":"payoff","message":"Gemini provider not available (GEMINI_API_KEY not set)"}
# {"time":"2026-08-05T02:28:53.411Z","level":"warn","msg":"revision_rewrite_failed","passName":"payoff","message":"Gemini provider not available (GEMINI_API_KEY not set)"}
# {"time":"2026-08-05T02:28:53.412Z","level":"warn","msg":"revision_rewrite_failed","passName":"payoff","message":"Gemini provider not available (GEMINI_API_KEY not set)"}
# {"time":"2026-08-05T02:28:53.413Z","level":"warn","msg":"revision_rewrite_failed","passName":"payoff","message":"Gemini provider not available (GEMINI_API_KEY not set)"}
# {"time":"2026-08-05T02:28:53.414Z","level":"warn","msg":"revision_rewrite_failed","passName":"payoff","message":"Gemini provider not available (GEMINI_API_KEY not set)"}
# {"time":"2026-08-05T02:28:53.415Z","level":"warn","msg":"revision_rewrite_failed","passName":"payoff","message":"Gemini provider not available (GEMINI_API_KEY not set)"}
# {"time":"2026-08-05T02:28:53.416Z","level":"warn","msg":"revision_rewrite_failed","passName":"payoff","message":"Gemini provider not available (GEMINI_API_KEY not set)"}
# {"time":"2026-08-05T02:28:53.417Z","level":"warn","msg":"revision_rewrite_failed","passName":"payoff","message":"Gemini provider not available (GEMINI_API_KEY not set)"}
# {"time":"2026-08-05T02:28:53.418Z","level":"warn","msg":"revision_rewrite_failed","passName":"payoff","message":"Gemini provider not available (GEMINI_API_KEY not set)"}
# {"time":"2026-08-05T02:28:53.421Z","level":"warn","msg":"revision_rewrite_failed","passName":"payoff","message":"Gemini provider not available (GEMINI_API_KEY not set)"}
# {"time":"2026-08-05T02:28:53.422Z","level":"warn","msg":"revision_rewrite_failed","passName":"payoff","message":"Gemini provider not available (GEMINI_API_KEY not set)"}
# {"time":"2026-08-05T02:28:53.423Z","level":"warn","msg":"revision_rewrite_failed","passName":"payoff","message":"Gemini provider not available (GEMINI_API_KEY not set)"}
# {"time":"2026-08-05T02:28:53.425Z","level":"warn","msg":"revision_rewrite_failed","passName":"payoff","message":"Gemini provider not available (GEMINI_API_KEY not set)"}
# {"time":"2026-08-05T02:28:53.426Z","level":"warn","msg":"revision_rewrite_failed","passName":"payoff","message":"Gemini provider not available (GEMINI_API_KEY not set)"}
# {"time":"2026-08-05T02:28:53.427Z","level":"warn","msg":"revision_rewrite_failed","passName":"payoff","message":"Gemini provider not available (GEMINI_API_KEY not set)"}
# {"time":"2026-08-05T02:28:53.429Z","level":"warn","msg":"revision_rewrite_failed","passName":"payoff","message":"Gemini provider not available (GEMINI_API_KEY not set)"}
# {"time":"2026-08-05T02:28:53.430Z","level":"warn","msg":"revision_rewrite_failed","passName":"payoff","message":"Gemini provider not available (GEMINI_API_KEY not set)"}
# {"time":"2026-08-05T02:28:53.431Z","level":"warn","msg":"revision_rewrite_failed","passName":"payoff","message":"Gemini provider not available (GEMINI_API_KEY not set)"}
# {"time":"2026-08-05T02:28:53.432Z","level":"warn","msg":"revision_rewrite_failed","passName":"payoff","message":"Gemini provider not available (GEMINI_API_KEY not set)"}
# {"time":"2026-08-05T02:28:53.433Z","level":"warn","msg":"revision_rewrite_failed","passName":"payoff","message":"Gemini provider not available (GEMINI_API_KEY not set)"}
# {"time":"2026-08-05T02:28:53.447Z","level":"warn","msg":"revision_rewrite_failed","passName":"payoff","message":"Gemini provider not available (GEMINI_API_KEY not set)"}
# {"time":"2026-08-05T02:28:53.448Z","level":"warn","msg":"revision_rewrite_failed","passName":"payoff","message":"Gemini provider not available (GEMINI_API_KEY not set)"}
# {"time":"2026-08-05T02:28:53.449Z","level":"warn","msg":"revision_rewrite_failed","passName":"payoff","message":"Gemini provider not available (GEMINI_API_KEY not set)"}
# {"time":"2026-08-05T02:28:53.450Z","level":"warn","msg":"revision_rewrite_failed","passName":"payoff","message":"Gemini provider not available (GEMINI_API_KEY not set)"}
# {"time":"2026-08-05T02:28:53.451Z","level":"warn","msg":"revision_rewrite_failed","passName":"payoff","message":"Gemini provider not available (GEMINI_API_KEY not set)"}
# {"time":"2026-08-05T02:28:53.452Z","level":"warn","msg":"revision_rewrite_failed","passName":"payoff","message":"Gemini provider not available (GEMINI_API_KEY not set)"}
# {"time":"2026-08-05T02:28:53.453Z","level":"warn","msg":"revision_rewrite_failed","passName":"payoff","message":"Gemini provider not available (GEMINI_API_KEY not set)"}
# {"time":"2026-08-05T02:28:53.454Z","level":"warn","msg":"revision_rewrite_failed","passName":"payoff","message":"Gemini provider not available (GEMINI_API_KEY not set)"}
# {"time":"2026-08-05T02:28:53.455Z","level":"warn","msg":"revision_rewrite_failed","passName":"payoff","message":"Gemini provider not available (GEMINI_API_KEY not set)"}
# {"time":"2026-08-05T02:28:53.455Z","level":"warn","msg":"revision_rewrite_failed","passName":"payoff","message":"Gemini provider not available (GEMINI_API_KEY not set)"}
# {"time":"2026-08-05T02:28:53.457Z","level":"warn","msg":"revision_rewrite_failed","passName":"payoff","message":"Gemini provider not available (GEMINI_API_KEY not set)"}
# {"time":"2026-08-05T02:28:53.460Z","level":"warn","msg":"revision_rewrite_failed","passName":"payoff","message":"Gemini provider not available (GEMINI_API_KEY not set)"}
# {"time":"2026-08-05T02:28:53.461Z","level":"warn","msg":"revision_rewrite_failed","passName":"payoff","message":"Gemini provider not available (GEMINI_API_KEY not set)"}
# {"time":"2026-08-05T02:28:53.462Z","level":"warn","msg":"revision_rewrite_failed","passName":"payoff","message":"Gemini provider not available (GEMINI_API_KEY not set)"}
# {"time":"2026-08-05T02:28:53.463Z","level":"warn","msg":"revision_rewrite_failed","passName":"payoff","message":"Gemini provider not available (GEMINI_API_KEY not set)"}
# {"time":"2026-08-05T02:28:53.464Z","level":"warn","msg":"revision_rewrite_failed","passName":"payoff","message":"Gemini provider not available (GEMINI_API_KEY not set)"}
# {"time":"2026-08-05T02:28:53.464Z","level":"warn","msg":"revision_rewrite_failed","passName":"payoff","message":"Gemini provider not available (GEMINI_API_KEY not set)"}
# {"time":"2026-08-05T02:28:53.465Z","level":"warn","msg":"revision_rewrite_failed","passName":"payoff","message":"Gemini provider not available (GEMINI_API_KEY not set)"}
# {"time":"2026-08-05T02:28:53.466Z","level":"warn","msg":"revision_rewrite_failed","passName":"payoff","message":"Gemini provider not available (GEMINI_API_KEY not set)"}
# {"time":"2026-08-05T02:28:53.467Z","level":"warn","msg":"revision_rewrite_failed","passName":"payoff","message":"Gemini provider not available (GEMINI_API_KEY not set)"}
# {"time":"2026-08-05T02:28:53.469Z","level":"warn","msg":"revision_rewrite_failed","passName":"payoff","message":"Gemini provider not available (GEMINI_API_KEY not set)"}
# {"time":"2026-08-05T02:28:53.470Z","level":"warn","msg":"revision_rewrite_failed","passName":"payoff","message":"Gemini provider not available (GEMINI_API_KEY not set)"}
# {"time":"2026-08-05T02:28:53.471Z","level":"warn","msg":"revision_rewrite_failed","passName":"payoff","message":"Gemini provider not available (GEMINI_API_KEY not set)"}
# {"time":"2026-08-05T02:28:53.471Z","level":"warn","msg":"revision_rewrite_failed","passName":"payoff","message":"Gemini provider not available (GEMINI_API_KEY not set)"}
# {"time":"2026-08-05T02:28:53.472Z","level":"warn","msg":"revision_rewrite_failed","passName":"payoff","message":"Gemini provider not available (GEMINI_API_KEY not set)"}
# {"time":"2026-08-05T02:28:53.474Z","level":"warn","msg":"revision_rewrite_failed","passName":"payoff","message":"Gemini provider not available (GEMINI_API_KEY not set)"}
# {"time":"2026-08-05T02:28:53.475Z","level":"warn","msg":"revision_rewrite_failed","passName":"payoff","message":"Gemini provider not available (GEMINI_API_KEY not set)"}
# {"time":"2026-08-05T02:28:53.476Z","level":"warn","msg":"revision_rewrite_failed","passName":"payoff","message":"Gemini provider not available (GEMINI_API_KEY not set)"}
# {"time":"2026-08-05T02:28:53.476Z","level":"warn","msg":"revision_rewrite_failed","passName":"payoff","message":"Gemini provider not available (GEMINI_API_KEY not set)"}
# {"time":"2026-08-05T02:28:53.477Z","level":"warn","msg":"revision_rewrite_failed","passName":"payoff","message":"Gemini provider not available (GEMINI_API_KEY not set)"}
# {"time":"2026-08-05T02:28:53.478Z","level":"warn","msg":"revision_rewrite_failed","passName":"payoff","message":"Gemini provider not available (GEMINI_API_KEY not set)"}
# {"time":"2026-08-05T02:28:53.479Z","level":"warn","msg":"revision_rewrite_failed","passName":"payoff","message":"Gemini provider not available (GEMINI_API_KEY not set)"}
# {"time":"2026-08-05T02:28:53.480Z","level":"warn","msg":"revision_rewrite_failed","passName":"payoff","message":"Gemini provider not available (GEMINI_API_KEY not set)"}
# {"time":"2026-08-05T02:28:53.481Z","level":"warn","msg":"revision_rewrite_failed","passName":"payoff","message":"Gemini provider not available (GEMINI_API_KEY not set)"}
# {"time":"2026-08-05T02:28:53.482Z","level":"warn","msg":"revision_rewrite_failed","passName":"payoff","message":"Gemini provider not available (GEMINI_API_KEY not set)"}
# {"time":"2026-08-05T02:28:53.482Z","level":"warn","msg":"revision_rewrite_failed","passName":"payoff","message":"Gemini provider not available (GEMINI_API_KEY not set)"}
# {"time":"2026-08-05T02:28:53.483Z","level":"warn","msg":"revision_rewrite_failed","passName":"payoff","message":"Gemini provider not available (GEMINI_API_KEY not set)"}
# {"time":"2026-08-05T02:28:53.484Z","level":"warn","msg":"revision_rewrite_failed","passName":"payoff","message":"Gemini provider not available (GEMINI_API_KEY not set)"}
# {"time":"2026-08-05T02:28:53.485Z","level":"warn","msg":"revision_rewrite_failed","passName":"payoff","message":"Gemini provider not available (GEMINI_API_KEY not set)"}
# {"time":"2026-08-05T02:28:53.486Z","level":"warn","msg":"revision_rewrite_failed","passName":"payoff","message":"Gemini provider not available (GEMINI_API_KEY not set)"}
# {"time":"2026-08-05T02:28:53.487Z","level":"warn","msg":"revision_rewrite_failed","passName":"payoff","message":"Gemini provider not available (GEMINI_API_KEY not set)"}
# {"time":"2026-08-05T02:28:53.487Z","level":"warn","msg":"revision_rewrite_failed","passName":"payoff","message":"Gemini provider not available (GEMINI_API_KEY not set)"}
# {"time":"2026-08-05T02:28:53.488Z","level":"warn","msg":"revision_rewrite_failed","passName":"payoff","message":"Gemini provider not available (GEMINI_API_KEY not set)"}
# {"time":"2026-08-05T02:28:53.489Z","level":"warn","msg":"revision_rewrite_failed","passName":"payoff","message":"Gemini provider not available (GEMINI_API_KEY not set)"}
# {"time":"2026-08-05T02:28:53.490Z","level":"warn","msg":"revision_rewrite_failed","passName":"payoff","message":"Gemini provider not available (GEMINI_API_KEY not set)"}
# {"time":"2026-08-05T02:28:53.491Z","level":"warn","msg":"revision_rewrite_failed","passName":"payoff","message":"Gemini provider not available (GEMINI_API_KEY not set)"}
# {"time":"2026-08-05T02:28:53.492Z","level":"warn","msg":"revision_rewrite_failed","passName":"payoff","message":"Gemini provider not available (GEMINI_API_KEY not set)"}
# {"time":"2026-08-05T02:28:53.493Z","level":"warn","msg":"revision_rewrite_failed","passName":"payoff","message":"Gemini provider not available (GEMINI_API_KEY not set)"}
# {"time":"2026-08-05T02:28:53.494Z","level":"warn","msg":"revision_rewrite_failed","passName":"payoff","message":"Gemini provider not available (GEMINI_API_KEY not set)"}
# {"time":"2026-08-05T02:28:53.495Z","level":"warn","msg":"revision_rewrite_failed","passName":"payoff","message":"Gemini provider not available (GEMINI_API_KEY not set)"}
# {"time":"2026-08-05T02:28:53.496Z","level":"warn","msg":"revision_rewrite_failed","passName":"payoff","message":"Gemini provider not available (GEMINI_API_KEY not set)"}
# {"time":"2026-08-05T02:28:53.497Z","level":"warn","msg":"revision_rewrite_failed","passName":"payoff","message":"Gemini provider not available (GEMINI_API_KEY not set)"}
# {"time":"2026-08-05T02:28:53.497Z","level":"warn","msg":"revision_rewrite_failed","passName":"payoff","message":"Gemini provider not available (GEMINI_API_KEY not set)"}
# {"time":"2026-08-05T02:28:53.498Z","level":"warn","msg":"revision_rewrite_failed","passName":"payoff","message":"Gemini provider not available (GEMINI_API_KEY not set)"}
# {"time":"2026-08-05T02:28:53.499Z","level":"warn","msg":"revision_rewrite_failed","passName":"payoff","message":"Gemini provider not available (GEMINI_API_KEY not set)"}
# {"time":"2026-08-05T02:28:53.500Z","level":"warn","msg":"revision_rewrite_failed","passName":"payoff","message":"Gemini provider not available (GEMINI_API_KEY not set)"}
# {"time":"2026-08-05T02:28:53.502Z","level":"warn","msg":"revision_rewrite_failed","passName":"payoff","message":"Gemini provider not available (GEMINI_API_KEY not set)"}
# {"time":"2026-08-05T02:28:53.503Z","level":"warn","msg":"revision_rewrite_failed","passName":"payoff","message":"Gemini provider not available (GEMINI_API_KEY not set)"}
# {"time":"2026-08-05T02:28:53.504Z","level":"warn","msg":"revision_rewrite_failed","passName":"payoff","message":"Gemini provider not available (GEMINI_API_KEY not set)"}
# {"time":"2026-08-05T02:28:53.505Z","level":"warn","msg":"revision_rewrite_failed","passName":"payoff","message":"Gemini provider not available (GEMINI_API_KEY not set)"}
# {"time":"2026-08-05T02:28:53.505Z","level":"warn","msg":"revision_rewrite_failed","passName":"payoff","message":"Gemini provider not available (GEMINI_API_KEY not set)"}
# {"time":"2026-08-05T02:28:53.506Z","level":"warn","msg":"revision_rewrite_failed","passName":"payoff","message":"Gemini provider not available (GEMINI_API_KEY not set)"}
# {"time":"2026-08-05T02:28:53.507Z","level":"warn","msg":"revision_rewrite_failed","passName":"payoff","message":"Gemini provider not available (GEMINI_API_KEY not set)"}
# {"time":"2026-08-05T02:28:53.508Z","level":"warn","msg":"revision_rewrite_failed","passName":"payoff","message":"Gemini provider not available (GEMINI_API_KEY not set)"}
# {"time":"2026-08-05T02:28:53.509Z","level":"warn","msg":"revision_rewrite_failed","passName":"payoff","message":"Gemini provider not available (GEMINI_API_KEY not set)"}
# {"time":"2026-08-05T02:28:53.510Z","level":"warn","msg":"revision_rewrite_failed","passName":"payoff","message":"Gemini provider not available (GEMINI_API_KEY not set)"}
# {"time":"2026-08-05T02:28:53.511Z","level":"warn","msg":"revision_rewrite_failed","passName":"payoff","message":"Gemini provider not available (GEMINI_API_KEY not set)"}
# {"time":"2026-08-05T02:28:53.512Z","level":"warn","msg":"revision_rewrite_failed","passName":"payoff","message":"Gemini provider not available (GEMINI_API_KEY not set)"}
# {"time":"2026-08-05T02:28:53.513Z","level":"warn","msg":"revision_rewrite_failed","passName":"payoff","message":"Gemini provider not available (GEMINI_API_KEY not set)"}
# {"time":"2026-08-05T02:28:53.513Z","level":"warn","msg":"revision_rewrite_failed","passName":"payoff","message":"Gemini provider not available (GEMINI_API_KEY not set)"}
# {"time":"2026-08-05T02:28:53.514Z","level":"warn","msg":"revision_rewrite_failed","passName":"payoff","message":"Gemini provider not available (GEMINI_API_KEY not set)"}
# {"time":"2026-08-05T02:28:53.515Z","level":"warn","msg":"revision_rewrite_failed","passName":"payoff","message":"Gemini provider not available (GEMINI_API_KEY not set)"}
# {"time":"2026-08-05T02:28:53.516Z","level":"warn","msg":"revision_rewrite_failed","passName":"payoff","message":"Gemini provider not available (GEMINI_API_KEY not set)"}
# {"time":"2026-08-05T02:28:53.519Z","level":"warn","msg":"revision_rewrite_failed","passName":"payoff","message":"Gemini provider not available (GEMINI_API_KEY not set)"}
# {"time":"2026-08-05T02:28:53.520Z","level":"warn","msg":"revision_rewrite_failed","passName":"payoff","message":"Gemini provider not available (GEMINI_API_KEY not set)"}
# {"time":"2026-08-05T02:28:53.521Z","level":"warn","msg":"revision_rewrite_failed","passName":"payoff","message":"Gemini provider not available (GEMINI_API_KEY not set)"}
# {"time":"2026-08-05T02:28:53.522Z","level":"warn","msg":"revision_rewrite_failed","passName":"payoff","message":"Gemini provider not available (GEMINI_API_KEY not set)"}
# {"time":"2026-08-05T02:28:53.523Z","level":"warn","msg":"revision_rewrite_failed","passName":"payoff","message":"Gemini provider not available (GEMINI_API_KEY not set)"}
# {"time":"2026-08-05T02:28:53.523Z","level":"warn","msg":"revision_rewrite_failed","passName":"payoff","message":"Gemini provider not available (GEMINI_API_KEY not set)"}
# {"time":"2026-08-05T02:28:53.524Z","level":"warn","msg":"revision_rewrite_failed","passName":"payoff","message":"Gemini provider not available (GEMINI_API_KEY not set)"}
# {"time":"2026-08-05T02:28:53.525Z","level":"warn","msg":"revision_rewrite_failed","passName":"payoff","message":"Gemini provider not available (GEMINI_API_KEY not set)"}
# {"time":"2026-08-05T02:28:53.526Z","level":"warn","msg":"revision_rewrite_failed","passName":"payoff","message":"Gemini provider not available (GEMINI_API_KEY not set)"}
# {"time":"2026-08-05T02:28:53.527Z","level":"warn","msg":"revision_rewrite_failed","passName":"payoff","message":"Gemini provider not available (GEMINI_API_KEY not set)"}
# {"time":"2026-08-05T02:28:53.528Z","level":"warn","msg":"revision_rewrite_failed","passName":"payoff","message":"Gemini provider not available (GEMINI_API_KEY not set)"}
# {"time":"2026-08-05T02:28:53.528Z","level":"warn","msg":"revision_rewrite_failed","passName":"payoff","message":"Gemini provider not available (GEMINI_API_KEY not set)"}
# {"time":"2026-08-05T02:28:53.529Z","level":"warn","msg":"revision_rewrite_failed","passName":"payoff","message":"Gemini provider not available (GEMINI_API_KEY not set)"}
# {"time":"2026-08-05T02:28:53.530Z","level":"warn","msg":"revision_rewrite_failed","passName":"payoff","message":"Gemini provider not available (GEMINI_API_KEY not set)"}
# {"time":"2026-08-05T02:28:53.531Z","level":"warn","msg":"revision_rewrite_failed","passName":"payoff","message":"Gemini provider not available (GEMINI_API_KEY not set)"}
# {"time":"2026-08-05T02:28:53.532Z","level":"warn","msg":"revision_rewrite_failed","passName":"payoff","message":"Gemini provider not available (GEMINI_API_KEY not set)"}
# {"time":"2026-08-05T02:28:53.533Z","level":"warn","msg":"revision_rewrite_failed","passName":"payoff","message":"Gemini provider not available (GEMINI_API_KEY not set)"}
# {"time":"2026-08-05T02:28:53.534Z","level":"warn","msg":"revision_rewrite_failed","passName":"payoff","message":"Gemini provider not available (GEMINI_API_KEY not set)"}
# {"time":"2026-08-05T02:28:53.535Z","level":"warn","msg":"revision_rewrite_failed","passName":"payoff","message":"Gemini provider not available (GEMINI_API_KEY not set)"}
# {"time":"2026-08-05T02:28:53.536Z","level":"warn","msg":"revision_rewrite_failed","passName":"payoff","message":"Gemini provider not available (GEMINI_API_KEY not set)"}
# {"time":"2026-08-05T02:28:53.537Z","level":"warn","msg":"revision_rewrite_failed","passName":"payoff","message":"Gemini provider not available (GEMINI_API_KEY not set)"}
# {"time":"2026-08-05T02:28:53.537Z","level":"warn","msg":"revision_rewrite_failed","passName":"payoff","message":"Gemini provider not available (GEMINI_API_KEY not set)"}
# {"time":"2026-08-05T02:28:53.538Z","level":"warn","msg":"revision_rewrite_failed","passName":"payoff","message":"Gemini provider not available (GEMINI_API_KEY not set)"}
# {"time":"2026-08-05T02:28:53.539Z","level":"warn","msg":"revision_rewrite_failed","passName":"payoff","message":"Gemini provider not available (GEMINI_API_KEY not set)"}
# {"time":"2026-08-05T02:28:53.540Z","level":"warn","msg":"revision_rewrite_failed","passName":"payoff","message":"Gemini provider not available (GEMINI_API_KEY not set)"}
# {"time":"2026-08-05T02:28:53.541Z","level":"warn","msg":"revision_rewrite_failed","passName":"payoff","message":"Gemini provider not available (GEMINI_API_KEY not set)"}
# {"time":"2026-08-05T02:28:53.547Z","level":"warn","msg":"revision_rewrite_failed","passName":"payoff","message":"Gemini provider not available (GEMINI_API_KEY not set)"}
# {"time":"2026-08-05T02:28:53.548Z","level":"warn","msg":"revision_rewrite_failed","passName":"payoff","message":"Gemini provider not available (GEMINI_API_KEY not set)"}
# {"time":"2026-08-05T02:28:53.549Z","level":"warn","msg":"revision_rewrite_failed","passName":"payoff","message":"Gemini provider not available (GEMINI_API_KEY not set)"}
# {"time":"2026-08-05T02:28:53.550Z","level":"warn","msg":"revision_rewrite_failed","passName":"payoff","message":"Gemini provider not available (GEMINI_API_KEY not set)"}
# {"time":"2026-08-05T02:28:53.551Z","level":"warn","msg":"revision_rewrite_failed","passName":"payoff","message":"Gemini provider not available (GEMINI_API_KEY not set)"}
# {"time":"2026-08-05T02:28:53.551Z","level":"warn","msg":"revision_rewrite_failed","passName":"payoff","message":"Gemini provider not available (GEMINI_API_KEY not set)"}
# {"time":"2026-08-05T02:28:53.552Z","level":"warn","msg":"revision_rewrite_failed","passName":"payoff","message":"Gemini provider not available (GEMINI_API_KEY not set)"}
# {"time":"2026-08-05T02:28:53.553Z","level":"warn","msg":"revision_rewrite_failed","passName":"payoff","message":"Gemini provider not available (GEMINI_API_KEY not set)"}
# {"time":"2026-08-05T02:28:53.554Z","level":"warn","msg":"revision_rewrite_failed","passName":"payoff","message":"Gemini provider not available (GEMINI_API_KEY not set)"}
# {"time":"2026-08-05T02:28:53.554Z","level":"warn","msg":"revision_rewrite_failed","passName":"payoff","message":"Gemini provider not available (GEMINI_API_KEY not set)"}
# {"time":"2026-08-05T02:28:53.555Z","level":"warn","msg":"revision_rewrite_failed","passName":"payoff","message":"Gemini provider not available (GEMINI_API_KEY not set)"}
# {"time":"2026-08-05T02:28:53.556Z","level":"warn","msg":"revision_rewrite_failed","passName":"payoff","message":"Gemini provider not available (GEMINI_API_KEY not set)"}
# {"time":"2026-08-05T02:28:53.557Z","level":"warn","msg":"revision_rewrite_failed","passName":"payoff","message":"Gemini provider not available (GEMINI_API_KEY not set)"}
# {"time":"2026-08-05T02:28:53.558Z","level":"warn","msg":"revision_rewrite_failed","passName":"payoff","message":"Gemini provider not available (GEMINI_API_KEY not set)"}
# {"time":"2026-08-05T02:28:53.559Z","level":"warn","msg":"revision_rewrite_failed","passName":"payoff","message":"Gemini provider not available (GEMINI_API_KEY not set)"}
# {"time":"2026-08-05T02:28:53.560Z","level":"warn","msg":"revision_rewrite_failed","passName":"payoff","message":"Gemini provider not available (GEMINI_API_KEY not set)"}
# {"time":"2026-08-05T02:28:53.561Z","level":"warn","msg":"revision_rewrite_failed","passName":"payoff","message":"Gemini provider not available (GEMINI_API_KEY not set)"}
# {"time":"2026-08-05T02:28:53.562Z","level":"warn","msg":"revision_rewrite_failed","passName":"payoff","message":"Gemini provider not available (GEMINI_API_KEY not set)"}
# {"time":"2026-08-05T02:28:53.563Z","level":"warn","msg":"revision_rewrite_failed","passName":"payoff","message":"Gemini provider not available (GEMINI_API_KEY not set)"}
# {"time":"2026-08-05T02:28:53.564Z","level":"warn","msg":"revision_rewrite_failed","passName":"payoff","message":"Gemini provider not available (GEMINI_API_KEY not set)"}
# {"time":"2026-08-05T02:28:53.565Z","level":"warn","msg":"revision_rewrite_failed","passName":"payoff","message":"Gemini provider not available (GEMINI_API_KEY not set)"}
# {"time":"2026-08-05T02:28:53.566Z","level":"warn","msg":"revision_rewrite_failed","passName":"payoff","message":"Gemini provider not available (GEMINI_API_KEY not set)"}
# {"time":"2026-08-05T02:28:53.567Z","level":"warn","msg":"revision_rewrite_failed","passName":"payoff","message":"Gemini provider not available (GEMINI_API_KEY not set)"}
# {"time":"2026-08-05T02:28:53.568Z","level":"warn","msg":"revision_rewrite_failed","passName":"payoff","message":"Gemini provider not available (GEMINI_API_KEY not set)"}
# {"time":"2026-08-05T02:28:53.569Z","level":"warn","msg":"revision_rewrite_failed","passName":"payoff","message":"Gemini provider not available (GEMINI_API_KEY not set)"}
# {"time":"2026-08-05T02:28:53.570Z","level":"warn","msg":"revision_rewrite_failed","passName":"payoff","message":"Gemini provider not available (GEMINI_API_KEY not set)"}
# {"time":"2026-08-05T02:28:53.571Z","level":"warn","msg":"revision_rewrite_failed","passName":"payoff","message":"Gemini provider not available (GEMINI_API_KEY not set)"}
# {"time":"2026-08-05T02:28:53.571Z","level":"warn","msg":"revision_rewrite_failed","passName":"payoff","message":"Gemini provider not available (GEMINI_API_KEY not set)"}
# {"time":"2026-08-05T02:28:53.573Z","level":"warn","msg":"revision_rewrite_failed","passName":"payoff","message":"Gemini provider not available (GEMINI_API_KEY not set)"}
# {"time":"2026-08-05T02:28:53.574Z","level":"warn","msg":"revision_rewrite_failed","passName":"payoff","message":"Gemini provider not available (GEMINI_API_KEY not set)"}
# {"time":"2026-08-05T02:28:53.574Z","level":"warn","msg":"revision_rewrite_failed","passName":"payoff","message":"Gemini provider not available (GEMINI_API_KEY not set)"}
# {"time":"2026-08-05T02:28:53.576Z","level":"warn","msg":"revision_rewrite_failed","passName":"payoff","message":"Gemini provider not available (GEMINI_API_KEY not set)"}
# {"time":"2026-08-05T02:28:53.577Z","level":"warn","msg":"revision_rewrite_failed","passName":"payoff","message":"Gemini provider not available (GEMINI_API_KEY not set)"}
# {"time":"2026-08-05T02:28:53.578Z","level":"warn","msg":"revision_rewrite_failed","passName":"payoff","message":"Gemini provider not available (GEMINI_API_KEY not set)"}
# {"time":"2026-08-05T02:28:53.579Z","level":"warn","msg":"revision_rewrite_failed","passName":"payoff","message":"Gemini provider not available (GEMINI_API_KEY not set)"}
# {"time":"2026-08-05T02:28:53.580Z","level":"warn","msg":"revision_rewrite_failed","passName":"payoff","message":"Gemini provider not available (GEMINI_API_KEY not set)"}
# {"time":"2026-08-05T02:28:53.581Z","level":"warn","msg":"revision_rewrite_failed","passName":"payoff","message":"Gemini provider not available (GEMINI_API_KEY not set)"}
# {"time":"2026-08-05T02:28:53.582Z","level":"warn","msg":"revision_rewrite_failed","passName":"payoff","message":"Gemini provider not available (GEMINI_API_KEY not set)"}
# {"time":"2026-08-05T02:28:53.583Z","level":"warn","msg":"revision_rewrite_failed","passName":"payoff","message":"Gemini provider not available (GEMINI_API_KEY not set)"}
# {"time":"2026-08-05T02:28:53.584Z","level":"warn","msg":"revision_rewrite_failed","passName":"payoff","message":"Gemini provider not available (GEMINI_API_KEY not set)"}
# {"time":"2026-08-05T02:28:53.585Z","level":"warn","msg":"revision_rewrite_failed","passName":"payoff","message":"Gemini provider not available (GEMINI_API_KEY not set)"}
# {"time":"2026-08-05T02:28:53.586Z","level":"warn","msg":"revision_rewrite_failed","passName":"payoff","message":"Gemini provider not available (GEMINI_API_KEY not set)"}
# {"time":"2026-08-05T02:28:53.587Z","level":"warn","msg":"revision_rewrite_failed","passName":"payoff","message":"Gemini provider not available (GEMINI_API_KEY not set)"}
# {"time":"2026-08-05T02:28:53.588Z","level":"warn","msg":"revision_rewrite_failed","passName":"payoff","message":"Gemini provider not available (GEMINI_API_KEY not set)"}
# {"time":"2026-08-05T02:28:53.589Z","level":"warn","msg":"revision_rewrite_failed","passName":"payoff","message":"Gemini provider not available (GEMINI_API_KEY not set)"}
# {"time":"2026-08-05T02:28:53.590Z","level":"warn","msg":"revision_rewrite_failed","passName":"payoff","message":"Gemini provider not available (GEMINI_API_KEY not set)"}
# {"time":"2026-08-05T02:28:53.592Z","level":"warn","msg":"revision_rewrite_failed","passName":"payoff","message":"Gemini provider not available (GEMINI_API_KEY not set)"}
# {"time":"2026-08-05T02:28:53.593Z","level":"warn","msg":"revision_rewrite_failed","passName":"payoff","message":"Gemini provider not available (GEMINI_API_KEY not set)"}
# {"time":"2026-08-05T02:28:53.594Z","level":"warn","msg":"revision_rewrite_failed","passName":"payoff","message":"Gemini provider not available (GEMINI_API_KEY not set)"}
# {"time":"2026-08-05T02:28:53.595Z","level":"warn","msg":"revision_rewrite_failed","passName":"payoff","message":"Gemini provider not available (GEMINI_API_KEY not set)"}
# {"time":"2026-08-05T02:28:53.596Z","level":"warn","msg":"revision_rewrite_failed","passName":"payoff","message":"Gemini provider not available (GEMINI_API_KEY not set)"}
# {"time":"2026-08-05T02:28:53.597Z","level":"warn","msg":"revision_rewrite_failed","passName":"payoff","message":"Gemini provider not available (GEMINI_API_KEY not set)"}
# {"time":"2026-08-05T02:28:53.599Z","level":"warn","msg":"revision_rewrite_failed","passName":"payoff","message":"Gemini provider not available (GEMINI_API_KEY not set)"}
# {"time":"2026-08-05T02:28:53.604Z","level":"warn","msg":"revision_rewrite_failed","passName":"payoff","message":"Gemini provider not available (GEMINI_API_KEY not set)"}
# {"time":"2026-08-05T02:28:53.606Z","level":"warn","msg":"revision_rewrite_failed","passName":"payoff","message":"Gemini provider not available (GEMINI_API_KEY not set)"}
# {"time":"2026-08-05T02:28:53.607Z","level":"warn","msg":"revision_rewrite_failed","passName":"payoff","message":"Gemini provider not available (GEMINI_API_KEY not set)"}
# {"time":"2026-08-05T02:28:53.609Z","level":"warn","msg":"revision_rewrite_failed","passName":"payoff","message":"Gemini provider not available (GEMINI_API_KEY not set)"}
# {"time":"2026-08-05T02:28:53.610Z","level":"warn","msg":"revision_rewrite_failed","passName":"payoff","message":"Gemini provider not available (GEMINI_API_KEY not set)"}
# {"time":"2026-08-05T02:28:53.611Z","level":"warn","msg":"revision_rewrite_failed","passName":"payoff","message":"Gemini provider not available (GEMINI_API_KEY not set)"}
# {"time":"2026-08-05T02:28:53.612Z","level":"warn","msg":"revision_rewrite_failed","passName":"payoff","message":"Gemini provider not available (GEMINI_API_KEY not set)"}
# {"time":"2026-08-05T02:28:53.613Z","level":"warn","msg":"revision_rewrite_failed","passName":"payoff","message":"Gemini provider not available (GEMINI_API_KEY not set)"}
# {"time":"2026-08-05T02:28:53.614Z","level":"warn","msg":"revision_rewrite_failed","passName":"payoff","message":"Gemini provider not available (GEMINI_API_KEY not set)"}
# {"time":"2026-08-05T02:28:53.615Z","level":"warn","msg":"revision_rewrite_failed","passName":"payoff","message":"Gemini provider not available (GEMINI_API_KEY not set)"}
# {"time":"2026-08-05T02:28:53.616Z","level":"warn","msg":"revision_rewrite_failed","passName":"payoff","message":"Gemini provider not available (GEMINI_API_KEY not set)"}
# {"time":"2026-08-05T02:28:53.617Z","level":"warn","msg":"revision_rewrite_failed","passName":"payoff","message":"Gemini provider not available (GEMINI_API_KEY not set)"}
# {"time":"2026-08-05T02:28:53.618Z","level":"warn","msg":"revision_rewrite_failed","passName":"payoff","message":"Gemini provider not available (GEMINI_API_KEY not set)"}
# {"time":"2026-08-05T02:28:53.619Z","level":"warn","msg":"revision_rewrite_failed","passName":"payoff","message":"Gemini provider not available (GEMINI_API_KEY not set)"}
# {"time":"2026-08-05T02:28:53.620Z","level":"warn","msg":"revision_rewrite_failed","passName":"payoff","message":"Gemini provider not available (GEMINI_API_KEY not set)"}
# {"time":"2026-08-05T02:28:53.621Z","level":"warn","msg":"revision_rewrite_failed","passName":"payoff","message":"Gemini provider not available (GEMINI_API_KEY not set)"}
# {"time":"2026-08-05T02:28:53.622Z","level":"warn","msg":"revision_rewrite_failed","passName":"payoff","message":"Gemini provider not available (GEMINI_API_KEY not set)"}
# {"time":"2026-08-05T02:28:53.623Z","level":"warn","msg":"revision_rewrite_failed","passName":"payoff","message":"Gemini provider not available (GEMINI_API_KEY not set)"}
# {"time":"2026-08-05T02:28:53.624Z","level":"warn","msg":"revision_rewrite_failed","passName":"payoff","message":"Gemini provider not available (GEMINI_API_KEY not set)"}
# {"time":"2026-08-05T02:28:53.625Z","level":"warn","msg":"revision_rewrite_failed","passName":"payoff","message":"Gemini provider not available (GEMINI_API_KEY not set)"}
# {"time":"2026-08-05T02:28:53.626Z","level":"warn","msg":"revision_rewrite_failed","passName":"payoff","message":"Gemini provider not available (GEMINI_API_KEY not set)"}
# {"time":"2026-08-05T02:28:53.627Z","level":"warn","msg":"revision_rewrite_failed","passName":"payoff","message":"Gemini provider not available (GEMINI_API_KEY not set)"}
# {"time":"2026-08-05T02:28:53.627Z","level":"warn","msg":"revision_rewrite_failed","passName":"payoff","message":"Gemini provider not available (GEMINI_API_KEY not set)"}
# {"time":"2026-08-05T02:28:53.629Z","level":"warn","msg":"revision_rewrite_failed","passName":"payoff","message":"Gemini provider not available (GEMINI_API_KEY not set)"}
# {"time":"2026-08-05T02:28:53.638Z","level":"warn","msg":"revision_rewrite_failed","passName":"payoff","message":"Gemini provider not available (GEMINI_API_KEY not set)"}
# {"time":"2026-08-05T02:28:53.639Z","level":"warn","msg":"revision_rewrite_failed","passName":"payoff","message":"Gemini provider not available (GEMINI_API_KEY not set)"}
# {"time":"2026-08-05T02:28:53.640Z","level":"warn","msg":"revision_rewrite_failed","passName":"payoff","message":"Gemini provider not available (GEMINI_API_KEY not set)"}
# {"time":"2026-08-05T02:28:53.641Z","level":"warn","msg":"revision_rewrite_failed","passName":"payoff","message":"Gemini provider not available (GEMINI_API_KEY not set)"}
# {"time":"2026-08-05T02:28:53.642Z","level":"warn","msg":"revision_rewrite_failed","passName":"payoff","message":"Gemini provider not available (GEMINI_API_KEY not set)"}
# {"time":"2026-08-05T02:28:53.643Z","level":"warn","msg":"revision_rewrite_failed","passName":"payoff","message":"Gemini provider not available (GEMINI_API_KEY not set)"}
# {"time":"2026-08-05T02:28:53.644Z","level":"warn","msg":"revision_rewrite_failed","passName":"payoff","message":"Gemini provider not available (GEMINI_API_KEY not set)"}
# {"time":"2026-08-05T02:28:53.644Z","level":"warn","msg":"revision_rewrite_failed","passName":"payoff","message":"Gemini provider not available (GEMINI_API_KEY not set)"}
# {"time":"2026-08-05T02:28:53.645Z","level":"warn","msg":"revision_rewrite_failed","passName":"payoff","message":"Gemini provider not available (GEMINI_API_KEY not set)"}
# {"time":"2026-08-05T02:28:53.646Z","level":"warn","msg":"revision_rewrite_failed","passName":"payoff","message":"Gemini provider not available (GEMINI_API_KEY not set)"}
# {"time":"2026-08-05T02:28:53.647Z","level":"warn","msg":"revision_rewrite_failed","passName":"payoff","message":"Gemini provider not available (GEMINI_API_KEY not set)"}
# {"time":"2026-08-05T02:28:53.648Z","level":"warn","msg":"revision_rewrite_failed","passName":"payoff","message":"Gemini provider not available (GEMINI_API_KEY not set)"}
# {"time":"2026-08-05T02:28:53.649Z","level":"warn","msg":"revision_rewrite_failed","passName":"payoff","message":"Gemini provider not available (GEMINI_API_KEY not set)"}
# {"time":"2026-08-05T02:28:53.650Z","level":"warn","msg":"revision_rewrite_failed","passName":"payoff","message":"Gemini provider not available (GEMINI_API_KEY not set)"}
# {"time":"2026-08-05T02:28:53.651Z","level":"warn","msg":"revision_rewrite_failed","passName":"payoff","message":"Gemini provider not available (GEMINI_API_KEY not set)"}
# {"time":"2026-08-05T02:28:53.652Z","level":"warn","msg":"revision_rewrite_failed","passName":"payoff","message":"Gemini provider not available (GEMINI_API_KEY not set)"}
# {"time":"2026-08-05T02:28:53.653Z","level":"warn","msg":"revision_rewrite_failed","passName":"payoff","message":"Gemini provider not available (GEMINI_API_KEY not set)"}
# {"time":"2026-08-05T02:28:53.654Z","level":"warn","msg":"revision_rewrite_failed","passName":"payoff","message":"Gemini provider not available (GEMINI_API_KEY not set)"}
# {"time":"2026-08-05T02:28:53.655Z","level":"warn","msg":"revision_rewrite_failed","passName":"payoff","message":"Gemini provider not available (GEMINI_API_KEY not set)"}
# {"time":"2026-08-05T02:28:53.656Z","level":"warn","msg":"revision_rewrite_failed","passName":"payoff","message":"Gemini provider not available (GEMINI_API_KEY not set)"}
# {"time":"2026-08-05T02:28:53.657Z","level":"warn","msg":"revision_rewrite_failed","passName":"payoff","message":"Gemini provider not available (GEMINI_API_KEY not set)"}
# {"time":"2026-08-05T02:28:53.659Z","level":"warn","msg":"revision_rewrite_failed","passName":"payoff","message":"Gemini provider not available (GEMINI_API_KEY not set)"}
# {"time":"2026-08-05T02:28:53.660Z","level":"warn","msg":"revision_rewrite_failed","passName":"payoff","message":"Gemini provider not available (GEMINI_API_KEY not set)"}
# {"time":"2026-08-05T02:28:53.661Z","level":"warn","msg":"revision_rewrite_failed","passName":"payoff","message":"Gemini provider not available (GEMINI_API_KEY not set)"}
# {"time":"2026-08-05T02:28:53.662Z","level":"warn","msg":"revision_rewrite_failed","passName":"payoff","message":"Gemini provider not available (GEMINI_API_KEY not set)"}
# {"time":"2026-08-05T02:28:53.663Z","level":"warn","msg":"revision_rewrite_failed","passName":"payoff","message":"Gemini provider not available (GEMINI_API_KEY not set)"}
# {"time":"2026-08-05T02:28:53.664Z","level":"warn","msg":"revision_rewrite_failed","passName":"payoff","message":"Gemini provider not available (GEMINI_API_KEY not set)"}
# {"time":"2026-08-05T02:28:53.665Z","level":"warn","msg":"revision_rewrite_failed","passName":"payoff","message":"Gemini provider not available (GEMINI_API_KEY not set)"}
# {"time":"2026-08-05T02:28:53.666Z","level":"warn","msg":"revision_rewrite_failed","passName":"payoff","message":"Gemini provider not available (GEMINI_API_KEY not set)"}
# {"time":"2026-08-05T02:28:53.667Z","level":"warn","msg":"revision_rewrite_failed","passName":"payoff","message":"Gemini provider not available (GEMINI_API_KEY not set)"}
# {"time":"2026-08-05T02:28:53.668Z","level":"warn","msg":"revision_rewrite_failed","passName":"payoff","message":"Gemini provider not available (GEMINI_API_KEY not set)"}
# {"time":"2026-08-05T02:28:53.669Z","level":"warn","msg":"revision_rewrite_failed","passName":"payoff","message":"Gemini provider not available (GEMINI_API_KEY not set)"}
# {"time":"2026-08-05T02:28:53.670Z","level":"warn","msg":"revision_rewrite_failed","passName":"payoff","message":"Gemini provider not available (GEMINI_API_KEY not set)"}
# {"time":"2026-08-05T02:28:53.671Z","level":"warn","msg":"revision_rewrite_failed","passName":"payoff","message":"Gemini provider not available (GEMINI_API_KEY not set)"}
# {"time":"2026-08-05T02:28:53.676Z","level":"warn","msg":"revision_rewrite_failed","passName":"payoff","message":"Gemini provider not available (GEMINI_API_KEY not set)"}
# {"time":"2026-08-05T02:28:53.678Z","level":"warn","msg":"revision_rewrite_failed","passName":"payoff","message":"Gemini provider not available (GEMINI_API_KEY not set)"}
# {"time":"2026-08-05T02:28:53.678Z","level":"warn","msg":"revision_rewrite_failed","passName":"payoff","message":"Gemini provider not available (GEMINI_API_KEY not set)"}
# {"time":"2026-08-05T02:28:53.679Z","level":"warn","msg":"revision_rewrite_failed","passName":"payoff","message":"Gemini provider not available (GEMINI_API_KEY not set)"}
# {"time":"2026-08-05T02:28:53.684Z","level":"warn","msg":"revision_rewrite_failed","passName":"payoff","message":"Gemini provider not available (GEMINI_API_KEY not set)"}
# {"time":"2026-08-05T02:28:53.685Z","level":"warn","msg":"revision_rewrite_failed","passName":"payoff","message":"Gemini provider not available (GEMINI_API_KEY not set)"}
# {"time":"2026-08-05T02:28:53.686Z","level":"warn","msg":"revision_rewrite_failed","passName":"payoff","message":"Gemini provider not available (GEMINI_API_KEY not set)"}
# {"time":"2026-08-05T02:28:53.687Z","level":"warn","msg":"revision_rewrite_failed","passName":"payoff","message":"Gemini provider not available (GEMINI_API_KEY not set)"}
# {"time":"2026-08-05T02:28:53.688Z","level":"warn","msg":"revision_rewrite_failed","passName":"payoff","message":"Gemini provider not available (GEMINI_API_KEY not set)"}
# {"time":"2026-08-05T02:28:53.689Z","level":"warn","msg":"revision_rewrite_failed","passName":"payoff","message":"Gemini provider not available (GEMINI_API_KEY not set)"}
# {"time":"2026-08-05T02:28:53.690Z","level":"warn","msg":"revision_rewrite_failed","passName":"payoff","message":"Gemini provider not available (GEMINI_API_KEY not set)"}
# {"time":"2026-08-05T02:28:53.692Z","level":"warn","msg":"revision_rewrite_failed","passName":"payoff","message":"Gemini provider not available (GEMINI_API_KEY not set)"}
# {"time":"2026-08-05T02:28:53.694Z","level":"warn","msg":"revision_rewrite_failed","passName":"payoff","message":"Gemini provider not available (GEMINI_API_KEY not set)"}
# {"time":"2026-08-05T02:28:53.696Z","level":"warn","msg":"revision_rewrite_failed","passName":"payoff","message":"Gemini provider not available (GEMINI_API_KEY not set)"}
# {"time":"2026-08-05T02:28:53.697Z","level":"warn","msg":"revision_rewrite_failed","passName":"payoff","message":"Gemini provider not available (GEMINI_API_KEY not set)"}
# {"time":"2026-08-05T02:28:53.698Z","level":"warn","msg":"revision_rewrite_failed","passName":"payoff","message":"Gemini provider not available (GEMINI_API_KEY not set)"}
# {"time":"2026-08-05T02:28:53.699Z","level":"warn","msg":"revision_rewrite_failed","passName":"payoff","message":"Gemini provider not available (GEMINI_API_KEY not set)"}
# {"time":"2026-08-05T02:28:53.700Z","level":"warn","msg":"revision_rewrite_failed","passName":"payoff","message":"Gemini provider not available (GEMINI_API_KEY not set)"}
# {"time":"2026-08-05T02:28:53.701Z","level":"warn","msg":"revision_rewrite_failed","passName":"payoff","message":"Gemini provider not available (GEMINI_API_KEY not set)"}
# {"time":"2026-08-05T02:28:53.703Z","level":"warn","msg":"revision_rewrite_failed","passName":"payoff","message":"Gemini provider not available (GEMINI_API_KEY not set)"}
# {"time":"2026-08-05T02:28:53.704Z","level":"warn","msg":"revision_rewrite_failed","passName":"payoff","message":"Gemini provider not available (GEMINI_API_KEY not set)"}
# {"time":"2026-08-05T02:28:53.705Z","level":"warn","msg":"revision_rewrite_failed","passName":"payoff","message":"Gemini provider not available (GEMINI_API_KEY not set)"}
# {"time":"2026-08-05T02:28:53.706Z","level":"warn","msg":"revision_rewrite_failed","passName":"payoff","message":"Gemini provider not available (GEMINI_API_KEY not set)"}
# {"time":"2026-08-05T02:28:53.708Z","level":"warn","msg":"revision_rewrite_failed","passName":"payoff","message":"Gemini provider not available (GEMINI_API_KEY not set)"}
# {"time":"2026-08-05T02:28:53.709Z","level":"warn","msg":"revision_rewrite_failed","passName":"payoff","message":"Gemini provider not available (GEMINI_API_KEY not set)"}
# {"time":"2026-08-05T02:28:53.711Z","level":"warn","msg":"revision_rewrite_failed","passName":"payoff","message":"Gemini provider not available (GEMINI_API_KEY not set)"}
# {"time":"2026-08-05T02:28:53.712Z","level":"warn","msg":"revision_rewrite_failed","passName":"payoff","message":"Gemini provider not available (GEMINI_API_KEY not set)"}
# {"time":"2026-08-05T02:28:53.713Z","level":"warn","msg":"revision_rewrite_failed","passName":"payoff","message":"Gemini provider not available (GEMINI_API_KEY not set)"}
# {"time":"2026-08-05T02:28:53.715Z","level":"warn","msg":"revision_rewrite_failed","passName":"payoff","message":"Gemini provider not available (GEMINI_API_KEY not set)"}
# {"time":"2026-08-05T02:28:53.717Z","level":"warn","msg":"revision_rewrite_failed","passName":"payoff","message":"Gemini provider not available (GEMINI_API_KEY not set)"}
# {"time":"2026-08-05T02:28:53.718Z","level":"warn","msg":"revision_rewrite_failed","passName":"payoff","message":"Gemini provider not available (GEMINI_API_KEY not set)"}
# {"time":"2026-08-05T02:28:53.720Z","level":"warn","msg":"revision_rewrite_failed","passName":"payoff","message":"Gemini provider not available (GEMINI_API_KEY not set)"}
# {"time":"2026-08-05T02:28:53.729Z","level":"warn","msg":"revision_rewrite_failed","passName":"payoff","message":"Gemini provider not available (GEMINI_API_KEY not set)"}
# {"time":"2026-08-05T02:28:53.730Z","level":"warn","msg":"revision_rewrite_failed","passName":"payoff","message":"Gemini provider not available (GEMINI_API_KEY not set)"}
# {"time":"2026-08-05T02:28:53.732Z","level":"warn","msg":"revision_rewrite_failed","passName":"payoff","message":"Gemini provider not available (GEMINI_API_KEY not set)"}
# {"time":"2026-08-05T02:28:53.746Z","level":"warn","msg":"revision_rewrite_failed","passName":"payoff","message":"Gemini provider not available (GEMINI_API_KEY not set)"}
# {"time":"2026-08-05T02:28:53.747Z","level":"warn","msg":"revision_rewrite_failed","passName":"payoff","message":"Gemini provider not available (GEMINI_API_KEY not set)"}
# {"time":"2026-08-05T02:28:53.749Z","level":"warn","msg":"revision_rewrite_failed","passName":"payoff","message":"Gemini provider not available (GEMINI_API_KEY not set)"}
# {"time":"2026-08-05T02:28:53.750Z","level":"warn","msg":"revision_rewrite_failed","passName":"payoff","message":"Gemini provider not available (GEMINI_API_KEY not set)"}
# {"time":"2026-08-05T02:28:53.752Z","level":"warn","msg":"revision_rewrite_failed","passName":"payoff","message":"Gemini provider not available (GEMINI_API_KEY not set)"}
# {"time":"2026-08-05T02:28:53.757Z","level":"warn","msg":"revision_rewrite_failed","passName":"payoff","message":"Gemini provider not available (GEMINI_API_KEY not set)"}
# {"time":"2026-08-05T02:28:53.758Z","level":"warn","msg":"revision_rewrite_failed","passName":"payoff","message":"Gemini provider not available (GEMINI_API_KEY not set)"}
# {"time":"2026-08-05T02:28:53.759Z","level":"warn","msg":"revision_rewrite_failed","passName":"payoff","message":"Gemini provider not available (GEMINI_API_KEY not set)"}
# {"time":"2026-08-05T02:28:53.760Z","level":"warn","msg":"revision_rewrite_failed","passName":"payoff","message":"Gemini provider not available (GEMINI_API_KEY not set)"}
# {"time":"2026-08-05T02:28:53.761Z","level":"warn","msg":"revision_rewrite_failed","passName":"payoff","message":"Gemini provider not available (GEMINI_API_KEY not set)"}
# {"time":"2026-08-05T02:28:53.762Z","level":"warn","msg":"revision_rewrite_failed","passName":"payoff","message":"Gemini provider not available (GEMINI_API_KEY not set)"}
# {"time":"2026-08-05T02:28:53.763Z","level":"warn","msg":"revision_rewrite_failed","passName":"payoff","message":"Gemini provider not available (GEMINI_API_KEY not set)"}
# {"time":"2026-08-05T02:28:53.765Z","level":"warn","msg":"revision_rewrite_failed","passName":"payoff","message":"Gemini provider not available (GEMINI_API_KEY not set)"}
# {"time":"2026-08-05T02:28:53.766Z","level":"warn","msg":"revision_rewrite_failed","passName":"payoff","message":"Gemini provider not available (GEMINI_API_KEY not set)"}
# {"time":"2026-08-05T02:28:53.768Z","level":"warn","msg":"revision_rewrite_failed","passName":"payoff","message":"Gemini provider not available (GEMINI_API_KEY not set)"}
# {"time":"2026-08-05T02:28:53.770Z","level":"warn","msg":"revision_rewrite_failed","passName":"payoff","message":"Gemini provider not available (GEMINI_API_KEY not set)"}
# {"time":"2026-08-05T02:28:53.771Z","level":"warn","msg":"revision_rewrite_failed","passName":"payoff","message":"Gemini provider not available (GEMINI_API_KEY not set)"}
# {"time":"2026-08-05T02:28:53.772Z","level":"warn","msg":"revision_rewrite_failed","passName":"payoff","message":"Gemini provider not available (GEMINI_API_KEY not set)"}
# {"time":"2026-08-05T02:28:53.773Z","level":"warn","msg":"revision_rewrite_failed","passName":"payoff","message":"Gemini provider not available (GEMINI_API_KEY not set)"}
# {"time":"2026-08-05T02:28:53.774Z","level":"warn","msg":"revision_rewrite_failed","passName":"payoff","message":"Gemini provider not available (GEMINI_API_KEY not set)"}
# {"time":"2026-08-05T02:28:53.774Z","level":"warn","msg":"revision_rewrite_failed","passName":"payoff","message":"Gemini provider not available (GEMINI_API_KEY not set)"}
# {"time":"2026-08-05T02:28:53.775Z","level":"warn","msg":"revision_rewrite_failed","passName":"payoff","message":"Gemini provider not available (GEMINI_API_KEY not set)"}
# {"time":"2026-08-05T02:28:53.777Z","level":"warn","msg":"revision_rewrite_failed","passName":"payoff","message":"Gemini provider not available (GEMINI_API_KEY not set)"}
# {"time":"2026-08-05T02:28:53.778Z","level":"warn","msg":"revision_rewrite_failed","passName":"payoff","message":"Gemini provider not available (GEMINI_API_KEY not set)"}
# Subtest: payoffPass detects PAYOFF_TOO_QUICK when clue planted and resolved in consecutive scenes
ok 1598 - payoffPass detects PAYOFF_TOO_QUICK when clue planted and resolved in consecutive scenes
  ---
  duration_ms: 14.820074
  type: 'test'
  ...
# Subtest: ORPHAN_CLUE cap + ORPHAN_CLUE_PERVASIVE rollup (real-script corpus fix, 2026-07-10)
    # Subtest: fires: 30 orphan clues yield exactly 8 detailed ORPHAN_CLUE + 1 critical PERVASIVE rollup naming the remainder
    ok 1 - fires: 30 orphan clues yield exactly 8 detailed ORPHAN_CLUE + 1 critical PERVASIVE rollup naming the remainder
      ---
      duration_ms: 7.232464
      type: 'test'
      ...
    # Subtest: no-fire: 8 orphan clues emit 8 detailed ORPHAN_CLUE and NO rollup (never padded)
    ok 2 - no-fire: 8 orphan clues emit 8 detailed ORPHAN_CLUE and NO rollup (never padded)
      ---
      duration_ms: 2.058189
      type: 'test'
      ...
    1..2
ok 1599 - ORPHAN_CLUE cap + ORPHAN_CLUE_PERVASIVE rollup (real-script corpus fix, 2026-07-10)
  ---
  duration_ms: 9.786266
  type: 'suite'
  ...
# Subtest: Wave 154 — payoffPass: clustered payoffs, premature resolution, setup gap
    # Subtest: payoffPass detects CLUSTERED_PAYOFFS when 3+ setups resolve in one scene
    ok 1 - payoffPass detects CLUSTERED_PAYOFFS when 3+ setups resolve in one scene
      ---
      duration_ms: 5.645759
      type: 'test'
      ...
    # Subtest: payoffPass detects PAYOFF_BEFORE_CLIMAX when all clues resolve early
    ok 2 - payoffPass detects PAYOFF_BEFORE_CLIMAX when all clues resolve early
      ---
      duration_ms: 2.297277
      type: 'test'
      ...
    # Subtest: payoffPass detects SETUP_FRONT_GAP when no clue planted in Act 1
    ok 3 - payoffPass detects SETUP_FRONT_GAP when no clue planted in Act 1
      ---
      duration_ms: 1.442779
      type: 'test'
      ...
    # Subtest: payoffPass does NOT fire SETUP_FRONT_GAP when a clue is planted early
    ok 4 - payoffPass does NOT fire SETUP_FRONT_GAP when a clue is planted early
      ---
      duration_ms: 1.231813
      type: 'test'
      ...
    1..4
ok 1600 - Wave 154 — payoffPass: clustered payoffs, premature resolution, setup gap
  ---
  duration_ms: 11.304336
  type: 'suite'
  ...
# Subtest: Wave 167 — payoffPass: payoff-before-setup, setup clustering, payoff rate decline
    # Subtest: payoffPass detects PAYOFF_BEFORE_SETUP when payoff precedes setup in timeline
    ok 1 - payoffPass detects PAYOFF_BEFORE_SETUP when payoff precedes setup in timeline
      ---
      duration_ms: 1.41395
      type: 'test'
      ...
    # Subtest: payoffPass does NOT fire PAYOFF_BEFORE_SETUP when setup precedes payoff
    ok 2 - payoffPass does NOT fire PAYOFF_BEFORE_SETUP when setup precedes payoff
      ---
      duration_ms: 0.584459
      type: 'test'
      ...
    # Subtest: payoffPass detects SETUP_CLUSTERING when 70%+ of clues are in one act zone
    ok 3 - payoffPass detects SETUP_CLUSTERING when 70%+ of clues are in one act zone
      ---
      duration_ms: 1.533434
      type: 'test'
      ...
    # Subtest: payoffPass does NOT fire SETUP_CLUSTERING when clues are spread across all acts
    ok 4 - payoffPass does NOT fire SETUP_CLUSTERING when clues are spread across all acts
      ---
      duration_ms: 1.259921
      type: 'test'
      ...
    # Subtest: payoffPass detects PAYOFF_RATE_DECLINE when Act 2 has payoffs but Act 3 has none
    ok 5 - payoffPass detects PAYOFF_RATE_DECLINE when Act 2 has payoffs but Act 3 has none
      ---
      duration_ms: 1.701039
      type: 'test'
      ...
    # Subtest: payoffPass does NOT fire PAYOFF_RATE_DECLINE when Act 3 has at least one payoff
    ok 6 - payoffPass does NOT fire PAYOFF_RATE_DECLINE when Act 3 has at least one payoff
      ---
      duration_ms: 1.105215
      type: 'test'
      ...
    1..6
ok 1601 - Wave 167 — payoffPass: payoff-before-setup, setup clustering, payoff rate decline
  ---
  duration_ms: 8.085603
  type: 'suite'
  ...
# Subtest: Wave 181 — payoffPass: flat payoffs, clue glut, scrambled order
    # Subtest: payoffPass detects FLAT_PAYOFF when payoffs resolve with no emotional weight
    ok 1 - payoffPass detects FLAT_PAYOFF when payoffs resolve with no emotional weight
      ---
      duration_ms: 0.932524
      type: 'test'
      ...
    # Subtest: payoffPass does NOT fire FLAT_PAYOFF when payoffs carry emotional weight
    ok 2 - payoffPass does NOT fire FLAT_PAYOFF when payoffs carry emotional weight
      ---
      duration_ms: 0.388285
      type: 'test'
      ...
    # Subtest: payoffPass detects CLUE_GLUT when too many clues are open at once
    ok 3 - payoffPass detects CLUE_GLUT when too many clues are open at once
      ---
      duration_ms: 0.783959
      type: 'test'
      ...
    # Subtest: payoffPass does NOT fire CLUE_GLUT when open threads stay manageable
    ok 4 - payoffPass does NOT fire CLUE_GLUT when open threads stay manageable
      ---
      duration_ms: 0.369853
      type: 'test'
      ...
    # Subtest: payoffPass detects SETUP_PAYOFF_ORDER_SCRAMBLED when payoff order inverts setup order
    ok 5 - payoffPass detects SETUP_PAYOFF_ORDER_SCRAMBLED when payoff order inverts setup order
      ---
      duration_ms: 1.709302
      type: 'test'
      ...
    # Subtest: payoffPass does NOT fire SETUP_PAYOFF_ORDER_SCRAMBLED when payoffs follow setup order
    ok 6 - payoffPass does NOT fire SETUP_PAYOFF_ORDER_SCRAMBLED when payoffs follow setup order
      ---
      duration_ms: 20.048721
      type: 'test'
      ...
    1..6
ok 1602 - Wave 181 — payoffPass: flat payoffs, clue glut, scrambled order
  ---
  duration_ms: 24.540134
  type: 'suite'
  ...
# Subtest: Wave 233 — payoffPass: payoff orphan rate, post-climax cluster, setup-payoff gap uniformity
    # Subtest: PAYOFF_ORPHAN_RATE fires when >50% of planted clues are never paid off
    ok 1 - PAYOFF_ORPHAN_RATE fires when >50% of planted clues are never paid off
      ---
      duration_ms: 1.46793
      type: 'test'
      ...
    # Subtest: PAYOFF_ORPHAN_RATE does NOT fire when most clues are paid off
    ok 2 - PAYOFF_ORPHAN_RATE does NOT fire when most clues are paid off
      ---
      duration_ms: 8.780638
      type: 'test'
      ...
    # Subtest: PAYOFF_POST_CLIMAX_CLUSTER fires when 2+ payoffs land in the final 20%
    ok 3 - PAYOFF_POST_CLIMAX_CLUSTER fires when 2+ payoffs land in the final 20%
      ---
      duration_ms: 1.688153
      type: 'test'
      ...
    # Subtest: PAYOFF_POST_CLIMAX_CLUSTER does NOT fire when payoffs are distributed earlier
    ok 4 - PAYOFF_POST_CLIMAX_CLUSTER does NOT fire when payoffs are distributed earlier
      ---
      duration_ms: 1.338357
      type: 'test'
      ...
    # Subtest: SETUP_PAYOFF_GAP_UNIFORMITY fires when all setup→payoff gaps are the same
    ok 5 - SETUP_PAYOFF_GAP_UNIFORMITY fires when all setup→payoff gaps are the same
      ---
      duration_ms: 1.69993
      type: 'test'
      ...
    # Subtest: SETUP_PAYOFF_GAP_UNIFORMITY does NOT fire when gap lengths vary
    ok 6 - SETUP_PAYOFF_GAP_UNIFORMITY does NOT fire when gap lengths vary
      ---
      duration_ms: 1.437378
      type: 'test'
      ...
    1..6
ok 1603 - Wave 233 — payoffPass: payoff orphan rate, post-climax cluster, setup-payoff gap uniformity
  ---
  duration_ms: 16.724496
  type: 'suite'
  ...
# Subtest: Wave 552 — payoffPass: payoff drought run, seed relationship valence uniform, payoff emotional valence uniform
    # Subtest: PAYOFF_DROUGHT_RUN fires when 5+ consecutive scenes have no payoff among 4+ payoffs
    ok 1 - PAYOFF_DROUGHT_RUN fires when 5+ consecutive scenes have no payoff among 4+ payoffs
      ---
      duration_ms: 1.968102
      type: 'test'
      ...
    # Subtest: PAYOFF_DROUGHT_RUN does not fire when longest non-payoff run is only 4
    ok 2 - PAYOFF_DROUGHT_RUN does not fire when longest non-payoff run is only 4
      ---
      duration_ms: 1.210814
      type: 'test'
      ...
    # Subtest: SEED_RELATIONSHIP_VALENCE_UNIFORM fires when all seed-with-relationship scenes share one relational sign
    ok 3 - SEED_RELATIONSHIP_VALENCE_UNIFORM fires when all seed-with-relationship scenes share one relational sign
      ---
      duration_ms: 1.11864
      type: 'test'
      ...
    # Subtest: SEED_RELATIONSHIP_VALENCE_UNIFORM does not fire when seed-with-relationship scenes have mixed valence
    ok 4 - SEED_RELATIONSHIP_VALENCE_UNIFORM does not fire when seed-with-relationship scenes have mixed valence
      ---
      duration_ms: 0.980902
      type: 'test'
      ...
    # Subtest: PAYOFF_EMOTIONAL_VALENCE_UNIFORM fires when all non-neutral payoffs share one emotional valence
    ok 5 - PAYOFF_EMOTIONAL_VALENCE_UNIFORM fires when all non-neutral payoffs share one emotional valence
      ---
      duration_ms: 1.184576
      type: 'test'
      ...
    # Subtest: PAYOFF_EMOTIONAL_VALENCE_UNIFORM does not fire when non-neutral payoffs have mixed valence
    ok 6 - PAYOFF_EMOTIONAL_VALENCE_UNIFORM does not fire when non-neutral payoffs have mixed valence
      ---
      duration_ms: 1.158079
      type: 'test'
      ...
    1..6
ok 1604 - Wave 552 — payoffPass: payoff drought run, seed relationship valence uniform, payoff emotional valence uniform
  ---
  duration_ms: 7.894191
  type: 'suite'
  ...
# Subtest: Wave 538 — payoffPass: payoff dramatic turn aftermath absent, seed relationship aftermath absent, seed clock aftermath absent
    # Subtest: PAYOFF_DRAMATIC_TURN_AFTERMATH_ABSENT fires when no payoff is followed by a dramatic turn
    ok 1 - PAYOFF_DRAMATIC_TURN_AFTERMATH_ABSENT fires when no payoff is followed by a dramatic turn
      ---
      duration_ms: 1.360021
      type: 'test'
      ...
    # Subtest: PAYOFF_DRAMATIC_TURN_AFTERMATH_ABSENT does not fire when a payoff is followed by a dramatic turn
    ok 2 - PAYOFF_DRAMATIC_TURN_AFTERMATH_ABSENT does not fire when a payoff is followed by a dramatic turn
      ---
      duration_ms: 1.093706
      type: 'test'
      ...
    # Subtest: SEED_RELATIONSHIP_AFTERMATH_ABSENT fires when no seed is followed by a relationship shift
    ok 3 - SEED_RELATIONSHIP_AFTERMATH_ABSENT fires when no seed is followed by a relationship shift
      ---
      duration_ms: 1.290931
      type: 'test'
      ...
    # Subtest: SEED_RELATIONSHIP_AFTERMATH_ABSENT does not fire when a seed is followed by a relationship shift
    ok 4 - SEED_RELATIONSHIP_AFTERMATH_ABSENT does not fire when a seed is followed by a relationship shift
      ---
      duration_ms: 1.188975
      type: 'test'
      ...
    # Subtest: SEED_CLOCK_AFTERMATH_ABSENT fires when no seed is followed by a clock raise
    ok 5 - SEED_CLOCK_AFTERMATH_ABSENT fires when no seed is followed by a clock raise
      ---
      duration_ms: 1.863058
      type: 'test'
      ...
    # Subtest: SEED_CLOCK_AFTERMATH_ABSENT does not fire when a seed is followed by a clock raise
    ok 6 - SEED_CLOCK_AFTERMATH_ABSENT does not fire when a seed is followed by a clock raise
      ---
      duration_ms: 1.071245
      type: 'test'
      ...
    1..6
ok 1605 - Wave 538 — payoffPass: payoff dramatic turn aftermath absent, seed relationship aftermath absent, seed clock aftermath absent
  ---
  duration_ms: 8.140105
  type: 'suite'
  ...
# Subtest: Wave 1350 — payoffPass: REINCORPORATION_VOID
    # Subtest: fires when the final third introduces almost entirely new distinctive tokens
    ok 1 - fires when the final third introduces almost entirely new distinctive tokens
      ---
      duration_ms: 4.204404
      type: 'test'
      ...
    # Subtest: does NOT fire when the final third reuses earlier-established names
    ok 2 - does NOT fire when the final third reuses earlier-established names
      ---
      duration_ms: 1.328248
      type: 'test'
      ...
    1..2
ok 1606 - Wave 1350 — payoffPass: REINCORPORATION_VOID
  ---
  duration_ms: 5.659327
  type: 'suite'
  ...
# Subtest: Wave 1182 — payoffPass: unanswered question flood, instant gratification pattern, dead question zone
    # Subtest: UNANSWERED_QUESTION_FLOOD fires when the story raises >=6 questions and resolves almost none of them
    ok 1 - UNANSWERED_QUESTION_FLOOD fires when the story raises >=6 questions and resolves almost none of them
      ---
      duration_ms: 1.50999
      type: 'test'
      ...
    # Subtest: UNANSWERED_QUESTION_FLOOD does not fire once the resolution rate clears the 15% floor
    ok 2 - UNANSWERED_QUESTION_FLOOD does not fire once the resolution rate clears the 15% floor
      ---
      duration_ms: 0.646045
      type: 'test'
      ...
    # Subtest: INSTANT_GRATIFICATION_PATTERN fires when almost every resolved question is answered in its own scene
    ok 3 - INSTANT_GRATIFICATION_PATTERN fires when almost every resolved question is answered in its own scene
      ---
      duration_ms: 0.627713
      type: 'test'
      ...
    # Subtest: INSTANT_GRATIFICATION_PATTERN does not fire once the same-scene share drops below 80%
    ok 4 - INSTANT_GRATIFICATION_PATTERN does not fire once the same-scene share drops below 80%
      ---
      duration_ms: 0.575515
      type: 'test'
      ...
    # Subtest: DEAD_QUESTION_ZONE fires when one zone raises questions it never resolves while another zone resolves most of its own
    ok 5 - DEAD_QUESTION_ZONE fires when one zone raises questions it never resolves while another zone resolves most of its own
      ---
      duration_ms: 1.826875
      type: 'test'
      ...
    # Subtest: DEAD_QUESTION_ZONE does not fire once the struggling zone resolves at least one of its own questions
    ok 6 - DEAD_QUESTION_ZONE does not fire once the struggling zone resolves at least one of its own questions
      ---
      duration_ms: 1.159595
      type: 'test'
      ...
    1..6
ok 1607 - Wave 1182 — payoffPass: unanswered question flood, instant gratification pattern, dead question zone
  ---
  duration_ms: 6.599904
  type: 'suite'
  ...
# Subtest: Wave 1168 — payoffPass: payoff suspense-relational aftermath void, payoff emotion-suspense aftermath void, payoff clock-delta-relational aftermath void
    # Subtest: PAYOFF_SUSPENSE_RELATIONAL_AFTERMATH_VOID fires when every suspense-rise is followed by two scenes with no relationship shift
    ok 1 - PAYOFF_SUSPENSE_RELATIONAL_AFTERMATH_VOID fires when every suspense-rise is followed by two scenes with no relationship shift
      ---
      duration_ms: 1.701303
      type: 'test'
      ...
    # Subtest: PAYOFF_SUSPENSE_RELATIONAL_AFTERMATH_VOID does not fire when a suspense-rise is followed by a relationship shift within its window
    ok 2 - PAYOFF_SUSPENSE_RELATIONAL_AFTERMATH_VOID does not fire when a suspense-rise is followed by a relationship shift within its window
      ---
      duration_ms: 1.251249
      type: 'test'
      ...
    # Subtest: PAYOFF_EMOTION_SUSPENSE_AFTERMATH_VOID fires when every emotionally-charged scene is followed by two scenes with no suspense rise
    ok 3 - PAYOFF_EMOTION_SUSPENSE_AFTERMATH_VOID fires when every emotionally-charged scene is followed by two scenes with no suspense rise
      ---
      duration_ms: 1.116342
      type: 'test'
      ...
    # Subtest: PAYOFF_EMOTION_SUSPENSE_AFTERMATH_VOID does not fire when an emotionally-charged scene is followed by a suspense rise within its window
    ok 4 - PAYOFF_EMOTION_SUSPENSE_AFTERMATH_VOID does not fire when an emotionally-charged scene is followed by a suspense rise within its window
      ---
      duration_ms: 1.141188
      type: 'test'
      ...
    # Subtest: PAYOFF_CLOCK_DELTA_RELATIONAL_AFTERMATH_VOID fires when every clock-delta shift is followed by two scenes with no relationship shift
    ok 5 - PAYOFF_CLOCK_DELTA_RELATIONAL_AFTERMATH_VOID fires when every clock-delta shift is followed by two scenes with no relationship shift
      ---
      duration_ms: 1.513999
      type: 'test'
      ...
    # Subtest: PAYOFF_CLOCK_DELTA_RELATIONAL_AFTERMATH_VOID does not fire when a clock-delta shift is followed by a relationship shift within its window
    ok 6 - PAYOFF_CLOCK_DELTA_RELATIONAL_AFTERMATH_VOID does not fire when a clock-delta shift is followed by a relationship shift within its window
      ---
      duration_ms: 0.977632
      type: 'test'
      ...
    1..6
ok 1608 - Wave 1168 — payoffPass: payoff suspense-relational aftermath void, payoff emotion-suspense aftermath void, payoff clock-delta-relational aftermath void
  ---
  duration_ms: 8.195526
  type: 'suite'
  ...
# Subtest: Wave 1154 — payoffPass: payoff suspense-emotional aftermath void, payoff emotion-curiosity aftermath void, payoff clock-delta-emotional aftermath void
    # Subtest: PAYOFF_SUSPENSE_EMOTIONAL_AFTERMATH_VOID fires when every suspense-rise is followed by two scenes with no emotional shift
    ok 1 - PAYOFF_SUSPENSE_EMOTIONAL_AFTERMATH_VOID fires when every suspense-rise is followed by two scenes with no emotional shift
      ---
      duration_ms: 1.255597
      type: 'test'
      ...
    # Subtest: PAYOFF_SUSPENSE_EMOTIONAL_AFTERMATH_VOID does not fire when a suspense-rise is followed by an emotional shift within its window
    ok 2 - PAYOFF_SUSPENSE_EMOTIONAL_AFTERMATH_VOID does not fire when a suspense-rise is followed by an emotional shift within its window
      ---
      duration_ms: 0.871734
      type: 'test'
      ...
    # Subtest: PAYOFF_EMOTION_CURIOSITY_AFTERMATH_VOID fires when every emotionally-charged scene is followed by two scenes with no curiosity rise
    ok 3 - PAYOFF_EMOTION_CURIOSITY_AFTERMATH_VOID fires when every emotionally-charged scene is followed by two scenes with no curiosity rise
      ---
      duration_ms: 1.583834
      type: 'test'
      ...
    # Subtest: PAYOFF_EMOTION_CURIOSITY_AFTERMATH_VOID does not fire when an emotionally-charged scene is followed by a curiosity rise within its window
    ok 4 - PAYOFF_EMOTION_CURIOSITY_AFTERMATH_VOID does not fire when an emotionally-charged scene is followed by a curiosity rise within its window
      ---
      duration_ms: 1.712002
      type: 'test'
      ...
    # Subtest: PAYOFF_CLOCK_DELTA_EMOTIONAL_AFTERMATH_VOID fires when every clock-delta shift is followed by two scenes with no emotional shift
    ok 5 - PAYOFF_CLOCK_DELTA_EMOTIONAL_AFTERMATH_VOID fires when every clock-delta shift is followed by two scenes with no emotional shift
      ---
      duration_ms: 0.887263
      type: 'test'
      ...
    # Subtest: PAYOFF_CLOCK_DELTA_EMOTIONAL_AFTERMATH_VOID does not fire when a clock-delta shift is followed by an emotional shift within its window
    ok 6 - PAYOFF_CLOCK_DELTA_EMOTIONAL_AFTERMATH_VOID does not fire when a clock-delta shift is followed by an emotional shift within its window
      ---
      duration_ms: 1.03527
      type: 'test'
      ...
    1..6
ok 1609 - Wave 1154 — payoffPass: payoff suspense-emotional aftermath void, payoff emotion-curiosity aftermath void, payoff clock-delta-emotional aftermath void
  ---
  duration_ms: 7.967105
  type: 'suite'
  ...
# Subtest: Wave 1140 — payoffPass: payoff suspense-curiosity aftermath void, payoff emotion-relational aftermath void, payoff clock-delta-curiosity aftermath void
    # Subtest: PAYOFF_SUSPENSE_CURIOSITY_AFTERMATH_VOID fires when every suspense-rise is followed by two scenes with no curiosity rise
    ok 1 - PAYOFF_SUSPENSE_CURIOSITY_AFTERMATH_VOID fires when every suspense-rise is followed by two scenes with no curiosity rise
      ---
      duration_ms: 1.172642
      type: 'test'
      ...
    # Subtest: PAYOFF_SUSPENSE_CURIOSITY_AFTERMATH_VOID does not fire when a suspense-rise is followed by a curiosity rise within its window
    ok 2 - PAYOFF_SUSPENSE_CURIOSITY_AFTERMATH_VOID does not fire when a suspense-rise is followed by a curiosity rise within its window
      ---
      duration_ms: 0.973848
      type: 'test'
      ...
    # Subtest: PAYOFF_EMOTION_RELATIONAL_AFTERMATH_VOID fires when every emotionally-charged scene is followed by two scenes with no relationship shift
    ok 3 - PAYOFF_EMOTION_RELATIONAL_AFTERMATH_VOID fires when every emotionally-charged scene is followed by two scenes with no relationship shift
      ---
      duration_ms: 0.913504
      type: 'test'
      ...
    # Subtest: PAYOFF_EMOTION_RELATIONAL_AFTERMATH_VOID does not fire when an emotionally-charged scene is followed by a relationship shift within its window
    ok 4 - PAYOFF_EMOTION_RELATIONAL_AFTERMATH_VOID does not fire when an emotionally-charged scene is followed by a relationship shift within its window
      ---
      duration_ms: 0.919328
      type: 'test'
      ...
    # Subtest: PAYOFF_CLOCK_DELTA_CURIOSITY_AFTERMATH_VOID fires when every clock-delta scene is followed by two scenes with no curiosity rise
    ok 5 - PAYOFF_CLOCK_DELTA_CURIOSITY_AFTERMATH_VOID fires when every clock-delta scene is followed by two scenes with no curiosity rise
      ---
      duration_ms: 1.968514
      type: 'test'
      ...
    # Subtest: PAYOFF_CLOCK_DELTA_CURIOSITY_AFTERMATH_VOID does not fire when a clock-delta scene is followed by a curiosity rise within its window
    ok 6 - PAYOFF_CLOCK_DELTA_CURIOSITY_AFTERMATH_VOID does not fire when a clock-delta scene is followed by a curiosity rise within its window
      ---
      duration_ms: 0.872633
      type: 'test'
      ...
    1..6
ok 1610 - Wave 1140 — payoffPass: payoff suspense-curiosity aftermath void, payoff emotion-relational aftermath void, payoff clock-delta-curiosity aftermath void
  ---
  duration_ms: 7.079651
  type: 'suite'
  ...
# Subtest: Wave 1126 — payoffPass: payoff open-thread-staging aftermath void, payoff revelation-staging aftermath void, payoff revelation-dialogue-highlight aftermath void
    # Subtest: PAYOFF_OPEN_THREAD_STAGING_AFTERMATH_VOID fires when every heavy clue-debt scene is followed by two scenes with no heavily-staged scene
    ok 1 - PAYOFF_OPEN_THREAD_STAGING_AFTERMATH_VOID fires when every heavy clue-debt scene is followed by two scenes with no heavily-staged scene
      ---
      duration_ms: 1.213689
      type: 'test'
      ...
    # Subtest: PAYOFF_OPEN_THREAD_STAGING_AFTERMATH_VOID does not fire when a heavy clue-debt scene is followed by a heavily-staged scene within its window
    ok 2 - PAYOFF_OPEN_THREAD_STAGING_AFTERMATH_VOID does not fire when a heavy clue-debt scene is followed by a heavily-staged scene within its window
      ---
      duration_ms: 1.365288
      type: 'test'
      ...
    # Subtest: PAYOFF_REVELATION_STAGING_AFTERMATH_VOID fires when every revelation is followed by two scenes with no heavily-staged scene
    ok 3 - PAYOFF_REVELATION_STAGING_AFTERMATH_VOID fires when every revelation is followed by two scenes with no heavily-staged scene
      ---
      duration_ms: 1.109569
      type: 'test'
      ...
    # Subtest: PAYOFF_REVELATION_STAGING_AFTERMATH_VOID does not fire when a revelation is followed by a heavily-staged scene within its window
    ok 4 - PAYOFF_REVELATION_STAGING_AFTERMATH_VOID does not fire when a revelation is followed by a heavily-staged scene within its window
      ---
      duration_ms: 1.084483
      type: 'test'
      ...
    # Subtest: PAYOFF_REVELATION_DIALOGUE_HIGHLIGHT_AFTERMATH_VOID fires when every revelation is followed by two scenes with no highlighted dialogue
    ok 5 - PAYOFF_REVELATION_DIALOGUE_HIGHLIGHT_AFTERMATH_VOID fires when every revelation is followed by two scenes with no highlighted dialogue
      ---
      duration_ms: 1.324908
      type: 'test'
      ...
    # Subtest: PAYOFF_REVELATION_DIALOGUE_HIGHLIGHT_AFTERMATH_VOID does not fire when a revelation is followed by highlighted dialogue within its window
    ok 6 - PAYOFF_REVELATION_DIALOGUE_HIGHLIGHT_AFTERMATH_VOID does not fire when a revelation is followed by highlighted dialogue within its window
      ---
      duration_ms: 0.952867
      type: 'test'
      ...
    1..6
ok 1611 - Wave 1126 — payoffPass: payoff open-thread-staging aftermath void, payoff revelation-staging aftermath void, payoff revelation-dialogue-highlight aftermath void
  ---
  duration_ms: 7.311734
  type: 'suite'
  ...
# Subtest: Wave 1112 — payoffPass: payoff stakes-dialogue-highlight aftermath void, payoff stakes-staging aftermath void, payoff open-thread-dialogue-highlight aftermath void
    # Subtest: PAYOFF_STAKES_DIALOGUE_HIGHLIGHT_AFTERMATH_VOID fires when every stakes-raise is followed by two scenes with no highlighted dialogue
    ok 1 - PAYOFF_STAKES_DIALOGUE_HIGHLIGHT_AFTERMATH_VOID fires when every stakes-raise is followed by two scenes with no highlighted dialogue
      ---
      duration_ms: 1.280688
      type: 'test'
      ...
    # Subtest: PAYOFF_STAKES_DIALOGUE_HIGHLIGHT_AFTERMATH_VOID does not fire when a stakes-raise is followed by highlighted dialogue within its window
    ok 2 - PAYOFF_STAKES_DIALOGUE_HIGHLIGHT_AFTERMATH_VOID does not fire when a stakes-raise is followed by highlighted dialogue within its window
      ---
      duration_ms: 0.999068
      type: 'test'
      ...
    # Subtest: PAYOFF_STAKES_STAGING_AFTERMATH_VOID fires when every stakes-raise is followed by two scenes with no heavily-staged scene
    ok 3 - PAYOFF_STAKES_STAGING_AFTERMATH_VOID fires when every stakes-raise is followed by two scenes with no heavily-staged scene
      ---
      duration_ms: 1.241059
      type: 'test'
      ...
    # Subtest: PAYOFF_STAKES_STAGING_AFTERMATH_VOID does not fire when a stakes-raise is followed by a heavily-staged scene within its window
    ok 4 - PAYOFF_STAKES_STAGING_AFTERMATH_VOID does not fire when a stakes-raise is followed by a heavily-staged scene within its window
      ---
      duration_ms: 1.047841
      type: 'test'
      ...
    # Subtest: PAYOFF_OPEN_THREAD_DIALOGUE_HIGHLIGHT_AFTERMATH_VOID fires when every heavy clue-debt scene is followed by two scenes with no highlighted dialogue
    ok 5 - PAYOFF_OPEN_THREAD_DIALOGUE_HIGHLIGHT_AFTERMATH_VOID fires when every heavy clue-debt scene is followed by two scenes with no highlighted dialogue
      ---
      duration_ms: 1.497094
      type: 'test'
      ...
    # Subtest: PAYOFF_OPEN_THREAD_DIALOGUE_HIGHLIGHT_AFTERMATH_VOID does not fire when a heavy clue-debt scene is followed by highlighted dialogue within its window
    ok 6 - PAYOFF_OPEN_THREAD_DIALOGUE_HIGHLIGHT_AFTERMATH_VOID does not fire when a heavy clue-debt scene is followed by highlighted dialogue within its window
      ---
      duration_ms: 1.345873
      type: 'test'
      ...
    1..6
ok 1612 - Wave 1112 — payoffPass: payoff stakes-dialogue-highlight aftermath void, payoff stakes-staging aftermath void, payoff open-thread-dialogue-highlight aftermath void
  ---
  duration_ms: 7.692991
  type: 'suite'
  ...
# Subtest: Wave 1098 — payoffPass: payoff clock-dialogue-highlight aftermath void, payoff seed-staging aftermath void, payoff turn-staging aftermath void
    # Subtest: PAYOFF_CLOCK_DIALOGUE_HIGHLIGHT_AFTERMATH_VOID fires when every clock-raise is followed by two scenes with no highlighted dialogue
    ok 1 - PAYOFF_CLOCK_DIALOGUE_HIGHLIGHT_AFTERMATH_VOID fires when every clock-raise is followed by two scenes with no highlighted dialogue
      ---
      duration_ms: 1.331149
      type: 'test'
      ...
    # Subtest: PAYOFF_CLOCK_DIALOGUE_HIGHLIGHT_AFTERMATH_VOID does not fire when a clock-raise is followed by highlighted dialogue within its window
    ok 2 - PAYOFF_CLOCK_DIALOGUE_HIGHLIGHT_AFTERMATH_VOID does not fire when a clock-raise is followed by highlighted dialogue within its window
      ---
      duration_ms: 1.102555
      type: 'test'
      ...
    # Subtest: PAYOFF_SEED_STAGING_AFTERMATH_VOID fires when every seed is followed by two scenes with no visually dense scene
    ok 3 - PAYOFF_SEED_STAGING_AFTERMATH_VOID fires when every seed is followed by two scenes with no visually dense scene
      ---
      duration_ms: 1.588978
      type: 'test'
      ...
    # Subtest: PAYOFF_SEED_STAGING_AFTERMATH_VOID does not fire when a seed is followed by a visually dense scene within its window
    ok 4 - PAYOFF_SEED_STAGING_AFTERMATH_VOID does not fire when a seed is followed by a visually dense scene within its window
      ---
      duration_ms: 1.309431
      type: 'test'
      ...
    # Subtest: PAYOFF_TURN_STAGING_AFTERMATH_VOID fires when every dramatic turn is followed by two scenes with no visually dense scene
    ok 5 - PAYOFF_TURN_STAGING_AFTERMATH_VOID fires when every dramatic turn is followed by two scenes with no visually dense scene
      ---
      duration_ms: 0.901751
      type: 'test'
      ...
    # Subtest: PAYOFF_TURN_STAGING_AFTERMATH_VOID does not fire when a dramatic turn is followed by a visually dense scene within its window
    ok 6 - PAYOFF_TURN_STAGING_AFTERMATH_VOID does not fire when a dramatic turn is followed by a visually dense scene within its window
      ---
      duration_ms: 1.397896
      type: 'test'
      ...
    1..6
ok 1613 - Wave 1098 — payoffPass: payoff clock-dialogue-highlight aftermath void, payoff seed-staging aftermath void, payoff turn-staging aftermath void
  ---
  duration_ms: 7.99398
  type: 'suite'
  ...
# Subtest: Wave 1084 — payoffPass: payoff seed-relational aftermath void, payoff clock-suspense aftermath void, payoff turn-emotional aftermath void
    # Subtest: PAYOFF_SEED_RELATIONAL_AFTERMATH_VOID fires when every seed is followed by two scenes with no relationship shift
    ok 1 - PAYOFF_SEED_RELATIONAL_AFTERMATH_VOID fires when every seed is followed by two scenes with no relationship shift
      ---
      duration_ms: 9.049657
      type: 'test'
      ...
    # Subtest: PAYOFF_SEED_RELATIONAL_AFTERMATH_VOID does not fire when a seed is followed by a relationship shift within its window
    ok 2 - PAYOFF_SEED_RELATIONAL_AFTERMATH_VOID does not fire when a seed is followed by a relationship shift within its window
      ---
      duration_ms: 1.279569
      type: 'test'
      ...
    # Subtest: PAYOFF_CLOCK_SUSPENSE_AFTERMATH_VOID fires when every clock-raise is followed by two scenes with no suspense rise
    ok 3 - PAYOFF_CLOCK_SUSPENSE_AFTERMATH_VOID fires when every clock-raise is followed by two scenes with no suspense rise
      ---
      duration_ms: 0.983934
      type: 'test'
      ...
    # Subtest: PAYOFF_CLOCK_SUSPENSE_AFTERMATH_VOID does not fire when a clock-raise is followed by a suspense rise within its window
    ok 4 - PAYOFF_CLOCK_SUSPENSE_AFTERMATH_VOID does not fire when a clock-raise is followed by a suspense rise within its window
      ---
      duration_ms: 0.796123
      type: 'test'
      ...
    # Subtest: PAYOFF_TURN_EMOTIONAL_AFTERMATH_VOID fires when every dramatic turn is followed by two scenes with no emotional shift
    ok 5 - PAYOFF_TURN_EMOTIONAL_AFTERMATH_VOID fires when every dramatic turn is followed by two scenes with no emotional shift
      ---
      duration_ms: 0.91139
      type: 'test'
      ...
    # Subtest: PAYOFF_TURN_EMOTIONAL_AFTERMATH_VOID does not fire when a dramatic turn is followed by an emotional shift within its window
    ok 6 - PAYOFF_TURN_EMOTIONAL_AFTERMATH_VOID does not fire when a dramatic turn is followed by an emotional shift within its window
      ---
      duration_ms: 1.144409
      type: 'test'
      ...
    1..6
ok 1614 - Wave 1084 — payoffPass: payoff seed-relational aftermath void, payoff clock-suspense aftermath void, payoff turn-emotional aftermath void
  ---
  duration_ms: 14.454858
  type: 'suite'
  ...
# Subtest: Wave 1070 — payoffPass: payoff stakes-relational aftermath void, payoff open-thread-relational aftermath void, payoff revelation-suspense aftermath void
    # Subtest: PAYOFF_STAKES_RELATIONAL_AFTERMATH_VOID fires when every stakes-raise is followed by two scenes with no relationship shift
    ok 1 - PAYOFF_STAKES_RELATIONAL_AFTERMATH_VOID fires when every stakes-raise is followed by two scenes with no relationship shift
      ---
      duration_ms: 1.136644
      type: 'test'
      ...
    # Subtest: PAYOFF_STAKES_RELATIONAL_AFTERMATH_VOID does not fire when a stakes-raise is followed by a relationship shift within its window
    ok 2 - PAYOFF_STAKES_RELATIONAL_AFTERMATH_VOID does not fire when a stakes-raise is followed by a relationship shift within its window
      ---
      duration_ms: 0.926206
      type: 'test'
      ...
    # Subtest: PAYOFF_OPEN_THREAD_RELATIONAL_AFTERMATH_VOID fires when every heavy clue-debt scene is followed by two scenes with no relationship shift
    ok 3 - PAYOFF_OPEN_THREAD_RELATIONAL_AFTERMATH_VOID fires when every heavy clue-debt scene is followed by two scenes with no relationship shift
      ---
      duration_ms: 1.048142
      type: 'test'
      ...
    # Subtest: PAYOFF_OPEN_THREAD_RELATIONAL_AFTERMATH_VOID does not fire when a heavy clue-debt scene is followed by a relationship shift within its window
    ok 4 - PAYOFF_OPEN_THREAD_RELATIONAL_AFTERMATH_VOID does not fire when a heavy clue-debt scene is followed by a relationship shift within its window
      ---
      duration_ms: 0.917234
      type: 'test'
      ...
    # Subtest: PAYOFF_REVELATION_SUSPENSE_AFTERMATH_VOID fires when every revelation is followed by two scenes with no suspense rise
    ok 5 - PAYOFF_REVELATION_SUSPENSE_AFTERMATH_VOID fires when every revelation is followed by two scenes with no suspense rise
      ---
      duration_ms: 0.919723
      type: 'test'
      ...
    # Subtest: PAYOFF_REVELATION_SUSPENSE_AFTERMATH_VOID does not fire when a revelation is followed by a suspense rise within its window
    ok 6 - PAYOFF_REVELATION_SUSPENSE_AFTERMATH_VOID does not fire when a revelation is followed by a suspense rise within its window
      ---
      duration_ms: 1.471326
      type: 'test'
      ...
    1..6
ok 1615 - Wave 1070 — payoffPass: payoff stakes-relational aftermath void, payoff open-thread-relational aftermath void, payoff revelation-suspense aftermath void
  ---
  duration_ms: 6.738072
  type: 'suite'
  ...
# Subtest: Wave 1056 — payoffPass: payoff seed-suspense aftermath void, payoff clock-emotional aftermath void, payoff turn-relational aftermath void
    # Subtest: PAYOFF_SEED_SUSPENSE_AFTERMATH_VOID fires when every seed is followed by two scenes with no suspense rise
    ok 1 - PAYOFF_SEED_SUSPENSE_AFTERMATH_VOID fires when every seed is followed by two scenes with no suspense rise
      ---
      duration_ms: 1.292394
      type: 'test'
      ...
    # Subtest: PAYOFF_SEED_SUSPENSE_AFTERMATH_VOID does not fire when a seed is followed by a suspense rise within its window
    ok 2 - PAYOFF_SEED_SUSPENSE_AFTERMATH_VOID does not fire when a seed is followed by a suspense rise within its window
      ---
      duration_ms: 1.112785
      type: 'test'
      ...
    # Subtest: PAYOFF_CLOCK_EMOTIONAL_AFTERMATH_VOID fires when every clock-raise is followed by two scenes with no emotional shift
    ok 3 - PAYOFF_CLOCK_EMOTIONAL_AFTERMATH_VOID fires when every clock-raise is followed by two scenes with no emotional shift
      ---
      duration_ms: 0.983333
      type: 'test'
      ...
    # Subtest: PAYOFF_CLOCK_EMOTIONAL_AFTERMATH_VOID does not fire when a clock-raise is followed by an emotional shift within its window
    ok 4 - PAYOFF_CLOCK_EMOTIONAL_AFTERMATH_VOID does not fire when a clock-raise is followed by an emotional shift within its window
      ---
      duration_ms: 0.873121
      type: 'test'
      ...
    # Subtest: PAYOFF_TURN_RELATIONAL_AFTERMATH_VOID fires when every dramatic turn is followed by two scenes with no relationship shift
    ok 5 - PAYOFF_TURN_RELATIONAL_AFTERMATH_VOID fires when every dramatic turn is followed by two scenes with no relationship shift
      ---
      duration_ms: 0.965529
      type: 'test'
      ...
    # Subtest: PAYOFF_TURN_RELATIONAL_AFTERMATH_VOID does not fire when a dramatic turn is followed by a relationship shift within its window
    ok 6 - PAYOFF_TURN_RELATIONAL_AFTERMATH_VOID does not fire when a dramatic turn is followed by a relationship shift within its window
      ---
      duration_ms: 0.859484
      type: 'test'
      ...
    1..6
ok 1616 - Wave 1056 — payoffPass: payoff seed-suspense aftermath void, payoff clock-emotional aftermath void, payoff turn-relational aftermath void
  ---
  duration_ms: 6.424629
  type: 'suite'
  ...
# Subtest: Wave 1042 — payoffPass: payoff seed-curiosity aftermath void, payoff turn-curiosity aftermath void, payoff open-thread-curiosity aftermath void
    # Subtest: PAYOFF_SEED_CURIOSITY_AFTERMATH_VOID fires when every seed is followed by two scenes with no curiosity rise
    ok 1 - PAYOFF_SEED_CURIOSITY_AFTERMATH_VOID fires when every seed is followed by two scenes with no curiosity rise
      ---
      duration_ms: 0.978583
      type: 'test'
      ...
    # Subtest: PAYOFF_SEED_CURIOSITY_AFTERMATH_VOID does not fire when a seed is followed by a curiosity rise within its window
    ok 2 - PAYOFF_SEED_CURIOSITY_AFTERMATH_VOID does not fire when a seed is followed by a curiosity rise within its window
      ---
      duration_ms: 0.925364
      type: 'test'
      ...
    # Subtest: PAYOFF_TURN_CURIOSITY_AFTERMATH_VOID fires when every dramatic turn is followed by two scenes with no curiosity rise
    ok 3 - PAYOFF_TURN_CURIOSITY_AFTERMATH_VOID fires when every dramatic turn is followed by two scenes with no curiosity rise
      ---
      duration_ms: 0.978468
      type: 'test'
      ...
    # Subtest: PAYOFF_TURN_CURIOSITY_AFTERMATH_VOID does not fire when a dramatic turn is followed by a curiosity rise within its window
    ok 4 - PAYOFF_TURN_CURIOSITY_AFTERMATH_VOID does not fire when a dramatic turn is followed by a curiosity rise within its window
      ---
      duration_ms: 0.941095
      type: 'test'
      ...
    # Subtest: PAYOFF_OPEN_THREAD_CURIOSITY_AFTERMATH_VOID fires when every heavy clue-debt scene is followed by two scenes with no curiosity rise
    ok 5 - PAYOFF_OPEN_THREAD_CURIOSITY_AFTERMATH_VOID fires when every heavy clue-debt scene is followed by two scenes with no curiosity rise
      ---
      duration_ms: 0.924969
      type: 'test'
      ...
    # Subtest: PAYOFF_OPEN_THREAD_CURIOSITY_AFTERMATH_VOID does not fire when a heavy clue-debt scene is followed by a curiosity rise within its window
    ok 6 - PAYOFF_OPEN_THREAD_CURIOSITY_AFTERMATH_VOID does not fire when a heavy clue-debt scene is followed by a curiosity rise within its window
      ---
      duration_ms: 0.876905
      type: 'test'
      ...
    1..6
ok 1617 - Wave 1042 — payoffPass: payoff seed-curiosity aftermath void, payoff turn-curiosity aftermath void, payoff open-thread-curiosity aftermath void
  ---
  duration_ms: 5.917592
  type: 'suite'
  ...
# Subtest: Wave 1028 — payoffPass: payoff stakes-emotional aftermath void, payoff clock-relational aftermath void, payoff revelation-emotional aftermath void
    # Subtest: PAYOFF_STAKES_EMOTIONAL_AFTERMATH_VOID fires when every stakes-raise is followed by two scenes with no emotional shift
    ok 1 - PAYOFF_STAKES_EMOTIONAL_AFTERMATH_VOID fires when every stakes-raise is followed by two scenes with no emotional shift
      ---
      duration_ms: 1.088675
      type: 'test'
      ...
    # Subtest: PAYOFF_STAKES_EMOTIONAL_AFTERMATH_VOID does not fire when a stakes-raise is followed by an emotional shift within its window
    ok 2 - PAYOFF_STAKES_EMOTIONAL_AFTERMATH_VOID does not fire when a stakes-raise is followed by an emotional shift within its window
      ---
      duration_ms: 0.857992
      type: 'test'
      ...
    # Subtest: PAYOFF_CLOCK_RELATIONAL_AFTERMATH_VOID fires when every clock-raise is followed by two scenes with no relationship shift
    ok 3 - PAYOFF_CLOCK_RELATIONAL_AFTERMATH_VOID fires when every clock-raise is followed by two scenes with no relationship shift
      ---
      duration_ms: 0.885247
      type: 'test'
      ...
    # Subtest: PAYOFF_CLOCK_RELATIONAL_AFTERMATH_VOID does not fire when a clock-raise is followed by a relationship shift within its window
    ok 4 - PAYOFF_CLOCK_RELATIONAL_AFTERMATH_VOID does not fire when a clock-raise is followed by a relationship shift within its window
      ---
      duration_ms: 0.84064
      type: 'test'
      ...
    # Subtest: PAYOFF_REVELATION_EMOTIONAL_AFTERMATH_VOID fires when every revelation is followed by two scenes with no emotional shift
    ok 5 - PAYOFF_REVELATION_EMOTIONAL_AFTERMATH_VOID fires when every revelation is followed by two scenes with no emotional shift
      ---
      duration_ms: 0.987411
      type: 'test'
      ...
    # Subtest: PAYOFF_REVELATION_EMOTIONAL_AFTERMATH_VOID does not fire when a revelation is followed by an emotional shift within its window
    ok 6 - PAYOFF_REVELATION_EMOTIONAL_AFTERMATH_VOID does not fire when a revelation is followed by an emotional shift within its window
      ---
      duration_ms: 1.084708
      type: 'test'
      ...
    1..6
ok 1618 - Wave 1028 — payoffPass: payoff stakes-emotional aftermath void, payoff clock-relational aftermath void, payoff revelation-emotional aftermath void
  ---
  duration_ms: 6.000869
  type: 'suite'
  ...
# Subtest: Wave 1014 — payoffPass: payoff stakes-suspense aftermath void, payoff open-thread-emotional aftermath void, payoff revelation-curiosity aftermath void
    # Subtest: PAYOFF_STAKES_SUSPENSE_AFTERMATH_VOID fires when every stakes-raise is followed by two scenes with no rise in suspense
    ok 1 - PAYOFF_STAKES_SUSPENSE_AFTERMATH_VOID fires when every stakes-raise is followed by two scenes with no rise in suspense
      ---
      duration_ms: 0.956235
      type: 'test'
      ...
    # Subtest: PAYOFF_STAKES_SUSPENSE_AFTERMATH_VOID does not fire when a stakes-raise is followed by rising suspense within its window
    ok 2 - PAYOFF_STAKES_SUSPENSE_AFTERMATH_VOID does not fire when a stakes-raise is followed by rising suspense within its window
      ---
      duration_ms: 0.986901
      type: 'test'
      ...
    # Subtest: PAYOFF_OPEN_THREAD_EMOTIONAL_AFTERMATH_VOID fires when every heavy clue-debt scene is followed by two scenes with no emotional shift
    ok 3 - PAYOFF_OPEN_THREAD_EMOTIONAL_AFTERMATH_VOID fires when every heavy clue-debt scene is followed by two scenes with no emotional shift
      ---
      duration_ms: 0.995331
      type: 'test'
      ...
    # Subtest: PAYOFF_OPEN_THREAD_EMOTIONAL_AFTERMATH_VOID does not fire when a heavy clue-debt scene is followed by an emotional shift within its window
    ok 4 - PAYOFF_OPEN_THREAD_EMOTIONAL_AFTERMATH_VOID does not fire when a heavy clue-debt scene is followed by an emotional shift within its window
      ---
      duration_ms: 0.909845
      type: 'test'
      ...
    # Subtest: PAYOFF_REVELATION_CURIOSITY_AFTERMATH_VOID fires when every revelation is followed by two scenes with no new curiosity
    ok 5 - PAYOFF_REVELATION_CURIOSITY_AFTERMATH_VOID fires when every revelation is followed by two scenes with no new curiosity
      ---
      duration_ms: 0.886568
      type: 'test'
      ...
    # Subtest: PAYOFF_REVELATION_CURIOSITY_AFTERMATH_VOID does not fire when a revelation is followed by new curiosity within its window
    ok 6 - PAYOFF_REVELATION_CURIOSITY_AFTERMATH_VOID does not fire when a revelation is followed by new curiosity within its window
      ---
      duration_ms: 0.866438
      type: 'test'
      ...
    1..6
ok 1619 - Wave 1014 — payoffPass: payoff stakes-suspense aftermath void, payoff open-thread-emotional aftermath void, payoff revelation-curiosity aftermath void
  ---
  duration_ms: 5.893425
  type: 'suite'
  ...
# Subtest: Wave 1000 — payoffPass: payoff clock-curiosity aftermath void, payoff turn-suspense aftermath void, payoff seed-emotional aftermath void
    # Subtest: PAYOFF_CLOCK_CURIOSITY_AFTERMATH_VOID fires when every clock-raise is followed by two scenes with no new curiosity
    ok 1 - PAYOFF_CLOCK_CURIOSITY_AFTERMATH_VOID fires when every clock-raise is followed by two scenes with no new curiosity
      ---
      duration_ms: 1.182612
      type: 'test'
      ...
    # Subtest: PAYOFF_CLOCK_CURIOSITY_AFTERMATH_VOID does not fire when a clock-raise is followed by new curiosity within its window
    ok 2 - PAYOFF_CLOCK_CURIOSITY_AFTERMATH_VOID does not fire when a clock-raise is followed by new curiosity within its window
      ---
      duration_ms: 0.840072
      type: 'test'
      ...
    # Subtest: PAYOFF_TURN_SUSPENSE_AFTERMATH_VOID fires when every dramatic turn is followed by two scenes with no rise in suspense
    ok 3 - PAYOFF_TURN_SUSPENSE_AFTERMATH_VOID fires when every dramatic turn is followed by two scenes with no rise in suspense
      ---
      duration_ms: 0.833875
      type: 'test'
      ...
    # Subtest: PAYOFF_TURN_SUSPENSE_AFTERMATH_VOID does not fire when a dramatic turn is followed by rising suspense within its window
    ok 4 - PAYOFF_TURN_SUSPENSE_AFTERMATH_VOID does not fire when a dramatic turn is followed by rising suspense within its window
      ---
      duration_ms: 0.832881
      type: 'test'
      ...
    # Subtest: PAYOFF_SEED_EMOTIONAL_AFTERMATH_VOID fires when every seed is followed by two scenes with no emotional shift
    ok 5 - PAYOFF_SEED_EMOTIONAL_AFTERMATH_VOID fires when every seed is followed by two scenes with no emotional shift
      ---
      duration_ms: 0.960882
      type: 'test'
      ...
    # Subtest: PAYOFF_SEED_EMOTIONAL_AFTERMATH_VOID does not fire when a seed is followed by an emotional shift within its window
    ok 6 - PAYOFF_SEED_EMOTIONAL_AFTERMATH_VOID does not fire when a seed is followed by an emotional shift within its window
      ---
      duration_ms: 1.042394
      type: 'test'
      ...
    1..6
ok 1620 - Wave 1000 — payoffPass: payoff clock-curiosity aftermath void, payoff turn-suspense aftermath void, payoff seed-emotional aftermath void
  ---
  duration_ms: 5.959704
  type: 'suite'
  ...
# Subtest: Wave 986 — payoffPass: payoff stakes-curiosity aftermath void, payoff open-thread-suspense aftermath void, payoff revelation-relationship aftermath void
    # Subtest: PAYOFF_STAKES_CURIOSITY_AFTERMATH_VOID fires when every stakes-raise is followed by two scenes with no new curiosity
    ok 1 - PAYOFF_STAKES_CURIOSITY_AFTERMATH_VOID fires when every stakes-raise is followed by two scenes with no new curiosity
      ---
      duration_ms: 1.022639
      type: 'test'
      ...
    # Subtest: PAYOFF_STAKES_CURIOSITY_AFTERMATH_VOID does not fire when a stakes-raise is followed by new curiosity within its window
    ok 2 - PAYOFF_STAKES_CURIOSITY_AFTERMATH_VOID does not fire when a stakes-raise is followed by new curiosity within its window
      ---
      duration_ms: 0.892203
      type: 'test'
      ...
    # Subtest: PAYOFF_OPEN_THREAD_SUSPENSE_AFTERMATH_VOID fires when every heavy clue-debt scene is followed by two scenes with no rise in suspense
    ok 3 - PAYOFF_OPEN_THREAD_SUSPENSE_AFTERMATH_VOID fires when every heavy clue-debt scene is followed by two scenes with no rise in suspense
      ---
      duration_ms: 1.02525
      type: 'test'
      ...
    # Subtest: PAYOFF_OPEN_THREAD_SUSPENSE_AFTERMATH_VOID does not fire when a heavy clue-debt scene is followed by rising suspense within its window
    ok 4 - PAYOFF_OPEN_THREAD_SUSPENSE_AFTERMATH_VOID does not fire when a heavy clue-debt scene is followed by rising suspense within its window
      ---
      duration_ms: 0.88473
      type: 'test'
      ...
    # Subtest: PAYOFF_REVELATION_RELATIONSHIP_AFTERMATH_VOID fires when every revelation is followed by two scenes with no relationship shift
    ok 5 - PAYOFF_REVELATION_RELATIONSHIP_AFTERMATH_VOID fires when every revelation is followed by two scenes with no relationship shift
      ---
      duration_ms: 0.852698
      type: 'test'
      ...
    # Subtest: PAYOFF_REVELATION_RELATIONSHIP_AFTERMATH_VOID does not fire when a revelation is followed by a relationship shift within its window
    ok 6 - PAYOFF_REVELATION_RELATIONSHIP_AFTERMATH_VOID does not fire when a revelation is followed by a relationship shift within its window
      ---
      duration_ms: 0.833078
      type: 'test'
      ...
    1..6
ok 1621 - Wave 986 — payoffPass: payoff stakes-curiosity aftermath void, payoff open-thread-suspense aftermath void, payoff revelation-relationship aftermath void
  ---
  duration_ms: 5.849564
  type: 'suite'
  ...
# Subtest: Wave 972 — payoffPass: payoff clock zone imbalance, payoff clock delta zone imbalance, payoff highlight zone imbalance
    # Subtest: PAYOFF_CLOCK_ZONE_IMBALANCE fires when one zone is empty while another holds >=50% of clock-raising scenes
    ok 1 - PAYOFF_CLOCK_ZONE_IMBALANCE fires when one zone is empty while another holds >=50% of clock-raising scenes
      ---
      duration_ms: 1.036526
      type: 'test'
      ...
    # Subtest: PAYOFF_CLOCK_ZONE_IMBALANCE does not fire when clock-raising scenes touch every zone
    ok 2 - PAYOFF_CLOCK_ZONE_IMBALANCE does not fire when clock-raising scenes touch every zone
      ---
      duration_ms: 0.920287
      type: 'test'
      ...
    # Subtest: PAYOFF_CLOCK_DELTA_ZONE_IMBALANCE fires when one zone is empty while another holds >=50% of clock-moving scenes
    ok 3 - PAYOFF_CLOCK_DELTA_ZONE_IMBALANCE fires when one zone is empty while another holds >=50% of clock-moving scenes
      ---
      duration_ms: 0.887523
      type: 'test'
      ...
    # Subtest: PAYOFF_CLOCK_DELTA_ZONE_IMBALANCE does not fire when clock-moving scenes touch every zone
    ok 4 - PAYOFF_CLOCK_DELTA_ZONE_IMBALANCE does not fire when clock-moving scenes touch every zone
      ---
      duration_ms: 0.807749
      type: 'test'
      ...
    # Subtest: PAYOFF_HIGHLIGHT_ZONE_IMBALANCE fires when one zone is empty while another holds >=50% of dialogue-highlight scenes
    ok 5 - PAYOFF_HIGHLIGHT_ZONE_IMBALANCE fires when one zone is empty while another holds >=50% of dialogue-highlight scenes
      ---
      duration_ms: 0.882321
      type: 'test'
      ...
    # Subtest: PAYOFF_HIGHLIGHT_ZONE_IMBALANCE does not fire when dialogue-highlight scenes touch every zone
    ok 6 - PAYOFF_HIGHLIGHT_ZONE_IMBALANCE does not fire when dialogue-highlight scenes touch every zone
      ---
      duration_ms: 0.965362
      type: 'test'
      ...
    1..6
ok 1622 - Wave 972 — payoffPass: payoff clock zone imbalance, payoff clock delta zone imbalance, payoff highlight zone imbalance
  ---
  duration_ms: 5.901314
  type: 'suite'
  ...
# Subtest: Wave 958 — payoffPass: payoff curiosity zone imbalance, payoff revelation zone imbalance, payoff turn zone imbalance
    # Subtest: PAYOFF_CURIOSITY_ZONE_IMBALANCE fires when one zone is empty while another holds >=50% of curiosity-raising scenes
    ok 1 - PAYOFF_CURIOSITY_ZONE_IMBALANCE fires when one zone is empty while another holds >=50% of curiosity-raising scenes
      ---
      duration_ms: 1.047322
      type: 'test'
      ...
    # Subtest: PAYOFF_CURIOSITY_ZONE_IMBALANCE does not fire when curiosity-raising scenes touch every zone
    ok 2 - PAYOFF_CURIOSITY_ZONE_IMBALANCE does not fire when curiosity-raising scenes touch every zone
      ---
      duration_ms: 0.930422
      type: 'test'
      ...
    # Subtest: PAYOFF_REVELATION_ZONE_IMBALANCE fires when one zone is empty while another holds >=50% of revelation scenes
    ok 3 - PAYOFF_REVELATION_ZONE_IMBALANCE fires when one zone is empty while another holds >=50% of revelation scenes
      ---
      duration_ms: 0.760275
      type: 'test'
      ...
    # Subtest: PAYOFF_REVELATION_ZONE_IMBALANCE does not fire when revelation scenes touch every zone
    ok 4 - PAYOFF_REVELATION_ZONE_IMBALANCE does not fire when revelation scenes touch every zone
      ---
      duration_ms: 0.8162
      type: 'test'
      ...
    # Subtest: PAYOFF_TURN_ZONE_IMBALANCE fires when one zone is empty while another holds >=50% of dramatic-turn scenes
    ok 5 - PAYOFF_TURN_ZONE_IMBALANCE fires when one zone is empty while another holds >=50% of dramatic-turn scenes
      ---
      duration_ms: 0.924974
      type: 'test'
      ...
    # Subtest: PAYOFF_TURN_ZONE_IMBALANCE does not fire when dramatic-turn scenes touch every zone
    ok 6 - PAYOFF_TURN_ZONE_IMBALANCE does not fire when dramatic-turn scenes touch every zone
      ---
      duration_ms: 0.848079
      type: 'test'
      ...
    1..6
ok 1623 - Wave 958 — payoffPass: payoff curiosity zone imbalance, payoff revelation zone imbalance, payoff turn zone imbalance
  ---
  duration_ms: 5.671185
  type: 'suite'
  ...
# Subtest: Wave 944 — payoffPass: payoff positive emotion zone imbalance, payoff suspense zone imbalance, payoff relationship zone imbalance
    # Subtest: PAYOFF_POSITIVE_EMOTION_ZONE_IMBALANCE fires when one zone is empty while another holds >=50% of positive-shift scenes
    ok 1 - PAYOFF_POSITIVE_EMOTION_ZONE_IMBALANCE fires when one zone is empty while another holds >=50% of positive-shift scenes
      ---
      duration_ms: 1.181337
      type: 'test'
      ...
    # Subtest: PAYOFF_POSITIVE_EMOTION_ZONE_IMBALANCE does not fire when positive-shift scenes touch every zone
    ok 2 - PAYOFF_POSITIVE_EMOTION_ZONE_IMBALANCE does not fire when positive-shift scenes touch every zone
      ---
      duration_ms: 0.908852
      type: 'test'
      ...
    # Subtest: PAYOFF_SUSPENSE_ZONE_IMBALANCE fires when one zone is empty while another holds >=50% of suspense-raising scenes
    ok 3 - PAYOFF_SUSPENSE_ZONE_IMBALANCE fires when one zone is empty while another holds >=50% of suspense-raising scenes
      ---
      duration_ms: 0.817519
      type: 'test'
      ...
    # Subtest: PAYOFF_SUSPENSE_ZONE_IMBALANCE does not fire when suspense-raising scenes touch every zone
    ok 4 - PAYOFF_SUSPENSE_ZONE_IMBALANCE does not fire when suspense-raising scenes touch every zone
      ---
      duration_ms: 0.893258
      type: 'test'
      ...
    # Subtest: PAYOFF_RELATIONSHIP_ZONE_IMBALANCE fires when one zone is empty while another holds >=50% of relationship-shift scenes
    ok 5 - PAYOFF_RELATIONSHIP_ZONE_IMBALANCE fires when one zone is empty while another holds >=50% of relationship-shift scenes
      ---
      duration_ms: 0.987202
      type: 'test'
      ...
    # Subtest: PAYOFF_RELATIONSHIP_ZONE_IMBALANCE does not fire when relationship-shift scenes touch every zone
    ok 6 - PAYOFF_RELATIONSHIP_ZONE_IMBALANCE does not fire when relationship-shift scenes touch every zone
      ---
      duration_ms: 0.971518
      type: 'test'
      ...
    1..6
ok 1624 - Wave 944 — payoffPass: payoff positive emotion zone imbalance, payoff suspense zone imbalance, payoff relationship zone imbalance
  ---
  duration_ms: 6.105117
  type: 'suite'
  ...
# Subtest: Wave 930 — payoffPass: payoff stakes zone imbalance, payoff revelation purpose zone imbalance, payoff negative emotion zone imbalance
    # Subtest: PAYOFF_STAKES_ZONE_IMBALANCE fires when one zone is empty while another holds >=50% of stakes-raising scenes
    ok 1 - PAYOFF_STAKES_ZONE_IMBALANCE fires when one zone is empty while another holds >=50% of stakes-raising scenes
      ---
      duration_ms: 1.072624
      type: 'test'
      ...
    # Subtest: PAYOFF_STAKES_ZONE_IMBALANCE does not fire when stakes-raising scenes touch every zone
    ok 2 - PAYOFF_STAKES_ZONE_IMBALANCE does not fire when stakes-raising scenes touch every zone
      ---
      duration_ms: 0.819919
      type: 'test'
      ...
    # Subtest: PAYOFF_REVELATION_PURPOSE_ZONE_IMBALANCE fires when one zone is empty while another holds >=50% of revelation-purposed scenes
    ok 3 - PAYOFF_REVELATION_PURPOSE_ZONE_IMBALANCE fires when one zone is empty while another holds >=50% of revelation-purposed scenes
      ---
      duration_ms: 0.791097
      type: 'test'
      ...
    # Subtest: PAYOFF_REVELATION_PURPOSE_ZONE_IMBALANCE does not fire when revelation-purposed scenes touch every zone
    ok 4 - PAYOFF_REVELATION_PURPOSE_ZONE_IMBALANCE does not fire when revelation-purposed scenes touch every zone
      ---
      duration_ms: 0.923026
      type: 'test'
      ...
    # Subtest: PAYOFF_NEGATIVE_EMOTION_ZONE_IMBALANCE fires when one zone is empty while another holds >=50% of negative-shift scenes
    ok 5 - PAYOFF_NEGATIVE_EMOTION_ZONE_IMBALANCE fires when one zone is empty while another holds >=50% of negative-shift scenes
      ---
      duration_ms: 0.915382
      type: 'test'
      ...
    # Subtest: PAYOFF_NEGATIVE_EMOTION_ZONE_IMBALANCE does not fire when negative-shift scenes touch every zone
    ok 6 - PAYOFF_NEGATIVE_EMOTION_ZONE_IMBALANCE does not fire when negative-shift scenes touch every zone
      ---
      duration_ms: 0.867566
      type: 'test'
      ...
    1..6
ok 1625 - Wave 930 — payoffPass: payoff stakes zone imbalance, payoff revelation purpose zone imbalance, payoff negative emotion zone imbalance
  ---
  duration_ms: 5.797783
  type: 'suite'
  ...
# Subtest: Wave 916 — payoffPass: payoff revelation purpose zone cluster, payoff revelation purpose drought run, payoff character moment zone imbalance
    # Subtest: PAYOFF_REVELATION_PURPOSE_ZONE_CLUSTER fires when >75% of revelation-purposed scenes cluster in one third
    ok 1 - PAYOFF_REVELATION_PURPOSE_ZONE_CLUSTER fires when >75% of revelation-purposed scenes cluster in one third
      ---
      duration_ms: 0.984936
      type: 'test'
      ...
    # Subtest: PAYOFF_REVELATION_PURPOSE_ZONE_CLUSTER does not fire when revelation-purposed scenes spread across thirds
    ok 2 - PAYOFF_REVELATION_PURPOSE_ZONE_CLUSTER does not fire when revelation-purposed scenes spread across thirds
      ---
      duration_ms: 0.9483
      type: 'test'
      ...
    # Subtest: PAYOFF_REVELATION_PURPOSE_DROUGHT_RUN fires when a long run has no revelation-purposed scene
    ok 3 - PAYOFF_REVELATION_PURPOSE_DROUGHT_RUN fires when a long run has no revelation-purposed scene
      ---
      duration_ms: 0.91897
      type: 'test'
      ...
    # Subtest: PAYOFF_REVELATION_PURPOSE_DROUGHT_RUN does not fire when revelation-purposed scenes are evenly spread
    ok 4 - PAYOFF_REVELATION_PURPOSE_DROUGHT_RUN does not fire when revelation-purposed scenes are evenly spread
      ---
      duration_ms: 0.884983
      type: 'test'
      ...
    # Subtest: PAYOFF_CHARACTER_MOMENT_ZONE_IMBALANCE fires when one zone is empty while another holds >=50% of character-moment scenes
    ok 5 - PAYOFF_CHARACTER_MOMENT_ZONE_IMBALANCE fires when one zone is empty while another holds >=50% of character-moment scenes
      ---
      duration_ms: 0.977648
      type: 'test'
      ...
    # Subtest: PAYOFF_CHARACTER_MOMENT_ZONE_IMBALANCE does not fire when character-moment scenes touch every zone
    ok 6 - PAYOFF_CHARACTER_MOMENT_ZONE_IMBALANCE does not fire when character-moment scenes touch every zone
      ---
      duration_ms: 0.970146
      type: 'test'
      ...
    1..6
ok 1626 - Wave 916 — payoffPass: payoff revelation purpose zone cluster, payoff revelation purpose drought run, payoff character moment zone imbalance
  ---
  duration_ms: 5.941709
  type: 'suite'
  ...
# Subtest: Wave 902 — payoffPass: payoff turning point zone imbalance, payoff complicate zone imbalance, payoff introduce conflict zone imbalance
    # Subtest: PAYOFF_TURNING_POINT_ZONE_IMBALANCE fires when one zone is empty while another holds >=50% of turning-point scenes
    ok 1 - PAYOFF_TURNING_POINT_ZONE_IMBALANCE fires when one zone is empty while another holds >=50% of turning-point scenes
      ---
      duration_ms: 1.049857
      type: 'test'
      ...
    # Subtest: PAYOFF_TURNING_POINT_ZONE_IMBALANCE does not fire when turning-point scenes touch every zone
    ok 2 - PAYOFF_TURNING_POINT_ZONE_IMBALANCE does not fire when turning-point scenes touch every zone
      ---
      duration_ms: 0.927822
      type: 'test'
      ...
    # Subtest: PAYOFF_COMPLICATE_ZONE_IMBALANCE fires when one zone is empty while another holds >=50% of complicating scenes
    ok 3 - PAYOFF_COMPLICATE_ZONE_IMBALANCE fires when one zone is empty while another holds >=50% of complicating scenes
      ---
      duration_ms: 0.930171
      type: 'test'
      ...
    # Subtest: PAYOFF_COMPLICATE_ZONE_IMBALANCE does not fire when complicating scenes touch every zone
    ok 4 - PAYOFF_COMPLICATE_ZONE_IMBALANCE does not fire when complicating scenes touch every zone
      ---
      duration_ms: 0.979662
      type: 'test'
      ...
    # Subtest: PAYOFF_INTRODUCE_CONFLICT_ZONE_IMBALANCE fires when one zone is empty while another holds >=50% of conflict-introducing scenes
    ok 5 - PAYOFF_INTRODUCE_CONFLICT_ZONE_IMBALANCE fires when one zone is empty while another holds >=50% of conflict-introducing scenes
      ---
      duration_ms: 1.303372
      type: 'test'
      ...
    # Subtest: PAYOFF_INTRODUCE_CONFLICT_ZONE_IMBALANCE does not fire when conflict-introducing scenes touch every zone
    ok 6 - PAYOFF_INTRODUCE_CONFLICT_ZONE_IMBALANCE does not fire when conflict-introducing scenes touch every zone
      ---
      duration_ms: 1.068969
      type: 'test'
      ...
    1..6
ok 1627 - Wave 902 — payoffPass: payoff turning point zone imbalance, payoff complicate zone imbalance, payoff introduce conflict zone imbalance
  ---
  duration_ms: 6.690055
  type: 'suite'
  ...
# Subtest: Wave 888 — payoffPass: payoff climax zone imbalance, payoff establish world zone imbalance, payoff resolution zone imbalance
    # Subtest: PAYOFF_CLIMAX_ZONE_IMBALANCE fires when one zone is empty while another holds >=50% of climax-purposed scenes
    ok 1 - PAYOFF_CLIMAX_ZONE_IMBALANCE fires when one zone is empty while another holds >=50% of climax-purposed scenes
      ---
      duration_ms: 2.328764
      type: 'test'
      ...
    # Subtest: PAYOFF_CLIMAX_ZONE_IMBALANCE does not fire when climax-purposed scenes touch every zone
    ok 2 - PAYOFF_CLIMAX_ZONE_IMBALANCE does not fire when climax-purposed scenes touch every zone
      ---
      duration_ms: 1.322979
      type: 'test'
      ...
    # Subtest: PAYOFF_ESTABLISH_WORLD_ZONE_IMBALANCE fires when one zone is empty while another holds >=50% of world-establishing scenes
    ok 3 - PAYOFF_ESTABLISH_WORLD_ZONE_IMBALANCE fires when one zone is empty while another holds >=50% of world-establishing scenes
      ---
      duration_ms: 1.024816
      type: 'test'
      ...
    # Subtest: PAYOFF_ESTABLISH_WORLD_ZONE_IMBALANCE does not fire when world-establishing scenes touch every zone
    ok 4 - PAYOFF_ESTABLISH_WORLD_ZONE_IMBALANCE does not fire when world-establishing scenes touch every zone
      ---
      duration_ms: 1.359056
      type: 'test'
      ...
    # Subtest: PAYOFF_RESOLUTION_ZONE_IMBALANCE fires when one zone is empty while another holds >=50% of resolution-purposed scenes
    ok 5 - PAYOFF_RESOLUTION_ZONE_IMBALANCE fires when one zone is empty while another holds >=50% of resolution-purposed scenes
      ---
      duration_ms: 1.02554
      type: 'test'
      ...
    # Subtest: PAYOFF_RESOLUTION_ZONE_IMBALANCE does not fire when resolution-purposed scenes touch every zone
    ok 6 - PAYOFF_RESOLUTION_ZONE_IMBALANCE does not fire when resolution-purposed scenes touch every zone
      ---
      duration_ms: 0.971579
      type: 'test'
      ...
    1..6
ok 1628 - Wave 888 — payoffPass: payoff climax zone imbalance, payoff establish world zone imbalance, payoff resolution zone imbalance
  ---
  duration_ms: 8.306935
  type: 'suite'
  ...
# Subtest: Wave 874 — payoffPass: payoff resolution drought run, payoff complicate zone cluster, payoff complicate drought run
    # Subtest: PAYOFF_RESOLUTION_DROUGHT_RUN fires when a long run has no resolution-purposed scene
    ok 1 - PAYOFF_RESOLUTION_DROUGHT_RUN fires when a long run has no resolution-purposed scene
      ---
      duration_ms: 1.67413
      type: 'test'
      ...
    # Subtest: PAYOFF_RESOLUTION_DROUGHT_RUN does not fire when resolution-purposed scenes are evenly spread
    ok 2 - PAYOFF_RESOLUTION_DROUGHT_RUN does not fire when resolution-purposed scenes are evenly spread
      ---
      duration_ms: 1.235067
      type: 'test'
      ...
    # Subtest: PAYOFF_COMPLICATE_ZONE_CLUSTER fires when >75% of complicating scenes cluster in one third
    ok 3 - PAYOFF_COMPLICATE_ZONE_CLUSTER fires when >75% of complicating scenes cluster in one third
      ---
      duration_ms: 0.96705
      type: 'test'
      ...
    # Subtest: PAYOFF_COMPLICATE_ZONE_CLUSTER does not fire when complicating scenes spread across thirds
    ok 4 - PAYOFF_COMPLICATE_ZONE_CLUSTER does not fire when complicating scenes spread across thirds
      ---
      duration_ms: 1.153005
      type: 'test'
      ...
    # Subtest: PAYOFF_COMPLICATE_DROUGHT_RUN fires when a long run has no complicating scene
    ok 5 - PAYOFF_COMPLICATE_DROUGHT_RUN fires when a long run has no complicating scene
      ---
      duration_ms: 0.98216
      type: 'test'
      ...
    # Subtest: PAYOFF_COMPLICATE_DROUGHT_RUN does not fire when complicating scenes are evenly spread
    ok 6 - PAYOFF_COMPLICATE_DROUGHT_RUN does not fire when complicating scenes are evenly spread
      ---
      duration_ms: 13.478184
      type: 'test'
      ...
    1..6
ok 1629 - Wave 874 — payoffPass: payoff resolution drought run, payoff complicate zone cluster, payoff complicate drought run
  ---
  duration_ms: 19.853412
  type: 'suite'
  ...
# Subtest: Wave 860 — payoffPass: payoff climax drought run, payoff establish world drought run, payoff resolution zone cluster
    # Subtest: PAYOFF_CLIMAX_DROUGHT_RUN fires when a long run has no climax-purposed scene
    ok 1 - PAYOFF_CLIMAX_DROUGHT_RUN fires when a long run has no climax-purposed scene
      ---
      duration_ms: 1.324349
      type: 'test'
      ...
    # Subtest: PAYOFF_CLIMAX_DROUGHT_RUN does not fire when climax-purposed scenes are evenly spread
    ok 2 - PAYOFF_CLIMAX_DROUGHT_RUN does not fire when climax-purposed scenes are evenly spread
      ---
      duration_ms: 0.764394
      type: 'test'
      ...
    # Subtest: PAYOFF_ESTABLISH_WORLD_DROUGHT_RUN fires when a long run has no world-establishing scene
    ok 3 - PAYOFF_ESTABLISH_WORLD_DROUGHT_RUN fires when a long run has no world-establishing scene
      ---
      duration_ms: 0.8504
      type: 'test'
      ...
    # Subtest: PAYOFF_ESTABLISH_WORLD_DROUGHT_RUN does not fire when world-establishing scenes are evenly spread
    ok 4 - PAYOFF_ESTABLISH_WORLD_DROUGHT_RUN does not fire when world-establishing scenes are evenly spread
      ---
      duration_ms: 0.792272
      type: 'test'
      ...
    # Subtest: PAYOFF_RESOLUTION_ZONE_CLUSTER fires when >75% of resolution-purposed scenes cluster in one third
    ok 5 - PAYOFF_RESOLUTION_ZONE_CLUSTER fires when >75% of resolution-purposed scenes cluster in one third
      ---
      duration_ms: 0.832298
      type: 'test'
      ...
    # Subtest: PAYOFF_RESOLUTION_ZONE_CLUSTER does not fire when resolution-purposed scenes spread across thirds
    ok 6 - PAYOFF_RESOLUTION_ZONE_CLUSTER does not fire when resolution-purposed scenes spread across thirds
      ---
      duration_ms: 0.767197
      type: 'test'
      ...
    1..6
ok 1630 - Wave 860 — payoffPass: payoff climax drought run, payoff establish world drought run, payoff resolution zone cluster
  ---
  duration_ms: 5.623363
  type: 'suite'
  ...
# Subtest: Wave 846 — payoffPass: payoff positive emotion drought run, payoff establish world zone cluster, payoff climax zone cluster
    # Subtest: PAYOFF_POSITIVE_EMOTION_DROUGHT_RUN fires when a long run has no positive-emotion charge
    ok 1 - PAYOFF_POSITIVE_EMOTION_DROUGHT_RUN fires when a long run has no positive-emotion charge
      ---
      duration_ms: 1.006483
      type: 'test'
      ...
    # Subtest: PAYOFF_POSITIVE_EMOTION_DROUGHT_RUN does not fire when positive-emotion scenes are evenly spread
    ok 2 - PAYOFF_POSITIVE_EMOTION_DROUGHT_RUN does not fire when positive-emotion scenes are evenly spread
      ---
      duration_ms: 0.831581
      type: 'test'
      ...
    # Subtest: PAYOFF_ESTABLISH_WORLD_ZONE_CLUSTER fires when >75% of world-establishing scenes cluster in one third
    ok 3 - PAYOFF_ESTABLISH_WORLD_ZONE_CLUSTER fires when >75% of world-establishing scenes cluster in one third
      ---
      duration_ms: 0.798343
      type: 'test'
      ...
    # Subtest: PAYOFF_ESTABLISH_WORLD_ZONE_CLUSTER does not fire when world-establishing scenes spread across thirds
    ok 4 - PAYOFF_ESTABLISH_WORLD_ZONE_CLUSTER does not fire when world-establishing scenes spread across thirds
      ---
      duration_ms: 1.46075
      type: 'test'
      ...
    # Subtest: PAYOFF_CLIMAX_ZONE_CLUSTER fires when >75% of climax-purposed scenes cluster in one third
    ok 5 - PAYOFF_CLIMAX_ZONE_CLUSTER fires when >75% of climax-purposed scenes cluster in one third
      ---
      duration_ms: 2.905766
      type: 'test'
      ...
    # Subtest: PAYOFF_CLIMAX_ZONE_CLUSTER does not fire when climax-purposed scenes spread across thirds
    ok 6 - PAYOFF_CLIMAX_ZONE_CLUSTER does not fire when climax-purposed scenes spread across thirds
      ---
      duration_ms: 0.912321
      type: 'test'
      ...
    1..6
ok 1631 - Wave 846 — payoffPass: payoff positive emotion drought run, payoff establish world zone cluster, payoff climax zone cluster
  ---
  duration_ms: 8.188305
  type: 'suite'
  ...
# Subtest: Wave 832 — payoffPass: payoff introduce conflict zone cluster, payoff introduce conflict drought run, payoff positive emotion zone cluster
    # Subtest: PAYOFF_INTRODUCE_CONFLICT_ZONE_CLUSTER fires when >75% of conflict-introducing scenes cluster in one third
    ok 1 - PAYOFF_INTRODUCE_CONFLICT_ZONE_CLUSTER fires when >75% of conflict-introducing scenes cluster in one third
      ---
      duration_ms: 1.079923
      type: 'test'
      ...
    # Subtest: PAYOFF_INTRODUCE_CONFLICT_ZONE_CLUSTER does not fire when conflict-introducing scenes spread across thirds
    ok 2 - PAYOFF_INTRODUCE_CONFLICT_ZONE_CLUSTER does not fire when conflict-introducing scenes spread across thirds
      ---
      duration_ms: 0.76322
      type: 'test'
      ...
    # Subtest: PAYOFF_INTRODUCE_CONFLICT_DROUGHT_RUN fires when a long run has no new conflict
    ok 3 - PAYOFF_INTRODUCE_CONFLICT_DROUGHT_RUN fires when a long run has no new conflict
      ---
      duration_ms: 0.773376
      type: 'test'
      ...
    # Subtest: PAYOFF_INTRODUCE_CONFLICT_DROUGHT_RUN does not fire when conflict-introducing scenes are evenly spread
    ok 4 - PAYOFF_INTRODUCE_CONFLICT_DROUGHT_RUN does not fire when conflict-introducing scenes are evenly spread
      ---
      duration_ms: 0.770688
      type: 'test'
      ...
    # Subtest: PAYOFF_POSITIVE_EMOTION_ZONE_CLUSTER fires when >75% of positive-emotion scenes cluster in one third
    ok 5 - PAYOFF_POSITIVE_EMOTION_ZONE_CLUSTER fires when >75% of positive-emotion scenes cluster in one third
      ---
      duration_ms: 0.701138
      type: 'test'
      ...
    # Subtest: PAYOFF_POSITIVE_EMOTION_ZONE_CLUSTER does not fire when positive-emotion scenes spread across thirds
    ok 6 - PAYOFF_POSITIVE_EMOTION_ZONE_CLUSTER does not fire when positive-emotion scenes spread across thirds
      ---
      duration_ms: 0.77056
      type: 'test'
      ...
    1..6
ok 1632 - Wave 832 — payoffPass: payoff introduce conflict zone cluster, payoff introduce conflict drought run, payoff positive emotion zone cluster
  ---
  duration_ms: 5.180296
  type: 'suite'
  ...
# Subtest: Wave 818 — payoffPass: payoff character moment drought run, payoff turning point zone cluster, payoff turning point drought run
    # Subtest: PAYOFF_CHARACTER_MOMENT_DROUGHT_RUN fires when a long run has no character moment
    ok 1 - PAYOFF_CHARACTER_MOMENT_DROUGHT_RUN fires when a long run has no character moment
      ---
      duration_ms: 0.898678
      type: 'test'
      ...
    # Subtest: PAYOFF_CHARACTER_MOMENT_DROUGHT_RUN does not fire when character moments are evenly spread
    ok 2 - PAYOFF_CHARACTER_MOMENT_DROUGHT_RUN does not fire when character moments are evenly spread
      ---
      duration_ms: 2.026387
      type: 'test'
      ...
    # Subtest: PAYOFF_TURNING_POINT_ZONE_CLUSTER fires when >75% of turning-point scenes cluster in one third
    ok 3 - PAYOFF_TURNING_POINT_ZONE_CLUSTER fires when >75% of turning-point scenes cluster in one third
      ---
      duration_ms: 0.783771
      type: 'test'
      ...
    # Subtest: PAYOFF_TURNING_POINT_ZONE_CLUSTER does not fire when turning-point scenes spread across thirds
    ok 4 - PAYOFF_TURNING_POINT_ZONE_CLUSTER does not fire when turning-point scenes spread across thirds
      ---
      duration_ms: 0.747956
      type: 'test'
      ...
    # Subtest: PAYOFF_TURNING_POINT_DROUGHT_RUN fires when a long run has no turning point
    ok 5 - PAYOFF_TURNING_POINT_DROUGHT_RUN fires when a long run has no turning point
      ---
      duration_ms: 0.835545
      type: 'test'
      ...
    # Subtest: PAYOFF_TURNING_POINT_DROUGHT_RUN does not fire when turning points are evenly spread
    ok 6 - PAYOFF_TURNING_POINT_DROUGHT_RUN does not fire when turning points are evenly spread
      ---
      duration_ms: 1.58889
      type: 'test'
      ...
    1..6
ok 1633 - Wave 818 — payoffPass: payoff character moment drought run, payoff turning point zone cluster, payoff turning point drought run
  ---
  duration_ms: 7.149785
  type: 'suite'
  ...
# Subtest: Wave 804 — payoffPass: payoff suspense peak uncaused, payoff revelation peak uncaused, payoff character moment zone cluster
    # Subtest: PAYOFF_SUSPENSE_PEAK_UNCAUSED fires when the peak suspense scene has no preparing cause nearby
    ok 1 - PAYOFF_SUSPENSE_PEAK_UNCAUSED fires when the peak suspense scene has no preparing cause nearby
      ---
      duration_ms: 0.824633
      type: 'test'
      ...
    # Subtest: PAYOFF_SUSPENSE_PEAK_UNCAUSED does not fire when a preparing cause precedes the peak suspense scene
    ok 2 - PAYOFF_SUSPENSE_PEAK_UNCAUSED does not fire when a preparing cause precedes the peak suspense scene
      ---
      duration_ms: 0.683825
      type: 'test'
      ...
    # Subtest: PAYOFF_REVELATION_PEAK_UNCAUSED fires when the revelation scene has no dramatic turn nearby
    ok 3 - PAYOFF_REVELATION_PEAK_UNCAUSED fires when the revelation scene has no dramatic turn nearby
      ---
      duration_ms: 0.818037
      type: 'test'
      ...
    # Subtest: PAYOFF_REVELATION_PEAK_UNCAUSED does not fire when a dramatic turn precedes the revelation scene
    ok 4 - PAYOFF_REVELATION_PEAK_UNCAUSED does not fire when a dramatic turn precedes the revelation scene
      ---
      duration_ms: 0.763346
      type: 'test'
      ...
    # Subtest: PAYOFF_CHARACTER_MOMENT_ZONE_CLUSTER fires when >75% of character-moment scenes cluster in one third
    ok 5 - PAYOFF_CHARACTER_MOMENT_ZONE_CLUSTER fires when >75% of character-moment scenes cluster in one third
      ---
      duration_ms: 0.744162
      type: 'test'
      ...
    # Subtest: PAYOFF_CHARACTER_MOMENT_ZONE_CLUSTER does not fire when character-moment scenes spread across thirds
    ok 6 - PAYOFF_CHARACTER_MOMENT_ZONE_CLUSTER does not fire when character-moment scenes spread across thirds
      ---
      duration_ms: 0.682978
      type: 'test'
      ...
    1..6
ok 1634 - Wave 804 — payoffPass: payoff suspense peak uncaused, payoff revelation peak uncaused, payoff character moment zone cluster
  ---
  duration_ms: 4.825966
  type: 'suite'
  ...
# Subtest: Wave 790 — payoffPass: payoff suspense drought run, payoff revelation zone cluster, payoff revelation drought run
    # Subtest: PAYOFF_SUSPENSE_DROUGHT_RUN fires when a long run has no rising suspense
    ok 1 - PAYOFF_SUSPENSE_DROUGHT_RUN fires when a long run has no rising suspense
      ---
      duration_ms: 0.944614
      type: 'test'
      ...
    # Subtest: PAYOFF_SUSPENSE_DROUGHT_RUN does not fire when suspense rises are evenly spread
    ok 2 - PAYOFF_SUSPENSE_DROUGHT_RUN does not fire when suspense rises are evenly spread
      ---
      duration_ms: 0.922904
      type: 'test'
      ...
    # Subtest: PAYOFF_REVELATION_ZONE_CLUSTER fires when >75% of revelation scenes cluster in one third
    ok 3 - PAYOFF_REVELATION_ZONE_CLUSTER fires when >75% of revelation scenes cluster in one third
      ---
      duration_ms: 0.78334
      type: 'test'
      ...
    # Subtest: PAYOFF_REVELATION_ZONE_CLUSTER does not fire when revelation scenes spread across thirds
    ok 4 - PAYOFF_REVELATION_ZONE_CLUSTER does not fire when revelation scenes spread across thirds
      ---
      duration_ms: 0.777157
      type: 'test'
      ...
    # Subtest: PAYOFF_REVELATION_DROUGHT_RUN fires when a long run has no revelation
    ok 5 - PAYOFF_REVELATION_DROUGHT_RUN fires when a long run has no revelation
      ---
      duration_ms: 0.802535
      type: 'test'
      ...
    # Subtest: PAYOFF_REVELATION_DROUGHT_RUN does not fire when revelations are evenly spread
    ok 6 - PAYOFF_REVELATION_DROUGHT_RUN does not fire when revelations are evenly spread
      ---
      duration_ms: 0.777902
      type: 'test'
      ...
    1..6
ok 1635 - Wave 790 — payoffPass: payoff suspense drought run, payoff revelation zone cluster, payoff revelation drought run
  ---
  duration_ms: 5.259769
  type: 'suite'
  ...
# Subtest: Wave 776 — payoffPass: payoff curiosity peak uncaused, payoff curiosity zone cluster, payoff suspense zone cluster
    # Subtest: PAYOFF_CURIOSITY_PEAK_UNCAUSED fires when the peak curiosity scene has no preparing cause nearby
    ok 1 - PAYOFF_CURIOSITY_PEAK_UNCAUSED fires when the peak curiosity scene has no preparing cause nearby
      ---
      duration_ms: 0.788174
      type: 'test'
      ...
    # Subtest: PAYOFF_CURIOSITY_PEAK_UNCAUSED does not fire when a preparing cause precedes the peak curiosity scene
    ok 2 - PAYOFF_CURIOSITY_PEAK_UNCAUSED does not fire when a preparing cause precedes the peak curiosity scene
      ---
      duration_ms: 0.713748
      type: 'test'
      ...
    # Subtest: PAYOFF_CURIOSITY_ZONE_CLUSTER fires when >75% of curiosity-positive scenes cluster in one third
    ok 3 - PAYOFF_CURIOSITY_ZONE_CLUSTER fires when >75% of curiosity-positive scenes cluster in one third
      ---
      duration_ms: 0.758338
      type: 'test'
      ...
    # Subtest: PAYOFF_CURIOSITY_ZONE_CLUSTER does not fire when curiosity-positive scenes spread across thirds
    ok 4 - PAYOFF_CURIOSITY_ZONE_CLUSTER does not fire when curiosity-positive scenes spread across thirds
      ---
      duration_ms: 0.778113
      type: 'test'
      ...
    # Subtest: PAYOFF_SUSPENSE_ZONE_CLUSTER fires when >75% of suspense-positive scenes cluster in one third
    ok 5 - PAYOFF_SUSPENSE_ZONE_CLUSTER fires when >75% of suspense-positive scenes cluster in one third
      ---
      duration_ms: 0.789547
      type: 'test'
      ...
    # Subtest: PAYOFF_SUSPENSE_ZONE_CLUSTER does not fire when suspense-positive scenes spread across thirds
    ok 6 - PAYOFF_SUSPENSE_ZONE_CLUSTER does not fire when suspense-positive scenes spread across thirds
      ---
      duration_ms: 0.960191
      type: 'test'
      ...
    1..6
ok 1636 - Wave 776 — payoffPass: payoff curiosity peak uncaused, payoff curiosity zone cluster, payoff suspense zone cluster
  ---
  duration_ms: 5.037077
  type: 'suite'
  ...
# Subtest: Wave 762 — payoffPass: payoff clock zone cluster, payoff negative emotion drought run, payoff curiosity drought run
    # Subtest: PAYOFF_CLOCK_ZONE_CLUSTER fires when >75% of clockRaised scenes cluster in one third
    ok 1 - PAYOFF_CLOCK_ZONE_CLUSTER fires when >75% of clockRaised scenes cluster in one third
      ---
      duration_ms: 0.878467
      type: 'test'
      ...
    # Subtest: PAYOFF_CLOCK_ZONE_CLUSTER does not fire when clockRaised scenes are distributed across thirds
    ok 2 - PAYOFF_CLOCK_ZONE_CLUSTER does not fire when clockRaised scenes are distributed across thirds
      ---
      duration_ms: 0.650109
      type: 'test'
      ...
    # Subtest: PAYOFF_NEGATIVE_EMOTION_DROUGHT_RUN fires when the longest no-negative-emotion run reaches 6
    ok 3 - PAYOFF_NEGATIVE_EMOTION_DROUGHT_RUN fires when the longest no-negative-emotion run reaches 6
      ---
      duration_ms: 1.266426
      type: 'test'
      ...
    # Subtest: PAYOFF_NEGATIVE_EMOTION_DROUGHT_RUN does not fire when negative emotion is spread through the story
    ok 4 - PAYOFF_NEGATIVE_EMOTION_DROUGHT_RUN does not fire when negative emotion is spread through the story
      ---
      duration_ms: 0.806319
      type: 'test'
      ...
    # Subtest: PAYOFF_CURIOSITY_DROUGHT_RUN fires when the longest no-rising-curiosity run reaches 6
    ok 5 - PAYOFF_CURIOSITY_DROUGHT_RUN fires when the longest no-rising-curiosity run reaches 6
      ---
      duration_ms: 0.818389
      type: 'test'
      ...
    # Subtest: PAYOFF_CURIOSITY_DROUGHT_RUN does not fire when rising curiosity is spread through the story
    ok 6 - PAYOFF_CURIOSITY_DROUGHT_RUN does not fire when rising curiosity is spread through the story
      ---
      duration_ms: 0.881879
      type: 'test'
      ...
    1..6
ok 1637 - Wave 762 — payoffPass: payoff clock zone cluster, payoff negative emotion drought run, payoff curiosity drought run
  ---
  duration_ms: 5.557903
  type: 'suite'
  ...
# Subtest: Wave 748 — payoffPass: payoff clock delta zone cluster, payoff turn zone cluster, payoff stakes drought run
    # Subtest: PAYOFF_CLOCK_DELTA_ZONE_CLUSTER fires when >75% of clock-shifting scenes cluster in one third
    ok 1 - PAYOFF_CLOCK_DELTA_ZONE_CLUSTER fires when >75% of clock-shifting scenes cluster in one third
      ---
      duration_ms: 0.973884
      type: 'test'
      ...
    # Subtest: PAYOFF_CLOCK_DELTA_ZONE_CLUSTER does not fire when clock movement is distributed across thirds
    ok 2 - PAYOFF_CLOCK_DELTA_ZONE_CLUSTER does not fire when clock movement is distributed across thirds
      ---
      duration_ms: 0.824766
      type: 'test'
      ...
    # Subtest: PAYOFF_TURN_ZONE_CLUSTER fires when >75% of dramatic-turn scenes cluster in one third
    ok 3 - PAYOFF_TURN_ZONE_CLUSTER fires when >75% of dramatic-turn scenes cluster in one third
      ---
      duration_ms: 0.752584
      type: 'test'
      ...
    # Subtest: PAYOFF_TURN_ZONE_CLUSTER does not fire when dramatic-turn scenes are distributed across thirds
    ok 4 - PAYOFF_TURN_ZONE_CLUSTER does not fire when dramatic-turn scenes are distributed across thirds
      ---
      duration_ms: 0.754331
      type: 'test'
      ...
    # Subtest: PAYOFF_STAKES_DROUGHT_RUN fires when the longest no-stakes-raise run reaches 6
    ok 5 - PAYOFF_STAKES_DROUGHT_RUN fires when the longest no-stakes-raise run reaches 6
      ---
      duration_ms: 0.858927
      type: 'test'
      ...
    # Subtest: PAYOFF_STAKES_DROUGHT_RUN does not fire when stakes-raising scenes are spread through the story
    ok 6 - PAYOFF_STAKES_DROUGHT_RUN does not fire when stakes-raising scenes are spread through the story
      ---
      duration_ms: 0.720051
      type: 'test'
      ...
    1..6
ok 1638 - Wave 748 — payoffPass: payoff clock delta zone cluster, payoff turn zone cluster, payoff stakes drought run
  ---
  duration_ms: 5.159786
  type: 'suite'
  ...
# Subtest: Wave 734 — payoffPass: payoff relationship zone cluster, payoff seed zone cluster, payoff clock delta drought run
    # Subtest: PAYOFF_RELATIONSHIP_ZONE_CLUSTER fires when >75% of relationship-shift scenes cluster in one third
    ok 1 - PAYOFF_RELATIONSHIP_ZONE_CLUSTER fires when >75% of relationship-shift scenes cluster in one third
      ---
      duration_ms: 0.930831
      type: 'test'
      ...
    # Subtest: PAYOFF_RELATIONSHIP_ZONE_CLUSTER does not fire when relationship-shift scenes are distributed across thirds
    ok 2 - PAYOFF_RELATIONSHIP_ZONE_CLUSTER does not fire when relationship-shift scenes are distributed across thirds
      ---
      duration_ms: 1.636742
      type: 'test'
      ...
    # Subtest: PAYOFF_SEED_ZONE_CLUSTER fires when >75% of seed scenes cluster in one third
    ok 3 - PAYOFF_SEED_ZONE_CLUSTER fires when >75% of seed scenes cluster in one third
      ---
      duration_ms: 0.880409
      type: 'test'
      ...
    # Subtest: PAYOFF_SEED_ZONE_CLUSTER does not fire when seed scenes are distributed across thirds
    ok 4 - PAYOFF_SEED_ZONE_CLUSTER does not fire when seed scenes are distributed across thirds
      ---
      duration_ms: 0.833793
      type: 'test'
      ...
    # Subtest: PAYOFF_CLOCK_DELTA_DROUGHT_RUN fires when the longest no-clock-movement run reaches 6
    ok 5 - PAYOFF_CLOCK_DELTA_DROUGHT_RUN fires when the longest no-clock-movement run reaches 6
      ---
      duration_ms: 0.812906
      type: 'test'
      ...
    # Subtest: PAYOFF_CLOCK_DELTA_DROUGHT_RUN does not fire when clock movement is spread through the story
    ok 6 - PAYOFF_CLOCK_DELTA_DROUGHT_RUN does not fire when clock movement is spread through the story
      ---
      duration_ms: 0.770204
      type: 'test'
      ...
    1..6
ok 1639 - Wave 734 — payoffPass: payoff relationship zone cluster, payoff seed zone cluster, payoff clock delta drought run
  ---
  duration_ms: 6.226901
  type: 'suite'
  ...
# Subtest: Wave 720 — payoffPass: payoff highlight peak uncaused, payoff open thread drought run, payoff relationship drought run
    # Subtest: PAYOFF_HIGHLIGHT_PEAK_UNCAUSED fires when the peak highlighted-dialogue scene has no dramatic turn or revelation nearby
    ok 1 - PAYOFF_HIGHLIGHT_PEAK_UNCAUSED fires when the peak highlighted-dialogue scene has no dramatic turn or revelation nearby
      ---
      duration_ms: 0.822364
      type: 'test'
      ...
    # Subtest: PAYOFF_HIGHLIGHT_PEAK_UNCAUSED does not fire when a dramatic turn precedes the peak within the lookback
    ok 2 - PAYOFF_HIGHLIGHT_PEAK_UNCAUSED does not fire when a dramatic turn precedes the peak within the lookback
      ---
      duration_ms: 0.673961
      type: 'test'
      ...
    # Subtest: PAYOFF_OPEN_THREAD_DROUGHT_RUN fires when the longest no-open-thread run is ≥6
    ok 3 - PAYOFF_OPEN_THREAD_DROUGHT_RUN fires when the longest no-open-thread run is ≥6
      ---
      duration_ms: 0.947153
      type: 'test'
      ...
    # Subtest: PAYOFF_OPEN_THREAD_DROUGHT_RUN does not fire when open threads are distributed without a long drought
    ok 4 - PAYOFF_OPEN_THREAD_DROUGHT_RUN does not fire when open threads are distributed without a long drought
      ---
      duration_ms: 0.819652
      type: 'test'
      ...
    # Subtest: PAYOFF_RELATIONSHIP_DROUGHT_RUN fires when the longest no-shift run is ≥6
    ok 5 - PAYOFF_RELATIONSHIP_DROUGHT_RUN fires when the longest no-shift run is ≥6
      ---
      duration_ms: 0.858679
      type: 'test'
      ...
    # Subtest: PAYOFF_RELATIONSHIP_DROUGHT_RUN does not fire when shifts are distributed without a long drought
    ok 6 - PAYOFF_RELATIONSHIP_DROUGHT_RUN does not fire when shifts are distributed without a long drought
      ---
      duration_ms: 0.800331
      type: 'test'
      ...
    1..6
ok 1640 - Wave 720 — payoffPass: payoff highlight peak uncaused, payoff open thread drought run, payoff relationship drought run
  ---
  duration_ms: 5.173375
  type: 'suite'
  ...
# Subtest: Wave 706 — payoffPass: payoff staging drought run, payoff highlight zone cluster, payoff open thread peak uncaused
    # Subtest: PAYOFF_STAGING_DROUGHT_RUN fires when the longest no-visual-beat run is ≥6
    ok 1 - PAYOFF_STAGING_DROUGHT_RUN fires when the longest no-visual-beat run is ≥6
      ---
      duration_ms: 1.028229
      type: 'test'
      ...
    # Subtest: PAYOFF_STAGING_DROUGHT_RUN does not fire when visual beats are distributed without a long drought
    ok 2 - PAYOFF_STAGING_DROUGHT_RUN does not fire when visual beats are distributed without a long drought
      ---
      duration_ms: 0.777521
      type: 'test'
      ...
    # Subtest: PAYOFF_HIGHLIGHT_ZONE_CLUSTER fires when >75% of highlighted-dialogue scenes cluster in one third
    ok 3 - PAYOFF_HIGHLIGHT_ZONE_CLUSTER fires when >75% of highlighted-dialogue scenes cluster in one third
      ---
      duration_ms: 0.741648
      type: 'test'
      ...
    # Subtest: PAYOFF_HIGHLIGHT_ZONE_CLUSTER does not fire when highlighted-dialogue scenes are distributed across thirds
    ok 4 - PAYOFF_HIGHLIGHT_ZONE_CLUSTER does not fire when highlighted-dialogue scenes are distributed across thirds
      ---
      duration_ms: 0.812011
      type: 'test'
      ...
    # Subtest: PAYOFF_OPEN_THREAD_PEAK_UNCAUSED fires when the peak open-thread scene has no dramatic turn or revelation nearby
    ok 5 - PAYOFF_OPEN_THREAD_PEAK_UNCAUSED fires when the peak open-thread scene has no dramatic turn or revelation nearby
      ---
      duration_ms: 0.751956
      type: 'test'
      ...
    # Subtest: PAYOFF_OPEN_THREAD_PEAK_UNCAUSED does not fire when a dramatic turn precedes the peak within the lookback
    ok 6 - PAYOFF_OPEN_THREAD_PEAK_UNCAUSED does not fire when a dramatic turn precedes the peak within the lookback
      ---
      duration_ms: 0.806827
      type: 'test'
      ...
    1..6
ok 1641 - Wave 706 — payoffPass: payoff staging drought run, payoff highlight zone cluster, payoff open thread peak uncaused
  ---
  duration_ms: 5.205454
  type: 'suite'
  ...
# Subtest: Wave 692 — payoffPass: payoff seed peak uncaused, payoff setup peak uncaused, payoff stakes zone cluster
    # Subtest: PAYOFF_SEED_PEAK_UNCAUSED fires when the peak seed scene has no dramatic turn or revelation nearby
    ok 1 - PAYOFF_SEED_PEAK_UNCAUSED fires when the peak seed scene has no dramatic turn or revelation nearby
      ---
      duration_ms: 2.925184
      type: 'test'
      ...
    # Subtest: PAYOFF_SEED_PEAK_UNCAUSED does not fire when a dramatic turn precedes the peak within the lookback
    ok 2 - PAYOFF_SEED_PEAK_UNCAUSED does not fire when a dramatic turn precedes the peak within the lookback
      ---
      duration_ms: 1.004676
      type: 'test'
      ...
    # Subtest: PAYOFF_SETUP_PEAK_UNCAUSED fires when the peak payoff scene has no dramatic turn or revelation nearby
    ok 3 - PAYOFF_SETUP_PEAK_UNCAUSED fires when the peak payoff scene has no dramatic turn or revelation nearby
      ---
      duration_ms: 0.926892
      type: 'test'
      ...
    # Subtest: PAYOFF_SETUP_PEAK_UNCAUSED does not fire when a dramatic turn precedes the peak within the lookback
    ok 4 - PAYOFF_SETUP_PEAK_UNCAUSED does not fire when a dramatic turn precedes the peak within the lookback
      ---
      duration_ms: 0.875561
      type: 'test'
      ...
    # Subtest: PAYOFF_STAKES_ZONE_CLUSTER fires when >75% of stakes-raising scenes cluster in one third
    ok 5 - PAYOFF_STAKES_ZONE_CLUSTER fires when >75% of stakes-raising scenes cluster in one third
      ---
      duration_ms: 0.737155
      type: 'test'
      ...
    # Subtest: PAYOFF_STAKES_ZONE_CLUSTER does not fire when stakes-raising scenes are distributed across thirds
    ok 6 - PAYOFF_STAKES_ZONE_CLUSTER does not fire when stakes-raising scenes are distributed across thirds
      ---
      duration_ms: 0.688192
      type: 'test'
      ...
    1..6
ok 1642 - Wave 692 — payoffPass: payoff seed peak uncaused, payoff setup peak uncaused, payoff stakes zone cluster
  ---
  duration_ms: 7.419012
  type: 'suite'
  ...
# Subtest: Wave 678 — payoffPass: payoff clock delta peak uncaused, payoff turn drought run, payoff negative emotion zone cluster
    # Subtest: PAYOFF_CLOCK_DELTA_PEAK_UNCAUSED fires when the peak clockDelta scene has no dramatic turn or revelation nearby
    ok 1 - PAYOFF_CLOCK_DELTA_PEAK_UNCAUSED fires when the peak clockDelta scene has no dramatic turn or revelation nearby
      ---
      duration_ms: 0.921957
      type: 'test'
      ...
    # Subtest: PAYOFF_CLOCK_DELTA_PEAK_UNCAUSED does not fire when a dramatic turn precedes the peak within the lookback
    ok 2 - PAYOFF_CLOCK_DELTA_PEAK_UNCAUSED does not fire when a dramatic turn precedes the peak within the lookback
      ---
      duration_ms: 0.655997
      type: 'test'
      ...
    # Subtest: PAYOFF_TURN_DROUGHT_RUN fires when the longest no-turn run is ≥6
    ok 3 - PAYOFF_TURN_DROUGHT_RUN fires when the longest no-turn run is ≥6
      ---
      duration_ms: 0.803245
      type: 'test'
      ...
    # Subtest: PAYOFF_TURN_DROUGHT_RUN does not fire when dramatic turns are distributed without a long drought
    ok 4 - PAYOFF_TURN_DROUGHT_RUN does not fire when dramatic turns are distributed without a long drought
      ---
      duration_ms: 0.848878
      type: 'test'
      ...
    # Subtest: PAYOFF_NEGATIVE_EMOTION_ZONE_CLUSTER fires when >75% of negative-emotion scenes cluster in one third
    ok 5 - PAYOFF_NEGATIVE_EMOTION_ZONE_CLUSTER fires when >75% of negative-emotion scenes cluster in one third
      ---
      duration_ms: 0.771511
      type: 'test'
      ...
    # Subtest: PAYOFF_NEGATIVE_EMOTION_ZONE_CLUSTER does not fire when negative-emotion scenes are distributed across thirds
    ok 6 - PAYOFF_NEGATIVE_EMOTION_ZONE_CLUSTER does not fire when negative-emotion scenes are distributed across thirds
      ---
      duration_ms: 0.804037
      type: 'test'
      ...
    1..6
ok 1643 - Wave 678 — payoffPass: payoff clock delta peak uncaused, payoff turn drought run, payoff negative emotion zone cluster
  ---
  duration_ms: 5.125043
  type: 'suite'
  ...
# Subtest: Wave 664 — payoffPass: payoff relationship peak uncaused, payoff clock drought run, payoff staging zone cluster
    # Subtest: PAYOFF_RELATIONSHIP_PEAK_UNCAUSED fires when the peak relationship-shift scene has no dramatic turn or revelation nearby
    ok 1 - PAYOFF_RELATIONSHIP_PEAK_UNCAUSED fires when the peak relationship-shift scene has no dramatic turn or revelation nearby
      ---
      duration_ms: 0.905547
      type: 'test'
      ...
    # Subtest: PAYOFF_RELATIONSHIP_PEAK_UNCAUSED does not fire when a dramatic turn precedes the peak within the lookback
    ok 2 - PAYOFF_RELATIONSHIP_PEAK_UNCAUSED does not fire when a dramatic turn precedes the peak within the lookback
      ---
      duration_ms: 0.720088
      type: 'test'
      ...
    # Subtest: PAYOFF_CLOCK_DROUGHT_RUN fires when the longest no-clock run is ≥6
    ok 3 - PAYOFF_CLOCK_DROUGHT_RUN fires when the longest no-clock run is ≥6
      ---
      duration_ms: 0.785213
      type: 'test'
      ...
    # Subtest: PAYOFF_CLOCK_DROUGHT_RUN does not fire when clock raises are distributed without a long drought
    ok 4 - PAYOFF_CLOCK_DROUGHT_RUN does not fire when clock raises are distributed without a long drought
      ---
      duration_ms: 0.888864
      type: 'test'
      ...
    # Subtest: PAYOFF_STAGING_ZONE_CLUSTER fires when >75% of visually dense scenes cluster in one third
    ok 5 - PAYOFF_STAGING_ZONE_CLUSTER fires when >75% of visually dense scenes cluster in one third
      ---
      duration_ms: 0.990293
      type: 'test'
      ...
    # Subtest: PAYOFF_STAGING_ZONE_CLUSTER does not fire when visually dense scenes are distributed across thirds
    ok 6 - PAYOFF_STAGING_ZONE_CLUSTER does not fire when visually dense scenes are distributed across thirds
      ---
      duration_ms: 0.744437
      type: 'test'
      ...
    1..6
ok 1644 - Wave 664 — payoffPass: payoff relationship peak uncaused, payoff clock drought run, payoff staging zone cluster
  ---
  duration_ms: 5.351678
  type: 'suite'
  ...
# Subtest: Wave 650 — payoffPass: payoff staging peak uncaused, payoff highlight drought run, payoff open thread zone cluster
    # Subtest: PAYOFF_STAGING_PEAK_UNCAUSED fires when the peak physical-staging scene has no dramatic turn or revelation nearby
    ok 1 - PAYOFF_STAGING_PEAK_UNCAUSED fires when the peak physical-staging scene has no dramatic turn or revelation nearby
      ---
      duration_ms: 0.845108
      type: 'test'
      ...
    # Subtest: PAYOFF_STAGING_PEAK_UNCAUSED does not fire when a dramatic turn precedes the peak within the lookback
    ok 2 - PAYOFF_STAGING_PEAK_UNCAUSED does not fire when a dramatic turn precedes the peak within the lookback
      ---
      duration_ms: 0.823291
      type: 'test'
      ...
    # Subtest: PAYOFF_HIGHLIGHT_DROUGHT_RUN fires when the longest no-highlighted-dialogue run is ≥6
    ok 3 - PAYOFF_HIGHLIGHT_DROUGHT_RUN fires when the longest no-highlighted-dialogue run is ≥6
      ---
      duration_ms: 0.878191
      type: 'test'
      ...
    # Subtest: PAYOFF_HIGHLIGHT_DROUGHT_RUN does not fire when highlighted dialogue is distributed without a long drought
    ok 4 - PAYOFF_HIGHLIGHT_DROUGHT_RUN does not fire when highlighted dialogue is distributed without a long drought
      ---
      duration_ms: 0.794762
      type: 'test'
      ...
    # Subtest: PAYOFF_OPEN_THREAD_ZONE_CLUSTER fires when >75% of open-thread scenes cluster in one third
    ok 5 - PAYOFF_OPEN_THREAD_ZONE_CLUSTER fires when >75% of open-thread scenes cluster in one third
      ---
      duration_ms: 0.767925
      type: 'test'
      ...
    # Subtest: PAYOFF_OPEN_THREAD_ZONE_CLUSTER does not fire when open-thread scenes are distributed across thirds
    ok 6 - PAYOFF_OPEN_THREAD_ZONE_CLUSTER does not fire when open-thread scenes are distributed across thirds
      ---
      duration_ms: 0.730758
      type: 'test'
      ...
    1..6
ok 1645 - Wave 650 — payoffPass: payoff staging peak uncaused, payoff highlight drought run, payoff open thread zone cluster
  ---
  duration_ms: 5.145988
  type: 'suite'
  ...
# Subtest: Wave 636 — payoffPass: payoff highlight open thread decoupled, payoff turn highlight aftermath void, payoff dialogue highlight zone imbalance
    # Subtest: PAYOFF_HIGHLIGHT_OPEN_THREAD_DECOUPLED fires when dialogue-highlight scenes and open-thread scenes never overlap
    ok 1 - PAYOFF_HIGHLIGHT_OPEN_THREAD_DECOUPLED fires when dialogue-highlight scenes and open-thread scenes never overlap
      ---
      duration_ms: 0.955622
      type: 'test'
      ...
    # Subtest: PAYOFF_HIGHLIGHT_OPEN_THREAD_DECOUPLED does not fire when a scene carries both signals
    ok 2 - PAYOFF_HIGHLIGHT_OPEN_THREAD_DECOUPLED does not fire when a scene carries both signals
      ---
      duration_ms: 1.293374
      type: 'test'
      ...
    # Subtest: PAYOFF_TURN_HIGHLIGHT_AFTERMATH_VOID fires when no dramatic turn is followed by a dialogue highlight within 2 scenes
    ok 3 - PAYOFF_TURN_HIGHLIGHT_AFTERMATH_VOID fires when no dramatic turn is followed by a dialogue highlight within 2 scenes
      ---
      duration_ms: 5.560732
      type: 'test'
      ...
    # Subtest: PAYOFF_TURN_HIGHLIGHT_AFTERMATH_VOID does not fire when a trigger window contains a dialogue highlight
    ok 4 - PAYOFF_TURN_HIGHLIGHT_AFTERMATH_VOID does not fire when a trigger window contains a dialogue highlight
      ---
      duration_ms: 0.893137
      type: 'test'
      ...
    # Subtest: PAYOFF_DIALOGUE_HIGHLIGHT_ZONE_IMBALANCE fires when one zone is empty of dialogue highlights while another is bloated
    ok 5 - PAYOFF_DIALOGUE_HIGHLIGHT_ZONE_IMBALANCE fires when one zone is empty of dialogue highlights while another is bloated
      ---
      duration_ms: 0.926318
      type: 'test'
      ...
    # Subtest: PAYOFF_DIALOGUE_HIGHLIGHT_ZONE_IMBALANCE does not fire when highlights are spread across all zones
    ok 6 - PAYOFF_DIALOGUE_HIGHLIGHT_ZONE_IMBALANCE does not fire when highlights are spread across all zones
      ---
      duration_ms: 0.790115
      type: 'test'
      ...
    1..6
ok 1646 - Wave 636 — payoffPass: payoff highlight open thread decoupled, payoff turn highlight aftermath void, payoff dialogue highlight zone imbalance
  ---
  duration_ms: 10.693564
  type: 'suite'
  ...
# Subtest: Wave 622 — payoffPass: visual beat open thread decoupled, clock staging aftermath void, payoff open thread zone imbalance
    # Subtest: VISUAL_BEAT_OPEN_THREAD_DECOUPLED fires when visually-staged scenes and open-thread scenes never overlap
    ok 1 - VISUAL_BEAT_OPEN_THREAD_DECOUPLED fires when visually-staged scenes and open-thread scenes never overlap
      ---
      duration_ms: 0.717941
      type: 'test'
      ...
    # Subtest: VISUAL_BEAT_OPEN_THREAD_DECOUPLED does not fire when a scene carries both signals
    ok 2 - VISUAL_BEAT_OPEN_THREAD_DECOUPLED does not fire when a scene carries both signals
      ---
      duration_ms: 0.531729
      type: 'test'
      ...
    # Subtest: CLOCK_STAGING_AFTERMATH_VOID fires when no clock-raising scene is followed by a visually dense scene within 2 scenes
    ok 3 - CLOCK_STAGING_AFTERMATH_VOID fires when no clock-raising scene is followed by a visually dense scene within 2 scenes
      ---
      duration_ms: 0.792807
      type: 'test'
      ...
    # Subtest: CLOCK_STAGING_AFTERMATH_VOID does not fire when a trigger window contains a visually dense scene
    ok 4 - CLOCK_STAGING_AFTERMATH_VOID does not fire when a trigger window contains a visually dense scene
      ---
      duration_ms: 0.690049
      type: 'test'
      ...
    # Subtest: PAYOFF_OPEN_THREAD_ZONE_IMBALANCE fires when one zone is empty of open-thread scenes while another is bloated
    ok 5 - PAYOFF_OPEN_THREAD_ZONE_IMBALANCE fires when one zone is empty of open-thread scenes while another is bloated
      ---
      duration_ms: 0.857361
      type: 'test'
      ...
    # Subtest: PAYOFF_OPEN_THREAD_ZONE_IMBALANCE does not fire when open-thread scenes are spread across all zones
    ok 6 - PAYOFF_OPEN_THREAD_ZONE_IMBALANCE does not fire when open-thread scenes are spread across all zones
      ---
      duration_ms: 0.808269
      type: 'test'
      ...
    1..6
ok 1647 - Wave 622 — payoffPass: visual beat open thread decoupled, clock staging aftermath void, payoff open thread zone imbalance
  ---
  duration_ms: 4.661402
  type: 'suite'
  ...
# Subtest: Wave 608 — payoffPass: payoff dialogue highlight decoupled, visual staging zone imbalance, seed dialogue highlight aftermath void
    # Subtest: PAYOFF_DIALOGUE_HIGHLIGHT_DECOUPLED fires when payoff scenes and dialogue highlights never overlap
    ok 1 - PAYOFF_DIALOGUE_HIGHLIGHT_DECOUPLED fires when payoff scenes and dialogue highlights never overlap
      ---
      duration_ms: 0.959943
      type: 'test'
      ...
    # Subtest: PAYOFF_DIALOGUE_HIGHLIGHT_DECOUPLED does not fire when a scene carries both signals
    ok 2 - PAYOFF_DIALOGUE_HIGHLIGHT_DECOUPLED does not fire when a scene carries both signals
      ---
      duration_ms: 0.942176
      type: 'test'
      ...
    # Subtest: VISUAL_STAGING_ZONE_IMBALANCE fires when one zone is empty of visually dense scenes while another is bloated
    ok 3 - VISUAL_STAGING_ZONE_IMBALANCE fires when one zone is empty of visually dense scenes while another is bloated
      ---
      duration_ms: 0.905127
      type: 'test'
      ...
    # Subtest: VISUAL_STAGING_ZONE_IMBALANCE does not fire when every zone has a visually dense scene
    ok 4 - VISUAL_STAGING_ZONE_IMBALANCE does not fire when every zone has a visually dense scene
      ---
      duration_ms: 0.86357
      type: 'test'
      ...
    # Subtest: SEED_DIALOGUE_HIGHLIGHT_AFTERMATH_VOID fires when no seed is followed by a dialogue highlight within 2 scenes
    ok 5 - SEED_DIALOGUE_HIGHLIGHT_AFTERMATH_VOID fires when no seed is followed by a dialogue highlight within 2 scenes
      ---
      duration_ms: 0.760161
      type: 'test'
      ...
    # Subtest: SEED_DIALOGUE_HIGHLIGHT_AFTERMATH_VOID does not fire when a trigger window contains a dialogue highlight
    ok 6 - SEED_DIALOGUE_HIGHLIGHT_AFTERMATH_VOID does not fire when a trigger window contains a dialogue highlight
      ---
      duration_ms: 0.819987
      type: 'test'
      ...
    1..6
ok 1648 - Wave 608 — payoffPass: payoff dialogue highlight decoupled, visual staging zone imbalance, seed dialogue highlight aftermath void
  ---
  duration_ms: 5.520917
  type: 'suite'
  ...
# Subtest: Wave 594 — payoffPass: seed purpose monotone, payoff purpose monotone, clue seed zone imbalance
    # Subtest: SEED_PURPOSE_MONOTONE fires when >70% of seed scenes share the same purpose
    ok 1 - SEED_PURPOSE_MONOTONE fires when >70% of seed scenes share the same purpose
      ---
      duration_ms: 1.016863
      type: 'test'
      ...
    # Subtest: SEED_PURPOSE_MONOTONE does not fire when seed scenes are spread across purposes
    ok 2 - SEED_PURPOSE_MONOTONE does not fire when seed scenes are spread across purposes
      ---
      duration_ms: 0.828177
      type: 'test'
      ...
    # Subtest: PAYOFF_PURPOSE_MONOTONE fires when >70% of payoff scenes share the same purpose
    ok 3 - PAYOFF_PURPOSE_MONOTONE fires when >70% of payoff scenes share the same purpose
      ---
      duration_ms: 0.903124
      type: 'test'
      ...
    # Subtest: PAYOFF_PURPOSE_MONOTONE does not fire when payoff scenes are spread across purposes
    ok 4 - PAYOFF_PURPOSE_MONOTONE does not fire when payoff scenes are spread across purposes
      ---
      duration_ms: 0.917123
      type: 'test'
      ...
    # Subtest: CLUE_SEED_ZONE_IMBALANCE fires when one zone has zero seeds and another has ≥50%
    ok 5 - CLUE_SEED_ZONE_IMBALANCE fires when one zone has zero seeds and another has ≥50%
      ---
      duration_ms: 0.968621
      type: 'test'
      ...
    # Subtest: CLUE_SEED_ZONE_IMBALANCE does not fire when seeds are spread across all zones
    ok 6 - CLUE_SEED_ZONE_IMBALANCE does not fire when seeds are spread across all zones
      ---
      duration_ms: 0.869258
      type: 'test'
      ...
    1..6
ok 1649 - Wave 594 — payoffPass: seed purpose monotone, payoff purpose monotone, clue seed zone imbalance
  ---
  duration_ms: 5.761643
  type: 'suite'
  ...
# Subtest: Wave 580 — payoffPass: seed opening zone absent, payoff seed decoupled, payoff consecutive valence run
    # Subtest: SEED_OPENING_ZONE_ABSENT fires when all seed scenes fall outside the opening structural third
    ok 1 - SEED_OPENING_ZONE_ABSENT fires when all seed scenes fall outside the opening structural third
      ---
      duration_ms: 0.992339
      type: 'test'
      ...
    # Subtest: SEED_OPENING_ZONE_ABSENT does not fire when at least one seed falls in the opening structural third
    ok 2 - SEED_OPENING_ZONE_ABSENT does not fire when at least one seed falls in the opening structural third
      ---
      duration_ms: 0.928273
      type: 'test'
      ...
    # Subtest: PAYOFF_SEED_DECOUPLED fires when no scene carries both a payoff and a seed
    ok 3 - PAYOFF_SEED_DECOUPLED fires when no scene carries both a payoff and a seed
      ---
      duration_ms: 0.90286
      type: 'test'
      ...
    # Subtest: PAYOFF_SEED_DECOUPLED does not fire when at least one scene carries both a payoff and a seed
    ok 4 - PAYOFF_SEED_DECOUPLED does not fire when at least one scene carries both a payoff and a seed
      ---
      duration_ms: 0.863865
      type: 'test'
      ...
    # Subtest: PAYOFF_CONSECUTIVE_VALENCE_RUN fires when 3+ consecutive payoffs share the same emotional valence
    ok 5 - PAYOFF_CONSECUTIVE_VALENCE_RUN fires when 3+ consecutive payoffs share the same emotional valence
      ---
      duration_ms: 0.852188
      type: 'test'
      ...
    # Subtest: PAYOFF_CONSECUTIVE_VALENCE_RUN does not fire when payoff emotional valences alternate
    ok 6 - PAYOFF_CONSECUTIVE_VALENCE_RUN does not fire when payoff emotional valences alternate
      ---
      duration_ms: 0.812876
      type: 'test'
      ...
    1..6
ok 1650 - Wave 580 — payoffPass: seed opening zone absent, payoff seed decoupled, payoff consecutive valence run
  ---
  duration_ms: 5.614355
  type: 'suite'
  ...
# Subtest: Wave 566 — payoffPass: payoff clock peak decoupled, seed emotional valence uniform, clue seed temporal cluster
    # Subtest: PAYOFF_CLOCK_PEAK_DECOUPLED fires when the highest-clockDelta scene carries no payoff
    ok 1 - PAYOFF_CLOCK_PEAK_DECOUPLED fires when the highest-clockDelta scene carries no payoff
      ---
      duration_ms: 1.072506
      type: 'test'
      ...
    # Subtest: PAYOFF_CLOCK_PEAK_DECOUPLED does not fire when the peak-clock scene carries a payoff
    ok 2 - PAYOFF_CLOCK_PEAK_DECOUPLED does not fire when the peak-clock scene carries a payoff
      ---
      duration_ms: 0.954211
      type: 'test'
      ...
    # Subtest: SEED_EMOTIONAL_VALENCE_UNIFORM fires when all emotionally-charged seed scenes share one valence
    ok 3 - SEED_EMOTIONAL_VALENCE_UNIFORM fires when all emotionally-charged seed scenes share one valence
      ---
      duration_ms: 0.873522
      type: 'test'
      ...
    # Subtest: SEED_EMOTIONAL_VALENCE_UNIFORM does not fire when seed emotions have mixed valences
    ok 4 - SEED_EMOTIONAL_VALENCE_UNIFORM does not fire when seed emotions have mixed valences
      ---
      duration_ms: 1.35262
      type: 'test'
      ...
    # Subtest: CLUE_SEED_TEMPORAL_CLUSTER fires when >75% of seeds fall in a single structural third
    ok 5 - CLUE_SEED_TEMPORAL_CLUSTER fires when >75% of seeds fall in a single structural third
      ---
      duration_ms: 0.862355
      type: 'test'
      ...
    # Subtest: CLUE_SEED_TEMPORAL_CLUSTER does not fire when seeds are spread across thirds
    ok 6 - CLUE_SEED_TEMPORAL_CLUSTER does not fire when seeds are spread across thirds
      ---
      duration_ms: 0.814335
      type: 'test'
      ...
    1..6
ok 1651 - Wave 566 — payoffPass: payoff clock peak decoupled, seed emotional valence uniform, clue seed temporal cluster
  ---
  duration_ms: 6.204645
  type: 'suite'
  ...
# Subtest: Wave 524 — payoffPass: seed suspense aftermath absent, seed emotion aftermath absent, payoff relational aftermath absent
    # Subtest: SEED_SUSPENSE_AFTERMATH_ABSENT fires when all seeds have no suspense rise in their aftermath
    ok 1 - SEED_SUSPENSE_AFTERMATH_ABSENT fires when all seeds have no suspense rise in their aftermath
      ---
      duration_ms: 1.102394
      type: 'test'
      ...
    # Subtest: SEED_SUSPENSE_AFTERMATH_ABSENT does not fire when a seed is followed by a suspense rise
    ok 2 - SEED_SUSPENSE_AFTERMATH_ABSENT does not fire when a seed is followed by a suspense rise
      ---
      duration_ms: 0.995328
      type: 'test'
      ...
    # Subtest: SEED_EMOTION_AFTERMATH_ABSENT fires when all seeds have no emotional beat in their aftermath
    ok 3 - SEED_EMOTION_AFTERMATH_ABSENT fires when all seeds have no emotional beat in their aftermath
      ---
      duration_ms: 0.976104
      type: 'test'
      ...
    # Subtest: SEED_EMOTION_AFTERMATH_ABSENT does not fire when a seed is followed by an emotional scene
    ok 4 - SEED_EMOTION_AFTERMATH_ABSENT does not fire when a seed is followed by an emotional scene
      ---
      duration_ms: 0.906861
      type: 'test'
      ...
    # Subtest: PAYOFF_RELATIONAL_AFTERMATH_ABSENT fires when all payoffs have no relational shift in their aftermath
    ok 5 - PAYOFF_RELATIONAL_AFTERMATH_ABSENT fires when all payoffs have no relational shift in their aftermath
      ---
      duration_ms: 1.041484
      type: 'test'
      ...
    # Subtest: PAYOFF_RELATIONAL_AFTERMATH_ABSENT does not fire when a payoff is followed by a relational shift
    ok 6 - PAYOFF_RELATIONAL_AFTERMATH_ABSENT does not fire when a payoff is followed by a relational shift
      ---
      duration_ms: 0.97932
      type: 'test'
      ...
    1..6
ok 1652 - Wave 524 — payoffPass: seed suspense aftermath absent, seed emotion aftermath absent, payoff relational aftermath absent
  ---
  duration_ms: 6.310202
  type: 'suite'
  ...
# Subtest: Wave 510 — payoffPass: seed revelation aftermath absent, payoff seed aftermath absent, seed drought run
    # Subtest: SEED_REVELATION_AFTERMATH_ABSENT fires when no seed is followed within 2 scenes by a revelation
    ok 1 - SEED_REVELATION_AFTERMATH_ABSENT fires when no seed is followed within 2 scenes by a revelation
      ---
      duration_ms: 1.251376
      type: 'test'
      ...
    # Subtest: SEED_REVELATION_AFTERMATH_ABSENT does not fire when at least one seed is followed by a revelation
    ok 2 - SEED_REVELATION_AFTERMATH_ABSENT does not fire when at least one seed is followed by a revelation
      ---
      duration_ms: 0.730811
      type: 'test'
      ...
    # Subtest: PAYOFF_SEED_AFTERMATH_ABSENT fires when no payoff is followed within 2 scenes by a new seed
    ok 3 - PAYOFF_SEED_AFTERMATH_ABSENT fires when no payoff is followed within 2 scenes by a new seed
      ---
      duration_ms: 1.001492
      type: 'test'
      ...
    # Subtest: PAYOFF_SEED_AFTERMATH_ABSENT does not fire when at least one payoff is followed by a new seed
    ok 4 - PAYOFF_SEED_AFTERMATH_ABSENT does not fire when at least one payoff is followed by a new seed
      ---
      duration_ms: 0.962398
      type: 'test'
      ...
    # Subtest: SEED_DROUGHT_RUN fires when 5+ consecutive scenes have no clue seeding
    ok 5 - SEED_DROUGHT_RUN fires when 5+ consecutive scenes have no clue seeding
      ---
      duration_ms: 0.808634
      type: 'test'
      ...
    # Subtest: SEED_DROUGHT_RUN does not fire when the longest seed-free run is only 4
    ok 6 - SEED_DROUGHT_RUN does not fire when the longest seed-free run is only 4
      ---
      duration_ms: 0.801729
      type: 'test'
      ...
    1..6
ok 1653 - Wave 510 — payoffPass: seed revelation aftermath absent, payoff seed aftermath absent, seed drought run
  ---
  duration_ms: 5.867662
  type: 'suite'
  ...
# Subtest: Wave 496 — payoffPass: payoff temporal cluster, seed dramatic turn aftermath absent, payoff clock aftermath absent
    # Subtest: PAYOFF_TEMPORAL_CLUSTER fires when >75% of payoffs are in one structural third
    ok 1 - PAYOFF_TEMPORAL_CLUSTER fires when >75% of payoffs are in one structural third
      ---
      duration_ms: 1.874119
      type: 'test'
      ...
    # Subtest: PAYOFF_TEMPORAL_CLUSTER does not fire when payoffs are spread across thirds
    ok 2 - PAYOFF_TEMPORAL_CLUSTER does not fire when payoffs are spread across thirds
      ---
      duration_ms: 1.010877
      type: 'test'
      ...
    # Subtest: SEED_DRAMATIC_TURN_AFTERMATH_ABSENT fires when no seed is followed by a dramatic turn within 2 scenes
    ok 3 - SEED_DRAMATIC_TURN_AFTERMATH_ABSENT fires when no seed is followed by a dramatic turn within 2 scenes
      ---
      duration_ms: 1.009935
      type: 'test'
      ...
    # Subtest: SEED_DRAMATIC_TURN_AFTERMATH_ABSENT does not fire when at least one seed is followed by a dramatic turn
    ok 4 - SEED_DRAMATIC_TURN_AFTERMATH_ABSENT does not fire when at least one seed is followed by a dramatic turn
      ---
      duration_ms: 1.054077
      type: 'test'
      ...
    # Subtest: PAYOFF_CLOCK_AFTERMATH_ABSENT fires when no payoff is followed by a clock raise within 2 scenes
    ok 5 - PAYOFF_CLOCK_AFTERMATH_ABSENT fires when no payoff is followed by a clock raise within 2 scenes
      ---
      duration_ms: 1.203051
      type: 'test'
      ...
    # Subtest: PAYOFF_CLOCK_AFTERMATH_ABSENT does not fire when at least one payoff is followed by a clock raise
    ok 6 - PAYOFF_CLOCK_AFTERMATH_ABSENT does not fire when at least one payoff is followed by a clock raise
      ---
      duration_ms: 1.009528
      type: 'test'
      ...
    1..6
ok 1654 - Wave 496 — payoffPass: payoff temporal cluster, seed dramatic turn aftermath absent, payoff clock aftermath absent
  ---
  duration_ms: 7.458446
  type: 'suite'
  ...
# Subtest: Wave 482 — payoffPass: seed curiosity aftermath absent, seed act 3 void, payoff aftermath relationship void
    # Subtest: SEED_CURIOSITY_AFTERMATH_ABSENT fires when no seed scene is followed by a curiosity rise within 2 scenes
    ok 1 - SEED_CURIOSITY_AFTERMATH_ABSENT fires when no seed scene is followed by a curiosity rise within 2 scenes
      ---
      duration_ms: 1.442167
      type: 'test'
      ...
    # Subtest: SEED_CURIOSITY_AFTERMATH_ABSENT does not fire when a seed is followed by a curiosity rise within 2 scenes
    ok 2 - SEED_CURIOSITY_AFTERMATH_ABSENT does not fire when a seed is followed by a curiosity rise within 2 scenes
      ---
      duration_ms: 5.312139
      type: 'test'
      ...
    # Subtest: SEED_ACT3_VOID fires when 4+ seeds exist but none fall in the final 25%
    ok 3 - SEED_ACT3_VOID fires when 4+ seeds exist but none fall in the final 25%
      ---
      duration_ms: 1.758369
      type: 'test'
      ...
    # Subtest: SEED_ACT3_VOID does not fire when at least one seed falls in the final 25%
    ok 4 - SEED_ACT3_VOID does not fire when at least one seed falls in the final 25%
      ---
      duration_ms: 1.225808
      type: 'test'
      ...
    # Subtest: PAYOFF_AFTERMATH_RELATIONSHIP_VOID fires when no payoff is followed by a relationship shift within 2 scenes
    ok 5 - PAYOFF_AFTERMATH_RELATIONSHIP_VOID fires when no payoff is followed by a relationship shift within 2 scenes
      ---
      duration_ms: 1.155398
      type: 'test'
      ...
    # Subtest: PAYOFF_AFTERMATH_RELATIONSHIP_VOID does not fire when a payoff is followed by a relationship shift
    ok 6 - PAYOFF_AFTERMATH_RELATIONSHIP_VOID does not fire when a payoff is followed by a relationship shift
      ---
      duration_ms: 0.969895
      type: 'test'
      ...
    1..6
ok 1655 - Wave 482 — payoffPass: seed curiosity aftermath absent, seed act 3 void, payoff aftermath relationship void
  ---
  duration_ms: 12.176213
  type: 'suite'
  ...
# Subtest: Wave 468 — payoffPass: payoff revelation aftermath absent, seed suspense aftermath absent, seed emotional aftermath absent
    # Subtest: PAYOFF_REVELATION_AFTERMATH_ABSENT fires when no payoff is followed by a revelation within 2 scenes
    ok 1 - PAYOFF_REVELATION_AFTERMATH_ABSENT fires when no payoff is followed by a revelation within 2 scenes
      ---
      duration_ms: 1.140146
      type: 'test'
      ...
    # Subtest: PAYOFF_REVELATION_AFTERMATH_ABSENT does not fire when a payoff is followed by a revelation within 2 scenes
    ok 2 - PAYOFF_REVELATION_AFTERMATH_ABSENT does not fire when a payoff is followed by a revelation within 2 scenes
      ---
      duration_ms: 1.028248
      type: 'test'
      ...
    # Subtest: SEED_SUSPENSE_AFTERMATH_ABSENT fires when no seed scene is followed by a suspense rise within 2 scenes
    ok 3 - SEED_SUSPENSE_AFTERMATH_ABSENT fires when no seed scene is followed by a suspense rise within 2 scenes
      ---
      duration_ms: 0.837872
      type: 'test'
      ...
    # Subtest: SEED_SUSPENSE_AFTERMATH_ABSENT does not fire when a seed scene is followed by a suspense rise
    ok 4 - SEED_SUSPENSE_AFTERMATH_ABSENT does not fire when a seed scene is followed by a suspense rise
      ---
      duration_ms: 0.948834
      type: 'test'
      ...
    # Subtest: SEED_EMOTIONAL_AFTERMATH_ABSENT fires when no seed scene is followed by an emotional shift within 2 scenes
    ok 5 - SEED_EMOTIONAL_AFTERMATH_ABSENT fires when no seed scene is followed by an emotional shift within 2 scenes
      ---
      duration_ms: 0.918958
      type: 'test'
      ...
    # Subtest: SEED_EMOTIONAL_AFTERMATH_ABSENT does not fire when a seed scene is followed by an emotional shift
    ok 6 - SEED_EMOTIONAL_AFTERMATH_ABSENT does not fire when a seed scene is followed by an emotional shift
      ---
      duration_ms: 0.941584
      type: 'test'
      ...
    1..6
ok 1656 - Wave 468 — payoffPass: payoff revelation aftermath absent, seed suspense aftermath absent, seed emotional aftermath absent
  ---
  duration_ms: 6.08178
  type: 'suite'
  ...
# Subtest: Wave 454 — payoffPass: payoff causeless, clue seed causeless, clue seed consecutive run
    # Subtest: PAYOFF_CAUSELESS fires when all payoffs lack an upstream trigger in prior 3 scenes
    ok 1 - PAYOFF_CAUSELESS fires when all payoffs lack an upstream trigger in prior 3 scenes
      ---
      duration_ms: 1.054743
      type: 'test'
      ...
    # Subtest: PAYOFF_CAUSELESS does not fire when at least one payoff has an upstream dramatic turn
    ok 2 - PAYOFF_CAUSELESS does not fire when at least one payoff has an upstream dramatic turn
      ---
      duration_ms: 0.96037
      type: 'test'
      ...
    # Subtest: CLUE_SEED_CAUSELESS fires when all seed scenes lack upstream curiosity/emotion/revelation
    ok 3 - CLUE_SEED_CAUSELESS fires when all seed scenes lack upstream curiosity/emotion/revelation
      ---
      duration_ms: 0.971134
      type: 'test'
      ...
    # Subtest: CLUE_SEED_CAUSELESS does not fire when at least one seed is preceded by a curiosity rise
    ok 4 - CLUE_SEED_CAUSELESS does not fire when at least one seed is preceded by a curiosity rise
      ---
      duration_ms: 0.905035
      type: 'test'
      ...
    # Subtest: CLUE_SEED_CONSECUTIVE_RUN fires when 3+ consecutive scenes each plant a clue
    ok 5 - CLUE_SEED_CONSECUTIVE_RUN fires when 3+ consecutive scenes each plant a clue
      ---
      duration_ms: 0.916108
      type: 'test'
      ...
    # Subtest: CLUE_SEED_CONSECUTIVE_RUN does not fire when max consecutive seed run is only 2
    ok 6 - CLUE_SEED_CONSECUTIVE_RUN does not fire when max consecutive seed run is only 2
      ---
      duration_ms: 1.017405
      type: 'test'
      ...
    1..6
ok 1657 - Wave 454 — payoffPass: payoff causeless, clue seed causeless, clue seed consecutive run
  ---
  duration_ms: 6.090082
  type: 'suite'
  ...
# Subtest: Wave 440 — payoffPass: payoff backloaded, payoff emotional recoil absent, payoff suspense recoil absent
    # Subtest: PAYOFF_BACKLOADED fires when >70% of payoffs are in the second half
    ok 1 - PAYOFF_BACKLOADED fires when >70% of payoffs are in the second half
      ---
      duration_ms: 1.245034
      type: 'test'
      ...
    # Subtest: PAYOFF_BACKLOADED does not fire when payoffs are balanced across halves
    ok 2 - PAYOFF_BACKLOADED does not fire when payoffs are balanced across halves
      ---
      duration_ms: 1.023343
      type: 'test'
      ...
    # Subtest: PAYOFF_EMOTIONAL_RECOIL_ABSENT fires when no payoff is followed by negative emotional shift
    ok 3 - PAYOFF_EMOTIONAL_RECOIL_ABSENT fires when no payoff is followed by negative emotional shift
      ---
      duration_ms: 0.688764
      type: 'test'
      ...
    # Subtest: PAYOFF_EMOTIONAL_RECOIL_ABSENT does not fire when a payoff is followed by negative emotion
    ok 4 - PAYOFF_EMOTIONAL_RECOIL_ABSENT does not fire when a payoff is followed by negative emotion
      ---
      duration_ms: 0.738747
      type: 'test'
      ...
    # Subtest: PAYOFF_SUSPENSE_RECOIL_ABSENT fires when no payoff is followed by a suspense rise
    ok 5 - PAYOFF_SUSPENSE_RECOIL_ABSENT fires when no payoff is followed by a suspense rise
      ---
      duration_ms: 0.752679
      type: 'test'
      ...
    # Subtest: PAYOFF_SUSPENSE_RECOIL_ABSENT does not fire when a payoff is followed by a suspense rise
    ok 6 - PAYOFF_SUSPENSE_RECOIL_ABSENT does not fire when a payoff is followed by a suspense rise
      ---
      duration_ms: 0.766455
      type: 'test'
      ...
    1..6
ok 1658 - Wave 440 — payoffPass: payoff backloaded, payoff emotional recoil absent, payoff suspense recoil absent
  ---
  duration_ms: 5.512009
  type: 'suite'
  ...
# Subtest: Wave 426 — payoffPass: payoff aftermath question void, payoff consecutive run, payoff relationship valence uniform
    # Subtest: PAYOFF_AFTERMATH_QUESTION_VOID fires when every payoff is followed by two curiosity-flat, seed-empty scenes
    ok 1 - PAYOFF_AFTERMATH_QUESTION_VOID fires when every payoff is followed by two curiosity-flat, seed-empty scenes
      ---
      duration_ms: 1.088819
      type: 'test'
      ...
    # Subtest: PAYOFF_AFTERMATH_QUESTION_VOID does NOT fire when a payoff is re-engaged in its aftermath
    ok 2 - PAYOFF_AFTERMATH_QUESTION_VOID does NOT fire when a payoff is re-engaged in its aftermath
      ---
      duration_ms: 9.346664
      type: 'test'
      ...
    # Subtest: PAYOFF_CONSECUTIVE_RUN fires when 3+ consecutive scenes each fire a payoff
    ok 3 - PAYOFF_CONSECUTIVE_RUN fires when 3+ consecutive scenes each fire a payoff
      ---
      duration_ms: 0.943858
      type: 'test'
      ...
    # Subtest: PAYOFF_CONSECUTIVE_RUN does NOT fire when payoffs are spaced apart
    ok 4 - PAYOFF_CONSECUTIVE_RUN does NOT fire when payoffs are spaced apart
      ---
      duration_ms: 0.849217
      type: 'test'
      ...
    # Subtest: PAYOFF_RELATIONSHIP_VALENCE_UNIFORM fires when all payoff-scene relational shifts share one sign
    ok 5 - PAYOFF_RELATIONSHIP_VALENCE_UNIFORM fires when all payoff-scene relational shifts share one sign
      ---
      duration_ms: 0.902137
      type: 'test'
      ...
    # Subtest: PAYOFF_RELATIONSHIP_VALENCE_UNIFORM does NOT fire when payoff-scene relational shifts are mixed
    ok 6 - PAYOFF_RELATIONSHIP_VALENCE_UNIFORM does NOT fire when payoff-scene relational shifts are mixed
      ---
      duration_ms: 0.790015
      type: 'test'
      ...
    1..6
ok 1659 - Wave 426 — payoffPass: payoff aftermath question void, payoff consecutive run, payoff relationship valence uniform
  ---
  duration_ms: 14.200912
  type: 'suite'
  ...
# Subtest: Wave 412 — payoffPass: clue seed curiosity peak decoupled, clue seed suspense peak decoupled, payoff relationship peak decoupled
    # Subtest: CLUE_SEED_CURIOSITY_PEAK_DECOUPLED fires when the highest-curiosity scene seeds no clue
    ok 1 - CLUE_SEED_CURIOSITY_PEAK_DECOUPLED fires when the highest-curiosity scene seeds no clue
      ---
      duration_ms: 0.939899
      type: 'test'
      ...
    # Subtest: CLUE_SEED_CURIOSITY_PEAK_DECOUPLED does NOT fire when the peak-curiosity scene seeds a clue
    ok 2 - CLUE_SEED_CURIOSITY_PEAK_DECOUPLED does NOT fire when the peak-curiosity scene seeds a clue
      ---
      duration_ms: 0.803119
      type: 'test'
      ...
    # Subtest: CLUE_SEED_SUSPENSE_PEAK_DECOUPLED fires when the highest-suspense scene seeds no clue
    ok 3 - CLUE_SEED_SUSPENSE_PEAK_DECOUPLED fires when the highest-suspense scene seeds no clue
      ---
      duration_ms: 0.848218
      type: 'test'
      ...
    # Subtest: CLUE_SEED_SUSPENSE_PEAK_DECOUPLED does NOT fire when the peak-suspense scene seeds a clue
    ok 4 - CLUE_SEED_SUSPENSE_PEAK_DECOUPLED does NOT fire when the peak-suspense scene seeds a clue
      ---
      duration_ms: 0.608102
      type: 'test'
      ...
    # Subtest: PAYOFF_RELATIONSHIP_PEAK_DECOUPLED fires when the largest relational shift carries no payoff
    ok 5 - PAYOFF_RELATIONSHIP_PEAK_DECOUPLED fires when the largest relational shift carries no payoff
      ---
      duration_ms: 0.781438
      type: 'test'
      ...
    # Subtest: PAYOFF_RELATIONSHIP_PEAK_DECOUPLED does NOT fire when the largest shift is a payoff scene
    ok 6 - PAYOFF_RELATIONSHIP_PEAK_DECOUPLED does NOT fire when the largest shift is a payoff scene
      ---
      duration_ms: 0.798701
      type: 'test'
      ...
    1..6
ok 1660 - Wave 412 — payoffPass: clue seed curiosity peak decoupled, clue seed suspense peak decoupled, payoff relationship peak decoupled
  ---
  duration_ms: 5.028269
  type: 'suite'
  ...
# Subtest: Wave 398 — payoffPass: clue seed suspense flat, payoff midpoint void, clue seed revelation decoupled
    # Subtest: CLUE_SEED_SUSPENSE_FLAT fires when all seed scenes have zero suspense and overall suspense is present
    ok 1 - CLUE_SEED_SUSPENSE_FLAT fires when all seed scenes have zero suspense and overall suspense is present
      ---
      duration_ms: 1.051832
      type: 'test'
      ...
    # Subtest: CLUE_SEED_SUSPENSE_FLAT does not fire when one seed scene has positive suspense
    ok 2 - CLUE_SEED_SUSPENSE_FLAT does not fire when one seed scene has positive suspense
      ---
      duration_ms: 0.900338
      type: 'test'
      ...
    # Subtest: PAYOFF_MIDPOINT_VOID fires when payoffs exist before and after the 40%–60% zone but not within it
    ok 3 - PAYOFF_MIDPOINT_VOID fires when payoffs exist before and after the 40%–60% zone but not within it
      ---
      duration_ms: 1.166966
      type: 'test'
      ...
    # Subtest: PAYOFF_MIDPOINT_VOID does not fire when a payoff lands in the midpoint zone
    ok 4 - PAYOFF_MIDPOINT_VOID does not fire when a payoff lands in the midpoint zone
      ---
      duration_ms: 0.915382
      type: 'test'
      ...
    # Subtest: CLUE_SEED_REVELATION_DECOUPLED fires when no seed scene coincides with a revelation
    ok 5 - CLUE_SEED_REVELATION_DECOUPLED fires when no seed scene coincides with a revelation
      ---
      duration_ms: 0.912072
      type: 'test'
      ...
    # Subtest: CLUE_SEED_REVELATION_DECOUPLED does not fire when a seed scene also carries a revelation
    ok 6 - CLUE_SEED_REVELATION_DECOUPLED does not fire when a seed scene also carries a revelation
      ---
      duration_ms: 0.775477
      type: 'test'
      ...
    1..6
ok 1661 - Wave 398 — payoffPass: clue seed suspense flat, payoff midpoint void, clue seed revelation decoupled
  ---
  duration_ms: 6.009183
  type: 'suite'
  ...
# Subtest: Wave 303 — payoffPass: clue replant, payoff double fire, thread convergence absent
    # Subtest: CLUE_REPLANT fires when the same clue ID is seeded in two scenes
    ok 1 - CLUE_REPLANT fires when the same clue ID is seeded in two scenes
      ---
      duration_ms: 0.930567
      type: 'test'
      ...
    # Subtest: CLUE_REPLANT does not fire when each clue is seeded once
    ok 2 - CLUE_REPLANT does not fire when each clue is seeded once
      ---
      duration_ms: 0.969186
      type: 'test'
      ...
    # Subtest: PAYOFF_DOUBLE_FIRE fires when the same setup is paid off in two scenes
    ok 3 - PAYOFF_DOUBLE_FIRE fires when the same setup is paid off in two scenes
      ---
      duration_ms: 0.889057
      type: 'test'
      ...
    # Subtest: PAYOFF_DOUBLE_FIRE does not fire when each setup pays off once
    ok 4 - PAYOFF_DOUBLE_FIRE does not fire when each setup pays off once
      ---
      duration_ms: 1.206731
      type: 'test'
      ...
    # Subtest: THREAD_CONVERGENCE_ABSENT fires when 4+ payoffs all resolve in isolation
    ok 5 - THREAD_CONVERGENCE_ABSENT fires when 4+ payoffs all resolve in isolation
      ---
      duration_ms: 1.611922
      type: 'test'
      ...
    # Subtest: THREAD_CONVERGENCE_ABSENT does not fire when one scene resolves two threads
    ok 6 - THREAD_CONVERGENCE_ABSENT does not fire when one scene resolves two threads
      ---
      duration_ms: 1.018012
      type: 'test'
      ...
    1..6
ok 1662 - Wave 303 — payoffPass: clue replant, payoff double fire, thread convergence absent
  ---
  duration_ms: 6.916303
  type: 'suite'
  ...
# Subtest: Wave 384 — payoffPass: payoff suspense peak decoupled, clue seed clock decoupled, clue seed front-loaded
    # Subtest: PAYOFF_SUSPENSE_PEAK_DECOUPLED fires when the peak-suspense scene carries no payoff
    ok 1 - PAYOFF_SUSPENSE_PEAK_DECOUPLED fires when the peak-suspense scene carries no payoff
      ---
      duration_ms: 1.609369
      type: 'test'
      ...
    # Subtest: PAYOFF_SUSPENSE_PEAK_DECOUPLED does not fire when the peak-suspense scene carries a payoff
    ok 2 - PAYOFF_SUSPENSE_PEAK_DECOUPLED does not fire when the peak-suspense scene carries a payoff
      ---
      duration_ms: 0.775062
      type: 'test'
      ...
    # Subtest: CLUE_SEED_CLOCK_DECOUPLED fires when no clue-seeding scene raises a clock
    ok 3 - CLUE_SEED_CLOCK_DECOUPLED fires when no clue-seeding scene raises a clock
      ---
      duration_ms: 0.933259
      type: 'test'
      ...
    # Subtest: CLUE_SEED_CLOCK_DECOUPLED does not fire when a clue-seeding scene raises a clock
    ok 4 - CLUE_SEED_CLOCK_DECOUPLED does not fire when a clue-seeding scene raises a clock
      ---
      duration_ms: 0.812921
      type: 'test'
      ...
    # Subtest: CLUE_SEED_FRONT_LOADED fires when >60% of clues are planted in the first half
    ok 5 - CLUE_SEED_FRONT_LOADED fires when >60% of clues are planted in the first half
      ---
      duration_ms: 0.96695
      type: 'test'
      ...
    # Subtest: CLUE_SEED_FRONT_LOADED does not fire when clues are balanced across halves
    ok 6 - CLUE_SEED_FRONT_LOADED does not fire when clues are balanced across halves
      ---
      duration_ms: 0.88129
      type: 'test'
      ...
    1..6
ok 1663 - Wave 384 — payoffPass: payoff suspense peak decoupled, clue seed clock decoupled, clue seed front-loaded
  ---
  duration_ms: 6.314295
  type: 'suite'
  ...
# Subtest: Wave 370 — payoffPass: payoff curiosity peak decoupled, payoff Act 3 absent, clue seed midpoint void
    # Subtest: PAYOFF_CURIOSITY_PEAK_DECOUPLED fires when the peak-curiosity scene carries no payoff
    ok 1 - PAYOFF_CURIOSITY_PEAK_DECOUPLED fires when the peak-curiosity scene carries no payoff
      ---
      duration_ms: 0.944907
      type: 'test'
      ...
    # Subtest: PAYOFF_CURIOSITY_PEAK_DECOUPLED does not fire when the peak-curiosity scene carries a payoff
    ok 2 - PAYOFF_CURIOSITY_PEAK_DECOUPLED does not fire when the peak-curiosity scene carries a payoff
      ---
      duration_ms: 0.94021
      type: 'test'
      ...
    # Subtest: PAYOFF_ACT3_ABSENT fires when 3+ payoffs land before Act 3 and none within it
    ok 3 - PAYOFF_ACT3_ABSENT fires when 3+ payoffs land before Act 3 and none within it
      ---
      duration_ms: 1.014789
      type: 'test'
      ...
    # Subtest: PAYOFF_ACT3_ABSENT does not fire when a payoff lands in Act 3
    ok 4 - PAYOFF_ACT3_ABSENT does not fire when a payoff lands in Act 3
      ---
      duration_ms: 1.017221
      type: 'test'
      ...
    # Subtest: CLUE_SEED_MIDPOINT_VOID fires when no clue is seeded in the 40-60% zone but seeds exist on both sides
    ok 5 - CLUE_SEED_MIDPOINT_VOID fires when no clue is seeded in the 40-60% zone but seeds exist on both sides
      ---
      duration_ms: 0.901557
      type: 'test'
      ...
    # Subtest: CLUE_SEED_MIDPOINT_VOID does not fire when a clue is seeded in the midpoint zone
    ok 6 - CLUE_SEED_MIDPOINT_VOID does not fire when a clue is seeded in the midpoint zone
      ---
      duration_ms: 4.960924
      type: 'test'
      ...
    1..6
ok 1664 - Wave 370 — payoffPass: payoff curiosity peak decoupled, payoff Act 3 absent, clue seed midpoint void
  ---
  duration_ms: 10.069208
  type: 'suite'
  ...
# Subtest: Wave 356 — payoffPass: clue seed dramatic turn decoupled, payoff clock decoupled, late clue plant
    # Subtest: CLUE_SEED_DRAMATIC_TURN_DECOUPLED fires when no clue-seeding scene carries a dramatic turn
    ok 1 - CLUE_SEED_DRAMATIC_TURN_DECOUPLED fires when no clue-seeding scene carries a dramatic turn
      ---
      duration_ms: 1.230211
      type: 'test'
      ...
    # Subtest: CLUE_SEED_DRAMATIC_TURN_DECOUPLED does not fire when a clue-seeding scene pivots
    ok 2 - CLUE_SEED_DRAMATIC_TURN_DECOUPLED does not fire when a clue-seeding scene pivots
      ---
      duration_ms: 0.908662
      type: 'test'
      ...
    # Subtest: PAYOFF_CLOCK_DECOUPLED fires when no payoff lands under a clock
    ok 3 - PAYOFF_CLOCK_DECOUPLED fires when no payoff lands under a clock
      ---
      duration_ms: 0.957504
      type: 'test'
      ...
    # Subtest: PAYOFF_CLOCK_DECOUPLED does not fire when a payoff lands under a clock
    ok 4 - PAYOFF_CLOCK_DECOUPLED does not fire when a payoff lands under a clock
      ---
      duration_ms: 4.438492
      type: 'test'
      ...
    # Subtest: LATE_CLUE_PLANT fires when a clue is seeded in the final 15%
    ok 5 - LATE_CLUE_PLANT fires when a clue is seeded in the final 15%
      ---
      duration_ms: 0.897812
      type: 'test'
      ...
    # Subtest: LATE_CLUE_PLANT does not fire when all clues are seeded early
    ok 6 - LATE_CLUE_PLANT does not fire when all clues are seeded early
      ---
      duration_ms: 0.931247
      type: 'test'
      ...
    1..6
ok 1665 - Wave 356 — payoffPass: clue seed dramatic turn decoupled, payoff clock decoupled, late clue plant
  ---
  duration_ms: 9.690484
  type: 'suite'
  ...
# Subtest: Wave 342 — payoffPass: clue seed relationship decoupled, payoff dramatic turn decoupled, setup/payoff dead run
    # Subtest: CLUE_SEED_RELATIONSHIP_DECOUPLED fires when no clue-seeding scene moves a bond
    ok 1 - CLUE_SEED_RELATIONSHIP_DECOUPLED fires when no clue-seeding scene moves a bond
      ---
      duration_ms: 0.972368
      type: 'test'
      ...
    # Subtest: CLUE_SEED_RELATIONSHIP_DECOUPLED does not fire when a clue-seeding scene shifts a relationship
    ok 2 - CLUE_SEED_RELATIONSHIP_DECOUPLED does not fire when a clue-seeding scene shifts a relationship
      ---
      duration_ms: 1.241908
      type: 'test'
      ...
    # Subtest: PAYOFF_DRAMATIC_TURN_DECOUPLED fires when no payoff scene carries a dramatic turn
    ok 3 - PAYOFF_DRAMATIC_TURN_DECOUPLED fires when no payoff scene carries a dramatic turn
      ---
      duration_ms: 1.025955
      type: 'test'
      ...
    # Subtest: PAYOFF_DRAMATIC_TURN_DECOUPLED does not fire when a payoff scene pivots the story
    ok 4 - PAYOFF_DRAMATIC_TURN_DECOUPLED does not fire when a payoff scene pivots the story
      ---
      duration_ms: 0.983664
      type: 'test'
      ...
    # Subtest: SETUP_PAYOFF_DEAD_RUN fires when 6+ consecutive scenes have no setup or payoff
    ok 5 - SETUP_PAYOFF_DEAD_RUN fires when 6+ consecutive scenes have no setup or payoff
      ---
      duration_ms: 1.369696
      type: 'test'
      ...
    # Subtest: SETUP_PAYOFF_DEAD_RUN does not fire when continuity activity is well distributed
    ok 6 - SETUP_PAYOFF_DEAD_RUN does not fire when continuity activity is well distributed
      ---
      duration_ms: 1.773473
      type: 'test'
      ...
    1..6
ok 1666 - Wave 342 — payoffPass: clue seed relationship decoupled, payoff dramatic turn decoupled, setup/payoff dead run
  ---
  duration_ms: 7.770914
  type: 'suite'
  ...
# Subtest: Wave 328 — payoffPass: payoff relationship decoupled, clue seed curiosity flat, clue seed emotion flat
    # Subtest: PAYOFF_RELATIONSHIP_DECOUPLED fires when no payoff scene moves a bond
    ok 1 - PAYOFF_RELATIONSHIP_DECOUPLED fires when no payoff scene moves a bond
      ---
      duration_ms: 1.982021
      type: 'test'
      ...
    # Subtest: PAYOFF_RELATIONSHIP_DECOUPLED does not fire when a payoff scene shifts a relationship
    ok 2 - PAYOFF_RELATIONSHIP_DECOUPLED does not fire when a payoff scene shifts a relationship
      ---
      duration_ms: 1.175852
      type: 'test'
      ...
    # Subtest: CLUE_SEED_CURIOSITY_FLAT fires when clue-seeding scenes raise no curiosity
    ok 3 - CLUE_SEED_CURIOSITY_FLAT fires when clue-seeding scenes raise no curiosity
      ---
      duration_ms: 1.044817
      type: 'test'
      ...
    # Subtest: CLUE_SEED_CURIOSITY_FLAT does not fire when clue-seeding scenes raise curiosity
    ok 4 - CLUE_SEED_CURIOSITY_FLAT does not fire when clue-seeding scenes raise curiosity
      ---
      duration_ms: 0.968649
      type: 'test'
      ...
    # Subtest: CLUE_SEED_EMOTION_FLAT fires when every clue-seeding scene is emotionally neutral
    ok 5 - CLUE_SEED_EMOTION_FLAT fires when every clue-seeding scene is emotionally neutral
      ---
      duration_ms: 1.057891
      type: 'test'
      ...
    # Subtest: CLUE_SEED_EMOTION_FLAT does not fire when a clue-seeding scene is emotionally charged
    ok 6 - CLUE_SEED_EMOTION_FLAT does not fire when a clue-seeding scene is emotionally charged
      ---
      duration_ms: 0.895892
      type: 'test'
      ...
    1..6
ok 1667 - Wave 328 — payoffPass: payoff relationship decoupled, clue seed curiosity flat, clue seed emotion flat
  ---
  duration_ms: 7.554026
  type: 'suite'
  ...
# Subtest: Wave 317 — payoffPass: payoff emotion decoupled, unresolved clue ratio high, payoff curiosity mismatch
    # Subtest: PAYOFF_EMOTION_DECOUPLED fires when all payoff scenes are emotionally neutral
    ok 1 - PAYOFF_EMOTION_DECOUPLED fires when all payoff scenes are emotionally neutral
      ---
      duration_ms: 1.299954
      type: 'test'
      ...
    # Subtest: PAYOFF_EMOTION_DECOUPLED does not fire when payoff scenes have emotional shifts
    ok 2 - PAYOFF_EMOTION_DECOUPLED does not fire when payoff scenes have emotional shifts
      ---
      duration_ms: 1.243955
      type: 'test'
      ...
    # Subtest: UNRESOLVED_CLUE_RATIO_HIGH fires when 40%+ of planted clues remain open at the end
    ok 3 - UNRESOLVED_CLUE_RATIO_HIGH fires when 40%+ of planted clues remain open at the end
      ---
      duration_ms: 1.150103
      type: 'test'
      ...
    # Subtest: UNRESOLVED_CLUE_RATIO_HIGH does not fire when most clues are resolved
    ok 4 - UNRESOLVED_CLUE_RATIO_HIGH does not fire when most clues are resolved
      ---
      duration_ms: 1.30171
      type: 'test'
      ...
    # Subtest: PAYOFF_CURIOSITY_MISMATCH fires when payoff scenes have avg curiosityDelta ≤ 0
    ok 5 - PAYOFF_CURIOSITY_MISMATCH fires when payoff scenes have avg curiosityDelta ≤ 0
      ---
      duration_ms: 1.213524
      type: 'test'
      ...
    # Subtest: PAYOFF_CURIOSITY_MISMATCH does not fire when payoff scenes raise curiosity
    ok 6 - PAYOFF_CURIOSITY_MISMATCH does not fire when payoff scenes raise curiosity
      ---
      duration_ms: 1.128144
      type: 'test'
      ...
    1..6
ok 1668 - Wave 317 — payoffPass: payoff emotion decoupled, unresolved clue ratio high, payoff curiosity mismatch
  ---
  duration_ms: 7.656786
  type: 'suite'
  ...
# Subtest: Wave 289 — payoffPass: payoff-revelation disconnect, clue density front collapse, payoff suspense mismatch
    # Subtest: PAYOFF_REVELATION_DISCONNECT fires when payoffs have no adjacent revelations
    ok 1 - PAYOFF_REVELATION_DISCONNECT fires when payoffs have no adjacent revelations
      ---
      duration_ms: 1.545664
      type: 'test'
      ...
    # Subtest: PAYOFF_REVELATION_DISCONNECT does not fire when a payoff scene has a revelation
    ok 2 - PAYOFF_REVELATION_DISCONNECT does not fire when a payoff scene has a revelation
      ---
      duration_ms: 1.431956
      type: 'test'
      ...
    # Subtest: CLUE_DENSITY_FRONT_COLLAPSE fires when all clues are in the first 20%
    ok 3 - CLUE_DENSITY_FRONT_COLLAPSE fires when all clues are in the first 20%
      ---
      duration_ms: 1.272041
      type: 'test'
      ...
    # Subtest: CLUE_DENSITY_FRONT_COLLAPSE does not fire when clues are spread across the story
    ok 4 - CLUE_DENSITY_FRONT_COLLAPSE does not fire when clues are spread across the story
      ---
      duration_ms: 1.072323
      type: 'test'
      ...
    # Subtest: PAYOFF_SUSPENSE_MISMATCH fires when payoff scenes avg suspenseDelta is ≤ 0
    ok 5 - PAYOFF_SUSPENSE_MISMATCH fires when payoff scenes avg suspenseDelta is ≤ 0
      ---
      duration_ms: 2.396862
      type: 'test'
      ...
    # Subtest: PAYOFF_SUSPENSE_MISMATCH does not fire when payoff scenes have positive avg suspenseDelta
    ok 6 - PAYOFF_SUSPENSE_MISMATCH does not fire when payoff scenes have positive avg suspenseDelta
      ---
      duration_ms: 1.427758
      type: 'test'
      ...
    1..6
ok 1669 - Wave 289 — payoffPass: payoff-revelation disconnect, clue density front collapse, payoff suspense mismatch
  ---
  duration_ms: 9.479723
  type: 'suite'
  ...
# Subtest: Wave 275 — payoffPass: Act 2a payoff void, late-majority clue seeding, setup/payoff act skew
    # Subtest: PAYOFF_ACT2A_VOID fires when no payoffs land in Act 2a (scenes 25%-50%)
    ok 1 - PAYOFF_ACT2A_VOID fires when no payoffs land in Act 2a (scenes 25%-50%)
      ---
      duration_ms: 1.798059
      type: 'test'
      ...
    # Subtest: PAYOFF_ACT2A_VOID does NOT fire when a payoff lands in Act 2a
    ok 2 - PAYOFF_ACT2A_VOID does NOT fire when a payoff lands in Act 2a
      ---
      duration_ms: 8.224351
      type: 'test'
      ...
    # Subtest: CLUE_SEED_LATE_MAJORITY fires when more than 60% of clues are seeded in the second half
    ok 3 - CLUE_SEED_LATE_MAJORITY fires when more than 60% of clues are seeded in the second half
      ---
      duration_ms: 1.40096
      type: 'test'
      ...
    # Subtest: CLUE_SEED_LATE_MAJORITY does NOT fire when no more than 60% of clues are late-seeded
    ok 4 - CLUE_SEED_LATE_MAJORITY does NOT fire when no more than 60% of clues are late-seeded
      ---
      duration_ms: 14.513257
      type: 'test'
      ...
    # Subtest: SETUP_PAYOFF_ACT_SKEW fires when setups and payoffs operate in completely separate act zones
    ok 5 - SETUP_PAYOFF_ACT_SKEW fires when setups and payoffs operate in completely separate act zones
      ---
      duration_ms: 1.387618
      type: 'test'
      ...
    # Subtest: SETUP_PAYOFF_ACT_SKEW does NOT fire when setups and payoffs share the same dominant act zone
    ok 6 - SETUP_PAYOFF_ACT_SKEW does NOT fire when setups and payoffs share the same dominant act zone
      ---
      duration_ms: 1.155319
      type: 'test'
      ...
    1..6
ok 1670 - Wave 275 — payoffPass: Act 2a payoff void, late-majority clue seeding, setup/payoff act skew
  ---
  duration_ms: 28.94095
  type: 'suite'
  ...
# Subtest: Wave 261 — payoffPass: payoff precedes setup, payoff gap excessive, payoff front-loaded
    # Subtest: PAYOFF_PRECEDES_SETUP fires when a payoff lands before its setup
    ok 1 - PAYOFF_PRECEDES_SETUP fires when a payoff lands before its setup
      ---
      duration_ms: 1.102512
      type: 'test'
      ...
    # Subtest: PAYOFF_PRECEDES_SETUP does NOT fire when setup precedes payoff
    ok 2 - PAYOFF_PRECEDES_SETUP does NOT fire when setup precedes payoff
      ---
      duration_ms: 0.382673
      type: 'test'
      ...
    # Subtest: PAYOFF_GAP_EXCESSIVE fires when a plant-to-payoff gap spans 60%+ of the story
    ok 3 - PAYOFF_GAP_EXCESSIVE fires when a plant-to-payoff gap spans 60%+ of the story
      ---
      duration_ms: 0.97775
      type: 'test'
      ...
    # Subtest: PAYOFF_GAP_EXCESSIVE does NOT fire when the fuse is moderate
    ok 4 - PAYOFF_GAP_EXCESSIVE does NOT fire when the fuse is moderate
      ---
      duration_ms: 0.537013
      type: 'test'
      ...
    # Subtest: PAYOFF_FRONT_LOADED fires when >60% of payoffs land in the first half
    ok 5 - PAYOFF_FRONT_LOADED fires when >60% of payoffs land in the first half
      ---
      duration_ms: 1.607696
      type: 'test'
      ...
    # Subtest: PAYOFF_FRONT_LOADED does NOT fire when payoffs are balanced across halves
    ok 6 - PAYOFF_FRONT_LOADED does NOT fire when payoffs are balanced across halves
      ---
      duration_ms: 4.402031
      type: 'test'
      ...
    1..6
ok 1671 - Wave 261 — payoffPass: payoff precedes setup, payoff gap excessive, payoff front-loaded
  ---
  duration_ms: 9.465371
  type: 'suite'
  ...
# Subtest: Wave 247 — payoffPass: setup Act 3 surge, payoff single-scene dump, setup desert Act 2b
    # Subtest: SETUP_ACT3_SURGE fires when 40%+ of clues are planted in Act 3
    ok 1 - SETUP_ACT3_SURGE fires when 40%+ of clues are planted in Act 3
      ---
      duration_ms: 1.08605
      type: 'test'
      ...
    # Subtest: SETUP_ACT3_SURGE does NOT fire when clues are planted early
    ok 2 - SETUP_ACT3_SURGE does NOT fire when clues are planted early
      ---
      duration_ms: 0.830477
      type: 'test'
      ...
    # Subtest: PAYOFF_SINGLE_SCENE_DUMP fires when >50% of payoffs land in one scene
    ok 3 - PAYOFF_SINGLE_SCENE_DUMP fires when >50% of payoffs land in one scene
      ---
      duration_ms: 1.088173
      type: 'test'
      ...
    # Subtest: PAYOFF_SINGLE_SCENE_DUMP does NOT fire when payoffs are distributed
    ok 4 - PAYOFF_SINGLE_SCENE_DUMP does NOT fire when payoffs are distributed
      ---
      duration_ms: 1.001481
      type: 'test'
      ...
    # Subtest: SETUP_DESERT_ACT2B fires when no clues are planted in Act 2b (50%-75%)
    ok 5 - SETUP_DESERT_ACT2B fires when no clues are planted in Act 2b (50%-75%)
      ---
      duration_ms: 0.740287
      type: 'test'
      ...
    # Subtest: SETUP_DESERT_ACT2B does NOT fire when at least one clue is planted in Act 2b
    ok 6 - SETUP_DESERT_ACT2B does NOT fire when at least one clue is planted in Act 2b
      ---
      duration_ms: 0.771787
      type: 'test'
      ...
    1..6
ok 1672 - Wave 247 — payoffPass: setup Act 3 surge, payoff single-scene dump, setup desert Act 2b
  ---
  duration_ms: 5.834034
  type: 'suite'
  ...
# Subtest: Wave 219 — payoffPass: concurrent thread overload, resolution crammed at end, anticipation window decay (tension-debt physics)
    # Subtest: CONCURRENT_THREAD_OVERLOAD fires when many threads are held open simultaneously
    ok 1 - CONCURRENT_THREAD_OVERLOAD fires when many threads are held open simultaneously
      ---
      duration_ms: 1.598136
      type: 'test'
      ...
    # Subtest: CONCURRENT_THREAD_OVERLOAD does not fire when threads close as new ones open
    ok 2 - CONCURRENT_THREAD_OVERLOAD does not fire when threads close as new ones open
      ---
      duration_ms: 1.738155
      type: 'test'
      ...
    # Subtest: RESOLUTION_CRAMMED_AT_END fires when most payoffs land in the final 15%
    ok 3 - RESOLUTION_CRAMMED_AT_END fires when most payoffs land in the final 15%
      ---
      duration_ms: 1.364237
      type: 'test'
      ...
    # Subtest: RESOLUTION_CRAMMED_AT_END does not fire when payoffs are distributed
    ok 4 - RESOLUTION_CRAMMED_AT_END does not fire when payoffs are distributed
      ---
      duration_ms: 1.951703
      type: 'test'
      ...
    # Subtest: ANTICIPATION_WINDOW_DECAY fires when late setups have far shorter fuses than early ones
    ok 5 - ANTICIPATION_WINDOW_DECAY fires when late setups have far shorter fuses than early ones
      ---
      duration_ms: 1.160782
      type: 'test'
      ...
    # Subtest: ANTICIPATION_WINDOW_DECAY does not fire when fuse lengths stay consistent
    ok 6 - ANTICIPATION_WINDOW_DECAY does not fire when fuse lengths stay consistent
      ---
      duration_ms: 1.122037
      type: 'test'
      ...
    1..6
ok 1673 - Wave 219 — payoffPass: concurrent thread overload, resolution crammed at end, anticipation window decay (tension-debt physics)
  ---
  duration_ms: 9.211786
  type: 'suite'
  ...
# Subtest: Wave 206 — payoffPass: setup burst, mid-story payoff void, clue drought
    # Subtest: payoffPass detects SETUP_BURST when one scene plants 4+ distinct clues
    ok 1 - payoffPass detects SETUP_BURST when one scene plants 4+ distinct clues
      ---
      duration_ms: 0.794148
      type: 'test'
      ...
    # Subtest: payoffPass does NOT fire SETUP_BURST when clues are spread across scenes
    ok 2 - payoffPass does NOT fire SETUP_BURST when clues are spread across scenes
      ---
      duration_ms: 0.608641
      type: 'test'
      ...
    # Subtest: payoffPass detects MIDSTORY_PAYOFF_VOID when payoffs bracket an empty middle
    ok 3 - payoffPass detects MIDSTORY_PAYOFF_VOID when payoffs bracket an empty middle
      ---
      duration_ms: 0.787137
      type: 'test'
      ...
    # Subtest: payoffPass does NOT fire MIDSTORY_PAYOFF_VOID when a payoff lands in the middle
    ok 4 - payoffPass does NOT fire MIDSTORY_PAYOFF_VOID when a payoff lands in the middle
      ---
      duration_ms: 0.920756
      type: 'test'
      ...
    # Subtest: payoffPass detects CLUE_DROUGHT when the setup/payoff engine goes idle for a long stretch
    ok 5 - payoffPass detects CLUE_DROUGHT when the setup/payoff engine goes idle for a long stretch
      ---
      duration_ms: 1.094695
      type: 'test'
      ...
    # Subtest: payoffPass does NOT fire CLUE_DROUGHT when clue events are evenly distributed
    ok 6 - payoffPass does NOT fire CLUE_DROUGHT when clue events are evenly distributed
      ---
      duration_ms: 0.957109
      type: 'test'
      ...
    1..6
ok 1674 - Wave 206 — payoffPass: setup burst, mid-story payoff void, clue drought
  ---
  duration_ms: 5.422856
  type: 'suite'
  ...
# {"time":"2026-08-05T02:28:55.305Z","level":"warn","msg":"collab_secret_generated","message":"COLLAB_SECRET not set — generated an ephemeral per-process secret. Set COLLAB_SECRET in any multi-process or restart-prone deployment."}
# {"time":"2026-08-05T02:28:55.366Z","level":"warn","msg":"revision_rewrite_failed","passName":"relationship-arc","message":"Gemini provider not available (GEMINI_API_KEY not set)"}
# {"time":"2026-08-05T02:28:55.370Z","level":"warn","msg":"revision_rewrite_failed","passName":"relationship-arc","message":"Gemini provider not available (GEMINI_API_KEY not set)"}
# {"time":"2026-08-05T02:28:55.372Z","level":"warn","msg":"revision_rewrite_failed","passName":"relationship-arc","message":"Gemini provider not available (GEMINI_API_KEY not set)"}
# {"time":"2026-08-05T02:28:55.374Z","level":"warn","msg":"revision_rewrite_failed","passName":"relationship-arc","message":"Gemini provider not available (GEMINI_API_KEY not set)"}
# {"time":"2026-08-05T02:28:55.377Z","level":"warn","msg":"revision_rewrite_failed","passName":"relationship-arc","message":"Gemini provider not available (GEMINI_API_KEY not set)"}
# {"time":"2026-08-05T02:28:55.383Z","level":"warn","msg":"revision_rewrite_failed","passName":"relationship-arc","message":"Gemini provider not available (GEMINI_API_KEY not set)"}
# {"time":"2026-08-05T02:28:55.385Z","level":"warn","msg":"revision_rewrite_failed","passName":"relationship-arc","message":"Gemini provider not available (GEMINI_API_KEY not set)"}
# {"time":"2026-08-05T02:28:55.386Z","level":"warn","msg":"revision_rewrite_failed","passName":"relationship-arc","message":"Gemini provider not available (GEMINI_API_KEY not set)"}
# {"time":"2026-08-05T02:28:55.389Z","level":"warn","msg":"revision_rewrite_failed","passName":"relationship-arc","message":"Gemini provider not available (GEMINI_API_KEY not set)"}
# {"time":"2026-08-05T02:28:55.391Z","level":"warn","msg":"revision_rewrite_failed","passName":"relationship-arc","message":"Gemini provider not available (GEMINI_API_KEY not set)"}
# {"time":"2026-08-05T02:28:55.394Z","level":"warn","msg":"revision_rewrite_failed","passName":"relationship-arc","message":"Gemini provider not available (GEMINI_API_KEY not set)"}
# {"time":"2026-08-05T02:28:55.396Z","level":"warn","msg":"revision_rewrite_failed","passName":"relationship-arc","message":"Gemini provider not available (GEMINI_API_KEY not set)"}
# {"time":"2026-08-05T02:28:55.398Z","level":"warn","msg":"revision_rewrite_failed","passName":"relationship-arc","message":"Gemini provider not available (GEMINI_API_KEY not set)"}
# {"time":"2026-08-05T02:28:55.399Z","level":"warn","msg":"revision_rewrite_failed","passName":"relationship-arc","message":"Gemini provider not available (GEMINI_API_KEY not set)"}
# {"time":"2026-08-05T02:28:55.400Z","level":"warn","msg":"revision_rewrite_failed","passName":"relationship-arc","message":"Gemini provider not available (GEMINI_API_KEY not set)"}
# {"time":"2026-08-05T02:28:55.401Z","level":"warn","msg":"revision_rewrite_failed","passName":"relationship-arc","message":"Gemini provider not available (GEMINI_API_KEY not set)"}
# {"time":"2026-08-05T02:28:55.407Z","level":"warn","msg":"revision_rewrite_failed","passName":"relationship-arc","message":"Gemini provider not available (GEMINI_API_KEY not set)"}
# {"time":"2026-08-05T02:28:55.409Z","level":"warn","msg":"revision_rewrite_failed","passName":"relationship-arc","message":"Gemini provider not available (GEMINI_API_KEY not set)"}
# {"time":"2026-08-05T02:28:55.411Z","level":"warn","msg":"revision_rewrite_failed","passName":"relationship-arc","message":"Gemini provider not available (GEMINI_API_KEY not set)"}
# {"time":"2026-08-05T02:28:55.412Z","level":"warn","msg":"revision_rewrite_failed","passName":"relationship-arc","message":"Gemini provider not available (GEMINI_API_KEY not set)"}
# {"time":"2026-08-05T02:28:55.414Z","level":"warn","msg":"revision_rewrite_failed","passName":"relationship-arc","message":"Gemini provider not available (GEMINI_API_KEY not set)"}
# {"time":"2026-08-05T02:28:55.415Z","level":"warn","msg":"revision_rewrite_failed","passName":"relationship-arc","message":"Gemini provider not available (GEMINI_API_KEY not set)"}
# {"time":"2026-08-05T02:28:55.428Z","level":"warn","msg":"revision_rewrite_failed","passName":"relationship-arc","message":"Gemini provider not available (GEMINI_API_KEY not set)"}
# {"time":"2026-08-05T02:28:55.430Z","level":"warn","msg":"revision_rewrite_failed","passName":"relationship-arc","message":"Gemini provider not available (GEMINI_API_KEY not set)"}
# {"time":"2026-08-05T02:28:55.431Z","level":"warn","msg":"revision_rewrite_failed","passName":"relationship-arc","message":"Gemini provider not available (GEMINI_API_KEY not set)"}
# {"time":"2026-08-05T02:28:55.433Z","level":"warn","msg":"revision_rewrite_failed","passName":"relationship-arc","message":"Gemini provider not available (GEMINI_API_KEY not set)"}
# {"time":"2026-08-05T02:28:55.435Z","level":"warn","msg":"revision_rewrite_failed","passName":"relationship-arc","message":"Gemini provider not available (GEMINI_API_KEY not set)"}
# {"time":"2026-08-05T02:28:55.437Z","level":"warn","msg":"revision_rewrite_failed","passName":"relationship-arc","message":"Gemini provider not available (GEMINI_API_KEY not set)"}
# {"time":"2026-08-05T02:28:55.439Z","level":"warn","msg":"revision_rewrite_failed","passName":"relationship-arc","message":"Gemini provider not available (GEMINI_API_KEY not set)"}
# {"time":"2026-08-05T02:28:55.440Z","level":"warn","msg":"revision_rewrite_failed","passName":"relationship-arc","message":"Gemini provider not available (GEMINI_API_KEY not set)"}
# {"time":"2026-08-05T02:28:55.442Z","level":"warn","msg":"revision_rewrite_failed","passName":"relationship-arc","message":"Gemini provider not available (GEMINI_API_KEY not set)"}
# {"time":"2026-08-05T02:28:55.443Z","level":"warn","msg":"revision_rewrite_failed","passName":"relationship-arc","message":"Gemini provider not available (GEMINI_API_KEY not set)"}
# {"time":"2026-08-05T02:28:55.445Z","level":"warn","msg":"revision_rewrite_failed","passName":"relationship-arc","message":"Gemini provider not available (GEMINI_API_KEY not set)"}
# {"time":"2026-08-05T02:28:55.447Z","level":"warn","msg":"revision_rewrite_failed","passName":"relationship-arc","message":"Gemini provider not available (GEMINI_API_KEY not set)"}
# {"time":"2026-08-05T02:28:55.448Z","level":"warn","msg":"revision_rewrite_failed","passName":"relationship-arc","message":"Gemini provider not available (GEMINI_API_KEY not set)"}
# {"time":"2026-08-05T02:28:55.453Z","level":"warn","msg":"revision_rewrite_failed","passName":"relationship-arc","message":"Gemini provider not available (GEMINI_API_KEY not set)"}
# {"time":"2026-08-05T02:28:55.455Z","level":"warn","msg":"revision_rewrite_failed","passName":"relationship-arc","message":"Gemini provider not available (GEMINI_API_KEY not set)"}
# {"time":"2026-08-05T02:28:55.457Z","level":"warn","msg":"revision_rewrite_failed","passName":"relationship-arc","message":"Gemini provider not available (GEMINI_API_KEY not set)"}
# {"time":"2026-08-05T02:28:55.458Z","level":"warn","msg":"revision_rewrite_failed","passName":"relationship-arc","message":"Gemini provider not available (GEMINI_API_KEY not set)"}
# {"time":"2026-08-05T02:28:55.458Z","level":"warn","msg":"revision_rewrite_failed","passName":"relationship-arc","message":"Gemini provider not available (GEMINI_API_KEY not set)"}
# {"time":"2026-08-05T02:28:55.460Z","level":"warn","msg":"revision_rewrite_failed","passName":"relationship-arc","message":"Gemini provider not available (GEMINI_API_KEY not set)"}
# {"time":"2026-08-05T02:28:55.461Z","level":"warn","msg":"revision_rewrite_failed","passName":"relationship-arc","message":"Gemini provider not available (GEMINI_API_KEY not set)"}
# {"time":"2026-08-05T02:28:55.462Z","level":"warn","msg":"revision_rewrite_failed","passName":"relationship-arc","message":"Gemini provider not available (GEMINI_API_KEY not set)"}
# {"time":"2026-08-05T02:28:55.463Z","level":"warn","msg":"revision_rewrite_failed","passName":"relationship-arc","message":"Gemini provider not available (GEMINI_API_KEY not set)"}
# {"time":"2026-08-05T02:28:55.464Z","level":"warn","msg":"revision_rewrite_failed","passName":"relationship-arc","message":"Gemini provider not available (GEMINI_API_KEY not set)"}
# {"time":"2026-08-05T02:28:55.466Z","level":"warn","msg":"revision_rewrite_failed","passName":"relationship-arc","message":"Gemini provider not available (GEMINI_API_KEY not set)"}
# {"time":"2026-08-05T02:28:55.467Z","level":"warn","msg":"revision_rewrite_failed","passName":"relationship-arc","message":"Gemini provider not available (GEMINI_API_KEY not set)"}
# {"time":"2026-08-05T02:28:55.468Z","level":"warn","msg":"revision_rewrite_failed","passName":"relationship-arc","message":"Gemini provider not available (GEMINI_API_KEY not set)"}
# {"time":"2026-08-05T02:28:55.470Z","level":"warn","msg":"revision_rewrite_failed","passName":"relationship-arc","message":"Gemini provider not available (GEMINI_API_KEY not set)"}
# {"time":"2026-08-05T02:28:55.471Z","level":"warn","msg":"revision_rewrite_failed","passName":"relationship-arc","message":"Gemini provider not available (GEMINI_API_KEY not set)"}
# {"time":"2026-08-05T02:28:55.473Z","level":"warn","msg":"revision_rewrite_failed","passName":"relationship-arc","message":"Gemini provider not available (GEMINI_API_KEY not set)"}
# {"time":"2026-08-05T02:28:55.474Z","level":"warn","msg":"revision_rewrite_failed","passName":"relationship-arc","message":"Gemini provider not available (GEMINI_API_KEY not set)"}
# {"time":"2026-08-05T02:28:55.475Z","level":"warn","msg":"revision_rewrite_failed","passName":"relationship-arc","message":"Gemini provider not available (GEMINI_API_KEY not set)"}
# {"time":"2026-08-05T02:28:55.476Z","level":"warn","msg":"revision_rewrite_failed","passName":"relationship-arc","message":"Gemini provider not available (GEMINI_API_KEY not set)"}
# {"time":"2026-08-05T02:28:55.477Z","level":"warn","msg":"revision_rewrite_failed","passName":"relationship-arc","message":"Gemini provider not available (GEMINI_API_KEY not set)"}
# {"time":"2026-08-05T02:28:55.478Z","level":"warn","msg":"revision_rewrite_failed","passName":"relationship-arc","message":"Gemini provider not available (GEMINI_API_KEY not set)"}
# {"time":"2026-08-05T02:28:55.479Z","level":"warn","msg":"revision_rewrite_failed","passName":"relationship-arc","message":"Gemini provider not available (GEMINI_API_KEY not set)"}
# {"time":"2026-08-05T02:28:55.480Z","level":"warn","msg":"revision_rewrite_failed","passName":"relationship-arc","message":"Gemini provider not available (GEMINI_API_KEY not set)"}
# {"time":"2026-08-05T02:28:55.482Z","level":"warn","msg":"revision_rewrite_failed","passName":"relationship-arc","message":"Gemini provider not available (GEMINI_API_KEY not set)"}
# {"time":"2026-08-05T02:28:55.483Z","level":"warn","msg":"revision_rewrite_failed","passName":"relationship-arc","message":"Gemini provider not available (GEMINI_API_KEY not set)"}
# {"time":"2026-08-05T02:28:55.485Z","level":"warn","msg":"revision_rewrite_failed","passName":"relationship-arc","message":"Gemini provider not available (GEMINI_API_KEY not set)"}
# {"time":"2026-08-05T02:28:55.486Z","level":"warn","msg":"revision_rewrite_failed","passName":"relationship-arc","message":"Gemini provider not available (GEMINI_API_KEY not set)"}
# {"time":"2026-08-05T02:28:55.487Z","level":"warn","msg":"revision_rewrite_failed","passName":"relationship-arc","message":"Gemini provider not available (GEMINI_API_KEY not set)"}
# {"time":"2026-08-05T02:28:55.488Z","level":"warn","msg":"revision_rewrite_failed","passName":"relationship-arc","message":"Gemini provider not available (GEMINI_API_KEY not set)"}
# {"time":"2026-08-05T02:28:55.490Z","level":"warn","msg":"revision_rewrite_failed","passName":"relationship-arc","message":"Gemini provider not available (GEMINI_API_KEY not set)"}
# {"time":"2026-08-05T02:28:55.491Z","level":"warn","msg":"revision_rewrite_failed","passName":"relationship-arc","message":"Gemini provider not available (GEMINI_API_KEY not set)"}
# {"time":"2026-08-05T02:28:55.492Z","level":"warn","msg":"revision_rewrite_failed","passName":"relationship-arc","message":"Gemini provider not available (GEMINI_API_KEY not set)"}
# {"time":"2026-08-05T02:28:55.494Z","level":"warn","msg":"revision_rewrite_failed","passName":"relationship-arc","message":"Gemini provider not available (GEMINI_API_KEY not set)"}
# {"time":"2026-08-05T02:28:55.495Z","level":"warn","msg":"revision_rewrite_failed","passName":"relationship-arc","message":"Gemini provider not available (GEMINI_API_KEY not set)"}
# {"time":"2026-08-05T02:28:55.496Z","level":"warn","msg":"revision_rewrite_failed","passName":"relationship-arc","message":"Gemini provider not available (GEMINI_API_KEY not set)"}
# {"time":"2026-08-05T02:28:55.498Z","level":"warn","msg":"revision_rewrite_failed","passName":"relationship-arc","message":"Gemini provider not available (GEMINI_API_KEY not set)"}
# {"time":"2026-08-05T02:28:55.499Z","level":"warn","msg":"revision_rewrite_failed","passName":"relationship-arc","message":"Gemini provider not available (GEMINI_API_KEY not set)"}
# {"time":"2026-08-05T02:28:55.500Z","level":"warn","msg":"revision_rewrite_failed","passName":"relationship-arc","message":"Gemini provider not available (GEMINI_API_KEY not set)"}
# {"time":"2026-08-05T02:28:55.501Z","level":"warn","msg":"revision_rewrite_failed","passName":"relationship-arc","message":"Gemini provider not available (GEMINI_API_KEY not set)"}
# {"time":"2026-08-05T02:28:55.502Z","level":"warn","msg":"revision_rewrite_failed","passName":"relationship-arc","message":"Gemini provider not available (GEMINI_API_KEY not set)"}
# {"time":"2026-08-05T02:28:55.503Z","level":"warn","msg":"revision_rewrite_failed","passName":"relationship-arc","message":"Gemini provider not available (GEMINI_API_KEY not set)"}
# {"time":"2026-08-05T02:28:55.505Z","level":"warn","msg":"revision_rewrite_failed","passName":"relationship-arc","message":"Gemini provider not available (GEMINI_API_KEY not set)"}
# {"time":"2026-08-05T02:28:55.506Z","level":"warn","msg":"revision_rewrite_failed","passName":"relationship-arc","message":"Gemini provider not available (GEMINI_API_KEY not set)"}
# {"time":"2026-08-05T02:28:55.507Z","level":"warn","msg":"revision_rewrite_failed","passName":"relationship-arc","message":"Gemini provider not available (GEMINI_API_KEY not set)"}
# {"time":"2026-08-05T02:28:55.508Z","level":"warn","msg":"revision_rewrite_failed","passName":"relationship-arc","message":"Gemini provider not available (GEMINI_API_KEY not set)"}
# {"time":"2026-08-05T02:28:55.510Z","level":"warn","msg":"revision_rewrite_failed","passName":"relationship-arc","message":"Gemini provider not available (GEMINI_API_KEY not set)"}
# {"time":"2026-08-05T02:28:55.511Z","level":"warn","msg":"revision_rewrite_failed","passName":"relationship-arc","message":"Gemini provider not available (GEMINI_API_KEY not set)"}
# {"time":"2026-08-05T02:28:55.519Z","level":"warn","msg":"revision_rewrite_failed","passName":"relationship-arc","message":"Gemini provider not available (GEMINI_API_KEY not set)"}
# {"time":"2026-08-05T02:28:55.520Z","level":"warn","msg":"revision_rewrite_failed","passName":"relationship-arc","message":"Gemini provider not available (GEMINI_API_KEY not set)"}
# {"time":"2026-08-05T02:28:55.521Z","level":"warn","msg":"revision_rewrite_failed","passName":"relationship-arc","message":"Gemini provider not available (GEMINI_API_KEY not set)"}
# {"time":"2026-08-05T02:28:55.522Z","level":"warn","msg":"revision_rewrite_failed","passName":"relationship-arc","message":"Gemini provider not available (GEMINI_API_KEY not set)"}
# {"time":"2026-08-05T02:28:55.523Z","level":"warn","msg":"revision_rewrite_failed","passName":"relationship-arc","message":"Gemini provider not available (GEMINI_API_KEY not set)"}
# {"time":"2026-08-05T02:28:55.525Z","level":"warn","msg":"revision_rewrite_failed","passName":"relationship-arc","message":"Gemini provider not available (GEMINI_API_KEY not set)"}
# {"time":"2026-08-05T02:28:55.526Z","level":"warn","msg":"revision_rewrite_failed","passName":"relationship-arc","message":"Gemini provider not available (GEMINI_API_KEY not set)"}
# {"time":"2026-08-05T02:28:55.528Z","level":"warn","msg":"revision_rewrite_failed","passName":"relationship-arc","message":"Gemini provider not available (GEMINI_API_KEY not set)"}
# {"time":"2026-08-05T02:28:55.529Z","level":"warn","msg":"revision_rewrite_failed","passName":"relationship-arc","message":"Gemini provider not available (GEMINI_API_KEY not set)"}
# {"time":"2026-08-05T02:28:55.530Z","level":"warn","msg":"revision_rewrite_failed","passName":"relationship-arc","message":"Gemini provider not available (GEMINI_API_KEY not set)"}
# {"time":"2026-08-05T02:28:55.531Z","level":"warn","msg":"revision_rewrite_failed","passName":"relationship-arc","message":"Gemini provider not available (GEMINI_API_KEY not set)"}
# {"time":"2026-08-05T02:28:55.532Z","level":"warn","msg":"revision_rewrite_failed","passName":"relationship-arc","message":"Gemini provider not available (GEMINI_API_KEY not set)"}
# {"time":"2026-08-05T02:28:55.533Z","level":"warn","msg":"revision_rewrite_failed","passName":"relationship-arc","message":"Gemini provider not available (GEMINI_API_KEY not set)"}
# {"time":"2026-08-05T02:28:55.534Z","level":"warn","msg":"revision_rewrite_failed","passName":"relationship-arc","message":"Gemini provider not available (GEMINI_API_KEY not set)"}
# {"time":"2026-08-05T02:28:55.535Z","level":"warn","msg":"revision_rewrite_failed","passName":"relationship-arc","message":"Gemini provider not available (GEMINI_API_KEY not set)"}
# {"time":"2026-08-05T02:28:55.536Z","level":"warn","msg":"revision_rewrite_failed","passName":"relationship-arc","message":"Gemini provider not available (GEMINI_API_KEY not set)"}
# {"time":"2026-08-05T02:28:55.537Z","level":"warn","msg":"revision_rewrite_failed","passName":"relationship-arc","message":"Gemini provider not available (GEMINI_API_KEY not set)"}
# {"time":"2026-08-05T02:28:55.538Z","level":"warn","msg":"revision_rewrite_failed","passName":"relationship-arc","message":"Gemini provider not available (GEMINI_API_KEY not set)"}
# {"time":"2026-08-05T02:28:55.540Z","level":"warn","msg":"revision_rewrite_failed","passName":"relationship-arc","message":"Gemini provider not available (GEMINI_API_KEY not set)"}
# {"time":"2026-08-05T02:28:55.541Z","level":"warn","msg":"revision_rewrite_failed","passName":"relationship-arc","message":"Gemini provider not available (GEMINI_API_KEY not set)"}
# {"time":"2026-08-05T02:28:55.542Z","level":"warn","msg":"revision_rewrite_failed","passName":"relationship-arc","message":"Gemini provider not available (GEMINI_API_KEY not set)"}
# {"time":"2026-08-05T02:28:55.543Z","level":"warn","msg":"revision_rewrite_failed","passName":"relationship-arc","message":"Gemini provider not available (GEMINI_API_KEY not set)"}
# {"time":"2026-08-05T02:28:55.544Z","level":"warn","msg":"revision_rewrite_failed","passName":"relationship-arc","message":"Gemini provider not available (GEMINI_API_KEY not set)"}
# {"time":"2026-08-05T02:28:55.545Z","level":"warn","msg":"revision_rewrite_failed","passName":"relationship-arc","message":"Gemini provider not available (GEMINI_API_KEY not set)"}
# {"time":"2026-08-05T02:28:55.547Z","level":"warn","msg":"revision_rewrite_failed","passName":"relationship-arc","message":"Gemini provider not available (GEMINI_API_KEY not set)"}
# {"time":"2026-08-05T02:28:55.548Z","level":"warn","msg":"revision_rewrite_failed","passName":"relationship-arc","message":"Gemini provider not available (GEMINI_API_KEY not set)"}
# {"time":"2026-08-05T02:28:55.549Z","level":"warn","msg":"revision_rewrite_failed","passName":"relationship-arc","message":"Gemini provider not available (GEMINI_API_KEY not set)"}
# {"time":"2026-08-05T02:28:55.550Z","level":"warn","msg":"revision_rewrite_failed","passName":"relationship-arc","message":"Gemini provider not available (GEMINI_API_KEY not set)"}
# {"time":"2026-08-05T02:28:55.551Z","level":"warn","msg":"revision_rewrite_failed","passName":"relationship-arc","message":"Gemini provider not available (GEMINI_API_KEY not set)"}
# {"time":"2026-08-05T02:28:55.552Z","level":"warn","msg":"revision_rewrite_failed","passName":"relationship-arc","message":"Gemini provider not available (GEMINI_API_KEY not set)"}
# {"time":"2026-08-05T02:28:55.553Z","level":"warn","msg":"revision_rewrite_failed","passName":"relationship-arc","message":"Gemini provider not available (GEMINI_API_KEY not set)"}
# {"time":"2026-08-05T02:28:55.554Z","level":"warn","msg":"revision_rewrite_failed","passName":"relationship-arc","message":"Gemini provider not available (GEMINI_API_KEY not set)"}
# {"time":"2026-08-05T02:28:55.555Z","level":"warn","msg":"revision_rewrite_failed","passName":"relationship-arc","message":"Gemini provider not available (GEMINI_API_KEY not set)"}
# {"time":"2026-08-05T02:28:55.556Z","level":"warn","msg":"revision_rewrite_failed","passName":"relationship-arc","message":"Gemini provider not available (GEMINI_API_KEY not set)"}
# {"time":"2026-08-05T02:28:55.557Z","level":"warn","msg":"revision_rewrite_failed","passName":"relationship-arc","message":"Gemini provider not available (GEMINI_API_KEY not set)"}
# {"time":"2026-08-05T02:28:55.558Z","level":"warn","msg":"revision_rewrite_failed","passName":"relationship-arc","message":"Gemini provider not available (GEMINI_API_KEY not set)"}
# {"time":"2026-08-05T02:28:55.559Z","level":"warn","msg":"revision_rewrite_failed","passName":"relationship-arc","message":"Gemini provider not available (GEMINI_API_KEY not set)"}
# {"time":"2026-08-05T02:28:55.560Z","level":"warn","msg":"revision_rewrite_failed","passName":"relationship-arc","message":"Gemini provider not available (GEMINI_API_KEY not set)"}
# {"time":"2026-08-05T02:28:55.561Z","level":"warn","msg":"revision_rewrite_failed","passName":"relationship-arc","message":"Gemini provider not available (GEMINI_API_KEY not set)"}
# {"time":"2026-08-05T02:28:55.562Z","level":"warn","msg":"revision_rewrite_failed","passName":"relationship-arc","message":"Gemini provider not available (GEMINI_API_KEY not set)"}
# {"time":"2026-08-05T02:28:55.563Z","level":"warn","msg":"revision_rewrite_failed","passName":"relationship-arc","message":"Gemini provider not available (GEMINI_API_KEY not set)"}
# {"time":"2026-08-05T02:28:55.565Z","level":"warn","msg":"revision_rewrite_failed","passName":"relationship-arc","message":"Gemini provider not available (GEMINI_API_KEY not set)"}
# {"time":"2026-08-05T02:28:55.566Z","level":"warn","msg":"revision_rewrite_failed","passName":"relationship-arc","message":"Gemini provider not available (GEMINI_API_KEY not set)"}
# {"time":"2026-08-05T02:28:55.567Z","level":"warn","msg":"revision_rewrite_failed","passName":"relationship-arc","message":"Gemini provider not available (GEMINI_API_KEY not set)"}
# {"time":"2026-08-05T02:28:55.568Z","level":"warn","msg":"revision_rewrite_failed","passName":"relationship-arc","message":"Gemini provider not available (GEMINI_API_KEY not set)"}
# {"time":"2026-08-05T02:28:55.569Z","level":"warn","msg":"revision_rewrite_failed","passName":"relationship-arc","message":"Gemini provider not available (GEMINI_API_KEY not set)"}
# {"time":"2026-08-05T02:28:55.570Z","level":"warn","msg":"revision_rewrite_failed","passName":"relationship-arc","message":"Gemini provider not available (GEMINI_API_KEY not set)"}
# {"time":"2026-08-05T02:28:55.571Z","level":"warn","msg":"revision_rewrite_failed","passName":"relationship-arc","message":"Gemini provider not available (GEMINI_API_KEY not set)"}
# {"time":"2026-08-05T02:28:55.572Z","level":"warn","msg":"revision_rewrite_failed","passName":"relationship-arc","message":"Gemini provider not available (GEMINI_API_KEY not set)"}
# {"time":"2026-08-05T02:28:55.573Z","level":"warn","msg":"revision_rewrite_failed","passName":"relationship-arc","message":"Gemini provider not available (GEMINI_API_KEY not set)"}
# {"time":"2026-08-05T02:28:55.574Z","level":"warn","msg":"revision_rewrite_failed","passName":"relationship-arc","message":"Gemini provider not available (GEMINI_API_KEY not set)"}
# {"time":"2026-08-05T02:28:55.575Z","level":"warn","msg":"revision_rewrite_failed","passName":"relationship-arc","message":"Gemini provider not available (GEMINI_API_KEY not set)"}
# {"time":"2026-08-05T02:28:55.577Z","level":"warn","msg":"revision_rewrite_failed","passName":"relationship-arc","message":"Gemini provider not available (GEMINI_API_KEY not set)"}
# {"time":"2026-08-05T02:28:55.580Z","level":"warn","msg":"revision_rewrite_failed","passName":"relationship-arc","message":"Gemini provider not available (GEMINI_API_KEY not set)"}
# {"time":"2026-08-05T02:28:55.581Z","level":"warn","msg":"revision_rewrite_failed","passName":"relationship-arc","message":"Gemini provider not available (GEMINI_API_KEY not set)"}
# {"time":"2026-08-05T02:28:55.582Z","level":"warn","msg":"revision_rewrite_failed","passName":"relationship-arc","message":"Gemini provider not available (GEMINI_API_KEY not set)"}
# {"time":"2026-08-05T02:28:55.583Z","level":"warn","msg":"revision_rewrite_failed","passName":"relationship-arc","message":"Gemini provider not available (GEMINI_API_KEY not set)"}
# {"time":"2026-08-05T02:28:55.584Z","level":"warn","msg":"revision_rewrite_failed","passName":"relationship-arc","message":"Gemini provider not available (GEMINI_API_KEY not set)"}
# {"time":"2026-08-05T02:28:55.585Z","level":"warn","msg":"revision_rewrite_failed","passName":"relationship-arc","message":"Gemini provider not available (GEMINI_API_KEY not set)"}
# {"time":"2026-08-05T02:28:55.586Z","level":"warn","msg":"revision_rewrite_failed","passName":"relationship-arc","message":"Gemini provider not available (GEMINI_API_KEY not set)"}
# {"time":"2026-08-05T02:28:55.588Z","level":"warn","msg":"revision_rewrite_failed","passName":"relationship-arc","message":"Gemini provider not available (GEMINI_API_KEY not set)"}
# {"time":"2026-08-05T02:28:55.589Z","level":"warn","msg":"revision_rewrite_failed","passName":"relationship-arc","message":"Gemini provider not available (GEMINI_API_KEY not set)"}
# {"time":"2026-08-05T02:28:55.590Z","level":"warn","msg":"revision_rewrite_failed","passName":"relationship-arc","message":"Gemini provider not available (GEMINI_API_KEY not set)"}
# {"time":"2026-08-05T02:28:55.591Z","level":"warn","msg":"revision_rewrite_failed","passName":"relationship-arc","message":"Gemini provider not available (GEMINI_API_KEY not set)"}
# {"time":"2026-08-05T02:28:55.592Z","level":"warn","msg":"revision_rewrite_failed","passName":"relationship-arc","message":"Gemini provider not available (GEMINI_API_KEY not set)"}
# {"time":"2026-08-05T02:28:55.593Z","level":"warn","msg":"revision_rewrite_failed","passName":"relationship-arc","message":"Gemini provider not available (GEMINI_API_KEY not set)"}
# {"time":"2026-08-05T02:28:55.594Z","level":"warn","msg":"revision_rewrite_failed","passName":"relationship-arc","message":"Gemini provider not available (GEMINI_API_KEY not set)"}
# {"time":"2026-08-05T02:28:55.595Z","level":"warn","msg":"revision_rewrite_failed","passName":"relationship-arc","message":"Gemini provider not available (GEMINI_API_KEY not set)"}
# {"time":"2026-08-05T02:28:55.596Z","level":"warn","msg":"revision_rewrite_failed","passName":"relationship-arc","message":"Gemini provider not available (GEMINI_API_KEY not set)"}
# {"time":"2026-08-05T02:28:55.597Z","level":"warn","msg":"revision_rewrite_failed","passName":"relationship-arc","message":"Gemini provider not available (GEMINI_API_KEY not set)"}
# {"time":"2026-08-05T02:28:55.598Z","level":"warn","msg":"revision_rewrite_failed","passName":"relationship-arc","message":"Gemini provider not available (GEMINI_API_KEY not set)"}
# {"time":"2026-08-05T02:28:55.599Z","level":"warn","msg":"revision_rewrite_failed","passName":"relationship-arc","message":"Gemini provider not available (GEMINI_API_KEY not set)"}
# {"time":"2026-08-05T02:28:55.600Z","level":"warn","msg":"revision_rewrite_failed","passName":"relationship-arc","message":"Gemini provider not available (GEMINI_API_KEY not set)"}
# {"time":"2026-08-05T02:28:55.601Z","level":"warn","msg":"revision_rewrite_failed","passName":"relationship-arc","message":"Gemini provider not available (GEMINI_API_KEY not set)"}
# {"time":"2026-08-05T02:28:55.602Z","level":"warn","msg":"revision_rewrite_failed","passName":"relationship-arc","message":"Gemini provider not available (GEMINI_API_KEY not set)"}
# {"time":"2026-08-05T02:28:55.603Z","level":"warn","msg":"revision_rewrite_failed","passName":"relationship-arc","message":"Gemini provider not available (GEMINI_API_KEY not set)"}
# {"time":"2026-08-05T02:28:55.604Z","level":"warn","msg":"revision_rewrite_failed","passName":"relationship-arc","message":"Gemini provider not available (GEMINI_API_KEY not set)"}
# {"time":"2026-08-05T02:28:55.605Z","level":"warn","msg":"revision_rewrite_failed","passName":"relationship-arc","message":"Gemini provider not available (GEMINI_API_KEY not set)"}
# {"time":"2026-08-05T02:28:55.606Z","level":"warn","msg":"revision_rewrite_failed","passName":"relationship-arc","message":"Gemini provider not available (GEMINI_API_KEY not set)"}
# {"time":"2026-08-05T02:28:55.607Z","level":"warn","msg":"revision_rewrite_failed","passName":"relationship-arc","message":"Gemini provider not available (GEMINI_API_KEY not set)"}
# {"time":"2026-08-05T02:28:55.608Z","level":"warn","msg":"revision_rewrite_failed","passName":"relationship-arc","message":"Gemini provider not available (GEMINI_API_KEY not set)"}
# {"time":"2026-08-05T02:28:55.609Z","level":"warn","msg":"revision_rewrite_failed","passName":"relationship-arc","message":"Gemini provider not available (GEMINI_API_KEY not set)"}
# {"time":"2026-08-05T02:28:55.610Z","level":"warn","msg":"revision_rewrite_failed","passName":"relationship-arc","message":"Gemini provider not available (GEMINI_API_KEY not set)"}
# {"time":"2026-08-05T02:28:55.622Z","level":"warn","msg":"revision_rewrite_failed","passName":"relationship-arc","message":"Gemini provider not available (GEMINI_API_KEY not set)"}
# {"time":"2026-08-05T02:28:55.624Z","level":"warn","msg":"revision_rewrite_failed","passName":"relationship-arc","message":"Gemini provider not available (GEMINI_API_KEY not set)"}
# {"time":"2026-08-05T02:28:55.627Z","level":"warn","msg":"revision_rewrite_failed","passName":"relationship-arc","message":"Gemini provider not available (GEMINI_API_KEY not set)"}
# {"time":"2026-08-05T02:28:55.628Z","level":"warn","msg":"revision_rewrite_failed","passName":"relationship-arc","message":"Gemini provider not available (GEMINI_API_KEY not set)"}
# {"time":"2026-08-05T02:28:55.629Z","level":"warn","msg":"revision_rewrite_failed","passName":"relationship-arc","message":"Gemini provider not available (GEMINI_API_KEY not set)"}
# {"time":"2026-08-05T02:28:55.630Z","level":"warn","msg":"revision_rewrite_failed","passName":"relationship-arc","message":"Gemini provider not available (GEMINI_API_KEY not set)"}
# {"time":"2026-08-05T02:28:55.630Z","level":"warn","msg":"revision_rewrite_failed","passName":"relationship-arc","message":"Gemini provider not available (GEMINI_API_KEY not set)"}
# {"time":"2026-08-05T02:28:55.632Z","level":"warn","msg":"revision_rewrite_failed","passName":"relationship-arc","message":"Gemini provider not available (GEMINI_API_KEY not set)"}
# {"time":"2026-08-05T02:28:55.633Z","level":"warn","msg":"revision_rewrite_failed","passName":"relationship-arc","message":"Gemini provider not available (GEMINI_API_KEY not set)"}
# {"time":"2026-08-05T02:28:55.633Z","level":"warn","msg":"revision_rewrite_failed","passName":"relationship-arc","message":"Gemini provider not available (GEMINI_API_KEY not set)"}
# {"time":"2026-08-05T02:28:55.634Z","level":"warn","msg":"revision_rewrite_failed","passName":"relationship-arc","message":"Gemini provider not available (GEMINI_API_KEY not set)"}
# {"time":"2026-08-05T02:28:55.635Z","level":"warn","msg":"revision_rewrite_failed","passName":"relationship-arc","message":"Gemini provider not available (GEMINI_API_KEY not set)"}
# {"time":"2026-08-05T02:28:55.636Z","level":"warn","msg":"revision_rewrite_failed","passName":"relationship-arc","message":"Gemini provider not available (GEMINI_API_KEY not set)"}
# {"time":"2026-08-05T02:28:55.637Z","level":"warn","msg":"revision_rewrite_failed","passName":"relationship-arc","message":"Gemini provider not available (GEMINI_API_KEY not set)"}
# {"time":"2026-08-05T02:28:55.638Z","level":"warn","msg":"revision_rewrite_failed","passName":"relationship-arc","message":"Gemini provider not available (GEMINI_API_KEY not set)"}
# {"time":"2026-08-05T02:28:55.639Z","level":"warn","msg":"revision_rewrite_failed","passName":"relationship-arc","message":"Gemini provider not available (GEMINI_API_KEY not set)"}
# {"time":"2026-08-05T02:28:55.640Z","level":"warn","msg":"revision_rewrite_failed","passName":"relationship-arc","message":"Gemini provider not available (GEMINI_API_KEY not set)"}
# {"time":"2026-08-05T02:28:55.641Z","level":"warn","msg":"revision_rewrite_failed","passName":"relationship-arc","message":"Gemini provider not available (GEMINI_API_KEY not set)"}
# {"time":"2026-08-05T02:28:55.641Z","level":"warn","msg":"revision_rewrite_failed","passName":"relationship-arc","message":"Gemini provider not available (GEMINI_API_KEY not set)"}
# {"time":"2026-08-05T02:28:55.643Z","level":"warn","msg":"revision_rewrite_failed","passName":"relationship-arc","message":"Gemini provider not available (GEMINI_API_KEY not set)"}
# {"time":"2026-08-05T02:28:55.644Z","level":"warn","msg":"revision_rewrite_failed","passName":"relationship-arc","message":"Gemini provider not available (GEMINI_API_KEY not set)"}
# {"time":"2026-08-05T02:28:55.645Z","level":"warn","msg":"revision_rewrite_failed","passName":"relationship-arc","message":"Gemini provider not available (GEMINI_API_KEY not set)"}
# {"time":"2026-08-05T02:28:55.646Z","level":"warn","msg":"revision_rewrite_failed","passName":"relationship-arc","message":"Gemini provider not available (GEMINI_API_KEY not set)"}
# {"time":"2026-08-05T02:28:55.646Z","level":"warn","msg":"revision_rewrite_failed","passName":"relationship-arc","message":"Gemini provider not available (GEMINI_API_KEY not set)"}
# {"time":"2026-08-05T02:28:55.647Z","level":"warn","msg":"revision_rewrite_failed","passName":"relationship-arc","message":"Gemini provider not available (GEMINI_API_KEY not set)"}
# {"time":"2026-08-05T02:28:55.649Z","level":"warn","msg":"revision_rewrite_failed","passName":"relationship-arc","message":"Gemini provider not available (GEMINI_API_KEY not set)"}
# {"time":"2026-08-05T02:28:55.649Z","level":"warn","msg":"revision_rewrite_failed","passName":"relationship-arc","message":"Gemini provider not available (GEMINI_API_KEY not set)"}
# {"time":"2026-08-05T02:28:55.650Z","level":"warn","msg":"revision_rewrite_failed","passName":"relationship-arc","message":"Gemini provider not available (GEMINI_API_KEY not set)"}
# {"time":"2026-08-05T02:28:55.651Z","level":"warn","msg":"revision_rewrite_failed","passName":"relationship-arc","message":"Gemini provider not available (GEMINI_API_KEY not set)"}
# {"time":"2026-08-05T02:28:55.652Z","level":"warn","msg":"revision_rewrite_failed","passName":"relationship-arc","message":"Gemini provider not available (GEMINI_API_KEY not set)"}
# {"time":"2026-08-05T02:28:55.653Z","level":"warn","msg":"revision_rewrite_failed","passName":"relationship-arc","message":"Gemini provider not available (GEMINI_API_KEY not set)"}
# {"time":"2026-08-05T02:28:55.654Z","level":"warn","msg":"revision_rewrite_failed","passName":"relationship-arc","message":"Gemini provider not available (GEMINI_API_KEY not set)"}
# {"time":"2026-08-05T02:28:55.655Z","level":"warn","msg":"revision_rewrite_failed","passName":"relationship-arc","message":"Gemini provider not available (GEMINI_API_KEY not set)"}
# {"time":"2026-08-05T02:28:55.656Z","level":"warn","msg":"revision_rewrite_failed","passName":"relationship-arc","message":"Gemini provider not available (GEMINI_API_KEY not set)"}
# {"time":"2026-08-05T02:28:55.657Z","level":"warn","msg":"revision_rewrite_failed","passName":"relationship-arc","message":"Gemini provider not available (GEMINI_API_KEY not set)"}
# {"time":"2026-08-05T02:28:55.657Z","level":"warn","msg":"revision_rewrite_failed","passName":"relationship-arc","message":"Gemini provider not available (GEMINI_API_KEY not set)"}
# {"time":"2026-08-05T02:28:55.658Z","level":"warn","msg":"revision_rewrite_failed","passName":"relationship-arc","message":"Gemini provider not available (GEMINI_API_KEY not set)"}
# {"time":"2026-08-05T02:28:55.659Z","level":"warn","msg":"revision_rewrite_failed","passName":"relationship-arc","message":"Gemini provider not available (GEMINI_API_KEY not set)"}
# {"time":"2026-08-05T02:28:55.660Z","level":"warn","msg":"revision_rewrite_failed","passName":"relationship-arc","message":"Gemini provider not available (GEMINI_API_KEY not set)"}
# {"time":"2026-08-05T02:28:55.661Z","level":"warn","msg":"revision_rewrite_failed","passName":"relationship-arc","message":"Gemini provider not available (GEMINI_API_KEY not set)"}
# {"time":"2026-08-05T02:28:55.662Z","level":"warn","msg":"revision_rewrite_failed","passName":"relationship-arc","message":"Gemini provider not available (GEMINI_API_KEY not set)"}
# {"time":"2026-08-05T02:28:55.663Z","level":"warn","msg":"revision_rewrite_failed","passName":"relationship-arc","message":"Gemini provider not available (GEMINI_API_KEY not set)"}
# {"time":"2026-08-05T02:28:55.663Z","level":"warn","msg":"revision_rewrite_failed","passName":"relationship-arc","message":"Gemini provider not available (GEMINI_API_KEY not set)"}
# {"time":"2026-08-05T02:28:55.665Z","level":"warn","msg":"revision_rewrite_failed","passName":"relationship-arc","message":"Gemini provider not available (GEMINI_API_KEY not set)"}
# {"time":"2026-08-05T02:28:55.666Z","level":"warn","msg":"revision_rewrite_failed","passName":"relationship-arc","message":"Gemini provider not available (GEMINI_API_KEY not set)"}
# {"time":"2026-08-05T02:28:55.668Z","level":"warn","msg":"revision_rewrite_failed","passName":"relationship-arc","message":"Gemini provider not available (GEMINI_API_KEY not set)"}
# {"time":"2026-08-05T02:28:55.669Z","level":"warn","msg":"revision_rewrite_failed","passName":"relationship-arc","message":"Gemini provider not available (GEMINI_API_KEY not set)"}
# {"time":"2026-08-05T02:28:55.670Z","level":"warn","msg":"revision_rewrite_failed","passName":"relationship-arc","message":"Gemini provider not available (GEMINI_API_KEY not set)"}
# {"time":"2026-08-05T02:28:55.673Z","level":"warn","msg":"revision_rewrite_failed","passName":"relationship-arc","message":"Gemini provider not available (GEMINI_API_KEY not set)"}
# {"time":"2026-08-05T02:28:55.674Z","level":"warn","msg":"revision_rewrite_failed","passName":"relationship-arc","message":"Gemini provider not available (GEMINI_API_KEY not set)"}
# {"time":"2026-08-05T02:28:55.675Z","level":"warn","msg":"revision_rewrite_failed","passName":"relationship-arc","message":"Gemini provider not available (GEMINI_API_KEY not set)"}
# {"time":"2026-08-05T02:28:55.676Z","level":"warn","msg":"revision_rewrite_failed","passName":"relationship-arc","message":"Gemini provider not available (GEMINI_API_KEY not set)"}
# {"time":"2026-08-05T02:28:55.677Z","level":"warn","msg":"revision_rewrite_failed","passName":"relationship-arc","message":"Gemini provider not available (GEMINI_API_KEY not set)"}
# {"time":"2026-08-05T02:28:55.678Z","level":"warn","msg":"revision_rewrite_failed","passName":"relationship-arc","message":"Gemini provider not available (GEMINI_API_KEY not set)"}
# {"time":"2026-08-05T02:28:55.680Z","level":"warn","msg":"revision_rewrite_failed","passName":"relationship-arc","message":"Gemini provider not available (GEMINI_API_KEY not set)"}
# {"time":"2026-08-05T02:28:55.681Z","level":"warn","msg":"revision_rewrite_failed","passName":"relationship-arc","message":"Gemini provider not available (GEMINI_API_KEY not set)"}
# {"time":"2026-08-05T02:28:55.682Z","level":"warn","msg":"revision_rewrite_failed","passName":"relationship-arc","message":"Gemini provider not available (GEMINI_API_KEY not set)"}
# {"time":"2026-08-05T02:28:55.683Z","level":"warn","msg":"revision_rewrite_failed","passName":"relationship-arc","message":"Gemini provider not available (GEMINI_API_KEY not set)"}
# {"time":"2026-08-05T02:28:55.684Z","level":"warn","msg":"revision_rewrite_failed","passName":"relationship-arc","message":"Gemini provider not available (GEMINI_API_KEY not set)"}
# {"time":"2026-08-05T02:28:55.685Z","level":"warn","msg":"revision_rewrite_failed","passName":"relationship-arc","message":"Gemini provider not available (GEMINI_API_KEY not set)"}
# {"time":"2026-08-05T02:28:55.686Z","level":"warn","msg":"revision_rewrite_failed","passName":"relationship-arc","message":"Gemini provider not available (GEMINI_API_KEY not set)"}
# {"time":"2026-08-05T02:28:55.687Z","level":"warn","msg":"revision_rewrite_failed","passName":"relationship-arc","message":"Gemini provider not available (GEMINI_API_KEY not set)"}
# {"time":"2026-08-05T02:28:55.689Z","level":"warn","msg":"revision_rewrite_failed","passName":"relationship-arc","message":"Gemini provider not available (GEMINI_API_KEY not set)"}
# {"time":"2026-08-05T02:28:55.690Z","level":"warn","msg":"revision_rewrite_failed","passName":"relationship-arc","message":"Gemini provider not available (GEMINI_API_KEY not set)"}
# {"time":"2026-08-05T02:28:55.691Z","level":"warn","msg":"revision_rewrite_failed","passName":"relationship-arc","message":"Gemini provider not available (GEMINI_API_KEY not set)"}
# {"time":"2026-08-05T02:28:55.692Z","level":"warn","msg":"revision_rewrite_failed","passName":"relationship-arc","message":"Gemini provider not available (GEMINI_API_KEY not set)"}
# {"time":"2026-08-05T02:28:55.693Z","level":"warn","msg":"revision_rewrite_failed","passName":"relationship-arc","message":"Gemini provider not available (GEMINI_API_KEY not set)"}
# {"time":"2026-08-05T02:28:55.695Z","level":"warn","msg":"revision_rewrite_failed","passName":"relationship-arc","message":"Gemini provider not available (GEMINI_API_KEY not set)"}
# {"time":"2026-08-05T02:28:55.696Z","level":"warn","msg":"revision_rewrite_failed","passName":"relationship-arc","message":"Gemini provider not available (GEMINI_API_KEY not set)"}
# {"time":"2026-08-05T02:28:55.697Z","level":"warn","msg":"revision_rewrite_failed","passName":"relationship-arc","message":"Gemini provider not available (GEMINI_API_KEY not set)"}
# {"time":"2026-08-05T02:28:55.698Z","level":"warn","msg":"revision_rewrite_failed","passName":"relationship-arc","message":"Gemini provider not available (GEMINI_API_KEY not set)"}
# {"time":"2026-08-05T02:28:55.699Z","level":"warn","msg":"revision_rewrite_failed","passName":"relationship-arc","message":"Gemini provider not available (GEMINI_API_KEY not set)"}
# {"time":"2026-08-05T02:28:55.701Z","level":"warn","msg":"revision_rewrite_failed","passName":"relationship-arc","message":"Gemini provider not available (GEMINI_API_KEY not set)"}
# {"time":"2026-08-05T02:28:55.702Z","level":"warn","msg":"revision_rewrite_failed","passName":"relationship-arc","message":"Gemini provider not available (GEMINI_API_KEY not set)"}
# {"time":"2026-08-05T02:28:55.703Z","level":"warn","msg":"revision_rewrite_failed","passName":"relationship-arc","message":"Gemini provider not available (GEMINI_API_KEY not set)"}
# {"time":"2026-08-05T02:28:55.704Z","level":"warn","msg":"revision_rewrite_failed","passName":"relationship-arc","message":"Gemini provider not available (GEMINI_API_KEY not set)"}
# {"time":"2026-08-05T02:28:55.705Z","level":"warn","msg":"revision_rewrite_failed","passName":"relationship-arc","message":"Gemini provider not available (GEMINI_API_KEY not set)"}
# {"time":"2026-08-05T02:28:55.705Z","level":"warn","msg":"revision_rewrite_failed","passName":"relationship-arc","message":"Gemini provider not available (GEMINI_API_KEY not set)"}
# {"time":"2026-08-05T02:28:55.707Z","level":"warn","msg":"revision_rewrite_failed","passName":"relationship-arc","message":"Gemini provider not available (GEMINI_API_KEY not set)"}
# {"time":"2026-08-05T02:28:55.708Z","level":"warn","msg":"revision_rewrite_failed","passName":"relationship-arc","message":"Gemini provider not available (GEMINI_API_KEY not set)"}
# {"time":"2026-08-05T02:28:55.709Z","level":"warn","msg":"revision_rewrite_failed","passName":"relationship-arc","message":"Gemini provider not available (GEMINI_API_KEY not set)"}
# {"time":"2026-08-05T02:28:55.709Z","level":"warn","msg":"revision_rewrite_failed","passName":"relationship-arc","message":"Gemini provider not available (GEMINI_API_KEY not set)"}
# {"time":"2026-08-05T02:28:55.710Z","level":"warn","msg":"revision_rewrite_failed","passName":"relationship-arc","message":"Gemini provider not available (GEMINI_API_KEY not set)"}
# {"time":"2026-08-05T02:28:55.711Z","level":"warn","msg":"revision_rewrite_failed","passName":"relationship-arc","message":"Gemini provider not available (GEMINI_API_KEY not set)"}
# {"time":"2026-08-05T02:28:55.713Z","level":"warn","msg":"revision_rewrite_failed","passName":"relationship-arc","message":"Gemini provider not available (GEMINI_API_KEY not set)"}
# {"time":"2026-08-05T02:28:55.714Z","level":"warn","msg":"revision_rewrite_failed","passName":"relationship-arc","message":"Gemini provider not available (GEMINI_API_KEY not set)"}
# {"time":"2026-08-05T02:28:55.715Z","level":"warn","msg":"revision_rewrite_failed","passName":"relationship-arc","message":"Gemini provider not available (GEMINI_API_KEY not set)"}
# {"time":"2026-08-05T02:28:55.715Z","level":"warn","msg":"revision_rewrite_failed","passName":"relationship-arc","message":"Gemini provider not available (GEMINI_API_KEY not set)"}
# {"time":"2026-08-05T02:28:55.716Z","level":"warn","msg":"revision_rewrite_failed","passName":"relationship-arc","message":"Gemini provider not available (GEMINI_API_KEY not set)"}
# {"time":"2026-08-05T02:28:55.717Z","level":"warn","msg":"revision_rewrite_failed","passName":"relationship-arc","message":"Gemini provider not available (GEMINI_API_KEY not set)"}
# {"time":"2026-08-05T02:28:55.718Z","level":"warn","msg":"revision_rewrite_failed","passName":"relationship-arc","message":"Gemini provider not available (GEMINI_API_KEY not set)"}
# {"time":"2026-08-05T02:28:55.719Z","level":"warn","msg":"revision_rewrite_failed","passName":"relationship-arc","message":"Gemini provider not available (GEMINI_API_KEY not set)"}
# {"time":"2026-08-05T02:28:55.727Z","level":"warn","msg":"revision_rewrite_failed","passName":"relationship-arc","message":"Gemini provider not available (GEMINI_API_KEY not set)"}
# {"time":"2026-08-05T02:28:55.729Z","level":"warn","msg":"revision_rewrite_failed","passName":"relationship-arc","message":"Gemini provider not available (GEMINI_API_KEY not set)"}
# {"time":"2026-08-05T02:28:55.730Z","level":"warn","msg":"revision_rewrite_failed","passName":"relationship-arc","message":"Gemini provider not available (GEMINI_API_KEY not set)"}
# {"time":"2026-08-05T02:28:55.730Z","level":"warn","msg":"revision_rewrite_failed","passName":"relationship-arc","message":"Gemini provider not available (GEMINI_API_KEY not set)"}
# {"time":"2026-08-05T02:28:55.731Z","level":"warn","msg":"revision_rewrite_failed","passName":"relationship-arc","message":"Gemini provider not available (GEMINI_API_KEY not set)"}
# {"time":"2026-08-05T02:28:55.732Z","level":"warn","msg":"revision_rewrite_failed","passName":"relationship-arc","message":"Gemini provider not available (GEMINI_API_KEY not set)"}
# {"time":"2026-08-05T02:28:55.734Z","level":"warn","msg":"revision_rewrite_failed","passName":"relationship-arc","message":"Gemini provider not available (GEMINI_API_KEY not set)"}
# {"time":"2026-08-05T02:28:55.735Z","level":"warn","msg":"revision_rewrite_failed","passName":"relationship-arc","message":"Gemini provider not available (GEMINI_API_KEY not set)"}
# {"time":"2026-08-05T02:28:55.736Z","level":"warn","msg":"revision_rewrite_failed","passName":"relationship-arc","message":"Gemini provider not available (GEMINI_API_KEY not set)"}
# {"time":"2026-08-05T02:28:55.736Z","level":"warn","msg":"revision_rewrite_failed","passName":"relationship-arc","message":"Gemini provider not available (GEMINI_API_KEY not set)"}
# {"time":"2026-08-05T02:28:55.737Z","level":"warn","msg":"revision_rewrite_failed","passName":"relationship-arc","message":"Gemini provider not available (GEMINI_API_KEY not set)"}
# {"time":"2026-08-05T02:28:55.738Z","level":"warn","msg":"revision_rewrite_failed","passName":"relationship-arc","message":"Gemini provider not available (GEMINI_API_KEY not set)"}
# {"time":"2026-08-05T02:28:55.739Z","level":"warn","msg":"revision_rewrite_failed","passName":"relationship-arc","message":"Gemini provider not available (GEMINI_API_KEY not set)"}
# {"time":"2026-08-05T02:28:55.740Z","level":"warn","msg":"revision_rewrite_failed","passName":"relationship-arc","message":"Gemini provider not available (GEMINI_API_KEY not set)"}
# {"time":"2026-08-05T02:28:55.740Z","level":"warn","msg":"revision_rewrite_failed","passName":"relationship-arc","message":"Gemini provider not available (GEMINI_API_KEY not set)"}
# {"time":"2026-08-05T02:28:55.741Z","level":"warn","msg":"revision_rewrite_failed","passName":"relationship-arc","message":"Gemini provider not available (GEMINI_API_KEY not set)"}
# {"time":"2026-08-05T02:28:55.742Z","level":"warn","msg":"revision_rewrite_failed","passName":"relationship-arc","message":"Gemini provider not available (GEMINI_API_KEY not set)"}
# {"time":"2026-08-05T02:28:55.743Z","level":"warn","msg":"revision_rewrite_failed","passName":"relationship-arc","message":"Gemini provider not available (GEMINI_API_KEY not set)"}
# {"time":"2026-08-05T02:28:55.744Z","level":"warn","msg":"revision_rewrite_failed","passName":"relationship-arc","message":"Gemini provider not available (GEMINI_API_KEY not set)"}
# {"time":"2026-08-05T02:28:55.744Z","level":"warn","msg":"revision_rewrite_failed","passName":"relationship-arc","message":"Gemini provider not available (GEMINI_API_KEY not set)"}
# {"time":"2026-08-05T02:28:55.745Z","level":"warn","msg":"revision_rewrite_failed","passName":"relationship-arc","message":"Gemini provider not available (GEMINI_API_KEY not set)"}
# {"time":"2026-08-05T02:28:55.746Z","level":"warn","msg":"revision_rewrite_failed","passName":"relationship-arc","message":"Gemini provider not available (GEMINI_API_KEY not set)"}
# {"time":"2026-08-05T02:28:55.747Z","level":"warn","msg":"revision_rewrite_failed","passName":"relationship-arc","message":"Gemini provider not available (GEMINI_API_KEY not set)"}
# {"time":"2026-08-05T02:28:55.748Z","level":"warn","msg":"revision_rewrite_failed","passName":"relationship-arc","message":"Gemini provider not available (GEMINI_API_KEY not set)"}
# {"time":"2026-08-05T02:28:55.749Z","level":"warn","msg":"revision_rewrite_failed","passName":"relationship-arc","message":"Gemini provider not available (GEMINI_API_KEY not set)"}
# {"time":"2026-08-05T02:28:55.750Z","level":"warn","msg":"revision_rewrite_failed","passName":"relationship-arc","message":"Gemini provider not available (GEMINI_API_KEY not set)"}
# {"time":"2026-08-05T02:28:55.751Z","level":"warn","msg":"revision_rewrite_failed","passName":"relationship-arc","message":"Gemini provider not available (GEMINI_API_KEY not set)"}
# {"time":"2026-08-05T02:28:55.752Z","level":"warn","msg":"revision_rewrite_failed","passName":"relationship-arc","message":"Gemini provider not available (GEMINI_API_KEY not set)"}
# {"time":"2026-08-05T02:28:55.753Z","level":"warn","msg":"revision_rewrite_failed","passName":"relationship-arc","message":"Gemini provider not available (GEMINI_API_KEY not set)"}
# {"time":"2026-08-05T02:28:55.754Z","level":"warn","msg":"revision_rewrite_failed","passName":"relationship-arc","message":"Gemini provider not available (GEMINI_API_KEY not set)"}
# {"time":"2026-08-05T02:28:55.755Z","level":"warn","msg":"revision_rewrite_failed","passName":"relationship-arc","message":"Gemini provider not available (GEMINI_API_KEY not set)"}
# {"time":"2026-08-05T02:28:55.757Z","level":"warn","msg":"revision_rewrite_failed","passName":"relationship-arc","message":"Gemini provider not available (GEMINI_API_KEY not set)"}
# {"time":"2026-08-05T02:28:55.758Z","level":"warn","msg":"revision_rewrite_failed","passName":"relationship-arc","message":"Gemini provider not available (GEMINI_API_KEY not set)"}
# {"time":"2026-08-05T02:28:55.759Z","level":"warn","msg":"revision_rewrite_failed","passName":"relationship-arc","message":"Gemini provider not available (GEMINI_API_KEY not set)"}
# {"time":"2026-08-05T02:28:55.760Z","level":"warn","msg":"revision_rewrite_failed","passName":"relationship-arc","message":"Gemini provider not available (GEMINI_API_KEY not set)"}
# {"time":"2026-08-05T02:28:55.761Z","level":"warn","msg":"revision_rewrite_failed","passName":"relationship-arc","message":"Gemini provider not available (GEMINI_API_KEY not set)"}
# {"time":"2026-08-05T02:28:55.762Z","level":"warn","msg":"revision_rewrite_failed","passName":"relationship-arc","message":"Gemini provider not available (GEMINI_API_KEY not set)"}
# {"time":"2026-08-05T02:28:55.763Z","level":"warn","msg":"revision_rewrite_failed","passName":"relationship-arc","message":"Gemini provider not available (GEMINI_API_KEY not set)"}
# {"time":"2026-08-05T02:28:55.764Z","level":"warn","msg":"revision_rewrite_failed","passName":"relationship-arc","message":"Gemini provider not available (GEMINI_API_KEY not set)"}
# {"time":"2026-08-05T02:28:55.765Z","level":"warn","msg":"revision_rewrite_failed","passName":"relationship-arc","message":"Gemini provider not available (GEMINI_API_KEY not set)"}
# {"time":"2026-08-05T02:28:55.766Z","level":"warn","msg":"revision_rewrite_failed","passName":"relationship-arc","message":"Gemini provider not available (GEMINI_API_KEY not set)"}
# {"time":"2026-08-05T02:28:55.767Z","level":"warn","msg":"revision_rewrite_failed","passName":"relationship-arc","message":"Gemini provider not available (GEMINI_API_KEY not set)"}
# {"time":"2026-08-05T02:28:55.769Z","level":"warn","msg":"revision_rewrite_failed","passName":"relationship-arc","message":"Gemini provider not available (GEMINI_API_KEY not set)"}
# {"time":"2026-08-05T02:28:55.770Z","level":"warn","msg":"revision_rewrite_failed","passName":"relationship-arc","message":"Gemini provider not available (GEMINI_API_KEY not set)"}
# {"time":"2026-08-05T02:28:55.771Z","level":"warn","msg":"revision_rewrite_failed","passName":"relationship-arc","message":"Gemini provider not available (GEMINI_API_KEY not set)"}
# {"time":"2026-08-05T02:28:55.771Z","level":"warn","msg":"revision_rewrite_failed","passName":"relationship-arc","message":"Gemini provider not available (GEMINI_API_KEY not set)"}
# {"time":"2026-08-05T02:28:55.772Z","level":"warn","msg":"revision_rewrite_failed","passName":"relationship-arc","message":"Gemini provider not available (GEMINI_API_KEY not set)"}
# {"time":"2026-08-05T02:28:55.774Z","level":"warn","msg":"revision_rewrite_failed","passName":"relationship-arc","message":"Gemini provider not available (GEMINI_API_KEY not set)"}
# {"time":"2026-08-05T02:28:55.775Z","level":"warn","msg":"revision_rewrite_failed","passName":"relationship-arc","message":"Gemini provider not available (GEMINI_API_KEY not set)"}
# {"time":"2026-08-05T02:28:55.776Z","level":"warn","msg":"revision_rewrite_failed","passName":"relationship-arc","message":"Gemini provider not available (GEMINI_API_KEY not set)"}
# {"time":"2026-08-05T02:28:55.777Z","level":"warn","msg":"revision_rewrite_failed","passName":"relationship-arc","message":"Gemini provider not available (GEMINI_API_KEY not set)"}
# {"time":"2026-08-05T02:28:55.778Z","level":"warn","msg":"revision_rewrite_failed","passName":"relationship-arc","message":"Gemini provider not available (GEMINI_API_KEY not set)"}
# {"time":"2026-08-05T02:28:55.779Z","level":"warn","msg":"revision_rewrite_failed","passName":"relationship-arc","message":"Gemini provider not available (GEMINI_API_KEY not set)"}
# {"time":"2026-08-05T02:28:55.781Z","level":"warn","msg":"revision_rewrite_failed","passName":"relationship-arc","message":"Gemini provider not available (GEMINI_API_KEY not set)"}
# {"time":"2026-08-05T02:28:55.782Z","level":"warn","msg":"revision_rewrite_failed","passName":"relationship-arc","message":"Gemini provider not available (GEMINI_API_KEY not set)"}
# {"time":"2026-08-05T02:28:55.783Z","level":"warn","msg":"revision_rewrite_failed","passName":"relationship-arc","message":"Gemini provider not available (GEMINI_API_KEY not set)"}
# {"time":"2026-08-05T02:28:55.785Z","level":"warn","msg":"revision_rewrite_failed","passName":"relationship-arc","message":"Gemini provider not available (GEMINI_API_KEY not set)"}
# {"time":"2026-08-05T02:28:55.786Z","level":"warn","msg":"revision_rewrite_failed","passName":"relationship-arc","message":"Gemini provider not available (GEMINI_API_KEY not set)"}
# {"time":"2026-08-05T02:28:55.787Z","level":"warn","msg":"revision_rewrite_failed","passName":"relationship-arc","message":"Gemini provider not available (GEMINI_API_KEY not set)"}
# {"time":"2026-08-05T02:28:55.788Z","level":"warn","msg":"revision_rewrite_failed","passName":"relationship-arc","message":"Gemini provider not available (GEMINI_API_KEY not set)"}
# {"time":"2026-08-05T02:28:55.789Z","level":"warn","msg":"revision_rewrite_failed","passName":"relationship-arc","message":"Gemini provider not available (GEMINI_API_KEY not set)"}
# {"time":"2026-08-05T02:28:55.791Z","level":"warn","msg":"revision_rewrite_failed","passName":"relationship-arc","message":"Gemini provider not available (GEMINI_API_KEY not set)"}
# {"time":"2026-08-05T02:28:55.792Z","level":"warn","msg":"revision_rewrite_failed","passName":"relationship-arc","message":"Gemini provider not available (GEMINI_API_KEY not set)"}
# {"time":"2026-08-05T02:28:55.793Z","level":"warn","msg":"revision_rewrite_failed","passName":"relationship-arc","message":"Gemini provider not available (GEMINI_API_KEY not set)"}
# {"time":"2026-08-05T02:28:55.794Z","level":"warn","msg":"revision_rewrite_failed","passName":"relationship-arc","message":"Gemini provider not available (GEMINI_API_KEY not set)"}
# {"time":"2026-08-05T02:28:55.796Z","level":"warn","msg":"revision_rewrite_failed","passName":"relationship-arc","message":"Gemini provider not available (GEMINI_API_KEY not set)"}
# {"time":"2026-08-05T02:28:55.797Z","level":"warn","msg":"revision_rewrite_failed","passName":"relationship-arc","message":"Gemini provider not available (GEMINI_API_KEY not set)"}
# {"time":"2026-08-05T02:28:55.798Z","level":"warn","msg":"revision_rewrite_failed","passName":"relationship-arc","message":"Gemini provider not available (GEMINI_API_KEY not set)"}
# {"time":"2026-08-05T02:28:55.800Z","level":"warn","msg":"revision_rewrite_failed","passName":"relationship-arc","message":"Gemini provider not available (GEMINI_API_KEY not set)"}
# {"time":"2026-08-05T02:28:55.801Z","level":"warn","msg":"revision_rewrite_failed","passName":"relationship-arc","message":"Gemini provider not available (GEMINI_API_KEY not set)"}
# {"time":"2026-08-05T02:28:55.802Z","level":"warn","msg":"revision_rewrite_failed","passName":"relationship-arc","message":"Gemini provider not available (GEMINI_API_KEY not set)"}
# {"time":"2026-08-05T02:28:55.805Z","level":"warn","msg":"revision_rewrite_failed","passName":"relationship-arc","message":"Gemini provider not available (GEMINI_API_KEY not set)"}
# {"time":"2026-08-05T02:28:55.816Z","level":"warn","msg":"revision_rewrite_failed","passName":"relationship-arc","message":"Gemini provider not available (GEMINI_API_KEY not set)"}
# {"time":"2026-08-05T02:28:55.817Z","level":"warn","msg":"revision_rewrite_failed","passName":"relationship-arc","message":"Gemini provider not available (GEMINI_API_KEY not set)"}
# {"time":"2026-08-05T02:28:55.818Z","level":"warn","msg":"revision_rewrite_failed","passName":"relationship-arc","message":"Gemini provider not available (GEMINI_API_KEY not set)"}
# {"time":"2026-08-05T02:28:55.820Z","level":"warn","msg":"revision_rewrite_failed","passName":"relationship-arc","message":"Gemini provider not available (GEMINI_API_KEY not set)"}
# {"time":"2026-08-05T02:28:55.821Z","level":"warn","msg":"revision_rewrite_failed","passName":"relationship-arc","message":"Gemini provider not available (GEMINI_API_KEY not set)"}
# {"time":"2026-08-05T02:28:55.822Z","level":"warn","msg":"revision_rewrite_failed","passName":"relationship-arc","message":"Gemini provider not available (GEMINI_API_KEY not set)"}
# {"time":"2026-08-05T02:28:55.823Z","level":"warn","msg":"revision_rewrite_failed","passName":"relationship-arc","message":"Gemini provider not available (GEMINI_API_KEY not set)"}
# {"time":"2026-08-05T02:28:55.824Z","level":"warn","msg":"revision_rewrite_failed","passName":"relationship-arc","message":"Gemini provider not available (GEMINI_API_KEY not set)"}
# {"time":"2026-08-05T02:28:55.825Z","level":"warn","msg":"revision_rewrite_failed","passName":"relationship-arc","message":"Gemini provider not available (GEMINI_API_KEY not set)"}
# {"time":"2026-08-05T02:28:55.826Z","level":"warn","msg":"revision_rewrite_failed","passName":"relationship-arc","message":"Gemini provider not available (GEMINI_API_KEY not set)"}
# {"time":"2026-08-05T02:28:55.828Z","level":"warn","msg":"revision_rewrite_failed","passName":"relationship-arc","message":"Gemini provider not available (GEMINI_API_KEY not set)"}
# {"time":"2026-08-05T02:28:55.830Z","level":"warn","msg":"revision_rewrite_failed","passName":"relationship-arc","message":"Gemini provider not available (GEMINI_API_KEY not set)"}
# {"time":"2026-08-05T02:28:55.831Z","level":"warn","msg":"revision_rewrite_failed","passName":"relationship-arc","message":"Gemini provider not available (GEMINI_API_KEY not set)"}
# {"time":"2026-08-05T02:28:55.833Z","level":"warn","msg":"revision_rewrite_failed","passName":"relationship-arc","message":"Gemini provider not available (GEMINI_API_KEY not set)"}
# {"time":"2026-08-05T02:28:55.833Z","level":"warn","msg":"revision_rewrite_failed","passName":"relationship-arc","message":"Gemini provider not available (GEMINI_API_KEY not set)"}
# {"time":"2026-08-05T02:28:55.835Z","level":"warn","msg":"revision_rewrite_failed","passName":"relationship-arc","message":"Gemini provider not available (GEMINI_API_KEY not set)"}
# {"time":"2026-08-05T02:28:55.836Z","level":"warn","msg":"revision_rewrite_failed","passName":"relationship-arc","message":"Gemini provider not available (GEMINI_API_KEY not set)"}
# {"time":"2026-08-05T02:28:55.837Z","level":"warn","msg":"revision_rewrite_failed","passName":"relationship-arc","message":"Gemini provider not available (GEMINI_API_KEY not set)"}
# {"time":"2026-08-05T02:28:55.838Z","level":"warn","msg":"revision_rewrite_failed","passName":"relationship-arc","message":"Gemini provider not available (GEMINI_API_KEY not set)"}
# {"time":"2026-08-05T02:28:55.839Z","level":"warn","msg":"revision_rewrite_failed","passName":"relationship-arc","message":"Gemini provider not available (GEMINI_API_KEY not set)"}
# {"time":"2026-08-05T02:28:55.840Z","level":"warn","msg":"revision_rewrite_failed","passName":"relationship-arc","message":"Gemini provider not available (GEMINI_API_KEY not set)"}
# {"time":"2026-08-05T02:28:55.841Z","level":"warn","msg":"revision_rewrite_failed","passName":"relationship-arc","message":"Gemini provider not available (GEMINI_API_KEY not set)"}
# {"time":"2026-08-05T02:28:55.842Z","level":"warn","msg":"revision_rewrite_failed","passName":"relationship-arc","message":"Gemini provider not available (GEMINI_API_KEY not set)"}
# {"time":"2026-08-05T02:28:55.844Z","level":"warn","msg":"revision_rewrite_failed","passName":"relationship-arc","message":"Gemini provider not available (GEMINI_API_KEY not set)"}
# {"time":"2026-08-05T02:28:55.844Z","level":"warn","msg":"revision_rewrite_failed","passName":"relationship-arc","message":"Gemini provider not available (GEMINI_API_KEY not set)"}
# {"time":"2026-08-05T02:28:55.845Z","level":"warn","msg":"revision_rewrite_failed","passName":"relationship-arc","message":"Gemini provider not available (GEMINI_API_KEY not set)"}
# {"time":"2026-08-05T02:28:55.846Z","level":"warn","msg":"revision_rewrite_failed","passName":"relationship-arc","message":"Gemini provider not available (GEMINI_API_KEY not set)"}
# {"time":"2026-08-05T02:28:55.847Z","level":"warn","msg":"revision_rewrite_failed","passName":"relationship-arc","message":"Gemini provider not available (GEMINI_API_KEY not set)"}
# {"time":"2026-08-05T02:28:55.848Z","level":"warn","msg":"revision_rewrite_failed","passName":"relationship-arc","message":"Gemini provider not available (GEMINI_API_KEY not set)"}
# {"time":"2026-08-05T02:28:55.849Z","level":"warn","msg":"revision_rewrite_failed","passName":"relationship-arc","message":"Gemini provider not available (GEMINI_API_KEY not set)"}
# {"time":"2026-08-05T02:28:55.850Z","level":"warn","msg":"revision_rewrite_failed","passName":"relationship-arc","message":"Gemini provider not available (GEMINI_API_KEY not set)"}
# {"time":"2026-08-05T02:28:55.851Z","level":"warn","msg":"revision_rewrite_failed","passName":"relationship-arc","message":"Gemini provider not available (GEMINI_API_KEY not set)"}
# {"time":"2026-08-05T02:28:55.853Z","level":"warn","msg":"revision_rewrite_failed","passName":"relationship-arc","message":"Gemini provider not available (GEMINI_API_KEY not set)"}
# {"time":"2026-08-05T02:28:55.854Z","level":"warn","msg":"revision_rewrite_failed","passName":"relationship-arc","message":"Gemini provider not available (GEMINI_API_KEY not set)"}
# {"time":"2026-08-05T02:28:55.855Z","level":"warn","msg":"revision_rewrite_failed","passName":"relationship-arc","message":"Gemini provider not available (GEMINI_API_KEY not set)"}
# {"time":"2026-08-05T02:28:55.857Z","level":"warn","msg":"revision_rewrite_failed","passName":"relationship-arc","message":"Gemini provider not available (GEMINI_API_KEY not set)"}
# {"time":"2026-08-05T02:28:55.858Z","level":"warn","msg":"revision_rewrite_failed","passName":"relationship-arc","message":"Gemini provider not available (GEMINI_API_KEY not set)"}
# {"time":"2026-08-05T02:28:55.859Z","level":"warn","msg":"revision_rewrite_failed","passName":"relationship-arc","message":"Gemini provider not available (GEMINI_API_KEY not set)"}
# {"time":"2026-08-05T02:28:55.860Z","level":"warn","msg":"revision_rewrite_failed","passName":"relationship-arc","message":"Gemini provider not available (GEMINI_API_KEY not set)"}
# {"time":"2026-08-05T02:28:55.861Z","level":"warn","msg":"revision_rewrite_failed","passName":"relationship-arc","message":"Gemini provider not available (GEMINI_API_KEY not set)"}
# {"time":"2026-08-05T02:28:55.862Z","level":"warn","msg":"revision_rewrite_failed","passName":"relationship-arc","message":"Gemini provider not available (GEMINI_API_KEY not set)"}
# {"time":"2026-08-05T02:28:55.863Z","level":"warn","msg":"revision_rewrite_failed","passName":"relationship-arc","message":"Gemini provider not available (GEMINI_API_KEY not set)"}
# {"time":"2026-08-05T02:28:55.864Z","level":"warn","msg":"revision_rewrite_failed","passName":"relationship-arc","message":"Gemini provider not available (GEMINI_API_KEY not set)"}
# {"time":"2026-08-05T02:28:55.866Z","level":"warn","msg":"revision_rewrite_failed","passName":"relationship-arc","message":"Gemini provider not available (GEMINI_API_KEY not set)"}
# {"time":"2026-08-05T02:28:55.867Z","level":"warn","msg":"revision_rewrite_failed","passName":"relationship-arc","message":"Gemini provider not available (GEMINI_API_KEY not set)"}
# {"time":"2026-08-05T02:28:55.868Z","level":"warn","msg":"revision_rewrite_failed","passName":"relationship-arc","message":"Gemini provider not available (GEMINI_API_KEY not set)"}
# {"time":"2026-08-05T02:28:55.869Z","level":"warn","msg":"revision_rewrite_failed","passName":"relationship-arc","message":"Gemini provider not available (GEMINI_API_KEY not set)"}
# {"time":"2026-08-05T02:28:55.870Z","level":"warn","msg":"revision_rewrite_failed","passName":"relationship-arc","message":"Gemini provider not available (GEMINI_API_KEY not set)"}
# {"time":"2026-08-05T02:28:55.871Z","level":"warn","msg":"revision_rewrite_failed","passName":"relationship-arc","message":"Gemini provider not available (GEMINI_API_KEY not set)"}
# {"time":"2026-08-05T02:28:55.873Z","level":"warn","msg":"revision_rewrite_failed","passName":"relationship-arc","message":"Gemini provider not available (GEMINI_API_KEY not set)"}
# {"time":"2026-08-05T02:28:55.874Z","level":"warn","msg":"revision_rewrite_failed","passName":"relationship-arc","message":"Gemini provider not available (GEMINI_API_KEY not set)"}
# {"time":"2026-08-05T02:28:55.875Z","level":"warn","msg":"revision_rewrite_failed","passName":"relationship-arc","message":"Gemini provider not available (GEMINI_API_KEY not set)"}
# {"time":"2026-08-05T02:28:55.876Z","level":"warn","msg":"revision_rewrite_failed","passName":"relationship-arc","message":"Gemini provider not available (GEMINI_API_KEY not set)"}
# {"time":"2026-08-05T02:28:55.877Z","level":"warn","msg":"revision_rewrite_failed","passName":"relationship-arc","message":"Gemini provider not available (GEMINI_API_KEY not set)"}
# {"time":"2026-08-05T02:28:55.878Z","level":"warn","msg":"revision_rewrite_failed","passName":"relationship-arc","message":"Gemini provider not available (GEMINI_API_KEY not set)"}
# {"time":"2026-08-05T02:28:55.880Z","level":"warn","msg":"revision_rewrite_failed","passName":"relationship-arc","message":"Gemini provider not available (GEMINI_API_KEY not set)"}
# {"time":"2026-08-05T02:28:55.881Z","level":"warn","msg":"revision_rewrite_failed","passName":"relationship-arc","message":"Gemini provider not available (GEMINI_API_KEY not set)"}
# {"time":"2026-08-05T02:28:55.882Z","level":"warn","msg":"revision_rewrite_failed","passName":"relationship-arc","message":"Gemini provider not available (GEMINI_API_KEY not set)"}
# {"time":"2026-08-05T02:28:55.884Z","level":"warn","msg":"revision_rewrite_failed","passName":"relationship-arc","message":"Gemini provider not available (GEMINI_API_KEY not set)"}
# {"time":"2026-08-05T02:28:55.885Z","level":"warn","msg":"revision_rewrite_failed","passName":"relationship-arc","message":"Gemini provider not available (GEMINI_API_KEY not set)"}
# {"time":"2026-08-05T02:28:55.886Z","level":"warn","msg":"revision_rewrite_failed","passName":"relationship-arc","message":"Gemini provider not available (GEMINI_API_KEY not set)"}
# {"time":"2026-08-05T02:28:55.887Z","level":"warn","msg":"revision_rewrite_failed","passName":"relationship-arc","message":"Gemini provider not available (GEMINI_API_KEY not set)"}
# {"time":"2026-08-05T02:28:55.888Z","level":"warn","msg":"revision_rewrite_failed","passName":"relationship-arc","message":"Gemini provider not available (GEMINI_API_KEY not set)"}
# {"time":"2026-08-05T02:28:55.890Z","level":"warn","msg":"revision_rewrite_failed","passName":"relationship-arc","message":"Gemini provider not available (GEMINI_API_KEY not set)"}
# {"time":"2026-08-05T02:28:55.891Z","level":"warn","msg":"revision_rewrite_failed","passName":"relationship-arc","message":"Gemini provider not available (GEMINI_API_KEY not set)"}
# {"time":"2026-08-05T02:28:55.892Z","level":"warn","msg":"revision_rewrite_failed","passName":"relationship-arc","message":"Gemini provider not available (GEMINI_API_KEY not set)"}
# {"time":"2026-08-05T02:28:55.893Z","level":"warn","msg":"revision_rewrite_failed","passName":"relationship-arc","message":"Gemini provider not available (GEMINI_API_KEY not set)"}
# {"time":"2026-08-05T02:28:55.898Z","level":"warn","msg":"revision_rewrite_failed","passName":"relationship-arc","message":"Gemini provider not available (GEMINI_API_KEY not set)"}
# {"time":"2026-08-05T02:28:55.899Z","level":"warn","msg":"revision_rewrite_failed","passName":"relationship-arc","message":"Gemini provider not available (GEMINI_API_KEY not set)"}
# {"time":"2026-08-05T02:28:55.901Z","level":"warn","msg":"revision_rewrite_failed","passName":"relationship-arc","message":"Gemini provider not available (GEMINI_API_KEY not set)"}
# {"time":"2026-08-05T02:28:55.902Z","level":"warn","msg":"revision_rewrite_failed","passName":"relationship-arc","message":"Gemini provider not available (GEMINI_API_KEY not set)"}
# {"time":"2026-08-05T02:28:55.903Z","level":"warn","msg":"revision_rewrite_failed","passName":"relationship-arc","message":"Gemini provider not available (GEMINI_API_KEY not set)"}
# {"time":"2026-08-05T02:28:55.904Z","level":"warn","msg":"revision_rewrite_failed","passName":"relationship-arc","message":"Gemini provider not available (GEMINI_API_KEY not set)"}
# {"time":"2026-08-05T02:28:55.905Z","level":"warn","msg":"revision_rewrite_failed","passName":"relationship-arc","message":"Gemini provider not available (GEMINI_API_KEY not set)"}
# {"time":"2026-08-05T02:28:55.906Z","level":"warn","msg":"revision_rewrite_failed","passName":"relationship-arc","message":"Gemini provider not available (GEMINI_API_KEY not set)"}
# {"time":"2026-08-05T02:28:55.907Z","level":"warn","msg":"revision_rewrite_failed","passName":"relationship-arc","message":"Gemini provider not available (GEMINI_API_KEY not set)"}
# {"time":"2026-08-05T02:28:55.908Z","level":"warn","msg":"revision_rewrite_failed","passName":"relationship-arc","message":"Gemini provider not available (GEMINI_API_KEY not set)"}
# {"time":"2026-08-05T02:28:55.910Z","level":"warn","msg":"revision_rewrite_failed","passName":"relationship-arc","message":"Gemini provider not available (GEMINI_API_KEY not set)"}
# {"time":"2026-08-05T02:28:55.911Z","level":"warn","msg":"revision_rewrite_failed","passName":"relationship-arc","message":"Gemini provider not available (GEMINI_API_KEY not set)"}
# {"time":"2026-08-05T02:28:55.912Z","level":"warn","msg":"revision_rewrite_failed","passName":"relationship-arc","message":"Gemini provider not available (GEMINI_API_KEY not set)"}
# {"time":"2026-08-05T02:28:55.913Z","level":"warn","msg":"revision_rewrite_failed","passName":"relationship-arc","message":"Gemini provider not available (GEMINI_API_KEY not set)"}
# {"time":"2026-08-05T02:28:55.914Z","level":"warn","msg":"revision_rewrite_failed","passName":"relationship-arc","message":"Gemini provider not available (GEMINI_API_KEY not set)"}
# {"time":"2026-08-05T02:28:55.916Z","level":"warn","msg":"revision_rewrite_failed","passName":"relationship-arc","message":"Gemini provider not available (GEMINI_API_KEY not set)"}
# {"time":"2026-08-05T02:28:55.917Z","level":"warn","msg":"revision_rewrite_failed","passName":"relationship-arc","message":"Gemini provider not available (GEMINI_API_KEY not set)"}
# {"time":"2026-08-05T02:28:55.918Z","level":"warn","msg":"revision_rewrite_failed","passName":"relationship-arc","message":"Gemini provider not available (GEMINI_API_KEY not set)"}
# {"time":"2026-08-05T02:28:55.919Z","level":"warn","msg":"revision_rewrite_failed","passName":"relationship-arc","message":"Gemini provider not available (GEMINI_API_KEY not set)"}
# {"time":"2026-08-05T02:28:55.920Z","level":"warn","msg":"revision_rewrite_failed","passName":"relationship-arc","message":"Gemini provider not available (GEMINI_API_KEY not set)"}
# {"time":"2026-08-05T02:28:55.922Z","level":"warn","msg":"revision_rewrite_failed","passName":"relationship-arc","message":"Gemini provider not available (GEMINI_API_KEY not set)"}
# {"time":"2026-08-05T02:28:55.923Z","level":"warn","msg":"revision_rewrite_failed","passName":"relationship-arc","message":"Gemini provider not available (GEMINI_API_KEY not set)"}
# {"time":"2026-08-05T02:28:55.924Z","level":"warn","msg":"revision_rewrite_failed","passName":"relationship-arc","message":"Gemini provider not available (GEMINI_API_KEY not set)"}
# {"time":"2026-08-05T02:28:55.925Z","level":"warn","msg":"revision_rewrite_failed","passName":"relationship-arc","message":"Gemini provider not available (GEMINI_API_KEY not set)"}
# {"time":"2026-08-05T02:28:55.925Z","level":"warn","msg":"revision_rewrite_failed","passName":"relationship-arc","message":"Gemini provider not available (GEMINI_API_KEY not set)"}
# {"time":"2026-08-05T02:28:55.927Z","level":"warn","msg":"revision_rewrite_failed","passName":"relationship-arc","message":"Gemini provider not available (GEMINI_API_KEY not set)"}
# {"time":"2026-08-05T02:28:55.927Z","level":"warn","msg":"revision_rewrite_failed","passName":"relationship-arc","message":"Gemini provider not available (GEMINI_API_KEY not set)"}
# {"time":"2026-08-05T02:28:55.939Z","level":"warn","msg":"revision_rewrite_failed","passName":"relationship-arc","message":"Gemini provider not available (GEMINI_API_KEY not set)"}
# {"time":"2026-08-05T02:28:55.940Z","level":"warn","msg":"revision_rewrite_failed","passName":"relationship-arc","message":"Gemini provider not available (GEMINI_API_KEY not set)"}
# {"time":"2026-08-05T02:28:55.942Z","level":"warn","msg":"revision_rewrite_failed","passName":"relationship-arc","message":"Gemini provider not available (GEMINI_API_KEY not set)"}
# {"time":"2026-08-05T02:28:55.943Z","level":"warn","msg":"revision_rewrite_failed","passName":"relationship-arc","message":"Gemini provider not available (GEMINI_API_KEY not set)"}
# {"time":"2026-08-05T02:28:55.944Z","level":"warn","msg":"revision_rewrite_failed","passName":"relationship-arc","message":"Gemini provider not available (GEMINI_API_KEY not set)"}
# {"time":"2026-08-05T02:28:55.945Z","level":"warn","msg":"revision_rewrite_failed","passName":"relationship-arc","message":"Gemini provider not available (GEMINI_API_KEY not set)"}
# {"time":"2026-08-05T02:28:55.947Z","level":"warn","msg":"revision_rewrite_failed","passName":"relationship-arc","message":"Gemini provider not available (GEMINI_API_KEY not set)"}
# {"time":"2026-08-05T02:28:55.947Z","level":"warn","msg":"revision_rewrite_failed","passName":"relationship-arc","message":"Gemini provider not available (GEMINI_API_KEY not set)"}
# {"time":"2026-08-05T02:28:55.948Z","level":"warn","msg":"revision_rewrite_failed","passName":"relationship-arc","message":"Gemini provider not available (GEMINI_API_KEY not set)"}
# {"time":"2026-08-05T02:28:55.949Z","level":"warn","msg":"revision_rewrite_failed","passName":"relationship-arc","message":"Gemini provider not available (GEMINI_API_KEY not set)"}
# {"time":"2026-08-05T02:28:55.950Z","level":"warn","msg":"revision_rewrite_failed","passName":"relationship-arc","message":"Gemini provider not available (GEMINI_API_KEY not set)"}
# {"time":"2026-08-05T02:28:55.951Z","level":"warn","msg":"revision_rewrite_failed","passName":"relationship-arc","message":"Gemini provider not available (GEMINI_API_KEY not set)"}
# {"time":"2026-08-05T02:28:55.952Z","level":"warn","msg":"revision_rewrite_failed","passName":"relationship-arc","message":"Gemini provider not available (GEMINI_API_KEY not set)"}
# {"time":"2026-08-05T02:28:55.953Z","level":"warn","msg":"revision_rewrite_failed","passName":"relationship-arc","message":"Gemini provider not available (GEMINI_API_KEY not set)"}
# {"time":"2026-08-05T02:28:55.954Z","level":"warn","msg":"revision_rewrite_failed","passName":"relationship-arc","message":"Gemini provider not available (GEMINI_API_KEY not set)"}
# {"time":"2026-08-05T02:28:55.955Z","level":"warn","msg":"revision_rewrite_failed","passName":"relationship-arc","message":"Gemini provider not available (GEMINI_API_KEY not set)"}
# {"time":"2026-08-05T02:28:55.956Z","level":"warn","msg":"revision_rewrite_failed","passName":"relationship-arc","message":"Gemini provider not available (GEMINI_API_KEY not set)"}
# {"time":"2026-08-05T02:28:55.957Z","level":"warn","msg":"revision_rewrite_failed","passName":"relationship-arc","message":"Gemini provider not available (GEMINI_API_KEY not set)"}
# {"time":"2026-08-05T02:28:55.958Z","level":"warn","msg":"revision_rewrite_failed","passName":"relationship-arc","message":"Gemini provider not available (GEMINI_API_KEY not set)"}
# {"time":"2026-08-05T02:28:55.959Z","level":"warn","msg":"revision_rewrite_failed","passName":"relationship-arc","message":"Gemini provider not available (GEMINI_API_KEY not set)"}
# {"time":"2026-08-05T02:28:55.960Z","level":"warn","msg":"revision_rewrite_failed","passName":"relationship-arc","message":"Gemini provider not available (GEMINI_API_KEY not set)"}
# {"time":"2026-08-05T02:28:55.961Z","level":"warn","msg":"revision_rewrite_failed","passName":"relationship-arc","message":"Gemini provider not available (GEMINI_API_KEY not set)"}
# {"time":"2026-08-05T02:28:55.962Z","level":"warn","msg":"revision_rewrite_failed","passName":"relationship-arc","message":"Gemini provider not available (GEMINI_API_KEY not set)"}
# {"time":"2026-08-05T02:28:55.963Z","level":"warn","msg":"revision_rewrite_failed","passName":"relationship-arc","message":"Gemini provider not available (GEMINI_API_KEY not set)"}
# {"time":"2026-08-05T02:28:55.964Z","level":"warn","msg":"revision_rewrite_failed","passName":"relationship-arc","message":"Gemini provider not available (GEMINI_API_KEY not set)"}
# {"time":"2026-08-05T02:28:55.966Z","level":"warn","msg":"revision_rewrite_failed","passName":"relationship-arc","message":"Gemini provider not available (GEMINI_API_KEY not set)"}
# {"time":"2026-08-05T02:28:55.966Z","level":"warn","msg":"revision_rewrite_failed","passName":"relationship-arc","message":"Gemini provider not available (GEMINI_API_KEY not set)"}
# {"time":"2026-08-05T02:28:55.967Z","level":"warn","msg":"revision_rewrite_failed","passName":"relationship-arc","message":"Gemini provider not available (GEMINI_API_KEY not set)"}
# Subtest: Wave 147 — relationshipArcPass: climax timing, earned reversals, power dynamics
    # Subtest: relationshipArcPass detects RELATIONSHIP_CLIMAX_TIMING when major shift happens before climax
    ok 1 - relationshipArcPass detects RELATIONSHIP_CLIMAX_TIMING when major shift happens before climax
      ---
      duration_ms: 20.785782
      type: 'test'
      ...
    # Subtest: relationshipArcPass does NOT fire RELATIONSHIP_CLIMAX_TIMING when major shift near climax
    ok 2 - relationshipArcPass does NOT fire RELATIONSHIP_CLIMAX_TIMING when major shift near climax
      ---
      duration_ms: 2.549373
      type: 'test'
      ...
    # Subtest: relationshipArcPass detects RELATIONSHIP_UNEARNED_REVERSAL when reversal lacks setup
    ok 3 - relationshipArcPass detects RELATIONSHIP_UNEARNED_REVERSAL when reversal lacks setup
      ---
      duration_ms: 1.633529
      type: 'test'
      ...
    # Subtest: relationshipArcPass does NOT fire RELATIONSHIP_UNEARNED_REVERSAL when reversal has setup
    ok 4 - relationshipArcPass does NOT fire RELATIONSHIP_UNEARNED_REVERSAL when reversal has setup
      ---
      duration_ms: 0.964338
      type: 'test'
      ...
    # Subtest: relationshipArcPass detects POWER_DYNAMIC_UNCHANGED when only affinity shifts
    ok 5 - relationshipArcPass detects POWER_DYNAMIC_UNCHANGED when only affinity shifts
      ---
      duration_ms: 1.600015
      type: 'test'
      ...
    1..5
ok 1675 - Wave 147 — relationshipArcPass: climax timing, earned reversals, power dynamics
  ---
  duration_ms: 29.252694
  type: 'suite'
  ...
# Subtest: Wave 177 — relationshipArcPass: whiplash, uniform direction, unresolved rupture
    # Subtest: relationshipArcPass detects RELATIONSHIP_WHIPLASH when a pair flips direction 3+ times
    ok 1 - relationshipArcPass detects RELATIONSHIP_WHIPLASH when a pair flips direction 3+ times
      ---
      duration_ms: 6.089193
      type: 'test'
      ...
    # Subtest: relationshipArcPass does NOT fire RELATIONSHIP_WHIPLASH when a pair has a clear arc
    ok 2 - relationshipArcPass does NOT fire RELATIONSHIP_WHIPLASH when a pair has a clear arc
      ---
      duration_ms: 2.000538
      type: 'test'
      ...
    # Subtest: relationshipArcPass detects ALL_PAIRS_SAME_DIRECTION when every bond drifts the same way
    ok 3 - relationshipArcPass detects ALL_PAIRS_SAME_DIRECTION when every bond drifts the same way
      ---
      duration_ms: 1.73804
      type: 'test'
      ...
    # Subtest: relationshipArcPass does NOT fire ALL_PAIRS_SAME_DIRECTION when bonds counterpoint each other
    ok 4 - relationshipArcPass does NOT fire ALL_PAIRS_SAME_DIRECTION when bonds counterpoint each other
      ---
      duration_ms: 1.614166
      type: 'test'
      ...
    # Subtest: relationshipArcPass detects UNRESOLVED_RELATIONSHIP_RUPTURE when a break is never revisited
    ok 5 - relationshipArcPass detects UNRESOLVED_RELATIONSHIP_RUPTURE when a break is never revisited
      ---
      duration_ms: 2.011995
      type: 'test'
      ...
    # Subtest: relationshipArcPass does NOT fire UNRESOLVED_RELATIONSHIP_RUPTURE when the break is later addressed
    ok 6 - relationshipArcPass does NOT fire UNRESOLVED_RELATIONSHIP_RUPTURE when the break is later addressed
      ---
      duration_ms: 1.776971
      type: 'test'
      ...
    1..6
ok 1676 - Wave 177 — relationshipArcPass: whiplash, uniform direction, unresolved rupture
  ---
  duration_ms: 15.977378
  type: 'suite'
  ...
# Subtest: Wave 192 — relationshipArcPass: protagonist freeze, Act 1 void, cluster spike
    # Subtest: relationshipArcPass detects PROTAGONIST_RELATIONSHIP_FREEZE when protagonist bonds cancel out
    ok 1 - relationshipArcPass detects PROTAGONIST_RELATIONSHIP_FREEZE when protagonist bonds cancel out
      ---
      duration_ms: 3.458578
      type: 'test'
      ...
    # Subtest: relationshipArcPass does NOT fire PROTAGONIST_RELATIONSHIP_FREEZE when protagonist has a clear arc
    ok 2 - relationshipArcPass does NOT fire PROTAGONIST_RELATIONSHIP_FREEZE when protagonist has a clear arc
      ---
      duration_ms: 1.853474
      type: 'test'
      ...
    # Subtest: relationshipArcPass detects RELATIONSHIP_ACT1_VOID when no shifts occur in Act 1
    ok 3 - relationshipArcPass detects RELATIONSHIP_ACT1_VOID when no shifts occur in Act 1
      ---
      duration_ms: 1.368143
      type: 'test'
      ...
    # Subtest: relationshipArcPass does NOT fire RELATIONSHIP_ACT1_VOID when Act 1 has a shift
    ok 4 - relationshipArcPass does NOT fire RELATIONSHIP_ACT1_VOID when Act 1 has a shift
      ---
      duration_ms: 1.297342
      type: 'test'
      ...
    # Subtest: relationshipArcPass detects CLUSTER_SHIFT_SCENE when one scene shifts 3+ pairs at once
    ok 5 - relationshipArcPass detects CLUSTER_SHIFT_SCENE when one scene shifts 3+ pairs at once
      ---
      duration_ms: 1.199432
      type: 'test'
      ...
    # Subtest: relationshipArcPass does NOT fire CLUSTER_SHIFT_SCENE when no scene shifts more than 2 pairs
    ok 6 - relationshipArcPass does NOT fire CLUSTER_SHIFT_SCENE when no scene shifts more than 2 pairs
      ---
      duration_ms: 0.915657
      type: 'test'
      ...
    1..6
ok 1677 - Wave 192 — relationshipArcPass: protagonist freeze, Act 1 void, cluster spike
  ---
  duration_ms: 10.415268
  type: 'suite'
  ...
# Subtest: Wave 234 — relationshipArcPass: pair dimension monotone, first-impression contradiction, resolution void
    # Subtest: PAIR_DIMENSION_MONOTONE fires when a pair has 4+ shifts all on the same dimension
    ok 1 - PAIR_DIMENSION_MONOTONE fires when a pair has 4+ shifts all on the same dimension
      ---
      duration_ms: 5.448182
      type: 'test'
      ...
    # Subtest: PAIR_DIMENSION_MONOTONE does NOT fire when a pair uses multiple dimensions
    ok 2 - PAIR_DIMENSION_MONOTONE does NOT fire when a pair uses multiple dimensions
      ---
      duration_ms: 2.712678
      type: 'test'
      ...
    # Subtest: RELATIONSHIP_FIRST_IMPRESSION_CONTRADICTION fires when first shift is positive but net is negative
    ok 3 - RELATIONSHIP_FIRST_IMPRESSION_CONTRADICTION fires when first shift is positive but net is negative
      ---
      duration_ms: 1.424943
      type: 'test'
      ...
    # Subtest: RELATIONSHIP_FIRST_IMPRESSION_CONTRADICTION does NOT fire when first shift is weak
    ok 4 - RELATIONSHIP_FIRST_IMPRESSION_CONTRADICTION does NOT fire when first shift is weak
      ---
      duration_ms: 1.276546
      type: 'test'
      ...
    # Subtest: RELATIONSHIP_RESOLUTION_VOID fires when Act 3 has shifts but none are positive
    ok 5 - RELATIONSHIP_RESOLUTION_VOID fires when Act 3 has shifts but none are positive
      ---
      duration_ms: 1.321421
      type: 'test'
      ...
    # Subtest: RELATIONSHIP_RESOLUTION_VOID does NOT fire when Act 3 has a positive shift
    ok 6 - RELATIONSHIP_RESOLUTION_VOID does NOT fire when Act 3 has a positive shift
      ---
      duration_ms: 1.669611
      type: 'test'
      ...
    1..6
ok 1678 - Wave 234 — relationshipArcPass: pair dimension monotone, first-impression contradiction, resolution void
  ---
  duration_ms: 14.32415
  type: 'suite'
  ...
# Subtest: Wave 553 — relationshipArcPass: relationship emotion decoupled, pair dimension monopoly, pair thirds concentrated
    # Subtest: RELATIONSHIP_EMOTION_DECOUPLED fires when >70% of shift scenes are emotionally neutral
    ok 1 - RELATIONSHIP_EMOTION_DECOUPLED fires when >70% of shift scenes are emotionally neutral
      ---
      duration_ms: 12.547864
      type: 'test'
      ...
    # Subtest: RELATIONSHIP_EMOTION_DECOUPLED does not fire when ≥30% of shift scenes have non-neutral emotion
    ok 2 - RELATIONSHIP_EMOTION_DECOUPLED does not fire when ≥30% of shift scenes have non-neutral emotion
      ---
      duration_ms: 1.445319
      type: 'test'
      ...
    # Subtest: PAIR_DIMENSION_MONOPOLY fires when a pair with 4+ shifts uses only one relationship dimension while 2+ dimensions exist globally
    ok 3 - PAIR_DIMENSION_MONOPOLY fires when a pair with 4+ shifts uses only one relationship dimension while 2+ dimensions exist globally
      ---
      duration_ms: 1.667044
      type: 'test'
      ...
    # Subtest: PAIR_DIMENSION_MONOPOLY does not fire when a pair uses 2+ dimensions
    ok 4 - PAIR_DIMENSION_MONOPOLY does not fire when a pair uses 2+ dimensions
      ---
      duration_ms: 1.494261
      type: 'test'
      ...
    # Subtest: PAIR_THIRDS_CONCENTRATED fires when a pair has >75% of 4+ shifts in one structural third
    ok 5 - PAIR_THIRDS_CONCENTRATED fires when a pair has >75% of 4+ shifts in one structural third
      ---
      duration_ms: 2.184841
      type: 'test'
      ...
    # Subtest: PAIR_THIRDS_CONCENTRATED does not fire when pair shifts are spread across thirds
    ok 6 - PAIR_THIRDS_CONCENTRATED does not fire when pair shifts are spread across thirds
      ---
      duration_ms: 1.877294
      type: 'test'
      ...
    1..6
ok 1679 - Wave 553 — relationshipArcPass: relationship emotion decoupled, pair dimension monopoly, pair thirds concentrated
  ---
  duration_ms: 21.556627
  type: 'suite'
  ...
# Subtest: Wave 539 — relationshipArcPass: pair seed flat, pair payoff flat, pair shift run
    # Subtest: PAIR_SEED_FLAT fires when a pair's shifts never overlap with seed scenes
    ok 1 - PAIR_SEED_FLAT fires when a pair's shifts never overlap with seed scenes
      ---
      duration_ms: 1.710816
      type: 'test'
      ...
    # Subtest: PAIR_SEED_FLAT does not fire when a pair shift overlaps a seed scene
    ok 2 - PAIR_SEED_FLAT does not fire when a pair shift overlaps a seed scene
      ---
      duration_ms: 1.236087
      type: 'test'
      ...
    # Subtest: PAIR_PAYOFF_FLAT fires when a pair's shifts never overlap with payoff scenes
    ok 3 - PAIR_PAYOFF_FLAT fires when a pair's shifts never overlap with payoff scenes
      ---
      duration_ms: 1.325389
      type: 'test'
      ...
    # Subtest: PAIR_PAYOFF_FLAT does not fire when a pair shift overlaps a payoff scene
    ok 4 - PAIR_PAYOFF_FLAT does not fire when a pair shift overlaps a payoff scene
      ---
      duration_ms: 1.040313
      type: 'test'
      ...
    # Subtest: PAIR_SHIFT_RUN fires when 4+ consecutive shift scenes all involve one pair
    ok 5 - PAIR_SHIFT_RUN fires when 4+ consecutive shift scenes all involve one pair
      ---
      duration_ms: 2.43394
      type: 'test'
      ...
    # Subtest: PAIR_SHIFT_RUN does not fire when a second pair breaks the run
    ok 6 - PAIR_SHIFT_RUN does not fire when a second pair breaks the run
      ---
      duration_ms: 1.378405
      type: 'test'
      ...
    1..6
ok 1680 - Wave 539 — relationshipArcPass: pair seed flat, pair payoff flat, pair shift run
  ---
  duration_ms: 9.506359
  type: 'suite'
  ...
# Subtest: Wave 1350 — relationshipArcPass: RELATIONSHIP_REPAIR_UNEARNED
    # Subtest: fires when a hard rupture flips back to warm within the window with no apology, cost, or acknowledgement
    ok 1 - fires when a hard rupture flips back to warm within the window with no apology, cost, or acknowledgement
      ---
      duration_ms: 4.925204
      type: 'test'
      ...
    # Subtest: does NOT fire when an apology appears in the window between rupture and repair
    ok 2 - does NOT fire when an apology appears in the window between rupture and repair
      ---
      duration_ms: 1.208053
      type: 'test'
      ...
    1..2
ok 1681 - Wave 1350 — relationshipArcPass: RELATIONSHIP_REPAIR_UNEARNED
  ---
  duration_ms: 6.370945
  type: 'suite'
  ...
# Subtest: Wave 1192 — relationshipArcPass (Program v2, Type 1 — signal channel): power stasis
    # Subtest: POWER_STASIS fires when 4 control-charged dyad scenes all resolve to the same holder with no flip
    ok 1 - POWER_STASIS fires when 4 control-charged dyad scenes all resolve to the same holder with no flip
      ---
      duration_ms: 2.032888
      type: 'test'
      ...
    # Subtest: POWER_STASIS does not fire when control flips mid-scene in one charged scene, when a second holder appears, or below the charged-scene floor
    ok 2 - POWER_STASIS does not fire when control flips mid-scene in one charged scene, when a second holder appears, or below the charged-scene floor
      ---
      duration_ms: 2.953377
      type: 'test'
      ...
    1..2
ok 1682 - Wave 1192 — relationshipArcPass (Program v2, Type 1 — signal channel): power stasis
  ---
  duration_ms: 5.125829
  type: 'suite'
  ...
# Subtest: Wave 1169 — relationshipArcPass: relationship turn-emotional aftermath void, relationship turn aftermath void, relationship payoff-emotional aftermath void
    # Subtest: RELATIONSHIP_TURN_EMOTIONAL_AFTERMATH_VOID fires when every dramatic turn is followed by two scenes with no emotional shift
    ok 1 - RELATIONSHIP_TURN_EMOTIONAL_AFTERMATH_VOID fires when every dramatic turn is followed by two scenes with no emotional shift
      ---
      duration_ms: 1.378909
      type: 'test'
      ...
    # Subtest: RELATIONSHIP_TURN_EMOTIONAL_AFTERMATH_VOID does not fire when a dramatic turn is followed by an emotional shift within its window
    ok 2 - RELATIONSHIP_TURN_EMOTIONAL_AFTERMATH_VOID does not fire when a dramatic turn is followed by an emotional shift within its window
      ---
      duration_ms: 0.933331
      type: 'test'
      ...
    # Subtest: RELATIONSHIP_TURN_AFTERMATH_VOID fires when every dramatic turn is followed by two scenes with no relationship shift
    ok 3 - RELATIONSHIP_TURN_AFTERMATH_VOID fires when every dramatic turn is followed by two scenes with no relationship shift
      ---
      duration_ms: 1.123189
      type: 'test'
      ...
    # Subtest: RELATIONSHIP_TURN_AFTERMATH_VOID does not fire when a dramatic turn is followed by a relationship shift within its window
    ok 4 - RELATIONSHIP_TURN_AFTERMATH_VOID does not fire when a dramatic turn is followed by a relationship shift within its window
      ---
      duration_ms: 1.21967
      type: 'test'
      ...
    # Subtest: RELATIONSHIP_PAYOFF_EMOTIONAL_AFTERMATH_VOID fires when every payoff is followed by two scenes with no emotional shift
    ok 5 - RELATIONSHIP_PAYOFF_EMOTIONAL_AFTERMATH_VOID fires when every payoff is followed by two scenes with no emotional shift
      ---
      duration_ms: 1.205104
      type: 'test'
      ...
    # Subtest: RELATIONSHIP_PAYOFF_EMOTIONAL_AFTERMATH_VOID does not fire when a payoff is followed by an emotional shift within its window
    ok 6 - RELATIONSHIP_PAYOFF_EMOTIONAL_AFTERMATH_VOID does not fire when a payoff is followed by an emotional shift within its window
      ---
      duration_ms: 1.05396
      type: 'test'
      ...
    1..6
ok 1683 - Wave 1169 — relationshipArcPass: relationship turn-emotional aftermath void, relationship turn aftermath void, relationship payoff-emotional aftermath void
  ---
  duration_ms: 7.185764
  type: 'suite'
  ...
# Subtest: Wave 1155 — relationshipArcPass: relationship revelation-staging aftermath void, relationship turn-curiosity aftermath void, relationship payoff-suspense aftermath void
    # Subtest: RELATIONSHIP_REVELATION_STAGING_AFTERMATH_VOID fires when every revelation is followed by two scenes with no heavily-staged scene
    ok 1 - RELATIONSHIP_REVELATION_STAGING_AFTERMATH_VOID fires when every revelation is followed by two scenes with no heavily-staged scene
      ---
      duration_ms: 1.401868
      type: 'test'
      ...
    # Subtest: RELATIONSHIP_REVELATION_STAGING_AFTERMATH_VOID does not fire when a revelation is followed by a heavily-staged scene within its window
    ok 2 - RELATIONSHIP_REVELATION_STAGING_AFTERMATH_VOID does not fire when a revelation is followed by a heavily-staged scene within its window
      ---
      duration_ms: 1.187142
      type: 'test'
      ...
    # Subtest: RELATIONSHIP_TURN_CURIOSITY_AFTERMATH_VOID fires when every dramatic turn is followed by two scenes with no curiosity rise
    ok 3 - RELATIONSHIP_TURN_CURIOSITY_AFTERMATH_VOID fires when every dramatic turn is followed by two scenes with no curiosity rise
      ---
      duration_ms: 1.916009
      type: 'test'
      ...
    # Subtest: RELATIONSHIP_TURN_CURIOSITY_AFTERMATH_VOID does not fire when a dramatic turn is followed by a curiosity rise within its window
    ok 4 - RELATIONSHIP_TURN_CURIOSITY_AFTERMATH_VOID does not fire when a dramatic turn is followed by a curiosity rise within its window
      ---
      duration_ms: 1.034081
      type: 'test'
      ...
    # Subtest: RELATIONSHIP_PAYOFF_SUSPENSE_AFTERMATH_VOID fires when every payoff is followed by two scenes with no suspense rise
    ok 5 - RELATIONSHIP_PAYOFF_SUSPENSE_AFTERMATH_VOID fires when every payoff is followed by two scenes with no suspense rise
      ---
      duration_ms: 1.068015
      type: 'test'
      ...
    # Subtest: RELATIONSHIP_PAYOFF_SUSPENSE_AFTERMATH_VOID does not fire when a payoff is followed by a suspense rise within its window
    ok 6 - RELATIONSHIP_PAYOFF_SUSPENSE_AFTERMATH_VOID does not fire when a payoff is followed by a suspense rise within its window
      ---
      duration_ms: 0.924873
      type: 'test'
      ...
    1..6
ok 1684 - Wave 1155 — relationshipArcPass: relationship revelation-staging aftermath void, relationship turn-curiosity aftermath void, relationship payoff-suspense aftermath void
  ---
  duration_ms: 7.830575
  type: 'suite'
  ...
# Subtest: Wave 1141 — relationshipArcPass: relationship clock-dialogue-highlight aftermath void, relationship clock-staging aftermath void, relationship revelation-dialogue-highlight aftermath void
    # Subtest: RELATIONSHIP_CLOCK_DIALOGUE_HIGHLIGHT_AFTERMATH_VOID fires when every clock-raise is followed by two scenes with no highlighted dialogue
    ok 1 - RELATIONSHIP_CLOCK_DIALOGUE_HIGHLIGHT_AFTERMATH_VOID fires when every clock-raise is followed by two scenes with no highlighted dialogue
      ---
      duration_ms: 1.184335
      type: 'test'
      ...
    # Subtest: RELATIONSHIP_CLOCK_DIALOGUE_HIGHLIGHT_AFTERMATH_VOID does not fire when a clock-raise is followed by highlighted dialogue within its window
    ok 2 - RELATIONSHIP_CLOCK_DIALOGUE_HIGHLIGHT_AFTERMATH_VOID does not fire when a clock-raise is followed by highlighted dialogue within its window
      ---
      duration_ms: 1.07513
      type: 'test'
      ...
    # Subtest: RELATIONSHIP_CLOCK_STAGING_AFTERMATH_VOID fires when every clock-raise is followed by two scenes with no heavily-staged scene
    ok 3 - RELATIONSHIP_CLOCK_STAGING_AFTERMATH_VOID fires when every clock-raise is followed by two scenes with no heavily-staged scene
      ---
      duration_ms: 1.162239
      type: 'test'
      ...
    # Subtest: RELATIONSHIP_CLOCK_STAGING_AFTERMATH_VOID does not fire when a clock-raise is followed by a heavily-staged scene within its window
    ok 4 - RELATIONSHIP_CLOCK_STAGING_AFTERMATH_VOID does not fire when a clock-raise is followed by a heavily-staged scene within its window
      ---
      duration_ms: 0.970068
      type: 'test'
      ...
    # Subtest: RELATIONSHIP_REVELATION_DIALOGUE_HIGHLIGHT_AFTERMATH_VOID fires when every revelation is followed by two scenes with no highlighted dialogue
    ok 5 - RELATIONSHIP_REVELATION_DIALOGUE_HIGHLIGHT_AFTERMATH_VOID fires when every revelation is followed by two scenes with no highlighted dialogue
      ---
      duration_ms: 1.00068
      type: 'test'
      ...
    # Subtest: RELATIONSHIP_REVELATION_DIALOGUE_HIGHLIGHT_AFTERMATH_VOID does not fire when a revelation is followed by highlighted dialogue within its window
    ok 6 - RELATIONSHIP_REVELATION_DIALOGUE_HIGHLIGHT_AFTERMATH_VOID does not fire when a revelation is followed by highlighted dialogue within its window
      ---
      duration_ms: 1.08202
      type: 'test'
      ...
    1..6
ok 1685 - Wave 1141 — relationshipArcPass: relationship clock-dialogue-highlight aftermath void, relationship clock-staging aftermath void, relationship revelation-dialogue-highlight aftermath void
  ---
  duration_ms: 6.766255
  type: 'suite'
  ...
# Subtest: Wave 1127 — relationshipArcPass: relationship clock aftermath void, relationship revelation-emotional aftermath void, relationship revelation aftermath void
    # Subtest: RELATIONSHIP_CLOCK_AFTERMATH_VOID fires when every clock-raise is followed by two scenes with no relationship shift
    ok 1 - RELATIONSHIP_CLOCK_AFTERMATH_VOID fires when every clock-raise is followed by two scenes with no relationship shift
      ---
      duration_ms: 1.339344
      type: 'test'
      ...
    # Subtest: RELATIONSHIP_CLOCK_AFTERMATH_VOID does not fire when a clock-raise is followed by a relationship shift within its window
    ok 2 - RELATIONSHIP_CLOCK_AFTERMATH_VOID does not fire when a clock-raise is followed by a relationship shift within its window
      ---
      duration_ms: 1.225675
      type: 'test'
      ...
    # Subtest: RELATIONSHIP_REVELATION_EMOTIONAL_AFTERMATH_VOID fires when every revelation is followed by two scenes with no emotional shift
    ok 3 - RELATIONSHIP_REVELATION_EMOTIONAL_AFTERMATH_VOID fires when every revelation is followed by two scenes with no emotional shift
      ---
      duration_ms: 1.521758
      type: 'test'
      ...
    # Subtest: RELATIONSHIP_REVELATION_EMOTIONAL_AFTERMATH_VOID does not fire when a revelation is followed by an emotional shift within its window
    ok 4 - RELATIONSHIP_REVELATION_EMOTIONAL_AFTERMATH_VOID does not fire when a revelation is followed by an emotional shift within its window
      ---
      duration_ms: 1.170731
      type: 'test'
      ...
    # Subtest: RELATIONSHIP_REVELATION_AFTERMATH_VOID fires when every revelation is followed by two scenes with no relationship shift
    ok 5 - RELATIONSHIP_REVELATION_AFTERMATH_VOID fires when every revelation is followed by two scenes with no relationship shift
      ---
      duration_ms: 1.366909
      type: 'test'
      ...
    # Subtest: RELATIONSHIP_REVELATION_AFTERMATH_VOID does not fire when a revelation is followed by a relationship shift within its window
    ok 6 - RELATIONSHIP_REVELATION_AFTERMATH_VOID does not fire when a revelation is followed by a relationship shift within its window
      ---
      duration_ms: 1.175359
      type: 'test'
      ...
    1..6
ok 1686 - Wave 1127 — relationshipArcPass: relationship clock aftermath void, relationship revelation-emotional aftermath void, relationship revelation aftermath void
  ---
  duration_ms: 8.138446
  type: 'suite'
  ...
# Subtest: Wave 1113 — relationshipArcPass: relationship clock-suspense aftermath void, relationship clock-emotional aftermath void, relationship revelation-curiosity aftermath void
    # Subtest: RELATIONSHIP_CLOCK_SUSPENSE_AFTERMATH_VOID fires when every clock-raise is followed by two scenes with no suspense rise
    ok 1 - RELATIONSHIP_CLOCK_SUSPENSE_AFTERMATH_VOID fires when every clock-raise is followed by two scenes with no suspense rise
      ---
      duration_ms: 1.257232
      type: 'test'
      ...
    # Subtest: RELATIONSHIP_CLOCK_SUSPENSE_AFTERMATH_VOID does not fire when a clock-raise is followed by a suspense rise within its window
    ok 2 - RELATIONSHIP_CLOCK_SUSPENSE_AFTERMATH_VOID does not fire when a clock-raise is followed by a suspense rise within its window
      ---
      duration_ms: 1.161335
      type: 'test'
      ...
    # Subtest: RELATIONSHIP_CLOCK_EMOTIONAL_AFTERMATH_VOID fires when every clock-raise is followed by two scenes with no emotional shift
    ok 3 - RELATIONSHIP_CLOCK_EMOTIONAL_AFTERMATH_VOID fires when every clock-raise is followed by two scenes with no emotional shift
      ---
      duration_ms: 0.916339
      type: 'test'
      ...
    # Subtest: RELATIONSHIP_CLOCK_EMOTIONAL_AFTERMATH_VOID does not fire when a clock-raise is followed by an emotional shift within its window
    ok 4 - RELATIONSHIP_CLOCK_EMOTIONAL_AFTERMATH_VOID does not fire when a clock-raise is followed by an emotional shift within its window
      ---
      duration_ms: 1.691412
      type: 'test'
      ...
    # Subtest: RELATIONSHIP_REVELATION_CURIOSITY_AFTERMATH_VOID fires when every revelation is followed by two scenes with no curiosity rise
    ok 5 - RELATIONSHIP_REVELATION_CURIOSITY_AFTERMATH_VOID fires when every revelation is followed by two scenes with no curiosity rise
      ---
      duration_ms: 1.035574
      type: 'test'
      ...
    # Subtest: RELATIONSHIP_REVELATION_CURIOSITY_AFTERMATH_VOID does not fire when a revelation is followed by a curiosity rise within its window
    ok 6 - RELATIONSHIP_REVELATION_CURIOSITY_AFTERMATH_VOID does not fire when a revelation is followed by a curiosity rise within its window
      ---
      duration_ms: 1.094408
      type: 'test'
      ...
    1..6
ok 1687 - Wave 1113 — relationshipArcPass: relationship clock-suspense aftermath void, relationship clock-emotional aftermath void, relationship revelation-curiosity aftermath void
  ---
  duration_ms: 7.54858
  type: 'suite'
  ...
# Subtest: Wave 1099 — relationshipArcPass: relationship-shift magnitude-relational aftermath void, relationship clock-curiosity aftermath void, relationship revelation-suspense aftermath void
    # Subtest: RELATIONSHIP_SHIFT_MAGNITUDE_RELATIONAL_AFTERMATH_VOID fires when every significant shift is followed by two scenes with no further relationship movement
    ok 1 - RELATIONSHIP_SHIFT_MAGNITUDE_RELATIONAL_AFTERMATH_VOID fires when every significant shift is followed by two scenes with no further relationship movement
      ---
      duration_ms: 1.561004
      type: 'test'
      ...
    # Subtest: RELATIONSHIP_SHIFT_MAGNITUDE_RELATIONAL_AFTERMATH_VOID does not fire when a significant shift is followed by relationship movement within its window
    ok 2 - RELATIONSHIP_SHIFT_MAGNITUDE_RELATIONAL_AFTERMATH_VOID does not fire when a significant shift is followed by relationship movement within its window
      ---
      duration_ms: 1.225045
      type: 'test'
      ...
    # Subtest: RELATIONSHIP_CLOCK_CURIOSITY_AFTERMATH_VOID fires when every clock-raise is followed by two scenes with no curiosity rise
    ok 3 - RELATIONSHIP_CLOCK_CURIOSITY_AFTERMATH_VOID fires when every clock-raise is followed by two scenes with no curiosity rise
      ---
      duration_ms: 1.198336
      type: 'test'
      ...
    # Subtest: RELATIONSHIP_CLOCK_CURIOSITY_AFTERMATH_VOID does not fire when a clock-raise is followed by a curiosity rise within its window
    ok 4 - RELATIONSHIP_CLOCK_CURIOSITY_AFTERMATH_VOID does not fire when a clock-raise is followed by a curiosity rise within its window
      ---
      duration_ms: 0.893724
      type: 'test'
      ...
    # Subtest: RELATIONSHIP_REVELATION_SUSPENSE_AFTERMATH_VOID fires when every revelation is followed by two scenes with no suspense rise
    ok 5 - RELATIONSHIP_REVELATION_SUSPENSE_AFTERMATH_VOID fires when every revelation is followed by two scenes with no suspense rise
      ---
      duration_ms: 0.977538
      type: 'test'
      ...
    # Subtest: RELATIONSHIP_REVELATION_SUSPENSE_AFTERMATH_VOID does not fire when a revelation is followed by a suspense rise within its window
    ok 6 - RELATIONSHIP_REVELATION_SUSPENSE_AFTERMATH_VOID does not fire when a revelation is followed by a suspense rise within its window
      ---
      duration_ms: 0.813118
      type: 'test'
      ...
    1..6
ok 1688 - Wave 1099 — relationshipArcPass: relationship-shift magnitude-relational aftermath void, relationship clock-curiosity aftermath void, relationship revelation-suspense aftermath void
  ---
  duration_ms: 7.029046
  type: 'suite'
  ...
# Subtest: Wave 1085 — relationshipArcPass: relationship-shift magnitude-curiosity aftermath void, relationship-shift magnitude-suspense aftermath void, relationship-shift highlight aftermath void
    # Subtest: RELATIONSHIP_SHIFT_MAGNITUDE_CURIOSITY_AFTERMATH_VOID fires when every significant shift is followed by two scenes with no curiosity rise
    ok 1 - RELATIONSHIP_SHIFT_MAGNITUDE_CURIOSITY_AFTERMATH_VOID fires when every significant shift is followed by two scenes with no curiosity rise
      ---
      duration_ms: 1.408765
      type: 'test'
      ...
    # Subtest: RELATIONSHIP_SHIFT_MAGNITUDE_CURIOSITY_AFTERMATH_VOID does not fire when a significant shift is followed by a curiosity rise within its window
    ok 2 - RELATIONSHIP_SHIFT_MAGNITUDE_CURIOSITY_AFTERMATH_VOID does not fire when a significant shift is followed by a curiosity rise within its window
      ---
      duration_ms: 1.136269
      type: 'test'
      ...
    # Subtest: RELATIONSHIP_SHIFT_MAGNITUDE_SUSPENSE_AFTERMATH_VOID fires when every significant shift is followed by two scenes with no suspense rise
    ok 3 - RELATIONSHIP_SHIFT_MAGNITUDE_SUSPENSE_AFTERMATH_VOID fires when every significant shift is followed by two scenes with no suspense rise
      ---
      duration_ms: 1.160122
      type: 'test'
      ...
    # Subtest: RELATIONSHIP_SHIFT_MAGNITUDE_SUSPENSE_AFTERMATH_VOID does not fire when a significant shift is followed by a suspense rise within its window
    ok 4 - RELATIONSHIP_SHIFT_MAGNITUDE_SUSPENSE_AFTERMATH_VOID does not fire when a significant shift is followed by a suspense rise within its window
      ---
      duration_ms: 1.211824
      type: 'test'
      ...
    # Subtest: RELATIONSHIP_SHIFT_HIGHLIGHT_AFTERMATH_VOID fires when every relationship shift is followed by two scenes with no highlighted dialogue
    ok 5 - RELATIONSHIP_SHIFT_HIGHLIGHT_AFTERMATH_VOID fires when every relationship shift is followed by two scenes with no highlighted dialogue
      ---
      duration_ms: 1.061444
      type: 'test'
      ...
    # Subtest: RELATIONSHIP_SHIFT_HIGHLIGHT_AFTERMATH_VOID does not fire when a relationship shift is followed by highlighted dialogue within its window
    ok 6 - RELATIONSHIP_SHIFT_HIGHLIGHT_AFTERMATH_VOID does not fire when a relationship shift is followed by highlighted dialogue within its window
      ---
      duration_ms: 1.057074
      type: 'test'
      ...
    1..6
ok 1689 - Wave 1085 — relationshipArcPass: relationship-shift magnitude-curiosity aftermath void, relationship-shift magnitude-suspense aftermath void, relationship-shift highlight aftermath void
  ---
  duration_ms: 7.374814
  type: 'suite'
  ...
# Subtest: Wave 1071 — relationshipArcPass: relationship-shift magnitude-staging aftermath void, relationship-shift magnitude-emotional aftermath void, relationship-shift staging aftermath void
    # Subtest: RELATIONSHIP_SHIFT_MAGNITUDE_STAGING_AFTERMATH_VOID fires when every significant shift is followed by two scenes with no visually dense scene
    ok 1 - RELATIONSHIP_SHIFT_MAGNITUDE_STAGING_AFTERMATH_VOID fires when every significant shift is followed by two scenes with no visually dense scene
      ---
      duration_ms: 8.155665
      type: 'test'
      ...
    # Subtest: RELATIONSHIP_SHIFT_MAGNITUDE_STAGING_AFTERMATH_VOID does not fire when a significant shift is followed by a visually dense scene within its window
    ok 2 - RELATIONSHIP_SHIFT_MAGNITUDE_STAGING_AFTERMATH_VOID does not fire when a significant shift is followed by a visually dense scene within its window
      ---
      duration_ms: 1.150812
      type: 'test'
      ...
    # Subtest: RELATIONSHIP_SHIFT_MAGNITUDE_EMOTIONAL_AFTERMATH_VOID fires when every significant shift is followed by two scenes with no emotional shift
    ok 3 - RELATIONSHIP_SHIFT_MAGNITUDE_EMOTIONAL_AFTERMATH_VOID fires when every significant shift is followed by two scenes with no emotional shift
      ---
      duration_ms: 1.182647
      type: 'test'
      ...
    # Subtest: RELATIONSHIP_SHIFT_MAGNITUDE_EMOTIONAL_AFTERMATH_VOID does not fire when a significant shift is followed by an emotional shift within its window
    ok 4 - RELATIONSHIP_SHIFT_MAGNITUDE_EMOTIONAL_AFTERMATH_VOID does not fire when a significant shift is followed by an emotional shift within its window
      ---
      duration_ms: 1.006064
      type: 'test'
      ...
    # Subtest: RELATIONSHIP_SHIFT_STAGING_AFTERMATH_VOID fires when every relationship shift is followed by two scenes with no visually dense scene
    ok 5 - RELATIONSHIP_SHIFT_STAGING_AFTERMATH_VOID fires when every relationship shift is followed by two scenes with no visually dense scene
      ---
      duration_ms: 1.093204
      type: 'test'
      ...
    # Subtest: RELATIONSHIP_SHIFT_STAGING_AFTERMATH_VOID does not fire when a relationship shift is followed by a visually dense scene within its window
    ok 6 - RELATIONSHIP_SHIFT_STAGING_AFTERMATH_VOID does not fire when a relationship shift is followed by a visually dense scene within its window
      ---
      duration_ms: 1.221127
      type: 'test'
      ...
    1..6
ok 1690 - Wave 1071 — relationshipArcPass: relationship-shift magnitude-staging aftermath void, relationship-shift magnitude-emotional aftermath void, relationship-shift staging aftermath void
  ---
  duration_ms: 14.096303
  type: 'suite'
  ...
# Subtest: Wave 1057 — relationshipArcPass: relational seed-dialogue-highlight aftermath void, relational open-thread-dialogue-highlight aftermath void, relational stakes-staging aftermath void
    # Subtest: RELATIONAL_SEED_DIALOGUE_HIGHLIGHT_AFTERMATH_VOID fires when every seed is followed by two scenes with no highlighted dialogue
    ok 1 - RELATIONAL_SEED_DIALOGUE_HIGHLIGHT_AFTERMATH_VOID fires when every seed is followed by two scenes with no highlighted dialogue
      ---
      duration_ms: 1.164399
      type: 'test'
      ...
    # Subtest: RELATIONAL_SEED_DIALOGUE_HIGHLIGHT_AFTERMATH_VOID does not fire when a seed is followed by highlighted dialogue within its window
    ok 2 - RELATIONAL_SEED_DIALOGUE_HIGHLIGHT_AFTERMATH_VOID does not fire when a seed is followed by highlighted dialogue within its window
      ---
      duration_ms: 1.715359
      type: 'test'
      ...
    # Subtest: RELATIONAL_OPEN_THREAD_DIALOGUE_HIGHLIGHT_AFTERMATH_VOID fires when every heavy clue-debt scene is followed by two scenes with no highlighted dialogue
    ok 3 - RELATIONAL_OPEN_THREAD_DIALOGUE_HIGHLIGHT_AFTERMATH_VOID fires when every heavy clue-debt scene is followed by two scenes with no highlighted dialogue
      ---
      duration_ms: 1.151571
      type: 'test'
      ...
    # Subtest: RELATIONAL_OPEN_THREAD_DIALOGUE_HIGHLIGHT_AFTERMATH_VOID does not fire when a heavy clue-debt scene is followed by highlighted dialogue within its window
    ok 4 - RELATIONAL_OPEN_THREAD_DIALOGUE_HIGHLIGHT_AFTERMATH_VOID does not fire when a heavy clue-debt scene is followed by highlighted dialogue within its window
      ---
      duration_ms: 1.0078
      type: 'test'
      ...
    # Subtest: RELATIONAL_STAKES_STAGING_AFTERMATH_VOID fires when every stakes-raise is followed by two scenes with no visually dense scene
    ok 5 - RELATIONAL_STAKES_STAGING_AFTERMATH_VOID fires when every stakes-raise is followed by two scenes with no visually dense scene
      ---
      duration_ms: 0.930666
      type: 'test'
      ...
    # Subtest: RELATIONAL_STAKES_STAGING_AFTERMATH_VOID does not fire when a stakes-raise is followed by a visually dense scene within its window
    ok 6 - RELATIONAL_STAKES_STAGING_AFTERMATH_VOID does not fire when a stakes-raise is followed by a visually dense scene within its window
      ---
      duration_ms: 0.984105
      type: 'test'
      ...
    1..6
ok 1691 - Wave 1057 — relationshipArcPass: relational seed-dialogue-highlight aftermath void, relational open-thread-dialogue-highlight aftermath void, relational stakes-staging aftermath void
  ---
  duration_ms: 7.25068
  type: 'suite'
  ...
# Subtest: Wave 1043 — relationshipArcPass: relational stakes-dialogue-highlight aftermath void, relational seed-suspense aftermath void, relational open-thread-suspense aftermath void
    # Subtest: RELATIONAL_STAKES_DIALOGUE_HIGHLIGHT_AFTERMATH_VOID fires when every stakes-raise is followed by two scenes with no highlighted dialogue
    ok 1 - RELATIONAL_STAKES_DIALOGUE_HIGHLIGHT_AFTERMATH_VOID fires when every stakes-raise is followed by two scenes with no highlighted dialogue
      ---
      duration_ms: 1.099128
      type: 'test'
      ...
    # Subtest: RELATIONAL_STAKES_DIALOGUE_HIGHLIGHT_AFTERMATH_VOID does not fire when a stakes-raise is followed by highlighted dialogue within its window
    ok 2 - RELATIONAL_STAKES_DIALOGUE_HIGHLIGHT_AFTERMATH_VOID does not fire when a stakes-raise is followed by highlighted dialogue within its window
      ---
      duration_ms: 0.973891
      type: 'test'
      ...
    # Subtest: RELATIONAL_SEED_SUSPENSE_AFTERMATH_VOID fires when every seed is followed by two scenes with no suspense rise
    ok 3 - RELATIONAL_SEED_SUSPENSE_AFTERMATH_VOID fires when every seed is followed by two scenes with no suspense rise
      ---
      duration_ms: 0.948571
      type: 'test'
      ...
    # Subtest: RELATIONAL_SEED_SUSPENSE_AFTERMATH_VOID does not fire when a seed is followed by a suspense rise within its window
    ok 4 - RELATIONAL_SEED_SUSPENSE_AFTERMATH_VOID does not fire when a seed is followed by a suspense rise within its window
      ---
      duration_ms: 0.994855
      type: 'test'
      ...
    # Subtest: RELATIONAL_OPEN_THREAD_SUSPENSE_AFTERMATH_VOID fires when every heavy clue-debt scene is followed by two scenes with no suspense rise
    ok 5 - RELATIONAL_OPEN_THREAD_SUSPENSE_AFTERMATH_VOID fires when every heavy clue-debt scene is followed by two scenes with no suspense rise
      ---
      duration_ms: 1.009633
      type: 'test'
      ...
    # Subtest: RELATIONAL_OPEN_THREAD_SUSPENSE_AFTERMATH_VOID does not fire when a heavy clue-debt scene is followed by a suspense rise within its window
    ok 6 - RELATIONAL_OPEN_THREAD_SUSPENSE_AFTERMATH_VOID does not fire when a heavy clue-debt scene is followed by a suspense rise within its window
      ---
      duration_ms: 1.001871
      type: 'test'
      ...
    1..6
ok 1692 - Wave 1043 — relationshipArcPass: relational stakes-dialogue-highlight aftermath void, relational seed-suspense aftermath void, relational open-thread-suspense aftermath void
  ---
  duration_ms: 6.360364
  type: 'suite'
  ...
# Subtest: Wave 1029 — relationshipArcPass: relational stakes-emotional aftermath void, relational seed aftermath void, relational open-thread aftermath void
    # Subtest: RELATIONAL_STAKES_EMOTIONAL_AFTERMATH_VOID fires when every stakes-raise is followed by two scenes with no emotional shift
    ok 1 - RELATIONAL_STAKES_EMOTIONAL_AFTERMATH_VOID fires when every stakes-raise is followed by two scenes with no emotional shift
      ---
      duration_ms: 1.028691
      type: 'test'
      ...
    # Subtest: RELATIONAL_STAKES_EMOTIONAL_AFTERMATH_VOID does not fire when a stakes-raise is followed by an emotional shift within its window
    ok 2 - RELATIONAL_STAKES_EMOTIONAL_AFTERMATH_VOID does not fire when a stakes-raise is followed by an emotional shift within its window
      ---
      duration_ms: 1.110585
      type: 'test'
      ...
    # Subtest: RELATIONAL_SEED_AFTERMATH_VOID fires when every seed is followed by two scenes with no relationship shift
    ok 3 - RELATIONAL_SEED_AFTERMATH_VOID fires when every seed is followed by two scenes with no relationship shift
      ---
      duration_ms: 1.108818
      type: 'test'
      ...
    # Subtest: RELATIONAL_SEED_AFTERMATH_VOID does not fire when a seed is followed by a relationship shift within its window
    ok 4 - RELATIONAL_SEED_AFTERMATH_VOID does not fire when a seed is followed by a relationship shift within its window
      ---
      duration_ms: 1.220835
      type: 'test'
      ...
    # Subtest: RELATIONAL_OPEN_THREAD_AFTERMATH_VOID fires when every heavy clue-debt scene is followed by two scenes with no relationship shift
    ok 5 - RELATIONAL_OPEN_THREAD_AFTERMATH_VOID fires when every heavy clue-debt scene is followed by two scenes with no relationship shift
      ---
      duration_ms: 1.183215
      type: 'test'
      ...
    # Subtest: RELATIONAL_OPEN_THREAD_AFTERMATH_VOID does not fire when a heavy clue-debt scene is followed by a relationship shift within its window
    ok 6 - RELATIONAL_OPEN_THREAD_AFTERMATH_VOID does not fire when a heavy clue-debt scene is followed by a relationship shift within its window
      ---
      duration_ms: 1.03954
      type: 'test'
      ...
    1..6
ok 1693 - Wave 1029 — relationshipArcPass: relational stakes-emotional aftermath void, relational seed aftermath void, relational open-thread aftermath void
  ---
  duration_ms: 7.060528
  type: 'suite'
  ...
# Subtest: Wave 1015 — relationshipArcPass: relational seed-emotional aftermath void, relational open-thread-curiosity aftermath void, relational stakes-suspense aftermath void
    # Subtest: RELATIONAL_SEED_EMOTIONAL_AFTERMATH_VOID fires when every seed is followed by two scenes with no emotional shift
    ok 1 - RELATIONAL_SEED_EMOTIONAL_AFTERMATH_VOID fires when every seed is followed by two scenes with no emotional shift
      ---
      duration_ms: 1.139489
      type: 'test'
      ...
    # Subtest: RELATIONAL_SEED_EMOTIONAL_AFTERMATH_VOID does not fire when a seed is followed by an emotional shift within its window
    ok 2 - RELATIONAL_SEED_EMOTIONAL_AFTERMATH_VOID does not fire when a seed is followed by an emotional shift within its window
      ---
      duration_ms: 0.983897
      type: 'test'
      ...
    # Subtest: RELATIONAL_OPEN_THREAD_CURIOSITY_AFTERMATH_VOID fires when every heavy clue-debt scene is followed by two scenes with no new curiosity
    ok 3 - RELATIONAL_OPEN_THREAD_CURIOSITY_AFTERMATH_VOID fires when every heavy clue-debt scene is followed by two scenes with no new curiosity
      ---
      duration_ms: 0.962896
      type: 'test'
      ...
    # Subtest: RELATIONAL_OPEN_THREAD_CURIOSITY_AFTERMATH_VOID does not fire when a heavy clue-debt scene is followed by new curiosity within its window
    ok 4 - RELATIONAL_OPEN_THREAD_CURIOSITY_AFTERMATH_VOID does not fire when a heavy clue-debt scene is followed by new curiosity within its window
      ---
      duration_ms: 0.884298
      type: 'test'
      ...
    # Subtest: RELATIONAL_STAKES_SUSPENSE_AFTERMATH_VOID fires when every stakes-raise is followed by two scenes with no rise in suspense
    ok 5 - RELATIONAL_STAKES_SUSPENSE_AFTERMATH_VOID fires when every stakes-raise is followed by two scenes with no rise in suspense
      ---
      duration_ms: 0.933241
      type: 'test'
      ...
    # Subtest: RELATIONAL_STAKES_SUSPENSE_AFTERMATH_VOID does not fire when a stakes-raise is followed by rising suspense within its window
    ok 6 - RELATIONAL_STAKES_SUSPENSE_AFTERMATH_VOID does not fire when a stakes-raise is followed by rising suspense within its window
      ---
      duration_ms: 0.967032
      type: 'test'
      ...
    1..6
ok 1694 - Wave 1015 — relationshipArcPass: relational seed-emotional aftermath void, relational open-thread-curiosity aftermath void, relational stakes-suspense aftermath void
  ---
  duration_ms: 6.132109
  type: 'suite'
  ...
# Subtest: Wave 1001 — relationshipArcPass: relational stakes-curiosity aftermath void, relational seed-curiosity aftermath void, relational open-thread-emotional aftermath void
    # Subtest: RELATIONAL_STAKES_CURIOSITY_AFTERMATH_VOID fires when every stakes-raise is followed by two scenes with no new curiosity
    ok 1 - RELATIONAL_STAKES_CURIOSITY_AFTERMATH_VOID fires when every stakes-raise is followed by two scenes with no new curiosity
      ---
      duration_ms: 1.020234
      type: 'test'
      ...
    # Subtest: RELATIONAL_STAKES_CURIOSITY_AFTERMATH_VOID does not fire when a stakes-raise is followed by new curiosity within its window
    ok 2 - RELATIONAL_STAKES_CURIOSITY_AFTERMATH_VOID does not fire when a stakes-raise is followed by new curiosity within its window
      ---
      duration_ms: 0.924491
      type: 'test'
      ...
    # Subtest: RELATIONAL_SEED_CURIOSITY_AFTERMATH_VOID fires when every seed is followed by two scenes with no new curiosity
    ok 3 - RELATIONAL_SEED_CURIOSITY_AFTERMATH_VOID fires when every seed is followed by two scenes with no new curiosity
      ---
      duration_ms: 1.014438
      type: 'test'
      ...
    # Subtest: RELATIONAL_SEED_CURIOSITY_AFTERMATH_VOID does not fire when a seed is followed by new curiosity within its window
    ok 4 - RELATIONAL_SEED_CURIOSITY_AFTERMATH_VOID does not fire when a seed is followed by new curiosity within its window
      ---
      duration_ms: 0.988777
      type: 'test'
      ...
    # Subtest: RELATIONAL_OPEN_THREAD_EMOTIONAL_AFTERMATH_VOID fires when every heavy clue-debt scene is followed by two scenes with no emotional shift
    ok 5 - RELATIONAL_OPEN_THREAD_EMOTIONAL_AFTERMATH_VOID fires when every heavy clue-debt scene is followed by two scenes with no emotional shift
      ---
      duration_ms: 0.925418
      type: 'test'
      ...
    # Subtest: RELATIONAL_OPEN_THREAD_EMOTIONAL_AFTERMATH_VOID does not fire when a heavy clue-debt scene is followed by an emotional shift within its window
    ok 6 - RELATIONAL_OPEN_THREAD_EMOTIONAL_AFTERMATH_VOID does not fire when a heavy clue-debt scene is followed by an emotional shift within its window
      ---
      duration_ms: 0.900347
      type: 'test'
      ...
    1..6
ok 1695 - Wave 1001 — relationshipArcPass: relational stakes-curiosity aftermath void, relational seed-curiosity aftermath void, relational open-thread-emotional aftermath void
  ---
  duration_ms: 6.058085
  type: 'suite'
  ...
# Subtest: Wave 987 — relationshipArcPass: relational highlight zone imbalance, relationship-shift curiosity aftermath void, relational stakes aftermath void
    # Subtest: RELATIONAL_HIGHLIGHT_ZONE_IMBALANCE fires when one zone is empty while another holds >=50% of highlighted-dialogue scenes
    ok 1 - RELATIONAL_HIGHLIGHT_ZONE_IMBALANCE fires when one zone is empty while another holds >=50% of highlighted-dialogue scenes
      ---
      duration_ms: 1.19087
      type: 'test'
      ...
    # Subtest: RELATIONAL_HIGHLIGHT_ZONE_IMBALANCE does not fire when highlighted-dialogue scenes touch every zone
    ok 2 - RELATIONAL_HIGHLIGHT_ZONE_IMBALANCE does not fire when highlighted-dialogue scenes touch every zone
      ---
      duration_ms: 0.974362
      type: 'test'
      ...
    # Subtest: RELATIONSHIP_SHIFT_CURIOSITY_AFTERMATH_VOID fires when every relationship shift is followed by two scenes with no new curiosity
    ok 3 - RELATIONSHIP_SHIFT_CURIOSITY_AFTERMATH_VOID fires when every relationship shift is followed by two scenes with no new curiosity
      ---
      duration_ms: 1.0844
      type: 'test'
      ...
    # Subtest: RELATIONSHIP_SHIFT_CURIOSITY_AFTERMATH_VOID does not fire when a relationship shift is followed by new curiosity within its window
    ok 4 - RELATIONSHIP_SHIFT_CURIOSITY_AFTERMATH_VOID does not fire when a relationship shift is followed by new curiosity within its window
      ---
      duration_ms: 1.001146
      type: 'test'
      ...
    # Subtest: RELATIONAL_STAKES_AFTERMATH_VOID fires when every stakes-raise is followed by two scenes with no relationship shift
    ok 5 - RELATIONAL_STAKES_AFTERMATH_VOID fires when every stakes-raise is followed by two scenes with no relationship shift
      ---
      duration_ms: 1.099183
      type: 'test'
      ...
    # Subtest: RELATIONAL_STAKES_AFTERMATH_VOID does not fire when a stakes-raise is followed by a relationship shift within its window
    ok 6 - RELATIONAL_STAKES_AFTERMATH_VOID does not fire when a stakes-raise is followed by a relationship shift within its window
      ---
      duration_ms: 1.123669
      type: 'test'
      ...
    1..6
ok 1696 - Wave 987 — relationshipArcPass: relational highlight zone imbalance, relationship-shift curiosity aftermath void, relational stakes aftermath void
  ---
  duration_ms: 6.759475
  type: 'suite'
  ...
# Subtest: Wave 973 — relationshipArcPass: relational clock zone imbalance, relational clock delta zone imbalance, relational turn zone imbalance
    # Subtest: RELATIONAL_CLOCK_ZONE_IMBALANCE fires when one zone is empty while another holds >=50% of clock-raising scenes
    ok 1 - RELATIONAL_CLOCK_ZONE_IMBALANCE fires when one zone is empty while another holds >=50% of clock-raising scenes
      ---
      duration_ms: 1.102024
      type: 'test'
      ...
    # Subtest: RELATIONAL_CLOCK_ZONE_IMBALANCE does not fire when clock-raising scenes touch every zone
    ok 2 - RELATIONAL_CLOCK_ZONE_IMBALANCE does not fire when clock-raising scenes touch every zone
      ---
      duration_ms: 0.905272
      type: 'test'
      ...
    # Subtest: RELATIONAL_CLOCK_DELTA_ZONE_IMBALANCE fires when one zone is empty while another holds >=50% of clock-moving scenes
    ok 3 - RELATIONAL_CLOCK_DELTA_ZONE_IMBALANCE fires when one zone is empty while another holds >=50% of clock-moving scenes
      ---
      duration_ms: 1.12709
      type: 'test'
      ...
    # Subtest: RELATIONAL_CLOCK_DELTA_ZONE_IMBALANCE does not fire when clock-moving scenes touch every zone
    ok 4 - RELATIONAL_CLOCK_DELTA_ZONE_IMBALANCE does not fire when clock-moving scenes touch every zone
      ---
      duration_ms: 0.968809
      type: 'test'
      ...
    # Subtest: RELATIONAL_TURN_ZONE_IMBALANCE fires when one zone is empty while another holds >=50% of dramatic-turn scenes
    ok 5 - RELATIONAL_TURN_ZONE_IMBALANCE fires when one zone is empty while another holds >=50% of dramatic-turn scenes
      ---
      duration_ms: 0.9944
      type: 'test'
      ...
    # Subtest: RELATIONAL_TURN_ZONE_IMBALANCE does not fire when dramatic-turn scenes touch every zone
    ok 6 - RELATIONAL_TURN_ZONE_IMBALANCE does not fire when dramatic-turn scenes touch every zone
      ---
      duration_ms: 0.871054
      type: 'test'
      ...
    1..6
ok 1697 - Wave 973 — relationshipArcPass: relational clock zone imbalance, relational clock delta zone imbalance, relational turn zone imbalance
  ---
  duration_ms: 6.236596
  type: 'suite'
  ...
# Subtest: Wave 959 — relationshipArcPass: relational suspense zone imbalance, relational revelation zone imbalance, relational seed zone imbalance
    # Subtest: RELATIONAL_SUSPENSE_ZONE_IMBALANCE fires when one zone is empty while another holds >=50% of suspense-raising scenes
    ok 1 - RELATIONAL_SUSPENSE_ZONE_IMBALANCE fires when one zone is empty while another holds >=50% of suspense-raising scenes
      ---
      duration_ms: 1.191281
      type: 'test'
      ...
    # Subtest: RELATIONAL_SUSPENSE_ZONE_IMBALANCE does not fire when suspense-raising scenes touch every zone
    ok 2 - RELATIONAL_SUSPENSE_ZONE_IMBALANCE does not fire when suspense-raising scenes touch every zone
      ---
      duration_ms: 0.845124
      type: 'test'
      ...
    # Subtest: RELATIONAL_REVELATION_ZONE_IMBALANCE fires when one zone is empty while another holds >=50% of revelation scenes
    ok 3 - RELATIONAL_REVELATION_ZONE_IMBALANCE fires when one zone is empty while another holds >=50% of revelation scenes
      ---
      duration_ms: 1.133189
      type: 'test'
      ...
    # Subtest: RELATIONAL_REVELATION_ZONE_IMBALANCE does not fire when revelation scenes touch every zone
    ok 4 - RELATIONAL_REVELATION_ZONE_IMBALANCE does not fire when revelation scenes touch every zone
      ---
      duration_ms: 0.94715
      type: 'test'
      ...
    # Subtest: RELATIONAL_SEED_ZONE_IMBALANCE fires when one zone is empty while another holds >=50% of seeding scenes
    ok 5 - RELATIONAL_SEED_ZONE_IMBALANCE fires when one zone is empty while another holds >=50% of seeding scenes
      ---
      duration_ms: 1.203609
      type: 'test'
      ...
    # Subtest: RELATIONAL_SEED_ZONE_IMBALANCE does not fire when seeding scenes touch every zone
    ok 6 - RELATIONAL_SEED_ZONE_IMBALANCE does not fire when seeding scenes touch every zone
      ---
      duration_ms: 3.520498
      type: 'test'
      ...
    1..6
ok 1698 - Wave 959 — relationshipArcPass: relational suspense zone imbalance, relational revelation zone imbalance, relational seed zone imbalance
  ---
  duration_ms: 9.348993
  type: 'suite'
  ...
# Subtest: Wave 945 — relationshipArcPass: relational positive emotion zone imbalance, relational curiosity zone imbalance, relational payoff zone imbalance
    # Subtest: RELATIONAL_POSITIVE_EMOTION_ZONE_IMBALANCE fires when one zone is empty while another holds >=50% of positive-shift scenes
    ok 1 - RELATIONAL_POSITIVE_EMOTION_ZONE_IMBALANCE fires when one zone is empty while another holds >=50% of positive-shift scenes
      ---
      duration_ms: 1.106164
      type: 'test'
      ...
    # Subtest: RELATIONAL_POSITIVE_EMOTION_ZONE_IMBALANCE does not fire when positive-shift scenes touch every zone
    ok 2 - RELATIONAL_POSITIVE_EMOTION_ZONE_IMBALANCE does not fire when positive-shift scenes touch every zone
      ---
      duration_ms: 0.88016
      type: 'test'
      ...
    # Subtest: RELATIONAL_CURIOSITY_ZONE_IMBALANCE fires when one zone is empty while another holds >=50% of curiosity-raising scenes
    ok 3 - RELATIONAL_CURIOSITY_ZONE_IMBALANCE fires when one zone is empty while another holds >=50% of curiosity-raising scenes
      ---
      duration_ms: 0.967611
      type: 'test'
      ...
    # Subtest: RELATIONAL_CURIOSITY_ZONE_IMBALANCE does not fire when curiosity-raising scenes touch every zone
    ok 4 - RELATIONAL_CURIOSITY_ZONE_IMBALANCE does not fire when curiosity-raising scenes touch every zone
      ---
      duration_ms: 0.950936
      type: 'test'
      ...
    # Subtest: RELATIONAL_PAYOFF_ZONE_IMBALANCE fires when one zone is empty while another holds >=50% of payoff scenes
    ok 5 - RELATIONAL_PAYOFF_ZONE_IMBALANCE fires when one zone is empty while another holds >=50% of payoff scenes
      ---
      duration_ms: 1.036435
      type: 'test'
      ...
    # Subtest: RELATIONAL_PAYOFF_ZONE_IMBALANCE does not fire when payoff scenes touch every zone
    ok 6 - RELATIONAL_PAYOFF_ZONE_IMBALANCE does not fire when payoff scenes touch every zone
      ---
      duration_ms: 0.941153
      type: 'test'
      ...
    1..6
ok 1699 - Wave 945 — relationshipArcPass: relational positive emotion zone imbalance, relational curiosity zone imbalance, relational payoff zone imbalance
  ---
  duration_ms: 6.163425
  type: 'suite'
  ...
# Subtest: Wave 931 — relationshipArcPass: relational stakes zone imbalance, relational revelation purpose zone imbalance, relational negative emotion zone imbalance
    # Subtest: RELATIONAL_STAKES_ZONE_IMBALANCE fires when one zone is empty while another holds >=50% of stakes-raising scenes
    ok 1 - RELATIONAL_STAKES_ZONE_IMBALANCE fires when one zone is empty while another holds >=50% of stakes-raising scenes
      ---
      duration_ms: 1.173075
      type: 'test'
      ...
    # Subtest: RELATIONAL_STAKES_ZONE_IMBALANCE does not fire when stakes-raising scenes touch every zone
    ok 2 - RELATIONAL_STAKES_ZONE_IMBALANCE does not fire when stakes-raising scenes touch every zone
      ---
      duration_ms: 0.884435
      type: 'test'
      ...
    # Subtest: RELATIONAL_REVELATION_PURPOSE_ZONE_IMBALANCE fires when one zone is empty while another holds >=50% of revelation-purposed scenes
    ok 3 - RELATIONAL_REVELATION_PURPOSE_ZONE_IMBALANCE fires when one zone is empty while another holds >=50% of revelation-purposed scenes
      ---
      duration_ms: 0.960905
      type: 'test'
      ...
    # Subtest: RELATIONAL_REVELATION_PURPOSE_ZONE_IMBALANCE does not fire when revelation-purposed scenes touch every zone
    ok 4 - RELATIONAL_REVELATION_PURPOSE_ZONE_IMBALANCE does not fire when revelation-purposed scenes touch every zone
      ---
      duration_ms: 0.874034
      type: 'test'
      ...
    # Subtest: RELATIONAL_NEGATIVE_EMOTION_ZONE_IMBALANCE fires when one zone is empty while another holds >=50% of negative-shift scenes
    ok 5 - RELATIONAL_NEGATIVE_EMOTION_ZONE_IMBALANCE fires when one zone is empty while another holds >=50% of negative-shift scenes
      ---
      duration_ms: 1.149076
      type: 'test'
      ...
    # Subtest: RELATIONAL_NEGATIVE_EMOTION_ZONE_IMBALANCE does not fire when negative-shift scenes touch every zone
    ok 6 - RELATIONAL_NEGATIVE_EMOTION_ZONE_IMBALANCE does not fire when negative-shift scenes touch every zone
      ---
      duration_ms: 0.938972
      type: 'test'
      ...
    1..6
ok 1700 - Wave 931 — relationshipArcPass: relational stakes zone imbalance, relational revelation purpose zone imbalance, relational negative emotion zone imbalance
  ---
  duration_ms: 6.252023
  type: 'suite'
  ...
# Subtest: Wave 917 — relationshipArcPass: relational revelation purpose zone cluster, relational revelation purpose drought run, relational character moment zone imbalance
    # Subtest: RELATIONAL_REVELATION_PURPOSE_ZONE_CLUSTER fires when >75% of revelation-purposed scenes cluster in one third
    ok 1 - RELATIONAL_REVELATION_PURPOSE_ZONE_CLUSTER fires when >75% of revelation-purposed scenes cluster in one third
      ---
      duration_ms: 0.97318
      type: 'test'
      ...
    # Subtest: RELATIONAL_REVELATION_PURPOSE_ZONE_CLUSTER does not fire when revelation-purposed scenes spread across thirds
    ok 2 - RELATIONAL_REVELATION_PURPOSE_ZONE_CLUSTER does not fire when revelation-purposed scenes spread across thirds
      ---
      duration_ms: 0.869156
      type: 'test'
      ...
    # Subtest: RELATIONAL_REVELATION_PURPOSE_DROUGHT_RUN fires when a long run has no revelation-purposed scene
    ok 3 - RELATIONAL_REVELATION_PURPOSE_DROUGHT_RUN fires when a long run has no revelation-purposed scene
      ---
      duration_ms: 1.003169
      type: 'test'
      ...
    # Subtest: RELATIONAL_REVELATION_PURPOSE_DROUGHT_RUN does not fire when revelation-purposed scenes are evenly spread
    ok 4 - RELATIONAL_REVELATION_PURPOSE_DROUGHT_RUN does not fire when revelation-purposed scenes are evenly spread
      ---
      duration_ms: 0.919479
      type: 'test'
      ...
    # Subtest: RELATIONAL_CHARACTER_MOMENT_ZONE_IMBALANCE fires when one zone is empty while another holds >=50% of character-moment scenes
    ok 5 - RELATIONAL_CHARACTER_MOMENT_ZONE_IMBALANCE fires when one zone is empty while another holds >=50% of character-moment scenes
      ---
      duration_ms: 0.944575
      type: 'test'
      ...
    # Subtest: RELATIONAL_CHARACTER_MOMENT_ZONE_IMBALANCE does not fire when character-moment scenes touch every zone
    ok 6 - RELATIONAL_CHARACTER_MOMENT_ZONE_IMBALANCE does not fire when character-moment scenes touch every zone
      ---
      duration_ms: 0.870088
      type: 'test'
      ...
    1..6
ok 1701 - Wave 917 — relationshipArcPass: relational revelation purpose zone cluster, relational revelation purpose drought run, relational character moment zone imbalance
  ---
  duration_ms: 5.868289
  type: 'suite'
  ...
# Subtest: Wave 903 — relationshipArcPass: relational turning point zone imbalance, relational complicate zone imbalance, relational introduce conflict zone imbalance
    # Subtest: RELATIONAL_TURNING_POINT_ZONE_IMBALANCE fires when one zone is empty while another holds >=50% of turning-point scenes
    ok 1 - RELATIONAL_TURNING_POINT_ZONE_IMBALANCE fires when one zone is empty while another holds >=50% of turning-point scenes
      ---
      duration_ms: 1.180869
      type: 'test'
      ...
    # Subtest: RELATIONAL_TURNING_POINT_ZONE_IMBALANCE does not fire when turning-point scenes touch every zone
    ok 2 - RELATIONAL_TURNING_POINT_ZONE_IMBALANCE does not fire when turning-point scenes touch every zone
      ---
      duration_ms: 0.889674
      type: 'test'
      ...
    # Subtest: RELATIONAL_COMPLICATE_ZONE_IMBALANCE fires when one zone is empty while another holds >=50% of complicating scenes
    ok 3 - RELATIONAL_COMPLICATE_ZONE_IMBALANCE fires when one zone is empty while another holds >=50% of complicating scenes
      ---
      duration_ms: 0.973388
      type: 'test'
      ...
    # Subtest: RELATIONAL_COMPLICATE_ZONE_IMBALANCE does not fire when complicating scenes touch every zone
    ok 4 - RELATIONAL_COMPLICATE_ZONE_IMBALANCE does not fire when complicating scenes touch every zone
      ---
      duration_ms: 0.93059
      type: 'test'
      ...
    # Subtest: RELATIONAL_INTRODUCE_CONFLICT_ZONE_IMBALANCE fires when one zone is empty while another holds >=50% of conflict-introducing scenes
    ok 5 - RELATIONAL_INTRODUCE_CONFLICT_ZONE_IMBALANCE fires when one zone is empty while another holds >=50% of conflict-introducing scenes
      ---
      duration_ms: 1.119229
      type: 'test'
      ...
    # Subtest: RELATIONAL_INTRODUCE_CONFLICT_ZONE_IMBALANCE does not fire when conflict-introducing scenes touch every zone
    ok 6 - RELATIONAL_INTRODUCE_CONFLICT_ZONE_IMBALANCE does not fire when conflict-introducing scenes touch every zone
      ---
      duration_ms: 0.872956
      type: 'test'
      ...
    1..6
ok 1702 - Wave 903 — relationshipArcPass: relational turning point zone imbalance, relational complicate zone imbalance, relational introduce conflict zone imbalance
  ---
  duration_ms: 6.228071
  type: 'suite'
  ...
# Subtest: Wave 889 — relationshipArcPass: relational climax zone imbalance, relational establish world zone imbalance, relational resolution zone imbalance
    # Subtest: RELATIONAL_CLIMAX_ZONE_IMBALANCE fires when one zone is empty while another holds >=50% of climax-purposed scenes
    ok 1 - RELATIONAL_CLIMAX_ZONE_IMBALANCE fires when one zone is empty while another holds >=50% of climax-purposed scenes
      ---
      duration_ms: 1.278672
      type: 'test'
      ...
    # Subtest: RELATIONAL_CLIMAX_ZONE_IMBALANCE does not fire when climax-purposed scenes touch every zone
    ok 2 - RELATIONAL_CLIMAX_ZONE_IMBALANCE does not fire when climax-purposed scenes touch every zone
      ---
      duration_ms: 0.929466
      type: 'test'
      ...
    # Subtest: RELATIONAL_ESTABLISH_WORLD_ZONE_IMBALANCE fires when one zone is empty while another holds >=50% of world-establishing scenes
    ok 3 - RELATIONAL_ESTABLISH_WORLD_ZONE_IMBALANCE fires when one zone is empty while another holds >=50% of world-establishing scenes
      ---
      duration_ms: 1.000551
      type: 'test'
      ...
    # Subtest: RELATIONAL_ESTABLISH_WORLD_ZONE_IMBALANCE does not fire when world-establishing scenes touch every zone
    ok 4 - RELATIONAL_ESTABLISH_WORLD_ZONE_IMBALANCE does not fire when world-establishing scenes touch every zone
      ---
      duration_ms: 0.820329
      type: 'test'
      ...
    # Subtest: RELATIONAL_RESOLUTION_ZONE_IMBALANCE fires when one zone is empty while another holds >=50% of resolution-purposed scenes
    ok 5 - RELATIONAL_RESOLUTION_ZONE_IMBALANCE fires when one zone is empty while another holds >=50% of resolution-purposed scenes
      ---
      duration_ms: 0.974168
      type: 'test'
      ...
    # Subtest: RELATIONAL_RESOLUTION_ZONE_IMBALANCE does not fire when resolution-purposed scenes touch every zone
    ok 6 - RELATIONAL_RESOLUTION_ZONE_IMBALANCE does not fire when resolution-purposed scenes touch every zone
      ---
      duration_ms: 12.115765
      type: 'test'
      ...
    1..6
ok 1703 - Wave 889 — relationshipArcPass: relational climax zone imbalance, relational establish world zone imbalance, relational resolution zone imbalance
  ---
  duration_ms: 17.501466
  type: 'suite'
  ...
# Subtest: Wave 875 — relationshipArcPass: relational resolution drought run, relational complicate zone cluster, relational complicate drought run
    # Subtest: RELATIONAL_RESOLUTION_DROUGHT_RUN fires when a long run has no resolution-purposed scene
    ok 1 - RELATIONAL_RESOLUTION_DROUGHT_RUN fires when a long run has no resolution-purposed scene
      ---
      duration_ms: 3.360101
      type: 'test'
      ...
    # Subtest: RELATIONAL_RESOLUTION_DROUGHT_RUN does not fire when resolution-purposed scenes are evenly spread
    ok 2 - RELATIONAL_RESOLUTION_DROUGHT_RUN does not fire when resolution-purposed scenes are evenly spread
      ---
      duration_ms: 0.937665
      type: 'test'
      ...
    # Subtest: RELATIONAL_COMPLICATE_ZONE_CLUSTER fires when >75% of complicating scenes cluster in one third
    ok 3 - RELATIONAL_COMPLICATE_ZONE_CLUSTER fires when >75% of complicating scenes cluster in one third
      ---
      duration_ms: 0.910349
      type: 'test'
      ...
    # Subtest: RELATIONAL_COMPLICATE_ZONE_CLUSTER does not fire when complicating scenes spread across thirds
    ok 4 - RELATIONAL_COMPLICATE_ZONE_CLUSTER does not fire when complicating scenes spread across thirds
      ---
      duration_ms: 0.768036
      type: 'test'
      ...
    # Subtest: RELATIONAL_COMPLICATE_DROUGHT_RUN fires when a long run has no complicating scene
    ok 5 - RELATIONAL_COMPLICATE_DROUGHT_RUN fires when a long run has no complicating scene
      ---
      duration_ms: 0.872795
      type: 'test'
      ...
    # Subtest: RELATIONAL_COMPLICATE_DROUGHT_RUN does not fire when complicating scenes are evenly spread
    ok 6 - RELATIONAL_COMPLICATE_DROUGHT_RUN does not fire when complicating scenes are evenly spread
      ---
      duration_ms: 0.87143
      type: 'test'
      ...
    1..6
ok 1704 - Wave 875 — relationshipArcPass: relational resolution drought run, relational complicate zone cluster, relational complicate drought run
  ---
  duration_ms: 8.020948
  type: 'suite'
  ...
# Subtest: Wave 861 — relationshipArcPass: relational climax drought run, relational establish world drought run, relational resolution zone cluster
    # Subtest: RELATIONAL_CLIMAX_DROUGHT_RUN fires when a long run has no climax-purposed scene
    ok 1 - RELATIONAL_CLIMAX_DROUGHT_RUN fires when a long run has no climax-purposed scene
      ---
      duration_ms: 1.028862
      type: 'test'
      ...
    # Subtest: RELATIONAL_CLIMAX_DROUGHT_RUN does not fire when climax-purposed scenes are evenly spread
    ok 2 - RELATIONAL_CLIMAX_DROUGHT_RUN does not fire when climax-purposed scenes are evenly spread
      ---
      duration_ms: 0.81052
      type: 'test'
      ...
    # Subtest: RELATIONAL_ESTABLISH_WORLD_DROUGHT_RUN fires when a long run has no world-establishing scene
    ok 3 - RELATIONAL_ESTABLISH_WORLD_DROUGHT_RUN fires when a long run has no world-establishing scene
      ---
      duration_ms: 0.872799
      type: 'test'
      ...
    # Subtest: RELATIONAL_ESTABLISH_WORLD_DROUGHT_RUN does not fire when world-establishing scenes are evenly spread
    ok 4 - RELATIONAL_ESTABLISH_WORLD_DROUGHT_RUN does not fire when world-establishing scenes are evenly spread
      ---
      duration_ms: 0.830538
      type: 'test'
      ...
    # Subtest: RELATIONAL_RESOLUTION_ZONE_CLUSTER fires when >75% of resolution-purposed scenes cluster in one third
    ok 5 - RELATIONAL_RESOLUTION_ZONE_CLUSTER fires when >75% of resolution-purposed scenes cluster in one third
      ---
      duration_ms: 0.736674
      type: 'test'
      ...
    # Subtest: RELATIONAL_RESOLUTION_ZONE_CLUSTER does not fire when resolution-purposed scenes spread across thirds
    ok 6 - RELATIONAL_RESOLUTION_ZONE_CLUSTER does not fire when resolution-purposed scenes spread across thirds
      ---
      duration_ms: 0.887092
      type: 'test'
      ...
    1..6
ok 1705 - Wave 861 — relationshipArcPass: relational climax drought run, relational establish world drought run, relational resolution zone cluster
  ---
  duration_ms: 5.50677
  type: 'suite'
  ...
# Subtest: Wave 847 — relationshipArcPass: relational positive emotion drought run, relational establish world zone cluster, relational climax zone cluster
    # Subtest: RELATIONAL_POSITIVE_EMOTION_DROUGHT_RUN fires when a long run has no positive-emotion charge
    ok 1 - RELATIONAL_POSITIVE_EMOTION_DROUGHT_RUN fires when a long run has no positive-emotion charge
      ---
      duration_ms: 1.275031
      type: 'test'
      ...
    # Subtest: RELATIONAL_POSITIVE_EMOTION_DROUGHT_RUN does not fire when positive-emotion scenes are evenly spread
    ok 2 - RELATIONAL_POSITIVE_EMOTION_DROUGHT_RUN does not fire when positive-emotion scenes are evenly spread
      ---
      duration_ms: 0.782102
      type: 'test'
      ...
    # Subtest: RELATIONAL_ESTABLISH_WORLD_ZONE_CLUSTER fires when >75% of world-establishing scenes cluster in one third
    ok 3 - RELATIONAL_ESTABLISH_WORLD_ZONE_CLUSTER fires when >75% of world-establishing scenes cluster in one third
      ---
      duration_ms: 0.757237
      type: 'test'
      ...
    # Subtest: RELATIONAL_ESTABLISH_WORLD_ZONE_CLUSTER does not fire when world-establishing scenes spread across thirds
    ok 4 - RELATIONAL_ESTABLISH_WORLD_ZONE_CLUSTER does not fire when world-establishing scenes spread across thirds
      ---
      duration_ms: 0.872103
      type: 'test'
      ...
    # Subtest: RELATIONAL_CLIMAX_ZONE_CLUSTER fires when >75% of climax-purposed scenes cluster in one third
    ok 5 - RELATIONAL_CLIMAX_ZONE_CLUSTER fires when >75% of climax-purposed scenes cluster in one third
      ---
      duration_ms: 0.767844
      type: 'test'
      ...
    # Subtest: RELATIONAL_CLIMAX_ZONE_CLUSTER does not fire when climax-purposed scenes spread across thirds
    ok 6 - RELATIONAL_CLIMAX_ZONE_CLUSTER does not fire when climax-purposed scenes spread across thirds
      ---
      duration_ms: 0.712029
      type: 'test'
      ...
    1..6
ok 1706 - Wave 847 — relationshipArcPass: relational positive emotion drought run, relational establish world zone cluster, relational climax zone cluster
  ---
  duration_ms: 5.424873
  type: 'suite'
  ...
# Subtest: Wave 833 — relationshipArcPass: relational introduce conflict zone cluster, relational introduce conflict drought run, relational positive emotion zone cluster
    # Subtest: RELATIONAL_INTRODUCE_CONFLICT_ZONE_CLUSTER fires when >75% of conflict-introducing scenes cluster in one third
    ok 1 - RELATIONAL_INTRODUCE_CONFLICT_ZONE_CLUSTER fires when >75% of conflict-introducing scenes cluster in one third
      ---
      duration_ms: 1.745038
      type: 'test'
      ...
    # Subtest: RELATIONAL_INTRODUCE_CONFLICT_ZONE_CLUSTER does not fire when conflict-introducing scenes spread across thirds
    ok 2 - RELATIONAL_INTRODUCE_CONFLICT_ZONE_CLUSTER does not fire when conflict-introducing scenes spread across thirds
      ---
      duration_ms: 0.742492
      type: 'test'
      ...
    # Subtest: RELATIONAL_INTRODUCE_CONFLICT_DROUGHT_RUN fires when a long run has no new conflict
    ok 3 - RELATIONAL_INTRODUCE_CONFLICT_DROUGHT_RUN fires when a long run has no new conflict
      ---
      duration_ms: 0.826108
      type: 'test'
      ...
    # Subtest: RELATIONAL_INTRODUCE_CONFLICT_DROUGHT_RUN does not fire when conflict-introducing scenes are evenly spread
    ok 4 - RELATIONAL_INTRODUCE_CONFLICT_DROUGHT_RUN does not fire when conflict-introducing scenes are evenly spread
      ---
      duration_ms: 0.780247
      type: 'test'
      ...
    # Subtest: RELATIONAL_POSITIVE_EMOTION_ZONE_CLUSTER fires when >75% of positive-emotion scenes cluster in one third
    ok 5 - RELATIONAL_POSITIVE_EMOTION_ZONE_CLUSTER fires when >75% of positive-emotion scenes cluster in one third
      ---
      duration_ms: 0.748338
      type: 'test'
      ...
    # Subtest: RELATIONAL_POSITIVE_EMOTION_ZONE_CLUSTER does not fire when positive-emotion scenes spread across thirds
    ok 6 - RELATIONAL_POSITIVE_EMOTION_ZONE_CLUSTER does not fire when positive-emotion scenes spread across thirds
      ---
      duration_ms: 0.851882
      type: 'test'
      ...
    1..6
ok 1707 - Wave 833 — relationshipArcPass: relational introduce conflict zone cluster, relational introduce conflict drought run, relational positive emotion zone cluster
  ---
  duration_ms: 5.959427
  type: 'suite'
  ...
# Subtest: Wave 819 — relationshipArcPass: relational character moment drought run, relational turning point zone cluster, relational turning point drought run
    # Subtest: RELATIONAL_CHARACTER_MOMENT_DROUGHT_RUN fires when a long run has no character moment
    ok 1 - RELATIONAL_CHARACTER_MOMENT_DROUGHT_RUN fires when a long run has no character moment
      ---
      duration_ms: 1.079137
      type: 'test'
      ...
    # Subtest: RELATIONAL_CHARACTER_MOMENT_DROUGHT_RUN does not fire when character moments are evenly spread
    ok 2 - RELATIONAL_CHARACTER_MOMENT_DROUGHT_RUN does not fire when character moments are evenly spread
      ---
      duration_ms: 0.816615
      type: 'test'
      ...
    # Subtest: RELATIONAL_TURNING_POINT_ZONE_CLUSTER fires when >75% of turning-point scenes cluster in one third
    ok 3 - RELATIONAL_TURNING_POINT_ZONE_CLUSTER fires when >75% of turning-point scenes cluster in one third
      ---
      duration_ms: 0.746912
      type: 'test'
      ...
    # Subtest: RELATIONAL_TURNING_POINT_ZONE_CLUSTER does not fire when turning-point scenes spread across thirds
    ok 4 - RELATIONAL_TURNING_POINT_ZONE_CLUSTER does not fire when turning-point scenes spread across thirds
      ---
      duration_ms: 0.719575
      type: 'test'
      ...
    # Subtest: RELATIONAL_TURNING_POINT_DROUGHT_RUN fires when a long run has no turning point
    ok 5 - RELATIONAL_TURNING_POINT_DROUGHT_RUN fires when a long run has no turning point
      ---
      duration_ms: 0.932933
      type: 'test'
      ...
    # Subtest: RELATIONAL_TURNING_POINT_DROUGHT_RUN does not fire when turning points are evenly spread
    ok 6 - RELATIONAL_TURNING_POINT_DROUGHT_RUN does not fire when turning points are evenly spread
      ---
      duration_ms: 0.830465
      type: 'test'
      ...
    1..6
ok 1708 - Wave 819 — relationshipArcPass: relational character moment drought run, relational turning point zone cluster, relational turning point drought run
  ---
  duration_ms: 5.394215
  type: 'suite'
  ...
# Subtest: Wave 805 — relationshipArcPass: relational negative emotion zone cluster, relational negative emotion drought run, relational character moment zone cluster
    # Subtest: RELATIONAL_NEGATIVE_EMOTION_ZONE_CLUSTER fires when >75% of negative-emotion scenes cluster in one third
    ok 1 - RELATIONAL_NEGATIVE_EMOTION_ZONE_CLUSTER fires when >75% of negative-emotion scenes cluster in one third
      ---
      duration_ms: 0.968733
      type: 'test'
      ...
    # Subtest: RELATIONAL_NEGATIVE_EMOTION_ZONE_CLUSTER does not fire when negative-emotion scenes spread across thirds
    ok 2 - RELATIONAL_NEGATIVE_EMOTION_ZONE_CLUSTER does not fire when negative-emotion scenes spread across thirds
      ---
      duration_ms: 0.723412
      type: 'test'
      ...
    # Subtest: RELATIONAL_NEGATIVE_EMOTION_DROUGHT_RUN fires when a long run has no negative-emotion charge
    ok 3 - RELATIONAL_NEGATIVE_EMOTION_DROUGHT_RUN fires when a long run has no negative-emotion charge
      ---
      duration_ms: 0.945102
      type: 'test'
      ...
    # Subtest: RELATIONAL_NEGATIVE_EMOTION_DROUGHT_RUN does not fire when negative-emotion scenes are evenly spread
    ok 4 - RELATIONAL_NEGATIVE_EMOTION_DROUGHT_RUN does not fire when negative-emotion scenes are evenly spread
      ---
      duration_ms: 0.834153
      type: 'test'
      ...
    # Subtest: RELATIONAL_CHARACTER_MOMENT_ZONE_CLUSTER fires when >75% of character-moment scenes cluster in one third
    ok 5 - RELATIONAL_CHARACTER_MOMENT_ZONE_CLUSTER fires when >75% of character-moment scenes cluster in one third
      ---
      duration_ms: 0.793489
      type: 'test'
      ...
    # Subtest: RELATIONAL_CHARACTER_MOMENT_ZONE_CLUSTER does not fire when character-moment scenes spread across thirds
    ok 6 - RELATIONAL_CHARACTER_MOMENT_ZONE_CLUSTER does not fire when character-moment scenes spread across thirds
      ---
      duration_ms: 0.868278
      type: 'test'
      ...
    1..6
ok 1709 - Wave 805 — relationshipArcPass: relational negative emotion zone cluster, relational negative emotion drought run, relational character moment zone cluster
  ---
  duration_ms: 5.398673
  type: 'suite'
  ...
# Subtest: Wave 791 — relationshipArcPass: relational suspense drought run, relational curiosity peak uncaused, relational revelation peak uncaused
    # Subtest: RELATIONAL_SUSPENSE_DROUGHT_RUN fires when a long run has no rising suspense
    ok 1 - RELATIONAL_SUSPENSE_DROUGHT_RUN fires when a long run has no rising suspense
      ---
      duration_ms: 1.016683
      type: 'test'
      ...
    # Subtest: RELATIONAL_SUSPENSE_DROUGHT_RUN does not fire when suspense rises are evenly spread
    ok 2 - RELATIONAL_SUSPENSE_DROUGHT_RUN does not fire when suspense rises are evenly spread
      ---
      duration_ms: 0.925551
      type: 'test'
      ...
    # Subtest: RELATIONAL_CURIOSITY_PEAK_UNCAUSED fires when the peak curiosity scene has no preparing cause nearby
    ok 3 - RELATIONAL_CURIOSITY_PEAK_UNCAUSED fires when the peak curiosity scene has no preparing cause nearby
      ---
      duration_ms: 0.678268
      type: 'test'
      ...
    # Subtest: RELATIONAL_CURIOSITY_PEAK_UNCAUSED does not fire when a preparing cause precedes the peak curiosity scene
    ok 4 - RELATIONAL_CURIOSITY_PEAK_UNCAUSED does not fire when a preparing cause precedes the peak curiosity scene
      ---
      duration_ms: 0.696866
      type: 'test'
      ...
    # Subtest: RELATIONAL_REVELATION_PEAK_UNCAUSED fires when the revelation scene has no dramatic turn nearby
    ok 5 - RELATIONAL_REVELATION_PEAK_UNCAUSED fires when the revelation scene has no dramatic turn nearby
      ---
      duration_ms: 0.682677
      type: 'test'
      ...
    # Subtest: RELATIONAL_REVELATION_PEAK_UNCAUSED does not fire when a dramatic turn precedes the revelation scene
    ok 6 - RELATIONAL_REVELATION_PEAK_UNCAUSED does not fire when a dramatic turn precedes the revelation scene
      ---
      duration_ms: 0.730411
      type: 'test'
      ...
    1..6
ok 1710 - Wave 791 — relationshipArcPass: relational suspense drought run, relational curiosity peak uncaused, relational revelation peak uncaused
  ---
  duration_ms: 4.98102
  type: 'suite'
  ...
# Subtest: Wave 777 — relationshipArcPass: relational suspense peak uncaused, relational curiosity zone cluster, relational revelation drought run
    # Subtest: RELATIONAL_SUSPENSE_PEAK_UNCAUSED fires when the peak suspense scene has no preparing cause nearby
    ok 1 - RELATIONAL_SUSPENSE_PEAK_UNCAUSED fires when the peak suspense scene has no preparing cause nearby
      ---
      duration_ms: 1.929745
      type: 'test'
      ...
    # Subtest: RELATIONAL_SUSPENSE_PEAK_UNCAUSED does not fire when a preparing cause precedes the peak suspense scene
    ok 2 - RELATIONAL_SUSPENSE_PEAK_UNCAUSED does not fire when a preparing cause precedes the peak suspense scene
      ---
      duration_ms: 0.92764
      type: 'test'
      ...
    # Subtest: RELATIONAL_CURIOSITY_ZONE_CLUSTER fires when >75% of curiosity-positive scenes cluster in one third
    ok 3 - RELATIONAL_CURIOSITY_ZONE_CLUSTER fires when >75% of curiosity-positive scenes cluster in one third
      ---
      duration_ms: 1.665613
      type: 'test'
      ...
    # Subtest: RELATIONAL_CURIOSITY_ZONE_CLUSTER does not fire when curiosity-positive scenes spread across thirds
    ok 4 - RELATIONAL_CURIOSITY_ZONE_CLUSTER does not fire when curiosity-positive scenes spread across thirds
      ---
      duration_ms: 0.870042
      type: 'test'
      ...
    # Subtest: RELATIONAL_REVELATION_DROUGHT_RUN fires when a long run has no revelation
    ok 5 - RELATIONAL_REVELATION_DROUGHT_RUN fires when a long run has no revelation
      ---
      duration_ms: 2.287424
      type: 'test'
      ...
    # Subtest: RELATIONAL_REVELATION_DROUGHT_RUN does not fire when revelations are evenly spread
    ok 6 - RELATIONAL_REVELATION_DROUGHT_RUN does not fire when revelations are evenly spread
      ---
      duration_ms: 1.330805
      type: 'test'
      ...
    1..6
ok 1711 - Wave 777 — relationshipArcPass: relational suspense peak uncaused, relational curiosity zone cluster, relational revelation drought run
  ---
  duration_ms: 9.553863
  type: 'suite'
  ...
# Subtest: Wave 763 — relationshipArcPass: relational suspense zone cluster, relational curiosity drought run, relational revelation zone cluster
    # Subtest: RELATIONAL_SUSPENSE_ZONE_CLUSTER fires when suspense-positive scenes cluster in one third
    ok 1 - RELATIONAL_SUSPENSE_ZONE_CLUSTER fires when suspense-positive scenes cluster in one third
      ---
      duration_ms: 0.972317
      type: 'test'
      ...
    # Subtest: RELATIONAL_SUSPENSE_ZONE_CLUSTER does not fire when suspense-positive scenes spread across thirds
    ok 2 - RELATIONAL_SUSPENSE_ZONE_CLUSTER does not fire when suspense-positive scenes spread across thirds
      ---
      duration_ms: 0.830341
      type: 'test'
      ...
    # Subtest: RELATIONAL_CURIOSITY_DROUGHT_RUN fires when a long run has no rising curiosity
    ok 3 - RELATIONAL_CURIOSITY_DROUGHT_RUN fires when a long run has no rising curiosity
      ---
      duration_ms: 1.466009
      type: 'test'
      ...
    # Subtest: RELATIONAL_CURIOSITY_DROUGHT_RUN does not fire when curiosity rises are evenly spread
    ok 4 - RELATIONAL_CURIOSITY_DROUGHT_RUN does not fire when curiosity rises are evenly spread
      ---
      duration_ms: 1.026859
      type: 'test'
      ...
    # Subtest: RELATIONAL_REVELATION_ZONE_CLUSTER fires when revelation scenes cluster in one third
    ok 5 - RELATIONAL_REVELATION_ZONE_CLUSTER fires when revelation scenes cluster in one third
      ---
      duration_ms: 1.217139
      type: 'test'
      ...
    # Subtest: RELATIONAL_REVELATION_ZONE_CLUSTER does not fire when revelation scenes spread across thirds
    ok 6 - RELATIONAL_REVELATION_ZONE_CLUSTER does not fire when revelation scenes spread across thirds
      ---
      duration_ms: 1.282735
      type: 'test'
      ...
    1..6
ok 1712 - Wave 763 — relationshipArcPass: relational suspense zone cluster, relational curiosity drought run, relational revelation zone cluster
  ---
  duration_ms: 7.263128
  type: 'suite'
  ...
# Subtest: Wave 749 — relationshipArcPass: relational open thread peak uncaused, relational clock delta zone cluster, relational turn drought run
    # Subtest: RELATIONAL_OPEN_THREAD_PEAK_UNCAUSED fires when the peak open-thread scene has no dramatic turn or revelation nearby
    ok 1 - RELATIONAL_OPEN_THREAD_PEAK_UNCAUSED fires when the peak open-thread scene has no dramatic turn or revelation nearby
      ---
      duration_ms: 1.219952
      type: 'test'
      ...
    # Subtest: RELATIONAL_OPEN_THREAD_PEAK_UNCAUSED does not fire when a dramatic turn precedes the peak within the lookback
    ok 2 - RELATIONAL_OPEN_THREAD_PEAK_UNCAUSED does not fire when a dramatic turn precedes the peak within the lookback
      ---
      duration_ms: 1.02603
      type: 'test'
      ...
    # Subtest: RELATIONAL_CLOCK_DELTA_ZONE_CLUSTER fires when >75% of clock-shifting scenes cluster in one third
    ok 3 - RELATIONAL_CLOCK_DELTA_ZONE_CLUSTER fires when >75% of clock-shifting scenes cluster in one third
      ---
      duration_ms: 0.84314
      type: 'test'
      ...
    # Subtest: RELATIONAL_CLOCK_DELTA_ZONE_CLUSTER does not fire when clock movement is distributed across thirds
    ok 4 - RELATIONAL_CLOCK_DELTA_ZONE_CLUSTER does not fire when clock movement is distributed across thirds
      ---
      duration_ms: 0.89766
      type: 'test'
      ...
    # Subtest: RELATIONAL_TURN_DROUGHT_RUN fires when the longest no-dramatic-turn run reaches 6
    ok 5 - RELATIONAL_TURN_DROUGHT_RUN fires when the longest no-dramatic-turn run reaches 6
      ---
      duration_ms: 0.877561
      type: 'test'
      ...
    # Subtest: RELATIONAL_TURN_DROUGHT_RUN does not fire when dramatic turns are spread through the story
    ok 6 - RELATIONAL_TURN_DROUGHT_RUN does not fire when dramatic turns are spread through the story
      ---
      duration_ms: 0.89941
      type: 'test'
      ...
    1..6
ok 1713 - Wave 749 — relationshipArcPass: relational open thread peak uncaused, relational clock delta zone cluster, relational turn drought run
  ---
  duration_ms: 6.039301
  type: 'suite'
  ...
# Subtest: Wave 735 — relationshipArcPass: relational payoff zone cluster, relational clock delta drought run, relational open thread zone cluster
    # Subtest: RELATIONAL_PAYOFF_ZONE_CLUSTER fires when >75% of payoff scenes cluster in one third
    ok 1 - RELATIONAL_PAYOFF_ZONE_CLUSTER fires when >75% of payoff scenes cluster in one third
      ---
      duration_ms: 0.967451
      type: 'test'
      ...
    # Subtest: RELATIONAL_PAYOFF_ZONE_CLUSTER does not fire when payoff scenes are distributed across thirds
    ok 2 - RELATIONAL_PAYOFF_ZONE_CLUSTER does not fire when payoff scenes are distributed across thirds
      ---
      duration_ms: 2.132587
      type: 'test'
      ...
    # Subtest: RELATIONAL_CLOCK_DELTA_DROUGHT_RUN fires when the longest no-clock-movement run reaches 6
    ok 3 - RELATIONAL_CLOCK_DELTA_DROUGHT_RUN fires when the longest no-clock-movement run reaches 6
      ---
      duration_ms: 0.805693
      type: 'test'
      ...
    # Subtest: RELATIONAL_CLOCK_DELTA_DROUGHT_RUN does not fire when clock movement is spread through the story
    ok 4 - RELATIONAL_CLOCK_DELTA_DROUGHT_RUN does not fire when clock movement is spread through the story
      ---
      duration_ms: 0.789184
      type: 'test'
      ...
    # Subtest: RELATIONAL_OPEN_THREAD_ZONE_CLUSTER fires when >75% of open-thread scenes cluster in one third
    ok 5 - RELATIONAL_OPEN_THREAD_ZONE_CLUSTER fires when >75% of open-thread scenes cluster in one third
      ---
      duration_ms: 1.307455
      type: 'test'
      ...
    # Subtest: RELATIONAL_OPEN_THREAD_ZONE_CLUSTER does not fire when open-thread scenes are distributed across thirds
    ok 6 - RELATIONAL_OPEN_THREAD_ZONE_CLUSTER does not fire when open-thread scenes are distributed across thirds
      ---
      duration_ms: 1.030172
      type: 'test'
      ...
    1..6
ok 1714 - Wave 735 — relationshipArcPass: relational payoff zone cluster, relational clock delta drought run, relational open thread zone cluster
  ---
  duration_ms: 7.322205
  type: 'suite'
  ...
# Subtest: Wave 721 — relationshipArcPass: relational highlight zone cluster, relational payoff drought run, relational stakes zone cluster
    # Subtest: RELATIONAL_HIGHLIGHT_ZONE_CLUSTER fires when >75% of highlighted-dialogue scenes cluster in one third
    ok 1 - RELATIONAL_HIGHLIGHT_ZONE_CLUSTER fires when >75% of highlighted-dialogue scenes cluster in one third
      ---
      duration_ms: 1.203556
      type: 'test'
      ...
    # Subtest: RELATIONAL_HIGHLIGHT_ZONE_CLUSTER does not fire when highlighted-dialogue scenes are distributed across thirds
    ok 2 - RELATIONAL_HIGHLIGHT_ZONE_CLUSTER does not fire when highlighted-dialogue scenes are distributed across thirds
      ---
      duration_ms: 1.12473
      type: 'test'
      ...
    # Subtest: RELATIONAL_PAYOFF_DROUGHT_RUN fires when the longest no-payoff run is ≥6
    ok 3 - RELATIONAL_PAYOFF_DROUGHT_RUN fires when the longest no-payoff run is ≥6
      ---
      duration_ms: 1.108077
      type: 'test'
      ...
    # Subtest: RELATIONAL_PAYOFF_DROUGHT_RUN does not fire when payoffs are distributed without a long drought
    ok 4 - RELATIONAL_PAYOFF_DROUGHT_RUN does not fire when payoffs are distributed without a long drought
      ---
      duration_ms: 1.109795
      type: 'test'
      ...
    # Subtest: RELATIONAL_STAKES_ZONE_CLUSTER fires when >75% of stakes-raising scenes cluster in one third
    ok 5 - RELATIONAL_STAKES_ZONE_CLUSTER fires when >75% of stakes-raising scenes cluster in one third
      ---
      duration_ms: 1.019791
      type: 'test'
      ...
    # Subtest: RELATIONAL_STAKES_ZONE_CLUSTER does not fire when stakes-raising scenes are distributed across thirds
    ok 6 - RELATIONAL_STAKES_ZONE_CLUSTER does not fire when stakes-raising scenes are distributed across thirds
      ---
      duration_ms: 1.26048
      type: 'test'
      ...
    1..6
ok 1715 - Wave 721 — relationshipArcPass: relational highlight zone cluster, relational payoff drought run, relational stakes zone cluster
  ---
  duration_ms: 7.144118
  type: 'suite'
  ...
# Subtest: Wave 707 — relationshipArcPass: relational staging peak uncaused, relational seed peak uncaused, relational highlight drought run
    # Subtest: RELATIONAL_STAGING_PEAK_UNCAUSED fires when the peak physical-staging scene has no dramatic turn or revelation nearby
    ok 1 - RELATIONAL_STAGING_PEAK_UNCAUSED fires when the peak physical-staging scene has no dramatic turn or revelation nearby
      ---
      duration_ms: 1.189416
      type: 'test'
      ...
    # Subtest: RELATIONAL_STAGING_PEAK_UNCAUSED does not fire when a dramatic turn precedes the peak within the lookback
    ok 2 - RELATIONAL_STAGING_PEAK_UNCAUSED does not fire when a dramatic turn precedes the peak within the lookback
      ---
      duration_ms: 0.730061
      type: 'test'
      ...
    # Subtest: RELATIONAL_SEED_PEAK_UNCAUSED fires when the peak seed scene has no dramatic turn or revelation nearby
    ok 3 - RELATIONAL_SEED_PEAK_UNCAUSED fires when the peak seed scene has no dramatic turn or revelation nearby
      ---
      duration_ms: 0.77297
      type: 'test'
      ...
    # Subtest: RELATIONAL_SEED_PEAK_UNCAUSED does not fire when a dramatic turn precedes the peak within the lookback
    ok 4 - RELATIONAL_SEED_PEAK_UNCAUSED does not fire when a dramatic turn precedes the peak within the lookback
      ---
      duration_ms: 0.762803
      type: 'test'
      ...
    # Subtest: RELATIONAL_HIGHLIGHT_DROUGHT_RUN fires when the longest no-highlighted-dialogue run is ≥6
    ok 5 - RELATIONAL_HIGHLIGHT_DROUGHT_RUN fires when the longest no-highlighted-dialogue run is ≥6
      ---
      duration_ms: 0.888443
      type: 'test'
      ...
    # Subtest: RELATIONAL_HIGHLIGHT_DROUGHT_RUN does not fire when highlighted dialogue is distributed without a long drought
    ok 6 - RELATIONAL_HIGHLIGHT_DROUGHT_RUN does not fire when highlighted dialogue is distributed without a long drought
      ---
      duration_ms: 1.011406
      type: 'test'
      ...
    1..6
ok 1716 - Wave 707 — relationshipArcPass: relational staging peak uncaused, relational seed peak uncaused, relational highlight drought run
  ---
  duration_ms: 5.618624
  type: 'suite'
  ...
# Subtest: Wave 693 — relationshipArcPass: relational staging drought run, relational seed zone cluster, relational clock drought run
    # Subtest: RELATIONAL_STAGING_DROUGHT_RUN fires when the longest no-visual-beat run is ≥6
    ok 1 - RELATIONAL_STAGING_DROUGHT_RUN fires when the longest no-visual-beat run is ≥6
      ---
      duration_ms: 1.015507
      type: 'test'
      ...
    # Subtest: RELATIONAL_STAGING_DROUGHT_RUN does not fire when visual beats are distributed without a long drought
    ok 2 - RELATIONAL_STAGING_DROUGHT_RUN does not fire when visual beats are distributed without a long drought
      ---
      duration_ms: 0.81564
      type: 'test'
      ...
    # Subtest: RELATIONAL_SEED_ZONE_CLUSTER fires when >75% of seed scenes cluster in one third
    ok 3 - RELATIONAL_SEED_ZONE_CLUSTER fires when >75% of seed scenes cluster in one third
      ---
      duration_ms: 0.792151
      type: 'test'
      ...
    # Subtest: RELATIONAL_SEED_ZONE_CLUSTER does not fire when seed scenes are distributed across thirds
    ok 4 - RELATIONAL_SEED_ZONE_CLUSTER does not fire when seed scenes are distributed across thirds
      ---
      duration_ms: 0.739132
      type: 'test'
      ...
    # Subtest: RELATIONAL_CLOCK_DROUGHT_RUN fires when the longest no-clock run is ≥6
    ok 5 - RELATIONAL_CLOCK_DROUGHT_RUN fires when the longest no-clock run is ≥6
      ---
      duration_ms: 0.880912
      type: 'test'
      ...
    # Subtest: RELATIONAL_CLOCK_DROUGHT_RUN does not fire when clock raises are distributed without a long drought
    ok 6 - RELATIONAL_CLOCK_DROUGHT_RUN does not fire when clock raises are distributed without a long drought
      ---
      duration_ms: 1.609159
      type: 'test'
      ...
    1..6
ok 1717 - Wave 693 — relationshipArcPass: relational staging drought run, relational seed zone cluster, relational clock drought run
  ---
  duration_ms: 6.172333
  type: 'suite'
  ...
# Subtest: Wave 679 — relationshipArcPass: relational clock delta peak uncaused, relational stakes drought run, relational turn zone cluster
    # Subtest: RELATIONAL_CLOCK_DELTA_PEAK_UNCAUSED fires when the peak clockDelta scene has no dramatic turn or revelation nearby
    ok 1 - RELATIONAL_CLOCK_DELTA_PEAK_UNCAUSED fires when the peak clockDelta scene has no dramatic turn or revelation nearby
      ---
      duration_ms: 0.934433
      type: 'test'
      ...
    # Subtest: RELATIONAL_CLOCK_DELTA_PEAK_UNCAUSED does not fire when a dramatic turn precedes the peak within the lookback
    ok 2 - RELATIONAL_CLOCK_DELTA_PEAK_UNCAUSED does not fire when a dramatic turn precedes the peak within the lookback
      ---
      duration_ms: 0.726277
      type: 'test'
      ...
    # Subtest: RELATIONAL_STAKES_DROUGHT_RUN fires when the longest no-stakes-raising run is ≥6
    ok 3 - RELATIONAL_STAKES_DROUGHT_RUN fires when the longest no-stakes-raising run is ≥6
      ---
      duration_ms: 0.869775
      type: 'test'
      ...
    # Subtest: RELATIONAL_STAKES_DROUGHT_RUN does not fire when stakes-raising scenes are distributed without a long drought
    ok 4 - RELATIONAL_STAKES_DROUGHT_RUN does not fire when stakes-raising scenes are distributed without a long drought
      ---
      duration_ms: 0.865747
      type: 'test'
      ...
    # Subtest: RELATIONAL_TURN_ZONE_CLUSTER fires when >75% of dramatic-turn scenes cluster in one third
    ok 5 - RELATIONAL_TURN_ZONE_CLUSTER fires when >75% of dramatic-turn scenes cluster in one third
      ---
      duration_ms: 0.782458
      type: 'test'
      ...
    # Subtest: RELATIONAL_TURN_ZONE_CLUSTER does not fire when dramatic-turn scenes are distributed across thirds
    ok 6 - RELATIONAL_TURN_ZONE_CLUSTER does not fire when dramatic-turn scenes are distributed across thirds
      ---
      duration_ms: 0.698277
      type: 'test'
      ...
    1..6
ok 1718 - Wave 679 — relationshipArcPass: relational clock delta peak uncaused, relational stakes drought run, relational turn zone cluster
  ---
  duration_ms: 5.135442
  type: 'suite'
  ...
# Subtest: Wave 665 — relationshipArcPass: relational payoff peak uncaused, relational seed drought run, relational clock zone cluster
    # Subtest: RELATIONAL_PAYOFF_PEAK_UNCAUSED fires when the peak payoff scene has no dramatic turn or revelation nearby
    ok 1 - RELATIONAL_PAYOFF_PEAK_UNCAUSED fires when the peak payoff scene has no dramatic turn or revelation nearby
      ---
      duration_ms: 0.859735
      type: 'test'
      ...
    # Subtest: RELATIONAL_PAYOFF_PEAK_UNCAUSED does not fire when a dramatic turn precedes the peak within the lookback
    ok 2 - RELATIONAL_PAYOFF_PEAK_UNCAUSED does not fire when a dramatic turn precedes the peak within the lookback
      ---
      duration_ms: 8.569216
      type: 'test'
      ...
    # Subtest: RELATIONAL_SEED_DROUGHT_RUN fires when the longest no-seed run is ≥6
    ok 3 - RELATIONAL_SEED_DROUGHT_RUN fires when the longest no-seed run is ≥6
      ---
      duration_ms: 1.05933
      type: 'test'
      ...
    # Subtest: RELATIONAL_SEED_DROUGHT_RUN does not fire when seeding is distributed without a long drought
    ok 4 - RELATIONAL_SEED_DROUGHT_RUN does not fire when seeding is distributed without a long drought
      ---
      duration_ms: 0.929022
      type: 'test'
      ...
    # Subtest: RELATIONAL_CLOCK_ZONE_CLUSTER fires when >75% of clock-raised scenes cluster in one third
    ok 5 - RELATIONAL_CLOCK_ZONE_CLUSTER fires when >75% of clock-raised scenes cluster in one third
      ---
      duration_ms: 0.803248
      type: 'test'
      ...
    # Subtest: RELATIONAL_CLOCK_ZONE_CLUSTER does not fire when clock-raised scenes are distributed across thirds
    ok 6 - RELATIONAL_CLOCK_ZONE_CLUSTER does not fire when clock-raised scenes are distributed across thirds
      ---
      duration_ms: 0.774915
      type: 'test'
      ...
    1..6
ok 1719 - Wave 665 — relationshipArcPass: relational payoff peak uncaused, relational seed drought run, relational clock zone cluster
  ---
  duration_ms: 13.272314
  type: 'suite'
  ...
# Subtest: Wave 651 — relationshipArcPass: relational highlight peak uncaused, relational open thread drought run, relational staging zone cluster
    # Subtest: RELATIONAL_HIGHLIGHT_PEAK_UNCAUSED fires when the peak highlighted-dialogue scene has no dramatic turn or revelation nearby
    ok 1 - RELATIONAL_HIGHLIGHT_PEAK_UNCAUSED fires when the peak highlighted-dialogue scene has no dramatic turn or revelation nearby
      ---
      duration_ms: 1.026514
      type: 'test'
      ...
    # Subtest: RELATIONAL_HIGHLIGHT_PEAK_UNCAUSED does not fire when a dramatic turn precedes the peak within the lookback
    ok 2 - RELATIONAL_HIGHLIGHT_PEAK_UNCAUSED does not fire when a dramatic turn precedes the peak within the lookback
      ---
      duration_ms: 1.405164
      type: 'test'
      ...
    # Subtest: RELATIONAL_OPEN_THREAD_DROUGHT_RUN fires when the longest no-debt run is ≥6
    ok 3 - RELATIONAL_OPEN_THREAD_DROUGHT_RUN fires when the longest no-debt run is ≥6
      ---
      duration_ms: 0.84752
      type: 'test'
      ...
    # Subtest: RELATIONAL_OPEN_THREAD_DROUGHT_RUN does not fire when debt is distributed without a long drought
    ok 4 - RELATIONAL_OPEN_THREAD_DROUGHT_RUN does not fire when debt is distributed without a long drought
      ---
      duration_ms: 0.845785
      type: 'test'
      ...
    # Subtest: RELATIONAL_STAGING_ZONE_CLUSTER fires when >75% of visually dense scenes cluster in one third
    ok 5 - RELATIONAL_STAGING_ZONE_CLUSTER fires when >75% of visually dense scenes cluster in one third
      ---
      duration_ms: 0.898122
      type: 'test'
      ...
    # Subtest: RELATIONAL_STAGING_ZONE_CLUSTER does not fire when visually dense scenes are distributed across thirds
    ok 6 - RELATIONAL_STAGING_ZONE_CLUSTER does not fire when visually dense scenes are distributed across thirds
      ---
      duration_ms: 0.77091
      type: 'test'
      ...
    1..6
ok 1720 - Wave 651 — relationshipArcPass: relational highlight peak uncaused, relational open thread drought run, relational staging zone cluster
  ---
  duration_ms: 6.11451
  type: 'suite'
  ...
# Subtest: Wave 637 — relationshipArcPass: relational highlight open thread decoupled, relational open thread staging aftermath void, relational open thread zone imbalance
    # Subtest: RELATIONAL_HIGHLIGHT_OPEN_THREAD_DECOUPLED fires when dialogue-highlight scenes and open-thread scenes never overlap
    ok 1 - RELATIONAL_HIGHLIGHT_OPEN_THREAD_DECOUPLED fires when dialogue-highlight scenes and open-thread scenes never overlap
      ---
      duration_ms: 0.748404
      type: 'test'
      ...
    # Subtest: RELATIONAL_HIGHLIGHT_OPEN_THREAD_DECOUPLED does not fire when a scene carries both signals
    ok 2 - RELATIONAL_HIGHLIGHT_OPEN_THREAD_DECOUPLED does not fire when a scene carries both signals
      ---
      duration_ms: 0.57557
      type: 'test'
      ...
    # Subtest: RELATIONAL_OPEN_THREAD_STAGING_AFTERMATH_VOID fires when heavy clue-debt scenes are never followed by a visually dense scene
    ok 3 - RELATIONAL_OPEN_THREAD_STAGING_AFTERMATH_VOID fires when heavy clue-debt scenes are never followed by a visually dense scene
      ---
      duration_ms: 0.807691
      type: 'test'
      ...
    # Subtest: RELATIONAL_OPEN_THREAD_STAGING_AFTERMATH_VOID does not fire when a trigger window contains a visually dense scene
    ok 4 - RELATIONAL_OPEN_THREAD_STAGING_AFTERMATH_VOID does not fire when a trigger window contains a visually dense scene
      ---
      duration_ms: 0.787805
      type: 'test'
      ...
    # Subtest: RELATIONAL_OPEN_THREAD_ZONE_IMBALANCE fires when one zone is empty of open-thread scenes while another is bloated
    ok 5 - RELATIONAL_OPEN_THREAD_ZONE_IMBALANCE fires when one zone is empty of open-thread scenes while another is bloated
      ---
      duration_ms: 0.870234
      type: 'test'
      ...
    # Subtest: RELATIONAL_OPEN_THREAD_ZONE_IMBALANCE does not fire when open-thread scenes are spread across all zones
    ok 6 - RELATIONAL_OPEN_THREAD_ZONE_IMBALANCE does not fire when open-thread scenes are spread across all zones
      ---
      duration_ms: 0.777634
      type: 'test'
      ...
    1..6
ok 1721 - Wave 637 — relationshipArcPass: relational highlight open thread decoupled, relational open thread staging aftermath void, relational open thread zone imbalance
  ---
  duration_ms: 4.822462
  type: 'suite'
  ...
# Subtest: Wave 623 — relationshipArcPass: relational payoff staging decoupled, relational seed staging aftermath void, relational dialogue highlight zone imbalance
    # Subtest: RELATIONAL_PAYOFF_STAGING_DECOUPLED fires when payoff scenes and visually-staged scenes never overlap
    ok 1 - RELATIONAL_PAYOFF_STAGING_DECOUPLED fires when payoff scenes and visually-staged scenes never overlap
      ---
      duration_ms: 0.660137
      type: 'test'
      ...
    # Subtest: RELATIONAL_PAYOFF_STAGING_DECOUPLED does not fire when a scene carries both signals
    ok 2 - RELATIONAL_PAYOFF_STAGING_DECOUPLED does not fire when a scene carries both signals
      ---
      duration_ms: 0.680668
      type: 'test'
      ...
    # Subtest: RELATIONAL_SEED_STAGING_AFTERMATH_VOID fires when no seed is followed by a visually dense scene within 2 scenes
    ok 3 - RELATIONAL_SEED_STAGING_AFTERMATH_VOID fires when no seed is followed by a visually dense scene within 2 scenes
      ---
      duration_ms: 0.734644
      type: 'test'
      ...
    # Subtest: RELATIONAL_SEED_STAGING_AFTERMATH_VOID does not fire when a trigger window contains a visually dense scene
    ok 4 - RELATIONAL_SEED_STAGING_AFTERMATH_VOID does not fire when a trigger window contains a visually dense scene
      ---
      duration_ms: 0.739407
      type: 'test'
      ...
    # Subtest: RELATIONAL_DIALOGUE_HIGHLIGHT_ZONE_IMBALANCE fires when one zone is empty of dialogue highlights while another is bloated
    ok 5 - RELATIONAL_DIALOGUE_HIGHLIGHT_ZONE_IMBALANCE fires when one zone is empty of dialogue highlights while another is bloated
      ---
      duration_ms: 0.99579
      type: 'test'
      ...
    # Subtest: RELATIONAL_DIALOGUE_HIGHLIGHT_ZONE_IMBALANCE does not fire when highlights are spread across all zones
    ok 6 - RELATIONAL_DIALOGUE_HIGHLIGHT_ZONE_IMBALANCE does not fire when highlights are spread across all zones
      ---
      duration_ms: 0.730509
      type: 'test'
      ...
    1..6
ok 1722 - Wave 623 — relationshipArcPass: relational payoff staging decoupled, relational seed staging aftermath void, relational dialogue highlight zone imbalance
  ---
  duration_ms: 4.790336
  type: 'suite'
  ...
# Subtest: Wave 609 — relationshipArcPass: open thread relationship shift decoupled, physical presence zone imbalance, relationship shift dialogue highlight aftermath void
    # Subtest: OPEN_THREAD_RELATIONSHIP_SHIFT_DECOUPLED fires when open-thread scenes and shift scenes never overlap
    ok 1 - OPEN_THREAD_RELATIONSHIP_SHIFT_DECOUPLED fires when open-thread scenes and shift scenes never overlap
      ---
      duration_ms: 1.071724
      type: 'test'
      ...
    # Subtest: OPEN_THREAD_RELATIONSHIP_SHIFT_DECOUPLED does not fire when a scene carries both signals
    ok 2 - OPEN_THREAD_RELATIONSHIP_SHIFT_DECOUPLED does not fire when a scene carries both signals
      ---
      duration_ms: 0.863782
      type: 'test'
      ...
    # Subtest: PHYSICAL_PRESENCE_ZONE_IMBALANCE fires when one zone is empty of visually dense scenes while another is bloated
    ok 3 - PHYSICAL_PRESENCE_ZONE_IMBALANCE fires when one zone is empty of visually dense scenes while another is bloated
      ---
      duration_ms: 0.80717
      type: 'test'
      ...
    # Subtest: PHYSICAL_PRESENCE_ZONE_IMBALANCE does not fire when every zone has a visually dense scene
    ok 4 - PHYSICAL_PRESENCE_ZONE_IMBALANCE does not fire when every zone has a visually dense scene
      ---
      duration_ms: 0.829963
      type: 'test'
      ...
    # Subtest: RELATIONSHIP_SHIFT_DIALOGUE_HIGHLIGHT_AFTERMATH_VOID fires when no shift is followed by a dialogue highlight within 2 scenes
    ok 5 - RELATIONSHIP_SHIFT_DIALOGUE_HIGHLIGHT_AFTERMATH_VOID fires when no shift is followed by a dialogue highlight within 2 scenes
      ---
      duration_ms: 0.922473
      type: 'test'
      ...
    # Subtest: RELATIONSHIP_SHIFT_DIALOGUE_HIGHLIGHT_AFTERMATH_VOID does not fire when a trigger window contains a dialogue highlight
    ok 6 - RELATIONSHIP_SHIFT_DIALOGUE_HIGHLIGHT_AFTERMATH_VOID does not fire when a trigger window contains a dialogue highlight
      ---
      duration_ms: 1.353258
      type: 'test'
      ...
    1..6
ok 1723 - Wave 609 — relationshipArcPass: open thread relationship shift decoupled, physical presence zone imbalance, relationship shift dialogue highlight aftermath void
  ---
  duration_ms: 6.168241
  type: 'suite'
  ...
# Subtest: Wave 595 — relationshipArcPass: relationship shift purpose monotone, relationship shift zone imbalance, relationship shift stakes decoupled
    # Subtest: RELATIONSHIP_SHIFT_PURPOSE_MONOTONE fires when >70% of shift scenes share the same purpose
    ok 1 - RELATIONSHIP_SHIFT_PURPOSE_MONOTONE fires when >70% of shift scenes share the same purpose
      ---
      duration_ms: 1.164004
      type: 'test'
      ...
    # Subtest: RELATIONSHIP_SHIFT_PURPOSE_MONOTONE does not fire when shift scenes are spread across purposes
    ok 2 - RELATIONSHIP_SHIFT_PURPOSE_MONOTONE does not fire when shift scenes are spread across purposes
      ---
      duration_ms: 0.955878
      type: 'test'
      ...
    # Subtest: RELATIONSHIP_SHIFT_ZONE_IMBALANCE fires when one zone has zero shifts and another has ≥50%
    ok 3 - RELATIONSHIP_SHIFT_ZONE_IMBALANCE fires when one zone has zero shifts and another has ≥50%
      ---
      duration_ms: 1.247296
      type: 'test'
      ...
    # Subtest: RELATIONSHIP_SHIFT_ZONE_IMBALANCE does not fire when shifts are spread across all zones
    ok 4 - RELATIONSHIP_SHIFT_ZONE_IMBALANCE does not fire when shifts are spread across all zones
      ---
      duration_ms: 1.009303
      type: 'test'
      ...
    # Subtest: RELATIONSHIP_SHIFT_STAKES_DECOUPLED fires when no relationship shift coincides with a stakes-raise scene
    ok 5 - RELATIONSHIP_SHIFT_STAKES_DECOUPLED fires when no relationship shift coincides with a stakes-raise scene
      ---
      duration_ms: 0.935834
      type: 'test'
      ...
    # Subtest: RELATIONSHIP_SHIFT_STAKES_DECOUPLED does not fire when a relationship shift coincides with a stakes-raise scene
    ok 6 - RELATIONSHIP_SHIFT_STAKES_DECOUPLED does not fire when a relationship shift coincides with a stakes-raise scene
      ---
      duration_ms: 1.056057
      type: 'test'
      ...
    1..6
ok 1724 - Wave 595 — relationshipArcPass: relationship shift purpose monotone, relationship shift zone imbalance, relationship shift stakes decoupled
  ---
  duration_ms: 6.622384
  type: 'suite'
  ...
# Subtest: Wave 581 — relationshipArcPass: relationship peak uncaused, pair amplitude decay, relationship clock valence uniform
    # Subtest: RELATIONSHIP_PEAK_UNCAUSED fires when the peak shift has no causal event in prior 2 scenes
    ok 1 - RELATIONSHIP_PEAK_UNCAUSED fires when the peak shift has no causal event in prior 2 scenes
      ---
      duration_ms: 1.09092
      type: 'test'
      ...
    # Subtest: RELATIONSHIP_PEAK_UNCAUSED does not fire when a prior scene provides a causal event for the peak
    ok 2 - RELATIONSHIP_PEAK_UNCAUSED does not fire when a prior scene provides a causal event for the peak
      ---
      duration_ms: 0.839172
      type: 'test'
      ...
    # Subtest: PAIR_AMPLITUDE_DECAY fires when a pair's late-half mean magnitude is <50% of its early-half mean
    ok 3 - PAIR_AMPLITUDE_DECAY fires when a pair's late-half mean magnitude is <50% of its early-half mean
      ---
      duration_ms: 0.921373
      type: 'test'
      ...
    # Subtest: PAIR_AMPLITUDE_DECAY does not fire when the amplitude decline is within the 50% threshold
    ok 4 - PAIR_AMPLITUDE_DECAY does not fire when the amplitude decline is within the 50% threshold
      ---
      duration_ms: 1.168019
      type: 'test'
      ...
    # Subtest: RELATIONSHIP_CLOCK_VALENCE_UNIFORM fires when all clock-raised shift scenes move bonds in one direction
    ok 5 - RELATIONSHIP_CLOCK_VALENCE_UNIFORM fires when all clock-raised shift scenes move bonds in one direction
      ---
      duration_ms: 1.105317
      type: 'test'
      ...
    # Subtest: RELATIONSHIP_CLOCK_VALENCE_UNIFORM does not fire when clock-raised shift scenes have mixed valences
    ok 6 - RELATIONSHIP_CLOCK_VALENCE_UNIFORM does not fire when clock-raised shift scenes have mixed valences
      ---
      duration_ms: 0.897387
      type: 'test'
      ...
    1..6
ok 1725 - Wave 581 — relationshipArcPass: relationship peak uncaused, pair amplitude decay, relationship clock valence uniform
  ---
  duration_ms: 6.328888
  type: 'suite'
  ...
# Subtest: Wave 567 — relationshipArcPass: peak revelation absent, peak dramatic-turn absent, peak clock absent
    # Subtest: RELATIONSHIP_PEAK_REVELATION_ABSENT fires when the largest shift carries no revelation while others do
    ok 1 - RELATIONSHIP_PEAK_REVELATION_ABSENT fires when the largest shift carries no revelation while others do
      ---
      duration_ms: 1.0999
      type: 'test'
      ...
    # Subtest: RELATIONSHIP_PEAK_REVELATION_ABSENT does not fire when the peak shift coincides with a revelation
    ok 2 - RELATIONSHIP_PEAK_REVELATION_ABSENT does not fire when the peak shift coincides with a revelation
      ---
      duration_ms: 1.036301
      type: 'test'
      ...
    # Subtest: RELATIONSHIP_PEAK_DRAMATIC_TURN_ABSENT fires when the largest shift carries no dramatic turn while others do
    ok 3 - RELATIONSHIP_PEAK_DRAMATIC_TURN_ABSENT fires when the largest shift carries no dramatic turn while others do
      ---
      duration_ms: 1.040879
      type: 'test'
      ...
    # Subtest: RELATIONSHIP_PEAK_DRAMATIC_TURN_ABSENT does not fire when the peak shift coincides with a dramatic turn
    ok 4 - RELATIONSHIP_PEAK_DRAMATIC_TURN_ABSENT does not fire when the peak shift coincides with a dramatic turn
      ---
      duration_ms: 0.878278
      type: 'test'
      ...
    # Subtest: RELATIONSHIP_PEAK_CLOCK_ABSENT fires when the largest shift raises no clock while others do
    ok 5 - RELATIONSHIP_PEAK_CLOCK_ABSENT fires when the largest shift raises no clock while others do
      ---
      duration_ms: 0.866352
      type: 'test'
      ...
    # Subtest: RELATIONSHIP_PEAK_CLOCK_ABSENT does not fire when the peak shift raises a clock
    ok 6 - RELATIONSHIP_PEAK_CLOCK_ABSENT does not fire when the peak shift raises a clock
      ---
      duration_ms: 0.951187
      type: 'test'
      ...
    1..6
ok 1726 - Wave 567 — relationshipArcPass: peak revelation absent, peak dramatic-turn absent, peak clock absent
  ---
  duration_ms: 6.13073
  type: 'suite'
  ...
# Subtest: Wave 525 — relationshipArcPass: shift seed aftermath void, shift payoff aftermath void, seed decoupled
    # Subtest: RELATIONSHIP_SHIFT_SEED_AFTERMATH_VOID fires when all shifts have no seed in their aftermath
    ok 1 - RELATIONSHIP_SHIFT_SEED_AFTERMATH_VOID fires when all shifts have no seed in their aftermath
      ---
      duration_ms: 1.438676
      type: 'test'
      ...
    # Subtest: RELATIONSHIP_SHIFT_SEED_AFTERMATH_VOID does not fire when a shift is followed by a seed
    ok 2 - RELATIONSHIP_SHIFT_SEED_AFTERMATH_VOID does not fire when a shift is followed by a seed
      ---
      duration_ms: 1.013997
      type: 'test'
      ...
    # Subtest: RELATIONSHIP_SHIFT_PAYOFF_AFTERMATH_VOID fires when all shifts have no payoff in their aftermath
    ok 3 - RELATIONSHIP_SHIFT_PAYOFF_AFTERMATH_VOID fires when all shifts have no payoff in their aftermath
      ---
      duration_ms: 1.218415
      type: 'test'
      ...
    # Subtest: RELATIONSHIP_SHIFT_PAYOFF_AFTERMATH_VOID does not fire when a shift is followed by a payoff
    ok 4 - RELATIONSHIP_SHIFT_PAYOFF_AFTERMATH_VOID does not fire when a shift is followed by a payoff
      ---
      duration_ms: 1.011541
      type: 'test'
      ...
    # Subtest: RELATIONSHIP_SEED_DECOUPLED fires when shift scenes and seed scenes never overlap
    ok 5 - RELATIONSHIP_SEED_DECOUPLED fires when shift scenes and seed scenes never overlap
      ---
      duration_ms: 1.132384
      type: 'test'
      ...
    # Subtest: RELATIONSHIP_SEED_DECOUPLED does not fire when at least one scene has both shift and seed
    ok 6 - RELATIONSHIP_SEED_DECOUPLED does not fire when at least one scene has both shift and seed
      ---
      duration_ms: 1.014923
      type: 'test'
      ...
    1..6
ok 1727 - Wave 525 — relationshipArcPass: shift seed aftermath void, shift payoff aftermath void, seed decoupled
  ---
  duration_ms: 7.094593
  type: 'suite'
  ...
# Subtest: Wave 511 — relationshipArcPass: shift dramatic turn aftermath void, rupture thirds cluster, relationship payoff decoupled
    # Subtest: RELATIONSHIP_SHIFT_DRAMATIC_TURN_AFTERMATH_VOID fires when no shift is followed by a turn within 2 scenes
    ok 1 - RELATIONSHIP_SHIFT_DRAMATIC_TURN_AFTERMATH_VOID fires when no shift is followed by a turn within 2 scenes
      ---
      duration_ms: 1.268574
      type: 'test'
      ...
    # Subtest: RELATIONSHIP_SHIFT_DRAMATIC_TURN_AFTERMATH_VOID does not fire when at least one shift is followed by a turn
    ok 2 - RELATIONSHIP_SHIFT_DRAMATIC_TURN_AFTERMATH_VOID does not fire when at least one shift is followed by a turn
      ---
      duration_ms: 1.00634
      type: 'test'
      ...
    # Subtest: RUPTURE_THIRDS_CLUSTER fires when >75% of rupture scenes cluster in one structural third
    ok 3 - RUPTURE_THIRDS_CLUSTER fires when >75% of rupture scenes cluster in one structural third
      ---
      duration_ms: 1.515859
      type: 'test'
      ...
    # Subtest: RUPTURE_THIRDS_CLUSTER does not fire when ruptures are distributed across thirds
    ok 4 - RUPTURE_THIRDS_CLUSTER does not fire when ruptures are distributed across thirds
      ---
      duration_ms: 1.080505
      type: 'test'
      ...
    # Subtest: RELATIONSHIP_PAYOFF_DECOUPLED fires when shift scenes and payoff scenes never coincide
    ok 5 - RELATIONSHIP_PAYOFF_DECOUPLED fires when shift scenes and payoff scenes never coincide
      ---
      duration_ms: 1.05656
      type: 'test'
      ...
    # Subtest: RELATIONSHIP_PAYOFF_DECOUPLED does not fire when at least one scene has both a shift and a payoff
    ok 6 - RELATIONSHIP_PAYOFF_DECOUPLED does not fire when at least one scene has both a shift and a payoff
      ---
      duration_ms: 0.968935
      type: 'test'
      ...
    1..6
ok 1728 - Wave 511 — relationshipArcPass: shift dramatic turn aftermath void, rupture thirds cluster, relationship payoff decoupled
  ---
  duration_ms: 7.225931
  type: 'suite'
  ...
# Subtest: Wave 497 — relationshipArcPass: shift clock aftermath void, warmth cluster, dimension run
    # Subtest: RELATIONSHIP_SHIFT_CLOCK_AFTERMATH_VOID fires when no shift is followed by a clock raise within 2 scenes
    ok 1 - RELATIONSHIP_SHIFT_CLOCK_AFTERMATH_VOID fires when no shift is followed by a clock raise within 2 scenes
      ---
      duration_ms: 1.542689
      type: 'test'
      ...
    # Subtest: RELATIONSHIP_SHIFT_CLOCK_AFTERMATH_VOID does not fire when at least one shift is followed by a clock raise
    ok 2 - RELATIONSHIP_SHIFT_CLOCK_AFTERMATH_VOID does not fire when at least one shift is followed by a clock raise
      ---
      duration_ms: 0.961839
      type: 'test'
      ...
    # Subtest: RELATIONSHIP_WARMTH_CLUSTER fires when >75% of positive shifts are in one structural third
    ok 3 - RELATIONSHIP_WARMTH_CLUSTER fires when >75% of positive shifts are in one structural third
      ---
      duration_ms: 1.176852
      type: 'test'
      ...
    # Subtest: RELATIONSHIP_WARMTH_CLUSTER does not fire when positive shifts are distributed across thirds
    ok 4 - RELATIONSHIP_WARMTH_CLUSTER does not fire when positive shifts are distributed across thirds
      ---
      duration_ms: 1.132505
      type: 'test'
      ...
    # Subtest: RELATIONSHIP_DIMENSION_RUN fires when 4+ consecutive shift scenes all use one dimension
    ok 5 - RELATIONSHIP_DIMENSION_RUN fires when 4+ consecutive shift scenes all use one dimension
      ---
      duration_ms: 1.316778
      type: 'test'
      ...
    # Subtest: RELATIONSHIP_DIMENSION_RUN does not fire when no run of 4 consecutive single-dimension shift scenes exists
    ok 6 - RELATIONSHIP_DIMENSION_RUN does not fire when no run of 4 consecutive single-dimension shift scenes exists
      ---
      duration_ms: 1.228064
      type: 'test'
      ...
    1..6
ok 1729 - Wave 497 — relationshipArcPass: shift clock aftermath void, warmth cluster, dimension run
  ---
  duration_ms: 7.63582
  type: 'suite'
  ...
# Subtest: Wave 483 — relationshipArcPass: shift revelation aftermath void, shift thirds cluster, Act 2a void
    # Subtest: RELATIONSHIP_SHIFT_REVELATION_AFTERMATH_VOID fires when no shift is followed by a revelation within 2 scenes
    ok 1 - RELATIONSHIP_SHIFT_REVELATION_AFTERMATH_VOID fires when no shift is followed by a revelation within 2 scenes
      ---
      duration_ms: 1.659303
      type: 'test'
      ...
    # Subtest: RELATIONSHIP_SHIFT_REVELATION_AFTERMATH_VOID does not fire when a shift is followed by a revelation within 2 scenes
    ok 2 - RELATIONSHIP_SHIFT_REVELATION_AFTERMATH_VOID does not fire when a shift is followed by a revelation within 2 scenes
      ---
      duration_ms: 0.972083
      type: 'test'
      ...
    # Subtest: RELATIONSHIP_SHIFT_THIRDS_CLUSTER fires when >75% of shifts are in one structural third
    ok 3 - RELATIONSHIP_SHIFT_THIRDS_CLUSTER fires when >75% of shifts are in one structural third
      ---
      duration_ms: 1.126576
      type: 'test'
      ...
    # Subtest: RELATIONSHIP_SHIFT_THIRDS_CLUSTER does not fire when shifts are distributed across thirds
    ok 4 - RELATIONSHIP_SHIFT_THIRDS_CLUSTER does not fire when shifts are distributed across thirds
      ---
      duration_ms: 1.457133
      type: 'test'
      ...
    # Subtest: RELATIONSHIP_ACT2A_VOID fires when no shift falls in the 25%-50% zone but 3+ exist elsewhere
    ok 5 - RELATIONSHIP_ACT2A_VOID fires when no shift falls in the 25%-50% zone but 3+ exist elsewhere
      ---
      duration_ms: 1.206092
      type: 'test'
      ...
    # Subtest: RELATIONSHIP_ACT2A_VOID does not fire when a shift falls in the 25%-50% zone
    ok 6 - RELATIONSHIP_ACT2A_VOID does not fire when a shift falls in the 25%-50% zone
      ---
      duration_ms: 1.189936
      type: 'test'
      ...
    1..6
ok 1730 - Wave 483 — relationshipArcPass: shift revelation aftermath void, shift thirds cluster, Act 2a void
  ---
  duration_ms: 7.878058
  type: 'suite'
  ...
# Subtest: Wave 469 — relationshipArcPass: shift suspense aftermath void, shift emotional aftermath void, Act 1 void
    # Subtest: RELATIONSHIP_SHIFT_SUSPENSE_AFTERMATH_VOID fires when no shift is followed by suspense within 2 scenes
    ok 1 - RELATIONSHIP_SHIFT_SUSPENSE_AFTERMATH_VOID fires when no shift is followed by suspense within 2 scenes
      ---
      duration_ms: 2.403021
      type: 'test'
      ...
    # Subtest: RELATIONSHIP_SHIFT_SUSPENSE_AFTERMATH_VOID does not fire when a shift is followed by suspense
    ok 2 - RELATIONSHIP_SHIFT_SUSPENSE_AFTERMATH_VOID does not fire when a shift is followed by suspense
      ---
      duration_ms: 11.210663
      type: 'test'
      ...
    # Subtest: RELATIONSHIP_SHIFT_EMOTIONAL_AFTERMATH_VOID fires when no shift is followed by emotional shift within 2 scenes
    ok 3 - RELATIONSHIP_SHIFT_EMOTIONAL_AFTERMATH_VOID fires when no shift is followed by emotional shift within 2 scenes
      ---
      duration_ms: 1.183233
      type: 'test'
      ...
    # Subtest: RELATIONSHIP_SHIFT_EMOTIONAL_AFTERMATH_VOID does not fire when a shift is followed by an emotional shift
    ok 4 - RELATIONSHIP_SHIFT_EMOTIONAL_AFTERMATH_VOID does not fire when a shift is followed by an emotional shift
      ---
      duration_ms: 1.046346
      type: 'test'
      ...
    # Subtest: RELATIONSHIP_ACT1_VOID fires when no shift occurs in the first 25% while ≥3 shifts exist later
    ok 5 - RELATIONSHIP_ACT1_VOID fires when no shift occurs in the first 25% while ≥3 shifts exist later
      ---
      duration_ms: 1.120986
      type: 'test'
      ...
    # Subtest: RELATIONSHIP_ACT1_VOID does not fire when a shift occurs in Act 1
    ok 6 - RELATIONSHIP_ACT1_VOID does not fire when a shift occurs in Act 1
      ---
      duration_ms: 1.074548
      type: 'test'
      ...
    1..6
ok 1731 - Wave 469 — relationshipArcPass: shift suspense aftermath void, shift emotional aftermath void, Act 1 void
  ---
  duration_ms: 18.335638
  type: 'suite'
  ...
# Subtest: Wave 455 — relationshipArcPass: pair rupture unmotivated, relationship shift curiosity void, relationship warmth run
    # Subtest: PAIR_RUPTURE_UNMOTIVATED fires when all negative shifts lack upstream warmth/revelation/turn
    ok 1 - PAIR_RUPTURE_UNMOTIVATED fires when all negative shifts lack upstream warmth/revelation/turn
      ---
      duration_ms: 1.412813
      type: 'test'
      ...
    # Subtest: PAIR_RUPTURE_UNMOTIVATED does not fire when a negative shift is preceded by a revelation
    ok 2 - PAIR_RUPTURE_UNMOTIVATED does not fire when a negative shift is preceded by a revelation
      ---
      duration_ms: 1.098038
      type: 'test'
      ...
    # Subtest: RELATIONSHIP_SHIFT_CURIOSITY_VOID fires when no shift is followed by curiosity in next 2 scenes
    ok 3 - RELATIONSHIP_SHIFT_CURIOSITY_VOID fires when no shift is followed by curiosity in next 2 scenes
      ---
      duration_ms: 1.012914
      type: 'test'
      ...
    # Subtest: RELATIONSHIP_SHIFT_CURIOSITY_VOID does not fire when a shift is followed by a curiosity rise
    ok 4 - RELATIONSHIP_SHIFT_CURIOSITY_VOID does not fire when a shift is followed by a curiosity rise
      ---
      duration_ms: 0.902006
      type: 'test'
      ...
    # Subtest: RELATIONSHIP_WARMTH_RUN fires when 3+ consecutive scenes each carry a major positive shift
    ok 5 - RELATIONSHIP_WARMTH_RUN fires when 3+ consecutive scenes each carry a major positive shift
      ---
      duration_ms: 1.058815
      type: 'test'
      ...
    # Subtest: RELATIONSHIP_WARMTH_RUN does not fire when max consecutive positive-shift run is only 2
    ok 6 - RELATIONSHIP_WARMTH_RUN does not fire when max consecutive positive-shift run is only 2
      ---
      duration_ms: 1.083202
      type: 'test'
      ...
    1..6
ok 1732 - Wave 455 — relationshipArcPass: pair rupture unmotivated, relationship shift curiosity void, relationship warmth run
  ---
  duration_ms: 6.850571
  type: 'suite'
  ...
# Subtest: Wave 441 — relationshipArcPass: pair ensemble solo, pair rupture run, relationship climax void
    # Subtest: PAIR_ENSEMBLE_SOLO fires when 3+ active pairs never shift in the same scene
    ok 1 - PAIR_ENSEMBLE_SOLO fires when 3+ active pairs never shift in the same scene
      ---
      duration_ms: 2.294806
      type: 'test'
      ...
    # Subtest: PAIR_ENSEMBLE_SOLO does not fire when two pairs shift in the same scene
    ok 2 - PAIR_ENSEMBLE_SOLO does not fire when two pairs shift in the same scene
      ---
      duration_ms: 1.278787
      type: 'test'
      ...
    # Subtest: PAIR_RUPTURE_RUN fires when 3+ consecutive scenes each have a major rupture
    ok 3 - PAIR_RUPTURE_RUN fires when 3+ consecutive scenes each have a major rupture
      ---
      duration_ms: 1.174153
      type: 'test'
      ...
    # Subtest: PAIR_RUPTURE_RUN does not fire when ruptures are separated by non-rupture scenes
    ok 4 - PAIR_RUPTURE_RUN does not fire when ruptures are separated by non-rupture scenes
      ---
      duration_ms: 0.79132
      type: 'test'
      ...
    # Subtest: RELATIONSHIP_CLIMAX_VOID fires when the final 15% has no relationship shifts
    ok 5 - RELATIONSHIP_CLIMAX_VOID fires when the final 15% has no relationship shifts
      ---
      duration_ms: 1.082408
      type: 'test'
      ...
    # Subtest: RELATIONSHIP_CLIMAX_VOID does not fire when a shift occurs in the final 15%
    ok 6 - RELATIONSHIP_CLIMAX_VOID does not fire when a shift occurs in the final 15%
      ---
      duration_ms: 1.154153
      type: 'test'
      ...
    1..6
ok 1733 - Wave 441 — relationshipArcPass: pair ensemble solo, pair rupture run, relationship climax void
  ---
  duration_ms: 8.101164
  type: 'suite'
  ...
# Subtest: Wave 427 — relationshipArcPass: relationship shift aftermath void, pair amplitude growth, pair repair unmotivated
    # Subtest: RELATIONSHIP_SHIFT_AFTERMATH_VOID fires when every shift scene is followed by 2 silent scenes
    ok 1 - RELATIONSHIP_SHIFT_AFTERMATH_VOID fires when every shift scene is followed by 2 silent scenes
      ---
      duration_ms: 1.105073
      type: 'test'
      ...
    # Subtest: RELATIONSHIP_SHIFT_AFTERMATH_VOID does NOT fire when a shift sparks relational activity in its aftermath
    ok 2 - RELATIONSHIP_SHIFT_AFTERMATH_VOID does NOT fire when a shift sparks relational activity in its aftermath
      ---
      duration_ms: 0.912994
      type: 'test'
      ...
    # Subtest: PAIR_AMPLITUDE_GROWTH fires when a pair's late-half magnitude exceeds 1.5× the early-half
    ok 3 - PAIR_AMPLITUDE_GROWTH fires when a pair's late-half magnitude exceeds 1.5× the early-half
      ---
      duration_ms: 1.004494
      type: 'test'
      ...
    # Subtest: PAIR_AMPLITUDE_GROWTH does NOT fire when a pair's magnitude stays uniform
    ok 4 - PAIR_AMPLITUDE_GROWTH does NOT fire when a pair's magnitude stays uniform
      ---
      duration_ms: 1.12289
      type: 'test'
      ...
    # Subtest: PAIR_REPAIR_UNMOTIVATED fires when a pair's positive shifts have no backward cause
    ok 5 - PAIR_REPAIR_UNMOTIVATED fires when a pair's positive shifts have no backward cause
      ---
      duration_ms: 1.046028
      type: 'test'
      ...
    # Subtest: PAIR_REPAIR_UNMOTIVATED does NOT fire when a positive shift follows a prior pair conflict
    ok 6 - PAIR_REPAIR_UNMOTIVATED does NOT fire when a positive shift follows a prior pair conflict
      ---
      duration_ms: 1.031474
      type: 'test'
      ...
    1..6
ok 1734 - Wave 427 — relationshipArcPass: relationship shift aftermath void, pair amplitude growth, pair repair unmotivated
  ---
  duration_ms: 6.494219
  type: 'suite'
  ...
# Subtest: Wave 413 — relationshipArcPass: pair clock flat, pair dramatic-turn flat, pair revelation flat
    # Subtest: PAIR_CLOCK_FLAT fires when a pair shifts 3+ times all in clock-free scenes while a clock exists
    ok 1 - PAIR_CLOCK_FLAT fires when a pair shifts 3+ times all in clock-free scenes while a clock exists
      ---
      duration_ms: 1.073205
      type: 'test'
      ...
    # Subtest: PAIR_CLOCK_FLAT does NOT fire when one of the pair's shift scenes raises a clock
    ok 2 - PAIR_CLOCK_FLAT does NOT fire when one of the pair's shift scenes raises a clock
      ---
      duration_ms: 0.927605
      type: 'test'
      ...
    # Subtest: PAIR_DRAMATIC_TURN_FLAT fires when a pair shifts 3+ times none coinciding with a turn
    ok 3 - PAIR_DRAMATIC_TURN_FLAT fires when a pair shifts 3+ times none coinciding with a turn
      ---
      duration_ms: 0.84393
      type: 'test'
      ...
    # Subtest: PAIR_DRAMATIC_TURN_FLAT does NOT fire when one of the pair's shift scenes is a turn
    ok 4 - PAIR_DRAMATIC_TURN_FLAT does NOT fire when one of the pair's shift scenes is a turn
      ---
      duration_ms: 0.818262
      type: 'test'
      ...
    # Subtest: PAIR_REVELATION_FLAT fires when a pair shifts 3+ times none coinciding with a revelation
    ok 5 - PAIR_REVELATION_FLAT fires when a pair shifts 3+ times none coinciding with a revelation
      ---
      duration_ms: 0.813999
      type: 'test'
      ...
    # Subtest: PAIR_REVELATION_FLAT does NOT fire when one of the pair's shift scenes is a revelation
    ok 6 - PAIR_REVELATION_FLAT does NOT fire when one of the pair's shift scenes is a revelation
      ---
      duration_ms: 0.876989
      type: 'test'
      ...
    1..6
ok 1735 - Wave 413 — relationshipArcPass: pair clock flat, pair dramatic-turn flat, pair revelation flat
  ---
  duration_ms: 5.660053
  type: 'suite'
  ...
# Subtest: Wave 399 — relationshipArcPass: pair suspense flat, pair curiosity flat, revelation emotion decoupled
    # Subtest: PAIR_SUSPENSE_FLAT fires when a pair shifts 3+ times all in suspense-free scenes while overall suspense exists
    ok 1 - PAIR_SUSPENSE_FLAT fires when a pair shifts 3+ times all in suspense-free scenes while overall suspense exists
      ---
      duration_ms: 1.03049
      type: 'test'
      ...
    # Subtest: PAIR_SUSPENSE_FLAT does not fire when one of the pair's shift scenes has positive suspense
    ok 2 - PAIR_SUSPENSE_FLAT does not fire when one of the pair's shift scenes has positive suspense
      ---
      duration_ms: 0.964794
      type: 'test'
      ...
    # Subtest: PAIR_CURIOSITY_FLAT fires when a pair shifts 3+ times all in curiosity-free scenes while overall curiosity exists
    ok 3 - PAIR_CURIOSITY_FLAT fires when a pair shifts 3+ times all in curiosity-free scenes while overall curiosity exists
      ---
      duration_ms: 0.9056
      type: 'test'
      ...
    # Subtest: PAIR_CURIOSITY_FLAT does not fire when one of the pair's shift scenes has positive curiosity
    ok 4 - PAIR_CURIOSITY_FLAT does not fire when one of the pair's shift scenes has positive curiosity
      ---
      duration_ms: 2.148628
      type: 'test'
      ...
    # Subtest: RELATIONSHIP_REVELATION_EMOTION_DECOUPLED fires when all revelation+shift scenes are emotionally neutral
    ok 5 - RELATIONSHIP_REVELATION_EMOTION_DECOUPLED fires when all revelation+shift scenes are emotionally neutral
      ---
      duration_ms: 1.040226
      type: 'test'
      ...
    # Subtest: RELATIONSHIP_REVELATION_EMOTION_DECOUPLED does not fire when a revelation+shift scene carries emotion
    ok 6 - RELATIONSHIP_REVELATION_EMOTION_DECOUPLED does not fire when a revelation+shift scene carries emotion
      ---
      duration_ms: 0.915161
      type: 'test'
      ...
    1..6
ok 1736 - Wave 399 — relationshipArcPass: pair suspense flat, pair curiosity flat, revelation emotion decoupled
  ---
  duration_ms: 7.281682
  type: 'suite'
  ...
# Subtest: Wave 304 — relationshipArcPass: shift magnitude uniformity, warmth unfelt, dimension one-way
    # Subtest: SHIFT_MAGNITUDE_UNIFORMITY fires when all shifts share one magnitude
    ok 1 - SHIFT_MAGNITUDE_UNIFORMITY fires when all shifts share one magnitude
      ---
      duration_ms: 1.276329
      type: 'test'
      ...
    # Subtest: SHIFT_MAGNITUDE_UNIFORMITY does not fire when magnitudes vary
    ok 2 - SHIFT_MAGNITUDE_UNIFORMITY does not fire when magnitudes vary
      ---
      duration_ms: 1.12974
      type: 'test'
      ...
    # Subtest: WARMTH_UNFELT fires when strong positive shifts all land in neutral scenes
    ok 3 - WARMTH_UNFELT fires when strong positive shifts all land in neutral scenes
      ---
      duration_ms: 0.923251
      type: 'test'
      ...
    # Subtest: WARMTH_UNFELT does not fire when a warming scene moves someone emotionally
    ok 4 - WARMTH_UNFELT does not fire when a warming scene moves someone emotionally
      ---
      duration_ms: 1.018096
      type: 'test'
      ...
    # Subtest: DIMENSION_ONE_WAY fires when a dimension only ever moves one direction
    ok 5 - DIMENSION_ONE_WAY fires when a dimension only ever moves one direction
      ---
      duration_ms: 1.054408
      type: 'test'
      ...
    # Subtest: DIMENSION_ONE_WAY does not fire when the dimension reverses at least once
    ok 6 - DIMENSION_ONE_WAY does not fire when the dimension reverses at least once
      ---
      duration_ms: 1.111885
      type: 'test'
      ...
    1..6
ok 1737 - Wave 304 — relationshipArcPass: shift magnitude uniformity, warmth unfelt, dimension one-way
  ---
  duration_ms: 6.782391
  type: 'suite'
  ...
# Subtest: Wave 385 — relationshipArcPass: peak emotion flat, pair midpoint void, pair emotion flat
    # Subtest: RELATIONSHIP_PEAK_EMOTION_FLAT fires when the largest-magnitude shift scene is neutral while 2+ other shift scenes carry emotion
    ok 1 - RELATIONSHIP_PEAK_EMOTION_FLAT fires when the largest-magnitude shift scene is neutral while 2+ other shift scenes carry emotion
      ---
      duration_ms: 1.120415
      type: 'test'
      ...
    # Subtest: RELATIONSHIP_PEAK_EMOTION_FLAT does not fire when the largest-magnitude shift scene carries emotion
    ok 2 - RELATIONSHIP_PEAK_EMOTION_FLAT does not fire when the largest-magnitude shift scene carries emotion
      ---
      duration_ms: 1.059191
      type: 'test'
      ...
    # Subtest: PAIR_MIDPOINT_VOID fires when a pair shifts before and after the 40-60% window but not within it
    ok 3 - PAIR_MIDPOINT_VOID fires when a pair shifts before and after the 40-60% window but not within it
      ---
      duration_ms: 1.07544
      type: 'test'
      ...
    # Subtest: PAIR_MIDPOINT_VOID does not fire when the pair shifts within the midpoint zone
    ok 4 - PAIR_MIDPOINT_VOID does not fire when the pair shifts within the midpoint zone
      ---
      duration_ms: 1.229997
      type: 'test'
      ...
    # Subtest: PAIR_EMOTION_FLAT fires when a pair has 3+ shifts all in emotionally neutral scenes
    ok 5 - PAIR_EMOTION_FLAT fires when a pair has 3+ shifts all in emotionally neutral scenes
      ---
      duration_ms: 1.481584
      type: 'test'
      ...
    # Subtest: PAIR_EMOTION_FLAT does not fire when one of the pair's shift scenes carries emotion
    ok 6 - PAIR_EMOTION_FLAT does not fire when one of the pair's shift scenes carries emotion
      ---
      duration_ms: 0.891507
      type: 'test'
      ...
    1..6
ok 1738 - Wave 385 — relationshipArcPass: peak emotion flat, pair midpoint void, pair emotion flat
  ---
  duration_ms: 7.121386
  type: 'suite'
  ...
# Subtest: Wave 371 — relationshipArcPass: suspense peak absent, clock decoupled, pair first-half void
    # Subtest: RELATIONSHIP_SUSPENSE_PEAK_ABSENT fires when the peak-suspense scene has no shift but 2+ other suspense-positive scenes do
    ok 1 - RELATIONSHIP_SUSPENSE_PEAK_ABSENT fires when the peak-suspense scene has no shift but 2+ other suspense-positive scenes do
      ---
      duration_ms: 1.044675
      type: 'test'
      ...
    # Subtest: RELATIONSHIP_SUSPENSE_PEAK_ABSENT does not fire when the peak-suspense scene carries a shift
    ok 2 - RELATIONSHIP_SUSPENSE_PEAK_ABSENT does not fire when the peak-suspense scene carries a shift
      ---
      duration_ms: 0.951009
      type: 'test'
      ...
    # Subtest: RELATIONSHIP_CLOCK_DECOUPLED fires when no shift lands in a clock-raised scene
    ok 3 - RELATIONSHIP_CLOCK_DECOUPLED fires when no shift lands in a clock-raised scene
      ---
      duration_ms: 1.040118
      type: 'test'
      ...
    # Subtest: RELATIONSHIP_CLOCK_DECOUPLED does not fire when a shift lands in a clock-raised scene
    ok 4 - RELATIONSHIP_CLOCK_DECOUPLED does not fire when a shift lands in a clock-raised scene
      ---
      duration_ms: 0.930927
      type: 'test'
      ...
    # Subtest: PAIR_FIRST_HALF_VOID fires when a pair has 3+ second-half shifts and 0 first-half shifts
    ok 5 - PAIR_FIRST_HALF_VOID fires when a pair has 3+ second-half shifts and 0 first-half shifts
      ---
      duration_ms: 1.101613
      type: 'test'
      ...
    # Subtest: PAIR_FIRST_HALF_VOID does not fire when the same pair also shifts in the first half
    ok 6 - PAIR_FIRST_HALF_VOID does not fire when the same pair also shifts in the first half
      ---
      duration_ms: 1.30684
      type: 'test'
      ...
    1..6
ok 1739 - Wave 371 — relationshipArcPass: suspense peak absent, clock decoupled, pair first-half void
  ---
  duration_ms: 6.636438
  type: 'suite'
  ...
# Subtest: Wave 357 — relationshipArcPass: curiosity peak absent, pair second-half void, dramatic turn decoupled
    # Subtest: RELATIONSHIP_CURIOSITY_PEAK_ABSENT fires when peak-curiosity scene has no relationship shift but 2+ other curiosity-positive scenes do
    ok 1 - RELATIONSHIP_CURIOSITY_PEAK_ABSENT fires when peak-curiosity scene has no relationship shift but 2+ other curiosity-positive scenes do
      ---
      duration_ms: 1.161106
      type: 'test'
      ...
    # Subtest: RELATIONSHIP_CURIOSITY_PEAK_ABSENT does not fire when peak-curiosity scene carries a relationship shift
    ok 2 - RELATIONSHIP_CURIOSITY_PEAK_ABSENT does not fire when peak-curiosity scene carries a relationship shift
      ---
      duration_ms: 0.937569
      type: 'test'
      ...
    # Subtest: PAIR_SECOND_HALF_VOID fires when one pair has 3+ first-half shifts and 0 second-half shifts
    ok 3 - PAIR_SECOND_HALF_VOID fires when one pair has 3+ first-half shifts and 0 second-half shifts
      ---
      duration_ms: 1.544098
      type: 'test'
      ...
    # Subtest: PAIR_SECOND_HALF_VOID does not fire when the same pair also shifts in the second half
    ok 4 - PAIR_SECOND_HALF_VOID does not fire when the same pair also shifts in the second half
      ---
      duration_ms: 1.231719
      type: 'test'
      ...
    # Subtest: RELATIONSHIP_DRAMATIC_TURN_DECOUPLED fires when 3+ dramatic-turn scenes and 3+ shift scenes share no overlap
    ok 5 - RELATIONSHIP_DRAMATIC_TURN_DECOUPLED fires when 3+ dramatic-turn scenes and 3+ shift scenes share no overlap
      ---
      duration_ms: 1.658876
      type: 'test'
      ...
    # Subtest: RELATIONSHIP_DRAMATIC_TURN_DECOUPLED does not fire when at least one dramatic-turn scene also shifts a bond
    ok 6 - RELATIONSHIP_DRAMATIC_TURN_DECOUPLED does not fire when at least one dramatic-turn scene also shifts a bond
      ---
      duration_ms: 1.058963
      type: 'test'
      ...
    1..6
ok 1740 - Wave 357 — relationshipArcPass: curiosity peak absent, pair second-half void, dramatic turn decoupled
  ---
  duration_ms: 7.877428
  type: 'suite'
  ...
# Subtest: Wave 343 — relationshipArcPass: rupture emotion flat, global amplitude frontload, shift drought
    # Subtest: RELATIONSHIP_RUPTURE_EMOTION_FLAT fires when every negative-shift scene is emotionally neutral
    ok 1 - RELATIONSHIP_RUPTURE_EMOTION_FLAT fires when every negative-shift scene is emotionally neutral
      ---
      duration_ms: 1.004549
      type: 'test'
      ...
    # Subtest: RELATIONSHIP_RUPTURE_EMOTION_FLAT does not fire when a rupture scene carries emotion
    ok 2 - RELATIONSHIP_RUPTURE_EMOTION_FLAT does not fire when a rupture scene carries emotion
      ---
      duration_ms: 0.917603
      type: 'test'
      ...
    # Subtest: RELATIONSHIP_GLOBAL_AMPLITUDE_FRONTLOAD fires when first-half shifts dwarf second-half shifts
    ok 3 - RELATIONSHIP_GLOBAL_AMPLITUDE_FRONTLOAD fires when first-half shifts dwarf second-half shifts
      ---
      duration_ms: 0.99399
      type: 'test'
      ...
    # Subtest: RELATIONSHIP_GLOBAL_AMPLITUDE_FRONTLOAD does not fire when magnitudes are even across halves
    ok 4 - RELATIONSHIP_GLOBAL_AMPLITUDE_FRONTLOAD does not fire when magnitudes are even across halves
      ---
      duration_ms: 1.266866
      type: 'test'
      ...
    # Subtest: RELATIONSHIP_SHIFT_DROUGHT fires when the longest no-shift run spans ≥40% of the story
    ok 5 - RELATIONSHIP_SHIFT_DROUGHT fires when the longest no-shift run spans ≥40% of the story
      ---
      duration_ms: 1.060559
      type: 'test'
      ...
    # Subtest: RELATIONSHIP_SHIFT_DROUGHT does not fire when shifts are evenly distributed
    ok 6 - RELATIONSHIP_SHIFT_DROUGHT does not fire when shifts are evenly distributed
      ---
      duration_ms: 0.967493
      type: 'test'
      ...
    1..6
ok 1741 - Wave 343 — relationshipArcPass: rupture emotion flat, global amplitude frontload, shift drought
  ---
  duration_ms: 6.529311
  type: 'suite'
  ...
# Subtest: Wave 329 — relationshipArcPass: revelation silent, pair early-peak majority, suspense decoupled
    # Subtest: RELATIONSHIP_REVELATION_SILENT fires when no revelation scene contains a bond shift
    ok 1 - RELATIONSHIP_REVELATION_SILENT fires when no revelation scene contains a bond shift
      ---
      duration_ms: 1.062405
      type: 'test'
      ...
    # Subtest: RELATIONSHIP_REVELATION_SILENT does not fire when a revelation scene has a bond shift
    ok 2 - RELATIONSHIP_REVELATION_SILENT does not fire when a revelation scene has a bond shift
      ---
      duration_ms: 0.847283
      type: 'test'
      ...
    # Subtest: PAIR_EARLY_PEAK_MAJORITY fires when >60% of pairs peak in the first 30% of scenes
    ok 3 - PAIR_EARLY_PEAK_MAJORITY fires when >60% of pairs peak in the first 30% of scenes
      ---
      duration_ms: 5.060685
      type: 'test'
      ...
    # Subtest: PAIR_EARLY_PEAK_MAJORITY does not fire when most pairs peak after the first 30%
    ok 4 - PAIR_EARLY_PEAK_MAJORITY does not fire when most pairs peak after the first 30%
      ---
      duration_ms: 1.24547
      type: 'test'
      ...
    # Subtest: RELATIONSHIP_SUSPENSE_DECOUPLED fires when shift scenes have avg suspenseDelta ≤ 0
    ok 5 - RELATIONSHIP_SUSPENSE_DECOUPLED fires when shift scenes have avg suspenseDelta ≤ 0
      ---
      duration_ms: 1.577552
      type: 'test'
      ...
    # Subtest: RELATIONSHIP_SUSPENSE_DECOUPLED does not fire when shift scenes raise suspense
    ok 6 - RELATIONSHIP_SUSPENSE_DECOUPLED does not fire when shift scenes raise suspense
      ---
      duration_ms: 0.874342
      type: 'test'
      ...
    1..6
ok 1742 - Wave 329 — relationshipArcPass: revelation silent, pair early-peak majority, suspense decoupled
  ---
  duration_ms: 10.932233
  type: 'suite'
  ...
# Subtest: Wave 318 — relationshipArcPass: curiosity decoupled, positive-only pair majority, Act 2b desert
    # Subtest: RELATIONSHIP_CURIOSITY_DECOUPLED fires when shift scenes have avg curiosityDelta ≤ 0
    ok 1 - RELATIONSHIP_CURIOSITY_DECOUPLED fires when shift scenes have avg curiosityDelta ≤ 0
      ---
      duration_ms: 1.093679
      type: 'test'
      ...
    # Subtest: RELATIONSHIP_CURIOSITY_DECOUPLED does not fire when shift scenes raise curiosity
    ok 2 - RELATIONSHIP_CURIOSITY_DECOUPLED does not fire when shift scenes raise curiosity
      ---
      duration_ms: 1.025809
      type: 'test'
      ...
    # Subtest: POSITIVE_ONLY_PAIR_MAJORITY fires when >60% of pairs have exclusively positive shifts
    ok 3 - POSITIVE_ONLY_PAIR_MAJORITY fires when >60% of pairs have exclusively positive shifts
      ---
      duration_ms: 0.858337
      type: 'test'
      ...
    # Subtest: POSITIVE_ONLY_PAIR_MAJORITY does not fire when most pairs include negative shifts
    ok 4 - POSITIVE_ONLY_PAIR_MAJORITY does not fire when most pairs include negative shifts
      ---
      duration_ms: 0.896908
      type: 'test'
      ...
    # Subtest: RELATIONSHIP_ACT2B_DESERT fires when no shifts occur in the 50%-75% zone
    ok 5 - RELATIONSHIP_ACT2B_DESERT fires when no shifts occur in the 50%-75% zone
      ---
      duration_ms: 1.124798
      type: 'test'
      ...
    # Subtest: RELATIONSHIP_ACT2B_DESERT does not fire when a shift occurs in the 50%-75% zone
    ok 6 - RELATIONSHIP_ACT2B_DESERT does not fire when a shift occurs in the 50%-75% zone
      ---
      duration_ms: 1.191586
      type: 'test'
      ...
    1..6
ok 1743 - Wave 318 — relationshipArcPass: curiosity decoupled, positive-only pair majority, Act 2b desert
  ---
  duration_ms: 6.453314
  type: 'suite'
  ...
# Subtest: Wave 290 — relationshipArcPass: opening burst, negative-only majority, shift dimension concentration
    # Subtest: RELATIONSHIP_OPENING_BURST fires when all shifts are in the first 25%
    ok 1 - RELATIONSHIP_OPENING_BURST fires when all shifts are in the first 25%
      ---
      duration_ms: 1.368433
      type: 'test'
      ...
    # Subtest: RELATIONSHIP_OPENING_BURST does not fire when shifts are spread across the story
    ok 2 - RELATIONSHIP_OPENING_BURST does not fire when shifts are spread across the story
      ---
      duration_ms: 1.083627
      type: 'test'
      ...
    # Subtest: NEGATIVE_ONLY_PAIR_MAJORITY fires when >60% of pairs have exclusively negative shifts
    ok 3 - NEGATIVE_ONLY_PAIR_MAJORITY fires when >60% of pairs have exclusively negative shifts
      ---
      duration_ms: 1.222947
      type: 'test'
      ...
    # Subtest: NEGATIVE_ONLY_PAIR_MAJORITY does not fire when some pairs have positive shifts
    ok 4 - NEGATIVE_ONLY_PAIR_MAJORITY does not fire when some pairs have positive shifts
      ---
      duration_ms: 1.236187
      type: 'test'
      ...
    # Subtest: SHIFT_DIMENSION_CONCENTRATION fires when all shifts use a single dimension
    ok 5 - SHIFT_DIMENSION_CONCENTRATION fires when all shifts use a single dimension
      ---
      duration_ms: 1.160086
      type: 'test'
      ...
    # Subtest: SHIFT_DIMENSION_CONCENTRATION does not fire when shifts use multiple dimensions
    ok 6 - SHIFT_DIMENSION_CONCENTRATION does not fire when shifts use multiple dimensions
      ---
      duration_ms: 1.312828
      type: 'test'
      ...
    1..6
ok 1744 - Wave 290 — relationshipArcPass: opening burst, negative-only majority, shift dimension concentration
  ---
  duration_ms: 7.665656
  type: 'suite'
  ...
# Subtest: Wave 276 — relationshipArcPass: midpoint freeze, net-zero majority, depth gap
    # Subtest: RELATIONSHIP_MIDPOINT_FREEZE fires when no shifts occur in the middle 50% zone
    ok 1 - RELATIONSHIP_MIDPOINT_FREEZE fires when no shifts occur in the middle 50% zone
      ---
      duration_ms: 1.292063
      type: 'test'
      ...
    # Subtest: RELATIONSHIP_MIDPOINT_FREEZE does NOT fire when a shift occurs in the middle zone
    ok 2 - RELATIONSHIP_MIDPOINT_FREEZE does NOT fire when a shift occurs in the middle zone
      ---
      duration_ms: 1.036303
      type: 'test'
      ...
    # Subtest: PAIR_NET_ZERO_MAJORITY fires when more than 60% of pairs have near-zero net
    ok 3 - PAIR_NET_ZERO_MAJORITY fires when more than 60% of pairs have near-zero net
      ---
      duration_ms: 1.085427
      type: 'test'
      ...
    # Subtest: PAIR_NET_ZERO_MAJORITY does NOT fire when most pairs have a clear directional arc
    ok 4 - PAIR_NET_ZERO_MAJORITY does NOT fire when most pairs have a clear directional arc
      ---
      duration_ms: 1.074094
      type: 'test'
      ...
    # Subtest: RELATIONSHIP_DEPTH_GAP fires when one pair has 3× or more shifts than the second pair
    ok 5 - RELATIONSHIP_DEPTH_GAP fires when one pair has 3× or more shifts than the second pair
      ---
      duration_ms: 1.115579
      type: 'test'
      ...
    # Subtest: RELATIONSHIP_DEPTH_GAP does NOT fire when pairs are comparably developed
    ok 6 - RELATIONSHIP_DEPTH_GAP does NOT fire when pairs are comparably developed
      ---
      duration_ms: 1.211141
      type: 'test'
      ...
    1..6
ok 1745 - Wave 276 — relationshipArcPass: midpoint freeze, net-zero majority, depth gap
  ---
  duration_ms: 7.081951
  type: 'suite'
  ...
# Subtest: Wave 262 — relationshipArcPass: pair oscillation, single-scene arc, weak-shift dominance
    # Subtest: PAIR_OSCILLATION fires when a pair sign flips ≥3 times across ≥4 shifts
    ok 1 - PAIR_OSCILLATION fires when a pair sign flips ≥3 times across ≥4 shifts
      ---
      duration_ms: 0.997325
      type: 'test'
      ...
    # Subtest: PAIR_OSCILLATION does NOT fire when sign flips are fewer than 3
    ok 2 - PAIR_OSCILLATION does NOT fire when sign flips are fewer than 3
      ---
      duration_ms: 0.701565
      type: 'test'
      ...
    # Subtest: PAIR_SINGLE_SCENE_ARC fires when all ≥3 shifts for a pair occur in the same scene
    ok 3 - PAIR_SINGLE_SCENE_ARC fires when all ≥3 shifts for a pair occur in the same scene
      ---
      duration_ms: 0.71246
      type: 'test'
      ...
    # Subtest: PAIR_SINGLE_SCENE_ARC does NOT fire when shifts are distributed across scenes
    ok 4 - PAIR_SINGLE_SCENE_ARC does NOT fire when shifts are distributed across scenes
      ---
      duration_ms: 0.324504
      type: 'test'
      ...
    # Subtest: PAIR_WEAK_SHIFT_DOMINANCE fires when ≥4 shifts all have |amount| < 0.2
    ok 5 - PAIR_WEAK_SHIFT_DOMINANCE fires when ≥4 shifts all have |amount| < 0.2
      ---
      duration_ms: 0.730463
      type: 'test'
      ...
    # Subtest: PAIR_WEAK_SHIFT_DOMINANCE does NOT fire when at least one shift has |amount| ≥ 0.2
    ok 6 - PAIR_WEAK_SHIFT_DOMINANCE does NOT fire when at least one shift has |amount| ≥ 0.2
      ---
      duration_ms: 0.686191
      type: 'test'
      ...
    1..6
ok 1746 - Wave 262 — relationshipArcPass: pair oscillation, single-scene arc, weak-shift dominance
  ---
  duration_ms: 4.42306
  type: 'suite'
  ...
# Subtest: Wave 248 — relationshipArcPass: pair velocity spike, Act 1 relational desert, multi-pair climax convergence
    # Subtest: PAIR_VELOCITY_SPIKE fires when a pair accumulates ≥3 shifts within a 3-scene window
    ok 1 - PAIR_VELOCITY_SPIKE fires when a pair accumulates ≥3 shifts within a 3-scene window
      ---
      duration_ms: 11.503709
      type: 'test'
      ...
    # Subtest: PAIR_VELOCITY_SPIKE does NOT fire when shifts are spread out
    ok 2 - PAIR_VELOCITY_SPIKE does NOT fire when shifts are spread out
      ---
      duration_ms: 1.406367
      type: 'test'
      ...
    # Subtest: RELATIONSHIP_ACT1_DESERT fires when no pair has a shift in the first 25% of scenes
    ok 3 - RELATIONSHIP_ACT1_DESERT fires when no pair has a shift in the first 25% of scenes
      ---
      duration_ms: 1.165441
      type: 'test'
      ...
    # Subtest: RELATIONSHIP_ACT1_DESERT does NOT fire when Act 1 has a relationship shift
    ok 4 - RELATIONSHIP_ACT1_DESERT does NOT fire when Act 1 has a relationship shift
      ---
      duration_ms: 0.923529
      type: 'test'
      ...
    # Subtest: MULTI_PAIR_CLIMAX_CONVERGENCE fires when 3+ pairs all resolve in the same Act 3 window
    ok 5 - MULTI_PAIR_CLIMAX_CONVERGENCE fires when 3+ pairs all resolve in the same Act 3 window
      ---
      duration_ms: 1.738267
      type: 'test'
      ...
    # Subtest: MULTI_PAIR_CLIMAX_CONVERGENCE does NOT fire when pair final shifts are spread across Act 3
    ok 6 - MULTI_PAIR_CLIMAX_CONVERGENCE does NOT fire when pair final shifts are spread across Act 3
      ---
      duration_ms: 1.035182
      type: 'test'
      ...
    1..6
ok 1747 - Wave 248 — relationshipArcPass: pair velocity spike, Act 1 relational desert, multi-pair climax convergence
  ---
  duration_ms: 18.117102
  type: 'suite'
  ...
# Subtest: Wave 220 — relationshipArcPass: star topology, amplitude decay, threads siloed (relational network physics)
    # Subtest: RELATIONSHIP_STAR_TOPOLOGY fires when every pair routes through one hub character
    ok 1 - RELATIONSHIP_STAR_TOPOLOGY fires when every pair routes through one hub character
      ---
      duration_ms: 0.945847
      type: 'test'
      ...
    # Subtest: RELATIONSHIP_STAR_TOPOLOGY does not fire when the cast has lateral bonds
    ok 2 - RELATIONSHIP_STAR_TOPOLOGY does not fire when the cast has lateral bonds
      ---
      duration_ms: 0.68704
      type: 'test'
      ...
    # Subtest: RELATIONSHIP_AMPLITUDE_DECAY fires when a pair swings hard early then barely moves
    ok 3 - RELATIONSHIP_AMPLITUDE_DECAY fires when a pair swings hard early then barely moves
      ---
      duration_ms: 0.967548
      type: 'test'
      ...
    # Subtest: RELATIONSHIP_AMPLITUDE_DECAY does not fire when shift magnitudes hold steady
    ok 4 - RELATIONSHIP_AMPLITUDE_DECAY does not fire when shift magnitudes hold steady
      ---
      duration_ms: 0.892451
      type: 'test'
      ...
    # Subtest: RELATIONSHIP_THREADS_SILOED fires when no scene advances two pairs at once
    ok 5 - RELATIONSHIP_THREADS_SILOED fires when no scene advances two pairs at once
      ---
      duration_ms: 0.813508
      type: 'test'
      ...
    # Subtest: RELATIONSHIP_THREADS_SILOED does not fire when two pairs shift in the same scene
    ok 6 - RELATIONSHIP_THREADS_SILOED does not fire when two pairs shift in the same scene
      ---
      duration_ms: 0.801279
      type: 'test'
      ...
    1..6
ok 1748 - Wave 220 — relationshipArcPass: star topology, amplitude decay, threads siloed (relational network physics)
  ---
  duration_ms: 5.418565
  type: 'suite'
  ...
# Subtest: Wave 203 — relationshipArcPass: third-act escalation absent, rapid reconciliation, payoff abandoned
    # Subtest: relationshipArcPass detects RELATIONSHIP_THIRD_ACT_ESCALATION_ABSENT when no shifts in Act 3
    ok 1 - relationshipArcPass detects RELATIONSHIP_THIRD_ACT_ESCALATION_ABSENT when no shifts in Act 3
      ---
      duration_ms: 1.238569
      type: 'test'
      ...
    # Subtest: relationshipArcPass does NOT fire RELATIONSHIP_THIRD_ACT_ESCALATION_ABSENT when Act 3 has a shift
    ok 2 - relationshipArcPass does NOT fire RELATIONSHIP_THIRD_ACT_ESCALATION_ABSENT when Act 3 has a shift
      ---
      duration_ms: 0.902892
      type: 'test'
      ...
    # Subtest: relationshipArcPass detects RAPID_RECONCILIATION when a pair heals within 2 scenes with no tension
    ok 3 - relationshipArcPass detects RAPID_RECONCILIATION when a pair heals within 2 scenes with no tension
      ---
      duration_ms: 0.672079
      type: 'test'
      ...
    # Subtest: relationshipArcPass does NOT fire RAPID_RECONCILIATION when recovery is spaced 4 scenes away
    ok 4 - relationshipArcPass does NOT fire RAPID_RECONCILIATION when recovery is spaced 4 scenes away
      ---
      duration_ms: 0.670172
      type: 'test'
      ...
    # Subtest: relationshipArcPass detects RELATIONSHIP_PAYOFF_ABANDONED when strong early arc vanishes in final 40%
    ok 5 - relationshipArcPass detects RELATIONSHIP_PAYOFF_ABANDONED when strong early arc vanishes in final 40%
      ---
      duration_ms: 1.101018
      type: 'test'
      ...
    # Subtest: relationshipArcPass does NOT fire RELATIONSHIP_PAYOFF_ABANDONED when arc continues into final act
    ok 6 - relationshipArcPass does NOT fire RELATIONSHIP_PAYOFF_ABANDONED when arc continues into final act
      ---
      duration_ms: 1.018061
      type: 'test'
      ...
    1..6
ok 1749 - Wave 203 — relationshipArcPass: third-act escalation absent, rapid reconciliation, payoff abandoned
  ---
  duration_ms: 5.862738
  type: 'suite'
  ...
# Subtest: Wave 161 — relationshipArcPass: single pair, late introduction, velocity collapse
    # Subtest: relationshipArcPass detects SINGLE_PAIR_RELATIONSHIP when all shifts involve same pair
    ok 1 - relationshipArcPass detects SINGLE_PAIR_RELATIONSHIP when all shifts involve same pair
      ---
      duration_ms: 0.97548
      type: 'test'
      ...
    # Subtest: relationshipArcPass does NOT fire SINGLE_PAIR_RELATIONSHIP when multiple pairs shift
    ok 2 - relationshipArcPass does NOT fire SINGLE_PAIR_RELATIONSHIP when multiple pairs shift
      ---
      duration_ms: 0.841172
      type: 'test'
      ...
    # Subtest: relationshipArcPass detects LATE_RELATIONSHIP_INTRODUCTION when pair first shifts after midpoint
    ok 3 - relationshipArcPass detects LATE_RELATIONSHIP_INTRODUCTION when pair first shifts after midpoint
      ---
      duration_ms: 1.208707
      type: 'test'
      ...
    # Subtest: relationshipArcPass does NOT fire LATE_RELATIONSHIP_INTRODUCTION when pair starts early
    ok 4 - relationshipArcPass does NOT fire LATE_RELATIONSHIP_INTRODUCTION when pair starts early
      ---
      duration_ms: 1.13789
      type: 'test'
      ...
    # Subtest: relationshipArcPass detects RELATIONSHIP_VELOCITY_COLLAPSE when second half has no shifts
    ok 5 - relationshipArcPass detects RELATIONSHIP_VELOCITY_COLLAPSE when second half has no shifts
      ---
      duration_ms: 1.100823
      type: 'test'
      ...
    # Subtest: relationshipArcPass does NOT fire RELATIONSHIP_VELOCITY_COLLAPSE when second half has shifts
    ok 6 - relationshipArcPass does NOT fire RELATIONSHIP_VELOCITY_COLLAPSE when second half has shifts
      ---
      duration_ms: 1.082434
      type: 'test'
      ...
    1..6
ok 1750 - Wave 161 — relationshipArcPass: single pair, late introduction, velocity collapse
  ---
  duration_ms: 6.616212
  type: 'suite'
  ...
# Subtest: Wave 134 — Relationship Arc Pass
    # Subtest: flags NO_RELATIONSHIP_MOVEMENT when a 5+ scene story has zero shifts
    ok 1 - flags NO_RELATIONSHIP_MOVEMENT when a 5+ scene story has zero shifts
      ---
      duration_ms: 0.855979
      type: 'test'
      ...
    # Subtest: does NOT fire NO_RELATIONSHIP_MOVEMENT when relationshipShifts is empty but conversational control passes between characters
    ok 2 - does NOT fire NO_RELATIONSHIP_MOVEMENT when relationshipShifts is empty but conversational control passes between characters
      ---
      duration_ms: 0.340042
      type: 'test'
      ...
    # Subtest: still fires NO_RELATIONSHIP_MOVEMENT when every movement channel is flat, not just relationshipShifts
    ok 3 - still fires NO_RELATIONSHIP_MOVEMENT when every movement channel is flat, not just relationshipShifts
      ---
      duration_ms: 0.616604
      type: 'test'
      ...
    # Subtest: flags MONOTONE_RELATIONSHIP when a pair only ever warms
    ok 4 - flags MONOTONE_RELATIONSHIP when a pair only ever warms
      ---
      duration_ms: 0.642178
      type: 'test'
      ...
    # Subtest: does NOT flag monotone when a pair has a reversal
    ok 5 - does NOT flag monotone when a pair has a reversal
      ---
      duration_ms: 0.308419
      type: 'test'
      ...
    # Subtest: flags STATIC_RELATIONSHIP when shifts cancel to zero net
    ok 6 - flags STATIC_RELATIONSHIP when shifts cancel to zero net
      ---
      duration_ms: 0.560076
      type: 'test'
      ...
    # Subtest: passes a healthy relationship with net movement and a reversal
    ok 7 - passes a healthy relationship with net movement and a reversal
      ---
      duration_ms: 0.263626
      type: 'test'
      ...
    # Subtest: memory builder populates relationshipShifts from SHIFT_RELATIONSHIP ops
    ok 8 - memory builder populates relationshipShifts from SHIFT_RELATIONSHIP ops
      ---
      duration_ms: 1.168854
      type: 'test'
      ...
    1..8
ok 1751 - Wave 134 — Relationship Arc Pass
  ---
  duration_ms: 5.210175
  type: 'suite'
  ...
# {"time":"2026-08-05T02:28:55.453Z","level":"warn","msg":"collab_secret_generated","message":"COLLAB_SECRET not set — generated an ephemeral per-process secret. Set COLLAB_SECRET in any multi-process or restart-prone deployment."}
# {"time":"2026-08-05T02:28:55.508Z","level":"warn","msg":"revision_rewrite_failed","passName":"rhythm","message":"Gemini provider not available (GEMINI_API_KEY not set)"}
# {"time":"2026-08-05T02:28:55.520Z","level":"warn","msg":"revision_rewrite_failed","passName":"rhythm","message":"Gemini provider not available (GEMINI_API_KEY not set)"}
# {"time":"2026-08-05T02:28:55.522Z","level":"warn","msg":"revision_rewrite_failed","passName":"rhythm","message":"Gemini provider not available (GEMINI_API_KEY not set)"}
# {"time":"2026-08-05T02:28:55.541Z","level":"warn","msg":"revision_rewrite_failed","passName":"rhythm","message":"Gemini provider not available (GEMINI_API_KEY not set)"}
# {"time":"2026-08-05T02:28:55.543Z","level":"warn","msg":"revision_rewrite_failed","passName":"rhythm","message":"Gemini provider not available (GEMINI_API_KEY not set)"}
# {"time":"2026-08-05T02:28:55.545Z","level":"warn","msg":"revision_rewrite_failed","passName":"rhythm","message":"Gemini provider not available (GEMINI_API_KEY not set)"}
# {"time":"2026-08-05T02:28:55.547Z","level":"warn","msg":"revision_rewrite_failed","passName":"rhythm","message":"Gemini provider not available (GEMINI_API_KEY not set)"}
# {"time":"2026-08-05T02:28:55.549Z","level":"warn","msg":"revision_rewrite_failed","passName":"rhythm","message":"Gemini provider not available (GEMINI_API_KEY not set)"}
# {"time":"2026-08-05T02:28:55.550Z","level":"warn","msg":"revision_rewrite_failed","passName":"rhythm","message":"Gemini provider not available (GEMINI_API_KEY not set)"}
# {"time":"2026-08-05T02:28:55.552Z","level":"warn","msg":"revision_rewrite_failed","passName":"rhythm","message":"Gemini provider not available (GEMINI_API_KEY not set)"}
# {"time":"2026-08-05T02:28:55.554Z","level":"warn","msg":"revision_rewrite_failed","passName":"rhythm","message":"Gemini provider not available (GEMINI_API_KEY not set)"}
# {"time":"2026-08-05T02:28:55.555Z","level":"warn","msg":"revision_rewrite_failed","passName":"rhythm","message":"Gemini provider not available (GEMINI_API_KEY not set)"}
# {"time":"2026-08-05T02:28:55.556Z","level":"warn","msg":"revision_rewrite_failed","passName":"rhythm","message":"Gemini provider not available (GEMINI_API_KEY not set)"}
# {"time":"2026-08-05T02:28:55.557Z","level":"warn","msg":"revision_rewrite_failed","passName":"rhythm","message":"Gemini provider not available (GEMINI_API_KEY not set)"}
# {"time":"2026-08-05T02:28:55.558Z","level":"warn","msg":"revision_rewrite_failed","passName":"rhythm","message":"Gemini provider not available (GEMINI_API_KEY not set)"}
# {"time":"2026-08-05T02:28:55.560Z","level":"warn","msg":"revision_rewrite_failed","passName":"rhythm","message":"Gemini provider not available (GEMINI_API_KEY not set)"}
# {"time":"2026-08-05T02:28:55.564Z","level":"warn","msg":"revision_rewrite_failed","passName":"rhythm","message":"Gemini provider not available (GEMINI_API_KEY not set)"}
# {"time":"2026-08-05T02:28:55.570Z","level":"warn","msg":"revision_rewrite_failed","passName":"rhythm","message":"Gemini provider not available (GEMINI_API_KEY not set)"}
# {"time":"2026-08-05T02:28:55.574Z","level":"warn","msg":"revision_rewrite_failed","passName":"rhythm","message":"Gemini provider not available (GEMINI_API_KEY not set)"}
# {"time":"2026-08-05T02:28:55.575Z","level":"warn","msg":"revision_rewrite_failed","passName":"rhythm","message":"Gemini provider not available (GEMINI_API_KEY not set)"}
# {"time":"2026-08-05T02:28:55.585Z","level":"warn","msg":"revision_rewrite_failed","passName":"rhythm","message":"Gemini provider not available (GEMINI_API_KEY not set)"}
# {"time":"2026-08-05T02:28:55.593Z","level":"warn","msg":"revision_rewrite_failed","passName":"rhythm","message":"Gemini provider not available (GEMINI_API_KEY not set)"}
# {"time":"2026-08-05T02:28:55.595Z","level":"warn","msg":"revision_rewrite_failed","passName":"rhythm","message":"Gemini provider not available (GEMINI_API_KEY not set)"}
# {"time":"2026-08-05T02:28:55.597Z","level":"warn","msg":"revision_rewrite_failed","passName":"rhythm","message":"Gemini provider not available (GEMINI_API_KEY not set)"}
# {"time":"2026-08-05T02:28:55.598Z","level":"warn","msg":"revision_rewrite_failed","passName":"rhythm","message":"Gemini provider not available (GEMINI_API_KEY not set)"}
# {"time":"2026-08-05T02:28:55.600Z","level":"warn","msg":"revision_rewrite_failed","passName":"rhythm","message":"Gemini provider not available (GEMINI_API_KEY not set)"}
# {"time":"2026-08-05T02:28:55.601Z","level":"warn","msg":"revision_rewrite_failed","passName":"rhythm","message":"Gemini provider not available (GEMINI_API_KEY not set)"}
# {"time":"2026-08-05T02:28:55.603Z","level":"warn","msg":"revision_rewrite_failed","passName":"rhythm","message":"Gemini provider not available (GEMINI_API_KEY not set)"}
# {"time":"2026-08-05T02:28:55.605Z","level":"warn","msg":"revision_rewrite_failed","passName":"rhythm","message":"Gemini provider not available (GEMINI_API_KEY not set)"}
# {"time":"2026-08-05T02:28:55.606Z","level":"warn","msg":"revision_rewrite_failed","passName":"rhythm","message":"Gemini provider not available (GEMINI_API_KEY not set)"}
# {"time":"2026-08-05T02:28:55.608Z","level":"warn","msg":"revision_rewrite_failed","passName":"rhythm","message":"Gemini provider not available (GEMINI_API_KEY not set)"}
# {"time":"2026-08-05T02:28:55.610Z","level":"warn","msg":"revision_rewrite_failed","passName":"rhythm","message":"Gemini provider not available (GEMINI_API_KEY not set)"}
# {"time":"2026-08-05T02:28:55.611Z","level":"warn","msg":"revision_rewrite_failed","passName":"rhythm","message":"Gemini provider not available (GEMINI_API_KEY not set)"}
# {"time":"2026-08-05T02:28:55.613Z","level":"warn","msg":"revision_rewrite_failed","passName":"rhythm","message":"Gemini provider not available (GEMINI_API_KEY not set)"}
# {"time":"2026-08-05T02:28:55.615Z","level":"warn","msg":"revision_rewrite_failed","passName":"rhythm","message":"Gemini provider not available (GEMINI_API_KEY not set)"}
# {"time":"2026-08-05T02:28:55.618Z","level":"warn","msg":"revision_rewrite_failed","passName":"rhythm","message":"Gemini provider not available (GEMINI_API_KEY not set)"}
# {"time":"2026-08-05T02:28:55.619Z","level":"warn","msg":"revision_rewrite_failed","passName":"rhythm","message":"Gemini provider not available (GEMINI_API_KEY not set)"}
# {"time":"2026-08-05T02:28:55.621Z","level":"warn","msg":"revision_rewrite_failed","passName":"rhythm","message":"Gemini provider not available (GEMINI_API_KEY not set)"}
# {"time":"2026-08-05T02:28:55.623Z","level":"warn","msg":"revision_rewrite_failed","passName":"rhythm","message":"Gemini provider not available (GEMINI_API_KEY not set)"}
# {"time":"2026-08-05T02:28:55.624Z","level":"warn","msg":"revision_rewrite_failed","passName":"rhythm","message":"Gemini provider not available (GEMINI_API_KEY not set)"}
# {"time":"2026-08-05T02:28:55.625Z","level":"warn","msg":"revision_rewrite_failed","passName":"rhythm","message":"Gemini provider not available (GEMINI_API_KEY not set)"}
# {"time":"2026-08-05T02:28:55.627Z","level":"warn","msg":"revision_rewrite_failed","passName":"rhythm","message":"Gemini provider not available (GEMINI_API_KEY not set)"}
# {"time":"2026-08-05T02:28:55.628Z","level":"warn","msg":"revision_rewrite_failed","passName":"rhythm","message":"Gemini provider not available (GEMINI_API_KEY not set)"}
# {"time":"2026-08-05T02:28:55.629Z","level":"warn","msg":"revision_rewrite_failed","passName":"rhythm","message":"Gemini provider not available (GEMINI_API_KEY not set)"}
# {"time":"2026-08-05T02:28:55.631Z","level":"warn","msg":"revision_rewrite_failed","passName":"rhythm","message":"Gemini provider not available (GEMINI_API_KEY not set)"}
# {"time":"2026-08-05T02:28:55.632Z","level":"warn","msg":"revision_rewrite_failed","passName":"rhythm","message":"Gemini provider not available (GEMINI_API_KEY not set)"}
# {"time":"2026-08-05T02:28:55.635Z","level":"warn","msg":"revision_rewrite_failed","passName":"rhythm","message":"Gemini provider not available (GEMINI_API_KEY not set)"}
# {"time":"2026-08-05T02:28:55.637Z","level":"warn","msg":"revision_rewrite_failed","passName":"rhythm","message":"Gemini provider not available (GEMINI_API_KEY not set)"}
# {"time":"2026-08-05T02:28:55.638Z","level":"warn","msg":"revision_rewrite_failed","passName":"rhythm","message":"Gemini provider not available (GEMINI_API_KEY not set)"}
# {"time":"2026-08-05T02:28:55.640Z","level":"warn","msg":"revision_rewrite_failed","passName":"rhythm","message":"Gemini provider not available (GEMINI_API_KEY not set)"}
# {"time":"2026-08-05T02:28:55.641Z","level":"warn","msg":"revision_rewrite_failed","passName":"rhythm","message":"Gemini provider not available (GEMINI_API_KEY not set)"}
# {"time":"2026-08-05T02:28:55.643Z","level":"warn","msg":"revision_rewrite_failed","passName":"rhythm","message":"Gemini provider not available (GEMINI_API_KEY not set)"}
# {"time":"2026-08-05T02:28:55.644Z","level":"warn","msg":"revision_rewrite_failed","passName":"rhythm","message":"Gemini provider not available (GEMINI_API_KEY not set)"}
# {"time":"2026-08-05T02:28:55.645Z","level":"warn","msg":"revision_rewrite_failed","passName":"rhythm","message":"Gemini provider not available (GEMINI_API_KEY not set)"}
# {"time":"2026-08-05T02:28:55.647Z","level":"warn","msg":"revision_rewrite_failed","passName":"rhythm","message":"Gemini provider not available (GEMINI_API_KEY not set)"}
# {"time":"2026-08-05T02:28:55.648Z","level":"warn","msg":"revision_rewrite_failed","passName":"rhythm","message":"Gemini provider not available (GEMINI_API_KEY not set)"}
# {"time":"2026-08-05T02:28:55.649Z","level":"warn","msg":"revision_rewrite_failed","passName":"rhythm","message":"Gemini provider not available (GEMINI_API_KEY not set)"}
# {"time":"2026-08-05T02:28:55.651Z","level":"warn","msg":"revision_rewrite_failed","passName":"rhythm","message":"Gemini provider not available (GEMINI_API_KEY not set)"}
# {"time":"2026-08-05T02:28:55.652Z","level":"warn","msg":"revision_rewrite_failed","passName":"rhythm","message":"Gemini provider not available (GEMINI_API_KEY not set)"}
# {"time":"2026-08-05T02:28:55.654Z","level":"warn","msg":"revision_rewrite_failed","passName":"rhythm","message":"Gemini provider not available (GEMINI_API_KEY not set)"}
# {"time":"2026-08-05T02:28:55.655Z","level":"warn","msg":"revision_rewrite_failed","passName":"rhythm","message":"Gemini provider not available (GEMINI_API_KEY not set)"}
# {"time":"2026-08-05T02:28:55.657Z","level":"warn","msg":"revision_rewrite_failed","passName":"rhythm","message":"Gemini provider not available (GEMINI_API_KEY not set)"}
# {"time":"2026-08-05T02:28:55.658Z","level":"warn","msg":"revision_rewrite_failed","passName":"rhythm","message":"Gemini provider not available (GEMINI_API_KEY not set)"}
# {"time":"2026-08-05T02:28:55.660Z","level":"warn","msg":"revision_rewrite_failed","passName":"rhythm","message":"Gemini provider not available (GEMINI_API_KEY not set)"}
# {"time":"2026-08-05T02:28:55.667Z","level":"warn","msg":"revision_rewrite_failed","passName":"rhythm","message":"Gemini provider not available (GEMINI_API_KEY not set)"}
# {"time":"2026-08-05T02:28:55.672Z","level":"warn","msg":"revision_rewrite_failed","passName":"rhythm","message":"Gemini provider not available (GEMINI_API_KEY not set)"}
# {"time":"2026-08-05T02:28:55.674Z","level":"warn","msg":"revision_rewrite_failed","passName":"rhythm","message":"Gemini provider not available (GEMINI_API_KEY not set)"}
# {"time":"2026-08-05T02:28:55.675Z","level":"warn","msg":"revision_rewrite_failed","passName":"rhythm","message":"Gemini provider not available (GEMINI_API_KEY not set)"}
# {"time":"2026-08-05T02:28:55.679Z","level":"warn","msg":"revision_rewrite_failed","passName":"rhythm","message":"Gemini provider not available (GEMINI_API_KEY not set)"}
# {"time":"2026-08-05T02:28:55.681Z","level":"warn","msg":"revision_rewrite_failed","passName":"rhythm","message":"Gemini provider not available (GEMINI_API_KEY not set)"}
# {"time":"2026-08-05T02:28:55.682Z","level":"warn","msg":"revision_rewrite_failed","passName":"rhythm","message":"Gemini provider not available (GEMINI_API_KEY not set)"}
# {"time":"2026-08-05T02:28:55.683Z","level":"warn","msg":"revision_rewrite_failed","passName":"rhythm","message":"Gemini provider not available (GEMINI_API_KEY not set)"}
# {"time":"2026-08-05T02:28:55.685Z","level":"warn","msg":"revision_rewrite_failed","passName":"rhythm","message":"Gemini provider not available (GEMINI_API_KEY not set)"}
# {"time":"2026-08-05T02:28:55.686Z","level":"warn","msg":"revision_rewrite_failed","passName":"rhythm","message":"Gemini provider not available (GEMINI_API_KEY not set)"}
# {"time":"2026-08-05T02:28:55.687Z","level":"warn","msg":"revision_rewrite_failed","passName":"rhythm","message":"Gemini provider not available (GEMINI_API_KEY not set)"}
# {"time":"2026-08-05T02:28:55.690Z","level":"warn","msg":"revision_rewrite_failed","passName":"rhythm","message":"Gemini provider not available (GEMINI_API_KEY not set)"}
# {"time":"2026-08-05T02:28:55.691Z","level":"warn","msg":"revision_rewrite_failed","passName":"rhythm","message":"Gemini provider not available (GEMINI_API_KEY not set)"}
# {"time":"2026-08-05T02:28:55.692Z","level":"warn","msg":"revision_rewrite_failed","passName":"rhythm","message":"Gemini provider not available (GEMINI_API_KEY not set)"}
# {"time":"2026-08-05T02:28:55.693Z","level":"warn","msg":"revision_rewrite_failed","passName":"rhythm","message":"Gemini provider not available (GEMINI_API_KEY not set)"}
# {"time":"2026-08-05T02:28:55.695Z","level":"warn","msg":"revision_rewrite_failed","passName":"rhythm","message":"Gemini provider not available (GEMINI_API_KEY not set)"}
# {"time":"2026-08-05T02:28:55.696Z","level":"warn","msg":"revision_rewrite_failed","passName":"rhythm","message":"Gemini provider not available (GEMINI_API_KEY not set)"}
# {"time":"2026-08-05T02:28:55.697Z","level":"warn","msg":"revision_rewrite_failed","passName":"rhythm","message":"Gemini provider not available (GEMINI_API_KEY not set)"}
# {"time":"2026-08-05T02:28:55.699Z","level":"warn","msg":"revision_rewrite_failed","passName":"rhythm","message":"Gemini provider not available (GEMINI_API_KEY not set)"}
# {"time":"2026-08-05T02:28:55.700Z","level":"warn","msg":"revision_rewrite_failed","passName":"rhythm","message":"Gemini provider not available (GEMINI_API_KEY not set)"}
# {"time":"2026-08-05T02:28:55.701Z","level":"warn","msg":"revision_rewrite_failed","passName":"rhythm","message":"Gemini provider not available (GEMINI_API_KEY not set)"}
# {"time":"2026-08-05T02:28:55.703Z","level":"warn","msg":"revision_rewrite_failed","passName":"rhythm","message":"Gemini provider not available (GEMINI_API_KEY not set)"}
# {"time":"2026-08-05T02:28:55.704Z","level":"warn","msg":"revision_rewrite_failed","passName":"rhythm","message":"Gemini provider not available (GEMINI_API_KEY not set)"}
# {"time":"2026-08-05T02:28:55.705Z","level":"warn","msg":"revision_rewrite_failed","passName":"rhythm","message":"Gemini provider not available (GEMINI_API_KEY not set)"}
# {"time":"2026-08-05T02:28:55.707Z","level":"warn","msg":"revision_rewrite_failed","passName":"rhythm","message":"Gemini provider not available (GEMINI_API_KEY not set)"}
# {"time":"2026-08-05T02:28:55.708Z","level":"warn","msg":"revision_rewrite_failed","passName":"rhythm","message":"Gemini provider not available (GEMINI_API_KEY not set)"}
# {"time":"2026-08-05T02:28:55.710Z","level":"warn","msg":"revision_rewrite_failed","passName":"rhythm","message":"Gemini provider not available (GEMINI_API_KEY not set)"}
# {"time":"2026-08-05T02:28:55.711Z","level":"warn","msg":"revision_rewrite_failed","passName":"rhythm","message":"Gemini provider not available (GEMINI_API_KEY not set)"}
# {"time":"2026-08-05T02:28:55.712Z","level":"warn","msg":"revision_rewrite_failed","passName":"rhythm","message":"Gemini provider not available (GEMINI_API_KEY not set)"}
# {"time":"2026-08-05T02:28:55.714Z","level":"warn","msg":"revision_rewrite_failed","passName":"rhythm","message":"Gemini provider not available (GEMINI_API_KEY not set)"}
# {"time":"2026-08-05T02:28:55.715Z","level":"warn","msg":"revision_rewrite_failed","passName":"rhythm","message":"Gemini provider not available (GEMINI_API_KEY not set)"}
# {"time":"2026-08-05T02:28:55.716Z","level":"warn","msg":"revision_rewrite_failed","passName":"rhythm","message":"Gemini provider not available (GEMINI_API_KEY not set)"}
# {"time":"2026-08-05T02:28:55.718Z","level":"warn","msg":"revision_rewrite_failed","passName":"rhythm","message":"Gemini provider not available (GEMINI_API_KEY not set)"}
# {"time":"2026-08-05T02:28:55.720Z","level":"warn","msg":"revision_rewrite_failed","passName":"rhythm","message":"Gemini provider not available (GEMINI_API_KEY not set)"}
# {"time":"2026-08-05T02:28:55.721Z","level":"warn","msg":"revision_rewrite_failed","passName":"rhythm","message":"Gemini provider not available (GEMINI_API_KEY not set)"}
# {"time":"2026-08-05T02:28:55.723Z","level":"warn","msg":"revision_rewrite_failed","passName":"rhythm","message":"Gemini provider not available (GEMINI_API_KEY not set)"}
# {"time":"2026-08-05T02:28:55.724Z","level":"warn","msg":"revision_rewrite_failed","passName":"rhythm","message":"Gemini provider not available (GEMINI_API_KEY not set)"}
# {"time":"2026-08-05T02:28:55.726Z","level":"warn","msg":"revision_rewrite_failed","passName":"rhythm","message":"Gemini provider not available (GEMINI_API_KEY not set)"}
# {"time":"2026-08-05T02:28:55.727Z","level":"warn","msg":"revision_rewrite_failed","passName":"rhythm","message":"Gemini provider not available (GEMINI_API_KEY not set)"}
# {"time":"2026-08-05T02:28:55.728Z","level":"warn","msg":"revision_rewrite_failed","passName":"rhythm","message":"Gemini provider not available (GEMINI_API_KEY not set)"}
# {"time":"2026-08-05T02:28:55.730Z","level":"warn","msg":"revision_rewrite_failed","passName":"rhythm","message":"Gemini provider not available (GEMINI_API_KEY not set)"}
# {"time":"2026-08-05T02:28:55.731Z","level":"warn","msg":"revision_rewrite_failed","passName":"rhythm","message":"Gemini provider not available (GEMINI_API_KEY not set)"}
# {"time":"2026-08-05T02:28:55.732Z","level":"warn","msg":"revision_rewrite_failed","passName":"rhythm","message":"Gemini provider not available (GEMINI_API_KEY not set)"}
# {"time":"2026-08-05T02:28:55.734Z","level":"warn","msg":"revision_rewrite_failed","passName":"rhythm","message":"Gemini provider not available (GEMINI_API_KEY not set)"}
# {"time":"2026-08-05T02:28:55.735Z","level":"warn","msg":"revision_rewrite_failed","passName":"rhythm","message":"Gemini provider not available (GEMINI_API_KEY not set)"}
# {"time":"2026-08-05T02:28:55.737Z","level":"warn","msg":"revision_rewrite_failed","passName":"rhythm","message":"Gemini provider not available (GEMINI_API_KEY not set)"}
# {"time":"2026-08-05T02:28:55.738Z","level":"warn","msg":"revision_rewrite_failed","passName":"rhythm","message":"Gemini provider not available (GEMINI_API_KEY not set)"}
# {"time":"2026-08-05T02:28:55.740Z","level":"warn","msg":"revision_rewrite_failed","passName":"rhythm","message":"Gemini provider not available (GEMINI_API_KEY not set)"}
# {"time":"2026-08-05T02:28:55.741Z","level":"warn","msg":"revision_rewrite_failed","passName":"rhythm","message":"Gemini provider not available (GEMINI_API_KEY not set)"}
# {"time":"2026-08-05T02:28:55.742Z","level":"warn","msg":"revision_rewrite_failed","passName":"rhythm","message":"Gemini provider not available (GEMINI_API_KEY not set)"}
# {"time":"2026-08-05T02:28:55.744Z","level":"warn","msg":"revision_rewrite_failed","passName":"rhythm","message":"Gemini provider not available (GEMINI_API_KEY not set)"}
# {"time":"2026-08-05T02:28:55.745Z","level":"warn","msg":"revision_rewrite_failed","passName":"rhythm","message":"Gemini provider not available (GEMINI_API_KEY not set)"}
# {"time":"2026-08-05T02:28:55.746Z","level":"warn","msg":"revision_rewrite_failed","passName":"rhythm","message":"Gemini provider not available (GEMINI_API_KEY not set)"}
# {"time":"2026-08-05T02:28:55.748Z","level":"warn","msg":"revision_rewrite_failed","passName":"rhythm","message":"Gemini provider not available (GEMINI_API_KEY not set)"}
# {"time":"2026-08-05T02:28:55.749Z","level":"warn","msg":"revision_rewrite_failed","passName":"rhythm","message":"Gemini provider not available (GEMINI_API_KEY not set)"}
# {"time":"2026-08-05T02:28:55.750Z","level":"warn","msg":"revision_rewrite_failed","passName":"rhythm","message":"Gemini provider not available (GEMINI_API_KEY not set)"}
# {"time":"2026-08-05T02:28:55.752Z","level":"warn","msg":"revision_rewrite_failed","passName":"rhythm","message":"Gemini provider not available (GEMINI_API_KEY not set)"}
# {"time":"2026-08-05T02:28:55.756Z","level":"warn","msg":"revision_rewrite_failed","passName":"rhythm","message":"Gemini provider not available (GEMINI_API_KEY not set)"}
# {"time":"2026-08-05T02:28:55.758Z","level":"warn","msg":"revision_rewrite_failed","passName":"rhythm","message":"Gemini provider not available (GEMINI_API_KEY not set)"}
# {"time":"2026-08-05T02:28:55.759Z","level":"warn","msg":"revision_rewrite_failed","passName":"rhythm","message":"Gemini provider not available (GEMINI_API_KEY not set)"}
# {"time":"2026-08-05T02:28:55.761Z","level":"warn","msg":"revision_rewrite_failed","passName":"rhythm","message":"Gemini provider not available (GEMINI_API_KEY not set)"}
# {"time":"2026-08-05T02:28:55.762Z","level":"warn","msg":"revision_rewrite_failed","passName":"rhythm","message":"Gemini provider not available (GEMINI_API_KEY not set)"}
# {"time":"2026-08-05T02:28:55.763Z","level":"warn","msg":"revision_rewrite_failed","passName":"rhythm","message":"Gemini provider not available (GEMINI_API_KEY not set)"}
# {"time":"2026-08-05T02:28:55.765Z","level":"warn","msg":"revision_rewrite_failed","passName":"rhythm","message":"Gemini provider not available (GEMINI_API_KEY not set)"}
# {"time":"2026-08-05T02:28:55.766Z","level":"warn","msg":"revision_rewrite_failed","passName":"rhythm","message":"Gemini provider not available (GEMINI_API_KEY not set)"}
# {"time":"2026-08-05T02:28:55.767Z","level":"warn","msg":"revision_rewrite_failed","passName":"rhythm","message":"Gemini provider not available (GEMINI_API_KEY not set)"}
# {"time":"2026-08-05T02:28:55.768Z","level":"warn","msg":"revision_rewrite_failed","passName":"rhythm","message":"Gemini provider not available (GEMINI_API_KEY not set)"}
# {"time":"2026-08-05T02:28:55.770Z","level":"warn","msg":"revision_rewrite_failed","passName":"rhythm","message":"Gemini provider not available (GEMINI_API_KEY not set)"}
# {"time":"2026-08-05T02:28:55.771Z","level":"warn","msg":"revision_rewrite_failed","passName":"rhythm","message":"Gemini provider not available (GEMINI_API_KEY not set)"}
# {"time":"2026-08-05T02:28:55.772Z","level":"warn","msg":"revision_rewrite_failed","passName":"rhythm","message":"Gemini provider not available (GEMINI_API_KEY not set)"}
# {"time":"2026-08-05T02:28:55.773Z","level":"warn","msg":"revision_rewrite_failed","passName":"rhythm","message":"Gemini provider not available (GEMINI_API_KEY not set)"}
# {"time":"2026-08-05T02:28:55.775Z","level":"warn","msg":"revision_rewrite_failed","passName":"rhythm","message":"Gemini provider not available (GEMINI_API_KEY not set)"}
# {"time":"2026-08-05T02:28:55.776Z","level":"warn","msg":"revision_rewrite_failed","passName":"rhythm","message":"Gemini provider not available (GEMINI_API_KEY not set)"}
# {"time":"2026-08-05T02:28:55.777Z","level":"warn","msg":"revision_rewrite_failed","passName":"rhythm","message":"Gemini provider not available (GEMINI_API_KEY not set)"}
# {"time":"2026-08-05T02:28:55.778Z","level":"warn","msg":"revision_rewrite_failed","passName":"rhythm","message":"Gemini provider not available (GEMINI_API_KEY not set)"}
# {"time":"2026-08-05T02:28:55.780Z","level":"warn","msg":"revision_rewrite_failed","passName":"rhythm","message":"Gemini provider not available (GEMINI_API_KEY not set)"}
# {"time":"2026-08-05T02:28:55.781Z","level":"warn","msg":"revision_rewrite_failed","passName":"rhythm","message":"Gemini provider not available (GEMINI_API_KEY not set)"}
# {"time":"2026-08-05T02:28:55.782Z","level":"warn","msg":"revision_rewrite_failed","passName":"rhythm","message":"Gemini provider not available (GEMINI_API_KEY not set)"}
# {"time":"2026-08-05T02:28:55.784Z","level":"warn","msg":"revision_rewrite_failed","passName":"rhythm","message":"Gemini provider not available (GEMINI_API_KEY not set)"}
# {"time":"2026-08-05T02:28:55.785Z","level":"warn","msg":"revision_rewrite_failed","passName":"rhythm","message":"Gemini provider not available (GEMINI_API_KEY not set)"}
# {"time":"2026-08-05T02:28:55.788Z","level":"warn","msg":"revision_rewrite_failed","passName":"rhythm","message":"Gemini provider not available (GEMINI_API_KEY not set)"}
# {"time":"2026-08-05T02:28:55.790Z","level":"warn","msg":"revision_rewrite_failed","passName":"rhythm","message":"Gemini provider not available (GEMINI_API_KEY not set)"}
# {"time":"2026-08-05T02:28:55.791Z","level":"warn","msg":"revision_rewrite_failed","passName":"rhythm","message":"Gemini provider not available (GEMINI_API_KEY not set)"}
# {"time":"2026-08-05T02:28:55.793Z","level":"warn","msg":"revision_rewrite_failed","passName":"rhythm","message":"Gemini provider not available (GEMINI_API_KEY not set)"}
# {"time":"2026-08-05T02:28:55.794Z","level":"warn","msg":"revision_rewrite_failed","passName":"rhythm","message":"Gemini provider not available (GEMINI_API_KEY not set)"}
# {"time":"2026-08-05T02:28:55.797Z","level":"warn","msg":"revision_rewrite_failed","passName":"rhythm","message":"Gemini provider not available (GEMINI_API_KEY not set)"}
# {"time":"2026-08-05T02:28:55.798Z","level":"warn","msg":"revision_rewrite_failed","passName":"rhythm","message":"Gemini provider not available (GEMINI_API_KEY not set)"}
# {"time":"2026-08-05T02:28:55.799Z","level":"warn","msg":"revision_rewrite_failed","passName":"rhythm","message":"Gemini provider not available (GEMINI_API_KEY not set)"}
# {"time":"2026-08-05T02:28:55.801Z","level":"warn","msg":"revision_rewrite_failed","passName":"rhythm","message":"Gemini provider not available (GEMINI_API_KEY not set)"}
# {"time":"2026-08-05T02:28:55.803Z","level":"warn","msg":"revision_rewrite_failed","passName":"rhythm","message":"Gemini provider not available (GEMINI_API_KEY not set)"}
# {"time":"2026-08-05T02:28:55.804Z","level":"warn","msg":"revision_rewrite_failed","passName":"rhythm","message":"Gemini provider not available (GEMINI_API_KEY not set)"}
# {"time":"2026-08-05T02:28:55.806Z","level":"warn","msg":"revision_rewrite_failed","passName":"rhythm","message":"Gemini provider not available (GEMINI_API_KEY not set)"}
# {"time":"2026-08-05T02:28:55.807Z","level":"warn","msg":"revision_rewrite_failed","passName":"rhythm","message":"Gemini provider not available (GEMINI_API_KEY not set)"}
# {"time":"2026-08-05T02:28:55.808Z","level":"warn","msg":"revision_rewrite_failed","passName":"rhythm","message":"Gemini provider not available (GEMINI_API_KEY not set)"}
# {"time":"2026-08-05T02:28:55.809Z","level":"warn","msg":"revision_rewrite_failed","passName":"rhythm","message":"Gemini provider not available (GEMINI_API_KEY not set)"}
# {"time":"2026-08-05T02:28:55.814Z","level":"warn","msg":"revision_rewrite_failed","passName":"rhythm","message":"Gemini provider not available (GEMINI_API_KEY not set)"}
# {"time":"2026-08-05T02:28:55.815Z","level":"warn","msg":"revision_rewrite_failed","passName":"rhythm","message":"Gemini provider not available (GEMINI_API_KEY not set)"}
# {"time":"2026-08-05T02:28:55.816Z","level":"warn","msg":"revision_rewrite_failed","passName":"rhythm","message":"Gemini provider not available (GEMINI_API_KEY not set)"}
# {"time":"2026-08-05T02:28:55.817Z","level":"warn","msg":"revision_rewrite_failed","passName":"rhythm","message":"Gemini provider not available (GEMINI_API_KEY not set)"}
# {"time":"2026-08-05T02:28:55.818Z","level":"warn","msg":"revision_rewrite_failed","passName":"rhythm","message":"Gemini provider not available (GEMINI_API_KEY not set)"}
# {"time":"2026-08-05T02:28:55.819Z","level":"warn","msg":"revision_rewrite_failed","passName":"rhythm","message":"Gemini provider not available (GEMINI_API_KEY not set)"}
# {"time":"2026-08-05T02:28:55.821Z","level":"warn","msg":"revision_rewrite_failed","passName":"rhythm","message":"Gemini provider not available (GEMINI_API_KEY not set)"}
# {"time":"2026-08-05T02:28:55.822Z","level":"warn","msg":"revision_rewrite_failed","passName":"rhythm","message":"Gemini provider not available (GEMINI_API_KEY not set)"}
# {"time":"2026-08-05T02:28:55.823Z","level":"warn","msg":"revision_rewrite_failed","passName":"rhythm","message":"Gemini provider not available (GEMINI_API_KEY not set)"}
# {"time":"2026-08-05T02:28:55.824Z","level":"warn","msg":"revision_rewrite_failed","passName":"rhythm","message":"Gemini provider not available (GEMINI_API_KEY not set)"}
# {"time":"2026-08-05T02:28:55.826Z","level":"warn","msg":"revision_rewrite_failed","passName":"rhythm","message":"Gemini provider not available (GEMINI_API_KEY not set)"}
# {"time":"2026-08-05T02:28:55.827Z","level":"warn","msg":"revision_rewrite_failed","passName":"rhythm","message":"Gemini provider not available (GEMINI_API_KEY not set)"}
# {"time":"2026-08-05T02:28:55.828Z","level":"warn","msg":"revision_rewrite_failed","passName":"rhythm","message":"Gemini provider not available (GEMINI_API_KEY not set)"}
# {"time":"2026-08-05T02:28:55.829Z","level":"warn","msg":"revision_rewrite_failed","passName":"rhythm","message":"Gemini provider not available (GEMINI_API_KEY not set)"}
# {"time":"2026-08-05T02:28:55.830Z","level":"warn","msg":"revision_rewrite_failed","passName":"rhythm","message":"Gemini provider not available (GEMINI_API_KEY not set)"}
# {"time":"2026-08-05T02:28:55.831Z","level":"warn","msg":"revision_rewrite_failed","passName":"rhythm","message":"Gemini provider not available (GEMINI_API_KEY not set)"}
# {"time":"2026-08-05T02:28:55.832Z","level":"warn","msg":"revision_rewrite_failed","passName":"rhythm","message":"Gemini provider not available (GEMINI_API_KEY not set)"}
# {"time":"2026-08-05T02:28:55.834Z","level":"warn","msg":"revision_rewrite_failed","passName":"rhythm","message":"Gemini provider not available (GEMINI_API_KEY not set)"}
# {"time":"2026-08-05T02:28:55.835Z","level":"warn","msg":"revision_rewrite_failed","passName":"rhythm","message":"Gemini provider not available (GEMINI_API_KEY not set)"}
# {"time":"2026-08-05T02:28:55.836Z","level":"warn","msg":"revision_rewrite_failed","passName":"rhythm","message":"Gemini provider not available (GEMINI_API_KEY not set)"}
# {"time":"2026-08-05T02:28:55.837Z","level":"warn","msg":"revision_rewrite_failed","passName":"rhythm","message":"Gemini provider not available (GEMINI_API_KEY not set)"}
# {"time":"2026-08-05T02:28:55.838Z","level":"warn","msg":"revision_rewrite_failed","passName":"rhythm","message":"Gemini provider not available (GEMINI_API_KEY not set)"}
# {"time":"2026-08-05T02:28:55.839Z","level":"warn","msg":"revision_rewrite_failed","passName":"rhythm","message":"Gemini provider not available (GEMINI_API_KEY not set)"}
# {"time":"2026-08-05T02:28:55.841Z","level":"warn","msg":"revision_rewrite_failed","passName":"rhythm","message":"Gemini provider not available (GEMINI_API_KEY not set)"}
# {"time":"2026-08-05T02:28:55.853Z","level":"warn","msg":"revision_rewrite_failed","passName":"rhythm","message":"Gemini provider not available (GEMINI_API_KEY not set)"}
# {"time":"2026-08-05T02:28:55.855Z","level":"warn","msg":"revision_rewrite_failed","passName":"rhythm","message":"Gemini provider not available (GEMINI_API_KEY not set)"}
# {"time":"2026-08-05T02:28:55.856Z","level":"warn","msg":"revision_rewrite_failed","passName":"rhythm","message":"Gemini provider not available (GEMINI_API_KEY not set)"}
# {"time":"2026-08-05T02:28:55.857Z","level":"warn","msg":"revision_rewrite_failed","passName":"rhythm","message":"Gemini provider not available (GEMINI_API_KEY not set)"}
# {"time":"2026-08-05T02:28:55.858Z","level":"warn","msg":"revision_rewrite_failed","passName":"rhythm","message":"Gemini provider not available (GEMINI_API_KEY not set)"}
# {"time":"2026-08-05T02:28:55.859Z","level":"warn","msg":"revision_rewrite_failed","passName":"rhythm","message":"Gemini provider not available (GEMINI_API_KEY not set)"}
# {"time":"2026-08-05T02:28:55.860Z","level":"warn","msg":"revision_rewrite_failed","passName":"rhythm","message":"Gemini provider not available (GEMINI_API_KEY not set)"}
# {"time":"2026-08-05T02:28:55.861Z","level":"warn","msg":"revision_rewrite_failed","passName":"rhythm","message":"Gemini provider not available (GEMINI_API_KEY not set)"}
# {"time":"2026-08-05T02:28:55.862Z","level":"warn","msg":"revision_rewrite_failed","passName":"rhythm","message":"Gemini provider not available (GEMINI_API_KEY not set)"}
# {"time":"2026-08-05T02:28:55.863Z","level":"warn","msg":"revision_rewrite_failed","passName":"rhythm","message":"Gemini provider not available (GEMINI_API_KEY not set)"}
# {"time":"2026-08-05T02:28:55.864Z","level":"warn","msg":"revision_rewrite_failed","passName":"rhythm","message":"Gemini provider not available (GEMINI_API_KEY not set)"}
# {"time":"2026-08-05T02:28:55.865Z","level":"warn","msg":"revision_rewrite_failed","passName":"rhythm","message":"Gemini provider not available (GEMINI_API_KEY not set)"}
# {"time":"2026-08-05T02:28:55.867Z","level":"warn","msg":"revision_rewrite_failed","passName":"rhythm","message":"Gemini provider not available (GEMINI_API_KEY not set)"}
# {"time":"2026-08-05T02:28:55.868Z","level":"warn","msg":"revision_rewrite_failed","passName":"rhythm","message":"Gemini provider not available (GEMINI_API_KEY not set)"}
# {"time":"2026-08-05T02:28:55.869Z","level":"warn","msg":"revision_rewrite_failed","passName":"rhythm","message":"Gemini provider not available (GEMINI_API_KEY not set)"}
# {"time":"2026-08-05T02:28:55.870Z","level":"warn","msg":"revision_rewrite_failed","passName":"rhythm","message":"Gemini provider not available (GEMINI_API_KEY not set)"}
# {"time":"2026-08-05T02:28:55.871Z","level":"warn","msg":"revision_rewrite_failed","passName":"rhythm","message":"Gemini provider not available (GEMINI_API_KEY not set)"}
# {"time":"2026-08-05T02:28:55.872Z","level":"warn","msg":"revision_rewrite_failed","passName":"rhythm","message":"Gemini provider not available (GEMINI_API_KEY not set)"}
# {"time":"2026-08-05T02:28:55.874Z","level":"warn","msg":"revision_rewrite_failed","passName":"rhythm","message":"Gemini provider not available (GEMINI_API_KEY not set)"}
# {"time":"2026-08-05T02:28:55.875Z","level":"warn","msg":"revision_rewrite_failed","passName":"rhythm","message":"Gemini provider not available (GEMINI_API_KEY not set)"}
# {"time":"2026-08-05T02:28:55.876Z","level":"warn","msg":"revision_rewrite_failed","passName":"rhythm","message":"Gemini provider not available (GEMINI_API_KEY not set)"}
# {"time":"2026-08-05T02:28:55.877Z","level":"warn","msg":"revision_rewrite_failed","passName":"rhythm","message":"Gemini provider not available (GEMINI_API_KEY not set)"}
# {"time":"2026-08-05T02:28:55.878Z","level":"warn","msg":"revision_rewrite_failed","passName":"rhythm","message":"Gemini provider not available (GEMINI_API_KEY not set)"}
# {"time":"2026-08-05T02:28:55.879Z","level":"warn","msg":"revision_rewrite_failed","passName":"rhythm","message":"Gemini provider not available (GEMINI_API_KEY not set)"}
# {"time":"2026-08-05T02:28:55.880Z","level":"warn","msg":"revision_rewrite_failed","passName":"rhythm","message":"Gemini provider not available (GEMINI_API_KEY not set)"}
# {"time":"2026-08-05T02:28:55.881Z","level":"warn","msg":"revision_rewrite_failed","passName":"rhythm","message":"Gemini provider not available (GEMINI_API_KEY not set)"}
# {"time":"2026-08-05T02:28:55.882Z","level":"warn","msg":"revision_rewrite_failed","passName":"rhythm","message":"Gemini provider not available (GEMINI_API_KEY not set)"}
# {"time":"2026-08-05T02:28:55.884Z","level":"warn","msg":"revision_rewrite_failed","passName":"rhythm","message":"Gemini provider not available (GEMINI_API_KEY not set)"}
# {"time":"2026-08-05T02:28:55.885Z","level":"warn","msg":"revision_rewrite_failed","passName":"rhythm","message":"Gemini provider not available (GEMINI_API_KEY not set)"}
# {"time":"2026-08-05T02:28:55.886Z","level":"warn","msg":"revision_rewrite_failed","passName":"rhythm","message":"Gemini provider not available (GEMINI_API_KEY not set)"}
# {"time":"2026-08-05T02:28:55.887Z","level":"warn","msg":"revision_rewrite_failed","passName":"rhythm","message":"Gemini provider not available (GEMINI_API_KEY not set)"}
# {"time":"2026-08-05T02:28:55.889Z","level":"warn","msg":"revision_rewrite_failed","passName":"rhythm","message":"Gemini provider not available (GEMINI_API_KEY not set)"}
# {"time":"2026-08-05T02:28:55.890Z","level":"warn","msg":"revision_rewrite_failed","passName":"rhythm","message":"Gemini provider not available (GEMINI_API_KEY not set)"}
# {"time":"2026-08-05T02:28:55.890Z","level":"warn","msg":"revision_rewrite_failed","passName":"rhythm","message":"Gemini provider not available (GEMINI_API_KEY not set)"}
# {"time":"2026-08-05T02:28:55.891Z","level":"warn","msg":"revision_rewrite_failed","passName":"rhythm","message":"Gemini provider not available (GEMINI_API_KEY not set)"}
# {"time":"2026-08-05T02:28:55.892Z","level":"warn","msg":"revision_rewrite_failed","passName":"rhythm","message":"Gemini provider not available (GEMINI_API_KEY not set)"}
# {"time":"2026-08-05T02:28:55.894Z","level":"warn","msg":"revision_rewrite_failed","passName":"rhythm","message":"Gemini provider not available (GEMINI_API_KEY not set)"}
# {"time":"2026-08-05T02:28:55.895Z","level":"warn","msg":"revision_rewrite_failed","passName":"rhythm","message":"Gemini provider not available (GEMINI_API_KEY not set)"}
# {"time":"2026-08-05T02:28:55.896Z","level":"warn","msg":"revision_rewrite_failed","passName":"rhythm","message":"Gemini provider not available (GEMINI_API_KEY not set)"}
# {"time":"2026-08-05T02:28:55.897Z","level":"warn","msg":"revision_rewrite_failed","passName":"rhythm","message":"Gemini provider not available (GEMINI_API_KEY not set)"}
# {"time":"2026-08-05T02:28:55.897Z","level":"warn","msg":"revision_rewrite_failed","passName":"rhythm","message":"Gemini provider not available (GEMINI_API_KEY not set)"}
# {"time":"2026-08-05T02:28:55.898Z","level":"warn","msg":"revision_rewrite_failed","passName":"rhythm","message":"Gemini provider not available (GEMINI_API_KEY not set)"}
# {"time":"2026-08-05T02:28:55.900Z","level":"warn","msg":"revision_rewrite_failed","passName":"rhythm","message":"Gemini provider not available (GEMINI_API_KEY not set)"}
# {"time":"2026-08-05T02:28:55.901Z","level":"warn","msg":"revision_rewrite_failed","passName":"rhythm","message":"Gemini provider not available (GEMINI_API_KEY not set)"}
# {"time":"2026-08-05T02:28:55.902Z","level":"warn","msg":"revision_rewrite_failed","passName":"rhythm","message":"Gemini provider not available (GEMINI_API_KEY not set)"}
# {"time":"2026-08-05T02:28:55.903Z","level":"warn","msg":"revision_rewrite_failed","passName":"rhythm","message":"Gemini provider not available (GEMINI_API_KEY not set)"}
# {"time":"2026-08-05T02:28:55.904Z","level":"warn","msg":"revision_rewrite_failed","passName":"rhythm","message":"Gemini provider not available (GEMINI_API_KEY not set)"}
# {"time":"2026-08-05T02:28:55.905Z","level":"warn","msg":"revision_rewrite_failed","passName":"rhythm","message":"Gemini provider not available (GEMINI_API_KEY not set)"}
# {"time":"2026-08-05T02:28:55.906Z","level":"warn","msg":"revision_rewrite_failed","passName":"rhythm","message":"Gemini provider not available (GEMINI_API_KEY not set)"}
# {"time":"2026-08-05T02:28:55.907Z","level":"warn","msg":"revision_rewrite_failed","passName":"rhythm","message":"Gemini provider not available (GEMINI_API_KEY not set)"}
# {"time":"2026-08-05T02:28:55.908Z","level":"warn","msg":"revision_rewrite_failed","passName":"rhythm","message":"Gemini provider not available (GEMINI_API_KEY not set)"}
# {"time":"2026-08-05T02:28:55.909Z","level":"warn","msg":"revision_rewrite_failed","passName":"rhythm","message":"Gemini provider not available (GEMINI_API_KEY not set)"}
# {"time":"2026-08-05T02:28:55.911Z","level":"warn","msg":"revision_rewrite_failed","passName":"rhythm","message":"Gemini provider not available (GEMINI_API_KEY not set)"}
# {"time":"2026-08-05T02:28:55.912Z","level":"warn","msg":"revision_rewrite_failed","passName":"rhythm","message":"Gemini provider not available (GEMINI_API_KEY not set)"}
# {"time":"2026-08-05T02:28:55.913Z","level":"warn","msg":"revision_rewrite_failed","passName":"rhythm","message":"Gemini provider not available (GEMINI_API_KEY not set)"}
# {"time":"2026-08-05T02:28:55.914Z","level":"warn","msg":"revision_rewrite_failed","passName":"rhythm","message":"Gemini provider not available (GEMINI_API_KEY not set)"}
# {"time":"2026-08-05T02:28:55.915Z","level":"warn","msg":"revision_rewrite_failed","passName":"rhythm","message":"Gemini provider not available (GEMINI_API_KEY not set)"}
# {"time":"2026-08-05T02:28:55.916Z","level":"warn","msg":"revision_rewrite_failed","passName":"rhythm","message":"Gemini provider not available (GEMINI_API_KEY not set)"}
# {"time":"2026-08-05T02:28:55.917Z","level":"warn","msg":"revision_rewrite_failed","passName":"rhythm","message":"Gemini provider not available (GEMINI_API_KEY not set)"}
# {"time":"2026-08-05T02:28:55.918Z","level":"warn","msg":"revision_rewrite_failed","passName":"rhythm","message":"Gemini provider not available (GEMINI_API_KEY not set)"}
# {"time":"2026-08-05T02:28:55.919Z","level":"warn","msg":"revision_rewrite_failed","passName":"rhythm","message":"Gemini provider not available (GEMINI_API_KEY not set)"}
# {"time":"2026-08-05T02:28:55.920Z","level":"warn","msg":"revision_rewrite_failed","passName":"rhythm","message":"Gemini provider not available (GEMINI_API_KEY not set)"}
# {"time":"2026-08-05T02:28:55.921Z","level":"warn","msg":"revision_rewrite_failed","passName":"rhythm","message":"Gemini provider not available (GEMINI_API_KEY not set)"}
# {"time":"2026-08-05T02:28:55.923Z","level":"warn","msg":"revision_rewrite_failed","passName":"rhythm","message":"Gemini provider not available (GEMINI_API_KEY not set)"}
# {"time":"2026-08-05T02:28:55.924Z","level":"warn","msg":"revision_rewrite_failed","passName":"rhythm","message":"Gemini provider not available (GEMINI_API_KEY not set)"}
# {"time":"2026-08-05T02:28:55.925Z","level":"warn","msg":"revision_rewrite_failed","passName":"rhythm","message":"Gemini provider not available (GEMINI_API_KEY not set)"}
# {"time":"2026-08-05T02:28:55.926Z","level":"warn","msg":"revision_rewrite_failed","passName":"rhythm","message":"Gemini provider not available (GEMINI_API_KEY not set)"}
# {"time":"2026-08-05T02:28:55.927Z","level":"warn","msg":"revision_rewrite_failed","passName":"rhythm","message":"Gemini provider not available (GEMINI_API_KEY not set)"}
# {"time":"2026-08-05T02:28:55.932Z","level":"warn","msg":"revision_rewrite_failed","passName":"rhythm","message":"Gemini provider not available (GEMINI_API_KEY not set)"}
# {"time":"2026-08-05T02:28:55.933Z","level":"warn","msg":"revision_rewrite_failed","passName":"rhythm","message":"Gemini provider not available (GEMINI_API_KEY not set)"}
# {"time":"2026-08-05T02:28:55.934Z","level":"warn","msg":"revision_rewrite_failed","passName":"rhythm","message":"Gemini provider not available (GEMINI_API_KEY not set)"}
# {"time":"2026-08-05T02:28:55.934Z","level":"warn","msg":"revision_rewrite_failed","passName":"rhythm","message":"Gemini provider not available (GEMINI_API_KEY not set)"}
# {"time":"2026-08-05T02:28:55.936Z","level":"warn","msg":"revision_rewrite_failed","passName":"rhythm","message":"Gemini provider not available (GEMINI_API_KEY not set)"}
# {"time":"2026-08-05T02:28:55.937Z","level":"warn","msg":"revision_rewrite_failed","passName":"rhythm","message":"Gemini provider not available (GEMINI_API_KEY not set)"}
# {"time":"2026-08-05T02:28:55.937Z","level":"warn","msg":"revision_rewrite_failed","passName":"rhythm","message":"Gemini provider not available (GEMINI_API_KEY not set)"}
# {"time":"2026-08-05T02:28:55.938Z","level":"warn","msg":"revision_rewrite_failed","passName":"rhythm","message":"Gemini provider not available (GEMINI_API_KEY not set)"}
# {"time":"2026-08-05T02:28:55.939Z","level":"warn","msg":"revision_rewrite_failed","passName":"rhythm","message":"Gemini provider not available (GEMINI_API_KEY not set)"}
# {"time":"2026-08-05T02:28:55.940Z","level":"warn","msg":"revision_rewrite_failed","passName":"rhythm","message":"Gemini provider not available (GEMINI_API_KEY not set)"}
# {"time":"2026-08-05T02:28:55.941Z","level":"warn","msg":"revision_rewrite_failed","passName":"rhythm","message":"Gemini provider not available (GEMINI_API_KEY not set)"}
# {"time":"2026-08-05T02:28:55.941Z","level":"warn","msg":"revision_rewrite_failed","passName":"rhythm","message":"Gemini provider not available (GEMINI_API_KEY not set)"}
# {"time":"2026-08-05T02:28:55.943Z","level":"warn","msg":"revision_rewrite_failed","passName":"rhythm","message":"Gemini provider not available (GEMINI_API_KEY not set)"}
# {"time":"2026-08-05T02:28:55.944Z","level":"warn","msg":"revision_rewrite_failed","passName":"rhythm","message":"Gemini provider not available (GEMINI_API_KEY not set)"}
# {"time":"2026-08-05T02:28:55.945Z","level":"warn","msg":"revision_rewrite_failed","passName":"rhythm","message":"Gemini provider not available (GEMINI_API_KEY not set)"}
# {"time":"2026-08-05T02:28:55.946Z","level":"warn","msg":"revision_rewrite_failed","passName":"rhythm","message":"Gemini provider not available (GEMINI_API_KEY not set)"}
# {"time":"2026-08-05T02:28:55.948Z","level":"warn","msg":"revision_rewrite_failed","passName":"rhythm","message":"Gemini provider not available (GEMINI_API_KEY not set)"}
# {"time":"2026-08-05T02:28:55.949Z","level":"warn","msg":"revision_rewrite_failed","passName":"rhythm","message":"Gemini provider not available (GEMINI_API_KEY not set)"}
# {"time":"2026-08-05T02:28:55.950Z","level":"warn","msg":"revision_rewrite_failed","passName":"rhythm","message":"Gemini provider not available (GEMINI_API_KEY not set)"}
# {"time":"2026-08-05T02:28:55.951Z","level":"warn","msg":"revision_rewrite_failed","passName":"rhythm","message":"Gemini provider not available (GEMINI_API_KEY not set)"}
# {"time":"2026-08-05T02:28:55.952Z","level":"warn","msg":"revision_rewrite_failed","passName":"rhythm","message":"Gemini provider not available (GEMINI_API_KEY not set)"}
# {"time":"2026-08-05T02:28:55.953Z","level":"warn","msg":"revision_rewrite_failed","passName":"rhythm","message":"Gemini provider not available (GEMINI_API_KEY not set)"}
# {"time":"2026-08-05T02:28:55.954Z","level":"warn","msg":"revision_rewrite_failed","passName":"rhythm","message":"Gemini provider not available (GEMINI_API_KEY not set)"}
# {"time":"2026-08-05T02:28:55.955Z","level":"warn","msg":"revision_rewrite_failed","passName":"rhythm","message":"Gemini provider not available (GEMINI_API_KEY not set)"}
# {"time":"2026-08-05T02:28:55.956Z","level":"warn","msg":"revision_rewrite_failed","passName":"rhythm","message":"Gemini provider not available (GEMINI_API_KEY not set)"}
# {"time":"2026-08-05T02:28:55.957Z","level":"warn","msg":"revision_rewrite_failed","passName":"rhythm","message":"Gemini provider not available (GEMINI_API_KEY not set)"}
# {"time":"2026-08-05T02:28:55.959Z","level":"warn","msg":"revision_rewrite_failed","passName":"rhythm","message":"Gemini provider not available (GEMINI_API_KEY not set)"}
# {"time":"2026-08-05T02:28:55.960Z","level":"warn","msg":"revision_rewrite_failed","passName":"rhythm","message":"Gemini provider not available (GEMINI_API_KEY not set)"}
# {"time":"2026-08-05T02:28:55.961Z","level":"warn","msg":"revision_rewrite_failed","passName":"rhythm","message":"Gemini provider not available (GEMINI_API_KEY not set)"}
# {"time":"2026-08-05T02:28:55.962Z","level":"warn","msg":"revision_rewrite_failed","passName":"rhythm","message":"Gemini provider not available (GEMINI_API_KEY not set)"}
# {"time":"2026-08-05T02:28:55.964Z","level":"warn","msg":"revision_rewrite_failed","passName":"rhythm","message":"Gemini provider not available (GEMINI_API_KEY not set)"}
# {"time":"2026-08-05T02:28:55.965Z","level":"warn","msg":"revision_rewrite_failed","passName":"rhythm","message":"Gemini provider not available (GEMINI_API_KEY not set)"}
# {"time":"2026-08-05T02:28:55.966Z","level":"warn","msg":"revision_rewrite_failed","passName":"rhythm","message":"Gemini provider not available (GEMINI_API_KEY not set)"}
# {"time":"2026-08-05T02:28:55.967Z","level":"warn","msg":"revision_rewrite_failed","passName":"rhythm","message":"Gemini provider not available (GEMINI_API_KEY not set)"}
# {"time":"2026-08-05T02:28:55.969Z","level":"warn","msg":"revision_rewrite_failed","passName":"rhythm","message":"Gemini provider not available (GEMINI_API_KEY not set)"}
# {"time":"2026-08-05T02:28:55.970Z","level":"warn","msg":"revision_rewrite_failed","passName":"rhythm","message":"Gemini provider not available (GEMINI_API_KEY not set)"}
# {"time":"2026-08-05T02:28:55.971Z","level":"warn","msg":"revision_rewrite_failed","passName":"rhythm","message":"Gemini provider not available (GEMINI_API_KEY not set)"}
# {"time":"2026-08-05T02:28:55.973Z","level":"warn","msg":"revision_rewrite_failed","passName":"rhythm","message":"Gemini provider not available (GEMINI_API_KEY not set)"}
# {"time":"2026-08-05T02:28:55.974Z","level":"warn","msg":"revision_rewrite_failed","passName":"rhythm","message":"Gemini provider not available (GEMINI_API_KEY not set)"}
# {"time":"2026-08-05T02:28:55.975Z","level":"warn","msg":"revision_rewrite_failed","passName":"rhythm","message":"Gemini provider not available (GEMINI_API_KEY not set)"}
# {"time":"2026-08-05T02:28:55.977Z","level":"warn","msg":"revision_rewrite_failed","passName":"rhythm","message":"Gemini provider not available (GEMINI_API_KEY not set)"}
# {"time":"2026-08-05T02:28:55.978Z","level":"warn","msg":"revision_rewrite_failed","passName":"rhythm","message":"Gemini provider not available (GEMINI_API_KEY not set)"}
# {"time":"2026-08-05T02:28:55.979Z","level":"warn","msg":"revision_rewrite_failed","passName":"rhythm","message":"Gemini provider not available (GEMINI_API_KEY not set)"}
# {"time":"2026-08-05T02:28:55.980Z","level":"warn","msg":"revision_rewrite_failed","passName":"rhythm","message":"Gemini provider not available (GEMINI_API_KEY not set)"}
# {"time":"2026-08-05T02:28:55.981Z","level":"warn","msg":"revision_rewrite_failed","passName":"rhythm","message":"Gemini provider not available (GEMINI_API_KEY not set)"}
# {"time":"2026-08-05T02:28:55.982Z","level":"warn","msg":"revision_rewrite_failed","passName":"rhythm","message":"Gemini provider not available (GEMINI_API_KEY not set)"}
# {"time":"2026-08-05T02:28:55.983Z","level":"warn","msg":"revision_rewrite_failed","passName":"rhythm","message":"Gemini provider not available (GEMINI_API_KEY not set)"}
# {"time":"2026-08-05T02:28:55.984Z","level":"warn","msg":"revision_rewrite_failed","passName":"rhythm","message":"Gemini provider not available (GEMINI_API_KEY not set)"}
# {"time":"2026-08-05T02:28:55.986Z","level":"warn","msg":"revision_rewrite_failed","passName":"rhythm","message":"Gemini provider not available (GEMINI_API_KEY not set)"}
# {"time":"2026-08-05T02:28:55.987Z","level":"warn","msg":"revision_rewrite_failed","passName":"rhythm","message":"Gemini provider not available (GEMINI_API_KEY not set)"}
# {"time":"2026-08-05T02:28:55.988Z","level":"warn","msg":"revision_rewrite_failed","passName":"rhythm","message":"Gemini provider not available (GEMINI_API_KEY not set)"}
# {"time":"2026-08-05T02:28:55.989Z","level":"warn","msg":"revision_rewrite_failed","passName":"rhythm","message":"Gemini provider not available (GEMINI_API_KEY not set)"}
# {"time":"2026-08-05T02:28:55.990Z","level":"warn","msg":"revision_rewrite_failed","passName":"rhythm","message":"Gemini provider not available (GEMINI_API_KEY not set)"}
# {"time":"2026-08-05T02:28:55.991Z","level":"warn","msg":"revision_rewrite_failed","passName":"rhythm","message":"Gemini provider not available (GEMINI_API_KEY not set)"}
# {"time":"2026-08-05T02:28:55.993Z","level":"warn","msg":"revision_rewrite_failed","passName":"rhythm","message":"Gemini provider not available (GEMINI_API_KEY not set)"}
# {"time":"2026-08-05T02:28:55.994Z","level":"warn","msg":"revision_rewrite_failed","passName":"rhythm","message":"Gemini provider not available (GEMINI_API_KEY not set)"}
# {"time":"2026-08-05T02:28:55.995Z","level":"warn","msg":"revision_rewrite_failed","passName":"rhythm","message":"Gemini provider not available (GEMINI_API_KEY not set)"}
# {"time":"2026-08-05T02:28:55.996Z","level":"warn","msg":"revision_rewrite_failed","passName":"rhythm","message":"Gemini provider not available (GEMINI_API_KEY not set)"}
# {"time":"2026-08-05T02:28:55.998Z","level":"warn","msg":"revision_rewrite_failed","passName":"rhythm","message":"Gemini provider not available (GEMINI_API_KEY not set)"}
# {"time":"2026-08-05T02:28:55.999Z","level":"warn","msg":"revision_rewrite_failed","passName":"rhythm","message":"Gemini provider not available (GEMINI_API_KEY not set)"}
# {"time":"2026-08-05T02:28:56.000Z","level":"warn","msg":"revision_rewrite_failed","passName":"rhythm","message":"Gemini provider not available (GEMINI_API_KEY not set)"}
# {"time":"2026-08-05T02:28:56.000Z","level":"warn","msg":"revision_rewrite_failed","passName":"rhythm","message":"Gemini provider not available (GEMINI_API_KEY not set)"}
# {"time":"2026-08-05T02:28:56.001Z","level":"warn","msg":"revision_rewrite_failed","passName":"rhythm","message":"Gemini provider not available (GEMINI_API_KEY not set)"}
# {"time":"2026-08-05T02:28:56.002Z","level":"warn","msg":"revision_rewrite_failed","passName":"rhythm","message":"Gemini provider not available (GEMINI_API_KEY not set)"}
# {"time":"2026-08-05T02:28:56.009Z","level":"warn","msg":"revision_rewrite_failed","passName":"rhythm","message":"Gemini provider not available (GEMINI_API_KEY not set)"}
# {"time":"2026-08-05T02:28:56.010Z","level":"warn","msg":"revision_rewrite_failed","passName":"rhythm","message":"Gemini provider not available (GEMINI_API_KEY not set)"}
# {"time":"2026-08-05T02:28:56.011Z","level":"warn","msg":"revision_rewrite_failed","passName":"rhythm","message":"Gemini provider not available (GEMINI_API_KEY not set)"}
# {"time":"2026-08-05T02:28:56.012Z","level":"warn","msg":"revision_rewrite_failed","passName":"rhythm","message":"Gemini provider not available (GEMINI_API_KEY not set)"}
# {"time":"2026-08-05T02:28:56.013Z","level":"warn","msg":"revision_rewrite_failed","passName":"rhythm","message":"Gemini provider not available (GEMINI_API_KEY not set)"}
# {"time":"2026-08-05T02:28:56.016Z","level":"warn","msg":"revision_rewrite_failed","passName":"rhythm","message":"Gemini provider not available (GEMINI_API_KEY not set)"}
# {"time":"2026-08-05T02:28:56.017Z","level":"warn","msg":"revision_rewrite_failed","passName":"rhythm","message":"Gemini provider not available (GEMINI_API_KEY not set)"}
# {"time":"2026-08-05T02:28:56.018Z","level":"warn","msg":"revision_rewrite_failed","passName":"rhythm","message":"Gemini provider not available (GEMINI_API_KEY not set)"}
# {"time":"2026-08-05T02:28:56.021Z","level":"warn","msg":"revision_rewrite_failed","passName":"rhythm","message":"Gemini provider not available (GEMINI_API_KEY not set)"}
# {"time":"2026-08-05T02:28:56.023Z","level":"warn","msg":"revision_rewrite_failed","passName":"rhythm","message":"Gemini provider not available (GEMINI_API_KEY not set)"}
# {"time":"2026-08-05T02:28:56.024Z","level":"warn","msg":"revision_rewrite_failed","passName":"rhythm","message":"Gemini provider not available (GEMINI_API_KEY not set)"}
# {"time":"2026-08-05T02:28:56.025Z","level":"warn","msg":"revision_rewrite_failed","passName":"rhythm","message":"Gemini provider not available (GEMINI_API_KEY not set)"}
# {"time":"2026-08-05T02:28:56.026Z","level":"warn","msg":"revision_rewrite_failed","passName":"rhythm","message":"Gemini provider not available (GEMINI_API_KEY not set)"}
# {"time":"2026-08-05T02:28:56.028Z","level":"warn","msg":"revision_rewrite_failed","passName":"rhythm","message":"Gemini provider not available (GEMINI_API_KEY not set)"}
# {"time":"2026-08-05T02:28:56.029Z","level":"warn","msg":"revision_rewrite_failed","passName":"rhythm","message":"Gemini provider not available (GEMINI_API_KEY not set)"}
# {"time":"2026-08-05T02:28:56.031Z","level":"warn","msg":"revision_rewrite_failed","passName":"rhythm","message":"Gemini provider not available (GEMINI_API_KEY not set)"}
# {"time":"2026-08-05T02:28:56.033Z","level":"warn","msg":"revision_rewrite_failed","passName":"rhythm","message":"Gemini provider not available (GEMINI_API_KEY not set)"}
# {"time":"2026-08-05T02:28:56.034Z","level":"warn","msg":"revision_rewrite_failed","passName":"rhythm","message":"Gemini provider not available (GEMINI_API_KEY not set)"}
# {"time":"2026-08-05T02:28:56.035Z","level":"warn","msg":"revision_rewrite_failed","passName":"rhythm","message":"Gemini provider not available (GEMINI_API_KEY not set)"}
# {"time":"2026-08-05T02:28:56.038Z","level":"warn","msg":"revision_rewrite_failed","passName":"rhythm","message":"Gemini provider not available (GEMINI_API_KEY not set)"}
# {"time":"2026-08-05T02:28:56.039Z","level":"warn","msg":"revision_rewrite_failed","passName":"rhythm","message":"Gemini provider not available (GEMINI_API_KEY not set)"}
# {"time":"2026-08-05T02:28:56.040Z","level":"warn","msg":"revision_rewrite_failed","passName":"rhythm","message":"Gemini provider not available (GEMINI_API_KEY not set)"}
# {"time":"2026-08-05T02:28:56.041Z","level":"warn","msg":"revision_rewrite_failed","passName":"rhythm","message":"Gemini provider not available (GEMINI_API_KEY not set)"}
# {"time":"2026-08-05T02:28:56.042Z","level":"warn","msg":"revision_rewrite_failed","passName":"rhythm","message":"Gemini provider not available (GEMINI_API_KEY not set)"}
# {"time":"2026-08-05T02:28:56.044Z","level":"warn","msg":"revision_rewrite_failed","passName":"rhythm","message":"Gemini provider not available (GEMINI_API_KEY not set)"}
# {"time":"2026-08-05T02:28:56.045Z","level":"warn","msg":"revision_rewrite_failed","passName":"rhythm","message":"Gemini provider not available (GEMINI_API_KEY not set)"}
# {"time":"2026-08-05T02:28:56.046Z","level":"warn","msg":"revision_rewrite_failed","passName":"rhythm","message":"Gemini provider not available (GEMINI_API_KEY not set)"}
# {"time":"2026-08-05T02:28:56.047Z","level":"warn","msg":"revision_rewrite_failed","passName":"rhythm","message":"Gemini provider not available (GEMINI_API_KEY not set)"}
# {"time":"2026-08-05T02:28:56.048Z","level":"warn","msg":"revision_rewrite_failed","passName":"rhythm","message":"Gemini provider not available (GEMINI_API_KEY not set)"}
# {"time":"2026-08-05T02:28:56.049Z","level":"warn","msg":"revision_rewrite_failed","passName":"rhythm","message":"Gemini provider not available (GEMINI_API_KEY not set)"}
# {"time":"2026-08-05T02:28:56.050Z","level":"warn","msg":"revision_rewrite_failed","passName":"rhythm","message":"Gemini provider not available (GEMINI_API_KEY not set)"}
# {"time":"2026-08-05T02:28:56.051Z","level":"warn","msg":"revision_rewrite_failed","passName":"rhythm","message":"Gemini provider not available (GEMINI_API_KEY not set)"}
# {"time":"2026-08-05T02:28:56.052Z","level":"warn","msg":"revision_rewrite_failed","passName":"rhythm","message":"Gemini provider not available (GEMINI_API_KEY not set)"}
# {"time":"2026-08-05T02:28:56.054Z","level":"warn","msg":"revision_rewrite_failed","passName":"rhythm","message":"Gemini provider not available (GEMINI_API_KEY not set)"}
# {"time":"2026-08-05T02:28:56.055Z","level":"warn","msg":"revision_rewrite_failed","passName":"rhythm","message":"Gemini provider not available (GEMINI_API_KEY not set)"}
# {"time":"2026-08-05T02:28:56.055Z","level":"warn","msg":"revision_rewrite_failed","passName":"rhythm","message":"Gemini provider not available (GEMINI_API_KEY not set)"}
# {"time":"2026-08-05T02:28:56.057Z","level":"warn","msg":"revision_rewrite_failed","passName":"rhythm","message":"Gemini provider not available (GEMINI_API_KEY not set)"}
# {"time":"2026-08-05T02:28:56.057Z","level":"warn","msg":"revision_rewrite_failed","passName":"rhythm","message":"Gemini provider not available (GEMINI_API_KEY not set)"}
# {"time":"2026-08-05T02:28:56.058Z","level":"warn","msg":"revision_rewrite_failed","passName":"rhythm","message":"Gemini provider not available (GEMINI_API_KEY not set)"}
# {"time":"2026-08-05T02:28:56.059Z","level":"warn","msg":"revision_rewrite_failed","passName":"rhythm","message":"Gemini provider not available (GEMINI_API_KEY not set)"}
# {"time":"2026-08-05T02:28:56.061Z","level":"warn","msg":"revision_rewrite_failed","passName":"rhythm","message":"Gemini provider not available (GEMINI_API_KEY not set)"}
# {"time":"2026-08-05T02:28:56.062Z","level":"warn","msg":"revision_rewrite_failed","passName":"rhythm","message":"Gemini provider not available (GEMINI_API_KEY not set)"}
# {"time":"2026-08-05T02:28:56.063Z","level":"warn","msg":"revision_rewrite_failed","passName":"rhythm","message":"Gemini provider not available (GEMINI_API_KEY not set)"}
# {"time":"2026-08-05T02:28:56.065Z","level":"warn","msg":"revision_rewrite_failed","passName":"rhythm","message":"Gemini provider not available (GEMINI_API_KEY not set)"}
# {"time":"2026-08-05T02:28:56.066Z","level":"warn","msg":"revision_rewrite_failed","passName":"rhythm","message":"Gemini provider not available (GEMINI_API_KEY not set)"}
# {"time":"2026-08-05T02:28:56.067Z","level":"warn","msg":"revision_rewrite_failed","passName":"rhythm","message":"Gemini provider not available (GEMINI_API_KEY not set)"}
# {"time":"2026-08-05T02:28:56.068Z","level":"warn","msg":"revision_rewrite_failed","passName":"rhythm","message":"Gemini provider not available (GEMINI_API_KEY not set)"}
# {"time":"2026-08-05T02:28:56.069Z","level":"warn","msg":"revision_rewrite_failed","passName":"rhythm","message":"Gemini provider not available (GEMINI_API_KEY not set)"}
# {"time":"2026-08-05T02:28:56.074Z","level":"warn","msg":"revision_rewrite_failed","passName":"rhythm","message":"Gemini provider not available (GEMINI_API_KEY not set)"}
# {"time":"2026-08-05T02:28:56.075Z","level":"warn","msg":"revision_rewrite_failed","passName":"rhythm","message":"Gemini provider not available (GEMINI_API_KEY not set)"}
# {"time":"2026-08-05T02:28:56.076Z","level":"warn","msg":"revision_rewrite_failed","passName":"rhythm","message":"Gemini provider not available (GEMINI_API_KEY not set)"}
# {"time":"2026-08-05T02:28:56.077Z","level":"warn","msg":"revision_rewrite_failed","passName":"rhythm","message":"Gemini provider not available (GEMINI_API_KEY not set)"}
# {"time":"2026-08-05T02:28:56.077Z","level":"warn","msg":"revision_rewrite_failed","passName":"rhythm","message":"Gemini provider not available (GEMINI_API_KEY not set)"}
# {"time":"2026-08-05T02:28:56.078Z","level":"warn","msg":"revision_rewrite_failed","passName":"rhythm","message":"Gemini provider not available (GEMINI_API_KEY not set)"}
# {"time":"2026-08-05T02:28:56.079Z","level":"warn","msg":"revision_rewrite_failed","passName":"rhythm","message":"Gemini provider not available (GEMINI_API_KEY not set)"}
# {"time":"2026-08-05T02:28:56.080Z","level":"warn","msg":"revision_rewrite_failed","passName":"rhythm","message":"Gemini provider not available (GEMINI_API_KEY not set)"}
# {"time":"2026-08-05T02:28:56.081Z","level":"warn","msg":"revision_rewrite_failed","passName":"rhythm","message":"Gemini provider not available (GEMINI_API_KEY not set)"}
# {"time":"2026-08-05T02:28:56.082Z","level":"warn","msg":"revision_rewrite_failed","passName":"rhythm","message":"Gemini provider not available (GEMINI_API_KEY not set)"}
# {"time":"2026-08-05T02:28:56.083Z","level":"warn","msg":"revision_rewrite_failed","passName":"rhythm","message":"Gemini provider not available (GEMINI_API_KEY not set)"}
# {"time":"2026-08-05T02:28:56.084Z","level":"warn","msg":"revision_rewrite_failed","passName":"rhythm","message":"Gemini provider not available (GEMINI_API_KEY not set)"}
# {"time":"2026-08-05T02:28:56.085Z","level":"warn","msg":"revision_rewrite_failed","passName":"rhythm","message":"Gemini provider not available (GEMINI_API_KEY not set)"}
# {"time":"2026-08-05T02:28:56.086Z","level":"warn","msg":"revision_rewrite_failed","passName":"rhythm","message":"Gemini provider not available (GEMINI_API_KEY not set)"}
# {"time":"2026-08-05T02:28:56.087Z","level":"warn","msg":"revision_rewrite_failed","passName":"rhythm","message":"Gemini provider not available (GEMINI_API_KEY not set)"}
# {"time":"2026-08-05T02:28:56.088Z","level":"warn","msg":"revision_rewrite_failed","passName":"rhythm","message":"Gemini provider not available (GEMINI_API_KEY not set)"}
# {"time":"2026-08-05T02:28:56.089Z","level":"warn","msg":"revision_rewrite_failed","passName":"rhythm","message":"Gemini provider not available (GEMINI_API_KEY not set)"}
# {"time":"2026-08-05T02:28:56.099Z","level":"warn","msg":"revision_rewrite_failed","passName":"rhythm","message":"Gemini provider not available (GEMINI_API_KEY not set)"}
# {"time":"2026-08-05T02:28:56.100Z","level":"warn","msg":"revision_rewrite_failed","passName":"rhythm","message":"Gemini provider not available (GEMINI_API_KEY not set)"}
# {"time":"2026-08-05T02:28:56.101Z","level":"warn","msg":"revision_rewrite_failed","passName":"rhythm","message":"Gemini provider not available (GEMINI_API_KEY not set)"}
# {"time":"2026-08-05T02:28:56.102Z","level":"warn","msg":"revision_rewrite_failed","passName":"rhythm","message":"Gemini provider not available (GEMINI_API_KEY not set)"}
# {"time":"2026-08-05T02:28:56.103Z","level":"warn","msg":"revision_rewrite_failed","passName":"rhythm","message":"Gemini provider not available (GEMINI_API_KEY not set)"}
# {"time":"2026-08-05T02:28:56.105Z","level":"warn","msg":"revision_rewrite_failed","passName":"rhythm","message":"Gemini provider not available (GEMINI_API_KEY not set)"}
# {"time":"2026-08-05T02:28:56.106Z","level":"warn","msg":"revision_rewrite_failed","passName":"rhythm","message":"Gemini provider not available (GEMINI_API_KEY not set)"}
# {"time":"2026-08-05T02:28:56.107Z","level":"warn","msg":"revision_rewrite_failed","passName":"rhythm","message":"Gemini provider not available (GEMINI_API_KEY not set)"}
# {"time":"2026-08-05T02:28:56.107Z","level":"warn","msg":"revision_rewrite_failed","passName":"rhythm","message":"Gemini provider not available (GEMINI_API_KEY not set)"}
# {"time":"2026-08-05T02:28:56.108Z","level":"warn","msg":"revision_rewrite_failed","passName":"rhythm","message":"Gemini provider not available (GEMINI_API_KEY not set)"}
# {"time":"2026-08-05T02:28:56.109Z","level":"warn","msg":"revision_rewrite_failed","passName":"rhythm","message":"Gemini provider not available (GEMINI_API_KEY not set)"}
# {"time":"2026-08-05T02:28:56.110Z","level":"warn","msg":"revision_rewrite_failed","passName":"rhythm","message":"Gemini provider not available (GEMINI_API_KEY not set)"}
# {"time":"2026-08-05T02:28:56.111Z","level":"warn","msg":"revision_rewrite_failed","passName":"rhythm","message":"Gemini provider not available (GEMINI_API_KEY not set)"}
# {"time":"2026-08-05T02:28:56.113Z","level":"warn","msg":"revision_rewrite_failed","passName":"rhythm","message":"Gemini provider not available (GEMINI_API_KEY not set)"}
# {"time":"2026-08-05T02:28:56.114Z","level":"warn","msg":"revision_rewrite_failed","passName":"rhythm","message":"Gemini provider not available (GEMINI_API_KEY not set)"}
# {"time":"2026-08-05T02:28:56.115Z","level":"warn","msg":"revision_rewrite_failed","passName":"rhythm","message":"Gemini provider not available (GEMINI_API_KEY not set)"}
# {"time":"2026-08-05T02:28:56.118Z","level":"warn","msg":"revision_rewrite_failed","passName":"rhythm","message":"Gemini provider not available (GEMINI_API_KEY not set)"}
# {"time":"2026-08-05T02:28:56.121Z","level":"warn","msg":"revision_rewrite_failed","passName":"rhythm","message":"Gemini provider not available (GEMINI_API_KEY not set)"}
# {"time":"2026-08-05T02:28:56.122Z","level":"warn","msg":"revision_rewrite_failed","passName":"rhythm","message":"Gemini provider not available (GEMINI_API_KEY not set)"}
# {"time":"2026-08-05T02:28:56.123Z","level":"warn","msg":"revision_rewrite_failed","passName":"rhythm","message":"Gemini provider not available (GEMINI_API_KEY not set)"}
# {"time":"2026-08-05T02:28:56.125Z","level":"warn","msg":"revision_rewrite_failed","passName":"rhythm","message":"Gemini provider not available (GEMINI_API_KEY not set)"}
# {"time":"2026-08-05T02:28:56.126Z","level":"warn","msg":"revision_rewrite_failed","passName":"rhythm","message":"Gemini provider not available (GEMINI_API_KEY not set)"}
# {"time":"2026-08-05T02:28:56.127Z","level":"warn","msg":"revision_rewrite_failed","passName":"rhythm","message":"Gemini provider not available (GEMINI_API_KEY not set)"}
# {"time":"2026-08-05T02:28:56.129Z","level":"warn","msg":"revision_rewrite_failed","passName":"rhythm","message":"Gemini provider not available (GEMINI_API_KEY not set)"}
# {"time":"2026-08-05T02:28:56.130Z","level":"warn","msg":"revision_rewrite_failed","passName":"rhythm","message":"Gemini provider not available (GEMINI_API_KEY not set)"}
# {"time":"2026-08-05T02:28:56.136Z","level":"warn","msg":"revision_rewrite_failed","passName":"rhythm","message":"Gemini provider not available (GEMINI_API_KEY not set)"}
# {"time":"2026-08-05T02:28:56.138Z","level":"warn","msg":"revision_rewrite_failed","passName":"rhythm","message":"Gemini provider not available (GEMINI_API_KEY not set)"}
# {"time":"2026-08-05T02:28:56.139Z","level":"warn","msg":"revision_rewrite_failed","passName":"rhythm","message":"Gemini provider not available (GEMINI_API_KEY not set)"}
# {"time":"2026-08-05T02:28:56.141Z","level":"warn","msg":"revision_rewrite_failed","passName":"rhythm","message":"Gemini provider not available (GEMINI_API_KEY not set)"}
# {"time":"2026-08-05T02:28:56.142Z","level":"warn","msg":"revision_rewrite_failed","passName":"rhythm","message":"Gemini provider not available (GEMINI_API_KEY not set)"}
# {"time":"2026-08-05T02:28:56.143Z","level":"warn","msg":"revision_rewrite_failed","passName":"rhythm","message":"Gemini provider not available (GEMINI_API_KEY not set)"}
# {"time":"2026-08-05T02:28:56.144Z","level":"warn","msg":"revision_rewrite_failed","passName":"rhythm","message":"Gemini provider not available (GEMINI_API_KEY not set)"}
# {"time":"2026-08-05T02:28:56.145Z","level":"warn","msg":"revision_rewrite_failed","passName":"rhythm","message":"Gemini provider not available (GEMINI_API_KEY not set)"}
# {"time":"2026-08-05T02:28:56.148Z","level":"warn","msg":"revision_rewrite_failed","passName":"rhythm","message":"Gemini provider not available (GEMINI_API_KEY not set)"}
# {"time":"2026-08-05T02:28:56.149Z","level":"warn","msg":"revision_rewrite_failed","passName":"rhythm","message":"Gemini provider not available (GEMINI_API_KEY not set)"}
# {"time":"2026-08-05T02:28:56.150Z","level":"warn","msg":"revision_rewrite_failed","passName":"rhythm","message":"Gemini provider not available (GEMINI_API_KEY not set)"}
# {"time":"2026-08-05T02:28:56.151Z","level":"warn","msg":"revision_rewrite_failed","passName":"rhythm","message":"Gemini provider not available (GEMINI_API_KEY not set)"}
# {"time":"2026-08-05T02:28:56.153Z","level":"warn","msg":"revision_rewrite_failed","passName":"rhythm","message":"Gemini provider not available (GEMINI_API_KEY not set)"}
# {"time":"2026-08-05T02:28:56.154Z","level":"warn","msg":"revision_rewrite_failed","passName":"rhythm","message":"Gemini provider not available (GEMINI_API_KEY not set)"}
# {"time":"2026-08-05T02:28:56.157Z","level":"warn","msg":"revision_rewrite_failed","passName":"rhythm","message":"Gemini provider not available (GEMINI_API_KEY not set)"}
# {"time":"2026-08-05T02:28:56.158Z","level":"warn","msg":"revision_rewrite_failed","passName":"rhythm","message":"Gemini provider not available (GEMINI_API_KEY not set)"}
# {"time":"2026-08-05T02:28:56.159Z","level":"warn","msg":"revision_rewrite_failed","passName":"rhythm","message":"Gemini provider not available (GEMINI_API_KEY not set)"}
# {"time":"2026-08-05T02:28:56.160Z","level":"warn","msg":"revision_rewrite_failed","passName":"rhythm","message":"Gemini provider not available (GEMINI_API_KEY not set)"}
# {"time":"2026-08-05T02:28:56.162Z","level":"warn","msg":"revision_rewrite_failed","passName":"rhythm","message":"Gemini provider not available (GEMINI_API_KEY not set)"}
# {"time":"2026-08-05T02:28:56.163Z","level":"warn","msg":"revision_rewrite_failed","passName":"rhythm","message":"Gemini provider not available (GEMINI_API_KEY not set)"}
# {"time":"2026-08-05T02:28:56.164Z","level":"warn","msg":"revision_rewrite_failed","passName":"rhythm","message":"Gemini provider not available (GEMINI_API_KEY not set)"}
# {"time":"2026-08-05T02:28:56.166Z","level":"warn","msg":"revision_rewrite_failed","passName":"rhythm","message":"Gemini provider not available (GEMINI_API_KEY not set)"}
# {"time":"2026-08-05T02:28:56.167Z","level":"warn","msg":"revision_rewrite_failed","passName":"rhythm","message":"Gemini provider not available (GEMINI_API_KEY not set)"}
# {"time":"2026-08-05T02:28:56.168Z","level":"warn","msg":"revision_rewrite_failed","passName":"rhythm","message":"Gemini provider not available (GEMINI_API_KEY not set)"}
# {"time":"2026-08-05T02:28:56.170Z","level":"warn","msg":"revision_rewrite_failed","passName":"rhythm","message":"Gemini provider not available (GEMINI_API_KEY not set)"}
# {"time":"2026-08-05T02:28:56.171Z","level":"warn","msg":"revision_rewrite_failed","passName":"rhythm","message":"Gemini provider not available (GEMINI_API_KEY not set)"}
# {"time":"2026-08-05T02:28:56.173Z","level":"warn","msg":"revision_rewrite_failed","passName":"rhythm","message":"Gemini provider not available (GEMINI_API_KEY not set)"}
# {"time":"2026-08-05T02:28:56.174Z","level":"warn","msg":"revision_rewrite_failed","passName":"rhythm","message":"Gemini provider not available (GEMINI_API_KEY not set)"}
# {"time":"2026-08-05T02:28:56.175Z","level":"warn","msg":"revision_rewrite_failed","passName":"rhythm","message":"Gemini provider not available (GEMINI_API_KEY not set)"}
# {"time":"2026-08-05T02:28:56.177Z","level":"warn","msg":"revision_rewrite_failed","passName":"rhythm","message":"Gemini provider not available (GEMINI_API_KEY not set)"}
# {"time":"2026-08-05T02:28:56.178Z","level":"warn","msg":"revision_rewrite_failed","passName":"rhythm","message":"Gemini provider not available (GEMINI_API_KEY not set)"}
# {"time":"2026-08-05T02:28:56.179Z","level":"warn","msg":"revision_rewrite_failed","passName":"rhythm","message":"Gemini provider not available (GEMINI_API_KEY not set)"}
# {"time":"2026-08-05T02:28:56.180Z","level":"warn","msg":"revision_rewrite_failed","passName":"rhythm","message":"Gemini provider not available (GEMINI_API_KEY not set)"}
# {"time":"2026-08-05T02:28:56.181Z","level":"warn","msg":"revision_rewrite_failed","passName":"rhythm","message":"Gemini provider not available (GEMINI_API_KEY not set)"}
# {"time":"2026-08-05T02:28:56.182Z","level":"warn","msg":"revision_rewrite_failed","passName":"rhythm","message":"Gemini provider not available (GEMINI_API_KEY not set)"}
# {"time":"2026-08-05T02:28:56.183Z","level":"warn","msg":"revision_rewrite_failed","passName":"rhythm","message":"Gemini provider not available (GEMINI_API_KEY not set)"}
# {"time":"2026-08-05T02:28:56.184Z","level":"warn","msg":"revision_rewrite_failed","passName":"rhythm","message":"Gemini provider not available (GEMINI_API_KEY not set)"}
# {"time":"2026-08-05T02:28:56.185Z","level":"warn","msg":"revision_rewrite_failed","passName":"rhythm","message":"Gemini provider not available (GEMINI_API_KEY not set)"}
# Subtest: Wave 151 — rhythmPass: camera direction, adverb clustering, over-description
    # Subtest: rhythmPass detects CAMERA_DIRECTION_OVERREACH for 2+ camera direction uses
    ok 1 - rhythmPass detects CAMERA_DIRECTION_OVERREACH for 2+ camera direction uses
      ---
      duration_ms: 15.152437
      type: 'test'
      ...
    # Subtest: rhythmPass does NOT fire CAMERA_DIRECTION_OVERREACH when no camera directions present
    ok 2 - rhythmPass does NOT fire CAMERA_DIRECTION_OVERREACH when no camera directions present
      ---
      duration_ms: 1.045503
      type: 'test'
      ...
    # Subtest: rhythmPass detects ADVERB_CLUSTERING for line with 3+ adverbs
    ok 3 - rhythmPass detects ADVERB_CLUSTERING for line with 3+ adverbs
      ---
      duration_ms: 9.609785
      type: 'test'
      ...
    # Subtest: rhythmPass detects OVER_DESCRIPTION for character with 4+ physical adjectives
    ok 4 - rhythmPass detects OVER_DESCRIPTION for character with 4+ physical adjectives
      ---
      duration_ms: 1.827892
      type: 'test'
      ...
    1..4
ok 1752 - Wave 151 — rhythmPass: camera direction, adverb clustering, over-description
  ---
  duration_ms: 29.304805
  type: 'suite'
  ...
# Subtest: Wave 170 — rhythmPass: opening-word repetition, sensory imbalance, near-word repeat
    # Subtest: rhythmPass detects OPENING_WORD_REPETITION when >40% of action lines start with same word
    ok 1 - rhythmPass detects OPENING_WORD_REPETITION when >40% of action lines start with same word
      ---
      duration_ms: 14.762819
      type: 'test'
      ...
    # Subtest: rhythmPass does NOT fire OPENING_WORD_REPETITION when first words are varied
    ok 2 - rhythmPass does NOT fire OPENING_WORD_REPETITION when first words are varied
      ---
      duration_ms: 1.860057
      type: 'test'
      ...
    # Subtest: rhythmPass detects SENSORY_IMBALANCE when 10+ action lines have no sound descriptors
    ok 3 - rhythmPass detects SENSORY_IMBALANCE when 10+ action lines have no sound descriptors
      ---
      duration_ms: 2.078086
      type: 'test'
      ...
    # Subtest: rhythmPass does NOT fire SENSORY_IMBALANCE when action lines include sound descriptors
    ok 4 - rhythmPass does NOT fire SENSORY_IMBALANCE when action lines include sound descriptors
      ---
      duration_ms: 2.181858
      type: 'test'
      ...
    # Subtest: rhythmPass detects NEAR_WORD_REPEAT when a content word appears 4+ times in 5-line window
    ok 5 - rhythmPass detects NEAR_WORD_REPEAT when a content word appears 4+ times in 5-line window
      ---
      duration_ms: 1.609528
      type: 'test'
      ...
    # Subtest: rhythmPass does NOT fire NEAR_WORD_REPEAT when content words are varied across lines
    ok 6 - rhythmPass does NOT fire NEAR_WORD_REPEAT when content words are varied across lines
      ---
      duration_ms: 1.455335
      type: 'test'
      ...
    1..6
ok 1753 - Wave 170 — rhythmPass: opening-word repetition, sensory imbalance, near-word repeat
  ---
  duration_ms: 24.594914
  type: 'suite'
  ...
# Subtest: Wave 184 — rhythmPass: abstract noun overload, filler gestures, gerund fragments
    # Subtest: ABSTRACT_NOUN_OVERLOAD fires when >30% of action lines name psychological states
    ok 1 - ABSTRACT_NOUN_OVERLOAD fires when >30% of action lines name psychological states
      ---
      duration_ms: 1.579266
      type: 'test'
      ...
    # Subtest: ABSTRACT_NOUN_OVERLOAD does not fire when action lines are concrete
    ok 2 - ABSTRACT_NOUN_OVERLOAD does not fire when action lines are concrete
      ---
      duration_ms: 1.528644
      type: 'test'
      ...
    # Subtest: FILLER_GESTURE_EXCESS fires when filler gestures exceed threshold
    ok 3 - FILLER_GESTURE_EXCESS fires when filler gestures exceed threshold
      ---
      duration_ms: 0.964321
      type: 'test'
      ...
    # Subtest: FILLER_GESTURE_EXCESS does not fire when gestures are rare
    ok 4 - FILLER_GESTURE_EXCESS does not fire when gestures are rare
      ---
      duration_ms: 1.038349
      type: 'test'
      ...
    # Subtest: GERUND_FRAGMENT_CHAIN fires when >30% of action lines start with gerunds
    ok 5 - GERUND_FRAGMENT_CHAIN fires when >30% of action lines start with gerunds
      ---
      duration_ms: 1.270203
      type: 'test'
      ...
    # Subtest: GERUND_FRAGMENT_CHAIN does not fire when gerund fragments are rare
    ok 6 - GERUND_FRAGMENT_CHAIN does not fire when gerund fragments are rare
      ---
      duration_ms: 0.842675
      type: 'test'
      ...
    1..6
ok 1754 - Wave 184 — rhythmPass: abstract noun overload, filler gestures, gerund fragments
  ---
  duration_ms: 7.62527
  type: 'suite'
  ...
# Subtest: Wave 235 — rhythmPass: declarative pile, simultaneous-action absent, motion-verb overload
    # Subtest: DECLARATIVE_PILE fires when >70% of action lines are flat declaratives
    ok 1 - DECLARATIVE_PILE fires when >70% of action lines are flat declaratives
      ---
      duration_ms: 4.561114
      type: 'test'
      ...
    # Subtest: DECLARATIVE_PILE does NOT fire when many lines have subordinating clauses or punctuation
    ok 2 - DECLARATIVE_PILE does NOT fire when many lines have subordinating clauses or punctuation
      ---
      duration_ms: 1.484337
      type: 'test'
      ...
    # Subtest: SIMULTANEOUS_ACTION_ABSENT fires when 12+ action lines lack simultaneous markers
    ok 3 - SIMULTANEOUS_ACTION_ABSENT fires when 12+ action lines lack simultaneous markers
      ---
      duration_ms: 2.193414
      type: 'test'
      ...
    # Subtest: SIMULTANEOUS_ACTION_ABSENT does NOT fire when at least one line uses "while"
    ok 4 - SIMULTANEOUS_ACTION_ABSENT does NOT fire when at least one line uses "while"
      ---
      duration_ms: 3.156616
      type: 'test'
      ...
    # Subtest: MOTION_VERB_OVERLOAD fires when >50% of action lines contain locomotion verbs
    ok 5 - MOTION_VERB_OVERLOAD fires when >50% of action lines contain locomotion verbs
      ---
      duration_ms: 1.305853
      type: 'test'
      ...
    # Subtest: MOTION_VERB_OVERLOAD does NOT fire when ≤50% of action lines contain locomotion verbs
    ok 6 - MOTION_VERB_OVERLOAD does NOT fire when ≤50% of action lines contain locomotion verbs
      ---
      duration_ms: 10.499163
      type: 'test'
      ...
    1..6
ok 1755 - Wave 235 — rhythmPass: declarative pile, simultaneous-action absent, motion-verb overload
  ---
  duration_ms: 27.38421
  type: 'suite'
  ...
# Subtest: Wave 1190 — rhythmPass: rhythm solo-voice drought run, rhythm solo-voice zone cluster, rhythm monologue-revelation decoupled
    # Subtest: RHYTHM_SOLO_VOICE_DROUGHT_RUN fires when every scene past the opening is a multi-voice exchange for 5+ scenes running
    ok 1 - RHYTHM_SOLO_VOICE_DROUGHT_RUN fires when every scene past the opening is a multi-voice exchange for 5+ scenes running
      ---
      duration_ms: 7.846164
      type: 'test'
      ...
    # Subtest: RHYTHM_SOLO_VOICE_DROUGHT_RUN does not fire when a solo beat breaks up the exchange run before it reaches 5
    ok 2 - RHYTHM_SOLO_VOICE_DROUGHT_RUN does not fire when a solo beat breaks up the exchange run before it reaches 5
      ---
      duration_ms: 1.751198
      type: 'test'
      ...
    # Subtest: RHYTHM_SOLO_VOICE_ZONE_CLUSTER fires when over 60% of solo beats fall in a single structural third
    ok 3 - RHYTHM_SOLO_VOICE_ZONE_CLUSTER fires when over 60% of solo beats fall in a single structural third
      ---
      duration_ms: 1.445993
      type: 'test'
      ...
    # Subtest: RHYTHM_SOLO_VOICE_ZONE_CLUSTER does not fire when solo beats are spread across the three structural thirds
    ok 4 - RHYTHM_SOLO_VOICE_ZONE_CLUSTER does not fire when solo beats are spread across the three structural thirds
      ---
      duration_ms: 1.280916
      type: 'test'
      ...
    # Subtest: RHYTHM_MONOLOGUE_REVELATION_DECOUPLED fires when monologue scenes and revelation scenes never coincide
    ok 5 - RHYTHM_MONOLOGUE_REVELATION_DECOUPLED fires when monologue scenes and revelation scenes never coincide
      ---
      duration_ms: 1.625351
      type: 'test'
      ...
    # Subtest: RHYTHM_MONOLOGUE_REVELATION_DECOUPLED does not fire when a monologue scene carries a revelation
    ok 6 - RHYTHM_MONOLOGUE_REVELATION_DECOUPLED does not fire when a monologue scene carries a revelation
      ---
      duration_ms: 1.352689
      type: 'test'
      ...
    1..6
ok 1756 - Wave 1190 — rhythmPass: rhythm solo-voice drought run, rhythm solo-voice zone cluster, rhythm monologue-revelation decoupled
  ---
  duration_ms: 15.644848
  type: 'suite'
  ...
# Subtest: Wave 1170 — rhythmPass: rhythm clock-dialogue-highlight aftermath void, rhythm clock-staging aftermath void, rhythm suspense-curiosity aftermath void
    # Subtest: RHYTHM_CLOCK_DIALOGUE_HIGHLIGHT_AFTERMATH_VOID fires when every clock-raise has no highlighted dialogue within 2 scenes
    ok 1 - RHYTHM_CLOCK_DIALOGUE_HIGHLIGHT_AFTERMATH_VOID fires when every clock-raise has no highlighted dialogue within 2 scenes
      ---
      duration_ms: 1.677165
      type: 'test'
      ...
    # Subtest: RHYTHM_CLOCK_DIALOGUE_HIGHLIGHT_AFTERMATH_VOID does not fire when a clock-raise is followed by highlighted dialogue within 2 scenes
    ok 2 - RHYTHM_CLOCK_DIALOGUE_HIGHLIGHT_AFTERMATH_VOID does not fire when a clock-raise is followed by highlighted dialogue within 2 scenes
      ---
      duration_ms: 1.639756
      type: 'test'
      ...
    # Subtest: RHYTHM_CLOCK_STAGING_AFTERMATH_VOID fires when every clock-raise has no heavily-staged scene within 2 scenes
    ok 3 - RHYTHM_CLOCK_STAGING_AFTERMATH_VOID fires when every clock-raise has no heavily-staged scene within 2 scenes
      ---
      duration_ms: 1.449001
      type: 'test'
      ...
    # Subtest: RHYTHM_CLOCK_STAGING_AFTERMATH_VOID does not fire when a clock-raise is followed by a heavily-staged scene within 2 scenes
    ok 4 - RHYTHM_CLOCK_STAGING_AFTERMATH_VOID does not fire when a clock-raise is followed by a heavily-staged scene within 2 scenes
      ---
      duration_ms: 1.995112
      type: 'test'
      ...
    # Subtest: RHYTHM_SUSPENSE_CURIOSITY_AFTERMATH_VOID fires when every suspense-spike has no curiosity rise within 2 scenes
    ok 5 - RHYTHM_SUSPENSE_CURIOSITY_AFTERMATH_VOID fires when every suspense-spike has no curiosity rise within 2 scenes
      ---
      duration_ms: 1.434783
      type: 'test'
      ...
    # Subtest: RHYTHM_SUSPENSE_CURIOSITY_AFTERMATH_VOID does not fire when a suspense-spike is followed by a curiosity rise within 2 scenes
    ok 6 - RHYTHM_SUSPENSE_CURIOSITY_AFTERMATH_VOID does not fire when a suspense-spike is followed by a curiosity rise within 2 scenes
      ---
      duration_ms: 1.399951
      type: 'test'
      ...
    1..6
ok 1757 - Wave 1170 — rhythmPass: rhythm clock-dialogue-highlight aftermath void, rhythm clock-staging aftermath void, rhythm suspense-curiosity aftermath void
  ---
  duration_ms: 9.944496
  type: 'suite'
  ...
# Subtest: Wave 1156 — rhythmPass: rhythm open-thread-dialogue-highlight aftermath void, rhythm open-thread-staging aftermath void, rhythm clock-relational aftermath void
    # Subtest: RHYTHM_OPEN_THREAD_DIALOGUE_HIGHLIGHT_AFTERMATH_VOID fires when every open-thread scene has no highlighted dialogue within 2 scenes
    ok 1 - RHYTHM_OPEN_THREAD_DIALOGUE_HIGHLIGHT_AFTERMATH_VOID fires when every open-thread scene has no highlighted dialogue within 2 scenes
      ---
      duration_ms: 1.790984
      type: 'test'
      ...
    # Subtest: RHYTHM_OPEN_THREAD_DIALOGUE_HIGHLIGHT_AFTERMATH_VOID does not fire when an open-thread scene is followed by highlighted dialogue within 2 scenes
    ok 2 - RHYTHM_OPEN_THREAD_DIALOGUE_HIGHLIGHT_AFTERMATH_VOID does not fire when an open-thread scene is followed by highlighted dialogue within 2 scenes
      ---
      duration_ms: 1.473457
      type: 'test'
      ...
    # Subtest: RHYTHM_OPEN_THREAD_STAGING_AFTERMATH_VOID fires when every open-thread scene has no heavily-staged scene within 2 scenes
    ok 3 - RHYTHM_OPEN_THREAD_STAGING_AFTERMATH_VOID fires when every open-thread scene has no heavily-staged scene within 2 scenes
      ---
      duration_ms: 3.237209
      type: 'test'
      ...
    # Subtest: RHYTHM_OPEN_THREAD_STAGING_AFTERMATH_VOID does not fire when an open-thread scene is followed by a heavily-staged scene within 2 scenes
    ok 4 - RHYTHM_OPEN_THREAD_STAGING_AFTERMATH_VOID does not fire when an open-thread scene is followed by a heavily-staged scene within 2 scenes
      ---
      duration_ms: 1.291521
      type: 'test'
      ...
    # Subtest: RHYTHM_CLOCK_RELATIONAL_AFTERMATH_VOID fires when every clock-raise has no relationship shift within 2 scenes
    ok 5 - RHYTHM_CLOCK_RELATIONAL_AFTERMATH_VOID fires when every clock-raise has no relationship shift within 2 scenes
      ---
      duration_ms: 1.471875
      type: 'test'
      ...
    # Subtest: RHYTHM_CLOCK_RELATIONAL_AFTERMATH_VOID does not fire when a clock-raise is followed by a relationship shift within 2 scenes
    ok 6 - RHYTHM_CLOCK_RELATIONAL_AFTERMATH_VOID does not fire when a clock-raise is followed by a relationship shift within 2 scenes
      ---
      duration_ms: 1.697553
      type: 'test'
      ...
    1..6
ok 1758 - Wave 1156 — rhythmPass: rhythm open-thread-dialogue-highlight aftermath void, rhythm open-thread-staging aftermath void, rhythm clock-relational aftermath void
  ---
  duration_ms: 11.244945
  type: 'suite'
  ...
# Subtest: Wave 1142 — rhythmPass: rhythm open-thread-relational aftermath void, rhythm clock-suspense aftermath void, rhythm clock-emotional aftermath void
    # Subtest: RHYTHM_OPEN_THREAD_RELATIONAL_AFTERMATH_VOID fires when every open-thread scene has no relationship shift within 2 scenes
    ok 1 - RHYTHM_OPEN_THREAD_RELATIONAL_AFTERMATH_VOID fires when every open-thread scene has no relationship shift within 2 scenes
      ---
      duration_ms: 1.465227
      type: 'test'
      ...
    # Subtest: RHYTHM_OPEN_THREAD_RELATIONAL_AFTERMATH_VOID does not fire when an open-thread scene is followed by a relationship shift within 2 scenes
    ok 2 - RHYTHM_OPEN_THREAD_RELATIONAL_AFTERMATH_VOID does not fire when an open-thread scene is followed by a relationship shift within 2 scenes
      ---
      duration_ms: 1.233943
      type: 'test'
      ...
    # Subtest: RHYTHM_CLOCK_SUSPENSE_AFTERMATH_VOID fires when every clock-raise has no suspense rise within 2 scenes
    ok 3 - RHYTHM_CLOCK_SUSPENSE_AFTERMATH_VOID fires when every clock-raise has no suspense rise within 2 scenes
      ---
      duration_ms: 1.393058
      type: 'test'
      ...
    # Subtest: RHYTHM_CLOCK_SUSPENSE_AFTERMATH_VOID does not fire when a clock-raise is followed by a suspense rise within 2 scenes
    ok 4 - RHYTHM_CLOCK_SUSPENSE_AFTERMATH_VOID does not fire when a clock-raise is followed by a suspense rise within 2 scenes
      ---
      duration_ms: 1.407675
      type: 'test'
      ...
    # Subtest: RHYTHM_CLOCK_EMOTIONAL_AFTERMATH_VOID fires when every clock-raise has no emotional shift within 2 scenes
    ok 5 - RHYTHM_CLOCK_EMOTIONAL_AFTERMATH_VOID fires when every clock-raise has no emotional shift within 2 scenes
      ---
      duration_ms: 1.178848
      type: 'test'
      ...
    # Subtest: RHYTHM_CLOCK_EMOTIONAL_AFTERMATH_VOID does not fire when a clock-raise is followed by an emotional shift within 2 scenes
    ok 6 - RHYTHM_CLOCK_EMOTIONAL_AFTERMATH_VOID does not fire when a clock-raise is followed by an emotional shift within 2 scenes
      ---
      duration_ms: 1.206986
      type: 'test'
      ...
    1..6
ok 1759 - Wave 1142 — rhythmPass: rhythm open-thread-relational aftermath void, rhythm clock-suspense aftermath void, rhythm clock-emotional aftermath void
  ---
  duration_ms: 8.180402
  type: 'suite'
  ...
# Subtest: Wave 1128 — rhythmPass: rhythm open-thread-suspense aftermath void, rhythm open-thread-emotional aftermath void, rhythm clock-curiosity aftermath void
    # Subtest: RHYTHM_OPEN_THREAD_SUSPENSE_AFTERMATH_VOID fires when every open-thread scene has no suspense rise within 2 scenes
    ok 1 - RHYTHM_OPEN_THREAD_SUSPENSE_AFTERMATH_VOID fires when every open-thread scene has no suspense rise within 2 scenes
      ---
      duration_ms: 1.557217
      type: 'test'
      ...
    # Subtest: RHYTHM_OPEN_THREAD_SUSPENSE_AFTERMATH_VOID does not fire when an open-thread scene is followed by a suspense rise within 2 scenes
    ok 2 - RHYTHM_OPEN_THREAD_SUSPENSE_AFTERMATH_VOID does not fire when an open-thread scene is followed by a suspense rise within 2 scenes
      ---
      duration_ms: 2.914961
      type: 'test'
      ...
    # Subtest: RHYTHM_OPEN_THREAD_EMOTIONAL_AFTERMATH_VOID fires when every open-thread scene has no emotional shift within 2 scenes
    ok 3 - RHYTHM_OPEN_THREAD_EMOTIONAL_AFTERMATH_VOID fires when every open-thread scene has no emotional shift within 2 scenes
      ---
      duration_ms: 1.436236
      type: 'test'
      ...
    # Subtest: RHYTHM_OPEN_THREAD_EMOTIONAL_AFTERMATH_VOID does not fire when an open-thread scene is followed by an emotional shift within 2 scenes
    ok 4 - RHYTHM_OPEN_THREAD_EMOTIONAL_AFTERMATH_VOID does not fire when an open-thread scene is followed by an emotional shift within 2 scenes
      ---
      duration_ms: 1.273148
      type: 'test'
      ...
    # Subtest: RHYTHM_CLOCK_CURIOSITY_AFTERMATH_VOID fires when every clock-raise has no curiosity rise within 2 scenes
    ok 5 - RHYTHM_CLOCK_CURIOSITY_AFTERMATH_VOID fires when every clock-raise has no curiosity rise within 2 scenes
      ---
      duration_ms: 1.419371
      type: 'test'
      ...
    # Subtest: RHYTHM_CLOCK_CURIOSITY_AFTERMATH_VOID does not fire when a clock-raise is followed by a curiosity rise within 2 scenes
    ok 6 - RHYTHM_CLOCK_CURIOSITY_AFTERMATH_VOID does not fire when a clock-raise is followed by a curiosity rise within 2 scenes
      ---
      duration_ms: 1.16873
      type: 'test'
      ...
    1..6
ok 1760 - Wave 1128 — rhythmPass: rhythm open-thread-suspense aftermath void, rhythm open-thread-emotional aftermath void, rhythm clock-curiosity aftermath void
  ---
  duration_ms: 10.067156
  type: 'suite'
  ...
# Subtest: Wave 1114 — rhythmPass: rhythm seed-dialogue-highlight aftermath void, rhythm seed-staging aftermath void, rhythm open-thread-curiosity aftermath void
    # Subtest: RHYTHM_SEED_DIALOGUE_HIGHLIGHT_AFTERMATH_VOID fires when every seed has no highlighted dialogue within 2 scenes
    ok 1 - RHYTHM_SEED_DIALOGUE_HIGHLIGHT_AFTERMATH_VOID fires when every seed has no highlighted dialogue within 2 scenes
      ---
      duration_ms: 1.514283
      type: 'test'
      ...
    # Subtest: RHYTHM_SEED_DIALOGUE_HIGHLIGHT_AFTERMATH_VOID does not fire when a seed is followed by highlighted dialogue within 2 scenes
    ok 2 - RHYTHM_SEED_DIALOGUE_HIGHLIGHT_AFTERMATH_VOID does not fire when a seed is followed by highlighted dialogue within 2 scenes
      ---
      duration_ms: 1.222213
      type: 'test'
      ...
    # Subtest: RHYTHM_SEED_STAGING_AFTERMATH_VOID fires when every seed has no visually dense scene within 2 scenes
    ok 3 - RHYTHM_SEED_STAGING_AFTERMATH_VOID fires when every seed has no visually dense scene within 2 scenes
      ---
      duration_ms: 1.315277
      type: 'test'
      ...
    # Subtest: RHYTHM_SEED_STAGING_AFTERMATH_VOID does not fire when a seed is followed by a visually dense scene within 2 scenes
    ok 4 - RHYTHM_SEED_STAGING_AFTERMATH_VOID does not fire when a seed is followed by a visually dense scene within 2 scenes
      ---
      duration_ms: 1.195805
      type: 'test'
      ...
    # Subtest: RHYTHM_OPEN_THREAD_CURIOSITY_AFTERMATH_VOID fires when every open-thread scene has no curiosity rise within 2 scenes
    ok 5 - RHYTHM_OPEN_THREAD_CURIOSITY_AFTERMATH_VOID fires when every open-thread scene has no curiosity rise within 2 scenes
      ---
      duration_ms: 1.317083
      type: 'test'
      ...
    # Subtest: RHYTHM_OPEN_THREAD_CURIOSITY_AFTERMATH_VOID does not fire when an open-thread scene is followed by a curiosity rise within 2 scenes
    ok 6 - RHYTHM_OPEN_THREAD_CURIOSITY_AFTERMATH_VOID does not fire when an open-thread scene is followed by a curiosity rise within 2 scenes
      ---
      duration_ms: 1.234998
      type: 'test'
      ...
    1..6
ok 1761 - Wave 1114 — rhythmPass: rhythm seed-dialogue-highlight aftermath void, rhythm seed-staging aftermath void, rhythm open-thread-curiosity aftermath void
  ---
  duration_ms: 8.160593
  type: 'suite'
  ...
# Subtest: Wave 1100 — rhythmPass: rhythm seed-emotional aftermath void, rhythm seed-suspense aftermath void, rhythm seed-relational aftermath void
    # Subtest: RHYTHM_SEED_EMOTIONAL_AFTERMATH_VOID fires when every seed has no emotional shift within 2 scenes
    ok 1 - RHYTHM_SEED_EMOTIONAL_AFTERMATH_VOID fires when every seed has no emotional shift within 2 scenes
      ---
      duration_ms: 1.646531
      type: 'test'
      ...
    # Subtest: RHYTHM_SEED_EMOTIONAL_AFTERMATH_VOID does not fire when a seed is followed by an emotional shift within 2 scenes
    ok 2 - RHYTHM_SEED_EMOTIONAL_AFTERMATH_VOID does not fire when a seed is followed by an emotional shift within 2 scenes
      ---
      duration_ms: 1.340225
      type: 'test'
      ...
    # Subtest: RHYTHM_SEED_SUSPENSE_AFTERMATH_VOID fires when every seed has no suspense rise within 2 scenes
    ok 3 - RHYTHM_SEED_SUSPENSE_AFTERMATH_VOID fires when every seed has no suspense rise within 2 scenes
      ---
      duration_ms: 1.195932
      type: 'test'
      ...
    # Subtest: RHYTHM_SEED_SUSPENSE_AFTERMATH_VOID does not fire when a seed is followed by a suspense rise within 2 scenes
    ok 4 - RHYTHM_SEED_SUSPENSE_AFTERMATH_VOID does not fire when a seed is followed by a suspense rise within 2 scenes
      ---
      duration_ms: 1.849536
      type: 'test'
      ...
    # Subtest: RHYTHM_SEED_RELATIONAL_AFTERMATH_VOID fires when every seed has no relationship shift within 2 scenes
    ok 5 - RHYTHM_SEED_RELATIONAL_AFTERMATH_VOID fires when every seed has no relationship shift within 2 scenes
      ---
      duration_ms: 1.457824
      type: 'test'
      ...
    # Subtest: RHYTHM_SEED_RELATIONAL_AFTERMATH_VOID does not fire when a seed is followed by a relationship shift within 2 scenes
    ok 6 - RHYTHM_SEED_RELATIONAL_AFTERMATH_VOID does not fire when a seed is followed by a relationship shift within 2 scenes
      ---
      duration_ms: 1.268715
      type: 'test'
      ...
    1..6
ok 1762 - Wave 1100 — rhythmPass: rhythm seed-emotional aftermath void, rhythm seed-suspense aftermath void, rhythm seed-relational aftermath void
  ---
  duration_ms: 9.026189
  type: 'suite'
  ...
# Subtest: Wave 1086 — rhythmPass: rhythm turn-staging aftermath void, rhythm stakes-staging aftermath void, rhythm seed-curiosity aftermath void
    # Subtest: RHYTHM_TURN_STAGING_AFTERMATH_VOID fires when every dramatic turn has no visually dense scene within 2 scenes
    ok 1 - RHYTHM_TURN_STAGING_AFTERMATH_VOID fires when every dramatic turn has no visually dense scene within 2 scenes
      ---
      duration_ms: 1.388847
      type: 'test'
      ...
    # Subtest: RHYTHM_TURN_STAGING_AFTERMATH_VOID does not fire when a dramatic turn is followed by a visually dense scene within 2 scenes
    ok 2 - RHYTHM_TURN_STAGING_AFTERMATH_VOID does not fire when a dramatic turn is followed by a visually dense scene within 2 scenes
      ---
      duration_ms: 7.458823
      type: 'test'
      ...
    # Subtest: RHYTHM_STAKES_STAGING_AFTERMATH_VOID fires when every stakes-raise has no visually dense scene within 2 scenes
    ok 3 - RHYTHM_STAKES_STAGING_AFTERMATH_VOID fires when every stakes-raise has no visually dense scene within 2 scenes
      ---
      duration_ms: 5.112242
      type: 'test'
      ...
    # Subtest: RHYTHM_STAKES_STAGING_AFTERMATH_VOID does not fire when a stakes-raise is followed by a visually dense scene within 2 scenes
    ok 4 - RHYTHM_STAKES_STAGING_AFTERMATH_VOID does not fire when a stakes-raise is followed by a visually dense scene within 2 scenes
      ---
      duration_ms: 1.23807
      type: 'test'
      ...
    # Subtest: RHYTHM_SEED_CURIOSITY_AFTERMATH_VOID fires when every seed has no curiosity rise within 2 scenes
    ok 5 - RHYTHM_SEED_CURIOSITY_AFTERMATH_VOID fires when every seed has no curiosity rise within 2 scenes
      ---
      duration_ms: 1.187917
      type: 'test'
      ...
    # Subtest: RHYTHM_SEED_CURIOSITY_AFTERMATH_VOID does not fire when a seed is followed by a curiosity rise within 2 scenes
    ok 6 - RHYTHM_SEED_CURIOSITY_AFTERMATH_VOID does not fire when a seed is followed by a curiosity rise within 2 scenes
      ---
      duration_ms: 4.223893
      type: 'test'
      ...
    1..6
ok 1763 - Wave 1086 — rhythmPass: rhythm turn-staging aftermath void, rhythm stakes-staging aftermath void, rhythm seed-curiosity aftermath void
  ---
  duration_ms: 20.909134
  type: 'suite'
  ...
# Subtest: Wave 1072 — rhythmPass: rhythm payoff-staging aftermath void, rhythm turn-dialogue-highlight aftermath void, rhythm stakes-dialogue-highlight aftermath void
    # Subtest: RHYTHM_PAYOFF_STAGING_AFTERMATH_VOID fires when every payoff has no visually dense scene within 2 scenes
    ok 1 - RHYTHM_PAYOFF_STAGING_AFTERMATH_VOID fires when every payoff has no visually dense scene within 2 scenes
      ---
      duration_ms: 1.57469
      type: 'test'
      ...
    # Subtest: RHYTHM_PAYOFF_STAGING_AFTERMATH_VOID does not fire when a payoff is followed by a visually dense scene within 2 scenes
    ok 2 - RHYTHM_PAYOFF_STAGING_AFTERMATH_VOID does not fire when a payoff is followed by a visually dense scene within 2 scenes
      ---
      duration_ms: 1.2089
      type: 'test'
      ...
    # Subtest: RHYTHM_TURN_DIALOGUE_HIGHLIGHT_AFTERMATH_VOID fires when every dramatic turn has no highlighted dialogue within 2 scenes
    ok 3 - RHYTHM_TURN_DIALOGUE_HIGHLIGHT_AFTERMATH_VOID fires when every dramatic turn has no highlighted dialogue within 2 scenes
      ---
      duration_ms: 1.129439
      type: 'test'
      ...
    # Subtest: RHYTHM_TURN_DIALOGUE_HIGHLIGHT_AFTERMATH_VOID does not fire when a dramatic turn is followed by highlighted dialogue within 2 scenes
    ok 4 - RHYTHM_TURN_DIALOGUE_HIGHLIGHT_AFTERMATH_VOID does not fire when a dramatic turn is followed by highlighted dialogue within 2 scenes
      ---
      duration_ms: 1.21517
      type: 'test'
      ...
    # Subtest: RHYTHM_STAKES_DIALOGUE_HIGHLIGHT_AFTERMATH_VOID fires when every stakes-raise has no highlighted dialogue within 2 scenes
    ok 5 - RHYTHM_STAKES_DIALOGUE_HIGHLIGHT_AFTERMATH_VOID fires when every stakes-raise has no highlighted dialogue within 2 scenes
      ---
      duration_ms: 1.152761
      type: 'test'
      ...
    # Subtest: RHYTHM_STAKES_DIALOGUE_HIGHLIGHT_AFTERMATH_VOID does not fire when a stakes-raise is followed by highlighted dialogue within 2 scenes
    ok 6 - RHYTHM_STAKES_DIALOGUE_HIGHLIGHT_AFTERMATH_VOID does not fire when a stakes-raise is followed by highlighted dialogue within 2 scenes
      ---
      duration_ms: 1.139967
      type: 'test'
      ...
    1..6
ok 1764 - Wave 1072 — rhythmPass: rhythm payoff-staging aftermath void, rhythm turn-dialogue-highlight aftermath void, rhythm stakes-dialogue-highlight aftermath void
  ---
  duration_ms: 7.723846
  type: 'suite'
  ...
# Subtest: Wave 1058 — rhythmPass: rhythm revelation-staging aftermath void, rhythm turn-suspense aftermath void, rhythm payoff-dialogue-highlight aftermath void
    # Subtest: RHYTHM_REVELATION_STAGING_AFTERMATH_VOID fires when every revelation has no visually dense scene within 2 scenes
    ok 1 - RHYTHM_REVELATION_STAGING_AFTERMATH_VOID fires when every revelation has no visually dense scene within 2 scenes
      ---
      duration_ms: 2.45956
      type: 'test'
      ...
    # Subtest: RHYTHM_REVELATION_STAGING_AFTERMATH_VOID does not fire when a revelation is followed by a visually dense scene within 2 scenes
    ok 2 - RHYTHM_REVELATION_STAGING_AFTERMATH_VOID does not fire when a revelation is followed by a visually dense scene within 2 scenes
      ---
      duration_ms: 1.109154
      type: 'test'
      ...
    # Subtest: RHYTHM_TURN_SUSPENSE_AFTERMATH_VOID fires when every dramatic turn has no suspense rise within 2 scenes
    ok 3 - RHYTHM_TURN_SUSPENSE_AFTERMATH_VOID fires when every dramatic turn has no suspense rise within 2 scenes
      ---
      duration_ms: 1.364346
      type: 'test'
      ...
    # Subtest: RHYTHM_TURN_SUSPENSE_AFTERMATH_VOID does not fire when a dramatic turn is followed by a suspense rise within 2 scenes
    ok 4 - RHYTHM_TURN_SUSPENSE_AFTERMATH_VOID does not fire when a dramatic turn is followed by a suspense rise within 2 scenes
      ---
      duration_ms: 1.122759
      type: 'test'
      ...
    # Subtest: RHYTHM_PAYOFF_DIALOGUE_HIGHLIGHT_AFTERMATH_VOID fires when every payoff has no highlighted dialogue within 2 scenes
    ok 5 - RHYTHM_PAYOFF_DIALOGUE_HIGHLIGHT_AFTERMATH_VOID fires when every payoff has no highlighted dialogue within 2 scenes
      ---
      duration_ms: 1.246179
      type: 'test'
      ...
    # Subtest: RHYTHM_PAYOFF_DIALOGUE_HIGHLIGHT_AFTERMATH_VOID does not fire when a payoff is followed by highlighted dialogue within 2 scenes
    ok 6 - RHYTHM_PAYOFF_DIALOGUE_HIGHLIGHT_AFTERMATH_VOID does not fire when a payoff is followed by highlighted dialogue within 2 scenes
      ---
      duration_ms: 1.298566
      type: 'test'
      ...
    1..6
ok 1765 - Wave 1058 — rhythmPass: rhythm revelation-staging aftermath void, rhythm turn-suspense aftermath void, rhythm payoff-dialogue-highlight aftermath void
  ---
  duration_ms: 8.92827
  type: 'suite'
  ...
# Subtest: Wave 1044 — rhythmPass: rhythm turn-curiosity aftermath void, rhythm payoff-relational aftermath void, rhythm revelation-dialogue-highlight aftermath void
    # Subtest: RHYTHM_TURN_CURIOSITY_AFTERMATH_VOID fires when every dramatic turn has no curiosity raised within 2 scenes
    ok 1 - RHYTHM_TURN_CURIOSITY_AFTERMATH_VOID fires when every dramatic turn has no curiosity raised within 2 scenes
      ---
      duration_ms: 1.431208
      type: 'test'
      ...
    # Subtest: RHYTHM_TURN_CURIOSITY_AFTERMATH_VOID does not fire when a dramatic turn is followed by new curiosity within 2 scenes
    ok 2 - RHYTHM_TURN_CURIOSITY_AFTERMATH_VOID does not fire when a dramatic turn is followed by new curiosity within 2 scenes
      ---
      duration_ms: 1.188819
      type: 'test'
      ...
    # Subtest: RHYTHM_PAYOFF_RELATIONAL_AFTERMATH_VOID fires when every payoff has no relationship shift within 2 scenes
    ok 3 - RHYTHM_PAYOFF_RELATIONAL_AFTERMATH_VOID fires when every payoff has no relationship shift within 2 scenes
      ---
      duration_ms: 1.253933
      type: 'test'
      ...
    # Subtest: RHYTHM_PAYOFF_RELATIONAL_AFTERMATH_VOID does not fire when a payoff is followed by a relationship shift within 2 scenes
    ok 4 - RHYTHM_PAYOFF_RELATIONAL_AFTERMATH_VOID does not fire when a payoff is followed by a relationship shift within 2 scenes
      ---
      duration_ms: 1.42557
      type: 'test'
      ...
    # Subtest: RHYTHM_REVELATION_DIALOGUE_HIGHLIGHT_AFTERMATH_VOID fires when every revelation has no highlighted dialogue within 2 scenes
    ok 5 - RHYTHM_REVELATION_DIALOGUE_HIGHLIGHT_AFTERMATH_VOID fires when every revelation has no highlighted dialogue within 2 scenes
      ---
      duration_ms: 1.167553
      type: 'test'
      ...
    # Subtest: RHYTHM_REVELATION_DIALOGUE_HIGHLIGHT_AFTERMATH_VOID does not fire when a revelation is followed by highlighted dialogue within 2 scenes
    ok 6 - RHYTHM_REVELATION_DIALOGUE_HIGHLIGHT_AFTERMATH_VOID does not fire when a revelation is followed by highlighted dialogue within 2 scenes
      ---
      duration_ms: 1.198321
      type: 'test'
      ...
    1..6
ok 1766 - Wave 1044 — rhythmPass: rhythm turn-curiosity aftermath void, rhythm payoff-relational aftermath void, rhythm revelation-dialogue-highlight aftermath void
  ---
  duration_ms: 7.960882
  type: 'suite'
  ...
# Subtest: Wave 1030 — rhythmPass: rhythm stakes-emotional aftermath void, rhythm payoff-suspense aftermath void, rhythm revelation-suspense aftermath void
    # Subtest: RHYTHM_STAKES_EMOTIONAL_AFTERMATH_VOID fires when every stakes-raise has no emotional shift within 2 scenes
    ok 1 - RHYTHM_STAKES_EMOTIONAL_AFTERMATH_VOID fires when every stakes-raise has no emotional shift within 2 scenes
      ---
      duration_ms: 1.394373
      type: 'test'
      ...
    # Subtest: RHYTHM_STAKES_EMOTIONAL_AFTERMATH_VOID does not fire when a stakes-raise is followed by an emotional shift within 2 scenes
    ok 2 - RHYTHM_STAKES_EMOTIONAL_AFTERMATH_VOID does not fire when a stakes-raise is followed by an emotional shift within 2 scenes
      ---
      duration_ms: 1.087595
      type: 'test'
      ...
    # Subtest: RHYTHM_PAYOFF_SUSPENSE_AFTERMATH_VOID fires when every payoff has no rise in suspense within 2 scenes
    ok 3 - RHYTHM_PAYOFF_SUSPENSE_AFTERMATH_VOID fires when every payoff has no rise in suspense within 2 scenes
      ---
      duration_ms: 1.2321
      type: 'test'
      ...
    # Subtest: RHYTHM_PAYOFF_SUSPENSE_AFTERMATH_VOID does not fire when a payoff is followed by rising suspense within 2 scenes
    ok 4 - RHYTHM_PAYOFF_SUSPENSE_AFTERMATH_VOID does not fire when a payoff is followed by rising suspense within 2 scenes
      ---
      duration_ms: 1.849843
      type: 'test'
      ...
    # Subtest: RHYTHM_REVELATION_SUSPENSE_AFTERMATH_VOID fires when every revelation has no rise in suspense within 2 scenes
    ok 5 - RHYTHM_REVELATION_SUSPENSE_AFTERMATH_VOID fires when every revelation has no rise in suspense within 2 scenes
      ---
      duration_ms: 1.163735
      type: 'test'
      ...
    # Subtest: RHYTHM_REVELATION_SUSPENSE_AFTERMATH_VOID does not fire when a revelation is followed by rising suspense within 2 scenes
    ok 6 - RHYTHM_REVELATION_SUSPENSE_AFTERMATH_VOID does not fire when a revelation is followed by rising suspense within 2 scenes
      ---
      duration_ms: 1.501771
      type: 'test'
      ...
    1..6
ok 1767 - Wave 1030 — rhythmPass: rhythm stakes-emotional aftermath void, rhythm payoff-suspense aftermath void, rhythm revelation-suspense aftermath void
  ---
  duration_ms: 8.504679
  type: 'suite'
  ...
# Subtest: Wave 1016 — rhythmPass: rhythm revelation-curiosity aftermath void, rhythm turn-emotional aftermath void, rhythm stakes-relational aftermath void
    # Subtest: RHYTHM_REVELATION_CURIOSITY_AFTERMATH_VOID fires when every revelation has no curiosity raised within 2 scenes
    ok 1 - RHYTHM_REVELATION_CURIOSITY_AFTERMATH_VOID fires when every revelation has no curiosity raised within 2 scenes
      ---
      duration_ms: 1.29021
      type: 'test'
      ...
    # Subtest: RHYTHM_REVELATION_CURIOSITY_AFTERMATH_VOID does not fire when a revelation is followed by new curiosity within 2 scenes
    ok 2 - RHYTHM_REVELATION_CURIOSITY_AFTERMATH_VOID does not fire when a revelation is followed by new curiosity within 2 scenes
      ---
      duration_ms: 1.278164
      type: 'test'
      ...
    # Subtest: RHYTHM_TURN_EMOTIONAL_AFTERMATH_VOID fires when every dramatic turn has no emotional shift within 2 scenes
    ok 3 - RHYTHM_TURN_EMOTIONAL_AFTERMATH_VOID fires when every dramatic turn has no emotional shift within 2 scenes
      ---
      duration_ms: 1.329285
      type: 'test'
      ...
    # Subtest: RHYTHM_TURN_EMOTIONAL_AFTERMATH_VOID does not fire when a dramatic turn is followed by an emotional shift within 2 scenes
    ok 4 - RHYTHM_TURN_EMOTIONAL_AFTERMATH_VOID does not fire when a dramatic turn is followed by an emotional shift within 2 scenes
      ---
      duration_ms: 1.570576
      type: 'test'
      ...
    # Subtest: RHYTHM_STAKES_RELATIONAL_AFTERMATH_VOID fires when every stakes-raise has no relationship shift within 2 scenes
    ok 5 - RHYTHM_STAKES_RELATIONAL_AFTERMATH_VOID fires when every stakes-raise has no relationship shift within 2 scenes
      ---
      duration_ms: 1.488232
      type: 'test'
      ...
    # Subtest: RHYTHM_STAKES_RELATIONAL_AFTERMATH_VOID does not fire when a stakes-raise is followed by a relationship shift within 2 scenes
    ok 6 - RHYTHM_STAKES_RELATIONAL_AFTERMATH_VOID does not fire when a stakes-raise is followed by a relationship shift within 2 scenes
      ---
      duration_ms: 1.363875
      type: 'test'
      ...
    1..6
ok 1768 - Wave 1016 — rhythmPass: rhythm revelation-curiosity aftermath void, rhythm turn-emotional aftermath void, rhythm stakes-relational aftermath void
  ---
  duration_ms: 8.676369
  type: 'suite'
  ...
# Subtest: Wave 1002 — rhythmPass: rhythm stakes-suspense aftermath void, rhythm revelation-relational aftermath void, rhythm payoff-curiosity aftermath void
    # Subtest: RHYTHM_STAKES_SUSPENSE_AFTERMATH_VOID fires when every stakes-raise has no rise in suspense within 2 scenes
    ok 1 - RHYTHM_STAKES_SUSPENSE_AFTERMATH_VOID fires when every stakes-raise has no rise in suspense within 2 scenes
      ---
      duration_ms: 1.328148
      type: 'test'
      ...
    # Subtest: RHYTHM_STAKES_SUSPENSE_AFTERMATH_VOID does not fire when a stakes-raise is followed by rising suspense within 2 scenes
    ok 2 - RHYTHM_STAKES_SUSPENSE_AFTERMATH_VOID does not fire when a stakes-raise is followed by rising suspense within 2 scenes
      ---
      duration_ms: 1.584029
      type: 'test'
      ...
    # Subtest: RHYTHM_REVELATION_RELATIONAL_AFTERMATH_VOID fires when every revelation has no relationship shift within 2 scenes
    ok 3 - RHYTHM_REVELATION_RELATIONAL_AFTERMATH_VOID fires when every revelation has no relationship shift within 2 scenes
      ---
      duration_ms: 1.2479
      type: 'test'
      ...
    # Subtest: RHYTHM_REVELATION_RELATIONAL_AFTERMATH_VOID does not fire when a revelation is followed by a relationship shift within 2 scenes
    ok 4 - RHYTHM_REVELATION_RELATIONAL_AFTERMATH_VOID does not fire when a revelation is followed by a relationship shift within 2 scenes
      ---
      duration_ms: 1.181935
      type: 'test'
      ...
    # Subtest: RHYTHM_PAYOFF_CURIOSITY_AFTERMATH_VOID fires when every payoff has no curiosity raised within 2 scenes
    ok 5 - RHYTHM_PAYOFF_CURIOSITY_AFTERMATH_VOID fires when every payoff has no curiosity raised within 2 scenes
      ---
      duration_ms: 1.456551
      type: 'test'
      ...
    # Subtest: RHYTHM_PAYOFF_CURIOSITY_AFTERMATH_VOID does not fire when a payoff is followed by new curiosity within 2 scenes
    ok 6 - RHYTHM_PAYOFF_CURIOSITY_AFTERMATH_VOID does not fire when a payoff is followed by new curiosity within 2 scenes
      ---
      duration_ms: 1.218528
      type: 'test'
      ...
    1..6
ok 1769 - Wave 1002 — rhythmPass: rhythm stakes-suspense aftermath void, rhythm revelation-relational aftermath void, rhythm payoff-curiosity aftermath void
  ---
  duration_ms: 8.31702
  type: 'suite'
  ...
# Subtest: Wave 988 — rhythmPass: dialogue signal zone imbalance, payoff signal zone imbalance, relational signal zone imbalance
    # Subtest: DIALOGUE_SIGNAL_ZONE_IMBALANCE fires when one zone is empty while another holds >=50% of highlighted-dialogue scenes
    ok 1 - DIALOGUE_SIGNAL_ZONE_IMBALANCE fires when one zone is empty while another holds >=50% of highlighted-dialogue scenes
      ---
      duration_ms: 1.386591
      type: 'test'
      ...
    # Subtest: DIALOGUE_SIGNAL_ZONE_IMBALANCE does not fire when highlighted-dialogue scenes touch every zone
    ok 2 - DIALOGUE_SIGNAL_ZONE_IMBALANCE does not fire when highlighted-dialogue scenes touch every zone
      ---
      duration_ms: 1.34506
      type: 'test'
      ...
    # Subtest: PAYOFF_SIGNAL_ZONE_IMBALANCE fires when one zone is empty while another holds >=50% of payoff scenes
    ok 3 - PAYOFF_SIGNAL_ZONE_IMBALANCE fires when one zone is empty while another holds >=50% of payoff scenes
      ---
      duration_ms: 1.260268
      type: 'test'
      ...
    # Subtest: PAYOFF_SIGNAL_ZONE_IMBALANCE does not fire when payoff scenes touch every zone
    ok 4 - PAYOFF_SIGNAL_ZONE_IMBALANCE does not fire when payoff scenes touch every zone
      ---
      duration_ms: 1.600954
      type: 'test'
      ...
    # Subtest: RELATIONAL_SIGNAL_ZONE_IMBALANCE fires when one zone is empty while another holds >=50% of relationship-shift scenes
    ok 5 - RELATIONAL_SIGNAL_ZONE_IMBALANCE fires when one zone is empty while another holds >=50% of relationship-shift scenes
      ---
      duration_ms: 1.414867
      type: 'test'
      ...
    # Subtest: RELATIONAL_SIGNAL_ZONE_IMBALANCE does not fire when relationship-shift scenes touch every zone
    ok 6 - RELATIONAL_SIGNAL_ZONE_IMBALANCE does not fire when relationship-shift scenes touch every zone
      ---
      duration_ms: 1.307255
      type: 'test'
      ...
    1..6
ok 1770 - Wave 988 — rhythmPass: dialogue signal zone imbalance, payoff signal zone imbalance, relational signal zone imbalance
  ---
  duration_ms: 8.682904
  type: 'suite'
  ...
# Subtest: Wave 974 — rhythmPass: rhythm turn relational aftermath void, rhythm payoff emotional aftermath void, rhythm stakes curiosity aftermath void
    # Subtest: RHYTHM_TURN_RELATIONAL_AFTERMATH_VOID fires when every dramatic turn has no relationship shift within 2 scenes
    ok 1 - RHYTHM_TURN_RELATIONAL_AFTERMATH_VOID fires when every dramatic turn has no relationship shift within 2 scenes
      ---
      duration_ms: 1.373325
      type: 'test'
      ...
    # Subtest: RHYTHM_TURN_RELATIONAL_AFTERMATH_VOID does not fire when a dramatic turn is followed by a relationship shift within 2 scenes
    ok 2 - RHYTHM_TURN_RELATIONAL_AFTERMATH_VOID does not fire when a dramatic turn is followed by a relationship shift within 2 scenes
      ---
      duration_ms: 1.196843
      type: 'test'
      ...
    # Subtest: RHYTHM_PAYOFF_EMOTIONAL_AFTERMATH_VOID fires when every payoff has no emotional shift within 2 scenes
    ok 3 - RHYTHM_PAYOFF_EMOTIONAL_AFTERMATH_VOID fires when every payoff has no emotional shift within 2 scenes
      ---
      duration_ms: 1.399371
      type: 'test'
      ...
    # Subtest: RHYTHM_PAYOFF_EMOTIONAL_AFTERMATH_VOID does not fire when a payoff is followed by an emotional shift within 2 scenes
    ok 4 - RHYTHM_PAYOFF_EMOTIONAL_AFTERMATH_VOID does not fire when a payoff is followed by an emotional shift within 2 scenes
      ---
      duration_ms: 1.216819
      type: 'test'
      ...
    # Subtest: RHYTHM_STAKES_CURIOSITY_AFTERMATH_VOID fires when every stakes-raise has no curiosity raised within 2 scenes
    ok 5 - RHYTHM_STAKES_CURIOSITY_AFTERMATH_VOID fires when every stakes-raise has no curiosity raised within 2 scenes
      ---
      duration_ms: 1.226507
      type: 'test'
      ...
    # Subtest: RHYTHM_STAKES_CURIOSITY_AFTERMATH_VOID does not fire when a stakes-raise is followed by curiosity within 2 scenes
    ok 6 - RHYTHM_STAKES_CURIOSITY_AFTERMATH_VOID does not fire when a stakes-raise is followed by curiosity within 2 scenes
      ---
      duration_ms: 1.332287
      type: 'test'
      ...
    1..6
ok 1771 - Wave 974 — rhythmPass: rhythm turn relational aftermath void, rhythm payoff emotional aftermath void, rhythm stakes curiosity aftermath void
  ---
  duration_ms: 8.026089
  type: 'suite'
  ...
# Subtest: Wave 960 — rhythmPass: rhythm curiosity zone imbalance, rhythm revelation zone imbalance, rhythm revelation purpose zone imbalance
    # Subtest: RHYTHM_CURIOSITY_ZONE_IMBALANCE fires when one zone is empty while another holds >=50% of curiosity-raising scenes
    ok 1 - RHYTHM_CURIOSITY_ZONE_IMBALANCE fires when one zone is empty while another holds >=50% of curiosity-raising scenes
      ---
      duration_ms: 1.392237
      type: 'test'
      ...
    # Subtest: RHYTHM_CURIOSITY_ZONE_IMBALANCE does not fire when curiosity-raising scenes touch every zone
    ok 2 - RHYTHM_CURIOSITY_ZONE_IMBALANCE does not fire when curiosity-raising scenes touch every zone
      ---
      duration_ms: 1.12508
      type: 'test'
      ...
    # Subtest: RHYTHM_REVELATION_ZONE_IMBALANCE fires when one zone is empty while another holds >=50% of revelation scenes
    ok 3 - RHYTHM_REVELATION_ZONE_IMBALANCE fires when one zone is empty while another holds >=50% of revelation scenes
      ---
      duration_ms: 1.425798
      type: 'test'
      ...
    # Subtest: RHYTHM_REVELATION_ZONE_IMBALANCE does not fire when revelation scenes touch every zone
    ok 4 - RHYTHM_REVELATION_ZONE_IMBALANCE does not fire when revelation scenes touch every zone
      ---
      duration_ms: 1.196063
      type: 'test'
      ...
    # Subtest: RHYTHM_REVELATION_PURPOSE_ZONE_IMBALANCE fires when one zone is empty while another holds >=50% of revelation-purposed scenes
    ok 5 - RHYTHM_REVELATION_PURPOSE_ZONE_IMBALANCE fires when one zone is empty while another holds >=50% of revelation-purposed scenes
      ---
      duration_ms: 4.752362
      type: 'test'
      ...
    # Subtest: RHYTHM_REVELATION_PURPOSE_ZONE_IMBALANCE does not fire when revelation-purposed scenes touch every zone
    ok 6 - RHYTHM_REVELATION_PURPOSE_ZONE_IMBALANCE does not fire when revelation-purposed scenes touch every zone
      ---
      duration_ms: 1.193882
      type: 'test'
      ...
    1..6
ok 1772 - Wave 960 — rhythmPass: rhythm curiosity zone imbalance, rhythm revelation zone imbalance, rhythm revelation purpose zone imbalance
  ---
  duration_ms: 11.39305
  type: 'suite'
  ...
# Subtest: Wave 946 — rhythmPass: rhythm stakes zone imbalance, rhythm positive emotion zone imbalance, rhythm suspense zone imbalance
    # Subtest: RHYTHM_STAKES_ZONE_IMBALANCE fires when one zone is empty while another holds >=50% of stakes-raising scenes
    ok 1 - RHYTHM_STAKES_ZONE_IMBALANCE fires when one zone is empty while another holds >=50% of stakes-raising scenes
      ---
      duration_ms: 1.458498
      type: 'test'
      ...
    # Subtest: RHYTHM_STAKES_ZONE_IMBALANCE does not fire when stakes-raising scenes touch every zone
    ok 2 - RHYTHM_STAKES_ZONE_IMBALANCE does not fire when stakes-raising scenes touch every zone
      ---
      duration_ms: 1.220365
      type: 'test'
      ...
    # Subtest: RHYTHM_POSITIVE_EMOTION_ZONE_IMBALANCE fires when one zone is empty while another holds >=50% of positive-shift scenes
    ok 3 - RHYTHM_POSITIVE_EMOTION_ZONE_IMBALANCE fires when one zone is empty while another holds >=50% of positive-shift scenes
      ---
      duration_ms: 1.273374
      type: 'test'
      ...
    # Subtest: RHYTHM_POSITIVE_EMOTION_ZONE_IMBALANCE does not fire when positive-shift scenes touch every zone
    ok 4 - RHYTHM_POSITIVE_EMOTION_ZONE_IMBALANCE does not fire when positive-shift scenes touch every zone
      ---
      duration_ms: 1.357716
      type: 'test'
      ...
    # Subtest: RHYTHM_SUSPENSE_ZONE_IMBALANCE fires when one zone is empty while another holds >=50% of suspense-raising scenes
    ok 5 - RHYTHM_SUSPENSE_ZONE_IMBALANCE fires when one zone is empty while another holds >=50% of suspense-raising scenes
      ---
      duration_ms: 1.324265
      type: 'test'
      ...
    # Subtest: RHYTHM_SUSPENSE_ZONE_IMBALANCE does not fire when suspense-raising scenes touch every zone
    ok 6 - RHYTHM_SUSPENSE_ZONE_IMBALANCE does not fire when suspense-raising scenes touch every zone
      ---
      duration_ms: 1.247865
      type: 'test'
      ...
    1..6
ok 1773 - Wave 946 — rhythmPass: rhythm stakes zone imbalance, rhythm positive emotion zone imbalance, rhythm suspense zone imbalance
  ---
  duration_ms: 8.175945
  type: 'suite'
  ...
# Subtest: Wave 932 — rhythmPass: rhythm revelation purpose zone cluster, rhythm revelation purpose drought run, rhythm complicate zone imbalance
    # Subtest: RHYTHM_REVELATION_PURPOSE_ZONE_CLUSTER fires when >75% of revelation-purposed scenes cluster in one third
    ok 1 - RHYTHM_REVELATION_PURPOSE_ZONE_CLUSTER fires when >75% of revelation-purposed scenes cluster in one third
      ---
      duration_ms: 1.210947
      type: 'test'
      ...
    # Subtest: RHYTHM_REVELATION_PURPOSE_ZONE_CLUSTER does not fire when revelation-purposed scenes spread across thirds
    ok 2 - RHYTHM_REVELATION_PURPOSE_ZONE_CLUSTER does not fire when revelation-purposed scenes spread across thirds
      ---
      duration_ms: 1.053257
      type: 'test'
      ...
    # Subtest: RHYTHM_REVELATION_PURPOSE_DROUGHT_RUN fires when a long run has no revelation-purposed scene
    ok 3 - RHYTHM_REVELATION_PURPOSE_DROUGHT_RUN fires when a long run has no revelation-purposed scene
      ---
      duration_ms: 1.196398
      type: 'test'
      ...
    # Subtest: RHYTHM_REVELATION_PURPOSE_DROUGHT_RUN does not fire when revelation-purposed scenes are evenly spread
    ok 4 - RHYTHM_REVELATION_PURPOSE_DROUGHT_RUN does not fire when revelation-purposed scenes are evenly spread
      ---
      duration_ms: 1.156498
      type: 'test'
      ...
    # Subtest: RHYTHM_COMPLICATE_ZONE_IMBALANCE fires when one zone is empty while another holds >=50% of complicating scenes
    ok 5 - RHYTHM_COMPLICATE_ZONE_IMBALANCE fires when one zone is empty while another holds >=50% of complicating scenes
      ---
      duration_ms: 1.304003
      type: 'test'
      ...
    # Subtest: RHYTHM_COMPLICATE_ZONE_IMBALANCE does not fire when complicating scenes touch every zone
    ok 6 - RHYTHM_COMPLICATE_ZONE_IMBALANCE does not fire when complicating scenes touch every zone
      ---
      duration_ms: 1.194766
      type: 'test'
      ...
    1..6
ok 1774 - Wave 932 — rhythmPass: rhythm revelation purpose zone cluster, rhythm revelation purpose drought run, rhythm complicate zone imbalance
  ---
  duration_ms: 7.421356
  type: 'suite'
  ...
# Subtest: Wave 918 — rhythmPass: rhythm complicate zone cluster, rhythm complicate drought run, rhythm negative emotion zone imbalance
    # Subtest: RHYTHM_COMPLICATE_ZONE_CLUSTER fires when >75% of complicating scenes cluster in one third
    ok 1 - RHYTHM_COMPLICATE_ZONE_CLUSTER fires when >75% of complicating scenes cluster in one third
      ---
      duration_ms: 1.072507
      type: 'test'
      ...
    # Subtest: RHYTHM_COMPLICATE_ZONE_CLUSTER does not fire when complicating scenes spread across thirds
    ok 2 - RHYTHM_COMPLICATE_ZONE_CLUSTER does not fire when complicating scenes spread across thirds
      ---
      duration_ms: 1.144873
      type: 'test'
      ...
    # Subtest: RHYTHM_COMPLICATE_DROUGHT_RUN fires when a long run has no complicating scene
    ok 3 - RHYTHM_COMPLICATE_DROUGHT_RUN fires when a long run has no complicating scene
      ---
      duration_ms: 1.194447
      type: 'test'
      ...
    # Subtest: RHYTHM_COMPLICATE_DROUGHT_RUN does not fire when complicating scenes are evenly spread
    ok 4 - RHYTHM_COMPLICATE_DROUGHT_RUN does not fire when complicating scenes are evenly spread
      ---
      duration_ms: 1.268965
      type: 'test'
      ...
    # Subtest: RHYTHM_NEGATIVE_EMOTION_ZONE_IMBALANCE fires when one zone is empty while another holds >=50% of negative-shift scenes
    ok 5 - RHYTHM_NEGATIVE_EMOTION_ZONE_IMBALANCE fires when one zone is empty while another holds >=50% of negative-shift scenes
      ---
      duration_ms: 1.253572
      type: 'test'
      ...
    # Subtest: RHYTHM_NEGATIVE_EMOTION_ZONE_IMBALANCE does not fire when negative-shift scenes touch every zone
    ok 6 - RHYTHM_NEGATIVE_EMOTION_ZONE_IMBALANCE does not fire when negative-shift scenes touch every zone
      ---
      duration_ms: 1.167609
      type: 'test'
      ...
    1..6
ok 1775 - Wave 918 — rhythmPass: rhythm complicate zone cluster, rhythm complicate drought run, rhythm negative emotion zone imbalance
  ---
  duration_ms: 7.410769
  type: 'suite'
  ...
# Subtest: Wave 904 — rhythmPass: rhythm turning point zone imbalance, rhythm introduce conflict zone imbalance, rhythm character moment zone imbalance
    # Subtest: RHYTHM_TURNING_POINT_ZONE_IMBALANCE fires when one zone is empty while another holds >=50% of turning-point scenes
    ok 1 - RHYTHM_TURNING_POINT_ZONE_IMBALANCE fires when one zone is empty while another holds >=50% of turning-point scenes
      ---
      duration_ms: 1.517325
      type: 'test'
      ...
    # Subtest: RHYTHM_TURNING_POINT_ZONE_IMBALANCE does not fire when turning-point scenes touch every zone
    ok 2 - RHYTHM_TURNING_POINT_ZONE_IMBALANCE does not fire when turning-point scenes touch every zone
      ---
      duration_ms: 1.234796
      type: 'test'
      ...
    # Subtest: RHYTHM_INTRODUCE_CONFLICT_ZONE_IMBALANCE fires when one zone is empty while another holds >=50% of conflict-introducing scenes
    ok 3 - RHYTHM_INTRODUCE_CONFLICT_ZONE_IMBALANCE fires when one zone is empty while another holds >=50% of conflict-introducing scenes
      ---
      duration_ms: 1.213846
      type: 'test'
      ...
    # Subtest: RHYTHM_INTRODUCE_CONFLICT_ZONE_IMBALANCE does not fire when conflict-introducing scenes touch every zone
    ok 4 - RHYTHM_INTRODUCE_CONFLICT_ZONE_IMBALANCE does not fire when conflict-introducing scenes touch every zone
      ---
      duration_ms: 2.948322
      type: 'test'
      ...
    # Subtest: RHYTHM_CHARACTER_MOMENT_ZONE_IMBALANCE fires when one zone is empty while another holds >=50% of character-moment scenes
    ok 5 - RHYTHM_CHARACTER_MOMENT_ZONE_IMBALANCE fires when one zone is empty while another holds >=50% of character-moment scenes
      ---
      duration_ms: 1.653793
      type: 'test'
      ...
    # Subtest: RHYTHM_CHARACTER_MOMENT_ZONE_IMBALANCE does not fire when character-moment scenes touch every zone
    ok 6 - RHYTHM_CHARACTER_MOMENT_ZONE_IMBALANCE does not fire when character-moment scenes touch every zone
      ---
      duration_ms: 1.56454
      type: 'test'
      ...
    1..6
ok 1776 - Wave 904 — rhythmPass: rhythm turning point zone imbalance, rhythm introduce conflict zone imbalance, rhythm character moment zone imbalance
  ---
  duration_ms: 10.433407
  type: 'suite'
  ...
# Subtest: Wave 890 — rhythmPass: rhythm climax zone imbalance, rhythm establish world zone imbalance, rhythm resolution zone imbalance
    # Subtest: RHYTHM_CLIMAX_ZONE_IMBALANCE fires when one zone is empty while another holds >=50% of climax-purposed scenes
    ok 1 - RHYTHM_CLIMAX_ZONE_IMBALANCE fires when one zone is empty while another holds >=50% of climax-purposed scenes
      ---
      duration_ms: 1.754856
      type: 'test'
      ...
    # Subtest: RHYTHM_CLIMAX_ZONE_IMBALANCE does not fire when climax-purposed scenes touch every zone
    ok 2 - RHYTHM_CLIMAX_ZONE_IMBALANCE does not fire when climax-purposed scenes touch every zone
      ---
      duration_ms: 1.10349
      type: 'test'
      ...
    # Subtest: RHYTHM_ESTABLISH_WORLD_ZONE_IMBALANCE fires when one zone is empty while another holds >=50% of world-establishing scenes
    ok 3 - RHYTHM_ESTABLISH_WORLD_ZONE_IMBALANCE fires when one zone is empty while another holds >=50% of world-establishing scenes
      ---
      duration_ms: 2.424444
      type: 'test'
      ...
    # Subtest: RHYTHM_ESTABLISH_WORLD_ZONE_IMBALANCE does not fire when world-establishing scenes touch every zone
    ok 4 - RHYTHM_ESTABLISH_WORLD_ZONE_IMBALANCE does not fire when world-establishing scenes touch every zone
      ---
      duration_ms: 1.337099
      type: 'test'
      ...
    # Subtest: RHYTHM_RESOLUTION_ZONE_IMBALANCE fires when one zone is empty while another holds >=50% of resolution-purposed scenes
    ok 5 - RHYTHM_RESOLUTION_ZONE_IMBALANCE fires when one zone is empty while another holds >=50% of resolution-purposed scenes
      ---
      duration_ms: 1.542408
      type: 'test'
      ...
    # Subtest: RHYTHM_RESOLUTION_ZONE_IMBALANCE does not fire when resolution-purposed scenes touch every zone
    ok 6 - RHYTHM_RESOLUTION_ZONE_IMBALANCE does not fire when resolution-purposed scenes touch every zone
      ---
      duration_ms: 1.197908
      type: 'test'
      ...
    1..6
ok 1777 - Wave 890 — rhythmPass: rhythm climax zone imbalance, rhythm establish world zone imbalance, rhythm resolution zone imbalance
  ---
  duration_ms: 9.648685
  type: 'suite'
  ...
# Subtest: Wave 876 — rhythmPass: rhythm climax drought run, rhythm establish world drought run, rhythm resolution drought run
    # Subtest: RHYTHM_CLIMAX_DROUGHT_RUN fires when a long run has no climax-purposed scene
    ok 1 - RHYTHM_CLIMAX_DROUGHT_RUN fires when a long run has no climax-purposed scene
      ---
      duration_ms: 1.865293
      type: 'test'
      ...
    # Subtest: RHYTHM_CLIMAX_DROUGHT_RUN does not fire when climax-purposed scenes are evenly spread
    ok 2 - RHYTHM_CLIMAX_DROUGHT_RUN does not fire when climax-purposed scenes are evenly spread
      ---
      duration_ms: 1.335626
      type: 'test'
      ...
    # Subtest: RHYTHM_ESTABLISH_WORLD_DROUGHT_RUN fires when a long run has no world-establishing scene
    ok 3 - RHYTHM_ESTABLISH_WORLD_DROUGHT_RUN fires when a long run has no world-establishing scene
      ---
      duration_ms: 1.229076
      type: 'test'
      ...
    # Subtest: RHYTHM_ESTABLISH_WORLD_DROUGHT_RUN does not fire when world-establishing scenes are evenly spread
    ok 4 - RHYTHM_ESTABLISH_WORLD_DROUGHT_RUN does not fire when world-establishing scenes are evenly spread
      ---
      duration_ms: 1.228598
      type: 'test'
      ...
    # Subtest: RHYTHM_RESOLUTION_DROUGHT_RUN fires when a long run has no resolution-purposed scene
    ok 5 - RHYTHM_RESOLUTION_DROUGHT_RUN fires when a long run has no resolution-purposed scene
      ---
      duration_ms: 1.326775
      type: 'test'
      ...
    # Subtest: RHYTHM_RESOLUTION_DROUGHT_RUN does not fire when resolution-purposed scenes are evenly spread
    ok 6 - RHYTHM_RESOLUTION_DROUGHT_RUN does not fire when resolution-purposed scenes are evenly spread
      ---
      duration_ms: 1.130544
      type: 'test'
      ...
    1..6
ok 1778 - Wave 876 — rhythmPass: rhythm climax drought run, rhythm establish world drought run, rhythm resolution drought run
  ---
  duration_ms: 8.466588
  type: 'suite'
  ...
# Subtest: Wave 862 — rhythmPass: rhythm establish world zone cluster, rhythm climax zone cluster, rhythm resolution zone cluster
    # Subtest: RHYTHM_ESTABLISH_WORLD_ZONE_CLUSTER fires when >75% of world-establishing scenes cluster in one third
    ok 1 - RHYTHM_ESTABLISH_WORLD_ZONE_CLUSTER fires when >75% of world-establishing scenes cluster in one third
      ---
      duration_ms: 4.382527
      type: 'test'
      ...
    # Subtest: RHYTHM_ESTABLISH_WORLD_ZONE_CLUSTER does not fire when world-establishing scenes spread across thirds
    ok 2 - RHYTHM_ESTABLISH_WORLD_ZONE_CLUSTER does not fire when world-establishing scenes spread across thirds
      ---
      duration_ms: 1.070177
      type: 'test'
      ...
    # Subtest: RHYTHM_CLIMAX_ZONE_CLUSTER fires when >75% of climax-purposed scenes cluster in one third
    ok 3 - RHYTHM_CLIMAX_ZONE_CLUSTER fires when >75% of climax-purposed scenes cluster in one third
      ---
      duration_ms: 1.032283
      type: 'test'
      ...
    # Subtest: RHYTHM_CLIMAX_ZONE_CLUSTER does not fire when climax-purposed scenes spread across thirds
    ok 4 - RHYTHM_CLIMAX_ZONE_CLUSTER does not fire when climax-purposed scenes spread across thirds
      ---
      duration_ms: 0.975089
      type: 'test'
      ...
    # Subtest: RHYTHM_RESOLUTION_ZONE_CLUSTER fires when >75% of resolution-purposed scenes cluster in one third
    ok 5 - RHYTHM_RESOLUTION_ZONE_CLUSTER fires when >75% of resolution-purposed scenes cluster in one third
      ---
      duration_ms: 1.029731
      type: 'test'
      ...
    # Subtest: RHYTHM_RESOLUTION_ZONE_CLUSTER does not fire when resolution-purposed scenes spread across thirds
    ok 6 - RHYTHM_RESOLUTION_ZONE_CLUSTER does not fire when resolution-purposed scenes spread across thirds
      ---
      duration_ms: 0.904514
      type: 'test'
      ...
    1..6
ok 1779 - Wave 862 — rhythmPass: rhythm establish world zone cluster, rhythm climax zone cluster, rhythm resolution zone cluster
  ---
  duration_ms: 9.700818
  type: 'suite'
  ...
# Subtest: Wave 848 — rhythmPass: rhythm stakes drought run, rhythm introduce conflict drought run, rhythm positive emotion drought run
    # Subtest: RHYTHM_STAKES_DROUGHT_RUN fires when a long run has no stakes-raising purpose
    ok 1 - RHYTHM_STAKES_DROUGHT_RUN fires when a long run has no stakes-raising purpose
      ---
      duration_ms: 1.301984
      type: 'test'
      ...
    # Subtest: RHYTHM_STAKES_DROUGHT_RUN does not fire when stakes-raising scenes are evenly spread
    ok 2 - RHYTHM_STAKES_DROUGHT_RUN does not fire when stakes-raising scenes are evenly spread
      ---
      duration_ms: 1.158351
      type: 'test'
      ...
    # Subtest: RHYTHM_INTRODUCE_CONFLICT_DROUGHT_RUN fires when a long run has no new conflict
    ok 3 - RHYTHM_INTRODUCE_CONFLICT_DROUGHT_RUN fires when a long run has no new conflict
      ---
      duration_ms: 1.271359
      type: 'test'
      ...
    # Subtest: RHYTHM_INTRODUCE_CONFLICT_DROUGHT_RUN does not fire when conflict-introducing scenes are evenly spread
    ok 4 - RHYTHM_INTRODUCE_CONFLICT_DROUGHT_RUN does not fire when conflict-introducing scenes are evenly spread
      ---
      duration_ms: 1.268349
      type: 'test'
      ...
    # Subtest: RHYTHM_POSITIVE_EMOTION_DROUGHT_RUN fires when a long run has no positive-emotion charge
    ok 5 - RHYTHM_POSITIVE_EMOTION_DROUGHT_RUN fires when a long run has no positive-emotion charge
      ---
      duration_ms: 1.175093
      type: 'test'
      ...
    # Subtest: RHYTHM_POSITIVE_EMOTION_DROUGHT_RUN does not fire when positive-emotion scenes are evenly spread
    ok 6 - RHYTHM_POSITIVE_EMOTION_DROUGHT_RUN does not fire when positive-emotion scenes are evenly spread
      ---
      duration_ms: 1.181613
      type: 'test'
      ...
    1..6
ok 1780 - Wave 848 — rhythmPass: rhythm stakes drought run, rhythm introduce conflict drought run, rhythm positive emotion drought run
  ---
  duration_ms: 7.653698
  type: 'suite'
  ...
# Subtest: Wave 834 — rhythmPass: rhythm stakes zone cluster, rhythm introduce conflict zone cluster, rhythm positive emotion zone cluster
    # Subtest: RHYTHM_STAKES_ZONE_CLUSTER fires when >75% of stakes-raising scenes cluster in one third
    ok 1 - RHYTHM_STAKES_ZONE_CLUSTER fires when >75% of stakes-raising scenes cluster in one third
      ---
      duration_ms: 1.196045
      type: 'test'
      ...
    # Subtest: RHYTHM_STAKES_ZONE_CLUSTER does not fire when stakes-raising scenes spread across thirds
    ok 2 - RHYTHM_STAKES_ZONE_CLUSTER does not fire when stakes-raising scenes spread across thirds
      ---
      duration_ms: 1.031712
      type: 'test'
      ...
    # Subtest: RHYTHM_INTRODUCE_CONFLICT_ZONE_CLUSTER fires when >75% of conflict-introducing scenes cluster in one third
    ok 3 - RHYTHM_INTRODUCE_CONFLICT_ZONE_CLUSTER fires when >75% of conflict-introducing scenes cluster in one third
      ---
      duration_ms: 1.070206
      type: 'test'
      ...
    # Subtest: RHYTHM_INTRODUCE_CONFLICT_ZONE_CLUSTER does not fire when conflict-introducing scenes spread across thirds
    ok 4 - RHYTHM_INTRODUCE_CONFLICT_ZONE_CLUSTER does not fire when conflict-introducing scenes spread across thirds
      ---
      duration_ms: 0.906856
      type: 'test'
      ...
    # Subtest: RHYTHM_POSITIVE_EMOTION_ZONE_CLUSTER fires when >75% of positive-emotion scenes cluster in one third
    ok 5 - RHYTHM_POSITIVE_EMOTION_ZONE_CLUSTER fires when >75% of positive-emotion scenes cluster in one third
      ---
      duration_ms: 1.03067
      type: 'test'
      ...
    # Subtest: RHYTHM_POSITIVE_EMOTION_ZONE_CLUSTER does not fire when positive-emotion scenes spread across thirds
    ok 6 - RHYTHM_POSITIVE_EMOTION_ZONE_CLUSTER does not fire when positive-emotion scenes spread across thirds
      ---
      duration_ms: 1.023312
      type: 'test'
      ...
    1..6
ok 1781 - Wave 834 — rhythmPass: rhythm stakes zone cluster, rhythm introduce conflict zone cluster, rhythm positive emotion zone cluster
  ---
  duration_ms: 6.556606
  type: 'suite'
  ...
# Subtest: Wave 820 — rhythmPass: rhythm character moment drought run, rhythm turning point zone cluster, rhythm turning point drought run
    # Subtest: RHYTHM_CHARACTER_MOMENT_DROUGHT_RUN fires when a long run has no character moment
    ok 1 - RHYTHM_CHARACTER_MOMENT_DROUGHT_RUN fires when a long run has no character moment
      ---
      duration_ms: 1.269748
      type: 'test'
      ...
    # Subtest: RHYTHM_CHARACTER_MOMENT_DROUGHT_RUN does not fire when character moments are evenly spread
    ok 2 - RHYTHM_CHARACTER_MOMENT_DROUGHT_RUN does not fire when character moments are evenly spread
      ---
      duration_ms: 1.265457
      type: 'test'
      ...
    # Subtest: RHYTHM_TURNING_POINT_ZONE_CLUSTER fires when >75% of turning-point scenes cluster in one third
    ok 3 - RHYTHM_TURNING_POINT_ZONE_CLUSTER fires when >75% of turning-point scenes cluster in one third
      ---
      duration_ms: 0.921527
      type: 'test'
      ...
    # Subtest: RHYTHM_TURNING_POINT_ZONE_CLUSTER does not fire when turning-point scenes spread across thirds
    ok 4 - RHYTHM_TURNING_POINT_ZONE_CLUSTER does not fire when turning-point scenes spread across thirds
      ---
      duration_ms: 0.919261
      type: 'test'
      ...
    # Subtest: RHYTHM_TURNING_POINT_DROUGHT_RUN fires when a long run has no turning point
    ok 5 - RHYTHM_TURNING_POINT_DROUGHT_RUN fires when a long run has no turning point
      ---
      duration_ms: 1.154687
      type: 'test'
      ...
    # Subtest: RHYTHM_TURNING_POINT_DROUGHT_RUN does not fire when turning points are evenly spread
    ok 6 - RHYTHM_TURNING_POINT_DROUGHT_RUN does not fire when turning points are evenly spread
      ---
      duration_ms: 1.228958
      type: 'test'
      ...
    1..6
ok 1782 - Wave 820 — rhythmPass: rhythm character moment drought run, rhythm turning point zone cluster, rhythm turning point drought run
  ---
  duration_ms: 7.049253
  type: 'suite'
  ...
# Subtest: Wave 806 — rhythmPass: rhythm negative emotion zone cluster, rhythm negative emotion drought run, rhythm character moment zone cluster
    # Subtest: RHYTHM_NEGATIVE_EMOTION_ZONE_CLUSTER fires when >75% of negative-emotion scenes cluster in one third
    ok 1 - RHYTHM_NEGATIVE_EMOTION_ZONE_CLUSTER fires when >75% of negative-emotion scenes cluster in one third
      ---
      duration_ms: 12.749154
      type: 'test'
      ...
    # Subtest: RHYTHM_NEGATIVE_EMOTION_ZONE_CLUSTER does not fire when negative-emotion scenes spread across thirds
    ok 2 - RHYTHM_NEGATIVE_EMOTION_ZONE_CLUSTER does not fire when negative-emotion scenes spread across thirds
      ---
      duration_ms: 1.061406
      type: 'test'
      ...
    # Subtest: RHYTHM_NEGATIVE_EMOTION_DROUGHT_RUN fires when a long run has no negative-emotion charge
    ok 3 - RHYTHM_NEGATIVE_EMOTION_DROUGHT_RUN fires when a long run has no negative-emotion charge
      ---
      duration_ms: 1.271554
      type: 'test'
      ...
    # Subtest: RHYTHM_NEGATIVE_EMOTION_DROUGHT_RUN does not fire when negative-emotion scenes are evenly spread
    ok 4 - RHYTHM_NEGATIVE_EMOTION_DROUGHT_RUN does not fire when negative-emotion scenes are evenly spread
      ---
      duration_ms: 1.17126
      type: 'test'
      ...
    # Subtest: RHYTHM_CHARACTER_MOMENT_ZONE_CLUSTER fires when >75% of character-moment scenes cluster in one third
    ok 5 - RHYTHM_CHARACTER_MOMENT_ZONE_CLUSTER fires when >75% of character-moment scenes cluster in one third
      ---
      duration_ms: 0.85751
      type: 'test'
      ...
    # Subtest: RHYTHM_CHARACTER_MOMENT_ZONE_CLUSTER does not fire when character-moment scenes spread across thirds
    ok 6 - RHYTHM_CHARACTER_MOMENT_ZONE_CLUSTER does not fire when character-moment scenes spread across thirds
      ---
      duration_ms: 0.883398
      type: 'test'
      ...
    1..6
ok 1783 - Wave 806 — rhythmPass: rhythm negative emotion zone cluster, rhythm negative emotion drought run, rhythm character moment zone cluster
  ---
  duration_ms: 18.330358
  type: 'suite'
  ...
# Subtest: Wave 792 — rhythmPass: rhythm suspense peak uncaused, rhythm curiosity peak uncaused, rhythm revelation zone cluster
    # Subtest: RHYTHM_SUSPENSE_PEAK_UNCAUSED fires when the peak suspense scene has no preparing cause nearby
    ok 1 - RHYTHM_SUSPENSE_PEAK_UNCAUSED fires when the peak suspense scene has no preparing cause nearby
      ---
      duration_ms: 1.138777
      type: 'test'
      ...
    # Subtest: RHYTHM_SUSPENSE_PEAK_UNCAUSED does not fire when a preparing cause precedes the peak suspense scene
    ok 2 - RHYTHM_SUSPENSE_PEAK_UNCAUSED does not fire when a preparing cause precedes the peak suspense scene
      ---
      duration_ms: 0.841615
      type: 'test'
      ...
    # Subtest: RHYTHM_CURIOSITY_PEAK_UNCAUSED fires when the peak curiosity scene has no preparing cause nearby
    ok 3 - RHYTHM_CURIOSITY_PEAK_UNCAUSED fires when the peak curiosity scene has no preparing cause nearby
      ---
      duration_ms: 0.948508
      type: 'test'
      ...
    # Subtest: RHYTHM_CURIOSITY_PEAK_UNCAUSED does not fire when a preparing cause precedes the peak curiosity scene
    ok 4 - RHYTHM_CURIOSITY_PEAK_UNCAUSED does not fire when a preparing cause precedes the peak curiosity scene
      ---
      duration_ms: 0.839872
      type: 'test'
      ...
    # Subtest: RHYTHM_REVELATION_ZONE_CLUSTER fires when >75% of revelation scenes cluster in one third
    ok 5 - RHYTHM_REVELATION_ZONE_CLUSTER fires when >75% of revelation scenes cluster in one third
      ---
      duration_ms: 1.168879
      type: 'test'
      ...
    # Subtest: RHYTHM_REVELATION_ZONE_CLUSTER does not fire when revelation scenes spread across thirds
    ok 6 - RHYTHM_REVELATION_ZONE_CLUSTER does not fire when revelation scenes spread across thirds
      ---
      duration_ms: 0.947802
      type: 'test'
      ...
    1..6
ok 1784 - Wave 792 — rhythmPass: rhythm suspense peak uncaused, rhythm curiosity peak uncaused, rhythm revelation zone cluster
  ---
  duration_ms: 6.230965
  type: 'suite'
  ...
# Subtest: Wave 778 — rhythmPass: rhythm suspense drought run, rhythm curiosity zone cluster, rhythm revelation drought run
    # Subtest: RHYTHM_SUSPENSE_DROUGHT_RUN fires when a long run has no rising suspense
    ok 1 - RHYTHM_SUSPENSE_DROUGHT_RUN fires when a long run has no rising suspense
      ---
      duration_ms: 1.374853
      type: 'test'
      ...
    # Subtest: RHYTHM_SUSPENSE_DROUGHT_RUN does not fire when suspense rises are evenly spread
    ok 2 - RHYTHM_SUSPENSE_DROUGHT_RUN does not fire when suspense rises are evenly spread
      ---
      duration_ms: 1.381253
      type: 'test'
      ...
    # Subtest: RHYTHM_CURIOSITY_ZONE_CLUSTER fires when >75% of curiosity-positive scenes cluster in one third
    ok 3 - RHYTHM_CURIOSITY_ZONE_CLUSTER fires when >75% of curiosity-positive scenes cluster in one third
      ---
      duration_ms: 0.852558
      type: 'test'
      ...
    # Subtest: RHYTHM_CURIOSITY_ZONE_CLUSTER does not fire when curiosity-positive scenes spread across thirds
    ok 4 - RHYTHM_CURIOSITY_ZONE_CLUSTER does not fire when curiosity-positive scenes spread across thirds
      ---
      duration_ms: 0.86747
      type: 'test'
      ...
    # Subtest: RHYTHM_REVELATION_DROUGHT_RUN fires when a long run has no revelation
    ok 5 - RHYTHM_REVELATION_DROUGHT_RUN fires when a long run has no revelation
      ---
      duration_ms: 1.160398
      type: 'test'
      ...
    # Subtest: RHYTHM_REVELATION_DROUGHT_RUN does not fire when revelations are evenly spread
    ok 6 - RHYTHM_REVELATION_DROUGHT_RUN does not fire when revelations are evenly spread
      ---
      duration_ms: 1.199451
      type: 'test'
      ...
    1..6
ok 1785 - Wave 778 — rhythmPass: rhythm suspense drought run, rhythm curiosity zone cluster, rhythm revelation drought run
  ---
  duration_ms: 7.178418
  type: 'suite'
  ...
# Subtest: Wave 764 — rhythmPass: rhythm suspense zone cluster, rhythm curiosity drought run, rhythm revelation peak uncaused
    # Subtest: RHYTHM_SUSPENSE_ZONE_CLUSTER fires when >75% of suspense-positive scenes cluster in one third
    ok 1 - RHYTHM_SUSPENSE_ZONE_CLUSTER fires when >75% of suspense-positive scenes cluster in one third
      ---
      duration_ms: 1.040476
      type: 'test'
      ...
    # Subtest: RHYTHM_SUSPENSE_ZONE_CLUSTER does not fire when suspense-positive scenes spread across thirds
    ok 2 - RHYTHM_SUSPENSE_ZONE_CLUSTER does not fire when suspense-positive scenes spread across thirds
      ---
      duration_ms: 0.928873
      type: 'test'
      ...
    # Subtest: RHYTHM_CURIOSITY_DROUGHT_RUN fires when a long run has no rising curiosity
    ok 3 - RHYTHM_CURIOSITY_DROUGHT_RUN fires when a long run has no rising curiosity
      ---
      duration_ms: 1.189155
      type: 'test'
      ...
    # Subtest: RHYTHM_CURIOSITY_DROUGHT_RUN does not fire when curiosity rises are evenly spread
    ok 4 - RHYTHM_CURIOSITY_DROUGHT_RUN does not fire when curiosity rises are evenly spread
      ---
      duration_ms: 1.087932
      type: 'test'
      ...
    # Subtest: RHYTHM_REVELATION_PEAK_UNCAUSED fires when the peak revelation scene has no dramatic turn nearby
    ok 5 - RHYTHM_REVELATION_PEAK_UNCAUSED fires when the peak revelation scene has no dramatic turn nearby
      ---
      duration_ms: 0.868942
      type: 'test'
      ...
    # Subtest: RHYTHM_REVELATION_PEAK_UNCAUSED does not fire when a dramatic turn precedes the peak revelation
    ok 6 - RHYTHM_REVELATION_PEAK_UNCAUSED does not fire when a dramatic turn precedes the peak revelation
      ---
      duration_ms: 0.91139
      type: 'test'
      ...
    1..6
ok 1786 - Wave 764 — rhythmPass: rhythm suspense zone cluster, rhythm curiosity drought run, rhythm revelation peak uncaused
  ---
  duration_ms: 6.303904
  type: 'suite'
  ...
# Subtest: Wave 750 — rhythmPass: rhythm clock zone cluster, rhythm emotion drought run, rhythm turn drought run
    # Subtest: RHYTHM_CLOCK_ZONE_CLUSTER fires when >75% of clockRaised scenes cluster in one third
    ok 1 - RHYTHM_CLOCK_ZONE_CLUSTER fires when >75% of clockRaised scenes cluster in one third
      ---
      duration_ms: 1.339886
      type: 'test'
      ...
    # Subtest: RHYTHM_CLOCK_ZONE_CLUSTER does not fire when clockRaised scenes are distributed across thirds
    ok 2 - RHYTHM_CLOCK_ZONE_CLUSTER does not fire when clockRaised scenes are distributed across thirds
      ---
      duration_ms: 0.950936
      type: 'test'
      ...
    # Subtest: RHYTHM_EMOTION_DROUGHT_RUN fires when the longest no-positive-emotion run reaches 6
    ok 3 - RHYTHM_EMOTION_DROUGHT_RUN fires when the longest no-positive-emotion run reaches 6
      ---
      duration_ms: 1.216592
      type: 'test'
      ...
    # Subtest: RHYTHM_EMOTION_DROUGHT_RUN does not fire when positive emotion is spread through the story
    ok 4 - RHYTHM_EMOTION_DROUGHT_RUN does not fire when positive emotion is spread through the story
      ---
      duration_ms: 1.146531
      type: 'test'
      ...
    # Subtest: RHYTHM_TURN_DROUGHT_RUN fires when the longest no-dramatic-turn run reaches 6
    ok 5 - RHYTHM_TURN_DROUGHT_RUN fires when the longest no-dramatic-turn run reaches 6
      ---
      duration_ms: 1.069429
      type: 'test'
      ...
    # Subtest: RHYTHM_TURN_DROUGHT_RUN does not fire when dramatic turns are spread through the story
    ok 6 - RHYTHM_TURN_DROUGHT_RUN does not fire when dramatic turns are spread through the story
      ---
      duration_ms: 1.097912
      type: 'test'
      ...
    1..6
ok 1787 - Wave 750 — rhythmPass: rhythm clock zone cluster, rhythm emotion drought run, rhythm turn drought run
  ---
  duration_ms: 7.108969
  type: 'suite'
  ...
# Subtest: Wave 736 — rhythmPass: rhythm clock delta drought run, rhythm staging zone cluster, rhythm open thread zone cluster
    # Subtest: RHYTHM_CLOCK_DELTA_DROUGHT_RUN fires when the longest no-clock-movement run reaches 6
    ok 1 - RHYTHM_CLOCK_DELTA_DROUGHT_RUN fires when the longest no-clock-movement run reaches 6
      ---
      duration_ms: 1.279289
      type: 'test'
      ...
    # Subtest: RHYTHM_CLOCK_DELTA_DROUGHT_RUN does not fire when clock movement is spread through the story
    ok 2 - RHYTHM_CLOCK_DELTA_DROUGHT_RUN does not fire when clock movement is spread through the story
      ---
      duration_ms: 1.223505
      type: 'test'
      ...
    # Subtest: RHYTHM_STAGING_ZONE_CLUSTER fires when >75% of visually dense scenes cluster in one third
    ok 3 - RHYTHM_STAGING_ZONE_CLUSTER fires when >75% of visually dense scenes cluster in one third
      ---
      duration_ms: 0.940226
      type: 'test'
      ...
    # Subtest: RHYTHM_STAGING_ZONE_CLUSTER does not fire when visually dense scenes are distributed across thirds
    ok 4 - RHYTHM_STAGING_ZONE_CLUSTER does not fire when visually dense scenes are distributed across thirds
      ---
      duration_ms: 0.9152
      type: 'test'
      ...
    # Subtest: RHYTHM_OPEN_THREAD_ZONE_CLUSTER fires when >75% of open-thread scenes cluster in one third
    ok 5 - RHYTHM_OPEN_THREAD_ZONE_CLUSTER fires when >75% of open-thread scenes cluster in one third
      ---
      duration_ms: 0.916049
      type: 'test'
      ...
    # Subtest: RHYTHM_OPEN_THREAD_ZONE_CLUSTER does not fire when open-thread scenes are distributed across thirds
    ok 6 - RHYTHM_OPEN_THREAD_ZONE_CLUSTER does not fire when open-thread scenes are distributed across thirds
      ---
      duration_ms: 0.975846
      type: 'test'
      ...
    1..6
ok 1788 - Wave 736 — rhythmPass: rhythm clock delta drought run, rhythm staging zone cluster, rhythm open thread zone cluster
  ---
  duration_ms: 6.522132
  type: 'suite'
  ...
# Subtest: Wave 722 — rhythmPass: clock signal zone cluster, unresolved signal peak uncaused, staging signal peak uncaused
    # Subtest: CLOCK_SIGNAL_ZONE_CLUSTER fires when >75% of clock-advancing scenes cluster in one third
    ok 1 - CLOCK_SIGNAL_ZONE_CLUSTER fires when >75% of clock-advancing scenes cluster in one third
      ---
      duration_ms: 1.079315
      type: 'test'
      ...
    # Subtest: CLOCK_SIGNAL_ZONE_CLUSTER does not fire when clock-advancing scenes are distributed across thirds
    ok 2 - CLOCK_SIGNAL_ZONE_CLUSTER does not fire when clock-advancing scenes are distributed across thirds
      ---
      duration_ms: 0.885905
      type: 'test'
      ...
    # Subtest: UNRESOLVED_SIGNAL_PEAK_UNCAUSED fires when the peak open-thread scene has no dramatic turn or revelation nearby
    ok 3 - UNRESOLVED_SIGNAL_PEAK_UNCAUSED fires when the peak open-thread scene has no dramatic turn or revelation nearby
      ---
      duration_ms: 1.016529
      type: 'test'
      ...
    # Subtest: UNRESOLVED_SIGNAL_PEAK_UNCAUSED does not fire when a dramatic turn precedes the peak within the lookback
    ok 4 - UNRESOLVED_SIGNAL_PEAK_UNCAUSED does not fire when a dramatic turn precedes the peak within the lookback
      ---
      duration_ms: 0.898612
      type: 'test'
      ...
    # Subtest: STAGING_SIGNAL_PEAK_UNCAUSED fires when the peak physical-staging scene has no dramatic turn or revelation nearby
    ok 5 - STAGING_SIGNAL_PEAK_UNCAUSED fires when the peak physical-staging scene has no dramatic turn or revelation nearby
      ---
      duration_ms: 0.853064
      type: 'test'
      ...
    # Subtest: STAGING_SIGNAL_PEAK_UNCAUSED does not fire when a dramatic turn precedes the peak within the lookback
    ok 6 - STAGING_SIGNAL_PEAK_UNCAUSED does not fire when a dramatic turn precedes the peak within the lookback
      ---
      duration_ms: 0.894683
      type: 'test'
      ...
    1..6
ok 1789 - Wave 722 — rhythmPass: clock signal zone cluster, unresolved signal peak uncaused, staging signal peak uncaused
  ---
  duration_ms: 5.904532
  type: 'suite'
  ...
# Subtest: Wave 708 — rhythmPass: dialogue signal zone cluster, seed signal peak uncaused, payoff signal drought run
    # Subtest: DIALOGUE_SIGNAL_ZONE_CLUSTER fires when >75% of highlighted-dialogue scenes cluster in one third
    ok 1 - DIALOGUE_SIGNAL_ZONE_CLUSTER fires when >75% of highlighted-dialogue scenes cluster in one third
      ---
      duration_ms: 1.017206
      type: 'test'
      ...
    # Subtest: DIALOGUE_SIGNAL_ZONE_CLUSTER does not fire when highlighted-dialogue scenes are distributed across thirds
    ok 2 - DIALOGUE_SIGNAL_ZONE_CLUSTER does not fire when highlighted-dialogue scenes are distributed across thirds
      ---
      duration_ms: 0.958964
      type: 'test'
      ...
    # Subtest: SEED_SIGNAL_PEAK_UNCAUSED fires when the peak seed scene has no dramatic turn or revelation nearby
    ok 3 - SEED_SIGNAL_PEAK_UNCAUSED fires when the peak seed scene has no dramatic turn or revelation nearby
      ---
      duration_ms: 0.881402
      type: 'test'
      ...
    # Subtest: SEED_SIGNAL_PEAK_UNCAUSED does not fire when a dramatic turn precedes the peak within the lookback
    ok 4 - SEED_SIGNAL_PEAK_UNCAUSED does not fire when a dramatic turn precedes the peak within the lookback
      ---
      duration_ms: 1.223494
      type: 'test'
      ...
    # Subtest: PAYOFF_SIGNAL_DROUGHT_RUN fires when the longest no-payoff run is ≥6
    ok 5 - PAYOFF_SIGNAL_DROUGHT_RUN fires when the longest no-payoff run is ≥6
      ---
      duration_ms: 1.192338
      type: 'test'
      ...
    # Subtest: PAYOFF_SIGNAL_DROUGHT_RUN does not fire when payoffs are distributed without a long drought
    ok 6 - PAYOFF_SIGNAL_DROUGHT_RUN does not fire when payoffs are distributed without a long drought
      ---
      duration_ms: 1.111381
      type: 'test'
      ...
    1..6
ok 1790 - Wave 708 — rhythmPass: dialogue signal zone cluster, seed signal peak uncaused, payoff signal drought run
  ---
  duration_ms: 6.732675
  type: 'suite'
  ...
# Subtest: Wave 694 — rhythmPass: relational signal peak uncaused, seed signal zone cluster, dialogue signal drought run
    # Subtest: RELATIONAL_SIGNAL_PEAK_UNCAUSED fires when the peak relationship-shift scene has no dramatic turn or revelation nearby
    ok 1 - RELATIONAL_SIGNAL_PEAK_UNCAUSED fires when the peak relationship-shift scene has no dramatic turn or revelation nearby
      ---
      duration_ms: 1.072016
      type: 'test'
      ...
    # Subtest: RELATIONAL_SIGNAL_PEAK_UNCAUSED does not fire when a dramatic turn precedes the peak within the lookback
    ok 2 - RELATIONAL_SIGNAL_PEAK_UNCAUSED does not fire when a dramatic turn precedes the peak within the lookback
      ---
      duration_ms: 0.95409
      type: 'test'
      ...
    # Subtest: SEED_SIGNAL_ZONE_CLUSTER fires when >75% of seed scenes cluster in one third
    ok 3 - SEED_SIGNAL_ZONE_CLUSTER fires when >75% of seed scenes cluster in one third
      ---
      duration_ms: 1.02111
      type: 'test'
      ...
    # Subtest: SEED_SIGNAL_ZONE_CLUSTER does not fire when seed scenes are distributed across thirds
    ok 4 - SEED_SIGNAL_ZONE_CLUSTER does not fire when seed scenes are distributed across thirds
      ---
      duration_ms: 0.930202
      type: 'test'
      ...
    # Subtest: DIALOGUE_SIGNAL_DROUGHT_RUN fires when the longest no-highlighted-dialogue run is ≥6
    ok 5 - DIALOGUE_SIGNAL_DROUGHT_RUN fires when the longest no-highlighted-dialogue run is ≥6
      ---
      duration_ms: 1.232694
      type: 'test'
      ...
    # Subtest: DIALOGUE_SIGNAL_DROUGHT_RUN does not fire when highlighted dialogue is distributed without a long drought
    ok 6 - DIALOGUE_SIGNAL_DROUGHT_RUN does not fire when highlighted dialogue is distributed without a long drought
      ---
      duration_ms: 1.167529
      type: 'test'
      ...
    1..6
ok 1791 - Wave 694 — rhythmPass: relational signal peak uncaused, seed signal zone cluster, dialogue signal drought run
  ---
  duration_ms: 6.654919
  type: 'suite'
  ...
# Subtest: Wave 680 — rhythmPass: payoff signal peak uncaused, open thread signal drought run, relational signal zone cluster
    # Subtest: PAYOFF_SIGNAL_PEAK_UNCAUSED fires when the peak payoff scene has no dramatic turn or revelation nearby
    ok 1 - PAYOFF_SIGNAL_PEAK_UNCAUSED fires when the peak payoff scene has no dramatic turn or revelation nearby
      ---
      duration_ms: 0.995492
      type: 'test'
      ...
    # Subtest: PAYOFF_SIGNAL_PEAK_UNCAUSED does not fire when a dramatic turn precedes the peak within the lookback
    ok 2 - PAYOFF_SIGNAL_PEAK_UNCAUSED does not fire when a dramatic turn precedes the peak within the lookback
      ---
      duration_ms: 0.863632
      type: 'test'
      ...
    # Subtest: OPEN_THREAD_SIGNAL_DROUGHT_RUN fires when the longest no-debt run is ≥6
    ok 3 - OPEN_THREAD_SIGNAL_DROUGHT_RUN fires when the longest no-debt run is ≥6
      ---
      duration_ms: 1.183699
      type: 'test'
      ...
    # Subtest: OPEN_THREAD_SIGNAL_DROUGHT_RUN does not fire when debt is distributed without a long drought
    ok 4 - OPEN_THREAD_SIGNAL_DROUGHT_RUN does not fire when debt is distributed without a long drought
      ---
      duration_ms: 1.144523
      type: 'test'
      ...
    # Subtest: RELATIONAL_SIGNAL_ZONE_CLUSTER fires when >75% of relationship-shift scenes cluster in one third
    ok 5 - RELATIONAL_SIGNAL_ZONE_CLUSTER fires when >75% of relationship-shift scenes cluster in one third
      ---
      duration_ms: 0.954811
      type: 'test'
      ...
    # Subtest: RELATIONAL_SIGNAL_ZONE_CLUSTER does not fire when relationship-shift scenes are distributed across thirds
    ok 6 - RELATIONAL_SIGNAL_ZONE_CLUSTER does not fire when relationship-shift scenes are distributed across thirds
      ---
      duration_ms: 0.932291
      type: 'test'
      ...
    1..6
ok 1792 - Wave 680 — rhythmPass: payoff signal peak uncaused, open thread signal drought run, relational signal zone cluster
  ---
  duration_ms: 6.37316
  type: 'suite'
  ...
# Subtest: Wave 666 — rhythmPass: dialogue signal peak uncaused, seed signal drought run, turn signal zone cluster
    # Subtest: DIALOGUE_SIGNAL_PEAK_UNCAUSED fires when the peak highlighted-dialogue scene has no dramatic turn or revelation nearby
    ok 1 - DIALOGUE_SIGNAL_PEAK_UNCAUSED fires when the peak highlighted-dialogue scene has no dramatic turn or revelation nearby
      ---
      duration_ms: 0.977603
      type: 'test'
      ...
    # Subtest: DIALOGUE_SIGNAL_PEAK_UNCAUSED does not fire when a dramatic turn precedes the peak within the lookback
    ok 2 - DIALOGUE_SIGNAL_PEAK_UNCAUSED does not fire when a dramatic turn precedes the peak within the lookback
      ---
      duration_ms: 0.928504
      type: 'test'
      ...
    # Subtest: SEED_SIGNAL_DROUGHT_RUN fires when the longest no-seed run is ≥6
    ok 3 - SEED_SIGNAL_DROUGHT_RUN fires when the longest no-seed run is ≥6
      ---
      duration_ms: 1.107183
      type: 'test'
      ...
    # Subtest: SEED_SIGNAL_DROUGHT_RUN does not fire when seeding is distributed without a long drought
    ok 4 - SEED_SIGNAL_DROUGHT_RUN does not fire when seeding is distributed without a long drought
      ---
      duration_ms: 1.061382
      type: 'test'
      ...
    # Subtest: TURN_SIGNAL_ZONE_CLUSTER fires when >75% of dramatic-turn scenes cluster in one third
    ok 5 - TURN_SIGNAL_ZONE_CLUSTER fires when >75% of dramatic-turn scenes cluster in one third
      ---
      duration_ms: 1.025241
      type: 'test'
      ...
    # Subtest: TURN_SIGNAL_ZONE_CLUSTER does not fire when dramatic-turn scenes are distributed across thirds
    ok 6 - TURN_SIGNAL_ZONE_CLUSTER does not fire when dramatic-turn scenes are distributed across thirds
      ---
      duration_ms: 0.928006
      type: 'test'
      ...
    1..6
ok 1793 - Wave 666 — rhythmPass: dialogue signal peak uncaused, seed signal drought run, turn signal zone cluster
  ---
  duration_ms: 6.349964
  type: 'suite'
  ...
# Subtest: Wave 652 — rhythmPass: emotional signal zone cluster, staging signal drought run, open thread curiosity signal decoupled
    # Subtest: EMOTIONAL_SIGNAL_ZONE_CLUSTER fires when >75% of positive-emotion scenes cluster in one third
    ok 1 - EMOTIONAL_SIGNAL_ZONE_CLUSTER fires when >75% of positive-emotion scenes cluster in one third
      ---
      duration_ms: 1.074316
      type: 'test'
      ...
    # Subtest: EMOTIONAL_SIGNAL_ZONE_CLUSTER does not fire when positive-emotion scenes are distributed across thirds
    ok 2 - EMOTIONAL_SIGNAL_ZONE_CLUSTER does not fire when positive-emotion scenes are distributed across thirds
      ---
      duration_ms: 0.978553
      type: 'test'
      ...
    # Subtest: STAGING_SIGNAL_DROUGHT_RUN fires when the longest no-staging run is ≥6
    ok 3 - STAGING_SIGNAL_DROUGHT_RUN fires when the longest no-staging run is ≥6
      ---
      duration_ms: 4.929361
      type: 'test'
      ...
    # Subtest: STAGING_SIGNAL_DROUGHT_RUN does not fire when staging is distributed without a long drought
    ok 4 - STAGING_SIGNAL_DROUGHT_RUN does not fire when staging is distributed without a long drought
      ---
      duration_ms: 1.089181
      type: 'test'
      ...
    # Subtest: OPEN_THREAD_CURIOSITY_SIGNAL_DECOUPLED fires when open-thread scenes and rising-curiosity scenes never overlap
    ok 5 - OPEN_THREAD_CURIOSITY_SIGNAL_DECOUPLED fires when open-thread scenes and rising-curiosity scenes never overlap
      ---
      duration_ms: 0.686095
      type: 'test'
      ...
    # Subtest: OPEN_THREAD_CURIOSITY_SIGNAL_DECOUPLED does not fire when a scene carries both signals
    ok 6 - OPEN_THREAD_CURIOSITY_SIGNAL_DECOUPLED does not fire when a scene carries both signals
      ---
      duration_ms: 0.666002
      type: 'test'
      ...
    1..6
ok 1794 - Wave 652 — rhythmPass: emotional signal zone cluster, staging signal drought run, open thread curiosity signal decoupled
  ---
  duration_ms: 9.707735
  type: 'suite'
  ...
# Subtest: Wave 638 — rhythmPass: payoff signal zone cluster, open thread signal decoupled, dramatic turn payoff aftermath void
    # Subtest: PAYOFF_SIGNAL_ZONE_CLUSTER fires when >75% of payoff scenes cluster in one third
    ok 1 - PAYOFF_SIGNAL_ZONE_CLUSTER fires when >75% of payoff scenes cluster in one third
      ---
      duration_ms: 1.145181
      type: 'test'
      ...
    # Subtest: PAYOFF_SIGNAL_ZONE_CLUSTER does not fire when payoff scenes are distributed across thirds
    ok 2 - PAYOFF_SIGNAL_ZONE_CLUSTER does not fire when payoff scenes are distributed across thirds
      ---
      duration_ms: 0.910431
      type: 'test'
      ...
    # Subtest: OPEN_THREAD_SIGNAL_DECOUPLED fires when open-thread scenes and dialogue highlights never overlap
    ok 3 - OPEN_THREAD_SIGNAL_DECOUPLED fires when open-thread scenes and dialogue highlights never overlap
      ---
      duration_ms: 0.649746
      type: 'test'
      ...
    # Subtest: OPEN_THREAD_SIGNAL_DECOUPLED does not fire when a scene carries both signals
    ok 4 - OPEN_THREAD_SIGNAL_DECOUPLED does not fire when a scene carries both signals
      ---
      duration_ms: 0.638386
      type: 'test'
      ...
    # Subtest: DRAMATIC_TURN_PAYOFF_AFTERMATH_VOID fires when no dramatic turn is followed by a payoff within 2 scenes
    ok 5 - DRAMATIC_TURN_PAYOFF_AFTERMATH_VOID fires when no dramatic turn is followed by a payoff within 2 scenes
      ---
      duration_ms: 0.858882
      type: 'test'
      ...
    # Subtest: DRAMATIC_TURN_PAYOFF_AFTERMATH_VOID does not fire when a trigger window contains a payoff
    ok 6 - DRAMATIC_TURN_PAYOFF_AFTERMATH_VOID does not fire when a trigger window contains a payoff
      ---
      duration_ms: 0.944087
      type: 'test'
      ...
    1..6
ok 1795 - Wave 638 — rhythmPass: payoff signal zone cluster, open thread signal decoupled, dramatic turn payoff aftermath void
  ---
  duration_ms: 5.419161
  type: 'suite'
  ...
# Subtest: Wave 624 — rhythmPass: verbal staging signal decoupled, seed signal zone imbalance, clock signal drought run
    # Subtest: VERBAL_STAGING_SIGNAL_DECOUPLED fires when dialogue highlights and visually-staged scenes never overlap
    ok 1 - VERBAL_STAGING_SIGNAL_DECOUPLED fires when dialogue highlights and visually-staged scenes never overlap
      ---
      duration_ms: 0.796475
      type: 'test'
      ...
    # Subtest: VERBAL_STAGING_SIGNAL_DECOUPLED does not fire when a scene carries both signals
    ok 2 - VERBAL_STAGING_SIGNAL_DECOUPLED does not fire when a scene carries both signals
      ---
      duration_ms: 0.632032
      type: 'test'
      ...
    # Subtest: SEED_SIGNAL_ZONE_IMBALANCE fires when one zone is empty of seed scenes while another is bloated
    ok 3 - SEED_SIGNAL_ZONE_IMBALANCE fires when one zone is empty of seed scenes while another is bloated
      ---
      duration_ms: 1.161737
      type: 'test'
      ...
    # Subtest: SEED_SIGNAL_ZONE_IMBALANCE does not fire when seeds are spread across all zones
    ok 4 - SEED_SIGNAL_ZONE_IMBALANCE does not fire when seeds are spread across all zones
      ---
      duration_ms: 1.250571
      type: 'test'
      ...
    # Subtest: CLOCK_SIGNAL_DROUGHT_RUN fires when the longest no-clock run is ≥6
    ok 5 - CLOCK_SIGNAL_DROUGHT_RUN fires when the longest no-clock run is ≥6
      ---
      duration_ms: 1.052249
      type: 'test'
      ...
    # Subtest: CLOCK_SIGNAL_DROUGHT_RUN does not fire when clock raises are distributed without a long drought
    ok 6 - CLOCK_SIGNAL_DROUGHT_RUN does not fire when clock raises are distributed without a long drought
      ---
      duration_ms: 1.130867
      type: 'test'
      ...
    1..6
ok 1796 - Wave 624 — rhythmPass: verbal staging signal decoupled, seed signal zone imbalance, clock signal drought run
  ---
  duration_ms: 6.294729
  type: 'suite'
  ...
# Subtest: Wave 610 — rhythmPass: relational signal drought run, clock signal peak uncaused, revelation signal aftermath flat
    # Subtest: RELATIONAL_SIGNAL_DROUGHT_RUN fires when the longest no-shift run is ≥6
    ok 1 - RELATIONAL_SIGNAL_DROUGHT_RUN fires when the longest no-shift run is ≥6
      ---
      duration_ms: 1.426786
      type: 'test'
      ...
    # Subtest: RELATIONAL_SIGNAL_DROUGHT_RUN does not fire when shifts are distributed without a long drought
    ok 2 - RELATIONAL_SIGNAL_DROUGHT_RUN does not fire when shifts are distributed without a long drought
      ---
      duration_ms: 1.121136
      type: 'test'
      ...
    # Subtest: CLOCK_SIGNAL_PEAK_UNCAUSED fires when the peak clockDelta scene has no dramatic turn nearby
    ok 3 - CLOCK_SIGNAL_PEAK_UNCAUSED fires when the peak clockDelta scene has no dramatic turn nearby
      ---
      duration_ms: 0.90397
      type: 'test'
      ...
    # Subtest: CLOCK_SIGNAL_PEAK_UNCAUSED does not fire when a dramatic turn precedes the peak within the lookback
    ok 4 - CLOCK_SIGNAL_PEAK_UNCAUSED does not fire when a dramatic turn precedes the peak within the lookback
      ---
      duration_ms: 0.883413
      type: 'test'
      ...
    # Subtest: REVELATION_SIGNAL_AFTERMATH_FLAT fires when no revelation is followed by an emotional shift within 2 scenes
    ok 5 - REVELATION_SIGNAL_AFTERMATH_FLAT fires when no revelation is followed by an emotional shift within 2 scenes
      ---
      duration_ms: 1.050367
      type: 'test'
      ...
    # Subtest: REVELATION_SIGNAL_AFTERMATH_FLAT does not fire when a trigger window contains an emotional shift
    ok 6 - REVELATION_SIGNAL_AFTERMATH_FLAT does not fire when a trigger window contains an emotional shift
      ---
      duration_ms: 0.907757
      type: 'test'
      ...
    1..6
ok 1797 - Wave 610 — rhythmPass: relational signal drought run, clock signal peak uncaused, revelation signal aftermath flat
  ---
  duration_ms: 6.572161
  type: 'suite'
  ...
# Subtest: Wave 596 — rhythmPass: suspense signal flatline, curiosity signal flatline, stakes zone imbalance
    # Subtest: SUSPENSE_SIGNAL_FLATLINE fires when suspenseDelta barely varies across scenes
    ok 1 - SUSPENSE_SIGNAL_FLATLINE fires when suspenseDelta barely varies across scenes
      ---
      duration_ms: 1.02377
      type: 'test'
      ...
    # Subtest: SUSPENSE_SIGNAL_FLATLINE does not fire when suspenseDelta varies widely across scenes
    ok 2 - SUSPENSE_SIGNAL_FLATLINE does not fire when suspenseDelta varies widely across scenes
      ---
      duration_ms: 1.089689
      type: 'test'
      ...
    # Subtest: CURIOSITY_SIGNAL_FLATLINE fires when curiosityDelta barely varies across scenes
    ok 3 - CURIOSITY_SIGNAL_FLATLINE fires when curiosityDelta barely varies across scenes
      ---
      duration_ms: 0.999569
      type: 'test'
      ...
    # Subtest: CURIOSITY_SIGNAL_FLATLINE does not fire when curiosityDelta varies widely across scenes
    ok 4 - CURIOSITY_SIGNAL_FLATLINE does not fire when curiosityDelta varies widely across scenes
      ---
      duration_ms: 1.01513
      type: 'test'
      ...
    # Subtest: STAKES_ZONE_IMBALANCE fires when one zone has zero stakes-raises and another has ≥50%
    ok 5 - STAKES_ZONE_IMBALANCE fires when one zone has zero stakes-raises and another has ≥50%
      ---
      duration_ms: 1.299185
      type: 'test'
      ...
    # Subtest: STAKES_ZONE_IMBALANCE does not fire when stakes-raises are spread across all zones
    ok 6 - STAKES_ZONE_IMBALANCE does not fire when stakes-raises are spread across all zones
      ---
      duration_ms: 1.243191
      type: 'test'
      ...
    1..6
ok 1798 - Wave 596 — rhythmPass: suspense signal flatline, curiosity signal flatline, stakes zone imbalance
  ---
  duration_ms: 7.008987
  type: 'suite'
  ...
# Subtest: Wave 582 — rhythmPass: long single sentence, shortest outlier, medium opening absent
    # Subtest: ACTION_LONG_SINGLE_SENTENCE fires when >70% of long lines are single-sentence
    ok 1 - ACTION_LONG_SINGLE_SENTENCE fires when >70% of long lines are single-sentence
      ---
      duration_ms: 1.067491
      type: 'test'
      ...
    # Subtest: ACTION_LONG_SINGLE_SENTENCE does not fire when most long lines have multiple sentences
    ok 2 - ACTION_LONG_SINGLE_SENTENCE does not fire when most long lines have multiple sentences
      ---
      duration_ms: 0.992989
      type: 'test'
      ...
    # Subtest: ACTION_SHORTEST_OUTLIER fires when shortest action line is ≤2 words and ≤25% of average
    ok 3 - ACTION_SHORTEST_OUTLIER fires when shortest action line is ≤2 words and ≤25% of average
      ---
      duration_ms: 1.641561
      type: 'test'
      ...
    # Subtest: ACTION_SHORTEST_OUTLIER does not fire when shortest line exceeds the 25% threshold
    ok 4 - ACTION_SHORTEST_OUTLIER does not fire when shortest line exceeds the 25% threshold
      ---
      duration_ms: 0.876817
      type: 'test'
      ...
    # Subtest: ACTION_MEDIUM_OPENING_ABSENT fires when opening 25% has no medium-length lines
    ok 5 - ACTION_MEDIUM_OPENING_ABSENT fires when opening 25% has no medium-length lines
      ---
      duration_ms: 1.290531
      type: 'test'
      ...
    # Subtest: ACTION_MEDIUM_OPENING_ABSENT does not fire when opening contains a medium-length line
    ok 6 - ACTION_MEDIUM_OPENING_ABSENT does not fire when opening contains a medium-length line
      ---
      duration_ms: 1.256727
      type: 'test'
      ...
    1..6
ok 1799 - Wave 582 — rhythmPass: long single sentence, shortest outlier, medium opening absent
  ---
  duration_ms: 7.47138
  type: 'suite'
  ...
# Subtest: Wave 568 — rhythmPass: long thirds cluster, short thirds cluster, alternation run
    # Subtest: ACTION_LONG_THIRDS_CLUSTER fires when >75% of long lines fall in a single structural third
    ok 1 - ACTION_LONG_THIRDS_CLUSTER fires when >75% of long lines fall in a single structural third
      ---
      duration_ms: 1.542691
      type: 'test'
      ...
    # Subtest: ACTION_LONG_THIRDS_CLUSTER does not fire when long lines are spread across thirds
    ok 2 - ACTION_LONG_THIRDS_CLUSTER does not fire when long lines are spread across thirds
      ---
      duration_ms: 1.249658
      type: 'test'
      ...
    # Subtest: ACTION_SHORT_THIRDS_CLUSTER fires when >75% of short lines fall in a single structural third
    ok 3 - ACTION_SHORT_THIRDS_CLUSTER fires when >75% of short lines fall in a single structural third
      ---
      duration_ms: 1.125581
      type: 'test'
      ...
    # Subtest: ACTION_SHORT_THIRDS_CLUSTER does not fire when short lines are spread across thirds
    ok 4 - ACTION_SHORT_THIRDS_CLUSTER does not fire when short lines are spread across thirds
      ---
      duration_ms: 1.139754
      type: 'test'
      ...
    # Subtest: ACTION_ALTERNATION_RUN fires when 6+ consecutive lines strictly alternate short/long
    ok 5 - ACTION_ALTERNATION_RUN fires when 6+ consecutive lines strictly alternate short/long
      ---
      duration_ms: 1.211217
      type: 'test'
      ...
    # Subtest: ACTION_ALTERNATION_RUN does not fire when a medium line breaks the alternation
    ok 6 - ACTION_ALTERNATION_RUN does not fire when a medium line breaks the alternation
      ---
      duration_ms: 1.229706
      type: 'test'
      ...
    1..6
ok 1800 - Wave 568 — rhythmPass: long thirds cluster, short thirds cluster, alternation run
  ---
  duration_ms: 7.782669
  type: 'suite'
  ...
# Subtest: Wave 554 — rhythmPass: long beat uncaused, sentence burst run, punctuation desert
    # Subtest: ACTION_LONG_BEAT_UNCAUSED fires when all long ≥12w lines have no short ≤4w predecessor within 2
    ok 1 - ACTION_LONG_BEAT_UNCAUSED fires when all long ≥12w lines have no short ≤4w predecessor within 2
      ---
      duration_ms: 1.512113
      type: 'test'
      ...
    # Subtest: ACTION_LONG_BEAT_UNCAUSED does not fire when at least one long line is preceded by a short
    ok 2 - ACTION_LONG_BEAT_UNCAUSED does not fire when at least one long line is preceded by a short
      ---
      duration_ms: 1.115548
      type: 'test'
      ...
    # Subtest: ACTION_SENTENCE_BURST_RUN fires when 4+ consecutive action lines each have ≥2 sentences
    ok 3 - ACTION_SENTENCE_BURST_RUN fires when 4+ consecutive action lines each have ≥2 sentences
      ---
      duration_ms: 0.83134
      type: 'test'
      ...
    # Subtest: ACTION_SENTENCE_BURST_RUN does not fire when max consecutive ≥2-sentence run is only 3
    ok 4 - ACTION_SENTENCE_BURST_RUN does not fire when max consecutive ≥2-sentence run is only 3
      ---
      duration_ms: 0.829908
      type: 'test'
      ...
    # Subtest: ACTION_PUNCTUATION_DESERT fires when <15% of ≥10 action lines contain a comma
    ok 5 - ACTION_PUNCTUATION_DESERT fires when <15% of ≥10 action lines contain a comma
      ---
      duration_ms: 1.113009
      type: 'test'
      ...
    # Subtest: ACTION_PUNCTUATION_DESERT does not fire when ≥15% of action lines contain a comma
    ok 6 - ACTION_PUNCTUATION_DESERT does not fire when ≥15% of action lines contain a comma
      ---
      duration_ms: 1.021997
      type: 'test'
      ...
    1..6
ok 1801 - Wave 554 — rhythmPass: long beat uncaused, sentence burst run, punctuation desert
  ---
  duration_ms: 6.701457
  type: 'suite'
  ...
# Subtest: Wave 540 — rhythmPass: consecutive medium run, short expansion absent, word-count modal lock
    # Subtest: ACTION_CONSECUTIVE_MEDIUM_RUN fires when 6+ consecutive lines are all 5–11 words
    ok 1 - ACTION_CONSECUTIVE_MEDIUM_RUN fires when 6+ consecutive lines are all 5–11 words
      ---
      duration_ms: 1.307922
      type: 'test'
      ...
    # Subtest: ACTION_CONSECUTIVE_MEDIUM_RUN does not fire when the medium run is shorter than 6
    ok 2 - ACTION_CONSECUTIVE_MEDIUM_RUN does not fire when the medium run is shorter than 6
      ---
      duration_ms: 1.097384
      type: 'test'
      ...
    # Subtest: ACTION_SHORT_EXPANSION_ABSENT fires when no short line is followed by a long line within 2
    ok 3 - ACTION_SHORT_EXPANSION_ABSENT fires when no short line is followed by a long line within 2
      ---
      duration_ms: 1.023035
      type: 'test'
      ...
    # Subtest: ACTION_SHORT_EXPANSION_ABSENT does not fire when a short line is followed by a long line
    ok 4 - ACTION_SHORT_EXPANSION_ABSENT does not fire when a short line is followed by a long line
      ---
      duration_ms: 1.070311
      type: 'test'
      ...
    # Subtest: ACTION_WORD_COUNT_MODAL_LOCK fires when >40% of ≥10 lines share the same word count
    ok 5 - ACTION_WORD_COUNT_MODAL_LOCK fires when >40% of ≥10 lines share the same word count
      ---
      duration_ms: 1.091745
      type: 'test'
      ...
    # Subtest: ACTION_WORD_COUNT_MODAL_LOCK does not fire when ≤40% of lines share the same word count
    ok 6 - ACTION_WORD_COUNT_MODAL_LOCK does not fire when ≤40% of lines share the same word count
      ---
      duration_ms: 1.026234
      type: 'test'
      ...
    1..6
ok 1802 - Wave 540 — rhythmPass: consecutive medium run, short expansion absent, word-count modal lock
  ---
  duration_ms: 6.892811
  type: 'suite'
  ...
# Subtest: Wave 526 — rhythmPass: word-count ascent run, finale long absent, comma dense flood
    # Subtest: ACTION_WORD_COUNT_ASCENT_RUN fires when 5+ consecutive action lines each strictly longer than prior
    ok 1 - ACTION_WORD_COUNT_ASCENT_RUN fires when 5+ consecutive action lines each strictly longer than prior
      ---
      duration_ms: 1.296828
      type: 'test'
      ...
    # Subtest: ACTION_WORD_COUNT_ASCENT_RUN does not fire when no ascending run reaches 5
    ok 2 - ACTION_WORD_COUNT_ASCENT_RUN does not fire when no ascending run reaches 5
      ---
      duration_ms: 0.982
      type: 'test'
      ...
    # Subtest: ACTION_FINALE_LONG_ABSENT fires when finale 25% has no line ≥12w but ≥3 exist in first 75%
    ok 3 - ACTION_FINALE_LONG_ABSENT fires when finale 25% has no line ≥12w but ≥3 exist in first 75%
      ---
      duration_ms: 1.34522
      type: 'test'
      ...
    # Subtest: ACTION_FINALE_LONG_ABSENT does not fire when finale 25% has at least one long line ≥12w
    ok 4 - ACTION_FINALE_LONG_ABSENT does not fire when finale 25% has at least one long line ≥12w
      ---
      duration_ms: 1.195146
      type: 'test'
      ...
    # Subtest: ACTION_COMMA_DENSE_FLOOD fires when >30% of ≥8 action lines have ≥3 commas
    ok 5 - ACTION_COMMA_DENSE_FLOOD fires when >30% of ≥8 action lines have ≥3 commas
      ---
      duration_ms: 1.099847
      type: 'test'
      ...
    # Subtest: ACTION_COMMA_DENSE_FLOOD does not fire when ≤30% of action lines have ≥3 commas
    ok 6 - ACTION_COMMA_DENSE_FLOOD does not fire when ≤30% of action lines have ≥3 commas
      ---
      duration_ms: 1.112123
      type: 'test'
      ...
    1..6
ok 1803 - Wave 526 — rhythmPass: word-count ascent run, finale long absent, comma dense flood
  ---
  duration_ms: 7.310378
  type: 'suite'
  ...
# Subtest: Wave 512 — rhythmPass: middle short absent, word-count descent run, certainty adverb flood
    # Subtest: ACTION_MIDDLE_SHORT_ABSENT fires when the middle 50% has no short line but ≥2 exist in outer zones
    ok 1 - ACTION_MIDDLE_SHORT_ABSENT fires when the middle 50% has no short line but ≥2 exist in outer zones
      ---
      duration_ms: 1.23143
      type: 'test'
      ...
    # Subtest: ACTION_MIDDLE_SHORT_ABSENT does not fire when a short line exists in the middle zone
    ok 2 - ACTION_MIDDLE_SHORT_ABSENT does not fire when a short line exists in the middle zone
      ---
      duration_ms: 1.081552
      type: 'test'
      ...
    # Subtest: ACTION_WORD_COUNT_DESCENT_RUN fires when 5+ consecutive action lines are each strictly shorter
    ok 3 - ACTION_WORD_COUNT_DESCENT_RUN fires when 5+ consecutive action lines are each strictly shorter
      ---
      duration_ms: 0.845666
      type: 'test'
      ...
    # Subtest: ACTION_WORD_COUNT_DESCENT_RUN does not fire when the longest descent run is only 4
    ok 4 - ACTION_WORD_COUNT_DESCENT_RUN does not fire when the longest descent run is only 4
      ---
      duration_ms: 0.878435
      type: 'test'
      ...
    # Subtest: ACTION_CERTAINTY_ADVERB_FLOOD fires when >20% of action lines contain certainty adverbs
    ok 5 - ACTION_CERTAINTY_ADVERB_FLOOD fires when >20% of action lines contain certainty adverbs
      ---
      duration_ms: 0.829034
      type: 'test'
      ...
    # Subtest: ACTION_CERTAINTY_ADVERB_FLOOD does not fire when only 1 of 8 action lines has a certainty adverb
    ok 6 - ACTION_CERTAINTY_ADVERB_FLOOD does not fire when only 1 of 8 action lines has a certainty adverb
      ---
      duration_ms: 0.877303
      type: 'test'
      ...
    1..6
ok 1804 - Wave 512 — rhythmPass: middle short absent, word-count descent run, certainty adverb flood
  ---
  duration_ms: 6.019706
  type: 'suite'
  ...
# Subtest: Wave 498 — rhythmPass: opening long absent, density peak late, short multiclausal
    # Subtest: ACTION_OPENING_LONG_ABSENT fires when first 25% of action lines has no long line but ≥3 exist later
    ok 1 - ACTION_OPENING_LONG_ABSENT fires when first 25% of action lines has no long line but ≥3 exist later
      ---
      duration_ms: 6.227182
      type: 'test'
      ...
    # Subtest: ACTION_OPENING_LONG_ABSENT does not fire when a long line exists in the opening 25%
    ok 2 - ACTION_OPENING_LONG_ABSENT does not fire when a long line exists in the opening 25%
      ---
      duration_ms: 1.107274
      type: 'test'
      ...
    # Subtest: ACTION_DENSITY_PEAK_LATE fires when longest action line (≥15 words) falls in the final 25%
    ok 3 - ACTION_DENSITY_PEAK_LATE fires when longest action line (≥15 words) falls in the final 25%
      ---
      duration_ms: 1.177018
      type: 'test'
      ...
    # Subtest: ACTION_DENSITY_PEAK_LATE does not fire when the longest action line falls in the first 75%
    ok 4 - ACTION_DENSITY_PEAK_LATE does not fire when the longest action line falls in the first 75%
      ---
      duration_ms: 1.210961
      type: 'test'
      ...
    # Subtest: ACTION_SHORT_MULTICLAUSAL fires when ≥4 action lines are ≤5 words with ≥2 sentence-end marks
    ok 5 - ACTION_SHORT_MULTICLAUSAL fires when ≥4 action lines are ≤5 words with ≥2 sentence-end marks
      ---
      duration_ms: 0.751212
      type: 'test'
      ...
    # Subtest: ACTION_SHORT_MULTICLAUSAL does not fire when fewer than 4 lines meet the short-multiclausal condition
    ok 6 - ACTION_SHORT_MULTICLAUSAL does not fire when fewer than 4 lines meet the short-multiclausal condition
      ---
      duration_ms: 2.999727
      type: 'test'
      ...
    1..6
ok 1805 - Wave 498 — rhythmPass: opening long absent, density peak late, short multiclausal
  ---
  duration_ms: 13.793627
  type: 'suite'
  ...
# Subtest: Wave 484 — rhythmPass: consecutive short run, finale short absent, sentence average high
    # Subtest: CONSECUTIVE_SHORT_RUN fires when 5 or more consecutive action lines are ≤4 words
    ok 1 - CONSECUTIVE_SHORT_RUN fires when 5 or more consecutive action lines are ≤4 words
      ---
      duration_ms: 1.04899
      type: 'test'
      ...
    # Subtest: CONSECUTIVE_SHORT_RUN does not fire when short lines are interspersed with longer ones
    ok 2 - CONSECUTIVE_SHORT_RUN does not fire when short lines are interspersed with longer ones
      ---
      duration_ms: 0.994933
      type: 'test'
      ...
    # Subtest: ACTION_FINALE_SHORT_ABSENT fires when the final 25% has no short line but earlier sections do
    ok 3 - ACTION_FINALE_SHORT_ABSENT fires when the final 25% has no short line but earlier sections do
      ---
      duration_ms: 2.704057
      type: 'test'
      ...
    # Subtest: ACTION_FINALE_SHORT_ABSENT does not fire when the final 25% has a short line
    ok 4 - ACTION_FINALE_SHORT_ABSENT does not fire when the final 25% has a short line
      ---
      duration_ms: 1.537935
      type: 'test'
      ...
    # Subtest: ACTION_SENTENCE_AVERAGE_HIGH fires when action lines average more than 3 sentences each
    ok 5 - ACTION_SENTENCE_AVERAGE_HIGH fires when action lines average more than 3 sentences each
      ---
      duration_ms: 1.18141
      type: 'test'
      ...
    # Subtest: ACTION_SENTENCE_AVERAGE_HIGH does not fire when action lines average 3 or fewer sentences
    ok 6 - ACTION_SENTENCE_AVERAGE_HIGH does not fire when action lines average 3 or fewer sentences
      ---
      duration_ms: 0.852699
      type: 'test'
      ...
    1..6
ok 1806 - Wave 484 — rhythmPass: consecutive short run, finale short absent, sentence average high
  ---
  duration_ms: 8.663019
  type: 'suite'
  ...
# Subtest: Wave 470 — rhythmPass: middle long absent, impact beat uncaused, density peak early
    # Subtest: ACTION_MIDDLE_LONG_ABSENT fires when middle 50% has no long line (≥12w) but outer zones have ≥2
    ok 1 - ACTION_MIDDLE_LONG_ABSENT fires when middle 50% has no long line (≥12w) but outer zones have ≥2
      ---
      duration_ms: 1.497238
      type: 'test'
      ...
    # Subtest: ACTION_MIDDLE_LONG_ABSENT does not fire when middle 50% contains a long line (≥12w)
    ok 2 - ACTION_MIDDLE_LONG_ABSENT does not fire when middle 50% contains a long line (≥12w)
      ---
      duration_ms: 1.540174
      type: 'test'
      ...
    # Subtest: ACTION_IMPACT_BEAT_UNCAUSED fires when ≥2 short lines (≤4w) lack a ≥9w antecedent within 2 lines
    ok 3 - ACTION_IMPACT_BEAT_UNCAUSED fires when ≥2 short lines (≤4w) lack a ≥9w antecedent within 2 lines
      ---
      duration_ms: 0.739609
      type: 'test'
      ...
    # Subtest: ACTION_IMPACT_BEAT_UNCAUSED does not fire when a short line is preceded by a long (≥9w) line within 2
    ok 4 - ACTION_IMPACT_BEAT_UNCAUSED does not fire when a short line is preceded by a long (≥9w) line within 2
      ---
      duration_ms: 2.594894
      type: 'test'
      ...
    # Subtest: ACTION_DENSITY_PEAK_EARLY fires when the longest action line (≥15w) is in the first 25%
    ok 5 - ACTION_DENSITY_PEAK_EARLY fires when the longest action line (≥15w) is in the first 25%
      ---
      duration_ms: 1.162915
      type: 'test'
      ...
    # Subtest: ACTION_DENSITY_PEAK_EARLY does not fire when the longest action line (≥15w) is after the first 25%
    ok 6 - ACTION_DENSITY_PEAK_EARLY does not fire when the longest action line (≥15w) is after the first 25%
      ---
      duration_ms: 1.083125
      type: 'test'
      ...
    1..6
ok 1807 - Wave 470 — rhythmPass: middle long absent, impact beat uncaused, density peak early
  ---
  duration_ms: 8.907052
  type: 'suite'
  ...
# Subtest: Wave 456 — rhythmPass: consecutive long run, opening short absent, sentence count peak
    # Subtest: ACTION_CONSECUTIVE_LONG_RUN fires when 5+ consecutive action lines are each ≥15 words
    ok 1 - ACTION_CONSECUTIVE_LONG_RUN fires when 5+ consecutive action lines are each ≥15 words
      ---
      duration_ms: 1.123207
      type: 'test'
      ...
    # Subtest: ACTION_CONSECUTIVE_LONG_RUN does not fire when max consecutive long-line run is only 4
    ok 2 - ACTION_CONSECUTIVE_LONG_RUN does not fire when max consecutive long-line run is only 4
      ---
      duration_ms: 2.808828
      type: 'test'
      ...
    # Subtest: ACTION_OPENING_SHORT_ABSENT fires when no short line (≤4w) is in the first 25% while short lines appear later
    ok 3 - ACTION_OPENING_SHORT_ABSENT fires when no short line (≤4w) is in the first 25% while short lines appear later
      ---
      duration_ms: 1.295184
      type: 'test'
      ...
    # Subtest: ACTION_OPENING_SHORT_ABSENT does not fire when a short line appears in the opening 25%
    ok 4 - ACTION_OPENING_SHORT_ABSENT does not fire when a short line appears in the opening 25%
      ---
      duration_ms: 1.31766
      type: 'test'
      ...
    # Subtest: ACTION_SENTENCE_COUNT_PEAK fires when one action line has ≥5 sentences and ≥3× the avg
    ok 5 - ACTION_SENTENCE_COUNT_PEAK fires when one action line has ≥5 sentences and ≥3× the avg
      ---
      duration_ms: 0.842131
      type: 'test'
      ...
    # Subtest: ACTION_SENTENCE_COUNT_PEAK does not fire when max sentence count is only 3 (< 3× avg)
    ok 6 - ACTION_SENTENCE_COUNT_PEAK does not fire when max sentence count is only 3 (< 3× avg)
      ---
      duration_ms: 0.752742
      type: 'test'
      ...
    1..6
ok 1808 - Wave 456 — rhythmPass: consecutive long run, opening short absent, sentence count peak
  ---
  duration_ms: 8.423659
  type: 'suite'
  ...
# Subtest: Wave 442 — rhythmPass: short-long segregated, long recovery absent, wordcount flatline
    # Subtest: ACTION_SHORTLONG_SEGREGATED fires when short (≤4w) and long (≥12w) action lines never appear in same 5-line window
    ok 1 - ACTION_SHORTLONG_SEGREGATED fires when short (≤4w) and long (≥12w) action lines never appear in same 5-line window
      ---
      duration_ms: 1.432113
      type: 'test'
      ...
    # Subtest: ACTION_SHORTLONG_SEGREGATED does NOT fire when short and long lines interleave within 5-line windows
    ok 2 - ACTION_SHORTLONG_SEGREGATED does NOT fire when short and long lines interleave within 5-line windows
      ---
      duration_ms: 1.290567
      type: 'test'
      ...
    # Subtest: ACTION_LONG_RECOVERY_ABSENT fires when no long action line (≥14w) is followed by a short beat (≤7w) within 2 lines
    ok 3 - ACTION_LONG_RECOVERY_ABSENT fires when no long action line (≥14w) is followed by a short beat (≤7w) within 2 lines
      ---
      duration_ms: 1.236886
      type: 'test'
      ...
    # Subtest: ACTION_LONG_RECOVERY_ABSENT does NOT fire when a long line is followed by a short recovery beat within 2 lines
    ok 4 - ACTION_LONG_RECOVERY_ABSENT does NOT fire when a long line is followed by a short recovery beat within 2 lines
      ---
      duration_ms: 0.859618
      type: 'test'
      ...
    # Subtest: ACTION_WORDCOUNT_FLATLINE fires when action line word counts have stdDev < 2.5 (avg > 4)
    ok 5 - ACTION_WORDCOUNT_FLATLINE fires when action line word counts have stdDev < 2.5 (avg > 4)
      ---
      duration_ms: 0.872498
      type: 'test'
      ...
    # Subtest: ACTION_WORDCOUNT_FLATLINE does NOT fire when action lines vary widely in word count
    ok 6 - ACTION_WORDCOUNT_FLATLINE does NOT fire when action lines vary widely in word count
      ---
      duration_ms: 0.931827
      type: 'test'
      ...
    1..6
ok 1809 - Wave 442 — rhythmPass: short-long segregated, long recovery absent, wordcount flatline
  ---
  duration_ms: 6.978682
  type: 'suite'
  ...
# Subtest: Wave 428 — rhythmPass: consecutive opener run, action finale bloat, longest action outlier
    # Subtest: CONSECUTIVE_OPENER_RUN fires when 5+ consecutive action lines begin with the same word
    ok 1 - CONSECUTIVE_OPENER_RUN fires when 5+ consecutive action lines begin with the same word
      ---
      duration_ms: 0.879119
      type: 'test'
      ...
    # Subtest: CONSECUTIVE_OPENER_RUN does NOT fire when openers alternate without a run of 5
    ok 2 - CONSECUTIVE_OPENER_RUN does NOT fire when openers alternate without a run of 5
      ---
      duration_ms: 0.688864
      type: 'test'
      ...
    # Subtest: ACTION_FINALE_BLOAT fires when last 25% of action lines average >1.4× the first 75%
    ok 3 - ACTION_FINALE_BLOAT fires when last 25% of action lines average >1.4× the first 75%
      ---
      duration_ms: 1.476496
      type: 'test'
      ...
    # Subtest: ACTION_FINALE_BLOAT does NOT fire when action line density is uniform throughout
    ok 4 - ACTION_FINALE_BLOAT does NOT fire when action line density is uniform throughout
      ---
      duration_ms: 1.20924
      type: 'test'
      ...
    # Subtest: LONGEST_ACTION_OUTLIER fires when the single longest line is ≥25 words and ≥4× average
    ok 5 - LONGEST_ACTION_OUTLIER fires when the single longest line is ≥25 words and ≥4× average
      ---
      duration_ms: 0.90081
      type: 'test'
      ...
    # Subtest: LONGEST_ACTION_OUTLIER does NOT fire when all action lines are proportionally sized
    ok 6 - LONGEST_ACTION_OUTLIER does NOT fire when all action lines are proportionally sized
      ---
      duration_ms: 0.841827
      type: 'test'
      ...
    1..6
ok 1810 - Wave 428 — rhythmPass: consecutive opener run, action finale bloat, longest action outlier
  ---
  duration_ms: 6.283912
  type: 'suite'
  ...
# Subtest: Wave 414 — rhythmPass: vague-quantifier overload, atmosphere-abstraction overload, color-description overload
    # Subtest: VAGUE_QUANTIFIER_OVERLOAD fires when >25% of action lines lean on vague quantities
    ok 1 - VAGUE_QUANTIFIER_OVERLOAD fires when >25% of action lines lean on vague quantities
      ---
      duration_ms: 0.935069
      type: 'test'
      ...
    # Subtest: VAGUE_QUANTIFIER_OVERLOAD does NOT fire when action lines commit to specifics
    ok 2 - VAGUE_QUANTIFIER_OVERLOAD does NOT fire when action lines commit to specifics
      ---
      duration_ms: 0.835628
      type: 'test'
      ...
    # Subtest: ATMOSPHERE_ABSTRACTION_OVERLOAD fires when >25% of action lines name an abstract mood
    ok 3 - ATMOSPHERE_ABSTRACTION_OVERLOAD fires when >25% of action lines name an abstract mood
      ---
      duration_ms: 0.811561
      type: 'test'
      ...
    # Subtest: ATMOSPHERE_ABSTRACTION_OVERLOAD does NOT fire when action lines render concrete images
    ok 4 - ATMOSPHERE_ABSTRACTION_OVERLOAD does NOT fire when action lines render concrete images
      ---
      duration_ms: 0.780428
      type: 'test'
      ...
    # Subtest: COLOR_DESCRIPTION_OVERLOAD fires when >30% of action lines carry a color word
    ok 5 - COLOR_DESCRIPTION_OVERLOAD fires when >30% of action lines carry a color word
      ---
      duration_ms: 1.487253
      type: 'test'
      ...
    # Subtest: COLOR_DESCRIPTION_OVERLOAD does NOT fire when color is used sparingly
    ok 6 - COLOR_DESCRIPTION_OVERLOAD does NOT fire when color is used sparingly
      ---
      duration_ms: 1.011679
      type: 'test'
      ...
    1..6
ok 1811 - Wave 414 — rhythmPass: vague-quantifier overload, atmosphere-abstraction overload, color-description overload
  ---
  duration_ms: 6.156202
  type: 'suite'
  ...
# Subtest: Wave 400 — rhythmPass: long-line flood, line-ending repetition, progressive-verb overuse
    # Subtest: LONG_LINE_FLOOD fires when more than 60% of action lines are 20+ words
    ok 1 - LONG_LINE_FLOOD fires when more than 60% of action lines are 20+ words
      ---
      duration_ms: 1.573402
      type: 'test'
      ...
    # Subtest: LONG_LINE_FLOOD does not fire when fewer than 60% of action lines are 12+ words
    ok 2 - LONG_LINE_FLOOD does not fire when fewer than 60% of action lines are 12+ words
      ---
      duration_ms: 1.166122
      type: 'test'
      ...
    # Subtest: LINE_ENDING_REPETITION fires when 4+ action lines end with the same non-trivial word
    ok 3 - LINE_ENDING_REPETITION fires when 4+ action lines end with the same non-trivial word
      ---
      duration_ms: 0.994791
      type: 'test'
      ...
    # Subtest: LINE_ENDING_REPETITION does not fire when line endings are varied
    ok 4 - LINE_ENDING_REPETITION does not fire when line endings are varied
      ---
      duration_ms: 0.988893
      type: 'test'
      ...
    # Subtest: PROGRESSIVE_VERB_OVERUSE fires when more than 25% of action lines use is/are + -ing
    ok 5 - PROGRESSIVE_VERB_OVERUSE fires when more than 25% of action lines use is/are + -ing
      ---
      duration_ms: 1.146432
      type: 'test'
      ...
    # Subtest: PROGRESSIVE_VERB_OVERUSE does not fire when progressive verbs are rare
    ok 6 - PROGRESSIVE_VERB_OVERUSE does not fire when progressive verbs are rare
      ---
      duration_ms: 1.007771
      type: 'test'
      ...
    1..6
ok 1812 - Wave 400 — rhythmPass: long-line flood, line-ending repetition, progressive-verb overuse
  ---
  duration_ms: 7.15771
  type: 'suite'
  ...
# Subtest: Wave 305 — rhythmPass: dash chain, negation action flood, action parenthesis aside
    # Subtest: DASH_CHAIN fires when 3+ action lines trail off with an em-dash
    ok 1 - DASH_CHAIN fires when 3+ action lines trail off with an em-dash
      ---
      duration_ms: 4.524842
      type: 'test'
      ...
    # Subtest: DASH_CHAIN does not fire when action lines complete their descriptions
    ok 2 - DASH_CHAIN does not fire when action lines complete their descriptions
      ---
      duration_ms: 0.925522
      type: 'test'
      ...
    # Subtest: NEGATION_ACTION_FLOOD fires when >25% of action lines describe what does not happen
    ok 3 - NEGATION_ACTION_FLOOD fires when >25% of action lines describe what does not happen
      ---
      duration_ms: 1.075515
      type: 'test'
      ...
    # Subtest: NEGATION_ACTION_FLOOD does not fire when action is mostly positive description
    ok 4 - NEGATION_ACTION_FLOOD does not fire when action is mostly positive description
      ---
      duration_ms: 0.915726
      type: 'test'
      ...
    # Subtest: ACTION_PARENTHESIS_ASIDE fires when 3+ action lines contain parenthetical asides
    ok 5 - ACTION_PARENTHESIS_ASIDE fires when 3+ action lines contain parenthetical asides
      ---
      duration_ms: 0.827786
      type: 'test'
      ...
    # Subtest: ACTION_PARENTHESIS_ASIDE does not fire when action prose has no parenthetical asides
    ok 6 - ACTION_PARENTHESIS_ASIDE does not fire when action prose has no parenthetical asides
      ---
      duration_ms: 0.783463
      type: 'test'
      ...
    1..6
ok 1813 - Wave 305 — rhythmPass: dash chain, negation action flood, action parenthesis aside
  ---
  duration_ms: 9.342161
  type: 'suite'
  ...
# Subtest: Wave 386 — rhythmPass: comma-splice overuse, article-opener dominance, connective-opener overuse
    # Subtest: COMMA_SPLICE_OVERUSE fires when 3+ action lines splice two pronoun-subject clauses
    ok 1 - COMMA_SPLICE_OVERUSE fires when 3+ action lines splice two pronoun-subject clauses
      ---
      duration_ms: 0.92292
      type: 'test'
      ...
    # Subtest: COMMA_SPLICE_OVERUSE does not fire when clauses are properly separated
    ok 2 - COMMA_SPLICE_OVERUSE does not fire when clauses are properly separated
      ---
      duration_ms: 0.881053
      type: 'test'
      ...
    # Subtest: ARTICLE_OPENER_DOMINANCE fires when >40% of action lines begin with an article
    ok 3 - ARTICLE_OPENER_DOMINANCE fires when >40% of action lines begin with an article
      ---
      duration_ms: 1.077027
      type: 'test'
      ...
    # Subtest: ARTICLE_OPENER_DOMINANCE does not fire when openings are varied
    ok 4 - ARTICLE_OPENER_DOMINANCE does not fire when openings are varied
      ---
      duration_ms: 0.944135
      type: 'test'
      ...
    # Subtest: CONNECTIVE_OPENER_OVERUSE fires when 3+ action lines begin with a formal connective
    ok 5 - CONNECTIVE_OPENER_OVERUSE fires when 3+ action lines begin with a formal connective
      ---
      duration_ms: 0.837092
      type: 'test'
      ...
    # Subtest: CONNECTIVE_OPENER_OVERUSE does not fire without formal connective openers
    ok 6 - CONNECTIVE_OPENER_OVERUSE does not fire without formal connective openers
      ---
      duration_ms: 0.889744
      type: 'test'
      ...
    1..6
ok 1814 - Wave 386 — rhythmPass: comma-splice overuse, article-opener dominance, connective-opener overuse
  ---
  duration_ms: 5.83754
  type: 'suite'
  ...
# Subtest: Wave 372 — rhythmPass: triadic list overload, mid-line em-dash overuse, temporal opener overuse
    # Subtest: TRIADIC_LIST_OVERLOAD fires when 3+ action lines use a rule-of-three enumeration
    ok 1 - TRIADIC_LIST_OVERLOAD fires when 3+ action lines use a rule-of-three enumeration
      ---
      duration_ms: 0.911709
      type: 'test'
      ...
    # Subtest: TRIADIC_LIST_OVERLOAD does not fire when action lines avoid triadic lists
    ok 2 - TRIADIC_LIST_OVERLOAD does not fire when action lines avoid triadic lists
      ---
      duration_ms: 0.738024
      type: 'test'
      ...
    # Subtest: MID_LINE_EM_DASH_OVERUSE fires when 3+ action lines use a mid-sentence em-dash
    ok 3 - MID_LINE_EM_DASH_OVERUSE fires when 3+ action lines use a mid-sentence em-dash
      ---
      duration_ms: 0.860796
      type: 'test'
      ...
    # Subtest: MID_LINE_EM_DASH_OVERUSE does not fire when action lines avoid mid-line dashes
    ok 4 - MID_LINE_EM_DASH_OVERUSE does not fire when action lines avoid mid-line dashes
      ---
      duration_ms: 0.95507
      type: 'test'
      ...
    # Subtest: TEMPORAL_OPENER_OVERUSE fires when >25% of action lines begin with a temporal adverb
    ok 5 - TEMPORAL_OPENER_OVERUSE fires when >25% of action lines begin with a temporal adverb
      ---
      duration_ms: 1.035494
      type: 'test'
      ...
    # Subtest: TEMPORAL_OPENER_OVERUSE does not fire when action lines open without temporal adverbs
    ok 6 - TEMPORAL_OPENER_OVERUSE does not fire when action lines open without temporal adverbs
      ---
      duration_ms: 10.129369
      type: 'test'
      ...
    1..6
ok 1815 - Wave 372 — rhythmPass: triadic list overload, mid-line em-dash overuse, temporal opener overuse
  ---
  duration_ms: 14.933699
  type: 'suite'
  ...
# Subtest: Wave 358 — rhythmPass: colon in action, sound description overload, intensifier flood
    # Subtest: COLON_IN_ACTION fires when 3+ action lines use a colon as a reveal device
    ok 1 - COLON_IN_ACTION fires when 3+ action lines use a colon as a reveal device
      ---
      duration_ms: 1.165921
      type: 'test'
      ...
    # Subtest: COLON_IN_ACTION does not fire when action lines use periods instead of colons
    ok 2 - COLON_IN_ACTION does not fire when action lines use periods instead of colons
      ---
      duration_ms: 0.807608
      type: 'test'
      ...
    # Subtest: SOUND_DESCRIPTION_OVERLOAD fires when >30% of action lines contain sound vocabulary
    ok 3 - SOUND_DESCRIPTION_OVERLOAD fires when >30% of action lines contain sound vocabulary
      ---
      duration_ms: 1.026396
      type: 'test'
      ...
    # Subtest: SOUND_DESCRIPTION_OVERLOAD does not fire when action lines avoid sound vocabulary
    ok 4 - SOUND_DESCRIPTION_OVERLOAD does not fire when action lines avoid sound vocabulary
      ---
      duration_ms: 0.986692
      type: 'test'
      ...
    # Subtest: INTENSIFIER_FLOOD fires when >30% of action lines contain filler intensifiers
    ok 5 - INTENSIFIER_FLOOD fires when >30% of action lines contain filler intensifiers
      ---
      duration_ms: 1.088174
      type: 'test'
      ...
    # Subtest: INTENSIFIER_FLOOD does not fire when action lines use precise words without filler
    ok 6 - INTENSIFIER_FLOOD does not fire when action lines use precise words without filler
      ---
      duration_ms: 0.957831
      type: 'test'
      ...
    1..6
ok 1816 - Wave 358 — rhythmPass: colon in action, sound description overload, intensifier flood
  ---
  duration_ms: 6.332752
  type: 'suite'
  ...
# Subtest: Wave 344 — rhythmPass: polysyndeton overload, semicolon in action, weather description overload
    # Subtest: POLYSYNDETON_OVERLOAD fires when 3+ action lines pile up 3+ "and" coordinators
    ok 1 - POLYSYNDETON_OVERLOAD fires when 3+ action lines pile up 3+ "and" coordinators
      ---
      duration_ms: 0.962736
      type: 'test'
      ...
    # Subtest: POLYSYNDETON_OVERLOAD does not fire when action lines use measured coordination
    ok 2 - POLYSYNDETON_OVERLOAD does not fire when action lines use measured coordination
      ---
      duration_ms: 0.771742
      type: 'test'
      ...
    # Subtest: SEMICOLON_IN_ACTION fires when 3+ action lines use a semicolon
    ok 3 - SEMICOLON_IN_ACTION fires when 3+ action lines use a semicolon
      ---
      duration_ms: 0.900656
      type: 'test'
      ...
    # Subtest: SEMICOLON_IN_ACTION does not fire when action lines use periods
    ok 4 - SEMICOLON_IN_ACTION does not fire when action lines use periods
      ---
      duration_ms: 0.795961
      type: 'test'
      ...
    # Subtest: WEATHER_DESCRIPTION_OVERLOAD fires when >30% of action lines describe weather
    ok 5 - WEATHER_DESCRIPTION_OVERLOAD fires when >30% of action lines describe weather
      ---
      duration_ms: 1.009429
      type: 'test'
      ...
    # Subtest: WEATHER_DESCRIPTION_OVERLOAD does not fire when weather is incidental
    ok 6 - WEATHER_DESCRIPTION_OVERLOAD does not fire when weather is incidental
      ---
      duration_ms: 0.978636
      type: 'test'
      ...
    1..6
ok 1817 - Wave 344 — rhythmPass: polysyndeton overload, semicolon in action, weather description overload
  ---
  duration_ms: 5.699911
  type: 'suite'
  ...
# Subtest: Wave 330 — rhythmPass: we-see flood, light description overload, set dressing dominance
    # Subtest: WE_SEE_FLOOD fires when >25% of action lines begin with "We see/hear/find/watch/notice"
    ok 1 - WE_SEE_FLOOD fires when >25% of action lines begin with "We see/hear/find/watch/notice"
      ---
      duration_ms: 1.460224
      type: 'test'
      ...
    # Subtest: WE_SEE_FLOOD does not fire when action lines avoid "We see" constructions
    ok 2 - WE_SEE_FLOOD does not fire when action lines avoid "We see" constructions
      ---
      duration_ms: 0.96774
      type: 'test'
      ...
    # Subtest: LIGHT_DESCRIPTION_OVERLOAD fires when >30% of action lines contain lighting vocabulary
    ok 3 - LIGHT_DESCRIPTION_OVERLOAD fires when >30% of action lines contain lighting vocabulary
      ---
      duration_ms: 1.10052
      type: 'test'
      ...
    # Subtest: LIGHT_DESCRIPTION_OVERLOAD does not fire when lighting references are sparse
    ok 4 - LIGHT_DESCRIPTION_OVERLOAD does not fire when lighting references are sparse
      ---
      duration_ms: 3.474709
      type: 'test'
      ...
    # Subtest: SET_DRESSING_DOMINANCE fires when >35% of action lines mention static furniture or architecture
    ok 5 - SET_DRESSING_DOMINANCE fires when >35% of action lines mention static furniture or architecture
      ---
      duration_ms: 2.340254
      type: 'test'
      ...
    # Subtest: SET_DRESSING_DOMINANCE does not fire when action lines focus on character behavior
    ok 6 - SET_DRESSING_DOMINANCE does not fire when action lines focus on character behavior
      ---
      duration_ms: 1.05974
      type: 'test'
      ...
    1..6
ok 1818 - Wave 330 — rhythmPass: we-see flood, light description overload, set dressing dominance
  ---
  duration_ms: 10.690906
  type: 'suite'
  ...
# Subtest: Wave 319 — rhythmPass: suddenly overuse, pronoun opener dominance, physical interiority leak
    # Subtest: SUDDENLY_OVERUSE fires when >20% of action lines contain urgency adverbs
    ok 1 - SUDDENLY_OVERUSE fires when >20% of action lines contain urgency adverbs
      ---
      duration_ms: 1.248213
      type: 'test'
      ...
    # Subtest: SUDDENLY_OVERUSE does not fire when action lines avoid urgency adverbs
    ok 2 - SUDDENLY_OVERUSE does not fire when action lines avoid urgency adverbs
      ---
      duration_ms: 1.418277
      type: 'test'
      ...
    # Subtest: PRONOUN_OPENER_DOMINANCE fires when >45% of action lines begin with personal pronouns
    ok 3 - PRONOUN_OPENER_DOMINANCE fires when >45% of action lines begin with personal pronouns
      ---
      duration_ms: 1.137191
      type: 'test'
      ...
    # Subtest: PRONOUN_OPENER_DOMINANCE does not fire when action lines use varied subject openers
    ok 4 - PRONOUN_OPENER_DOMINANCE does not fire when action lines use varied subject openers
      ---
      duration_ms: 1.153841
      type: 'test'
      ...
    # Subtest: PHYSICAL_INTERIORITY_LEAK fires when >25% of action lines describe internal body sensations
    ok 5 - PHYSICAL_INTERIORITY_LEAK fires when >25% of action lines describe internal body sensations
      ---
      duration_ms: 1.243956
      type: 'test'
      ...
    # Subtest: PHYSICAL_INTERIORITY_LEAK does not fire when action lines describe external observable behaviour
    ok 6 - PHYSICAL_INTERIORITY_LEAK does not fire when action lines describe external observable behaviour
      ---
      duration_ms: 1.07448
      type: 'test'
      ...
    1..6
ok 1819 - Wave 319 — rhythmPass: suddenly overuse, pronoun opener dominance, physical interiority leak
  ---
  duration_ms: 7.667635
  type: 'suite'
  ...
# Subtest: Wave 291 — rhythmPass: number word flood, prepositional opening dominance, action line word floor
    # Subtest: NUMBER_WORD_FLOOD fires when >35% of 8+ action lines contain number words
    ok 1 - NUMBER_WORD_FLOOD fires when >35% of 8+ action lines contain number words
      ---
      duration_ms: 6.594468
      type: 'test'
      ...
    # Subtest: NUMBER_WORD_FLOOD does not fire when number words are sparse
    ok 2 - NUMBER_WORD_FLOOD does not fire when number words are sparse
      ---
      duration_ms: 1.074176
      type: 'test'
      ...
    # Subtest: PREPOSITIONAL_OPENING_DOMINANCE fires when >35% of 8+ action lines start with prepositions
    ok 3 - PREPOSITIONAL_OPENING_DOMINANCE fires when >35% of 8+ action lines start with prepositions
      ---
      duration_ms: 1.069712
      type: 'test'
      ...
    # Subtest: PREPOSITIONAL_OPENING_DOMINANCE does not fire when openers are varied
    ok 4 - PREPOSITIONAL_OPENING_DOMINANCE does not fire when openers are varied
      ---
      duration_ms: 2.236133
      type: 'test'
      ...
    # Subtest: ACTION_LINE_WORD_FLOOR fires when all 8+ action lines are ≤5 words
    ok 5 - ACTION_LINE_WORD_FLOOR fires when all 8+ action lines are ≤5 words
      ---
      duration_ms: 0.804785
      type: 'test'
      ...
    # Subtest: ACTION_LINE_WORD_FLOOR does not fire when some action lines exceed 5 words
    ok 6 - ACTION_LINE_WORD_FLOOR does not fire when some action lines exceed 5 words
      ---
      duration_ms: 0.894709
      type: 'test'
      ...
    1..6
ok 1820 - Wave 291 — rhythmPass: number word flood, prepositional opening dominance, action line word floor
  ---
  duration_ms: 12.97569
  type: 'suite'
  ...
# Subtest: Wave 277 — rhythmPass: body-part overload, single-sentence flood, ellipsis chain
    # Subtest: BODY_PART_OVERLOAD fires when more than 40% of action lines reference isolated body parts
    ok 1 - BODY_PART_OVERLOAD fires when more than 40% of action lines reference isolated body parts
      ---
      duration_ms: 1.173634
      type: 'test'
      ...
    # Subtest: BODY_PART_OVERLOAD does NOT fire when body-part lines are 40% or fewer
    ok 2 - BODY_PART_OVERLOAD does NOT fire when body-part lines are 40% or fewer
      ---
      duration_ms: 0.920127
      type: 'test'
      ...
    # Subtest: SINGLE_SENTENCE_FLOOD fires when all 12+ action lines are exactly one sentence
    ok 3 - SINGLE_SENTENCE_FLOOD fires when all 12+ action lines are exactly one sentence
      ---
      duration_ms: 2.753719
      type: 'test'
      ...
    # Subtest: SINGLE_SENTENCE_FLOOD does NOT fire when at least one action line has multiple sentences
    ok 4 - SINGLE_SENTENCE_FLOOD does NOT fire when at least one action line has multiple sentences
      ---
      duration_ms: 1.454323
      type: 'test'
      ...
    # Subtest: ELLIPSIS_CHAIN fires when 3 or more action lines trail off with ellipses
    ok 5 - ELLIPSIS_CHAIN fires when 3 or more action lines trail off with ellipses
      ---
      duration_ms: 0.962437
      type: 'test'
      ...
    # Subtest: ELLIPSIS_CHAIN does NOT fire when fewer than 3 action lines end with ellipses
    ok 6 - ELLIPSIS_CHAIN does NOT fire when fewer than 3 action lines end with ellipses
      ---
      duration_ms: 1.135179
      type: 'test'
      ...
    1..6
ok 1821 - Wave 277 — rhythmPass: body-part overload, single-sentence flood, ellipsis chain
  ---
  duration_ms: 8.740497
  type: 'suite'
  ...
# Subtest: Wave 263 — rhythmPass: question in action, simile excess, color absence
    # Subtest: QUESTION_IN_ACTION fires when ≥2 action lines end with "?"
    ok 1 - QUESTION_IN_ACTION fires when ≥2 action lines end with "?"
      ---
      duration_ms: 1.077489
      type: 'test'
      ...
    # Subtest: QUESTION_IN_ACTION does NOT fire when fewer than 2 action lines end with "?"
    ok 2 - QUESTION_IN_ACTION does NOT fire when fewer than 2 action lines end with "?"
      ---
      duration_ms: 0.991762
      type: 'test'
      ...
    # Subtest: SIMILE_EXCESS fires when ≥3 action lines contain simile markers
    ok 3 - SIMILE_EXCESS fires when ≥3 action lines contain simile markers
      ---
      duration_ms: 2.89119
      type: 'test'
      ...
    # Subtest: SIMILE_EXCESS does NOT fire when fewer than 3 action lines have simile markers
    ok 4 - SIMILE_EXCESS does NOT fire when fewer than 3 action lines have simile markers
      ---
      duration_ms: 1.092336
      type: 'test'
      ...
    # Subtest: COLOR_ABSENCE fires when ≥12 action lines contain no color word
    ok 5 - COLOR_ABSENCE fires when ≥12 action lines contain no color word
      ---
      duration_ms: 1.246215
      type: 'test'
      ...
    # Subtest: COLOR_ABSENCE does NOT fire when at least one action line contains a color word
    ok 6 - COLOR_ABSENCE does NOT fire when at least one action line contains a color word
      ---
      duration_ms: 1.262345
      type: 'test'
      ...
    1..6
ok 1822 - Wave 263 — rhythmPass: question in action, simile excess, color absence
  ---
  duration_ms: 8.912542
  type: 'suite'
  ...
# Subtest: Wave 249 — rhythmPass: short line poverty, visual texture absent, spatial anchor absent
    # Subtest: SHORT_LINE_POVERTY fires when no action line has ≤3 words across ≥12 action lines
    ok 1 - SHORT_LINE_POVERTY fires when no action line has ≤3 words across ≥12 action lines
      ---
      duration_ms: 1.338176
      type: 'test'
      ...
    # Subtest: SHORT_LINE_POVERTY does NOT fire when at least one action line has ≤3 words
    ok 2 - SHORT_LINE_POVERTY does NOT fire when at least one action line has ≤3 words
      ---
      duration_ms: 1.179751
      type: 'test'
      ...
    # Subtest: VISUAL_TEXTURE_ABSENT fires when no action line contains a texture descriptor
    ok 3 - VISUAL_TEXTURE_ABSENT fires when no action line contains a texture descriptor
      ---
      duration_ms: 1.179496
      type: 'test'
      ...
    # Subtest: VISUAL_TEXTURE_ABSENT does NOT fire when at least one action line has a texture word
    ok 4 - VISUAL_TEXTURE_ABSENT does NOT fire when at least one action line has a texture word
      ---
      duration_ms: 1.402794
      type: 'test'
      ...
    # Subtest: SPATIAL_ANCHOR_ABSENT fires when no action line contains a spatial anchor phrase
    ok 5 - SPATIAL_ANCHOR_ABSENT fires when no action line contains a spatial anchor phrase
      ---
      duration_ms: 0.793612
      type: 'test'
      ...
    # Subtest: SPATIAL_ANCHOR_ABSENT does NOT fire when at least one action line has a spatial anchor
    ok 6 - SPATIAL_ANCHOR_ABSENT does NOT fire when at least one action line has a spatial anchor
      ---
      duration_ms: 1.76562
      type: 'test'
      ...
    1..6
ok 1823 - Wave 249 — rhythmPass: short line poverty, visual texture absent, spatial anchor absent
  ---
  duration_ms: 7.957417
  type: 'suite'
  ...
# Subtest: Wave 221 — rhythmPass: prose rhythm blocking, prose length ramp, intra-clause cadence absent (prose-cadence signal-processing)
    # Subtest: PROSE_RHYTHM_BLOCKING fires when long and short lines are grouped into blocks
    ok 1 - PROSE_RHYTHM_BLOCKING fires when long and short lines are grouped into blocks
      ---
      duration_ms: 1.450979
      type: 'test'
      ...
    # Subtest: PROSE_RHYTHM_BLOCKING does not fire when long and short lines alternate
    ok 2 - PROSE_RHYTHM_BLOCKING does not fire when long and short lines alternate
      ---
      duration_ms: 1.268722
      type: 'test'
      ...
    # Subtest: PROSE_LENGTH_RAMP fires when action lines grow steadily longer
    ok 3 - PROSE_LENGTH_RAMP fires when action lines grow steadily longer
      ---
      duration_ms: 1.261327
      type: 'test'
      ...
    # Subtest: PROSE_LENGTH_RAMP does not fire when action lines shorten or hold steady
    ok 4 - PROSE_LENGTH_RAMP does not fire when action lines shorten or hold steady
      ---
      duration_ms: 1.308638
      type: 'test'
      ...
    # Subtest: INTRACLAUSE_CADENCE_ABSENT fires when long lines have no internal punctuation
    ok 5 - INTRACLAUSE_CADENCE_ABSENT fires when long lines have no internal punctuation
      ---
      duration_ms: 1.327444
      type: 'test'
      ...
    # Subtest: INTRACLAUSE_CADENCE_ABSENT does not fire when lines use commas for cadence
    ok 6 - INTRACLAUSE_CADENCE_ABSENT does not fire when lines use commas for cadence
      ---
      duration_ms: 1.469597
      type: 'test'
      ...
    1..6
ok 1824 - Wave 221 — rhythmPass: prose rhythm blocking, prose length ramp, intra-clause cadence absent (prose-cadence signal-processing)
  ---
  duration_ms: 8.369265
  type: 'suite'
  ...
# Subtest: Wave 207 — rhythmPass: conjunction opener excess, then-chain, exclamation in action
    # Subtest: CONJUNCTION_OPENER_EXCESS fires when >30% of action lines open with a conjunction
    ok 1 - CONJUNCTION_OPENER_EXCESS fires when >30% of action lines open with a conjunction
      ---
      duration_ms: 1.246138
      type: 'test'
      ...
    # Subtest: CONJUNCTION_OPENER_EXCESS does NOT fire when conjunction openers are within tolerance
    ok 2 - CONJUNCTION_OPENER_EXCESS does NOT fire when conjunction openers are within tolerance
      ---
      duration_ms: 0.955163
      type: 'test'
      ...
    # Subtest: THEN_CHAIN fires when >25% of action lines begin with "Then" or "And then"
    ok 3 - THEN_CHAIN fires when >25% of action lines begin with "Then" or "And then"
      ---
      duration_ms: 1.058392
      type: 'test'
      ...
    # Subtest: THEN_CHAIN does NOT fire when "Then" openers are within tolerance
    ok 4 - THEN_CHAIN does NOT fire when "Then" openers are within tolerance
      ---
      duration_ms: 0.968663
      type: 'test'
      ...
    # Subtest: EXCLAMATION_IN_ACTION fires when 3 or more action lines end with "!"
    ok 5 - EXCLAMATION_IN_ACTION fires when 3 or more action lines end with "!"
      ---
      duration_ms: 0.811312
      type: 'test'
      ...
    # Subtest: EXCLAMATION_IN_ACTION does NOT fire when fewer than 3 action lines end with "!"
    ok 6 - EXCLAMATION_IN_ACTION does NOT fire when fewer than 3 action lines end with "!"
      ---
      duration_ms: 0.744946
      type: 'test'
      ...
    1..6
ok 1825 - Wave 207 — rhythmPass: conjunction opener excess, then-chain, exclamation in action
  ---
  duration_ms: 6.059269
  type: 'suite'
  ...
# Subtest: Wave 137 — rhythmPass: PASSIVE_VOICE_OVERUSE + WEAK_VERB_CHAIN
    # Subtest: PASSIVE_VOICE_OVERUSE fires when ≥3 action lines use passive constructions
    ok 1 - PASSIVE_VOICE_OVERUSE fires when ≥3 action lines use passive constructions
      ---
      duration_ms: 0.832927
      type: 'test'
      ...
    # Subtest: PASSIVE_VOICE_OVERUSE does NOT fire with fewer than 3 passive lines
    ok 2 - PASSIVE_VOICE_OVERUSE does NOT fire with fewer than 3 passive lines
      ---
      duration_ms: 0.230945
      type: 'test'
      ...
    # Subtest: WEAK_VERB_CHAIN fires when ≥2 action lines use "started to / began to"
    ok 3 - WEAK_VERB_CHAIN fires when ≥2 action lines use "started to / began to"
      ---
      duration_ms: 0.51259
      type: 'test'
      ...
    # Subtest: active-voice screenplay passes both rules cleanly
    ok 4 - active-voice screenplay passes both rules cleanly
      ---
      duration_ms: 0.15298
      type: 'test'
      ...
    1..4
ok 1826 - Wave 137 — rhythmPass: PASSIVE_VOICE_OVERUSE + WEAK_VERB_CHAIN
  ---
  duration_ms: 1.910175
  type: 'suite'
  ...
# {"time":"2026-08-05T02:28:55.434Z","level":"warn","msg":"collab_secret_generated","message":"COLLAB_SECRET not set — generated an ephemeral per-process secret. Set COLLAB_SECRET in any multi-process or restart-prone deployment."}
# {"time":"2026-08-05T02:28:55.494Z","level":"warn","msg":"revision_rewrite_failed","passName":"structure","message":"Gemini provider not available (GEMINI_API_KEY not set)"}
# {"time":"2026-08-05T02:28:55.499Z","level":"warn","msg":"revision_rewrite_failed","passName":"structure","message":"Gemini provider not available (GEMINI_API_KEY not set)"}
# {"time":"2026-08-05T02:28:55.506Z","level":"warn","msg":"revision_rewrite_failed","passName":"structure","message":"Gemini provider not available (GEMINI_API_KEY not set)"}
# {"time":"2026-08-05T02:28:55.509Z","level":"warn","msg":"revision_rewrite_failed","passName":"structure","message":"Gemini provider not available (GEMINI_API_KEY not set)"}
# {"time":"2026-08-05T02:28:55.511Z","level":"warn","msg":"revision_rewrite_failed","passName":"structure","message":"Gemini provider not available (GEMINI_API_KEY not set)"}
# {"time":"2026-08-05T02:28:55.516Z","level":"warn","msg":"revision_rewrite_failed","passName":"structure","message":"Gemini provider not available (GEMINI_API_KEY not set)"}
# {"time":"2026-08-05T02:28:55.518Z","level":"warn","msg":"revision_rewrite_failed","passName":"structure","message":"Gemini provider not available (GEMINI_API_KEY not set)"}
# {"time":"2026-08-05T02:28:55.520Z","level":"warn","msg":"revision_rewrite_failed","passName":"structure","message":"Gemini provider not available (GEMINI_API_KEY not set)"}
# {"time":"2026-08-05T02:28:55.523Z","level":"warn","msg":"revision_rewrite_failed","passName":"structure","message":"Gemini provider not available (GEMINI_API_KEY not set)"}
# {"time":"2026-08-05T02:28:55.525Z","level":"warn","msg":"revision_rewrite_failed","passName":"structure","message":"Gemini provider not available (GEMINI_API_KEY not set)"}
# {"time":"2026-08-05T02:28:55.526Z","level":"warn","msg":"revision_rewrite_failed","passName":"structure","message":"Gemini provider not available (GEMINI_API_KEY not set)"}
# {"time":"2026-08-05T02:28:55.545Z","level":"warn","msg":"revision_rewrite_failed","passName":"structure","message":"Gemini provider not available (GEMINI_API_KEY not set)"}
# {"time":"2026-08-05T02:28:55.547Z","level":"warn","msg":"revision_rewrite_failed","passName":"structure","message":"Gemini provider not available (GEMINI_API_KEY not set)"}
# {"time":"2026-08-05T02:28:55.548Z","level":"warn","msg":"revision_rewrite_failed","passName":"structure","message":"Gemini provider not available (GEMINI_API_KEY not set)"}
# {"time":"2026-08-05T02:28:55.550Z","level":"warn","msg":"revision_rewrite_failed","passName":"structure","message":"Gemini provider not available (GEMINI_API_KEY not set)"}
# {"time":"2026-08-05T02:28:55.552Z","level":"warn","msg":"revision_rewrite_failed","passName":"structure","message":"Gemini provider not available (GEMINI_API_KEY not set)"}
# {"time":"2026-08-05T02:28:55.554Z","level":"warn","msg":"revision_rewrite_failed","passName":"structure","message":"Gemini provider not available (GEMINI_API_KEY not set)"}
# {"time":"2026-08-05T02:28:55.555Z","level":"warn","msg":"revision_rewrite_failed","passName":"structure","message":"Gemini provider not available (GEMINI_API_KEY not set)"}
# {"time":"2026-08-05T02:28:55.564Z","level":"warn","msg":"revision_rewrite_failed","passName":"structure","message":"Gemini provider not available (GEMINI_API_KEY not set)"}
# {"time":"2026-08-05T02:28:55.565Z","level":"warn","msg":"revision_rewrite_failed","passName":"structure","message":"Gemini provider not available (GEMINI_API_KEY not set)"}
# {"time":"2026-08-05T02:28:55.566Z","level":"warn","msg":"revision_rewrite_failed","passName":"structure","message":"Gemini provider not available (GEMINI_API_KEY not set)"}
# {"time":"2026-08-05T02:28:55.567Z","level":"warn","msg":"revision_rewrite_failed","passName":"structure","message":"Gemini provider not available (GEMINI_API_KEY not set)"}
# {"time":"2026-08-05T02:28:55.573Z","level":"warn","msg":"revision_rewrite_failed","passName":"structure","message":"Gemini provider not available (GEMINI_API_KEY not set)"}
# {"time":"2026-08-05T02:28:55.573Z","level":"warn","msg":"revision_rewrite_failed","passName":"structure","message":"Gemini provider not available (GEMINI_API_KEY not set)"}
# {"time":"2026-08-05T02:28:55.575Z","level":"warn","msg":"revision_rewrite_failed","passName":"structure","message":"Gemini provider not available (GEMINI_API_KEY not set)"}
# {"time":"2026-08-05T02:28:55.577Z","level":"warn","msg":"revision_rewrite_failed","passName":"structure","message":"Gemini provider not available (GEMINI_API_KEY not set)"}
# {"time":"2026-08-05T02:28:55.584Z","level":"warn","msg":"revision_rewrite_failed","passName":"structure","message":"Gemini provider not available (GEMINI_API_KEY not set)"}
# {"time":"2026-08-05T02:28:55.586Z","level":"warn","msg":"revision_rewrite_failed","passName":"structure","message":"Gemini provider not available (GEMINI_API_KEY not set)"}
# {"time":"2026-08-05T02:28:55.587Z","level":"warn","msg":"revision_rewrite_failed","passName":"structure","message":"Gemini provider not available (GEMINI_API_KEY not set)"}
# {"time":"2026-08-05T02:28:55.589Z","level":"warn","msg":"revision_rewrite_failed","passName":"structure","message":"Gemini provider not available (GEMINI_API_KEY not set)"}
# {"time":"2026-08-05T02:28:55.590Z","level":"warn","msg":"revision_rewrite_failed","passName":"structure","message":"Gemini provider not available (GEMINI_API_KEY not set)"}
# {"time":"2026-08-05T02:28:55.591Z","level":"warn","msg":"revision_rewrite_failed","passName":"structure","message":"Gemini provider not available (GEMINI_API_KEY not set)"}
# {"time":"2026-08-05T02:28:55.592Z","level":"warn","msg":"revision_rewrite_failed","passName":"structure","message":"Gemini provider not available (GEMINI_API_KEY not set)"}
# {"time":"2026-08-05T02:28:55.594Z","level":"warn","msg":"revision_rewrite_failed","passName":"structure","message":"Gemini provider not available (GEMINI_API_KEY not set)"}
# {"time":"2026-08-05T02:28:55.595Z","level":"warn","msg":"revision_rewrite_failed","passName":"structure","message":"Gemini provider not available (GEMINI_API_KEY not set)"}
# {"time":"2026-08-05T02:28:55.599Z","level":"warn","msg":"revision_rewrite_failed","passName":"structure","message":"Gemini provider not available (GEMINI_API_KEY not set)"}
# {"time":"2026-08-05T02:28:55.603Z","level":"warn","msg":"revision_rewrite_failed","passName":"structure","message":"Gemini provider not available (GEMINI_API_KEY not set)"}
# {"time":"2026-08-05T02:28:55.604Z","level":"warn","msg":"revision_rewrite_failed","passName":"structure","message":"Gemini provider not available (GEMINI_API_KEY not set)"}
# {"time":"2026-08-05T02:28:55.605Z","level":"warn","msg":"revision_rewrite_failed","passName":"structure","message":"Gemini provider not available (GEMINI_API_KEY not set)"}
# {"time":"2026-08-05T02:28:55.607Z","level":"warn","msg":"revision_rewrite_failed","passName":"structure","message":"Gemini provider not available (GEMINI_API_KEY not set)"}
# {"time":"2026-08-05T02:28:55.611Z","level":"warn","msg":"revision_rewrite_failed","passName":"structure","message":"Gemini provider not available (GEMINI_API_KEY not set)"}
# {"time":"2026-08-05T02:28:55.613Z","level":"warn","msg":"revision_rewrite_failed","passName":"structure","message":"Gemini provider not available (GEMINI_API_KEY not set)"}
# {"time":"2026-08-05T02:28:55.614Z","level":"warn","msg":"revision_rewrite_failed","passName":"structure","message":"Gemini provider not available (GEMINI_API_KEY not set)"}
# {"time":"2026-08-05T02:28:55.615Z","level":"warn","msg":"revision_rewrite_failed","passName":"structure","message":"Gemini provider not available (GEMINI_API_KEY not set)"}
# {"time":"2026-08-05T02:28:55.616Z","level":"warn","msg":"revision_rewrite_failed","passName":"structure","message":"Gemini provider not available (GEMINI_API_KEY not set)"}
# {"time":"2026-08-05T02:28:55.619Z","level":"warn","msg":"revision_rewrite_failed","passName":"structure","message":"Gemini provider not available (GEMINI_API_KEY not set)"}
# {"time":"2026-08-05T02:28:55.620Z","level":"warn","msg":"revision_rewrite_failed","passName":"structure","message":"Gemini provider not available (GEMINI_API_KEY not set)"}
# {"time":"2026-08-05T02:28:55.622Z","level":"warn","msg":"revision_rewrite_failed","passName":"structure","message":"Gemini provider not available (GEMINI_API_KEY not set)"}
# {"time":"2026-08-05T02:28:55.628Z","level":"warn","msg":"revision_rewrite_failed","passName":"structure","message":"Gemini provider not available (GEMINI_API_KEY not set)"}
# {"time":"2026-08-05T02:28:55.630Z","level":"warn","msg":"revision_rewrite_failed","passName":"structure","message":"Gemini provider not available (GEMINI_API_KEY not set)"}
# {"time":"2026-08-05T02:28:55.631Z","level":"warn","msg":"revision_rewrite_failed","passName":"structure","message":"Gemini provider not available (GEMINI_API_KEY not set)"}
# {"time":"2026-08-05T02:28:55.633Z","level":"warn","msg":"revision_rewrite_failed","passName":"structure","message":"Gemini provider not available (GEMINI_API_KEY not set)"}
# {"time":"2026-08-05T02:28:55.634Z","level":"warn","msg":"revision_rewrite_failed","passName":"structure","message":"Gemini provider not available (GEMINI_API_KEY not set)"}
# {"time":"2026-08-05T02:28:55.635Z","level":"warn","msg":"revision_rewrite_failed","passName":"structure","message":"Gemini provider not available (GEMINI_API_KEY not set)"}
# {"time":"2026-08-05T02:28:55.636Z","level":"warn","msg":"revision_rewrite_failed","passName":"structure","message":"Gemini provider not available (GEMINI_API_KEY not set)"}
# {"time":"2026-08-05T02:28:55.637Z","level":"warn","msg":"revision_rewrite_failed","passName":"structure","message":"Gemini provider not available (GEMINI_API_KEY not set)"}
# {"time":"2026-08-05T02:28:55.639Z","level":"warn","msg":"revision_rewrite_failed","passName":"structure","message":"Gemini provider not available (GEMINI_API_KEY not set)"}
# {"time":"2026-08-05T02:28:55.640Z","level":"warn","msg":"revision_rewrite_failed","passName":"structure","message":"Gemini provider not available (GEMINI_API_KEY not set)"}
# {"time":"2026-08-05T02:28:55.649Z","level":"warn","msg":"revision_rewrite_failed","passName":"structure","message":"Gemini provider not available (GEMINI_API_KEY not set)"}
# {"time":"2026-08-05T02:28:55.650Z","level":"warn","msg":"revision_rewrite_failed","passName":"structure","message":"Gemini provider not available (GEMINI_API_KEY not set)"}
# {"time":"2026-08-05T02:28:55.651Z","level":"warn","msg":"revision_rewrite_failed","passName":"structure","message":"Gemini provider not available (GEMINI_API_KEY not set)"}
# {"time":"2026-08-05T02:28:55.652Z","level":"warn","msg":"revision_rewrite_failed","passName":"structure","message":"Gemini provider not available (GEMINI_API_KEY not set)"}
# {"time":"2026-08-05T02:28:55.653Z","level":"warn","msg":"revision_rewrite_failed","passName":"structure","message":"Gemini provider not available (GEMINI_API_KEY not set)"}
# {"time":"2026-08-05T02:28:55.655Z","level":"warn","msg":"revision_rewrite_failed","passName":"structure","message":"Gemini provider not available (GEMINI_API_KEY not set)"}
# {"time":"2026-08-05T02:28:55.656Z","level":"warn","msg":"revision_rewrite_failed","passName":"structure","message":"Gemini provider not available (GEMINI_API_KEY not set)"}
# {"time":"2026-08-05T02:28:55.657Z","level":"warn","msg":"revision_rewrite_failed","passName":"structure","message":"Gemini provider not available (GEMINI_API_KEY not set)"}
# {"time":"2026-08-05T02:28:55.658Z","level":"warn","msg":"revision_rewrite_failed","passName":"structure","message":"Gemini provider not available (GEMINI_API_KEY not set)"}
# {"time":"2026-08-05T02:28:55.659Z","level":"warn","msg":"revision_rewrite_failed","passName":"structure","message":"Gemini provider not available (GEMINI_API_KEY not set)"}
# {"time":"2026-08-05T02:28:55.661Z","level":"warn","msg":"revision_rewrite_failed","passName":"structure","message":"Gemini provider not available (GEMINI_API_KEY not set)"}
# {"time":"2026-08-05T02:28:55.662Z","level":"warn","msg":"revision_rewrite_failed","passName":"structure","message":"Gemini provider not available (GEMINI_API_KEY not set)"}
# {"time":"2026-08-05T02:28:55.663Z","level":"warn","msg":"revision_rewrite_failed","passName":"structure","message":"Gemini provider not available (GEMINI_API_KEY not set)"}
# {"time":"2026-08-05T02:28:55.664Z","level":"warn","msg":"revision_rewrite_failed","passName":"structure","message":"Gemini provider not available (GEMINI_API_KEY not set)"}
# {"time":"2026-08-05T02:28:55.665Z","level":"warn","msg":"revision_rewrite_failed","passName":"structure","message":"Gemini provider not available (GEMINI_API_KEY not set)"}
# {"time":"2026-08-05T02:28:55.666Z","level":"warn","msg":"revision_rewrite_failed","passName":"structure","message":"Gemini provider not available (GEMINI_API_KEY not set)"}
# {"time":"2026-08-05T02:28:55.668Z","level":"warn","msg":"revision_rewrite_failed","passName":"structure","message":"Gemini provider not available (GEMINI_API_KEY not set)"}
# {"time":"2026-08-05T02:28:55.670Z","level":"warn","msg":"revision_rewrite_failed","passName":"structure","message":"Gemini provider not available (GEMINI_API_KEY not set)"}
# {"time":"2026-08-05T02:28:55.671Z","level":"warn","msg":"revision_rewrite_failed","passName":"structure","message":"Gemini provider not available (GEMINI_API_KEY not set)"}
# {"time":"2026-08-05T02:28:55.673Z","level":"warn","msg":"revision_rewrite_failed","passName":"structure","message":"Gemini provider not available (GEMINI_API_KEY not set)"}
# {"time":"2026-08-05T02:28:55.674Z","level":"warn","msg":"revision_rewrite_failed","passName":"structure","message":"Gemini provider not available (GEMINI_API_KEY not set)"}
# {"time":"2026-08-05T02:28:55.675Z","level":"warn","msg":"revision_rewrite_failed","passName":"structure","message":"Gemini provider not available (GEMINI_API_KEY not set)"}
# {"time":"2026-08-05T02:28:55.676Z","level":"warn","msg":"revision_rewrite_failed","passName":"structure","message":"Gemini provider not available (GEMINI_API_KEY not set)"}
# {"time":"2026-08-05T02:28:55.677Z","level":"warn","msg":"revision_rewrite_failed","passName":"structure","message":"Gemini provider not available (GEMINI_API_KEY not set)"}
# {"time":"2026-08-05T02:28:55.679Z","level":"warn","msg":"revision_rewrite_failed","passName":"structure","message":"Gemini provider not available (GEMINI_API_KEY not set)"}
# {"time":"2026-08-05T02:28:55.680Z","level":"warn","msg":"revision_rewrite_failed","passName":"structure","message":"Gemini provider not available (GEMINI_API_KEY not set)"}
# {"time":"2026-08-05T02:28:55.681Z","level":"warn","msg":"revision_rewrite_failed","passName":"structure","message":"Gemini provider not available (GEMINI_API_KEY not set)"}
# {"time":"2026-08-05T02:28:55.682Z","level":"warn","msg":"revision_rewrite_failed","passName":"structure","message":"Gemini provider not available (GEMINI_API_KEY not set)"}
# {"time":"2026-08-05T02:28:55.683Z","level":"warn","msg":"revision_rewrite_failed","passName":"structure","message":"Gemini provider not available (GEMINI_API_KEY not set)"}
# {"time":"2026-08-05T02:28:55.685Z","level":"warn","msg":"revision_rewrite_failed","passName":"structure","message":"Gemini provider not available (GEMINI_API_KEY not set)"}
# {"time":"2026-08-05T02:28:55.686Z","level":"warn","msg":"revision_rewrite_failed","passName":"structure","message":"Gemini provider not available (GEMINI_API_KEY not set)"}
# {"time":"2026-08-05T02:28:55.688Z","level":"warn","msg":"revision_rewrite_failed","passName":"structure","message":"Gemini provider not available (GEMINI_API_KEY not set)"}
# {"time":"2026-08-05T02:28:55.689Z","level":"warn","msg":"revision_rewrite_failed","passName":"structure","message":"Gemini provider not available (GEMINI_API_KEY not set)"}
# {"time":"2026-08-05T02:28:55.690Z","level":"warn","msg":"revision_rewrite_failed","passName":"structure","message":"Gemini provider not available (GEMINI_API_KEY not set)"}
# {"time":"2026-08-05T02:28:55.691Z","level":"warn","msg":"revision_rewrite_failed","passName":"structure","message":"Gemini provider not available (GEMINI_API_KEY not set)"}
# {"time":"2026-08-05T02:28:55.692Z","level":"warn","msg":"revision_rewrite_failed","passName":"structure","message":"Gemini provider not available (GEMINI_API_KEY not set)"}
# {"time":"2026-08-05T02:28:55.693Z","level":"warn","msg":"revision_rewrite_failed","passName":"structure","message":"Gemini provider not available (GEMINI_API_KEY not set)"}
# {"time":"2026-08-05T02:28:55.695Z","level":"warn","msg":"revision_rewrite_failed","passName":"structure","message":"Gemini provider not available (GEMINI_API_KEY not set)"}
# {"time":"2026-08-05T02:28:55.696Z","level":"warn","msg":"revision_rewrite_failed","passName":"structure","message":"Gemini provider not available (GEMINI_API_KEY not set)"}
# {"time":"2026-08-05T02:28:55.697Z","level":"warn","msg":"revision_rewrite_failed","passName":"structure","message":"Gemini provider not available (GEMINI_API_KEY not set)"}
# {"time":"2026-08-05T02:28:55.698Z","level":"warn","msg":"revision_rewrite_failed","passName":"structure","message":"Gemini provider not available (GEMINI_API_KEY not set)"}
# {"time":"2026-08-05T02:28:55.700Z","level":"warn","msg":"revision_rewrite_failed","passName":"structure","message":"Gemini provider not available (GEMINI_API_KEY not set)"}
# {"time":"2026-08-05T02:28:55.701Z","level":"warn","msg":"revision_rewrite_failed","passName":"structure","message":"Gemini provider not available (GEMINI_API_KEY not set)"}
# {"time":"2026-08-05T02:28:55.702Z","level":"warn","msg":"revision_rewrite_failed","passName":"structure","message":"Gemini provider not available (GEMINI_API_KEY not set)"}
# {"time":"2026-08-05T02:28:55.703Z","level":"warn","msg":"revision_rewrite_failed","passName":"structure","message":"Gemini provider not available (GEMINI_API_KEY not set)"}
# {"time":"2026-08-05T02:28:55.705Z","level":"warn","msg":"revision_rewrite_failed","passName":"structure","message":"Gemini provider not available (GEMINI_API_KEY not set)"}
# {"time":"2026-08-05T02:28:55.706Z","level":"warn","msg":"revision_rewrite_failed","passName":"structure","message":"Gemini provider not available (GEMINI_API_KEY not set)"}
# {"time":"2026-08-05T02:28:55.707Z","level":"warn","msg":"revision_rewrite_failed","passName":"structure","message":"Gemini provider not available (GEMINI_API_KEY not set)"}
# {"time":"2026-08-05T02:28:55.708Z","level":"warn","msg":"revision_rewrite_failed","passName":"structure","message":"Gemini provider not available (GEMINI_API_KEY not set)"}
# {"time":"2026-08-05T02:28:55.709Z","level":"warn","msg":"revision_rewrite_failed","passName":"structure","message":"Gemini provider not available (GEMINI_API_KEY not set)"}
# {"time":"2026-08-05T02:28:55.710Z","level":"warn","msg":"revision_rewrite_failed","passName":"structure","message":"Gemini provider not available (GEMINI_API_KEY not set)"}
# {"time":"2026-08-05T02:28:55.711Z","level":"warn","msg":"revision_rewrite_failed","passName":"structure","message":"Gemini provider not available (GEMINI_API_KEY not set)"}
# {"time":"2026-08-05T02:28:55.713Z","level":"warn","msg":"revision_rewrite_failed","passName":"structure","message":"Gemini provider not available (GEMINI_API_KEY not set)"}
# {"time":"2026-08-05T02:28:55.714Z","level":"warn","msg":"revision_rewrite_failed","passName":"structure","message":"Gemini provider not available (GEMINI_API_KEY not set)"}
# {"time":"2026-08-05T02:28:55.715Z","level":"warn","msg":"revision_rewrite_failed","passName":"structure","message":"Gemini provider not available (GEMINI_API_KEY not set)"}
# {"time":"2026-08-05T02:28:55.716Z","level":"warn","msg":"revision_rewrite_failed","passName":"structure","message":"Gemini provider not available (GEMINI_API_KEY not set)"}
# {"time":"2026-08-05T02:28:55.717Z","level":"warn","msg":"revision_rewrite_failed","passName":"structure","message":"Gemini provider not available (GEMINI_API_KEY not set)"}
# {"time":"2026-08-05T02:28:55.722Z","level":"warn","msg":"revision_rewrite_failed","passName":"structure","message":"Gemini provider not available (GEMINI_API_KEY not set)"}
# {"time":"2026-08-05T02:28:55.723Z","level":"warn","msg":"revision_rewrite_failed","passName":"structure","message":"Gemini provider not available (GEMINI_API_KEY not set)"}
# {"time":"2026-08-05T02:28:55.725Z","level":"warn","msg":"revision_rewrite_failed","passName":"structure","message":"Gemini provider not available (GEMINI_API_KEY not set)"}
# {"time":"2026-08-05T02:28:55.726Z","level":"warn","msg":"revision_rewrite_failed","passName":"structure","message":"Gemini provider not available (GEMINI_API_KEY not set)"}
# {"time":"2026-08-05T02:28:55.727Z","level":"warn","msg":"revision_rewrite_failed","passName":"structure","message":"Gemini provider not available (GEMINI_API_KEY not set)"}
# {"time":"2026-08-05T02:28:55.728Z","level":"warn","msg":"revision_rewrite_failed","passName":"structure","message":"Gemini provider not available (GEMINI_API_KEY not set)"}
# {"time":"2026-08-05T02:28:55.729Z","level":"warn","msg":"revision_rewrite_failed","passName":"structure","message":"Gemini provider not available (GEMINI_API_KEY not set)"}
# {"time":"2026-08-05T02:28:55.731Z","level":"warn","msg":"revision_rewrite_failed","passName":"structure","message":"Gemini provider not available (GEMINI_API_KEY not set)"}
# {"time":"2026-08-05T02:28:55.732Z","level":"warn","msg":"revision_rewrite_failed","passName":"structure","message":"Gemini provider not available (GEMINI_API_KEY not set)"}
# {"time":"2026-08-05T02:28:55.733Z","level":"warn","msg":"revision_rewrite_failed","passName":"structure","message":"Gemini provider not available (GEMINI_API_KEY not set)"}
# {"time":"2026-08-05T02:28:55.735Z","level":"warn","msg":"revision_rewrite_failed","passName":"structure","message":"Gemini provider not available (GEMINI_API_KEY not set)"}
# {"time":"2026-08-05T02:28:55.736Z","level":"warn","msg":"revision_rewrite_failed","passName":"structure","message":"Gemini provider not available (GEMINI_API_KEY not set)"}
# {"time":"2026-08-05T02:28:55.737Z","level":"warn","msg":"revision_rewrite_failed","passName":"structure","message":"Gemini provider not available (GEMINI_API_KEY not set)"}
# {"time":"2026-08-05T02:28:55.738Z","level":"warn","msg":"revision_rewrite_failed","passName":"structure","message":"Gemini provider not available (GEMINI_API_KEY not set)"}
# {"time":"2026-08-05T02:28:55.740Z","level":"warn","msg":"revision_rewrite_failed","passName":"structure","message":"Gemini provider not available (GEMINI_API_KEY not set)"}
# {"time":"2026-08-05T02:28:55.741Z","level":"warn","msg":"revision_rewrite_failed","passName":"structure","message":"Gemini provider not available (GEMINI_API_KEY not set)"}
# {"time":"2026-08-05T02:28:55.742Z","level":"warn","msg":"revision_rewrite_failed","passName":"structure","message":"Gemini provider not available (GEMINI_API_KEY not set)"}
# {"time":"2026-08-05T02:28:55.743Z","level":"warn","msg":"revision_rewrite_failed","passName":"structure","message":"Gemini provider not available (GEMINI_API_KEY not set)"}
# {"time":"2026-08-05T02:28:55.744Z","level":"warn","msg":"revision_rewrite_failed","passName":"structure","message":"Gemini provider not available (GEMINI_API_KEY not set)"}
# {"time":"2026-08-05T02:28:55.745Z","level":"warn","msg":"revision_rewrite_failed","passName":"structure","message":"Gemini provider not available (GEMINI_API_KEY not set)"}
# {"time":"2026-08-05T02:28:55.747Z","level":"warn","msg":"revision_rewrite_failed","passName":"structure","message":"Gemini provider not available (GEMINI_API_KEY not set)"}
# {"time":"2026-08-05T02:28:55.748Z","level":"warn","msg":"revision_rewrite_failed","passName":"structure","message":"Gemini provider not available (GEMINI_API_KEY not set)"}
# {"time":"2026-08-05T02:28:55.749Z","level":"warn","msg":"revision_rewrite_failed","passName":"structure","message":"Gemini provider not available (GEMINI_API_KEY not set)"}
# {"time":"2026-08-05T02:28:55.750Z","level":"warn","msg":"revision_rewrite_failed","passName":"structure","message":"Gemini provider not available (GEMINI_API_KEY not set)"}
# {"time":"2026-08-05T02:28:55.751Z","level":"warn","msg":"revision_rewrite_failed","passName":"structure","message":"Gemini provider not available (GEMINI_API_KEY not set)"}
# {"time":"2026-08-05T02:28:55.752Z","level":"warn","msg":"revision_rewrite_failed","passName":"structure","message":"Gemini provider not available (GEMINI_API_KEY not set)"}
# {"time":"2026-08-05T02:28:55.754Z","level":"warn","msg":"revision_rewrite_failed","passName":"structure","message":"Gemini provider not available (GEMINI_API_KEY not set)"}
# {"time":"2026-08-05T02:28:55.755Z","level":"warn","msg":"revision_rewrite_failed","passName":"structure","message":"Gemini provider not available (GEMINI_API_KEY not set)"}
# {"time":"2026-08-05T02:28:55.756Z","level":"warn","msg":"revision_rewrite_failed","passName":"structure","message":"Gemini provider not available (GEMINI_API_KEY not set)"}
# {"time":"2026-08-05T02:28:55.757Z","level":"warn","msg":"revision_rewrite_failed","passName":"structure","message":"Gemini provider not available (GEMINI_API_KEY not set)"}
# {"time":"2026-08-05T02:28:55.758Z","level":"warn","msg":"revision_rewrite_failed","passName":"structure","message":"Gemini provider not available (GEMINI_API_KEY not set)"}
# {"time":"2026-08-05T02:28:55.759Z","level":"warn","msg":"revision_rewrite_failed","passName":"structure","message":"Gemini provider not available (GEMINI_API_KEY not set)"}
# {"time":"2026-08-05T02:28:55.761Z","level":"warn","msg":"revision_rewrite_failed","passName":"structure","message":"Gemini provider not available (GEMINI_API_KEY not set)"}
# {"time":"2026-08-05T02:28:55.762Z","level":"warn","msg":"revision_rewrite_failed","passName":"structure","message":"Gemini provider not available (GEMINI_API_KEY not set)"}
# {"time":"2026-08-05T02:28:55.763Z","level":"warn","msg":"revision_rewrite_failed","passName":"structure","message":"Gemini provider not available (GEMINI_API_KEY not set)"}
# {"time":"2026-08-05T02:28:55.764Z","level":"warn","msg":"revision_rewrite_failed","passName":"structure","message":"Gemini provider not available (GEMINI_API_KEY not set)"}
# {"time":"2026-08-05T02:28:55.765Z","level":"warn","msg":"revision_rewrite_failed","passName":"structure","message":"Gemini provider not available (GEMINI_API_KEY not set)"}
# {"time":"2026-08-05T02:28:55.766Z","level":"warn","msg":"revision_rewrite_failed","passName":"structure","message":"Gemini provider not available (GEMINI_API_KEY not set)"}
# {"time":"2026-08-05T02:28:55.768Z","level":"warn","msg":"revision_rewrite_failed","passName":"structure","message":"Gemini provider not available (GEMINI_API_KEY not set)"}
# {"time":"2026-08-05T02:28:55.769Z","level":"warn","msg":"revision_rewrite_failed","passName":"structure","message":"Gemini provider not available (GEMINI_API_KEY not set)"}
# {"time":"2026-08-05T02:28:55.770Z","level":"warn","msg":"revision_rewrite_failed","passName":"structure","message":"Gemini provider not available (GEMINI_API_KEY not set)"}
# {"time":"2026-08-05T02:28:55.771Z","level":"warn","msg":"revision_rewrite_failed","passName":"structure","message":"Gemini provider not available (GEMINI_API_KEY not set)"}
# {"time":"2026-08-05T02:28:55.772Z","level":"warn","msg":"revision_rewrite_failed","passName":"structure","message":"Gemini provider not available (GEMINI_API_KEY not set)"}
# {"time":"2026-08-05T02:28:55.773Z","level":"warn","msg":"revision_rewrite_failed","passName":"structure","message":"Gemini provider not available (GEMINI_API_KEY not set)"}
# {"time":"2026-08-05T02:28:55.774Z","level":"warn","msg":"revision_rewrite_failed","passName":"structure","message":"Gemini provider not available (GEMINI_API_KEY not set)"}
# {"time":"2026-08-05T02:28:55.775Z","level":"warn","msg":"revision_rewrite_failed","passName":"structure","message":"Gemini provider not available (GEMINI_API_KEY not set)"}
# {"time":"2026-08-05T02:28:55.777Z","level":"warn","msg":"revision_rewrite_failed","passName":"structure","message":"Gemini provider not available (GEMINI_API_KEY not set)"}
# {"time":"2026-08-05T02:28:55.778Z","level":"warn","msg":"revision_rewrite_failed","passName":"structure","message":"Gemini provider not available (GEMINI_API_KEY not set)"}
# {"time":"2026-08-05T02:28:55.779Z","level":"warn","msg":"revision_rewrite_failed","passName":"structure","message":"Gemini provider not available (GEMINI_API_KEY not set)"}
# {"time":"2026-08-05T02:28:55.780Z","level":"warn","msg":"revision_rewrite_failed","passName":"structure","message":"Gemini provider not available (GEMINI_API_KEY not set)"}
# {"time":"2026-08-05T02:28:55.781Z","level":"warn","msg":"revision_rewrite_failed","passName":"structure","message":"Gemini provider not available (GEMINI_API_KEY not set)"}
# {"time":"2026-08-05T02:28:55.783Z","level":"warn","msg":"revision_rewrite_failed","passName":"structure","message":"Gemini provider not available (GEMINI_API_KEY not set)"}
# {"time":"2026-08-05T02:28:55.783Z","level":"warn","msg":"revision_rewrite_failed","passName":"structure","message":"Gemini provider not available (GEMINI_API_KEY not set)"}
# {"time":"2026-08-05T02:28:55.785Z","level":"warn","msg":"revision_rewrite_failed","passName":"structure","message":"Gemini provider not available (GEMINI_API_KEY not set)"}
# {"time":"2026-08-05T02:28:55.786Z","level":"warn","msg":"revision_rewrite_failed","passName":"structure","message":"Gemini provider not available (GEMINI_API_KEY not set)"}
# {"time":"2026-08-05T02:28:55.787Z","level":"warn","msg":"revision_rewrite_failed","passName":"structure","message":"Gemini provider not available (GEMINI_API_KEY not set)"}
# {"time":"2026-08-05T02:28:55.790Z","level":"warn","msg":"revision_rewrite_failed","passName":"structure","message":"Gemini provider not available (GEMINI_API_KEY not set)"}
# {"time":"2026-08-05T02:28:55.791Z","level":"warn","msg":"revision_rewrite_failed","passName":"structure","message":"Gemini provider not available (GEMINI_API_KEY not set)"}
# {"time":"2026-08-05T02:28:55.792Z","level":"warn","msg":"revision_rewrite_failed","passName":"structure","message":"Gemini provider not available (GEMINI_API_KEY not set)"}
# {"time":"2026-08-05T02:28:55.794Z","level":"warn","msg":"revision_rewrite_failed","passName":"structure","message":"Gemini provider not available (GEMINI_API_KEY not set)"}
# {"time":"2026-08-05T02:28:55.795Z","level":"warn","msg":"revision_rewrite_failed","passName":"structure","message":"Gemini provider not available (GEMINI_API_KEY not set)"}
# {"time":"2026-08-05T02:28:55.810Z","level":"warn","msg":"revision_rewrite_failed","passName":"structure","message":"Gemini provider not available (GEMINI_API_KEY not set)"}
# {"time":"2026-08-05T02:28:55.812Z","level":"warn","msg":"revision_rewrite_failed","passName":"structure","message":"Gemini provider not available (GEMINI_API_KEY not set)"}
# {"time":"2026-08-05T02:28:55.813Z","level":"warn","msg":"revision_rewrite_failed","passName":"structure","message":"Gemini provider not available (GEMINI_API_KEY not set)"}
# {"time":"2026-08-05T02:28:55.814Z","level":"warn","msg":"revision_rewrite_failed","passName":"structure","message":"Gemini provider not available (GEMINI_API_KEY not set)"}
# {"time":"2026-08-05T02:28:55.815Z","level":"warn","msg":"revision_rewrite_failed","passName":"structure","message":"Gemini provider not available (GEMINI_API_KEY not set)"}
# {"time":"2026-08-05T02:28:55.816Z","level":"warn","msg":"revision_rewrite_failed","passName":"structure","message":"Gemini provider not available (GEMINI_API_KEY not set)"}
# {"time":"2026-08-05T02:28:55.817Z","level":"warn","msg":"revision_rewrite_failed","passName":"structure","message":"Gemini provider not available (GEMINI_API_KEY not set)"}
# {"time":"2026-08-05T02:28:55.818Z","level":"warn","msg":"revision_rewrite_failed","passName":"structure","message":"Gemini provider not available (GEMINI_API_KEY not set)"}
# {"time":"2026-08-05T02:28:55.819Z","level":"warn","msg":"revision_rewrite_failed","passName":"structure","message":"Gemini provider not available (GEMINI_API_KEY not set)"}
# {"time":"2026-08-05T02:28:55.820Z","level":"warn","msg":"revision_rewrite_failed","passName":"structure","message":"Gemini provider not available (GEMINI_API_KEY not set)"}
# {"time":"2026-08-05T02:28:55.822Z","level":"warn","msg":"revision_rewrite_failed","passName":"structure","message":"Gemini provider not available (GEMINI_API_KEY not set)"}
# {"time":"2026-08-05T02:28:55.822Z","level":"warn","msg":"revision_rewrite_failed","passName":"structure","message":"Gemini provider not available (GEMINI_API_KEY not set)"}
# {"time":"2026-08-05T02:28:55.823Z","level":"warn","msg":"revision_rewrite_failed","passName":"structure","message":"Gemini provider not available (GEMINI_API_KEY not set)"}
# {"time":"2026-08-05T02:28:55.825Z","level":"warn","msg":"revision_rewrite_failed","passName":"structure","message":"Gemini provider not available (GEMINI_API_KEY not set)"}
# {"time":"2026-08-05T02:28:55.826Z","level":"warn","msg":"revision_rewrite_failed","passName":"structure","message":"Gemini provider not available (GEMINI_API_KEY not set)"}
# {"time":"2026-08-05T02:28:55.827Z","level":"warn","msg":"revision_rewrite_failed","passName":"structure","message":"Gemini provider not available (GEMINI_API_KEY not set)"}
# {"time":"2026-08-05T02:28:55.828Z","level":"warn","msg":"revision_rewrite_failed","passName":"structure","message":"Gemini provider not available (GEMINI_API_KEY not set)"}
# {"time":"2026-08-05T02:28:55.829Z","level":"warn","msg":"revision_rewrite_failed","passName":"structure","message":"Gemini provider not available (GEMINI_API_KEY not set)"}
# {"time":"2026-08-05T02:28:55.830Z","level":"warn","msg":"revision_rewrite_failed","passName":"structure","message":"Gemini provider not available (GEMINI_API_KEY not set)"}
# {"time":"2026-08-05T02:28:55.832Z","level":"warn","msg":"revision_rewrite_failed","passName":"structure","message":"Gemini provider not available (GEMINI_API_KEY not set)"}
# {"time":"2026-08-05T02:28:55.833Z","level":"warn","msg":"revision_rewrite_failed","passName":"structure","message":"Gemini provider not available (GEMINI_API_KEY not set)"}
# {"time":"2026-08-05T02:28:55.834Z","level":"warn","msg":"revision_rewrite_failed","passName":"structure","message":"Gemini provider not available (GEMINI_API_KEY not set)"}
# {"time":"2026-08-05T02:28:55.835Z","level":"warn","msg":"revision_rewrite_failed","passName":"structure","message":"Gemini provider not available (GEMINI_API_KEY not set)"}
# {"time":"2026-08-05T02:28:55.836Z","level":"warn","msg":"revision_rewrite_failed","passName":"structure","message":"Gemini provider not available (GEMINI_API_KEY not set)"}
# {"time":"2026-08-05T02:28:55.837Z","level":"warn","msg":"revision_rewrite_failed","passName":"structure","message":"Gemini provider not available (GEMINI_API_KEY not set)"}
# {"time":"2026-08-05T02:28:55.838Z","level":"warn","msg":"revision_rewrite_failed","passName":"structure","message":"Gemini provider not available (GEMINI_API_KEY not set)"}
# {"time":"2026-08-05T02:28:55.839Z","level":"warn","msg":"revision_rewrite_failed","passName":"structure","message":"Gemini provider not available (GEMINI_API_KEY not set)"}
# {"time":"2026-08-05T02:28:55.840Z","level":"warn","msg":"revision_rewrite_failed","passName":"structure","message":"Gemini provider not available (GEMINI_API_KEY not set)"}
# {"time":"2026-08-05T02:28:55.841Z","level":"warn","msg":"revision_rewrite_failed","passName":"structure","message":"Gemini provider not available (GEMINI_API_KEY not set)"}
# {"time":"2026-08-05T02:28:55.842Z","level":"warn","msg":"revision_rewrite_failed","passName":"structure","message":"Gemini provider not available (GEMINI_API_KEY not set)"}
# {"time":"2026-08-05T02:28:55.843Z","level":"warn","msg":"revision_rewrite_failed","passName":"structure","message":"Gemini provider not available (GEMINI_API_KEY not set)"}
# {"time":"2026-08-05T02:28:55.845Z","level":"warn","msg":"revision_rewrite_failed","passName":"structure","message":"Gemini provider not available (GEMINI_API_KEY not set)"}
# {"time":"2026-08-05T02:28:55.846Z","level":"warn","msg":"revision_rewrite_failed","passName":"structure","message":"Gemini provider not available (GEMINI_API_KEY not set)"}
# {"time":"2026-08-05T02:28:55.847Z","level":"warn","msg":"revision_rewrite_failed","passName":"structure","message":"Gemini provider not available (GEMINI_API_KEY not set)"}
# {"time":"2026-08-05T02:28:55.848Z","level":"warn","msg":"revision_rewrite_failed","passName":"structure","message":"Gemini provider not available (GEMINI_API_KEY not set)"}
# {"time":"2026-08-05T02:28:55.849Z","level":"warn","msg":"revision_rewrite_failed","passName":"structure","message":"Gemini provider not available (GEMINI_API_KEY not set)"}
# {"time":"2026-08-05T02:28:55.850Z","level":"warn","msg":"revision_rewrite_failed","passName":"structure","message":"Gemini provider not available (GEMINI_API_KEY not set)"}
# {"time":"2026-08-05T02:28:55.851Z","level":"warn","msg":"revision_rewrite_failed","passName":"structure","message":"Gemini provider not available (GEMINI_API_KEY not set)"}
# {"time":"2026-08-05T02:28:55.853Z","level":"warn","msg":"revision_rewrite_failed","passName":"structure","message":"Gemini provider not available (GEMINI_API_KEY not set)"}
# {"time":"2026-08-05T02:28:55.853Z","level":"warn","msg":"revision_rewrite_failed","passName":"structure","message":"Gemini provider not available (GEMINI_API_KEY not set)"}
# {"time":"2026-08-05T02:28:55.854Z","level":"warn","msg":"revision_rewrite_failed","passName":"structure","message":"Gemini provider not available (GEMINI_API_KEY not set)"}
# {"time":"2026-08-05T02:28:55.855Z","level":"warn","msg":"revision_rewrite_failed","passName":"structure","message":"Gemini provider not available (GEMINI_API_KEY not set)"}
# {"time":"2026-08-05T02:28:55.856Z","level":"warn","msg":"revision_rewrite_failed","passName":"structure","message":"Gemini provider not available (GEMINI_API_KEY not set)"}
# {"time":"2026-08-05T02:28:55.858Z","level":"warn","msg":"revision_rewrite_failed","passName":"structure","message":"Gemini provider not available (GEMINI_API_KEY not set)"}
# {"time":"2026-08-05T02:28:55.858Z","level":"warn","msg":"revision_rewrite_failed","passName":"structure","message":"Gemini provider not available (GEMINI_API_KEY not set)"}
# {"time":"2026-08-05T02:28:55.860Z","level":"warn","msg":"revision_rewrite_failed","passName":"structure","message":"Gemini provider not available (GEMINI_API_KEY not set)"}
# {"time":"2026-08-05T02:28:55.861Z","level":"warn","msg":"revision_rewrite_failed","passName":"structure","message":"Gemini provider not available (GEMINI_API_KEY not set)"}
# {"time":"2026-08-05T02:28:55.862Z","level":"warn","msg":"revision_rewrite_failed","passName":"structure","message":"Gemini provider not available (GEMINI_API_KEY not set)"}
# {"time":"2026-08-05T02:28:55.864Z","level":"warn","msg":"revision_rewrite_failed","passName":"structure","message":"Gemini provider not available (GEMINI_API_KEY not set)"}
# {"time":"2026-08-05T02:28:55.865Z","level":"warn","msg":"revision_rewrite_failed","passName":"structure","message":"Gemini provider not available (GEMINI_API_KEY not set)"}
# {"time":"2026-08-05T02:28:55.866Z","level":"warn","msg":"revision_rewrite_failed","passName":"structure","message":"Gemini provider not available (GEMINI_API_KEY not set)"}
# {"time":"2026-08-05T02:28:55.867Z","level":"warn","msg":"revision_rewrite_failed","passName":"structure","message":"Gemini provider not available (GEMINI_API_KEY not set)"}
# {"time":"2026-08-05T02:28:55.868Z","level":"warn","msg":"revision_rewrite_failed","passName":"structure","message":"Gemini provider not available (GEMINI_API_KEY not set)"}
# {"time":"2026-08-05T02:28:55.869Z","level":"warn","msg":"revision_rewrite_failed","passName":"structure","message":"Gemini provider not available (GEMINI_API_KEY not set)"}
# {"time":"2026-08-05T02:28:55.870Z","level":"warn","msg":"revision_rewrite_failed","passName":"structure","message":"Gemini provider not available (GEMINI_API_KEY not set)"}
# {"time":"2026-08-05T02:28:55.871Z","level":"warn","msg":"revision_rewrite_failed","passName":"structure","message":"Gemini provider not available (GEMINI_API_KEY not set)"}
# {"time":"2026-08-05T02:28:55.872Z","level":"warn","msg":"revision_rewrite_failed","passName":"structure","message":"Gemini provider not available (GEMINI_API_KEY not set)"}
# {"time":"2026-08-05T02:28:55.873Z","level":"warn","msg":"revision_rewrite_failed","passName":"structure","message":"Gemini provider not available (GEMINI_API_KEY not set)"}
# {"time":"2026-08-05T02:28:55.874Z","level":"warn","msg":"revision_rewrite_failed","passName":"structure","message":"Gemini provider not available (GEMINI_API_KEY not set)"}
# {"time":"2026-08-05T02:28:55.875Z","level":"warn","msg":"revision_rewrite_failed","passName":"structure","message":"Gemini provider not available (GEMINI_API_KEY not set)"}
# {"time":"2026-08-05T02:28:55.876Z","level":"warn","msg":"revision_rewrite_failed","passName":"structure","message":"Gemini provider not available (GEMINI_API_KEY not set)"}
# {"time":"2026-08-05T02:28:55.878Z","level":"warn","msg":"revision_rewrite_failed","passName":"structure","message":"Gemini provider not available (GEMINI_API_KEY not set)"}
# {"time":"2026-08-05T02:28:55.879Z","level":"warn","msg":"revision_rewrite_failed","passName":"structure","message":"Gemini provider not available (GEMINI_API_KEY not set)"}
# {"time":"2026-08-05T02:28:55.880Z","level":"warn","msg":"revision_rewrite_failed","passName":"structure","message":"Gemini provider not available (GEMINI_API_KEY not set)"}
# {"time":"2026-08-05T02:28:55.881Z","level":"warn","msg":"revision_rewrite_failed","passName":"structure","message":"Gemini provider not available (GEMINI_API_KEY not set)"}
# {"time":"2026-08-05T02:28:55.882Z","level":"warn","msg":"revision_rewrite_failed","passName":"structure","message":"Gemini provider not available (GEMINI_API_KEY not set)"}
# {"time":"2026-08-05T02:28:55.883Z","level":"warn","msg":"revision_rewrite_failed","passName":"structure","message":"Gemini provider not available (GEMINI_API_KEY not set)"}
# {"time":"2026-08-05T02:28:55.884Z","level":"warn","msg":"revision_rewrite_failed","passName":"structure","message":"Gemini provider not available (GEMINI_API_KEY not set)"}
# {"time":"2026-08-05T02:28:55.890Z","level":"warn","msg":"revision_rewrite_failed","passName":"structure","message":"Gemini provider not available (GEMINI_API_KEY not set)"}
# {"time":"2026-08-05T02:28:55.891Z","level":"warn","msg":"revision_rewrite_failed","passName":"structure","message":"Gemini provider not available (GEMINI_API_KEY not set)"}
# {"time":"2026-08-05T02:28:55.892Z","level":"warn","msg":"revision_rewrite_failed","passName":"structure","message":"Gemini provider not available (GEMINI_API_KEY not set)"}
# {"time":"2026-08-05T02:28:55.893Z","level":"warn","msg":"revision_rewrite_failed","passName":"structure","message":"Gemini provider not available (GEMINI_API_KEY not set)"}
# {"time":"2026-08-05T02:28:55.894Z","level":"warn","msg":"revision_rewrite_failed","passName":"structure","message":"Gemini provider not available (GEMINI_API_KEY not set)"}
# {"time":"2026-08-05T02:28:55.895Z","level":"warn","msg":"revision_rewrite_failed","passName":"structure","message":"Gemini provider not available (GEMINI_API_KEY not set)"}
# {"time":"2026-08-05T02:28:55.896Z","level":"warn","msg":"revision_rewrite_failed","passName":"structure","message":"Gemini provider not available (GEMINI_API_KEY not set)"}
# {"time":"2026-08-05T02:28:55.897Z","level":"warn","msg":"revision_rewrite_failed","passName":"structure","message":"Gemini provider not available (GEMINI_API_KEY not set)"}
# {"time":"2026-08-05T02:28:55.899Z","level":"warn","msg":"revision_rewrite_failed","passName":"structure","message":"Gemini provider not available (GEMINI_API_KEY not set)"}
# {"time":"2026-08-05T02:28:55.900Z","level":"warn","msg":"revision_rewrite_failed","passName":"structure","message":"Gemini provider not available (GEMINI_API_KEY not set)"}
# {"time":"2026-08-05T02:28:55.901Z","level":"warn","msg":"revision_rewrite_failed","passName":"structure","message":"Gemini provider not available (GEMINI_API_KEY not set)"}
# {"time":"2026-08-05T02:28:55.902Z","level":"warn","msg":"revision_rewrite_failed","passName":"structure","message":"Gemini provider not available (GEMINI_API_KEY not set)"}
# {"time":"2026-08-05T02:28:55.903Z","level":"warn","msg":"revision_rewrite_failed","passName":"structure","message":"Gemini provider not available (GEMINI_API_KEY not set)"}
# {"time":"2026-08-05T02:28:55.904Z","level":"warn","msg":"revision_rewrite_failed","passName":"structure","message":"Gemini provider not available (GEMINI_API_KEY not set)"}
# {"time":"2026-08-05T02:28:55.905Z","level":"warn","msg":"revision_rewrite_failed","passName":"structure","message":"Gemini provider not available (GEMINI_API_KEY not set)"}
# {"time":"2026-08-05T02:28:55.906Z","level":"warn","msg":"revision_rewrite_failed","passName":"structure","message":"Gemini provider not available (GEMINI_API_KEY not set)"}
# {"time":"2026-08-05T02:28:55.907Z","level":"warn","msg":"revision_rewrite_failed","passName":"structure","message":"Gemini provider not available (GEMINI_API_KEY not set)"}
# {"time":"2026-08-05T02:28:55.908Z","level":"warn","msg":"revision_rewrite_failed","passName":"structure","message":"Gemini provider not available (GEMINI_API_KEY not set)"}
# {"time":"2026-08-05T02:28:55.909Z","level":"warn","msg":"revision_rewrite_failed","passName":"structure","message":"Gemini provider not available (GEMINI_API_KEY not set)"}
# {"time":"2026-08-05T02:28:55.910Z","level":"warn","msg":"revision_rewrite_failed","passName":"structure","message":"Gemini provider not available (GEMINI_API_KEY not set)"}
# {"time":"2026-08-05T02:28:55.911Z","level":"warn","msg":"revision_rewrite_failed","passName":"structure","message":"Gemini provider not available (GEMINI_API_KEY not set)"}
# {"time":"2026-08-05T02:28:55.912Z","level":"warn","msg":"revision_rewrite_failed","passName":"structure","message":"Gemini provider not available (GEMINI_API_KEY not set)"}
# {"time":"2026-08-05T02:28:55.913Z","level":"warn","msg":"revision_rewrite_failed","passName":"structure","message":"Gemini provider not available (GEMINI_API_KEY not set)"}
# {"time":"2026-08-05T02:28:55.914Z","level":"warn","msg":"revision_rewrite_failed","passName":"structure","message":"Gemini provider not available (GEMINI_API_KEY not set)"}
# {"time":"2026-08-05T02:28:55.915Z","level":"warn","msg":"revision_rewrite_failed","passName":"structure","message":"Gemini provider not available (GEMINI_API_KEY not set)"}
# {"time":"2026-08-05T02:28:55.916Z","level":"warn","msg":"revision_rewrite_failed","passName":"structure","message":"Gemini provider not available (GEMINI_API_KEY not set)"}
# {"time":"2026-08-05T02:28:55.917Z","level":"warn","msg":"revision_rewrite_failed","passName":"structure","message":"Gemini provider not available (GEMINI_API_KEY not set)"}
# {"time":"2026-08-05T02:28:55.918Z","level":"warn","msg":"revision_rewrite_failed","passName":"structure","message":"Gemini provider not available (GEMINI_API_KEY not set)"}
# {"time":"2026-08-05T02:28:55.919Z","level":"warn","msg":"revision_rewrite_failed","passName":"structure","message":"Gemini provider not available (GEMINI_API_KEY not set)"}
# {"time":"2026-08-05T02:28:55.921Z","level":"warn","msg":"revision_rewrite_failed","passName":"structure","message":"Gemini provider not available (GEMINI_API_KEY not set)"}
# {"time":"2026-08-05T02:28:55.921Z","level":"warn","msg":"revision_rewrite_failed","passName":"structure","message":"Gemini provider not available (GEMINI_API_KEY not set)"}
# {"time":"2026-08-05T02:28:55.922Z","level":"warn","msg":"revision_rewrite_failed","passName":"structure","message":"Gemini provider not available (GEMINI_API_KEY not set)"}
# {"time":"2026-08-05T02:28:55.923Z","level":"warn","msg":"revision_rewrite_failed","passName":"structure","message":"Gemini provider not available (GEMINI_API_KEY not set)"}
# {"time":"2026-08-05T02:28:55.924Z","level":"warn","msg":"revision_rewrite_failed","passName":"structure","message":"Gemini provider not available (GEMINI_API_KEY not set)"}
# {"time":"2026-08-05T02:28:55.925Z","level":"warn","msg":"revision_rewrite_failed","passName":"structure","message":"Gemini provider not available (GEMINI_API_KEY not set)"}
# {"time":"2026-08-05T02:28:55.927Z","level":"warn","msg":"revision_rewrite_failed","passName":"structure","message":"Gemini provider not available (GEMINI_API_KEY not set)"}
# {"time":"2026-08-05T02:28:55.928Z","level":"warn","msg":"revision_rewrite_failed","passName":"structure","message":"Gemini provider not available (GEMINI_API_KEY not set)"}
# {"time":"2026-08-05T02:28:55.929Z","level":"warn","msg":"revision_rewrite_failed","passName":"structure","message":"Gemini provider not available (GEMINI_API_KEY not set)"}
# {"time":"2026-08-05T02:28:55.930Z","level":"warn","msg":"revision_rewrite_failed","passName":"structure","message":"Gemini provider not available (GEMINI_API_KEY not set)"}
# {"time":"2026-08-05T02:28:55.931Z","level":"warn","msg":"revision_rewrite_failed","passName":"structure","message":"Gemini provider not available (GEMINI_API_KEY not set)"}
# {"time":"2026-08-05T02:28:55.932Z","level":"warn","msg":"revision_rewrite_failed","passName":"structure","message":"Gemini provider not available (GEMINI_API_KEY not set)"}
# {"time":"2026-08-05T02:28:55.933Z","level":"warn","msg":"revision_rewrite_failed","passName":"structure","message":"Gemini provider not available (GEMINI_API_KEY not set)"}
# {"time":"2026-08-05T02:28:55.934Z","level":"warn","msg":"revision_rewrite_failed","passName":"structure","message":"Gemini provider not available (GEMINI_API_KEY not set)"}
# {"time":"2026-08-05T02:28:55.935Z","level":"warn","msg":"revision_rewrite_failed","passName":"structure","message":"Gemini provider not available (GEMINI_API_KEY not set)"}
# {"time":"2026-08-05T02:28:55.937Z","level":"warn","msg":"revision_rewrite_failed","passName":"structure","message":"Gemini provider not available (GEMINI_API_KEY not set)"}
# {"time":"2026-08-05T02:28:55.938Z","level":"warn","msg":"revision_rewrite_failed","passName":"structure","message":"Gemini provider not available (GEMINI_API_KEY not set)"}
# {"time":"2026-08-05T02:28:55.939Z","level":"warn","msg":"revision_rewrite_failed","passName":"structure","message":"Gemini provider not available (GEMINI_API_KEY not set)"}
# {"time":"2026-08-05T02:28:55.940Z","level":"warn","msg":"revision_rewrite_failed","passName":"structure","message":"Gemini provider not available (GEMINI_API_KEY not set)"}
# {"time":"2026-08-05T02:28:55.941Z","level":"warn","msg":"revision_rewrite_failed","passName":"structure","message":"Gemini provider not available (GEMINI_API_KEY not set)"}
# {"time":"2026-08-05T02:28:55.942Z","level":"warn","msg":"revision_rewrite_failed","passName":"structure","message":"Gemini provider not available (GEMINI_API_KEY not set)"}
# {"time":"2026-08-05T02:28:55.943Z","level":"warn","msg":"revision_rewrite_failed","passName":"structure","message":"Gemini provider not available (GEMINI_API_KEY not set)"}
# {"time":"2026-08-05T02:28:55.944Z","level":"warn","msg":"revision_rewrite_failed","passName":"structure","message":"Gemini provider not available (GEMINI_API_KEY not set)"}
# {"time":"2026-08-05T02:28:55.945Z","level":"warn","msg":"revision_rewrite_failed","passName":"structure","message":"Gemini provider not available (GEMINI_API_KEY not set)"}
# {"time":"2026-08-05T02:28:55.947Z","level":"warn","msg":"revision_rewrite_failed","passName":"structure","message":"Gemini provider not available (GEMINI_API_KEY not set)"}
# {"time":"2026-08-05T02:28:55.948Z","level":"warn","msg":"revision_rewrite_failed","passName":"structure","message":"Gemini provider not available (GEMINI_API_KEY not set)"}
# {"time":"2026-08-05T02:28:55.949Z","level":"warn","msg":"revision_rewrite_failed","passName":"structure","message":"Gemini provider not available (GEMINI_API_KEY not set)"}
# {"time":"2026-08-05T02:28:55.949Z","level":"warn","msg":"revision_rewrite_failed","passName":"structure","message":"Gemini provider not available (GEMINI_API_KEY not set)"}
# {"time":"2026-08-05T02:28:55.950Z","level":"warn","msg":"revision_rewrite_failed","passName":"structure","message":"Gemini provider not available (GEMINI_API_KEY not set)"}
# {"time":"2026-08-05T02:28:55.952Z","level":"warn","msg":"revision_rewrite_failed","passName":"structure","message":"Gemini provider not available (GEMINI_API_KEY not set)"}
# {"time":"2026-08-05T02:28:55.953Z","level":"warn","msg":"revision_rewrite_failed","passName":"structure","message":"Gemini provider not available (GEMINI_API_KEY not set)"}
# {"time":"2026-08-05T02:28:55.954Z","level":"warn","msg":"revision_rewrite_failed","passName":"structure","message":"Gemini provider not available (GEMINI_API_KEY not set)"}
# {"time":"2026-08-05T02:28:55.955Z","level":"warn","msg":"revision_rewrite_failed","passName":"structure","message":"Gemini provider not available (GEMINI_API_KEY not set)"}
# {"time":"2026-08-05T02:28:55.956Z","level":"warn","msg":"revision_rewrite_failed","passName":"structure","message":"Gemini provider not available (GEMINI_API_KEY not set)"}
# {"time":"2026-08-05T02:28:55.958Z","level":"warn","msg":"revision_rewrite_failed","passName":"structure","message":"Gemini provider not available (GEMINI_API_KEY not set)"}
# {"time":"2026-08-05T02:28:55.959Z","level":"warn","msg":"revision_rewrite_failed","passName":"structure","message":"Gemini provider not available (GEMINI_API_KEY not set)"}
# {"time":"2026-08-05T02:28:55.961Z","level":"warn","msg":"revision_rewrite_failed","passName":"structure","message":"Gemini provider not available (GEMINI_API_KEY not set)"}
# {"time":"2026-08-05T02:28:55.962Z","level":"warn","msg":"revision_rewrite_failed","passName":"structure","message":"Gemini provider not available (GEMINI_API_KEY not set)"}
# {"time":"2026-08-05T02:28:55.963Z","level":"warn","msg":"revision_rewrite_failed","passName":"structure","message":"Gemini provider not available (GEMINI_API_KEY not set)"}
# {"time":"2026-08-05T02:28:55.964Z","level":"warn","msg":"revision_rewrite_failed","passName":"structure","message":"Gemini provider not available (GEMINI_API_KEY not set)"}
# {"time":"2026-08-05T02:28:55.965Z","level":"warn","msg":"revision_rewrite_failed","passName":"structure","message":"Gemini provider not available (GEMINI_API_KEY not set)"}
# {"time":"2026-08-05T02:28:55.971Z","level":"warn","msg":"revision_rewrite_failed","passName":"structure","message":"Gemini provider not available (GEMINI_API_KEY not set)"}
# {"time":"2026-08-05T02:28:55.973Z","level":"warn","msg":"revision_rewrite_failed","passName":"structure","message":"Gemini provider not available (GEMINI_API_KEY not set)"}
# {"time":"2026-08-05T02:28:55.974Z","level":"warn","msg":"revision_rewrite_failed","passName":"structure","message":"Gemini provider not available (GEMINI_API_KEY not set)"}
# {"time":"2026-08-05T02:28:55.975Z","level":"warn","msg":"revision_rewrite_failed","passName":"structure","message":"Gemini provider not available (GEMINI_API_KEY not set)"}
# {"time":"2026-08-05T02:28:55.976Z","level":"warn","msg":"revision_rewrite_failed","passName":"structure","message":"Gemini provider not available (GEMINI_API_KEY not set)"}
# {"time":"2026-08-05T02:28:55.978Z","level":"warn","msg":"revision_rewrite_failed","passName":"structure","message":"Gemini provider not available (GEMINI_API_KEY not set)"}
# {"time":"2026-08-05T02:28:55.979Z","level":"warn","msg":"revision_rewrite_failed","passName":"structure","message":"Gemini provider not available (GEMINI_API_KEY not set)"}
# {"time":"2026-08-05T02:28:55.980Z","level":"warn","msg":"revision_rewrite_failed","passName":"structure","message":"Gemini provider not available (GEMINI_API_KEY not set)"}
# {"time":"2026-08-05T02:28:55.981Z","level":"warn","msg":"revision_rewrite_failed","passName":"structure","message":"Gemini provider not available (GEMINI_API_KEY not set)"}
# {"time":"2026-08-05T02:28:55.982Z","level":"warn","msg":"revision_rewrite_failed","passName":"structure","message":"Gemini provider not available (GEMINI_API_KEY not set)"}
# {"time":"2026-08-05T02:28:55.983Z","level":"warn","msg":"revision_rewrite_failed","passName":"structure","message":"Gemini provider not available (GEMINI_API_KEY not set)"}
# {"time":"2026-08-05T02:28:55.985Z","level":"warn","msg":"revision_rewrite_failed","passName":"structure","message":"Gemini provider not available (GEMINI_API_KEY not set)"}
# {"time":"2026-08-05T02:28:55.986Z","level":"warn","msg":"revision_rewrite_failed","passName":"structure","message":"Gemini provider not available (GEMINI_API_KEY not set)"}
# {"time":"2026-08-05T02:28:55.987Z","level":"warn","msg":"revision_rewrite_failed","passName":"structure","message":"Gemini provider not available (GEMINI_API_KEY not set)"}
# {"time":"2026-08-05T02:28:55.988Z","level":"warn","msg":"revision_rewrite_failed","passName":"structure","message":"Gemini provider not available (GEMINI_API_KEY not set)"}
# {"time":"2026-08-05T02:28:55.990Z","level":"warn","msg":"revision_rewrite_failed","passName":"structure","message":"Gemini provider not available (GEMINI_API_KEY not set)"}
# {"time":"2026-08-05T02:28:55.991Z","level":"warn","msg":"revision_rewrite_failed","passName":"structure","message":"Gemini provider not available (GEMINI_API_KEY not set)"}
# {"time":"2026-08-05T02:28:55.993Z","level":"warn","msg":"revision_rewrite_failed","passName":"structure","message":"Gemini provider not available (GEMINI_API_KEY not set)"}
# {"time":"2026-08-05T02:28:55.994Z","level":"warn","msg":"revision_rewrite_failed","passName":"structure","message":"Gemini provider not available (GEMINI_API_KEY not set)"}
# {"time":"2026-08-05T02:28:55.995Z","level":"warn","msg":"revision_rewrite_failed","passName":"structure","message":"Gemini provider not available (GEMINI_API_KEY not set)"}
# {"time":"2026-08-05T02:28:55.996Z","level":"warn","msg":"revision_rewrite_failed","passName":"structure","message":"Gemini provider not available (GEMINI_API_KEY not set)"}
# {"time":"2026-08-05T02:28:55.997Z","level":"warn","msg":"revision_rewrite_failed","passName":"structure","message":"Gemini provider not available (GEMINI_API_KEY not set)"}
# {"time":"2026-08-05T02:28:55.998Z","level":"warn","msg":"revision_rewrite_failed","passName":"structure","message":"Gemini provider not available (GEMINI_API_KEY not set)"}
# {"time":"2026-08-05T02:28:55.999Z","level":"warn","msg":"revision_rewrite_failed","passName":"structure","message":"Gemini provider not available (GEMINI_API_KEY not set)"}
# {"time":"2026-08-05T02:28:56.000Z","level":"warn","msg":"revision_rewrite_failed","passName":"structure","message":"Gemini provider not available (GEMINI_API_KEY not set)"}
# {"time":"2026-08-05T02:28:56.002Z","level":"warn","msg":"revision_rewrite_failed","passName":"structure","message":"Gemini provider not available (GEMINI_API_KEY not set)"}
# {"time":"2026-08-05T02:28:56.002Z","level":"warn","msg":"revision_rewrite_failed","passName":"structure","message":"Gemini provider not available (GEMINI_API_KEY not set)"}
# {"time":"2026-08-05T02:28:56.003Z","level":"warn","msg":"revision_rewrite_failed","passName":"structure","message":"Gemini provider not available (GEMINI_API_KEY not set)"}
# {"time":"2026-08-05T02:28:56.004Z","level":"warn","msg":"revision_rewrite_failed","passName":"structure","message":"Gemini provider not available (GEMINI_API_KEY not set)"}
# {"time":"2026-08-05T02:28:56.005Z","level":"warn","msg":"revision_rewrite_failed","passName":"structure","message":"Gemini provider not available (GEMINI_API_KEY not set)"}
# {"time":"2026-08-05T02:28:56.006Z","level":"warn","msg":"revision_rewrite_failed","passName":"structure","message":"Gemini provider not available (GEMINI_API_KEY not set)"}
# {"time":"2026-08-05T02:28:56.008Z","level":"warn","msg":"revision_rewrite_failed","passName":"structure","message":"Gemini provider not available (GEMINI_API_KEY not set)"}
# {"time":"2026-08-05T02:28:56.009Z","level":"warn","msg":"revision_rewrite_failed","passName":"structure","message":"Gemini provider not available (GEMINI_API_KEY not set)"}
# {"time":"2026-08-05T02:28:56.010Z","level":"warn","msg":"revision_rewrite_failed","passName":"structure","message":"Gemini provider not available (GEMINI_API_KEY not set)"}
# {"time":"2026-08-05T02:28:56.011Z","level":"warn","msg":"revision_rewrite_failed","passName":"structure","message":"Gemini provider not available (GEMINI_API_KEY not set)"}
# {"time":"2026-08-05T02:28:56.012Z","level":"warn","msg":"revision_rewrite_failed","passName":"structure","message":"Gemini provider not available (GEMINI_API_KEY not set)"}
# {"time":"2026-08-05T02:28:56.013Z","level":"warn","msg":"revision_rewrite_failed","passName":"structure","message":"Gemini provider not available (GEMINI_API_KEY not set)"}
# {"time":"2026-08-05T02:28:56.014Z","level":"warn","msg":"revision_rewrite_failed","passName":"structure","message":"Gemini provider not available (GEMINI_API_KEY not set)"}
# {"time":"2026-08-05T02:28:56.016Z","level":"warn","msg":"revision_rewrite_failed","passName":"structure","message":"Gemini provider not available (GEMINI_API_KEY not set)"}
# {"time":"2026-08-05T02:28:56.017Z","level":"warn","msg":"revision_rewrite_failed","passName":"structure","message":"Gemini provider not available (GEMINI_API_KEY not set)"}
# {"time":"2026-08-05T02:28:56.017Z","level":"warn","msg":"revision_rewrite_failed","passName":"structure","message":"Gemini provider not available (GEMINI_API_KEY not set)"}
# {"time":"2026-08-05T02:28:56.019Z","level":"warn","msg":"revision_rewrite_failed","passName":"structure","message":"Gemini provider not available (GEMINI_API_KEY not set)"}
# {"time":"2026-08-05T02:28:56.020Z","level":"warn","msg":"revision_rewrite_failed","passName":"structure","message":"Gemini provider not available (GEMINI_API_KEY not set)"}
# {"time":"2026-08-05T02:28:56.021Z","level":"warn","msg":"revision_rewrite_failed","passName":"structure","message":"Gemini provider not available (GEMINI_API_KEY not set)"}
# {"time":"2026-08-05T02:28:56.022Z","level":"warn","msg":"revision_rewrite_failed","passName":"structure","message":"Gemini provider not available (GEMINI_API_KEY not set)"}
# {"time":"2026-08-05T02:28:56.032Z","level":"warn","msg":"revision_rewrite_failed","passName":"structure","message":"Gemini provider not available (GEMINI_API_KEY not set)"}
# {"time":"2026-08-05T02:28:56.037Z","level":"warn","msg":"revision_rewrite_failed","passName":"structure","message":"Gemini provider not available (GEMINI_API_KEY not set)"}
# {"time":"2026-08-05T02:28:56.038Z","level":"warn","msg":"revision_rewrite_failed","passName":"structure","message":"Gemini provider not available (GEMINI_API_KEY not set)"}
# {"time":"2026-08-05T02:28:56.039Z","level":"warn","msg":"revision_rewrite_failed","passName":"structure","message":"Gemini provider not available (GEMINI_API_KEY not set)"}
# {"time":"2026-08-05T02:28:56.044Z","level":"warn","msg":"revision_rewrite_failed","passName":"structure","message":"Gemini provider not available (GEMINI_API_KEY not set)"}
# {"time":"2026-08-05T02:28:56.045Z","level":"warn","msg":"revision_rewrite_failed","passName":"structure","message":"Gemini provider not available (GEMINI_API_KEY not set)"}
# {"time":"2026-08-05T02:28:56.047Z","level":"warn","msg":"revision_rewrite_failed","passName":"structure","message":"Gemini provider not available (GEMINI_API_KEY not set)"}
# {"time":"2026-08-05T02:28:56.048Z","level":"warn","msg":"revision_rewrite_failed","passName":"structure","message":"Gemini provider not available (GEMINI_API_KEY not set)"}
# {"time":"2026-08-05T02:28:56.054Z","level":"warn","msg":"revision_rewrite_failed","passName":"structure","message":"Gemini provider not available (GEMINI_API_KEY not set)"}
# {"time":"2026-08-05T02:28:56.056Z","level":"warn","msg":"revision_rewrite_failed","passName":"structure","message":"Gemini provider not available (GEMINI_API_KEY not set)"}
# {"time":"2026-08-05T02:28:56.058Z","level":"warn","msg":"revision_rewrite_failed","passName":"structure","message":"Gemini provider not available (GEMINI_API_KEY not set)"}
# {"time":"2026-08-05T02:28:56.059Z","level":"warn","msg":"revision_rewrite_failed","passName":"structure","message":"Gemini provider not available (GEMINI_API_KEY not set)"}
# {"time":"2026-08-05T02:28:56.060Z","level":"warn","msg":"revision_rewrite_failed","passName":"structure","message":"Gemini provider not available (GEMINI_API_KEY not set)"}
# {"time":"2026-08-05T02:28:56.061Z","level":"warn","msg":"revision_rewrite_failed","passName":"structure","message":"Gemini provider not available (GEMINI_API_KEY not set)"}
# {"time":"2026-08-05T02:28:56.062Z","level":"warn","msg":"revision_rewrite_failed","passName":"structure","message":"Gemini provider not available (GEMINI_API_KEY not set)"}
# {"time":"2026-08-05T02:28:56.064Z","level":"warn","msg":"revision_rewrite_failed","passName":"structure","message":"Gemini provider not available (GEMINI_API_KEY not set)"}
# {"time":"2026-08-05T02:28:56.065Z","level":"warn","msg":"revision_rewrite_failed","passName":"structure","message":"Gemini provider not available (GEMINI_API_KEY not set)"}
# {"time":"2026-08-05T02:28:56.066Z","level":"warn","msg":"revision_rewrite_failed","passName":"structure","message":"Gemini provider not available (GEMINI_API_KEY not set)"}
# {"time":"2026-08-05T02:28:56.077Z","level":"warn","msg":"revision_rewrite_failed","passName":"structure","message":"Gemini provider not available (GEMINI_API_KEY not set)"}
# {"time":"2026-08-05T02:28:56.078Z","level":"warn","msg":"revision_rewrite_failed","passName":"structure","message":"Gemini provider not available (GEMINI_API_KEY not set)"}
# {"time":"2026-08-05T02:28:56.080Z","level":"warn","msg":"revision_rewrite_failed","passName":"structure","message":"Gemini provider not available (GEMINI_API_KEY not set)"}
# {"time":"2026-08-05T02:28:56.081Z","level":"warn","msg":"revision_rewrite_failed","passName":"structure","message":"Gemini provider not available (GEMINI_API_KEY not set)"}
# {"time":"2026-08-05T02:28:56.082Z","level":"warn","msg":"revision_rewrite_failed","passName":"structure","message":"Gemini provider not available (GEMINI_API_KEY not set)"}
# {"time":"2026-08-05T02:28:56.083Z","level":"warn","msg":"revision_rewrite_failed","passName":"structure","message":"Gemini provider not available (GEMINI_API_KEY not set)"}
# {"time":"2026-08-05T02:28:56.084Z","level":"warn","msg":"revision_rewrite_failed","passName":"structure","message":"Gemini provider not available (GEMINI_API_KEY not set)"}
# {"time":"2026-08-05T02:28:56.086Z","level":"warn","msg":"revision_rewrite_failed","passName":"structure","message":"Gemini provider not available (GEMINI_API_KEY not set)"}
# {"time":"2026-08-05T02:28:56.087Z","level":"warn","msg":"revision_rewrite_failed","passName":"structure","message":"Gemini provider not available (GEMINI_API_KEY not set)"}
# {"time":"2026-08-05T02:28:56.088Z","level":"warn","msg":"revision_rewrite_failed","passName":"structure","message":"Gemini provider not available (GEMINI_API_KEY not set)"}
# {"time":"2026-08-05T02:28:56.089Z","level":"warn","msg":"revision_rewrite_failed","passName":"structure","message":"Gemini provider not available (GEMINI_API_KEY not set)"}
# {"time":"2026-08-05T02:28:56.091Z","level":"warn","msg":"revision_rewrite_failed","passName":"structure","message":"Gemini provider not available (GEMINI_API_KEY not set)"}
# {"time":"2026-08-05T02:28:56.092Z","level":"warn","msg":"revision_rewrite_failed","passName":"structure","message":"Gemini provider not available (GEMINI_API_KEY not set)"}
# {"time":"2026-08-05T02:28:56.093Z","level":"warn","msg":"revision_rewrite_failed","passName":"structure","message":"Gemini provider not available (GEMINI_API_KEY not set)"}
# {"time":"2026-08-05T02:28:56.094Z","level":"warn","msg":"revision_rewrite_failed","passName":"structure","message":"Gemini provider not available (GEMINI_API_KEY not set)"}
# {"time":"2026-08-05T02:28:56.096Z","level":"warn","msg":"revision_rewrite_failed","passName":"structure","message":"Gemini provider not available (GEMINI_API_KEY not set)"}
# {"time":"2026-08-05T02:28:56.098Z","level":"warn","msg":"revision_rewrite_failed","passName":"structure","message":"Gemini provider not available (GEMINI_API_KEY not set)"}
# {"time":"2026-08-05T02:28:56.099Z","level":"warn","msg":"revision_rewrite_failed","passName":"structure","message":"Gemini provider not available (GEMINI_API_KEY not set)"}
# {"time":"2026-08-05T02:28:56.100Z","level":"warn","msg":"revision_rewrite_failed","passName":"structure","message":"Gemini provider not available (GEMINI_API_KEY not set)"}
# {"time":"2026-08-05T02:28:56.102Z","level":"warn","msg":"revision_rewrite_failed","passName":"structure","message":"Gemini provider not available (GEMINI_API_KEY not set)"}
# {"time":"2026-08-05T02:28:56.111Z","level":"warn","msg":"revision_rewrite_failed","passName":"structure","message":"Gemini provider not available (GEMINI_API_KEY not set)"}
# {"time":"2026-08-05T02:28:56.112Z","level":"warn","msg":"revision_rewrite_failed","passName":"structure","message":"Gemini provider not available (GEMINI_API_KEY not set)"}
# {"time":"2026-08-05T02:28:56.114Z","level":"warn","msg":"revision_rewrite_failed","passName":"structure","message":"Gemini provider not available (GEMINI_API_KEY not set)"}
# {"time":"2026-08-05T02:28:56.117Z","level":"warn","msg":"revision_rewrite_failed","passName":"structure","message":"Gemini provider not available (GEMINI_API_KEY not set)"}
# {"time":"2026-08-05T02:28:56.118Z","level":"warn","msg":"revision_rewrite_failed","passName":"structure","message":"Gemini provider not available (GEMINI_API_KEY not set)"}
# {"time":"2026-08-05T02:28:56.119Z","level":"warn","msg":"revision_rewrite_failed","passName":"structure","message":"Gemini provider not available (GEMINI_API_KEY not set)"}
# {"time":"2026-08-05T02:28:56.121Z","level":"warn","msg":"revision_rewrite_failed","passName":"structure","message":"Gemini provider not available (GEMINI_API_KEY not set)"}
# {"time":"2026-08-05T02:28:56.122Z","level":"warn","msg":"revision_rewrite_failed","passName":"structure","message":"Gemini provider not available (GEMINI_API_KEY not set)"}
# {"time":"2026-08-05T02:28:56.123Z","level":"warn","msg":"revision_rewrite_failed","passName":"structure","message":"Gemini provider not available (GEMINI_API_KEY not set)"}
# {"time":"2026-08-05T02:28:56.125Z","level":"warn","msg":"revision_rewrite_failed","passName":"structure","message":"Gemini provider not available (GEMINI_API_KEY not set)"}
# {"time":"2026-08-05T02:28:56.126Z","level":"warn","msg":"revision_rewrite_failed","passName":"structure","message":"Gemini provider not available (GEMINI_API_KEY not set)"}
# {"time":"2026-08-05T02:28:56.127Z","level":"warn","msg":"revision_rewrite_failed","passName":"structure","message":"Gemini provider not available (GEMINI_API_KEY not set)"}
# {"time":"2026-08-05T02:28:56.128Z","level":"warn","msg":"revision_rewrite_failed","passName":"structure","message":"Gemini provider not available (GEMINI_API_KEY not set)"}
# {"time":"2026-08-05T02:28:56.129Z","level":"warn","msg":"revision_rewrite_failed","passName":"structure","message":"Gemini provider not available (GEMINI_API_KEY not set)"}
# {"time":"2026-08-05T02:28:56.130Z","level":"warn","msg":"revision_rewrite_failed","passName":"structure","message":"Gemini provider not available (GEMINI_API_KEY not set)"}
# {"time":"2026-08-05T02:28:56.131Z","level":"warn","msg":"revision_rewrite_failed","passName":"structure","message":"Gemini provider not available (GEMINI_API_KEY not set)"}
# {"time":"2026-08-05T02:28:56.132Z","level":"warn","msg":"revision_rewrite_failed","passName":"structure","message":"Gemini provider not available (GEMINI_API_KEY not set)"}
# {"time":"2026-08-05T02:28:56.133Z","level":"warn","msg":"revision_rewrite_failed","passName":"structure","message":"Gemini provider not available (GEMINI_API_KEY not set)"}
# {"time":"2026-08-05T02:28:56.134Z","level":"warn","msg":"revision_rewrite_failed","passName":"structure","message":"Gemini provider not available (GEMINI_API_KEY not set)"}
# {"time":"2026-08-05T02:28:56.135Z","level":"warn","msg":"revision_rewrite_failed","passName":"structure","message":"Gemini provider not available (GEMINI_API_KEY not set)"}
# {"time":"2026-08-05T02:28:56.141Z","level":"warn","msg":"revision_rewrite_failed","passName":"structure","message":"Gemini provider not available (GEMINI_API_KEY not set)"}
# {"time":"2026-08-05T02:28:56.143Z","level":"warn","msg":"revision_rewrite_failed","passName":"structure","message":"Gemini provider not available (GEMINI_API_KEY not set)"}
# {"time":"2026-08-05T02:28:56.144Z","level":"warn","msg":"revision_rewrite_failed","passName":"structure","message":"Gemini provider not available (GEMINI_API_KEY not set)"}
# {"time":"2026-08-05T02:28:56.145Z","level":"warn","msg":"revision_rewrite_failed","passName":"structure","message":"Gemini provider not available (GEMINI_API_KEY not set)"}
# {"time":"2026-08-05T02:28:56.146Z","level":"warn","msg":"revision_rewrite_failed","passName":"structure","message":"Gemini provider not available (GEMINI_API_KEY not set)"}
# {"time":"2026-08-05T02:28:56.147Z","level":"warn","msg":"revision_rewrite_failed","passName":"structure","message":"Gemini provider not available (GEMINI_API_KEY not set)"}
# {"time":"2026-08-05T02:28:56.148Z","level":"warn","msg":"revision_rewrite_failed","passName":"structure","message":"Gemini provider not available (GEMINI_API_KEY not set)"}
# {"time":"2026-08-05T02:28:56.149Z","level":"warn","msg":"revision_rewrite_failed","passName":"structure","message":"Gemini provider not available (GEMINI_API_KEY not set)"}
# {"time":"2026-08-05T02:28:56.150Z","level":"warn","msg":"revision_rewrite_failed","passName":"structure","message":"Gemini provider not available (GEMINI_API_KEY not set)"}
# {"time":"2026-08-05T02:28:56.151Z","level":"warn","msg":"revision_rewrite_failed","passName":"structure","message":"Gemini provider not available (GEMINI_API_KEY not set)"}
# {"time":"2026-08-05T02:28:56.156Z","level":"warn","msg":"revision_rewrite_failed","passName":"structure","message":"Gemini provider not available (GEMINI_API_KEY not set)"}
# {"time":"2026-08-05T02:28:56.157Z","level":"warn","msg":"revision_rewrite_failed","passName":"structure","message":"Gemini provider not available (GEMINI_API_KEY not set)"}
# {"time":"2026-08-05T02:28:56.158Z","level":"warn","msg":"revision_rewrite_failed","passName":"structure","message":"Gemini provider not available (GEMINI_API_KEY not set)"}
# {"time":"2026-08-05T02:28:56.159Z","level":"warn","msg":"revision_rewrite_failed","passName":"structure","message":"Gemini provider not available (GEMINI_API_KEY not set)"}
# {"time":"2026-08-05T02:28:56.160Z","level":"warn","msg":"revision_rewrite_failed","passName":"structure","message":"Gemini provider not available (GEMINI_API_KEY not set)"}
# {"time":"2026-08-05T02:28:56.161Z","level":"warn","msg":"revision_rewrite_failed","passName":"structure","message":"Gemini provider not available (GEMINI_API_KEY not set)"}
# {"time":"2026-08-05T02:28:56.163Z","level":"warn","msg":"revision_rewrite_failed","passName":"structure","message":"Gemini provider not available (GEMINI_API_KEY not set)"}
# {"time":"2026-08-05T02:28:56.164Z","level":"warn","msg":"revision_rewrite_failed","passName":"structure","message":"Gemini provider not available (GEMINI_API_KEY not set)"}
# {"time":"2026-08-05T02:28:56.165Z","level":"warn","msg":"revision_rewrite_failed","passName":"structure","message":"Gemini provider not available (GEMINI_API_KEY not set)"}
# {"time":"2026-08-05T02:28:56.166Z","level":"warn","msg":"revision_rewrite_failed","passName":"structure","message":"Gemini provider not available (GEMINI_API_KEY not set)"}
# {"time":"2026-08-05T02:28:56.169Z","level":"warn","msg":"revision_rewrite_failed","passName":"structure","message":"Gemini provider not available (GEMINI_API_KEY not set)"}
# {"time":"2026-08-05T02:28:56.170Z","level":"warn","msg":"revision_rewrite_failed","passName":"structure","message":"Gemini provider not available (GEMINI_API_KEY not set)"}
# {"time":"2026-08-05T02:28:56.176Z","level":"warn","msg":"revision_rewrite_failed","passName":"structure","message":"Gemini provider not available (GEMINI_API_KEY not set)"}
# {"time":"2026-08-05T02:28:56.177Z","level":"warn","msg":"revision_rewrite_failed","passName":"structure","message":"Gemini provider not available (GEMINI_API_KEY not set)"}
# {"time":"2026-08-05T02:28:56.178Z","level":"warn","msg":"revision_rewrite_failed","passName":"structure","message":"Gemini provider not available (GEMINI_API_KEY not set)"}
# {"time":"2026-08-05T02:28:56.179Z","level":"warn","msg":"revision_rewrite_failed","passName":"structure","message":"Gemini provider not available (GEMINI_API_KEY not set)"}
# {"time":"2026-08-05T02:28:56.181Z","level":"warn","msg":"revision_rewrite_failed","passName":"structure","message":"Gemini provider not available (GEMINI_API_KEY not set)"}
# {"time":"2026-08-05T02:28:56.181Z","level":"warn","msg":"revision_rewrite_failed","passName":"structure","message":"Gemini provider not available (GEMINI_API_KEY not set)"}
# {"time":"2026-08-05T02:28:56.182Z","level":"warn","msg":"revision_rewrite_failed","passName":"structure","message":"Gemini provider not available (GEMINI_API_KEY not set)"}
# {"time":"2026-08-05T02:28:56.185Z","level":"warn","msg":"revision_rewrite_failed","passName":"structure","message":"Gemini provider not available (GEMINI_API_KEY not set)"}
# {"time":"2026-08-05T02:28:56.186Z","level":"warn","msg":"revision_rewrite_failed","passName":"structure","message":"Gemini provider not available (GEMINI_API_KEY not set)"}
# {"time":"2026-08-05T02:28:56.187Z","level":"warn","msg":"revision_rewrite_failed","passName":"structure","message":"Gemini provider not available (GEMINI_API_KEY not set)"}
# {"time":"2026-08-05T02:28:56.188Z","level":"warn","msg":"revision_rewrite_failed","passName":"structure","message":"Gemini provider not available (GEMINI_API_KEY not set)"}
# {"time":"2026-08-05T02:28:56.189Z","level":"warn","msg":"revision_rewrite_failed","passName":"structure","message":"Gemini provider not available (GEMINI_API_KEY not set)"}
# {"time":"2026-08-05T02:28:56.190Z","level":"warn","msg":"revision_rewrite_failed","passName":"structure","message":"Gemini provider not available (GEMINI_API_KEY not set)"}
# {"time":"2026-08-05T02:28:56.191Z","level":"warn","msg":"revision_rewrite_failed","passName":"structure","message":"Gemini provider not available (GEMINI_API_KEY not set)"}
# {"time":"2026-08-05T02:28:56.193Z","level":"warn","msg":"revision_rewrite_failed","passName":"structure","message":"Gemini provider not available (GEMINI_API_KEY not set)"}
# {"time":"2026-08-05T02:28:56.194Z","level":"warn","msg":"revision_rewrite_failed","passName":"structure","message":"Gemini provider not available (GEMINI_API_KEY not set)"}
# {"time":"2026-08-05T02:28:56.195Z","level":"warn","msg":"revision_rewrite_failed","passName":"structure","message":"Gemini provider not available (GEMINI_API_KEY not set)"}
# {"time":"2026-08-05T02:28:56.197Z","level":"warn","msg":"revision_rewrite_failed","passName":"structure","message":"Gemini provider not available (GEMINI_API_KEY not set)"}
# {"time":"2026-08-05T02:28:56.198Z","level":"warn","msg":"revision_rewrite_failed","passName":"structure","message":"Gemini provider not available (GEMINI_API_KEY not set)"}
# {"time":"2026-08-05T02:28:56.199Z","level":"warn","msg":"revision_rewrite_failed","passName":"structure","message":"Gemini provider not available (GEMINI_API_KEY not set)"}
# {"time":"2026-08-05T02:28:56.204Z","level":"warn","msg":"revision_rewrite_failed","passName":"structure","message":"Gemini provider not available (GEMINI_API_KEY not set)"}
# {"time":"2026-08-05T02:28:56.205Z","level":"warn","msg":"revision_rewrite_failed","passName":"structure","message":"Gemini provider not available (GEMINI_API_KEY not set)"}
# {"time":"2026-08-05T02:28:56.206Z","level":"warn","msg":"revision_rewrite_failed","passName":"structure","message":"Gemini provider not available (GEMINI_API_KEY not set)"}
# {"time":"2026-08-05T02:28:56.206Z","level":"warn","msg":"revision_rewrite_failed","passName":"structure","message":"Gemini provider not available (GEMINI_API_KEY not set)"}
# {"time":"2026-08-05T02:28:56.207Z","level":"warn","msg":"revision_rewrite_failed","passName":"structure","message":"Gemini provider not available (GEMINI_API_KEY not set)"}
# {"time":"2026-08-05T02:28:56.208Z","level":"warn","msg":"revision_rewrite_failed","passName":"structure","message":"Gemini provider not available (GEMINI_API_KEY not set)"}
# {"time":"2026-08-05T02:28:56.210Z","level":"warn","msg":"revision_rewrite_failed","passName":"structure","message":"Gemini provider not available (GEMINI_API_KEY not set)"}
# {"time":"2026-08-05T02:28:56.212Z","level":"warn","msg":"revision_rewrite_failed","passName":"structure","message":"Gemini provider not available (GEMINI_API_KEY not set)"}
# {"time":"2026-08-05T02:28:56.212Z","level":"warn","msg":"revision_rewrite_failed","passName":"structure","message":"Gemini provider not available (GEMINI_API_KEY not set)"}
# {"time":"2026-08-05T02:28:56.215Z","level":"warn","msg":"revision_rewrite_failed","passName":"structure","message":"Gemini provider not available (GEMINI_API_KEY not set)"}
# {"time":"2026-08-05T02:28:56.216Z","level":"warn","msg":"revision_rewrite_failed","passName":"structure","message":"Gemini provider not available (GEMINI_API_KEY not set)"}
# {"time":"2026-08-05T02:28:56.217Z","level":"warn","msg":"revision_rewrite_failed","passName":"structure","message":"Gemini provider not available (GEMINI_API_KEY not set)"}
# {"time":"2026-08-05T02:28:56.218Z","level":"warn","msg":"revision_rewrite_failed","passName":"structure","message":"Gemini provider not available (GEMINI_API_KEY not set)"}
# {"time":"2026-08-05T02:28:56.222Z","level":"warn","msg":"revision_rewrite_failed","passName":"structure","message":"Gemini provider not available (GEMINI_API_KEY not set)"}
# {"time":"2026-08-05T02:28:56.223Z","level":"warn","msg":"revision_rewrite_failed","passName":"structure","message":"Gemini provider not available (GEMINI_API_KEY not set)"}
# {"time":"2026-08-05T02:28:56.224Z","level":"warn","msg":"revision_rewrite_failed","passName":"structure","message":"Gemini provider not available (GEMINI_API_KEY not set)"}
# {"time":"2026-08-05T02:28:56.225Z","level":"warn","msg":"revision_rewrite_failed","passName":"structure","message":"Gemini provider not available (GEMINI_API_KEY not set)"}
# {"time":"2026-08-05T02:28:56.227Z","level":"warn","msg":"revision_rewrite_failed","passName":"structure","message":"Gemini provider not available (GEMINI_API_KEY not set)"}
# {"time":"2026-08-05T02:28:56.228Z","level":"warn","msg":"revision_rewrite_failed","passName":"structure","message":"Gemini provider not available (GEMINI_API_KEY not set)"}
# {"time":"2026-08-05T02:28:56.230Z","level":"warn","msg":"revision_rewrite_failed","passName":"structure","message":"Gemini provider not available (GEMINI_API_KEY not set)"}
# {"time":"2026-08-05T02:28:56.233Z","level":"warn","msg":"revision_rewrite_failed","passName":"structure","message":"Gemini provider not available (GEMINI_API_KEY not set)"}
# {"time":"2026-08-05T02:28:56.234Z","level":"warn","msg":"revision_rewrite_failed","passName":"structure","message":"Gemini provider not available (GEMINI_API_KEY not set)"}
# {"time":"2026-08-05T02:28:56.234Z","level":"warn","msg":"revision_rewrite_failed","passName":"structure","message":"Gemini provider not available (GEMINI_API_KEY not set)"}
# Subtest: SCENE_CONTINUITY_COLLAPSE (structural-AUC wave)
    # Subtest: fires per double-break cut on a scrambled feature (no shared character + day/night flip, gate open)
    ok 1 - fires per double-break cut on a scrambled feature (no shared character + day/night flip, gate open)
      ---
      duration_ms: 22.126474
      type: 'test'
      ...
    # Subtest: no-fire on an ordered feature (characters carry over, day/night in blocks)
    ok 2 - no-fire on an ordered feature (characters carry over, day/night in blocks)
      ---
      duration_ms: 2.73624
      type: 'test'
      ...
    1..2
ok 1827 - SCENE_CONTINUITY_COLLAPSE (structural-AUC wave)
  ---
  duration_ms: 26.4731
  type: 'suite'
  ...
# Subtest: GLOBAL_ARC_INCOHERENCE (global-arc wave)
    # Subtest: fires when the opening third reads far louder than the finale (climax-moved-to-front shape)
    ok 1 - fires when the opening third reads far louder than the finale (climax-moved-to-front shape)
      ---
      duration_ms: 7.232429
      type: 'test'
      ...
    # Subtest: no-fire on an escalating feature (finale louder than the opening, the produced-script shape)
    ok 2 - no-fire on an escalating feature (finale louder than the opening, the produced-script shape)
      ---
      duration_ms: 2.549014
      type: 'test'
      ...
    # Subtest: no-fire under the 16-scene floor even with an extreme inversion
    ok 3 - no-fire under the 16-scene floor even with an extreme inversion
      ---
      duration_ms: 1.543961
      type: 'test'
      ...
    # Subtest: no-fire when exclamation totals are too sparse to be a stable ratio (< 6 marks document-wide)
    ok 4 - no-fire when exclamation totals are too sparse to be a stable ratio (< 6 marks document-wide)
      ---
      duration_ms: 5.649397
      type: 'test'
      ...
    # Subtest: no-fire on a flat/uniform feature (no exclamation asymmetry either direction)
    ok 5 - no-fire on a flat/uniform feature (no exclamation asymmetry either direction)
      ---
      duration_ms: 1.698997
      type: 'test'
      ...
    # Subtest: no-fire when the finale has zero exclamation marks but the opening also has none (0/0, not a ratio)
    ok 6 - no-fire when the finale has zero exclamation marks but the opening also has none (0/0, not a ratio)
      ---
      duration_ms: 2.195236
      type: 'test'
      ...
    1..6
ok 1828 - GLOBAL_ARC_INCOHERENCE (global-arc wave)
  ---
  duration_ms: 21.496449
  type: 'suite'
  ...
# Subtest: Wave 152 — structurePass: revelation drought, false climax, act symmetry
    # Subtest: structurePass detects REVELATION_DROUGHT for 4 consecutive no-info scenes
    ok 1 - structurePass detects REVELATION_DROUGHT for 4 consecutive no-info scenes
      ---
      duration_ms: 1.970922
      type: 'test'
      ...
    # Subtest: structurePass does NOT fire REVELATION_DROUGHT when scenes have ongoing info delivery
    ok 2 - structurePass does NOT fire REVELATION_DROUGHT when scenes have ongoing info delivery
      ---
      duration_ms: 1.897213
      type: 'test'
      ...
    # Subtest: structurePass detects FALSE_CLIMAX when peak suspense is mid-story
    ok 3 - structurePass detects FALSE_CLIMAX when peak suspense is mid-story
      ---
      duration_ms: 1.428972
      type: 'test'
      ...
    # Subtest: structurePass detects SETUP_RESOLUTION_IMBALANCE when setup far outnumbers payoff
    ok 4 - structurePass detects SETUP_RESOLUTION_IMBALANCE when setup far outnumbers payoff
      ---
      duration_ms: 18.770994
      type: 'test'
      ...
    1..4
ok 1829 - Wave 152 — structurePass: revelation drought, false climax, act symmetry
  ---
  duration_ms: 24.453926
  type: 'suite'
  ...
# Subtest: Wave 165 — structurePass: protagonist passivity at climax, dark night absent, act2 dead zone
    # Subtest: structurePass detects PROTAGONIST_PASSIVITY_CLIMAX when climax peak has no engagement
    ok 1 - structurePass detects PROTAGONIST_PASSIVITY_CLIMAX when climax peak has no engagement
      ---
      duration_ms: 1.560313
      type: 'test'
      ...
    # Subtest: structurePass does NOT fire PROTAGONIST_PASSIVITY_CLIMAX when climax peak has positive shift
    ok 2 - structurePass does NOT fire PROTAGONIST_PASSIVITY_CLIMAX when climax peak has positive shift
      ---
      duration_ms: 1.216346
      type: 'test'
      ...
    # Subtest: structurePass detects DARK_NIGHT_ABSENT when pre-climax zone has no negative-shift scene
    ok 3 - structurePass detects DARK_NIGHT_ABSENT when pre-climax zone has no negative-shift scene
      ---
      duration_ms: 1.385688
      type: 'test'
      ...
    # Subtest: structurePass does NOT fire DARK_NIGHT_ABSENT when a low-point scene exists in pre-climax zone
    ok 4 - structurePass does NOT fire DARK_NIGHT_ABSENT when a low-point scene exists in pre-climax zone
      ---
      duration_ms: 2.478666
      type: 'test'
      ...
    # Subtest: structurePass detects ACT2_DEAD_ZONE when mid-Act-2 suspense sags below flanking sections
    ok 5 - structurePass detects ACT2_DEAD_ZONE when mid-Act-2 suspense sags below flanking sections
      ---
      duration_ms: 1.501948
      type: 'test'
      ...
    # Subtest: structurePass does NOT fire ACT2_DEAD_ZONE when mid-Act-2 suspense matches flanking sections
    ok 6 - structurePass does NOT fire ACT2_DEAD_ZONE when mid-Act-2 suspense matches flanking sections
      ---
      duration_ms: 1.191281
      type: 'test'
      ...
    1..6
ok 1830 - Wave 165 — structurePass: protagonist passivity at climax, dark night absent, act2 dead zone
  ---
  duration_ms: 9.636692
  type: 'suite'
  ...
# Subtest: Wave 179 — structurePass: escalation reversed, climax plateau, unresolved ending
    # Subtest: structurePass detects ESCALATION_REVERSED when the final third loses energy
    ok 1 - structurePass detects ESCALATION_REVERSED when the final third loses energy
      ---
      duration_ms: 9.196675
      type: 'test'
      ...
    # Subtest: structurePass does NOT fire ESCALATION_REVERSED when the story builds toward the end
    ok 2 - structurePass does NOT fire ESCALATION_REVERSED when the story builds toward the end
      ---
      duration_ms: 0.842411
      type: 'test'
      ...
    # Subtest: structurePass detects CLIMAX_PLATEAU when no single scene peaks above the rest
    ok 3 - structurePass detects CLIMAX_PLATEAU when no single scene peaks above the rest
      ---
      duration_ms: 0.984596
      type: 'test'
      ...
    # Subtest: structurePass does NOT fire CLIMAX_PLATEAU when one scene clearly peaks
    ok 4 - structurePass does NOT fire CLIMAX_PLATEAU when one scene clearly peaks
      ---
      duration_ms: 5.449712
      type: 'test'
      ...
    # Subtest: structurePass detects UNRESOLVED_ENDING when the final scene is still escalating
    ok 5 - structurePass detects UNRESOLVED_ENDING when the final scene is still escalating
      ---
      duration_ms: 0.934768
      type: 'test'
      ...
    # Subtest: structurePass does NOT fire UNRESOLVED_ENDING when the final scene resolves
    ok 6 - structurePass does NOT fire UNRESOLVED_ENDING when the final scene resolves
      ---
      duration_ms: 0.803646
      type: 'test'
      ...
    1..6
ok 1831 - Wave 179 — structurePass: escalation reversed, climax plateau, unresolved ending
  ---
  duration_ms: 18.582403
  type: 'suite'
  ...
# Subtest: Wave 186 — structurePass: Act 2 inversion, midpoint reversal absent, late inciting incident
    # Subtest: SECOND_ACT_INVERSION fires when Act 2b suspense drops below Act 2a
    ok 1 - SECOND_ACT_INVERSION fires when Act 2b suspense drops below Act 2a
      ---
      duration_ms: 1.896975
      type: 'test'
      ...
    # Subtest: SECOND_ACT_INVERSION does not fire when Act 2b maintains or increases suspense
    ok 2 - SECOND_ACT_INVERSION does not fire when Act 2b maintains or increases suspense
      ---
      duration_ms: 7.074192
      type: 'test'
      ...
    # Subtest: MIDPOINT_REVERSAL_ABSENT fires when midpoint zone has no reversal or revelation
    ok 3 - MIDPOINT_REVERSAL_ABSENT fires when midpoint zone has no reversal or revelation
      ---
      duration_ms: 1.443157
      type: 'test'
      ...
    # Subtest: MIDPOINT_REVERSAL_ABSENT does not fire when midpoint has a revelation
    ok 4 - MIDPOINT_REVERSAL_ABSENT does not fire when midpoint has a revelation
      ---
      duration_ms: 1.387739
      type: 'test'
      ...
    # Subtest: INCITING_INCIDENT_TOO_LATE fires when first dramatic event occurs after 40%
    ok 5 - INCITING_INCIDENT_TOO_LATE fires when first dramatic event occurs after 40%
      ---
      duration_ms: 1.177106
      type: 'test'
      ...
    # Subtest: INCITING_INCIDENT_TOO_LATE does not fire when first dramatic event is early
    ok 6 - INCITING_INCIDENT_TOO_LATE does not fire when first dramatic event is early
      ---
      duration_ms: 1.945355
      type: 'test'
      ...
    1..6
ok 1832 - Wave 186 — structurePass: Act 2 inversion, midpoint reversal absent, late inciting incident
  ---
  duration_ms: 15.26394
  type: 'suite'
  ...
# Subtest: Wave 1188 — structurePass (Program v2, Type 3 — genre-conditioned, second of its kind): WEAK_MIDPOINT and ACT3_SCENE_EXCESS genre thresholds
    # Subtest: structurePass: WEAK_MIDPOINT fires generically at midpointPressure=0.7 but not under romance's looser floor
    ok 1 - structurePass: WEAK_MIDPOINT fires generically at midpointPressure=0.7 but not under romance's looser floor
      ---
      duration_ms: 1.955006
      type: 'test'
      ...
    # Subtest: structurePass: WEAK_MIDPOINT genre-absent path is byte-identical to the pre-Wave-1188 rule
    ok 2 - structurePass: WEAK_MIDPOINT genre-absent path is byte-identical to the pre-Wave-1188 rule
      ---
      duration_ms: 1.137318
      type: 'test'
      ...
    # Subtest: structurePass: ACT3_SCENE_EXCESS fires generically at a 5-vs-4 scene split but not under mystery's looser 1.3x ratio
    ok 3 - structurePass: ACT3_SCENE_EXCESS fires generically at a 5-vs-4 scene split but not under mystery's looser 1.3x ratio
      ---
      duration_ms: 3.071419
      type: 'test'
      ...
    # Subtest: structurePass: ACT3_SCENE_EXCESS genre-absent path is byte-identical to the pre-Wave-1188 rule
    ok 4 - structurePass: ACT3_SCENE_EXCESS genre-absent path is byte-identical to the pre-Wave-1188 rule
      ---
      duration_ms: 3.903081
      type: 'test'
      ...
    1..4
ok 1833 - Wave 1188 — structurePass (Program v2, Type 3 — genre-conditioned, second of its kind): WEAK_MIDPOINT and ACT3_SCENE_EXCESS genre thresholds
  ---
  duration_ms: 10.303371
  type: 'suite'
  ...
# Subtest: Wave 1184 — structurePass (Program v2, Type 3 — genre-conditioned): DARK_NIGHT_ABSENT genre threshold
    # Subtest: structurePass: DARK_NIGHT_ABSENT fires generically at suspenseDelta=0.7 but not under comedy's looser floor
    ok 1 - structurePass: DARK_NIGHT_ABSENT fires generically at suspenseDelta=0.7 but not under comedy's looser floor
      ---
      duration_ms: 4.78926
      type: 'test'
      ...
    # Subtest: structurePass: DARK_NIGHT_ABSENT genre-absent path is byte-identical to the pre-Wave-1184 rule
    ok 2 - structurePass: DARK_NIGHT_ABSENT genre-absent path is byte-identical to the pre-Wave-1184 rule
      ---
      duration_ms: 1.128196
      type: 'test'
      ...
    1..2
ok 1834 - Wave 1184 — structurePass (Program v2, Type 3 — genre-conditioned): DARK_NIGHT_ABSENT genre threshold
  ---
  duration_ms: 6.064482
  type: 'suite'
  ...
# Subtest: Wave 1171 — structurePass: structure suspense-staging aftermath void, structure suspense-dialogue-highlight aftermath void, structure seed-emotional aftermath void
    # Subtest: STRUCTURE_SUSPENSE_STAGING_AFTERMATH_VOID fires when every suspense-rise is followed by two scenes with no heavily-staged scene
    ok 1 - STRUCTURE_SUSPENSE_STAGING_AFTERMATH_VOID fires when every suspense-rise is followed by two scenes with no heavily-staged scene
      ---
      duration_ms: 1.907753
      type: 'test'
      ...
    # Subtest: STRUCTURE_SUSPENSE_STAGING_AFTERMATH_VOID does not fire when a suspense-rise is followed by a heavily-staged scene within its window
    ok 2 - STRUCTURE_SUSPENSE_STAGING_AFTERMATH_VOID does not fire when a suspense-rise is followed by a heavily-staged scene within its window
      ---
      duration_ms: 3.773348
      type: 'test'
      ...
    # Subtest: STRUCTURE_SUSPENSE_DIALOGUE_HIGHLIGHT_AFTERMATH_VOID fires when every suspense-rise is followed by two scenes with no highlighted dialogue
    ok 3 - STRUCTURE_SUSPENSE_DIALOGUE_HIGHLIGHT_AFTERMATH_VOID fires when every suspense-rise is followed by two scenes with no highlighted dialogue
      ---
      duration_ms: 1.299985
      type: 'test'
      ...
    # Subtest: STRUCTURE_SUSPENSE_DIALOGUE_HIGHLIGHT_AFTERMATH_VOID does not fire when a suspense-rise is followed by highlighted dialogue within its window
    ok 4 - STRUCTURE_SUSPENSE_DIALOGUE_HIGHLIGHT_AFTERMATH_VOID does not fire when a suspense-rise is followed by highlighted dialogue within its window
      ---
      duration_ms: 1.199608
      type: 'test'
      ...
    # Subtest: STRUCTURE_SEED_EMOTIONAL_AFTERMATH_VOID fires when every seed scene is followed by two scenes with no emotional shift
    ok 5 - STRUCTURE_SEED_EMOTIONAL_AFTERMATH_VOID fires when every seed scene is followed by two scenes with no emotional shift
      ---
      duration_ms: 1.146498
      type: 'test'
      ...
    # Subtest: STRUCTURE_SEED_EMOTIONAL_AFTERMATH_VOID does not fire when a seed scene is followed by an emotional shift within its window
    ok 6 - STRUCTURE_SEED_EMOTIONAL_AFTERMATH_VOID does not fire when a seed scene is followed by an emotional shift within its window
      ---
      duration_ms: 2.647347
      type: 'test'
      ...
    1..6
ok 1835 - Wave 1171 — structurePass: structure suspense-staging aftermath void, structure suspense-dialogue-highlight aftermath void, structure seed-emotional aftermath void
  ---
  duration_ms: 12.2775
  type: 'suite'
  ...
# Subtest: Wave 1157 — structurePass: structure suspense-emotional aftermath void, structure suspense-relational aftermath void, structure seed-curiosity aftermath void
    # Subtest: STRUCTURE_SUSPENSE_EMOTIONAL_AFTERMATH_VOID fires when every suspense-rise is followed by two scenes with no emotional shift
    ok 1 - STRUCTURE_SUSPENSE_EMOTIONAL_AFTERMATH_VOID fires when every suspense-rise is followed by two scenes with no emotional shift
      ---
      duration_ms: 1.237149
      type: 'test'
      ...
    # Subtest: STRUCTURE_SUSPENSE_EMOTIONAL_AFTERMATH_VOID does not fire when a suspense-rise is followed by an emotional shift within its window
    ok 2 - STRUCTURE_SUSPENSE_EMOTIONAL_AFTERMATH_VOID does not fire when a suspense-rise is followed by an emotional shift within its window
      ---
      duration_ms: 1.158859
      type: 'test'
      ...
    # Subtest: STRUCTURE_SUSPENSE_RELATIONAL_AFTERMATH_VOID fires when every suspense-rise is followed by two scenes with no relationship shift
    ok 3 - STRUCTURE_SUSPENSE_RELATIONAL_AFTERMATH_VOID fires when every suspense-rise is followed by two scenes with no relationship shift
      ---
      duration_ms: 1.303513
      type: 'test'
      ...
    # Subtest: STRUCTURE_SUSPENSE_RELATIONAL_AFTERMATH_VOID does not fire when a suspense-rise is followed by a relationship shift within its window
    ok 4 - STRUCTURE_SUSPENSE_RELATIONAL_AFTERMATH_VOID does not fire when a suspense-rise is followed by a relationship shift within its window
      ---
      duration_ms: 6.296891
      type: 'test'
      ...
    # Subtest: STRUCTURE_SEED_CURIOSITY_AFTERMATH_VOID fires when every seed scene is followed by two scenes with no curiosity rise
    ok 5 - STRUCTURE_SEED_CURIOSITY_AFTERMATH_VOID fires when every seed scene is followed by two scenes with no curiosity rise
      ---
      duration_ms: 1.902614
      type: 'test'
      ...
    # Subtest: STRUCTURE_SEED_CURIOSITY_AFTERMATH_VOID does not fire when a seed scene is followed by a curiosity rise within its window
    ok 6 - STRUCTURE_SEED_CURIOSITY_AFTERMATH_VOID does not fire when a seed scene is followed by a curiosity rise within its window
      ---
      duration_ms: 1.164555
      type: 'test'
      ...
    1..6
ok 1836 - Wave 1157 — structurePass: structure suspense-emotional aftermath void, structure suspense-relational aftermath void, structure seed-curiosity aftermath void
  ---
  duration_ms: 13.362971
  type: 'suite'
  ...
# Subtest: Wave 1143 — structurePass: structure clock-staging aftermath void, structure turn-staging aftermath void, structure suspense-curiosity aftermath void
    # Subtest: STRUCTURE_CLOCK_STAGING_AFTERMATH_VOID fires when every clock-raise is followed by two scenes with no heavily-staged scene
    ok 1 - STRUCTURE_CLOCK_STAGING_AFTERMATH_VOID fires when every clock-raise is followed by two scenes with no heavily-staged scene
      ---
      duration_ms: 1.336272
      type: 'test'
      ...
    # Subtest: STRUCTURE_CLOCK_STAGING_AFTERMATH_VOID does not fire when a clock-raise is followed by a heavily-staged scene within its window
    ok 2 - STRUCTURE_CLOCK_STAGING_AFTERMATH_VOID does not fire when a clock-raise is followed by a heavily-staged scene within its window
      ---
      duration_ms: 1.055535
      type: 'test'
      ...
    # Subtest: STRUCTURE_TURN_STAGING_AFTERMATH_VOID fires when every dramatic turn is followed by two scenes with no heavily-staged scene
    ok 3 - STRUCTURE_TURN_STAGING_AFTERMATH_VOID fires when every dramatic turn is followed by two scenes with no heavily-staged scene
      ---
      duration_ms: 1.307781
      type: 'test'
      ...
    # Subtest: STRUCTURE_TURN_STAGING_AFTERMATH_VOID does not fire when a dramatic turn is followed by a heavily-staged scene within its window
    ok 4 - STRUCTURE_TURN_STAGING_AFTERMATH_VOID does not fire when a dramatic turn is followed by a heavily-staged scene within its window
      ---
      duration_ms: 1.119791
      type: 'test'
      ...
    # Subtest: STRUCTURE_SUSPENSE_CURIOSITY_AFTERMATH_VOID fires when every suspense-rise is followed by two scenes with no curiosity rise
    ok 5 - STRUCTURE_SUSPENSE_CURIOSITY_AFTERMATH_VOID fires when every suspense-rise is followed by two scenes with no curiosity rise
      ---
      duration_ms: 1.119688
      type: 'test'
      ...
    # Subtest: STRUCTURE_SUSPENSE_CURIOSITY_AFTERMATH_VOID does not fire when a suspense-rise is followed by a curiosity rise within its window
    ok 6 - STRUCTURE_SUSPENSE_CURIOSITY_AFTERMATH_VOID does not fire when a suspense-rise is followed by a curiosity rise within its window
      ---
      duration_ms: 1.084175
      type: 'test'
      ...
    1..6
ok 1837 - Wave 1143 — structurePass: structure clock-staging aftermath void, structure turn-staging aftermath void, structure suspense-curiosity aftermath void
  ---
  duration_ms: 7.319173
  type: 'suite'
  ...
# Subtest: Wave 1129 — structurePass: structure clock-suspense aftermath void, structure clock-relational aftermath void, structure clock-dialogue-highlight aftermath void
    # Subtest: STRUCTURE_CLOCK_SUSPENSE_AFTERMATH_VOID fires when every clock-raise is followed by two scenes with no suspense rise
    ok 1 - STRUCTURE_CLOCK_SUSPENSE_AFTERMATH_VOID fires when every clock-raise is followed by two scenes with no suspense rise
      ---
      duration_ms: 1.332184
      type: 'test'
      ...
    # Subtest: STRUCTURE_CLOCK_SUSPENSE_AFTERMATH_VOID does not fire when a clock-raise is followed by a suspense rise within its window
    ok 2 - STRUCTURE_CLOCK_SUSPENSE_AFTERMATH_VOID does not fire when a clock-raise is followed by a suspense rise within its window
      ---
      duration_ms: 8.598483
      type: 'test'
      ...
    # Subtest: STRUCTURE_CLOCK_RELATIONAL_AFTERMATH_VOID fires when every clock-raise is followed by two scenes with no relationship shift
    ok 3 - STRUCTURE_CLOCK_RELATIONAL_AFTERMATH_VOID fires when every clock-raise is followed by two scenes with no relationship shift
      ---
      duration_ms: 1.171239
      type: 'test'
      ...
    # Subtest: STRUCTURE_CLOCK_RELATIONAL_AFTERMATH_VOID does not fire when a clock-raise is followed by a relationship shift within its window
    ok 4 - STRUCTURE_CLOCK_RELATIONAL_AFTERMATH_VOID does not fire when a clock-raise is followed by a relationship shift within its window
      ---
      duration_ms: 1.080935
      type: 'test'
      ...
    # Subtest: STRUCTURE_CLOCK_DIALOGUE_HIGHLIGHT_AFTERMATH_VOID fires when every clock-raise is followed by two scenes with no highlighted dialogue
    ok 5 - STRUCTURE_CLOCK_DIALOGUE_HIGHLIGHT_AFTERMATH_VOID fires when every clock-raise is followed by two scenes with no highlighted dialogue
      ---
      duration_ms: 1.148241
      type: 'test'
      ...
    # Subtest: STRUCTURE_CLOCK_DIALOGUE_HIGHLIGHT_AFTERMATH_VOID does not fire when a clock-raise is followed by highlighted dialogue within its window
    ok 6 - STRUCTURE_CLOCK_DIALOGUE_HIGHLIGHT_AFTERMATH_VOID does not fire when a clock-raise is followed by highlighted dialogue within its window
      ---
      duration_ms: 1.061662
      type: 'test'
      ...
    1..6
ok 1838 - Wave 1129 — structurePass: structure clock-suspense aftermath void, structure clock-relational aftermath void, structure clock-dialogue-highlight aftermath void
  ---
  duration_ms: 14.679473
  type: 'suite'
  ...
# Subtest: Wave 1115 — structurePass: structure revelation-dialogue-highlight aftermath void, structure revelation-staging aftermath void, structure clock-curiosity aftermath void
    # Subtest: STRUCTURE_REVELATION_DIALOGUE_HIGHLIGHT_AFTERMATH_VOID fires when every revelation is followed by two scenes with no highlighted dialogue
    ok 1 - STRUCTURE_REVELATION_DIALOGUE_HIGHLIGHT_AFTERMATH_VOID fires when every revelation is followed by two scenes with no highlighted dialogue
      ---
      duration_ms: 1.265081
      type: 'test'
      ...
    # Subtest: STRUCTURE_REVELATION_DIALOGUE_HIGHLIGHT_AFTERMATH_VOID does not fire when a revelation is followed by highlighted dialogue within its window
    ok 2 - STRUCTURE_REVELATION_DIALOGUE_HIGHLIGHT_AFTERMATH_VOID does not fire when a revelation is followed by highlighted dialogue within its window
      ---
      duration_ms: 1.297501
      type: 'test'
      ...
    # Subtest: STRUCTURE_REVELATION_STAGING_AFTERMATH_VOID fires when every revelation is followed by two scenes with no heavily-staged scene
    ok 3 - STRUCTURE_REVELATION_STAGING_AFTERMATH_VOID fires when every revelation is followed by two scenes with no heavily-staged scene
      ---
      duration_ms: 1.136311
      type: 'test'
      ...
    # Subtest: STRUCTURE_REVELATION_STAGING_AFTERMATH_VOID does not fire when a revelation is followed by a heavily-staged scene within its window
    ok 4 - STRUCTURE_REVELATION_STAGING_AFTERMATH_VOID does not fire when a revelation is followed by a heavily-staged scene within its window
      ---
      duration_ms: 1.054113
      type: 'test'
      ...
    # Subtest: STRUCTURE_CLOCK_CURIOSITY_AFTERMATH_VOID fires when every clock-raise is followed by two scenes with no curiosity rise
    ok 5 - STRUCTURE_CLOCK_CURIOSITY_AFTERMATH_VOID fires when every clock-raise is followed by two scenes with no curiosity rise
      ---
      duration_ms: 1.114378
      type: 'test'
      ...
    # Subtest: STRUCTURE_CLOCK_CURIOSITY_AFTERMATH_VOID does not fire when a clock-raise is followed by a curiosity rise within its window
    ok 6 - STRUCTURE_CLOCK_CURIOSITY_AFTERMATH_VOID does not fire when a clock-raise is followed by a curiosity rise within its window
      ---
      duration_ms: 1.128472
      type: 'test'
      ...
    1..6
ok 1839 - Wave 1115 — structurePass: structure revelation-dialogue-highlight aftermath void, structure revelation-staging aftermath void, structure clock-curiosity aftermath void
  ---
  duration_ms: 7.249259
  type: 'suite'
  ...
# Subtest: Wave 1101 — structurePass: structure revelation-emotional aftermath void, structure revelation-suspense aftermath void, structure revelation-relational aftermath void
    # Subtest: STRUCTURE_REVELATION_EMOTIONAL_AFTERMATH_VOID fires when every revelation is followed by two scenes with no emotional shift
    ok 1 - STRUCTURE_REVELATION_EMOTIONAL_AFTERMATH_VOID fires when every revelation is followed by two scenes with no emotional shift
      ---
      duration_ms: 1.115656
      type: 'test'
      ...
    # Subtest: STRUCTURE_REVELATION_EMOTIONAL_AFTERMATH_VOID does not fire when a revelation is followed by an emotional shift within its window
    ok 2 - STRUCTURE_REVELATION_EMOTIONAL_AFTERMATH_VOID does not fire when a revelation is followed by an emotional shift within its window
      ---
      duration_ms: 1.092437
      type: 'test'
      ...
    # Subtest: STRUCTURE_REVELATION_SUSPENSE_AFTERMATH_VOID fires when every revelation is followed by two scenes with no suspense rise
    ok 3 - STRUCTURE_REVELATION_SUSPENSE_AFTERMATH_VOID fires when every revelation is followed by two scenes with no suspense rise
      ---
      duration_ms: 1.226047
      type: 'test'
      ...
    # Subtest: STRUCTURE_REVELATION_SUSPENSE_AFTERMATH_VOID does not fire when a revelation is followed by a suspense rise within its window
    ok 4 - STRUCTURE_REVELATION_SUSPENSE_AFTERMATH_VOID does not fire when a revelation is followed by a suspense rise within its window
      ---
      duration_ms: 1.053127
      type: 'test'
      ...
    # Subtest: STRUCTURE_REVELATION_RELATIONAL_AFTERMATH_VOID fires when every revelation is followed by two scenes with no relationship shift
    ok 5 - STRUCTURE_REVELATION_RELATIONAL_AFTERMATH_VOID fires when every revelation is followed by two scenes with no relationship shift
      ---
      duration_ms: 1.12316
      type: 'test'
      ...
    # Subtest: STRUCTURE_REVELATION_RELATIONAL_AFTERMATH_VOID does not fire when a revelation is followed by a relationship shift within its window
    ok 6 - STRUCTURE_REVELATION_RELATIONAL_AFTERMATH_VOID does not fire when a revelation is followed by a relationship shift within its window
      ---
      duration_ms: 1.11537
      type: 'test'
      ...
    1..6
ok 1840 - Wave 1101 — structurePass: structure revelation-emotional aftermath void, structure revelation-suspense aftermath void, structure revelation-relational aftermath void
  ---
  duration_ms: 7.041476
  type: 'suite'
  ...
# Subtest: Wave 1087 — structurePass: structure stakes-dialogue-highlight aftermath void, structure stakes-staging aftermath void, structure revelation-curiosity aftermath void
    # Subtest: STRUCTURE_STAKES_DIALOGUE_HIGHLIGHT_AFTERMATH_VOID fires when every stakes-raise is followed by two scenes with no highlighted dialogue
    ok 1 - STRUCTURE_STAKES_DIALOGUE_HIGHLIGHT_AFTERMATH_VOID fires when every stakes-raise is followed by two scenes with no highlighted dialogue
      ---
      duration_ms: 2.495346
      type: 'test'
      ...
    # Subtest: STRUCTURE_STAKES_DIALOGUE_HIGHLIGHT_AFTERMATH_VOID does not fire when a stakes-raise is followed by highlighted dialogue within its window
    ok 2 - STRUCTURE_STAKES_DIALOGUE_HIGHLIGHT_AFTERMATH_VOID does not fire when a stakes-raise is followed by highlighted dialogue within its window
      ---
      duration_ms: 1.153624
      type: 'test'
      ...
    # Subtest: STRUCTURE_STAKES_STAGING_AFTERMATH_VOID fires when every stakes-raise is followed by two scenes with no visually dense scene
    ok 3 - STRUCTURE_STAKES_STAGING_AFTERMATH_VOID fires when every stakes-raise is followed by two scenes with no visually dense scene
      ---
      duration_ms: 1.200292
      type: 'test'
      ...
    # Subtest: STRUCTURE_STAKES_STAGING_AFTERMATH_VOID does not fire when a stakes-raise is followed by a visually dense scene within its window
    ok 4 - STRUCTURE_STAKES_STAGING_AFTERMATH_VOID does not fire when a stakes-raise is followed by a visually dense scene within its window
      ---
      duration_ms: 1.006699
      type: 'test'
      ...
    # Subtest: STRUCTURE_REVELATION_CURIOSITY_AFTERMATH_VOID fires when every revelation is followed by two scenes with no curiosity rise
    ok 5 - STRUCTURE_REVELATION_CURIOSITY_AFTERMATH_VOID fires when every revelation is followed by two scenes with no curiosity rise
      ---
      duration_ms: 1.109772
      type: 'test'
      ...
    # Subtest: STRUCTURE_REVELATION_CURIOSITY_AFTERMATH_VOID does not fire when a revelation is followed by a curiosity rise within its window
    ok 6 - STRUCTURE_REVELATION_CURIOSITY_AFTERMATH_VOID does not fire when a revelation is followed by a curiosity rise within its window
      ---
      duration_ms: 1.150748
      type: 'test'
      ...
    1..6
ok 1841 - Wave 1087 — structurePass: structure stakes-dialogue-highlight aftermath void, structure stakes-staging aftermath void, structure revelation-curiosity aftermath void
  ---
  duration_ms: 8.367056
  type: 'suite'
  ...
# Subtest: Wave 1073 — structurePass: structure payoff-staging aftermath void, structure turn-suspense aftermath void, structure open-thread-suspense aftermath void
    # Subtest: STRUCTURE_PAYOFF_STAGING_AFTERMATH_VOID fires when every payoff is followed by two scenes with no visually dense scene
    ok 1 - STRUCTURE_PAYOFF_STAGING_AFTERMATH_VOID fires when every payoff is followed by two scenes with no visually dense scene
      ---
      duration_ms: 1.307792
      type: 'test'
      ...
    # Subtest: STRUCTURE_PAYOFF_STAGING_AFTERMATH_VOID does not fire when a payoff is followed by a visually dense scene within its window
    ok 2 - STRUCTURE_PAYOFF_STAGING_AFTERMATH_VOID does not fire when a payoff is followed by a visually dense scene within its window
      ---
      duration_ms: 1.187074
      type: 'test'
      ...
    # Subtest: STRUCTURE_TURN_SUSPENSE_AFTERMATH_VOID fires when every dramatic turn is followed by two scenes with no suspense rise
    ok 3 - STRUCTURE_TURN_SUSPENSE_AFTERMATH_VOID fires when every dramatic turn is followed by two scenes with no suspense rise
      ---
      duration_ms: 1.144559
      type: 'test'
      ...
    # Subtest: STRUCTURE_TURN_SUSPENSE_AFTERMATH_VOID does not fire when a dramatic turn is followed by a suspense rise within its window
    ok 4 - STRUCTURE_TURN_SUSPENSE_AFTERMATH_VOID does not fire when a dramatic turn is followed by a suspense rise within its window
      ---
      duration_ms: 1.036556
      type: 'test'
      ...
    # Subtest: STRUCTURE_OPEN_THREAD_SUSPENSE_AFTERMATH_VOID fires when every heavy clue-debt scene is followed by two scenes with no suspense rise
    ok 5 - STRUCTURE_OPEN_THREAD_SUSPENSE_AFTERMATH_VOID fires when every heavy clue-debt scene is followed by two scenes with no suspense rise
      ---
      duration_ms: 1.136886
      type: 'test'
      ...
    # Subtest: STRUCTURE_OPEN_THREAD_SUSPENSE_AFTERMATH_VOID does not fire when a heavy clue-debt scene is followed by a suspense rise within its window
    ok 6 - STRUCTURE_OPEN_THREAD_SUSPENSE_AFTERMATH_VOID does not fire when a heavy clue-debt scene is followed by a suspense rise within its window
      ---
      duration_ms: 1.060495
      type: 'test'
      ...
    1..6
ok 1842 - Wave 1073 — structurePass: structure payoff-staging aftermath void, structure turn-suspense aftermath void, structure open-thread-suspense aftermath void
  ---
  duration_ms: 7.145544
  type: 'suite'
  ...
# Subtest: Wave 1059 — structurePass: structure payoff-suspense aftermath void, structure turn-dialogue-highlight aftermath void, structure open-thread-staging aftermath void
    # Subtest: STRUCTURE_PAYOFF_SUSPENSE_AFTERMATH_VOID fires when every payoff is followed by two scenes with no suspense rise
    ok 1 - STRUCTURE_PAYOFF_SUSPENSE_AFTERMATH_VOID fires when every payoff is followed by two scenes with no suspense rise
      ---
      duration_ms: 1.207474
      type: 'test'
      ...
    # Subtest: STRUCTURE_PAYOFF_SUSPENSE_AFTERMATH_VOID does not fire when a payoff is followed by a suspense rise within its window
    ok 2 - STRUCTURE_PAYOFF_SUSPENSE_AFTERMATH_VOID does not fire when a payoff is followed by a suspense rise within its window
      ---
      duration_ms: 1.086763
      type: 'test'
      ...
    # Subtest: STRUCTURE_TURN_DIALOGUE_HIGHLIGHT_AFTERMATH_VOID fires when every dramatic turn is followed by two scenes with no highlighted dialogue
    ok 3 - STRUCTURE_TURN_DIALOGUE_HIGHLIGHT_AFTERMATH_VOID fires when every dramatic turn is followed by two scenes with no highlighted dialogue
      ---
      duration_ms: 1.954919
      type: 'test'
      ...
    # Subtest: STRUCTURE_TURN_DIALOGUE_HIGHLIGHT_AFTERMATH_VOID does not fire when a dramatic turn is followed by highlighted dialogue within its window
    ok 4 - STRUCTURE_TURN_DIALOGUE_HIGHLIGHT_AFTERMATH_VOID does not fire when a dramatic turn is followed by highlighted dialogue within its window
      ---
      duration_ms: 1.10019
      type: 'test'
      ...
    # Subtest: STRUCTURE_OPEN_THREAD_STAGING_AFTERMATH_VOID fires when every heavy clue-debt scene is followed by two scenes with no visually dense scene
    ok 5 - STRUCTURE_OPEN_THREAD_STAGING_AFTERMATH_VOID fires when every heavy clue-debt scene is followed by two scenes with no visually dense scene
      ---
      duration_ms: 1.10208
      type: 'test'
      ...
    # Subtest: STRUCTURE_OPEN_THREAD_STAGING_AFTERMATH_VOID does not fire when a heavy clue-debt scene is followed by a visually dense scene within its window
    ok 6 - STRUCTURE_OPEN_THREAD_STAGING_AFTERMATH_VOID does not fire when a heavy clue-debt scene is followed by a visually dense scene within its window
      ---
      duration_ms: 1.021825
      type: 'test'
      ...
    1..6
ok 1843 - Wave 1059 — structurePass: structure payoff-suspense aftermath void, structure turn-dialogue-highlight aftermath void, structure open-thread-staging aftermath void
  ---
  duration_ms: 7.737084
  type: 'suite'
  ...
# Subtest: Wave 1045 — structurePass: structure turn-emotional aftermath void, structure open-thread-curiosity aftermath void, structure open-thread-relational aftermath void
    # Subtest: STRUCTURE_TURN_EMOTIONAL_AFTERMATH_VOID fires when every dramatic turn is followed by two scenes with no emotional shift
    ok 1 - STRUCTURE_TURN_EMOTIONAL_AFTERMATH_VOID fires when every dramatic turn is followed by two scenes with no emotional shift
      ---
      duration_ms: 1.23854
      type: 'test'
      ...
    # Subtest: STRUCTURE_TURN_EMOTIONAL_AFTERMATH_VOID does not fire when a dramatic turn is followed by an emotional shift within its window
    ok 2 - STRUCTURE_TURN_EMOTIONAL_AFTERMATH_VOID does not fire when a dramatic turn is followed by an emotional shift within its window
      ---
      duration_ms: 1.068643
      type: 'test'
      ...
    # Subtest: STRUCTURE_OPEN_THREAD_CURIOSITY_AFTERMATH_VOID fires when every heavy clue-debt scene is followed by two scenes with no curiosity rise
    ok 3 - STRUCTURE_OPEN_THREAD_CURIOSITY_AFTERMATH_VOID fires when every heavy clue-debt scene is followed by two scenes with no curiosity rise
      ---
      duration_ms: 1.201742
      type: 'test'
      ...
    # Subtest: STRUCTURE_OPEN_THREAD_CURIOSITY_AFTERMATH_VOID does not fire when a heavy clue-debt scene is followed by a curiosity rise within its window
    ok 4 - STRUCTURE_OPEN_THREAD_CURIOSITY_AFTERMATH_VOID does not fire when a heavy clue-debt scene is followed by a curiosity rise within its window
      ---
      duration_ms: 1.226243
      type: 'test'
      ...
    # Subtest: STRUCTURE_OPEN_THREAD_RELATIONAL_AFTERMATH_VOID fires when every heavy clue-debt scene is followed by two scenes with no relationship shift
    ok 5 - STRUCTURE_OPEN_THREAD_RELATIONAL_AFTERMATH_VOID fires when every heavy clue-debt scene is followed by two scenes with no relationship shift
      ---
      duration_ms: 1.130657
      type: 'test'
      ...
    # Subtest: STRUCTURE_OPEN_THREAD_RELATIONAL_AFTERMATH_VOID does not fire when a heavy clue-debt scene is followed by a relationship shift within its window
    ok 6 - STRUCTURE_OPEN_THREAD_RELATIONAL_AFTERMATH_VOID does not fire when a heavy clue-debt scene is followed by a relationship shift within its window
      ---
      duration_ms: 1.07207
      type: 'test'
      ...
    1..6
ok 1844 - Wave 1045 — structurePass: structure turn-emotional aftermath void, structure open-thread-curiosity aftermath void, structure open-thread-relational aftermath void
  ---
  duration_ms: 7.192558
  type: 'suite'
  ...
# Subtest: Wave 1031 — structurePass: structure stakes-emotional aftermath void, structure turn-relational aftermath void, structure payoff-curiosity aftermath void
    # Subtest: STRUCTURE_STAKES_EMOTIONAL_AFTERMATH_VOID fires when every stakes-raise is followed by two scenes with no emotional shift
    ok 1 - STRUCTURE_STAKES_EMOTIONAL_AFTERMATH_VOID fires when every stakes-raise is followed by two scenes with no emotional shift
      ---
      duration_ms: 1.343345
      type: 'test'
      ...
    # Subtest: STRUCTURE_STAKES_EMOTIONAL_AFTERMATH_VOID does not fire when a stakes-raise is followed by an emotional shift within its window
    ok 2 - STRUCTURE_STAKES_EMOTIONAL_AFTERMATH_VOID does not fire when a stakes-raise is followed by an emotional shift within its window
      ---
      duration_ms: 1.114447
      type: 'test'
      ...
    # Subtest: STRUCTURE_TURN_RELATIONAL_AFTERMATH_VOID fires when every dramatic turn is followed by two scenes with no relationship shift
    ok 3 - STRUCTURE_TURN_RELATIONAL_AFTERMATH_VOID fires when every dramatic turn is followed by two scenes with no relationship shift
      ---
      duration_ms: 1.04477
      type: 'test'
      ...
    # Subtest: STRUCTURE_TURN_RELATIONAL_AFTERMATH_VOID does not fire when a dramatic turn is followed by a relationship shift within its window
    ok 4 - STRUCTURE_TURN_RELATIONAL_AFTERMATH_VOID does not fire when a dramatic turn is followed by a relationship shift within its window
      ---
      duration_ms: 1.242669
      type: 'test'
      ...
    # Subtest: STRUCTURE_PAYOFF_CURIOSITY_AFTERMATH_VOID fires when every payoff is followed by two scenes with no curiosity rise
    ok 5 - STRUCTURE_PAYOFF_CURIOSITY_AFTERMATH_VOID fires when every payoff is followed by two scenes with no curiosity rise
      ---
      duration_ms: 1.19047
      type: 'test'
      ...
    # Subtest: STRUCTURE_PAYOFF_CURIOSITY_AFTERMATH_VOID does not fire when a payoff is followed by a curiosity rise within its window
    ok 6 - STRUCTURE_PAYOFF_CURIOSITY_AFTERMATH_VOID does not fire when a payoff is followed by a curiosity rise within its window
      ---
      duration_ms: 1.001885
      type: 'test'
      ...
    1..6
ok 1845 - Wave 1031 — structurePass: structure stakes-emotional aftermath void, structure turn-relational aftermath void, structure payoff-curiosity aftermath void
  ---
  duration_ms: 7.200187
  type: 'suite'
  ...
# Subtest: Wave 1017 — structurePass: structure turn-curiosity aftermath void, structure payoff-emotional aftermath void, structure stakes-relational aftermath void
    # Subtest: STRUCTURE_TURN_CURIOSITY_AFTERMATH_VOID fires when every dramatic turn is followed by two scenes with no new curiosity
    ok 1 - STRUCTURE_TURN_CURIOSITY_AFTERMATH_VOID fires when every dramatic turn is followed by two scenes with no new curiosity
      ---
      duration_ms: 1.255894
      type: 'test'
      ...
    # Subtest: STRUCTURE_TURN_CURIOSITY_AFTERMATH_VOID does not fire when a dramatic turn is followed by new curiosity within its window
    ok 2 - STRUCTURE_TURN_CURIOSITY_AFTERMATH_VOID does not fire when a dramatic turn is followed by new curiosity within its window
      ---
      duration_ms: 1.068794
      type: 'test'
      ...
    # Subtest: STRUCTURE_PAYOFF_EMOTIONAL_AFTERMATH_VOID fires when every payoff is followed by two scenes with no emotional shift
    ok 3 - STRUCTURE_PAYOFF_EMOTIONAL_AFTERMATH_VOID fires when every payoff is followed by two scenes with no emotional shift
      ---
      duration_ms: 0.991378
      type: 'test'
      ...
    # Subtest: STRUCTURE_PAYOFF_EMOTIONAL_AFTERMATH_VOID does not fire when a payoff is followed by an emotional shift within its window
    ok 4 - STRUCTURE_PAYOFF_EMOTIONAL_AFTERMATH_VOID does not fire when a payoff is followed by an emotional shift within its window
      ---
      duration_ms: 0.989367
      type: 'test'
      ...
    # Subtest: STRUCTURE_STAKES_RELATIONAL_AFTERMATH_VOID fires when every stakes-raise is followed by two scenes with no relationship shift
    ok 5 - STRUCTURE_STAKES_RELATIONAL_AFTERMATH_VOID fires when every stakes-raise is followed by two scenes with no relationship shift
      ---
      duration_ms: 1.27355
      type: 'test'
      ...
    # Subtest: STRUCTURE_STAKES_RELATIONAL_AFTERMATH_VOID does not fire when a stakes-raise is followed by a relationship shift within its window
    ok 6 - STRUCTURE_STAKES_RELATIONAL_AFTERMATH_VOID does not fire when a stakes-raise is followed by a relationship shift within its window
      ---
      duration_ms: 1.16632
      type: 'test'
      ...
    1..6
ok 1846 - Wave 1017 — structurePass: structure turn-curiosity aftermath void, structure payoff-emotional aftermath void, structure stakes-relational aftermath void
  ---
  duration_ms: 7.002411
  type: 'suite'
  ...
# Subtest: Wave 1003 — structurePass: structure stakes-suspense aftermath void, structure payoff-relational aftermath void, structure open-thread-emotional aftermath void
    # Subtest: STRUCTURE_STAKES_SUSPENSE_AFTERMATH_VOID fires when every stakes-raise is followed by two scenes with no rise in suspense
    ok 1 - STRUCTURE_STAKES_SUSPENSE_AFTERMATH_VOID fires when every stakes-raise is followed by two scenes with no rise in suspense
      ---
      duration_ms: 1.153092
      type: 'test'
      ...
    # Subtest: STRUCTURE_STAKES_SUSPENSE_AFTERMATH_VOID does not fire when a stakes-raise is followed by rising suspense within its window
    ok 2 - STRUCTURE_STAKES_SUSPENSE_AFTERMATH_VOID does not fire when a stakes-raise is followed by rising suspense within its window
      ---
      duration_ms: 1.055832
      type: 'test'
      ...
    # Subtest: STRUCTURE_PAYOFF_RELATIONAL_AFTERMATH_VOID fires when every payoff is followed by two scenes with no relationship shift
    ok 3 - STRUCTURE_PAYOFF_RELATIONAL_AFTERMATH_VOID fires when every payoff is followed by two scenes with no relationship shift
      ---
      duration_ms: 1.104992
      type: 'test'
      ...
    # Subtest: STRUCTURE_PAYOFF_RELATIONAL_AFTERMATH_VOID does not fire when a payoff is followed by a relationship shift within its window
    ok 4 - STRUCTURE_PAYOFF_RELATIONAL_AFTERMATH_VOID does not fire when a payoff is followed by a relationship shift within its window
      ---
      duration_ms: 0.995317
      type: 'test'
      ...
    # Subtest: STRUCTURE_OPEN_THREAD_EMOTIONAL_AFTERMATH_VOID fires when every heavy clue-debt scene is followed by two scenes with no emotional shift
    ok 5 - STRUCTURE_OPEN_THREAD_EMOTIONAL_AFTERMATH_VOID fires when every heavy clue-debt scene is followed by two scenes with no emotional shift
      ---
      duration_ms: 5.167608
      type: 'test'
      ...
    # Subtest: STRUCTURE_OPEN_THREAD_EMOTIONAL_AFTERMATH_VOID does not fire when a heavy clue-debt scene is followed by an emotional shift within its window
    ok 6 - STRUCTURE_OPEN_THREAD_EMOTIONAL_AFTERMATH_VOID does not fire when a heavy clue-debt scene is followed by an emotional shift within its window
      ---
      duration_ms: 1.036423
      type: 'test'
      ...
    1..6
ok 1847 - Wave 1003 — structurePass: structure stakes-suspense aftermath void, structure payoff-relational aftermath void, structure open-thread-emotional aftermath void
  ---
  duration_ms: 10.815736
  type: 'suite'
  ...
# Subtest: Wave 989 — structurePass: structure seed zone imbalance, structure turn zone imbalance, structure stakes-curiosity aftermath void
    # Subtest: STRUCTURE_SEED_ZONE_IMBALANCE fires when one zone is empty while another holds >=50% of seed scenes
    ok 1 - STRUCTURE_SEED_ZONE_IMBALANCE fires when one zone is empty while another holds >=50% of seed scenes
      ---
      duration_ms: 1.298268
      type: 'test'
      ...
    # Subtest: STRUCTURE_SEED_ZONE_IMBALANCE does not fire when seed scenes touch every zone
    ok 2 - STRUCTURE_SEED_ZONE_IMBALANCE does not fire when seed scenes touch every zone
      ---
      duration_ms: 1.11894
      type: 'test'
      ...
    # Subtest: STRUCTURE_TURN_ZONE_IMBALANCE fires when one zone is empty while another holds >=50% of dramatic-turn scenes
    ok 3 - STRUCTURE_TURN_ZONE_IMBALANCE fires when one zone is empty while another holds >=50% of dramatic-turn scenes
      ---
      duration_ms: 1.098758
      type: 'test'
      ...
    # Subtest: STRUCTURE_TURN_ZONE_IMBALANCE does not fire when dramatic-turn scenes touch every zone
    ok 4 - STRUCTURE_TURN_ZONE_IMBALANCE does not fire when dramatic-turn scenes touch every zone
      ---
      duration_ms: 1.08132
      type: 'test'
      ...
    # Subtest: STRUCTURE_STAKES_CURIOSITY_AFTERMATH_VOID fires when every stakes-raise is followed by two scenes with no new curiosity
    ok 5 - STRUCTURE_STAKES_CURIOSITY_AFTERMATH_VOID fires when every stakes-raise is followed by two scenes with no new curiosity
      ---
      duration_ms: 1.155271
      type: 'test'
      ...
    # Subtest: STRUCTURE_STAKES_CURIOSITY_AFTERMATH_VOID does not fire when a stakes-raise is followed by new curiosity within its window
    ok 6 - STRUCTURE_STAKES_CURIOSITY_AFTERMATH_VOID does not fire when a stakes-raise is followed by new curiosity within its window
      ---
      duration_ms: 1.01208
      type: 'test'
      ...
    1..6
ok 1848 - Wave 989 — structurePass: structure seed zone imbalance, structure turn zone imbalance, structure stakes-curiosity aftermath void
  ---
  duration_ms: 7.042409
  type: 'suite'
  ...
# Subtest: Wave 975 — structurePass: structure clock zone imbalance, structure clock delta zone imbalance, structure relationship zone imbalance
    # Subtest: STRUCTURE_CLOCK_ZONE_IMBALANCE fires when one zone is empty while another holds >=50% of clock-raising scenes
    ok 1 - STRUCTURE_CLOCK_ZONE_IMBALANCE fires when one zone is empty while another holds >=50% of clock-raising scenes
      ---
      duration_ms: 1.433678
      type: 'test'
      ...
    # Subtest: STRUCTURE_CLOCK_ZONE_IMBALANCE does not fire when clock-raising scenes touch every zone
    ok 2 - STRUCTURE_CLOCK_ZONE_IMBALANCE does not fire when clock-raising scenes touch every zone
      ---
      duration_ms: 1.069904
      type: 'test'
      ...
    # Subtest: STRUCTURE_CLOCK_DELTA_ZONE_IMBALANCE fires when one zone is empty while another holds >=50% of clock-moving scenes
    ok 3 - STRUCTURE_CLOCK_DELTA_ZONE_IMBALANCE fires when one zone is empty while another holds >=50% of clock-moving scenes
      ---
      duration_ms: 1.47112
      type: 'test'
      ...
    # Subtest: STRUCTURE_CLOCK_DELTA_ZONE_IMBALANCE does not fire when clock-moving scenes touch every zone
    ok 4 - STRUCTURE_CLOCK_DELTA_ZONE_IMBALANCE does not fire when clock-moving scenes touch every zone
      ---
      duration_ms: 1.248803
      type: 'test'
      ...
    # Subtest: STRUCTURE_RELATIONSHIP_ZONE_IMBALANCE fires when one zone is empty while another holds >=50% of relationship-shift scenes
    ok 5 - STRUCTURE_RELATIONSHIP_ZONE_IMBALANCE fires when one zone is empty while another holds >=50% of relationship-shift scenes
      ---
      duration_ms: 1.197944
      type: 'test'
      ...
    # Subtest: STRUCTURE_RELATIONSHIP_ZONE_IMBALANCE does not fire when relationship-shift scenes touch every zone
    ok 6 - STRUCTURE_RELATIONSHIP_ZONE_IMBALANCE does not fire when relationship-shift scenes touch every zone
      ---
      duration_ms: 1.046464
      type: 'test'
      ...
    1..6
ok 1849 - Wave 975 — structurePass: structure clock zone imbalance, structure clock delta zone imbalance, structure relationship zone imbalance
  ---
  duration_ms: 7.743984
  type: 'suite'
  ...
# Subtest: Wave 961 — structurePass: structure curiosity zone imbalance, structure payoff zone imbalance, structure revelation zone imbalance
    # Subtest: STRUCTURE_CURIOSITY_ZONE_IMBALANCE fires when one zone is empty while another holds >=50% of curiosity-raising scenes
    ok 1 - STRUCTURE_CURIOSITY_ZONE_IMBALANCE fires when one zone is empty while another holds >=50% of curiosity-raising scenes
      ---
      duration_ms: 1.276888
      type: 'test'
      ...
    # Subtest: STRUCTURE_CURIOSITY_ZONE_IMBALANCE does not fire when curiosity-raising scenes touch every zone
    ok 2 - STRUCTURE_CURIOSITY_ZONE_IMBALANCE does not fire when curiosity-raising scenes touch every zone
      ---
      duration_ms: 1.039907
      type: 'test'
      ...
    # Subtest: STRUCTURE_PAYOFF_ZONE_IMBALANCE fires when one zone is empty while another holds >=50% of payoff scenes
    ok 3 - STRUCTURE_PAYOFF_ZONE_IMBALANCE fires when one zone is empty while another holds >=50% of payoff scenes
      ---
      duration_ms: 1.117194
      type: 'test'
      ...
    # Subtest: STRUCTURE_PAYOFF_ZONE_IMBALANCE does not fire when payoff scenes touch every zone
    ok 4 - STRUCTURE_PAYOFF_ZONE_IMBALANCE does not fire when payoff scenes touch every zone
      ---
      duration_ms: 0.981202
      type: 'test'
      ...
    # Subtest: STRUCTURE_REVELATION_ZONE_IMBALANCE fires when one zone is empty while another holds >=50% of revelation scenes
    ok 5 - STRUCTURE_REVELATION_ZONE_IMBALANCE fires when one zone is empty while another holds >=50% of revelation scenes
      ---
      duration_ms: 1.354235
      type: 'test'
      ...
    # Subtest: STRUCTURE_REVELATION_ZONE_IMBALANCE does not fire when revelation scenes touch every zone
    ok 6 - STRUCTURE_REVELATION_ZONE_IMBALANCE does not fire when revelation scenes touch every zone
      ---
      duration_ms: 1.113585
      type: 'test'
      ...
    1..6
ok 1850 - Wave 961 — structurePass: structure curiosity zone imbalance, structure payoff zone imbalance, structure revelation zone imbalance
  ---
  duration_ms: 7.140601
  type: 'suite'
  ...
# Subtest: Wave 947 — structurePass: structure positive emotion zone imbalance, structure suspense zone imbalance, structure open thread zone imbalance
    # Subtest: STRUCTURE_POSITIVE_EMOTION_ZONE_IMBALANCE fires when one zone is empty while another holds >=50% of positive-shift scenes
    ok 1 - STRUCTURE_POSITIVE_EMOTION_ZONE_IMBALANCE fires when one zone is empty while another holds >=50% of positive-shift scenes
      ---
      duration_ms: 1.143284
      type: 'test'
      ...
    # Subtest: STRUCTURE_POSITIVE_EMOTION_ZONE_IMBALANCE does not fire when positive-shift scenes touch every zone
    ok 2 - STRUCTURE_POSITIVE_EMOTION_ZONE_IMBALANCE does not fire when positive-shift scenes touch every zone
      ---
      duration_ms: 1.080136
      type: 'test'
      ...
    # Subtest: STRUCTURE_SUSPENSE_ZONE_IMBALANCE fires when one zone is empty while another holds >=50% of suspense-raising scenes
    ok 3 - STRUCTURE_SUSPENSE_ZONE_IMBALANCE fires when one zone is empty while another holds >=50% of suspense-raising scenes
      ---
      duration_ms: 1.110811
      type: 'test'
      ...
    # Subtest: STRUCTURE_SUSPENSE_ZONE_IMBALANCE does not fire when suspense-raising scenes touch every zone
    ok 4 - STRUCTURE_SUSPENSE_ZONE_IMBALANCE does not fire when suspense-raising scenes touch every zone
      ---
      duration_ms: 1.003063
      type: 'test'
      ...
    # Subtest: STRUCTURE_OPEN_THREAD_ZONE_IMBALANCE fires when one zone is empty while another holds >=50% of open-thread scenes
    ok 5 - STRUCTURE_OPEN_THREAD_ZONE_IMBALANCE fires when one zone is empty while another holds >=50% of open-thread scenes
      ---
      duration_ms: 1.13956
      type: 'test'
      ...
    # Subtest: STRUCTURE_OPEN_THREAD_ZONE_IMBALANCE does not fire when open-thread scenes touch every zone
    ok 6 - STRUCTURE_OPEN_THREAD_ZONE_IMBALANCE does not fire when open-thread scenes touch every zone
      ---
      duration_ms: 1.087509
      type: 'test'
      ...
    1..6
ok 1851 - Wave 947 — structurePass: structure positive emotion zone imbalance, structure suspense zone imbalance, structure open thread zone imbalance
  ---
  duration_ms: 6.815433
  type: 'suite'
  ...
# Subtest: Wave 933 — structurePass: structure stakes zone imbalance, structure revelation purpose zone imbalance, structure negative emotion zone imbalance
    # Subtest: STRUCTURE_STAKES_ZONE_IMBALANCE fires when one zone is empty while another holds >=50% of stakes-raising scenes
    ok 1 - STRUCTURE_STAKES_ZONE_IMBALANCE fires when one zone is empty while another holds >=50% of stakes-raising scenes
      ---
      duration_ms: 1.370703
      type: 'test'
      ...
    # Subtest: STRUCTURE_STAKES_ZONE_IMBALANCE does not fire when stakes-raising scenes touch every zone
    ok 2 - STRUCTURE_STAKES_ZONE_IMBALANCE does not fire when stakes-raising scenes touch every zone
      ---
      duration_ms: 1.103619
      type: 'test'
      ...
    # Subtest: STRUCTURE_REVELATION_PURPOSE_ZONE_IMBALANCE fires when one zone is empty while another holds >=50% of revelation-purposed scenes
    ok 3 - STRUCTURE_REVELATION_PURPOSE_ZONE_IMBALANCE fires when one zone is empty while another holds >=50% of revelation-purposed scenes
      ---
      duration_ms: 1.213967
      type: 'test'
      ...
    # Subtest: STRUCTURE_REVELATION_PURPOSE_ZONE_IMBALANCE does not fire when revelation-purposed scenes touch every zone
    ok 4 - STRUCTURE_REVELATION_PURPOSE_ZONE_IMBALANCE does not fire when revelation-purposed scenes touch every zone
      ---
      duration_ms: 0.990221
      type: 'test'
      ...
    # Subtest: STRUCTURE_NEGATIVE_EMOTION_ZONE_IMBALANCE fires when one zone is empty while another holds >=50% of negative-shift scenes
    ok 5 - STRUCTURE_NEGATIVE_EMOTION_ZONE_IMBALANCE fires when one zone is empty while another holds >=50% of negative-shift scenes
      ---
      duration_ms: 1.093697
      type: 'test'
      ...
    # Subtest: STRUCTURE_NEGATIVE_EMOTION_ZONE_IMBALANCE does not fire when negative-shift scenes touch every zone
    ok 6 - STRUCTURE_NEGATIVE_EMOTION_ZONE_IMBALANCE does not fire when negative-shift scenes touch every zone
      ---
      duration_ms: 0.986793
      type: 'test'
      ...
    1..6
ok 1852 - Wave 933 — structurePass: structure stakes zone imbalance, structure revelation purpose zone imbalance, structure negative emotion zone imbalance
  ---
  duration_ms: 7.046195
  type: 'suite'
  ...
# Subtest: Wave 919 — structurePass: structure revelation purpose zone cluster, structure revelation purpose drought run, structure character moment zone imbalance
    # Subtest: STRUCTURE_REVELATION_PURPOSE_ZONE_CLUSTER fires when >75% of revelation-purposed scenes cluster in one third
    ok 1 - STRUCTURE_REVELATION_PURPOSE_ZONE_CLUSTER fires when >75% of revelation-purposed scenes cluster in one third
      ---
      duration_ms: 1.108524
      type: 'test'
      ...
    # Subtest: STRUCTURE_REVELATION_PURPOSE_ZONE_CLUSTER does not fire when revelation-purposed scenes spread across thirds
    ok 2 - STRUCTURE_REVELATION_PURPOSE_ZONE_CLUSTER does not fire when revelation-purposed scenes spread across thirds
      ---
      duration_ms: 0.919471
      type: 'test'
      ...
    # Subtest: STRUCTURE_REVELATION_PURPOSE_DROUGHT_RUN fires when a long run has no revelation-purposed scene
    ok 3 - STRUCTURE_REVELATION_PURPOSE_DROUGHT_RUN fires when a long run has no revelation-purposed scene
      ---
      duration_ms: 1.090584
      type: 'test'
      ...
    # Subtest: STRUCTURE_REVELATION_PURPOSE_DROUGHT_RUN does not fire when revelation-purposed scenes are evenly spread
    ok 4 - STRUCTURE_REVELATION_PURPOSE_DROUGHT_RUN does not fire when revelation-purposed scenes are evenly spread
      ---
      duration_ms: 1.099294
      type: 'test'
      ...
    # Subtest: STRUCTURE_CHARACTER_MOMENT_ZONE_IMBALANCE fires when one zone is empty while another holds >=50% of character-moment scenes
    ok 5 - STRUCTURE_CHARACTER_MOMENT_ZONE_IMBALANCE fires when one zone is empty while another holds >=50% of character-moment scenes
      ---
      duration_ms: 1.320819
      type: 'test'
      ...
    # Subtest: STRUCTURE_CHARACTER_MOMENT_ZONE_IMBALANCE does not fire when character-moment scenes touch every zone
    ok 6 - STRUCTURE_CHARACTER_MOMENT_ZONE_IMBALANCE does not fire when character-moment scenes touch every zone
      ---
      duration_ms: 1.047998
      type: 'test'
      ...
    1..6
ok 1853 - Wave 919 — structurePass: structure revelation purpose zone cluster, structure revelation purpose drought run, structure character moment zone imbalance
  ---
  duration_ms: 6.845346
  type: 'suite'
  ...
# Subtest: Wave 905 — structurePass: structure turning point zone imbalance, structure complicate zone imbalance, structure introduce conflict zone imbalance
    # Subtest: STRUCTURE_TURNING_POINT_ZONE_IMBALANCE fires when one zone is empty while another holds >=50% of turning-point scenes
    ok 1 - STRUCTURE_TURNING_POINT_ZONE_IMBALANCE fires when one zone is empty while another holds >=50% of turning-point scenes
      ---
      duration_ms: 1.162575
      type: 'test'
      ...
    # Subtest: STRUCTURE_TURNING_POINT_ZONE_IMBALANCE does not fire when turning-point scenes touch every zone
    ok 2 - STRUCTURE_TURNING_POINT_ZONE_IMBALANCE does not fire when turning-point scenes touch every zone
      ---
      duration_ms: 1.088085
      type: 'test'
      ...
    # Subtest: STRUCTURE_COMPLICATE_ZONE_IMBALANCE fires when one zone is empty while another holds >=50% of complicating scenes
    ok 3 - STRUCTURE_COMPLICATE_ZONE_IMBALANCE fires when one zone is empty while another holds >=50% of complicating scenes
      ---
      duration_ms: 1.091558
      type: 'test'
      ...
    # Subtest: STRUCTURE_COMPLICATE_ZONE_IMBALANCE does not fire when complicating scenes touch every zone
    ok 4 - STRUCTURE_COMPLICATE_ZONE_IMBALANCE does not fire when complicating scenes touch every zone
      ---
      duration_ms: 1.109906
      type: 'test'
      ...
    # Subtest: STRUCTURE_INTRODUCE_CONFLICT_ZONE_IMBALANCE fires when one zone is empty while another holds >=50% of conflict-introducing scenes
    ok 5 - STRUCTURE_INTRODUCE_CONFLICT_ZONE_IMBALANCE fires when one zone is empty while another holds >=50% of conflict-introducing scenes
      ---
      duration_ms: 1.087984
      type: 'test'
      ...
    # Subtest: STRUCTURE_INTRODUCE_CONFLICT_ZONE_IMBALANCE does not fire when conflict-introducing scenes touch every zone
    ok 6 - STRUCTURE_INTRODUCE_CONFLICT_ZONE_IMBALANCE does not fire when conflict-introducing scenes touch every zone
      ---
      duration_ms: 0.997658
      type: 'test'
      ...
    1..6
ok 1854 - Wave 905 — structurePass: structure turning point zone imbalance, structure complicate zone imbalance, structure introduce conflict zone imbalance
  ---
  duration_ms: 6.861227
  type: 'suite'
  ...
# Subtest: Wave 891 — structurePass: structure climax zone imbalance, structure establish world zone imbalance, structure resolution zone imbalance
    # Subtest: STRUCTURE_CLIMAX_ZONE_IMBALANCE fires when one zone is empty while another holds >=50% of climax-purposed scenes
    ok 1 - STRUCTURE_CLIMAX_ZONE_IMBALANCE fires when one zone is empty while another holds >=50% of climax-purposed scenes
      ---
      duration_ms: 1.181343
      type: 'test'
      ...
    # Subtest: STRUCTURE_CLIMAX_ZONE_IMBALANCE does not fire when climax-purposed scenes touch every zone
    ok 2 - STRUCTURE_CLIMAX_ZONE_IMBALANCE does not fire when climax-purposed scenes touch every zone
      ---
      duration_ms: 1.000873
      type: 'test'
      ...
    # Subtest: STRUCTURE_ESTABLISH_WORLD_ZONE_IMBALANCE fires when one zone is empty while another holds >=50% of world-establishing scenes
    ok 3 - STRUCTURE_ESTABLISH_WORLD_ZONE_IMBALANCE fires when one zone is empty while another holds >=50% of world-establishing scenes
      ---
      duration_ms: 1.247908
      type: 'test'
      ...
    # Subtest: STRUCTURE_ESTABLISH_WORLD_ZONE_IMBALANCE does not fire when world-establishing scenes touch every zone
    ok 4 - STRUCTURE_ESTABLISH_WORLD_ZONE_IMBALANCE does not fire when world-establishing scenes touch every zone
      ---
      duration_ms: 1.058712
      type: 'test'
      ...
    # Subtest: STRUCTURE_RESOLUTION_ZONE_IMBALANCE fires when one zone is empty while another holds >=50% of resolution-purposed scenes
    ok 5 - STRUCTURE_RESOLUTION_ZONE_IMBALANCE fires when one zone is empty while another holds >=50% of resolution-purposed scenes
      ---
      duration_ms: 1.175112
      type: 'test'
      ...
    # Subtest: STRUCTURE_RESOLUTION_ZONE_IMBALANCE does not fire when resolution-purposed scenes touch every zone
    ok 6 - STRUCTURE_RESOLUTION_ZONE_IMBALANCE does not fire when resolution-purposed scenes touch every zone
      ---
      duration_ms: 1.088254
      type: 'test'
      ...
    1..6
ok 1855 - Wave 891 — structurePass: structure climax zone imbalance, structure establish world zone imbalance, structure resolution zone imbalance
  ---
  duration_ms: 7.057484
  type: 'suite'
  ...
# Subtest: Wave 877 — structurePass: structure resolution drought run, structure complicate zone cluster, structure complicate drought run
    # Subtest: STRUCTURE_RESOLUTION_DROUGHT_RUN fires when a long run has no resolution-purposed scene
    ok 1 - STRUCTURE_RESOLUTION_DROUGHT_RUN fires when a long run has no resolution-purposed scene
      ---
      duration_ms: 1.194416
      type: 'test'
      ...
    # Subtest: STRUCTURE_RESOLUTION_DROUGHT_RUN does not fire when resolution-purposed scenes are evenly spread
    ok 2 - STRUCTURE_RESOLUTION_DROUGHT_RUN does not fire when resolution-purposed scenes are evenly spread
      ---
      duration_ms: 0.964336
      type: 'test'
      ...
    # Subtest: STRUCTURE_COMPLICATE_ZONE_CLUSTER fires when >75% of complicating scenes cluster in one third
    ok 3 - STRUCTURE_COMPLICATE_ZONE_CLUSTER fires when >75% of complicating scenes cluster in one third
      ---
      duration_ms: 0.958567
      type: 'test'
      ...
    # Subtest: STRUCTURE_COMPLICATE_ZONE_CLUSTER does not fire when complicating scenes spread across thirds
    ok 4 - STRUCTURE_COMPLICATE_ZONE_CLUSTER does not fire when complicating scenes spread across thirds
      ---
      duration_ms: 0.915265
      type: 'test'
      ...
    # Subtest: STRUCTURE_COMPLICATE_DROUGHT_RUN fires when a long run has no complicating scene
    ok 5 - STRUCTURE_COMPLICATE_DROUGHT_RUN fires when a long run has no complicating scene
      ---
      duration_ms: 1.043404
      type: 'test'
      ...
    # Subtest: STRUCTURE_COMPLICATE_DROUGHT_RUN does not fire when complicating scenes are evenly spread
    ok 6 - STRUCTURE_COMPLICATE_DROUGHT_RUN does not fire when complicating scenes are evenly spread
      ---
      duration_ms: 0.980395
      type: 'test'
      ...
    1..6
ok 1856 - Wave 877 — structurePass: structure resolution drought run, structure complicate zone cluster, structure complicate drought run
  ---
  duration_ms: 6.379322
  type: 'suite'
  ...
# Subtest: Wave 863 — structurePass: structure climax drought run, structure establish world drought run, structure resolution zone cluster
    # Subtest: STRUCTURE_CLIMAX_DROUGHT_RUN fires when a long run has no climax-purposed scene
    ok 1 - STRUCTURE_CLIMAX_DROUGHT_RUN fires when a long run has no climax-purposed scene
      ---
      duration_ms: 3.4743
      type: 'test'
      ...
    # Subtest: STRUCTURE_CLIMAX_DROUGHT_RUN does not fire when climax-purposed scenes are evenly spread
    ok 2 - STRUCTURE_CLIMAX_DROUGHT_RUN does not fire when climax-purposed scenes are evenly spread
      ---
      duration_ms: 1.018641
      type: 'test'
      ...
    # Subtest: STRUCTURE_ESTABLISH_WORLD_DROUGHT_RUN fires when a long run has no world-establishing scene
    ok 3 - STRUCTURE_ESTABLISH_WORLD_DROUGHT_RUN fires when a long run has no world-establishing scene
      ---
      duration_ms: 1.239656
      type: 'test'
      ...
    # Subtest: STRUCTURE_ESTABLISH_WORLD_DROUGHT_RUN does not fire when world-establishing scenes are evenly spread
    ok 4 - STRUCTURE_ESTABLISH_WORLD_DROUGHT_RUN does not fire when world-establishing scenes are evenly spread
      ---
      duration_ms: 1.031044
      type: 'test'
      ...
    # Subtest: STRUCTURE_RESOLUTION_ZONE_CLUSTER fires when >75% of resolution-purposed scenes cluster in one third
    ok 5 - STRUCTURE_RESOLUTION_ZONE_CLUSTER fires when >75% of resolution-purposed scenes cluster in one third
      ---
      duration_ms: 0.915656
      type: 'test'
      ...
    # Subtest: STRUCTURE_RESOLUTION_ZONE_CLUSTER does not fire when resolution-purposed scenes spread across thirds
    ok 6 - STRUCTURE_RESOLUTION_ZONE_CLUSTER does not fire when resolution-purposed scenes spread across thirds
      ---
      duration_ms: 15.320846
      type: 'test'
      ...
    1..6
ok 1857 - Wave 863 — structurePass: structure climax drought run, structure establish world drought run, structure resolution zone cluster
  ---
  duration_ms: 23.287202
  type: 'suite'
  ...
# Subtest: Wave 849 — structurePass: structure positive emotion drought run, structure establish world zone cluster, structure climax zone cluster
    # Subtest: STRUCTURE_POSITIVE_EMOTION_DROUGHT_RUN fires when a long run has no positive-emotion charge
    ok 1 - STRUCTURE_POSITIVE_EMOTION_DROUGHT_RUN fires when a long run has no positive-emotion charge
      ---
      duration_ms: 1.35227
      type: 'test'
      ...
    # Subtest: STRUCTURE_POSITIVE_EMOTION_DROUGHT_RUN does not fire when positive-emotion scenes are evenly spread
    ok 2 - STRUCTURE_POSITIVE_EMOTION_DROUGHT_RUN does not fire when positive-emotion scenes are evenly spread
      ---
      duration_ms: 1.113902
      type: 'test'
      ...
    # Subtest: STRUCTURE_ESTABLISH_WORLD_ZONE_CLUSTER fires when >75% of world-establishing scenes cluster in one third
    ok 3 - STRUCTURE_ESTABLISH_WORLD_ZONE_CLUSTER fires when >75% of world-establishing scenes cluster in one third
      ---
      duration_ms: 0.94732
      type: 'test'
      ...
    # Subtest: STRUCTURE_ESTABLISH_WORLD_ZONE_CLUSTER does not fire when world-establishing scenes spread across thirds
    ok 4 - STRUCTURE_ESTABLISH_WORLD_ZONE_CLUSTER does not fire when world-establishing scenes spread across thirds
      ---
      duration_ms: 0.996671
      type: 'test'
      ...
    # Subtest: STRUCTURE_CLIMAX_ZONE_CLUSTER fires when >75% of climax-purposed scenes cluster in one third
    ok 5 - STRUCTURE_CLIMAX_ZONE_CLUSTER fires when >75% of climax-purposed scenes cluster in one third
      ---
      duration_ms: 1.015018
      type: 'test'
      ...
    # Subtest: STRUCTURE_CLIMAX_ZONE_CLUSTER does not fire when climax-purposed scenes spread across thirds
    ok 6 - STRUCTURE_CLIMAX_ZONE_CLUSTER does not fire when climax-purposed scenes spread across thirds
      ---
      duration_ms: 0.93039
      type: 'test'
      ...
    1..6
ok 1858 - Wave 849 — structurePass: structure positive emotion drought run, structure establish world zone cluster, structure climax zone cluster
  ---
  duration_ms: 6.788593
  type: 'suite'
  ...
# Subtest: Wave 835 — structurePass: structure introduce conflict zone cluster, structure introduce conflict drought run, structure positive emotion zone cluster
    # Subtest: STRUCTURE_INTRODUCE_CONFLICT_ZONE_CLUSTER fires when >75% of conflict-introducing scenes cluster in one third
    ok 1 - STRUCTURE_INTRODUCE_CONFLICT_ZONE_CLUSTER fires when >75% of conflict-introducing scenes cluster in one third
      ---
      duration_ms: 1.140726
      type: 'test'
      ...
    # Subtest: STRUCTURE_INTRODUCE_CONFLICT_ZONE_CLUSTER does not fire when conflict-introducing scenes spread across thirds
    ok 2 - STRUCTURE_INTRODUCE_CONFLICT_ZONE_CLUSTER does not fire when conflict-introducing scenes spread across thirds
      ---
      duration_ms: 0.821106
      type: 'test'
      ...
    # Subtest: STRUCTURE_INTRODUCE_CONFLICT_DROUGHT_RUN fires when a long run has no new conflict
    ok 3 - STRUCTURE_INTRODUCE_CONFLICT_DROUGHT_RUN fires when a long run has no new conflict
      ---
      duration_ms: 1.341633
      type: 'test'
      ...
    # Subtest: STRUCTURE_INTRODUCE_CONFLICT_DROUGHT_RUN does not fire when conflict-introducing scenes are evenly spread
    ok 4 - STRUCTURE_INTRODUCE_CONFLICT_DROUGHT_RUN does not fire when conflict-introducing scenes are evenly spread
      ---
      duration_ms: 1.108754
      type: 'test'
      ...
    # Subtest: STRUCTURE_POSITIVE_EMOTION_ZONE_CLUSTER fires when >75% of positive-emotion scenes cluster in one third
    ok 5 - STRUCTURE_POSITIVE_EMOTION_ZONE_CLUSTER fires when >75% of positive-emotion scenes cluster in one third
      ---
      duration_ms: 0.873617
      type: 'test'
      ...
    # Subtest: STRUCTURE_POSITIVE_EMOTION_ZONE_CLUSTER does not fire when positive-emotion scenes spread across thirds
    ok 6 - STRUCTURE_POSITIVE_EMOTION_ZONE_CLUSTER does not fire when positive-emotion scenes spread across thirds
      ---
      duration_ms: 0.83382
      type: 'test'
      ...
    1..6
ok 1859 - Wave 835 — structurePass: structure introduce conflict zone cluster, structure introduce conflict drought run, structure positive emotion zone cluster
  ---
  duration_ms: 6.462795
  type: 'suite'
  ...
# Subtest: Wave 821 — structurePass: structure character moment drought run, structure turning point zone cluster, structure turning point drought run
    # Subtest: STRUCTURE_CHARACTER_MOMENT_DROUGHT_RUN fires when a long run has no character moment
    ok 1 - STRUCTURE_CHARACTER_MOMENT_DROUGHT_RUN fires when a long run has no character moment
      ---
      duration_ms: 1.540055
      type: 'test'
      ...
    # Subtest: STRUCTURE_CHARACTER_MOMENT_DROUGHT_RUN does not fire when character moments are evenly spread
    ok 2 - STRUCTURE_CHARACTER_MOMENT_DROUGHT_RUN does not fire when character moments are evenly spread
      ---
      duration_ms: 1.072825
      type: 'test'
      ...
    # Subtest: STRUCTURE_TURNING_POINT_ZONE_CLUSTER fires when >75% of turning-point scenes cluster in one third
    ok 3 - STRUCTURE_TURNING_POINT_ZONE_CLUSTER fires when >75% of turning-point scenes cluster in one third
      ---
      duration_ms: 0.862491
      type: 'test'
      ...
    # Subtest: STRUCTURE_TURNING_POINT_ZONE_CLUSTER does not fire when turning-point scenes spread across thirds
    ok 4 - STRUCTURE_TURNING_POINT_ZONE_CLUSTER does not fire when turning-point scenes spread across thirds
      ---
      duration_ms: 1.080716
      type: 'test'
      ...
    # Subtest: STRUCTURE_TURNING_POINT_DROUGHT_RUN fires when a long run has no turning point
    ok 5 - STRUCTURE_TURNING_POINT_DROUGHT_RUN fires when a long run has no turning point
      ---
      duration_ms: 1.034949
      type: 'test'
      ...
    # Subtest: STRUCTURE_TURNING_POINT_DROUGHT_RUN does not fire when turning points are evenly spread
    ok 6 - STRUCTURE_TURNING_POINT_DROUGHT_RUN does not fire when turning points are evenly spread
      ---
      duration_ms: 1.066082
      type: 'test'
      ...
    1..6
ok 1860 - Wave 821 — structurePass: structure character moment drought run, structure turning point zone cluster, structure turning point drought run
  ---
  duration_ms: 7.077159
  type: 'suite'
  ...
# Subtest: Wave 807 — structurePass: structure negative emotion drought run, structure revelation peak uncaused, structure character moment zone cluster
    # Subtest: STRUCTURE_NEGATIVE_EMOTION_DROUGHT_RUN fires when a long run has no negative-emotion charge
    ok 1 - STRUCTURE_NEGATIVE_EMOTION_DROUGHT_RUN fires when a long run has no negative-emotion charge
      ---
      duration_ms: 1.225966
      type: 'test'
      ...
    # Subtest: STRUCTURE_NEGATIVE_EMOTION_DROUGHT_RUN does not fire when negative-emotion scenes are evenly spread
    ok 2 - STRUCTURE_NEGATIVE_EMOTION_DROUGHT_RUN does not fire when negative-emotion scenes are evenly spread
      ---
      duration_ms: 1.148674
      type: 'test'
      ...
    # Subtest: STRUCTURE_REVELATION_PEAK_UNCAUSED fires when the revelation scene has no dramatic turn nearby
    ok 3 - STRUCTURE_REVELATION_PEAK_UNCAUSED fires when the revelation scene has no dramatic turn nearby
      ---
      duration_ms: 0.942551
      type: 'test'
      ...
    # Subtest: STRUCTURE_REVELATION_PEAK_UNCAUSED does not fire when a dramatic turn precedes the revelation scene
    ok 4 - STRUCTURE_REVELATION_PEAK_UNCAUSED does not fire when a dramatic turn precedes the revelation scene
      ---
      duration_ms: 0.904134
      type: 'test'
      ...
    # Subtest: STRUCTURE_CHARACTER_MOMENT_ZONE_CLUSTER fires when >75% of character-moment scenes cluster in one third
    ok 5 - STRUCTURE_CHARACTER_MOMENT_ZONE_CLUSTER fires when >75% of character-moment scenes cluster in one third
      ---
      duration_ms: 0.979379
      type: 'test'
      ...
    # Subtest: STRUCTURE_CHARACTER_MOMENT_ZONE_CLUSTER does not fire when character-moment scenes spread across thirds
    ok 6 - STRUCTURE_CHARACTER_MOMENT_ZONE_CLUSTER does not fire when character-moment scenes spread across thirds
      ---
      duration_ms: 0.909245
      type: 'test'
      ...
    1..6
ok 1861 - Wave 807 — structurePass: structure negative emotion drought run, structure revelation peak uncaused, structure character moment zone cluster
  ---
  duration_ms: 6.374653
  type: 'suite'
  ...
# Subtest: Wave 793 — structurePass: structure negative emotion zone cluster, structure revelation zone cluster, structure revelation drought run
    # Subtest: STRUCTURE_NEGATIVE_EMOTION_ZONE_CLUSTER fires when >75% of negative-emotion scenes cluster in one third
    ok 1 - STRUCTURE_NEGATIVE_EMOTION_ZONE_CLUSTER fires when >75% of negative-emotion scenes cluster in one third
      ---
      duration_ms: 1.029999
      type: 'test'
      ...
    # Subtest: STRUCTURE_NEGATIVE_EMOTION_ZONE_CLUSTER does not fire when negative-emotion scenes spread across thirds
    ok 2 - STRUCTURE_NEGATIVE_EMOTION_ZONE_CLUSTER does not fire when negative-emotion scenes spread across thirds
      ---
      duration_ms: 0.940286
      type: 'test'
      ...
    # Subtest: STRUCTURE_REVELATION_ZONE_CLUSTER fires when >75% of revelation scenes cluster in one third
    ok 3 - STRUCTURE_REVELATION_ZONE_CLUSTER fires when >75% of revelation scenes cluster in one third
      ---
      duration_ms: 1.021196
      type: 'test'
      ...
    # Subtest: STRUCTURE_REVELATION_ZONE_CLUSTER does not fire when revelation scenes spread across thirds
    ok 4 - STRUCTURE_REVELATION_ZONE_CLUSTER does not fire when revelation scenes spread across thirds
      ---
      duration_ms: 0.892632
      type: 'test'
      ...
    # Subtest: STRUCTURE_REVELATION_DROUGHT_RUN fires when a long run has no revelation
    ok 5 - STRUCTURE_REVELATION_DROUGHT_RUN fires when a long run has no revelation
      ---
      duration_ms: 1.089332
      type: 'test'
      ...
    # Subtest: STRUCTURE_REVELATION_DROUGHT_RUN does not fire when revelations are evenly spread
    ok 6 - STRUCTURE_REVELATION_DROUGHT_RUN does not fire when revelations are evenly spread
      ---
      duration_ms: 1.102671
      type: 'test'
      ...
    1..6
ok 1862 - Wave 793 — structurePass: structure negative emotion zone cluster, structure revelation zone cluster, structure revelation drought run
  ---
  duration_ms: 6.425847
  type: 'suite'
  ...
# Subtest: Wave 779 — structurePass: structure turn zone cluster, structure suspense drought run, structure curiosity drought run
    # Subtest: STRUCTURE_TURN_ZONE_CLUSTER fires when >75% of turn scenes cluster in one third
    ok 1 - STRUCTURE_TURN_ZONE_CLUSTER fires when >75% of turn scenes cluster in one third
      ---
      duration_ms: 1.130209
      type: 'test'
      ...
    # Subtest: STRUCTURE_TURN_ZONE_CLUSTER does not fire when turn scenes spread across thirds
    ok 2 - STRUCTURE_TURN_ZONE_CLUSTER does not fire when turn scenes spread across thirds
      ---
      duration_ms: 1.006699
      type: 'test'
      ...
    # Subtest: STRUCTURE_SUSPENSE_DROUGHT_RUN fires when a long run has no rising suspense
    ok 3 - STRUCTURE_SUSPENSE_DROUGHT_RUN fires when a long run has no rising suspense
      ---
      duration_ms: 1.050421
      type: 'test'
      ...
    # Subtest: STRUCTURE_SUSPENSE_DROUGHT_RUN does not fire when suspense rises are evenly spread
    ok 4 - STRUCTURE_SUSPENSE_DROUGHT_RUN does not fire when suspense rises are evenly spread
      ---
      duration_ms: 1.156072
      type: 'test'
      ...
    # Subtest: STRUCTURE_CURIOSITY_DROUGHT_RUN fires when a long run has no rising curiosity
    ok 5 - STRUCTURE_CURIOSITY_DROUGHT_RUN fires when a long run has no rising curiosity
      ---
      duration_ms: 1.26051
      type: 'test'
      ...
    # Subtest: STRUCTURE_CURIOSITY_DROUGHT_RUN does not fire when curiosity rises are evenly spread
    ok 6 - STRUCTURE_CURIOSITY_DROUGHT_RUN does not fire when curiosity rises are evenly spread
      ---
      duration_ms: 1.112789
      type: 'test'
      ...
    1..6
ok 1863 - Wave 779 — structurePass: structure turn zone cluster, structure suspense drought run, structure curiosity drought run
  ---
  duration_ms: 6.991312
  type: 'suite'
  ...
# Subtest: Wave 765 — structurePass: structure suspense zone cluster, structure curiosity zone cluster, structure curiosity peak uncaused
    # Subtest: STRUCTURE_SUSPENSE_ZONE_CLUSTER fires when >75% of suspense-positive scenes cluster in one third
    ok 1 - STRUCTURE_SUSPENSE_ZONE_CLUSTER fires when >75% of suspense-positive scenes cluster in one third
      ---
      duration_ms: 1.060924
      type: 'test'
      ...
    # Subtest: STRUCTURE_SUSPENSE_ZONE_CLUSTER does not fire when suspense-positive scenes spread across thirds
    ok 2 - STRUCTURE_SUSPENSE_ZONE_CLUSTER does not fire when suspense-positive scenes spread across thirds
      ---
      duration_ms: 0.982079
      type: 'test'
      ...
    # Subtest: STRUCTURE_CURIOSITY_ZONE_CLUSTER fires when >75% of curiosity-positive scenes cluster in one third
    ok 3 - STRUCTURE_CURIOSITY_ZONE_CLUSTER fires when >75% of curiosity-positive scenes cluster in one third
      ---
      duration_ms: 0.917593
      type: 'test'
      ...
    # Subtest: STRUCTURE_CURIOSITY_ZONE_CLUSTER does not fire when curiosity-positive scenes spread across thirds
    ok 4 - STRUCTURE_CURIOSITY_ZONE_CLUSTER does not fire when curiosity-positive scenes spread across thirds
      ---
      duration_ms: 0.920366
      type: 'test'
      ...
    # Subtest: STRUCTURE_CURIOSITY_PEAK_UNCAUSED fires when the peak curiosity scene has no preparing cause nearby
    ok 5 - STRUCTURE_CURIOSITY_PEAK_UNCAUSED fires when the peak curiosity scene has no preparing cause nearby
      ---
      duration_ms: 0.93657
      type: 'test'
      ...
    # Subtest: STRUCTURE_CURIOSITY_PEAK_UNCAUSED does not fire when a preparing cause precedes the peak curiosity scene
    ok 6 - STRUCTURE_CURIOSITY_PEAK_UNCAUSED does not fire when a preparing cause precedes the peak curiosity scene
      ---
      duration_ms: 0.953652
      type: 'test'
      ...
    1..6
ok 1864 - Wave 765 — structurePass: structure suspense zone cluster, structure curiosity zone cluster, structure curiosity peak uncaused
  ---
  duration_ms: 6.026016
  type: 'suite'
  ...
# Subtest: Wave 751 — structurePass: structure clock delta zone cluster, structure turn drought run, structure stakes drought run
    # Subtest: STRUCTURE_CLOCK_DELTA_ZONE_CLUSTER fires when >75% of clock-shifting scenes cluster in one third
    ok 1 - STRUCTURE_CLOCK_DELTA_ZONE_CLUSTER fires when >75% of clock-shifting scenes cluster in one third
      ---
      duration_ms: 1.08593
      type: 'test'
      ...
    # Subtest: STRUCTURE_CLOCK_DELTA_ZONE_CLUSTER does not fire when clock movement is distributed across thirds
    ok 2 - STRUCTURE_CLOCK_DELTA_ZONE_CLUSTER does not fire when clock movement is distributed across thirds
      ---
      duration_ms: 0.923047
      type: 'test'
      ...
    # Subtest: STRUCTURE_TURN_DROUGHT_RUN fires when the longest no-dramatic-turn run reaches 6
    ok 3 - STRUCTURE_TURN_DROUGHT_RUN fires when the longest no-dramatic-turn run reaches 6
      ---
      duration_ms: 1.756568
      type: 'test'
      ...
    # Subtest: STRUCTURE_TURN_DROUGHT_RUN does not fire when dramatic turns are spread through the story
    ok 4 - STRUCTURE_TURN_DROUGHT_RUN does not fire when dramatic turns are spread through the story
      ---
      duration_ms: 1.068974
      type: 'test'
      ...
    # Subtest: STRUCTURE_STAKES_DROUGHT_RUN fires when the longest no-stakes-raise run reaches 6
    ok 5 - STRUCTURE_STAKES_DROUGHT_RUN fires when the longest no-stakes-raise run reaches 6
      ---
      duration_ms: 1.039577
      type: 'test'
      ...
    # Subtest: STRUCTURE_STAKES_DROUGHT_RUN does not fire when stakes-raising scenes are spread through the story
    ok 6 - STRUCTURE_STAKES_DROUGHT_RUN does not fire when stakes-raising scenes are spread through the story
      ---
      duration_ms: 0.983535
      type: 'test'
      ...
    1..6
ok 1865 - Wave 751 — structurePass: structure clock delta zone cluster, structure turn drought run, structure stakes drought run
  ---
  duration_ms: 7.185246
  type: 'suite'
  ...
# Subtest: Wave 737 — structurePass: structure payoff drought run, structure relationship peak uncaused, structure clock delta drought run
    # Subtest: STRUCTURE_PAYOFF_DROUGHT_RUN fires when the longest no-payoff run reaches 6
    ok 1 - STRUCTURE_PAYOFF_DROUGHT_RUN fires when the longest no-payoff run reaches 6
      ---
      duration_ms: 1.249479
      type: 'test'
      ...
    # Subtest: STRUCTURE_PAYOFF_DROUGHT_RUN does not fire when payoffs are spread through the story
    ok 2 - STRUCTURE_PAYOFF_DROUGHT_RUN does not fire when payoffs are spread through the story
      ---
      duration_ms: 1.014754
      type: 'test'
      ...
    # Subtest: STRUCTURE_RELATIONSHIP_PEAK_UNCAUSED fires when the peak relationship-shift scene has no dramatic turn or revelation nearby
    ok 3 - STRUCTURE_RELATIONSHIP_PEAK_UNCAUSED fires when the peak relationship-shift scene has no dramatic turn or revelation nearby
      ---
      duration_ms: 0.850135
      type: 'test'
      ...
    # Subtest: STRUCTURE_RELATIONSHIP_PEAK_UNCAUSED does not fire when a dramatic turn precedes the peak within the lookback
    ok 4 - STRUCTURE_RELATIONSHIP_PEAK_UNCAUSED does not fire when a dramatic turn precedes the peak within the lookback
      ---
      duration_ms: 0.978095
      type: 'test'
      ...
    # Subtest: STRUCTURE_CLOCK_DELTA_DROUGHT_RUN fires when the longest no-clock-movement run reaches 6
    ok 5 - STRUCTURE_CLOCK_DELTA_DROUGHT_RUN fires when the longest no-clock-movement run reaches 6
      ---
      duration_ms: 1.051323
      type: 'test'
      ...
    # Subtest: STRUCTURE_CLOCK_DELTA_DROUGHT_RUN does not fire when clock movement is spread through the story
    ok 6 - STRUCTURE_CLOCK_DELTA_DROUGHT_RUN does not fire when clock movement is spread through the story
      ---
      duration_ms: 0.996992
      type: 'test'
      ...
    1..6
ok 1866 - Wave 737 — structurePass: structure payoff drought run, structure relationship peak uncaused, structure clock delta drought run
  ---
  duration_ms: 6.487713
  type: 'suite'
  ...
# Subtest: Wave 723 — structurePass: structure payoff zone cluster, structure relationship zone cluster, structure clock drought run
    # Subtest: STRUCTURE_PAYOFF_ZONE_CLUSTER fires when >75% of payoff scenes cluster in one third
    ok 1 - STRUCTURE_PAYOFF_ZONE_CLUSTER fires when >75% of payoff scenes cluster in one third
      ---
      duration_ms: 1.02539
      type: 'test'
      ...
    # Subtest: STRUCTURE_PAYOFF_ZONE_CLUSTER does not fire when payoff scenes are distributed across thirds
    ok 2 - STRUCTURE_PAYOFF_ZONE_CLUSTER does not fire when payoff scenes are distributed across thirds
      ---
      duration_ms: 0.991077
      type: 'test'
      ...
    # Subtest: STRUCTURE_RELATIONSHIP_ZONE_CLUSTER fires when >75% of relationship-shift scenes cluster in one third
    ok 3 - STRUCTURE_RELATIONSHIP_ZONE_CLUSTER fires when >75% of relationship-shift scenes cluster in one third
      ---
      duration_ms: 0.946526
      type: 'test'
      ...
    # Subtest: STRUCTURE_RELATIONSHIP_ZONE_CLUSTER does not fire when relationship-shift scenes are distributed across thirds
    ok 4 - STRUCTURE_RELATIONSHIP_ZONE_CLUSTER does not fire when relationship-shift scenes are distributed across thirds
      ---
      duration_ms: 0.886086
      type: 'test'
      ...
    # Subtest: STRUCTURE_CLOCK_DROUGHT_RUN fires when the longest no-clock run is ≥6
    ok 5 - STRUCTURE_CLOCK_DROUGHT_RUN fires when the longest no-clock run is ≥6
      ---
      duration_ms: 1.080875
      type: 'test'
      ...
    # Subtest: STRUCTURE_CLOCK_DROUGHT_RUN does not fire when clock raises are distributed without a long drought
    ok 6 - STRUCTURE_CLOCK_DROUGHT_RUN does not fire when clock raises are distributed without a long drought
      ---
      duration_ms: 1.102141
      type: 'test'
      ...
    1..6
ok 1867 - Wave 723 — structurePass: structure payoff zone cluster, structure relationship zone cluster, structure clock drought run
  ---
  duration_ms: 6.302685
  type: 'suite'
  ...
# Subtest: Wave 709 — structurePass: structure highlight drought run, structure open thread zone cluster, structure seed peak uncaused
    # Subtest: STRUCTURE_HIGHLIGHT_DROUGHT_RUN fires when the longest no-highlighted-dialogue run is ≥6
    ok 1 - STRUCTURE_HIGHLIGHT_DROUGHT_RUN fires when the longest no-highlighted-dialogue run is ≥6
      ---
      duration_ms: 1.248642
      type: 'test'
      ...
    # Subtest: STRUCTURE_HIGHLIGHT_DROUGHT_RUN does not fire when highlighted dialogue is distributed without a long drought
    ok 2 - STRUCTURE_HIGHLIGHT_DROUGHT_RUN does not fire when highlighted dialogue is distributed without a long drought
      ---
      duration_ms: 1.071975
      type: 'test'
      ...
    # Subtest: STRUCTURE_OPEN_THREAD_ZONE_CLUSTER fires when >75% of open-thread scenes cluster in one third
    ok 3 - STRUCTURE_OPEN_THREAD_ZONE_CLUSTER fires when >75% of open-thread scenes cluster in one third
      ---
      duration_ms: 1.029617
      type: 'test'
      ...
    # Subtest: STRUCTURE_OPEN_THREAD_ZONE_CLUSTER does not fire when open-thread scenes are distributed across thirds
    ok 4 - STRUCTURE_OPEN_THREAD_ZONE_CLUSTER does not fire when open-thread scenes are distributed across thirds
      ---
      duration_ms: 0.962317
      type: 'test'
      ...
    # Subtest: STRUCTURE_SEED_PEAK_UNCAUSED fires when the peak seed scene has no dramatic turn or revelation nearby
    ok 5 - STRUCTURE_SEED_PEAK_UNCAUSED fires when the peak seed scene has no dramatic turn or revelation nearby
      ---
      duration_ms: 0.887744
      type: 'test'
      ...
    # Subtest: STRUCTURE_SEED_PEAK_UNCAUSED does not fire when a dramatic turn precedes the peak within the lookback
    ok 6 - STRUCTURE_SEED_PEAK_UNCAUSED does not fire when a dramatic turn precedes the peak within the lookback
      ---
      duration_ms: 0.865342
      type: 'test'
      ...
    1..6
ok 1868 - Wave 709 — structurePass: structure highlight drought run, structure open thread zone cluster, structure seed peak uncaused
  ---
  duration_ms: 6.338795
  type: 'suite'
  ...
# Subtest: Wave 695 — structurePass: structure open thread peak uncaused, structure seed drought run, structure staging zone cluster
    # Subtest: STRUCTURE_OPEN_THREAD_PEAK_UNCAUSED fires when the peak open-thread scene has no dramatic turn or revelation nearby
    ok 1 - STRUCTURE_OPEN_THREAD_PEAK_UNCAUSED fires when the peak open-thread scene has no dramatic turn or revelation nearby
      ---
      duration_ms: 1.107729
      type: 'test'
      ...
    # Subtest: STRUCTURE_OPEN_THREAD_PEAK_UNCAUSED does not fire when a dramatic turn precedes the peak within the lookback
    ok 2 - STRUCTURE_OPEN_THREAD_PEAK_UNCAUSED does not fire when a dramatic turn precedes the peak within the lookback
      ---
      duration_ms: 5.536938
      type: 'test'
      ...
    # Subtest: STRUCTURE_SEED_DROUGHT_RUN fires when the longest no-seed run is ≥6
    ok 3 - STRUCTURE_SEED_DROUGHT_RUN fires when the longest no-seed run is ≥6
      ---
      duration_ms: 1.132275
      type: 'test'
      ...
    # Subtest: STRUCTURE_SEED_DROUGHT_RUN does not fire when seeds are distributed without a long drought
    ok 4 - STRUCTURE_SEED_DROUGHT_RUN does not fire when seeds are distributed without a long drought
      ---
      duration_ms: 1.101884
      type: 'test'
      ...
    # Subtest: STRUCTURE_STAGING_ZONE_CLUSTER fires when >75% of visually dense scenes cluster in one third
    ok 5 - STRUCTURE_STAGING_ZONE_CLUSTER fires when >75% of visually dense scenes cluster in one third
      ---
      duration_ms: 1.150964
      type: 'test'
      ...
    # Subtest: STRUCTURE_STAGING_ZONE_CLUSTER does not fire when visually dense scenes are distributed across thirds
    ok 6 - STRUCTURE_STAGING_ZONE_CLUSTER does not fire when visually dense scenes are distributed across thirds
      ---
      duration_ms: 0.942667
      type: 'test'
      ...
    1..6
ok 1869 - Wave 695 — structurePass: structure open thread peak uncaused, structure seed drought run, structure staging zone cluster
  ---
  duration_ms: 11.329156
  type: 'suite'
  ...
# Subtest: Wave 681 — structurePass: structure clock delta peak uncaused, structure staging drought run, structure stakes zone cluster
    # Subtest: STRUCTURE_CLOCK_DELTA_PEAK_UNCAUSED fires when the peak clockDelta scene has no dramatic turn or revelation nearby
    ok 1 - STRUCTURE_CLOCK_DELTA_PEAK_UNCAUSED fires when the peak clockDelta scene has no dramatic turn or revelation nearby
      ---
      duration_ms: 1.041764
      type: 'test'
      ...
    # Subtest: STRUCTURE_CLOCK_DELTA_PEAK_UNCAUSED does not fire when a dramatic turn precedes the peak within the lookback
    ok 2 - STRUCTURE_CLOCK_DELTA_PEAK_UNCAUSED does not fire when a dramatic turn precedes the peak within the lookback
      ---
      duration_ms: 0.965716
      type: 'test'
      ...
    # Subtest: STRUCTURE_STAGING_DROUGHT_RUN fires when the longest no-staging run is ≥6
    ok 3 - STRUCTURE_STAGING_DROUGHT_RUN fires when the longest no-staging run is ≥6
      ---
      duration_ms: 1.077049
      type: 'test'
      ...
    # Subtest: STRUCTURE_STAGING_DROUGHT_RUN does not fire when staging is distributed without a long drought
    ok 4 - STRUCTURE_STAGING_DROUGHT_RUN does not fire when staging is distributed without a long drought
      ---
      duration_ms: 1.061464
      type: 'test'
      ...
    # Subtest: STRUCTURE_STAKES_ZONE_CLUSTER fires when >75% of stakes-raising scenes cluster in one third
    ok 5 - STRUCTURE_STAKES_ZONE_CLUSTER fires when >75% of stakes-raising scenes cluster in one third
      ---
      duration_ms: 0.946967
      type: 'test'
      ...
    # Subtest: STRUCTURE_STAKES_ZONE_CLUSTER does not fire when stakes-raising scenes are distributed across thirds
    ok 6 - STRUCTURE_STAKES_ZONE_CLUSTER does not fire when stakes-raising scenes are distributed across thirds
      ---
      duration_ms: 0.945485
      type: 'test'
      ...
    1..6
ok 1870 - Wave 681 — structurePass: structure clock delta peak uncaused, structure staging drought run, structure stakes zone cluster
  ---
  duration_ms: 6.385725
  type: 'suite'
  ...
# Subtest: Wave 667 — structurePass: structure payoff peak uncaused, structure relationship drought run, structure clock zone cluster
    # Subtest: STRUCTURE_PAYOFF_PEAK_UNCAUSED fires when the peak payoff scene has no dramatic turn or revelation nearby
    ok 1 - STRUCTURE_PAYOFF_PEAK_UNCAUSED fires when the peak payoff scene has no dramatic turn or revelation nearby
      ---
      duration_ms: 1.006406
      type: 'test'
      ...
    # Subtest: STRUCTURE_PAYOFF_PEAK_UNCAUSED does not fire when a dramatic turn precedes the peak within the lookback
    ok 2 - STRUCTURE_PAYOFF_PEAK_UNCAUSED does not fire when a dramatic turn precedes the peak within the lookback
      ---
      duration_ms: 0.928021
      type: 'test'
      ...
    # Subtest: STRUCTURE_RELATIONSHIP_DROUGHT_RUN fires when the longest no-shift run is ≥6
    ok 3 - STRUCTURE_RELATIONSHIP_DROUGHT_RUN fires when the longest no-shift run is ≥6
      ---
      duration_ms: 1.133393
      type: 'test'
      ...
    # Subtest: STRUCTURE_RELATIONSHIP_DROUGHT_RUN does not fire when shifts are distributed without a long drought
    ok 4 - STRUCTURE_RELATIONSHIP_DROUGHT_RUN does not fire when shifts are distributed without a long drought
      ---
      duration_ms: 1.006646
      type: 'test'
      ...
    # Subtest: STRUCTURE_CLOCK_ZONE_CLUSTER fires when >75% of clock-raised scenes cluster in one third
    ok 5 - STRUCTURE_CLOCK_ZONE_CLUSTER fires when >75% of clock-raised scenes cluster in one third
      ---
      duration_ms: 0.974701
      type: 'test'
      ...
    # Subtest: STRUCTURE_CLOCK_ZONE_CLUSTER does not fire when clock-raised scenes are distributed across thirds
    ok 6 - STRUCTURE_CLOCK_ZONE_CLUSTER does not fire when clock-raised scenes are distributed across thirds
      ---
      duration_ms: 0.870597
      type: 'test'
      ...
    1..6
ok 1871 - Wave 667 — structurePass: structure payoff peak uncaused, structure relationship drought run, structure clock zone cluster
  ---
  duration_ms: 6.179136
  type: 'suite'
  ...
# Subtest: Wave 653 — structurePass: structure highlight peak uncaused, structure open thread drought run, structure seed zone cluster
    # Subtest: STRUCTURE_HIGHLIGHT_PEAK_UNCAUSED fires when the peak highlighted-dialogue scene has no dramatic turn or revelation nearby
    ok 1 - STRUCTURE_HIGHLIGHT_PEAK_UNCAUSED fires when the peak highlighted-dialogue scene has no dramatic turn or revelation nearby
      ---
      duration_ms: 1.105274
      type: 'test'
      ...
    # Subtest: STRUCTURE_HIGHLIGHT_PEAK_UNCAUSED does not fire when a dramatic turn precedes the peak within the lookback
    ok 2 - STRUCTURE_HIGHLIGHT_PEAK_UNCAUSED does not fire when a dramatic turn precedes the peak within the lookback
      ---
      duration_ms: 0.79873
      type: 'test'
      ...
    # Subtest: STRUCTURE_OPEN_THREAD_DROUGHT_RUN fires when the longest no-debt run is ≥6
    ok 3 - STRUCTURE_OPEN_THREAD_DROUGHT_RUN fires when the longest no-debt run is ≥6
      ---
      duration_ms: 1.168105
      type: 'test'
      ...
    # Subtest: STRUCTURE_OPEN_THREAD_DROUGHT_RUN does not fire when debt is distributed without a long drought
    ok 4 - STRUCTURE_OPEN_THREAD_DROUGHT_RUN does not fire when debt is distributed without a long drought
      ---
      duration_ms: 1.032574
      type: 'test'
      ...
    # Subtest: STRUCTURE_SEED_ZONE_CLUSTER fires when >75% of seed scenes cluster in one third
    ok 5 - STRUCTURE_SEED_ZONE_CLUSTER fires when >75% of seed scenes cluster in one third
      ---
      duration_ms: 1.006234
      type: 'test'
      ...
    # Subtest: STRUCTURE_SEED_ZONE_CLUSTER does not fire when seed scenes are distributed across thirds
    ok 6 - STRUCTURE_SEED_ZONE_CLUSTER does not fire when seed scenes are distributed across thirds
      ---
      duration_ms: 0.868353
      type: 'test'
      ...
    1..6
ok 1872 - Wave 653 — structurePass: structure highlight peak uncaused, structure open thread drought run, structure seed zone cluster
  ---
  duration_ms: 6.357948
  type: 'suite'
  ...
# Subtest: Wave 639 — structurePass: structure dialogue highlight zone cluster, structure highlight open thread decoupled, structure open thread highlight aftermath void
    # Subtest: STRUCTURE_DIALOGUE_HIGHLIGHT_ZONE_CLUSTER fires when >75% of dialogue-highlight scenes cluster in one third
    ok 1 - STRUCTURE_DIALOGUE_HIGHLIGHT_ZONE_CLUSTER fires when >75% of dialogue-highlight scenes cluster in one third
      ---
      duration_ms: 1.080948
      type: 'test'
      ...
    # Subtest: STRUCTURE_DIALOGUE_HIGHLIGHT_ZONE_CLUSTER does not fire when dialogue highlights are distributed across thirds
    ok 2 - STRUCTURE_DIALOGUE_HIGHLIGHT_ZONE_CLUSTER does not fire when dialogue highlights are distributed across thirds
      ---
      duration_ms: 0.964859
      type: 'test'
      ...
    # Subtest: STRUCTURE_HIGHLIGHT_OPEN_THREAD_DECOUPLED fires when dialogue-highlight scenes and open-thread scenes never overlap
    ok 3 - STRUCTURE_HIGHLIGHT_OPEN_THREAD_DECOUPLED fires when dialogue-highlight scenes and open-thread scenes never overlap
      ---
      duration_ms: 0.825672
      type: 'test'
      ...
    # Subtest: STRUCTURE_HIGHLIGHT_OPEN_THREAD_DECOUPLED does not fire when a scene carries both signals
    ok 4 - STRUCTURE_HIGHLIGHT_OPEN_THREAD_DECOUPLED does not fire when a scene carries both signals
      ---
      duration_ms: 0.657042
      type: 'test'
      ...
    # Subtest: STRUCTURE_OPEN_THREAD_HIGHLIGHT_AFTERMATH_VOID fires when heavy clue-debt scenes are never followed by a dialogue highlight
    ok 5 - STRUCTURE_OPEN_THREAD_HIGHLIGHT_AFTERMATH_VOID fires when heavy clue-debt scenes are never followed by a dialogue highlight
      ---
      duration_ms: 0.940258
      type: 'test'
      ...
    # Subtest: STRUCTURE_OPEN_THREAD_HIGHLIGHT_AFTERMATH_VOID does not fire when a trigger window contains a dialogue highlight
    ok 6 - STRUCTURE_OPEN_THREAD_HIGHLIGHT_AFTERMATH_VOID does not fire when a trigger window contains a dialogue highlight
      ---
      duration_ms: 0.919568
      type: 'test'
      ...
    1..6
ok 1873 - Wave 639 — structurePass: structure dialogue highlight zone cluster, structure highlight open thread decoupled, structure open thread highlight aftermath void
  ---
  duration_ms: 5.640904
  type: 'suite'
  ...
# Subtest: Wave 625 — structurePass: structural staging open thread decoupled, dramatic turn staging aftermath void, structural staging peak uncaused
    # Subtest: STRUCTURAL_STAGING_OPEN_THREAD_DECOUPLED fires when visually-staged scenes and open-thread scenes never overlap
    ok 1 - STRUCTURAL_STAGING_OPEN_THREAD_DECOUPLED fires when visually-staged scenes and open-thread scenes never overlap
      ---
      duration_ms: 1.638309
      type: 'test'
      ...
    # Subtest: STRUCTURAL_STAGING_OPEN_THREAD_DECOUPLED does not fire when a scene carries both signals
    ok 2 - STRUCTURAL_STAGING_OPEN_THREAD_DECOUPLED does not fire when a scene carries both signals
      ---
      duration_ms: 0.751016
      type: 'test'
      ...
    # Subtest: DRAMATIC_TURN_STAGING_AFTERMATH_VOID fires when no dramatic turn is followed by a visually dense scene within 2 scenes
    ok 3 - DRAMATIC_TURN_STAGING_AFTERMATH_VOID fires when no dramatic turn is followed by a visually dense scene within 2 scenes
      ---
      duration_ms: 0.923902
      type: 'test'
      ...
    # Subtest: DRAMATIC_TURN_STAGING_AFTERMATH_VOID does not fire when a trigger window contains a visually dense scene
    ok 4 - DRAMATIC_TURN_STAGING_AFTERMATH_VOID does not fire when a trigger window contains a visually dense scene
      ---
      duration_ms: 0.869799
      type: 'test'
      ...
    # Subtest: STRUCTURAL_STAGING_PEAK_UNCAUSED fires when the peak physical-staging scene has no revelation or dramatic turn nearby
    ok 5 - STRUCTURAL_STAGING_PEAK_UNCAUSED fires when the peak physical-staging scene has no revelation or dramatic turn nearby
      ---
      duration_ms: 0.92747
      type: 'test'
      ...
    # Subtest: STRUCTURAL_STAGING_PEAK_UNCAUSED does not fire when a dramatic turn precedes the peak within the lookback
    ok 6 - STRUCTURAL_STAGING_PEAK_UNCAUSED does not fire when a dramatic turn precedes the peak within the lookback
      ---
      duration_ms: 0.884784
      type: 'test'
      ...
    1..6
ok 1874 - Wave 625 — structurePass: structural staging open thread decoupled, dramatic turn staging aftermath void, structural staging peak uncaused
  ---
  duration_ms: 6.261169
  type: 'suite'
  ...
# Subtest: Wave 611 — structurePass: visual beat structural imbalance, payoff scene turn decoupled, payoff dialogue highlight aftermath void
    # Subtest: VISUAL_BEAT_STRUCTURAL_IMBALANCE fires when one zone is empty of visually dense scenes while another is bloated
    ok 1 - VISUAL_BEAT_STRUCTURAL_IMBALANCE fires when one zone is empty of visually dense scenes while another is bloated
      ---
      duration_ms: 1.292113
      type: 'test'
      ...
    # Subtest: VISUAL_BEAT_STRUCTURAL_IMBALANCE does not fire when every zone has a visually dense scene
    ok 2 - VISUAL_BEAT_STRUCTURAL_IMBALANCE does not fire when every zone has a visually dense scene
      ---
      duration_ms: 1.286851
      type: 'test'
      ...
    # Subtest: PAYOFF_SCENE_TURN_DECOUPLED fires when payoff scenes and dramatic-turn scenes never overlap
    ok 3 - PAYOFF_SCENE_TURN_DECOUPLED fires when payoff scenes and dramatic-turn scenes never overlap
      ---
      duration_ms: 0.892717
      type: 'test'
      ...
    # Subtest: PAYOFF_SCENE_TURN_DECOUPLED does not fire when a scene carries both signals
    ok 4 - PAYOFF_SCENE_TURN_DECOUPLED does not fire when a scene carries both signals
      ---
      duration_ms: 0.939909
      type: 'test'
      ...
    # Subtest: PAYOFF_DIALOGUE_HIGHLIGHT_AFTERMATH_VOID fires when no payoff is followed by a dialogue highlight within 2 scenes
    ok 5 - PAYOFF_DIALOGUE_HIGHLIGHT_AFTERMATH_VOID fires when no payoff is followed by a dialogue highlight within 2 scenes
      ---
      duration_ms: 0.851735
      type: 'test'
      ...
    # Subtest: PAYOFF_DIALOGUE_HIGHLIGHT_AFTERMATH_VOID does not fire when a trigger window contains a dialogue highlight
    ok 6 - PAYOFF_DIALOGUE_HIGHLIGHT_AFTERMATH_VOID does not fire when a trigger window contains a dialogue highlight
      ---
      duration_ms: 0.97282
      type: 'test'
      ...
    1..6
ok 1875 - Wave 611 — structurePass: visual beat structural imbalance, payoff scene turn decoupled, payoff dialogue highlight aftermath void
  ---
  duration_ms: 6.516216
  type: 'suite'
  ...
# Subtest: Wave 597 — structurePass: unresolved clue debt escalation absent, dialogue highlight drought run, dialogue highlight zone imbalance
    # Subtest: UNRESOLVED_CLUE_DEBT_ESCALATION_ABSENT fires when second-half debt is not lower than first-half debt
    ok 1 - UNRESOLVED_CLUE_DEBT_ESCALATION_ABSENT fires when second-half debt is not lower than first-half debt
      ---
      duration_ms: 1.172356
      type: 'test'
      ...
    # Subtest: UNRESOLVED_CLUE_DEBT_ESCALATION_ABSENT does not fire when second-half debt is lower than first-half debt
    ok 2 - UNRESOLVED_CLUE_DEBT_ESCALATION_ABSENT does not fire when second-half debt is lower than first-half debt
      ---
      duration_ms: 1.164545
      type: 'test'
      ...
    # Subtest: DIALOGUE_HIGHLIGHT_DROUGHT_RUN fires when ≥6 consecutive scenes have no dialogue highlights
    ok 3 - DIALOGUE_HIGHLIGHT_DROUGHT_RUN fires when ≥6 consecutive scenes have no dialogue highlights
      ---
      duration_ms: 1.087126
      type: 'test'
      ...
    # Subtest: DIALOGUE_HIGHLIGHT_DROUGHT_RUN does not fire when highlights are spread with no long gap
    ok 4 - DIALOGUE_HIGHLIGHT_DROUGHT_RUN does not fire when highlights are spread with no long gap
      ---
      duration_ms: 1.135626
      type: 'test'
      ...
    # Subtest: DIALOGUE_HIGHLIGHT_ZONE_IMBALANCE fires when one zone has zero highlights and another has ≥50%
    ok 5 - DIALOGUE_HIGHLIGHT_ZONE_IMBALANCE fires when one zone has zero highlights and another has ≥50%
      ---
      duration_ms: 1.102694
      type: 'test'
      ...
    # Subtest: DIALOGUE_HIGHLIGHT_ZONE_IMBALANCE does not fire when highlights are spread across all zones
    ok 6 - DIALOGUE_HIGHLIGHT_ZONE_IMBALANCE does not fire when highlights are spread across all zones
      ---
      duration_ms: 1.052065
      type: 'test'
      ...
    1..6
ok 1876 - Wave 597 — structurePass: unresolved clue debt escalation absent, dialogue highlight drought run, dialogue highlight zone imbalance
  ---
  duration_ms: 6.98473
  type: 'suite'
  ...
# Subtest: Wave 583 — structurePass: turn suspense decoupled, clock aftermath emotion void, peak suspense curiosity void
    # Subtest: TURN_SUSPENSE_DECOUPLED fires when turn scenes and suspense scenes never overlap
    ok 1 - TURN_SUSPENSE_DECOUPLED fires when turn scenes and suspense scenes never overlap
      ---
      duration_ms: 1.462446
      type: 'test'
      ...
    # Subtest: TURN_SUSPENSE_DECOUPLED does not fire when a turn scene also has suspense
    ok 2 - TURN_SUSPENSE_DECOUPLED does not fire when a turn scene also has suspense
      ---
      duration_ms: 0.844274
      type: 'test'
      ...
    # Subtest: CLOCK_AFTERMATH_EMOTION_VOID fires when no emotional scene follows any clock raise
    ok 3 - CLOCK_AFTERMATH_EMOTION_VOID fires when no emotional scene follows any clock raise
      ---
      duration_ms: 0.818533
      type: 'test'
      ...
    # Subtest: CLOCK_AFTERMATH_EMOTION_VOID does not fire when an emotional scene follows a clock raise
    ok 4 - CLOCK_AFTERMATH_EMOTION_VOID does not fire when an emotional scene follows a clock raise
      ---
      duration_ms: 0.730629
      type: 'test'
      ...
    # Subtest: PEAK_SUSPENSE_CURIOSITY_VOID fires when peak suspense scene has no curiosity
    ok 5 - PEAK_SUSPENSE_CURIOSITY_VOID fires when peak suspense scene has no curiosity
      ---
      duration_ms: 0.946033
      type: 'test'
      ...
    # Subtest: PEAK_SUSPENSE_CURIOSITY_VOID does not fire when peak suspense scene also has curiosity
    ok 6 - PEAK_SUSPENSE_CURIOSITY_VOID does not fire when peak suspense scene also has curiosity
      ---
      duration_ms: 0.821914
      type: 'test'
      ...
    1..6
ok 1877 - Wave 583 — structurePass: turn suspense decoupled, clock aftermath emotion void, peak suspense curiosity void
  ---
  duration_ms: 5.954848
  type: 'suite'
  ...
# Subtest: Wave 569 — structurePass: turn aftermath clock void, turn curiosity decoupled, midpoint clock void
    # Subtest: TURN_AFTERMATH_CLOCK_VOID fires when no dramatic turn is followed by a clock within 2 scenes
    ok 1 - TURN_AFTERMATH_CLOCK_VOID fires when no dramatic turn is followed by a clock within 2 scenes
      ---
      duration_ms: 1.692265
      type: 'test'
      ...
    # Subtest: TURN_AFTERMATH_CLOCK_VOID does not fire when a turn aftermath raises a clock
    ok 2 - TURN_AFTERMATH_CLOCK_VOID does not fire when a turn aftermath raises a clock
      ---
      duration_ms: 1.117693
      type: 'test'
      ...
    # Subtest: TURN_CURIOSITY_DECOUPLED fires when turn scenes and curiosity scenes never overlap
    ok 3 - TURN_CURIOSITY_DECOUPLED fires when turn scenes and curiosity scenes never overlap
      ---
      duration_ms: 0.87733
      type: 'test'
      ...
    # Subtest: TURN_CURIOSITY_DECOUPLED does not fire when a turn scene also raises curiosity
    ok 4 - TURN_CURIOSITY_DECOUPLED does not fire when a turn scene also raises curiosity
      ---
      duration_ms: 0.856544
      type: 'test'
      ...
    # Subtest: MIDPOINT_CLOCK_VOID fires when the 40%-60% midpoint window has no clock while clocks exist elsewhere
    ok 5 - MIDPOINT_CLOCK_VOID fires when the 40%-60% midpoint window has no clock while clocks exist elsewhere
      ---
      duration_ms: 1.00196
      type: 'test'
      ...
    # Subtest: MIDPOINT_CLOCK_VOID does not fire when a clock is raised in the midpoint window
    ok 6 - MIDPOINT_CLOCK_VOID does not fire when a clock is raised in the midpoint window
      ---
      duration_ms: 0.988408
      type: 'test'
      ...
    1..6
ok 1878 - Wave 569 — structurePass: turn aftermath clock void, turn curiosity decoupled, midpoint clock void
  ---
  duration_ms: 6.869674
  type: 'suite'
  ...
# Subtest: Wave 555 — structurePass: clock suspense decoupled, revelation causeless, turn aftermath emotion void
    # Subtest: CLOCK_SUSPENSE_DECOUPLED fires when clock scenes and suspense scenes never overlap
    ok 1 - CLOCK_SUSPENSE_DECOUPLED fires when clock scenes and suspense scenes never overlap
      ---
      duration_ms: 1.190323
      type: 'test'
      ...
    # Subtest: CLOCK_SUSPENSE_DECOUPLED does not fire when at least one scene has both clock and suspense
    ok 2 - CLOCK_SUSPENSE_DECOUPLED does not fire when at least one scene has both clock and suspense
      ---
      duration_ms: 0.979587
      type: 'test'
      ...
    # Subtest: REVELATION_CAUSELESS fires when all revelations at pos≥3 lack prior build-up
    ok 3 - REVELATION_CAUSELESS fires when all revelations at pos≥3 lack prior build-up
      ---
      duration_ms: 1.060658
      type: 'test'
      ...
    # Subtest: REVELATION_CAUSELESS does not fire when at least one revelation is preceded by a suspense spike
    ok 4 - REVELATION_CAUSELESS does not fire when at least one revelation is preceded by a suspense spike
      ---
      duration_ms: 1.203955
      type: 'test'
      ...
    # Subtest: TURN_AFTERMATH_EMOTION_VOID fires when no dramatic turn is followed by emotional shift within 2 scenes
    ok 5 - TURN_AFTERMATH_EMOTION_VOID fires when no dramatic turn is followed by emotional shift within 2 scenes
      ---
      duration_ms: 1.13618
      type: 'test'
      ...
    # Subtest: TURN_AFTERMATH_EMOTION_VOID does not fire when a turn is followed by emotional shift within 2 scenes
    ok 6 - TURN_AFTERMATH_EMOTION_VOID does not fire when a turn is followed by emotional shift within 2 scenes
      ---
      duration_ms: 1.261911
      type: 'test'
      ...
    1..6
ok 1879 - Wave 555 — structurePass: clock suspense decoupled, revelation causeless, turn aftermath emotion void
  ---
  duration_ms: 7.163115
  type: 'suite'
  ...
# Subtest: Wave 541 — structurePass: revelation aftermath suspense void, turn aftermath curiosity void, emotional neutral run
    # Subtest: REVELATION_AFTERMATH_SUSPENSE_VOID fires when no revelation is followed by a suspense spike
    ok 1 - REVELATION_AFTERMATH_SUSPENSE_VOID fires when no revelation is followed by a suspense spike
      ---
      duration_ms: 1.712597
      type: 'test'
      ...
    # Subtest: REVELATION_AFTERMATH_SUSPENSE_VOID does not fire when a revelation is followed by a suspense spike
    ok 2 - REVELATION_AFTERMATH_SUSPENSE_VOID does not fire when a revelation is followed by a suspense spike
      ---
      duration_ms: 0.920256
      type: 'test'
      ...
    # Subtest: TURN_AFTERMATH_CURIOSITY_VOID fires when no dramatic turn is followed by a curiosity spike
    ok 3 - TURN_AFTERMATH_CURIOSITY_VOID fires when no dramatic turn is followed by a curiosity spike
      ---
      duration_ms: 1.215248
      type: 'test'
      ...
    # Subtest: TURN_AFTERMATH_CURIOSITY_VOID does not fire when a turn is followed by a curiosity spike
    ok 4 - TURN_AFTERMATH_CURIOSITY_VOID does not fire when a turn is followed by a curiosity spike
      ---
      duration_ms: 1.008823
      type: 'test'
      ...
    # Subtest: EMOTIONAL_NEUTRAL_RUN fires when 6+ consecutive scenes are all emotionally neutral
    ok 5 - EMOTIONAL_NEUTRAL_RUN fires when 6+ consecutive scenes are all emotionally neutral
      ---
      duration_ms: 1.281643
      type: 'test'
      ...
    # Subtest: EMOTIONAL_NEUTRAL_RUN does not fire when the neutral run is shorter than 6
    ok 6 - EMOTIONAL_NEUTRAL_RUN does not fire when the neutral run is shorter than 6
      ---
      duration_ms: 6.160769
      type: 'test'
      ...
    1..6
ok 1880 - Wave 541 — structurePass: revelation aftermath suspense void, turn aftermath curiosity void, emotional neutral run
  ---
  duration_ms: 12.593487
  type: 'suite'
  ...
# Subtest: Wave 527 — structurePass: clock run, turn emotion decoupled, revelation aftermath emotion void
    # Subtest: CLOCK_RUN fires when 5+ consecutive scenes all have clockRaised
    ok 1 - CLOCK_RUN fires when 5+ consecutive scenes all have clockRaised
      ---
      duration_ms: 1.299051
      type: 'test'
      ...
    # Subtest: CLOCK_RUN does not fire when no 5 consecutive clock scenes exist
    ok 2 - CLOCK_RUN does not fire when no 5 consecutive clock scenes exist
      ---
      duration_ms: 0.986499
      type: 'test'
      ...
    # Subtest: TURN_EMOTION_DECOUPLED fires when dramatic turns and emotional scenes never coincide
    ok 3 - TURN_EMOTION_DECOUPLED fires when dramatic turns and emotional scenes never coincide
      ---
      duration_ms: 1.06388
      type: 'test'
      ...
    # Subtest: TURN_EMOTION_DECOUPLED does not fire when at least one turn scene is also emotionally charged
    ok 4 - TURN_EMOTION_DECOUPLED does not fire when at least one turn scene is also emotionally charged
      ---
      duration_ms: 1.172617
      type: 'test'
      ...
    # Subtest: REVELATION_AFTERMATH_EMOTION_VOID fires when no revelation is followed by emotional charge within 2 scenes
    ok 5 - REVELATION_AFTERMATH_EMOTION_VOID fires when no revelation is followed by emotional charge within 2 scenes
      ---
      duration_ms: 1.118256
      type: 'test'
      ...
    # Subtest: REVELATION_AFTERMATH_EMOTION_VOID does not fire when at least one revelation is followed by emotional charge
    ok 6 - REVELATION_AFTERMATH_EMOTION_VOID does not fire when at least one revelation is followed by emotional charge
      ---
      duration_ms: 0.980759
      type: 'test'
      ...
    1..6
ok 1881 - Wave 527 — structurePass: clock run, turn emotion decoupled, revelation aftermath emotion void
  ---
  duration_ms: 7.035718
  type: 'suite'
  ...
# Subtest: Wave 513 — structurePass: clock turn decoupled, curiosity run, turn aftermath suspense void
    # Subtest: CLOCK_TURN_DECOUPLED fires when clock scenes and dramatic-turn scenes never coincide
    ok 1 - CLOCK_TURN_DECOUPLED fires when clock scenes and dramatic-turn scenes never coincide
      ---
      duration_ms: 1.232608
      type: 'test'
      ...
    # Subtest: CLOCK_TURN_DECOUPLED does not fire when at least one scene has both a clock event and a turn
    ok 2 - CLOCK_TURN_DECOUPLED does not fire when at least one scene has both a clock event and a turn
      ---
      duration_ms: 1.067581
      type: 'test'
      ...
    # Subtest: CURIOSITY_RUN fires when 5 or more consecutive scenes all spike curiosity
    ok 3 - CURIOSITY_RUN fires when 5 or more consecutive scenes all spike curiosity
      ---
      duration_ms: 1.166415
      type: 'test'
      ...
    # Subtest: CURIOSITY_RUN does not fire when curiosity scenes are non-consecutive
    ok 4 - CURIOSITY_RUN does not fire when curiosity scenes are non-consecutive
      ---
      duration_ms: 1.027688
      type: 'test'
      ...
    # Subtest: TURN_AFTERMATH_SUSPENSE_VOID fires when no dramatic turn is followed by a suspense spike
    ok 5 - TURN_AFTERMATH_SUSPENSE_VOID fires when no dramatic turn is followed by a suspense spike
      ---
      duration_ms: 1.322054
      type: 'test'
      ...
    # Subtest: TURN_AFTERMATH_SUSPENSE_VOID does not fire when at least one turn is followed by a suspense spike
    ok 6 - TURN_AFTERMATH_SUSPENSE_VOID does not fire when at least one turn is followed by a suspense spike
      ---
      duration_ms: 1.03777
      type: 'test'
      ...
    1..6
ok 1882 - Wave 513 — structurePass: clock turn decoupled, curiosity run, turn aftermath suspense void
  ---
  duration_ms: 7.132915
  type: 'suite'
  ...
# Subtest: Wave 499 — structurePass: clock curiosity decoupled, revelation aftermath clock void, suspense run
    # Subtest: CLOCK_CURIOSITY_DECOUPLED fires when clock scenes and curiosity scenes never coincide
    ok 1 - CLOCK_CURIOSITY_DECOUPLED fires when clock scenes and curiosity scenes never coincide
      ---
      duration_ms: 1.359826
      type: 'test'
      ...
    # Subtest: CLOCK_CURIOSITY_DECOUPLED does not fire when a clock scene also spikes curiosity
    ok 2 - CLOCK_CURIOSITY_DECOUPLED does not fire when a clock scene also spikes curiosity
      ---
      duration_ms: 1.133457
      type: 'test'
      ...
    # Subtest: REVELATION_AFTERMATH_CLOCK_VOID fires when no revelation is followed by a clock raise in the next 2 scenes
    ok 3 - REVELATION_AFTERMATH_CLOCK_VOID fires when no revelation is followed by a clock raise in the next 2 scenes
      ---
      duration_ms: 1.168491
      type: 'test'
      ...
    # Subtest: REVELATION_AFTERMATH_CLOCK_VOID does not fire when a revelation is followed by a clock raise within 2 scenes
    ok 4 - REVELATION_AFTERMATH_CLOCK_VOID does not fire when a revelation is followed by a clock raise within 2 scenes
      ---
      duration_ms: 1.051878
      type: 'test'
      ...
    # Subtest: SUSPENSE_RUN fires when 5 or more consecutive scenes all spike suspense
    ok 5 - SUSPENSE_RUN fires when 5 or more consecutive scenes all spike suspense
      ---
      duration_ms: 1.899278
      type: 'test'
      ...
    # Subtest: SUSPENSE_RUN does not fire when suspense scenes are non-consecutive
    ok 6 - SUSPENSE_RUN does not fire when suspense scenes are non-consecutive
      ---
      duration_ms: 1.09361
      type: 'test'
      ...
    1..6
ok 1883 - Wave 499 — structurePass: clock curiosity decoupled, revelation aftermath clock void, suspense run
  ---
  duration_ms: 7.970105
  type: 'suite'
  ...
# Subtest: Wave 485 — structurePass: negative scene run, revelation clock decoupled, climax aftermath flat
    # Subtest: NEGATIVE_SCENE_RUN fires when 5 or more consecutive scenes are emotionally negative
    ok 1 - NEGATIVE_SCENE_RUN fires when 5 or more consecutive scenes are emotionally negative
      ---
      duration_ms: 1.184389
      type: 'test'
      ...
    # Subtest: NEGATIVE_SCENE_RUN does not fire when negative scenes are not consecutive
    ok 2 - NEGATIVE_SCENE_RUN does not fire when negative scenes are not consecutive
      ---
      duration_ms: 1.143561
      type: 'test'
      ...
    # Subtest: REVELATION_CLOCK_DECOUPLED fires when revelations and clock scenes never coincide
    ok 3 - REVELATION_CLOCK_DECOUPLED fires when revelations and clock scenes never coincide
      ---
      duration_ms: 1.041801
      type: 'test'
      ...
    # Subtest: REVELATION_CLOCK_DECOUPLED does not fire when a revelation coincides with a clock event
    ok 4 - REVELATION_CLOCK_DECOUPLED does not fire when a revelation coincides with a clock event
      ---
      duration_ms: 1.034654
      type: 'test'
      ...
    # Subtest: CLIMAX_AFTERMATH_FLAT fires when the finale peak is followed by 2 emotionally/relationally flat scenes
    ok 5 - CLIMAX_AFTERMATH_FLAT fires when the finale peak is followed by 2 emotionally/relationally flat scenes
      ---
      duration_ms: 0.968528
      type: 'test'
      ...
    # Subtest: CLIMAX_AFTERMATH_FLAT does not fire when the finale peak is followed by an emotional shift
    ok 6 - CLIMAX_AFTERMATH_FLAT does not fire when the finale peak is followed by an emotional shift
      ---
      duration_ms: 1.038688
      type: 'test'
      ...
    1..6
ok 1884 - Wave 485 — structurePass: negative scene run, revelation clock decoupled, climax aftermath flat
  ---
  duration_ms: 6.676535
  type: 'suite'
  ...
# Subtest: Wave 471 — structurePass: curiosity peak emotional void, positive scene run, revelation turn decoupled
    # Subtest: CURIOSITY_PEAK_EMOTIONAL_VOID fires when peak curiosityDelta scene is emotionally neutral
    ok 1 - CURIOSITY_PEAK_EMOTIONAL_VOID fires when peak curiosityDelta scene is emotionally neutral
      ---
      duration_ms: 1.015956
      type: 'test'
      ...
    # Subtest: CURIOSITY_PEAK_EMOTIONAL_VOID does not fire when peak curiosity scene has emotional charge
    ok 2 - CURIOSITY_PEAK_EMOTIONAL_VOID does not fire when peak curiosity scene has emotional charge
      ---
      duration_ms: 0.835313
      type: 'test'
      ...
    # Subtest: POSITIVE_SCENE_RUN fires when 5+ consecutive scenes are emotionally positive
    ok 3 - POSITIVE_SCENE_RUN fires when 5+ consecutive scenes are emotionally positive
      ---
      duration_ms: 0.806338
      type: 'test'
      ...
    # Subtest: POSITIVE_SCENE_RUN does not fire when max consecutive positive run is only 4
    ok 4 - POSITIVE_SCENE_RUN does not fire when max consecutive positive run is only 4
      ---
      duration_ms: 0.770357
      type: 'test'
      ...
    # Subtest: REVELATION_TURN_DECOUPLED fires when no scene carries both revelation and a dramatic turn
    ok 5 - REVELATION_TURN_DECOUPLED fires when no scene carries both revelation and a dramatic turn
      ---
      duration_ms: 1.088712
      type: 'test'
      ...
    # Subtest: REVELATION_TURN_DECOUPLED does not fire when at least one scene carries both revelation and dramatic turn
    ok 6 - REVELATION_TURN_DECOUPLED does not fire when at least one scene carries both revelation and dramatic turn
      ---
      duration_ms: 1.150433
      type: 'test'
      ...
    1..6
ok 1885 - Wave 471 — structurePass: curiosity peak emotional void, positive scene run, revelation turn decoupled
  ---
  duration_ms: 6.012158
  type: 'suite'
  ...
# Subtest: Wave 457 — structurePass: revelation suspense decoupled, negative scene drought, dramatic turn causeless
    # Subtest: REVELATION_SUSPENSE_DECOUPLED fires when all revelation scenes have suspenseDelta ≤ 0
    ok 1 - REVELATION_SUSPENSE_DECOUPLED fires when all revelation scenes have suspenseDelta ≤ 0
      ---
      duration_ms: 1.197013
      type: 'test'
      ...
    # Subtest: REVELATION_SUSPENSE_DECOUPLED does not fire when at least one revelation has suspenseDelta > 0
    ok 2 - REVELATION_SUSPENSE_DECOUPLED does not fire when at least one revelation has suspenseDelta > 0
      ---
      duration_ms: 1.016711
      type: 'test'
      ...
    # Subtest: NEGATIVE_SCENE_DROUGHT fires when <15% of scenes are negative while ≥3 are positive
    ok 3 - NEGATIVE_SCENE_DROUGHT fires when <15% of scenes are negative while ≥3 are positive
      ---
      duration_ms: 1.048563
      type: 'test'
      ...
    # Subtest: NEGATIVE_SCENE_DROUGHT does not fire when ≥15% of scenes are negative
    ok 4 - NEGATIVE_SCENE_DROUGHT does not fire when ≥15% of scenes are negative
      ---
      duration_ms: 0.981415
      type: 'test'
      ...
    # Subtest: DRAMATIC_TURN_CAUSELESS fires when all turns lack upstream revelation/suspense/clock
    ok 5 - DRAMATIC_TURN_CAUSELESS fires when all turns lack upstream revelation/suspense/clock
      ---
      duration_ms: 0.969579
      type: 'test'
      ...
    # Subtest: DRAMATIC_TURN_CAUSELESS does not fire when at least one turn has a revelation in prior 3 scenes
    ok 6 - DRAMATIC_TURN_CAUSELESS does not fire when at least one turn has a revelation in prior 3 scenes
      ---
      duration_ms: 0.853047
      type: 'test'
      ...
    1..6
ok 1886 - Wave 457 — structurePass: revelation suspense decoupled, negative scene drought, dramatic turn causeless
  ---
  duration_ms: 6.318521
  type: 'suite'
  ...
# Subtest: Wave 443 — structurePass: revelation-curiosity decoupled, peak suspense emotional vacuum, positive scene drought
    # Subtest: REVELATION_CURIOSITY_DECOUPLED fires when no revelation scene has curiosityDelta > 0
    ok 1 - REVELATION_CURIOSITY_DECOUPLED fires when no revelation scene has curiosityDelta > 0
      ---
      duration_ms: 1.453787
      type: 'test'
      ...
    # Subtest: REVELATION_CURIOSITY_DECOUPLED does NOT fire when at least one revelation scene has curiosityDelta > 0
    ok 2 - REVELATION_CURIOSITY_DECOUPLED does NOT fire when at least one revelation scene has curiosityDelta > 0
      ---
      duration_ms: 1.097007
      type: 'test'
      ...
    # Subtest: PEAK_SUSPENSE_EMOTIONAL_VACUUM fires when the single highest-suspense scene is emotionally neutral
    ok 3 - PEAK_SUSPENSE_EMOTIONAL_VACUUM fires when the single highest-suspense scene is emotionally neutral
      ---
      duration_ms: 1.004592
      type: 'test'
      ...
    # Subtest: PEAK_SUSPENSE_EMOTIONAL_VACUUM does NOT fire when the peak suspense scene carries an emotional charge
    ok 4 - PEAK_SUSPENSE_EMOTIONAL_VACUUM does NOT fire when the peak suspense scene carries an emotional charge
      ---
      duration_ms: 0.88707
      type: 'test'
      ...
    # Subtest: POSITIVE_SCENE_DROUGHT fires when <15% of scenes are positive while ≥3 are negative
    ok 5 - POSITIVE_SCENE_DROUGHT fires when <15% of scenes are positive while ≥3 are negative
      ---
      duration_ms: 1.074455
      type: 'test'
      ...
    # Subtest: POSITIVE_SCENE_DROUGHT does NOT fire when positive scenes reach ≥15% of total
    ok 6 - POSITIVE_SCENE_DROUGHT does NOT fire when positive scenes reach ≥15% of total
      ---
      duration_ms: 1.043566
      type: 'test'
      ...
    1..6
ok 1887 - Wave 443 — structurePass: revelation-curiosity decoupled, peak suspense emotional vacuum, positive scene drought
  ---
  duration_ms: 6.828958
  type: 'suite'
  ...
# Subtest: Wave 429 — structurePass: inciting aftermath stall, climax unprepared, purpose monotone run
    # Subtest: INCITING_AFTERMATH_STALL fires when the first early catalyst is followed by two flat scenes
    ok 1 - INCITING_AFTERMATH_STALL fires when the first early catalyst is followed by two flat scenes
      ---
      duration_ms: 1.198706
      type: 'test'
      ...
    # Subtest: INCITING_AFTERMATH_STALL does NOT fire when the catalyst sparks curiosity in its aftermath
    ok 2 - INCITING_AFTERMATH_STALL does NOT fire when the catalyst sparks curiosity in its aftermath
      ---
      duration_ms: 1.145448
      type: 'test'
      ...
    # Subtest: CLIMAX_UNPREPARED fires when the climax run-up carries no revelation or turn while devices exist elsewhere
    ok 3 - CLIMAX_UNPREPARED fires when the climax run-up carries no revelation or turn while devices exist elsewhere
      ---
      duration_ms: 10.201338
      type: 'test'
      ...
    # Subtest: CLIMAX_UNPREPARED does NOT fire when a dramatic turn lands in the climax run-up
    ok 4 - CLIMAX_UNPREPARED does NOT fire when a dramatic turn lands in the climax run-up
      ---
      duration_ms: 4.511786
      type: 'test'
      ...
    # Subtest: PURPOSE_MONOTONE_RUN fires when 5+ consecutive scenes share one purpose
    ok 5 - PURPOSE_MONOTONE_RUN fires when 5+ consecutive scenes share one purpose
      ---
      duration_ms: 1.211769
      type: 'test'
      ...
    # Subtest: PURPOSE_MONOTONE_RUN does NOT fire when purposes alternate without a run of 5
    ok 6 - PURPOSE_MONOTONE_RUN does NOT fire when purposes alternate without a run of 5
      ---
      duration_ms: 1.075533
      type: 'test'
      ...
    1..6
ok 1888 - Wave 429 — structurePass: inciting aftermath stall, climax unprepared, purpose monotone run
  ---
  duration_ms: 19.683923
  type: 'suite'
  ...
# Subtest: Wave 415 — structurePass: Act 1 suspense void, Act 2a dramatic turn void, Act 2b dramatic turn void
    # Subtest: ACT1_SUSPENSE_VOID fires when Act 1 has no suspense spike while the story spikes elsewhere
    ok 1 - ACT1_SUSPENSE_VOID fires when Act 1 has no suspense spike while the story spikes elsewhere
      ---
      duration_ms: 4.041437
      type: 'test'
      ...
    # Subtest: ACT1_SUSPENSE_VOID does NOT fire when Act 1 carries a suspense spike
    ok 2 - ACT1_SUSPENSE_VOID does NOT fire when Act 1 carries a suspense spike
      ---
      duration_ms: 1.021596
      type: 'test'
      ...
    # Subtest: ACT2A_DRAMATIC_TURN_VOID fires when Act 2a has no turn while turns land elsewhere
    ok 3 - ACT2A_DRAMATIC_TURN_VOID fires when Act 2a has no turn while turns land elsewhere
      ---
      duration_ms: 1.976451
      type: 'test'
      ...
    # Subtest: ACT2A_DRAMATIC_TURN_VOID does NOT fire when Act 2a carries a turn
    ok 4 - ACT2A_DRAMATIC_TURN_VOID does NOT fire when Act 2a carries a turn
      ---
      duration_ms: 1.073163
      type: 'test'
      ...
    # Subtest: ACT2B_DRAMATIC_TURN_VOID fires when Act 2b has no turn while turns land elsewhere
    ok 5 - ACT2B_DRAMATIC_TURN_VOID fires when Act 2b has no turn while turns land elsewhere
      ---
      duration_ms: 6.698463
      type: 'test'
      ...
    # Subtest: ACT2B_DRAMATIC_TURN_VOID does NOT fire when Act 2b carries a turn
    ok 6 - ACT2B_DRAMATIC_TURN_VOID does NOT fire when Act 2b carries a turn
      ---
      duration_ms: 1.690904
      type: 'test'
      ...
    1..6
ok 1889 - Wave 415 — structurePass: Act 1 suspense void, Act 2a dramatic turn void, Act 2b dramatic turn void
  ---
  duration_ms: 16.89312
  type: 'suite'
  ...
# Subtest: Wave 401 — structurePass: Act 2b curiosity void, midpoint dramatic turn void, Act 3 suspense void
    # Subtest: ACT2B_CURIOSITY_VOID fires when Act 2b has no curiosity while story otherwise curious
    ok 1 - ACT2B_CURIOSITY_VOID fires when Act 2b has no curiosity while story otherwise curious
      ---
      duration_ms: 1.442509
      type: 'test'
      ...
    # Subtest: ACT2B_CURIOSITY_VOID does not fire when Act 2b has a curiosity-raising scene
    ok 2 - ACT2B_CURIOSITY_VOID does not fire when Act 2b has a curiosity-raising scene
      ---
      duration_ms: 1.088888
      type: 'test'
      ...
    # Subtest: MIDPOINT_DRAMATIC_TURN_VOID fires when no turn in midpoint zone while 2+ turns exist elsewhere
    ok 3 - MIDPOINT_DRAMATIC_TURN_VOID fires when no turn in midpoint zone while 2+ turns exist elsewhere
      ---
      duration_ms: 1.280389
      type: 'test'
      ...
    # Subtest: MIDPOINT_DRAMATIC_TURN_VOID does not fire when a turn lands in the midpoint zone
    ok 4 - MIDPOINT_DRAMATIC_TURN_VOID does not fire when a turn lands in the midpoint zone
      ---
      duration_ms: 1.035458
      type: 'test'
      ...
    # Subtest: ACT3_SUSPENSE_VOID fires when Act 3 has no suspense spike while story has suspense elsewhere
    ok 5 - ACT3_SUSPENSE_VOID fires when Act 3 has no suspense spike while story has suspense elsewhere
      ---
      duration_ms: 1.061072
      type: 'test'
      ...
    # Subtest: ACT3_SUSPENSE_VOID does not fire when Act 3 has a suspense spike
    ok 6 - ACT3_SUSPENSE_VOID does not fire when Act 3 has a suspense spike
      ---
      duration_ms: 1.084337
      type: 'test'
      ...
    1..6
ok 1890 - Wave 401 — structurePass: Act 2b curiosity void, midpoint dramatic turn void, Act 3 suspense void
  ---
  duration_ms: 7.283978
  type: 'suite'
  ...
# Subtest: Wave 306 — structurePass: midpoint emotional flatline, final image weak, act balance extreme
    # Subtest: MIDPOINT_EMOTIONAL_FLATLINE fires when the midpoint scene is neutral with no suspense
    ok 1 - MIDPOINT_EMOTIONAL_FLATLINE fires when the midpoint scene is neutral with no suspense
      ---
      duration_ms: 1.018139
      type: 'test'
      ...
    # Subtest: MIDPOINT_EMOTIONAL_FLATLINE does not fire when the midpoint carries charge
    ok 2 - MIDPOINT_EMOTIONAL_FLATLINE does not fire when the midpoint carries charge
      ---
      duration_ms: 1.009291
      type: 'test'
      ...
    # Subtest: FINAL_IMAGE_WEAK fires when the last scene has no charge on any channel
    ok 3 - FINAL_IMAGE_WEAK fires when the last scene has no charge on any channel
      ---
      duration_ms: 11.549398
      type: 'test'
      ...
    # Subtest: FINAL_IMAGE_WEAK does not fire when the last scene carries an emotional charge
    ok 4 - FINAL_IMAGE_WEAK does not fire when the last scene carries an emotional charge
      ---
      duration_ms: 0.966861
      type: 'test'
      ...
    # Subtest: ACT_BALANCE_EXTREME fires when one act holds >55% of all scenes
    ok 5 - ACT_BALANCE_EXTREME fires when one act holds >55% of all scenes
      ---
      duration_ms: 1.046381
      type: 'test'
      ...
    # Subtest: ACT_BALANCE_EXTREME does not fire for a balanced three-act distribution
    ok 6 - ACT_BALANCE_EXTREME does not fire for a balanced three-act distribution
      ---
      duration_ms: 1.105212
      type: 'test'
      ...
    1..6
ok 1891 - Wave 306 — structurePass: midpoint emotional flatline, final image weak, act balance extreme
  ---
  duration_ms: 17.004689
  type: 'suite'
  ...
# Subtest: Wave 387 — structurePass: Act 1 emotional flatline, Act 2a curiosity void, Act 2 dramatic turn absent
    # Subtest: ACT1_EMOTIONAL_FLATLINE fires when the whole first 25% is neutral while emotion exists elsewhere
    ok 1 - ACT1_EMOTIONAL_FLATLINE fires when the whole first 25% is neutral while emotion exists elsewhere
      ---
      duration_ms: 1.425871
      type: 'test'
      ...
    # Subtest: ACT1_EMOTIONAL_FLATLINE does not fire when an Act 1 scene carries emotion
    ok 2 - ACT1_EMOTIONAL_FLATLINE does not fire when an Act 1 scene carries emotion
      ---
      duration_ms: 1.019188
      type: 'test'
      ...
    # Subtest: ACT2A_CURIOSITY_VOID fires when the 25-50% zone averages curiosityDelta ≤ 0 while story is curious
    ok 3 - ACT2A_CURIOSITY_VOID fires when the 25-50% zone averages curiosityDelta ≤ 0 while story is curious
      ---
      duration_ms: 1.163451
      type: 'test'
      ...
    # Subtest: ACT2A_CURIOSITY_VOID does not fire when Act 2a has positive average curiosity
    ok 4 - ACT2A_CURIOSITY_VOID does not fire when Act 2a has positive average curiosity
      ---
      duration_ms: 1.20179
      type: 'test'
      ...
    # Subtest: ACT2_DRAMATIC_TURN_ABSENT fires when Act 2 has no turn but 2+ turns land outside it
    ok 5 - ACT2_DRAMATIC_TURN_ABSENT fires when Act 2 has no turn but 2+ turns land outside it
      ---
      duration_ms: 1.104003
      type: 'test'
      ...
    # Subtest: ACT2_DRAMATIC_TURN_ABSENT does not fire when Act 2 contains a dramatic turn
    ok 6 - ACT2_DRAMATIC_TURN_ABSENT does not fire when Act 2 contains a dramatic turn
      ---
      duration_ms: 1.09247
      type: 'test'
      ...
    1..6
ok 1892 - Wave 387 — structurePass: Act 1 emotional flatline, Act 2a curiosity void, Act 2 dramatic turn absent
  ---
  duration_ms: 7.265702
  type: 'suite'
  ...
# Subtest: Wave 373 — structurePass: midpoint suspense void, Act 2 purpose single, Act 2b emotional flatline
    # Subtest: MIDPOINT_SUSPENSE_VOID fires when the 40-60% zone has no suspense spike while the story spikes elsewhere
    ok 1 - MIDPOINT_SUSPENSE_VOID fires when the 40-60% zone has no suspense spike while the story spikes elsewhere
      ---
      duration_ms: 1.240794
      type: 'test'
      ...
    # Subtest: MIDPOINT_SUSPENSE_VOID does not fire when the midpoint zone contains a suspense spike
    ok 2 - MIDPOINT_SUSPENSE_VOID does not fire when the midpoint zone contains a suspense spike
      ---
      duration_ms: 1.299479
      type: 'test'
      ...
    # Subtest: ACT2_PURPOSE_SINGLE fires when all Act 2 scenes share one purpose
    ok 3 - ACT2_PURPOSE_SINGLE fires when all Act 2 scenes share one purpose
      ---
      duration_ms: 1.092816
      type: 'test'
      ...
    # Subtest: ACT2_PURPOSE_SINGLE does not fire when Act 2 has varied purposes
    ok 4 - ACT2_PURPOSE_SINGLE does not fire when Act 2 has varied purposes
      ---
      duration_ms: 1.44053
      type: 'test'
      ...
    # Subtest: ACT2B_EMOTIONAL_FLATLINE fires when the 50-75% zone is all neutral
    ok 5 - ACT2B_EMOTIONAL_FLATLINE fires when the 50-75% zone is all neutral
      ---
      duration_ms: 1.217051
      type: 'test'
      ...
    # Subtest: ACT2B_EMOTIONAL_FLATLINE does not fire when an Act 2b scene carries emotion
    ok 6 - ACT2B_EMOTIONAL_FLATLINE does not fire when an Act 2b scene carries emotion
      ---
      duration_ms: 1.775944
      type: 'test'
      ...
    1..6
ok 1893 - Wave 373 — structurePass: midpoint suspense void, Act 2 purpose single, Act 2b emotional flatline
  ---
  duration_ms: 8.432511
  type: 'suite'
  ...
# Subtest: Wave 359 — structurePass: opening curiosity flatline, Act 3 dramatic turn absent, Act 1 relationship void
    # Subtest: OPENING_CURIOSITY_FLATLINE fires when Act 1 averages curiosityDelta ≤ 0 while story has 2+ curious scenes later
    ok 1 - OPENING_CURIOSITY_FLATLINE fires when Act 1 averages curiosityDelta ≤ 0 while story has 2+ curious scenes later
      ---
      duration_ms: 1.357313
      type: 'test'
      ...
    # Subtest: OPENING_CURIOSITY_FLATLINE does not fire when Act 1 has positive average curiosityDelta
    ok 2 - OPENING_CURIOSITY_FLATLINE does not fire when Act 1 has positive average curiosityDelta
      ---
      duration_ms: 1.112583
      type: 'test'
      ...
    # Subtest: ACT3_DRAMATIC_TURN_ABSENT fires when Act 3 has no turns but Acts 1-2 have 3+
    ok 3 - ACT3_DRAMATIC_TURN_ABSENT fires when Act 3 has no turns but Acts 1-2 have 3+
      ---
      duration_ms: 1.211708
      type: 'test'
      ...
    # Subtest: ACT3_DRAMATIC_TURN_ABSENT does not fire when Act 3 contains a dramatic turn
    ok 4 - ACT3_DRAMATIC_TURN_ABSENT does not fire when Act 3 contains a dramatic turn
      ---
      duration_ms: 1.83986
      type: 'test'
      ...
    # Subtest: ACT1_RELATIONSHIP_VOID fires when Act 1 has no shifts while story has 3+
    ok 5 - ACT1_RELATIONSHIP_VOID fires when Act 1 has no shifts while story has 3+
      ---
      duration_ms: 8.534684
      type: 'test'
      ...
    # Subtest: ACT1_RELATIONSHIP_VOID does not fire when Act 1 contains a relationship shift
    ok 6 - ACT1_RELATIONSHIP_VOID does not fire when Act 1 contains a relationship shift
      ---
      duration_ms: 1.342301
      type: 'test'
      ...
    1..6
ok 1894 - Wave 359 — structurePass: opening curiosity flatline, Act 3 dramatic turn absent, Act 1 relationship void
  ---
  duration_ms: 15.768671
  type: 'suite'
  ...
# Subtest: Wave 345 — structurePass: Act 2b suspense void, Act 2a emotional flatline, midpoint curiosity void
    # Subtest: ACT2B_SUSPENSE_VOID fires when Act 2b (scenes 5–6) has no suspense spike
    ok 1 - ACT2B_SUSPENSE_VOID fires when Act 2b (scenes 5–6) has no suspense spike
      ---
      duration_ms: 1.429122
      type: 'test'
      ...
    # Subtest: ACT2B_SUSPENSE_VOID does not fire when Act 2b carries a suspense spike
    ok 2 - ACT2B_SUSPENSE_VOID does not fire when Act 2b carries a suspense spike
      ---
      duration_ms: 2.923849
      type: 'test'
      ...
    # Subtest: ACT2A_EMOTIONAL_FLATLINE fires when all Act 2a (scenes 2–4) scenes are neutral
    ok 3 - ACT2A_EMOTIONAL_FLATLINE fires when all Act 2a (scenes 2–4) scenes are neutral
      ---
      duration_ms: 1.044283
      type: 'test'
      ...
    # Subtest: ACT2A_EMOTIONAL_FLATLINE does not fire when an Act 2a scene carries emotion
    ok 4 - ACT2A_EMOTIONAL_FLATLINE does not fire when an Act 2a scene carries emotion
      ---
      duration_ms: 1.028857
      type: 'test'
      ...
    # Subtest: MIDPOINT_CURIOSITY_VOID fires when the midpoint (scenes 4–5) averages curiosityDelta ≤ 0
    ok 5 - MIDPOINT_CURIOSITY_VOID fires when the midpoint (scenes 4–5) averages curiosityDelta ≤ 0
      ---
      duration_ms: 1.936411
      type: 'test'
      ...
    # Subtest: MIDPOINT_CURIOSITY_VOID does not fire when the midpoint raises curiosity
    ok 6 - MIDPOINT_CURIOSITY_VOID does not fire when the midpoint raises curiosity
      ---
      duration_ms: 1.026518
      type: 'test'
      ...
    1..6
ok 1895 - Wave 345 — structurePass: Act 2b suspense void, Act 2a emotional flatline, midpoint curiosity void
  ---
  duration_ms: 9.661351
  type: 'suite'
  ...
# Subtest: Wave 331 — structurePass: Act 3 emotional flatline, Act 1 warmth absent, dramatic turn opening absent
    # Subtest: ACT3_EMOTIONAL_FLATLINE fires when all Act 3 scenes are emotionally neutral
    ok 1 - ACT3_EMOTIONAL_FLATLINE fires when all Act 3 scenes are emotionally neutral
      ---
      duration_ms: 1.333631
      type: 'test'
      ...
    # Subtest: ACT3_EMOTIONAL_FLATLINE does not fire when an Act 3 scene carries emotional charge
    ok 2 - ACT3_EMOTIONAL_FLATLINE does not fire when an Act 3 scene carries emotional charge
      ---
      duration_ms: 1.488731
      type: 'test'
      ...
    # Subtest: ACT1_WARMTH_ABSENT fires when no Act 1 scene has a positive emotional shift
    ok 3 - ACT1_WARMTH_ABSENT fires when no Act 1 scene has a positive emotional shift
      ---
      duration_ms: 0.93801
      type: 'test'
      ...
    # Subtest: ACT1_WARMTH_ABSENT does not fire when an Act 1 scene is emotionally positive
    ok 4 - ACT1_WARMTH_ABSENT does not fire when an Act 1 scene is emotionally positive
      ---
      duration_ms: 0.863221
      type: 'test'
      ...
    # Subtest: DRAMATIC_TURN_OPENING_ABSENT fires when no scene in the first 30% has a dramatic turn
    ok 5 - DRAMATIC_TURN_OPENING_ABSENT fires when no scene in the first 30% has a dramatic turn
      ---
      duration_ms: 1.031742
      type: 'test'
      ...
    # Subtest: DRAMATIC_TURN_OPENING_ABSENT does not fire when the opening contains a dramatic turn
    ok 6 - DRAMATIC_TURN_OPENING_ABSENT does not fire when the opening contains a dramatic turn
      ---
      duration_ms: 1.096122
      type: 'test'
      ...
    1..6
ok 1896 - Wave 331 — structurePass: Act 3 emotional flatline, Act 1 warmth absent, dramatic turn opening absent
  ---
  duration_ms: 7.009937
  type: 'suite'
  ...
# Subtest: Wave 320 — structurePass: climax revelation absent, Act 2 curiosity valley, emotional opening neutral
    # Subtest: CLIMAX_REVELATION_ABSENT fires when 2+ revelations exist but none in Act 3
    ok 1 - CLIMAX_REVELATION_ABSENT fires when 2+ revelations exist but none in Act 3
      ---
      duration_ms: 0.911076
      type: 'test'
      ...
    # Subtest: CLIMAX_REVELATION_ABSENT does not fire when a revelation lands in Act 3
    ok 2 - CLIMAX_REVELATION_ABSENT does not fire when a revelation lands in Act 3
      ---
      duration_ms: 0.835829
      type: 'test'
      ...
    # Subtest: ACT2_CURIOSITY_VALLEY fires when Act 2 curiosity is below both bookend acts
    ok 3 - ACT2_CURIOSITY_VALLEY fires when Act 2 curiosity is below both bookend acts
      ---
      duration_ms: 1.267381
      type: 'test'
      ...
    # Subtest: ACT2_CURIOSITY_VALLEY does not fire when Act 2 sustains curiosity
    ok 4 - ACT2_CURIOSITY_VALLEY does not fire when Act 2 sustains curiosity
      ---
      duration_ms: 1.050584
      type: 'test'
      ...
    # Subtest: EMOTIONAL_OPENING_NEUTRAL fires when the first three scenes are all neutral
    ok 5 - EMOTIONAL_OPENING_NEUTRAL fires when the first three scenes are all neutral
      ---
      duration_ms: 0.777098
      type: 'test'
      ...
    # Subtest: EMOTIONAL_OPENING_NEUTRAL does not fire when an early scene carries emotional charge
    ok 6 - EMOTIONAL_OPENING_NEUTRAL does not fire when an early scene carries emotional charge
      ---
      duration_ms: 0.756545
      type: 'test'
      ...
    1..6
ok 1897 - Wave 320 — structurePass: climax revelation absent, Act 2 curiosity valley, emotional opening neutral
  ---
  duration_ms: 5.90637
  type: 'suite'
  ...
# Subtest: Wave 292 — structurePass: Act 3 curiosity spike absent, clock pressure finale absent, opening suspense flatline
    # Subtest: ACT3_CURIOSITY_SPIKE_ABSENT fires when pre-final quarter has curiosity spike but final quarter does not
    ok 1 - ACT3_CURIOSITY_SPIKE_ABSENT fires when pre-final quarter has curiosity spike but final quarter does not
      ---
      duration_ms: 6.402931
      type: 'test'
      ...
    # Subtest: ACT3_CURIOSITY_SPIKE_ABSENT does not fire when final quarter has a curiosity spike
    ok 2 - ACT3_CURIOSITY_SPIKE_ABSENT does not fire when final quarter has a curiosity spike
      ---
      duration_ms: 1.103845
      type: 'test'
      ...
    # Subtest: CLOCK_PRESSURE_FINALE_ABSENT fires when 2+ early clocks but none in final quarter
    ok 3 - CLOCK_PRESSURE_FINALE_ABSENT fires when 2+ early clocks but none in final quarter
      ---
      duration_ms: 1.040861
      type: 'test'
      ...
    # Subtest: CLOCK_PRESSURE_FINALE_ABSENT does not fire when final quarter has a clock event
    ok 4 - CLOCK_PRESSURE_FINALE_ABSENT does not fire when final quarter has a clock event
      ---
      duration_ms: 0.961807
      type: 'test'
      ...
    # Subtest: OPENING_SUSPENSE_FLATLINE fires when first 3 scenes all have suspenseDelta ≤ 0
    ok 5 - OPENING_SUSPENSE_FLATLINE fires when first 3 scenes all have suspenseDelta ≤ 0
      ---
      duration_ms: 0.781982
      type: 'test'
      ...
    # Subtest: OPENING_SUSPENSE_FLATLINE does not fire when opening scenes have positive suspenseDelta
    ok 6 - OPENING_SUSPENSE_FLATLINE does not fire when opening scenes have positive suspenseDelta
      ---
      duration_ms: 1.146361
      type: 'test'
      ...
    1..6
ok 1898 - Wave 292 — structurePass: Act 3 curiosity spike absent, clock pressure finale absent, opening suspense flatline
  ---
  duration_ms: 11.743561
  type: 'suite'
  ...
# Subtest: Wave 278 — structurePass: Act 2a suspense void, climax purpose absent, emotional arc uniform
    # Subtest: ACT2A_SUSPENSE_VOID fires when no Act 2a scene reaches suspenseDelta above 1
    ok 1 - ACT2A_SUSPENSE_VOID fires when no Act 2a scene reaches suspenseDelta above 1
      ---
      duration_ms: 1.471535
      type: 'test'
      ...
    # Subtest: ACT2A_SUSPENSE_VOID does NOT fire when an Act 2a scene has suspenseDelta above 1
    ok 2 - ACT2A_SUSPENSE_VOID does NOT fire when an Act 2a scene has suspenseDelta above 1
      ---
      duration_ms: 0.919072
      type: 'test'
      ...
    # Subtest: PURPOSE_CLIMAX_ABSENT fires when no scene carries purpose "climax"
    ok 3 - PURPOSE_CLIMAX_ABSENT fires when no scene carries purpose "climax"
      ---
      duration_ms: 0.720557
      type: 'test'
      ...
    # Subtest: PURPOSE_CLIMAX_ABSENT does NOT fire when at least one scene carries purpose "climax"
    ok 4 - PURPOSE_CLIMAX_ABSENT does NOT fire when at least one scene carries purpose "climax"
      ---
      duration_ms: 4.794931
      type: 'test'
      ...
    # Subtest: EMOTIONAL_ARC_UNIFORM fires when more than 70% of scenes share the same emotional register
    ok 5 - EMOTIONAL_ARC_UNIFORM fires when more than 70% of scenes share the same emotional register
      ---
      duration_ms: 0.981825
      type: 'test'
      ...
    # Subtest: EMOTIONAL_ARC_UNIFORM does NOT fire when no single register dominates above 70%
    ok 6 - EMOTIONAL_ARC_UNIFORM does NOT fire when no single register dominates above 70%
      ---
      duration_ms: 0.840957
      type: 'test'
      ...
    1..6
ok 1899 - Wave 278 — structurePass: Act 2a suspense void, climax purpose absent, emotional arc uniform
  ---
  duration_ms: 10.022846
  type: 'suite'
  ...
# Subtest: Wave 264 — structurePass: revelation clustered, Act 1 curiosity absent, Act 1 purpose single
    # Subtest: REVELATION_CLUSTERED fires when ≥3 revelations occur within a 4-scene window
    ok 1 - REVELATION_CLUSTERED fires when ≥3 revelations occur within a 4-scene window
      ---
      duration_ms: 1.035584
      type: 'test'
      ...
    # Subtest: REVELATION_CLUSTERED does NOT fire when revelations are spread across more than 4 scenes
    ok 2 - REVELATION_CLUSTERED does NOT fire when revelations are spread across more than 4 scenes
      ---
      duration_ms: 0.810625
      type: 'test'
      ...
    # Subtest: ACT1_CURIOSITY_ABSENT fires when Act 1 has no curiosity spike but story has ≥2 elsewhere
    ok 3 - ACT1_CURIOSITY_ABSENT fires when Act 1 has no curiosity spike but story has ≥2 elsewhere
      ---
      duration_ms: 1.215606
      type: 'test'
      ...
    # Subtest: ACT1_CURIOSITY_ABSENT does NOT fire when Act 1 contains a curiosity spike
    ok 4 - ACT1_CURIOSITY_ABSENT does NOT fire when Act 1 contains a curiosity spike
      ---
      duration_ms: 1.292531
      type: 'test'
      ...
    # Subtest: ACT1_PURPOSE_SINGLE fires when all Act 1 scenes share the same purpose
    ok 5 - ACT1_PURPOSE_SINGLE fires when all Act 1 scenes share the same purpose
      ---
      duration_ms: 1.161673
      type: 'test'
      ...
    # Subtest: ACT1_PURPOSE_SINGLE does NOT fire when Act 1 scenes have varied purposes
    ok 6 - ACT1_PURPOSE_SINGLE does NOT fire when Act 1 scenes have varied purposes
      ---
      duration_ms: 1.755067
      type: 'test'
      ...
    1..6
ok 1900 - Wave 264 — structurePass: revelation clustered, Act 1 curiosity absent, Act 1 purpose single
  ---
  duration_ms: 7.534583
  type: 'suite'
  ...
# Subtest: Wave 250 — structurePass: curiosity void, Act 3 purpose monotone, Act 2b suspense decay
    # Subtest: STRUCTURE_CURIOSITY_VOID fires when no scene raises curiosityDelta above 1
    ok 1 - STRUCTURE_CURIOSITY_VOID fires when no scene raises curiosityDelta above 1
      ---
      duration_ms: 1.038089
      type: 'test'
      ...
    # Subtest: STRUCTURE_CURIOSITY_VOID does NOT fire when at least one scene has curiosityDelta > 1
    ok 2 - STRUCTURE_CURIOSITY_VOID does NOT fire when at least one scene has curiosityDelta > 1
      ---
      duration_ms: 1.008698
      type: 'test'
      ...
    # Subtest: ACT3_PURPOSE_MONOTONE fires when all Act 3 scenes share the same purpose
    ok 3 - ACT3_PURPOSE_MONOTONE fires when all Act 3 scenes share the same purpose
      ---
      duration_ms: 2.171017
      type: 'test'
      ...
    # Subtest: ACT3_PURPOSE_MONOTONE does NOT fire when Act 3 scenes have varied purposes
    ok 4 - ACT3_PURPOSE_MONOTONE does NOT fire when Act 3 scenes have varied purposes
      ---
      duration_ms: 1.211117
      type: 'test'
      ...
    # Subtest: ACT2B_SUSPENSE_DECAY fires when Act 2b average suspense is lower than Act 2a
    ok 5 - ACT2B_SUSPENSE_DECAY fires when Act 2b average suspense is lower than Act 2a
      ---
      duration_ms: 5.901489
      type: 'test'
      ...
    # Subtest: ACT2B_SUSPENSE_DECAY does NOT fire when Act 2b suspense matches or exceeds Act 2a
    ok 6 - ACT2B_SUSPENSE_DECAY does NOT fire when Act 2b suspense matches or exceeds Act 2a
      ---
      duration_ms: 1.054764
      type: 'test'
      ...
    1..6
ok 1901 - Wave 250 — structurePass: curiosity void, Act 3 purpose monotone, Act 2b suspense decay
  ---
  duration_ms: 12.65919
  type: 'suite'
  ...
# Subtest: Wave 236 — structurePass: purpose monoculture, clock raised late, Act 2 revelation absent
    # Subtest: PURPOSE_MONOCULTURE fires when >70% of scenes share the same purpose
    ok 1 - PURPOSE_MONOCULTURE fires when >70% of scenes share the same purpose
      ---
      duration_ms: 1.065112
      type: 'test'
      ...
    # Subtest: PURPOSE_MONOCULTURE does NOT fire when purposes are varied
    ok 2 - PURPOSE_MONOCULTURE does NOT fire when purposes are varied
      ---
      duration_ms: 0.839406
      type: 'test'
      ...
    # Subtest: CLOCK_RAISED_LATE fires when first clock appears after 50% of scenes
    ok 3 - CLOCK_RAISED_LATE fires when first clock appears after 50% of scenes
      ---
      duration_ms: 1.513148
      type: 'test'
      ...
    # Subtest: CLOCK_RAISED_LATE does NOT fire when first clock appears before 50%
    ok 4 - CLOCK_RAISED_LATE does NOT fire when first clock appears before 50%
      ---
      duration_ms: 0.804257
      type: 'test'
      ...
    # Subtest: ACT2_REVELATION_ABSENT fires when Act 2 has no revelations but 2+ exist elsewhere
    ok 5 - ACT2_REVELATION_ABSENT fires when Act 2 has no revelations but 2+ exist elsewhere
      ---
      duration_ms: 0.985982
      type: 'test'
      ...
    # Subtest: ACT2_REVELATION_ABSENT does NOT fire when at least one revelation lands in Act 2
    ok 6 - ACT2_REVELATION_ABSENT does NOT fire when at least one revelation lands in Act 2
      ---
      duration_ms: 2.152716
      type: 'test'
      ...
    1..6
ok 1902 - Wave 236 — structurePass: purpose monoculture, clock raised late, Act 2 revelation absent
  ---
  duration_ms: 7.621374
  type: 'suite'
  ...
# Subtest: Wave 222 — structurePass: dramatic vacuum stretch, tension frontloaded COM, try-fail rhythm absent (structural physics)
    # Subtest: DRAMATIC_VACUUM_STRETCH fires when a long run of scenes has no dramatic event
    ok 1 - DRAMATIC_VACUUM_STRETCH fires when a long run of scenes has no dramatic event
      ---
      duration_ms: 1.204725
      type: 'test'
      ...
    # Subtest: DRAMATIC_VACUUM_STRETCH does not fire when dramatic events are distributed
    ok 2 - DRAMATIC_VACUUM_STRETCH does not fire when dramatic events are distributed
      ---
      duration_ms: 0.980328
      type: 'test'
      ...
    # Subtest: TENSION_FRONTLOADED_COM fires when suspense mass is concentrated early
    ok 3 - TENSION_FRONTLOADED_COM fires when suspense mass is concentrated early
      ---
      duration_ms: 1.12256
      type: 'test'
      ...
    # Subtest: TENSION_FRONTLOADED_COM does not fire when suspense builds toward the climax
    ok 4 - TENSION_FRONTLOADED_COM does not fire when suspense builds toward the climax
      ---
      duration_ms: 0.976022
      type: 'test'
      ...
    # Subtest: TRY_FAIL_RHYTHM_ABSENT fires when the suspense curve is a single hump
    ok 5 - TRY_FAIL_RHYTHM_ABSENT fires when the suspense curve is a single hump
      ---
      duration_ms: 1.094441
      type: 'test'
      ...
    # Subtest: TRY_FAIL_RHYTHM_ABSENT does not fire when suspense oscillates across multiple cycles
    ok 6 - TRY_FAIL_RHYTHM_ABSENT does not fire when suspense oscillates across multiple cycles
      ---
      duration_ms: 1.091671
      type: 'test'
      ...
    1..6
ok 1903 - Wave 222 — structurePass: dramatic vacuum stretch, tension frontloaded COM, try-fail rhythm absent (structural physics)
  ---
  duration_ms: 6.727202
  type: 'suite'
  ...
# Subtest: Wave 209 — structurePass: cold open inert, denouement overlong, pre-climax lull
    # Subtest: COLD_OPEN_INERT fires when the first scene has no hook and low suspense
    ok 1 - COLD_OPEN_INERT fires when the first scene has no hook and low suspense
      ---
      duration_ms: 1.039465
      type: 'test'
      ...
    # Subtest: COLD_OPEN_INERT does NOT fire when the first scene plants a clue
    ok 2 - COLD_OPEN_INERT does NOT fire when the first scene plants a clue
      ---
      duration_ms: 0.782287
      type: 'test'
      ...
    # Subtest: DENOUEMENT_OVERLONG fires when 3+ scenes follow the climax peak
    ok 3 - DENOUEMENT_OVERLONG fires when 3+ scenes follow the climax peak
      ---
      duration_ms: 1.120468
      type: 'test'
      ...
    # Subtest: DENOUEMENT_OVERLONG does NOT fire when the climax peak is near the end
    ok 4 - DENOUEMENT_OVERLONG does NOT fire when the climax peak is near the end
      ---
      duration_ms: 1.169616
      type: 'test'
      ...
    # Subtest: PRE_CLIMAX_LULL fires when both pre-climax scenes have low suspense
    ok 5 - PRE_CLIMAX_LULL fires when both pre-climax scenes have low suspense
      ---
      duration_ms: 0.974745
      type: 'test'
      ...
    # Subtest: PRE_CLIMAX_LULL does NOT fire when the second pre-climax scene has meaningful suspense
    ok 6 - PRE_CLIMAX_LULL does NOT fire when the second pre-climax scene has meaningful suspense
      ---
      duration_ms: 1.005678
      type: 'test'
      ...
    1..6
ok 1904 - Wave 209 — structurePass: cold open inert, denouement overlong, pre-climax lull
  ---
  duration_ms: 7.12277
  type: 'suite'
  ...
# Subtest: Wave 198 — structurePass: act3 scene excess, tension drop abrupt, act1 revelation absent
    # Subtest: ACT3_SCENE_EXCESS fires when act3 has more scenes than act1
    ok 1 - ACT3_SCENE_EXCESS fires when act3 has more scenes than act1
      ---
      duration_ms: 5.271094
      type: 'test'
      ...
    # Subtest: ACT3_SCENE_EXCESS does not fire when act1 and act3 have equal scene counts
    ok 2 - ACT3_SCENE_EXCESS does not fire when act1 and act3 have equal scene counts
      ---
      duration_ms: 0.858471
      type: 'test'
      ...
    # Subtest: TENSION_DROP_ABRUPT fires when climax peak is immediately followed by a flat non-resolution scene
    ok 3 - TENSION_DROP_ABRUPT fires when climax peak is immediately followed by a flat non-resolution scene
      ---
      duration_ms: 0.671137
      type: 'test'
      ...
    # Subtest: TENSION_DROP_ABRUPT does not fire when the scene after the peak is a resolution beat
    ok 4 - TENSION_DROP_ABRUPT does not fire when the scene after the peak is a resolution beat
      ---
      duration_ms: 0.599875
      type: 'test'
      ...
    # Subtest: ACT1_REVELATION_ABSENT fires when story has 3+ revelations but none in act1
    ok 5 - ACT1_REVELATION_ABSENT fires when story has 3+ revelations but none in act1
      ---
      duration_ms: 0.722368
      type: 'test'
      ...
    # Subtest: ACT1_REVELATION_ABSENT does not fire when act1 contains a revelation
    ok 6 - ACT1_REVELATION_ABSENT does not fire when act1 contains a revelation
      ---
      duration_ms: 0.879014
      type: 'test'
      ...
    1..6
ok 1905 - Wave 198 — structurePass: act3 scene excess, tension drop abrupt, act1 revelation absent
  ---
  duration_ms: 9.281089
  type: 'suite'
  ...
# Subtest: Wave 139 — structurePass: Act boundaries + inciting incident
    # Subtest: MISSING_INCITING_INCIDENT fires when Act 1 has no clues, shifts, or clock raises
    ok 1 - MISSING_INCITING_INCIDENT fires when Act 1 has no clues, shifts, or clock raises
      ---
      duration_ms: 2.374671
      type: 'test'
      ...
    # Subtest: MISSING_INCITING_INCIDENT does NOT fire when Act 1 seeds a clue
    ok 2 - MISSING_INCITING_INCIDENT does NOT fire when Act 1 seeds a clue
      ---
      duration_ms: 1.089905
      type: 'test'
      ...
    # Subtest: ACT1_BOUNDARY_WEAK fires when Act 1 ending has low suspense delta
    ok 3 - ACT1_BOUNDARY_WEAK fires when Act 1 ending has low suspense delta
      ---
      duration_ms: 0.643271
      type: 'test'
      ...
    # Subtest: ACT1_BOUNDARY_WEAK does NOT fire when Act 1 ending has high suspense delta
    ok 4 - ACT1_BOUNDARY_WEAK does NOT fire when Act 1 ending has high suspense delta
      ---
      duration_ms: 2.80256
      type: 'test'
      ...
    # Subtest: ACT2_BOUNDARY_WEAK fires when Act 2 ending has low suspense delta
    ok 5 - ACT2_BOUNDARY_WEAK fires when Act 2 ending has low suspense delta
      ---
      duration_ms: 0.726807
      type: 'test'
      ...
    # Subtest: ACT2_BOUNDARY_WEAK does NOT fire when Act 2 ending has high suspense delta
    ok 6 - ACT2_BOUNDARY_WEAK does NOT fire when Act 2 ending has high suspense delta
      ---
      duration_ms: 0.614567
      type: 'test'
      ...
    1..6
ok 1906 - Wave 139 — structurePass: Act boundaries + inciting incident
  ---
  duration_ms: 8.570305
  type: 'suite'
  ...
# Subtest: Wave 1191 — structurePass: Sin Check detector pack
    # Subtest: IDIOT_PLOT
        # Subtest: fires when the knowing character shares 2+ later scenes while the conflict stays open
        ok 1 - fires when the knowing character shares 2+ later scenes while the conflict stays open
          ---
          duration_ms: 4.624513
          type: 'test'
          ...
        # Subtest: does NOT fire when concealment vocabulary explains the silence
        ok 2 - does NOT fire when concealment vocabulary explains the silence
          ---
          duration_ms: 0.878278
          type: 'test'
          ...
        # Subtest: does NOT fire with fewer than 2 later co-present scenes
        ok 3 - does NOT fire with fewer than 2 later co-present scenes
          ---
          duration_ms: 0.731435
          type: 'test'
          ...
        # Subtest: does NOT fire when the clue neither resolves nor stays open to the end
        ok 4 - does NOT fire when the clue neither resolves nor stays open to the end
          ---
          duration_ms: 0.706134
          type: 'test'
          ...
        1..4
    ok 1 - IDIOT_PLOT
      ---
      duration_ms: 7.185971
      type: 'suite'
      ...
    # Subtest: UNSEEDED_TWIST
        # Subtest: fires for a late high-magnitude reversal whose key terms appear nowhere earlier
        ok 1 - fires for a late high-magnitude reversal whose key terms appear nowhere earlier
          ---
          duration_ms: 1.311906
          type: 'test'
          ...
        # Subtest: does NOT fire when an earlier scene already mentions one of the turn's key terms
        ok 2 - does NOT fire when an earlier scene already mentions one of the turn's key terms
          ---
          duration_ms: 1.469486
          type: 'test'
          ...
        # Subtest: does NOT fire when the reversal magnitude is below the threshold
        ok 3 - does NOT fire when the reversal magnitude is below the threshold
          ---
          duration_ms: 1.479109
          type: 'test'
          ...
        1..3
    ok 2 - UNSEEDED_TWIST
      ---
      duration_ms: 4.498077
      type: 'suite'
      ...
    1..2
ok 1907 - Wave 1191 — structurePass: Sin Check detector pack
  ---
  duration_ms: 11.828188
  type: 'suite'
  ...
# Subtest: I1-a — structurePass: DARK_NIGHT_ABSENT tone-composed thresholds (composeThresholds)
    # Subtest: structurePass: DARK_NIGHT_ABSENT fires generically at a 0.7 dip but NOT under tone hopeful (floor relaxed to 0.6)
    ok 1 - structurePass: DARK_NIGHT_ABSENT fires generically at a 0.7 dip but NOT under tone hopeful (floor relaxed to 0.6)
      ---
      duration_ms: 4.011417
      type: 'test'
      ...
    # Subtest: structurePass: DARK_NIGHT_ABSENT composes comedy genre + dread_driven tone and names both axes in the note
    ok 2 - structurePass: DARK_NIGHT_ABSENT composes comedy genre + dread_driven tone and names both axes in the note
      ---
      duration_ms: 1.765608
      type: 'test'
      ...
    1..2
ok 1908 - I1-a — structurePass: DARK_NIGHT_ABSENT tone-composed thresholds (composeThresholds)
  ---
  duration_ms: 5.894419
  type: 'suite'
  ...
# {"time":"2026-08-05T02:28:57.487Z","level":"warn","msg":"collab_secret_generated","message":"COLLAB_SECRET not set — generated an ephemeral per-process secret. Set COLLAB_SECRET in any multi-process or restart-prone deployment."}
# {"time":"2026-08-05T02:28:57.544Z","level":"warn","msg":"revision_rewrite_failed","passName":"theme","message":"Gemini provider not available (GEMINI_API_KEY not set)"}
# {"time":"2026-08-05T02:28:57.548Z","level":"warn","msg":"revision_rewrite_failed","passName":"theme","message":"Gemini provider not available (GEMINI_API_KEY not set)"}
# {"time":"2026-08-05T02:28:57.550Z","level":"warn","msg":"revision_rewrite_failed","passName":"theme","message":"Gemini provider not available (GEMINI_API_KEY not set)"}
# {"time":"2026-08-05T02:28:57.555Z","level":"warn","msg":"revision_rewrite_failed","passName":"theme","message":"Gemini provider not available (GEMINI_API_KEY not set)"}
# {"time":"2026-08-05T02:28:57.557Z","level":"warn","msg":"revision_rewrite_failed","passName":"theme","message":"Gemini provider not available (GEMINI_API_KEY not set)"}
# {"time":"2026-08-05T02:28:57.561Z","level":"warn","msg":"revision_rewrite_failed","passName":"theme","message":"Gemini provider not available (GEMINI_API_KEY not set)"}
# {"time":"2026-08-05T02:28:57.567Z","level":"warn","msg":"revision_rewrite_failed","passName":"theme","message":"Gemini provider not available (GEMINI_API_KEY not set)"}
# {"time":"2026-08-05T02:28:57.570Z","level":"warn","msg":"revision_rewrite_failed","passName":"theme","message":"Gemini provider not available (GEMINI_API_KEY not set)"}
# {"time":"2026-08-05T02:28:57.572Z","level":"warn","msg":"revision_rewrite_failed","passName":"theme","message":"Gemini provider not available (GEMINI_API_KEY not set)"}
# {"time":"2026-08-05T02:28:57.575Z","level":"warn","msg":"revision_rewrite_failed","passName":"theme","message":"Gemini provider not available (GEMINI_API_KEY not set)"}
# {"time":"2026-08-05T02:28:57.578Z","level":"warn","msg":"revision_rewrite_failed","passName":"theme","message":"Gemini provider not available (GEMINI_API_KEY not set)"}
# {"time":"2026-08-05T02:28:57.588Z","level":"warn","msg":"revision_rewrite_failed","passName":"theme","message":"Gemini provider not available (GEMINI_API_KEY not set)"}
# {"time":"2026-08-05T02:28:57.590Z","level":"warn","msg":"revision_rewrite_failed","passName":"theme","message":"Gemini provider not available (GEMINI_API_KEY not set)"}
# {"time":"2026-08-05T02:28:57.592Z","level":"warn","msg":"revision_rewrite_failed","passName":"theme","message":"Gemini provider not available (GEMINI_API_KEY not set)"}
# {"time":"2026-08-05T02:28:57.593Z","level":"warn","msg":"revision_rewrite_failed","passName":"theme","message":"Gemini provider not available (GEMINI_API_KEY not set)"}
# {"time":"2026-08-05T02:28:57.594Z","level":"warn","msg":"revision_rewrite_failed","passName":"theme","message":"Gemini provider not available (GEMINI_API_KEY not set)"}
# {"time":"2026-08-05T02:28:57.603Z","level":"warn","msg":"revision_rewrite_failed","passName":"theme","message":"Gemini provider not available (GEMINI_API_KEY not set)"}
# {"time":"2026-08-05T02:28:57.610Z","level":"warn","msg":"revision_rewrite_failed","passName":"theme","message":"Gemini provider not available (GEMINI_API_KEY not set)"}
# {"time":"2026-08-05T02:28:57.611Z","level":"warn","msg":"revision_rewrite_failed","passName":"theme","message":"Gemini provider not available (GEMINI_API_KEY not set)"}
# {"time":"2026-08-05T02:28:57.612Z","level":"warn","msg":"revision_rewrite_failed","passName":"theme","message":"Gemini provider not available (GEMINI_API_KEY not set)"}
# {"time":"2026-08-05T02:28:57.614Z","level":"warn","msg":"revision_rewrite_failed","passName":"theme","message":"Gemini provider not available (GEMINI_API_KEY not set)"}
# {"time":"2026-08-05T02:28:57.615Z","level":"warn","msg":"revision_rewrite_failed","passName":"theme","message":"Gemini provider not available (GEMINI_API_KEY not set)"}
# {"time":"2026-08-05T02:28:57.616Z","level":"warn","msg":"revision_rewrite_failed","passName":"theme","message":"Gemini provider not available (GEMINI_API_KEY not set)"}
# {"time":"2026-08-05T02:28:57.618Z","level":"warn","msg":"revision_rewrite_failed","passName":"theme","message":"Gemini provider not available (GEMINI_API_KEY not set)"}
# {"time":"2026-08-05T02:28:57.619Z","level":"warn","msg":"revision_rewrite_failed","passName":"theme","message":"Gemini provider not available (GEMINI_API_KEY not set)"}
# {"time":"2026-08-05T02:28:57.620Z","level":"warn","msg":"revision_rewrite_failed","passName":"theme","message":"Gemini provider not available (GEMINI_API_KEY not set)"}
# {"time":"2026-08-05T02:28:57.621Z","level":"warn","msg":"revision_rewrite_failed","passName":"theme","message":"Gemini provider not available (GEMINI_API_KEY not set)"}
# {"time":"2026-08-05T02:28:57.622Z","level":"warn","msg":"revision_rewrite_failed","passName":"theme","message":"Gemini provider not available (GEMINI_API_KEY not set)"}
# {"time":"2026-08-05T02:28:57.623Z","level":"warn","msg":"revision_rewrite_failed","passName":"theme","message":"Gemini provider not available (GEMINI_API_KEY not set)"}
# {"time":"2026-08-05T02:28:57.625Z","level":"warn","msg":"revision_rewrite_failed","passName":"theme","message":"Gemini provider not available (GEMINI_API_KEY not set)"}
# {"time":"2026-08-05T02:28:57.626Z","level":"warn","msg":"revision_rewrite_failed","passName":"theme","message":"Gemini provider not available (GEMINI_API_KEY not set)"}
# {"time":"2026-08-05T02:28:57.627Z","level":"warn","msg":"revision_rewrite_failed","passName":"theme","message":"Gemini provider not available (GEMINI_API_KEY not set)"}
# {"time":"2026-08-05T02:28:57.628Z","level":"warn","msg":"revision_rewrite_failed","passName":"theme","message":"Gemini provider not available (GEMINI_API_KEY not set)"}
# {"time":"2026-08-05T02:28:57.629Z","level":"warn","msg":"revision_rewrite_failed","passName":"theme","message":"Gemini provider not available (GEMINI_API_KEY not set)"}
# {"time":"2026-08-05T02:28:57.630Z","level":"warn","msg":"revision_rewrite_failed","passName":"theme","message":"Gemini provider not available (GEMINI_API_KEY not set)"}
# {"time":"2026-08-05T02:28:57.632Z","level":"warn","msg":"revision_rewrite_failed","passName":"theme","message":"Gemini provider not available (GEMINI_API_KEY not set)"}
# {"time":"2026-08-05T02:28:57.633Z","level":"warn","msg":"revision_rewrite_failed","passName":"theme","message":"Gemini provider not available (GEMINI_API_KEY not set)"}
# {"time":"2026-08-05T02:28:57.635Z","level":"warn","msg":"revision_rewrite_failed","passName":"theme","message":"Gemini provider not available (GEMINI_API_KEY not set)"}
# {"time":"2026-08-05T02:28:57.636Z","level":"warn","msg":"revision_rewrite_failed","passName":"theme","message":"Gemini provider not available (GEMINI_API_KEY not set)"}
# {"time":"2026-08-05T02:28:57.637Z","level":"warn","msg":"revision_rewrite_failed","passName":"theme","message":"Gemini provider not available (GEMINI_API_KEY not set)"}
# {"time":"2026-08-05T02:28:57.638Z","level":"warn","msg":"revision_rewrite_failed","passName":"theme","message":"Gemini provider not available (GEMINI_API_KEY not set)"}
# {"time":"2026-08-05T02:28:57.639Z","level":"warn","msg":"revision_rewrite_failed","passName":"theme","message":"Gemini provider not available (GEMINI_API_KEY not set)"}
# {"time":"2026-08-05T02:28:57.640Z","level":"warn","msg":"revision_rewrite_failed","passName":"theme","message":"Gemini provider not available (GEMINI_API_KEY not set)"}
# {"time":"2026-08-05T02:28:57.641Z","level":"warn","msg":"revision_rewrite_failed","passName":"theme","message":"Gemini provider not available (GEMINI_API_KEY not set)"}
# {"time":"2026-08-05T02:28:57.642Z","level":"warn","msg":"revision_rewrite_failed","passName":"theme","message":"Gemini provider not available (GEMINI_API_KEY not set)"}
# {"time":"2026-08-05T02:28:57.643Z","level":"warn","msg":"revision_rewrite_failed","passName":"theme","message":"Gemini provider not available (GEMINI_API_KEY not set)"}
# {"time":"2026-08-05T02:28:57.644Z","level":"warn","msg":"revision_rewrite_failed","passName":"theme","message":"Gemini provider not available (GEMINI_API_KEY not set)"}
# {"time":"2026-08-05T02:28:57.646Z","level":"warn","msg":"revision_rewrite_failed","passName":"theme","message":"Gemini provider not available (GEMINI_API_KEY not set)"}
# {"time":"2026-08-05T02:28:57.647Z","level":"warn","msg":"revision_rewrite_failed","passName":"theme","message":"Gemini provider not available (GEMINI_API_KEY not set)"}
# {"time":"2026-08-05T02:28:57.648Z","level":"warn","msg":"revision_rewrite_failed","passName":"theme","message":"Gemini provider not available (GEMINI_API_KEY not set)"}
# {"time":"2026-08-05T02:28:57.649Z","level":"warn","msg":"revision_rewrite_failed","passName":"theme","message":"Gemini provider not available (GEMINI_API_KEY not set)"}
# {"time":"2026-08-05T02:28:57.650Z","level":"warn","msg":"revision_rewrite_failed","passName":"theme","message":"Gemini provider not available (GEMINI_API_KEY not set)"}
# {"time":"2026-08-05T02:28:57.650Z","level":"warn","msg":"revision_rewrite_failed","passName":"theme","message":"Gemini provider not available (GEMINI_API_KEY not set)"}
# {"time":"2026-08-05T02:28:57.652Z","level":"warn","msg":"revision_rewrite_failed","passName":"theme","message":"Gemini provider not available (GEMINI_API_KEY not set)"}
# {"time":"2026-08-05T02:28:57.653Z","level":"warn","msg":"revision_rewrite_failed","passName":"theme","message":"Gemini provider not available (GEMINI_API_KEY not set)"}
# {"time":"2026-08-05T02:28:57.654Z","level":"warn","msg":"revision_rewrite_failed","passName":"theme","message":"Gemini provider not available (GEMINI_API_KEY not set)"}
# {"time":"2026-08-05T02:28:57.655Z","level":"warn","msg":"revision_rewrite_failed","passName":"theme","message":"Gemini provider not available (GEMINI_API_KEY not set)"}
# {"time":"2026-08-05T02:28:57.656Z","level":"warn","msg":"revision_rewrite_failed","passName":"theme","message":"Gemini provider not available (GEMINI_API_KEY not set)"}
# {"time":"2026-08-05T02:28:57.657Z","level":"warn","msg":"revision_rewrite_failed","passName":"theme","message":"Gemini provider not available (GEMINI_API_KEY not set)"}
# {"time":"2026-08-05T02:28:57.658Z","level":"warn","msg":"revision_rewrite_failed","passName":"theme","message":"Gemini provider not available (GEMINI_API_KEY not set)"}
# {"time":"2026-08-05T02:28:57.659Z","level":"warn","msg":"revision_rewrite_failed","passName":"theme","message":"Gemini provider not available (GEMINI_API_KEY not set)"}
# {"time":"2026-08-05T02:28:57.660Z","level":"warn","msg":"revision_rewrite_failed","passName":"theme","message":"Gemini provider not available (GEMINI_API_KEY not set)"}
# {"time":"2026-08-05T02:28:57.661Z","level":"warn","msg":"revision_rewrite_failed","passName":"theme","message":"Gemini provider not available (GEMINI_API_KEY not set)"}
# {"time":"2026-08-05T02:28:57.662Z","level":"warn","msg":"revision_rewrite_failed","passName":"theme","message":"Gemini provider not available (GEMINI_API_KEY not set)"}
# {"time":"2026-08-05T02:28:57.663Z","level":"warn","msg":"revision_rewrite_failed","passName":"theme","message":"Gemini provider not available (GEMINI_API_KEY not set)"}
# {"time":"2026-08-05T02:28:57.665Z","level":"warn","msg":"revision_rewrite_failed","passName":"theme","message":"Gemini provider not available (GEMINI_API_KEY not set)"}
# {"time":"2026-08-05T02:28:57.665Z","level":"warn","msg":"revision_rewrite_failed","passName":"theme","message":"Gemini provider not available (GEMINI_API_KEY not set)"}
# {"time":"2026-08-05T02:28:57.666Z","level":"warn","msg":"revision_rewrite_failed","passName":"theme","message":"Gemini provider not available (GEMINI_API_KEY not set)"}
# {"time":"2026-08-05T02:28:57.667Z","level":"warn","msg":"revision_rewrite_failed","passName":"theme","message":"Gemini provider not available (GEMINI_API_KEY not set)"}
# {"time":"2026-08-05T02:28:57.668Z","level":"warn","msg":"revision_rewrite_failed","passName":"theme","message":"Gemini provider not available (GEMINI_API_KEY not set)"}
# {"time":"2026-08-05T02:28:57.669Z","level":"warn","msg":"revision_rewrite_failed","passName":"theme","message":"Gemini provider not available (GEMINI_API_KEY not set)"}
# {"time":"2026-08-05T02:28:57.670Z","level":"warn","msg":"revision_rewrite_failed","passName":"theme","message":"Gemini provider not available (GEMINI_API_KEY not set)"}
# {"time":"2026-08-05T02:28:57.671Z","level":"warn","msg":"revision_rewrite_failed","passName":"theme","message":"Gemini provider not available (GEMINI_API_KEY not set)"}
# {"time":"2026-08-05T02:28:57.672Z","level":"warn","msg":"revision_rewrite_failed","passName":"theme","message":"Gemini provider not available (GEMINI_API_KEY not set)"}
# {"time":"2026-08-05T02:28:57.673Z","level":"warn","msg":"revision_rewrite_failed","passName":"theme","message":"Gemini provider not available (GEMINI_API_KEY not set)"}
# {"time":"2026-08-05T02:28:57.674Z","level":"warn","msg":"revision_rewrite_failed","passName":"theme","message":"Gemini provider not available (GEMINI_API_KEY not set)"}
# {"time":"2026-08-05T02:28:57.675Z","level":"warn","msg":"revision_rewrite_failed","passName":"theme","message":"Gemini provider not available (GEMINI_API_KEY not set)"}
# {"time":"2026-08-05T02:28:57.676Z","level":"warn","msg":"revision_rewrite_failed","passName":"theme","message":"Gemini provider not available (GEMINI_API_KEY not set)"}
# {"time":"2026-08-05T02:28:57.677Z","level":"warn","msg":"revision_rewrite_failed","passName":"theme","message":"Gemini provider not available (GEMINI_API_KEY not set)"}
# {"time":"2026-08-05T02:28:57.678Z","level":"warn","msg":"revision_rewrite_failed","passName":"theme","message":"Gemini provider not available (GEMINI_API_KEY not set)"}
# {"time":"2026-08-05T02:28:57.679Z","level":"warn","msg":"revision_rewrite_failed","passName":"theme","message":"Gemini provider not available (GEMINI_API_KEY not set)"}
# {"time":"2026-08-05T02:28:57.680Z","level":"warn","msg":"revision_rewrite_failed","passName":"theme","message":"Gemini provider not available (GEMINI_API_KEY not set)"}
# {"time":"2026-08-05T02:28:57.681Z","level":"warn","msg":"revision_rewrite_failed","passName":"theme","message":"Gemini provider not available (GEMINI_API_KEY not set)"}
# {"time":"2026-08-05T02:28:57.682Z","level":"warn","msg":"revision_rewrite_failed","passName":"theme","message":"Gemini provider not available (GEMINI_API_KEY not set)"}
# {"time":"2026-08-05T02:28:57.683Z","level":"warn","msg":"revision_rewrite_failed","passName":"theme","message":"Gemini provider not available (GEMINI_API_KEY not set)"}
# {"time":"2026-08-05T02:28:57.685Z","level":"warn","msg":"revision_rewrite_failed","passName":"theme","message":"Gemini provider not available (GEMINI_API_KEY not set)"}
# {"time":"2026-08-05T02:28:57.685Z","level":"warn","msg":"revision_rewrite_failed","passName":"theme","message":"Gemini provider not available (GEMINI_API_KEY not set)"}
# {"time":"2026-08-05T02:28:57.686Z","level":"warn","msg":"revision_rewrite_failed","passName":"theme","message":"Gemini provider not available (GEMINI_API_KEY not set)"}
# {"time":"2026-08-05T02:28:57.687Z","level":"warn","msg":"revision_rewrite_failed","passName":"theme","message":"Gemini provider not available (GEMINI_API_KEY not set)"}
# {"time":"2026-08-05T02:28:57.690Z","level":"warn","msg":"revision_rewrite_failed","passName":"theme","message":"Gemini provider not available (GEMINI_API_KEY not set)"}
# {"time":"2026-08-05T02:28:57.690Z","level":"warn","msg":"revision_rewrite_failed","passName":"theme","message":"Gemini provider not available (GEMINI_API_KEY not set)"}
# {"time":"2026-08-05T02:28:57.691Z","level":"warn","msg":"revision_rewrite_failed","passName":"theme","message":"Gemini provider not available (GEMINI_API_KEY not set)"}
# {"time":"2026-08-05T02:28:57.700Z","level":"warn","msg":"revision_rewrite_failed","passName":"theme","message":"Gemini provider not available (GEMINI_API_KEY not set)"}
# {"time":"2026-08-05T02:28:57.701Z","level":"warn","msg":"revision_rewrite_failed","passName":"theme","message":"Gemini provider not available (GEMINI_API_KEY not set)"}
# {"time":"2026-08-05T02:28:57.702Z","level":"warn","msg":"revision_rewrite_failed","passName":"theme","message":"Gemini provider not available (GEMINI_API_KEY not set)"}
# {"time":"2026-08-05T02:28:57.703Z","level":"warn","msg":"revision_rewrite_failed","passName":"theme","message":"Gemini provider not available (GEMINI_API_KEY not set)"}
# {"time":"2026-08-05T02:28:57.704Z","level":"warn","msg":"revision_rewrite_failed","passName":"theme","message":"Gemini provider not available (GEMINI_API_KEY not set)"}
# {"time":"2026-08-05T02:28:57.705Z","level":"warn","msg":"revision_rewrite_failed","passName":"theme","message":"Gemini provider not available (GEMINI_API_KEY not set)"}
# {"time":"2026-08-05T02:28:57.706Z","level":"warn","msg":"revision_rewrite_failed","passName":"theme","message":"Gemini provider not available (GEMINI_API_KEY not set)"}
# {"time":"2026-08-05T02:28:57.707Z","level":"warn","msg":"revision_rewrite_failed","passName":"theme","message":"Gemini provider not available (GEMINI_API_KEY not set)"}
# {"time":"2026-08-05T02:28:57.708Z","level":"warn","msg":"revision_rewrite_failed","passName":"theme","message":"Gemini provider not available (GEMINI_API_KEY not set)"}
# {"time":"2026-08-05T02:28:57.710Z","level":"warn","msg":"revision_rewrite_failed","passName":"theme","message":"Gemini provider not available (GEMINI_API_KEY not set)"}
# {"time":"2026-08-05T02:28:57.710Z","level":"warn","msg":"revision_rewrite_failed","passName":"theme","message":"Gemini provider not available (GEMINI_API_KEY not set)"}
# {"time":"2026-08-05T02:28:57.712Z","level":"warn","msg":"revision_rewrite_failed","passName":"theme","message":"Gemini provider not available (GEMINI_API_KEY not set)"}
# {"time":"2026-08-05T02:28:57.712Z","level":"warn","msg":"revision_rewrite_failed","passName":"theme","message":"Gemini provider not available (GEMINI_API_KEY not set)"}
# {"time":"2026-08-05T02:28:57.713Z","level":"warn","msg":"revision_rewrite_failed","passName":"theme","message":"Gemini provider not available (GEMINI_API_KEY not set)"}
# {"time":"2026-08-05T02:28:57.714Z","level":"warn","msg":"revision_rewrite_failed","passName":"theme","message":"Gemini provider not available (GEMINI_API_KEY not set)"}
# {"time":"2026-08-05T02:28:57.715Z","level":"warn","msg":"revision_rewrite_failed","passName":"theme","message":"Gemini provider not available (GEMINI_API_KEY not set)"}
# {"time":"2026-08-05T02:28:57.716Z","level":"warn","msg":"revision_rewrite_failed","passName":"theme","message":"Gemini provider not available (GEMINI_API_KEY not set)"}
# {"time":"2026-08-05T02:28:57.717Z","level":"warn","msg":"revision_rewrite_failed","passName":"theme","message":"Gemini provider not available (GEMINI_API_KEY not set)"}
# {"time":"2026-08-05T02:28:57.718Z","level":"warn","msg":"revision_rewrite_failed","passName":"theme","message":"Gemini provider not available (GEMINI_API_KEY not set)"}
# {"time":"2026-08-05T02:28:57.719Z","level":"warn","msg":"revision_rewrite_failed","passName":"theme","message":"Gemini provider not available (GEMINI_API_KEY not set)"}
# {"time":"2026-08-05T02:28:57.720Z","level":"warn","msg":"revision_rewrite_failed","passName":"theme","message":"Gemini provider not available (GEMINI_API_KEY not set)"}
# {"time":"2026-08-05T02:28:57.721Z","level":"warn","msg":"revision_rewrite_failed","passName":"theme","message":"Gemini provider not available (GEMINI_API_KEY not set)"}
# {"time":"2026-08-05T02:28:57.722Z","level":"warn","msg":"revision_rewrite_failed","passName":"theme","message":"Gemini provider not available (GEMINI_API_KEY not set)"}
# {"time":"2026-08-05T02:28:57.723Z","level":"warn","msg":"revision_rewrite_failed","passName":"theme","message":"Gemini provider not available (GEMINI_API_KEY not set)"}
# {"time":"2026-08-05T02:28:57.724Z","level":"warn","msg":"revision_rewrite_failed","passName":"theme","message":"Gemini provider not available (GEMINI_API_KEY not set)"}
# {"time":"2026-08-05T02:28:57.726Z","level":"warn","msg":"revision_rewrite_failed","passName":"theme","message":"Gemini provider not available (GEMINI_API_KEY not set)"}
# {"time":"2026-08-05T02:28:57.727Z","level":"warn","msg":"revision_rewrite_failed","passName":"theme","message":"Gemini provider not available (GEMINI_API_KEY not set)"}
# {"time":"2026-08-05T02:28:57.728Z","level":"warn","msg":"revision_rewrite_failed","passName":"theme","message":"Gemini provider not available (GEMINI_API_KEY not set)"}
# {"time":"2026-08-05T02:28:57.729Z","level":"warn","msg":"revision_rewrite_failed","passName":"theme","message":"Gemini provider not available (GEMINI_API_KEY not set)"}
# {"time":"2026-08-05T02:28:57.730Z","level":"warn","msg":"revision_rewrite_failed","passName":"theme","message":"Gemini provider not available (GEMINI_API_KEY not set)"}
# {"time":"2026-08-05T02:28:57.730Z","level":"warn","msg":"revision_rewrite_failed","passName":"theme","message":"Gemini provider not available (GEMINI_API_KEY not set)"}
# {"time":"2026-08-05T02:28:57.731Z","level":"warn","msg":"revision_rewrite_failed","passName":"theme","message":"Gemini provider not available (GEMINI_API_KEY not set)"}
# {"time":"2026-08-05T02:28:57.732Z","level":"warn","msg":"revision_rewrite_failed","passName":"theme","message":"Gemini provider not available (GEMINI_API_KEY not set)"}
# {"time":"2026-08-05T02:28:57.733Z","level":"warn","msg":"revision_rewrite_failed","passName":"theme","message":"Gemini provider not available (GEMINI_API_KEY not set)"}
# {"time":"2026-08-05T02:28:57.734Z","level":"warn","msg":"revision_rewrite_failed","passName":"theme","message":"Gemini provider not available (GEMINI_API_KEY not set)"}
# {"time":"2026-08-05T02:28:57.735Z","level":"warn","msg":"revision_rewrite_failed","passName":"theme","message":"Gemini provider not available (GEMINI_API_KEY not set)"}
# {"time":"2026-08-05T02:28:57.736Z","level":"warn","msg":"revision_rewrite_failed","passName":"theme","message":"Gemini provider not available (GEMINI_API_KEY not set)"}
# {"time":"2026-08-05T02:28:57.737Z","level":"warn","msg":"revision_rewrite_failed","passName":"theme","message":"Gemini provider not available (GEMINI_API_KEY not set)"}
# {"time":"2026-08-05T02:28:57.738Z","level":"warn","msg":"revision_rewrite_failed","passName":"theme","message":"Gemini provider not available (GEMINI_API_KEY not set)"}
# {"time":"2026-08-05T02:28:57.739Z","level":"warn","msg":"revision_rewrite_failed","passName":"theme","message":"Gemini provider not available (GEMINI_API_KEY not set)"}
# {"time":"2026-08-05T02:28:57.740Z","level":"warn","msg":"revision_rewrite_failed","passName":"theme","message":"Gemini provider not available (GEMINI_API_KEY not set)"}
# {"time":"2026-08-05T02:28:57.741Z","level":"warn","msg":"revision_rewrite_failed","passName":"theme","message":"Gemini provider not available (GEMINI_API_KEY not set)"}
# {"time":"2026-08-05T02:28:57.741Z","level":"warn","msg":"revision_rewrite_failed","passName":"theme","message":"Gemini provider not available (GEMINI_API_KEY not set)"}
# {"time":"2026-08-05T02:28:57.742Z","level":"warn","msg":"revision_rewrite_failed","passName":"theme","message":"Gemini provider not available (GEMINI_API_KEY not set)"}
# {"time":"2026-08-05T02:28:57.743Z","level":"warn","msg":"revision_rewrite_failed","passName":"theme","message":"Gemini provider not available (GEMINI_API_KEY not set)"}
# {"time":"2026-08-05T02:28:57.744Z","level":"warn","msg":"revision_rewrite_failed","passName":"theme","message":"Gemini provider not available (GEMINI_API_KEY not set)"}
# {"time":"2026-08-05T02:28:57.745Z","level":"warn","msg":"revision_rewrite_failed","passName":"theme","message":"Gemini provider not available (GEMINI_API_KEY not set)"}
# {"time":"2026-08-05T02:28:57.746Z","level":"warn","msg":"revision_rewrite_failed","passName":"theme","message":"Gemini provider not available (GEMINI_API_KEY not set)"}
# {"time":"2026-08-05T02:28:57.747Z","level":"warn","msg":"revision_rewrite_failed","passName":"theme","message":"Gemini provider not available (GEMINI_API_KEY not set)"}
# {"time":"2026-08-05T02:28:57.748Z","level":"warn","msg":"revision_rewrite_failed","passName":"theme","message":"Gemini provider not available (GEMINI_API_KEY not set)"}
# {"time":"2026-08-05T02:28:57.749Z","level":"warn","msg":"revision_rewrite_failed","passName":"theme","message":"Gemini provider not available (GEMINI_API_KEY not set)"}
# {"time":"2026-08-05T02:28:57.750Z","level":"warn","msg":"revision_rewrite_failed","passName":"theme","message":"Gemini provider not available (GEMINI_API_KEY not set)"}
# {"time":"2026-08-05T02:28:57.751Z","level":"warn","msg":"revision_rewrite_failed","passName":"theme","message":"Gemini provider not available (GEMINI_API_KEY not set)"}
# {"time":"2026-08-05T02:28:57.752Z","level":"warn","msg":"revision_rewrite_failed","passName":"theme","message":"Gemini provider not available (GEMINI_API_KEY not set)"}
# {"time":"2026-08-05T02:28:57.752Z","level":"warn","msg":"revision_rewrite_failed","passName":"theme","message":"Gemini provider not available (GEMINI_API_KEY not set)"}
# {"time":"2026-08-05T02:28:57.753Z","level":"warn","msg":"revision_rewrite_failed","passName":"theme","message":"Gemini provider not available (GEMINI_API_KEY not set)"}
# {"time":"2026-08-05T02:28:57.754Z","level":"warn","msg":"revision_rewrite_failed","passName":"theme","message":"Gemini provider not available (GEMINI_API_KEY not set)"}
# {"time":"2026-08-05T02:28:57.755Z","level":"warn","msg":"revision_rewrite_failed","passName":"theme","message":"Gemini provider not available (GEMINI_API_KEY not set)"}
# {"time":"2026-08-05T02:28:57.756Z","level":"warn","msg":"revision_rewrite_failed","passName":"theme","message":"Gemini provider not available (GEMINI_API_KEY not set)"}
# {"time":"2026-08-05T02:28:57.757Z","level":"warn","msg":"revision_rewrite_failed","passName":"theme","message":"Gemini provider not available (GEMINI_API_KEY not set)"}
# {"time":"2026-08-05T02:28:57.758Z","level":"warn","msg":"revision_rewrite_failed","passName":"theme","message":"Gemini provider not available (GEMINI_API_KEY not set)"}
# {"time":"2026-08-05T02:28:57.759Z","level":"warn","msg":"revision_rewrite_failed","passName":"theme","message":"Gemini provider not available (GEMINI_API_KEY not set)"}
# {"time":"2026-08-05T02:28:57.760Z","level":"warn","msg":"revision_rewrite_failed","passName":"theme","message":"Gemini provider not available (GEMINI_API_KEY not set)"}
# {"time":"2026-08-05T02:28:57.761Z","level":"warn","msg":"revision_rewrite_failed","passName":"theme","message":"Gemini provider not available (GEMINI_API_KEY not set)"}
# {"time":"2026-08-05T02:28:57.762Z","level":"warn","msg":"revision_rewrite_failed","passName":"theme","message":"Gemini provider not available (GEMINI_API_KEY not set)"}
# {"time":"2026-08-05T02:28:57.762Z","level":"warn","msg":"revision_rewrite_failed","passName":"theme","message":"Gemini provider not available (GEMINI_API_KEY not set)"}
# {"time":"2026-08-05T02:28:57.763Z","level":"warn","msg":"revision_rewrite_failed","passName":"theme","message":"Gemini provider not available (GEMINI_API_KEY not set)"}
# {"time":"2026-08-05T02:28:57.764Z","level":"warn","msg":"revision_rewrite_failed","passName":"theme","message":"Gemini provider not available (GEMINI_API_KEY not set)"}
# {"time":"2026-08-05T02:28:57.765Z","level":"warn","msg":"revision_rewrite_failed","passName":"theme","message":"Gemini provider not available (GEMINI_API_KEY not set)"}
# {"time":"2026-08-05T02:28:57.766Z","level":"warn","msg":"revision_rewrite_failed","passName":"theme","message":"Gemini provider not available (GEMINI_API_KEY not set)"}
# {"time":"2026-08-05T02:28:57.767Z","level":"warn","msg":"revision_rewrite_failed","passName":"theme","message":"Gemini provider not available (GEMINI_API_KEY not set)"}
# {"time":"2026-08-05T02:28:57.768Z","level":"warn","msg":"revision_rewrite_failed","passName":"theme","message":"Gemini provider not available (GEMINI_API_KEY not set)"}
# {"time":"2026-08-05T02:28:57.769Z","level":"warn","msg":"revision_rewrite_failed","passName":"theme","message":"Gemini provider not available (GEMINI_API_KEY not set)"}
# {"time":"2026-08-05T02:28:57.770Z","level":"warn","msg":"revision_rewrite_failed","passName":"theme","message":"Gemini provider not available (GEMINI_API_KEY not set)"}
# {"time":"2026-08-05T02:28:57.771Z","level":"warn","msg":"revision_rewrite_failed","passName":"theme","message":"Gemini provider not available (GEMINI_API_KEY not set)"}
# {"time":"2026-08-05T02:28:57.772Z","level":"warn","msg":"revision_rewrite_failed","passName":"theme","message":"Gemini provider not available (GEMINI_API_KEY not set)"}
# {"time":"2026-08-05T02:28:57.773Z","level":"warn","msg":"revision_rewrite_failed","passName":"theme","message":"Gemini provider not available (GEMINI_API_KEY not set)"}
# {"time":"2026-08-05T02:28:57.773Z","level":"warn","msg":"revision_rewrite_failed","passName":"theme","message":"Gemini provider not available (GEMINI_API_KEY not set)"}
# {"time":"2026-08-05T02:28:57.774Z","level":"warn","msg":"revision_rewrite_failed","passName":"theme","message":"Gemini provider not available (GEMINI_API_KEY not set)"}
# {"time":"2026-08-05T02:28:57.775Z","level":"warn","msg":"revision_rewrite_failed","passName":"theme","message":"Gemini provider not available (GEMINI_API_KEY not set)"}
# {"time":"2026-08-05T02:28:57.776Z","level":"warn","msg":"revision_rewrite_failed","passName":"theme","message":"Gemini provider not available (GEMINI_API_KEY not set)"}
# {"time":"2026-08-05T02:28:57.777Z","level":"warn","msg":"revision_rewrite_failed","passName":"theme","message":"Gemini provider not available (GEMINI_API_KEY not set)"}
# {"time":"2026-08-05T02:28:57.778Z","level":"warn","msg":"revision_rewrite_failed","passName":"theme","message":"Gemini provider not available (GEMINI_API_KEY not set)"}
# {"time":"2026-08-05T02:28:57.779Z","level":"warn","msg":"revision_rewrite_failed","passName":"theme","message":"Gemini provider not available (GEMINI_API_KEY not set)"}
# {"time":"2026-08-05T02:28:57.780Z","level":"warn","msg":"revision_rewrite_failed","passName":"theme","message":"Gemini provider not available (GEMINI_API_KEY not set)"}
# {"time":"2026-08-05T02:28:57.781Z","level":"warn","msg":"revision_rewrite_failed","passName":"theme","message":"Gemini provider not available (GEMINI_API_KEY not set)"}
# {"time":"2026-08-05T02:28:57.782Z","level":"warn","msg":"revision_rewrite_failed","passName":"theme","message":"Gemini provider not available (GEMINI_API_KEY not set)"}
# {"time":"2026-08-05T02:28:57.783Z","level":"warn","msg":"revision_rewrite_failed","passName":"theme","message":"Gemini provider not available (GEMINI_API_KEY not set)"}
# {"time":"2026-08-05T02:28:57.784Z","level":"warn","msg":"revision_rewrite_failed","passName":"theme","message":"Gemini provider not available (GEMINI_API_KEY not set)"}
# {"time":"2026-08-05T02:28:57.785Z","level":"warn","msg":"revision_rewrite_failed","passName":"theme","message":"Gemini provider not available (GEMINI_API_KEY not set)"}
# {"time":"2026-08-05T02:28:57.786Z","level":"warn","msg":"revision_rewrite_failed","passName":"theme","message":"Gemini provider not available (GEMINI_API_KEY not set)"}
# {"time":"2026-08-05T02:28:57.786Z","level":"warn","msg":"revision_rewrite_failed","passName":"theme","message":"Gemini provider not available (GEMINI_API_KEY not set)"}
# {"time":"2026-08-05T02:28:57.787Z","level":"warn","msg":"revision_rewrite_failed","passName":"theme","message":"Gemini provider not available (GEMINI_API_KEY not set)"}
# {"time":"2026-08-05T02:28:57.788Z","level":"warn","msg":"revision_rewrite_failed","passName":"theme","message":"Gemini provider not available (GEMINI_API_KEY not set)"}
# {"time":"2026-08-05T02:28:57.789Z","level":"warn","msg":"revision_rewrite_failed","passName":"theme","message":"Gemini provider not available (GEMINI_API_KEY not set)"}
# {"time":"2026-08-05T02:28:57.790Z","level":"warn","msg":"revision_rewrite_failed","passName":"theme","message":"Gemini provider not available (GEMINI_API_KEY not set)"}
# {"time":"2026-08-05T02:28:57.791Z","level":"warn","msg":"revision_rewrite_failed","passName":"theme","message":"Gemini provider not available (GEMINI_API_KEY not set)"}
# {"time":"2026-08-05T02:28:57.792Z","level":"warn","msg":"revision_rewrite_failed","passName":"theme","message":"Gemini provider not available (GEMINI_API_KEY not set)"}
# {"time":"2026-08-05T02:28:57.792Z","level":"warn","msg":"revision_rewrite_failed","passName":"theme","message":"Gemini provider not available (GEMINI_API_KEY not set)"}
# {"time":"2026-08-05T02:28:57.793Z","level":"warn","msg":"revision_rewrite_failed","passName":"theme","message":"Gemini provider not available (GEMINI_API_KEY not set)"}
# {"time":"2026-08-05T02:28:57.794Z","level":"warn","msg":"revision_rewrite_failed","passName":"theme","message":"Gemini provider not available (GEMINI_API_KEY not set)"}
# {"time":"2026-08-05T02:28:57.795Z","level":"warn","msg":"revision_rewrite_failed","passName":"theme","message":"Gemini provider not available (GEMINI_API_KEY not set)"}
# {"time":"2026-08-05T02:28:57.797Z","level":"warn","msg":"revision_rewrite_failed","passName":"theme","message":"Gemini provider not available (GEMINI_API_KEY not set)"}
# {"time":"2026-08-05T02:28:57.797Z","level":"warn","msg":"revision_rewrite_failed","passName":"theme","message":"Gemini provider not available (GEMINI_API_KEY not set)"}
# {"time":"2026-08-05T02:28:57.798Z","level":"warn","msg":"revision_rewrite_failed","passName":"theme","message":"Gemini provider not available (GEMINI_API_KEY not set)"}
# {"time":"2026-08-05T02:28:57.799Z","level":"warn","msg":"revision_rewrite_failed","passName":"theme","message":"Gemini provider not available (GEMINI_API_KEY not set)"}
# {"time":"2026-08-05T02:28:57.800Z","level":"warn","msg":"revision_rewrite_failed","passName":"theme","message":"Gemini provider not available (GEMINI_API_KEY not set)"}
# {"time":"2026-08-05T02:28:57.801Z","level":"warn","msg":"revision_rewrite_failed","passName":"theme","message":"Gemini provider not available (GEMINI_API_KEY not set)"}
# {"time":"2026-08-05T02:28:57.801Z","level":"warn","msg":"revision_rewrite_failed","passName":"theme","message":"Gemini provider not available (GEMINI_API_KEY not set)"}
# {"time":"2026-08-05T02:28:57.802Z","level":"warn","msg":"revision_rewrite_failed","passName":"theme","message":"Gemini provider not available (GEMINI_API_KEY not set)"}
# {"time":"2026-08-05T02:28:57.803Z","level":"warn","msg":"revision_rewrite_failed","passName":"theme","message":"Gemini provider not available (GEMINI_API_KEY not set)"}
# {"time":"2026-08-05T02:28:57.804Z","level":"warn","msg":"revision_rewrite_failed","passName":"theme","message":"Gemini provider not available (GEMINI_API_KEY not set)"}
# {"time":"2026-08-05T02:28:57.805Z","level":"warn","msg":"revision_rewrite_failed","passName":"theme","message":"Gemini provider not available (GEMINI_API_KEY not set)"}
# {"time":"2026-08-05T02:28:57.822Z","level":"warn","msg":"revision_rewrite_failed","passName":"theme","message":"Gemini provider not available (GEMINI_API_KEY not set)"}
# {"time":"2026-08-05T02:28:57.823Z","level":"warn","msg":"revision_rewrite_failed","passName":"theme","message":"Gemini provider not available (GEMINI_API_KEY not set)"}
# {"time":"2026-08-05T02:28:57.824Z","level":"warn","msg":"revision_rewrite_failed","passName":"theme","message":"Gemini provider not available (GEMINI_API_KEY not set)"}
# {"time":"2026-08-05T02:28:57.825Z","level":"warn","msg":"revision_rewrite_failed","passName":"theme","message":"Gemini provider not available (GEMINI_API_KEY not set)"}
# {"time":"2026-08-05T02:28:57.826Z","level":"warn","msg":"revision_rewrite_failed","passName":"theme","message":"Gemini provider not available (GEMINI_API_KEY not set)"}
# {"time":"2026-08-05T02:28:57.827Z","level":"warn","msg":"revision_rewrite_failed","passName":"theme","message":"Gemini provider not available (GEMINI_API_KEY not set)"}
# {"time":"2026-08-05T02:28:57.828Z","level":"warn","msg":"revision_rewrite_failed","passName":"theme","message":"Gemini provider not available (GEMINI_API_KEY not set)"}
# {"time":"2026-08-05T02:28:57.828Z","level":"warn","msg":"revision_rewrite_failed","passName":"theme","message":"Gemini provider not available (GEMINI_API_KEY not set)"}
# {"time":"2026-08-05T02:28:57.829Z","level":"warn","msg":"revision_rewrite_failed","passName":"theme","message":"Gemini provider not available (GEMINI_API_KEY not set)"}
# {"time":"2026-08-05T02:28:57.830Z","level":"warn","msg":"revision_rewrite_failed","passName":"theme","message":"Gemini provider not available (GEMINI_API_KEY not set)"}
# {"time":"2026-08-05T02:28:57.831Z","level":"warn","msg":"revision_rewrite_failed","passName":"theme","message":"Gemini provider not available (GEMINI_API_KEY not set)"}
# {"time":"2026-08-05T02:28:57.832Z","level":"warn","msg":"revision_rewrite_failed","passName":"theme","message":"Gemini provider not available (GEMINI_API_KEY not set)"}
# {"time":"2026-08-05T02:28:57.833Z","level":"warn","msg":"revision_rewrite_failed","passName":"theme","message":"Gemini provider not available (GEMINI_API_KEY not set)"}
# {"time":"2026-08-05T02:28:57.834Z","level":"warn","msg":"revision_rewrite_failed","passName":"theme","message":"Gemini provider not available (GEMINI_API_KEY not set)"}
# {"time":"2026-08-05T02:28:57.835Z","level":"warn","msg":"revision_rewrite_failed","passName":"theme","message":"Gemini provider not available (GEMINI_API_KEY not set)"}
# {"time":"2026-08-05T02:28:57.835Z","level":"warn","msg":"revision_rewrite_failed","passName":"theme","message":"Gemini provider not available (GEMINI_API_KEY not set)"}
# {"time":"2026-08-05T02:28:57.836Z","level":"warn","msg":"revision_rewrite_failed","passName":"theme","message":"Gemini provider not available (GEMINI_API_KEY not set)"}
# {"time":"2026-08-05T02:28:57.837Z","level":"warn","msg":"revision_rewrite_failed","passName":"theme","message":"Gemini provider not available (GEMINI_API_KEY not set)"}
# {"time":"2026-08-05T02:28:57.838Z","level":"warn","msg":"revision_rewrite_failed","passName":"theme","message":"Gemini provider not available (GEMINI_API_KEY not set)"}
# {"time":"2026-08-05T02:28:57.839Z","level":"warn","msg":"revision_rewrite_failed","passName":"theme","message":"Gemini provider not available (GEMINI_API_KEY not set)"}
# {"time":"2026-08-05T02:28:57.840Z","level":"warn","msg":"revision_rewrite_failed","passName":"theme","message":"Gemini provider not available (GEMINI_API_KEY not set)"}
# {"time":"2026-08-05T02:28:57.840Z","level":"warn","msg":"revision_rewrite_failed","passName":"theme","message":"Gemini provider not available (GEMINI_API_KEY not set)"}
# {"time":"2026-08-05T02:28:57.841Z","level":"warn","msg":"revision_rewrite_failed","passName":"theme","message":"Gemini provider not available (GEMINI_API_KEY not set)"}
# {"time":"2026-08-05T02:28:57.842Z","level":"warn","msg":"revision_rewrite_failed","passName":"theme","message":"Gemini provider not available (GEMINI_API_KEY not set)"}
# {"time":"2026-08-05T02:28:57.843Z","level":"warn","msg":"revision_rewrite_failed","passName":"theme","message":"Gemini provider not available (GEMINI_API_KEY not set)"}
# {"time":"2026-08-05T02:28:57.844Z","level":"warn","msg":"revision_rewrite_failed","passName":"theme","message":"Gemini provider not available (GEMINI_API_KEY not set)"}
# {"time":"2026-08-05T02:28:57.844Z","level":"warn","msg":"revision_rewrite_failed","passName":"theme","message":"Gemini provider not available (GEMINI_API_KEY not set)"}
# {"time":"2026-08-05T02:28:57.845Z","level":"warn","msg":"revision_rewrite_failed","passName":"theme","message":"Gemini provider not available (GEMINI_API_KEY not set)"}
# {"time":"2026-08-05T02:28:57.846Z","level":"warn","msg":"revision_rewrite_failed","passName":"theme","message":"Gemini provider not available (GEMINI_API_KEY not set)"}
# {"time":"2026-08-05T02:28:57.847Z","level":"warn","msg":"revision_rewrite_failed","passName":"theme","message":"Gemini provider not available (GEMINI_API_KEY not set)"}
# {"time":"2026-08-05T02:28:57.848Z","level":"warn","msg":"revision_rewrite_failed","passName":"theme","message":"Gemini provider not available (GEMINI_API_KEY not set)"}
# {"time":"2026-08-05T02:28:57.849Z","level":"warn","msg":"revision_rewrite_failed","passName":"theme","message":"Gemini provider not available (GEMINI_API_KEY not set)"}
# {"time":"2026-08-05T02:28:57.849Z","level":"warn","msg":"revision_rewrite_failed","passName":"theme","message":"Gemini provider not available (GEMINI_API_KEY not set)"}
# {"time":"2026-08-05T02:28:57.850Z","level":"warn","msg":"revision_rewrite_failed","passName":"theme","message":"Gemini provider not available (GEMINI_API_KEY not set)"}
# {"time":"2026-08-05T02:28:57.851Z","level":"warn","msg":"revision_rewrite_failed","passName":"theme","message":"Gemini provider not available (GEMINI_API_KEY not set)"}
# {"time":"2026-08-05T02:28:57.852Z","level":"warn","msg":"revision_rewrite_failed","passName":"theme","message":"Gemini provider not available (GEMINI_API_KEY not set)"}
# {"time":"2026-08-05T02:28:57.852Z","level":"warn","msg":"revision_rewrite_failed","passName":"theme","message":"Gemini provider not available (GEMINI_API_KEY not set)"}
# {"time":"2026-08-05T02:28:57.853Z","level":"warn","msg":"revision_rewrite_failed","passName":"theme","message":"Gemini provider not available (GEMINI_API_KEY not set)"}
# {"time":"2026-08-05T02:28:57.854Z","level":"warn","msg":"revision_rewrite_failed","passName":"theme","message":"Gemini provider not available (GEMINI_API_KEY not set)"}
# {"time":"2026-08-05T02:28:57.855Z","level":"warn","msg":"revision_rewrite_failed","passName":"theme","message":"Gemini provider not available (GEMINI_API_KEY not set)"}
# {"time":"2026-08-05T02:28:57.856Z","level":"warn","msg":"revision_rewrite_failed","passName":"theme","message":"Gemini provider not available (GEMINI_API_KEY not set)"}
# {"time":"2026-08-05T02:28:57.857Z","level":"warn","msg":"revision_rewrite_failed","passName":"theme","message":"Gemini provider not available (GEMINI_API_KEY not set)"}
# {"time":"2026-08-05T02:28:57.857Z","level":"warn","msg":"revision_rewrite_failed","passName":"theme","message":"Gemini provider not available (GEMINI_API_KEY not set)"}
# {"time":"2026-08-05T02:28:57.858Z","level":"warn","msg":"revision_rewrite_failed","passName":"theme","message":"Gemini provider not available (GEMINI_API_KEY not set)"}
# {"time":"2026-08-05T02:28:57.859Z","level":"warn","msg":"revision_rewrite_failed","passName":"theme","message":"Gemini provider not available (GEMINI_API_KEY not set)"}
# {"time":"2026-08-05T02:28:57.860Z","level":"warn","msg":"revision_rewrite_failed","passName":"theme","message":"Gemini provider not available (GEMINI_API_KEY not set)"}
# {"time":"2026-08-05T02:28:57.861Z","level":"warn","msg":"revision_rewrite_failed","passName":"theme","message":"Gemini provider not available (GEMINI_API_KEY not set)"}
# {"time":"2026-08-05T02:28:57.862Z","level":"warn","msg":"revision_rewrite_failed","passName":"theme","message":"Gemini provider not available (GEMINI_API_KEY not set)"}
# {"time":"2026-08-05T02:28:57.862Z","level":"warn","msg":"revision_rewrite_failed","passName":"theme","message":"Gemini provider not available (GEMINI_API_KEY not set)"}
# {"time":"2026-08-05T02:28:57.863Z","level":"warn","msg":"revision_rewrite_failed","passName":"theme","message":"Gemini provider not available (GEMINI_API_KEY not set)"}
# {"time":"2026-08-05T02:28:57.864Z","level":"warn","msg":"revision_rewrite_failed","passName":"theme","message":"Gemini provider not available (GEMINI_API_KEY not set)"}
# {"time":"2026-08-05T02:28:57.865Z","level":"warn","msg":"revision_rewrite_failed","passName":"theme","message":"Gemini provider not available (GEMINI_API_KEY not set)"}
# {"time":"2026-08-05T02:28:57.866Z","level":"warn","msg":"revision_rewrite_failed","passName":"theme","message":"Gemini provider not available (GEMINI_API_KEY not set)"}
# {"time":"2026-08-05T02:28:57.867Z","level":"warn","msg":"revision_rewrite_failed","passName":"theme","message":"Gemini provider not available (GEMINI_API_KEY not set)"}
# {"time":"2026-08-05T02:28:57.868Z","level":"warn","msg":"revision_rewrite_failed","passName":"theme","message":"Gemini provider not available (GEMINI_API_KEY not set)"}
# {"time":"2026-08-05T02:28:57.869Z","level":"warn","msg":"revision_rewrite_failed","passName":"theme","message":"Gemini provider not available (GEMINI_API_KEY not set)"}
# {"time":"2026-08-05T02:28:57.870Z","level":"warn","msg":"revision_rewrite_failed","passName":"theme","message":"Gemini provider not available (GEMINI_API_KEY not set)"}
# {"time":"2026-08-05T02:28:57.871Z","level":"warn","msg":"revision_rewrite_failed","passName":"theme","message":"Gemini provider not available (GEMINI_API_KEY not set)"}
# {"time":"2026-08-05T02:28:57.872Z","level":"warn","msg":"revision_rewrite_failed","passName":"theme","message":"Gemini provider not available (GEMINI_API_KEY not set)"}
# {"time":"2026-08-05T02:28:57.873Z","level":"warn","msg":"revision_rewrite_failed","passName":"theme","message":"Gemini provider not available (GEMINI_API_KEY not set)"}
# {"time":"2026-08-05T02:28:57.874Z","level":"warn","msg":"revision_rewrite_failed","passName":"theme","message":"Gemini provider not available (GEMINI_API_KEY not set)"}
# {"time":"2026-08-05T02:28:57.875Z","level":"warn","msg":"revision_rewrite_failed","passName":"theme","message":"Gemini provider not available (GEMINI_API_KEY not set)"}
# {"time":"2026-08-05T02:28:57.876Z","level":"warn","msg":"revision_rewrite_failed","passName":"theme","message":"Gemini provider not available (GEMINI_API_KEY not set)"}
# {"time":"2026-08-05T02:28:57.877Z","level":"warn","msg":"revision_rewrite_failed","passName":"theme","message":"Gemini provider not available (GEMINI_API_KEY not set)"}
# {"time":"2026-08-05T02:28:57.879Z","level":"warn","msg":"revision_rewrite_failed","passName":"theme","message":"Gemini provider not available (GEMINI_API_KEY not set)"}
# {"time":"2026-08-05T02:28:57.880Z","level":"warn","msg":"revision_rewrite_failed","passName":"theme","message":"Gemini provider not available (GEMINI_API_KEY not set)"}
# {"time":"2026-08-05T02:28:57.881Z","level":"warn","msg":"revision_rewrite_failed","passName":"theme","message":"Gemini provider not available (GEMINI_API_KEY not set)"}
# {"time":"2026-08-05T02:28:57.882Z","level":"warn","msg":"revision_rewrite_failed","passName":"theme","message":"Gemini provider not available (GEMINI_API_KEY not set)"}
# {"time":"2026-08-05T02:28:57.883Z","level":"warn","msg":"revision_rewrite_failed","passName":"theme","message":"Gemini provider not available (GEMINI_API_KEY not set)"}
# {"time":"2026-08-05T02:28:57.885Z","level":"warn","msg":"revision_rewrite_failed","passName":"theme","message":"Gemini provider not available (GEMINI_API_KEY not set)"}
# {"time":"2026-08-05T02:28:57.886Z","level":"warn","msg":"revision_rewrite_failed","passName":"theme","message":"Gemini provider not available (GEMINI_API_KEY not set)"}
# {"time":"2026-08-05T02:28:57.887Z","level":"warn","msg":"revision_rewrite_failed","passName":"theme","message":"Gemini provider not available (GEMINI_API_KEY not set)"}
# {"time":"2026-08-05T02:28:57.888Z","level":"warn","msg":"revision_rewrite_failed","passName":"theme","message":"Gemini provider not available (GEMINI_API_KEY not set)"}
# {"time":"2026-08-05T02:28:57.890Z","level":"warn","msg":"revision_rewrite_failed","passName":"theme","message":"Gemini provider not available (GEMINI_API_KEY not set)"}
# {"time":"2026-08-05T02:28:57.892Z","level":"warn","msg":"revision_rewrite_failed","passName":"theme","message":"Gemini provider not available (GEMINI_API_KEY not set)"}
# {"time":"2026-08-05T02:28:57.893Z","level":"warn","msg":"revision_rewrite_failed","passName":"theme","message":"Gemini provider not available (GEMINI_API_KEY not set)"}
# {"time":"2026-08-05T02:28:57.894Z","level":"warn","msg":"revision_rewrite_failed","passName":"theme","message":"Gemini provider not available (GEMINI_API_KEY not set)"}
# {"time":"2026-08-05T02:28:57.896Z","level":"warn","msg":"revision_rewrite_failed","passName":"theme","message":"Gemini provider not available (GEMINI_API_KEY not set)"}
# {"time":"2026-08-05T02:28:57.897Z","level":"warn","msg":"revision_rewrite_failed","passName":"theme","message":"Gemini provider not available (GEMINI_API_KEY not set)"}
# {"time":"2026-08-05T02:28:57.898Z","level":"warn","msg":"revision_rewrite_failed","passName":"theme","message":"Gemini provider not available (GEMINI_API_KEY not set)"}
# {"time":"2026-08-05T02:28:57.900Z","level":"warn","msg":"revision_rewrite_failed","passName":"theme","message":"Gemini provider not available (GEMINI_API_KEY not set)"}
# {"time":"2026-08-05T02:28:57.901Z","level":"warn","msg":"revision_rewrite_failed","passName":"theme","message":"Gemini provider not available (GEMINI_API_KEY not set)"}
# {"time":"2026-08-05T02:28:57.902Z","level":"warn","msg":"revision_rewrite_failed","passName":"theme","message":"Gemini provider not available (GEMINI_API_KEY not set)"}
# {"time":"2026-08-05T02:28:57.903Z","level":"warn","msg":"revision_rewrite_failed","passName":"theme","message":"Gemini provider not available (GEMINI_API_KEY not set)"}
# {"time":"2026-08-05T02:28:57.904Z","level":"warn","msg":"revision_rewrite_failed","passName":"theme","message":"Gemini provider not available (GEMINI_API_KEY not set)"}
# {"time":"2026-08-05T02:28:57.905Z","level":"warn","msg":"revision_rewrite_failed","passName":"theme","message":"Gemini provider not available (GEMINI_API_KEY not set)"}
# {"time":"2026-08-05T02:28:57.907Z","level":"warn","msg":"revision_rewrite_failed","passName":"theme","message":"Gemini provider not available (GEMINI_API_KEY not set)"}
# {"time":"2026-08-05T02:28:57.908Z","level":"warn","msg":"revision_rewrite_failed","passName":"theme","message":"Gemini provider not available (GEMINI_API_KEY not set)"}
# {"time":"2026-08-05T02:28:57.909Z","level":"warn","msg":"revision_rewrite_failed","passName":"theme","message":"Gemini provider not available (GEMINI_API_KEY not set)"}
# {"time":"2026-08-05T02:28:57.910Z","level":"warn","msg":"revision_rewrite_failed","passName":"theme","message":"Gemini provider not available (GEMINI_API_KEY not set)"}
# {"time":"2026-08-05T02:28:57.911Z","level":"warn","msg":"revision_rewrite_failed","passName":"theme","message":"Gemini provider not available (GEMINI_API_KEY not set)"}
# {"time":"2026-08-05T02:28:57.917Z","level":"warn","msg":"revision_rewrite_failed","passName":"theme","message":"Gemini provider not available (GEMINI_API_KEY not set)"}
# {"time":"2026-08-05T02:28:57.919Z","level":"warn","msg":"revision_rewrite_failed","passName":"theme","message":"Gemini provider not available (GEMINI_API_KEY not set)"}
# {"time":"2026-08-05T02:28:57.920Z","level":"warn","msg":"revision_rewrite_failed","passName":"theme","message":"Gemini provider not available (GEMINI_API_KEY not set)"}
# {"time":"2026-08-05T02:28:57.921Z","level":"warn","msg":"revision_rewrite_failed","passName":"theme","message":"Gemini provider not available (GEMINI_API_KEY not set)"}
# {"time":"2026-08-05T02:28:57.922Z","level":"warn","msg":"revision_rewrite_failed","passName":"theme","message":"Gemini provider not available (GEMINI_API_KEY not set)"}
# {"time":"2026-08-05T02:28:57.923Z","level":"warn","msg":"revision_rewrite_failed","passName":"theme","message":"Gemini provider not available (GEMINI_API_KEY not set)"}
# {"time":"2026-08-05T02:28:57.925Z","level":"warn","msg":"revision_rewrite_failed","passName":"theme","message":"Gemini provider not available (GEMINI_API_KEY not set)"}
# {"time":"2026-08-05T02:28:57.926Z","level":"warn","msg":"revision_rewrite_failed","passName":"theme","message":"Gemini provider not available (GEMINI_API_KEY not set)"}
# {"time":"2026-08-05T02:28:57.927Z","level":"warn","msg":"revision_rewrite_failed","passName":"theme","message":"Gemini provider not available (GEMINI_API_KEY not set)"}
# {"time":"2026-08-05T02:28:57.929Z","level":"warn","msg":"revision_rewrite_failed","passName":"theme","message":"Gemini provider not available (GEMINI_API_KEY not set)"}
# {"time":"2026-08-05T02:28:57.930Z","level":"warn","msg":"revision_rewrite_failed","passName":"theme","message":"Gemini provider not available (GEMINI_API_KEY not set)"}
# {"time":"2026-08-05T02:28:57.930Z","level":"warn","msg":"revision_rewrite_failed","passName":"theme","message":"Gemini provider not available (GEMINI_API_KEY not set)"}
# {"time":"2026-08-05T02:28:57.931Z","level":"warn","msg":"revision_rewrite_failed","passName":"theme","message":"Gemini provider not available (GEMINI_API_KEY not set)"}
# {"time":"2026-08-05T02:28:57.933Z","level":"warn","msg":"revision_rewrite_failed","passName":"theme","message":"Gemini provider not available (GEMINI_API_KEY not set)"}
# {"time":"2026-08-05T02:28:57.934Z","level":"warn","msg":"revision_rewrite_failed","passName":"theme","message":"Gemini provider not available (GEMINI_API_KEY not set)"}
# {"time":"2026-08-05T02:28:57.935Z","level":"warn","msg":"revision_rewrite_failed","passName":"theme","message":"Gemini provider not available (GEMINI_API_KEY not set)"}
# {"time":"2026-08-05T02:28:57.936Z","level":"warn","msg":"revision_rewrite_failed","passName":"theme","message":"Gemini provider not available (GEMINI_API_KEY not set)"}
# {"time":"2026-08-05T02:28:57.937Z","level":"warn","msg":"revision_rewrite_failed","passName":"theme","message":"Gemini provider not available (GEMINI_API_KEY not set)"}
# {"time":"2026-08-05T02:28:57.938Z","level":"warn","msg":"revision_rewrite_failed","passName":"theme","message":"Gemini provider not available (GEMINI_API_KEY not set)"}
# {"time":"2026-08-05T02:28:57.939Z","level":"warn","msg":"revision_rewrite_failed","passName":"theme","message":"Gemini provider not available (GEMINI_API_KEY not set)"}
# {"time":"2026-08-05T02:28:57.941Z","level":"warn","msg":"revision_rewrite_failed","passName":"theme","message":"Gemini provider not available (GEMINI_API_KEY not set)"}
# {"time":"2026-08-05T02:28:57.942Z","level":"warn","msg":"revision_rewrite_failed","passName":"theme","message":"Gemini provider not available (GEMINI_API_KEY not set)"}
# {"time":"2026-08-05T02:28:57.943Z","level":"warn","msg":"revision_rewrite_failed","passName":"theme","message":"Gemini provider not available (GEMINI_API_KEY not set)"}
# {"time":"2026-08-05T02:28:57.944Z","level":"warn","msg":"revision_rewrite_failed","passName":"theme","message":"Gemini provider not available (GEMINI_API_KEY not set)"}
# {"time":"2026-08-05T02:28:57.945Z","level":"warn","msg":"revision_rewrite_failed","passName":"theme","message":"Gemini provider not available (GEMINI_API_KEY not set)"}
# {"time":"2026-08-05T02:28:57.946Z","level":"warn","msg":"revision_rewrite_failed","passName":"theme","message":"Gemini provider not available (GEMINI_API_KEY not set)"}
# {"time":"2026-08-05T02:28:57.947Z","level":"warn","msg":"revision_rewrite_failed","passName":"theme","message":"Gemini provider not available (GEMINI_API_KEY not set)"}
# {"time":"2026-08-05T02:28:57.949Z","level":"warn","msg":"revision_rewrite_failed","passName":"theme","message":"Gemini provider not available (GEMINI_API_KEY not set)"}
# {"time":"2026-08-05T02:28:57.950Z","level":"warn","msg":"revision_rewrite_failed","passName":"theme","message":"Gemini provider not available (GEMINI_API_KEY not set)"}
# {"time":"2026-08-05T02:28:57.951Z","level":"warn","msg":"revision_rewrite_failed","passName":"theme","message":"Gemini provider not available (GEMINI_API_KEY not set)"}
# {"time":"2026-08-05T02:28:57.952Z","level":"warn","msg":"revision_rewrite_failed","passName":"theme","message":"Gemini provider not available (GEMINI_API_KEY not set)"}
# {"time":"2026-08-05T02:28:57.953Z","level":"warn","msg":"revision_rewrite_failed","passName":"theme","message":"Gemini provider not available (GEMINI_API_KEY not set)"}
# {"time":"2026-08-05T02:28:57.954Z","level":"warn","msg":"revision_rewrite_failed","passName":"theme","message":"Gemini provider not available (GEMINI_API_KEY not set)"}
# {"time":"2026-08-05T02:28:57.956Z","level":"warn","msg":"revision_rewrite_failed","passName":"theme","message":"Gemini provider not available (GEMINI_API_KEY not set)"}
# {"time":"2026-08-05T02:28:57.957Z","level":"warn","msg":"revision_rewrite_failed","passName":"theme","message":"Gemini provider not available (GEMINI_API_KEY not set)"}
# {"time":"2026-08-05T02:28:57.958Z","level":"warn","msg":"revision_rewrite_failed","passName":"theme","message":"Gemini provider not available (GEMINI_API_KEY not set)"}
# {"time":"2026-08-05T02:28:57.960Z","level":"warn","msg":"revision_rewrite_failed","passName":"theme","message":"Gemini provider not available (GEMINI_API_KEY not set)"}
# {"time":"2026-08-05T02:28:57.962Z","level":"warn","msg":"revision_rewrite_failed","passName":"theme","message":"Gemini provider not available (GEMINI_API_KEY not set)"}
# {"time":"2026-08-05T02:28:57.963Z","level":"warn","msg":"revision_rewrite_failed","passName":"theme","message":"Gemini provider not available (GEMINI_API_KEY not set)"}
# {"time":"2026-08-05T02:28:57.964Z","level":"warn","msg":"revision_rewrite_failed","passName":"theme","message":"Gemini provider not available (GEMINI_API_KEY not set)"}
# {"time":"2026-08-05T02:28:57.966Z","level":"warn","msg":"revision_rewrite_failed","passName":"theme","message":"Gemini provider not available (GEMINI_API_KEY not set)"}
# {"time":"2026-08-05T02:28:57.967Z","level":"warn","msg":"revision_rewrite_failed","passName":"theme","message":"Gemini provider not available (GEMINI_API_KEY not set)"}
# {"time":"2026-08-05T02:28:57.968Z","level":"warn","msg":"revision_rewrite_failed","passName":"theme","message":"Gemini provider not available (GEMINI_API_KEY not set)"}
# {"time":"2026-08-05T02:28:57.969Z","level":"warn","msg":"revision_rewrite_failed","passName":"theme","message":"Gemini provider not available (GEMINI_API_KEY not set)"}
# {"time":"2026-08-05T02:28:57.971Z","level":"warn","msg":"revision_rewrite_failed","passName":"theme","message":"Gemini provider not available (GEMINI_API_KEY not set)"}
# {"time":"2026-08-05T02:28:57.973Z","level":"warn","msg":"revision_rewrite_failed","passName":"theme","message":"Gemini provider not available (GEMINI_API_KEY not set)"}
# {"time":"2026-08-05T02:28:57.974Z","level":"warn","msg":"revision_rewrite_failed","passName":"theme","message":"Gemini provider not available (GEMINI_API_KEY not set)"}
# {"time":"2026-08-05T02:28:57.975Z","level":"warn","msg":"revision_rewrite_failed","passName":"theme","message":"Gemini provider not available (GEMINI_API_KEY not set)"}
# {"time":"2026-08-05T02:28:57.976Z","level":"warn","msg":"revision_rewrite_failed","passName":"theme","message":"Gemini provider not available (GEMINI_API_KEY not set)"}
# {"time":"2026-08-05T02:28:57.977Z","level":"warn","msg":"revision_rewrite_failed","passName":"theme","message":"Gemini provider not available (GEMINI_API_KEY not set)"}
# {"time":"2026-08-05T02:28:57.979Z","level":"warn","msg":"revision_rewrite_failed","passName":"theme","message":"Gemini provider not available (GEMINI_API_KEY not set)"}
# {"time":"2026-08-05T02:28:57.980Z","level":"warn","msg":"revision_rewrite_failed","passName":"theme","message":"Gemini provider not available (GEMINI_API_KEY not set)"}
# {"time":"2026-08-05T02:28:57.981Z","level":"warn","msg":"revision_rewrite_failed","passName":"theme","message":"Gemini provider not available (GEMINI_API_KEY not set)"}
# {"time":"2026-08-05T02:28:57.983Z","level":"warn","msg":"revision_rewrite_failed","passName":"theme","message":"Gemini provider not available (GEMINI_API_KEY not set)"}
# {"time":"2026-08-05T02:28:57.984Z","level":"warn","msg":"revision_rewrite_failed","passName":"theme","message":"Gemini provider not available (GEMINI_API_KEY not set)"}
# {"time":"2026-08-05T02:28:57.985Z","level":"warn","msg":"revision_rewrite_failed","passName":"theme","message":"Gemini provider not available (GEMINI_API_KEY not set)"}
# {"time":"2026-08-05T02:28:57.987Z","level":"warn","msg":"revision_rewrite_failed","passName":"theme","message":"Gemini provider not available (GEMINI_API_KEY not set)"}
# {"time":"2026-08-05T02:28:57.988Z","level":"warn","msg":"revision_rewrite_failed","passName":"theme","message":"Gemini provider not available (GEMINI_API_KEY not set)"}
# {"time":"2026-08-05T02:28:57.989Z","level":"warn","msg":"revision_rewrite_failed","passName":"theme","message":"Gemini provider not available (GEMINI_API_KEY not set)"}
# {"time":"2026-08-05T02:28:57.991Z","level":"warn","msg":"revision_rewrite_failed","passName":"theme","message":"Gemini provider not available (GEMINI_API_KEY not set)"}
# {"time":"2026-08-05T02:28:57.992Z","level":"warn","msg":"revision_rewrite_failed","passName":"theme","message":"Gemini provider not available (GEMINI_API_KEY not set)"}
# {"time":"2026-08-05T02:28:57.993Z","level":"warn","msg":"revision_rewrite_failed","passName":"theme","message":"Gemini provider not available (GEMINI_API_KEY not set)"}
# {"time":"2026-08-05T02:28:57.994Z","level":"warn","msg":"revision_rewrite_failed","passName":"theme","message":"Gemini provider not available (GEMINI_API_KEY not set)"}
# {"time":"2026-08-05T02:28:57.996Z","level":"warn","msg":"revision_rewrite_failed","passName":"theme","message":"Gemini provider not available (GEMINI_API_KEY not set)"}
# {"time":"2026-08-05T02:28:57.997Z","level":"warn","msg":"revision_rewrite_failed","passName":"theme","message":"Gemini provider not available (GEMINI_API_KEY not set)"}
# {"time":"2026-08-05T02:28:57.998Z","level":"warn","msg":"revision_rewrite_failed","passName":"theme","message":"Gemini provider not available (GEMINI_API_KEY not set)"}
# {"time":"2026-08-05T02:28:57.999Z","level":"warn","msg":"revision_rewrite_failed","passName":"theme","message":"Gemini provider not available (GEMINI_API_KEY not set)"}
# {"time":"2026-08-05T02:28:58.001Z","level":"warn","msg":"revision_rewrite_failed","passName":"theme","message":"Gemini provider not available (GEMINI_API_KEY not set)"}
# {"time":"2026-08-05T02:28:58.002Z","level":"warn","msg":"revision_rewrite_failed","passName":"theme","message":"Gemini provider not available (GEMINI_API_KEY not set)"}
# {"time":"2026-08-05T02:28:58.003Z","level":"warn","msg":"revision_rewrite_failed","passName":"theme","message":"Gemini provider not available (GEMINI_API_KEY not set)"}
# {"time":"2026-08-05T02:28:58.015Z","level":"warn","msg":"revision_rewrite_failed","passName":"theme","message":"Gemini provider not available (GEMINI_API_KEY not set)"}
# {"time":"2026-08-05T02:28:58.016Z","level":"warn","msg":"revision_rewrite_failed","passName":"theme","message":"Gemini provider not available (GEMINI_API_KEY not set)"}
# {"time":"2026-08-05T02:28:58.018Z","level":"warn","msg":"revision_rewrite_failed","passName":"theme","message":"Gemini provider not available (GEMINI_API_KEY not set)"}
# {"time":"2026-08-05T02:28:58.019Z","level":"warn","msg":"revision_rewrite_failed","passName":"theme","message":"Gemini provider not available (GEMINI_API_KEY not set)"}
# {"time":"2026-08-05T02:28:58.021Z","level":"warn","msg":"revision_rewrite_failed","passName":"theme","message":"Gemini provider not available (GEMINI_API_KEY not set)"}
# {"time":"2026-08-05T02:28:58.023Z","level":"warn","msg":"revision_rewrite_failed","passName":"theme","message":"Gemini provider not available (GEMINI_API_KEY not set)"}
# {"time":"2026-08-05T02:28:58.024Z","level":"warn","msg":"revision_rewrite_failed","passName":"theme","message":"Gemini provider not available (GEMINI_API_KEY not set)"}
# {"time":"2026-08-05T02:28:58.026Z","level":"warn","msg":"revision_rewrite_failed","passName":"theme","message":"Gemini provider not available (GEMINI_API_KEY not set)"}
# {"time":"2026-08-05T02:28:58.027Z","level":"warn","msg":"revision_rewrite_failed","passName":"theme","message":"Gemini provider not available (GEMINI_API_KEY not set)"}
# {"time":"2026-08-05T02:28:58.028Z","level":"warn","msg":"revision_rewrite_failed","passName":"theme","message":"Gemini provider not available (GEMINI_API_KEY not set)"}
# {"time":"2026-08-05T02:28:58.029Z","level":"warn","msg":"revision_rewrite_failed","passName":"theme","message":"Gemini provider not available (GEMINI_API_KEY not set)"}
# {"time":"2026-08-05T02:28:58.031Z","level":"warn","msg":"revision_rewrite_failed","passName":"theme","message":"Gemini provider not available (GEMINI_API_KEY not set)"}
# {"time":"2026-08-05T02:28:58.032Z","level":"warn","msg":"revision_rewrite_failed","passName":"theme","message":"Gemini provider not available (GEMINI_API_KEY not set)"}
# {"time":"2026-08-05T02:28:58.034Z","level":"warn","msg":"revision_rewrite_failed","passName":"theme","message":"Gemini provider not available (GEMINI_API_KEY not set)"}
# {"time":"2026-08-05T02:28:58.035Z","level":"warn","msg":"revision_rewrite_failed","passName":"theme","message":"Gemini provider not available (GEMINI_API_KEY not set)"}
# {"time":"2026-08-05T02:28:58.037Z","level":"warn","msg":"revision_rewrite_failed","passName":"theme","message":"Gemini provider not available (GEMINI_API_KEY not set)"}
# {"time":"2026-08-05T02:28:58.038Z","level":"warn","msg":"revision_rewrite_failed","passName":"theme","message":"Gemini provider not available (GEMINI_API_KEY not set)"}
# {"time":"2026-08-05T02:28:58.040Z","level":"warn","msg":"revision_rewrite_failed","passName":"theme","message":"Gemini provider not available (GEMINI_API_KEY not set)"}
# {"time":"2026-08-05T02:28:58.041Z","level":"warn","msg":"revision_rewrite_failed","passName":"theme","message":"Gemini provider not available (GEMINI_API_KEY not set)"}
# {"time":"2026-08-05T02:28:58.042Z","level":"warn","msg":"revision_rewrite_failed","passName":"theme","message":"Gemini provider not available (GEMINI_API_KEY not set)"}
# {"time":"2026-08-05T02:28:58.043Z","level":"warn","msg":"revision_rewrite_failed","passName":"theme","message":"Gemini provider not available (GEMINI_API_KEY not set)"}
# {"time":"2026-08-05T02:28:58.044Z","level":"warn","msg":"revision_rewrite_failed","passName":"theme","message":"Gemini provider not available (GEMINI_API_KEY not set)"}
# {"time":"2026-08-05T02:28:58.046Z","level":"warn","msg":"revision_rewrite_failed","passName":"theme","message":"Gemini provider not available (GEMINI_API_KEY not set)"}
# {"time":"2026-08-05T02:28:58.047Z","level":"warn","msg":"revision_rewrite_failed","passName":"theme","message":"Gemini provider not available (GEMINI_API_KEY not set)"}
# {"time":"2026-08-05T02:28:58.048Z","level":"warn","msg":"revision_rewrite_failed","passName":"theme","message":"Gemini provider not available (GEMINI_API_KEY not set)"}
# {"time":"2026-08-05T02:28:58.050Z","level":"warn","msg":"revision_rewrite_failed","passName":"theme","message":"Gemini provider not available (GEMINI_API_KEY not set)"}
# {"time":"2026-08-05T02:28:58.051Z","level":"warn","msg":"revision_rewrite_failed","passName":"theme","message":"Gemini provider not available (GEMINI_API_KEY not set)"}
# {"time":"2026-08-05T02:28:58.052Z","level":"warn","msg":"revision_rewrite_failed","passName":"theme","message":"Gemini provider not available (GEMINI_API_KEY not set)"}
# {"time":"2026-08-05T02:28:58.053Z","level":"warn","msg":"revision_rewrite_failed","passName":"theme","message":"Gemini provider not available (GEMINI_API_KEY not set)"}
# {"time":"2026-08-05T02:28:58.055Z","level":"warn","msg":"revision_rewrite_failed","passName":"theme","message":"Gemini provider not available (GEMINI_API_KEY not set)"}
# {"time":"2026-08-05T02:28:58.056Z","level":"warn","msg":"revision_rewrite_failed","passName":"theme","message":"Gemini provider not available (GEMINI_API_KEY not set)"}
# {"time":"2026-08-05T02:28:58.057Z","level":"warn","msg":"revision_rewrite_failed","passName":"theme","message":"Gemini provider not available (GEMINI_API_KEY not set)"}
# {"time":"2026-08-05T02:28:58.058Z","level":"warn","msg":"revision_rewrite_failed","passName":"theme","message":"Gemini provider not available (GEMINI_API_KEY not set)"}
# {"time":"2026-08-05T02:28:58.060Z","level":"warn","msg":"revision_rewrite_failed","passName":"theme","message":"Gemini provider not available (GEMINI_API_KEY not set)"}
# {"time":"2026-08-05T02:28:58.061Z","level":"warn","msg":"revision_rewrite_failed","passName":"theme","message":"Gemini provider not available (GEMINI_API_KEY not set)"}
# {"time":"2026-08-05T02:28:58.062Z","level":"warn","msg":"revision_rewrite_failed","passName":"theme","message":"Gemini provider not available (GEMINI_API_KEY not set)"}
# {"time":"2026-08-05T02:28:58.063Z","level":"warn","msg":"revision_rewrite_failed","passName":"theme","message":"Gemini provider not available (GEMINI_API_KEY not set)"}
# {"time":"2026-08-05T02:28:58.064Z","level":"warn","msg":"revision_rewrite_failed","passName":"theme","message":"Gemini provider not available (GEMINI_API_KEY not set)"}
# {"time":"2026-08-05T02:28:58.065Z","level":"warn","msg":"revision_rewrite_failed","passName":"theme","message":"Gemini provider not available (GEMINI_API_KEY not set)"}
# {"time":"2026-08-05T02:28:58.066Z","level":"warn","msg":"revision_rewrite_failed","passName":"theme","message":"Gemini provider not available (GEMINI_API_KEY not set)"}
# {"time":"2026-08-05T02:28:58.067Z","level":"warn","msg":"revision_rewrite_failed","passName":"theme","message":"Gemini provider not available (GEMINI_API_KEY not set)"}
# {"time":"2026-08-05T02:28:58.068Z","level":"warn","msg":"revision_rewrite_failed","passName":"theme","message":"Gemini provider not available (GEMINI_API_KEY not set)"}
# {"time":"2026-08-05T02:28:58.069Z","level":"warn","msg":"revision_rewrite_failed","passName":"theme","message":"Gemini provider not available (GEMINI_API_KEY not set)"}
# {"time":"2026-08-05T02:28:58.070Z","level":"warn","msg":"revision_rewrite_failed","passName":"theme","message":"Gemini provider not available (GEMINI_API_KEY not set)"}
# {"time":"2026-08-05T02:28:58.071Z","level":"warn","msg":"revision_rewrite_failed","passName":"theme","message":"Gemini provider not available (GEMINI_API_KEY not set)"}
# {"time":"2026-08-05T02:28:58.072Z","level":"warn","msg":"revision_rewrite_failed","passName":"theme","message":"Gemini provider not available (GEMINI_API_KEY not set)"}
# {"time":"2026-08-05T02:28:58.074Z","level":"warn","msg":"revision_rewrite_failed","passName":"theme","message":"Gemini provider not available (GEMINI_API_KEY not set)"}
# {"time":"2026-08-05T02:28:58.075Z","level":"warn","msg":"revision_rewrite_failed","passName":"theme","message":"Gemini provider not available (GEMINI_API_KEY not set)"}
# {"time":"2026-08-05T02:28:58.076Z","level":"warn","msg":"revision_rewrite_failed","passName":"theme","message":"Gemini provider not available (GEMINI_API_KEY not set)"}
# {"time":"2026-08-05T02:28:58.077Z","level":"warn","msg":"revision_rewrite_failed","passName":"theme","message":"Gemini provider not available (GEMINI_API_KEY not set)"}
# {"time":"2026-08-05T02:28:58.077Z","level":"warn","msg":"revision_rewrite_failed","passName":"theme","message":"Gemini provider not available (GEMINI_API_KEY not set)"}
# {"time":"2026-08-05T02:28:58.078Z","level":"warn","msg":"revision_rewrite_failed","passName":"theme","message":"Gemini provider not available (GEMINI_API_KEY not set)"}
# {"time":"2026-08-05T02:28:58.079Z","level":"warn","msg":"revision_rewrite_failed","passName":"theme","message":"Gemini provider not available (GEMINI_API_KEY not set)"}
# {"time":"2026-08-05T02:28:58.081Z","level":"warn","msg":"revision_rewrite_failed","passName":"theme","message":"Gemini provider not available (GEMINI_API_KEY not set)"}
# {"time":"2026-08-05T02:28:58.081Z","level":"warn","msg":"revision_rewrite_failed","passName":"theme","message":"Gemini provider not available (GEMINI_API_KEY not set)"}
# {"time":"2026-08-05T02:28:58.082Z","level":"warn","msg":"revision_rewrite_failed","passName":"theme","message":"Gemini provider not available (GEMINI_API_KEY not set)"}
# {"time":"2026-08-05T02:28:58.083Z","level":"warn","msg":"revision_rewrite_failed","passName":"theme","message":"Gemini provider not available (GEMINI_API_KEY not set)"}
# {"time":"2026-08-05T02:28:58.084Z","level":"warn","msg":"revision_rewrite_failed","passName":"theme","message":"Gemini provider not available (GEMINI_API_KEY not set)"}
# {"time":"2026-08-05T02:28:58.085Z","level":"warn","msg":"revision_rewrite_failed","passName":"theme","message":"Gemini provider not available (GEMINI_API_KEY not set)"}
# {"time":"2026-08-05T02:28:58.087Z","level":"warn","msg":"revision_rewrite_failed","passName":"theme","message":"Gemini provider not available (GEMINI_API_KEY not set)"}
# {"time":"2026-08-05T02:28:58.088Z","level":"warn","msg":"revision_rewrite_failed","passName":"theme","message":"Gemini provider not available (GEMINI_API_KEY not set)"}
# {"time":"2026-08-05T02:28:58.089Z","level":"warn","msg":"revision_rewrite_failed","passName":"theme","message":"Gemini provider not available (GEMINI_API_KEY not set)"}
# {"time":"2026-08-05T02:28:58.090Z","level":"warn","msg":"revision_rewrite_failed","passName":"theme","message":"Gemini provider not available (GEMINI_API_KEY not set)"}
# {"time":"2026-08-05T02:28:58.090Z","level":"warn","msg":"revision_rewrite_failed","passName":"theme","message":"Gemini provider not available (GEMINI_API_KEY not set)"}
# {"time":"2026-08-05T02:28:58.091Z","level":"warn","msg":"revision_rewrite_failed","passName":"theme","message":"Gemini provider not available (GEMINI_API_KEY not set)"}
# {"time":"2026-08-05T02:28:58.093Z","level":"warn","msg":"revision_rewrite_failed","passName":"theme","message":"Gemini provider not available (GEMINI_API_KEY not set)"}
# {"time":"2026-08-05T02:28:58.094Z","level":"warn","msg":"revision_rewrite_failed","passName":"theme","message":"Gemini provider not available (GEMINI_API_KEY not set)"}
# {"time":"2026-08-05T02:28:58.095Z","level":"warn","msg":"revision_rewrite_failed","passName":"theme","message":"Gemini provider not available (GEMINI_API_KEY not set)"}
# {"time":"2026-08-05T02:28:58.095Z","level":"warn","msg":"revision_rewrite_failed","passName":"theme","message":"Gemini provider not available (GEMINI_API_KEY not set)"}
# {"time":"2026-08-05T02:28:58.096Z","level":"warn","msg":"revision_rewrite_failed","passName":"theme","message":"Gemini provider not available (GEMINI_API_KEY not set)"}
# {"time":"2026-08-05T02:28:58.098Z","level":"warn","msg":"revision_rewrite_failed","passName":"theme","message":"Gemini provider not available (GEMINI_API_KEY not set)"}
# {"time":"2026-08-05T02:28:58.099Z","level":"warn","msg":"revision_rewrite_failed","passName":"theme","message":"Gemini provider not available (GEMINI_API_KEY not set)"}
# {"time":"2026-08-05T02:28:58.100Z","level":"warn","msg":"revision_rewrite_failed","passName":"theme","message":"Gemini provider not available (GEMINI_API_KEY not set)"}
# {"time":"2026-08-05T02:28:58.101Z","level":"warn","msg":"revision_rewrite_failed","passName":"theme","message":"Gemini provider not available (GEMINI_API_KEY not set)"}
# {"time":"2026-08-05T02:28:58.106Z","level":"warn","msg":"revision_rewrite_failed","passName":"theme","message":"Gemini provider not available (GEMINI_API_KEY not set)"}
# {"time":"2026-08-05T02:28:58.108Z","level":"warn","msg":"revision_rewrite_failed","passName":"theme","message":"Gemini provider not available (GEMINI_API_KEY not set)"}
# Subtest: Wave 148 — themePass: heavy-handedness, dialectic, front-loading
    # Subtest: themePass detects THEME_HEAVY_HANDED when one scene repeats theme words 3x avg
    ok 1 - themePass detects THEME_HEAVY_HANDED when one scene repeats theme words 3x avg
      ---
      duration_ms: 15.300688
      type: 'test'
      ...
    # Subtest: themePass detects THEME_NO_DIALECTIC when all resonant scenes are positive
    ok 2 - themePass detects THEME_NO_DIALECTIC when all resonant scenes are positive
      ---
      duration_ms: 2.685911
      type: 'test'
      ...
    # Subtest: themePass does NOT fire THEME_NO_DIALECTIC when a resonant scene has negative shift
    ok 3 - themePass does NOT fire THEME_NO_DIALECTIC when a resonant scene has negative shift
      ---
      duration_ms: 1.838284
      type: 'test'
      ...
    # Subtest: themePass detects THEME_FRONT_LOADED when theme fades after opening third
    ok 4 - themePass detects THEME_FRONT_LOADED when theme fades after opening third
      ---
      duration_ms: 4.766392
      type: 'test'
      ...
    # Subtest: themePass does NOT fire THEME_FRONT_LOADED when theme is distributed evenly
    ok 5 - themePass does NOT fire THEME_FRONT_LOADED when theme is distributed evenly
      ---
      duration_ms: 1.586935
      type: 'test'
      ...
    1..5
ok 1909 - Wave 148 — themePass: heavy-handedness, dialectic, front-loading
  ---
  duration_ms: 27.60694
  type: 'suite'
  ...
# Subtest: Wave 174 — themePass: opening silence, single-keyword reliance, climax silence
    # Subtest: themePass detects THEME_OPENING_SILENT when the first scenes lack theme language
    ok 1 - themePass detects THEME_OPENING_SILENT when the first scenes lack theme language
      ---
      duration_ms: 7.338423
      type: 'test'
      ...
    # Subtest: themePass does NOT fire THEME_OPENING_SILENT when the opening plants the theme
    ok 2 - themePass does NOT fire THEME_OPENING_SILENT when the opening plants the theme
      ---
      duration_ms: 3.168654
      type: 'test'
      ...
    # Subtest: themePass detects THEME_SINGLE_KEYWORD_RELIANCE when one keyword dominates
    ok 3 - themePass detects THEME_SINGLE_KEYWORD_RELIANCE when one keyword dominates
      ---
      duration_ms: 2.580161
      type: 'test'
      ...
    # Subtest: themePass does NOT fire THEME_SINGLE_KEYWORD_RELIANCE when keywords are balanced
    ok 4 - themePass does NOT fire THEME_SINGLE_KEYWORD_RELIANCE when keywords are balanced
      ---
      duration_ms: 2.666541
      type: 'test'
      ...
    # Subtest: themePass detects THEME_CLIMAX_SCENE_SILENT when the peak scene lacks theme language
    ok 5 - themePass detects THEME_CLIMAX_SCENE_SILENT when the peak scene lacks theme language
      ---
      duration_ms: 2.216431
      type: 'test'
      ...
    # Subtest: themePass does NOT fire THEME_CLIMAX_SCENE_SILENT when the climax carries the theme
    ok 6 - themePass does NOT fire THEME_CLIMAX_SCENE_SILENT when the climax carries the theme
      ---
      duration_ms: 2.021258
      type: 'test'
      ...
    1..6
ok 1910 - Wave 174 — themePass: opening silence, single-keyword reliance, climax silence
  ---
  duration_ms: 20.832713
  type: 'suite'
  ...
# Subtest: Wave 223 — themePass: silent stretch, poles never costaged, resonance emotionally inert
    # Subtest: themePass detects THEME_SILENT_STRETCH when a long consecutive run of theme-silent scenes exceeds the threshold
    ok 1 - themePass detects THEME_SILENT_STRETCH when a long consecutive run of theme-silent scenes exceeds the threshold
      ---
      duration_ms: 10.248617
      type: 'test'
      ...
    # Subtest: themePass does NOT fire THEME_SILENT_STRETCH when theme-silent scenes are evenly distributed
    ok 2 - themePass does NOT fire THEME_SILENT_STRETCH when theme-silent scenes are evenly distributed
      ---
      duration_ms: 2.249761
      type: 'test'
      ...
    # Subtest: themePass detects THEME_POLES_NEVER_COSTAGED when no scene contains both thematic poles simultaneously
    ok 3 - themePass detects THEME_POLES_NEVER_COSTAGED when no scene contains both thematic poles simultaneously
      ---
      duration_ms: 1.101138
      type: 'test'
      ...
    # Subtest: themePass does NOT fire THEME_POLES_NEVER_COSTAGED when at least one scene contains both thematic poles
    ok 4 - themePass does NOT fire THEME_POLES_NEVER_COSTAGED when at least one scene contains both thematic poles
      ---
      duration_ms: 0.972566
      type: 'test'
      ...
    # Subtest: themePass detects THEME_RESONANCE_EMOTIONALLY_INERT when all resonant scenes carry flat emotional charge
    ok 5 - themePass detects THEME_RESONANCE_EMOTIONALLY_INERT when all resonant scenes carry flat emotional charge
      ---
      duration_ms: 0.947748
      type: 'test'
      ...
    # Subtest: themePass does NOT fire THEME_RESONANCE_EMOTIONALLY_INERT when at least one resonant scene carries emotional stakes
    ok 6 - themePass does NOT fire THEME_RESONANCE_EMOTIONALLY_INERT when at least one resonant scene carries emotional stakes
      ---
      duration_ms: 5.540625
      type: 'test'
      ...
    1..6
ok 1911 - Wave 223 — themePass: silent stretch, poles never costaged, resonance emotionally inert
  ---
  duration_ms: 30.109372
  type: 'suite'
  ...
# Subtest: Wave 1172 — themePass: theme turn-emotional aftermath void, theme turn-suspense aftermath void, theme revelation-emotional aftermath void
    # Subtest: THEME_TURN_EMOTIONAL_AFTERMATH_VOID fires when every dramatic turn is followed by two scenes with no emotional shift
    ok 1 - THEME_TURN_EMOTIONAL_AFTERMATH_VOID fires when every dramatic turn is followed by two scenes with no emotional shift
      ---
      duration_ms: 1.826356
      type: 'test'
      ...
    # Subtest: THEME_TURN_EMOTIONAL_AFTERMATH_VOID does not fire when a dramatic turn is followed by an emotional shift within its window
    ok 2 - THEME_TURN_EMOTIONAL_AFTERMATH_VOID does not fire when a dramatic turn is followed by an emotional shift within its window
      ---
      duration_ms: 1.097518
      type: 'test'
      ...
    # Subtest: THEME_TURN_SUSPENSE_AFTERMATH_VOID fires when every dramatic turn is followed by two scenes with no suspense rise
    ok 3 - THEME_TURN_SUSPENSE_AFTERMATH_VOID fires when every dramatic turn is followed by two scenes with no suspense rise
      ---
      duration_ms: 1.362738
      type: 'test'
      ...
    # Subtest: THEME_TURN_SUSPENSE_AFTERMATH_VOID does not fire when a dramatic turn is followed by a suspense rise within its window
    ok 4 - THEME_TURN_SUSPENSE_AFTERMATH_VOID does not fire when a dramatic turn is followed by a suspense rise within its window
      ---
      duration_ms: 1.035008
      type: 'test'
      ...
    # Subtest: THEME_REVELATION_EMOTIONAL_AFTERMATH_VOID fires when every revelation is followed by two scenes with no emotional shift
    ok 5 - THEME_REVELATION_EMOTIONAL_AFTERMATH_VOID fires when every revelation is followed by two scenes with no emotional shift
      ---
      duration_ms: 1.111324
      type: 'test'
      ...
    # Subtest: THEME_REVELATION_EMOTIONAL_AFTERMATH_VOID does not fire when a revelation is followed by an emotional shift within its window
    ok 6 - THEME_REVELATION_EMOTIONAL_AFTERMATH_VOID does not fire when a revelation is followed by an emotional shift within its window
      ---
      duration_ms: 1.258474
      type: 'test'
      ...
    1..6
ok 1912 - Wave 1172 — themePass: theme turn-emotional aftermath void, theme turn-suspense aftermath void, theme revelation-emotional aftermath void
  ---
  duration_ms: 8.054426
  type: 'suite'
  ...
# Subtest: Wave 1158 — themePass: theme clock-staging aftermath void, theme turn-curiosity aftermath void, theme revelation-curiosity aftermath void
    # Subtest: THEME_CLOCK_STAGING_AFTERMATH_VOID fires when every clock-raise is followed by two scenes with no heavily-staged scene
    ok 1 - THEME_CLOCK_STAGING_AFTERMATH_VOID fires when every clock-raise is followed by two scenes with no heavily-staged scene
      ---
      duration_ms: 1.424398
      type: 'test'
      ...
    # Subtest: THEME_CLOCK_STAGING_AFTERMATH_VOID does not fire when a clock-raise is followed by a heavily-staged scene within its window
    ok 2 - THEME_CLOCK_STAGING_AFTERMATH_VOID does not fire when a clock-raise is followed by a heavily-staged scene within its window
      ---
      duration_ms: 1.081219
      type: 'test'
      ...
    # Subtest: THEME_TURN_CURIOSITY_AFTERMATH_VOID fires when every dramatic turn is followed by two scenes with no curiosity rise
    ok 3 - THEME_TURN_CURIOSITY_AFTERMATH_VOID fires when every dramatic turn is followed by two scenes with no curiosity rise
      ---
      duration_ms: 1.136788
      type: 'test'
      ...
    # Subtest: THEME_TURN_CURIOSITY_AFTERMATH_VOID does not fire when a dramatic turn is followed by a curiosity rise within its window
    ok 4 - THEME_TURN_CURIOSITY_AFTERMATH_VOID does not fire when a dramatic turn is followed by a curiosity rise within its window
      ---
      duration_ms: 1.016092
      type: 'test'
      ...
    # Subtest: THEME_REVELATION_CURIOSITY_AFTERMATH_VOID fires when every revelation is followed by two scenes with no curiosity rise
    ok 5 - THEME_REVELATION_CURIOSITY_AFTERMATH_VOID fires when every revelation is followed by two scenes with no curiosity rise
      ---
      duration_ms: 1.093653
      type: 'test'
      ...
    # Subtest: THEME_REVELATION_CURIOSITY_AFTERMATH_VOID does not fire when a revelation is followed by a curiosity rise within its window
    ok 6 - THEME_REVELATION_CURIOSITY_AFTERMATH_VOID does not fire when a revelation is followed by a curiosity rise within its window
      ---
      duration_ms: 1.061336
      type: 'test'
      ...
    1..6
ok 1913 - Wave 1158 — themePass: theme clock-staging aftermath void, theme turn-curiosity aftermath void, theme revelation-curiosity aftermath void
  ---
  duration_ms: 7.150803
  type: 'suite'
  ...
# Subtest: Wave 1144 — themePass: theme payoff-dialogue-highlight aftermath void, theme payoff-staging aftermath void, theme clock-dialogue-highlight aftermath void
    # Subtest: THEME_PAYOFF_DIALOGUE_HIGHLIGHT_AFTERMATH_VOID fires when every payoff is followed by two scenes with no highlighted dialogue
    ok 1 - THEME_PAYOFF_DIALOGUE_HIGHLIGHT_AFTERMATH_VOID fires when every payoff is followed by two scenes with no highlighted dialogue
      ---
      duration_ms: 1.340559
      type: 'test'
      ...
    # Subtest: THEME_PAYOFF_DIALOGUE_HIGHLIGHT_AFTERMATH_VOID does not fire when a payoff is followed by highlighted dialogue within its window
    ok 2 - THEME_PAYOFF_DIALOGUE_HIGHLIGHT_AFTERMATH_VOID does not fire when a payoff is followed by highlighted dialogue within its window
      ---
      duration_ms: 1.255277
      type: 'test'
      ...
    # Subtest: THEME_PAYOFF_STAGING_AFTERMATH_VOID fires when every payoff is followed by two scenes with no heavily-staged scene
    ok 3 - THEME_PAYOFF_STAGING_AFTERMATH_VOID fires when every payoff is followed by two scenes with no heavily-staged scene
      ---
      duration_ms: 1.167467
      type: 'test'
      ...
    # Subtest: THEME_PAYOFF_STAGING_AFTERMATH_VOID does not fire when a payoff is followed by a heavily-staged scene within its window
    ok 4 - THEME_PAYOFF_STAGING_AFTERMATH_VOID does not fire when a payoff is followed by a heavily-staged scene within its window
      ---
      duration_ms: 1.127859
      type: 'test'
      ...
    # Subtest: THEME_CLOCK_DIALOGUE_HIGHLIGHT_AFTERMATH_VOID fires when every clock-raise is followed by two scenes with no highlighted dialogue
    ok 5 - THEME_CLOCK_DIALOGUE_HIGHLIGHT_AFTERMATH_VOID fires when every clock-raise is followed by two scenes with no highlighted dialogue
      ---
      duration_ms: 0.990702
      type: 'test'
      ...
    # Subtest: THEME_CLOCK_DIALOGUE_HIGHLIGHT_AFTERMATH_VOID does not fire when a clock-raise is followed by highlighted dialogue within its window
    ok 6 - THEME_CLOCK_DIALOGUE_HIGHLIGHT_AFTERMATH_VOID does not fire when a clock-raise is followed by highlighted dialogue within its window
      ---
      duration_ms: 1.066155
      type: 'test'
      ...
    1..6
ok 1914 - Wave 1144 — themePass: theme payoff-dialogue-highlight aftermath void, theme payoff-staging aftermath void, theme clock-dialogue-highlight aftermath void
  ---
  duration_ms: 7.297722
  type: 'suite'
  ...
# Subtest: Wave 1130 — themePass: theme payoff-suspense aftermath void, theme clock-emotional aftermath void, theme clock-relational aftermath void
    # Subtest: THEME_PAYOFF_SUSPENSE_AFTERMATH_VOID fires when every payoff is followed by two scenes with no suspense rise
    ok 1 - THEME_PAYOFF_SUSPENSE_AFTERMATH_VOID fires when every payoff is followed by two scenes with no suspense rise
      ---
      duration_ms: 1.265918
      type: 'test'
      ...
    # Subtest: THEME_PAYOFF_SUSPENSE_AFTERMATH_VOID does not fire when a payoff is followed by a suspense rise within its window
    ok 2 - THEME_PAYOFF_SUSPENSE_AFTERMATH_VOID does not fire when a payoff is followed by a suspense rise within its window
      ---
      duration_ms: 1.054932
      type: 'test'
      ...
    # Subtest: THEME_CLOCK_EMOTIONAL_AFTERMATH_VOID fires when every clock-raise is followed by two scenes with no emotional shift
    ok 3 - THEME_CLOCK_EMOTIONAL_AFTERMATH_VOID fires when every clock-raise is followed by two scenes with no emotional shift
      ---
      duration_ms: 1.684216
      type: 'test'
      ...
    # Subtest: THEME_CLOCK_EMOTIONAL_AFTERMATH_VOID does not fire when a clock-raise is followed by an emotional shift within its window
    ok 4 - THEME_CLOCK_EMOTIONAL_AFTERMATH_VOID does not fire when a clock-raise is followed by an emotional shift within its window
      ---
      duration_ms: 0.993963
      type: 'test'
      ...
    # Subtest: THEME_CLOCK_RELATIONAL_AFTERMATH_VOID fires when every clock-raise is followed by two scenes with no relationship shift
    ok 5 - THEME_CLOCK_RELATIONAL_AFTERMATH_VOID fires when every clock-raise is followed by two scenes with no relationship shift
      ---
      duration_ms: 1.06271
      type: 'test'
      ...
    # Subtest: THEME_CLOCK_RELATIONAL_AFTERMATH_VOID does not fire when a clock-raise is followed by a relationship shift within its window
    ok 6 - THEME_CLOCK_RELATIONAL_AFTERMATH_VOID does not fire when a clock-raise is followed by a relationship shift within its window
      ---
      duration_ms: 0.90651
      type: 'test'
      ...
    1..6
ok 1915 - Wave 1130 — themePass: theme payoff-suspense aftermath void, theme clock-emotional aftermath void, theme clock-relational aftermath void
  ---
  duration_ms: 7.399029
  type: 'suite'
  ...
# Subtest: Wave 1116 — themePass: theme payoff-emotional aftermath void, theme payoff-relational aftermath void, theme clock-curiosity aftermath void
    # Subtest: THEME_PAYOFF_EMOTIONAL_AFTERMATH_VOID fires when every payoff is followed by two scenes with no emotional shift
    ok 1 - THEME_PAYOFF_EMOTIONAL_AFTERMATH_VOID fires when every payoff is followed by two scenes with no emotional shift
      ---
      duration_ms: 1.1185
      type: 'test'
      ...
    # Subtest: THEME_PAYOFF_EMOTIONAL_AFTERMATH_VOID does not fire when a payoff is followed by an emotional shift within its window
    ok 2 - THEME_PAYOFF_EMOTIONAL_AFTERMATH_VOID does not fire when a payoff is followed by an emotional shift within its window
      ---
      duration_ms: 1.076939
      type: 'test'
      ...
    # Subtest: THEME_PAYOFF_RELATIONAL_AFTERMATH_VOID fires when every payoff is followed by two scenes with no relationship shift
    ok 3 - THEME_PAYOFF_RELATIONAL_AFTERMATH_VOID fires when every payoff is followed by two scenes with no relationship shift
      ---
      duration_ms: 1.016187
      type: 'test'
      ...
    # Subtest: THEME_PAYOFF_RELATIONAL_AFTERMATH_VOID does not fire when a payoff is followed by a relationship shift within its window
    ok 4 - THEME_PAYOFF_RELATIONAL_AFTERMATH_VOID does not fire when a payoff is followed by a relationship shift within its window
      ---
      duration_ms: 0.888627
      type: 'test'
      ...
    # Subtest: THEME_CLOCK_CURIOSITY_AFTERMATH_VOID fires when every clock-raise is followed by two scenes with no curiosity rise
    ok 5 - THEME_CLOCK_CURIOSITY_AFTERMATH_VOID fires when every clock-raise is followed by two scenes with no curiosity rise
      ---
      duration_ms: 0.886206
      type: 'test'
      ...
    # Subtest: THEME_CLOCK_CURIOSITY_AFTERMATH_VOID does not fire when a clock-raise is followed by a curiosity rise within its window
    ok 6 - THEME_CLOCK_CURIOSITY_AFTERMATH_VOID does not fire when a clock-raise is followed by a curiosity rise within its window
      ---
      duration_ms: 0.991886
      type: 'test'
      ...
    1..6
ok 1916 - Wave 1116 — themePass: theme payoff-emotional aftermath void, theme payoff-relational aftermath void, theme clock-curiosity aftermath void
  ---
  duration_ms: 6.274417
  type: 'suite'
  ...
# Subtest: Wave 1102 — themePass: theme staging-repeat aftermath void, theme payoff-curiosity aftermath void, theme clock-suspense aftermath void
    # Subtest: THEME_STAGING_REPEAT_AFTERMATH_VOID fires when every heavily-staged scene is followed by two scenes with no further heavily-staged scene
    ok 1 - THEME_STAGING_REPEAT_AFTERMATH_VOID fires when every heavily-staged scene is followed by two scenes with no further heavily-staged scene
      ---
      duration_ms: 1.011024
      type: 'test'
      ...
    # Subtest: THEME_STAGING_REPEAT_AFTERMATH_VOID does not fire when a heavily-staged scene is followed by another heavily-staged scene within its window
    ok 2 - THEME_STAGING_REPEAT_AFTERMATH_VOID does not fire when a heavily-staged scene is followed by another heavily-staged scene within its window
      ---
      duration_ms: 1.018248
      type: 'test'
      ...
    # Subtest: THEME_PAYOFF_CURIOSITY_AFTERMATH_VOID fires when every payoff is followed by two scenes with no curiosity rise
    ok 3 - THEME_PAYOFF_CURIOSITY_AFTERMATH_VOID fires when every payoff is followed by two scenes with no curiosity rise
      ---
      duration_ms: 0.991343
      type: 'test'
      ...
    # Subtest: THEME_PAYOFF_CURIOSITY_AFTERMATH_VOID does not fire when a payoff is followed by a curiosity rise within its window
    ok 4 - THEME_PAYOFF_CURIOSITY_AFTERMATH_VOID does not fire when a payoff is followed by a curiosity rise within its window
      ---
      duration_ms: 0.945541
      type: 'test'
      ...
    # Subtest: THEME_CLOCK_SUSPENSE_AFTERMATH_VOID fires when every clock-raise is followed by two scenes with no suspense rise
    ok 5 - THEME_CLOCK_SUSPENSE_AFTERMATH_VOID fires when every clock-raise is followed by two scenes with no suspense rise
      ---
      duration_ms: 0.867134
      type: 'test'
      ...
    # Subtest: THEME_CLOCK_SUSPENSE_AFTERMATH_VOID does not fire when a clock-raise is followed by a suspense rise within its window
    ok 6 - THEME_CLOCK_SUSPENSE_AFTERMATH_VOID does not fire when a clock-raise is followed by a suspense rise within its window
      ---
      duration_ms: 0.891301
      type: 'test'
      ...
    1..6
ok 1917 - Wave 1102 — themePass: theme staging-repeat aftermath void, theme payoff-curiosity aftermath void, theme clock-suspense aftermath void
  ---
  duration_ms: 5.999451
  type: 'suite'
  ...
# Subtest: Wave 1088 — themePass: theme open-thread-staging aftermath void, theme staged-dialogue-highlight aftermath void, theme staged-relational aftermath void
    # Subtest: THEME_OPEN_THREAD_STAGING_AFTERMATH_VOID fires when every open-thread scene is followed by two scenes with no heavily-staged scene
    ok 1 - THEME_OPEN_THREAD_STAGING_AFTERMATH_VOID fires when every open-thread scene is followed by two scenes with no heavily-staged scene
      ---
      duration_ms: 1.644281
      type: 'test'
      ...
    # Subtest: THEME_OPEN_THREAD_STAGING_AFTERMATH_VOID does not fire when an open-thread scene is followed by a heavily-staged scene within its window
    ok 2 - THEME_OPEN_THREAD_STAGING_AFTERMATH_VOID does not fire when an open-thread scene is followed by a heavily-staged scene within its window
      ---
      duration_ms: 0.845216
      type: 'test'
      ...
    # Subtest: THEME_STAGED_DIALOGUE_HIGHLIGHT_AFTERMATH_VOID fires when every heavily-staged scene is followed by two scenes with no highlighted dialogue
    ok 3 - THEME_STAGED_DIALOGUE_HIGHLIGHT_AFTERMATH_VOID fires when every heavily-staged scene is followed by two scenes with no highlighted dialogue
      ---
      duration_ms: 0.936273
      type: 'test'
      ...
    # Subtest: THEME_STAGED_DIALOGUE_HIGHLIGHT_AFTERMATH_VOID does not fire when a heavily-staged scene is followed by highlighted dialogue within its window
    ok 4 - THEME_STAGED_DIALOGUE_HIGHLIGHT_AFTERMATH_VOID does not fire when a heavily-staged scene is followed by highlighted dialogue within its window
      ---
      duration_ms: 0.845442
      type: 'test'
      ...
    # Subtest: THEME_STAGED_RELATIONAL_AFTERMATH_VOID fires when every heavily-staged scene is followed by two scenes with no relationship shift
    ok 5 - THEME_STAGED_RELATIONAL_AFTERMATH_VOID fires when every heavily-staged scene is followed by two scenes with no relationship shift
      ---
      duration_ms: 0.960574
      type: 'test'
      ...
    # Subtest: THEME_STAGED_RELATIONAL_AFTERMATH_VOID does not fire when a heavily-staged scene is followed by a relationship shift within its window
    ok 6 - THEME_STAGED_RELATIONAL_AFTERMATH_VOID does not fire when a heavily-staged scene is followed by a relationship shift within its window
      ---
      duration_ms: 0.802016
      type: 'test'
      ...
    1..6
ok 1918 - Wave 1088 — themePass: theme open-thread-staging aftermath void, theme staged-dialogue-highlight aftermath void, theme staged-relational aftermath void
  ---
  duration_ms: 6.369934
  type: 'suite'
  ...
# Subtest: Wave 1074 — themePass: theme stakes-staging aftermath void, theme seed-staging aftermath void, theme open-thread-dialogue-highlight aftermath void
    # Subtest: THEME_STAKES_STAGING_AFTERMATH_VOID fires when every stakes-raise is followed by two scenes with no visually dense scene
    ok 1 - THEME_STAKES_STAGING_AFTERMATH_VOID fires when every stakes-raise is followed by two scenes with no visually dense scene
      ---
      duration_ms: 1.12078
      type: 'test'
      ...
    # Subtest: THEME_STAKES_STAGING_AFTERMATH_VOID does not fire when a stakes-raise is followed by a visually dense scene within its window
    ok 2 - THEME_STAKES_STAGING_AFTERMATH_VOID does not fire when a stakes-raise is followed by a visually dense scene within its window
      ---
      duration_ms: 0.944303
      type: 'test'
      ...
    # Subtest: THEME_SEED_STAGING_AFTERMATH_VOID fires when every seed is followed by two scenes with no visually dense scene
    ok 3 - THEME_SEED_STAGING_AFTERMATH_VOID fires when every seed is followed by two scenes with no visually dense scene
      ---
      duration_ms: 1.154923
      type: 'test'
      ...
    # Subtest: THEME_SEED_STAGING_AFTERMATH_VOID does not fire when a seed is followed by a visually dense scene within its window
    ok 4 - THEME_SEED_STAGING_AFTERMATH_VOID does not fire when a seed is followed by a visually dense scene within its window
      ---
      duration_ms: 0.904866
      type: 'test'
      ...
    # Subtest: THEME_OPEN_THREAD_DIALOGUE_HIGHLIGHT_AFTERMATH_VOID fires when every open-thread scene is followed by two scenes with no highlighted dialogue
    ok 5 - THEME_OPEN_THREAD_DIALOGUE_HIGHLIGHT_AFTERMATH_VOID fires when every open-thread scene is followed by two scenes with no highlighted dialogue
      ---
      duration_ms: 0.954978
      type: 'test'
      ...
    # Subtest: THEME_OPEN_THREAD_DIALOGUE_HIGHLIGHT_AFTERMATH_VOID does not fire when an open-thread scene is followed by highlighted dialogue within its window
    ok 6 - THEME_OPEN_THREAD_DIALOGUE_HIGHLIGHT_AFTERMATH_VOID does not fire when an open-thread scene is followed by highlighted dialogue within its window
      ---
      duration_ms: 0.992121
      type: 'test'
      ...
    1..6
ok 1919 - Wave 1074 — themePass: theme stakes-staging aftermath void, theme seed-staging aftermath void, theme open-thread-dialogue-highlight aftermath void
  ---
  duration_ms: 6.344265
  type: 'suite'
  ...
# Subtest: Wave 1060 — themePass: theme seed-suspense aftermath void, theme stakes-dialogue-highlight aftermath void, theme staging-suspense aftermath void
    # Subtest: THEME_SEED_SUSPENSE_AFTERMATH_VOID fires when every seed is followed by two scenes with no suspense rise
    ok 1 - THEME_SEED_SUSPENSE_AFTERMATH_VOID fires when every seed is followed by two scenes with no suspense rise
      ---
      duration_ms: 1.08546
      type: 'test'
      ...
    # Subtest: THEME_SEED_SUSPENSE_AFTERMATH_VOID does not fire when a seed is followed by a suspense rise within its window
    ok 2 - THEME_SEED_SUSPENSE_AFTERMATH_VOID does not fire when a seed is followed by a suspense rise within its window
      ---
      duration_ms: 0.855334
      type: 'test'
      ...
    # Subtest: THEME_STAKES_DIALOGUE_HIGHLIGHT_AFTERMATH_VOID fires when every stakes-raise is followed by two scenes with no highlighted dialogue
    ok 3 - THEME_STAKES_DIALOGUE_HIGHLIGHT_AFTERMATH_VOID fires when every stakes-raise is followed by two scenes with no highlighted dialogue
      ---
      duration_ms: 0.904856
      type: 'test'
      ...
    # Subtest: THEME_STAKES_DIALOGUE_HIGHLIGHT_AFTERMATH_VOID does not fire when a stakes-raise is followed by highlighted dialogue within its window
    ok 4 - THEME_STAKES_DIALOGUE_HIGHLIGHT_AFTERMATH_VOID does not fire when a stakes-raise is followed by highlighted dialogue within its window
      ---
      duration_ms: 0.92269
      type: 'test'
      ...
    # Subtest: THEME_STAGING_SUSPENSE_AFTERMATH_VOID fires when every staged scene is followed by two scenes with no suspense rise
    ok 5 - THEME_STAGING_SUSPENSE_AFTERMATH_VOID fires when every staged scene is followed by two scenes with no suspense rise
      ---
      duration_ms: 1.010322
      type: 'test'
      ...
    # Subtest: THEME_STAGING_SUSPENSE_AFTERMATH_VOID does not fire when a staged scene is followed by a suspense rise within its window
    ok 6 - THEME_STAGING_SUSPENSE_AFTERMATH_VOID does not fire when a staged scene is followed by a suspense rise within its window
      ---
      duration_ms: 0.851766
      type: 'test'
      ...
    1..6
ok 1920 - Wave 1060 — themePass: theme seed-suspense aftermath void, theme stakes-dialogue-highlight aftermath void, theme staging-suspense aftermath void
  ---
  duration_ms: 5.888748
  type: 'suite'
  ...
# Subtest: Wave 1046 — themePass: theme open-thread-suspense aftermath void, theme open-thread-relational aftermath void, theme staging-emotional aftermath void
    # Subtest: THEME_OPEN_THREAD_SUSPENSE_AFTERMATH_VOID fires when every open-thread scene is followed by two scenes with no suspense rise
    ok 1 - THEME_OPEN_THREAD_SUSPENSE_AFTERMATH_VOID fires when every open-thread scene is followed by two scenes with no suspense rise
      ---
      duration_ms: 1.036461
      type: 'test'
      ...
    # Subtest: THEME_OPEN_THREAD_SUSPENSE_AFTERMATH_VOID does not fire when an open-thread scene is followed by a suspense rise within its window
    ok 2 - THEME_OPEN_THREAD_SUSPENSE_AFTERMATH_VOID does not fire when an open-thread scene is followed by a suspense rise within its window
      ---
      duration_ms: 0.898002
      type: 'test'
      ...
    # Subtest: THEME_OPEN_THREAD_RELATIONAL_AFTERMATH_VOID fires when every open-thread scene is followed by two scenes with no relationship shift
    ok 3 - THEME_OPEN_THREAD_RELATIONAL_AFTERMATH_VOID fires when every open-thread scene is followed by two scenes with no relationship shift
      ---
      duration_ms: 1.024326
      type: 'test'
      ...
    # Subtest: THEME_OPEN_THREAD_RELATIONAL_AFTERMATH_VOID does not fire when an open-thread scene is followed by a relationship shift within its window
    ok 4 - THEME_OPEN_THREAD_RELATIONAL_AFTERMATH_VOID does not fire when an open-thread scene is followed by a relationship shift within its window
      ---
      duration_ms: 0.886263
      type: 'test'
      ...
    # Subtest: THEME_STAGING_EMOTIONAL_AFTERMATH_VOID fires when every heavily-staged scene is followed by two scenes with no emotional shift
    ok 5 - THEME_STAGING_EMOTIONAL_AFTERMATH_VOID fires when every heavily-staged scene is followed by two scenes with no emotional shift
      ---
      duration_ms: 0.900823
      type: 'test'
      ...
    # Subtest: THEME_STAGING_EMOTIONAL_AFTERMATH_VOID does not fire when a heavily-staged scene is followed by an emotional shift within its window
    ok 6 - THEME_STAGING_EMOTIONAL_AFTERMATH_VOID does not fire when a heavily-staged scene is followed by an emotional shift within its window
      ---
      duration_ms: 0.925706
      type: 'test'
      ...
    1..6
ok 1921 - Wave 1046 — themePass: theme open-thread-suspense aftermath void, theme open-thread-relational aftermath void, theme staging-emotional aftermath void
  ---
  duration_ms: 5.931597
  type: 'suite'
  ...
# Subtest: Wave 1032 — themePass: theme stakes-relational aftermath void, theme seed-emotional aftermath void, theme open-thread-curiosity aftermath void
    # Subtest: THEME_STAKES_RELATIONAL_AFTERMATH_VOID fires when every stakes-raise is followed by two scenes with no relationship shift
    ok 1 - THEME_STAKES_RELATIONAL_AFTERMATH_VOID fires when every stakes-raise is followed by two scenes with no relationship shift
      ---
      duration_ms: 1.201817
      type: 'test'
      ...
    # Subtest: THEME_STAKES_RELATIONAL_AFTERMATH_VOID does not fire when a stakes-raise is followed by a relationship shift within its window
    ok 2 - THEME_STAKES_RELATIONAL_AFTERMATH_VOID does not fire when a stakes-raise is followed by a relationship shift within its window
      ---
      duration_ms: 0.884922
      type: 'test'
      ...
    # Subtest: THEME_SEED_EMOTIONAL_AFTERMATH_VOID fires when every seed is followed by two scenes with no emotional shift
    ok 3 - THEME_SEED_EMOTIONAL_AFTERMATH_VOID fires when every seed is followed by two scenes with no emotional shift
      ---
      duration_ms: 0.904677
      type: 'test'
      ...
    # Subtest: THEME_SEED_EMOTIONAL_AFTERMATH_VOID does not fire when a seed is followed by an emotional shift within its window
    ok 4 - THEME_SEED_EMOTIONAL_AFTERMATH_VOID does not fire when a seed is followed by an emotional shift within its window
      ---
      duration_ms: 0.884733
      type: 'test'
      ...
    # Subtest: THEME_OPEN_THREAD_CURIOSITY_AFTERMATH_VOID fires when every open-thread scene is followed by two scenes with no curiosity rise
    ok 5 - THEME_OPEN_THREAD_CURIOSITY_AFTERMATH_VOID fires when every open-thread scene is followed by two scenes with no curiosity rise
      ---
      duration_ms: 0.975891
      type: 'test'
      ...
    # Subtest: THEME_OPEN_THREAD_CURIOSITY_AFTERMATH_VOID does not fire when an open-thread scene is followed by a curiosity rise within its window
    ok 6 - THEME_OPEN_THREAD_CURIOSITY_AFTERMATH_VOID does not fire when an open-thread scene is followed by a curiosity rise within its window
      ---
      duration_ms: 0.9423
      type: 'test'
      ...
    1..6
ok 1922 - Wave 1032 — themePass: theme stakes-relational aftermath void, theme seed-emotional aftermath void, theme open-thread-curiosity aftermath void
  ---
  duration_ms: 6.05553
  type: 'suite'
  ...
# Subtest: Wave 1018 — themePass: theme stakes-emotional aftermath void, theme seed-relational aftermath void, theme staging-curiosity aftermath void
    # Subtest: THEME_STAKES_EMOTIONAL_AFTERMATH_VOID fires when every stakes-raise is followed by two scenes with no emotional shift
    ok 1 - THEME_STAKES_EMOTIONAL_AFTERMATH_VOID fires when every stakes-raise is followed by two scenes with no emotional shift
      ---
      duration_ms: 0.992698
      type: 'test'
      ...
    # Subtest: THEME_STAKES_EMOTIONAL_AFTERMATH_VOID does not fire when a stakes-raise is followed by an emotional shift within its window
    ok 2 - THEME_STAKES_EMOTIONAL_AFTERMATH_VOID does not fire when a stakes-raise is followed by an emotional shift within its window
      ---
      duration_ms: 0.986956
      type: 'test'
      ...
    # Subtest: THEME_SEED_RELATIONAL_AFTERMATH_VOID fires when every seed is followed by two scenes with no relationship shift
    ok 3 - THEME_SEED_RELATIONAL_AFTERMATH_VOID fires when every seed is followed by two scenes with no relationship shift
      ---
      duration_ms: 1.057867
      type: 'test'
      ...
    # Subtest: THEME_SEED_RELATIONAL_AFTERMATH_VOID does not fire when a seed is followed by a relationship shift within its window
    ok 4 - THEME_SEED_RELATIONAL_AFTERMATH_VOID does not fire when a seed is followed by a relationship shift within its window
      ---
      duration_ms: 0.854166
      type: 'test'
      ...
    # Subtest: THEME_STAGING_CURIOSITY_AFTERMATH_VOID fires when every visually-dense scene is followed by two scenes with no new curiosity
    ok 5 - THEME_STAGING_CURIOSITY_AFTERMATH_VOID fires when every visually-dense scene is followed by two scenes with no new curiosity
      ---
      duration_ms: 0.871638
      type: 'test'
      ...
    # Subtest: THEME_STAGING_CURIOSITY_AFTERMATH_VOID does not fire when a visually-dense scene is followed by new curiosity within its window
    ok 6 - THEME_STAGING_CURIOSITY_AFTERMATH_VOID does not fire when a visually-dense scene is followed by new curiosity within its window
      ---
      duration_ms: 0.864159
      type: 'test'
      ...
    1..6
ok 1923 - Wave 1018 — themePass: theme stakes-emotional aftermath void, theme seed-relational aftermath void, theme staging-curiosity aftermath void
  ---
  duration_ms: 6.027312
  type: 'suite'
  ...
# Subtest: Wave 1004 — themePass: theme stakes-suspense aftermath void, theme seed-curiosity aftermath void, theme open-thread-emotional aftermath void
    # Subtest: THEME_STAKES_SUSPENSE_AFTERMATH_VOID fires when every stakes-raise is followed by two scenes with no rise in suspense
    ok 1 - THEME_STAKES_SUSPENSE_AFTERMATH_VOID fires when every stakes-raise is followed by two scenes with no rise in suspense
      ---
      duration_ms: 2.077709
      type: 'test'
      ...
    # Subtest: THEME_STAKES_SUSPENSE_AFTERMATH_VOID does not fire when a stakes-raise is followed by rising suspense within its window
    ok 2 - THEME_STAKES_SUSPENSE_AFTERMATH_VOID does not fire when a stakes-raise is followed by rising suspense within its window
      ---
      duration_ms: 0.871584
      type: 'test'
      ...
    # Subtest: THEME_SEED_CURIOSITY_AFTERMATH_VOID fires when every seed is followed by two scenes with no new curiosity
    ok 3 - THEME_SEED_CURIOSITY_AFTERMATH_VOID fires when every seed is followed by two scenes with no new curiosity
      ---
      duration_ms: 0.963334
      type: 'test'
      ...
    # Subtest: THEME_SEED_CURIOSITY_AFTERMATH_VOID does not fire when a seed is followed by new curiosity within its window
    ok 4 - THEME_SEED_CURIOSITY_AFTERMATH_VOID does not fire when a seed is followed by new curiosity within its window
      ---
      duration_ms: 8.89047
      type: 'test'
      ...
    # Subtest: THEME_OPEN_THREAD_EMOTIONAL_AFTERMATH_VOID fires when every open-thread scene is followed by two scenes with no emotional shift
    ok 5 - THEME_OPEN_THREAD_EMOTIONAL_AFTERMATH_VOID fires when every open-thread scene is followed by two scenes with no emotional shift
      ---
      duration_ms: 0.911904
      type: 'test'
      ...
    # Subtest: THEME_OPEN_THREAD_EMOTIONAL_AFTERMATH_VOID does not fire when an open-thread scene is followed by an emotional shift within its window
    ok 6 - THEME_OPEN_THREAD_EMOTIONAL_AFTERMATH_VOID does not fire when an open-thread scene is followed by an emotional shift within its window
      ---
      duration_ms: 0.84439
      type: 'test'
      ...
    1..6
ok 1924 - Wave 1004 — themePass: theme stakes-suspense aftermath void, theme seed-curiosity aftermath void, theme open-thread-emotional aftermath void
  ---
  duration_ms: 14.819395
  type: 'suite'
  ...
# Subtest: Wave 990 — themePass: theme highlight zone imbalance, theme open thread zone imbalance, theme stakes-curiosity aftermath void
    # Subtest: THEME_HIGHLIGHT_ZONE_IMBALANCE fires when one zone is empty while another holds >=50% of highlighted-dialogue scenes
    ok 1 - THEME_HIGHLIGHT_ZONE_IMBALANCE fires when one zone is empty while another holds >=50% of highlighted-dialogue scenes
      ---
      duration_ms: 1.156178
      type: 'test'
      ...
    # Subtest: THEME_HIGHLIGHT_ZONE_IMBALANCE does not fire when highlighted-dialogue scenes touch every zone
    ok 2 - THEME_HIGHLIGHT_ZONE_IMBALANCE does not fire when highlighted-dialogue scenes touch every zone
      ---
      duration_ms: 0.922939
      type: 'test'
      ...
    # Subtest: THEME_OPEN_THREAD_ZONE_IMBALANCE fires when one zone is empty while another holds >=50% of open-thread scenes
    ok 3 - THEME_OPEN_THREAD_ZONE_IMBALANCE fires when one zone is empty while another holds >=50% of open-thread scenes
      ---
      duration_ms: 0.985125
      type: 'test'
      ...
    # Subtest: THEME_OPEN_THREAD_ZONE_IMBALANCE does not fire when open-thread scenes touch every zone
    ok 4 - THEME_OPEN_THREAD_ZONE_IMBALANCE does not fire when open-thread scenes touch every zone
      ---
      duration_ms: 0.911651
      type: 'test'
      ...
    # Subtest: THEME_STAKES_CURIOSITY_AFTERMATH_VOID fires when every stakes-raise is followed by two scenes with no new curiosity
    ok 5 - THEME_STAKES_CURIOSITY_AFTERMATH_VOID fires when every stakes-raise is followed by two scenes with no new curiosity
      ---
      duration_ms: 0.884718
      type: 'test'
      ...
    # Subtest: THEME_STAKES_CURIOSITY_AFTERMATH_VOID does not fire when a stakes-raise is followed by new curiosity within its window
    ok 6 - THEME_STAKES_CURIOSITY_AFTERMATH_VOID does not fire when a stakes-raise is followed by new curiosity within its window
      ---
      duration_ms: 1.001724
      type: 'test'
      ...
    1..6
ok 1925 - Wave 990 — themePass: theme highlight zone imbalance, theme open thread zone imbalance, theme stakes-curiosity aftermath void
  ---
  duration_ms: 6.123099
  type: 'suite'
  ...
# Subtest: Wave 976 — themePass: theme clock zone imbalance, theme clock delta zone imbalance, theme turn zone imbalance
    # Subtest: THEME_CLOCK_ZONE_IMBALANCE fires when one zone is empty while another holds >=50% of clock-raising scenes
    ok 1 - THEME_CLOCK_ZONE_IMBALANCE fires when one zone is empty while another holds >=50% of clock-raising scenes
      ---
      duration_ms: 1.069653
      type: 'test'
      ...
    # Subtest: THEME_CLOCK_ZONE_IMBALANCE does not fire when clock-raising scenes touch every zone
    ok 2 - THEME_CLOCK_ZONE_IMBALANCE does not fire when clock-raising scenes touch every zone
      ---
      duration_ms: 0.816813
      type: 'test'
      ...
    # Subtest: THEME_CLOCK_DELTA_ZONE_IMBALANCE fires when one zone is empty while another holds >=50% of clock-moving scenes
    ok 3 - THEME_CLOCK_DELTA_ZONE_IMBALANCE fires when one zone is empty while another holds >=50% of clock-moving scenes
      ---
      duration_ms: 1.082913
      type: 'test'
      ...
    # Subtest: THEME_CLOCK_DELTA_ZONE_IMBALANCE does not fire when clock-moving scenes touch every zone
    ok 4 - THEME_CLOCK_DELTA_ZONE_IMBALANCE does not fire when clock-moving scenes touch every zone
      ---
      duration_ms: 0.827595
      type: 'test'
      ...
    # Subtest: THEME_TURN_ZONE_IMBALANCE fires when one zone is empty while another holds >=50% of dramatic-turn scenes
    ok 5 - THEME_TURN_ZONE_IMBALANCE fires when one zone is empty while another holds >=50% of dramatic-turn scenes
      ---
      duration_ms: 0.867498
      type: 'test'
      ...
    # Subtest: THEME_TURN_ZONE_IMBALANCE does not fire when dramatic-turn scenes touch every zone
    ok 6 - THEME_TURN_ZONE_IMBALANCE does not fire when dramatic-turn scenes touch every zone
      ---
      duration_ms: 0.905693
      type: 'test'
      ...
    1..6
ok 1926 - Wave 976 — themePass: theme clock zone imbalance, theme clock delta zone imbalance, theme turn zone imbalance
  ---
  duration_ms: 5.892701
  type: 'suite'
  ...
# Subtest: Wave 962 — themePass: theme curiosity zone imbalance, theme revelation zone imbalance, theme relationship zone imbalance
    # Subtest: THEME_CURIOSITY_ZONE_IMBALANCE fires when one zone is empty while another holds >=50% of curiosity-raising scenes
    ok 1 - THEME_CURIOSITY_ZONE_IMBALANCE fires when one zone is empty while another holds >=50% of curiosity-raising scenes
      ---
      duration_ms: 0.996845
      type: 'test'
      ...
    # Subtest: THEME_CURIOSITY_ZONE_IMBALANCE does not fire when curiosity-raising scenes touch every zone
    ok 2 - THEME_CURIOSITY_ZONE_IMBALANCE does not fire when curiosity-raising scenes touch every zone
      ---
      duration_ms: 0.873984
      type: 'test'
      ...
    # Subtest: THEME_REVELATION_ZONE_IMBALANCE fires when one zone is empty while another holds >=50% of revelation scenes
    ok 3 - THEME_REVELATION_ZONE_IMBALANCE fires when one zone is empty while another holds >=50% of revelation scenes
      ---
      duration_ms: 0.894866
      type: 'test'
      ...
    # Subtest: THEME_REVELATION_ZONE_IMBALANCE does not fire when revelation scenes touch every zone
    ok 4 - THEME_REVELATION_ZONE_IMBALANCE does not fire when revelation scenes touch every zone
      ---
      duration_ms: 0.791593
      type: 'test'
      ...
    # Subtest: THEME_RELATIONSHIP_ZONE_IMBALANCE fires when one zone is empty while another holds >=50% of relationship-shift scenes
    ok 5 - THEME_RELATIONSHIP_ZONE_IMBALANCE fires when one zone is empty while another holds >=50% of relationship-shift scenes
      ---
      duration_ms: 0.773062
      type: 'test'
      ...
    # Subtest: THEME_RELATIONSHIP_ZONE_IMBALANCE does not fire when relationship-shift scenes touch every zone
    ok 6 - THEME_RELATIONSHIP_ZONE_IMBALANCE does not fire when relationship-shift scenes touch every zone
      ---
      duration_ms: 1.165313
      type: 'test'
      ...
    1..6
ok 1927 - Wave 962 — themePass: theme curiosity zone imbalance, theme revelation zone imbalance, theme relationship zone imbalance
  ---
  duration_ms: 5.755148
  type: 'suite'
  ...
# Subtest: Wave 948 — themePass: theme positive emotion zone imbalance, theme suspense zone imbalance, theme seed zone imbalance
    # Subtest: THEME_POSITIVE_EMOTION_ZONE_IMBALANCE fires when one zone is empty while another holds >=50% of positive-shift scenes
    ok 1 - THEME_POSITIVE_EMOTION_ZONE_IMBALANCE fires when one zone is empty while another holds >=50% of positive-shift scenes
      ---
      duration_ms: 1.133604
      type: 'test'
      ...
    # Subtest: THEME_POSITIVE_EMOTION_ZONE_IMBALANCE does not fire when positive-shift scenes touch every zone
    ok 2 - THEME_POSITIVE_EMOTION_ZONE_IMBALANCE does not fire when positive-shift scenes touch every zone
      ---
      duration_ms: 0.817477
      type: 'test'
      ...
    # Subtest: THEME_SUSPENSE_ZONE_IMBALANCE fires when one zone is empty while another holds >=50% of suspense-raising scenes
    ok 3 - THEME_SUSPENSE_ZONE_IMBALANCE fires when one zone is empty while another holds >=50% of suspense-raising scenes
      ---
      duration_ms: 0.83812
      type: 'test'
      ...
    # Subtest: THEME_SUSPENSE_ZONE_IMBALANCE does not fire when suspense-raising scenes touch every zone
    ok 4 - THEME_SUSPENSE_ZONE_IMBALANCE does not fire when suspense-raising scenes touch every zone
      ---
      duration_ms: 0.8356
      type: 'test'
      ...
    # Subtest: THEME_SEED_ZONE_IMBALANCE fires when one zone is empty while another holds >=50% of seeding scenes
    ok 5 - THEME_SEED_ZONE_IMBALANCE fires when one zone is empty while another holds >=50% of seeding scenes
      ---
      duration_ms: 1.741376
      type: 'test'
      ...
    # Subtest: THEME_SEED_ZONE_IMBALANCE does not fire when seeding scenes touch every zone
    ok 6 - THEME_SEED_ZONE_IMBALANCE does not fire when seeding scenes touch every zone
      ---
      duration_ms: 0.882231
      type: 'test'
      ...
    1..6
ok 1928 - Wave 948 — themePass: theme positive emotion zone imbalance, theme suspense zone imbalance, theme seed zone imbalance
  ---
  duration_ms: 6.54486
  type: 'suite'
  ...
# Subtest: Wave 934 — themePass: theme stakes zone imbalance, theme revelation purpose zone imbalance, theme negative emotion zone imbalance
    # Subtest: THEME_STAKES_ZONE_IMBALANCE fires when one zone is empty while another holds >=50% of stakes-raising scenes
    ok 1 - THEME_STAKES_ZONE_IMBALANCE fires when one zone is empty while another holds >=50% of stakes-raising scenes
      ---
      duration_ms: 1.076731
      type: 'test'
      ...
    # Subtest: THEME_STAKES_ZONE_IMBALANCE does not fire when stakes-raising scenes touch every zone
    ok 2 - THEME_STAKES_ZONE_IMBALANCE does not fire when stakes-raising scenes touch every zone
      ---
      duration_ms: 0.829438
      type: 'test'
      ...
    # Subtest: THEME_REVELATION_PURPOSE_ZONE_IMBALANCE fires when one zone is empty while another holds >=50% of revelation-purposed scenes
    ok 3 - THEME_REVELATION_PURPOSE_ZONE_IMBALANCE fires when one zone is empty while another holds >=50% of revelation-purposed scenes
      ---
      duration_ms: 0.846915
      type: 'test'
      ...
    # Subtest: THEME_REVELATION_PURPOSE_ZONE_IMBALANCE does not fire when revelation-purposed scenes touch every zone
    ok 4 - THEME_REVELATION_PURPOSE_ZONE_IMBALANCE does not fire when revelation-purposed scenes touch every zone
      ---
      duration_ms: 0.794997
      type: 'test'
      ...
    # Subtest: THEME_NEGATIVE_EMOTION_ZONE_IMBALANCE fires when one zone is empty while another holds >=50% of negative-shift scenes
    ok 5 - THEME_NEGATIVE_EMOTION_ZONE_IMBALANCE fires when one zone is empty while another holds >=50% of negative-shift scenes
      ---
      duration_ms: 0.829604
      type: 'test'
      ...
    # Subtest: THEME_NEGATIVE_EMOTION_ZONE_IMBALANCE does not fire when negative-shift scenes touch every zone
    ok 6 - THEME_NEGATIVE_EMOTION_ZONE_IMBALANCE does not fire when negative-shift scenes touch every zone
      ---
      duration_ms: 0.854259
      type: 'test'
      ...
    1..6
ok 1929 - Wave 934 — themePass: theme stakes zone imbalance, theme revelation purpose zone imbalance, theme negative emotion zone imbalance
  ---
  duration_ms: 5.483038
  type: 'suite'
  ...
# Subtest: Wave 920 — themePass: theme revelation purpose zone cluster, theme revelation purpose drought run, theme character moment zone imbalance
    # Subtest: THEME_REVELATION_PURPOSE_ZONE_CLUSTER fires when >75% of revelation-purposed scenes cluster in one third
    ok 1 - THEME_REVELATION_PURPOSE_ZONE_CLUSTER fires when >75% of revelation-purposed scenes cluster in one third
      ---
      duration_ms: 0.96628
      type: 'test'
      ...
    # Subtest: THEME_REVELATION_PURPOSE_ZONE_CLUSTER does not fire when revelation-purposed scenes spread across thirds
    ok 2 - THEME_REVELATION_PURPOSE_ZONE_CLUSTER does not fire when revelation-purposed scenes spread across thirds
      ---
      duration_ms: 0.794575
      type: 'test'
      ...
    # Subtest: THEME_REVELATION_PURPOSE_DROUGHT_RUN fires when a long run has no revelation-purposed scene
    ok 3 - THEME_REVELATION_PURPOSE_DROUGHT_RUN fires when a long run has no revelation-purposed scene
      ---
      duration_ms: 0.814588
      type: 'test'
      ...
    # Subtest: THEME_REVELATION_PURPOSE_DROUGHT_RUN does not fire when revelation-purposed scenes are evenly spread
    ok 4 - THEME_REVELATION_PURPOSE_DROUGHT_RUN does not fire when revelation-purposed scenes are evenly spread
      ---
      duration_ms: 0.810886
      type: 'test'
      ...
    # Subtest: THEME_CHARACTER_MOMENT_ZONE_IMBALANCE fires when one zone is empty while another holds >=50% of character-moment scenes
    ok 5 - THEME_CHARACTER_MOMENT_ZONE_IMBALANCE fires when one zone is empty while another holds >=50% of character-moment scenes
      ---
      duration_ms: 0.86141
      type: 'test'
      ...
    # Subtest: THEME_CHARACTER_MOMENT_ZONE_IMBALANCE does not fire when character-moment scenes touch every zone
    ok 6 - THEME_CHARACTER_MOMENT_ZONE_IMBALANCE does not fire when character-moment scenes touch every zone
      ---
      duration_ms: 0.833323
      type: 'test'
      ...
    1..6
ok 1930 - Wave 920 — themePass: theme revelation purpose zone cluster, theme revelation purpose drought run, theme character moment zone imbalance
  ---
  duration_ms: 5.39232
  type: 'suite'
  ...
# Subtest: Wave 906 — themePass: theme turning point zone imbalance, theme introduce conflict zone imbalance, theme complicate zone imbalance
    # Subtest: THEME_TURNING_POINT_ZONE_IMBALANCE fires when one zone is empty while another holds >=50% of turning-point scenes
    ok 1 - THEME_TURNING_POINT_ZONE_IMBALANCE fires when one zone is empty while another holds >=50% of turning-point scenes
      ---
      duration_ms: 0.97397
      type: 'test'
      ...
    # Subtest: THEME_TURNING_POINT_ZONE_IMBALANCE does not fire when turning-point scenes touch every zone
    ok 2 - THEME_TURNING_POINT_ZONE_IMBALANCE does not fire when turning-point scenes touch every zone
      ---
      duration_ms: 0.877709
      type: 'test'
      ...
    # Subtest: THEME_INTRODUCE_CONFLICT_ZONE_IMBALANCE fires when one zone is empty while another holds >=50% of conflict-introducing scenes
    ok 3 - THEME_INTRODUCE_CONFLICT_ZONE_IMBALANCE fires when one zone is empty while another holds >=50% of conflict-introducing scenes
      ---
      duration_ms: 0.876699
      type: 'test'
      ...
    # Subtest: THEME_INTRODUCE_CONFLICT_ZONE_IMBALANCE does not fire when conflict-introducing scenes touch every zone
    ok 4 - THEME_INTRODUCE_CONFLICT_ZONE_IMBALANCE does not fire when conflict-introducing scenes touch every zone
      ---
      duration_ms: 0.838815
      type: 'test'
      ...
    # Subtest: THEME_COMPLICATE_ZONE_IMBALANCE fires when one zone is empty while another holds >=50% of complicating scenes
    ok 5 - THEME_COMPLICATE_ZONE_IMBALANCE fires when one zone is empty while another holds >=50% of complicating scenes
      ---
      duration_ms: 0.871798
      type: 'test'
      ...
    # Subtest: THEME_COMPLICATE_ZONE_IMBALANCE does not fire when complicating scenes touch every zone
    ok 6 - THEME_COMPLICATE_ZONE_IMBALANCE does not fire when complicating scenes touch every zone
      ---
      duration_ms: 0.773967
      type: 'test'
      ...
    1..6
ok 1931 - Wave 906 — themePass: theme turning point zone imbalance, theme introduce conflict zone imbalance, theme complicate zone imbalance
  ---
  duration_ms: 5.478934
  type: 'suite'
  ...
# Subtest: Wave 892 — themePass: theme climax zone imbalance, theme establish world zone imbalance, theme resolution zone imbalance
    # Subtest: THEME_CLIMAX_ZONE_IMBALANCE fires when one zone is empty while another holds >=50% of climax-purposed scenes
    ok 1 - THEME_CLIMAX_ZONE_IMBALANCE fires when one zone is empty while another holds >=50% of climax-purposed scenes
      ---
      duration_ms: 1.120393
      type: 'test'
      ...
    # Subtest: THEME_CLIMAX_ZONE_IMBALANCE does not fire when climax-purposed scenes touch every zone
    ok 2 - THEME_CLIMAX_ZONE_IMBALANCE does not fire when climax-purposed scenes touch every zone
      ---
      duration_ms: 0.801349
      type: 'test'
      ...
    # Subtest: THEME_ESTABLISH_WORLD_ZONE_IMBALANCE fires when one zone is empty while another holds >=50% of world-establishing scenes
    ok 3 - THEME_ESTABLISH_WORLD_ZONE_IMBALANCE fires when one zone is empty while another holds >=50% of world-establishing scenes
      ---
      duration_ms: 0.703883
      type: 'test'
      ...
    # Subtest: THEME_ESTABLISH_WORLD_ZONE_IMBALANCE does not fire when world-establishing scenes touch every zone
    ok 4 - THEME_ESTABLISH_WORLD_ZONE_IMBALANCE does not fire when world-establishing scenes touch every zone
      ---
      duration_ms: 0.714285
      type: 'test'
      ...
    # Subtest: THEME_RESOLUTION_ZONE_IMBALANCE fires when one zone is empty while another holds >=50% of resolution-purposed scenes
    ok 5 - THEME_RESOLUTION_ZONE_IMBALANCE fires when one zone is empty while another holds >=50% of resolution-purposed scenes
      ---
      duration_ms: 0.925967
      type: 'test'
      ...
    # Subtest: THEME_RESOLUTION_ZONE_IMBALANCE does not fire when resolution-purposed scenes touch every zone
    ok 6 - THEME_RESOLUTION_ZONE_IMBALANCE does not fire when resolution-purposed scenes touch every zone
      ---
      duration_ms: 0.814251
      type: 'test'
      ...
    1..6
ok 1932 - Wave 892 — themePass: theme climax zone imbalance, theme establish world zone imbalance, theme resolution zone imbalance
  ---
  duration_ms: 5.385217
  type: 'suite'
  ...
# Subtest: Wave 878 — themePass: theme resolution drought run, theme complicate zone cluster, theme complicate drought run
    # Subtest: THEME_RESOLUTION_DROUGHT_RUN fires when a long run has no resolution-purposed scene
    ok 1 - THEME_RESOLUTION_DROUGHT_RUN fires when a long run has no resolution-purposed scene
      ---
      duration_ms: 0.936415
      type: 'test'
      ...
    # Subtest: THEME_RESOLUTION_DROUGHT_RUN does not fire when resolution-purposed scenes are evenly spread
    ok 2 - THEME_RESOLUTION_DROUGHT_RUN does not fire when resolution-purposed scenes are evenly spread
      ---
      duration_ms: 0.958706
      type: 'test'
      ...
    # Subtest: THEME_COMPLICATE_ZONE_CLUSTER fires when >75% of complicating scenes cluster in one third
    ok 3 - THEME_COMPLICATE_ZONE_CLUSTER fires when >75% of complicating scenes cluster in one third
      ---
      duration_ms: 1.072479
      type: 'test'
      ...
    # Subtest: THEME_COMPLICATE_ZONE_CLUSTER does not fire when complicating scenes spread across thirds
    ok 4 - THEME_COMPLICATE_ZONE_CLUSTER does not fire when complicating scenes spread across thirds
      ---
      duration_ms: 0.779821
      type: 'test'
      ...
    # Subtest: THEME_COMPLICATE_DROUGHT_RUN fires when a long run has no complicating scene
    ok 5 - THEME_COMPLICATE_DROUGHT_RUN fires when a long run has no complicating scene
      ---
      duration_ms: 0.831626
      type: 'test'
      ...
    # Subtest: THEME_COMPLICATE_DROUGHT_RUN does not fire when complicating scenes are evenly spread
    ok 6 - THEME_COMPLICATE_DROUGHT_RUN does not fire when complicating scenes are evenly spread
      ---
      duration_ms: 0.806865
      type: 'test'
      ...
    1..6
ok 1933 - Wave 878 — themePass: theme resolution drought run, theme complicate zone cluster, theme complicate drought run
  ---
  duration_ms: 5.651848
  type: 'suite'
  ...
# Subtest: Wave 864 — themePass: theme climax drought run, theme establish world drought run, theme resolution zone cluster
    # Subtest: THEME_CLIMAX_DROUGHT_RUN fires when a long run has no climax-purposed scene
    ok 1 - THEME_CLIMAX_DROUGHT_RUN fires when a long run has no climax-purposed scene
      ---
      duration_ms: 1.040644
      type: 'test'
      ...
    # Subtest: THEME_CLIMAX_DROUGHT_RUN does not fire when climax-purposed scenes are evenly spread
    ok 2 - THEME_CLIMAX_DROUGHT_RUN does not fire when climax-purposed scenes are evenly spread
      ---
      duration_ms: 0.934003
      type: 'test'
      ...
    # Subtest: THEME_ESTABLISH_WORLD_DROUGHT_RUN fires when a long run has no world-establishing scene
    ok 3 - THEME_ESTABLISH_WORLD_DROUGHT_RUN fires when a long run has no world-establishing scene
      ---
      duration_ms: 0.8441
      type: 'test'
      ...
    # Subtest: THEME_ESTABLISH_WORLD_DROUGHT_RUN does not fire when world-establishing scenes are evenly spread
    ok 4 - THEME_ESTABLISH_WORLD_DROUGHT_RUN does not fire when world-establishing scenes are evenly spread
      ---
      duration_ms: 0.822905
      type: 'test'
      ...
    # Subtest: THEME_RESOLUTION_ZONE_CLUSTER fires when >75% of resolution-purposed scenes cluster in one third
    ok 5 - THEME_RESOLUTION_ZONE_CLUSTER fires when >75% of resolution-purposed scenes cluster in one third
      ---
      duration_ms: 0.696394
      type: 'test'
      ...
    # Subtest: THEME_RESOLUTION_ZONE_CLUSTER does not fire when resolution-purposed scenes spread across thirds
    ok 6 - THEME_RESOLUTION_ZONE_CLUSTER does not fire when resolution-purposed scenes spread across thirds
      ---
      duration_ms: 0.894064
      type: 'test'
      ...
    1..6
ok 1934 - Wave 864 — themePass: theme climax drought run, theme establish world drought run, theme resolution zone cluster
  ---
  duration_ms: 5.498842
  type: 'suite'
  ...
# Subtest: Wave 850 — themePass: theme positive emotion drought run, theme establish world zone cluster, theme climax zone cluster
    # Subtest: THEME_POSITIVE_EMOTION_DROUGHT_RUN fires when a long run has no positive-emotion charge
    ok 1 - THEME_POSITIVE_EMOTION_DROUGHT_RUN fires when a long run has no positive-emotion charge
      ---
      duration_ms: 0.930756
      type: 'test'
      ...
    # Subtest: THEME_POSITIVE_EMOTION_DROUGHT_RUN does not fire when positive-emotion scenes are evenly spread
    ok 2 - THEME_POSITIVE_EMOTION_DROUGHT_RUN does not fire when positive-emotion scenes are evenly spread
      ---
      duration_ms: 0.881098
      type: 'test'
      ...
    # Subtest: THEME_ESTABLISH_WORLD_ZONE_CLUSTER fires when >75% of world-establishing scenes cluster in one third
    ok 3 - THEME_ESTABLISH_WORLD_ZONE_CLUSTER fires when >75% of world-establishing scenes cluster in one third
      ---
      duration_ms: 0.758941
      type: 'test'
      ...
    # Subtest: THEME_ESTABLISH_WORLD_ZONE_CLUSTER does not fire when world-establishing scenes spread across thirds
    ok 4 - THEME_ESTABLISH_WORLD_ZONE_CLUSTER does not fire when world-establishing scenes spread across thirds
      ---
      duration_ms: 0.741697
      type: 'test'
      ...
    # Subtest: THEME_CLIMAX_ZONE_CLUSTER fires when >75% of climax-purposed scenes cluster in one third
    ok 5 - THEME_CLIMAX_ZONE_CLUSTER fires when >75% of climax-purposed scenes cluster in one third
      ---
      duration_ms: 0.83406
      type: 'test'
      ...
    # Subtest: THEME_CLIMAX_ZONE_CLUSTER does not fire when climax-purposed scenes spread across thirds
    ok 6 - THEME_CLIMAX_ZONE_CLUSTER does not fire when climax-purposed scenes spread across thirds
      ---
      duration_ms: 0.695904
      type: 'test'
      ...
    1..6
ok 1935 - Wave 850 — themePass: theme positive emotion drought run, theme establish world zone cluster, theme climax zone cluster
  ---
  duration_ms: 5.126538
  type: 'suite'
  ...
# Subtest: Wave 836 — themePass: theme turning point drought run, theme introduce conflict drought run, theme positive emotion zone cluster
    # Subtest: THEME_TURNING_POINT_DROUGHT_RUN fires when a long run has no turning point
    ok 1 - THEME_TURNING_POINT_DROUGHT_RUN fires when a long run has no turning point
      ---
      duration_ms: 1.150434
      type: 'test'
      ...
    # Subtest: THEME_TURNING_POINT_DROUGHT_RUN does not fire when turning points are evenly spread
    ok 2 - THEME_TURNING_POINT_DROUGHT_RUN does not fire when turning points are evenly spread
      ---
      duration_ms: 0.803878
      type: 'test'
      ...
    # Subtest: THEME_INTRODUCE_CONFLICT_DROUGHT_RUN fires when a long run has no new conflict
    ok 3 - THEME_INTRODUCE_CONFLICT_DROUGHT_RUN fires when a long run has no new conflict
      ---
      duration_ms: 0.853796
      type: 'test'
      ...
    # Subtest: THEME_INTRODUCE_CONFLICT_DROUGHT_RUN does not fire when conflict-introducing scenes are evenly spread
    ok 4 - THEME_INTRODUCE_CONFLICT_DROUGHT_RUN does not fire when conflict-introducing scenes are evenly spread
      ---
      duration_ms: 0.762003
      type: 'test'
      ...
    # Subtest: THEME_POSITIVE_EMOTION_ZONE_CLUSTER fires when >75% of positive-emotion scenes cluster in one third
    ok 5 - THEME_POSITIVE_EMOTION_ZONE_CLUSTER fires when >75% of positive-emotion scenes cluster in one third
      ---
      duration_ms: 0.961559
      type: 'test'
      ...
    # Subtest: THEME_POSITIVE_EMOTION_ZONE_CLUSTER does not fire when positive-emotion scenes spread across thirds
    ok 6 - THEME_POSITIVE_EMOTION_ZONE_CLUSTER does not fire when positive-emotion scenes spread across thirds
      ---
      duration_ms: 0.758357
      type: 'test'
      ...
    1..6
ok 1936 - Wave 836 — themePass: theme turning point drought run, theme introduce conflict drought run, theme positive emotion zone cluster
  ---
  duration_ms: 5.588068
  type: 'suite'
  ...
# Subtest: Wave 822 — themePass: theme stakes drought run, theme turning point zone cluster, theme introduce conflict zone cluster
    # Subtest: THEME_STAKES_DROUGHT_RUN fires when a long run has no stakes-raising purpose
    ok 1 - THEME_STAKES_DROUGHT_RUN fires when a long run has no stakes-raising purpose
      ---
      duration_ms: 0.975801
      type: 'test'
      ...
    # Subtest: THEME_STAKES_DROUGHT_RUN does not fire when stakes-raising scenes are evenly spread
    ok 2 - THEME_STAKES_DROUGHT_RUN does not fire when stakes-raising scenes are evenly spread
      ---
      duration_ms: 0.89995
      type: 'test'
      ...
    # Subtest: THEME_TURNING_POINT_ZONE_CLUSTER fires when >75% of turning-point scenes cluster in one third
    ok 3 - THEME_TURNING_POINT_ZONE_CLUSTER fires when >75% of turning-point scenes cluster in one third
      ---
      duration_ms: 0.770731
      type: 'test'
      ...
    # Subtest: THEME_TURNING_POINT_ZONE_CLUSTER does not fire when turning-point scenes spread across thirds
    ok 4 - THEME_TURNING_POINT_ZONE_CLUSTER does not fire when turning-point scenes spread across thirds
      ---
      duration_ms: 0.732719
      type: 'test'
      ...
    # Subtest: THEME_INTRODUCE_CONFLICT_ZONE_CLUSTER fires when >75% of conflict-introducing scenes cluster in one third
    ok 5 - THEME_INTRODUCE_CONFLICT_ZONE_CLUSTER fires when >75% of conflict-introducing scenes cluster in one third
      ---
      duration_ms: 0.838825
      type: 'test'
      ...
    # Subtest: THEME_INTRODUCE_CONFLICT_ZONE_CLUSTER does not fire when conflict-introducing scenes spread across thirds
    ok 6 - THEME_INTRODUCE_CONFLICT_ZONE_CLUSTER does not fire when conflict-introducing scenes spread across thirds
      ---
      duration_ms: 0.778583
      type: 'test'
      ...
    1..6
ok 1937 - Wave 822 — themePass: theme stakes drought run, theme turning point zone cluster, theme introduce conflict zone cluster
  ---
  duration_ms: 5.275446
  type: 'suite'
  ...
# Subtest: Wave 808 — themePass: theme revelation peak uncaused, theme negative emotion drought run, theme stakes zone cluster
    # Subtest: THEME_REVELATION_PEAK_UNCAUSED fires when the revelation scene has no dramatic turn nearby
    ok 1 - THEME_REVELATION_PEAK_UNCAUSED fires when the revelation scene has no dramatic turn nearby
      ---
      duration_ms: 0.709651
      type: 'test'
      ...
    # Subtest: THEME_REVELATION_PEAK_UNCAUSED does not fire when a dramatic turn precedes the revelation scene
    ok 2 - THEME_REVELATION_PEAK_UNCAUSED does not fire when a dramatic turn precedes the revelation scene
      ---
      duration_ms: 0.831465
      type: 'test'
      ...
    # Subtest: THEME_NEGATIVE_EMOTION_DROUGHT_RUN fires when a long run has no negative-emotion charge
    ok 3 - THEME_NEGATIVE_EMOTION_DROUGHT_RUN fires when a long run has no negative-emotion charge
      ---
      duration_ms: 0.967355
      type: 'test'
      ...
    # Subtest: THEME_NEGATIVE_EMOTION_DROUGHT_RUN does not fire when negative-emotion scenes are evenly spread
    ok 4 - THEME_NEGATIVE_EMOTION_DROUGHT_RUN does not fire when negative-emotion scenes are evenly spread
      ---
      duration_ms: 1.60462
      type: 'test'
      ...
    # Subtest: THEME_STAKES_ZONE_CLUSTER fires when >75% of stakes-raising scenes cluster in one third
    ok 5 - THEME_STAKES_ZONE_CLUSTER fires when >75% of stakes-raising scenes cluster in one third
      ---
      duration_ms: 0.812807
      type: 'test'
      ...
    # Subtest: THEME_STAKES_ZONE_CLUSTER does not fire when stakes-raising scenes spread across thirds
    ok 6 - THEME_STAKES_ZONE_CLUSTER does not fire when stakes-raising scenes spread across thirds
      ---
      duration_ms: 0.641423
      type: 'test'
      ...
    1..6
ok 1938 - Wave 808 — themePass: theme revelation peak uncaused, theme negative emotion drought run, theme stakes zone cluster
  ---
  duration_ms: 5.860824
  type: 'suite'
  ...
# Subtest: Wave 794 — themePass: theme revelation zone cluster, theme revelation drought run, theme negative emotion zone cluster
    # Subtest: THEME_REVELATION_ZONE_CLUSTER fires when >75% of revelation scenes cluster in one third
    ok 1 - THEME_REVELATION_ZONE_CLUSTER fires when >75% of revelation scenes cluster in one third
      ---
      duration_ms: 0.827511
      type: 'test'
      ...
    # Subtest: THEME_REVELATION_ZONE_CLUSTER does not fire when revelation scenes spread across thirds
    ok 2 - THEME_REVELATION_ZONE_CLUSTER does not fire when revelation scenes spread across thirds
      ---
      duration_ms: 0.741656
      type: 'test'
      ...
    # Subtest: THEME_REVELATION_DROUGHT_RUN fires when a long run has no revelation
    ok 3 - THEME_REVELATION_DROUGHT_RUN fires when a long run has no revelation
      ---
      duration_ms: 1.179166
      type: 'test'
      ...
    # Subtest: THEME_REVELATION_DROUGHT_RUN does not fire when revelations are evenly spread
    ok 4 - THEME_REVELATION_DROUGHT_RUN does not fire when revelations are evenly spread
      ---
      duration_ms: 0.859467
      type: 'test'
      ...
    # Subtest: THEME_NEGATIVE_EMOTION_ZONE_CLUSTER fires when >75% of negative-emotion scenes cluster in one third
    ok 5 - THEME_NEGATIVE_EMOTION_ZONE_CLUSTER fires when >75% of negative-emotion scenes cluster in one third
      ---
      duration_ms: 0.777795
      type: 'test'
      ...
    # Subtest: THEME_NEGATIVE_EMOTION_ZONE_CLUSTER does not fire when negative-emotion scenes spread across thirds
    ok 6 - THEME_NEGATIVE_EMOTION_ZONE_CLUSTER does not fire when negative-emotion scenes spread across thirds
      ---
      duration_ms: 0.672107
      type: 'test'
      ...
    1..6
ok 1939 - Wave 794 — themePass: theme revelation zone cluster, theme revelation drought run, theme negative emotion zone cluster
  ---
  duration_ms: 5.315175
  type: 'suite'
  ...
# Subtest: Wave 780 — themePass: theme suspense drought run, theme curiosity drought run, theme curiosity peak uncaused
    # Subtest: THEME_SUSPENSE_DROUGHT_RUN fires when a long run has no rising suspense
    ok 1 - THEME_SUSPENSE_DROUGHT_RUN fires when a long run has no rising suspense
      ---
      duration_ms: 1.08926
      type: 'test'
      ...
    # Subtest: THEME_SUSPENSE_DROUGHT_RUN does not fire when suspense rises are evenly spread
    ok 2 - THEME_SUSPENSE_DROUGHT_RUN does not fire when suspense rises are evenly spread
      ---
      duration_ms: 0.806921
      type: 'test'
      ...
    # Subtest: THEME_CURIOSITY_DROUGHT_RUN fires when a long run has no rising curiosity
    ok 3 - THEME_CURIOSITY_DROUGHT_RUN fires when a long run has no rising curiosity
      ---
      duration_ms: 0.862407
      type: 'test'
      ...
    # Subtest: THEME_CURIOSITY_DROUGHT_RUN does not fire when curiosity rises are evenly spread
    ok 4 - THEME_CURIOSITY_DROUGHT_RUN does not fire when curiosity rises are evenly spread
      ---
      duration_ms: 0.69692
      type: 'test'
      ...
    # Subtest: THEME_CURIOSITY_PEAK_UNCAUSED fires when the peak curiosity scene has no preparing cause nearby
    ok 5 - THEME_CURIOSITY_PEAK_UNCAUSED fires when the peak curiosity scene has no preparing cause nearby
      ---
      duration_ms: 0.768466
      type: 'test'
      ...
    # Subtest: THEME_CURIOSITY_PEAK_UNCAUSED does not fire when a preparing cause precedes the peak curiosity scene
    ok 6 - THEME_CURIOSITY_PEAK_UNCAUSED does not fire when a preparing cause precedes the peak curiosity scene
      ---
      duration_ms: 0.725254
      type: 'test'
      ...
    1..6
ok 1940 - Wave 780 — themePass: theme suspense drought run, theme curiosity drought run, theme curiosity peak uncaused
  ---
  duration_ms: 5.235264
  type: 'suite'
  ...
# Subtest: Wave 766 — themePass: theme suspense zone cluster, theme curiosity zone cluster, theme suspense peak uncaused
    # Subtest: THEME_SUSPENSE_ZONE_CLUSTER fires when >75% of suspense-positive scenes cluster in one third
    ok 1 - THEME_SUSPENSE_ZONE_CLUSTER fires when >75% of suspense-positive scenes cluster in one third
      ---
      duration_ms: 0.767024
      type: 'test'
      ...
    # Subtest: THEME_SUSPENSE_ZONE_CLUSTER does not fire when suspense-positive scenes spread across thirds
    ok 2 - THEME_SUSPENSE_ZONE_CLUSTER does not fire when suspense-positive scenes spread across thirds
      ---
      duration_ms: 0.588142
      type: 'test'
      ...
    # Subtest: THEME_CURIOSITY_ZONE_CLUSTER fires when >75% of curiosity-positive scenes cluster in one third
    ok 3 - THEME_CURIOSITY_ZONE_CLUSTER fires when >75% of curiosity-positive scenes cluster in one third
      ---
      duration_ms: 0.702479
      type: 'test'
      ...
    # Subtest: THEME_CURIOSITY_ZONE_CLUSTER does not fire when curiosity-positive scenes spread across thirds
    ok 4 - THEME_CURIOSITY_ZONE_CLUSTER does not fire when curiosity-positive scenes spread across thirds
      ---
      duration_ms: 1.968552
      type: 'test'
      ...
    # Subtest: THEME_SUSPENSE_PEAK_UNCAUSED fires when the peak suspense scene has no preparing cause nearby
    ok 5 - THEME_SUSPENSE_PEAK_UNCAUSED fires when the peak suspense scene has no preparing cause nearby
      ---
      duration_ms: 0.623229
      type: 'test'
      ...
    # Subtest: THEME_SUSPENSE_PEAK_UNCAUSED does not fire when a preparing cause precedes the peak suspense scene
    ok 6 - THEME_SUSPENSE_PEAK_UNCAUSED does not fire when a preparing cause precedes the peak suspense scene
      ---
      duration_ms: 0.597151
      type: 'test'
      ...
    1..6
ok 1941 - Wave 766 — themePass: theme suspense zone cluster, theme curiosity zone cluster, theme suspense peak uncaused
  ---
  duration_ms: 5.544868
  type: 'suite'
  ...
# Subtest: Wave 752 — themePass: theme clock delta zone cluster, theme turn drought run, theme character moment drought run
    # Subtest: THEME_CLOCK_DELTA_ZONE_CLUSTER fires when >75% of clock-shifting scenes cluster in one third
    ok 1 - THEME_CLOCK_DELTA_ZONE_CLUSTER fires when >75% of clock-shifting scenes cluster in one third
      ---
      duration_ms: 0.807018
      type: 'test'
      ...
    # Subtest: THEME_CLOCK_DELTA_ZONE_CLUSTER does not fire when clock movement is distributed across thirds
    ok 2 - THEME_CLOCK_DELTA_ZONE_CLUSTER does not fire when clock movement is distributed across thirds
      ---
      duration_ms: 0.805345
      type: 'test'
      ...
    # Subtest: THEME_TURN_DROUGHT_RUN fires when the longest no-dramatic-turn run reaches 6
    ok 3 - THEME_TURN_DROUGHT_RUN fires when the longest no-dramatic-turn run reaches 6
      ---
      duration_ms: 0.758677
      type: 'test'
      ...
    # Subtest: THEME_TURN_DROUGHT_RUN does not fire when dramatic turns are spread through the story
    ok 4 - THEME_TURN_DROUGHT_RUN does not fire when dramatic turns are spread through the story
      ---
      duration_ms: 0.753353
      type: 'test'
      ...
    # Subtest: THEME_CHARACTER_MOMENT_DROUGHT_RUN fires when the longest no-character-moment run reaches 6
    ok 5 - THEME_CHARACTER_MOMENT_DROUGHT_RUN fires when the longest no-character-moment run reaches 6
      ---
      duration_ms: 0.762978
      type: 'test'
      ...
    # Subtest: THEME_CHARACTER_MOMENT_DROUGHT_RUN does not fire when character moments are spread through the story
    ok 6 - THEME_CHARACTER_MOMENT_DROUGHT_RUN does not fire when character moments are spread through the story
      ---
      duration_ms: 0.685735
      type: 'test'
      ...
    1..6
ok 1942 - Wave 752 — themePass: theme clock delta zone cluster, theme turn drought run, theme character moment drought run
  ---
  duration_ms: 4.826559
  type: 'suite'
  ...
# Subtest: Wave 738 — themePass: theme highlight zone cluster, theme relationship zone cluster, theme clock delta drought run
    # Subtest: THEME_HIGHLIGHT_ZONE_CLUSTER fires when >75% of highlighted-dialogue scenes cluster in one third
    ok 1 - THEME_HIGHLIGHT_ZONE_CLUSTER fires when >75% of highlighted-dialogue scenes cluster in one third
      ---
      duration_ms: 0.871412
      type: 'test'
      ...
    # Subtest: THEME_HIGHLIGHT_ZONE_CLUSTER does not fire when highlighted dialogue is distributed across thirds
    ok 2 - THEME_HIGHLIGHT_ZONE_CLUSTER does not fire when highlighted dialogue is distributed across thirds
      ---
      duration_ms: 0.730061
      type: 'test'
      ...
    # Subtest: THEME_RELATIONSHIP_ZONE_CLUSTER fires when >75% of relationship-shift scenes cluster in one third
    ok 3 - THEME_RELATIONSHIP_ZONE_CLUSTER fires when >75% of relationship-shift scenes cluster in one third
      ---
      duration_ms: 17.906642
      type: 'test'
      ...
    # Subtest: THEME_RELATIONSHIP_ZONE_CLUSTER does not fire when relationship-shift scenes are distributed across thirds
    ok 4 - THEME_RELATIONSHIP_ZONE_CLUSTER does not fire when relationship-shift scenes are distributed across thirds
      ---
      duration_ms: 0.923283
      type: 'test'
      ...
    # Subtest: THEME_CLOCK_DELTA_DROUGHT_RUN fires when the longest no-clock-movement run reaches 6
    ok 5 - THEME_CLOCK_DELTA_DROUGHT_RUN fires when the longest no-clock-movement run reaches 6
      ---
      duration_ms: 0.968132
      type: 'test'
      ...
    # Subtest: THEME_CLOCK_DELTA_DROUGHT_RUN does not fire when clock movement is spread through the story
    ok 6 - THEME_CLOCK_DELTA_DROUGHT_RUN does not fire when clock movement is spread through the story
      ---
      duration_ms: 0.764563
      type: 'test'
      ...
    1..6
ok 1943 - Wave 738 — themePass: theme highlight zone cluster, theme relationship zone cluster, theme clock delta drought run
  ---
  duration_ms: 22.444931
  type: 'suite'
  ...
# Subtest: Wave 724 — themePass: theme open thread zone cluster, theme highlight peak uncaused, theme relationship drought run
    # Subtest: THEME_OPEN_THREAD_ZONE_CLUSTER fires when >75% of open-thread scenes cluster in one third
    ok 1 - THEME_OPEN_THREAD_ZONE_CLUSTER fires when >75% of open-thread scenes cluster in one third
      ---
      duration_ms: 0.853627
      type: 'test'
      ...
    # Subtest: THEME_OPEN_THREAD_ZONE_CLUSTER does not fire when open-thread scenes are distributed across thirds
    ok 2 - THEME_OPEN_THREAD_ZONE_CLUSTER does not fire when open-thread scenes are distributed across thirds
      ---
      duration_ms: 0.711851
      type: 'test'
      ...
    # Subtest: THEME_HIGHLIGHT_PEAK_UNCAUSED fires when the peak highlighted-dialogue scene has no dramatic turn or revelation nearby
    ok 3 - THEME_HIGHLIGHT_PEAK_UNCAUSED fires when the peak highlighted-dialogue scene has no dramatic turn or revelation nearby
      ---
      duration_ms: 0.710724
      type: 'test'
      ...
    # Subtest: THEME_HIGHLIGHT_PEAK_UNCAUSED does not fire when a dramatic turn precedes the peak within the lookback
    ok 4 - THEME_HIGHLIGHT_PEAK_UNCAUSED does not fire when a dramatic turn precedes the peak within the lookback
      ---
      duration_ms: 0.708266
      type: 'test'
      ...
    # Subtest: THEME_RELATIONSHIP_DROUGHT_RUN fires when the longest no-shift run is ≥6
    ok 5 - THEME_RELATIONSHIP_DROUGHT_RUN fires when the longest no-shift run is ≥6
      ---
      duration_ms: 0.838871
      type: 'test'
      ...
    # Subtest: THEME_RELATIONSHIP_DROUGHT_RUN does not fire when shifts are distributed without a long drought
    ok 6 - THEME_RELATIONSHIP_DROUGHT_RUN does not fire when shifts are distributed without a long drought
      ---
      duration_ms: 0.777566
      type: 'test'
      ...
    1..6
ok 1944 - Wave 724 — themePass: theme open thread zone cluster, theme highlight peak uncaused, theme relationship drought run
  ---
  duration_ms: 4.855761
  type: 'suite'
  ...
# Subtest: Wave 710 — themePass: theme clock zone cluster, theme open thread drought run, theme seed peak uncaused
    # Subtest: THEME_CLOCK_ZONE_CLUSTER fires when >75% of clock-raised scenes cluster in one third
    ok 1 - THEME_CLOCK_ZONE_CLUSTER fires when >75% of clock-raised scenes cluster in one third
      ---
      duration_ms: 0.803882
      type: 'test'
      ...
    # Subtest: THEME_CLOCK_ZONE_CLUSTER does not fire when clock-raised scenes are distributed across thirds
    ok 2 - THEME_CLOCK_ZONE_CLUSTER does not fire when clock-raised scenes are distributed across thirds
      ---
      duration_ms: 0.714003
      type: 'test'
      ...
    # Subtest: THEME_OPEN_THREAD_DROUGHT_RUN fires when the longest no-open-thread run is ≥6
    ok 3 - THEME_OPEN_THREAD_DROUGHT_RUN fires when the longest no-open-thread run is ≥6
      ---
      duration_ms: 0.897538
      type: 'test'
      ...
    # Subtest: THEME_OPEN_THREAD_DROUGHT_RUN does not fire when open threads are distributed without a long drought
    ok 4 - THEME_OPEN_THREAD_DROUGHT_RUN does not fire when open threads are distributed without a long drought
      ---
      duration_ms: 0.986158
      type: 'test'
      ...
    # Subtest: THEME_SEED_PEAK_UNCAUSED fires when the peak seed scene has no dramatic turn or revelation nearby
    ok 5 - THEME_SEED_PEAK_UNCAUSED fires when the peak seed scene has no dramatic turn or revelation nearby
      ---
      duration_ms: 0.846488
      type: 'test'
      ...
    # Subtest: THEME_SEED_PEAK_UNCAUSED does not fire when a dramatic turn precedes the peak within the lookback
    ok 6 - THEME_SEED_PEAK_UNCAUSED does not fire when a dramatic turn precedes the peak within the lookback
      ---
      duration_ms: 0.704795
      type: 'test'
      ...
    1..6
ok 1945 - Wave 710 — themePass: theme clock zone cluster, theme open thread drought run, theme seed peak uncaused
  ---
  duration_ms: 5.201427
  type: 'suite'
  ...
# Subtest: Wave 696 — themePass: theme staging zone cluster, theme payoff peak uncaused, theme seed drought run
    # Subtest: THEME_STAGING_ZONE_CLUSTER fires when >75% of visually dense scenes cluster in one third
    ok 1 - THEME_STAGING_ZONE_CLUSTER fires when >75% of visually dense scenes cluster in one third
      ---
      duration_ms: 0.921456
      type: 'test'
      ...
    # Subtest: THEME_STAGING_ZONE_CLUSTER does not fire when visually dense scenes are distributed across thirds
    ok 2 - THEME_STAGING_ZONE_CLUSTER does not fire when visually dense scenes are distributed across thirds
      ---
      duration_ms: 0.726044
      type: 'test'
      ...
    # Subtest: THEME_PAYOFF_PEAK_UNCAUSED fires when the peak payoff scene has no dramatic turn or revelation nearby
    ok 3 - THEME_PAYOFF_PEAK_UNCAUSED fires when the peak payoff scene has no dramatic turn or revelation nearby
      ---
      duration_ms: 0.652824
      type: 'test'
      ...
    # Subtest: THEME_PAYOFF_PEAK_UNCAUSED does not fire when a dramatic turn precedes the peak within the lookback
    ok 4 - THEME_PAYOFF_PEAK_UNCAUSED does not fire when a dramatic turn precedes the peak within the lookback
      ---
      duration_ms: 0.801939
      type: 'test'
      ...
    # Subtest: THEME_SEED_DROUGHT_RUN fires when the longest no-seed run is ≥6
    ok 5 - THEME_SEED_DROUGHT_RUN fires when the longest no-seed run is ≥6
      ---
      duration_ms: 0.859514
      type: 'test'
      ...
    # Subtest: THEME_SEED_DROUGHT_RUN does not fire when seeds are distributed without a long drought
    ok 6 - THEME_SEED_DROUGHT_RUN does not fire when seeds are distributed without a long drought
      ---
      duration_ms: 0.757457
      type: 'test'
      ...
    1..6
ok 1946 - Wave 696 — themePass: theme staging zone cluster, theme payoff peak uncaused, theme seed drought run
  ---
  duration_ms: 4.967026
  type: 'suite'
  ...
# Subtest: Wave 682 — themePass: theme clock delta peak uncaused, theme staging drought run, theme character moment zone cluster
    # Subtest: THEME_CLOCK_DELTA_PEAK_UNCAUSED fires when the peak clock-delta scene has no dramatic turn or revelation nearby
    ok 1 - THEME_CLOCK_DELTA_PEAK_UNCAUSED fires when the peak clock-delta scene has no dramatic turn or revelation nearby
      ---
      duration_ms: 0.805198
      type: 'test'
      ...
    # Subtest: THEME_CLOCK_DELTA_PEAK_UNCAUSED does not fire when a revelation precedes the peak within the lookback
    ok 2 - THEME_CLOCK_DELTA_PEAK_UNCAUSED does not fire when a revelation precedes the peak within the lookback
      ---
      duration_ms: 0.738024
      type: 'test'
      ...
    # Subtest: THEME_STAGING_DROUGHT_RUN fires when the longest no-visual-beat run is ≥6
    ok 3 - THEME_STAGING_DROUGHT_RUN fires when the longest no-visual-beat run is ≥6
      ---
      duration_ms: 0.715955
      type: 'test'
      ...
    # Subtest: THEME_STAGING_DROUGHT_RUN does not fire when visual beats are distributed without a long drought
    ok 4 - THEME_STAGING_DROUGHT_RUN does not fire when visual beats are distributed without a long drought
      ---
      duration_ms: 0.844683
      type: 'test'
      ...
    # Subtest: THEME_CHARACTER_MOMENT_ZONE_CLUSTER fires when >75% of character-moment scenes cluster in one third
    ok 5 - THEME_CHARACTER_MOMENT_ZONE_CLUSTER fires when >75% of character-moment scenes cluster in one third
      ---
      duration_ms: 0.727177
      type: 'test'
      ...
    # Subtest: THEME_CHARACTER_MOMENT_ZONE_CLUSTER does not fire when character-moment scenes are distributed across thirds
    ok 6 - THEME_CHARACTER_MOMENT_ZONE_CLUSTER does not fire when character-moment scenes are distributed across thirds
      ---
      duration_ms: 0.675334
      type: 'test'
      ...
    1..6
ok 1947 - Wave 682 — themePass: theme clock delta peak uncaused, theme staging drought run, theme character moment zone cluster
  ---
  duration_ms: 4.749262
  type: 'suite'
  ...
# Subtest: Wave 668 — themePass: theme relationship peak uncaused, theme payoff drought run, theme turn zone cluster
    # Subtest: THEME_RELATIONSHIP_PEAK_UNCAUSED fires when the peak relationship-shift scene has no dramatic turn or revelation nearby
    ok 1 - THEME_RELATIONSHIP_PEAK_UNCAUSED fires when the peak relationship-shift scene has no dramatic turn or revelation nearby
      ---
      duration_ms: 0.832659
      type: 'test'
      ...
    # Subtest: THEME_RELATIONSHIP_PEAK_UNCAUSED does not fire when a dramatic turn precedes the peak within the lookback
    ok 2 - THEME_RELATIONSHIP_PEAK_UNCAUSED does not fire when a dramatic turn precedes the peak within the lookback
      ---
      duration_ms: 0.655485
      type: 'test'
      ...
    # Subtest: THEME_PAYOFF_DROUGHT_RUN fires when the longest no-payoff run is ≥6
    ok 3 - THEME_PAYOFF_DROUGHT_RUN fires when the longest no-payoff run is ≥6
      ---
      duration_ms: 0.871045
      type: 'test'
      ...
    # Subtest: THEME_PAYOFF_DROUGHT_RUN does not fire when payoffs are distributed without a long drought
    ok 4 - THEME_PAYOFF_DROUGHT_RUN does not fire when payoffs are distributed without a long drought
      ---
      duration_ms: 0.792685
      type: 'test'
      ...
    # Subtest: THEME_TURN_ZONE_CLUSTER fires when >75% of dramatic-turn scenes cluster in one third
    ok 5 - THEME_TURN_ZONE_CLUSTER fires when >75% of dramatic-turn scenes cluster in one third
      ---
      duration_ms: 0.730709
      type: 'test'
      ...
    # Subtest: THEME_TURN_ZONE_CLUSTER does not fire when dramatic-turn scenes are distributed across thirds
    ok 6 - THEME_TURN_ZONE_CLUSTER does not fire when dramatic-turn scenes are distributed across thirds
      ---
      duration_ms: 0.690443
      type: 'test'
      ...
    1..6
ok 1948 - Wave 668 — themePass: theme relationship peak uncaused, theme payoff drought run, theme turn zone cluster
  ---
  duration_ms: 4.821799
  type: 'suite'
  ...
# Subtest: Wave 654 — themePass: theme open thread peak uncaused, theme highlight drought run, theme seed zone cluster
    # Subtest: THEME_OPEN_THREAD_PEAK_UNCAUSED fires when the peak open-thread scene has no dramatic turn or revelation nearby
    ok 1 - THEME_OPEN_THREAD_PEAK_UNCAUSED fires when the peak open-thread scene has no dramatic turn or revelation nearby
      ---
      duration_ms: 0.713536
      type: 'test'
      ...
    # Subtest: THEME_OPEN_THREAD_PEAK_UNCAUSED does not fire when a dramatic turn precedes the peak within the lookback
    ok 2 - THEME_OPEN_THREAD_PEAK_UNCAUSED does not fire when a dramatic turn precedes the peak within the lookback
      ---
      duration_ms: 0.766568
      type: 'test'
      ...
    # Subtest: THEME_HIGHLIGHT_DROUGHT_RUN fires when the longest no-highlighted-dialogue run is ≥6
    ok 3 - THEME_HIGHLIGHT_DROUGHT_RUN fires when the longest no-highlighted-dialogue run is ≥6
      ---
      duration_ms: 0.796778
      type: 'test'
      ...
    # Subtest: THEME_HIGHLIGHT_DROUGHT_RUN does not fire when highlighted dialogue is distributed without a long drought
    ok 4 - THEME_HIGHLIGHT_DROUGHT_RUN does not fire when highlighted dialogue is distributed without a long drought
      ---
      duration_ms: 0.744666
      type: 'test'
      ...
    # Subtest: THEME_SEED_ZONE_CLUSTER fires when >75% of seed scenes cluster in one third
    ok 5 - THEME_SEED_ZONE_CLUSTER fires when >75% of seed scenes cluster in one third
      ---
      duration_ms: 0.737144
      type: 'test'
      ...
    # Subtest: THEME_SEED_ZONE_CLUSTER does not fire when seed scenes are distributed across thirds
    ok 6 - THEME_SEED_ZONE_CLUSTER does not fire when seed scenes are distributed across thirds
      ---
      duration_ms: 0.695034
      type: 'test'
      ...
    1..6
ok 1949 - Wave 654 — themePass: theme open thread peak uncaused, theme highlight drought run, theme seed zone cluster
  ---
  duration_ms: 4.698814
  type: 'suite'
  ...
# Subtest: Wave 640 — themePass: theme clock drought run, theme staging peak uncaused, theme payoff zone cluster
    # Subtest: THEME_CLOCK_DROUGHT_RUN fires when the longest no-clock run is ≥6
    ok 1 - THEME_CLOCK_DROUGHT_RUN fires when the longest no-clock run is ≥6
      ---
      duration_ms: 0.972334
      type: 'test'
      ...
    # Subtest: THEME_CLOCK_DROUGHT_RUN does not fire when clock raises are distributed without a long drought
    ok 2 - THEME_CLOCK_DROUGHT_RUN does not fire when clock raises are distributed without a long drought
      ---
      duration_ms: 0.801095
      type: 'test'
      ...
    # Subtest: THEME_STAGING_PEAK_UNCAUSED fires when the peak physical-staging scene has no revelation or dramatic turn nearby
    ok 3 - THEME_STAGING_PEAK_UNCAUSED fires when the peak physical-staging scene has no revelation or dramatic turn nearby
      ---
      duration_ms: 0.724918
      type: 'test'
      ...
    # Subtest: THEME_STAGING_PEAK_UNCAUSED does not fire when a dramatic turn precedes the peak within the lookback
    ok 4 - THEME_STAGING_PEAK_UNCAUSED does not fire when a dramatic turn precedes the peak within the lookback
      ---
      duration_ms: 0.714293
      type: 'test'
      ...
    # Subtest: THEME_PAYOFF_ZONE_CLUSTER fires when >75% of payoff scenes cluster in one third
    ok 5 - THEME_PAYOFF_ZONE_CLUSTER fires when >75% of payoff scenes cluster in one third
      ---
      duration_ms: 0.686418
      type: 'test'
      ...
    # Subtest: THEME_PAYOFF_ZONE_CLUSTER does not fire when payoff scenes are distributed across thirds
    ok 6 - THEME_PAYOFF_ZONE_CLUSTER does not fire when payoff scenes are distributed across thirds
      ---
      duration_ms: 1.176161
      type: 'test'
      ...
    1..6
ok 1950 - Wave 640 — themePass: theme clock drought run, theme staging peak uncaused, theme payoff zone cluster
  ---
  duration_ms: 5.425058
  type: 'suite'
  ...
# Subtest: Wave 626 — themePass: theme payoff staging decoupled, theme seed dialogue highlight aftermath void, theme payoff zone imbalance
    # Subtest: THEME_PAYOFF_STAGING_DECOUPLED fires when payoff scenes and visually-staged scenes never overlap
    ok 1 - THEME_PAYOFF_STAGING_DECOUPLED fires when payoff scenes and visually-staged scenes never overlap
      ---
      duration_ms: 0.722515
      type: 'test'
      ...
    # Subtest: THEME_PAYOFF_STAGING_DECOUPLED does not fire when a scene carries both signals
    ok 2 - THEME_PAYOFF_STAGING_DECOUPLED does not fire when a scene carries both signals
      ---
      duration_ms: 0.567937
      type: 'test'
      ...
    # Subtest: THEME_SEED_DIALOGUE_HIGHLIGHT_AFTERMATH_VOID fires when no seed is followed by a dialogue highlight within 2 scenes
    ok 3 - THEME_SEED_DIALOGUE_HIGHLIGHT_AFTERMATH_VOID fires when no seed is followed by a dialogue highlight within 2 scenes
      ---
      duration_ms: 0.749917
      type: 'test'
      ...
    # Subtest: THEME_SEED_DIALOGUE_HIGHLIGHT_AFTERMATH_VOID does not fire when a trigger window contains a dialogue highlight
    ok 4 - THEME_SEED_DIALOGUE_HIGHLIGHT_AFTERMATH_VOID does not fire when a trigger window contains a dialogue highlight
      ---
      duration_ms: 0.705971
      type: 'test'
      ...
    # Subtest: THEME_PAYOFF_ZONE_IMBALANCE fires when one zone is empty of payoffs while another is bloated
    ok 5 - THEME_PAYOFF_ZONE_IMBALANCE fires when one zone is empty of payoffs while another is bloated
      ---
      duration_ms: 0.949096
      type: 'test'
      ...
    # Subtest: THEME_PAYOFF_ZONE_IMBALANCE does not fire when payoffs are spread across all zones
    ok 6 - THEME_PAYOFF_ZONE_IMBALANCE does not fire when payoffs are spread across all zones
      ---
      duration_ms: 0.678861
      type: 'test'
      ...
    1..6
ok 1951 - Wave 626 — themePass: theme payoff staging decoupled, theme seed dialogue highlight aftermath void, theme payoff zone imbalance
  ---
  duration_ms: 4.613214
  type: 'suite'
  ...
# Subtest: Wave 612 — themePass: visual beat decoupled, visual beat zone imbalance, visual beat aftermath silent
    # Subtest: THEME_VISUAL_BEAT_DECOUPLED fires when no visually-staged scene is thematically resonant
    ok 1 - THEME_VISUAL_BEAT_DECOUPLED fires when no visually-staged scene is thematically resonant
      ---
      duration_ms: 1.008829
      type: 'test'
      ...
    # Subtest: THEME_VISUAL_BEAT_DECOUPLED does not fire when a visually-staged scene is also resonant
    ok 2 - THEME_VISUAL_BEAT_DECOUPLED does not fire when a visually-staged scene is also resonant
      ---
      duration_ms: 0.721118
      type: 'test'
      ...
    # Subtest: THEME_VISUAL_BEAT_ZONE_IMBALANCE fires when one zone has zero visually-staged scenes and another has ≥50%
    ok 3 - THEME_VISUAL_BEAT_ZONE_IMBALANCE fires when one zone has zero visually-staged scenes and another has ≥50%
      ---
      duration_ms: 0.953726
      type: 'test'
      ...
    # Subtest: THEME_VISUAL_BEAT_ZONE_IMBALANCE does not fire when visually-staged scenes are spread across all zones
    ok 4 - THEME_VISUAL_BEAT_ZONE_IMBALANCE does not fire when visually-staged scenes are spread across all zones
      ---
      duration_ms: 0.847873
      type: 'test'
      ...
    # Subtest: THEME_VISUAL_BEAT_AFTERMATH_SILENT fires when no visually-staged scene is followed by a resonant scene within 2
    ok 5 - THEME_VISUAL_BEAT_AFTERMATH_SILENT fires when no visually-staged scene is followed by a resonant scene within 2
      ---
      duration_ms: 1.337572
      type: 'test'
      ...
    # Subtest: THEME_VISUAL_BEAT_AFTERMATH_SILENT does not fire when a visually-staged scene is followed by a resonant scene within 2
    ok 6 - THEME_VISUAL_BEAT_AFTERMATH_SILENT does not fire when a visually-staged scene is followed by a resonant scene within 2
      ---
      duration_ms: 1.027228
      type: 'test'
      ...
    1..6
ok 1952 - Wave 612 — themePass: visual beat decoupled, visual beat zone imbalance, visual beat aftermath silent
  ---
  duration_ms: 6.222411
  type: 'suite'
  ...
# Subtest: Wave 598 — themePass: unresolved clue decoupled, unresolved clue zone imbalance, unresolved clue aftermath silent
    # Subtest: THEME_UNRESOLVED_CLUE_DECOUPLED fires when no debt-carrying scene is thematically resonant
    ok 1 - THEME_UNRESOLVED_CLUE_DECOUPLED fires when no debt-carrying scene is thematically resonant
      ---
      duration_ms: 0.965814
      type: 'test'
      ...
    # Subtest: THEME_UNRESOLVED_CLUE_DECOUPLED does not fire when a debt-carrying scene is also resonant
    ok 2 - THEME_UNRESOLVED_CLUE_DECOUPLED does not fire when a debt-carrying scene is also resonant
      ---
      duration_ms: 0.691536
      type: 'test'
      ...
    # Subtest: THEME_UNRESOLVED_CLUE_ZONE_IMBALANCE fires when one zone has zero debt-carrying scenes and another has ≥50%
    ok 3 - THEME_UNRESOLVED_CLUE_ZONE_IMBALANCE fires when one zone has zero debt-carrying scenes and another has ≥50%
      ---
      duration_ms: 0.756629
      type: 'test'
      ...
    # Subtest: THEME_UNRESOLVED_CLUE_ZONE_IMBALANCE does not fire when debt-carrying scenes are spread across all zones
    ok 4 - THEME_UNRESOLVED_CLUE_ZONE_IMBALANCE does not fire when debt-carrying scenes are spread across all zones
      ---
      duration_ms: 0.771893
      type: 'test'
      ...
    # Subtest: THEME_UNRESOLVED_CLUE_AFTERMATH_SILENT fires when no debt-carrying scene is followed by a resonant scene within 2
    ok 5 - THEME_UNRESOLVED_CLUE_AFTERMATH_SILENT fires when no debt-carrying scene is followed by a resonant scene within 2
      ---
      duration_ms: 1.202798
      type: 'test'
      ...
    # Subtest: THEME_UNRESOLVED_CLUE_AFTERMATH_SILENT does not fire when a debt-carrying scene is followed by a resonant scene within 2
    ok 6 - THEME_UNRESOLVED_CLUE_AFTERMATH_SILENT does not fire when a debt-carrying scene is followed by a resonant scene within 2
      ---
      duration_ms: 1.01763
      type: 'test'
      ...
    1..6
ok 1953 - Wave 598 — themePass: unresolved clue decoupled, unresolved clue zone imbalance, unresolved clue aftermath silent
  ---
  duration_ms: 5.706867
  type: 'suite'
  ...
# Subtest: Wave 584 — themePass: resonant aftermath turn void, resonant emotion flat, resonant clock flat
    # Subtest: THEME_RESONANT_AFTERMATH_TURN_VOID fires when no resonant scene is followed by a turn within 2
    ok 1 - THEME_RESONANT_AFTERMATH_TURN_VOID fires when no resonant scene is followed by a turn within 2
      ---
      duration_ms: 1.705779
      type: 'test'
      ...
    # Subtest: THEME_RESONANT_AFTERMATH_TURN_VOID does not fire when a turn follows a resonant scene within 2
    ok 2 - THEME_RESONANT_AFTERMATH_TURN_VOID does not fire when a turn follows a resonant scene within 2
      ---
      duration_ms: 1.099077
      type: 'test'
      ...
    # Subtest: THEME_RESONANT_EMOTION_FLAT fires when all resonant scenes are emotionally neutral
    ok 3 - THEME_RESONANT_EMOTION_FLAT fires when all resonant scenes are emotionally neutral
      ---
      duration_ms: 1.289397
      type: 'test'
      ...
    # Subtest: THEME_RESONANT_EMOTION_FLAT does not fire when a resonant scene carries emotion
    ok 4 - THEME_RESONANT_EMOTION_FLAT does not fire when a resonant scene carries emotion
      ---
      duration_ms: 0.964514
      type: 'test'
      ...
    # Subtest: THEME_RESONANT_CLOCK_FLAT fires when all resonant scenes have no clock raised
    ok 5 - THEME_RESONANT_CLOCK_FLAT fires when all resonant scenes have no clock raised
      ---
      duration_ms: 1.13942
      type: 'test'
      ...
    # Subtest: THEME_RESONANT_CLOCK_FLAT does not fire when a resonant scene has a clock raised
    ok 6 - THEME_RESONANT_CLOCK_FLAT does not fire when a resonant scene has a clock raised
      ---
      duration_ms: 1.13561
      type: 'test'
      ...
    1..6
ok 1954 - Wave 584 — themePass: resonant aftermath turn void, resonant emotion flat, resonant clock flat
  ---
  duration_ms: 7.674233
  type: 'suite'
  ...
# Subtest: Wave 570 — themePass: resonant aftermath emotion void, resonant aftermath relationship void, resonant aftermath clock void
    # Subtest: THEME_RESONANT_AFTERMATH_EMOTION_VOID fires when no resonant scene is followed by an emotional shift within 2
    ok 1 - THEME_RESONANT_AFTERMATH_EMOTION_VOID fires when no resonant scene is followed by an emotional shift within 2
      ---
      duration_ms: 1.199791
      type: 'test'
      ...
    # Subtest: THEME_RESONANT_AFTERMATH_EMOTION_VOID does not fire when a resonant aftermath carries emotion
    ok 2 - THEME_RESONANT_AFTERMATH_EMOTION_VOID does not fire when a resonant aftermath carries emotion
      ---
      duration_ms: 1.144556
      type: 'test'
      ...
    # Subtest: THEME_RESONANT_AFTERMATH_RELATIONSHIP_VOID fires when no resonant scene is followed by a relationship shift within 2
    ok 3 - THEME_RESONANT_AFTERMATH_RELATIONSHIP_VOID fires when no resonant scene is followed by a relationship shift within 2
      ---
      duration_ms: 1.310199
      type: 'test'
      ...
    # Subtest: THEME_RESONANT_AFTERMATH_RELATIONSHIP_VOID does not fire when a resonant aftermath moves a bond
    ok 4 - THEME_RESONANT_AFTERMATH_RELATIONSHIP_VOID does not fire when a resonant aftermath moves a bond
      ---
      duration_ms: 1.211447
      type: 'test'
      ...
    # Subtest: THEME_RESONANT_AFTERMATH_CLOCK_VOID fires when no resonant scene is followed by a clock within 2
    ok 5 - THEME_RESONANT_AFTERMATH_CLOCK_VOID fires when no resonant scene is followed by a clock within 2
      ---
      duration_ms: 2.194167
      type: 'test'
      ...
    # Subtest: THEME_RESONANT_AFTERMATH_CLOCK_VOID does not fire when a resonant aftermath raises a clock
    ok 6 - THEME_RESONANT_AFTERMATH_CLOCK_VOID does not fire when a resonant aftermath raises a clock
      ---
      duration_ms: 0.996761
      type: 'test'
      ...
    1..6
ok 1955 - Wave 570 — themePass: resonant aftermath emotion void, resonant aftermath relationship void, resonant aftermath clock void
  ---
  duration_ms: 8.361942
  type: 'suite'
  ...
# Subtest: Wave 556 — themePass: resonant aftermath suspense void, resonant curiosity flat, dialogue highlight decoupled
    # Subtest: THEME_RESONANT_AFTERMATH_SUSPENSE_VOID fires when no resonant scene is followed by a suspense spike within 2
    ok 1 - THEME_RESONANT_AFTERMATH_SUSPENSE_VOID fires when no resonant scene is followed by a suspense spike within 2
      ---
      duration_ms: 1.372823
      type: 'test'
      ...
    # Subtest: THEME_RESONANT_AFTERMATH_SUSPENSE_VOID does not fire when a resonant scene is followed by a suspense spike
    ok 2 - THEME_RESONANT_AFTERMATH_SUSPENSE_VOID does not fire when a resonant scene is followed by a suspense spike
      ---
      duration_ms: 1.153123
      type: 'test'
      ...
    # Subtest: THEME_RESONANT_CURIOSITY_FLAT fires when all resonant scenes have curiosityDelta ≤ 0 while curiosity spikes exist
    ok 3 - THEME_RESONANT_CURIOSITY_FLAT fires when all resonant scenes have curiosityDelta ≤ 0 while curiosity spikes exist
      ---
      duration_ms: 1.521676
      type: 'test'
      ...
    # Subtest: THEME_RESONANT_CURIOSITY_FLAT does not fire when at least one resonant scene has curiosityDelta > 0
    ok 4 - THEME_RESONANT_CURIOSITY_FLAT does not fire when at least one resonant scene has curiosityDelta > 0
      ---
      duration_ms: 1.15554
      type: 'test'
      ...
    # Subtest: THEME_DIALOGUE_HIGHLIGHT_DECOUPLED fires when all 3+ dialogue-highlight scenes are thematically silent
    ok 5 - THEME_DIALOGUE_HIGHLIGHT_DECOUPLED fires when all 3+ dialogue-highlight scenes are thematically silent
      ---
      duration_ms: 1.099898
      type: 'test'
      ...
    # Subtest: THEME_DIALOGUE_HIGHLIGHT_DECOUPLED does not fire when at least one dialogue-highlight scene carries theme
    ok 6 - THEME_DIALOGUE_HIGHLIGHT_DECOUPLED does not fire when at least one dialogue-highlight scene carries theme
      ---
      duration_ms: 1.11238
      type: 'test'
      ...
    1..6
ok 1956 - Wave 556 — themePass: resonant aftermath suspense void, resonant curiosity flat, dialogue highlight decoupled
  ---
  duration_ms: 7.733361
  type: 'suite'
  ...
# Subtest: Wave 542 — themePass: resonant suspense flat, Act 2b resonant causeless, resonant aftermath curiosity void
    # Subtest: THEME_RESONANT_SUSPENSE_FLAT fires when all resonant scenes have flat suspense while suspense scenes exist
    ok 1 - THEME_RESONANT_SUSPENSE_FLAT fires when all resonant scenes have flat suspense while suspense scenes exist
      ---
      duration_ms: 1.247859
      type: 'test'
      ...
    # Subtest: THEME_RESONANT_SUSPENSE_FLAT does not fire when at least one resonant scene has positive suspense
    ok 2 - THEME_RESONANT_SUSPENSE_FLAT does not fire when at least one resonant scene has positive suspense
      ---
      duration_ms: 1.049147
      type: 'test'
      ...
    # Subtest: THEME_ACT2B_RESONANT_CAUSELESS fires when first Act 2b resonant scene has no catalyst in prior 2 scenes
    ok 3 - THEME_ACT2B_RESONANT_CAUSELESS fires when first Act 2b resonant scene has no catalyst in prior 2 scenes
      ---
      duration_ms: 1.250996
      type: 'test'
      ...
    # Subtest: THEME_ACT2B_RESONANT_CAUSELESS does not fire when prior scene carries a catalyst
    ok 4 - THEME_ACT2B_RESONANT_CAUSELESS does not fire when prior scene carries a catalyst
      ---
      duration_ms: 0.997089
      type: 'test'
      ...
    # Subtest: THEME_RESONANT_AFTERMATH_CURIOSITY_VOID fires when no resonant scene is followed by a curiosity spike
    ok 5 - THEME_RESONANT_AFTERMATH_CURIOSITY_VOID fires when no resonant scene is followed by a curiosity spike
      ---
      duration_ms: 0.99557
      type: 'test'
      ...
    # Subtest: THEME_RESONANT_AFTERMATH_CURIOSITY_VOID does not fire when a resonant scene is followed by a curiosity spike
    ok 6 - THEME_RESONANT_AFTERMATH_CURIOSITY_VOID does not fire when a resonant scene is followed by a curiosity spike
      ---
      duration_ms: 1.072933
      type: 'test'
      ...
    1..6
ok 1957 - Wave 542 — themePass: resonant suspense flat, Act 2b resonant causeless, resonant aftermath curiosity void
  ---
  duration_ms: 6.873596
  type: 'suite'
  ...
# Subtest: Wave 528 — themePass: relationship shift aftermath silent, midpoint resonant causeless, back heavy
    # Subtest: THEME_RELATIONSHIP_SHIFT_AFTERMATH_SILENT fires when no relationship shift is followed by a resonant scene
    ok 1 - THEME_RELATIONSHIP_SHIFT_AFTERMATH_SILENT fires when no relationship shift is followed by a resonant scene
      ---
      duration_ms: 1.399521
      type: 'test'
      ...
    # Subtest: THEME_RELATIONSHIP_SHIFT_AFTERMATH_SILENT does not fire when a relationship shift is followed by a resonant scene
    ok 2 - THEME_RELATIONSHIP_SHIFT_AFTERMATH_SILENT does not fire when a relationship shift is followed by a resonant scene
      ---
      duration_ms: 1.029293
      type: 'test'
      ...
    # Subtest: THEME_MIDPOINT_RESONANT_CAUSELESS fires when the midpoint resonant scene has no structural catalyst in prior 2 scenes
    ok 3 - THEME_MIDPOINT_RESONANT_CAUSELESS fires when the midpoint resonant scene has no structural catalyst in prior 2 scenes
      ---
      duration_ms: 1.111928
      type: 'test'
      ...
    # Subtest: THEME_MIDPOINT_RESONANT_CAUSELESS does not fire when the midpoint resonant scene has a catalyst in prior 2 scenes
    ok 4 - THEME_MIDPOINT_RESONANT_CAUSELESS does not fire when the midpoint resonant scene has a catalyst in prior 2 scenes
      ---
      duration_ms: 5.979205
      type: 'test'
      ...
    # Subtest: THEME_BACK_HEAVY fires when more than 65% of resonant scenes fall in the second half
    ok 5 - THEME_BACK_HEAVY fires when more than 65% of resonant scenes fall in the second half
      ---
      duration_ms: 1.316036
      type: 'test'
      ...
    # Subtest: THEME_BACK_HEAVY does not fire when resonant scenes are distributed across both halves
    ok 6 - THEME_BACK_HEAVY does not fire when resonant scenes are distributed across both halves
      ---
      duration_ms: 1.225073
      type: 'test'
      ...
    1..6
ok 1958 - Wave 528 — themePass: relationship shift aftermath silent, midpoint resonant causeless, back heavy
  ---
  duration_ms: 12.337853
  type: 'suite'
  ...
# Subtest: Wave 514 — themePass: seed aftermath silent, high-suspense aftermath silent, curiosity aftermath silent
    # Subtest: THEME_SEED_AFTERMATH_SILENT fires when no seed scene is followed by a resonant scene
    ok 1 - THEME_SEED_AFTERMATH_SILENT fires when no seed scene is followed by a resonant scene
      ---
      duration_ms: 1.267436
      type: 'test'
      ...
    # Subtest: THEME_SEED_AFTERMATH_SILENT does not fire when a seed scene is followed by a resonant scene
    ok 2 - THEME_SEED_AFTERMATH_SILENT does not fire when a seed scene is followed by a resonant scene
      ---
      duration_ms: 1.033315
      type: 'test'
      ...
    # Subtest: THEME_HIGH_SUSPENSE_AFTERMATH_SILENT fires when no high-suspense scene is followed by a resonant scene
    ok 3 - THEME_HIGH_SUSPENSE_AFTERMATH_SILENT fires when no high-suspense scene is followed by a resonant scene
      ---
      duration_ms: 0.985583
      type: 'test'
      ...
    # Subtest: THEME_HIGH_SUSPENSE_AFTERMATH_SILENT does not fire when a high-suspense scene is followed by a resonant scene
    ok 4 - THEME_HIGH_SUSPENSE_AFTERMATH_SILENT does not fire when a high-suspense scene is followed by a resonant scene
      ---
      duration_ms: 1.112847
      type: 'test'
      ...
    # Subtest: THEME_CURIOSITY_AFTERMATH_SILENT fires when no curiosity-spike scene is followed by a resonant scene
    ok 5 - THEME_CURIOSITY_AFTERMATH_SILENT fires when no curiosity-spike scene is followed by a resonant scene
      ---
      duration_ms: 1.594142
      type: 'test'
      ...
    # Subtest: THEME_CURIOSITY_AFTERMATH_SILENT does not fire when a curiosity scene is followed by a resonant scene
    ok 6 - THEME_CURIOSITY_AFTERMATH_SILENT does not fire when a curiosity scene is followed by a resonant scene
      ---
      duration_ms: 0.965486
      type: 'test'
      ...
    1..6
ok 1959 - Wave 514 — themePass: seed aftermath silent, high-suspense aftermath silent, curiosity aftermath silent
  ---
  duration_ms: 7.214132
  type: 'suite'
  ...
# Subtest: Wave 500 — themePass: negative emotion aftermath silent, last resonant causeless, payoff aftermath silent
    # Subtest: THEME_NEGATIVE_EMOTION_AFTERMATH_SILENT fires when no negative-shift scene is followed by a resonant scene
    ok 1 - THEME_NEGATIVE_EMOTION_AFTERMATH_SILENT fires when no negative-shift scene is followed by a resonant scene
      ---
      duration_ms: 1.2099
      type: 'test'
      ...
    # Subtest: THEME_NEGATIVE_EMOTION_AFTERMATH_SILENT does not fire when a negative scene is followed by a resonant scene
    ok 2 - THEME_NEGATIVE_EMOTION_AFTERMATH_SILENT does not fire when a negative scene is followed by a resonant scene
      ---
      duration_ms: 0.96256
      type: 'test'
      ...
    # Subtest: THEME_LAST_RESONANT_CAUSELESS fires when the last resonant scene at idx≥2 has no cause in prior 2 scenes
    ok 3 - THEME_LAST_RESONANT_CAUSELESS fires when the last resonant scene at idx≥2 has no cause in prior 2 scenes
      ---
      duration_ms: 0.85932
      type: 'test'
      ...
    # Subtest: THEME_LAST_RESONANT_CAUSELESS does not fire when the prior scene has a structural cause
    ok 4 - THEME_LAST_RESONANT_CAUSELESS does not fire when the prior scene has a structural cause
      ---
      duration_ms: 0.836819
      type: 'test'
      ...
    # Subtest: THEME_PAYOFF_AFTERMATH_SILENT fires when no payoff scene is followed by a resonant scene
    ok 5 - THEME_PAYOFF_AFTERMATH_SILENT fires when no payoff scene is followed by a resonant scene
      ---
      duration_ms: 1.189284
      type: 'test'
      ...
    # Subtest: THEME_PAYOFF_AFTERMATH_SILENT does not fire when a payoff scene is followed by a resonant scene
    ok 6 - THEME_PAYOFF_AFTERMATH_SILENT does not fire when a payoff scene is followed by a resonant scene
      ---
      duration_ms: 1.066997
      type: 'test'
      ...
    1..6
ok 1960 - Wave 500 — themePass: negative emotion aftermath silent, last resonant causeless, payoff aftermath silent
  ---
  duration_ms: 6.380014
  type: 'suite'
  ...
# Subtest: Wave 486 — themePass: positive emotion aftermath silent, first resonant causeless, resonance thirds cluster
    # Subtest: THEME_POSITIVE_EMOTION_AFTERMATH_SILENT fires when no positive-shift scene is followed by a resonant scene
    ok 1 - THEME_POSITIVE_EMOTION_AFTERMATH_SILENT fires when no positive-shift scene is followed by a resonant scene
      ---
      duration_ms: 1.301716
      type: 'test'
      ...
    # Subtest: THEME_POSITIVE_EMOTION_AFTERMATH_SILENT does not fire when at least one positive scene is followed by a resonant scene
    ok 2 - THEME_POSITIVE_EMOTION_AFTERMATH_SILENT does not fire when at least one positive scene is followed by a resonant scene
      ---
      duration_ms: 1.05219
      type: 'test'
      ...
    # Subtest: THEME_FIRST_RESONANT_CAUSELESS fires when the first resonant scene at pos≥2 has no cause in prior 2 scenes
    ok 3 - THEME_FIRST_RESONANT_CAUSELESS fires when the first resonant scene at pos≥2 has no cause in prior 2 scenes
      ---
      duration_ms: 0.852631
      type: 'test'
      ...
    # Subtest: THEME_FIRST_RESONANT_CAUSELESS does not fire when prior scene has a structural cause
    ok 4 - THEME_FIRST_RESONANT_CAUSELESS does not fire when prior scene has a structural cause
      ---
      duration_ms: 0.823767
      type: 'test'
      ...
    # Subtest: THEME_RESONANCE_THIRDS_CLUSTER fires when >75% of resonant scenes are in one structural third
    ok 5 - THEME_RESONANCE_THIRDS_CLUSTER fires when >75% of resonant scenes are in one structural third
      ---
      duration_ms: 1.364127
      type: 'test'
      ...
    # Subtest: THEME_RESONANCE_THIRDS_CLUSTER does not fire when resonant scenes are distributed across thirds
    ok 6 - THEME_RESONANCE_THIRDS_CLUSTER does not fire when resonant scenes are distributed across thirds
      ---
      duration_ms: 1.212693
      type: 'test'
      ...
    1..6
ok 1961 - Wave 486 — themePass: positive emotion aftermath silent, first resonant causeless, resonance thirds cluster
  ---
  duration_ms: 6.908527
  type: 'suite'
  ...
# Subtest: Wave 472 — themePass: positive emotion decoupled, resonant valence uniform, dialogue peak silent
    # Subtest: THEME_POSITIVE_EMOTION_DECOUPLED fires when all positive-shift scenes are thematically silent
    ok 1 - THEME_POSITIVE_EMOTION_DECOUPLED fires when all positive-shift scenes are thematically silent
      ---
      duration_ms: 1.084576
      type: 'test'
      ...
    # Subtest: THEME_POSITIVE_EMOTION_DECOUPLED does not fire when a positive scene carries the theme
    ok 2 - THEME_POSITIVE_EMOTION_DECOUPLED does not fire when a positive scene carries the theme
      ---
      duration_ms: 0.953743
      type: 'test'
      ...
    # Subtest: THEME_RESONANT_VALENCE_UNIFORM fires when >80% of resonant scenes share the same emotional register
    ok 3 - THEME_RESONANT_VALENCE_UNIFORM fires when >80% of resonant scenes share the same emotional register
      ---
      duration_ms: 1.062253
      type: 'test'
      ...
    # Subtest: THEME_RESONANT_VALENCE_UNIFORM does not fire when resonant scenes span multiple emotional registers
    ok 4 - THEME_RESONANT_VALENCE_UNIFORM does not fire when resonant scenes span multiple emotional registers
      ---
      duration_ms: 1.228101
      type: 'test'
      ...
    # Subtest: THEME_DIALOGUE_PEAK_SILENT fires when the most dialogue-rich scene (>2 highlights) is thematically mute
    ok 5 - THEME_DIALOGUE_PEAK_SILENT fires when the most dialogue-rich scene (>2 highlights) is thematically mute
      ---
      duration_ms: 0.948937
      type: 'test'
      ...
    # Subtest: THEME_DIALOGUE_PEAK_SILENT does not fire when the most dialogue-rich scene carries the theme
    ok 6 - THEME_DIALOGUE_PEAK_SILENT does not fire when the most dialogue-rich scene carries the theme
      ---
      duration_ms: 1.158292
      type: 'test'
      ...
    1..6
ok 1962 - Wave 472 — themePass: positive emotion decoupled, resonant valence uniform, dialogue peak silent
  ---
  duration_ms: 6.691538
  type: 'suite'
  ...
# Subtest: Wave 458 — themePass: relationship decoupled, clock aftermath silent, all resonance causeless
    # Subtest: THEME_RELATIONSHIP_DECOUPLED fires when all relationship-shift scenes are thematically silent
    ok 1 - THEME_RELATIONSHIP_DECOUPLED fires when all relationship-shift scenes are thematically silent
      ---
      duration_ms: 1.200519
      type: 'test'
      ...
    # Subtest: THEME_RELATIONSHIP_DECOUPLED does not fire when at least one relationship-shift scene carries the theme
    ok 2 - THEME_RELATIONSHIP_DECOUPLED does not fire when at least one relationship-shift scene carries the theme
      ---
      duration_ms: 0.937382
      type: 'test'
      ...
    # Subtest: THEME_CLOCK_AFTERMATH_SILENT fires when no clock scene is followed by a resonant scene
    ok 3 - THEME_CLOCK_AFTERMATH_SILENT fires when no clock scene is followed by a resonant scene
      ---
      duration_ms: 1.089698
      type: 'test'
      ...
    # Subtest: THEME_CLOCK_AFTERMATH_SILENT does not fire when at least one clock aftermath is resonant
    ok 4 - THEME_CLOCK_AFTERMATH_SILENT does not fire when at least one clock aftermath is resonant
      ---
      duration_ms: 1.112438
      type: 'test'
      ...
    # Subtest: THEME_ALL_RESONANCE_CAUSELESS fires when all resonant scenes lack upstream revelation/turn/suspense
    ok 5 - THEME_ALL_RESONANCE_CAUSELESS fires when all resonant scenes lack upstream revelation/turn/suspense
      ---
      duration_ms: 0.944935
      type: 'test'
      ...
    # Subtest: THEME_ALL_RESONANCE_CAUSELESS does not fire when at least one resonant scene has an upstream dramatic turn
    ok 6 - THEME_ALL_RESONANCE_CAUSELESS does not fire when at least one resonant scene has an upstream dramatic turn
      ---
      duration_ms: 1.126894
      type: 'test'
      ...
    1..6
ok 1963 - Wave 458 — themePass: relationship decoupled, clock aftermath silent, all resonance causeless
  ---
  duration_ms: 6.665722
  type: 'suite'
  ...
# Subtest: Wave 444 — themePass: resonant cluster flood, long silent stretch, revelation aftermath silent
    # Subtest: THEME_RESONANT_CLUSTER_FLOOD fires when 4+ consecutive scenes all carry the theme
    ok 1 - THEME_RESONANT_CLUSTER_FLOOD fires when 4+ consecutive scenes all carry the theme
      ---
      duration_ms: 1.718706
      type: 'test'
      ...
    # Subtest: THEME_RESONANT_CLUSTER_FLOOD does NOT fire when resonant scenes alternate with silent ones
    ok 2 - THEME_RESONANT_CLUSTER_FLOOD does NOT fire when resonant scenes alternate with silent ones
      ---
      duration_ms: 1.267966
      type: 'test'
      ...
    # Subtest: THEME_LONG_SILENT_STRETCH fires when the longest gap between resonant scenes is ≥5
    ok 3 - THEME_LONG_SILENT_STRETCH fires when the longest gap between resonant scenes is ≥5
      ---
      duration_ms: 1.136536
      type: 'test'
      ...
    # Subtest: THEME_LONG_SILENT_STRETCH does NOT fire when the maximum gap between resonant scenes is ≤4
    ok 4 - THEME_LONG_SILENT_STRETCH does NOT fire when the maximum gap between resonant scenes is ≤4
      ---
      duration_ms: 2.059109
      type: 'test'
      ...
    # Subtest: THEME_REVELATION_AFTERMATH_SILENT fires when every post-revelation scene is thematically silent
    ok 5 - THEME_REVELATION_AFTERMATH_SILENT fires when every post-revelation scene is thematically silent
      ---
      duration_ms: 1.235723
      type: 'test'
      ...
    # Subtest: THEME_REVELATION_AFTERMATH_SILENT does NOT fire when at least one post-revelation scene carries the theme
    ok 6 - THEME_REVELATION_AFTERMATH_SILENT does NOT fire when at least one post-revelation scene carries the theme
      ---
      duration_ms: 1.108544
      type: 'test'
      ...
    1..6
ok 1964 - Wave 444 — themePass: resonant cluster flood, long silent stretch, revelation aftermath silent
  ---
  duration_ms: 8.867169
  type: 'suite'
  ...
# Subtest: Wave 430 — themePass: dramatic turn aftermath silent, peak unmotivated, resonance emotionally lopsided
    # Subtest: THEME_DRAMATIC_TURN_AFTERMATH_SILENT fires when every post-turn scene is thematically silent
    ok 1 - THEME_DRAMATIC_TURN_AFTERMATH_SILENT fires when every post-turn scene is thematically silent
      ---
      duration_ms: 1.405161
      type: 'test'
      ...
    # Subtest: THEME_DRAMATIC_TURN_AFTERMATH_SILENT does not fire when at least one post-turn scene carries the theme
    ok 2 - THEME_DRAMATIC_TURN_AFTERMATH_SILENT does not fire when at least one post-turn scene carries the theme
      ---
      duration_ms: 1.148594
      type: 'test'
      ...
    # Subtest: THEME_PEAK_UNMOTIVATED fires when the thematic peak has no catalyst in the two prior scenes
    ok 3 - THEME_PEAK_UNMOTIVATED fires when the thematic peak has no catalyst in the two prior scenes
      ---
      duration_ms: 1.291509
      type: 'test'
      ...
    # Subtest: THEME_PEAK_UNMOTIVATED does not fire when the scene before the thematic peak contains a catalyst
    ok 4 - THEME_PEAK_UNMOTIVATED does not fire when the scene before the thematic peak contains a catalyst
      ---
      duration_ms: 1.201519
      type: 'test'
      ...
    # Subtest: THEME_RESONANCE_EMOTIONALLY_LOPSIDED fires when all 4 charged resonant scenes share the same negative polarity
    ok 5 - THEME_RESONANCE_EMOTIONALLY_LOPSIDED fires when all 4 charged resonant scenes share the same negative polarity
      ---
      duration_ms: 1.033316
      type: 'test'
      ...
    # Subtest: THEME_RESONANCE_EMOTIONALLY_LOPSIDED does not fire when charged resonant scenes are evenly split
    ok 6 - THEME_RESONANCE_EMOTIONALLY_LOPSIDED does not fire when charged resonant scenes are evenly split
      ---
      duration_ms: 1.997931
      type: 'test'
      ...
    1..6
ok 1965 - Wave 430 — themePass: dramatic turn aftermath silent, peak unmotivated, resonance emotionally lopsided
  ---
  duration_ms: 8.356727
  type: 'suite'
  ...
# Subtest: Wave 416 — themePass: resonant singleton run, peak suspense aftermath silent, dual rise decoupled
    # Subtest: THEME_RESONANT_SINGLETON_RUN fires when every resonant scene is isolated by silent scenes
    ok 1 - THEME_RESONANT_SINGLETON_RUN fires when every resonant scene is isolated by silent scenes
      ---
      duration_ms: 1.49311
      type: 'test'
      ...
    # Subtest: THEME_RESONANT_SINGLETON_RUN does not fire when at least two consecutive resonant scenes exist
    ok 2 - THEME_RESONANT_SINGLETON_RUN does not fire when at least two consecutive resonant scenes exist
      ---
      duration_ms: 1.230567
      type: 'test'
      ...
    # Subtest: THEME_PEAK_SUSPENSE_AFTERMATH_SILENT fires when the scene after the peak-suspense scene is thematically silent
    ok 3 - THEME_PEAK_SUSPENSE_AFTERMATH_SILENT fires when the scene after the peak-suspense scene is thematically silent
      ---
      duration_ms: 0.937324
      type: 'test'
      ...
    # Subtest: THEME_PEAK_SUSPENSE_AFTERMATH_SILENT does not fire when the aftermath of the peak-suspense scene carries theme
    ok 4 - THEME_PEAK_SUSPENSE_AFTERMATH_SILENT does not fire when the aftermath of the peak-suspense scene carries theme
      ---
      duration_ms: 1.005459
      type: 'test'
      ...
    # Subtest: THEME_DUAL_RISE_DECOUPLED fires when every dual-rise scene is thematically silent
    ok 5 - THEME_DUAL_RISE_DECOUPLED fires when every dual-rise scene is thematically silent
      ---
      duration_ms: 1.053818
      type: 'test'
      ...
    # Subtest: THEME_DUAL_RISE_DECOUPLED does not fire when at least one dual-rise scene carries the theme
    ok 6 - THEME_DUAL_RISE_DECOUPLED does not fire when at least one dual-rise scene carries the theme
      ---
      duration_ms: 1.030505
      type: 'test'
      ...
    1..6
ok 1966 - Wave 416 — themePass: resonant singleton run, peak suspense aftermath silent, dual rise decoupled
  ---
  duration_ms: 7.11725
  type: 'suite'
  ...
# Subtest: Wave 402 — themePass: Act 2a density drop, seed peak absent, payoff peak absent
    # Subtest: THEME_ACT2A_DENSITY_DROP fires when Act 2a is less than half as resonant as overall
    ok 1 - THEME_ACT2A_DENSITY_DROP fires when Act 2a is less than half as resonant as overall
      ---
      duration_ms: 1.515748
      type: 'test'
      ...
    # Subtest: THEME_ACT2A_DENSITY_DROP does not fire when Act 2a is proportionately resonant
    ok 2 - THEME_ACT2A_DENSITY_DROP does not fire when Act 2a is proportionately resonant
      ---
      duration_ms: 1.220202
      type: 'test'
      ...
    # Subtest: THEME_SEED_PEAK_ABSENT fires when the peak seed scene is silent while other seed scenes carry theme
    ok 3 - THEME_SEED_PEAK_ABSENT fires when the peak seed scene is silent while other seed scenes carry theme
      ---
      duration_ms: 1.278144
      type: 'test'
      ...
    # Subtest: THEME_SEED_PEAK_ABSENT does not fire when the peak seed scene carries theme
    ok 4 - THEME_SEED_PEAK_ABSENT does not fire when the peak seed scene carries theme
      ---
      duration_ms: 1.291069
      type: 'test'
      ...
    # Subtest: THEME_PAYOFF_PEAK_ABSENT fires when the peak payoff scene is silent while other payoff scenes carry theme
    ok 5 - THEME_PAYOFF_PEAK_ABSENT fires when the peak payoff scene is silent while other payoff scenes carry theme
      ---
      duration_ms: 1.302849
      type: 'test'
      ...
    # Subtest: THEME_PAYOFF_PEAK_ABSENT does not fire when the peak payoff scene carries theme
    ok 6 - THEME_PAYOFF_PEAK_ABSENT does not fire when the peak payoff scene carries theme
      ---
      duration_ms: 1.214113
      type: 'test'
      ...
    1..6
ok 1967 - Wave 402 — themePass: Act 2a density drop, seed peak absent, payoff peak absent
  ---
  duration_ms: 8.091452
  type: 'suite'
  ...
# Subtest: Wave 307 — themePass: shallow resonance, quiet scenes only, resonance burst
    # Subtest: THEME_SHALLOW_RESONANCE fires when no resonant scene matches 2+ distinct keywords
    ok 1 - THEME_SHALLOW_RESONANCE fires when no resonant scene matches 2+ distinct keywords
      ---
      duration_ms: 1.667304
      type: 'test'
      ...
    # Subtest: THEME_SHALLOW_RESONANCE does not fire when a scene holds two facets at once
    ok 2 - THEME_SHALLOW_RESONANCE does not fire when a scene holds two facets at once
      ---
      duration_ms: 0.974302
      type: 'test'
      ...
    # Subtest: THEME_QUIET_SCENES_ONLY fires when all resonant scenes are neutral and low-suspense
    ok 3 - THEME_QUIET_SCENES_ONLY fires when all resonant scenes are neutral and low-suspense
      ---
      duration_ms: 1.716775
      type: 'test'
      ...
    # Subtest: THEME_QUIET_SCENES_ONLY does not fire when a resonant scene is charged
    ok 4 - THEME_QUIET_SCENES_ONLY does not fire when a resonant scene is charged
      ---
      duration_ms: 1.029526
      type: 'test'
      ...
    # Subtest: THEME_RESONANCE_BURST fires when one scene holds >50% of theme keyword hits
    ok 5 - THEME_RESONANCE_BURST fires when one scene holds >50% of theme keyword hits
      ---
      duration_ms: 1.001936
      type: 'test'
      ...
    # Subtest: THEME_RESONANCE_BURST does not fire when keyword hits are spread evenly
    ok 6 - THEME_RESONANCE_BURST does not fire when keyword hits are spread evenly
      ---
      duration_ms: 0.962117
      type: 'test'
      ...
    1..6
ok 1968 - Wave 307 — themePass: shallow resonance, quiet scenes only, resonance burst
  ---
  duration_ms: 7.654081
  type: 'suite'
  ...
# Subtest: Wave 388 — themePass: midpoint density drop, opening image silent, proactive decoupled
    # Subtest: THEME_MIDPOINT_DENSITY_DROP fires when the 40-60% zone is less than half as resonant as overall
    ok 1 - THEME_MIDPOINT_DENSITY_DROP fires when the 40-60% zone is less than half as resonant as overall
      ---
      duration_ms: 1.700174
      type: 'test'
      ...
    # Subtest: THEME_MIDPOINT_DENSITY_DROP does not fire when the midpoint carries proportionate theme
    ok 2 - THEME_MIDPOINT_DENSITY_DROP does not fire when the midpoint carries proportionate theme
      ---
      duration_ms: 1.187189
      type: 'test'
      ...
    # Subtest: THEME_OPENING_IMAGE_SILENT fires when the first scene carries no theme but it appears later
    ok 3 - THEME_OPENING_IMAGE_SILENT fires when the first scene carries no theme but it appears later
      ---
      duration_ms: 1.022931
      type: 'test'
      ...
    # Subtest: THEME_OPENING_IMAGE_SILENT does not fire when the first scene carries theme
    ok 4 - THEME_OPENING_IMAGE_SILENT does not fire when the first scene carries theme
      ---
      duration_ms: 0.96419
      type: 'test'
      ...
    # Subtest: THEME_PROACTIVE_DECOUPLED fires when every clock/clue-planting scene is thematically silent
    ok 5 - THEME_PROACTIVE_DECOUPLED fires when every clock/clue-planting scene is thematically silent
      ---
      duration_ms: 1.134761
      type: 'test'
      ...
    # Subtest: THEME_PROACTIVE_DECOUPLED does not fire when a proactive scene carries theme
    ok 6 - THEME_PROACTIVE_DECOUPLED does not fire when a proactive scene carries theme
      ---
      duration_ms: 1.023329
      type: 'test'
      ...
    1..6
ok 1969 - Wave 388 — themePass: midpoint density drop, opening image silent, proactive decoupled
  ---
  duration_ms: 7.292367
  type: 'suite'
  ...
# Subtest: Wave 374 — themePass: Act 1 density drop, clock peak absent, charged scene silent
    # Subtest: THEME_ACT1_DENSITY_DROP fires when Act 1 resonance is less than half the rest of the story
    ok 1 - THEME_ACT1_DENSITY_DROP fires when Act 1 resonance is less than half the rest of the story
      ---
      duration_ms: 1.502475
      type: 'test'
      ...
    # Subtest: THEME_ACT1_DENSITY_DROP does not fire when Act 1 carries theme proportionate to the body
    ok 2 - THEME_ACT1_DENSITY_DROP does not fire when Act 1 carries theme proportionate to the body
      ---
      duration_ms: 11.605872
      type: 'test'
      ...
    # Subtest: THEME_CLOCK_PEAK_ABSENT fires when the largest-clockDelta scene is thematically silent
    ok 3 - THEME_CLOCK_PEAK_ABSENT fires when the largest-clockDelta scene is thematically silent
      ---
      duration_ms: 1.580119
      type: 'test'
      ...
    # Subtest: THEME_CLOCK_PEAK_ABSENT does not fire when the peak deadline carries theme
    ok 4 - THEME_CLOCK_PEAK_ABSENT does not fire when the peak deadline carries theme
      ---
      duration_ms: 1.560621
      type: 'test'
      ...
    # Subtest: THEME_CHARGED_SCENE_SILENT fires when no non-neutral scene carries theme
    ok 5 - THEME_CHARGED_SCENE_SILENT fires when no non-neutral scene carries theme
      ---
      duration_ms: 1.172767
      type: 'test'
      ...
    # Subtest: THEME_CHARGED_SCENE_SILENT does not fire when a charged scene carries theme
    ok 6 - THEME_CHARGED_SCENE_SILENT does not fire when a charged scene carries theme
      ---
      duration_ms: 1.410003
      type: 'test'
      ...
    1..6
ok 1970 - Wave 374 — themePass: Act 1 density drop, clock peak absent, charged scene silent
  ---
  duration_ms: 19.157624
  type: 'suite'
  ...
# Subtest: Wave 360 — themePass: Act 3 density drop, relationship peak absent, dual peak absent
    # Subtest: THEME_ACT3_DENSITY_DROP fires when Act 3 resonance is less than half of Act 2 resonance
    ok 1 - THEME_ACT3_DENSITY_DROP fires when Act 3 resonance is less than half of Act 2 resonance
      ---
      duration_ms: 1.70715
      type: 'test'
      ...
    # Subtest: THEME_ACT3_DENSITY_DROP does not fire when Act 3 density matches Act 2
    ok 2 - THEME_ACT3_DENSITY_DROP does not fire when Act 3 density matches Act 2
      ---
      duration_ms: 1.51594
      type: 'test'
      ...
    # Subtest: THEME_RELATIONSHIP_PEAK_ABSENT fires when the largest-shift scene lacks theme while 2+ others carry it
    ok 3 - THEME_RELATIONSHIP_PEAK_ABSENT fires when the largest-shift scene lacks theme while 2+ others carry it
      ---
      duration_ms: 1.178084
      type: 'test'
      ...
    # Subtest: THEME_RELATIONSHIP_PEAK_ABSENT does not fire when the largest-shift scene carries theme
    ok 4 - THEME_RELATIONSHIP_PEAK_ABSENT does not fire when the largest-shift scene carries theme
      ---
      duration_ms: 1.159249
      type: 'test'
      ...
    # Subtest: THEME_DUAL_PEAK_ABSENT fires when the scene with max suspenseDelta+curiosityDelta lacks theme
    ok 5 - THEME_DUAL_PEAK_ABSENT fires when the scene with max suspenseDelta+curiosityDelta lacks theme
      ---
      duration_ms: 1.497421
      type: 'test'
      ...
    # Subtest: THEME_DUAL_PEAK_ABSENT does not fire when the dual-peak scene carries theme
    ok 6 - THEME_DUAL_PEAK_ABSENT does not fire when the dual-peak scene carries theme
      ---
      duration_ms: 1.086111
      type: 'test'
      ...
    1..6
ok 1971 - Wave 360 — themePass: Act 3 density drop, relationship peak absent, dual peak absent
  ---
  duration_ms: 8.498672
  type: 'suite'
  ...
# Subtest: Wave 346 — themePass: suspense peak absent, late debut, closing quarter silent
    # Subtest: THEME_SUSPENSE_PEAK_ABSENT fires when the highest-suspense scene lacks theme
    ok 1 - THEME_SUSPENSE_PEAK_ABSENT fires when the highest-suspense scene lacks theme
      ---
      duration_ms: 1.579064
      type: 'test'
      ...
    # Subtest: THEME_SUSPENSE_PEAK_ABSENT does not fire when the peak-suspense scene carries theme
    ok 2 - THEME_SUSPENSE_PEAK_ABSENT does not fire when the peak-suspense scene carries theme
      ---
      duration_ms: 1.270702
      type: 'test'
      ...
    # Subtest: THEME_LATE_DEBUT fires when the first resonant scene falls past the midpoint
    ok 3 - THEME_LATE_DEBUT fires when the first resonant scene falls past the midpoint
      ---
      duration_ms: 1.389251
      type: 'test'
      ...
    # Subtest: THEME_LATE_DEBUT does not fire when the theme appears in the first half
    ok 4 - THEME_LATE_DEBUT does not fire when the theme appears in the first half
      ---
      duration_ms: 1.395354
      type: 'test'
      ...
    # Subtest: THEME_CLOSING_QUARTER_SILENT fires when the final 25% carries no theme
    ok 5 - THEME_CLOSING_QUARTER_SILENT fires when the final 25% carries no theme
      ---
      duration_ms: 1.327445
      type: 'test'
      ...
    # Subtest: THEME_CLOSING_QUARTER_SILENT does not fire when the closing quarter carries theme
    ok 6 - THEME_CLOSING_QUARTER_SILENT does not fire when the closing quarter carries theme
      ---
      duration_ms: 1.484682
      type: 'test'
      ...
    1..6
ok 1972 - Wave 346 — themePass: suspense peak absent, late debut, closing quarter silent
  ---
  duration_ms: 8.74926
  type: 'suite'
  ...
# Subtest: Wave 332 — themePass: development scene desert, curiosity peak absent, Act 2b density drop
    # Subtest: THEME_DEVELOPMENT_SCENE_DESERT fires when no development scene carries theme
    ok 1 - THEME_DEVELOPMENT_SCENE_DESERT fires when no development scene carries theme
      ---
      duration_ms: 1.254899
      type: 'test'
      ...
    # Subtest: THEME_DEVELOPMENT_SCENE_DESERT does not fire when a development scene carries theme
    ok 2 - THEME_DEVELOPMENT_SCENE_DESERT does not fire when a development scene carries theme
      ---
      duration_ms: 1.078887
      type: 'test'
      ...
    # Subtest: THEME_CURIOSITY_PEAK_ABSENT fires when the highest-curiosity scene lacks theme
    ok 3 - THEME_CURIOSITY_PEAK_ABSENT fires when the highest-curiosity scene lacks theme
      ---
      duration_ms: 0.981953
      type: 'test'
      ...
    # Subtest: THEME_CURIOSITY_PEAK_ABSENT does not fire when the peak curiosity scene carries theme
    ok 4 - THEME_CURIOSITY_PEAK_ABSENT does not fire when the peak curiosity scene carries theme
      ---
      duration_ms: 0.995418
      type: 'test'
      ...
    # Subtest: THEME_ACT2B_DENSITY_DROP fires when theme density falls sharply from Act 2a to Act 2b
    ok 5 - THEME_ACT2B_DENSITY_DROP fires when theme density falls sharply from Act 2a to Act 2b
      ---
      duration_ms: 1.516108
      type: 'test'
      ...
    # Subtest: THEME_ACT2B_DENSITY_DROP does not fire when theme density holds from Act 2a to Act 2b
    ok 6 - THEME_ACT2B_DENSITY_DROP does not fire when theme density holds from Act 2a to Act 2b
      ---
      duration_ms: 1.40947
      type: 'test'
      ...
    1..6
ok 1973 - Wave 332 — themePass: development scene desert, curiosity peak absent, Act 2b density drop
  ---
  duration_ms: 7.557369
  type: 'suite'
  ...
# Subtest: Wave 321 — themePass: peak before midpoint, raise-stakes silent, suspense-release silent
    # Subtest: THEME_PEAK_BEFORE_MIDPOINT fires when the densest theme scene is in the first half
    ok 1 - THEME_PEAK_BEFORE_MIDPOINT fires when the densest theme scene is in the first half
      ---
      duration_ms: 1.271687
      type: 'test'
      ...
    # Subtest: THEME_PEAK_BEFORE_MIDPOINT does not fire when the peak is in the second half
    ok 2 - THEME_PEAK_BEFORE_MIDPOINT does not fire when the peak is in the second half
      ---
      duration_ms: 1.212382
      type: 'test'
      ...
    # Subtest: THEME_RAISE_STAKES_SILENT fires when all stake-raising scenes are thematically empty
    ok 3 - THEME_RAISE_STAKES_SILENT fires when all stake-raising scenes are thematically empty
      ---
      duration_ms: 1.199563
      type: 'test'
      ...
    # Subtest: THEME_RAISE_STAKES_SILENT does not fire when a stake-raising scene carries theme
    ok 4 - THEME_RAISE_STAKES_SILENT does not fire when a stake-raising scene carries theme
      ---
      duration_ms: 1.050846
      type: 'test'
      ...
    # Subtest: THEME_SUSPENSE_RELEASE_SILENT fires when all tension-release scenes are thematically empty
    ok 5 - THEME_SUSPENSE_RELEASE_SILENT fires when all tension-release scenes are thematically empty
      ---
      duration_ms: 1.253132
      type: 'test'
      ...
    # Subtest: THEME_SUSPENSE_RELEASE_SILENT does not fire when a release scene carries theme
    ok 6 - THEME_SUSPENSE_RELEASE_SILENT does not fire when a release scene carries theme
      ---
      duration_ms: 1.045304
      type: 'test'
      ...
    1..6
ok 1974 - Wave 321 — themePass: peak before midpoint, raise-stakes silent, suspense-release silent
  ---
  duration_ms: 7.306334
  type: 'suite'
  ...
# Subtest: Wave 293 — themePass: revelation silent, clock scene silent, payoff silent
    # Subtest: THEME_REVELATION_SILENT fires when ≥2 revelation scenes have no theme
    ok 1 - THEME_REVELATION_SILENT fires when ≥2 revelation scenes have no theme
      ---
      duration_ms: 1.667996
      type: 'test'
      ...
    # Subtest: THEME_REVELATION_SILENT does not fire when a revelation scene carries the theme
    ok 2 - THEME_REVELATION_SILENT does not fire when a revelation scene carries the theme
      ---
      duration_ms: 1.333746
      type: 'test'
      ...
    # Subtest: THEME_CLOCK_SCENE_SILENT fires when ≥2 clockRaised scenes have no theme
    ok 3 - THEME_CLOCK_SCENE_SILENT fires when ≥2 clockRaised scenes have no theme
      ---
      duration_ms: 1.135444
      type: 'test'
      ...
    # Subtest: THEME_CLOCK_SCENE_SILENT does not fire when a clock scene carries the theme
    ok 4 - THEME_CLOCK_SCENE_SILENT does not fire when a clock scene carries the theme
      ---
      duration_ms: 1.030292
      type: 'test'
      ...
    # Subtest: THEME_PAYOFF_SILENT fires when ≥2 payoff scenes have no theme
    ok 5 - THEME_PAYOFF_SILENT fires when ≥2 payoff scenes have no theme
      ---
      duration_ms: 1.124653
      type: 'test'
      ...
    # Subtest: THEME_PAYOFF_SILENT does not fire when a payoff scene carries the theme
    ok 6 - THEME_PAYOFF_SILENT does not fire when a payoff scene carries the theme
      ---
      duration_ms: 1.003375
      type: 'test'
      ...
    1..6
ok 1975 - Wave 293 — themePass: revelation silent, clock scene silent, payoff silent
  ---
  duration_ms: 7.569011
  type: 'suite'
  ...
# Subtest: Wave 279 — themePass: dramatic-turn decoupled, negative-shift silent, suspense cluster silent
    # Subtest: THEME_DRAMATIC_TURN_DECOUPLED fires when ≥2 dramatic-turn scenes carry no theme
    ok 1 - THEME_DRAMATIC_TURN_DECOUPLED fires when ≥2 dramatic-turn scenes carry no theme
      ---
      duration_ms: 1.114473
      type: 'test'
      ...
    # Subtest: THEME_DRAMATIC_TURN_DECOUPLED does NOT fire when a dramatic-turn scene carries the theme
    ok 2 - THEME_DRAMATIC_TURN_DECOUPLED does NOT fire when a dramatic-turn scene carries the theme
      ---
      duration_ms: 1.003624
      type: 'test'
      ...
    # Subtest: THEME_NEGATIVE_SHIFT_SILENT fires when ≥2 negative-shift scenes carry no theme
    ok 3 - THEME_NEGATIVE_SHIFT_SILENT fires when ≥2 negative-shift scenes carry no theme
      ---
      duration_ms: 1.015215
      type: 'test'
      ...
    # Subtest: THEME_NEGATIVE_SHIFT_SILENT does NOT fire when a negative-shift scene carries the theme
    ok 4 - THEME_NEGATIVE_SHIFT_SILENT does NOT fire when a negative-shift scene carries the theme
      ---
      duration_ms: 0.959777
      type: 'test'
      ...
    # Subtest: THEME_SUSPENSE_CLUSTER_SILENT fires when ≥3 high-suspense scenes carry no theme
    ok 5 - THEME_SUSPENSE_CLUSTER_SILENT fires when ≥3 high-suspense scenes carry no theme
      ---
      duration_ms: 0.925516
      type: 'test'
      ...
    # Subtest: THEME_SUSPENSE_CLUSTER_SILENT does NOT fire when a high-suspense scene carries the theme
    ok 6 - THEME_SUSPENSE_CLUSTER_SILENT does NOT fire when a high-suspense scene carries the theme
      ---
      duration_ms: 0.984662
      type: 'test'
      ...
    1..6
ok 1976 - Wave 279 — themePass: dramatic-turn decoupled, negative-shift silent, suspense cluster silent
  ---
  duration_ms: 6.318069
  type: 'suite'
  ...
# Subtest: Wave 265 — themePass: clue decoupled, curiosity decoupled, payoff decoupled
    # Subtest: THEME_CLUE_DECOUPLED fires when all clue-planting scenes are thematically silent
    ok 1 - THEME_CLUE_DECOUPLED fires when all clue-planting scenes are thematically silent
      ---
      duration_ms: 1.070272
      type: 'test'
      ...
    # Subtest: THEME_CLUE_DECOUPLED does NOT fire when at least one clue scene carries thematic language
    ok 2 - THEME_CLUE_DECOUPLED does NOT fire when at least one clue scene carries thematic language
      ---
      duration_ms: 0.939932
      type: 'test'
      ...
    # Subtest: THEME_CURIOSITY_DECOUPLED fires when all high-curiosity scenes are thematically silent
    ok 3 - THEME_CURIOSITY_DECOUPLED fires when all high-curiosity scenes are thematically silent
      ---
      duration_ms: 1.051604
      type: 'test'
      ...
    # Subtest: THEME_CURIOSITY_DECOUPLED does NOT fire when a curiosity spike carries thematic language
    ok 4 - THEME_CURIOSITY_DECOUPLED does NOT fire when a curiosity spike carries thematic language
      ---
      duration_ms: 0.931337
      type: 'test'
      ...
    # Subtest: THEME_PAYOFF_DECOUPLED fires when all payoff scenes are thematically silent
    ok 5 - THEME_PAYOFF_DECOUPLED fires when all payoff scenes are thematically silent
      ---
      duration_ms: 1.154652
      type: 'test'
      ...
    # Subtest: THEME_PAYOFF_DECOUPLED does NOT fire when at least one payoff scene carries thematic language
    ok 6 - THEME_PAYOFF_DECOUPLED does NOT fire when at least one payoff scene carries thematic language
      ---
      duration_ms: 1.237144
      type: 'test'
      ...
    1..6
ok 1977 - Wave 265 — themePass: clue decoupled, curiosity decoupled, payoff decoupled
  ---
  duration_ms: 6.6505
  type: 'suite'
  ...
# Subtest: Wave 251 — themePass: final scene silent, positive shift silent, resonance clustering
    # Subtest: THEME_FINAL_SCENE_SILENT fires when the final scene contains no thematic language
    ok 1 - THEME_FINAL_SCENE_SILENT fires when the final scene contains no thematic language
      ---
      duration_ms: 1.021579
      type: 'test'
      ...
    # Subtest: THEME_FINAL_SCENE_SILENT does NOT fire when the final scene contains thematic language
    ok 2 - THEME_FINAL_SCENE_SILENT does NOT fire when the final scene contains thematic language
      ---
      duration_ms: 0.903494
      type: 'test'
      ...
    # Subtest: THEME_POSITIVE_SHIFT_SILENT fires when all positive-shift scenes lack thematic language
    ok 3 - THEME_POSITIVE_SHIFT_SILENT fires when all positive-shift scenes lack thematic language
      ---
      duration_ms: 0.751194
      type: 'test'
      ...
    # Subtest: THEME_POSITIVE_SHIFT_SILENT does NOT fire when at least one positive-shift scene is thematically resonant
    ok 4 - THEME_POSITIVE_SHIFT_SILENT does NOT fire when at least one positive-shift scene is thematically resonant
      ---
      duration_ms: 0.691677
      type: 'test'
      ...
    # Subtest: THEME_RESONANCE_CLUSTERING fires when 65%+ of resonant scenes cluster in one act zone
    ok 5 - THEME_RESONANCE_CLUSTERING fires when 65%+ of resonant scenes cluster in one act zone
      ---
      duration_ms: 0.989468
      type: 'test'
      ...
    # Subtest: THEME_RESONANCE_CLUSTERING does NOT fire when resonant scenes are distributed across acts
    ok 6 - THEME_RESONANCE_CLUSTERING does NOT fire when resonant scenes are distributed across acts
      ---
      duration_ms: 0.903341
      type: 'test'
      ...
    1..6
ok 1978 - Wave 251 — themePass: final scene silent, positive shift silent, resonance clustering
  ---
  duration_ms: 5.521859
  type: 'suite'
  ...
# Subtest: Wave 237 — themePass: revelation decoupled, clock resonance absent, relationship-shift decoupled
    # Subtest: THEME_REVELATION_DECOUPLED fires when all revelation scenes lack thematic language
    ok 1 - THEME_REVELATION_DECOUPLED fires when all revelation scenes lack thematic language
      ---
      duration_ms: 1.14535
      type: 'test'
      ...
    # Subtest: THEME_REVELATION_DECOUPLED does NOT fire when at least one revelation carries thematic language
    ok 2 - THEME_REVELATION_DECOUPLED does NOT fire when at least one revelation carries thematic language
      ---
      duration_ms: 0.873774
      type: 'test'
      ...
    # Subtest: THEME_CLOCK_RESONANCE_ABSENT fires when clock scenes all lack thematic language
    ok 3 - THEME_CLOCK_RESONANCE_ABSENT fires when clock scenes all lack thematic language
      ---
      duration_ms: 0.895993
      type: 'test'
      ...
    # Subtest: THEME_CLOCK_RESONANCE_ABSENT does NOT fire when at least one clock scene carries thematic language
    ok 4 - THEME_CLOCK_RESONANCE_ABSENT does NOT fire when at least one clock scene carries thematic language
      ---
      duration_ms: 0.802344
      type: 'test'
      ...
    # Subtest: THEME_RELATIONSHIP_SHIFT_DECOUPLED fires when all relationship-shift scenes lack thematic language
    ok 5 - THEME_RELATIONSHIP_SHIFT_DECOUPLED fires when all relationship-shift scenes lack thematic language
      ---
      duration_ms: 1.021086
      type: 'test'
      ...
    # Subtest: THEME_RELATIONSHIP_SHIFT_DECOUPLED does NOT fire when at least one relationship-shift scene carries thematic language
    ok 6 - THEME_RELATIONSHIP_SHIFT_DECOUPLED does NOT fire when at least one relationship-shift scene carries thematic language
      ---
      duration_ms: 0.84693
      type: 'test'
      ...
    1..6
ok 1979 - Wave 237 — themePass: revelation decoupled, clock resonance absent, relationship-shift decoupled
  ---
  duration_ms: 5.884032
  type: 'suite'
  ...
# Subtest: Wave 208 — themePass: consecutive resonant surfeit, first-act resolution, subplot isolation
    # Subtest: THEME_CONSECUTIVE_RESONANT_SURFEIT fires when 5+ consecutive scenes all carry the theme
    ok 1 - THEME_CONSECUTIVE_RESONANT_SURFEIT fires when 5+ consecutive scenes all carry the theme
      ---
      duration_ms: 1.540337
      type: 'test'
      ...
    # Subtest: THEME_CONSECUTIVE_RESONANT_SURFEIT does NOT fire when the longest resonant run is under 5
    ok 2 - THEME_CONSECUTIVE_RESONANT_SURFEIT does NOT fire when the longest resonant run is under 5
      ---
      duration_ms: 1.006541
      type: 'test'
      ...
    # Subtest: THEME_FIRST_ACT_RESOLUTION fires when Act 1 answers the theme before testing it
    ok 3 - THEME_FIRST_ACT_RESOLUTION fires when Act 1 answers the theme before testing it
      ---
      duration_ms: 0.77979
      type: 'test'
      ...
    # Subtest: THEME_FIRST_ACT_RESOLUTION does NOT fire when the Act 1 thematic scene is neutral rather than resolved
    ok 4 - THEME_FIRST_ACT_RESOLUTION does NOT fire when the Act 1 thematic scene is neutral rather than resolved
      ---
      duration_ms: 0.777729
      type: 'test'
      ...
    # Subtest: THEME_SUBPLOT_ISOLATION fires when theme only appears in revelation/exposition scenes
    ok 5 - THEME_SUBPLOT_ISOLATION fires when theme only appears in revelation/exposition scenes
      ---
      duration_ms: 0.785158
      type: 'test'
      ...
    # Subtest: THEME_SUBPLOT_ISOLATION does NOT fire when at least one action scene carries the theme
    ok 6 - THEME_SUBPLOT_ISOLATION does NOT fire when at least one action scene carries the theme
      ---
      duration_ms: 0.758395
      type: 'test'
      ...
    1..6
ok 1980 - Wave 208 — themePass: consecutive resonant surfeit, first-act resolution, subplot isolation
  ---
  duration_ms: 5.905529
  type: 'suite'
  ...
# Subtest: Wave 194 — themePass: act2 desert, resolution silent, density inversion
    # Subtest: THEME_ACT2_DESERT fires when act2 has fewer than 30% resonant scenes
    ok 1 - THEME_ACT2_DESERT fires when act2 has fewer than 30% resonant scenes
      ---
      duration_ms: 1.497827
      type: 'test'
      ...
    # Subtest: THEME_ACT2_DESERT does not fire when act2 has sufficient resonance
    ok 2 - THEME_ACT2_DESERT does not fire when act2 has sufficient resonance
      ---
      duration_ms: 1.050109
      type: 'test'
      ...
    # Subtest: THEME_RESOLUTION_SILENT fires when the final scene has no thematic language
    ok 3 - THEME_RESOLUTION_SILENT fires when the final scene has no thematic language
      ---
      duration_ms: 0.733509
      type: 'test'
      ...
    # Subtest: THEME_RESOLUTION_SILENT does not fire when the final scene carries the theme
    ok 4 - THEME_RESOLUTION_SILENT does not fire when the final scene carries the theme
      ---
      duration_ms: 0.715077
      type: 'test'
      ...
    # Subtest: THEME_DENSITY_INVERSION fires when first half has more resonant scenes than second
    ok 5 - THEME_DENSITY_INVERSION fires when first half has more resonant scenes than second
      ---
      duration_ms: 1.077666
      type: 'test'
      ...
    # Subtest: THEME_DENSITY_INVERSION does not fire when second half has more resonant scenes
    ok 6 - THEME_DENSITY_INVERSION does not fire when second half has more resonant scenes
      ---
      duration_ms: 1.018163
      type: 'test'
      ...
    1..6
ok 1981 - Wave 194 — themePass: act2 desert, resolution silent, density inversion
  ---
  duration_ms: 6.375347
  type: 'suite'
  ...
# Subtest: Wave 162 — themePass: midpoint silent, accelerating density absent, act3 dialectic
    # Subtest: themePass detects THEME_MIDPOINT_SILENT when midpoint zone lacks thematic language
    ok 1 - themePass detects THEME_MIDPOINT_SILENT when midpoint zone lacks thematic language
      ---
      duration_ms: 1.252056
      type: 'test'
      ...
    # Subtest: themePass does NOT fire THEME_MIDPOINT_SILENT when midpoint has theme language
    ok 2 - themePass does NOT fire THEME_MIDPOINT_SILENT when midpoint has theme language
      ---
      duration_ms: 1.101896
      type: 'test'
      ...
    # Subtest: themePass detects THEME_ACCELERATING_DENSITY_ABSENT when theme fades toward climax
    ok 3 - themePass detects THEME_ACCELERATING_DENSITY_ABSENT when theme fades toward climax
      ---
      duration_ms: 1.288856
      type: 'test'
      ...
    # Subtest: themePass detects THEME_DIALECTIC_IN_ACT3_ABSENT when Act 3 only affirms theme
    ok 4 - themePass detects THEME_DIALECTIC_IN_ACT3_ABSENT when Act 3 only affirms theme
      ---
      duration_ms: 5.056902
      type: 'test'
      ...
    # Subtest: themePass does NOT fire THEME_DIALECTIC_IN_ACT3_ABSENT when Act 3 also challenges theme
    ok 5 - themePass does NOT fire THEME_DIALECTIC_IN_ACT3_ABSENT when Act 3 also challenges theme
      ---
      duration_ms: 1.083343
      type: 'test'
      ...
    1..5
ok 1982 - Wave 162 — themePass: midpoint silent, accelerating density absent, act3 dialectic
  ---
  duration_ms: 10.067843
  type: 'suite'
  ...
# {"time":"2026-08-05T02:28:57.864Z","level":"warn","msg":"collab_secret_generated","message":"COLLAB_SECRET not set — generated an ephemeral per-process secret. Set COLLAB_SECRET in any multi-process or restart-prone deployment."}
# {"time":"2026-08-05T02:28:57.921Z","level":"warn","msg":"revision_rewrite_failed","passName":"voice","message":"Gemini provider not available (GEMINI_API_KEY not set)"}
# {"time":"2026-08-05T02:28:57.925Z","level":"warn","msg":"revision_rewrite_failed","passName":"voice","message":"Gemini provider not available (GEMINI_API_KEY not set)"}
# {"time":"2026-08-05T02:28:57.941Z","level":"warn","msg":"revision_rewrite_failed","passName":"voice","message":"Gemini provider not available (GEMINI_API_KEY not set)"}
# {"time":"2026-08-05T02:28:57.943Z","level":"warn","msg":"revision_rewrite_failed","passName":"voice","message":"Gemini provider not available (GEMINI_API_KEY not set)"}
# {"time":"2026-08-05T02:28:57.946Z","level":"warn","msg":"revision_rewrite_failed","passName":"voice","message":"Gemini provider not available (GEMINI_API_KEY not set)"}
# {"time":"2026-08-05T02:28:57.949Z","level":"warn","msg":"revision_rewrite_failed","passName":"voice","message":"Gemini provider not available (GEMINI_API_KEY not set)"}
# {"time":"2026-08-05T02:28:57.961Z","level":"warn","msg":"revision_rewrite_failed","passName":"voice","message":"Gemini provider not available (GEMINI_API_KEY not set)"}
# {"time":"2026-08-05T02:28:57.963Z","level":"warn","msg":"revision_rewrite_failed","passName":"voice","message":"Gemini provider not available (GEMINI_API_KEY not set)"}
# {"time":"2026-08-05T02:28:57.965Z","level":"warn","msg":"revision_rewrite_failed","passName":"voice","message":"Gemini provider not available (GEMINI_API_KEY not set)"}
# {"time":"2026-08-05T02:28:57.969Z","level":"warn","msg":"revision_rewrite_failed","passName":"voice","message":"Gemini provider not available (GEMINI_API_KEY not set)"}
# {"time":"2026-08-05T02:28:57.971Z","level":"warn","msg":"revision_rewrite_failed","passName":"voice","message":"Gemini provider not available (GEMINI_API_KEY not set)"}
# {"time":"2026-08-05T02:28:57.972Z","level":"warn","msg":"revision_rewrite_failed","passName":"voice","message":"Gemini provider not available (GEMINI_API_KEY not set)"}
# {"time":"2026-08-05T02:28:57.981Z","level":"warn","msg":"revision_rewrite_failed","passName":"voice","message":"Gemini provider not available (GEMINI_API_KEY not set)"}
# {"time":"2026-08-05T02:28:57.985Z","level":"warn","msg":"revision_rewrite_failed","passName":"voice","message":"Gemini provider not available (GEMINI_API_KEY not set)"}
# {"time":"2026-08-05T02:28:57.987Z","level":"warn","msg":"revision_rewrite_failed","passName":"voice","message":"Gemini provider not available (GEMINI_API_KEY not set)"}
# {"time":"2026-08-05T02:28:57.989Z","level":"warn","msg":"revision_rewrite_failed","passName":"voice","message":"Gemini provider not available (GEMINI_API_KEY not set)"}
# {"time":"2026-08-05T02:28:57.991Z","level":"warn","msg":"revision_rewrite_failed","passName":"voice","message":"Gemini provider not available (GEMINI_API_KEY not set)"}
# {"time":"2026-08-05T02:28:57.997Z","level":"warn","msg":"revision_rewrite_failed","passName":"voice","message":"Gemini provider not available (GEMINI_API_KEY not set)"}
# {"time":"2026-08-05T02:28:58.002Z","level":"warn","msg":"revision_rewrite_failed","passName":"voice","message":"Gemini provider not available (GEMINI_API_KEY not set)"}
# {"time":"2026-08-05T02:28:58.004Z","level":"warn","msg":"revision_rewrite_failed","passName":"voice","message":"Gemini provider not available (GEMINI_API_KEY not set)"}
# {"time":"2026-08-05T02:28:58.006Z","level":"warn","msg":"revision_rewrite_failed","passName":"voice","message":"Gemini provider not available (GEMINI_API_KEY not set)"}
# {"time":"2026-08-05T02:28:58.011Z","level":"warn","msg":"revision_rewrite_failed","passName":"voice","message":"Gemini provider not available (GEMINI_API_KEY not set)"}
# {"time":"2026-08-05T02:28:58.013Z","level":"warn","msg":"revision_rewrite_failed","passName":"voice","message":"Gemini provider not available (GEMINI_API_KEY not set)"}
# {"time":"2026-08-05T02:28:58.014Z","level":"warn","msg":"revision_rewrite_failed","passName":"voice","message":"Gemini provider not available (GEMINI_API_KEY not set)"}
# {"time":"2026-08-05T02:28:58.018Z","level":"warn","msg":"revision_rewrite_failed","passName":"voice","message":"Gemini provider not available (GEMINI_API_KEY not set)"}
# {"time":"2026-08-05T02:28:58.020Z","level":"warn","msg":"revision_rewrite_failed","passName":"voice","message":"Gemini provider not available (GEMINI_API_KEY not set)"}
# {"time":"2026-08-05T02:28:58.022Z","level":"warn","msg":"revision_rewrite_failed","passName":"voice","message":"Gemini provider not available (GEMINI_API_KEY not set)"}
# {"time":"2026-08-05T02:28:58.024Z","level":"warn","msg":"revision_rewrite_failed","passName":"voice","message":"Gemini provider not available (GEMINI_API_KEY not set)"}
# {"time":"2026-08-05T02:28:58.025Z","level":"warn","msg":"revision_rewrite_failed","passName":"voice","message":"Gemini provider not available (GEMINI_API_KEY not set)"}
# {"time":"2026-08-05T02:28:58.027Z","level":"warn","msg":"revision_rewrite_failed","passName":"voice","message":"Gemini provider not available (GEMINI_API_KEY not set)"}
# {"time":"2026-08-05T02:28:58.030Z","level":"warn","msg":"revision_rewrite_failed","passName":"voice","message":"Gemini provider not available (GEMINI_API_KEY not set)"}
# {"time":"2026-08-05T02:28:58.032Z","level":"warn","msg":"revision_rewrite_failed","passName":"voice","message":"Gemini provider not available (GEMINI_API_KEY not set)"}
# {"time":"2026-08-05T02:28:58.034Z","level":"warn","msg":"revision_rewrite_failed","passName":"voice","message":"Gemini provider not available (GEMINI_API_KEY not set)"}
# {"time":"2026-08-05T02:28:58.035Z","level":"warn","msg":"revision_rewrite_failed","passName":"voice","message":"Gemini provider not available (GEMINI_API_KEY not set)"}
# {"time":"2026-08-05T02:28:58.037Z","level":"warn","msg":"revision_rewrite_failed","passName":"voice","message":"Gemini provider not available (GEMINI_API_KEY not set)"}
# {"time":"2026-08-05T02:28:58.039Z","level":"warn","msg":"revision_rewrite_failed","passName":"voice","message":"Gemini provider not available (GEMINI_API_KEY not set)"}
# {"time":"2026-08-05T02:28:58.042Z","level":"warn","msg":"revision_rewrite_failed","passName":"voice","message":"Gemini provider not available (GEMINI_API_KEY not set)"}
# {"time":"2026-08-05T02:28:58.051Z","level":"warn","msg":"revision_rewrite_failed","passName":"voice","message":"Gemini provider not available (GEMINI_API_KEY not set)"}
# {"time":"2026-08-05T02:28:58.053Z","level":"warn","msg":"revision_rewrite_failed","passName":"voice","message":"Gemini provider not available (GEMINI_API_KEY not set)"}
# {"time":"2026-08-05T02:28:58.055Z","level":"warn","msg":"revision_rewrite_failed","passName":"voice","message":"Gemini provider not available (GEMINI_API_KEY not set)"}
# {"time":"2026-08-05T02:28:58.056Z","level":"warn","msg":"revision_rewrite_failed","passName":"voice","message":"Gemini provider not available (GEMINI_API_KEY not set)"}
# {"time":"2026-08-05T02:28:58.058Z","level":"warn","msg":"revision_rewrite_failed","passName":"voice","message":"Gemini provider not available (GEMINI_API_KEY not set)"}
# {"time":"2026-08-05T02:28:58.060Z","level":"warn","msg":"revision_rewrite_failed","passName":"voice","message":"Gemini provider not available (GEMINI_API_KEY not set)"}
# {"time":"2026-08-05T02:28:58.062Z","level":"warn","msg":"revision_rewrite_failed","passName":"voice","message":"Gemini provider not available (GEMINI_API_KEY not set)"}
# {"time":"2026-08-05T02:28:58.063Z","level":"warn","msg":"revision_rewrite_failed","passName":"voice","message":"Gemini provider not available (GEMINI_API_KEY not set)"}
# {"time":"2026-08-05T02:28:58.065Z","level":"warn","msg":"revision_rewrite_failed","passName":"voice","message":"Gemini provider not available (GEMINI_API_KEY not set)"}
# {"time":"2026-08-05T02:28:58.066Z","level":"warn","msg":"revision_rewrite_failed","passName":"voice","message":"Gemini provider not available (GEMINI_API_KEY not set)"}
# {"time":"2026-08-05T02:28:58.068Z","level":"warn","msg":"revision_rewrite_failed","passName":"voice","message":"Gemini provider not available (GEMINI_API_KEY not set)"}
# {"time":"2026-08-05T02:28:58.070Z","level":"warn","msg":"revision_rewrite_failed","passName":"voice","message":"Gemini provider not available (GEMINI_API_KEY not set)"}
# {"time":"2026-08-05T02:28:58.071Z","level":"warn","msg":"revision_rewrite_failed","passName":"voice","message":"Gemini provider not available (GEMINI_API_KEY not set)"}
# {"time":"2026-08-05T02:28:58.073Z","level":"warn","msg":"revision_rewrite_failed","passName":"voice","message":"Gemini provider not available (GEMINI_API_KEY not set)"}
# {"time":"2026-08-05T02:28:58.075Z","level":"warn","msg":"revision_rewrite_failed","passName":"voice","message":"Gemini provider not available (GEMINI_API_KEY not set)"}
# {"time":"2026-08-05T02:28:58.076Z","level":"warn","msg":"revision_rewrite_failed","passName":"voice","message":"Gemini provider not available (GEMINI_API_KEY not set)"}
# {"time":"2026-08-05T02:28:58.078Z","level":"warn","msg":"revision_rewrite_failed","passName":"voice","message":"Gemini provider not available (GEMINI_API_KEY not set)"}
# {"time":"2026-08-05T02:28:58.081Z","level":"warn","msg":"revision_rewrite_failed","passName":"voice","message":"Gemini provider not available (GEMINI_API_KEY not set)"}
# {"time":"2026-08-05T02:28:58.082Z","level":"warn","msg":"revision_rewrite_failed","passName":"voice","message":"Gemini provider not available (GEMINI_API_KEY not set)"}
# {"time":"2026-08-05T02:28:58.084Z","level":"warn","msg":"revision_rewrite_failed","passName":"voice","message":"Gemini provider not available (GEMINI_API_KEY not set)"}
# {"time":"2026-08-05T02:28:58.085Z","level":"warn","msg":"revision_rewrite_failed","passName":"voice","message":"Gemini provider not available (GEMINI_API_KEY not set)"}
# {"time":"2026-08-05T02:28:58.087Z","level":"warn","msg":"revision_rewrite_failed","passName":"voice","message":"Gemini provider not available (GEMINI_API_KEY not set)"}
# {"time":"2026-08-05T02:28:58.088Z","level":"warn","msg":"revision_rewrite_failed","passName":"voice","message":"Gemini provider not available (GEMINI_API_KEY not set)"}
# {"time":"2026-08-05T02:28:58.090Z","level":"warn","msg":"revision_rewrite_failed","passName":"voice","message":"Gemini provider not available (GEMINI_API_KEY not set)"}
# {"time":"2026-08-05T02:28:58.091Z","level":"warn","msg":"revision_rewrite_failed","passName":"voice","message":"Gemini provider not available (GEMINI_API_KEY not set)"}
# {"time":"2026-08-05T02:28:58.093Z","level":"warn","msg":"revision_rewrite_failed","passName":"voice","message":"Gemini provider not available (GEMINI_API_KEY not set)"}
# {"time":"2026-08-05T02:28:58.095Z","level":"warn","msg":"revision_rewrite_failed","passName":"voice","message":"Gemini provider not available (GEMINI_API_KEY not set)"}
# {"time":"2026-08-05T02:28:58.096Z","level":"warn","msg":"revision_rewrite_failed","passName":"voice","message":"Gemini provider not available (GEMINI_API_KEY not set)"}
# {"time":"2026-08-05T02:28:58.098Z","level":"warn","msg":"revision_rewrite_failed","passName":"voice","message":"Gemini provider not available (GEMINI_API_KEY not set)"}
# {"time":"2026-08-05T02:28:58.099Z","level":"warn","msg":"revision_rewrite_failed","passName":"voice","message":"Gemini provider not available (GEMINI_API_KEY not set)"}
# {"time":"2026-08-05T02:28:58.101Z","level":"warn","msg":"revision_rewrite_failed","passName":"voice","message":"Gemini provider not available (GEMINI_API_KEY not set)"}
# {"time":"2026-08-05T02:28:58.102Z","level":"warn","msg":"revision_rewrite_failed","passName":"voice","message":"Gemini provider not available (GEMINI_API_KEY not set)"}
# {"time":"2026-08-05T02:28:58.104Z","level":"warn","msg":"revision_rewrite_failed","passName":"voice","message":"Gemini provider not available (GEMINI_API_KEY not set)"}
# {"time":"2026-08-05T02:28:58.105Z","level":"warn","msg":"revision_rewrite_failed","passName":"voice","message":"Gemini provider not available (GEMINI_API_KEY not set)"}
# {"time":"2026-08-05T02:28:58.107Z","level":"warn","msg":"revision_rewrite_failed","passName":"voice","message":"Gemini provider not available (GEMINI_API_KEY not set)"}
# {"time":"2026-08-05T02:28:58.111Z","level":"warn","msg":"revision_rewrite_failed","passName":"voice","message":"Gemini provider not available (GEMINI_API_KEY not set)"}
# {"time":"2026-08-05T02:28:58.113Z","level":"warn","msg":"revision_rewrite_failed","passName":"voice","message":"Gemini provider not available (GEMINI_API_KEY not set)"}
# {"time":"2026-08-05T02:28:58.114Z","level":"warn","msg":"revision_rewrite_failed","passName":"voice","message":"Gemini provider not available (GEMINI_API_KEY not set)"}
# {"time":"2026-08-05T02:28:58.116Z","level":"warn","msg":"revision_rewrite_failed","passName":"voice","message":"Gemini provider not available (GEMINI_API_KEY not set)"}
# {"time":"2026-08-05T02:28:58.117Z","level":"warn","msg":"revision_rewrite_failed","passName":"voice","message":"Gemini provider not available (GEMINI_API_KEY not set)"}
# {"time":"2026-08-05T02:28:58.119Z","level":"warn","msg":"revision_rewrite_failed","passName":"voice","message":"Gemini provider not available (GEMINI_API_KEY not set)"}
# {"time":"2026-08-05T02:28:58.120Z","level":"warn","msg":"revision_rewrite_failed","passName":"voice","message":"Gemini provider not available (GEMINI_API_KEY not set)"}
# {"time":"2026-08-05T02:28:58.122Z","level":"warn","msg":"revision_rewrite_failed","passName":"voice","message":"Gemini provider not available (GEMINI_API_KEY not set)"}
# {"time":"2026-08-05T02:28:58.123Z","level":"warn","msg":"revision_rewrite_failed","passName":"voice","message":"Gemini provider not available (GEMINI_API_KEY not set)"}
# {"time":"2026-08-05T02:28:58.125Z","level":"warn","msg":"revision_rewrite_failed","passName":"voice","message":"Gemini provider not available (GEMINI_API_KEY not set)"}
# {"time":"2026-08-05T02:28:58.126Z","level":"warn","msg":"revision_rewrite_failed","passName":"voice","message":"Gemini provider not available (GEMINI_API_KEY not set)"}
# {"time":"2026-08-05T02:28:58.128Z","level":"warn","msg":"revision_rewrite_failed","passName":"voice","message":"Gemini provider not available (GEMINI_API_KEY not set)"}
# {"time":"2026-08-05T02:28:58.129Z","level":"warn","msg":"revision_rewrite_failed","passName":"voice","message":"Gemini provider not available (GEMINI_API_KEY not set)"}
# {"time":"2026-08-05T02:28:58.131Z","level":"warn","msg":"revision_rewrite_failed","passName":"voice","message":"Gemini provider not available (GEMINI_API_KEY not set)"}
# {"time":"2026-08-05T02:28:58.132Z","level":"warn","msg":"revision_rewrite_failed","passName":"voice","message":"Gemini provider not available (GEMINI_API_KEY not set)"}
# {"time":"2026-08-05T02:28:58.134Z","level":"warn","msg":"revision_rewrite_failed","passName":"voice","message":"Gemini provider not available (GEMINI_API_KEY not set)"}
# {"time":"2026-08-05T02:28:58.136Z","level":"warn","msg":"revision_rewrite_failed","passName":"voice","message":"Gemini provider not available (GEMINI_API_KEY not set)"}
# {"time":"2026-08-05T02:28:58.138Z","level":"warn","msg":"revision_rewrite_failed","passName":"voice","message":"Gemini provider not available (GEMINI_API_KEY not set)"}
# {"time":"2026-08-05T02:28:58.139Z","level":"warn","msg":"revision_rewrite_failed","passName":"voice","message":"Gemini provider not available (GEMINI_API_KEY not set)"}
# {"time":"2026-08-05T02:28:58.141Z","level":"warn","msg":"revision_rewrite_failed","passName":"voice","message":"Gemini provider not available (GEMINI_API_KEY not set)"}
# {"time":"2026-08-05T02:28:58.142Z","level":"warn","msg":"revision_rewrite_failed","passName":"voice","message":"Gemini provider not available (GEMINI_API_KEY not set)"}
# {"time":"2026-08-05T02:28:58.144Z","level":"warn","msg":"revision_rewrite_failed","passName":"voice","message":"Gemini provider not available (GEMINI_API_KEY not set)"}
# {"time":"2026-08-05T02:28:58.145Z","level":"warn","msg":"revision_rewrite_failed","passName":"voice","message":"Gemini provider not available (GEMINI_API_KEY not set)"}
# {"time":"2026-08-05T02:28:58.147Z","level":"warn","msg":"revision_rewrite_failed","passName":"voice","message":"Gemini provider not available (GEMINI_API_KEY not set)"}
# {"time":"2026-08-05T02:28:58.152Z","level":"warn","msg":"revision_rewrite_failed","passName":"voice","message":"Gemini provider not available (GEMINI_API_KEY not set)"}
# {"time":"2026-08-05T02:28:58.154Z","level":"warn","msg":"revision_rewrite_failed","passName":"voice","message":"Gemini provider not available (GEMINI_API_KEY not set)"}
# {"time":"2026-08-05T02:28:58.155Z","level":"warn","msg":"revision_rewrite_failed","passName":"voice","message":"Gemini provider not available (GEMINI_API_KEY not set)"}
# {"time":"2026-08-05T02:28:58.161Z","level":"warn","msg":"revision_rewrite_failed","passName":"voice","message":"Gemini provider not available (GEMINI_API_KEY not set)"}
# {"time":"2026-08-05T02:28:58.162Z","level":"warn","msg":"revision_rewrite_failed","passName":"voice","message":"Gemini provider not available (GEMINI_API_KEY not set)"}
# {"time":"2026-08-05T02:28:58.168Z","level":"warn","msg":"revision_rewrite_failed","passName":"voice","message":"Gemini provider not available (GEMINI_API_KEY not set)"}
# {"time":"2026-08-05T02:28:58.170Z","level":"warn","msg":"revision_rewrite_failed","passName":"voice","message":"Gemini provider not available (GEMINI_API_KEY not set)"}
# {"time":"2026-08-05T02:28:58.171Z","level":"warn","msg":"revision_rewrite_failed","passName":"voice","message":"Gemini provider not available (GEMINI_API_KEY not set)"}
# {"time":"2026-08-05T02:28:58.173Z","level":"warn","msg":"revision_rewrite_failed","passName":"voice","message":"Gemini provider not available (GEMINI_API_KEY not set)"}
# {"time":"2026-08-05T02:28:58.175Z","level":"warn","msg":"revision_rewrite_failed","passName":"voice","message":"Gemini provider not available (GEMINI_API_KEY not set)"}
# {"time":"2026-08-05T02:28:58.176Z","level":"warn","msg":"revision_rewrite_failed","passName":"voice","message":"Gemini provider not available (GEMINI_API_KEY not set)"}
# {"time":"2026-08-05T02:28:58.178Z","level":"warn","msg":"revision_rewrite_failed","passName":"voice","message":"Gemini provider not available (GEMINI_API_KEY not set)"}
# {"time":"2026-08-05T02:28:58.183Z","level":"warn","msg":"revision_rewrite_failed","passName":"voice","message":"Gemini provider not available (GEMINI_API_KEY not set)"}
# {"time":"2026-08-05T02:28:58.185Z","level":"warn","msg":"revision_rewrite_failed","passName":"voice","message":"Gemini provider not available (GEMINI_API_KEY not set)"}
# {"time":"2026-08-05T02:28:58.187Z","level":"warn","msg":"revision_rewrite_failed","passName":"voice","message":"Gemini provider not available (GEMINI_API_KEY not set)"}
# {"time":"2026-08-05T02:28:58.191Z","level":"warn","msg":"revision_rewrite_failed","passName":"voice","message":"Gemini provider not available (GEMINI_API_KEY not set)"}
# {"time":"2026-08-05T02:28:58.193Z","level":"warn","msg":"revision_rewrite_failed","passName":"voice","message":"Gemini provider not available (GEMINI_API_KEY not set)"}
# {"time":"2026-08-05T02:28:58.194Z","level":"warn","msg":"revision_rewrite_failed","passName":"voice","message":"Gemini provider not available (GEMINI_API_KEY not set)"}
# {"time":"2026-08-05T02:28:58.196Z","level":"warn","msg":"revision_rewrite_failed","passName":"voice","message":"Gemini provider not available (GEMINI_API_KEY not set)"}
# {"time":"2026-08-05T02:28:58.198Z","level":"warn","msg":"revision_rewrite_failed","passName":"voice","message":"Gemini provider not available (GEMINI_API_KEY not set)"}
# {"time":"2026-08-05T02:28:58.199Z","level":"warn","msg":"revision_rewrite_failed","passName":"voice","message":"Gemini provider not available (GEMINI_API_KEY not set)"}
# {"time":"2026-08-05T02:28:58.200Z","level":"warn","msg":"revision_rewrite_failed","passName":"voice","message":"Gemini provider not available (GEMINI_API_KEY not set)"}
# {"time":"2026-08-05T02:28:58.202Z","level":"warn","msg":"revision_rewrite_failed","passName":"voice","message":"Gemini provider not available (GEMINI_API_KEY not set)"}
# {"time":"2026-08-05T02:28:58.203Z","level":"warn","msg":"revision_rewrite_failed","passName":"voice","message":"Gemini provider not available (GEMINI_API_KEY not set)"}
# {"time":"2026-08-05T02:28:58.209Z","level":"warn","msg":"revision_rewrite_failed","passName":"voice","message":"Gemini provider not available (GEMINI_API_KEY not set)"}
# {"time":"2026-08-05T02:28:58.211Z","level":"warn","msg":"revision_rewrite_failed","passName":"voice","message":"Gemini provider not available (GEMINI_API_KEY not set)"}
# {"time":"2026-08-05T02:28:58.213Z","level":"warn","msg":"revision_rewrite_failed","passName":"voice","message":"Gemini provider not available (GEMINI_API_KEY not set)"}
# {"time":"2026-08-05T02:28:58.214Z","level":"warn","msg":"revision_rewrite_failed","passName":"voice","message":"Gemini provider not available (GEMINI_API_KEY not set)"}
# {"time":"2026-08-05T02:28:58.215Z","level":"warn","msg":"revision_rewrite_failed","passName":"voice","message":"Gemini provider not available (GEMINI_API_KEY not set)"}
# {"time":"2026-08-05T02:28:58.217Z","level":"warn","msg":"revision_rewrite_failed","passName":"voice","message":"Gemini provider not available (GEMINI_API_KEY not set)"}
# {"time":"2026-08-05T02:28:58.218Z","level":"warn","msg":"revision_rewrite_failed","passName":"voice","message":"Gemini provider not available (GEMINI_API_KEY not set)"}
# {"time":"2026-08-05T02:28:58.220Z","level":"warn","msg":"revision_rewrite_failed","passName":"voice","message":"Gemini provider not available (GEMINI_API_KEY not set)"}
# {"time":"2026-08-05T02:28:58.221Z","level":"warn","msg":"revision_rewrite_failed","passName":"voice","message":"Gemini provider not available (GEMINI_API_KEY not set)"}
# {"time":"2026-08-05T02:28:58.222Z","level":"warn","msg":"revision_rewrite_failed","passName":"voice","message":"Gemini provider not available (GEMINI_API_KEY not set)"}
# {"time":"2026-08-05T02:28:58.224Z","level":"warn","msg":"revision_rewrite_failed","passName":"voice","message":"Gemini provider not available (GEMINI_API_KEY not set)"}
# {"time":"2026-08-05T02:28:58.225Z","level":"warn","msg":"revision_rewrite_failed","passName":"voice","message":"Gemini provider not available (GEMINI_API_KEY not set)"}
# {"time":"2026-08-05T02:28:58.227Z","level":"warn","msg":"revision_rewrite_failed","passName":"voice","message":"Gemini provider not available (GEMINI_API_KEY not set)"}
# {"time":"2026-08-05T02:28:58.229Z","level":"warn","msg":"revision_rewrite_failed","passName":"voice","message":"Gemini provider not available (GEMINI_API_KEY not set)"}
# {"time":"2026-08-05T02:28:58.230Z","level":"warn","msg":"revision_rewrite_failed","passName":"voice","message":"Gemini provider not available (GEMINI_API_KEY not set)"}
# {"time":"2026-08-05T02:28:58.231Z","level":"warn","msg":"revision_rewrite_failed","passName":"voice","message":"Gemini provider not available (GEMINI_API_KEY not set)"}
# {"time":"2026-08-05T02:28:58.233Z","level":"warn","msg":"revision_rewrite_failed","passName":"voice","message":"Gemini provider not available (GEMINI_API_KEY not set)"}
# {"time":"2026-08-05T02:28:58.234Z","level":"warn","msg":"revision_rewrite_failed","passName":"voice","message":"Gemini provider not available (GEMINI_API_KEY not set)"}
# {"time":"2026-08-05T02:28:58.236Z","level":"warn","msg":"revision_rewrite_failed","passName":"voice","message":"Gemini provider not available (GEMINI_API_KEY not set)"}
# {"time":"2026-08-05T02:28:58.237Z","level":"warn","msg":"revision_rewrite_failed","passName":"voice","message":"Gemini provider not available (GEMINI_API_KEY not set)"}
# {"time":"2026-08-05T02:28:58.239Z","level":"warn","msg":"revision_rewrite_failed","passName":"voice","message":"Gemini provider not available (GEMINI_API_KEY not set)"}
# {"time":"2026-08-05T02:28:58.240Z","level":"warn","msg":"revision_rewrite_failed","passName":"voice","message":"Gemini provider not available (GEMINI_API_KEY not set)"}
# {"time":"2026-08-05T02:28:58.242Z","level":"warn","msg":"revision_rewrite_failed","passName":"voice","message":"Gemini provider not available (GEMINI_API_KEY not set)"}
# {"time":"2026-08-05T02:28:58.243Z","level":"warn","msg":"revision_rewrite_failed","passName":"voice","message":"Gemini provider not available (GEMINI_API_KEY not set)"}
# {"time":"2026-08-05T02:28:58.245Z","level":"warn","msg":"revision_rewrite_failed","passName":"voice","message":"Gemini provider not available (GEMINI_API_KEY not set)"}
# {"time":"2026-08-05T02:28:58.258Z","level":"warn","msg":"revision_rewrite_failed","passName":"voice","message":"Gemini provider not available (GEMINI_API_KEY not set)"}
# {"time":"2026-08-05T02:28:58.260Z","level":"warn","msg":"revision_rewrite_failed","passName":"voice","message":"Gemini provider not available (GEMINI_API_KEY not set)"}
# {"time":"2026-08-05T02:28:58.261Z","level":"warn","msg":"revision_rewrite_failed","passName":"voice","message":"Gemini provider not available (GEMINI_API_KEY not set)"}
# {"time":"2026-08-05T02:28:58.262Z","level":"warn","msg":"revision_rewrite_failed","passName":"voice","message":"Gemini provider not available (GEMINI_API_KEY not set)"}
# {"time":"2026-08-05T02:28:58.264Z","level":"warn","msg":"revision_rewrite_failed","passName":"voice","message":"Gemini provider not available (GEMINI_API_KEY not set)"}
# {"time":"2026-08-05T02:28:58.265Z","level":"warn","msg":"revision_rewrite_failed","passName":"voice","message":"Gemini provider not available (GEMINI_API_KEY not set)"}
# {"time":"2026-08-05T02:28:58.267Z","level":"warn","msg":"revision_rewrite_failed","passName":"voice","message":"Gemini provider not available (GEMINI_API_KEY not set)"}
# {"time":"2026-08-05T02:28:58.269Z","level":"warn","msg":"revision_rewrite_failed","passName":"voice","message":"Gemini provider not available (GEMINI_API_KEY not set)"}
# {"time":"2026-08-05T02:28:58.270Z","level":"warn","msg":"revision_rewrite_failed","passName":"voice","message":"Gemini provider not available (GEMINI_API_KEY not set)"}
# {"time":"2026-08-05T02:28:58.271Z","level":"warn","msg":"revision_rewrite_failed","passName":"voice","message":"Gemini provider not available (GEMINI_API_KEY not set)"}
# {"time":"2026-08-05T02:28:58.273Z","level":"warn","msg":"revision_rewrite_failed","passName":"voice","message":"Gemini provider not available (GEMINI_API_KEY not set)"}
# {"time":"2026-08-05T02:28:58.274Z","level":"warn","msg":"revision_rewrite_failed","passName":"voice","message":"Gemini provider not available (GEMINI_API_KEY not set)"}
# {"time":"2026-08-05T02:28:58.276Z","level":"warn","msg":"revision_rewrite_failed","passName":"voice","message":"Gemini provider not available (GEMINI_API_KEY not set)"}
# {"time":"2026-08-05T02:28:58.277Z","level":"warn","msg":"revision_rewrite_failed","passName":"voice","message":"Gemini provider not available (GEMINI_API_KEY not set)"}
# {"time":"2026-08-05T02:28:58.279Z","level":"warn","msg":"revision_rewrite_failed","passName":"voice","message":"Gemini provider not available (GEMINI_API_KEY not set)"}
# {"time":"2026-08-05T02:28:58.280Z","level":"warn","msg":"revision_rewrite_failed","passName":"voice","message":"Gemini provider not available (GEMINI_API_KEY not set)"}
# {"time":"2026-08-05T02:28:58.281Z","level":"warn","msg":"revision_rewrite_failed","passName":"voice","message":"Gemini provider not available (GEMINI_API_KEY not set)"}
# {"time":"2026-08-05T02:28:58.283Z","level":"warn","msg":"revision_rewrite_failed","passName":"voice","message":"Gemini provider not available (GEMINI_API_KEY not set)"}
# {"time":"2026-08-05T02:28:58.284Z","level":"warn","msg":"revision_rewrite_failed","passName":"voice","message":"Gemini provider not available (GEMINI_API_KEY not set)"}
# {"time":"2026-08-05T02:28:58.286Z","level":"warn","msg":"revision_rewrite_failed","passName":"voice","message":"Gemini provider not available (GEMINI_API_KEY not set)"}
# {"time":"2026-08-05T02:28:58.287Z","level":"warn","msg":"revision_rewrite_failed","passName":"voice","message":"Gemini provider not available (GEMINI_API_KEY not set)"}
# {"time":"2026-08-05T02:28:58.288Z","level":"warn","msg":"revision_rewrite_failed","passName":"voice","message":"Gemini provider not available (GEMINI_API_KEY not set)"}
# {"time":"2026-08-05T02:28:58.289Z","level":"warn","msg":"revision_rewrite_failed","passName":"voice","message":"Gemini provider not available (GEMINI_API_KEY not set)"}
# {"time":"2026-08-05T02:28:58.291Z","level":"warn","msg":"revision_rewrite_failed","passName":"voice","message":"Gemini provider not available (GEMINI_API_KEY not set)"}
# {"time":"2026-08-05T02:28:58.292Z","level":"warn","msg":"revision_rewrite_failed","passName":"voice","message":"Gemini provider not available (GEMINI_API_KEY not set)"}
# {"time":"2026-08-05T02:28:58.294Z","level":"warn","msg":"revision_rewrite_failed","passName":"voice","message":"Gemini provider not available (GEMINI_API_KEY not set)"}
# {"time":"2026-08-05T02:28:58.295Z","level":"warn","msg":"revision_rewrite_failed","passName":"voice","message":"Gemini provider not available (GEMINI_API_KEY not set)"}
# {"time":"2026-08-05T02:28:58.297Z","level":"warn","msg":"revision_rewrite_failed","passName":"voice","message":"Gemini provider not available (GEMINI_API_KEY not set)"}
# {"time":"2026-08-05T02:28:58.298Z","level":"warn","msg":"revision_rewrite_failed","passName":"voice","message":"Gemini provider not available (GEMINI_API_KEY not set)"}
# {"time":"2026-08-05T02:28:58.299Z","level":"warn","msg":"revision_rewrite_failed","passName":"voice","message":"Gemini provider not available (GEMINI_API_KEY not set)"}
# {"time":"2026-08-05T02:28:58.301Z","level":"warn","msg":"revision_rewrite_failed","passName":"voice","message":"Gemini provider not available (GEMINI_API_KEY not set)"}
# {"time":"2026-08-05T02:28:58.302Z","level":"warn","msg":"revision_rewrite_failed","passName":"voice","message":"Gemini provider not available (GEMINI_API_KEY not set)"}
# {"time":"2026-08-05T02:28:58.303Z","level":"warn","msg":"revision_rewrite_failed","passName":"voice","message":"Gemini provider not available (GEMINI_API_KEY not set)"}
# {"time":"2026-08-05T02:28:58.305Z","level":"warn","msg":"revision_rewrite_failed","passName":"voice","message":"Gemini provider not available (GEMINI_API_KEY not set)"}
# {"time":"2026-08-05T02:28:58.306Z","level":"warn","msg":"revision_rewrite_failed","passName":"voice","message":"Gemini provider not available (GEMINI_API_KEY not set)"}
# {"time":"2026-08-05T02:28:58.307Z","level":"warn","msg":"revision_rewrite_failed","passName":"voice","message":"Gemini provider not available (GEMINI_API_KEY not set)"}
# {"time":"2026-08-05T02:28:58.309Z","level":"warn","msg":"revision_rewrite_failed","passName":"voice","message":"Gemini provider not available (GEMINI_API_KEY not set)"}
# {"time":"2026-08-05T02:28:58.310Z","level":"warn","msg":"revision_rewrite_failed","passName":"voice","message":"Gemini provider not available (GEMINI_API_KEY not set)"}
# {"time":"2026-08-05T02:28:58.312Z","level":"warn","msg":"revision_rewrite_failed","passName":"voice","message":"Gemini provider not available (GEMINI_API_KEY not set)"}
# {"time":"2026-08-05T02:28:58.316Z","level":"warn","msg":"revision_rewrite_failed","passName":"voice","message":"Gemini provider not available (GEMINI_API_KEY not set)"}
# {"time":"2026-08-05T02:28:58.317Z","level":"warn","msg":"revision_rewrite_failed","passName":"voice","message":"Gemini provider not available (GEMINI_API_KEY not set)"}
# {"time":"2026-08-05T02:28:58.319Z","level":"warn","msg":"revision_rewrite_failed","passName":"voice","message":"Gemini provider not available (GEMINI_API_KEY not set)"}
# {"time":"2026-08-05T02:28:58.321Z","level":"warn","msg":"revision_rewrite_failed","passName":"voice","message":"Gemini provider not available (GEMINI_API_KEY not set)"}
# {"time":"2026-08-05T02:28:58.322Z","level":"warn","msg":"revision_rewrite_failed","passName":"voice","message":"Gemini provider not available (GEMINI_API_KEY not set)"}
# {"time":"2026-08-05T02:28:58.323Z","level":"warn","msg":"revision_rewrite_failed","passName":"voice","message":"Gemini provider not available (GEMINI_API_KEY not set)"}
# {"time":"2026-08-05T02:28:58.325Z","level":"warn","msg":"revision_rewrite_failed","passName":"voice","message":"Gemini provider not available (GEMINI_API_KEY not set)"}
# {"time":"2026-08-05T02:28:58.326Z","level":"warn","msg":"revision_rewrite_failed","passName":"voice","message":"Gemini provider not available (GEMINI_API_KEY not set)"}
# {"time":"2026-08-05T02:28:58.328Z","level":"warn","msg":"revision_rewrite_failed","passName":"voice","message":"Gemini provider not available (GEMINI_API_KEY not set)"}
# {"time":"2026-08-05T02:28:58.329Z","level":"warn","msg":"revision_rewrite_failed","passName":"voice","message":"Gemini provider not available (GEMINI_API_KEY not set)"}
# {"time":"2026-08-05T02:28:58.331Z","level":"warn","msg":"revision_rewrite_failed","passName":"voice","message":"Gemini provider not available (GEMINI_API_KEY not set)"}
# {"time":"2026-08-05T02:28:58.332Z","level":"warn","msg":"revision_rewrite_failed","passName":"voice","message":"Gemini provider not available (GEMINI_API_KEY not set)"}
# {"time":"2026-08-05T02:28:58.333Z","level":"warn","msg":"revision_rewrite_failed","passName":"voice","message":"Gemini provider not available (GEMINI_API_KEY not set)"}
# {"time":"2026-08-05T02:28:58.334Z","level":"warn","msg":"revision_rewrite_failed","passName":"voice","message":"Gemini provider not available (GEMINI_API_KEY not set)"}
# {"time":"2026-08-05T02:28:58.336Z","level":"warn","msg":"revision_rewrite_failed","passName":"voice","message":"Gemini provider not available (GEMINI_API_KEY not set)"}
# {"time":"2026-08-05T02:28:58.337Z","level":"warn","msg":"revision_rewrite_failed","passName":"voice","message":"Gemini provider not available (GEMINI_API_KEY not set)"}
# {"time":"2026-08-05T02:28:58.338Z","level":"warn","msg":"revision_rewrite_failed","passName":"voice","message":"Gemini provider not available (GEMINI_API_KEY not set)"}
# {"time":"2026-08-05T02:28:58.340Z","level":"warn","msg":"revision_rewrite_failed","passName":"voice","message":"Gemini provider not available (GEMINI_API_KEY not set)"}
# {"time":"2026-08-05T02:28:58.341Z","level":"warn","msg":"revision_rewrite_failed","passName":"voice","message":"Gemini provider not available (GEMINI_API_KEY not set)"}
# {"time":"2026-08-05T02:28:58.342Z","level":"warn","msg":"revision_rewrite_failed","passName":"voice","message":"Gemini provider not available (GEMINI_API_KEY not set)"}
# {"time":"2026-08-05T02:28:58.344Z","level":"warn","msg":"revision_rewrite_failed","passName":"voice","message":"Gemini provider not available (GEMINI_API_KEY not set)"}
# {"time":"2026-08-05T02:28:58.346Z","level":"warn","msg":"revision_rewrite_failed","passName":"voice","message":"Gemini provider not available (GEMINI_API_KEY not set)"}
# {"time":"2026-08-05T02:28:58.347Z","level":"warn","msg":"revision_rewrite_failed","passName":"voice","message":"Gemini provider not available (GEMINI_API_KEY not set)"}
# {"time":"2026-08-05T02:28:58.349Z","level":"warn","msg":"revision_rewrite_failed","passName":"voice","message":"Gemini provider not available (GEMINI_API_KEY not set)"}
# {"time":"2026-08-05T02:28:58.350Z","level":"warn","msg":"revision_rewrite_failed","passName":"voice","message":"Gemini provider not available (GEMINI_API_KEY not set)"}
# {"time":"2026-08-05T02:28:58.351Z","level":"warn","msg":"revision_rewrite_failed","passName":"voice","message":"Gemini provider not available (GEMINI_API_KEY not set)"}
# {"time":"2026-08-05T02:28:58.353Z","level":"warn","msg":"revision_rewrite_failed","passName":"voice","message":"Gemini provider not available (GEMINI_API_KEY not set)"}
# {"time":"2026-08-05T02:28:58.354Z","level":"warn","msg":"revision_rewrite_failed","passName":"voice","message":"Gemini provider not available (GEMINI_API_KEY not set)"}
# {"time":"2026-08-05T02:28:58.355Z","level":"warn","msg":"revision_rewrite_failed","passName":"voice","message":"Gemini provider not available (GEMINI_API_KEY not set)"}
# {"time":"2026-08-05T02:28:58.356Z","level":"warn","msg":"revision_rewrite_failed","passName":"voice","message":"Gemini provider not available (GEMINI_API_KEY not set)"}
# {"time":"2026-08-05T02:28:58.358Z","level":"warn","msg":"revision_rewrite_failed","passName":"voice","message":"Gemini provider not available (GEMINI_API_KEY not set)"}
# {"time":"2026-08-05T02:28:58.359Z","level":"warn","msg":"revision_rewrite_failed","passName":"voice","message":"Gemini provider not available (GEMINI_API_KEY not set)"}
# {"time":"2026-08-05T02:28:58.361Z","level":"warn","msg":"revision_rewrite_failed","passName":"voice","message":"Gemini provider not available (GEMINI_API_KEY not set)"}
# {"time":"2026-08-05T02:28:58.362Z","level":"warn","msg":"revision_rewrite_failed","passName":"voice","message":"Gemini provider not available (GEMINI_API_KEY not set)"}
# {"time":"2026-08-05T02:28:58.363Z","level":"warn","msg":"revision_rewrite_failed","passName":"voice","message":"Gemini provider not available (GEMINI_API_KEY not set)"}
# {"time":"2026-08-05T02:28:58.365Z","level":"warn","msg":"revision_rewrite_failed","passName":"voice","message":"Gemini provider not available (GEMINI_API_KEY not set)"}
# {"time":"2026-08-05T02:28:58.366Z","level":"warn","msg":"revision_rewrite_failed","passName":"voice","message":"Gemini provider not available (GEMINI_API_KEY not set)"}
# {"time":"2026-08-05T02:28:58.371Z","level":"warn","msg":"revision_rewrite_failed","passName":"voice","message":"Gemini provider not available (GEMINI_API_KEY not set)"}
# {"time":"2026-08-05T02:28:58.373Z","level":"warn","msg":"revision_rewrite_failed","passName":"voice","message":"Gemini provider not available (GEMINI_API_KEY not set)"}
# {"time":"2026-08-05T02:28:58.374Z","level":"warn","msg":"revision_rewrite_failed","passName":"voice","message":"Gemini provider not available (GEMINI_API_KEY not set)"}
# {"time":"2026-08-05T02:28:58.383Z","level":"warn","msg":"revision_rewrite_failed","passName":"voice","message":"Gemini provider not available (GEMINI_API_KEY not set)"}
# {"time":"2026-08-05T02:28:58.384Z","level":"warn","msg":"revision_rewrite_failed","passName":"voice","message":"Gemini provider not available (GEMINI_API_KEY not set)"}
# {"time":"2026-08-05T02:28:58.386Z","level":"warn","msg":"revision_rewrite_failed","passName":"voice","message":"Gemini provider not available (GEMINI_API_KEY not set)"}
# {"time":"2026-08-05T02:28:58.387Z","level":"warn","msg":"revision_rewrite_failed","passName":"voice","message":"Gemini provider not available (GEMINI_API_KEY not set)"}
# {"time":"2026-08-05T02:28:58.389Z","level":"warn","msg":"revision_rewrite_failed","passName":"voice","message":"Gemini provider not available (GEMINI_API_KEY not set)"}
# {"time":"2026-08-05T02:28:58.390Z","level":"warn","msg":"revision_rewrite_failed","passName":"voice","message":"Gemini provider not available (GEMINI_API_KEY not set)"}
# {"time":"2026-08-05T02:28:58.391Z","level":"warn","msg":"revision_rewrite_failed","passName":"voice","message":"Gemini provider not available (GEMINI_API_KEY not set)"}
# {"time":"2026-08-05T02:28:58.392Z","level":"warn","msg":"revision_rewrite_failed","passName":"voice","message":"Gemini provider not available (GEMINI_API_KEY not set)"}
# {"time":"2026-08-05T02:28:58.394Z","level":"warn","msg":"revision_rewrite_failed","passName":"voice","message":"Gemini provider not available (GEMINI_API_KEY not set)"}
# {"time":"2026-08-05T02:28:58.395Z","level":"warn","msg":"revision_rewrite_failed","passName":"voice","message":"Gemini provider not available (GEMINI_API_KEY not set)"}
# {"time":"2026-08-05T02:28:58.397Z","level":"warn","msg":"revision_rewrite_failed","passName":"voice","message":"Gemini provider not available (GEMINI_API_KEY not set)"}
# {"time":"2026-08-05T02:28:58.398Z","level":"warn","msg":"revision_rewrite_failed","passName":"voice","message":"Gemini provider not available (GEMINI_API_KEY not set)"}
# {"time":"2026-08-05T02:28:58.399Z","level":"warn","msg":"revision_rewrite_failed","passName":"voice","message":"Gemini provider not available (GEMINI_API_KEY not set)"}
# {"time":"2026-08-05T02:28:58.401Z","level":"warn","msg":"revision_rewrite_failed","passName":"voice","message":"Gemini provider not available (GEMINI_API_KEY not set)"}
# {"time":"2026-08-05T02:28:58.402Z","level":"warn","msg":"revision_rewrite_failed","passName":"voice","message":"Gemini provider not available (GEMINI_API_KEY not set)"}
# {"time":"2026-08-05T02:28:58.403Z","level":"warn","msg":"revision_rewrite_failed","passName":"voice","message":"Gemini provider not available (GEMINI_API_KEY not set)"}
# {"time":"2026-08-05T02:28:58.405Z","level":"warn","msg":"revision_rewrite_failed","passName":"voice","message":"Gemini provider not available (GEMINI_API_KEY not set)"}
# {"time":"2026-08-05T02:28:58.406Z","level":"warn","msg":"revision_rewrite_failed","passName":"voice","message":"Gemini provider not available (GEMINI_API_KEY not set)"}
# {"time":"2026-08-05T02:28:58.407Z","level":"warn","msg":"revision_rewrite_failed","passName":"voice","message":"Gemini provider not available (GEMINI_API_KEY not set)"}
# {"time":"2026-08-05T02:28:58.409Z","level":"warn","msg":"revision_rewrite_failed","passName":"voice","message":"Gemini provider not available (GEMINI_API_KEY not set)"}
# {"time":"2026-08-05T02:28:58.411Z","level":"warn","msg":"revision_rewrite_failed","passName":"voice","message":"Gemini provider not available (GEMINI_API_KEY not set)"}
# {"time":"2026-08-05T02:28:58.412Z","level":"warn","msg":"revision_rewrite_failed","passName":"voice","message":"Gemini provider not available (GEMINI_API_KEY not set)"}
# {"time":"2026-08-05T02:28:58.414Z","level":"warn","msg":"revision_rewrite_failed","passName":"voice","message":"Gemini provider not available (GEMINI_API_KEY not set)"}
# {"time":"2026-08-05T02:28:58.415Z","level":"warn","msg":"revision_rewrite_failed","passName":"voice","message":"Gemini provider not available (GEMINI_API_KEY not set)"}
# {"time":"2026-08-05T02:28:58.416Z","level":"warn","msg":"revision_rewrite_failed","passName":"voice","message":"Gemini provider not available (GEMINI_API_KEY not set)"}
# {"time":"2026-08-05T02:28:58.418Z","level":"warn","msg":"revision_rewrite_failed","passName":"voice","message":"Gemini provider not available (GEMINI_API_KEY not set)"}
# {"time":"2026-08-05T02:28:58.419Z","level":"warn","msg":"revision_rewrite_failed","passName":"voice","message":"Gemini provider not available (GEMINI_API_KEY not set)"}
# {"time":"2026-08-05T02:28:58.421Z","level":"warn","msg":"revision_rewrite_failed","passName":"voice","message":"Gemini provider not available (GEMINI_API_KEY not set)"}
# {"time":"2026-08-05T02:28:58.422Z","level":"warn","msg":"revision_rewrite_failed","passName":"voice","message":"Gemini provider not available (GEMINI_API_KEY not set)"}
# {"time":"2026-08-05T02:28:58.423Z","level":"warn","msg":"revision_rewrite_failed","passName":"voice","message":"Gemini provider not available (GEMINI_API_KEY not set)"}
# {"time":"2026-08-05T02:28:58.425Z","level":"warn","msg":"revision_rewrite_failed","passName":"voice","message":"Gemini provider not available (GEMINI_API_KEY not set)"}
# {"time":"2026-08-05T02:28:58.427Z","level":"warn","msg":"revision_rewrite_failed","passName":"voice","message":"Gemini provider not available (GEMINI_API_KEY not set)"}
# {"time":"2026-08-05T02:28:58.428Z","level":"warn","msg":"revision_rewrite_failed","passName":"voice","message":"Gemini provider not available (GEMINI_API_KEY not set)"}
# {"time":"2026-08-05T02:28:58.430Z","level":"warn","msg":"revision_rewrite_failed","passName":"voice","message":"Gemini provider not available (GEMINI_API_KEY not set)"}
# {"time":"2026-08-05T02:28:58.431Z","level":"warn","msg":"revision_rewrite_failed","passName":"voice","message":"Gemini provider not available (GEMINI_API_KEY not set)"}
# {"time":"2026-08-05T02:28:58.432Z","level":"warn","msg":"revision_rewrite_failed","passName":"voice","message":"Gemini provider not available (GEMINI_API_KEY not set)"}
# {"time":"2026-08-05T02:28:58.434Z","level":"warn","msg":"revision_rewrite_failed","passName":"voice","message":"Gemini provider not available (GEMINI_API_KEY not set)"}
# {"time":"2026-08-05T02:28:58.435Z","level":"warn","msg":"revision_rewrite_failed","passName":"voice","message":"Gemini provider not available (GEMINI_API_KEY not set)"}
# {"time":"2026-08-05T02:28:58.437Z","level":"warn","msg":"revision_rewrite_failed","passName":"voice","message":"Gemini provider not available (GEMINI_API_KEY not set)"}
# {"time":"2026-08-05T02:28:58.438Z","level":"warn","msg":"revision_rewrite_failed","passName":"voice","message":"Gemini provider not available (GEMINI_API_KEY not set)"}
# {"time":"2026-08-05T02:28:58.443Z","level":"warn","msg":"revision_rewrite_failed","passName":"voice","message":"Gemini provider not available (GEMINI_API_KEY not set)"}
# {"time":"2026-08-05T02:28:58.444Z","level":"warn","msg":"revision_rewrite_failed","passName":"voice","message":"Gemini provider not available (GEMINI_API_KEY not set)"}
# {"time":"2026-08-05T02:28:58.445Z","level":"warn","msg":"revision_rewrite_failed","passName":"voice","message":"Gemini provider not available (GEMINI_API_KEY not set)"}
# {"time":"2026-08-05T02:28:58.447Z","level":"warn","msg":"revision_rewrite_failed","passName":"voice","message":"Gemini provider not available (GEMINI_API_KEY not set)"}
# {"time":"2026-08-05T02:28:58.449Z","level":"warn","msg":"revision_rewrite_failed","passName":"voice","message":"Gemini provider not available (GEMINI_API_KEY not set)"}
# {"time":"2026-08-05T02:28:58.450Z","level":"warn","msg":"revision_rewrite_failed","passName":"voice","message":"Gemini provider not available (GEMINI_API_KEY not set)"}
# {"time":"2026-08-05T02:28:58.451Z","level":"warn","msg":"revision_rewrite_failed","passName":"voice","message":"Gemini provider not available (GEMINI_API_KEY not set)"}
# {"time":"2026-08-05T02:28:58.452Z","level":"warn","msg":"revision_rewrite_failed","passName":"voice","message":"Gemini provider not available (GEMINI_API_KEY not set)"}
# {"time":"2026-08-05T02:28:58.454Z","level":"warn","msg":"revision_rewrite_failed","passName":"voice","message":"Gemini provider not available (GEMINI_API_KEY not set)"}
# {"time":"2026-08-05T02:28:58.455Z","level":"warn","msg":"revision_rewrite_failed","passName":"voice","message":"Gemini provider not available (GEMINI_API_KEY not set)"}
# {"time":"2026-08-05T02:28:58.457Z","level":"warn","msg":"revision_rewrite_failed","passName":"voice","message":"Gemini provider not available (GEMINI_API_KEY not set)"}
# {"time":"2026-08-05T02:28:58.459Z","level":"warn","msg":"revision_rewrite_failed","passName":"voice","message":"Gemini provider not available (GEMINI_API_KEY not set)"}
# {"time":"2026-08-05T02:28:58.460Z","level":"warn","msg":"revision_rewrite_failed","passName":"voice","message":"Gemini provider not available (GEMINI_API_KEY not set)"}
# {"time":"2026-08-05T02:28:58.463Z","level":"warn","msg":"revision_rewrite_failed","passName":"voice","message":"Gemini provider not available (GEMINI_API_KEY not set)"}
# {"time":"2026-08-05T02:28:58.464Z","level":"warn","msg":"revision_rewrite_failed","passName":"voice","message":"Gemini provider not available (GEMINI_API_KEY not set)"}
# {"time":"2026-08-05T02:28:58.466Z","level":"warn","msg":"revision_rewrite_failed","passName":"voice","message":"Gemini provider not available (GEMINI_API_KEY not set)"}
# {"time":"2026-08-05T02:28:58.469Z","level":"warn","msg":"revision_rewrite_failed","passName":"voice","message":"Gemini provider not available (GEMINI_API_KEY not set)"}
# {"time":"2026-08-05T02:28:58.470Z","level":"warn","msg":"revision_rewrite_failed","passName":"voice","message":"Gemini provider not available (GEMINI_API_KEY not set)"}
# {"time":"2026-08-05T02:28:58.472Z","level":"warn","msg":"revision_rewrite_failed","passName":"voice","message":"Gemini provider not available (GEMINI_API_KEY not set)"}
# {"time":"2026-08-05T02:28:58.473Z","level":"warn","msg":"revision_rewrite_failed","passName":"voice","message":"Gemini provider not available (GEMINI_API_KEY not set)"}
# {"time":"2026-08-05T02:28:58.475Z","level":"warn","msg":"revision_rewrite_failed","passName":"voice","message":"Gemini provider not available (GEMINI_API_KEY not set)"}
# {"time":"2026-08-05T02:28:58.477Z","level":"warn","msg":"revision_rewrite_failed","passName":"voice","message":"Gemini provider not available (GEMINI_API_KEY not set)"}
# {"time":"2026-08-05T02:28:58.479Z","level":"warn","msg":"revision_rewrite_failed","passName":"voice","message":"Gemini provider not available (GEMINI_API_KEY not set)"}
# {"time":"2026-08-05T02:28:58.480Z","level":"warn","msg":"revision_rewrite_failed","passName":"voice","message":"Gemini provider not available (GEMINI_API_KEY not set)"}
# {"time":"2026-08-05T02:28:58.482Z","level":"warn","msg":"revision_rewrite_failed","passName":"voice","message":"Gemini provider not available (GEMINI_API_KEY not set)"}
# {"time":"2026-08-05T02:28:58.484Z","level":"warn","msg":"revision_rewrite_failed","passName":"voice","message":"Gemini provider not available (GEMINI_API_KEY not set)"}
# {"time":"2026-08-05T02:28:58.485Z","level":"warn","msg":"revision_rewrite_failed","passName":"voice","message":"Gemini provider not available (GEMINI_API_KEY not set)"}
# {"time":"2026-08-05T02:28:58.487Z","level":"warn","msg":"revision_rewrite_failed","passName":"voice","message":"Gemini provider not available (GEMINI_API_KEY not set)"}
# {"time":"2026-08-05T02:28:58.488Z","level":"warn","msg":"revision_rewrite_failed","passName":"voice","message":"Gemini provider not available (GEMINI_API_KEY not set)"}
# {"time":"2026-08-05T02:28:58.489Z","level":"warn","msg":"revision_rewrite_failed","passName":"voice","message":"Gemini provider not available (GEMINI_API_KEY not set)"}
# {"time":"2026-08-05T02:28:58.492Z","level":"warn","msg":"revision_rewrite_failed","passName":"voice","message":"Gemini provider not available (GEMINI_API_KEY not set)"}
# {"time":"2026-08-05T02:28:58.494Z","level":"warn","msg":"revision_rewrite_failed","passName":"voice","message":"Gemini provider not available (GEMINI_API_KEY not set)"}
# {"time":"2026-08-05T02:28:58.496Z","level":"warn","msg":"revision_rewrite_failed","passName":"voice","message":"Gemini provider not available (GEMINI_API_KEY not set)"}
# {"time":"2026-08-05T02:28:58.497Z","level":"warn","msg":"revision_rewrite_failed","passName":"voice","message":"Gemini provider not available (GEMINI_API_KEY not set)"}
# {"time":"2026-08-05T02:28:58.499Z","level":"warn","msg":"revision_rewrite_failed","passName":"voice","message":"Gemini provider not available (GEMINI_API_KEY not set)"}
# {"time":"2026-08-05T02:28:58.508Z","level":"warn","msg":"revision_rewrite_failed","passName":"voice","message":"Gemini provider not available (GEMINI_API_KEY not set)"}
# {"time":"2026-08-05T02:28:58.509Z","level":"warn","msg":"revision_rewrite_failed","passName":"voice","message":"Gemini provider not available (GEMINI_API_KEY not set)"}
# {"time":"2026-08-05T02:28:58.511Z","level":"warn","msg":"revision_rewrite_failed","passName":"voice","message":"Gemini provider not available (GEMINI_API_KEY not set)"}
# {"time":"2026-08-05T02:28:58.513Z","level":"warn","msg":"revision_rewrite_failed","passName":"voice","message":"Gemini provider not available (GEMINI_API_KEY not set)"}
# {"time":"2026-08-05T02:28:58.514Z","level":"warn","msg":"revision_rewrite_failed","passName":"voice","message":"Gemini provider not available (GEMINI_API_KEY not set)"}
# {"time":"2026-08-05T02:28:58.516Z","level":"warn","msg":"revision_rewrite_failed","passName":"voice","message":"Gemini provider not available (GEMINI_API_KEY not set)"}
# {"time":"2026-08-05T02:28:58.519Z","level":"warn","msg":"revision_rewrite_failed","passName":"voice","message":"Gemini provider not available (GEMINI_API_KEY not set)"}
# {"time":"2026-08-05T02:28:58.520Z","level":"warn","msg":"revision_rewrite_failed","passName":"voice","message":"Gemini provider not available (GEMINI_API_KEY not set)"}
# {"time":"2026-08-05T02:28:58.522Z","level":"warn","msg":"revision_rewrite_failed","passName":"voice","message":"Gemini provider not available (GEMINI_API_KEY not set)"}
# {"time":"2026-08-05T02:28:58.523Z","level":"warn","msg":"revision_rewrite_failed","passName":"voice","message":"Gemini provider not available (GEMINI_API_KEY not set)"}
# {"time":"2026-08-05T02:28:58.524Z","level":"warn","msg":"revision_rewrite_failed","passName":"voice","message":"Gemini provider not available (GEMINI_API_KEY not set)"}
# {"time":"2026-08-05T02:28:58.527Z","level":"warn","msg":"revision_rewrite_failed","passName":"voice","message":"Gemini provider not available (GEMINI_API_KEY not set)"}
# {"time":"2026-08-05T02:28:58.529Z","level":"warn","msg":"revision_rewrite_failed","passName":"voice","message":"Gemini provider not available (GEMINI_API_KEY not set)"}
# {"time":"2026-08-05T02:28:58.530Z","level":"warn","msg":"revision_rewrite_failed","passName":"voice","message":"Gemini provider not available (GEMINI_API_KEY not set)"}
# {"time":"2026-08-05T02:28:58.532Z","level":"warn","msg":"revision_rewrite_failed","passName":"voice","message":"Gemini provider not available (GEMINI_API_KEY not set)"}
# {"time":"2026-08-05T02:28:58.533Z","level":"warn","msg":"revision_rewrite_failed","passName":"voice","message":"Gemini provider not available (GEMINI_API_KEY not set)"}
# {"time":"2026-08-05T02:28:58.535Z","level":"warn","msg":"revision_rewrite_failed","passName":"voice","message":"Gemini provider not available (GEMINI_API_KEY not set)"}
# {"time":"2026-08-05T02:28:58.537Z","level":"warn","msg":"revision_rewrite_failed","passName":"voice","message":"Gemini provider not available (GEMINI_API_KEY not set)"}
# {"time":"2026-08-05T02:28:58.538Z","level":"warn","msg":"revision_rewrite_failed","passName":"voice","message":"Gemini provider not available (GEMINI_API_KEY not set)"}
# {"time":"2026-08-05T02:28:58.540Z","level":"warn","msg":"revision_rewrite_failed","passName":"voice","message":"Gemini provider not available (GEMINI_API_KEY not set)"}
# {"time":"2026-08-05T02:28:58.542Z","level":"warn","msg":"revision_rewrite_failed","passName":"voice","message":"Gemini provider not available (GEMINI_API_KEY not set)"}
# {"time":"2026-08-05T02:28:58.544Z","level":"warn","msg":"revision_rewrite_failed","passName":"voice","message":"Gemini provider not available (GEMINI_API_KEY not set)"}
# {"time":"2026-08-05T02:28:58.546Z","level":"warn","msg":"revision_rewrite_failed","passName":"voice","message":"Gemini provider not available (GEMINI_API_KEY not set)"}
# {"time":"2026-08-05T02:28:58.547Z","level":"warn","msg":"revision_rewrite_failed","passName":"voice","message":"Gemini provider not available (GEMINI_API_KEY not set)"}
# {"time":"2026-08-05T02:28:58.549Z","level":"warn","msg":"revision_rewrite_failed","passName":"voice","message":"Gemini provider not available (GEMINI_API_KEY not set)"}
# {"time":"2026-08-05T02:28:58.550Z","level":"warn","msg":"revision_rewrite_failed","passName":"voice","message":"Gemini provider not available (GEMINI_API_KEY not set)"}
# {"time":"2026-08-05T02:28:58.552Z","level":"warn","msg":"revision_rewrite_failed","passName":"voice","message":"Gemini provider not available (GEMINI_API_KEY not set)"}
# {"time":"2026-08-05T02:28:58.554Z","level":"warn","msg":"revision_rewrite_failed","passName":"voice","message":"Gemini provider not available (GEMINI_API_KEY not set)"}
# {"time":"2026-08-05T02:28:58.555Z","level":"warn","msg":"revision_rewrite_failed","passName":"voice","message":"Gemini provider not available (GEMINI_API_KEY not set)"}
# {"time":"2026-08-05T02:28:58.557Z","level":"warn","msg":"revision_rewrite_failed","passName":"voice","message":"Gemini provider not available (GEMINI_API_KEY not set)"}
# {"time":"2026-08-05T02:28:58.560Z","level":"warn","msg":"revision_rewrite_failed","passName":"voice","message":"Gemini provider not available (GEMINI_API_KEY not set)"}
# {"time":"2026-08-05T02:28:58.562Z","level":"warn","msg":"revision_rewrite_failed","passName":"voice","message":"Gemini provider not available (GEMINI_API_KEY not set)"}
# {"time":"2026-08-05T02:28:58.566Z","level":"warn","msg":"revision_rewrite_failed","passName":"voice","message":"Gemini provider not available (GEMINI_API_KEY not set)"}
# {"time":"2026-08-05T02:28:58.567Z","level":"warn","msg":"revision_rewrite_failed","passName":"voice","message":"Gemini provider not available (GEMINI_API_KEY not set)"}
# {"time":"2026-08-05T02:28:58.570Z","level":"warn","msg":"revision_rewrite_failed","passName":"voice","message":"Gemini provider not available (GEMINI_API_KEY not set)"}
# {"time":"2026-08-05T02:28:58.572Z","level":"warn","msg":"revision_rewrite_failed","passName":"voice","message":"Gemini provider not available (GEMINI_API_KEY not set)"}
# {"time":"2026-08-05T02:28:58.574Z","level":"warn","msg":"revision_rewrite_failed","passName":"voice","message":"Gemini provider not available (GEMINI_API_KEY not set)"}
# {"time":"2026-08-05T02:28:58.576Z","level":"warn","msg":"revision_rewrite_failed","passName":"voice","message":"Gemini provider not available (GEMINI_API_KEY not set)"}
# {"time":"2026-08-05T02:28:58.577Z","level":"warn","msg":"revision_rewrite_failed","passName":"voice","message":"Gemini provider not available (GEMINI_API_KEY not set)"}
# {"time":"2026-08-05T02:28:58.580Z","level":"warn","msg":"revision_rewrite_failed","passName":"voice","message":"Gemini provider not available (GEMINI_API_KEY not set)"}
# {"time":"2026-08-05T02:28:58.582Z","level":"warn","msg":"revision_rewrite_failed","passName":"voice","message":"Gemini provider not available (GEMINI_API_KEY not set)"}
# {"time":"2026-08-05T02:28:58.584Z","level":"warn","msg":"revision_rewrite_failed","passName":"voice","message":"Gemini provider not available (GEMINI_API_KEY not set)"}
# {"time":"2026-08-05T02:28:58.586Z","level":"warn","msg":"revision_rewrite_failed","passName":"voice","message":"Gemini provider not available (GEMINI_API_KEY not set)"}
# {"time":"2026-08-05T02:28:58.588Z","level":"warn","msg":"revision_rewrite_failed","passName":"voice","message":"Gemini provider not available (GEMINI_API_KEY not set)"}
# {"time":"2026-08-05T02:28:58.590Z","level":"warn","msg":"revision_rewrite_failed","passName":"voice","message":"Gemini provider not available (GEMINI_API_KEY not set)"}
# {"time":"2026-08-05T02:28:58.591Z","level":"warn","msg":"revision_rewrite_failed","passName":"voice","message":"Gemini provider not available (GEMINI_API_KEY not set)"}
# {"time":"2026-08-05T02:28:58.593Z","level":"warn","msg":"revision_rewrite_failed","passName":"voice","message":"Gemini provider not available (GEMINI_API_KEY not set)"}
# {"time":"2026-08-05T02:28:58.596Z","level":"warn","msg":"revision_rewrite_failed","passName":"voice","message":"Gemini provider not available (GEMINI_API_KEY not set)"}
# {"time":"2026-08-05T02:28:58.597Z","level":"warn","msg":"revision_rewrite_failed","passName":"voice","message":"Gemini provider not available (GEMINI_API_KEY not set)"}
# {"time":"2026-08-05T02:28:58.599Z","level":"warn","msg":"revision_rewrite_failed","passName":"voice","message":"Gemini provider not available (GEMINI_API_KEY not set)"}
# {"time":"2026-08-05T02:28:58.600Z","level":"warn","msg":"revision_rewrite_failed","passName":"voice","message":"Gemini provider not available (GEMINI_API_KEY not set)"}
# {"time":"2026-08-05T02:28:58.602Z","level":"warn","msg":"revision_rewrite_failed","passName":"voice","message":"Gemini provider not available (GEMINI_API_KEY not set)"}
# {"time":"2026-08-05T02:28:58.603Z","level":"warn","msg":"revision_rewrite_failed","passName":"voice","message":"Gemini provider not available (GEMINI_API_KEY not set)"}
# {"time":"2026-08-05T02:28:58.605Z","level":"warn","msg":"revision_rewrite_failed","passName":"voice","message":"Gemini provider not available (GEMINI_API_KEY not set)"}
# {"time":"2026-08-05T02:28:58.607Z","level":"warn","msg":"revision_rewrite_failed","passName":"voice","message":"Gemini provider not available (GEMINI_API_KEY not set)"}
# {"time":"2026-08-05T02:28:58.608Z","level":"warn","msg":"revision_rewrite_failed","passName":"voice","message":"Gemini provider not available (GEMINI_API_KEY not set)"}
# {"time":"2026-08-05T02:28:58.610Z","level":"warn","msg":"revision_rewrite_failed","passName":"voice","message":"Gemini provider not available (GEMINI_API_KEY not set)"}
# {"time":"2026-08-05T02:28:58.611Z","level":"warn","msg":"revision_rewrite_failed","passName":"voice","message":"Gemini provider not available (GEMINI_API_KEY not set)"}
# {"time":"2026-08-05T02:28:58.613Z","level":"warn","msg":"revision_rewrite_failed","passName":"voice","message":"Gemini provider not available (GEMINI_API_KEY not set)"}
# {"time":"2026-08-05T02:28:58.615Z","level":"warn","msg":"revision_rewrite_failed","passName":"voice","message":"Gemini provider not available (GEMINI_API_KEY not set)"}
# {"time":"2026-08-05T02:28:58.617Z","level":"warn","msg":"revision_rewrite_failed","passName":"voice","message":"Gemini provider not available (GEMINI_API_KEY not set)"}
# {"time":"2026-08-05T02:28:58.618Z","level":"warn","msg":"revision_rewrite_failed","passName":"voice","message":"Gemini provider not available (GEMINI_API_KEY not set)"}
# {"time":"2026-08-05T02:28:58.620Z","level":"warn","msg":"revision_rewrite_failed","passName":"voice","message":"Gemini provider not available (GEMINI_API_KEY not set)"}
# {"time":"2026-08-05T02:28:58.621Z","level":"warn","msg":"revision_rewrite_failed","passName":"voice","message":"Gemini provider not available (GEMINI_API_KEY not set)"}
# {"time":"2026-08-05T02:28:58.622Z","level":"warn","msg":"revision_rewrite_failed","passName":"voice","message":"Gemini provider not available (GEMINI_API_KEY not set)"}
# {"time":"2026-08-05T02:28:58.624Z","level":"warn","msg":"revision_rewrite_failed","passName":"voice","message":"Gemini provider not available (GEMINI_API_KEY not set)"}
# {"time":"2026-08-05T02:28:58.626Z","level":"warn","msg":"revision_rewrite_failed","passName":"voice","message":"Gemini provider not available (GEMINI_API_KEY not set)"}
# {"time":"2026-08-05T02:28:58.630Z","level":"warn","msg":"revision_rewrite_failed","passName":"voice","message":"Gemini provider not available (GEMINI_API_KEY not set)"}
# {"time":"2026-08-05T02:28:58.632Z","level":"warn","msg":"revision_rewrite_failed","passName":"voice","message":"Gemini provider not available (GEMINI_API_KEY not set)"}
# {"time":"2026-08-05T02:28:58.633Z","level":"warn","msg":"revision_rewrite_failed","passName":"voice","message":"Gemini provider not available (GEMINI_API_KEY not set)"}
# {"time":"2026-08-05T02:28:58.634Z","level":"warn","msg":"revision_rewrite_failed","passName":"voice","message":"Gemini provider not available (GEMINI_API_KEY not set)"}
# {"time":"2026-08-05T02:28:58.636Z","level":"warn","msg":"revision_rewrite_failed","passName":"voice","message":"Gemini provider not available (GEMINI_API_KEY not set)"}
# {"time":"2026-08-05T02:28:58.637Z","level":"warn","msg":"revision_rewrite_failed","passName":"voice","message":"Gemini provider not available (GEMINI_API_KEY not set)"}
# {"time":"2026-08-05T02:28:58.638Z","level":"warn","msg":"revision_rewrite_failed","passName":"voice","message":"Gemini provider not available (GEMINI_API_KEY not set)"}
# {"time":"2026-08-05T02:28:58.640Z","level":"warn","msg":"revision_rewrite_failed","passName":"voice","message":"Gemini provider not available (GEMINI_API_KEY not set)"}
# {"time":"2026-08-05T02:28:58.641Z","level":"warn","msg":"revision_rewrite_failed","passName":"voice","message":"Gemini provider not available (GEMINI_API_KEY not set)"}
# {"time":"2026-08-05T02:28:58.642Z","level":"warn","msg":"revision_rewrite_failed","passName":"voice","message":"Gemini provider not available (GEMINI_API_KEY not set)"}
# {"time":"2026-08-05T02:28:58.644Z","level":"warn","msg":"revision_rewrite_failed","passName":"voice","message":"Gemini provider not available (GEMINI_API_KEY not set)"}
# {"time":"2026-08-05T02:28:58.645Z","level":"warn","msg":"revision_rewrite_failed","passName":"voice","message":"Gemini provider not available (GEMINI_API_KEY not set)"}
# {"time":"2026-08-05T02:28:58.646Z","level":"warn","msg":"revision_rewrite_failed","passName":"voice","message":"Gemini provider not available (GEMINI_API_KEY not set)"}
# {"time":"2026-08-05T02:28:58.647Z","level":"warn","msg":"revision_rewrite_failed","passName":"voice","message":"Gemini provider not available (GEMINI_API_KEY not set)"}
# {"time":"2026-08-05T02:28:58.648Z","level":"warn","msg":"revision_rewrite_failed","passName":"voice","message":"Gemini provider not available (GEMINI_API_KEY not set)"}
# {"time":"2026-08-05T02:28:58.651Z","level":"warn","msg":"revision_rewrite_failed","passName":"voice","message":"Gemini provider not available (GEMINI_API_KEY not set)"}
# {"time":"2026-08-05T02:28:58.652Z","level":"warn","msg":"revision_rewrite_failed","passName":"voice","message":"Gemini provider not available (GEMINI_API_KEY not set)"}
# {"time":"2026-08-05T02:28:58.654Z","level":"warn","msg":"revision_rewrite_failed","passName":"voice","message":"Gemini provider not available (GEMINI_API_KEY not set)"}
# {"time":"2026-08-05T02:28:58.655Z","level":"warn","msg":"revision_rewrite_failed","passName":"voice","message":"Gemini provider not available (GEMINI_API_KEY not set)"}
# {"time":"2026-08-05T02:28:58.656Z","level":"warn","msg":"revision_rewrite_failed","passName":"voice","message":"Gemini provider not available (GEMINI_API_KEY not set)"}
# {"time":"2026-08-05T02:28:58.657Z","level":"warn","msg":"revision_rewrite_failed","passName":"voice","message":"Gemini provider not available (GEMINI_API_KEY not set)"}
# {"time":"2026-08-05T02:28:58.658Z","level":"warn","msg":"revision_rewrite_failed","passName":"voice","message":"Gemini provider not available (GEMINI_API_KEY not set)"}
# {"time":"2026-08-05T02:28:58.659Z","level":"warn","msg":"revision_rewrite_failed","passName":"voice","message":"Gemini provider not available (GEMINI_API_KEY not set)"}
# {"time":"2026-08-05T02:28:58.660Z","level":"warn","msg":"revision_rewrite_failed","passName":"voice","message":"Gemini provider not available (GEMINI_API_KEY not set)"}
# {"time":"2026-08-05T02:28:58.662Z","level":"warn","msg":"revision_rewrite_failed","passName":"voice","message":"Gemini provider not available (GEMINI_API_KEY not set)"}
# {"time":"2026-08-05T02:28:58.663Z","level":"warn","msg":"revision_rewrite_failed","passName":"voice","message":"Gemini provider not available (GEMINI_API_KEY not set)"}
# {"time":"2026-08-05T02:28:58.664Z","level":"warn","msg":"revision_rewrite_failed","passName":"voice","message":"Gemini provider not available (GEMINI_API_KEY not set)"}
# {"time":"2026-08-05T02:28:58.666Z","level":"warn","msg":"revision_rewrite_failed","passName":"voice","message":"Gemini provider not available (GEMINI_API_KEY not set)"}
# {"time":"2026-08-05T02:28:58.667Z","level":"warn","msg":"revision_rewrite_failed","passName":"voice","message":"Gemini provider not available (GEMINI_API_KEY not set)"}
# {"time":"2026-08-05T02:28:58.667Z","level":"warn","msg":"revision_rewrite_failed","passName":"voice","message":"Gemini provider not available (GEMINI_API_KEY not set)"}
# {"time":"2026-08-05T02:28:58.670Z","level":"warn","msg":"revision_rewrite_failed","passName":"voice","message":"Gemini provider not available (GEMINI_API_KEY not set)"}
# {"time":"2026-08-05T02:28:58.671Z","level":"warn","msg":"revision_rewrite_failed","passName":"voice","message":"Gemini provider not available (GEMINI_API_KEY not set)"}
# {"time":"2026-08-05T02:28:58.673Z","level":"warn","msg":"revision_rewrite_failed","passName":"voice","message":"Gemini provider not available (GEMINI_API_KEY not set)"}
# {"time":"2026-08-05T02:28:58.675Z","level":"warn","msg":"revision_rewrite_failed","passName":"voice","message":"Gemini provider not available (GEMINI_API_KEY not set)"}
# {"time":"2026-08-05T02:28:58.676Z","level":"warn","msg":"revision_rewrite_failed","passName":"voice","message":"Gemini provider not available (GEMINI_API_KEY not set)"}
# {"time":"2026-08-05T02:28:58.679Z","level":"warn","msg":"revision_rewrite_failed","passName":"voice","message":"Gemini provider not available (GEMINI_API_KEY not set)"}
# {"time":"2026-08-05T02:28:58.680Z","level":"warn","msg":"revision_rewrite_failed","passName":"voice","message":"Gemini provider not available (GEMINI_API_KEY not set)"}
# {"time":"2026-08-05T02:28:58.682Z","level":"warn","msg":"revision_rewrite_failed","passName":"voice","message":"Gemini provider not available (GEMINI_API_KEY not set)"}
# {"time":"2026-08-05T02:28:58.684Z","level":"warn","msg":"revision_rewrite_failed","passName":"voice","message":"Gemini provider not available (GEMINI_API_KEY not set)"}
# {"time":"2026-08-05T02:28:58.688Z","level":"warn","msg":"revision_rewrite_failed","passName":"voice","message":"Gemini provider not available (GEMINI_API_KEY not set)"}
# {"time":"2026-08-05T02:28:58.691Z","level":"warn","msg":"revision_rewrite_failed","passName":"voice","message":"Gemini provider not available (GEMINI_API_KEY not set)"}
# {"time":"2026-08-05T02:28:58.697Z","level":"warn","msg":"revision_rewrite_failed","passName":"voice","message":"Gemini provider not available (GEMINI_API_KEY not set)"}
# {"time":"2026-08-05T02:28:58.698Z","level":"warn","msg":"revision_rewrite_failed","passName":"voice","message":"Gemini provider not available (GEMINI_API_KEY not set)"}
# {"time":"2026-08-05T02:28:58.700Z","level":"warn","msg":"revision_rewrite_failed","passName":"voice","message":"Gemini provider not available (GEMINI_API_KEY not set)"}
# {"time":"2026-08-05T02:28:58.701Z","level":"warn","msg":"revision_rewrite_failed","passName":"voice","message":"Gemini provider not available (GEMINI_API_KEY not set)"}
# {"time":"2026-08-05T02:28:58.703Z","level":"warn","msg":"revision_rewrite_failed","passName":"voice","message":"Gemini provider not available (GEMINI_API_KEY not set)"}
# {"time":"2026-08-05T02:28:58.704Z","level":"warn","msg":"revision_rewrite_failed","passName":"voice","message":"Gemini provider not available (GEMINI_API_KEY not set)"}
# {"time":"2026-08-05T02:28:58.706Z","level":"warn","msg":"revision_rewrite_failed","passName":"voice","message":"Gemini provider not available (GEMINI_API_KEY not set)"}
# {"time":"2026-08-05T02:28:58.708Z","level":"warn","msg":"revision_rewrite_failed","passName":"voice","message":"Gemini provider not available (GEMINI_API_KEY not set)"}
# {"time":"2026-08-05T02:28:58.710Z","level":"warn","msg":"revision_rewrite_failed","passName":"voice","message":"Gemini provider not available (GEMINI_API_KEY not set)"}
# {"time":"2026-08-05T02:28:58.713Z","level":"warn","msg":"revision_rewrite_failed","passName":"voice","message":"Gemini provider not available (GEMINI_API_KEY not set)"}
# {"time":"2026-08-05T02:28:58.714Z","level":"warn","msg":"revision_rewrite_failed","passName":"voice","message":"Gemini provider not available (GEMINI_API_KEY not set)"}
# Subtest: Wave 146 — voicePass: clichés and subtext
    # Subtest: voicePass detects CLICHE_DENSITY when screenplay overuses generic phrases
    ok 1 - voicePass detects CLICHE_DENSITY when screenplay overuses generic phrases
      ---
      duration_ms: 19.443698
      type: 'test'
      ...
    # Subtest: voicePass does NOT fire CLICHE_DENSITY when screenplay uses original language
    ok 2 - voicePass does NOT fire CLICHE_DENSITY when screenplay uses original language
      ---
      duration_ms: 2.433093
      type: 'test'
      ...
    # Subtest: voicePass detects SUBTEXT_ABSENCE when characters state emotions directly
    ok 3 - voicePass detects SUBTEXT_ABSENCE when characters state emotions directly
      ---
      duration_ms: 15.794673
      type: 'test'
      ...
    # Subtest: voicePass does NOT fire SUBTEXT_ABSENCE when dialogue is minimal
    ok 4 - voicePass does NOT fire SUBTEXT_ABSENCE when dialogue is minimal
      ---
      duration_ms: 2.767613
      type: 'test'
      ...
    1..4
ok 1983 - Wave 146 — voicePass: clichés and subtext
  ---
  duration_ms: 42.132456
  type: 'suite'
  ...
# Subtest: Wave 173 — voicePass: adverb crutch, filter words, exclamation overuse
    # Subtest: voicePass detects ADVERB_CRUTCH when >30% of action lines use -ly adverbs
    ok 1 - voicePass detects ADVERB_CRUTCH when >30% of action lines use -ly adverbs
      ---
      duration_ms: 1.752915
      type: 'test'
      ...
    # Subtest: voicePass does NOT fire ADVERB_CRUTCH when action verbs are strong and specific
    ok 2 - voicePass does NOT fire ADVERB_CRUTCH when action verbs are strong and specific
      ---
      duration_ms: 0.877016
      type: 'test'
      ...
    # Subtest: voicePass detects FILTER_WORD_OVERLOAD when >25% of action lines route through perception
    ok 3 - voicePass detects FILTER_WORD_OVERLOAD when >25% of action lines route through perception
      ---
      duration_ms: 1.776327
      type: 'test'
      ...
    # Subtest: voicePass does NOT fire FILTER_WORD_OVERLOAD when images are presented directly
    ok 4 - voicePass does NOT fire FILTER_WORD_OVERLOAD when images are presented directly
      ---
      duration_ms: 1.290531
      type: 'test'
      ...
    # Subtest: voicePass detects EXCLAMATION_OVERUSE when >35% of dialogue lines shout
    ok 5 - voicePass detects EXCLAMATION_OVERUSE when >35% of dialogue lines shout
      ---
      duration_ms: 10.950509
      type: 'test'
      ...
    # Subtest: voicePass does NOT fire EXCLAMATION_OVERUSE when dialogue uses restrained punctuation
    ok 6 - voicePass does NOT fire EXCLAMATION_OVERUSE when dialogue uses restrained punctuation
      ---
      duration_ms: 2.190749
      type: 'test'
      ...
    1..6
ok 1984 - Wave 173 — voicePass: adverb crutch, filter words, exclamation overuse
  ---
  duration_ms: 19.649985
  type: 'suite'
  ...
# Subtest: Wave 193 — voicePass: pronoun opener excess, Act 2 tonal collapse, parenthetical excess
    # Subtest: voicePass detects PRONOUN_OPENER_EXCESS when >40% of action lines start with He/She/They/It
    ok 1 - voicePass detects PRONOUN_OPENER_EXCESS when >40% of action lines start with He/She/They/It
      ---
      duration_ms: 1.926866
      type: 'test'
      ...
    # Subtest: voicePass does NOT fire PRONOUN_OPENER_EXCESS when sentence openings are varied
    ok 2 - voicePass does NOT fire PRONOUN_OPENER_EXCESS when sentence openings are varied
      ---
      duration_ms: 0.907173
      type: 'test'
      ...
    # Subtest: voicePass detects TONAL_REGISTER_COLLAPSE_ACT2 when all Act 2 scenes share one register
    ok 3 - voicePass detects TONAL_REGISTER_COLLAPSE_ACT2 when all Act 2 scenes share one register
      ---
      duration_ms: 1.801928
      type: 'test'
      ...
    # Subtest: voicePass does NOT fire TONAL_REGISTER_COLLAPSE_ACT2 when Act 2 has tonal variety
    ok 4 - voicePass does NOT fire TONAL_REGISTER_COLLAPSE_ACT2 when Act 2 has tonal variety
      ---
      duration_ms: 1.961687
      type: 'test'
      ...
    # Subtest: voicePass detects PARENTHETICAL_EXCESS when >30% of dialogue cues have parentheticals
    ok 5 - voicePass detects PARENTHETICAL_EXCESS when >30% of dialogue cues have parentheticals
      ---
      duration_ms: 1.737339
      type: 'test'
      ...
    # Subtest: voicePass does NOT fire PARENTHETICAL_EXCESS when parentheticals are rare
    ok 6 - voicePass does NOT fire PARENTHETICAL_EXCESS when parentheticals are rare
      ---
      duration_ms: 9.091232
      type: 'test'
      ...
    1..6
ok 1985 - Wave 193 — voicePass: pronoun opener excess, Act 2 tonal collapse, parenthetical excess
  ---
  duration_ms: 17.759556
  type: 'suite'
  ...
# Subtest: Wave 224 — voicePass: sentence fragment starvation, scene opener cadence lock, dialogue cadence monoculture
    # Subtest: voicePass detects SENTENCE_FRAGMENT_STARVATION when no action lines are short declarative fragments
    ok 1 - voicePass detects SENTENCE_FRAGMENT_STARVATION when no action lines are short declarative fragments
      ---
      duration_ms: 3.507614
      type: 'test'
      ...
    # Subtest: voicePass does NOT fire SENTENCE_FRAGMENT_STARVATION when fragment lines exceed the threshold
    ok 2 - voicePass does NOT fire SENTENCE_FRAGMENT_STARVATION when fragment lines exceed the threshold
      ---
      duration_ms: 1.497123
      type: 'test'
      ...
    # Subtest: voicePass detects SCENE_OPENER_CADENCE_LOCK when all scenes open with an article
    ok 3 - voicePass detects SCENE_OPENER_CADENCE_LOCK when all scenes open with an article
      ---
      duration_ms: 2.403755
      type: 'test'
      ...
    # Subtest: voicePass does NOT fire SCENE_OPENER_CADENCE_LOCK when scene openers are varied
    ok 4 - voicePass does NOT fire SCENE_OPENER_CADENCE_LOCK when scene openers are varied
      ---
      duration_ms: 1.594632
      type: 'test'
      ...
    # Subtest: voicePass detects DIALOGUE_CADENCE_MONOCULTURE when all major characters speak at the same cadence
    ok 5 - voicePass detects DIALOGUE_CADENCE_MONOCULTURE when all major characters speak at the same cadence
      ---
      duration_ms: 6.535892
      type: 'test'
      ...
    # Subtest: voicePass does NOT fire DIALOGUE_CADENCE_MONOCULTURE when characters have distinct cadence ranges
    ok 6 - voicePass does NOT fire DIALOGUE_CADENCE_MONOCULTURE when characters have distinct cadence ranges
      ---
      duration_ms: 4.839848
      type: 'test'
      ...
    1..6
ok 1986 - Wave 224 — voicePass: sentence fragment starvation, scene opener cadence lock, dialogue cadence monoculture
  ---
  duration_ms: 20.705899
  type: 'suite'
  ...
# Subtest: Wave 308 — voicePass: dialogue length uniformity, dash interruption flood, shout caps
    # Subtest: DIALOGUE_LENGTH_UNIFORMITY fires when >70% of dialogue lines share a length band
    ok 1 - DIALOGUE_LENGTH_UNIFORMITY fires when >70% of dialogue lines share a length band
      ---
      duration_ms: 1.783778
      type: 'test'
      ...
    # Subtest: DIALOGUE_LENGTH_UNIFORMITY does not fire when speech lengths vary widely
    ok 2 - DIALOGUE_LENGTH_UNIFORMITY does not fire when speech lengths vary widely
      ---
      duration_ms: 1.644942
      type: 'test'
      ...
    # Subtest: DIALOGUE_DASH_INTERRUPTION_FLOOD fires when >30% of dialogue lines contain a dash
    ok 3 - DIALOGUE_DASH_INTERRUPTION_FLOOD fires when >30% of dialogue lines contain a dash
      ---
      duration_ms: 4.718773
      type: 'test'
      ...
    # Subtest: DIALOGUE_DASH_INTERRUPTION_FLOOD does not fire when dashes are sparse
    ok 4 - DIALOGUE_DASH_INTERRUPTION_FLOOD does not fire when dashes are sparse
      ---
      duration_ms: 2.455339
      type: 'test'
      ...
    # Subtest: DIALOGUE_SHOUT_CAPS fires when 3+ dialogue lines contain a shouted caps word
    ok 5 - DIALOGUE_SHOUT_CAPS fires when 3+ dialogue lines contain a shouted caps word
      ---
      duration_ms: 1.06527
      type: 'test'
      ...
    # Subtest: DIALOGUE_SHOUT_CAPS does not fire when dialogue avoids caps shouting
    ok 6 - DIALOGUE_SHOUT_CAPS does not fire when dialogue avoids caps shouting
      ---
      duration_ms: 0.642927
      type: 'test'
      ...
    1..6
ok 1987 - Wave 308 — voicePass: dialogue length uniformity, dash interruption flood, shout caps
  ---
  duration_ms: 12.70903
  type: 'suite'
  ...
# Subtest: Wave 1173 — voicePass: voice open-thread-dialogue-highlight aftermath void, voice suspense-curiosity aftermath void, voice suspense-emotional aftermath void
    # Subtest: VOICE_OPEN_THREAD_DIALOGUE_HIGHLIGHT_AFTERMATH_VOID fires when every heavily-unresolved scene is followed by two scenes with no highlighted dialogue
    ok 1 - VOICE_OPEN_THREAD_DIALOGUE_HIGHLIGHT_AFTERMATH_VOID fires when every heavily-unresolved scene is followed by two scenes with no highlighted dialogue
      ---
      duration_ms: 2.626135
      type: 'test'
      ...
    # Subtest: VOICE_OPEN_THREAD_DIALOGUE_HIGHLIGHT_AFTERMATH_VOID does not fire when a heavily-unresolved scene is followed by highlighted dialogue within its window
    ok 2 - VOICE_OPEN_THREAD_DIALOGUE_HIGHLIGHT_AFTERMATH_VOID does not fire when a heavily-unresolved scene is followed by highlighted dialogue within its window
      ---
      duration_ms: 1.949921
      type: 'test'
      ...
    # Subtest: VOICE_SUSPENSE_CURIOSITY_AFTERMATH_VOID fires when every suspense-spike is followed by two scenes with no curiosity rise
    ok 3 - VOICE_SUSPENSE_CURIOSITY_AFTERMATH_VOID fires when every suspense-spike is followed by two scenes with no curiosity rise
      ---
      duration_ms: 1.728109
      type: 'test'
      ...
    # Subtest: VOICE_SUSPENSE_CURIOSITY_AFTERMATH_VOID does not fire when a suspense-spike is followed by a curiosity rise within its window
    ok 4 - VOICE_SUSPENSE_CURIOSITY_AFTERMATH_VOID does not fire when a suspense-spike is followed by a curiosity rise within its window
      ---
      duration_ms: 2.061495
      type: 'test'
      ...
    # Subtest: VOICE_SUSPENSE_EMOTIONAL_AFTERMATH_VOID fires when every suspense-spike is followed by two scenes with no emotional shift
    ok 5 - VOICE_SUSPENSE_EMOTIONAL_AFTERMATH_VOID fires when every suspense-spike is followed by two scenes with no emotional shift
      ---
      duration_ms: 1.787602
      type: 'test'
      ...
    # Subtest: VOICE_SUSPENSE_EMOTIONAL_AFTERMATH_VOID does not fire when a suspense-spike is followed by an emotional shift within its window
    ok 6 - VOICE_SUSPENSE_EMOTIONAL_AFTERMATH_VOID does not fire when a suspense-spike is followed by an emotional shift within its window
      ---
      duration_ms: 1.693905
      type: 'test'
      ...
    1..6
ok 1988 - Wave 1173 — voicePass: voice open-thread-dialogue-highlight aftermath void, voice suspense-curiosity aftermath void, voice suspense-emotional aftermath void
  ---
  duration_ms: 12.168451
  type: 'suite'
  ...
# Subtest: Wave 1159 — voicePass: voice revelation-dialogue-highlight aftermath void, voice revelation-staging aftermath void, voice open-thread-relational aftermath void
    # Subtest: VOICE_REVELATION_DIALOGUE_HIGHLIGHT_AFTERMATH_VOID fires when every revelation is followed by two scenes with no highlighted dialogue
    ok 1 - VOICE_REVELATION_DIALOGUE_HIGHLIGHT_AFTERMATH_VOID fires when every revelation is followed by two scenes with no highlighted dialogue
      ---
      duration_ms: 2.383067
      type: 'test'
      ...
    # Subtest: VOICE_REVELATION_DIALOGUE_HIGHLIGHT_AFTERMATH_VOID does not fire when a revelation is followed by highlighted dialogue within its window
    ok 2 - VOICE_REVELATION_DIALOGUE_HIGHLIGHT_AFTERMATH_VOID does not fire when a revelation is followed by highlighted dialogue within its window
      ---
      duration_ms: 1.955191
      type: 'test'
      ...
    # Subtest: VOICE_REVELATION_STAGING_AFTERMATH_VOID fires when every revelation is followed by two scenes with no heavily-staged scene
    ok 3 - VOICE_REVELATION_STAGING_AFTERMATH_VOID fires when every revelation is followed by two scenes with no heavily-staged scene
      ---
      duration_ms: 1.7803
      type: 'test'
      ...
    # Subtest: VOICE_REVELATION_STAGING_AFTERMATH_VOID does not fire when a revelation is followed by a heavily-staged scene within its window
    ok 4 - VOICE_REVELATION_STAGING_AFTERMATH_VOID does not fire when a revelation is followed by a heavily-staged scene within its window
      ---
      duration_ms: 1.910785
      type: 'test'
      ...
    # Subtest: VOICE_OPEN_THREAD_RELATIONAL_AFTERMATH_VOID fires when every heavily-unresolved scene is followed by two scenes with no relationship shift
    ok 5 - VOICE_OPEN_THREAD_RELATIONAL_AFTERMATH_VOID fires when every heavily-unresolved scene is followed by two scenes with no relationship shift
      ---
      duration_ms: 1.811797
      type: 'test'
      ...
    # Subtest: VOICE_OPEN_THREAD_RELATIONAL_AFTERMATH_VOID does not fire when a heavily-unresolved scene is followed by a relationship shift within its window
    ok 6 - VOICE_OPEN_THREAD_RELATIONAL_AFTERMATH_VOID does not fire when a heavily-unresolved scene is followed by a relationship shift within its window
      ---
      duration_ms: 1.984662
      type: 'test'
      ...
    1..6
ok 1989 - Wave 1159 — voicePass: voice revelation-dialogue-highlight aftermath void, voice revelation-staging aftermath void, voice open-thread-relational aftermath void
  ---
  duration_ms: 12.130517
  type: 'suite'
  ...
# Subtest: Wave 1145 — voicePass: voice revelation-relational aftermath void, voice open-thread-suspense aftermath void, voice open-thread-emotional aftermath void
    # Subtest: VOICE_REVELATION_RELATIONAL_AFTERMATH_VOID fires when every revelation is followed by two scenes with no relationship shift
    ok 1 - VOICE_REVELATION_RELATIONAL_AFTERMATH_VOID fires when every revelation is followed by two scenes with no relationship shift
      ---
      duration_ms: 2.22811
      type: 'test'
      ...
    # Subtest: VOICE_REVELATION_RELATIONAL_AFTERMATH_VOID does not fire when a revelation is followed by a relationship shift within its window
    ok 2 - VOICE_REVELATION_RELATIONAL_AFTERMATH_VOID does not fire when a revelation is followed by a relationship shift within its window
      ---
      duration_ms: 9.050649
      type: 'test'
      ...
    # Subtest: VOICE_OPEN_THREAD_SUSPENSE_AFTERMATH_VOID fires when every heavily-unresolved scene is followed by two scenes with no suspense rise
    ok 3 - VOICE_OPEN_THREAD_SUSPENSE_AFTERMATH_VOID fires when every heavily-unresolved scene is followed by two scenes with no suspense rise
      ---
      duration_ms: 1.799939
      type: 'test'
      ...
    # Subtest: VOICE_OPEN_THREAD_SUSPENSE_AFTERMATH_VOID does not fire when a heavily-unresolved scene is followed by a suspense rise within its window
    ok 4 - VOICE_OPEN_THREAD_SUSPENSE_AFTERMATH_VOID does not fire when a heavily-unresolved scene is followed by a suspense rise within its window
      ---
      duration_ms: 1.941746
      type: 'test'
      ...
    # Subtest: VOICE_OPEN_THREAD_EMOTIONAL_AFTERMATH_VOID fires when every heavily-unresolved scene is followed by two scenes with no emotional shift
    ok 5 - VOICE_OPEN_THREAD_EMOTIONAL_AFTERMATH_VOID fires when every heavily-unresolved scene is followed by two scenes with no emotional shift
      ---
      duration_ms: 1.797165
      type: 'test'
      ...
    # Subtest: VOICE_OPEN_THREAD_EMOTIONAL_AFTERMATH_VOID does not fire when a heavily-unresolved scene is followed by an emotional shift within its window
    ok 6 - VOICE_OPEN_THREAD_EMOTIONAL_AFTERMATH_VOID does not fire when a heavily-unresolved scene is followed by an emotional shift within its window
      ---
      duration_ms: 1.686228
      type: 'test'
      ...
    1..6
ok 1990 - Wave 1145 — voicePass: voice revelation-relational aftermath void, voice open-thread-suspense aftermath void, voice open-thread-emotional aftermath void
  ---
  duration_ms: 18.817679
  type: 'suite'
  ...
# Subtest: Wave 1131 — voicePass: voice revelation-emotional aftermath void, voice revelation-suspense aftermath void, voice open-thread-curiosity aftermath void
    # Subtest: VOICE_REVELATION_EMOTIONAL_AFTERMATH_VOID fires when every revelation is followed by two scenes with no emotional shift
    ok 1 - VOICE_REVELATION_EMOTIONAL_AFTERMATH_VOID fires when every revelation is followed by two scenes with no emotional shift
      ---
      duration_ms: 1.712258
      type: 'test'
      ...
    # Subtest: VOICE_REVELATION_EMOTIONAL_AFTERMATH_VOID does not fire when a revelation is followed by an emotional shift within its window
    ok 2 - VOICE_REVELATION_EMOTIONAL_AFTERMATH_VOID does not fire when a revelation is followed by an emotional shift within its window
      ---
      duration_ms: 1.512501
      type: 'test'
      ...
    # Subtest: VOICE_REVELATION_SUSPENSE_AFTERMATH_VOID fires when every revelation is followed by two scenes with no suspense rise
    ok 3 - VOICE_REVELATION_SUSPENSE_AFTERMATH_VOID fires when every revelation is followed by two scenes with no suspense rise
      ---
      duration_ms: 1.470811
      type: 'test'
      ...
    # Subtest: VOICE_REVELATION_SUSPENSE_AFTERMATH_VOID does not fire when a revelation is followed by a suspense rise within its window
    ok 4 - VOICE_REVELATION_SUSPENSE_AFTERMATH_VOID does not fire when a revelation is followed by a suspense rise within its window
      ---
      duration_ms: 1.503126
      type: 'test'
      ...
    # Subtest: VOICE_OPEN_THREAD_CURIOSITY_AFTERMATH_VOID fires when every heavily-unresolved scene is followed by two scenes with no curiosity rise
    ok 5 - VOICE_OPEN_THREAD_CURIOSITY_AFTERMATH_VOID fires when every heavily-unresolved scene is followed by two scenes with no curiosity rise
      ---
      duration_ms: 1.479683
      type: 'test'
      ...
    # Subtest: VOICE_OPEN_THREAD_CURIOSITY_AFTERMATH_VOID does not fire when a heavily-unresolved scene is followed by a curiosity rise within its window
    ok 6 - VOICE_OPEN_THREAD_CURIOSITY_AFTERMATH_VOID does not fire when a heavily-unresolved scene is followed by a curiosity rise within its window
      ---
      duration_ms: 1.491533
      type: 'test'
      ...
    1..6
ok 1991 - Wave 1131 — voicePass: voice revelation-emotional aftermath void, voice revelation-suspense aftermath void, voice open-thread-curiosity aftermath void
  ---
  duration_ms: 9.448548
  type: 'suite'
  ...
# Subtest: Wave 1117 — voicePass: voice payoff-dialogue-highlight aftermath void, voice payoff-staging aftermath void, voice revelation-curiosity aftermath void
    # Subtest: VOICE_PAYOFF_DIALOGUE_HIGHLIGHT_AFTERMATH_VOID fires when every payoff is followed by two scenes with no highlighted dialogue
    ok 1 - VOICE_PAYOFF_DIALOGUE_HIGHLIGHT_AFTERMATH_VOID fires when every payoff is followed by two scenes with no highlighted dialogue
      ---
      duration_ms: 1.853114
      type: 'test'
      ...
    # Subtest: VOICE_PAYOFF_DIALOGUE_HIGHLIGHT_AFTERMATH_VOID does not fire when a payoff is followed by highlighted dialogue within its window
    ok 2 - VOICE_PAYOFF_DIALOGUE_HIGHLIGHT_AFTERMATH_VOID does not fire when a payoff is followed by highlighted dialogue within its window
      ---
      duration_ms: 1.449739
      type: 'test'
      ...
    # Subtest: VOICE_PAYOFF_STAGING_AFTERMATH_VOID fires when every payoff is followed by two scenes with no heavily-staged scene
    ok 3 - VOICE_PAYOFF_STAGING_AFTERMATH_VOID fires when every payoff is followed by two scenes with no heavily-staged scene
      ---
      duration_ms: 1.686438
      type: 'test'
      ...
    # Subtest: VOICE_PAYOFF_STAGING_AFTERMATH_VOID does not fire when a payoff is followed by a heavily-staged scene within its window
    ok 4 - VOICE_PAYOFF_STAGING_AFTERMATH_VOID does not fire when a payoff is followed by a heavily-staged scene within its window
      ---
      duration_ms: 1.443319
      type: 'test'
      ...
    # Subtest: VOICE_REVELATION_CURIOSITY_AFTERMATH_VOID fires when every revelation is followed by two scenes with no curiosity rise
    ok 5 - VOICE_REVELATION_CURIOSITY_AFTERMATH_VOID fires when every revelation is followed by two scenes with no curiosity rise
      ---
      duration_ms: 1.4977
      type: 'test'
      ...
    # Subtest: VOICE_REVELATION_CURIOSITY_AFTERMATH_VOID does not fire when a revelation is followed by a curiosity rise within its window
    ok 6 - VOICE_REVELATION_CURIOSITY_AFTERMATH_VOID does not fire when a revelation is followed by a curiosity rise within its window
      ---
      duration_ms: 1.311682
      type: 'test'
      ...
    1..6
ok 1992 - Wave 1117 — voicePass: voice payoff-dialogue-highlight aftermath void, voice payoff-staging aftermath void, voice revelation-curiosity aftermath void
  ---
  duration_ms: 9.608203
  type: 'suite'
  ...
# Subtest: Wave 1103 — voicePass: voice seed-staging aftermath void, voice stakes-staging aftermath void, voice turn-dialogue-highlight aftermath void
    # Subtest: VOICE_SEED_STAGING_AFTERMATH_VOID fires when every seed is followed by two scenes with no heavily-staged scene
    ok 1 - VOICE_SEED_STAGING_AFTERMATH_VOID fires when every seed is followed by two scenes with no heavily-staged scene
      ---
      duration_ms: 2.845298
      type: 'test'
      ...
    # Subtest: VOICE_SEED_STAGING_AFTERMATH_VOID does not fire when a seed is followed by a heavily-staged scene within its window
    ok 2 - VOICE_SEED_STAGING_AFTERMATH_VOID does not fire when a seed is followed by a heavily-staged scene within its window
      ---
      duration_ms: 1.559135
      type: 'test'
      ...
    # Subtest: VOICE_STAKES_STAGING_AFTERMATH_VOID fires when every stakes-raise is followed by two scenes with no heavily-staged scene
    ok 3 - VOICE_STAKES_STAGING_AFTERMATH_VOID fires when every stakes-raise is followed by two scenes with no heavily-staged scene
      ---
      duration_ms: 1.472693
      type: 'test'
      ...
    # Subtest: VOICE_STAKES_STAGING_AFTERMATH_VOID does not fire when a stakes-raise is followed by a heavily-staged scene within its window
    ok 4 - VOICE_STAKES_STAGING_AFTERMATH_VOID does not fire when a stakes-raise is followed by a heavily-staged scene within its window
      ---
      duration_ms: 1.572648
      type: 'test'
      ...
    # Subtest: VOICE_TURN_DIALOGUE_HIGHLIGHT_AFTERMATH_VOID fires when every dramatic turn is followed by two scenes with no highlighted dialogue
    ok 5 - VOICE_TURN_DIALOGUE_HIGHLIGHT_AFTERMATH_VOID fires when every dramatic turn is followed by two scenes with no highlighted dialogue
      ---
      duration_ms: 1.491229
      type: 'test'
      ...
    # Subtest: VOICE_TURN_DIALOGUE_HIGHLIGHT_AFTERMATH_VOID does not fire when a dramatic turn is followed by highlighted dialogue within its window
    ok 6 - VOICE_TURN_DIALOGUE_HIGHLIGHT_AFTERMATH_VOID does not fire when a dramatic turn is followed by highlighted dialogue within its window
      ---
      duration_ms: 1.51712
      type: 'test'
      ...
    1..6
ok 1993 - Wave 1103 — voicePass: voice seed-staging aftermath void, voice stakes-staging aftermath void, voice turn-dialogue-highlight aftermath void
  ---
  duration_ms: 10.737241
  type: 'suite'
  ...
# Subtest: Wave 1089 — voicePass: voice seed-relational aftermath void, voice stakes-dialogue-highlight aftermath void, voice turn-staging aftermath void
    # Subtest: VOICE_SEED_RELATIONAL_AFTERMATH_VOID fires when every seed is followed by two scenes with no relationship shift
    ok 1 - VOICE_SEED_RELATIONAL_AFTERMATH_VOID fires when every seed is followed by two scenes with no relationship shift
      ---
      duration_ms: 1.562
      type: 'test'
      ...
    # Subtest: VOICE_SEED_RELATIONAL_AFTERMATH_VOID does not fire when a seed is followed by a relationship shift within its window
    ok 2 - VOICE_SEED_RELATIONAL_AFTERMATH_VOID does not fire when a seed is followed by a relationship shift within its window
      ---
      duration_ms: 1.405407
      type: 'test'
      ...
    # Subtest: VOICE_STAKES_DIALOGUE_HIGHLIGHT_AFTERMATH_VOID fires when every stakes-raise is followed by two scenes with no highlighted dialogue
    ok 3 - VOICE_STAKES_DIALOGUE_HIGHLIGHT_AFTERMATH_VOID fires when every stakes-raise is followed by two scenes with no highlighted dialogue
      ---
      duration_ms: 1.48255
      type: 'test'
      ...
    # Subtest: VOICE_STAKES_DIALOGUE_HIGHLIGHT_AFTERMATH_VOID does not fire when a stakes-raise is followed by highlighted dialogue within its window
    ok 4 - VOICE_STAKES_DIALOGUE_HIGHLIGHT_AFTERMATH_VOID does not fire when a stakes-raise is followed by highlighted dialogue within its window
      ---
      duration_ms: 1.486263
      type: 'test'
      ...
    # Subtest: VOICE_TURN_STAGING_AFTERMATH_VOID fires when every dramatic turn is followed by two scenes with no heavily-staged scene
    ok 5 - VOICE_TURN_STAGING_AFTERMATH_VOID fires when every dramatic turn is followed by two scenes with no heavily-staged scene
      ---
      duration_ms: 1.548827
      type: 'test'
      ...
    # Subtest: VOICE_TURN_STAGING_AFTERMATH_VOID does not fire when a dramatic turn is followed by a heavily-staged scene within its window
    ok 6 - VOICE_TURN_STAGING_AFTERMATH_VOID does not fire when a dramatic turn is followed by a heavily-staged scene within its window
      ---
      duration_ms: 1.466482
      type: 'test'
      ...
    1..6
ok 1994 - Wave 1089 — voicePass: voice seed-relational aftermath void, voice stakes-dialogue-highlight aftermath void, voice turn-staging aftermath void
  ---
  duration_ms: 9.247158
  type: 'suite'
  ...
# Subtest: Wave 1075 — voicePass: voice clock-staging aftermath void, voice turn-emotional aftermath void, voice payoff-suspense aftermath void
    # Subtest: VOICE_CLOCK_STAGING_AFTERMATH_VOID fires when every clock-raise is followed by two scenes with no visually dense scene
    ok 1 - VOICE_CLOCK_STAGING_AFTERMATH_VOID fires when every clock-raise is followed by two scenes with no visually dense scene
      ---
      duration_ms: 1.588487
      type: 'test'
      ...
    # Subtest: VOICE_CLOCK_STAGING_AFTERMATH_VOID does not fire when a clock-raise is followed by a visually dense scene within its window
    ok 2 - VOICE_CLOCK_STAGING_AFTERMATH_VOID does not fire when a clock-raise is followed by a visually dense scene within its window
      ---
      duration_ms: 1.469716
      type: 'test'
      ...
    # Subtest: VOICE_TURN_EMOTIONAL_AFTERMATH_VOID fires when every dramatic turn is followed by two scenes with no emotional shift
    ok 3 - VOICE_TURN_EMOTIONAL_AFTERMATH_VOID fires when every dramatic turn is followed by two scenes with no emotional shift
      ---
      duration_ms: 1.440061
      type: 'test'
      ...
    # Subtest: VOICE_TURN_EMOTIONAL_AFTERMATH_VOID does not fire when a dramatic turn is followed by an emotional shift within its window
    ok 4 - VOICE_TURN_EMOTIONAL_AFTERMATH_VOID does not fire when a dramatic turn is followed by an emotional shift within its window
      ---
      duration_ms: 1.467216
      type: 'test'
      ...
    # Subtest: VOICE_PAYOFF_SUSPENSE_AFTERMATH_VOID fires when every payoff is followed by two scenes with no suspense rise
    ok 5 - VOICE_PAYOFF_SUSPENSE_AFTERMATH_VOID fires when every payoff is followed by two scenes with no suspense rise
      ---
      duration_ms: 1.521052
      type: 'test'
      ...
    # Subtest: VOICE_PAYOFF_SUSPENSE_AFTERMATH_VOID does not fire when a payoff is followed by a suspense rise within its window
    ok 6 - VOICE_PAYOFF_SUSPENSE_AFTERMATH_VOID does not fire when a payoff is followed by a suspense rise within its window
      ---
      duration_ms: 1.428271
      type: 'test'
      ...
    1..6
ok 1995 - Wave 1075 — voicePass: voice clock-staging aftermath void, voice turn-emotional aftermath void, voice payoff-suspense aftermath void
  ---
  duration_ms: 9.202273
  type: 'suite'
  ...
# Subtest: Wave 1061 — voicePass: voice clock-emotional aftermath void, voice seed-suspense aftermath void, voice stakes-relational aftermath void
    # Subtest: VOICE_CLOCK_EMOTIONAL_AFTERMATH_VOID fires when every clock-raise is followed by two scenes with no emotional shift
    ok 1 - VOICE_CLOCK_EMOTIONAL_AFTERMATH_VOID fires when every clock-raise is followed by two scenes with no emotional shift
      ---
      duration_ms: 4.119617
      type: 'test'
      ...
    # Subtest: VOICE_CLOCK_EMOTIONAL_AFTERMATH_VOID does not fire when a clock-raise is followed by an emotional shift within its window
    ok 2 - VOICE_CLOCK_EMOTIONAL_AFTERMATH_VOID does not fire when a clock-raise is followed by an emotional shift within its window
      ---
      duration_ms: 1.481062
      type: 'test'
      ...
    # Subtest: VOICE_SEED_SUSPENSE_AFTERMATH_VOID fires when every seed is followed by two scenes with no suspense rise
    ok 3 - VOICE_SEED_SUSPENSE_AFTERMATH_VOID fires when every seed is followed by two scenes with no suspense rise
      ---
      duration_ms: 1.492139
      type: 'test'
      ...
    # Subtest: VOICE_SEED_SUSPENSE_AFTERMATH_VOID does not fire when a seed is followed by a suspense rise within its window
    ok 4 - VOICE_SEED_SUSPENSE_AFTERMATH_VOID does not fire when a seed is followed by a suspense rise within its window
      ---
      duration_ms: 1.442825
      type: 'test'
      ...
    # Subtest: VOICE_STAKES_RELATIONAL_AFTERMATH_VOID fires when every stakes-raise is followed by two scenes with no relationship shift
    ok 5 - VOICE_STAKES_RELATIONAL_AFTERMATH_VOID fires when every stakes-raise is followed by two scenes with no relationship shift
      ---
      duration_ms: 1.445626
      type: 'test'
      ...
    # Subtest: VOICE_STAKES_RELATIONAL_AFTERMATH_VOID does not fire when a stakes-raise is followed by a relationship shift within its window
    ok 6 - VOICE_STAKES_RELATIONAL_AFTERMATH_VOID does not fire when a stakes-raise is followed by a relationship shift within its window
      ---
      duration_ms: 1.34947
      type: 'test'
      ...
    1..6
ok 1996 - Wave 1061 — voicePass: voice clock-emotional aftermath void, voice seed-suspense aftermath void, voice stakes-relational aftermath void
  ---
  duration_ms: 11.590306
  type: 'suite'
  ...
# Subtest: Wave 1047 — voicePass: voice seed-curiosity aftermath void, voice payoff-emotional aftermath void, voice clock-suspense aftermath void
    # Subtest: VOICE_SEED_CURIOSITY_AFTERMATH_VOID fires when every seed is followed by two scenes with no curiosity rise
    ok 1 - VOICE_SEED_CURIOSITY_AFTERMATH_VOID fires when every seed is followed by two scenes with no curiosity rise
      ---
      duration_ms: 1.758412
      type: 'test'
      ...
    # Subtest: VOICE_SEED_CURIOSITY_AFTERMATH_VOID does not fire when a seed is followed by a curiosity rise within its window
    ok 2 - VOICE_SEED_CURIOSITY_AFTERMATH_VOID does not fire when a seed is followed by a curiosity rise within its window
      ---
      duration_ms: 1.424577
      type: 'test'
      ...
    # Subtest: VOICE_PAYOFF_EMOTIONAL_AFTERMATH_VOID fires when every payoff is followed by two scenes with no emotional shift
    ok 3 - VOICE_PAYOFF_EMOTIONAL_AFTERMATH_VOID fires when every payoff is followed by two scenes with no emotional shift
      ---
      duration_ms: 1.348542
      type: 'test'
      ...
    # Subtest: VOICE_PAYOFF_EMOTIONAL_AFTERMATH_VOID does not fire when a payoff is followed by an emotional shift within its window
    ok 4 - VOICE_PAYOFF_EMOTIONAL_AFTERMATH_VOID does not fire when a payoff is followed by an emotional shift within its window
      ---
      duration_ms: 1.440182
      type: 'test'
      ...
    # Subtest: VOICE_CLOCK_SUSPENSE_AFTERMATH_VOID fires when every clock-raise is followed by two scenes with no suspense rise
    ok 5 - VOICE_CLOCK_SUSPENSE_AFTERMATH_VOID fires when every clock-raise is followed by two scenes with no suspense rise
      ---
      duration_ms: 1.406509
      type: 'test'
      ...
    # Subtest: VOICE_CLOCK_SUSPENSE_AFTERMATH_VOID does not fire when a clock-raise is followed by a suspense rise within its window
    ok 6 - VOICE_CLOCK_SUSPENSE_AFTERMATH_VOID does not fire when a clock-raise is followed by a suspense rise within its window
      ---
      duration_ms: 1.438406
      type: 'test'
      ...
    1..6
ok 1997 - Wave 1047 — voicePass: voice seed-curiosity aftermath void, voice payoff-emotional aftermath void, voice clock-suspense aftermath void
  ---
  duration_ms: 9.146764
  type: 'suite'
  ...
# Subtest: Wave 1033 — voicePass: voice stakes-emotional aftermath void, voice clock-relational aftermath void, voice turn-curiosity aftermath void
    # Subtest: VOICE_STAKES_EMOTIONAL_AFTERMATH_VOID fires when every stakes-raise is followed by two scenes with no emotional shift
    ok 1 - VOICE_STAKES_EMOTIONAL_AFTERMATH_VOID fires when every stakes-raise is followed by two scenes with no emotional shift
      ---
      duration_ms: 1.533489
      type: 'test'
      ...
    # Subtest: VOICE_STAKES_EMOTIONAL_AFTERMATH_VOID does not fire when a stakes-raise is followed by an emotional shift within its window
    ok 2 - VOICE_STAKES_EMOTIONAL_AFTERMATH_VOID does not fire when a stakes-raise is followed by an emotional shift within its window
      ---
      duration_ms: 1.358692
      type: 'test'
      ...
    # Subtest: VOICE_CLOCK_RELATIONAL_AFTERMATH_VOID fires when every clock-raise is followed by two scenes with no relationship shift
    ok 3 - VOICE_CLOCK_RELATIONAL_AFTERMATH_VOID fires when every clock-raise is followed by two scenes with no relationship shift
      ---
      duration_ms: 1.497602
      type: 'test'
      ...
    # Subtest: VOICE_CLOCK_RELATIONAL_AFTERMATH_VOID does not fire when a clock-raise is followed by a relationship shift within its window
    ok 4 - VOICE_CLOCK_RELATIONAL_AFTERMATH_VOID does not fire when a clock-raise is followed by a relationship shift within its window
      ---
      duration_ms: 1.469999
      type: 'test'
      ...
    # Subtest: VOICE_TURN_CURIOSITY_AFTERMATH_VOID fires when every dramatic turn is followed by two scenes with no curiosity rise
    ok 5 - VOICE_TURN_CURIOSITY_AFTERMATH_VOID fires when every dramatic turn is followed by two scenes with no curiosity rise
      ---
      duration_ms: 2.213494
      type: 'test'
      ...
    # Subtest: VOICE_TURN_CURIOSITY_AFTERMATH_VOID does not fire when a dramatic turn is followed by a curiosity rise within its window
    ok 6 - VOICE_TURN_CURIOSITY_AFTERMATH_VOID does not fire when a dramatic turn is followed by a curiosity rise within its window
      ---
      duration_ms: 1.377445
      type: 'test'
      ...
    1..6
ok 1998 - Wave 1033 — voicePass: voice stakes-emotional aftermath void, voice clock-relational aftermath void, voice turn-curiosity aftermath void
  ---
  duration_ms: 9.713973
  type: 'suite'
  ...
# Subtest: Wave 1019 — voicePass: voice stakes-suspense aftermath void, voice payoff-curiosity aftermath void, voice open-thread-staging aftermath void
    # Subtest: VOICE_STAKES_SUSPENSE_AFTERMATH_VOID fires when every stakes-raise is followed by two scenes with no suspense rise
    ok 1 - VOICE_STAKES_SUSPENSE_AFTERMATH_VOID fires when every stakes-raise is followed by two scenes with no suspense rise
      ---
      duration_ms: 1.563264
      type: 'test'
      ...
    # Subtest: VOICE_STAKES_SUSPENSE_AFTERMATH_VOID does not fire when a stakes-raise is followed by a suspense rise within its window
    ok 2 - VOICE_STAKES_SUSPENSE_AFTERMATH_VOID does not fire when a stakes-raise is followed by a suspense rise within its window
      ---
      duration_ms: 1.435167
      type: 'test'
      ...
    # Subtest: VOICE_PAYOFF_CURIOSITY_AFTERMATH_VOID fires when every payoff setup is followed by two scenes with no curiosity rise
    ok 3 - VOICE_PAYOFF_CURIOSITY_AFTERMATH_VOID fires when every payoff setup is followed by two scenes with no curiosity rise
      ---
      duration_ms: 1.395456
      type: 'test'
      ...
    # Subtest: VOICE_PAYOFF_CURIOSITY_AFTERMATH_VOID does not fire when a payoff setup is followed by a curiosity rise within its window
    ok 4 - VOICE_PAYOFF_CURIOSITY_AFTERMATH_VOID does not fire when a payoff setup is followed by a curiosity rise within its window
      ---
      duration_ms: 1.378887
      type: 'test'
      ...
    # Subtest: VOICE_OPEN_THREAD_STAGING_AFTERMATH_VOID fires when every heavily-unresolved scene is followed by two scenes with no staged visual beat
    ok 5 - VOICE_OPEN_THREAD_STAGING_AFTERMATH_VOID fires when every heavily-unresolved scene is followed by two scenes with no staged visual beat
      ---
      duration_ms: 1.665241
      type: 'test'
      ...
    # Subtest: VOICE_OPEN_THREAD_STAGING_AFTERMATH_VOID does not fire when a heavily-unresolved scene is followed by a staged visual beat within its window
    ok 6 - VOICE_OPEN_THREAD_STAGING_AFTERMATH_VOID does not fire when a heavily-unresolved scene is followed by a staged visual beat within its window
      ---
      duration_ms: 1.373642
      type: 'test'
      ...
    1..6
ok 1999 - Wave 1019 — voicePass: voice stakes-suspense aftermath void, voice payoff-curiosity aftermath void, voice open-thread-staging aftermath void
  ---
  duration_ms: 9.066915
  type: 'suite'
  ...
# Subtest: Wave 1005 — voicePass: voice clock-curiosity aftermath void, voice seed-emotional aftermath void, voice turn-relational aftermath void
    # Subtest: VOICE_CLOCK_CURIOSITY_AFTERMATH_VOID fires when every clock-raise is followed by two scenes with no new curiosity
    ok 1 - VOICE_CLOCK_CURIOSITY_AFTERMATH_VOID fires when every clock-raise is followed by two scenes with no new curiosity
      ---
      duration_ms: 5.748086
      type: 'test'
      ...
    # Subtest: VOICE_CLOCK_CURIOSITY_AFTERMATH_VOID does not fire when a clock-raise is followed by new curiosity within its window
    ok 2 - VOICE_CLOCK_CURIOSITY_AFTERMATH_VOID does not fire when a clock-raise is followed by new curiosity within its window
      ---
      duration_ms: 1.347019
      type: 'test'
      ...
    # Subtest: VOICE_SEED_EMOTIONAL_AFTERMATH_VOID fires when every seed is followed by two scenes with no emotional shift
    ok 3 - VOICE_SEED_EMOTIONAL_AFTERMATH_VOID fires when every seed is followed by two scenes with no emotional shift
      ---
      duration_ms: 1.442098
      type: 'test'
      ...
    # Subtest: VOICE_SEED_EMOTIONAL_AFTERMATH_VOID does not fire when a seed is followed by an emotional shift within its window
    ok 4 - VOICE_SEED_EMOTIONAL_AFTERMATH_VOID does not fire when a seed is followed by an emotional shift within its window
      ---
      duration_ms: 5.506218
      type: 'test'
      ...
    # Subtest: VOICE_TURN_RELATIONAL_AFTERMATH_VOID fires when every dramatic turn is followed by two scenes with no relationship shift
    ok 5 - VOICE_TURN_RELATIONAL_AFTERMATH_VOID fires when every dramatic turn is followed by two scenes with no relationship shift
      ---
      duration_ms: 1.448178
      type: 'test'
      ...
    # Subtest: VOICE_TURN_RELATIONAL_AFTERMATH_VOID does not fire when a dramatic turn is followed by a relationship shift within its window
    ok 6 - VOICE_TURN_RELATIONAL_AFTERMATH_VOID does not fire when a dramatic turn is followed by a relationship shift within its window
      ---
      duration_ms: 5.764367
      type: 'test'
      ...
    1..6
ok 2000 - Wave 1005 — voicePass: voice clock-curiosity aftermath void, voice seed-emotional aftermath void, voice turn-relational aftermath void
  ---
  duration_ms: 21.534703
  type: 'suite'
  ...
# Subtest: Wave 991 — voicePass: voice stakes-curiosity aftermath void, voice turn-suspense aftermath void, voice payoff-relationship aftermath void
    # Subtest: VOICE_STAKES_CURIOSITY_AFTERMATH_VOID fires when every stakes-raise is followed by two scenes with no new curiosity
    ok 1 - VOICE_STAKES_CURIOSITY_AFTERMATH_VOID fires when every stakes-raise is followed by two scenes with no new curiosity
      ---
      duration_ms: 1.590013
      type: 'test'
      ...
    # Subtest: VOICE_STAKES_CURIOSITY_AFTERMATH_VOID does not fire when a stakes-raise is followed by new curiosity within its window
    ok 2 - VOICE_STAKES_CURIOSITY_AFTERMATH_VOID does not fire when a stakes-raise is followed by new curiosity within its window
      ---
      duration_ms: 1.44425
      type: 'test'
      ...
    # Subtest: VOICE_TURN_SUSPENSE_AFTERMATH_VOID fires when every dramatic turn is followed by two scenes with no rise in suspense
    ok 3 - VOICE_TURN_SUSPENSE_AFTERMATH_VOID fires when every dramatic turn is followed by two scenes with no rise in suspense
      ---
      duration_ms: 1.810623
      type: 'test'
      ...
    # Subtest: VOICE_TURN_SUSPENSE_AFTERMATH_VOID does not fire when a dramatic turn is followed by rising suspense within its window
    ok 4 - VOICE_TURN_SUSPENSE_AFTERMATH_VOID does not fire when a dramatic turn is followed by rising suspense within its window
      ---
      duration_ms: 1.430306
      type: 'test'
      ...
    # Subtest: VOICE_PAYOFF_RELATIONSHIP_AFTERMATH_VOID fires when every payoff is followed by two scenes with no relationship shift
    ok 5 - VOICE_PAYOFF_RELATIONSHIP_AFTERMATH_VOID fires when every payoff is followed by two scenes with no relationship shift
      ---
      duration_ms: 1.839144
      type: 'test'
      ...
    # Subtest: VOICE_PAYOFF_RELATIONSHIP_AFTERMATH_VOID does not fire when a payoff is followed by a relationship shift within its window
    ok 6 - VOICE_PAYOFF_RELATIONSHIP_AFTERMATH_VOID does not fire when a payoff is followed by a relationship shift within its window
      ---
      duration_ms: 1.606932
      type: 'test'
      ...
    1..6
ok 2001 - Wave 991 — voicePass: voice stakes-curiosity aftermath void, voice turn-suspense aftermath void, voice payoff-relationship aftermath void
  ---
  duration_ms: 10.011187
  type: 'suite'
  ...
# Subtest: Wave 977 — voicePass: voice emotion zone imbalance, voice highlight zone imbalance, voice seed zone imbalance
    # Subtest: VOICE_EMOTION_ZONE_IMBALANCE fires when one zone is empty while another holds >=50% of emotionally-charged scenes
    ok 1 - VOICE_EMOTION_ZONE_IMBALANCE fires when one zone is empty while another holds >=50% of emotionally-charged scenes
      ---
      duration_ms: 5.099
      type: 'test'
      ...
    # Subtest: VOICE_EMOTION_ZONE_IMBALANCE does not fire when emotionally-charged scenes touch every zone
    ok 2 - VOICE_EMOTION_ZONE_IMBALANCE does not fire when emotionally-charged scenes touch every zone
      ---
      duration_ms: 1.713337
      type: 'test'
      ...
    # Subtest: VOICE_HIGHLIGHT_ZONE_IMBALANCE fires when one zone is empty while another holds >=50% of dialogue-highlight scenes
    ok 3 - VOICE_HIGHLIGHT_ZONE_IMBALANCE fires when one zone is empty while another holds >=50% of dialogue-highlight scenes
      ---
      duration_ms: 1.348234
      type: 'test'
      ...
    # Subtest: VOICE_HIGHLIGHT_ZONE_IMBALANCE does not fire when dialogue-highlight scenes touch every zone
    ok 4 - VOICE_HIGHLIGHT_ZONE_IMBALANCE does not fire when dialogue-highlight scenes touch every zone
      ---
      duration_ms: 4.772744
      type: 'test'
      ...
    # Subtest: VOICE_SEED_ZONE_IMBALANCE fires when one zone is empty while another holds >=50% of seeding scenes
    ok 5 - VOICE_SEED_ZONE_IMBALANCE fires when one zone is empty while another holds >=50% of seeding scenes
      ---
      duration_ms: 1.617126
      type: 'test'
      ...
    # Subtest: VOICE_SEED_ZONE_IMBALANCE does not fire when seeding scenes touch every zone
    ok 6 - VOICE_SEED_ZONE_IMBALANCE does not fire when seeding scenes touch every zone
      ---
      duration_ms: 1.320296
      type: 'test'
      ...
    1..6
ok 2002 - Wave 977 — voicePass: voice emotion zone imbalance, voice highlight zone imbalance, voice seed zone imbalance
  ---
  duration_ms: 16.155576
  type: 'suite'
  ...
# Subtest: Wave 963 — voicePass: voice turn zone imbalance, voice open thread zone imbalance, voice clock delta zone imbalance
    # Subtest: VOICE_TURN_ZONE_IMBALANCE fires when one zone is empty while another holds >=50% of dramatic-turn scenes
    ok 1 - VOICE_TURN_ZONE_IMBALANCE fires when one zone is empty while another holds >=50% of dramatic-turn scenes
      ---
      duration_ms: 1.691658
      type: 'test'
      ...
    # Subtest: VOICE_TURN_ZONE_IMBALANCE does not fire when dramatic-turn scenes touch every zone
    ok 2 - VOICE_TURN_ZONE_IMBALANCE does not fire when dramatic-turn scenes touch every zone
      ---
      duration_ms: 1.284705
      type: 'test'
      ...
    # Subtest: VOICE_OPEN_THREAD_ZONE_IMBALANCE fires when one zone is empty while another holds >=50% of open-thread scenes
    ok 3 - VOICE_OPEN_THREAD_ZONE_IMBALANCE fires when one zone is empty while another holds >=50% of open-thread scenes
      ---
      duration_ms: 1.442433
      type: 'test'
      ...
    # Subtest: VOICE_OPEN_THREAD_ZONE_IMBALANCE does not fire when open-thread scenes touch every zone
    ok 4 - VOICE_OPEN_THREAD_ZONE_IMBALANCE does not fire when open-thread scenes touch every zone
      ---
      duration_ms: 1.403883
      type: 'test'
      ...
    # Subtest: VOICE_CLOCK_DELTA_ZONE_IMBALANCE fires when one zone is empty while another holds >=50% of clock-moving scenes
    ok 5 - VOICE_CLOCK_DELTA_ZONE_IMBALANCE fires when one zone is empty while another holds >=50% of clock-moving scenes
      ---
      duration_ms: 1.449033
      type: 'test'
      ...
    # Subtest: VOICE_CLOCK_DELTA_ZONE_IMBALANCE does not fire when clock-moving scenes touch every zone
    ok 6 - VOICE_CLOCK_DELTA_ZONE_IMBALANCE does not fire when clock-moving scenes touch every zone
      ---
      duration_ms: 1.30229
      type: 'test'
      ...
    1..6
ok 2003 - Wave 963 — voicePass: voice turn zone imbalance, voice open thread zone imbalance, voice clock delta zone imbalance
  ---
  duration_ms: 8.884402
  type: 'suite'
  ...
# Subtest: Wave 949 — voicePass: voice revelation purpose zone imbalance, voice suspense zone imbalance, voice payoff zone imbalance
    # Subtest: VOICE_REVELATION_PURPOSE_ZONE_IMBALANCE fires when one zone is empty while another holds >=50% of revelation-purposed scenes
    ok 1 - VOICE_REVELATION_PURPOSE_ZONE_IMBALANCE fires when one zone is empty while another holds >=50% of revelation-purposed scenes
      ---
      duration_ms: 6.02988
      type: 'test'
      ...
    # Subtest: VOICE_REVELATION_PURPOSE_ZONE_IMBALANCE does not fire when revelation-purposed scenes touch every zone
    ok 2 - VOICE_REVELATION_PURPOSE_ZONE_IMBALANCE does not fire when revelation-purposed scenes touch every zone
      ---
      duration_ms: 1.508644
      type: 'test'
      ...
    # Subtest: VOICE_SUSPENSE_ZONE_IMBALANCE fires when one zone is empty while another holds >=50% of suspense-raising scenes
    ok 3 - VOICE_SUSPENSE_ZONE_IMBALANCE fires when one zone is empty while another holds >=50% of suspense-raising scenes
      ---
      duration_ms: 1.454444
      type: 'test'
      ...
    # Subtest: VOICE_SUSPENSE_ZONE_IMBALANCE does not fire when suspense-raising scenes touch every zone
    ok 4 - VOICE_SUSPENSE_ZONE_IMBALANCE does not fire when suspense-raising scenes touch every zone
      ---
      duration_ms: 1.305317
      type: 'test'
      ...
    # Subtest: VOICE_PAYOFF_ZONE_IMBALANCE fires when one zone is empty while another holds >=50% of payoff scenes
    ok 5 - VOICE_PAYOFF_ZONE_IMBALANCE fires when one zone is empty while another holds >=50% of payoff scenes
      ---
      duration_ms: 1.463158
      type: 'test'
      ...
    # Subtest: VOICE_PAYOFF_ZONE_IMBALANCE does not fire when payoff scenes touch every zone
    ok 6 - VOICE_PAYOFF_ZONE_IMBALANCE does not fire when payoff scenes touch every zone
      ---
      duration_ms: 1.37859
      type: 'test'
      ...
    1..6
ok 2004 - Wave 949 — voicePass: voice revelation purpose zone imbalance, voice suspense zone imbalance, voice payoff zone imbalance
  ---
  duration_ms: 13.412353
  type: 'suite'
  ...
# Subtest: Wave 935 — voicePass: voice revelation purpose zone cluster, voice revelation purpose drought run, voice negative emotion zone imbalance
    # Subtest: VOICE_REVELATION_PURPOSE_ZONE_CLUSTER fires when >75% of revelation-purposed scenes cluster in one third
    ok 1 - VOICE_REVELATION_PURPOSE_ZONE_CLUSTER fires when >75% of revelation-purposed scenes cluster in one third
      ---
      duration_ms: 1.400251
      type: 'test'
      ...
    # Subtest: VOICE_REVELATION_PURPOSE_ZONE_CLUSTER does not fire when revelation-purposed scenes spread across thirds
    ok 2 - VOICE_REVELATION_PURPOSE_ZONE_CLUSTER does not fire when revelation-purposed scenes spread across thirds
      ---
      duration_ms: 1.178032
      type: 'test'
      ...
    # Subtest: VOICE_REVELATION_PURPOSE_DROUGHT_RUN fires when a long run has no revelation-purposed scene
    ok 3 - VOICE_REVELATION_PURPOSE_DROUGHT_RUN fires when a long run has no revelation-purposed scene
      ---
      duration_ms: 1.502598
      type: 'test'
      ...
    # Subtest: VOICE_REVELATION_PURPOSE_DROUGHT_RUN does not fire when revelation-purposed scenes are evenly spread
    ok 4 - VOICE_REVELATION_PURPOSE_DROUGHT_RUN does not fire when revelation-purposed scenes are evenly spread
      ---
      duration_ms: 1.330812
      type: 'test'
      ...
    # Subtest: VOICE_NEGATIVE_EMOTION_ZONE_IMBALANCE fires when one zone is empty while another holds >=50% of negative-shift scenes
    ok 5 - VOICE_NEGATIVE_EMOTION_ZONE_IMBALANCE fires when one zone is empty while another holds >=50% of negative-shift scenes
      ---
      duration_ms: 1.445317
      type: 'test'
      ...
    # Subtest: VOICE_NEGATIVE_EMOTION_ZONE_IMBALANCE does not fire when negative-shift scenes touch every zone
    ok 6 - VOICE_NEGATIVE_EMOTION_ZONE_IMBALANCE does not fire when negative-shift scenes touch every zone
      ---
      duration_ms: 1.412466
      type: 'test'
      ...
    1..6
ok 2005 - Wave 935 — voicePass: voice revelation purpose zone cluster, voice revelation purpose drought run, voice negative emotion zone imbalance
  ---
  duration_ms: 8.53424
  type: 'suite'
  ...
# Subtest: Wave 921 — voicePass: voice introduce conflict zone imbalance, voice character moment zone imbalance, voice stakes zone imbalance
    # Subtest: VOICE_INTRODUCE_CONFLICT_ZONE_IMBALANCE fires when one zone is empty while another holds >=50% of conflict-introducing scenes
    ok 1 - VOICE_INTRODUCE_CONFLICT_ZONE_IMBALANCE fires when one zone is empty while another holds >=50% of conflict-introducing scenes
      ---
      duration_ms: 1.603639
      type: 'test'
      ...
    # Subtest: VOICE_INTRODUCE_CONFLICT_ZONE_IMBALANCE does not fire when conflict-introducing scenes touch every zone
    ok 2 - VOICE_INTRODUCE_CONFLICT_ZONE_IMBALANCE does not fire when conflict-introducing scenes touch every zone
      ---
      duration_ms: 1.459841
      type: 'test'
      ...
    # Subtest: VOICE_CHARACTER_MOMENT_ZONE_IMBALANCE fires when one zone is empty while another holds >=50% of character-moment scenes
    ok 3 - VOICE_CHARACTER_MOMENT_ZONE_IMBALANCE fires when one zone is empty while another holds >=50% of character-moment scenes
      ---
      duration_ms: 1.345205
      type: 'test'
      ...
    # Subtest: VOICE_CHARACTER_MOMENT_ZONE_IMBALANCE does not fire when character-moment scenes touch every zone
    ok 4 - VOICE_CHARACTER_MOMENT_ZONE_IMBALANCE does not fire when character-moment scenes touch every zone
      ---
      duration_ms: 1.345637
      type: 'test'
      ...
    # Subtest: VOICE_STAKES_ZONE_IMBALANCE fires when one zone is empty while another holds >=50% of stakes-raising scenes
    ok 5 - VOICE_STAKES_ZONE_IMBALANCE fires when one zone is empty while another holds >=50% of stakes-raising scenes
      ---
      duration_ms: 1.415515
      type: 'test'
      ...
    # Subtest: VOICE_STAKES_ZONE_IMBALANCE does not fire when stakes-raising scenes touch every zone
    ok 6 - VOICE_STAKES_ZONE_IMBALANCE does not fire when stakes-raising scenes touch every zone
      ---
      duration_ms: 1.493702
      type: 'test'
      ...
    1..6
ok 2006 - Wave 921 — voicePass: voice introduce conflict zone imbalance, voice character moment zone imbalance, voice stakes zone imbalance
  ---
  duration_ms: 8.979908
  type: 'suite'
  ...
# Subtest: Wave 907 — voicePass: voice resolution zone imbalance, voice turning point zone imbalance, voice complicate zone imbalance
    # Subtest: VOICE_RESOLUTION_ZONE_IMBALANCE fires when one zone is empty while another holds >=50% of resolution-purposed scenes
    ok 1 - VOICE_RESOLUTION_ZONE_IMBALANCE fires when one zone is empty while another holds >=50% of resolution-purposed scenes
      ---
      duration_ms: 1.643124
      type: 'test'
      ...
    # Subtest: VOICE_RESOLUTION_ZONE_IMBALANCE does not fire when resolution-purposed scenes touch every zone
    ok 2 - VOICE_RESOLUTION_ZONE_IMBALANCE does not fire when resolution-purposed scenes touch every zone
      ---
      duration_ms: 1.255691
      type: 'test'
      ...
    # Subtest: VOICE_TURNING_POINT_ZONE_IMBALANCE fires when one zone is empty while another holds >=50% of turning-point scenes
    ok 3 - VOICE_TURNING_POINT_ZONE_IMBALANCE fires when one zone is empty while another holds >=50% of turning-point scenes
      ---
      duration_ms: 1.369474
      type: 'test'
      ...
    # Subtest: VOICE_TURNING_POINT_ZONE_IMBALANCE does not fire when turning-point scenes touch every zone
    ok 4 - VOICE_TURNING_POINT_ZONE_IMBALANCE does not fire when turning-point scenes touch every zone
      ---
      duration_ms: 1.504456
      type: 'test'
      ...
    # Subtest: VOICE_COMPLICATE_ZONE_IMBALANCE fires when one zone is empty while another holds >=50% of complicating scenes
    ok 5 - VOICE_COMPLICATE_ZONE_IMBALANCE fires when one zone is empty while another holds >=50% of complicating scenes
      ---
      duration_ms: 1.359203
      type: 'test'
      ...
    # Subtest: VOICE_COMPLICATE_ZONE_IMBALANCE does not fire when complicating scenes touch every zone
    ok 6 - VOICE_COMPLICATE_ZONE_IMBALANCE does not fire when complicating scenes touch every zone
      ---
      duration_ms: 1.344674
      type: 'test'
      ...
    1..6
ok 2007 - Wave 907 — voicePass: voice resolution zone imbalance, voice turning point zone imbalance, voice complicate zone imbalance
  ---
  duration_ms: 8.733417
  type: 'suite'
  ...
# Subtest: Wave 893 — voicePass: voice complicate drought run, voice climax zone imbalance, voice establish world zone imbalance
    # Subtest: VOICE_COMPLICATE_DROUGHT_RUN fires when a long run has no complicating scene
    ok 1 - VOICE_COMPLICATE_DROUGHT_RUN fires when a long run has no complicating scene
      ---
      duration_ms: 1.546239
      type: 'test'
      ...
    # Subtest: VOICE_COMPLICATE_DROUGHT_RUN does not fire when complicating scenes are evenly spread
    ok 2 - VOICE_COMPLICATE_DROUGHT_RUN does not fire when complicating scenes are evenly spread
      ---
      duration_ms: 13.126297
      type: 'test'
      ...
    # Subtest: VOICE_CLIMAX_ZONE_IMBALANCE fires when one zone is empty while another holds >=50% of climax-purposed scenes
    ok 3 - VOICE_CLIMAX_ZONE_IMBALANCE fires when one zone is empty while another holds >=50% of climax-purposed scenes
      ---
      duration_ms: 1.657732
      type: 'test'
      ...
    # Subtest: VOICE_CLIMAX_ZONE_IMBALANCE does not fire when climax-purposed scenes touch every zone
    ok 4 - VOICE_CLIMAX_ZONE_IMBALANCE does not fire when climax-purposed scenes touch every zone
      ---
      duration_ms: 1.353056
      type: 'test'
      ...
    # Subtest: VOICE_ESTABLISH_WORLD_ZONE_IMBALANCE fires when one zone is empty while another holds >=50% of world-establishing scenes
    ok 5 - VOICE_ESTABLISH_WORLD_ZONE_IMBALANCE fires when one zone is empty while another holds >=50% of world-establishing scenes
      ---
      duration_ms: 1.231582
      type: 'test'
      ...
    # Subtest: VOICE_ESTABLISH_WORLD_ZONE_IMBALANCE does not fire when world-establishing scenes touch every zone
    ok 6 - VOICE_ESTABLISH_WORLD_ZONE_IMBALANCE does not fire when world-establishing scenes touch every zone
      ---
      duration_ms: 1.387994
      type: 'test'
      ...
    1..6
ok 2008 - Wave 893 — voicePass: voice complicate drought run, voice climax zone imbalance, voice establish world zone imbalance
  ---
  duration_ms: 20.623313
  type: 'suite'
  ...
# Subtest: Wave 879 — voicePass: voice climax drought run, voice resolution drought run, voice complicate zone cluster
    # Subtest: VOICE_CLIMAX_DROUGHT_RUN fires when a long run has no climax-purposed scene
    ok 1 - VOICE_CLIMAX_DROUGHT_RUN fires when a long run has no climax-purposed scene
      ---
      duration_ms: 1.471956
      type: 'test'
      ...
    # Subtest: VOICE_CLIMAX_DROUGHT_RUN does not fire when climax-purposed scenes are evenly spread
    ok 2 - VOICE_CLIMAX_DROUGHT_RUN does not fire when climax-purposed scenes are evenly spread
      ---
      duration_ms: 1.28536
      type: 'test'
      ...
    # Subtest: VOICE_RESOLUTION_DROUGHT_RUN fires when a long run has no resolution-purposed scene
    ok 3 - VOICE_RESOLUTION_DROUGHT_RUN fires when a long run has no resolution-purposed scene
      ---
      duration_ms: 1.970875
      type: 'test'
      ...
    # Subtest: VOICE_RESOLUTION_DROUGHT_RUN does not fire when resolution-purposed scenes are evenly spread
    ok 4 - VOICE_RESOLUTION_DROUGHT_RUN does not fire when resolution-purposed scenes are evenly spread
      ---
      duration_ms: 1.410308
      type: 'test'
      ...
    # Subtest: VOICE_COMPLICATE_ZONE_CLUSTER fires when >75% of complicating scenes cluster in one third
    ok 5 - VOICE_COMPLICATE_ZONE_CLUSTER fires when >75% of complicating scenes cluster in one third
      ---
      duration_ms: 1.205246
      type: 'test'
      ...
    # Subtest: VOICE_COMPLICATE_ZONE_CLUSTER does not fire when complicating scenes spread across thirds
    ok 6 - VOICE_COMPLICATE_ZONE_CLUSTER does not fire when complicating scenes spread across thirds
      ---
      duration_ms: 1.411733
      type: 'test'
      ...
    1..6
ok 2009 - Wave 879 — voicePass: voice climax drought run, voice resolution drought run, voice complicate zone cluster
  ---
  duration_ms: 9.010695
  type: 'suite'
  ...
# Subtest: Wave 865 — voicePass: voice establish world drought run, voice climax zone cluster, voice resolution zone cluster
    # Subtest: VOICE_ESTABLISH_WORLD_DROUGHT_RUN fires when a long run has no world-establishing scene
    ok 1 - VOICE_ESTABLISH_WORLD_DROUGHT_RUN fires when a long run has no world-establishing scene
      ---
      duration_ms: 1.468884
      type: 'test'
      ...
    # Subtest: VOICE_ESTABLISH_WORLD_DROUGHT_RUN does not fire when world-establishing scenes are evenly spread
    ok 2 - VOICE_ESTABLISH_WORLD_DROUGHT_RUN does not fire when world-establishing scenes are evenly spread
      ---
      duration_ms: 1.621449
      type: 'test'
      ...
    # Subtest: VOICE_CLIMAX_ZONE_CLUSTER fires when >75% of climax-purposed scenes cluster in one third
    ok 3 - VOICE_CLIMAX_ZONE_CLUSTER fires when >75% of climax-purposed scenes cluster in one third
      ---
      duration_ms: 1.364644
      type: 'test'
      ...
    # Subtest: VOICE_CLIMAX_ZONE_CLUSTER does not fire when climax-purposed scenes spread across thirds
    ok 4 - VOICE_CLIMAX_ZONE_CLUSTER does not fire when climax-purposed scenes spread across thirds
      ---
      duration_ms: 1.153706
      type: 'test'
      ...
    # Subtest: VOICE_RESOLUTION_ZONE_CLUSTER fires when >75% of resolution-purposed scenes cluster in one third
    ok 5 - VOICE_RESOLUTION_ZONE_CLUSTER fires when >75% of resolution-purposed scenes cluster in one third
      ---
      duration_ms: 1.222097
      type: 'test'
      ...
    # Subtest: VOICE_RESOLUTION_ZONE_CLUSTER does not fire when resolution-purposed scenes spread across thirds
    ok 6 - VOICE_RESOLUTION_ZONE_CLUSTER does not fire when resolution-purposed scenes spread across thirds
      ---
      duration_ms: 1.160854
      type: 'test'
      ...
    1..6
ok 2010 - Wave 865 — voicePass: voice establish world drought run, voice climax zone cluster, voice resolution zone cluster
  ---
  duration_ms: 8.570356
  type: 'suite'
  ...
# Subtest: Wave 851 — voicePass: voice stakes drought run, voice positive emotion zone cluster, voice establish world zone cluster
    # Subtest: VOICE_STAKES_DROUGHT_RUN fires when a long run has no stakes-raising purpose
    ok 1 - VOICE_STAKES_DROUGHT_RUN fires when a long run has no stakes-raising purpose
      ---
      duration_ms: 1.370135
      type: 'test'
      ...
    # Subtest: VOICE_STAKES_DROUGHT_RUN does not fire when stakes-raising scenes are evenly spread
    ok 2 - VOICE_STAKES_DROUGHT_RUN does not fire when stakes-raising scenes are evenly spread
      ---
      duration_ms: 1.399183
      type: 'test'
      ...
    # Subtest: VOICE_POSITIVE_EMOTION_ZONE_CLUSTER fires when >75% of positive-emotion scenes cluster in one third
    ok 3 - VOICE_POSITIVE_EMOTION_ZONE_CLUSTER fires when >75% of positive-emotion scenes cluster in one third
      ---
      duration_ms: 1.203069
      type: 'test'
      ...
    # Subtest: VOICE_POSITIVE_EMOTION_ZONE_CLUSTER does not fire when positive-emotion scenes spread across thirds
    ok 4 - VOICE_POSITIVE_EMOTION_ZONE_CLUSTER does not fire when positive-emotion scenes spread across thirds
      ---
      duration_ms: 1.236794
      type: 'test'
      ...
    # Subtest: VOICE_ESTABLISH_WORLD_ZONE_CLUSTER fires when >75% of world-establishing scenes cluster in one third
    ok 5 - VOICE_ESTABLISH_WORLD_ZONE_CLUSTER fires when >75% of world-establishing scenes cluster in one third
      ---
      duration_ms: 1.33495
      type: 'test'
      ...
    # Subtest: VOICE_ESTABLISH_WORLD_ZONE_CLUSTER does not fire when world-establishing scenes spread across thirds
    ok 6 - VOICE_ESTABLISH_WORLD_ZONE_CLUSTER does not fire when world-establishing scenes spread across thirds
      ---
      duration_ms: 1.175566
      type: 'test'
      ...
    1..6
ok 2011 - Wave 851 — voicePass: voice stakes drought run, voice positive emotion zone cluster, voice establish world zone cluster
  ---
  duration_ms: 7.995158
  type: 'suite'
  ...
# Subtest: Wave 837 — voicePass: voice turning point drought run, voice introduce conflict drought run, voice stakes zone cluster
    # Subtest: VOICE_TURNING_POINT_DROUGHT_RUN fires when a long run has no turning point
    ok 1 - VOICE_TURNING_POINT_DROUGHT_RUN fires when a long run has no turning point
      ---
      duration_ms: 1.445061
      type: 'test'
      ...
    # Subtest: VOICE_TURNING_POINT_DROUGHT_RUN does not fire when turning points are evenly spread
    ok 2 - VOICE_TURNING_POINT_DROUGHT_RUN does not fire when turning points are evenly spread
      ---
      duration_ms: 1.43347
      type: 'test'
      ...
    # Subtest: VOICE_INTRODUCE_CONFLICT_DROUGHT_RUN fires when a long run has no new conflict
    ok 3 - VOICE_INTRODUCE_CONFLICT_DROUGHT_RUN fires when a long run has no new conflict
      ---
      duration_ms: 1.29879
      type: 'test'
      ...
    # Subtest: VOICE_INTRODUCE_CONFLICT_DROUGHT_RUN does not fire when conflict-introducing scenes are evenly spread
    ok 4 - VOICE_INTRODUCE_CONFLICT_DROUGHT_RUN does not fire when conflict-introducing scenes are evenly spread
      ---
      duration_ms: 1.388257
      type: 'test'
      ...
    # Subtest: VOICE_STAKES_ZONE_CLUSTER fires when >75% of stakes-raising scenes cluster in one third
    ok 5 - VOICE_STAKES_ZONE_CLUSTER fires when >75% of stakes-raising scenes cluster in one third
      ---
      duration_ms: 1.245006
      type: 'test'
      ...
    # Subtest: VOICE_STAKES_ZONE_CLUSTER does not fire when stakes-raising scenes spread across thirds
    ok 6 - VOICE_STAKES_ZONE_CLUSTER does not fire when stakes-raising scenes spread across thirds
      ---
      duration_ms: 1.141146
      type: 'test'
      ...
    1..6
ok 2012 - Wave 837 — voicePass: voice turning point drought run, voice introduce conflict drought run, voice stakes zone cluster
  ---
  duration_ms: 8.229739
  type: 'suite'
  ...
# Subtest: Wave 823 — voicePass: voice negative emotion drought run, voice turning point zone cluster, voice introduce conflict zone cluster
    # Subtest: VOICE_NEGATIVE_EMOTION_DROUGHT_RUN fires when a long run has no negative-emotion charge
    ok 1 - VOICE_NEGATIVE_EMOTION_DROUGHT_RUN fires when a long run has no negative-emotion charge
      ---
      duration_ms: 1.503413
      type: 'test'
      ...
    # Subtest: VOICE_NEGATIVE_EMOTION_DROUGHT_RUN does not fire when negative-emotion scenes are evenly spread
    ok 2 - VOICE_NEGATIVE_EMOTION_DROUGHT_RUN does not fire when negative-emotion scenes are evenly spread
      ---
      duration_ms: 1.405701
      type: 'test'
      ...
    # Subtest: VOICE_TURNING_POINT_ZONE_CLUSTER fires when >75% of turning-point scenes cluster in one third
    ok 3 - VOICE_TURNING_POINT_ZONE_CLUSTER fires when >75% of turning-point scenes cluster in one third
      ---
      duration_ms: 1.206543
      type: 'test'
      ...
    # Subtest: VOICE_TURNING_POINT_ZONE_CLUSTER does not fire when turning-point scenes spread across thirds
    ok 4 - VOICE_TURNING_POINT_ZONE_CLUSTER does not fire when turning-point scenes spread across thirds
      ---
      duration_ms: 1.204766
      type: 'test'
      ...
    # Subtest: VOICE_INTRODUCE_CONFLICT_ZONE_CLUSTER fires when >75% of conflict-introducing scenes cluster in one third
    ok 5 - VOICE_INTRODUCE_CONFLICT_ZONE_CLUSTER fires when >75% of conflict-introducing scenes cluster in one third
      ---
      duration_ms: 1.256034
      type: 'test'
      ...
    # Subtest: VOICE_INTRODUCE_CONFLICT_ZONE_CLUSTER does not fire when conflict-introducing scenes spread across thirds
    ok 6 - VOICE_INTRODUCE_CONFLICT_ZONE_CLUSTER does not fire when conflict-introducing scenes spread across thirds
      ---
      duration_ms: 1.144501
      type: 'test'
      ...
    1..6
ok 2013 - Wave 823 — voicePass: voice negative emotion drought run, voice turning point zone cluster, voice introduce conflict zone cluster
  ---
  duration_ms: 7.994431
  type: 'suite'
  ...
# Subtest: Wave 809 — voicePass: voice revelation drought run, voice revelation peak uncaused, voice negative emotion zone cluster
    # Subtest: VOICE_REVELATION_DROUGHT_RUN fires when a long run has no revelation
    ok 1 - VOICE_REVELATION_DROUGHT_RUN fires when a long run has no revelation
      ---
      duration_ms: 1.431372
      type: 'test'
      ...
    # Subtest: VOICE_REVELATION_DROUGHT_RUN does not fire when revelations are evenly spread
    ok 2 - VOICE_REVELATION_DROUGHT_RUN does not fire when revelations are evenly spread
      ---
      duration_ms: 1.490662
      type: 'test'
      ...
    # Subtest: VOICE_REVELATION_PEAK_UNCAUSED fires when the revelation scene has no dramatic turn nearby
    ok 3 - VOICE_REVELATION_PEAK_UNCAUSED fires when the revelation scene has no dramatic turn nearby
      ---
      duration_ms: 1.586669
      type: 'test'
      ...
    # Subtest: VOICE_REVELATION_PEAK_UNCAUSED does not fire when a dramatic turn precedes the revelation scene
    ok 4 - VOICE_REVELATION_PEAK_UNCAUSED does not fire when a dramatic turn precedes the revelation scene
      ---
      duration_ms: 1.185538
      type: 'test'
      ...
    # Subtest: VOICE_NEGATIVE_EMOTION_ZONE_CLUSTER fires when >75% of negative-emotion scenes cluster in one third
    ok 5 - VOICE_NEGATIVE_EMOTION_ZONE_CLUSTER fires when >75% of negative-emotion scenes cluster in one third
      ---
      duration_ms: 4.032174
      type: 'test'
      ...
    # Subtest: VOICE_NEGATIVE_EMOTION_ZONE_CLUSTER does not fire when negative-emotion scenes spread across thirds
    ok 6 - VOICE_NEGATIVE_EMOTION_ZONE_CLUSTER does not fire when negative-emotion scenes spread across thirds
      ---
      duration_ms: 1.233458
      type: 'test'
      ...
    1..6
ok 2014 - Wave 809 — voicePass: voice revelation drought run, voice revelation peak uncaused, voice negative emotion zone cluster
  ---
  duration_ms: 11.252858
  type: 'suite'
  ...
# Subtest: Wave 795 — voicePass: voice turn zone cluster, voice emotion drought run, voice revelation zone cluster
    # Subtest: VOICE_TURN_ZONE_CLUSTER fires when >75% of turn scenes cluster in one third
    ok 1 - VOICE_TURN_ZONE_CLUSTER fires when >75% of turn scenes cluster in one third
      ---
      duration_ms: 2.148177
      type: 'test'
      ...
    # Subtest: VOICE_TURN_ZONE_CLUSTER does not fire when turn scenes spread across thirds
    ok 2 - VOICE_TURN_ZONE_CLUSTER does not fire when turn scenes spread across thirds
      ---
      duration_ms: 1.258985
      type: 'test'
      ...
    # Subtest: VOICE_EMOTION_DROUGHT_RUN fires when a long run has no emotional charge
    ok 3 - VOICE_EMOTION_DROUGHT_RUN fires when a long run has no emotional charge
      ---
      duration_ms: 1.42123
      type: 'test'
      ...
    # Subtest: VOICE_EMOTION_DROUGHT_RUN does not fire when emotional charge is evenly spread
    ok 4 - VOICE_EMOTION_DROUGHT_RUN does not fire when emotional charge is evenly spread
      ---
      duration_ms: 1.278633
      type: 'test'
      ...
    # Subtest: VOICE_REVELATION_ZONE_CLUSTER fires when >75% of revelation scenes cluster in one third
    ok 5 - VOICE_REVELATION_ZONE_CLUSTER fires when >75% of revelation scenes cluster in one third
      ---
      duration_ms: 1.692629
      type: 'test'
      ...
    # Subtest: VOICE_REVELATION_ZONE_CLUSTER does not fire when revelation scenes spread across thirds
    ok 6 - VOICE_REVELATION_ZONE_CLUSTER does not fire when revelation scenes spread across thirds
      ---
      duration_ms: 1.152916
      type: 'test'
      ...
    1..6
ok 2015 - Wave 795 — voicePass: voice turn zone cluster, voice emotion drought run, voice revelation zone cluster
  ---
  duration_ms: 9.259001
  type: 'suite'
  ...
# Subtest: Wave 781 — voicePass: voice turn drought run, voice emotion zone cluster, voice suspense peak uncaused
    # Subtest: VOICE_TURN_DROUGHT_RUN fires when a long run has no dramatic turn
    ok 1 - VOICE_TURN_DROUGHT_RUN fires when a long run has no dramatic turn
      ---
      duration_ms: 1.571624
      type: 'test'
      ...
    # Subtest: VOICE_TURN_DROUGHT_RUN does not fire when dramatic turns are evenly spread
    ok 2 - VOICE_TURN_DROUGHT_RUN does not fire when dramatic turns are evenly spread
      ---
      duration_ms: 1.297431
      type: 'test'
      ...
    # Subtest: VOICE_EMOTION_ZONE_CLUSTER fires when >75% of emotionally charged scenes cluster in one third
    ok 3 - VOICE_EMOTION_ZONE_CLUSTER fires when >75% of emotionally charged scenes cluster in one third
      ---
      duration_ms: 1.224207
      type: 'test'
      ...
    # Subtest: VOICE_EMOTION_ZONE_CLUSTER does not fire when emotionally charged scenes spread across thirds
    ok 4 - VOICE_EMOTION_ZONE_CLUSTER does not fire when emotionally charged scenes spread across thirds
      ---
      duration_ms: 1.390115
      type: 'test'
      ...
    # Subtest: VOICE_SUSPENSE_PEAK_UNCAUSED fires when the peak suspense scene has no preparing cause nearby
    ok 5 - VOICE_SUSPENSE_PEAK_UNCAUSED fires when the peak suspense scene has no preparing cause nearby
      ---
      duration_ms: 1.145558
      type: 'test'
      ...
    # Subtest: VOICE_SUSPENSE_PEAK_UNCAUSED does not fire when a preparing cause precedes the peak suspense scene
    ok 6 - VOICE_SUSPENSE_PEAK_UNCAUSED does not fire when a preparing cause precedes the peak suspense scene
      ---
      duration_ms: 1.118845
      type: 'test'
      ...
    1..6
ok 2016 - Wave 781 — voicePass: voice turn drought run, voice emotion zone cluster, voice suspense peak uncaused
  ---
  duration_ms: 8.023126
  type: 'suite'
  ...
# Subtest: Wave 767 — voicePass: voice clock delta zone cluster, voice curiosity peak uncaused, voice suspense drought run
    # Subtest: VOICE_CLOCK_DELTA_ZONE_CLUSTER fires when >75% of clock-shifting scenes cluster in one third
    ok 1 - VOICE_CLOCK_DELTA_ZONE_CLUSTER fires when >75% of clock-shifting scenes cluster in one third
      ---
      duration_ms: 1.43264
      type: 'test'
      ...
    # Subtest: VOICE_CLOCK_DELTA_ZONE_CLUSTER does not fire when clock-shifting scenes spread across thirds
    ok 2 - VOICE_CLOCK_DELTA_ZONE_CLUSTER does not fire when clock-shifting scenes spread across thirds
      ---
      duration_ms: 1.203292
      type: 'test'
      ...
    # Subtest: VOICE_CURIOSITY_PEAK_UNCAUSED fires when the peak curiosity scene has no preparing cause nearby
    ok 3 - VOICE_CURIOSITY_PEAK_UNCAUSED fires when the peak curiosity scene has no preparing cause nearby
      ---
      duration_ms: 1.141542
      type: 'test'
      ...
    # Subtest: VOICE_CURIOSITY_PEAK_UNCAUSED does not fire when a preparing cause precedes the peak curiosity scene
    ok 4 - VOICE_CURIOSITY_PEAK_UNCAUSED does not fire when a preparing cause precedes the peak curiosity scene
      ---
      duration_ms: 1.126815
      type: 'test'
      ...
    # Subtest: VOICE_SUSPENSE_DROUGHT_RUN fires when a long run has no rising suspense
    ok 5 - VOICE_SUSPENSE_DROUGHT_RUN fires when a long run has no rising suspense
      ---
      duration_ms: 1.399435
      type: 'test'
      ...
    # Subtest: VOICE_SUSPENSE_DROUGHT_RUN does not fire when suspense rises are evenly spread
    ok 6 - VOICE_SUSPENSE_DROUGHT_RUN does not fire when suspense rises are evenly spread
      ---
      duration_ms: 1.324322
      type: 'test'
      ...
    1..6
ok 2017 - Wave 767 — voicePass: voice clock delta zone cluster, voice curiosity peak uncaused, voice suspense drought run
  ---
  duration_ms: 8.283456
  type: 'suite'
  ...
# Subtest: Wave 753 — voicePass: voice clock delta drought run, voice character moment drought run, voice curiosity zone cluster
    # Subtest: VOICE_CLOCK_DELTA_DROUGHT_RUN fires when the longest no-clock-movement run reaches 6
    ok 1 - VOICE_CLOCK_DELTA_DROUGHT_RUN fires when the longest no-clock-movement run reaches 6
      ---
      duration_ms: 1.604667
      type: 'test'
      ...
    # Subtest: VOICE_CLOCK_DELTA_DROUGHT_RUN does not fire when clock movement is spread through the story
    ok 2 - VOICE_CLOCK_DELTA_DROUGHT_RUN does not fire when clock movement is spread through the story
      ---
      duration_ms: 1.278989
      type: 'test'
      ...
    # Subtest: VOICE_CHARACTER_MOMENT_DROUGHT_RUN fires when the longest no-character-moment run reaches 6
    ok 3 - VOICE_CHARACTER_MOMENT_DROUGHT_RUN fires when the longest no-character-moment run reaches 6
      ---
      duration_ms: 1.322714
      type: 'test'
      ...
    # Subtest: VOICE_CHARACTER_MOMENT_DROUGHT_RUN does not fire when character moments are spread through the story
    ok 4 - VOICE_CHARACTER_MOMENT_DROUGHT_RUN does not fire when character moments are spread through the story
      ---
      duration_ms: 1.435772
      type: 'test'
      ...
    # Subtest: VOICE_CURIOSITY_ZONE_CLUSTER fires when >75% of curiosity-positive scenes cluster in one third
    ok 5 - VOICE_CURIOSITY_ZONE_CLUSTER fires when >75% of curiosity-positive scenes cluster in one third
      ---
      duration_ms: 1.206429
      type: 'test'
      ...
    # Subtest: VOICE_CURIOSITY_ZONE_CLUSTER does not fire when curiosity-positive scenes are distributed across thirds
    ok 6 - VOICE_CURIOSITY_ZONE_CLUSTER does not fire when curiosity-positive scenes are distributed across thirds
      ---
      duration_ms: 1.237145
      type: 'test'
      ...
    1..6
ok 2018 - Wave 753 — voicePass: voice clock delta drought run, voice character moment drought run, voice curiosity zone cluster
  ---
  duration_ms: 8.369412
  type: 'suite'
  ...
# Subtest: Wave 739 — voicePass: voice open thread zone cluster, voice highlight zone cluster, voice relationship drought run
    # Subtest: VOICE_OPEN_THREAD_ZONE_CLUSTER fires when >75% of open-thread scenes cluster in one third
    ok 1 - VOICE_OPEN_THREAD_ZONE_CLUSTER fires when >75% of open-thread scenes cluster in one third
      ---
      duration_ms: 1.407365
      type: 'test'
      ...
    # Subtest: VOICE_OPEN_THREAD_ZONE_CLUSTER does not fire when open-thread scenes are distributed across thirds
    ok 2 - VOICE_OPEN_THREAD_ZONE_CLUSTER does not fire when open-thread scenes are distributed across thirds
      ---
      duration_ms: 1.138471
      type: 'test'
      ...
    # Subtest: VOICE_HIGHLIGHT_ZONE_CLUSTER fires when >75% of highlighted-dialogue scenes cluster in one third
    ok 3 - VOICE_HIGHLIGHT_ZONE_CLUSTER fires when >75% of highlighted-dialogue scenes cluster in one third
      ---
      duration_ms: 1.260475
      type: 'test'
      ...
    # Subtest: VOICE_HIGHLIGHT_ZONE_CLUSTER does not fire when highlighted dialogue is distributed across thirds
    ok 4 - VOICE_HIGHLIGHT_ZONE_CLUSTER does not fire when highlighted dialogue is distributed across thirds
      ---
      duration_ms: 1.224058
      type: 'test'
      ...
    # Subtest: VOICE_RELATIONSHIP_DROUGHT_RUN fires when the longest no-relationship-shift run reaches 6
    ok 5 - VOICE_RELATIONSHIP_DROUGHT_RUN fires when the longest no-relationship-shift run reaches 6
      ---
      duration_ms: 1.332671
      type: 'test'
      ...
    # Subtest: VOICE_RELATIONSHIP_DROUGHT_RUN does not fire when relationship shifts are spread through the story
    ok 6 - VOICE_RELATIONSHIP_DROUGHT_RUN does not fire when relationship shifts are spread through the story
      ---
      duration_ms: 1.367583
      type: 'test'
      ...
    1..6
ok 2019 - Wave 739 — voicePass: voice open thread zone cluster, voice highlight zone cluster, voice relationship drought run
  ---
  duration_ms: 7.992529
  type: 'suite'
  ...
# Subtest: Wave 725 — voicePass: voice highlight drought run, voice relationship peak uncaused, voice open thread drought run
    # Subtest: VOICE_HIGHLIGHT_DROUGHT_RUN fires when the longest no-highlighted-dialogue run reaches 6
    ok 1 - VOICE_HIGHLIGHT_DROUGHT_RUN fires when the longest no-highlighted-dialogue run reaches 6
      ---
      duration_ms: 1.51329
      type: 'test'
      ...
    # Subtest: VOICE_HIGHLIGHT_DROUGHT_RUN does not fire when highlighted dialogue is spread through the story
    ok 2 - VOICE_HIGHLIGHT_DROUGHT_RUN does not fire when highlighted dialogue is spread through the story
      ---
      duration_ms: 1.320906
      type: 'test'
      ...
    # Subtest: VOICE_RELATIONSHIP_PEAK_UNCAUSED fires when the peak relationship-shift scene has no dramatic turn or revelation nearby
    ok 3 - VOICE_RELATIONSHIP_PEAK_UNCAUSED fires when the peak relationship-shift scene has no dramatic turn or revelation nearby
      ---
      duration_ms: 1.165077
      type: 'test'
      ...
    # Subtest: VOICE_RELATIONSHIP_PEAK_UNCAUSED does not fire when a dramatic turn precedes the peak within the lookback
    ok 4 - VOICE_RELATIONSHIP_PEAK_UNCAUSED does not fire when a dramatic turn precedes the peak within the lookback
      ---
      duration_ms: 1.224224
      type: 'test'
      ...
    # Subtest: VOICE_OPEN_THREAD_DROUGHT_RUN fires when the longest no-outstanding-clue run reaches 6
    ok 5 - VOICE_OPEN_THREAD_DROUGHT_RUN fires when the longest no-outstanding-clue run reaches 6
      ---
      duration_ms: 1.391347
      type: 'test'
      ...
    # Subtest: VOICE_OPEN_THREAD_DROUGHT_RUN does not fire when open threads are spread through the story
    ok 6 - VOICE_OPEN_THREAD_DROUGHT_RUN does not fire when open threads are spread through the story
      ---
      duration_ms: 5.437873
      type: 'test'
      ...
    1..6
ok 2020 - Wave 725 — voicePass: voice highlight drought run, voice relationship peak uncaused, voice open thread drought run
  ---
  duration_ms: 12.335757
  type: 'suite'
  ...
# Subtest: Wave 711 — voicePass: voice staging zone cluster, voice seed peak uncaused, voice payoff zone cluster
    # Subtest: VOICE_STAGING_ZONE_CLUSTER fires when >75% of visually dense scenes cluster in one third
    ok 1 - VOICE_STAGING_ZONE_CLUSTER fires when >75% of visually dense scenes cluster in one third
      ---
      duration_ms: 1.472411
      type: 'test'
      ...
    # Subtest: VOICE_STAGING_ZONE_CLUSTER does not fire when visually dense scenes are distributed across thirds
    ok 2 - VOICE_STAGING_ZONE_CLUSTER does not fire when visually dense scenes are distributed across thirds
      ---
      duration_ms: 1.251422
      type: 'test'
      ...
    # Subtest: VOICE_SEED_PEAK_UNCAUSED fires when the peak seed scene has no dramatic turn or revelation nearby
    ok 3 - VOICE_SEED_PEAK_UNCAUSED fires when the peak seed scene has no dramatic turn or revelation nearby
      ---
      duration_ms: 1.498476
      type: 'test'
      ...
    # Subtest: VOICE_SEED_PEAK_UNCAUSED does not fire when a dramatic turn precedes the peak within the lookback
    ok 4 - VOICE_SEED_PEAK_UNCAUSED does not fire when a dramatic turn precedes the peak within the lookback
      ---
      duration_ms: 1.372061
      type: 'test'
      ...
    # Subtest: VOICE_PAYOFF_ZONE_CLUSTER fires when >75% of payoff scenes cluster in one third
    ok 5 - VOICE_PAYOFF_ZONE_CLUSTER fires when >75% of payoff scenes cluster in one third
      ---
      duration_ms: 1.247312
      type: 'test'
      ...
    # Subtest: VOICE_PAYOFF_ZONE_CLUSTER does not fire when payoff scenes are distributed across thirds
    ok 6 - VOICE_PAYOFF_ZONE_CLUSTER does not fire when payoff scenes are distributed across thirds
      ---
      duration_ms: 1.283794
      type: 'test'
      ...
    1..6
ok 2021 - Wave 711 — voicePass: voice staging zone cluster, voice seed peak uncaused, voice payoff zone cluster
  ---
  duration_ms: 15.56459
  type: 'suite'
  ...
# Subtest: Wave 697 — voicePass: voice seed zone cluster, voice payoff peak uncaused, voice staging drought run
    # Subtest: VOICE_SEED_ZONE_CLUSTER fires when >75% of seed scenes cluster in one third
    ok 1 - VOICE_SEED_ZONE_CLUSTER fires when >75% of seed scenes cluster in one third
      ---
      duration_ms: 1.471832
      type: 'test'
      ...
    # Subtest: VOICE_SEED_ZONE_CLUSTER does not fire when seed scenes are distributed across thirds
    ok 2 - VOICE_SEED_ZONE_CLUSTER does not fire when seed scenes are distributed across thirds
      ---
      duration_ms: 1.257125
      type: 'test'
      ...
    # Subtest: VOICE_PAYOFF_PEAK_UNCAUSED fires when the peak payoff scene has no dramatic turn or revelation nearby
    ok 3 - VOICE_PAYOFF_PEAK_UNCAUSED fires when the peak payoff scene has no dramatic turn or revelation nearby
      ---
      duration_ms: 1.13289
      type: 'test'
      ...
    # Subtest: VOICE_PAYOFF_PEAK_UNCAUSED does not fire when a dramatic turn precedes the peak within the lookback
    ok 4 - VOICE_PAYOFF_PEAK_UNCAUSED does not fire when a dramatic turn precedes the peak within the lookback
      ---
      duration_ms: 1.12805
      type: 'test'
      ...
    # Subtest: VOICE_STAGING_DROUGHT_RUN fires when the longest no-visual-beat run is ≥6
    ok 5 - VOICE_STAGING_DROUGHT_RUN fires when the longest no-visual-beat run is ≥6
      ---
      duration_ms: 1.334842
      type: 'test'
      ...
    # Subtest: VOICE_STAGING_DROUGHT_RUN does not fire when visual beats are distributed without a long drought
    ok 6 - VOICE_STAGING_DROUGHT_RUN does not fire when visual beats are distributed without a long drought
      ---
      duration_ms: 1.401418
      type: 'test'
      ...
    1..6
ok 2022 - Wave 697 — voicePass: voice seed zone cluster, voice payoff peak uncaused, voice staging drought run
  ---
  duration_ms: 7.996216
  type: 'suite'
  ...
# Subtest: Wave 683 — voicePass: voice open thread peak uncaused, voice curiosity drought run, voice suspense zone cluster
    # Subtest: VOICE_OPEN_THREAD_PEAK_UNCAUSED fires when the peak open-thread scene has no dramatic turn or revelation nearby
    ok 1 - VOICE_OPEN_THREAD_PEAK_UNCAUSED fires when the peak open-thread scene has no dramatic turn or revelation nearby
      ---
      duration_ms: 1.34505
      type: 'test'
      ...
    # Subtest: VOICE_OPEN_THREAD_PEAK_UNCAUSED does not fire when a dramatic turn precedes the peak within the lookback
    ok 2 - VOICE_OPEN_THREAD_PEAK_UNCAUSED does not fire when a dramatic turn precedes the peak within the lookback
      ---
      duration_ms: 1.187324
      type: 'test'
      ...
    # Subtest: VOICE_CURIOSITY_DROUGHT_RUN fires when the longest no-curiosity-spike run is ≥6
    ok 3 - VOICE_CURIOSITY_DROUGHT_RUN fires when the longest no-curiosity-spike run is ≥6
      ---
      duration_ms: 1.487229
      type: 'test'
      ...
    # Subtest: VOICE_CURIOSITY_DROUGHT_RUN does not fire when curiosity spikes are distributed without a long drought
    ok 4 - VOICE_CURIOSITY_DROUGHT_RUN does not fire when curiosity spikes are distributed without a long drought
      ---
      duration_ms: 1.357585
      type: 'test'
      ...
    # Subtest: VOICE_SUSPENSE_ZONE_CLUSTER fires when >75% of rising-suspense scenes cluster in one third
    ok 5 - VOICE_SUSPENSE_ZONE_CLUSTER fires when >75% of rising-suspense scenes cluster in one third
      ---
      duration_ms: 1.211772
      type: 'test'
      ...
    # Subtest: VOICE_SUSPENSE_ZONE_CLUSTER does not fire when rising-suspense scenes are distributed across thirds
    ok 6 - VOICE_SUSPENSE_ZONE_CLUSTER does not fire when rising-suspense scenes are distributed across thirds
      ---
      duration_ms: 1.241182
      type: 'test'
      ...
    1..6
ok 2023 - Wave 683 — voicePass: voice open thread peak uncaused, voice curiosity drought run, voice suspense zone cluster
  ---
  duration_ms: 8.095202
  type: 'suite'
  ...
# Subtest: Wave 669 — voicePass: voice highlight peak uncaused, voice payoff drought run, voice relationship zone cluster
    # Subtest: VOICE_HIGHLIGHT_PEAK_UNCAUSED fires when the peak highlighted-dialogue scene has no dramatic turn or revelation nearby
    ok 1 - VOICE_HIGHLIGHT_PEAK_UNCAUSED fires when the peak highlighted-dialogue scene has no dramatic turn or revelation nearby
      ---
      duration_ms: 1.355058
      type: 'test'
      ...
    # Subtest: VOICE_HIGHLIGHT_PEAK_UNCAUSED does not fire when a dramatic turn precedes the peak within the lookback
    ok 2 - VOICE_HIGHLIGHT_PEAK_UNCAUSED does not fire when a dramatic turn precedes the peak within the lookback
      ---
      duration_ms: 1.163971
      type: 'test'
      ...
    # Subtest: VOICE_PAYOFF_DROUGHT_RUN fires when the longest no-payoff run is ≥6
    ok 3 - VOICE_PAYOFF_DROUGHT_RUN fires when the longest no-payoff run is ≥6
      ---
      duration_ms: 1.31237
      type: 'test'
      ...
    # Subtest: VOICE_PAYOFF_DROUGHT_RUN does not fire when payoffs are distributed without a long drought
    ok 4 - VOICE_PAYOFF_DROUGHT_RUN does not fire when payoffs are distributed without a long drought
      ---
      duration_ms: 2.064251
      type: 'test'
      ...
    # Subtest: VOICE_RELATIONSHIP_ZONE_CLUSTER fires when >75% of relationship-shift scenes cluster in one third
    ok 5 - VOICE_RELATIONSHIP_ZONE_CLUSTER fires when >75% of relationship-shift scenes cluster in one third
      ---
      duration_ms: 1.264899
      type: 'test'
      ...
    # Subtest: VOICE_RELATIONSHIP_ZONE_CLUSTER does not fire when relationship-shift scenes are distributed across thirds
    ok 6 - VOICE_RELATIONSHIP_ZONE_CLUSTER does not fire when relationship-shift scenes are distributed across thirds
      ---
      duration_ms: 1.495631
      type: 'test'
      ...
    1..6
ok 2024 - Wave 669 — voicePass: voice highlight peak uncaused, voice payoff drought run, voice relationship zone cluster
  ---
  duration_ms: 8.928096
  type: 'suite'
  ...
# Subtest: Wave 655 — voicePass: voice character moment zone cluster, voice staging peak uncaused, voice seed drought run
    # Subtest: VOICE_CHARACTER_MOMENT_ZONE_CLUSTER fires when >75% of character-moment scenes cluster in one third
    ok 1 - VOICE_CHARACTER_MOMENT_ZONE_CLUSTER fires when >75% of character-moment scenes cluster in one third
      ---
      duration_ms: 1.343528
      type: 'test'
      ...
    # Subtest: VOICE_CHARACTER_MOMENT_ZONE_CLUSTER does not fire when character-moment scenes are distributed across thirds
    ok 2 - VOICE_CHARACTER_MOMENT_ZONE_CLUSTER does not fire when character-moment scenes are distributed across thirds
      ---
      duration_ms: 1.332869
      type: 'test'
      ...
    # Subtest: VOICE_STAGING_PEAK_UNCAUSED fires when the peak physical-staging scene has no dramatic turn or revelation nearby
    ok 3 - VOICE_STAGING_PEAK_UNCAUSED fires when the peak physical-staging scene has no dramatic turn or revelation nearby
      ---
      duration_ms: 1.337899
      type: 'test'
      ...
    # Subtest: VOICE_STAGING_PEAK_UNCAUSED does not fire when a dramatic turn precedes the peak within the lookback
    ok 4 - VOICE_STAGING_PEAK_UNCAUSED does not fire when a dramatic turn precedes the peak within the lookback
      ---
      duration_ms: 1.238933
      type: 'test'
      ...
    # Subtest: VOICE_SEED_DROUGHT_RUN fires when the longest no-seed run is ≥6
    ok 5 - VOICE_SEED_DROUGHT_RUN fires when the longest no-seed run is ≥6
      ---
      duration_ms: 1.420696
      type: 'test'
      ...
    # Subtest: VOICE_SEED_DROUGHT_RUN does not fire when seeding is distributed without a long drought
    ok 6 - VOICE_SEED_DROUGHT_RUN does not fire when seeding is distributed without a long drought
      ---
      duration_ms: 1.322116
      type: 'test'
      ...
    1..6
ok 2025 - Wave 655 — voicePass: voice character moment zone cluster, voice staging peak uncaused, voice seed drought run
  ---
  duration_ms: 8.256427
  type: 'suite'
  ...
# Subtest: Wave 641 — voicePass: voice suspense flatline, voice curiosity zone imbalance, voice clock delta peak uncaused
    # Subtest: VOICE_SUSPENSE_FLATLINE fires when suspenseDelta barely varies across scenes
    ok 1 - VOICE_SUSPENSE_FLATLINE fires when suspenseDelta barely varies across scenes
      ---
      duration_ms: 1.329314
      type: 'test'
      ...
    # Subtest: VOICE_SUSPENSE_FLATLINE does not fire when suspenseDelta varies widely across scenes
    ok 2 - VOICE_SUSPENSE_FLATLINE does not fire when suspenseDelta varies widely across scenes
      ---
      duration_ms: 1.436877
      type: 'test'
      ...
    # Subtest: VOICE_CURIOSITY_ZONE_IMBALANCE fires when one zone is empty of curiosity-spike scenes while another is bloated
    ok 3 - VOICE_CURIOSITY_ZONE_IMBALANCE fires when one zone is empty of curiosity-spike scenes while another is bloated
      ---
      duration_ms: 1.837963
      type: 'test'
      ...
    # Subtest: VOICE_CURIOSITY_ZONE_IMBALANCE does not fire when curiosity spikes are spread across all zones
    ok 4 - VOICE_CURIOSITY_ZONE_IMBALANCE does not fire when curiosity spikes are spread across all zones
      ---
      duration_ms: 1.625561
      type: 'test'
      ...
    # Subtest: VOICE_CLOCK_DELTA_PEAK_UNCAUSED fires when the peak clockDelta scene has no dramatic turn or revelation nearby
    ok 5 - VOICE_CLOCK_DELTA_PEAK_UNCAUSED fires when the peak clockDelta scene has no dramatic turn or revelation nearby
      ---
      duration_ms: 1.325473
      type: 'test'
      ...
    # Subtest: VOICE_CLOCK_DELTA_PEAK_UNCAUSED does not fire when a dramatic turn precedes the peak within the lookback
    ok 6 - VOICE_CLOCK_DELTA_PEAK_UNCAUSED does not fire when a dramatic turn precedes the peak within the lookback
      ---
      duration_ms: 1.250867
      type: 'test'
      ...
    1..6
ok 2026 - Wave 641 — voicePass: voice suspense flatline, voice curiosity zone imbalance, voice clock delta peak uncaused
  ---
  duration_ms: 9.115747
  type: 'suite'
  ...
# Subtest: Wave 627 — voicePass: voice payoff staging decoupled, voice seed dialogue highlight aftermath void, voice relationship shift zone imbalance
    # Subtest: VOICE_PAYOFF_STAGING_DECOUPLED fires when payoff scenes and visually-staged scenes never overlap
    ok 1 - VOICE_PAYOFF_STAGING_DECOUPLED fires when payoff scenes and visually-staged scenes never overlap
      ---
      duration_ms: 1.373776
      type: 'test'
      ...
    # Subtest: VOICE_PAYOFF_STAGING_DECOUPLED does not fire when a scene carries both signals
    ok 2 - VOICE_PAYOFF_STAGING_DECOUPLED does not fire when a scene carries both signals
      ---
      duration_ms: 1.167123
      type: 'test'
      ...
    # Subtest: VOICE_SEED_DIALOGUE_HIGHLIGHT_AFTERMATH_VOID fires when no seed is followed by a dialogue highlight within 2 scenes
    ok 3 - VOICE_SEED_DIALOGUE_HIGHLIGHT_AFTERMATH_VOID fires when no seed is followed by a dialogue highlight within 2 scenes
      ---
      duration_ms: 1.282116
      type: 'test'
      ...
    # Subtest: VOICE_SEED_DIALOGUE_HIGHLIGHT_AFTERMATH_VOID does not fire when a trigger window contains a dialogue highlight
    ok 4 - VOICE_SEED_DIALOGUE_HIGHLIGHT_AFTERMATH_VOID does not fire when a trigger window contains a dialogue highlight
      ---
      duration_ms: 1.352851
      type: 'test'
      ...
    # Subtest: VOICE_RELATIONSHIP_SHIFT_ZONE_IMBALANCE fires when one zone is empty of relationship shifts while another is bloated
    ok 5 - VOICE_RELATIONSHIP_SHIFT_ZONE_IMBALANCE fires when one zone is empty of relationship shifts while another is bloated
      ---
      duration_ms: 1.667383
      type: 'test'
      ...
    # Subtest: VOICE_RELATIONSHIP_SHIFT_ZONE_IMBALANCE does not fire when shifts are spread across all zones
    ok 6 - VOICE_RELATIONSHIP_SHIFT_ZONE_IMBALANCE does not fire when shifts are spread across all zones
      ---
      duration_ms: 1.610757
      type: 'test'
      ...
    1..6
ok 2027 - Wave 627 — voicePass: voice payoff staging decoupled, voice seed dialogue highlight aftermath void, voice relationship shift zone imbalance
  ---
  duration_ms: 8.728257
  type: 'suite'
  ...
# Subtest: Wave 613 — voicePass: dramatic turn dialogue highlight decoupled, voice staging zone imbalance, clock dialogue highlight aftermath void
    # Subtest: DRAMATIC_TURN_DIALOGUE_HIGHLIGHT_DECOUPLED fires when dramatic-turn scenes and dialogue highlights never overlap
    ok 1 - DRAMATIC_TURN_DIALOGUE_HIGHLIGHT_DECOUPLED fires when dramatic-turn scenes and dialogue highlights never overlap
      ---
      duration_ms: 3.97758
      type: 'test'
      ...
    # Subtest: DRAMATIC_TURN_DIALOGUE_HIGHLIGHT_DECOUPLED does not fire when a scene carries both signals
    ok 2 - DRAMATIC_TURN_DIALOGUE_HIGHLIGHT_DECOUPLED does not fire when a scene carries both signals
      ---
      duration_ms: 1.118425
      type: 'test'
      ...
    # Subtest: VOICE_STAGING_ZONE_IMBALANCE fires when one zone is empty of visually dense scenes while another is bloated
    ok 3 - VOICE_STAGING_ZONE_IMBALANCE fires when one zone is empty of visually dense scenes while another is bloated
      ---
      duration_ms: 1.730161
      type: 'test'
      ...
    # Subtest: VOICE_STAGING_ZONE_IMBALANCE does not fire when every zone has a visually dense scene
    ok 4 - VOICE_STAGING_ZONE_IMBALANCE does not fire when every zone has a visually dense scene
      ---
      duration_ms: 1.650042
      type: 'test'
      ...
    # Subtest: CLOCK_DIALOGUE_HIGHLIGHT_AFTERMATH_VOID fires when no clock-raising scene is followed by a dialogue highlight within 2 scenes
    ok 5 - CLOCK_DIALOGUE_HIGHLIGHT_AFTERMATH_VOID fires when no clock-raising scene is followed by a dialogue highlight within 2 scenes
      ---
      duration_ms: 1.369869
      type: 'test'
      ...
    # Subtest: CLOCK_DIALOGUE_HIGHLIGHT_AFTERMATH_VOID does not fire when a trigger window contains a dialogue highlight
    ok 6 - CLOCK_DIALOGUE_HIGHLIGHT_AFTERMATH_VOID does not fire when a trigger window contains a dialogue highlight
      ---
      duration_ms: 1.243831
      type: 'test'
      ...
    1..6
ok 2028 - Wave 613 — voicePass: dramatic turn dialogue highlight decoupled, voice staging zone imbalance, clock dialogue highlight aftermath void
  ---
  duration_ms: 11.429565
  type: 'suite'
  ...
# Subtest: Wave 599 — voicePass: dialogue highlight revelation decoupled, unresolved clue drought run, revelation zone imbalance
    # Subtest: DIALOGUE_HIGHLIGHT_REVELATION_DECOUPLED fires when no highlight scene coincides with a revelation
    ok 1 - DIALOGUE_HIGHLIGHT_REVELATION_DECOUPLED fires when no highlight scene coincides with a revelation
      ---
      duration_ms: 1.241902
      type: 'test'
      ...
    # Subtest: DIALOGUE_HIGHLIGHT_REVELATION_DECOUPLED does not fire when a highlight scene coincides with a revelation
    ok 2 - DIALOGUE_HIGHLIGHT_REVELATION_DECOUPLED does not fire when a highlight scene coincides with a revelation
      ---
      duration_ms: 1.119614
      type: 'test'
      ...
    # Subtest: UNRESOLVED_CLUE_DROUGHT_RUN fires when ≥6 consecutive scenes carry no outstanding clue-debt
    ok 3 - UNRESOLVED_CLUE_DROUGHT_RUN fires when ≥6 consecutive scenes carry no outstanding clue-debt
      ---
      duration_ms: 1.396973
      type: 'test'
      ...
    # Subtest: UNRESOLVED_CLUE_DROUGHT_RUN does not fire when debt-carrying scenes are spread with no long gap
    ok 4 - UNRESOLVED_CLUE_DROUGHT_RUN does not fire when debt-carrying scenes are spread with no long gap
      ---
      duration_ms: 1.385587
      type: 'test'
      ...
    # Subtest: REVELATION_ZONE_IMBALANCE fires when one zone has zero revelations and another has ≥50%
    ok 5 - REVELATION_ZONE_IMBALANCE fires when one zone has zero revelations and another has ≥50%
      ---
      duration_ms: 1.661258
      type: 'test'
      ...
    # Subtest: REVELATION_ZONE_IMBALANCE does not fire when revelations are spread across all zones
    ok 6 - REVELATION_ZONE_IMBALANCE does not fire when revelations are spread across all zones
      ---
      duration_ms: 1.480056
      type: 'test'
      ...
    1..6
ok 2029 - Wave 599 — voicePass: dialogue highlight revelation decoupled, unresolved clue drought run, revelation zone imbalance
  ---
  duration_ms: 8.616072
  type: 'suite'
  ...
# Subtest: Wave 585 — voicePass: affirmation zone cluster, exclamation aftermath terse, hedged exclamation flood
    # Subtest: DIALOGUE_AFFIRMATION_ZONE_CLUSTER fires when >75% of affirmation lines fall in one third
    ok 1 - DIALOGUE_AFFIRMATION_ZONE_CLUSTER fires when >75% of affirmation lines fall in one third
      ---
      duration_ms: 1.798457
      type: 'test'
      ...
    # Subtest: DIALOGUE_AFFIRMATION_ZONE_CLUSTER does not fire when affirmation lines are spread across thirds
    ok 2 - DIALOGUE_AFFIRMATION_ZONE_CLUSTER does not fire when affirmation lines are spread across thirds
      ---
      duration_ms: 2.003434
      type: 'test'
      ...
    # Subtest: DIALOGUE_EXCLAMATION_AFTERMATH_TERSE fires when all exclamation lines are followed by ≤2-word responses
    ok 3 - DIALOGUE_EXCLAMATION_AFTERMATH_TERSE fires when all exclamation lines are followed by ≤2-word responses
      ---
      duration_ms: 1.167664
      type: 'test'
      ...
    # Subtest: DIALOGUE_EXCLAMATION_AFTERMATH_TERSE does not fire when an exclamation is followed by a longer response
    ok 4 - DIALOGUE_EXCLAMATION_AFTERMATH_TERSE does not fire when an exclamation is followed by a longer response
      ---
      duration_ms: 0.828209
      type: 'test'
      ...
    # Subtest: DIALOGUE_HEDGED_EXCLAMATION_FLOOD fires when >15% of lines have both hesitation and "!"
    ok 5 - DIALOGUE_HEDGED_EXCLAMATION_FLOOD fires when >15% of lines have both hesitation and "!"
      ---
      duration_ms: 1.226358
      type: 'test'
      ...
    # Subtest: DIALOGUE_HEDGED_EXCLAMATION_FLOOD does not fire when only one line has hesitation and "!"
    ok 6 - DIALOGUE_HEDGED_EXCLAMATION_FLOOD does not fire when only one line has hesitation and "!"
      ---
      duration_ms: 0.916998
      type: 'test'
      ...
    1..6
ok 2030 - Wave 585 — voicePass: affirmation zone cluster, exclamation aftermath terse, hedged exclamation flood
  ---
  duration_ms: 8.199832
  type: 'suite'
  ...
# Subtest: Wave 571 — voicePass: negation zone cluster, hedged negation flood, opening zone question absent
    # Subtest: DIALOGUE_NEGATION_ZONE_CLUSTER fires when >75% of negation lines fall in one third
    ok 1 - DIALOGUE_NEGATION_ZONE_CLUSTER fires when >75% of negation lines fall in one third
      ---
      duration_ms: 1.779274
      type: 'test'
      ...
    # Subtest: DIALOGUE_NEGATION_ZONE_CLUSTER does not fire when negation lines are spread across thirds
    ok 2 - DIALOGUE_NEGATION_ZONE_CLUSTER does not fire when negation lines are spread across thirds
      ---
      duration_ms: 1.504702
      type: 'test'
      ...
    # Subtest: DIALOGUE_HEDGED_NEGATION_FLOOD fires when >15% of lines contain both hesitation and negation
    ok 3 - DIALOGUE_HEDGED_NEGATION_FLOOD fires when >15% of lines contain both hesitation and negation
      ---
      duration_ms: 1.594965
      type: 'test'
      ...
    # Subtest: DIALOGUE_HEDGED_NEGATION_FLOOD does not fire when hesitation lines lack negation
    ok 4 - DIALOGUE_HEDGED_NEGATION_FLOOD does not fire when hesitation lines lack negation
      ---
      duration_ms: 1.527861
      type: 'test'
      ...
    # Subtest: DIALOGUE_OPENING_ZONE_QUESTION_ABSENT fires when the opening quarter has no question while questions exist later
    ok 5 - DIALOGUE_OPENING_ZONE_QUESTION_ABSENT fires when the opening quarter has no question while questions exist later
      ---
      duration_ms: 1.693993
      type: 'test'
      ...
    # Subtest: DIALOGUE_OPENING_ZONE_QUESTION_ABSENT does not fire when the opening quarter contains a question
    ok 6 - DIALOGUE_OPENING_ZONE_QUESTION_ABSENT does not fire when the opening quarter contains a question
      ---
      duration_ms: 1.544571
      type: 'test'
      ...
    1..6
ok 2031 - Wave 571 — voicePass: negation zone cluster, hedged negation flood, opening zone question absent
  ---
  duration_ms: 9.905059
  type: 'suite'
  ...
# Subtest: Wave 557 — voicePass: hedged affirmation flood, long speech zone cluster, negation self-feeding
    # Subtest: DIALOGUE_HEDGED_AFFIRMATION_FLOOD fires when >15% of lines contain both hesitation and affirmation
    ok 1 - DIALOGUE_HEDGED_AFFIRMATION_FLOOD fires when >15% of lines contain both hesitation and affirmation
      ---
      duration_ms: 1.74209
      type: 'test'
      ...
    # Subtest: DIALOGUE_HEDGED_AFFIRMATION_FLOOD does not fire when hesitation lines lack affirmation
    ok 2 - DIALOGUE_HEDGED_AFFIRMATION_FLOOD does not fire when hesitation lines lack affirmation
      ---
      duration_ms: 1.679777
      type: 'test'
      ...
    # Subtest: DIALOGUE_LONG_SPEECH_ZONE_CLUSTER fires when 3+ long speeches cluster in one third
    ok 3 - DIALOGUE_LONG_SPEECH_ZONE_CLUSTER fires when 3+ long speeches cluster in one third
      ---
      duration_ms: 1.673303
      type: 'test'
      ...
    # Subtest: DIALOGUE_LONG_SPEECH_ZONE_CLUSTER does not fire when long speeches are distributed across thirds
    ok 4 - DIALOGUE_LONG_SPEECH_ZONE_CLUSTER does not fire when long speeches are distributed across thirds
      ---
      duration_ms: 1.59848
      type: 'test'
      ...
    # Subtest: DIALOGUE_NEGATION_SELF_FEEDING fires when all negation lines at i>0 are preceded by negation
    ok 5 - DIALOGUE_NEGATION_SELF_FEEDING fires when all negation lines at i>0 are preceded by negation
      ---
      duration_ms: 1.095804
      type: 'test'
      ...
    # Subtest: DIALOGUE_NEGATION_SELF_FEEDING does not fire when a negation line is preceded by a non-negation line
    ok 6 - DIALOGUE_NEGATION_SELF_FEEDING does not fire when a negation line is preceded by a non-negation line
      ---
      duration_ms: 0.818924
      type: 'test'
      ...
    1..6
ok 2032 - Wave 557 — voicePass: hedged affirmation flood, long speech zone cluster, negation self-feeding
  ---
  duration_ms: 8.903422
  type: 'suite'
  ...
# Subtest: Wave 543 — voicePass: action passive run, dialogue affirmation flood, exclamation backward causeless
    # Subtest: ACTION_PASSIVE_RUN fires when 4+ consecutive action lines use passive constructions
    ok 1 - ACTION_PASSIVE_RUN fires when 4+ consecutive action lines use passive constructions
      ---
      duration_ms: 1.283113
      type: 'test'
      ...
    # Subtest: ACTION_PASSIVE_RUN does not fire when passive lines are not in a consecutive run of 4
    ok 2 - ACTION_PASSIVE_RUN does not fire when passive lines are not in a consecutive run of 4
      ---
      duration_ms: 1.088713
      type: 'test'
      ...
    # Subtest: DIALOGUE_AFFIRMATION_FLOOD fires when more than 30% of dialogue lines carry explicit affirmation
    ok 3 - DIALOGUE_AFFIRMATION_FLOOD fires when more than 30% of dialogue lines carry explicit affirmation
      ---
      duration_ms: 1.273512
      type: 'test'
      ...
    # Subtest: DIALOGUE_AFFIRMATION_FLOOD does not fire when fewer than 30% of dialogue lines contain affirmation
    ok 4 - DIALOGUE_AFFIRMATION_FLOOD does not fire when fewer than 30% of dialogue lines contain affirmation
      ---
      duration_ms: 0.974763
      type: 'test'
      ...
    # Subtest: DIALOGUE_EXCLAMATION_BACKWARD_CAUSELESS fires when all exclamation lines are preceded by non-? non-! lines
    ok 5 - DIALOGUE_EXCLAMATION_BACKWARD_CAUSELESS fires when all exclamation lines are preceded by non-? non-! lines
      ---
      duration_ms: 1.119213
      type: 'test'
      ...
    # Subtest: DIALOGUE_EXCLAMATION_BACKWARD_CAUSELESS does not fire when an exclamation line is preceded by a question
    ok 6 - DIALOGUE_EXCLAMATION_BACKWARD_CAUSELESS does not fire when an exclamation line is preceded by a question
      ---
      duration_ms: 0.832646
      type: 'test'
      ...
    1..6
ok 2033 - Wave 543 — voicePass: action passive run, dialogue affirmation flood, exclamation backward causeless
  ---
  duration_ms: 6.855184
  type: 'suite'
  ...
# Subtest: Wave 529 — voicePass: question zone middle absent, hesitation run, question aftermath long
    # Subtest: DIALOGUE_QUESTION_ZONE_MIDDLE_ABSENT fires when middle 50% has no question but outer zones do
    ok 1 - DIALOGUE_QUESTION_ZONE_MIDDLE_ABSENT fires when middle 50% has no question but outer zones do
      ---
      duration_ms: 1.613317
      type: 'test'
      ...
    # Subtest: DIALOGUE_QUESTION_ZONE_MIDDLE_ABSENT does not fire when the middle zone has at least one question
    ok 2 - DIALOGUE_QUESTION_ZONE_MIDDLE_ABSENT does not fire when the middle zone has at least one question
      ---
      duration_ms: 1.649614
      type: 'test'
      ...
    # Subtest: DIALOGUE_HESITATION_RUN fires when 4+ consecutive dialogue lines each contain a hesitation sound
    ok 3 - DIALOGUE_HESITATION_RUN fires when 4+ consecutive dialogue lines each contain a hesitation sound
      ---
      duration_ms: 1.074745
      type: 'test'
      ...
    # Subtest: DIALOGUE_HESITATION_RUN does not fire when no hesitation run reaches 4 consecutive lines
    ok 4 - DIALOGUE_HESITATION_RUN does not fire when no hesitation run reaches 4 consecutive lines
      ---
      duration_ms: 0.745077
      type: 'test'
      ...
    # Subtest: DIALOGUE_QUESTION_AFTERMATH_LONG fires when all questions are followed by responses of ≥10 words
    ok 5 - DIALOGUE_QUESTION_AFTERMATH_LONG fires when all questions are followed by responses of ≥10 words
      ---
      duration_ms: 1.139306
      type: 'test'
      ...
    # Subtest: DIALOGUE_QUESTION_AFTERMATH_LONG does not fire when at least one question is followed by a short response
    ok 6 - DIALOGUE_QUESTION_AFTERMATH_LONG does not fire when at least one question is followed by a short response
      ---
      duration_ms: 7.032028
      type: 'test'
      ...
    1..6
ok 2034 - Wave 529 — voicePass: question zone middle absent, hesitation run, question aftermath long
  ---
  duration_ms: 13.524011
  type: 'suite'
  ...
# Subtest: Wave 515 — voicePass: dialogue exclamation run, closing zone long absent, negation run
    # Subtest: DIALOGUE_EXCLAMATION_RUN fires when ≥4 consecutive dialogue lines end with "!"
    ok 1 - DIALOGUE_EXCLAMATION_RUN fires when ≥4 consecutive dialogue lines end with "!"
      ---
      duration_ms: 1.500523
      type: 'test'
      ...
    # Subtest: DIALOGUE_EXCLAMATION_RUN does not fire when the max consecutive exclamation run is < 4
    ok 2 - DIALOGUE_EXCLAMATION_RUN does not fire when the max consecutive exclamation run is < 4
      ---
      duration_ms: 1.477814
      type: 'test'
      ...
    # Subtest: DIALOGUE_CLOSING_ZONE_LONG_ABSENT fires when all ≥3 long speeches (≥10w) are in the opening/middle
    ok 3 - DIALOGUE_CLOSING_ZONE_LONG_ABSENT fires when all ≥3 long speeches (≥10w) are in the opening/middle
      ---
      duration_ms: 1.72323
      type: 'test'
      ...
    # Subtest: DIALOGUE_CLOSING_ZONE_LONG_ABSENT does not fire when a long speech exists in the closing 25%
    ok 4 - DIALOGUE_CLOSING_ZONE_LONG_ABSENT does not fire when a long speech exists in the closing 25%
      ---
      duration_ms: 1.837361
      type: 'test'
      ...
    # Subtest: DIALOGUE_NEGATION_RUN fires when ≥4 consecutive dialogue lines contain a negation
    ok 5 - DIALOGUE_NEGATION_RUN fires when ≥4 consecutive dialogue lines contain a negation
      ---
      duration_ms: 1.119067
      type: 'test'
      ...
    # Subtest: DIALOGUE_NEGATION_RUN does not fire when negations are scattered with no consecutive run ≥ 4
    ok 6 - DIALOGUE_NEGATION_RUN does not fire when negations are scattered with no consecutive run ≥ 4
      ---
      duration_ms: 0.768691
      type: 'test'
      ...
    1..6
ok 2035 - Wave 515 — voicePass: dialogue exclamation run, closing zone long absent, negation run
  ---
  duration_ms: 8.805971
  type: 'suite'
  ...
# Subtest: Wave 501 — voicePass: dialogue question aftermath terse, opening zone exclamation absent, peak long early
    # Subtest: DIALOGUE_QUESTION_AFTERMATH_TERSE fires when all question lines are followed by ≤2-word responses
    ok 1 - DIALOGUE_QUESTION_AFTERMATH_TERSE fires when all question lines are followed by ≤2-word responses
      ---
      duration_ms: 1.227972
      type: 'test'
      ...
    # Subtest: DIALOGUE_QUESTION_AFTERMATH_TERSE does not fire when a question gets a substantive response
    ok 2 - DIALOGUE_QUESTION_AFTERMATH_TERSE does not fire when a question gets a substantive response
      ---
      duration_ms: 0.827423
      type: 'test'
      ...
    # Subtest: DIALOGUE_OPENING_ZONE_EXCLAMATION_ABSENT fires when ≥4 exclamations exist but none in opening 25%
    ok 3 - DIALOGUE_OPENING_ZONE_EXCLAMATION_ABSENT fires when ≥4 exclamations exist but none in opening 25%
      ---
      duration_ms: 1.581703
      type: 'test'
      ...
    # Subtest: DIALOGUE_OPENING_ZONE_EXCLAMATION_ABSENT does not fire when an exclamation exists in the opening 25%
    ok 4 - DIALOGUE_OPENING_ZONE_EXCLAMATION_ABSENT does not fire when an exclamation exists in the opening 25%
      ---
      duration_ms: 1.577705
      type: 'test'
      ...
    # Subtest: DIALOGUE_PEAK_LONG_EARLY fires when the longest speech (≥10 words) is in the opening 25% while ≥3 long speeches exist later
    ok 5 - DIALOGUE_PEAK_LONG_EARLY fires when the longest speech (≥10 words) is in the opening 25% while ≥3 long speeches exist later
      ---
      duration_ms: 1.14179
      type: 'test'
      ...
    # Subtest: DIALOGUE_PEAK_LONG_EARLY does not fire when the longest speech is outside the opening 25%
    ok 6 - DIALOGUE_PEAK_LONG_EARLY does not fire when the longest speech is outside the opening 25%
      ---
      duration_ms: 1.351504
      type: 'test'
      ...
    1..6
ok 2036 - Wave 501 — voicePass: dialogue question aftermath terse, opening zone exclamation absent, peak long early
  ---
  duration_ms: 7.98962
  type: 'suite'
  ...
# Subtest: Wave 487 — voicePass: dialogue monologue aftermath terse, dialogue exclamation zone cluster, dialogue closing zone question absent
    # Subtest: DIALOGUE_MONOLOGUE_AFTERMATH_TERSE fires when all long speeches are followed by ≤2-word responses
    ok 1 - DIALOGUE_MONOLOGUE_AFTERMATH_TERSE fires when all long speeches are followed by ≤2-word responses
      ---
      duration_ms: 1.350506
      type: 'test'
      ...
    # Subtest: DIALOGUE_MONOLOGUE_AFTERMATH_TERSE does not fire when a long speech gets a substantive response
    ok 2 - DIALOGUE_MONOLOGUE_AFTERMATH_TERSE does not fire when a long speech gets a substantive response
      ---
      duration_ms: 0.830546
      type: 'test'
      ...
    # Subtest: DIALOGUE_EXCLAMATION_ZONE_CLUSTER fires when >75% of exclamation lines fall in one third
    ok 3 - DIALOGUE_EXCLAMATION_ZONE_CLUSTER fires when >75% of exclamation lines fall in one third
      ---
      duration_ms: 1.384
      type: 'test'
      ...
    # Subtest: DIALOGUE_EXCLAMATION_ZONE_CLUSTER does not fire when exclamation lines are distributed across thirds
    ok 4 - DIALOGUE_EXCLAMATION_ZONE_CLUSTER does not fire when exclamation lines are distributed across thirds
      ---
      duration_ms: 1.750825
      type: 'test'
      ...
    # Subtest: DIALOGUE_CLOSING_ZONE_QUESTION_ABSENT fires when no questions appear in the final 25% of dialogue
    ok 5 - DIALOGUE_CLOSING_ZONE_QUESTION_ABSENT fires when no questions appear in the final 25% of dialogue
      ---
      duration_ms: 1.487332
      type: 'test'
      ...
    # Subtest: DIALOGUE_CLOSING_ZONE_QUESTION_ABSENT does not fire when a question exists in the final 25%
    ok 6 - DIALOGUE_CLOSING_ZONE_QUESTION_ABSENT does not fire when a question exists in the final 25%
      ---
      duration_ms: 1.483598
      type: 'test'
      ...
    1..6
ok 2037 - Wave 487 — voicePass: dialogue monologue aftermath terse, dialogue exclamation zone cluster, dialogue closing zone question absent
  ---
  duration_ms: 8.57071
  type: 'suite'
  ...
# Subtest: Wave 473 — voicePass: dialogue question zone cluster, dialogue opening zone long absent, dialogue per-character length skew
    # Subtest: DIALOGUE_QUESTION_ZONE_CLUSTER fires when >75% of questions fall in a single zone
    ok 1 - DIALOGUE_QUESTION_ZONE_CLUSTER fires when >75% of questions fall in a single zone
      ---
      duration_ms: 1.650469
      type: 'test'
      ...
    # Subtest: DIALOGUE_QUESTION_ZONE_CLUSTER does not fire when questions are distributed across zones
    ok 2 - DIALOGUE_QUESTION_ZONE_CLUSTER does not fire when questions are distributed across zones
      ---
      duration_ms: 1.560109
      type: 'test'
      ...
    # Subtest: DIALOGUE_OPENING_ZONE_LONG_ABSENT fires when first 25% is all short and later has ≥3 long speeches
    ok 3 - DIALOGUE_OPENING_ZONE_LONG_ABSENT fires when first 25% is all short and later has ≥3 long speeches
      ---
      duration_ms: 1.589277
      type: 'test'
      ...
    # Subtest: DIALOGUE_OPENING_ZONE_LONG_ABSENT does not fire when the opening zone includes a long speech
    ok 4 - DIALOGUE_OPENING_ZONE_LONG_ABSENT does not fire when the opening zone includes a long speech
      ---
      duration_ms: 1.582528
      type: 'test'
      ...
    # Subtest: DIALOGUE_PER_CHARACTER_LENGTH_SKEW fires when max/min per-character avg speech length ≥ 3.0
    ok 5 - DIALOGUE_PER_CHARACTER_LENGTH_SKEW fires when max/min per-character avg speech length ≥ 3.0
      ---
      duration_ms: 1.264901
      type: 'test'
      ...
    # Subtest: DIALOGUE_PER_CHARACTER_LENGTH_SKEW does not fire when per-character avg lengths are within 3× of each other
    ok 6 - DIALOGUE_PER_CHARACTER_LENGTH_SKEW does not fire when per-character avg lengths are within 3× of each other
      ---
      duration_ms: 0.847452
      type: 'test'
      ...
    1..6
ok 2038 - Wave 473 — voicePass: dialogue question zone cluster, dialogue opening zone long absent, dialogue per-character length skew
  ---
  duration_ms: 8.832365
  type: 'suite'
  ...
# Subtest: Wave 459 — voicePass: dialogue assertion run, dialogue single char domination, dialogue monologue unprompted
    # Subtest: DIALOGUE_ASSERTION_RUN fires when 5+ consecutive dialogue lines all end declaratively
    ok 1 - DIALOGUE_ASSERTION_RUN fires when 5+ consecutive dialogue lines all end declaratively
      ---
      duration_ms: 1.373548
      type: 'test'
      ...
    # Subtest: DIALOGUE_ASSERTION_RUN does not fire when max declarative run is only 4
    ok 2 - DIALOGUE_ASSERTION_RUN does not fire when max declarative run is only 4
      ---
      duration_ms: 0.792455
      type: 'test'
      ...
    # Subtest: DIALOGUE_SINGLE_CHAR_DOMINATION fires when one character has >70% of dialogue lines
    ok 3 - DIALOGUE_SINGLE_CHAR_DOMINATION fires when one character has >70% of dialogue lines
      ---
      duration_ms: 1.446654
      type: 'test'
      ...
    # Subtest: DIALOGUE_SINGLE_CHAR_DOMINATION does not fire when no character exceeds 70%
    ok 4 - DIALOGUE_SINGLE_CHAR_DOMINATION does not fire when no character exceeds 70%
      ---
      duration_ms: 1.204998
      type: 'test'
      ...
    # Subtest: DIALOGUE_MONOLOGUE_UNPROMPTED fires when no long speech is preceded by a question
    ok 5 - DIALOGUE_MONOLOGUE_UNPROMPTED fires when no long speech is preceded by a question
      ---
      duration_ms: 1.195349
      type: 'test'
      ...
    # Subtest: DIALOGUE_MONOLOGUE_UNPROMPTED does not fire when at least one long speech follows a question
    ok 6 - DIALOGUE_MONOLOGUE_UNPROMPTED does not fire when at least one long speech follows a question
      ---
      duration_ms: 0.883005
      type: 'test'
      ...
    1..6
ok 2039 - Wave 459 — voicePass: dialogue assertion run, dialogue single char domination, dialogue monologue unprompted
  ---
  duration_ms: 7.155104
  type: 'suite'
  ...
# Subtest: Wave 445 — voicePass: dialogue question run, action scene intro heavy, dialogue declarative aftermath question
    # Subtest: DIALOGUE_QUESTION_RUN fires when ≥4 consecutive dialogue lines end with "?"
    ok 1 - DIALOGUE_QUESTION_RUN fires when ≥4 consecutive dialogue lines end with "?"
      ---
      duration_ms: 1.428159
      type: 'test'
      ...
    # Subtest: DIALOGUE_QUESTION_RUN does NOT fire when question-ending lines never reach four in a row
    ok 2 - DIALOGUE_QUESTION_RUN does NOT fire when question-ending lines never reach four in a row
      ---
      duration_ms: 1.32715
      type: 'test'
      ...
    # Subtest: ACTION_SCENE_INTRO_HEAVY fires when first action line per scene averages >2× subsequent action lines
    ok 3 - ACTION_SCENE_INTRO_HEAVY fires when first action line per scene averages >2× subsequent action lines
      ---
      duration_ms: 1.691372
      type: 'test'
      ...
    # Subtest: ACTION_SCENE_INTRO_HEAVY does NOT fire when scene intro and body action lines are similar lengths
    ok 4 - ACTION_SCENE_INTRO_HEAVY does NOT fire when scene intro and body action lines are similar lengths
      ---
      duration_ms: 1.391642
      type: 'test'
      ...
    # Subtest: DIALOGUE_DECLARATIVE_AFTERMATH_QUESTION fires when every declarative is immediately followed by a question
    ok 5 - DIALOGUE_DECLARATIVE_AFTERMATH_QUESTION fires when every declarative is immediately followed by a question
      ---
      duration_ms: 1.29938
      type: 'test'
      ...
    # Subtest: DIALOGUE_DECLARATIVE_AFTERMATH_QUESTION does NOT fire when a declarative is followed by another declarative
    ok 6 - DIALOGUE_DECLARATIVE_AFTERMATH_QUESTION does NOT fire when a declarative is followed by another declarative
      ---
      duration_ms: 0.979097
      type: 'test'
      ...
    1..6
ok 2040 - Wave 445 — voicePass: dialogue question run, action scene intro heavy, dialogue declarative aftermath question
  ---
  duration_ms: 8.385025
  type: 'suite'
  ...
# Subtest: Wave 431 — voicePass: dialogue I-opener run, dialogue length outlier, dialogue hedged-question flood
    # Subtest: DIALOGUE_I_OPENER_RUN fires when four or more consecutive dialogue lines begin with "I"
    ok 1 - DIALOGUE_I_OPENER_RUN fires when four or more consecutive dialogue lines begin with "I"
      ---
      duration_ms: 1.112831
      type: 'test'
      ...
    # Subtest: DIALOGUE_I_OPENER_RUN does NOT fire when "I" openers never reach four in a row
    ok 2 - DIALOGUE_I_OPENER_RUN does NOT fire when "I" openers never reach four in a row
      ---
      duration_ms: 0.795791
      type: 'test'
      ...
    # Subtest: DIALOGUE_LENGTH_OUTLIER fires when one dialogue line towers over the rest (≥30 words and ≥4× mean)
    ok 3 - DIALOGUE_LENGTH_OUTLIER fires when one dialogue line towers over the rest (≥30 words and ≥4× mean)
      ---
      duration_ms: 1.636638
      type: 'test'
      ...
    # Subtest: DIALOGUE_LENGTH_OUTLIER does NOT fire when dialogue lengths are moderate with no extreme outlier
    ok 4 - DIALOGUE_LENGTH_OUTLIER does NOT fire when dialogue lengths are moderate with no extreme outlier
      ---
      duration_ms: 1.684495
      type: 'test'
      ...
    # Subtest: DIALOGUE_HEDGED_QUESTION_FLOOD fires when >20% of lines both hedge and end in a question
    ok 5 - DIALOGUE_HEDGED_QUESTION_FLOOD fires when >20% of lines both hedge and end in a question
      ---
      duration_ms: 4.274352
      type: 'test'
      ...
    # Subtest: DIALOGUE_HEDGED_QUESTION_FLOOD does NOT fire when hedges and questions rarely co-occur
    ok 6 - DIALOGUE_HEDGED_QUESTION_FLOOD does NOT fire when hedges and questions rarely co-occur
      ---
      duration_ms: 1.433476
      type: 'test'
      ...
    1..6
ok 2041 - Wave 431 — voicePass: dialogue I-opener run, dialogue length outlier, dialogue hedged-question flood
  ---
  duration_ms: 11.212301
  type: 'suite'
  ...
# Subtest: Wave 417 — voicePass: action line length uniformity, dialogue monosyllabic flood, dialogue negation flood
    # Subtest: ACTION_LINE_LENGTH_UNIFORMITY fires when every action line is the same length (low CV)
    ok 1 - ACTION_LINE_LENGTH_UNIFORMITY fires when every action line is the same length (low CV)
      ---
      duration_ms: 2.298702
      type: 'test'
      ...
    # Subtest: ACTION_LINE_LENGTH_UNIFORMITY does NOT fire when action line lengths vary widely (high CV)
    ok 2 - ACTION_LINE_LENGTH_UNIFORMITY does NOT fire when action line lengths vary widely (high CV)
      ---
      duration_ms: 1.04277
      type: 'test'
      ...
    # Subtest: DIALOGUE_MONOSYLLABIC_FLOOD fires when >35% of dialogue lines are two words or fewer
    ok 3 - DIALOGUE_MONOSYLLABIC_FLOOD fires when >35% of dialogue lines are two words or fewer
      ---
      duration_ms: 1.598239
      type: 'test'
      ...
    # Subtest: DIALOGUE_MONOSYLLABIC_FLOOD does NOT fire when dialogue develops into full sentences
    ok 4 - DIALOGUE_MONOSYLLABIC_FLOOD does NOT fire when dialogue develops into full sentences
      ---
      duration_ms: 1.700285
      type: 'test'
      ...
    # Subtest: DIALOGUE_NEGATION_FLOOD fires when >40% of dialogue lines carry a negation
    ok 5 - DIALOGUE_NEGATION_FLOOD fires when >40% of dialogue lines carry a negation
      ---
      duration_ms: 1.585858
      type: 'test'
      ...
    # Subtest: DIALOGUE_NEGATION_FLOOD does NOT fire when dialogue is mostly assertive
    ok 6 - DIALOGUE_NEGATION_FLOOD does NOT fire when dialogue is mostly assertive
      ---
      duration_ms: 1.558191
      type: 'test'
      ...
    1..6
ok 2042 - Wave 417 — voicePass: action line length uniformity, dialogue monosyllabic flood, dialogue negation flood
  ---
  duration_ms: 10.07899
  type: 'suite'
  ...
# Subtest: Wave 403 — voicePass: dialogue passive flood, dialogue imperative flood, action motion verb monotone
    # Subtest: DIALOGUE_PASSIVE_FLOOD fires when >25% of dialogue lines use passive constructions
    ok 1 - DIALOGUE_PASSIVE_FLOOD fires when >25% of dialogue lines use passive constructions
      ---
      duration_ms: 2.326622
      type: 'test'
      ...
    # Subtest: DIALOGUE_PASSIVE_FLOOD does NOT fire when dialogue uses active voice
    ok 2 - DIALOGUE_PASSIVE_FLOOD does NOT fire when dialogue uses active voice
      ---
      duration_ms: 2.005018
      type: 'test'
      ...
    # Subtest: DIALOGUE_IMPERATIVE_FLOOD fires when >30% of dialogue lines are commands
    ok 3 - DIALOGUE_IMPERATIVE_FLOOD fires when >30% of dialogue lines are commands
      ---
      duration_ms: 2.084763
      type: 'test'
      ...
    # Subtest: DIALOGUE_IMPERATIVE_FLOOD does NOT fire when dialogue avoids command dominance
    ok 4 - DIALOGUE_IMPERATIVE_FLOOD does NOT fire when dialogue avoids command dominance
      ---
      duration_ms: 2.245304
      type: 'test'
      ...
    # Subtest: ACTION_MOTION_VERB_MONOTONE fires when >50% of action lines use generic displacement verbs
    ok 5 - ACTION_MOTION_VERB_MONOTONE fires when >50% of action lines use generic displacement verbs
      ---
      duration_ms: 1.881643
      type: 'test'
      ...
    # Subtest: ACTION_MOTION_VERB_MONOTONE does NOT fire when action lines use varied specific verbs
    ok 6 - ACTION_MOTION_VERB_MONOTONE does NOT fire when action lines use varied specific verbs
      ---
      duration_ms: 1.383251
      type: 'test'
      ...
    1..6
ok 2043 - Wave 403 — voicePass: dialogue passive flood, dialogue imperative flood, action motion verb monotone
  ---
  duration_ms: 12.240902
  type: 'suite'
  ...
# Subtest: Wave 389 — voicePass: action expletive opener, dialogue interrogative-opener flood, dialogue comparative flood
    # Subtest: ACTION_EXPLETIVE_OPENER fires when >25% of action lines begin with There is / It was
    ok 1 - ACTION_EXPLETIVE_OPENER fires when >25% of action lines begin with There is / It was
      ---
      duration_ms: 1.266837
      type: 'test'
      ...
    # Subtest: ACTION_EXPLETIVE_OPENER does not fire when action leads with real subjects
    ok 2 - ACTION_EXPLETIVE_OPENER does not fire when action leads with real subjects
      ---
      duration_ms: 0.823076
      type: 'test'
      ...
    # Subtest: DIALOGUE_INTERROGATIVE_OPENER_FLOOD fires when >30% of dialogue lines begin with a wh-word
    ok 3 - DIALOGUE_INTERROGATIVE_OPENER_FLOOD fires when >30% of dialogue lines begin with a wh-word
      ---
      duration_ms: 1.390038
      type: 'test'
      ...
    # Subtest: DIALOGUE_INTERROGATIVE_OPENER_FLOOD does not fire when dialogue mostly asserts
    ok 4 - DIALOGUE_INTERROGATIVE_OPENER_FLOOD does not fire when dialogue mostly asserts
      ---
      duration_ms: 2.573874
      type: 'test'
      ...
    # Subtest: DIALOGUE_COMPARATIVE_FLOOD fires when >25% of dialogue lines carry a comparative
    ok 5 - DIALOGUE_COMPARATIVE_FLOOD fires when >25% of dialogue lines carry a comparative
      ---
      duration_ms: 1.120635
      type: 'test'
      ...
    # Subtest: DIALOGUE_COMPARATIVE_FLOOD does not fire when dialogue avoids comparatives
    ok 6 - DIALOGUE_COMPARATIVE_FLOOD does not fire when dialogue avoids comparatives
      ---
      duration_ms: 1.129823
      type: 'test'
      ...
    1..6
ok 2044 - Wave 389 — voicePass: action expletive opener, dialogue interrogative-opener flood, dialogue comparative flood
  ---
  duration_ms: 8.777253
  type: 'suite'
  ...
# Subtest: Wave 375 — voicePass: ellipsis-opener flood, triadic flood, emphatic-punctuation flood
    # Subtest: DIALOGUE_ELLIPSIS_OPENER_FLOOD fires when >20% of dialogue lines begin with an ellipsis
    ok 1 - DIALOGUE_ELLIPSIS_OPENER_FLOOD fires when >20% of dialogue lines begin with an ellipsis
      ---
      duration_ms: 1.775821
      type: 'test'
      ...
    # Subtest: DIALOGUE_ELLIPSIS_OPENER_FLOOD does not fire when lines begin cleanly
    ok 2 - DIALOGUE_ELLIPSIS_OPENER_FLOOD does not fire when lines begin cleanly
      ---
      duration_ms: 1.294745
      type: 'test'
      ...
    # Subtest: DIALOGUE_TRIADIC_FLOOD fires when 3+ dialogue lines use a rule-of-three enumeration
    ok 3 - DIALOGUE_TRIADIC_FLOOD fires when 3+ dialogue lines use a rule-of-three enumeration
      ---
      duration_ms: 1.43339
      type: 'test'
      ...
    # Subtest: DIALOGUE_TRIADIC_FLOOD does not fire when dialogue avoids triadic lists
    ok 4 - DIALOGUE_TRIADIC_FLOOD does not fire when dialogue avoids triadic lists
      ---
      duration_ms: 1.726547
      type: 'test'
      ...
    # Subtest: DIALOGUE_EMPHATIC_PUNCTUATION_FLOOD fires when >20% of dialogue lines use stacked marks
    ok 5 - DIALOGUE_EMPHATIC_PUNCTUATION_FLOOD fires when >20% of dialogue lines use stacked marks
      ---
      duration_ms: 2.206165
      type: 'test'
      ...
    # Subtest: DIALOGUE_EMPHATIC_PUNCTUATION_FLOOD does not fire when dialogue uses single terminal marks
    ok 6 - DIALOGUE_EMPHATIC_PUNCTUATION_FLOOD does not fire when dialogue uses single terminal marks
      ---
      duration_ms: 1.308093
      type: 'test'
      ...
    1..6
ok 2045 - Wave 375 — voicePass: ellipsis-opener flood, triadic flood, emphatic-punctuation flood
  ---
  duration_ms: 10.012706
  type: 'suite'
  ...
# Subtest: Wave 361 — voicePass: conditional flood, apology overuse, hesitation flood
    # Subtest: DIALOGUE_CONDITIONAL_FLOOD fires when >30% of dialogue lines begin with a conditional
    ok 1 - DIALOGUE_CONDITIONAL_FLOOD fires when >30% of dialogue lines begin with a conditional
      ---
      duration_ms: 1.47485
      type: 'test'
      ...
    # Subtest: DIALOGUE_CONDITIONAL_FLOOD does not fire when dialogue is mostly declarative
    ok 2 - DIALOGUE_CONDITIONAL_FLOOD does not fire when dialogue is mostly declarative
      ---
      duration_ms: 1.167066
      type: 'test'
      ...
    # Subtest: DIALOGUE_APOLOGY_OVERUSE fires when 3+ dialogue lines are apologies
    ok 3 - DIALOGUE_APOLOGY_OVERUSE fires when 3+ dialogue lines are apologies
      ---
      duration_ms: 1.106369
      type: 'test'
      ...
    # Subtest: DIALOGUE_APOLOGY_OVERUSE does not fire when dialogue has fewer than 3 apologies
    ok 4 - DIALOGUE_APOLOGY_OVERUSE does not fire when dialogue has fewer than 3 apologies
      ---
      duration_ms: 0.777295
      type: 'test'
      ...
    # Subtest: DIALOGUE_HESITATION_FLOOD fires when >25% of dialogue lines contain hesitation sounds
    ok 5 - DIALOGUE_HESITATION_FLOOD fires when >25% of dialogue lines contain hesitation sounds
      ---
      duration_ms: 1.176379
      type: 'test'
      ...
    # Subtest: DIALOGUE_HESITATION_FLOOD does not fire when dialogue speaks without hesitation
    ok 6 - DIALOGUE_HESITATION_FLOOD does not fire when dialogue speaks without hesitation
      ---
      duration_ms: 0.886201
      type: 'test'
      ...
    1..6
ok 2046 - Wave 361 — voicePass: conditional flood, apology overuse, hesitation flood
  ---
  duration_ms: 6.882965
  type: 'suite'
  ...
# Subtest: Wave 347 — voicePass: discourse-marker opener, vocative address flood, greeting filler flood
    # Subtest: DIALOGUE_DISCOURSE_MARKER_OPENER fires when >25% of lines open with a discourse marker
    ok 1 - DIALOGUE_DISCOURSE_MARKER_OPENER fires when >25% of lines open with a discourse marker
      ---
      duration_ms: 1.466385
      type: 'test'
      ...
    # Subtest: DIALOGUE_DISCOURSE_MARKER_OPENER does not fire when markers are rare
    ok 2 - DIALOGUE_DISCOURSE_MARKER_OPENER does not fire when markers are rare
      ---
      duration_ms: 1.270618
      type: 'test'
      ...
    # Subtest: DIALOGUE_VOCATIVE_ADDRESS_FLOOD fires when >25% of lines carry a vocative address
    ok 3 - DIALOGUE_VOCATIVE_ADDRESS_FLOOD fires when >25% of lines carry a vocative address
      ---
      duration_ms: 1.358234
      type: 'test'
      ...
    # Subtest: DIALOGUE_VOCATIVE_ADDRESS_FLOOD does not fire when vocatives are rare
    ok 4 - DIALOGUE_VOCATIVE_ADDRESS_FLOOD does not fire when vocatives are rare
      ---
      duration_ms: 1.278254
      type: 'test'
      ...
    # Subtest: DIALOGUE_GREETING_FILLER_FLOOD fires when 3+ lines are greetings or farewells
    ok 5 - DIALOGUE_GREETING_FILLER_FLOOD fires when 3+ lines are greetings or farewells
      ---
      duration_ms: 0.901528
      type: 'test'
      ...
    # Subtest: DIALOGUE_GREETING_FILLER_FLOOD does not fire when greetings are rare
    ok 6 - DIALOGUE_GREETING_FILLER_FLOOD does not fire when greetings are rare
      ---
      duration_ms: 0.580015
      type: 'test'
      ...
    1..6
ok 2047 - Wave 347 — voicePass: discourse-marker opener, vocative address flood, greeting filler flood
  ---
  duration_ms: 7.128041
  type: 'suite'
  ...
# Subtest: Wave 333 — voicePass: name opener flood, retrospective opener, word stutter
    # Subtest: DIALOGUE_NAME_OPENER_FLOOD fires when >30% of dialogue lines begin with direct name address
    ok 1 - DIALOGUE_NAME_OPENER_FLOOD fires when >30% of dialogue lines begin with direct name address
      ---
      duration_ms: 1.461602
      type: 'test'
      ...
    # Subtest: DIALOGUE_NAME_OPENER_FLOOD does not fire when name-address openers are sparse
    ok 2 - DIALOGUE_NAME_OPENER_FLOOD does not fire when name-address openers are sparse
      ---
      duration_ms: 1.232962
      type: 'test'
      ...
    # Subtest: DIALOGUE_RETROSPECTIVE_OPENER fires when ≥4 dialogue lines open with retrospective phrases
    ok 3 - DIALOGUE_RETROSPECTIVE_OPENER fires when ≥4 dialogue lines open with retrospective phrases
      ---
      duration_ms: 4.627199
      type: 'test'
      ...
    # Subtest: DIALOGUE_RETROSPECTIVE_OPENER does not fire when dialogue stays in the present
    ok 4 - DIALOGUE_RETROSPECTIVE_OPENER does not fire when dialogue stays in the present
      ---
      duration_ms: 1.24719
      type: 'test'
      ...
    # Subtest: DIALOGUE_WORD_STUTTER fires when ≥3 dialogue lines contain immediate word repetition
    ok 5 - DIALOGUE_WORD_STUTTER fires when ≥3 dialogue lines contain immediate word repetition
      ---
      duration_ms: 1.440624
      type: 'test'
      ...
    # Subtest: DIALOGUE_WORD_STUTTER does not fire when dialogue has no immediate word repetition
    ok 6 - DIALOGUE_WORD_STUTTER does not fire when dialogue has no immediate word repetition
      ---
      duration_ms: 1.299276
      type: 'test'
      ...
    1..6
ok 2048 - Wave 333 — voicePass: name opener flood, retrospective opener, word stutter
  ---
  duration_ms: 11.583134
  type: 'suite'
  ...
# Subtest: Wave 322 — voicePass: trailing ellipsis flood, repeated opener word, conjunction opener
    # Subtest: DIALOGUE_TRAILING_ELLIPSIS_FLOOD fires when >25% of dialogue lines trail off
    ok 1 - DIALOGUE_TRAILING_ELLIPSIS_FLOOD fires when >25% of dialogue lines trail off
      ---
      duration_ms: 1.334965
      type: 'test'
      ...
    # Subtest: DIALOGUE_TRAILING_ELLIPSIS_FLOOD does not fire when few lines trail off
    ok 2 - DIALOGUE_TRAILING_ELLIPSIS_FLOOD does not fire when few lines trail off
      ---
      duration_ms: 1.147514
      type: 'test'
      ...
    # Subtest: DIALOGUE_REPEATED_OPENER_WORD fires when a single word begins >40% of dialogue lines
    ok 3 - DIALOGUE_REPEATED_OPENER_WORD fires when a single word begins >40% of dialogue lines
      ---
      duration_ms: 1.360875
      type: 'test'
      ...
    # Subtest: DIALOGUE_REPEATED_OPENER_WORD does not fire when openers vary
    ok 4 - DIALOGUE_REPEATED_OPENER_WORD does not fire when openers vary
      ---
      duration_ms: 1.400342
      type: 'test'
      ...
    # Subtest: DIALOGUE_CONJUNCTION_OPENER fires when >30% of dialogue lines begin with a conjunction
    ok 5 - DIALOGUE_CONJUNCTION_OPENER fires when >30% of dialogue lines begin with a conjunction
      ---
      duration_ms: 1.228853
      type: 'test'
      ...
    # Subtest: DIALOGUE_CONJUNCTION_OPENER does not fire when few lines begin with a conjunction
    ok 6 - DIALOGUE_CONJUNCTION_OPENER does not fire when few lines begin with a conjunction
      ---
      duration_ms: 1.202564
      type: 'test'
      ...
    1..6
ok 2049 - Wave 322 — voicePass: trailing ellipsis flood, repeated opener word, conjunction opener
  ---
  duration_ms: 7.95137
  type: 'suite'
  ...
# Subtest: Wave 294 — voicePass: dialogue interrogative saturation, action adverb flood, character name monotony
    # Subtest: DIALOGUE_INTERROGATIVE_SATURATION fires when >30% of 10+ dialogue lines end with ?
    ok 1 - DIALOGUE_INTERROGATIVE_SATURATION fires when >30% of 10+ dialogue lines end with ?
      ---
      duration_ms: 1.342027
      type: 'test'
      ...
    # Subtest: DIALOGUE_INTERROGATIVE_SATURATION does not fire when questions are sparse
    ok 2 - DIALOGUE_INTERROGATIVE_SATURATION does not fire when questions are sparse
      ---
      duration_ms: 1.207804
      type: 'test'
      ...
    # Subtest: ACTION_ADVERB_FLOOD fires when >25% of 8+ action lines contain manner adverbs
    ok 3 - ACTION_ADVERB_FLOOD fires when >25% of 8+ action lines contain manner adverbs
      ---
      duration_ms: 0.925019
      type: 'test'
      ...
    # Subtest: ACTION_ADVERB_FLOOD does not fire when adverbs are sparse
    ok 4 - ACTION_ADVERB_FLOOD does not fire when adverbs are sparse
      ---
      duration_ms: 0.935197
      type: 'test'
      ...
    # Subtest: CHARACTER_NAME_MONOTONY fires when single name opens >50% of 12+ action lines
    ok 5 - CHARACTER_NAME_MONOTONY fires when single name opens >50% of 12+ action lines
      ---
      duration_ms: 1.393483
      type: 'test'
      ...
    # Subtest: CHARACTER_NAME_MONOTONY does not fire when action subjects are varied
    ok 6 - CHARACTER_NAME_MONOTONY does not fire when action subjects are varied
      ---
      duration_ms: 0.8452
      type: 'test'
      ...
    1..6
ok 2050 - Wave 294 — voicePass: dialogue interrogative saturation, action adverb flood, character name monotony
  ---
  duration_ms: 6.911309
  type: 'suite'
  ...
# Subtest: Wave 280 — voicePass: intensifier flood, monochrome verbs, scene heading repetition
    # Subtest: INTENSIFIER_FLOOD fires when >30% of dialogue lines contain intensifiers
    ok 1 - INTENSIFIER_FLOOD fires when >30% of dialogue lines contain intensifiers
      ---
      duration_ms: 1.455749
      type: 'test'
      ...
    # Subtest: INTENSIFIER_FLOOD does NOT fire when ≤30% of dialogue lines contain intensifiers
    ok 2 - INTENSIFIER_FLOOD does NOT fire when ≤30% of dialogue lines contain intensifiers
      ---
      duration_ms: 1.367984
      type: 'test'
      ...
    # Subtest: MONOCHROME_VERBS fires when a single verb appears in >25% of action lines
    ok 3 - MONOCHROME_VERBS fires when a single verb appears in >25% of action lines
      ---
      duration_ms: 1.247521
      type: 'test'
      ...
    # Subtest: MONOCHROME_VERBS does NOT fire when no single verb exceeds 25% of action lines
    ok 4 - MONOCHROME_VERBS does NOT fire when no single verb exceeds 25% of action lines
      ---
      duration_ms: 1.186635
      type: 'test'
      ...
    # Subtest: SCENE_HEADING_REPETITION fires when >60% of scenes share the same location
    ok 5 - SCENE_HEADING_REPETITION fires when >60% of scenes share the same location
      ---
      duration_ms: 1.223752
      type: 'test'
      ...
    # Subtest: SCENE_HEADING_REPETITION does NOT fire when no location exceeds 60% of scenes
    ok 6 - SCENE_HEADING_REPETITION does NOT fire when no location exceeds 60% of scenes
      ---
      duration_ms: 0.733008
      type: 'test'
      ...
    1..6
ok 2051 - Wave 280 — voicePass: intensifier flood, monochrome verbs, scene heading repetition
  ---
  duration_ms: 7.487935
  type: 'suite'
  ...
# Subtest: Wave 266 — voicePass: stative verb overload, dialogue hedging opener, abstract subject opening
    # Subtest: STATIVE_VERB_OVERLOAD fires when >35% of action lines begin with a stative verb
    ok 1 - STATIVE_VERB_OVERLOAD fires when >35% of action lines begin with a stative verb
      ---
      duration_ms: 1.089478
      type: 'test'
      ...
    # Subtest: STATIVE_VERB_OVERLOAD does NOT fire when fewer than 35% of action lines begin with a stative verb
    ok 2 - STATIVE_VERB_OVERLOAD does NOT fire when fewer than 35% of action lines begin with a stative verb
      ---
      duration_ms: 0.963031
      type: 'test'
      ...
    # Subtest: DIALOGUE_HEDGING_OPENER fires when >25% of dialogue lines begin with a hedge
    ok 3 - DIALOGUE_HEDGING_OPENER fires when >25% of dialogue lines begin with a hedge
      ---
      duration_ms: 1.410069
      type: 'test'
      ...
    # Subtest: DIALOGUE_HEDGING_OPENER does NOT fire when fewer than 25% of dialogue lines hedge
    ok 4 - DIALOGUE_HEDGING_OPENER does NOT fire when fewer than 25% of dialogue lines hedge
      ---
      duration_ms: 1.373798
      type: 'test'
      ...
    # Subtest: ABSTRACT_SUBJECT_OPENING fires when >30% of action lines begin with an abstract noun
    ok 5 - ABSTRACT_SUBJECT_OPENING fires when >30% of action lines begin with an abstract noun
      ---
      duration_ms: 1.117528
      type: 'test'
      ...
    # Subtest: ABSTRACT_SUBJECT_OPENING does NOT fire when fewer than 30% of action lines begin with abstract subjects
    ok 6 - ABSTRACT_SUBJECT_OPENING does NOT fire when fewer than 30% of action lines begin with abstract subjects
      ---
      duration_ms: 0.994247
      type: 'test'
      ...
    1..6
ok 2052 - Wave 266 — voicePass: stative verb overload, dialogue hedging opener, abstract subject opening
  ---
  duration_ms: 7.29487
  type: 'suite'
  ...
# Subtest: Wave 252 — voicePass: present progressive overuse, action pronoun flood, dialogue monosyllable dominance
    # Subtest: PRESENT_PROGRESSIVE_OVERUSE fires when >40% of action lines use progressive form
    ok 1 - PRESENT_PROGRESSIVE_OVERUSE fires when >40% of action lines use progressive form
      ---
      duration_ms: 1.481266
      type: 'test'
      ...
    # Subtest: PRESENT_PROGRESSIVE_OVERUSE does NOT fire when ≤40% of action lines are progressive
    ok 2 - PRESENT_PROGRESSIVE_OVERUSE does NOT fire when ≤40% of action lines are progressive
      ---
      duration_ms: 0.82789
      type: 'test'
      ...
    # Subtest: ACTION_PRONOUN_FLOOD fires when >55% of action lines start with a pronoun
    ok 3 - ACTION_PRONOUN_FLOOD fires when >55% of action lines start with a pronoun
      ---
      duration_ms: 0.840307
      type: 'test'
      ...
    # Subtest: ACTION_PRONOUN_FLOOD does NOT fire when ≤55% of action lines start with a pronoun
    ok 4 - ACTION_PRONOUN_FLOOD does NOT fire when ≤55% of action lines start with a pronoun
      ---
      duration_ms: 1.02529
      type: 'test'
      ...
    # Subtest: DIALOGUE_MONOSYLLABLE_DOMINANCE fires when >65% of dialogue words are monosyllabic
    ok 5 - DIALOGUE_MONOSYLLABLE_DOMINANCE fires when >65% of dialogue words are monosyllabic
      ---
      duration_ms: 1.342115
      type: 'test'
      ...
    # Subtest: DIALOGUE_MONOSYLLABLE_DOMINANCE does NOT fire when dialogue has polysyllabic variety
    ok 6 - DIALOGUE_MONOSYLLABLE_DOMINANCE does NOT fire when dialogue has polysyllabic variety
      ---
      duration_ms: 1.630027
      type: 'test'
      ...
    1..6
ok 2053 - Wave 252 — voicePass: present progressive overuse, action pronoun flood, dialogue monosyllable dominance
  ---
  duration_ms: 7.466117
  type: 'suite'
  ...
# Subtest: Wave 238 — voicePass: negation saturation, conditional overload, dialogue flat punctuation
    # Subtest: NEGATION_SATURATION fires when >40% of dialogue lines contain negation words
    ok 1 - NEGATION_SATURATION fires when >40% of dialogue lines contain negation words
      ---
      duration_ms: 1.741443
      type: 'test'
      ...
    # Subtest: NEGATION_SATURATION does NOT fire when ≤40% of dialogue lines have negation words
    ok 2 - NEGATION_SATURATION does NOT fire when ≤40% of dialogue lines have negation words
      ---
      duration_ms: 1.429886
      type: 'test'
      ...
    # Subtest: CONDITIONAL_OVERLOAD fires when >30% of action lines contain conditionals
    ok 3 - CONDITIONAL_OVERLOAD fires when >30% of action lines contain conditionals
      ---
      duration_ms: 1.262117
      type: 'test'
      ...
    # Subtest: CONDITIONAL_OVERLOAD does NOT fire when ≤30% of action lines contain conditionals
    ok 4 - CONDITIONAL_OVERLOAD does NOT fire when ≤30% of action lines contain conditionals
      ---
      duration_ms: 0.750627
      type: 'test'
      ...
    # Subtest: DIALOGUE_FLAT_PUNCTUATION fires when >85% of dialogue lines end with a period and <5% are ? or !
    ok 5 - DIALOGUE_FLAT_PUNCTUATION fires when >85% of dialogue lines end with a period and <5% are ? or !
      ---
      duration_ms: 1.550615
      type: 'test'
      ...
    # Subtest: DIALOGUE_FLAT_PUNCTUATION does NOT fire when dialogue has question marks
    ok 6 - DIALOGUE_FLAT_PUNCTUATION does NOT fire when dialogue has question marks
      ---
      duration_ms: 1.66825
      type: 'test'
      ...
    1..6
ok 2054 - Wave 238 — voicePass: negation saturation, conditional overload, dialogue flat punctuation
  ---
  duration_ms: 8.675728
  type: 'suite'
  ...
# Subtest: Wave 202 — voicePass: question overload, speech tag inflation, mono-speaker dominance
    # Subtest: voicePass detects QUESTION_MARK_OVERLOAD when >35% of dialogue lines end with "?"
    ok 1 - voicePass detects QUESTION_MARK_OVERLOAD when >35% of dialogue lines end with "?"
      ---
      duration_ms: 1.780157
      type: 'test'
      ...
    # Subtest: voicePass does NOT fire QUESTION_MARK_OVERLOAD when questions are infrequent
    ok 2 - voicePass does NOT fire QUESTION_MARK_OVERLOAD when questions are infrequent
      ---
      duration_ms: 1.561199
      type: 'test'
      ...
    # Subtest: voicePass detects SPEECH_TAG_INFLATION when >20% of action lines contain speech-quality verbs
    ok 3 - voicePass detects SPEECH_TAG_INFLATION when >20% of action lines contain speech-quality verbs
      ---
      duration_ms: 4.494242
      type: 'test'
      ...
    # Subtest: voicePass does NOT fire SPEECH_TAG_INFLATION when action lines use physical verbs
    ok 4 - voicePass does NOT fire SPEECH_TAG_INFLATION when action lines use physical verbs
      ---
      duration_ms: 0.960771
      type: 'test'
      ...
    # Subtest: voicePass detects MONO_SPEAKER_DOMINANCE when one character delivers >50% of all dialogue
    ok 5 - voicePass detects MONO_SPEAKER_DOMINANCE when one character delivers >50% of all dialogue
      ---
      duration_ms: 2.062218
      type: 'test'
      ...
    # Subtest: voicePass does NOT fire MONO_SPEAKER_DOMINANCE when dialogue is distributed among speakers
    ok 6 - voicePass does NOT fire MONO_SPEAKER_DOMINANCE when dialogue is distributed among speakers
      ---
      duration_ms: 5.25766
      type: 'test'
      ...
    1..6
ok 2055 - Wave 202 — voicePass: question overload, speech tag inflation, mono-speaker dominance
  ---
  duration_ms: 16.398146
  type: 'suite'
  ...
# Subtest: Wave 160 — voicePass: passive action voice, interior monologue leak, qualifier overload
    # Subtest: voicePass detects PASSIVE_ACTION_VOICE when many action lines use passive constructions
    ok 1 - voicePass detects PASSIVE_ACTION_VOICE when many action lines use passive constructions
      ---
      duration_ms: 1.623943
      type: 'test'
      ...
    # Subtest: voicePass does NOT fire PASSIVE_ACTION_VOICE when passive rate is below threshold
    ok 2 - voicePass does NOT fire PASSIVE_ACTION_VOICE when passive rate is below threshold
      ---
      duration_ms: 1.455331
      type: 'test'
      ...
    # Subtest: voicePass detects INTERIOR_MONOLOGUE_LEAK when action lines describe character thoughts
    ok 3 - voicePass detects INTERIOR_MONOLOGUE_LEAK when action lines describe character thoughts
      ---
      duration_ms: 1.027416
      type: 'test'
      ...
    # Subtest: voicePass does NOT fire INTERIOR_MONOLOGUE_LEAK when action lines describe behavior
    ok 4 - voicePass does NOT fire INTERIOR_MONOLOGUE_LEAK when action lines describe behavior
      ---
      duration_ms: 0.480334
      type: 'test'
      ...
    # Subtest: voicePass detects QUALIFIER_OVERLOAD when >25% of action lines use hedging qualifiers
    ok 5 - voicePass detects QUALIFIER_OVERLOAD when >25% of action lines use hedging qualifiers
      ---
      duration_ms: 1.34873
      type: 'test'
      ...
    # Subtest: voicePass does NOT fire QUALIFIER_OVERLOAD when action lines are declarative
    ok 6 - voicePass does NOT fire QUALIFIER_OVERLOAD when action lines are declarative
      ---
      duration_ms: 1.295396
      type: 'test'
      ...
    1..6
ok 2056 - Wave 160 — voicePass: passive action voice, interior monologue leak, qualifier overload
  ---
  duration_ms: 7.538867
  type: 'suite'
  ...
# Subtest: Wave 123 — voicePass: bidirectional TONE_REGISTER_MISMATCH
    # Subtest: fires for grim prose in a positive-shift scene
    ok 1 - fires for grim prose in a positive-shift scene
      ---
      duration_ms: 1.200988
      type: 'test'
      ...
    1..1
ok 2057 - Wave 123 — voicePass: bidirectional TONE_REGISTER_MISMATCH
  ---
  duration_ms: 1.284956
  type: 'suite'
  ...
# Subtest: Wave 138 — voicePass: UNDIFFERENTIATED_CHARACTER_VOICES
    # Subtest: UNDIFFERENTIATED_CHARACTER_VOICES fires when two major characters share >75% vocabulary
    ok 1 - UNDIFFERENTIATED_CHARACTER_VOICES fires when two major characters share >75% vocabulary
      ---
      duration_ms: 2.561368
      type: 'test'
      ...
    # Subtest: UNDIFFERENTIATED_CHARACTER_VOICES does NOT fire when characters have distinct vocabularies
    ok 2 - UNDIFFERENTIATED_CHARACTER_VOICES does NOT fire when characters have distinct vocabularies
      ---
      duration_ms: 2.155424
      type: 'test'
      ...
    1..2
ok 2058 - Wave 138 — voicePass: UNDIFFERENTIATED_CHARACTER_VOICES
  ---
  duration_ms: 4.844645
  type: 'suite'
  ...
# Subtest: Wave 138 — voicePass: VOICE_MONOTONE_CHARACTER
    # Subtest: VOICE_MONOTONE_CHARACTER fires when a character speaks in uniformly-sized lines
    ok 1 - VOICE_MONOTONE_CHARACTER fires when a character speaks in uniformly-sized lines
      ---
      duration_ms: 2.00692
      type: 'test'
      ...
    # Subtest: VOICE_MONOTONE_CHARACTER does NOT fire when a character varies their sentence lengths
    ok 2 - VOICE_MONOTONE_CHARACTER does NOT fire when a character varies their sentence lengths
      ---
      duration_ms: 1.780468
      type: 'test'
      ...
    1..2
ok 2059 - Wave 138 — voicePass: VOICE_MONOTONE_CHARACTER
  ---
  duration_ms: 3.900086
  type: 'suite'
  ...
# {"time":"2026-08-05T02:28:57.656Z","level":"warn","msg":"collab_secret_generated","message":"COLLAB_SECRET not set — generated an ephemeral per-process secret. Set COLLAB_SECRET in any multi-process or restart-prone deployment."}
# {"time":"2026-08-05T02:28:57.742Z","level":"info","msg":"request","method":"POST","path":"/api/init","status":200,"ms":26}
# {"time":"2026-08-05T02:28:57.808Z","level":"info","msg":"request","method":"POST","path":"/api/turn","status":503,"ms":53}
# Subtest: ai-budget wiring — routes actually enforce their deadline, not just import the module
    # Subtest: POST /api/turn: a slow provider is cut off by the budget deadline (503, AI_BUDGET_DEADLINE_EXCEEDED), promptly
    ok 1 - POST /api/turn: a slow provider is cut off by the budget deadline (503, AI_BUDGET_DEADLINE_EXCEEDED), promptly
      ---
      duration_ms: 140.896747
      type: 'test'
      ...
# {"time":"2026-08-05T02:28:57.826Z","level":"info","msg":"request","method":"POST","path":"/api/init","status":200,"ms":8}
# {"time":"2026-08-05T02:28:57.885Z","level":"info","msg":"request","method":"POST","path":"/api/turn","status":503,"ms":44}
# {"time":"2026-08-05T02:28:57.890Z","level":"info","msg":"request","method":"GET","path":"/api/state","status":200,"ms":2}
    # Subtest: POST /api/turn: the session remains usable after a budget timeout (coordinator was not left stuck)
    ok 2 - POST /api/turn: the session remains usable after a budget timeout (coordinator was not left stuck)
      ---
      duration_ms: 78.588185
      type: 'test'
      ...
# {"time":"2026-08-05T02:28:57.900Z","level":"info","msg":"request","method":"POST","path":"/api/init","status":200,"ms":6}
# {"time":"2026-08-05T02:28:57.915Z","level":"warn","msg":"json_parse_error","message":"Unexpected token 's', \\"stub reply\\" is not valid JSON"}
# {"time":"2026-08-05T02:28:57.915Z","level":"warn","msg":"agent_parse_fallback","agent":"Eve Marlowe","method":"takeTurn","preview":"stub reply"}
# {"time":"2026-08-05T02:28:57.946Z","level":"warn","msg":"game_interview_ai_budget_exceeded","code":"AI_BUDGET_DEADLINE_EXCEEDED","message":"AI budget deadline (40ms) exceeded for 'game-interview'","errorClass":"AiBudgetExceededError"}
# {"time":"2026-08-05T02:28:57.947Z","level":"info","msg":"request","method":"POST","path":"/api/game/interview","status":200,"ms":44}
    # Subtest: POST /api/game/interview: a slow provider degrades honestly with an ACCURATE budget note (not the keyless "add an AI key" note)
    ok 3 - POST /api/game/interview: a slow provider degrades honestly with an ACCURATE budget note (not the keyless "add an AI key" note)
      ---
      duration_ms: 62.005816
      type: 'test'
      ...
# {"time":"2026-08-05T02:28:57.964Z","level":"info","msg":"dialogue_lock_start","location_id":"gallery","agents":2}
# {"time":"2026-08-05T02:28:57.964Z","level":"debug","msg":"agent_turn","agent":"Eve Marlowe","location_id":"gallery"}
# {"time":"2026-08-05T02:28:57.995Z","level":"warn","msg":"json_parse_error","message":"Unexpected token 's', \\"stub reply\\" is not valid JSON"}
# {"time":"2026-08-05T02:28:57.995Z","level":"warn","msg":"agent_parse_fallback","agent":"Eve Marlowe","method":"takeTurn","preview":"stub reply"}
# {"time":"2026-08-05T02:28:58.008Z","level":"info","msg":"request","method":"POST","path":"/api/simulate-to-fountain","status":503,"ms":51}
    # Subtest: POST /api/simulate-to-fountain: a slow provider is cut off by the budget deadline (503, AI_BUDGET_DEADLINE_EXCEEDED), promptly
    ok 4 - POST /api/simulate-to-fountain: a slow provider is cut off by the budget deadline (503, AI_BUDGET_DEADLINE_EXCEEDED), promptly
      ---
      duration_ms: 55.649896
      type: 'test'
      ...
# {"time":"2026-08-05T02:28:58.023Z","level":"info","msg":"request","method":"POST","path":"/api/init","status":200,"ms":8}
# {"time":"2026-08-05T02:28:58.030Z","level":"info","msg":"dialogue_lock_start","location_id":"gallery","agents":2}
# {"time":"2026-08-05T02:28:58.030Z","level":"debug","msg":"agent_turn","agent":"Eve Marlowe","location_id":"gallery"}
# {"time":"2026-08-05T02:28:58.074Z","level":"info","msg":"request","method":"POST","path":"/api/run-room","status":503,"ms":46}
    # Subtest: POST /api/run-room: a slow provider is cut off by the budget deadline (503, AI_BUDGET_DEADLINE_EXCEEDED), promptly [2-agent room]
    ok 5 - POST /api/run-room: a slow provider is cut off by the budget deadline (503, AI_BUDGET_DEADLINE_EXCEEDED), promptly [2-agent room]
      ---
      duration_ms: 67.477512
      type: 'test'
      ...
    1..5
ok 2060 - ai-budget wiring — routes actually enforce their deadline, not just import the module
  ---
  duration_ms: 837.363181
  type: 'suite'
  ...
# {"time":"2026-08-05T02:28:58.116Z","level":"warn","msg":"json_parse_error","message":"Unexpected token 's', \\"stub reply\\" is not valid JSON"}
# {"time":"2026-08-05T02:28:58.116Z","level":"warn","msg":"agent_parse_fallback","agent":"Eve Marlowe","method":"takeTurn","preview":"stub reply"}
# {"time":"2026-08-05T02:28:58.118Z","level":"info","msg":"dialogue_lock_truncated_by_signal","location_id":"gallery","turnCount":1,"round":1}
# {"time":"2026-08-05T02:28:58.118Z","level":"info","msg":"director_eval_skipped_truncated","location_id":"gallery","turnCount":1}
# {"time":"2026-08-05T02:28:58.183Z","level":"warn","msg":"json_parse_error","message":"Unexpected token 's', \\"stub reply\\" is not valid JSON"}
# {"time":"2026-08-05T02:28:58.183Z","level":"warn","msg":"agent_parse_fallback","agent":"Eve Marlowe","method":"takeTurn","preview":"stub reply"}
# {"time":"2026-08-05T02:28:58.184Z","level":"info","msg":"dialogue_lock_truncated_by_signal","location_id":"gallery","turnCount":1,"round":1}
# {"time":"2026-08-05T02:28:58.184Z","level":"info","msg":"director_eval_skipped_truncated","location_id":"gallery","turnCount":1}
# Subtest: server/lib/ai-budget — consumeAiAttempt / withAiBudget
    # Subtest: consumeAiAttempt is a no-op with no active budget context (opt-in, never breaks unwired call sites)
    ok 1 - consumeAiAttempt is a no-op with no active budget context (opt-in, never breaks unwired call sites)
      ---
      duration_ms: 1.422409
      type: 'test'
      ...
    # Subtest: a fake provider that counts calls is stopped exactly at the ceiling — the budget actually prevents the next call, not just logs it
    ok 2 - a fake provider that counts calls is stopped exactly at the ceiling — the budget actually prevents the next call, not just logs it
      ---
      duration_ms: 1.54684
      type: 'test'
      ...
    # Subtest: withAiBudget itself rejects when the wrapped operation never catches the attempts-exceeded throw
    ok 3 - withAiBudget itself rejects when the wrapped operation never catches the attempts-exceeded throw
      ---
      duration_ms: 0.978433
      type: 'test'
      ...
    # Subtest: isolates concurrent budget contexts from each other (AsyncLocalStorage per-request scoping)
    ok 4 - isolates concurrent budget contexts from each other (AsyncLocalStorage per-request scoping)
      ---
      duration_ms: 2.152267
      type: 'test'
      ...
    # Subtest: rejects with a deadline error when the operation hangs past timeoutMs, without waiting for it to finish
    ok 5 - rejects with a deadline error when the operation hangs past timeoutMs, without waiting for it to finish
      ---
      duration_ms: 31.688689
      type: 'test'
      ...
    # Subtest: consumeAiAttempt also refuses a new attempt once the deadline has already passed, even with attempts remaining
    ok 6 - consumeAiAttempt also refuses a new attempt once the deadline has already passed, even with attempts remaining
      ---
      duration_ms: 21.712601
      type: 'test'
      ...
    # Subtest: propagates the operation's own error untouched when it fails before either budget dimension is exceeded
    ok 7 - propagates the operation's own error untouched when it fails before either budget dimension is exceeded
      ---
      duration_ms: 1.50747
      type: 'test'
      ...
    1..7
ok 2061 - server/lib/ai-budget — consumeAiAttempt / withAiBudget
  ---
  duration_ms: 63.168524
  type: 'suite'
  ...
# Subtest: server/lib/ai-budget — withCountedAttempts (dependency-injection seam)
    # Subtest: wraps an injected generator so the real function is never invoked past the ceiling
    ok 1 - wraps an injected generator so the real function is never invoked past the ceiling
      ---
      duration_ms: 0.786572
      type: 'test'
      ...
    # Subtest: withCountedAttempts is transparent (return value/args pass through) when under budget
    ok 2 - withCountedAttempts is transparent (return value/args pass through) when under budget
      ---
      duration_ms: 0.706079
      type: 'test'
      ...
    1..2
ok 2062 - server/lib/ai-budget — withCountedAttempts (dependency-injection seam)
  ---
  duration_ms: 2.140174
  type: 'suite'
  ...
# Subtest: server/lib/ai-budget — withDeadline (coordinator-safe soft race)
    # Subtest: resolves {timedOut:true} without rejecting, and without the operation having settled yet
    ok 1 - resolves {timedOut:true} without rejecting, and without the operation having settled yet
      ---
      duration_ms: 80.690014
      type: 'test'
      ...
    # Subtest: resolves {timedOut:false, value} when the operation settles first
    ok 2 - resolves {timedOut:false, value} when the operation settles first
      ---
      duration_ms: 0.424767
      type: 'test'
      ...
    # Subtest: propagates the operation's own rejection when it fails before the deadline
    ok 3 - propagates the operation's own rejection when it fails before the deadline
      ---
      duration_ms: 0.393202
      type: 'test'
      ...
    1..3
ok 2063 - server/lib/ai-budget — withDeadline (coordinator-safe soft race)
  ---
  duration_ms: 81.904953
  type: 'suite'
  ...
# Subtest: server/lib/ai-budget — raceDeadline (abandon-on-timeout)
    # Subtest: settles exactly as the wrapped promise does when it finishes in time
    ok 1 - settles exactly as the wrapped promise does when it finishes in time
      ---
      duration_ms: 0.27152
      type: 'test'
      ...
    # Subtest: rejects with AiBudgetExceededError and stops waiting once timeoutMs elapses
    ok 2 - rejects with AiBudgetExceededError and stops waiting once timeoutMs elapses
      ---
      duration_ms: 26.133613
      type: 'test'
      ...
    1..2
ok 2064 - server/lib/ai-budget — raceDeadline (abandon-on-timeout)
  ---
  duration_ms: 26.665574
  type: 'suite'
  ...
# Subtest: server/lib/ai-budget — runWithBudgetContext
    # Subtest: establishes context synchronously so consumeAiAttempt works inside a callback started before any await
    ok 1 - establishes context synchronously so consumeAiAttempt works inside a callback started before any await
      ---
      duration_ms: 0.335136
      type: 'test'
      ...
    # Subtest: context propagates through an async chain started inside the callback (the seam converge/selfplay routes rely on)
    ok 2 - context propagates through an async chain started inside the callback (the seam converge/selfplay routes rely on)
      ---
      duration_ms: 11.922245
      type: 'test'
      ...
    1..2
ok 2065 - server/lib/ai-budget — runWithBudgetContext
  ---
  duration_ms: 12.738687
  type: 'suite'
  ...
# Subtest: server/lib/ai-budget — aiBudgetEnvNumber (test/operator override seam)
    # Subtest: falls back when unset, empty, non-numeric, or non-positive
    ok 1 - falls back when unset, empty, non-numeric, or non-positive
      ---
      duration_ms: 0.341546
      type: 'test'
      ...
    # Subtest: honors a valid positive override
    ok 2 - honors a valid positive override
      ---
      duration_ms: 0.152352
      type: 'test'
      ...
    1..2
ok 2066 - server/lib/ai-budget — aiBudgetEnvNumber (test/operator override seam)
  ---
  duration_ms: 0.711664
  type: 'suite'
  ...
# {"time":"2026-08-05T02:28:59.417Z","level":"warn","msg":"collab_secret_generated","message":"COLLAB_SECRET not set — generated an ephemeral per-process secret. Set COLLAB_SECRET in any multi-process or restart-prone deployment."}
# {"time":"2026-08-05T02:28:59.456Z","level":"info","msg":"request","method":"GET","path":"/api/ai-config","status":200,"ms":8}
# Subtest: POST /api/ai-config live path (mock upstream, no real keys)
    # Subtest: keyless baseline: llmReady is false and no key material appears anywhere
    ok 1 - keyless baseline: llmReady is false and no key material appears anywhere
      ---
      duration_ms: 41.997585
      type: 'test'
      ...
# {"time":"2026-08-05T02:28:59.490Z","level":"info","msg":"request","method":"POST","path":"/api/ai-config","status":200,"ms":4}
# {"time":"2026-08-05T02:28:59.495Z","level":"info","msg":"request","method":"GET","path":"/api/ai-config","status":200,"ms":0}
# {"time":"2026-08-05T02:28:59.502Z","level":"warn","msg":"ai-provider-resolve-private-allowed","hostname":"storymachine-test-upstream.invalid","address":"127.0.0.1","override":true}
# {"time":"2026-08-05T02:28:59.520Z","level":"info","msg":"request","method":"POST","path":"/api/ai-config/test","status":200,"ms":21}
    # Subtest: config source: POST /api/ai-config against the mock upstream flips llmReady true, and POST /api/ai-config/test actually reaches the mock and returns its payload
    ok 2 - config source: POST /api/ai-config against the mock upstream flips llmReady true, and POST /api/ai-config/test actually reaches the mock and returns its payload
      ---
      duration_ms: 57.181138
      type: 'test'
      ...
# {"time":"2026-08-05T02:28:59.530Z","level":"info","msg":"request","method":"POST","path":"/api/ai-config","status":200,"ms":2}
# {"time":"2026-08-05T02:28:59.532Z","level":"info","msg":"request","method":"GET","path":"/api/ai-config","status":200,"ms":0}
# {"time":"2026-08-05T02:28:59.536Z","level":"info","msg":"request","method":"GET","path":"/api/ai-config","status":200,"ms":1}
    # Subtest: env source: llmReady flips true from GEMINI_API_KEY presence alone (config readiness is config PRESENCE, not a proven working call) while the config source stays pointed at the mock
    ok 3 - env source: llmReady flips true from GEMINI_API_KEY presence alone (config readiness is config PRESENCE, not a proven working call) while the config source stays pointed at the mock
      ---
      duration_ms: 13.720667
      type: 'test'
      ...
# {"time":"2026-08-05T02:28:59.542Z","level":"info","msg":"request","method":"POST","path":"/api/ai-config","status":200,"ms":1}
# {"time":"2026-08-05T02:28:59.547Z","level":"warn","msg":"ai-provider-resolve-private-allowed","hostname":"storymachine-test-upstream.invalid","address":"127.0.0.1","override":true}
# {"time":"2026-08-05T02:28:59.552Z","level":"info","msg":"request","method":"POST","path":"/api/ai-config/test","status":200,"ms":6}
# {"time":"2026-08-05T02:28:59.557Z","level":"warn","msg":"ai-provider-resolve-private-allowed","hostname":"storymachine-test-upstream.invalid","address":"127.0.0.1","override":true}
# {"time":"2026-08-05T02:28:59.563Z","level":"info","msg":"request","method":"POST","path":"/api/ai-config/test","status":200,"ms":7}
# {"time":"2026-08-05T02:28:59.567Z","level":"warn","msg":"ai-provider-resolve-private-allowed","hostname":"storymachine-test-upstream.invalid","address":"127.0.0.1","override":true}
# {"time":"2026-08-05T02:28:59.573Z","level":"info","msg":"request","method":"POST","path":"/api/ai-config/test","status":200,"ms":6}
# {"time":"2026-08-05T02:28:59.578Z","level":"warn","msg":"ai-provider-resolve-private-allowed","hostname":"storymachine-test-upstream.invalid","address":"127.0.0.1","override":true}
# {"time":"2026-08-05T02:28:59.582Z","level":"info","msg":"request","method":"POST","path":"/api/ai-config/test","status":200,"ms":5}
# {"time":"2026-08-05T02:28:59.586Z","level":"warn","msg":"ai-provider-resolve-private-allowed","hostname":"storymachine-test-upstream.invalid","address":"127.0.0.1","override":true}
# {"time":"2026-08-05T02:28:59.590Z","level":"info","msg":"request","method":"POST","path":"/api/ai-config/test","status":200,"ms":5}
# {"time":"2026-08-05T02:28:59.594Z","level":"warn","msg":"ai-provider-resolve-private-allowed","hostname":"storymachine-test-upstream.invalid","address":"127.0.0.1","override":true}
# {"time":"2026-08-05T02:28:59.598Z","level":"info","msg":"request","method":"POST","path":"/api/ai-config/test","status":200,"ms":5}
# {"time":"2026-08-05T02:28:59.601Z","level":"warn","msg":"ai-provider-resolve-private-allowed","hostname":"storymachine-test-upstream.invalid","address":"127.0.0.1","override":true}
# {"time":"2026-08-05T02:28:59.605Z","level":"info","msg":"request","method":"POST","path":"/api/ai-config/test","status":200,"ms":5}
# {"time":"2026-08-05T02:28:59.608Z","level":"warn","msg":"ai-provider-resolve-private-allowed","hostname":"storymachine-test-upstream.invalid","address":"127.0.0.1","override":true}
# {"time":"2026-08-05T02:28:59.613Z","level":"info","msg":"request","method":"POST","path":"/api/ai-config/test","status":200,"ms":6}
# {"time":"2026-08-05T02:28:59.617Z","level":"warn","msg":"ai-provider-resolve-private-allowed","hostname":"storymachine-test-upstream.invalid","address":"127.0.0.1","override":true}
# {"time":"2026-08-05T02:28:59.621Z","level":"info","msg":"request","method":"POST","path":"/api/ai-config/test","status":200,"ms":5}
# {"time":"2026-08-05T02:28:59.623Z","level":"warn","msg":"ai-provider-resolve-private-allowed","hostname":"storymachine-test-upstream.invalid","address":"127.0.0.1","override":true}
# {"time":"2026-08-05T02:28:59.628Z","level":"info","msg":"request","method":"POST","path":"/api/ai-config/test","status":200,"ms":5}
# {"time":"2026-08-05T02:28:59.630Z","level":"warn","msg":"ai-provider-resolve-private-allowed","hostname":"storymachine-test-upstream.invalid","address":"127.0.0.1","override":true}
# {"time":"2026-08-05T02:28:59.634Z","level":"info","msg":"request","method":"POST","path":"/api/ai-config/test","status":200,"ms":4}
# {"time":"2026-08-05T02:28:59.636Z","level":"warn","msg":"ai-provider-resolve-private-allowed","hostname":"storymachine-test-upstream.invalid","address":"127.0.0.1","override":true}
# {"time":"2026-08-05T02:28:59.640Z","level":"info","msg":"request","method":"POST","path":"/api/ai-config/test","status":200,"ms":4}
# {"time":"2026-08-05T02:28:59.643Z","level":"warn","msg":"ai-provider-resolve-private-allowed","hostname":"storymachine-test-upstream.invalid","address":"127.0.0.1","override":true}
# {"time":"2026-08-05T02:28:59.647Z","level":"info","msg":"request","method":"POST","path":"/api/ai-config/test","status":200,"ms":5}
# {"time":"2026-08-05T02:28:59.649Z","level":"warn","msg":"ai-provider-resolve-private-allowed","hostname":"storymachine-test-upstream.invalid","address":"127.0.0.1","override":true}
# {"time":"2026-08-05T02:28:59.653Z","level":"info","msg":"request","method":"POST","path":"/api/ai-config/test","status":200,"ms":4}
# {"time":"2026-08-05T02:28:59.655Z","level":"warn","msg":"ai-provider-resolve-private-allowed","hostname":"storymachine-test-upstream.invalid","address":"127.0.0.1","override":true}
# {"time":"2026-08-05T02:28:59.659Z","level":"info","msg":"request","method":"POST","path":"/api/ai-config/test","status":200,"ms":4}
# {"time":"2026-08-05T02:28:59.662Z","level":"warn","msg":"ai-provider-resolve-private-allowed","hostname":"storymachine-test-upstream.invalid","address":"127.0.0.1","override":true}
# {"time":"2026-08-05T02:28:59.665Z","level":"info","msg":"request","method":"POST","path":"/api/ai-config/test","status":200,"ms":4}
# {"time":"2026-08-05T02:28:59.668Z","level":"warn","msg":"ai-provider-resolve-private-allowed","hostname":"storymachine-test-upstream.invalid","address":"127.0.0.1","override":true}
# {"time":"2026-08-05T02:28:59.671Z","level":"info","msg":"request","method":"POST","path":"/api/ai-config/test","status":200,"ms":3}
# {"time":"2026-08-05T02:28:59.684Z","level":"warn","msg":"ai-provider-resolve-private-allowed","hostname":"storymachine-test-upstream.invalid","address":"127.0.0.1","override":true}
# {"time":"2026-08-05T02:28:59.689Z","level":"info","msg":"request","method":"POST","path":"/api/ai-config/test","status":200,"ms":5}
# {"time":"2026-08-05T02:28:59.693Z","level":"warn","msg":"ai-provider-resolve-private-allowed","hostname":"storymachine-test-upstream.invalid","address":"127.0.0.1","override":true}
# {"time":"2026-08-05T02:28:59.696Z","level":"info","msg":"request","method":"POST","path":"/api/ai-config/test","status":200,"ms":4}
# {"time":"2026-08-05T02:28:59.699Z","level":"info","msg":"request","method":"POST","path":"/api/ai-config/test","status":429,"ms":1}
# {"time":"2026-08-05T02:28:59.701Z","level":"info","msg":"request","method":"POST","path":"/api/ai-config/test","status":429,"ms":1}
    # Subtest: rate limiting stays engaged: aiLimiter still returns 429 within 25 rapid POST /api/ai-config/test requests
    ok 4 - rate limiting stays engaged: aiLimiter still returns 429 within 25 rapid POST /api/ai-config/test requests
      ---
      duration_ms: 164.125359
      type: 'test'
      ...
    1..4
ok 2067 - POST /api/ai-config live path (mock upstream, no real keys)
  ---
  duration_ms: 797.675057
  type: 'suite'
  ...
# {"time":"2026-08-05T02:28:59.704Z","level":"warn","msg":"collab_secret_generated","message":"COLLAB_SECRET not set — generated an ephemeral per-process secret. Set COLLAB_SECRET in any multi-process or restart-prone deployment."}
# {"time":"2026-08-05T02:28:59.762Z","level":"info","msg":"request","method":"GET","path":"/api/ai-providers","status":200,"ms":9}
# Subtest: routes/ai-providers — HTTP behavior
    # Subtest: GET /api/ai-providers stays open with no admin gate (read-only, booleans only)
    ok 1 - GET /api/ai-providers stays open with no admin gate (read-only, booleans only)
      ---
      duration_ms: 54.627473
      type: 'test'
      ...
# {"time":"2026-08-05T02:28:59.794Z","level":"info","msg":"request","method":"POST","path":"/api/ai-providers/switch","status":400,"ms":4}
    # Subtest: POST /api/ai-providers/switch rejects a body missing provider with 400 (zod validation)
    ok 2 - POST /api/ai-providers/switch rejects a body missing provider with 400 (zod validation)
      ---
      duration_ms: 22.988063
      type: 'test'
      ...
# {"time":"2026-08-05T02:28:59.800Z","level":"info","msg":"request","method":"POST","path":"/api/ai-providers/switch","status":400,"ms":1}
    # Subtest: POST /api/ai-providers/switch rejects a non-string provider with 400 (zod validation)
    ok 3 - POST /api/ai-providers/switch rejects a non-string provider with 400 (zod validation)
      ---
      duration_ms: 5.874908
      type: 'test'
      ...
# {"time":"2026-08-05T02:28:59.808Z","level":"info","msg":"request","method":"POST","path":"/api/ai-providers/switch","status":400,"ms":2}
    # Subtest: POST /api/ai-providers/switch rejects an empty-string provider with 400 (zod validation)
    ok 4 - POST /api/ai-providers/switch rejects an empty-string provider with 400 (zod validation)
      ---
      duration_ms: 7.675897
      type: 'test'
      ...
# {"time":"2026-08-05T02:28:59.814Z","level":"info","msg":"request","method":"POST","path":"/api/ai-providers/switch","status":400,"ms":2}
    # Subtest: POST /api/ai-providers/switch still 400s an unknown-but-well-formed provider (route-level check, not zod)
    ok 5 - POST /api/ai-providers/switch still 400s an unknown-but-well-formed provider (route-level check, not zod)
      ---
      duration_ms: 6.391475
      type: 'test'
      ...
    1..5
ok 2068 - routes/ai-providers — HTTP behavior
  ---
  duration_ms: 1030.561783
  type: 'suite'
  ...
# {"time":"2026-08-05T02:28:59.830Z","level":"info","msg":"request","method":"POST","path":"/api/ai-providers/switch","status":400,"ms":2}
# Subtest: routes/ai-providers — ADMIN_TOKEN gate for POST /api/ai-providers/switch
    # Subtest: succeeds from loopback with ADMIN_TOKEN unset (no-fire: default dev/test behavior preserved)
    ok 1 - succeeds from loopback with ADMIN_TOKEN unset (no-fire: default dev/test behavior preserved)
      ---
      duration_ms: 11.689064
      type: 'test'
      ...
# {"time":"2026-08-05T02:28:59.837Z","level":"info","msg":"request","method":"POST","path":"/api/ai-providers/switch","status":401,"ms":1}
    # Subtest: rejects a loopback caller with no bearer token once ADMIN_TOKEN is set (fire — this is the bug: previously ANY caller, admin or not, could flip every session's AI provider config)
    ok 2 - rejects a loopback caller with no bearer token once ADMIN_TOKEN is set (fire — this is the bug: previously ANY caller, admin or not, could flip every session's AI provider config)
      ---
      duration_ms: 7.173167
      type: 'test'
      ...
# {"time":"2026-08-05T02:28:59.842Z","level":"info","msg":"request","method":"POST","path":"/api/ai-providers/switch","status":401,"ms":0}
    # Subtest: rejects a wrong bearer token once ADMIN_TOKEN is set (fire)
    ok 3 - rejects a wrong bearer token once ADMIN_TOKEN is set (fire)
      ---
      duration_ms: 5.222952
      type: 'test'
      ...
# {"time":"2026-08-05T02:28:59.850Z","level":"info","msg":"request","method":"POST","path":"/api/ai-providers/switch","status":400,"ms":1}
    # Subtest: passes the gate with the correct bearer token once ADMIN_TOKEN is set (no-fire: reaches the route's own provider-validation logic, never a 401)
    ok 4 - passes the gate with the correct bearer token once ADMIN_TOKEN is set (no-fire: reaches the route's own provider-validation logic, never a 401)
      ---
      duration_ms: 8.830799
      type: 'test'
      ...
# {"time":"2026-08-05T02:28:59.856Z","level":"info","msg":"request","method":"GET","path":"/api/ai-providers","status":200,"ms":1}
    # Subtest: GET /api/ai-providers stays open regardless of ADMIN_TOKEN (no-fire: the read route is never gated)
    ok 5 - GET /api/ai-providers stays open regardless of ADMIN_TOKEN (no-fire: the read route is never gated)
      ---
      duration_ms: 6.570869
      type: 'test'
      ...
    1..5
ok 2069 - routes/ai-providers — ADMIN_TOKEN gate for POST /api/ai-providers/switch
  ---
  duration_ms: 42.289954
  type: 'suite'
  ...
# {"time":"2026-08-05T02:29:00.101Z","level":"warn","msg":"collab_secret_generated","message":"COLLAB_SECRET not set — generated an ephemeral per-process secret. Set COLLAB_SECRET in any multi-process or restart-prone deployment."}
# {"time":"2026-08-05T02:29:00.144Z","level":"info","msg":"request","method":"GET","path":"/health","status":200,"ms":6}
# Subtest: routes/config — HTTP behavior
    # Subtest: GET /health returns 200 with status ok
    ok 1 - GET /health returns 200 with status ok
      ---
      duration_ms: 48.994294
      type: 'test'
      ...
# {"time":"2026-08-05T02:29:00.170Z","level":"info","msg":"request","method":"GET","path":"/health","status":200,"ms":1}
    # Subtest: GET /health includes version and commit, with safe fallback values in the keyless test env
    ok 2 - GET /health includes version and commit, with safe fallback values in the keyless test env
      ---
      duration_ms: 8.509403
      type: 'test'
      ...
# {"time":"2026-08-05T02:29:00.178Z","level":"info","msg":"request","method":"GET","path":"/api/ai-config","status":200,"ms":4}
    # Subtest: GET /api/ai-config returns 200 and never leaks a key value, only boolean flags
    ok 3 - GET /api/ai-config returns 200 and never leaks a key value, only boolean flags
      ---
      duration_ms: 7.472067
      type: 'test'
      ...
# {"time":"2026-08-05T02:29:00.182Z","level":"info","msg":"request","method":"GET","path":"/api/ai-config","status":200,"ms":1}
    # Subtest: GET /api/ai-config exposes llmReady as a boolean and still never leaks key material
    ok 4 - GET /api/ai-config exposes llmReady as a boolean and still never leaks key material
      ---
      duration_ms: 4.509001
      type: 'test'
      ...
# {"time":"2026-08-05T02:29:00.215Z","level":"info","msg":"request","method":"POST","path":"/api/ai-config","status":400,"ms":8}
    # Subtest: POST /api/ai-config rejects an invalid body with 400 (zod validation)
    ok 5 - POST /api/ai-config rejects an invalid body with 400 (zod validation)
      ---
      duration_ms: 34.024375
      type: 'test'
      ...
# {"time":"2026-08-05T02:29:00.232Z","level":"info","msg":"request","method":"POST","path":"/api/outline","status":400,"ms":6}
    # Subtest: POST /api/outline rejects a body without a beats array with 400 (zod validation)
    ok 6 - POST /api/outline rejects a body without a beats array with 400 (zod validation)
      ---
      duration_ms: 31.932443
      type: 'test'
      ...
# {"time":"2026-08-05T02:29:00.273Z","level":"info","msg":"request","method":"POST","path":"/api/outline","status":200,"ms":17}
    # Subtest: POST /api/outline accepts a well-formed beats array with 200
    ok 7 - POST /api/outline accepts a well-formed beats array with 200
      ---
      duration_ms: 24.17819
      type: 'test'
      ...
# {"time":"2026-08-05T02:29:00.285Z","level":"info","msg":"request","method":"POST","path":"/api/scriptide/save","status":200,"ms":8}
# {"time":"2026-08-05T02:29:00.291Z","level":"info","msg":"request","method":"GET","path":"/api/session/export","status":200,"ms":3}
# {"time":"2026-08-05T02:29:00.297Z","level":"info","msg":"request","method":"POST","path":"/api/session/import","status":410,"ms":1}
# {"time":"2026-08-05T02:29:00.301Z","level":"info","msg":"request","method":"GET","path":"/api/scriptide/load","status":200,"ms":2}
    # Subtest: GET /api/session/export labels an allowlisted observation, never a project backup
    ok 8 - GET /api/session/export labels an allowlisted observation, never a project backup
      ---
      duration_ms: 28.038423
      type: 'test'
      ...
# {"time":"2026-08-05T02:29:00.306Z","level":"info","msg":"request","method":"POST","path":"/api/session/import","status":410,"ms":1}
    # Subtest: POST /api/session/import is retired regardless of the legacy body shape
    ok 9 - POST /api/session/import is retired regardless of the legacy body shape
      ---
      duration_ms: 4.218805
      type: 'test'
      ...
# {"time":"2026-08-05T02:29:00.314Z","level":"info","msg":"request","method":"POST","path":"/api/story-tone","status":200,"ms":5}
# {"time":"2026-08-05T02:29:00.321Z","level":"info","msg":"request","method":"GET","path":"/api/story-config","status":200,"ms":1}
    # Subtest: invalid JSON for the retired importer is rejected before routing and preserves existing state
    ok 10 - invalid JSON for the retired importer is rejected before routing and preserves existing state
      ---
      duration_ms: 14.682815
      type: 'test'
      ...
# {"time":"2026-08-05T02:29:00.324Z","level":"info","msg":"request","method":"GET","path":"/api/pacing-target","status":400,"ms":1}
    # Subtest: GET /api/pacing-target rejects a malformed sessionId with 400
    ok 11 - GET /api/pacing-target rejects a malformed sessionId with 400
      ---
      duration_ms: 2.761188
      type: 'test'
      ...
# {"time":"2026-08-05T02:29:00.332Z","level":"info","msg":"request","method":"POST","path":"/api/story-tone","status":200,"ms":5}
    # Subtest: POST /api/story-tone accepts a valid tone with 200 and echoes it back
    ok 12 - POST /api/story-tone accepts a valid tone with 200 and echoes it back
      ---
      duration_ms: 8.069804
      type: 'test'
      ...
# {"time":"2026-08-05T02:29:00.336Z","level":"info","msg":"request","method":"POST","path":"/api/story-tone","status":400,"ms":1}
    # Subtest: POST /api/story-tone rejects an unknown tone with 400 (zod validation)
    ok 13 - POST /api/story-tone rejects an unknown tone with 400 (zod validation)
      ---
      duration_ms: 3.72748
      type: 'test'
      ...
# {"time":"2026-08-05T02:29:00.343Z","level":"info","msg":"request","method":"POST","path":"/api/story-tone","status":200,"ms":5}
# {"time":"2026-08-05T02:29:00.346Z","level":"info","msg":"request","method":"GET","path":"/api/story-config","status":200,"ms":1}
# {"time":"2026-08-05T02:29:00.349Z","level":"info","msg":"request","method":"GET","path":"/api/session/export","status":200,"ms":2}
    # Subtest: story_tone persists in IllusionState and rides GET /api/session/export
    ok 14 - story_tone persists in IllusionState and rides GET /api/session/export
      ---
      duration_ms: 12.799095
      type: 'test'
      ...
# {"time":"2026-08-05T02:29:00.356Z","level":"info","msg":"request","method":"POST","path":"/api/character-arc-mode","status":200,"ms":5}
# {"time":"2026-08-05T02:29:00.358Z","level":"info","msg":"request","method":"GET","path":"/api/story-config","status":200,"ms":1}
# {"time":"2026-08-05T02:29:00.361Z","level":"info","msg":"request","method":"GET","path":"/api/session/export","status":200,"ms":1}
    # Subtest: POST /api/character-arc-mode accepts a valid mode with 200 and persists it through story-config and export
    ok 15 - POST /api/character-arc-mode accepts a valid mode with 200 and persists it through story-config and export
      ---
      duration_ms: 12.008283
      type: 'test'
      ...
# {"time":"2026-08-05T02:29:00.364Z","level":"info","msg":"request","method":"POST","path":"/api/character-arc-mode","status":400,"ms":1}
    # Subtest: POST /api/character-arc-mode rejects an unknown mode with 400 naming valid modes
    ok 16 - POST /api/character-arc-mode rejects an unknown mode with 400 naming valid modes
      ---
      duration_ms: 3.224401
      type: 'test'
      ...
# {"time":"2026-08-05T02:29:00.367Z","level":"info","msg":"request","method":"POST","path":"/api/character-arc-mode","status":400,"ms":0}
    # Subtest: POST /api/character-arc-mode rejects a missing mode with 400
    ok 17 - POST /api/character-arc-mode rejects a missing mode with 400
      ---
      duration_ms: 2.835197
      type: 'test'
      ...
# {"time":"2026-08-05T02:29:00.373Z","level":"info","msg":"request","method":"GET","path":"/api/story-config","status":200,"ms":4}
    # Subtest: GET /api/story-config reports character_arc_mode: null when never set
    ok 18 - GET /api/story-config reports character_arc_mode: null when never set
      ---
      duration_ms: 6.078948
      type: 'test'
      ...
# {"time":"2026-08-05T02:29:00.381Z","level":"info","msg":"request","method":"POST","path":"/api/story-tone","status":200,"ms":5}
# {"time":"2026-08-05T02:29:00.383Z","level":"info","msg":"request","method":"GET","path":"/api/story-config","status":200,"ms":1}
# {"time":"2026-08-05T02:29:00.385Z","level":"info","msg":"request","method":"GET","path":"/health","status":200,"ms":1}
# {"time":"2026-08-05T02:29:00.388Z","level":"info","msg":"request","method":"POST","path":"/api/session/import","status":410,"ms":1}
# {"time":"2026-08-05T02:29:00.390Z","level":"info","msg":"request","method":"GET","path":"/api/story-config","status":200,"ms":1}
# {"time":"2026-08-05T02:29:00.391Z","level":"info","msg":"request","method":"GET","path":"/health","status":200,"ms":0}
    # Subtest: POST /api/session/import leaves existing state unchanged and never creates the legacy session
    ok 19 - POST /api/session/import leaves existing state unchanged and never creates the legacy session
      ---
      duration_ms: 19.500456
      type: 'test'
      ...
    1..19
ok 2070 - routes/config — HTTP behavior
  ---
  duration_ms: 738.300061
  type: 'suite'
  ...
# {"time":"2026-08-05T02:29:00.406Z","level":"info","msg":"request","method":"POST","path":"/api/ai-config","status":200,"ms":1}
# Subtest: routes/config — ADMIN_TOKEN gate for AI config writes
    # Subtest: POST /api/ai-config succeeds from loopback with ADMIN_TOKEN unset (no-fire: default dev/test behavior preserved)
    ok 1 - POST /api/ai-config succeeds from loopback with ADMIN_TOKEN unset (no-fire: default dev/test behavior preserved)
      ---
      duration_ms: 10.358525
      type: 'test'
      ...
# {"time":"2026-08-05T02:29:00.411Z","level":"info","msg":"request","method":"GET","path":"/api/ai-config","status":200,"ms":1}
    # Subtest: GET /api/ai-config stays open regardless of ADMIN_TOKEN (no-fire: the read route is never gated)
    ok 2 - GET /api/ai-config stays open regardless of ADMIN_TOKEN (no-fire: the read route is never gated)
      ---
      duration_ms: 5.193641
      type: 'test'
      ...
# {"time":"2026-08-05T02:29:00.415Z","level":"info","msg":"request","method":"POST","path":"/api/ai-config","status":401,"ms":1}
    # Subtest: POST /api/ai-config rejects a loopback caller with no bearer token once ADMIN_TOKEN is set (fire)
    ok 3 - POST /api/ai-config rejects a loopback caller with no bearer token once ADMIN_TOKEN is set (fire)
      ---
      duration_ms: 3.894003
      type: 'test'
      ...
# {"time":"2026-08-05T02:29:00.419Z","level":"info","msg":"request","method":"POST","path":"/api/ai-config","status":401,"ms":1}
    # Subtest: POST /api/ai-config rejects a wrong bearer token once ADMIN_TOKEN is set (fire)
    ok 4 - POST /api/ai-config rejects a wrong bearer token once ADMIN_TOKEN is set (fire)
      ---
      duration_ms: 3.175202
      type: 'test'
      ...
# {"time":"2026-08-05T02:29:00.422Z","level":"info","msg":"request","method":"POST","path":"/api/ai-config","status":200,"ms":1}
    # Subtest: POST /api/ai-config succeeds with the correct bearer token once ADMIN_TOKEN is set (no-fire)
    ok 5 - POST /api/ai-config succeeds with the correct bearer token once ADMIN_TOKEN is set (no-fire)
      ---
      duration_ms: 2.996218
      type: 'test'
      ...
# {"time":"2026-08-05T02:29:00.426Z","level":"info","msg":"request","method":"POST","path":"/api/ai-config/test","status":401,"ms":2}
    # Subtest: POST /api/ai-config/test is gated the same way once ADMIN_TOKEN is set (fire)
    ok 6 - POST /api/ai-config/test is gated the same way once ADMIN_TOKEN is set (fire)
      ---
      duration_ms: 4.027936
      type: 'test'
      ...
    1..6
ok 2071 - routes/config — ADMIN_TOKEN gate for AI config writes
  ---
  duration_ms: 32.102626
  type: 'suite'
  ...
# {"time":"2026-08-05T02:29:00.437Z","level":"warn","msg":"ai_config_test_failed","message":"upstream rejected Authorization: Bearer [redacted] (invalid_api_key=sk-[redacted])","errorClass":"Error"}
# {"time":"2026-08-05T02:29:00.438Z","level":"info","msg":"request","method":"POST","path":"/api/ai-config/test","status":502,"ms":4}
# Subtest: routes/config — POST /api/ai-config/test never leaks a secret to either sink
    # Subtest: a provider error echoing a bearer token and an sk- key is redacted in BOTH the HTTP response and the log line
    ok 1 - a provider error echoing a bearer token and an sk- key is redacted in BOTH the HTTP response and the log line
      ---
      duration_ms: 10.681636
      type: 'test'
      ...
    1..1
ok 2072 - routes/config — POST /api/ai-config/test never leaks a secret to either sink
  ---
  duration_ms: 12.723553
  type: 'suite'
  ...
# {"time":"2026-08-05T02:29:00.804Z","level":"warn","msg":"collab_secret_generated","message":"COLLAB_SECRET not set — generated an ephemeral per-process secret. Set COLLAB_SECRET in any multi-process or restart-prone deployment."}
# {"time":"2026-08-05T02:29:00.883Z","level":"info","msg":"product_event","name":"doctor_run"}
# {"time":"2026-08-05T02:29:00.887Z","level":"info","msg":"request","method":"POST","path":"/api/events","status":202,"ms":17}
# {"time":"2026-08-05T02:29:00.910Z","level":"info","msg":"product_event","name":"export_report"}
# {"time":"2026-08-05T02:29:00.911Z","level":"info","msg":"request","method":"POST","path":"/api/events","status":202,"ms":4}
# {"time":"2026-08-05T02:29:00.916Z","level":"info","msg":"product_event","name":"first_report"}
# {"time":"2026-08-05T02:29:00.917Z","level":"info","msg":"request","method":"POST","path":"/api/events","status":202,"ms":2}
# {"time":"2026-08-05T02:29:00.921Z","level":"info","msg":"product_event","name":"verify_run"}
# {"time":"2026-08-05T02:29:00.921Z","level":"info","msg":"request","method":"POST","path":"/api/events","status":202,"ms":1}
# {"time":"2026-08-05T02:29:00.926Z","level":"info","msg":"request","method":"GET","path":"/api/events/summary","status":200,"ms":2}
# Subtest: POST /api/events — accepting product events
    # Subtest: accepts each event in the closed vocabulary and counts it
    ok 1 - accepts each event in the closed vocabulary and counts it
      ---
      duration_ms: 111.225166
      type: 'test'
      ...
# {"time":"2026-08-05T02:29:00.933Z","level":"info","msg":"product_event","name":"doctor_run","sessionId":"abc-123","props":{"source":"draft","elapsedMs":1234,"verified":true}}
# {"time":"2026-08-05T02:29:00.934Z","level":"info","msg":"request","method":"POST","path":"/api/events","status":202,"ms":2}
# {"time":"2026-08-05T02:29:00.937Z","level":"info","msg":"request","method":"GET","path":"/api/events/summary","status":200,"ms":1}
    # Subtest: accepts a bounded scalar props record and an optional sessionId
    ok 2 - accepts a bounded scalar props record and an optional sessionId
      ---
      duration_ms: 10.022716
      type: 'test'
      ...
    1..2
ok 2073 - POST /api/events — accepting product events
  ---
  duration_ms: 194.876736
  type: 'suite'
  ...
# {"time":"2026-08-05T02:29:00.944Z","level":"info","msg":"request","method":"POST","path":"/api/events","status":400,"ms":2}
# {"time":"2026-08-05T02:29:00.947Z","level":"info","msg":"request","method":"GET","path":"/api/events/summary","status":200,"ms":1}
# Subtest: POST /api/events — the vocabulary is closed
    # Subtest: rejects an event name outside PRODUCT_EVENT_NAMES
    ok 1 - rejects an event name outside PRODUCT_EVENT_NAMES
      ---
      duration_ms: 10.880191
      type: 'test'
      ...
# {"time":"2026-08-05T02:29:00.954Z","level":"info","msg":"request","method":"POST","path":"/api/events","status":400,"ms":1}
    # Subtest: rejects a missing name outright
    ok 2 - rejects a missing name outright
      ---
      duration_ms: 5.334486
      type: 'test'
      ...
    1..2
ok 2074 - POST /api/events — the vocabulary is closed
  ---
  duration_ms: 16.711951
  type: 'suite'
  ...
# {"time":"2026-08-05T02:29:00.963Z","level":"info","msg":"request","method":"POST","path":"/api/events","status":400,"ms":2}
# {"time":"2026-08-05T02:29:00.967Z","level":"info","msg":"request","method":"GET","path":"/api/events/summary","status":200,"ms":0}
# Subtest: POST /api/events — the payload is privacy-bounded
    # Subtest: rejects a props value long enough to carry script text
    ok 1 - rejects a props value long enough to carry script text
      ---
      duration_ms: 12.993045
      type: 'test'
      ...
# {"time":"2026-08-05T02:29:00.974Z","level":"info","msg":"request","method":"POST","path":"/api/events","status":400,"ms":2}
    # Subtest: rejects a props record with more than 8 keys
    ok 2 - rejects a props record with more than 8 keys
      ---
      duration_ms: 5.703196
      type: 'test'
      ...
# {"time":"2026-08-05T02:29:00.978Z","level":"info","msg":"request","method":"POST","path":"/api/events","status":400,"ms":1}
    # Subtest: rejects a non-scalar props value
    ok 3 - rejects a non-scalar props value
      ---
      duration_ms: 4.683935
      type: 'test'
      ...
    1..3
ok 2075 - POST /api/events — the payload is privacy-bounded
  ---
  duration_ms: 23.969334
  type: 'suite'
  ...
# {"time":"2026-08-05T02:29:00.982Z","level":"info","msg":"request","method":"GET","path":"/api/events/summary","status":200,"ms":1}
# Subtest: GET /api/events/summary — the exit-gate metric
    # Subtest: reports exportRate as null (not 0) before any Doctor run
    ok 1 - reports exportRate as null (not 0) before any Doctor run
      ---
      duration_ms: 3.525613
      type: 'test'
      ...
# {"time":"2026-08-05T02:29:00.986Z","level":"info","msg":"product_event","name":"doctor_run"}
# {"time":"2026-08-05T02:29:00.986Z","level":"info","msg":"request","method":"POST","path":"/api/events","status":202,"ms":0}
# {"time":"2026-08-05T02:29:00.989Z","level":"info","msg":"product_event","name":"doctor_run"}
# {"time":"2026-08-05T02:29:00.989Z","level":"info","msg":"request","method":"POST","path":"/api/events","status":202,"ms":1}
# {"time":"2026-08-05T02:29:00.991Z","level":"info","msg":"product_event","name":"doctor_run"}
# {"time":"2026-08-05T02:29:00.991Z","level":"info","msg":"request","method":"POST","path":"/api/events","status":202,"ms":1}
# {"time":"2026-08-05T02:29:00.993Z","level":"info","msg":"product_event","name":"doctor_run"}
# {"time":"2026-08-05T02:29:00.994Z","level":"info","msg":"request","method":"POST","path":"/api/events","status":202,"ms":1}
# {"time":"2026-08-05T02:29:00.995Z","level":"info","msg":"product_event","name":"export_report"}
# {"time":"2026-08-05T02:29:00.996Z","level":"info","msg":"request","method":"POST","path":"/api/events","status":202,"ms":1}
# {"time":"2026-08-05T02:29:00.997Z","level":"info","msg":"request","method":"GET","path":"/api/events/summary","status":200,"ms":0}
    # Subtest: computes exportRate as exports / doctor runs
    ok 2 - computes exportRate as exports / doctor runs
      ---
      duration_ms: 15.301711
      type: 'test'
      ...
# {"time":"2026-08-05T02:29:01.001Z","level":"info","msg":"product_event","name":"doctor_run"}
# {"time":"2026-08-05T02:29:01.002Z","level":"info","msg":"request","method":"POST","path":"/api/events","status":202,"ms":1}
# {"time":"2026-08-05T02:29:01.004Z","level":"info","msg":"product_event","name":"export_report"}
# {"time":"2026-08-05T02:29:01.004Z","level":"info","msg":"request","method":"POST","path":"/api/events","status":202,"ms":1}
# {"time":"2026-08-05T02:29:01.006Z","level":"info","msg":"product_event","name":"export_report"}
# {"time":"2026-08-05T02:29:01.006Z","level":"info","msg":"request","method":"POST","path":"/api/events","status":202,"ms":0}
# {"time":"2026-08-05T02:29:01.008Z","level":"info","msg":"request","method":"GET","path":"/api/events/summary","status":200,"ms":1}
    # Subtest: reports an exportRate above 1 honestly when a run is exported more than once
    ok 3 - reports an exportRate above 1 honestly when a run is exported more than once
      ---
      duration_ms: 10.401124
      type: 'test'
      ...
# {"time":"2026-08-05T02:29:01.011Z","level":"info","msg":"product_event","name":"first_report","props":{"elapsedMs":1000}}
# {"time":"2026-08-05T02:29:01.012Z","level":"info","msg":"request","method":"POST","path":"/api/events","status":202,"ms":1}
# {"time":"2026-08-05T02:29:01.014Z","level":"info","msg":"product_event","name":"first_report","props":{"elapsedMs":3000}}
# {"time":"2026-08-05T02:29:01.014Z","level":"info","msg":"request","method":"POST","path":"/api/events","status":202,"ms":1}
# {"time":"2026-08-05T02:29:01.016Z","level":"info","msg":"request","method":"GET","path":"/api/events/summary","status":200,"ms":1}
    # Subtest: averages first_report elapsedMs across sessions
    ok 4 - averages first_report elapsedMs across sessions
      ---
      duration_ms: 7.484925
      type: 'test'
      ...
# {"time":"2026-08-05T02:29:01.019Z","level":"info","msg":"product_event","name":"first_report","props":{"elapsedMs":-500}}
# {"time":"2026-08-05T02:29:01.019Z","level":"info","msg":"request","method":"POST","path":"/api/events","status":202,"ms":1}
# {"time":"2026-08-05T02:29:01.021Z","level":"info","msg":"product_event","name":"first_report","props":{"elapsedMs":"soon"}}
# {"time":"2026-08-05T02:29:01.022Z","level":"info","msg":"request","method":"POST","path":"/api/events","status":202,"ms":1}
# {"time":"2026-08-05T02:29:01.024Z","level":"info","msg":"product_event","name":"first_report"}
# {"time":"2026-08-05T02:29:01.024Z","level":"info","msg":"request","method":"POST","path":"/api/events","status":202,"ms":1}
# {"time":"2026-08-05T02:29:01.027Z","level":"info","msg":"request","method":"GET","path":"/api/events/summary","status":200,"ms":1}
    # Subtest: ignores a first_report with a negative or non-numeric elapsedMs
    ok 5 - ignores a first_report with a negative or non-numeric elapsedMs
      ---
      duration_ms: 10.743662
      type: 'test'
      ...
# {"time":"2026-08-05T02:29:01.030Z","level":"info","msg":"product_event","name":"doctor_run","sessionId":"session-should-not-leak","props":{"source":"draft"}}
# {"time":"2026-08-05T02:29:01.030Z","level":"info","msg":"request","method":"POST","path":"/api/events","status":202,"ms":0}
# {"time":"2026-08-05T02:29:01.033Z","level":"info","msg":"request","method":"GET","path":"/api/events/summary","status":200,"ms":2}
    # Subtest: does not expose individual events or session ids
    ok 6 - does not expose individual events or session ids
      ---
      duration_ms: 6.07796
      type: 'test'
      ...
    1..6
ok 2076 - GET /api/events/summary — the exit-gate metric
  ---
  duration_ms: 54.201039
  type: 'suite'
  ...
# {"time":"2026-08-05T02:29:01.104Z","level":"warn","msg":"collab_secret_generated","message":"COLLAB_SECRET not set — generated an ephemeral per-process secret. Set COLLAB_SECRET in any multi-process or restart-prone deployment."}
# {"time":"2026-08-05T02:29:02.687Z","level":"info","msg":"request","method":"POST","path":"/api/export/coverage","status":200,"ms":1520}
# Subtest: routes/export/coverage — HTTP behavior
    # Subtest: POST a valid Fountain body returns 200 text/html with an attachment filename and a rendered report
    ok 1 - POST a valid Fountain body returns 200 text/html with an attachment filename and a rendered report
      ---
      duration_ms: 1581.623177
      type: 'test'
      ...
# {"time":"2026-08-05T02:29:02.716Z","level":"info","msg":"request","method":"POST","path":"/api/export/coverage","status":200,"ms":8}
    # Subtest: POST a valid Final Draft (.fdx) body returns 200 with a rendered report
    ok 2 - POST a valid Final Draft (.fdx) body returns 200 with a rendered report
      ---
      duration_ms: 18.863871
      type: 'test'
      ...
# {"time":"2026-08-05T02:29:02.723Z","level":"info","msg":"request","method":"POST","path":"/api/export/coverage","status":400,"ms":1}
    # Subtest: POST a body with both fountain and fdx returns 400
    ok 3 - POST a body with both fountain and fdx returns 400
      ---
      duration_ms: 7.342108
      type: 'test'
      ...
# {"time":"2026-08-05T02:29:02.729Z","level":"info","msg":"request","method":"POST","path":"/api/export/coverage","status":400,"ms":1}
    # Subtest: POST a body with neither fountain nor fdx returns 400
    ok 4 - POST a body with neither fountain nor fdx returns 400
      ---
      duration_ms: 5.350147
      type: 'test'
      ...
# {"time":"2026-08-05T02:29:02.735Z","level":"info","msg":"request","method":"POST","path":"/api/export/coverage","status":400,"ms":1}
    # Subtest: POST a malformed fdx (no <Paragraph> elements) returns 400
    ok 5 - POST a malformed fdx (no <Paragraph> elements) returns 400
      ---
      duration_ms: 5.683653
      type: 'test'
      ...
# {"time":"2026-08-05T02:29:02.741Z","level":"info","msg":"request","method":"POST","path":"/api/export/coverage","status":400,"ms":2}
    # Subtest: POST an empty-string fountain returns 400 (zod .min(1))
    ok 6 - POST an empty-string fountain returns 400 (zod .min(1))
      ---
      duration_ms: 4.883407
      type: 'test'
      ...
# {"time":"2026-08-05T02:29:03.865Z","level":"info","msg":"request","method":"POST","path":"/api/export/coverage","status":422,"ms":1120}
    # Subtest: refuses to export coverage from a scene-truncated partial analysis
    ok 7 - refuses to export coverage from a scene-truncated partial analysis
      ---
      duration_ms: 1128.521347
      type: 'test'
      ...
# {"time":"2026-08-05T02:29:03.878Z","level":"info","msg":"request","method":"POST","path":"/api/export/coverage","status":200,"ms":4}
    # Subtest: does not leak an unescaped title into the exported HTML
    ok 8 - does not leak an unescaped title into the exported HTML
      ---
      duration_ms: 9.394568
      type: 'test'
      ...
    1..8
ok 2077 - routes/export/coverage — HTTP behavior
  ---
  duration_ms: 3759.681121
  type: 'suite'
  ...
# {"time":"2026-08-05T02:29:01.531Z","level":"warn","msg":"collab_secret_generated","message":"COLLAB_SECRET not set — generated an ephemeral per-process secret. Set COLLAB_SECRET in any multi-process or restart-prone deployment."}
# {"time":"2026-08-05T02:29:03.037Z","level":"info","msg":"request","method":"POST","path":"/api/export/slate","status":200,"ms":1446}
# {"time":"2026-08-05T02:29:03.062Z","level":"info","msg":"request","method":"POST","path":"/api/export/slate","status":200,"ms":4}
# Subtest: routes/export/slate — HTTP behavior
    # Subtest: ranks scripts by health, descending, and is deterministic across repeat calls
    ok 1 - ranks scripts by health, descending, and is deterministic across repeat calls
      ---
      duration_ms: 1521.049934
      type: 'test'
      ...
# {"time":"2026-08-05T02:29:04.166Z","level":"info","msg":"request","method":"POST","path":"/api/export/slate","status":200,"ms":1096}
    # Subtest: holds a scene-truncated draft out of the ranked slate and discloses its scope
    ok 2 - holds a scene-truncated draft out of the ranked slate and discloses its scope
      ---
      duration_ms: 1103.338229
      type: 'test'
      ...
# {"time":"2026-08-05T02:29:04.174Z","level":"info","msg":"request","method":"POST","path":"/api/export/slate","status":400,"ms":2}
    # Subtest: returns 400 for a single-script slate (min 2)
    ok 3 - returns 400 for a single-script slate (min 2)
      ---
      duration_ms: 6.463999
      type: 'test'
      ...
# {"time":"2026-08-05T02:29:04.181Z","level":"info","msg":"request","method":"POST","path":"/api/export/slate","status":400,"ms":1}
    # Subtest: returns 400 for a slate over 20 scripts
    ok 4 - returns 400 for a slate over 20 scripts
      ---
      duration_ms: 7.33956
      type: 'test'
      ...
# {"time":"2026-08-05T02:29:04.202Z","level":"info","msg":"request","method":"POST","path":"/api/export/slate","status":400,"ms":2}
    # Subtest: returns 400 when the combined fountain length exceeds the 900,000-char cap
    ok 5 - returns 400 when the combined fountain length exceeds the 900,000-char cap
      ---
      duration_ms: 21.829199
      type: 'test'
      ...
# {"time":"2026-08-05T02:29:04.248Z","level":"info","msg":"request","method":"POST","path":"/api/export/slate","status":200,"ms":40}
    # Subtest: format:"html" (body) returns a standalone comparative HTML table as an attachment
    ok 6 - format:"html" (body) returns a standalone comparative HTML table as an attachment
      ---
      duration_ms: 45.200072
      type: 'test'
      ...
# {"time":"2026-08-05T02:29:04.257Z","level":"info","msg":"request","method":"POST","path":"/api/export/slate","status":200,"ms":2}
    # Subtest: format=html via query string also returns the HTML variant
    ok 7 - format=html via query string also returns the HTML variant
      ---
      duration_ms: 8.084351
      type: 'test'
      ...
# {"time":"2026-08-05T02:29:04.265Z","level":"info","msg":"request","method":"POST","path":"/api/export/slate","status":200,"ms":3}
    # Subtest: escapes a hostile title in the HTML variant rather than injecting it verbatim
    ok 8 - escapes a hostile title in the HTML variant rather than injecting it verbatim
      ---
      duration_ms: 18.41743
      type: 'test'
      ...
    1..8
ok 2078 - routes/export/slate — HTTP behavior
  ---
  duration_ms: 3644.561329
  type: 'suite'
  ...
# {"time":"2026-08-05T02:29:04.304Z","level":"info","msg":"request","method":"POST","path":"/api/export/breakdown","status":200,"ms":15}
# Subtest: routes/export/breakdown — HTTP behavior
    # Subtest: POST fountain returns a CSV attachment with header + one row per scene
    ok 1 - POST fountain returns a CSV attachment with header + one row per scene
      ---
      duration_ms: 26.224001
      type: 'test'
      ...
# {"time":"2026-08-05T02:29:04.312Z","level":"info","msg":"request","method":"POST","path":"/api/export/breakdown","status":200,"ms":2}
    # Subtest: escapes a comma-and-quote slug correctly in the CSV body
    ok 2 - escapes a comma-and-quote slug correctly in the CSV body
      ---
      duration_ms: 8.316193
      type: 'test'
      ...
# {"time":"2026-08-05T02:29:04.322Z","level":"info","msg":"request","method":"POST","path":"/api/export/breakdown","status":200,"ms":5}
    # Subtest: accepts an .fdx body via the same exactly-one-of contract as /doctor and /coverage
    ok 3 - accepts an .fdx body via the same exactly-one-of contract as /doctor and /coverage
      ---
      duration_ms: 8.226751
      type: 'test'
      ...
# {"time":"2026-08-05T02:29:04.327Z","level":"info","msg":"request","method":"POST","path":"/api/export/breakdown","status":400,"ms":1}
    # Subtest: returns 400 when both fountain and fdx are provided
    ok 4 - returns 400 when both fountain and fdx are provided
      ---
      duration_ms: 4.851295
      type: 'test'
      ...
# {"time":"2026-08-05T02:29:04.331Z","level":"info","msg":"request","method":"POST","path":"/api/export/breakdown","status":400,"ms":1}
    # Subtest: returns 400 when neither fountain nor fdx is provided
    ok 5 - returns 400 when neither fountain nor fdx is provided
      ---
      duration_ms: 4.071807
      type: 'test'
      ...
    1..5
ok 2079 - routes/export/breakdown — HTTP behavior
  ---
  duration_ms: 54.062952
  type: 'suite'
  ...
# {"time":"2026-08-05T02:29:04.346Z","level":"info","msg":"request","method":"POST","path":"/api/export/pitchkit","status":200,"ms":7}
# Subtest: routes/export/pitchkit — HTTP behavior
    # Subtest: POST fountain returns 200 standalone HTML with tension-curve and character-map SVGs, keyless
    ok 1 - POST fountain returns 200 standalone HTML with tension-curve and character-map SVGs, keyless
      ---
      duration_ms: 12.67045
      type: 'test'
      ...
# {"time":"2026-08-05T02:29:04.353Z","level":"info","msg":"request","method":"POST","path":"/api/export/pitchkit","status":200,"ms":3}
    # Subtest: accepts an .fdx body via the same exactly-one-of contract
    ok 2 - accepts an .fdx body via the same exactly-one-of contract
      ---
      duration_ms: 6.934638
      type: 'test'
      ...
# {"time":"2026-08-05T02:29:04.358Z","level":"info","msg":"request","method":"POST","path":"/api/export/pitchkit","status":422,"ms":2}
    # Subtest: refuses to export a pitch kit from a scene-truncated partial analysis
    ok 3 - refuses to export a pitch kit from a scene-truncated partial analysis
      ---
      duration_ms: 4.682463
      type: 'test'
      ...
# {"time":"2026-08-05T02:29:04.363Z","level":"info","msg":"request","method":"POST","path":"/api/export/pitchkit","status":200,"ms":2}
    # Subtest: escapes a hostile title rather than injecting it verbatim
    ok 4 - escapes a hostile title rather than injecting it verbatim
      ---
      duration_ms: 5.803731
      type: 'test'
      ...
# {"time":"2026-08-05T02:29:04.381Z","level":"info","msg":"request","method":"POST","path":"/api/export/pitchkit","status":200,"ms":15}
    # Subtest: escapes an apostrophe-bearing character name in the character map without breaking the SVG
    ok 5 - escapes an apostrophe-bearing character name in the character map without breaking the SVG
      ---
      duration_ms: 17.379628
      type: 'test'
      ...
# {"time":"2026-08-05T02:29:04.389Z","level":"info","msg":"request","method":"POST","path":"/api/export/pitchkit","status":400,"ms":1}
    # Subtest: returns 400 when both fountain and fdx are provided
    ok 6 - returns 400 when both fountain and fdx are provided
      ---
      duration_ms: 7.959348
      type: 'test'
      ...
# {"time":"2026-08-05T02:29:04.398Z","level":"info","msg":"request","method":"POST","path":"/api/export/pitchkit","status":400,"ms":1}
    # Subtest: returns 400 when neither fountain nor fdx is provided
    ok 7 - returns 400 when neither fountain nor fdx is provided
      ---
      duration_ms: 8.482034
      type: 'test'
      ...
    1..7
ok 2080 - routes/export/pitchkit — HTTP behavior
  ---
  duration_ms: 66.257083
  type: 'suite'
  ...
# {"time":"2026-08-05T02:29:03.390Z","level":"warn","msg":"collab_secret_generated","message":"COLLAB_SECRET not set — generated an ephemeral per-process secret. Set COLLAB_SECRET in any multi-process or restart-prone deployment."}
# {"time":"2026-08-05T02:29:03.504Z","level":"info","msg":"request","method":"POST","path":"/api/export/verify","status":200,"ms":14}
# Subtest: routes/export/verify — HTTP behavior
    # Subtest: matching everything -> verified true, checked lists every provided field
    ok 1 - matching everything -> verified true, checked lists every provided field
      ---
      duration_ms: 70.276844
      type: 'test'
      ...
# {"time":"2026-08-05T02:29:03.524Z","level":"info","msg":"request","method":"POST","path":"/api/export/verify","status":200,"ms":4}
    # Subtest: tampered health -> verified false with the single mismatch named, other fields stay checked and clean
    ok 2 - tampered health -> verified false with the single mismatch named, other fields stay checked and clean
      ---
      duration_ms: 11.961278
      type: 'test'
      ...
# {"time":"2026-08-05T02:29:03.531Z","level":"info","msg":"request","method":"POST","path":"/api/export/verify","status":200,"ms":2}
    # Subtest: wrong contentHash -> verified false, hash mismatch named, doctor NOT re-run
    ok 3 - wrong contentHash -> verified false, hash mismatch named, doctor NOT re-run
      ---
      duration_ms: 6.65503
      type: 'test'
      ...
# {"time":"2026-08-05T02:29:03.537Z","level":"info","msg":"request","method":"POST","path":"/api/export/verify","status":200,"ms":1}
    # Subtest: fdx path: matching everything against the fdx-converted text -> verified true
    ok 4 - fdx path: matching everything against the fdx-converted text -> verified true
      ---
      duration_ms: 5.984176
      type: 'test'
      ...
# {"time":"2026-08-05T02:29:04.624Z","level":"info","msg":"request","method":"POST","path":"/api/export/verify","status":422,"ms":1082}
    # Subtest: refuses to attest a score or verdict when recomputation covers only a scene-truncated prefix
    ok 5 - refuses to attest a score or verdict when recomputation covers only a scene-truncated prefix
      ---
      duration_ms: 1087.27285
      type: 'test'
      ...
# {"time":"2026-08-05T02:29:04.631Z","level":"info","msg":"request","method":"POST","path":"/api/export/verify","status":400,"ms":2}
    # Subtest: missing expected.contentHash -> 400
    ok 6 - missing expected.contentHash -> 400
      ---
      duration_ms: 6.254424
      type: 'test'
      ...
# {"time":"2026-08-05T02:29:04.636Z","level":"info","msg":"request","method":"POST","path":"/api/export/verify","status":400,"ms":1}
    # Subtest: both fountain and fdx -> 400 (exactly-one)
    ok 7 - both fountain and fdx -> 400 (exactly-one)
      ---
      duration_ms: 5.011357
      type: 'test'
      ...
# {"time":"2026-08-05T02:29:04.641Z","level":"info","msg":"request","method":"POST","path":"/api/export/verify","status":400,"ms":1}
    # Subtest: neither fountain nor fdx -> 400 (exactly-one)
    ok 8 - neither fountain nor fdx -> 400 (exactly-one)
      ---
      duration_ms: 4.798401
      type: 'test'
      ...
# {"time":"2026-08-05T02:29:04.652Z","level":"info","msg":"request","method":"POST","path":"/api/export/verify","status":200,"ms":3}
# {"time":"2026-08-05T02:29:04.656Z","level":"info","msg":"request","method":"POST","path":"/api/export/verify","status":200,"ms":2}
    # Subtest: is deterministic: verifying twice yields identical bodies apart from verifiedAt
    ok 9 - is deterministic: verifying twice yields identical bodies apart from verifiedAt
      ---
      duration_ms: 15.355874
      type: 'test'
      ...
    1..9
ok 2081 - routes/export/verify — HTTP behavior
  ---
  duration_ms: 1626.590176
  type: 'suite'
  ...
# {"time":"2026-08-05T02:29:04.751Z","level":"info","msg":"request","method":"POST","path":"/api/export/coverage","status":200,"ms":78}
# {"time":"2026-08-05T02:29:04.758Z","level":"info","msg":"request","method":"POST","path":"/api/export/verify","status":200,"ms":2}
# Subtest: routes/export — a shared report verifies from its own published claims
    # Subtest: an exported report verifies against the original script using only the values it printed
    ok 1 - an exported report verifies against the original script using only the values it printed
      ---
      duration_ms: 94.794966
      type: 'test'
      ...
# {"time":"2026-08-05T02:29:04.766Z","level":"info","msg":"request","method":"POST","path":"/api/export/coverage","status":200,"ms":4}
# {"time":"2026-08-05T02:29:04.770Z","level":"info","msg":"request","method":"POST","path":"/api/export/verify","status":200,"ms":1}
    # Subtest: a tampered health figure fails verification while the hash still matches
    ok 2 - a tampered health figure fails verification while the hash still matches
      ---
      duration_ms: 11.767382
      type: 'test'
      ...
# {"time":"2026-08-05T02:29:04.777Z","level":"info","msg":"request","method":"POST","path":"/api/export/coverage","status":200,"ms":4}
# {"time":"2026-08-05T02:29:04.781Z","level":"info","msg":"request","method":"POST","path":"/api/export/verify","status":200,"ms":2}
    # Subtest: a report paired with a different script fails on the hash alone
    ok 3 - a report paired with a different script fails on the hash alone
      ---
      duration_ms: 11.430027
      type: 'test'
      ...
    1..3
ok 2082 - routes/export — a shared report verifies from its own published claims
  ---
  duration_ms: 123.5168
  type: 'suite'
  ...
# {"time":"2026-08-05T02:29:04.969Z","level":"warn","msg":"collab_secret_generated","message":"COLLAB_SECRET not set — generated an ephemeral per-process secret. Set COLLAB_SECRET in any multi-process or restart-prone deployment."}
# {"time":"2026-08-05T02:29:05.049Z","level":"info","msg":"request","method":"POST","path":"/api/export/fdx","status":400,"ms":15}
# Subtest: routes/export — HTTP behavior
    # Subtest: POST /api/export/fdx rejects a missing fountain field with 400
    ok 1 - POST /api/export/fdx rejects a missing fountain field with 400
      ---
      duration_ms: 74.754237
      type: 'test'
      ...
# {"time":"2026-08-05T02:29:05.086Z","level":"info","msg":"request","method":"POST","path":"/api/export/fdx","status":200,"ms":10}
    # Subtest: POST /api/export/fdx returns 200 with XML for a valid fountain body
    ok 2 - POST /api/export/fdx returns 200 with XML for a valid fountain body
      ---
      duration_ms: 32.009481
      type: 'test'
      ...
# {"time":"2026-08-05T02:29:05.109Z","level":"info","msg":"request","method":"POST","path":"/api/export/docx","status":400,"ms":6}
    # Subtest: POST /api/export/docx rejects a missing fountain field with 400
    ok 3 - POST /api/export/docx rejects a missing fountain field with 400
      ---
      duration_ms: 16.691538
      type: 'test'
      ...
    1..3
ok 2083 - routes/export — HTTP behavior
  ---
  duration_ms: 1067.025669
  type: 'suite'
  ...
# {"time":"2026-08-05T02:29:05.570Z","level":"warn","msg":"collab_secret_generated","message":"COLLAB_SECRET not set — generated an ephemeral per-process secret. Set COLLAB_SECRET in any multi-process or restart-prone deployment."}
# {"time":"2026-08-05T02:29:05.662Z","level":"info","msg":"request","method":"POST","path":"/api/init","status":200,"ms":28}
# {"time":"2026-08-05T02:29:05.678Z","level":"info","msg":"request","method":"POST","path":"/api/game/interview","status":200,"ms":5}
# Subtest: routes/game — Fix B (psychology at init)
    # Subtest: init with full psychology → /api/game/interview receipts reflect the configured attachment/defense/goals
    ok 1 - init with full psychology → /api/game/interview receipts reflect the configured attachment/defense/goals
      ---
      duration_ms: 99.207086
      type: 'test'
      ...
# {"time":"2026-08-05T02:29:05.695Z","level":"info","msg":"request","method":"POST","path":"/api/init","status":200,"ms":6}
# {"time":"2026-08-05T02:29:05.701Z","level":"info","msg":"request","method":"POST","path":"/api/game/interview","status":200,"ms":2}
    # Subtest: init WITHOUT psychology fields → unchanged defaults (backward compat)
    ok 2 - init WITHOUT psychology fields → unchanged defaults (backward compat)
      ---
      duration_ms: 20.730867
      type: 'test'
      ...
# {"time":"2026-08-05T02:29:05.708Z","level":"info","msg":"request","method":"POST","path":"/api/init","status":400,"ms":2}
    # Subtest: invalid attachmentStyle is rejected with 400 (zod validation)
    ok 3 - invalid attachmentStyle is rejected with 400 (zod validation)
      ---
      duration_ms: 6.135304
      type: 'test'
      ...
# {"time":"2026-08-05T02:29:05.720Z","level":"info","msg":"request","method":"POST","path":"/api/init","status":400,"ms":2}
    # Subtest: invalid darkTriad value (out of 0-100 range) is rejected with 400
    ok 4 - invalid darkTriad value (out of 0-100 range) is rejected with 400
      ---
      duration_ms: 11.446328
      type: 'test'
      ...
# {"time":"2026-08-05T02:29:05.725Z","level":"info","msg":"request","method":"POST","path":"/api/init","status":400,"ms":1}
    # Subtest: invalid defenseMechanisms entry is rejected with 400
    ok 5 - invalid defenseMechanisms entry is rejected with 400
      ---
      duration_ms: 5.172025
      type: 'test'
      ...
    1..5
ok 2084 - routes/game — Fix B (psychology at init)
  ---
  duration_ms: 508.105269
  type: 'suite'
  ...
# {"time":"2026-08-05T02:29:05.746Z","level":"info","msg":"request","method":"POST","path":"/api/init","status":200,"ms":6}
# {"time":"2026-08-05T02:29:05.768Z","level":"error","msg":"agent_ai_error","agent":"Alpha","method":"takeTurn","error_type":"upstream","message":"Gemini provider not available (GEMINI_API_KEY not set)"}
# {"time":"2026-08-05T02:29:05.772Z","level":"error","msg":"agent_ai_error","agent":"Alpha","method":"updateEpistemics","error_type":"upstream","message":"Gemini provider not available (GEMINI_API_KEY not set)"}
# {"time":"2026-08-05T02:29:05.776Z","level":"error","msg":"director_eval_error","observer_id":"a1","message":"Gemini provider not available (GEMINI_API_KEY not set)"}
# {"time":"2026-08-05T02:29:05.776Z","level":"error","msg":"director_eval_error","observer_id":"a2","message":"Gemini provider not available (GEMINI_API_KEY not set)"}
# {"time":"2026-08-05T02:29:05.777Z","level":"info","msg":"director_eval","tensionDelta":"0.0","contradictions":0,"observers":2}
# {"time":"2026-08-05T02:29:05.781Z","level":"info","msg":"subtext_score","score":100,"onTheNose":1,"subtext":0,"lines":1}
# {"time":"2026-08-05T02:29:05.781Z","level":"info","msg":"subtext_cool_pressure","agents":2,"score":100}
# {"time":"2026-08-05T02:29:05.791Z","level":"info","msg":"request","method":"POST","path":"/api/turn","status":200,"ms":31}
# Subtest: routes/game — Fix C (droppedCommits surfacing)
    # Subtest: a normal keyless /api/turn response has NO droppedCommits field (additive-only, absent when zero)
    ok 1 - a normal keyless /api/turn response has NO droppedCommits field (additive-only, absent when zero)
      ---
      duration_ms: 63.630934
      type: 'test'
      ...
    # Subtest: Orchestrator.consumeDroppedCommits() plumbing: null when nothing dropped, and drains-to-null after a read
    ok 2 - Orchestrator.consumeDroppedCommits() plumbing: null when nothing dropped, and drains-to-null after a read
      ---
      duration_ms: 4.468964
      type: 'test'
      ...
    1..2
ok 2085 - routes/game — Fix C (droppedCommits surfacing)
  ---
  duration_ms: 70.684233
  type: 'suite'
  ...
# {"time":"2026-08-05T02:29:05.817Z","level":"info","msg":"request","method":"POST","path":"/api/init","status":200,"ms":5}
# {"time":"2026-08-05T02:29:05.826Z","level":"info","msg":"request","method":"POST","path":"/api/run-scene","status":200,"ms":3}
# Subtest: routes/game — Fix D (POST /api/run-scene)
    # Subtest: keyless: an empty (no-agent) scene returns 200 with the hollow-but-valid structure
    ok 1 - keyless: an empty (no-agent) scene returns 200 with the hollow-but-valid structure
      ---
      duration_ms: 27.770061
      type: 'test'
      ...
# {"time":"2026-08-05T02:29:05.846Z","level":"info","msg":"request","method":"POST","path":"/api/init","status":200,"ms":11}
# {"time":"2026-08-05T02:29:05.850Z","level":"info","msg":"full_scene_room","round":0,"location_id":"gallery","agents":2}
# {"time":"2026-08-05T02:29:05.851Z","level":"info","msg":"dialogue_lock_start","location_id":"gallery","agents":2}
# {"time":"2026-08-05T02:29:05.851Z","level":"debug","msg":"agent_turn","agent":"Alpha","location_id":"gallery"}
# {"time":"2026-08-05T02:29:05.853Z","level":"debug","msg":"agent_turn","agent":"Beta","location_id":"gallery"}
# {"time":"2026-08-05T02:29:05.852Z","level":"error","msg":"agent_ai_error","agent":"Alpha","method":"takeTurn","error_type":"upstream","message":"Gemini provider not available (GEMINI_API_KEY not set)"}
# {"time":"2026-08-05T02:29:05.855Z","level":"error","msg":"agent_ai_error","agent":"Beta","method":"takeTurn","error_type":"upstream","message":"Gemini provider not available (GEMINI_API_KEY not set)"}
# {"time":"2026-08-05T02:29:05.857Z","level":"error","msg":"agent_ai_error","agent":"Alpha","method":"updateEpistemics","error_type":"upstream","message":"Gemini provider not available (GEMINI_API_KEY not set)"}
# {"time":"2026-08-05T02:29:05.858Z","level":"error","msg":"agent_ai_error","agent":"Beta","method":"updateEpistemics","error_type":"upstream","message":"Gemini provider not available (GEMINI_API_KEY not set)"}
# {"time":"2026-08-05T02:29:05.862Z","level":"info","msg":"director_eval_start","location_id":"gallery"}
# {"time":"2026-08-05T02:29:05.864Z","level":"error","msg":"director_eval_error","observer_id":"a1","message":"Gemini provider not available (GEMINI_API_KEY not set)"}
# {"time":"2026-08-05T02:29:05.864Z","level":"error","msg":"director_eval_error","observer_id":"a2","message":"Gemini provider not available (GEMINI_API_KEY not set)"}
# {"time":"2026-08-05T02:29:05.864Z","level":"info","msg":"director_eval","tensionDelta":"0.0","contradictions":0,"observers":2}
# {"time":"2026-08-05T02:29:05.866Z","level":"info","msg":"subtext_score","score":100,"onTheNose":2,"subtext":0,"lines":2}
# {"time":"2026-08-05T02:29:05.867Z","level":"info","msg":"subtext_cool_pressure","agents":2,"score":100}
# {"time":"2026-08-05T02:29:05.869Z","level":"info","msg":"full_scene_room","round":1,"location_id":"gallery","agents":2}
# {"time":"2026-08-05T02:29:05.869Z","level":"info","msg":"dialogue_lock_start","location_id":"gallery","agents":2}
# {"time":"2026-08-05T02:29:05.869Z","level":"debug","msg":"agent_turn","agent":"Alpha","location_id":"gallery"}
# {"time":"2026-08-05T02:29:05.872Z","level":"error","msg":"agent_ai_error","agent":"Alpha","method":"takeTurn","error_type":"upstream","message":"Gemini provider not available (GEMINI_API_KEY not set)"}
# {"time":"2026-08-05T02:29:05.872Z","level":"debug","msg":"agent_turn","agent":"Beta","location_id":"gallery"}
# {"time":"2026-08-05T02:29:05.875Z","level":"error","msg":"agent_ai_error","agent":"Beta","method":"takeTurn","error_type":"upstream","message":"Gemini provider not available (GEMINI_API_KEY not set)"}
# {"time":"2026-08-05T02:29:05.877Z","level":"error","msg":"agent_ai_error","agent":"Alpha","method":"updateEpistemics","error_type":"upstream","message":"Gemini provider not available (GEMINI_API_KEY not set)"}
# {"time":"2026-08-05T02:29:05.878Z","level":"error","msg":"agent_ai_error","agent":"Beta","method":"updateEpistemics","error_type":"upstream","message":"Gemini provider not available (GEMINI_API_KEY not set)"}
# {"time":"2026-08-05T02:29:05.881Z","level":"info","msg":"director_eval_start","location_id":"gallery"}
# {"time":"2026-08-05T02:29:05.882Z","level":"error","msg":"director_eval_error","observer_id":"a1","message":"Gemini provider not available (GEMINI_API_KEY not set)"}
# {"time":"2026-08-05T02:29:05.883Z","level":"error","msg":"director_eval_error","observer_id":"a2","message":"Gemini provider not available (GEMINI_API_KEY not set)"}
# {"time":"2026-08-05T02:29:05.883Z","level":"info","msg":"director_eval","tensionDelta":"0.0","contradictions":0,"observers":2}
# {"time":"2026-08-05T02:29:05.883Z","level":"info","msg":"subtext_score","score":100,"onTheNose":2,"subtext":0,"lines":2}
# {"time":"2026-08-05T02:29:05.884Z","level":"info","msg":"subtext_cool_pressure","agents":2,"score":100}
# {"time":"2026-08-05T02:29:05.886Z","level":"info","msg":"full_scene_room","round":2,"location_id":"gallery","agents":2}
# {"time":"2026-08-05T02:29:05.886Z","level":"info","msg":"dialogue_lock_start","location_id":"gallery","agents":2}
# {"time":"2026-08-05T02:29:05.886Z","level":"debug","msg":"agent_turn","agent":"Alpha","location_id":"gallery"}
# {"time":"2026-08-05T02:29:05.888Z","level":"error","msg":"agent_ai_error","agent":"Alpha","method":"takeTurn","error_type":"upstream","message":"Gemini provider not available (GEMINI_API_KEY not set)"}
# {"time":"2026-08-05T02:29:05.889Z","level":"debug","msg":"agent_turn","agent":"Beta","location_id":"gallery"}
# {"time":"2026-08-05T02:29:05.891Z","level":"error","msg":"agent_ai_error","agent":"Beta","method":"takeTurn","error_type":"upstream","message":"Gemini provider not available (GEMINI_API_KEY not set)"}
# {"time":"2026-08-05T02:29:05.893Z","level":"error","msg":"agent_ai_error","agent":"Alpha","method":"updateEpistemics","error_type":"upstream","message":"Gemini provider not available (GEMINI_API_KEY not set)"}
# {"time":"2026-08-05T02:29:05.894Z","level":"error","msg":"agent_ai_error","agent":"Beta","method":"updateEpistemics","error_type":"upstream","message":"Gemini provider not available (GEMINI_API_KEY not set)"}
# {"time":"2026-08-05T02:29:05.897Z","level":"info","msg":"director_eval_start","location_id":"gallery"}
# {"time":"2026-08-05T02:29:05.899Z","level":"error","msg":"director_eval_error","observer_id":"a1","message":"Gemini provider not available (GEMINI_API_KEY not set)"}
# {"time":"2026-08-05T02:29:05.899Z","level":"error","msg":"director_eval_error","observer_id":"a2","message":"Gemini provider not available (GEMINI_API_KEY not set)"}
# {"time":"2026-08-05T02:29:05.899Z","level":"info","msg":"director_eval","tensionDelta":"0.0","contradictions":0,"observers":2}
# {"time":"2026-08-05T02:29:05.901Z","level":"info","msg":"subtext_score","score":100,"onTheNose":2,"subtext":0,"lines":2}
# {"time":"2026-08-05T02:29:05.901Z","level":"info","msg":"subtext_cool_pressure","agents":2,"score":100}
# {"time":"2026-08-05T02:29:05.903Z","level":"info","msg":"full_scene_room","round":3,"location_id":"gallery","agents":2}
# {"time":"2026-08-05T02:29:05.903Z","level":"info","msg":"dialogue_lock_start","location_id":"gallery","agents":2}
# {"time":"2026-08-05T02:29:05.904Z","level":"debug","msg":"agent_turn","agent":"Alpha","location_id":"gallery"}
# {"time":"2026-08-05T02:29:05.909Z","level":"error","msg":"agent_ai_error","agent":"Alpha","method":"takeTurn","error_type":"upstream","message":"Gemini provider not available (GEMINI_API_KEY not set)"}
# {"time":"2026-08-05T02:29:05.910Z","level":"debug","msg":"agent_turn","agent":"Beta","location_id":"gallery"}
# {"time":"2026-08-05T02:29:05.913Z","level":"error","msg":"agent_ai_error","agent":"Beta","method":"takeTurn","error_type":"upstream","message":"Gemini provider not available (GEMINI_API_KEY not set)"}
# {"time":"2026-08-05T02:29:05.915Z","level":"error","msg":"agent_ai_error","agent":"Alpha","method":"updateEpistemics","error_type":"upstream","message":"Gemini provider not available (GEMINI_API_KEY not set)"}
# {"time":"2026-08-05T02:29:05.916Z","level":"error","msg":"agent_ai_error","agent":"Beta","method":"updateEpistemics","error_type":"upstream","message":"Gemini provider not available (GEMINI_API_KEY not set)"}
# {"time":"2026-08-05T02:29:05.919Z","level":"info","msg":"director_eval_start","location_id":"gallery"}
# {"time":"2026-08-05T02:29:05.921Z","level":"error","msg":"director_eval_error","observer_id":"a1","message":"Gemini provider not available (GEMINI_API_KEY not set)"}
# {"time":"2026-08-05T02:29:05.921Z","level":"error","msg":"director_eval_error","observer_id":"a2","message":"Gemini provider not available (GEMINI_API_KEY not set)"}
# {"time":"2026-08-05T02:29:05.922Z","level":"info","msg":"illusion_phase","from":"Setup","to":"Turn","turn":8,"setupEnd":7}
# {"time":"2026-08-05T02:29:05.922Z","level":"info","msg":"director_eval","tensionDelta":"0.0","contradictions":0,"observers":2}
# {"time":"2026-08-05T02:29:05.923Z","level":"info","msg":"subtext_score","score":100,"onTheNose":2,"subtext":0,"lines":2}
# {"time":"2026-08-05T02:29:05.924Z","level":"info","msg":"subtext_cool_pressure","agents":2,"score":100}
# {"time":"2026-08-05T02:29:05.926Z","level":"info","msg":"request","method":"POST","path":"/api/run-scene","status":200,"ms":78}
    # Subtest: keyless: a scene with two agents in one room actually runs turns and returns 200
    ok 2 - keyless: a scene with two agents in one room actually runs turns and returns 200
      ---
      duration_ms: 95.613164
      type: 'test'
      ...
# {"time":"2026-08-05T02:29:05.937Z","level":"info","msg":"request","method":"POST","path":"/api/run-scene","status":404,"ms":7}
    # Subtest: an unknown locationId is rejected with 404
    ok 3 - an unknown locationId is rejected with 404
      ---
      duration_ms: 10.209022
      type: 'test'
      ...
# {"time":"2026-08-05T02:29:05.942Z","level":"info","msg":"request","method":"POST","path":"/api/run-scene","status":400,"ms":1}
    # Subtest: an empty locationIds array is rejected with 400 (zod min(1))
    ok 4 - an empty locationIds array is rejected with 400 (zod min(1))
      ---
      duration_ms: 4.342414
      type: 'test'
      ...
# {"time":"2026-08-05T02:29:05.946Z","level":"info","msg":"request","method":"POST","path":"/api/run-scene","status":400,"ms":1}
    # Subtest: more than 8 locationIds is rejected with 400 (zod max(8))
    ok 5 - more than 8 locationIds is rejected with 400 (zod max(8))
      ---
      duration_ms: 3.914416
      type: 'test'
      ...
    1..5
ok 2086 - routes/game — Fix D (POST /api/run-scene)
  ---
  duration_ms: 148.751117
  type: 'suite'
  ...
# {"time":"2026-08-05T02:29:05.961Z","level":"info","msg":"request","method":"POST","path":"/api/init","status":200,"ms":7}
# {"time":"2026-08-05T02:29:05.971Z","level":"error","msg":"agent_ai_error","agent":"Nora Vance","method":"takeTurn","error_type":"upstream","message":"Gemini provider not available (GEMINI_API_KEY not set)"}
# {"time":"2026-08-05T02:29:05.972Z","level":"error","msg":"agent_ai_error","agent":"Nora Vance","method":"updateEpistemics","error_type":"upstream","message":"Gemini provider not available (GEMINI_API_KEY not set)"}
# {"time":"2026-08-05T02:29:05.974Z","level":"error","msg":"director_eval_error","observer_id":"nora","message":"Gemini provider not available (GEMINI_API_KEY not set)"}
# {"time":"2026-08-05T02:29:05.974Z","level":"error","msg":"director_eval_error","observer_id":"milo","message":"Gemini provider not available (GEMINI_API_KEY not set)"}
# {"time":"2026-08-05T02:29:05.975Z","level":"info","msg":"director_eval","tensionDelta":"0.0","contradictions":0,"observers":2}
# {"time":"2026-08-05T02:29:05.976Z","level":"info","msg":"subtext_score","score":100,"onTheNose":1,"subtext":0,"lines":1}
# {"time":"2026-08-05T02:29:05.976Z","level":"info","msg":"subtext_cool_pressure","agents":2,"score":100}
# {"time":"2026-08-05T02:29:05.980Z","level":"info","msg":"request","method":"POST","path":"/api/turn","status":200,"ms":12}
# {"time":"2026-08-05T02:29:06.002Z","level":"info","msg":"request","method":"GET","path":"/api/nvm/commits","status":200,"ms":2}
# Subtest: routes/game — Run 13 (keyless deterministic simulation)
    # Subtest: keyless POST /api/turn: the ledger entry is deterministic (not the old hollow "..."), and a StoryCommit with real ops lands in canon
    ok 1 - keyless POST /api/turn: the ledger entry is deterministic (not the old hollow "..."), and a StoryCommit with real ops lands in canon
      ---
      duration_ms: 54.586227
      type: 'test'
      ...
# {"time":"2026-08-05T02:29:06.013Z","level":"info","msg":"request","method":"POST","path":"/api/init","status":200,"ms":7}
# {"time":"2026-08-05T02:29:06.017Z","level":"info","msg":"request","method":"POST","path":"/api/game/interview","status":200,"ms":2}
# {"time":"2026-08-05T02:29:06.020Z","level":"info","msg":"dialogue_lock_start","location_id":"gallery","agents":2}
# {"time":"2026-08-05T02:29:06.020Z","level":"debug","msg":"agent_turn","agent":"Milo Cross","location_id":"gallery"}
# {"time":"2026-08-05T02:29:06.022Z","level":"error","msg":"agent_ai_error","agent":"Milo Cross","method":"takeTurn","error_type":"upstream","message":"Gemini provider not available (GEMINI_API_KEY not set)"}
# {"time":"2026-08-05T02:29:06.023Z","level":"debug","msg":"agent_turn","agent":"Nora Vance","location_id":"gallery"}
# {"time":"2026-08-05T02:29:06.026Z","level":"error","msg":"agent_ai_error","agent":"Nora Vance","method":"takeTurn","error_type":"upstream","message":"Gemini provider not available (GEMINI_API_KEY not set)"}
# {"time":"2026-08-05T02:29:06.028Z","level":"error","msg":"agent_ai_error","agent":"Milo Cross","method":"updateEpistemics","error_type":"upstream","message":"Gemini provider not available (GEMINI_API_KEY not set)"}
# {"time":"2026-08-05T02:29:06.029Z","level":"error","msg":"agent_ai_error","agent":"Nora Vance","method":"updateEpistemics","error_type":"upstream","message":"Gemini provider not available (GEMINI_API_KEY not set)"}
# {"time":"2026-08-05T02:29:06.032Z","level":"debug","msg":"agent_turn","agent":"Milo Cross","location_id":"gallery"}
# {"time":"2026-08-05T02:29:06.034Z","level":"error","msg":"agent_ai_error","agent":"Milo Cross","method":"takeTurn","error_type":"upstream","message":"Gemini provider not available (GEMINI_API_KEY not set)"}
# {"time":"2026-08-05T02:29:06.034Z","level":"debug","msg":"agent_turn","agent":"Nora Vance","location_id":"gallery"}
# {"time":"2026-08-05T02:29:06.036Z","level":"error","msg":"agent_ai_error","agent":"Nora Vance","method":"takeTurn","error_type":"upstream","message":"Gemini provider not available (GEMINI_API_KEY not set)"}
# {"time":"2026-08-05T02:29:06.037Z","level":"error","msg":"agent_ai_error","agent":"Milo Cross","method":"updateEpistemics","error_type":"upstream","message":"Gemini provider not available (GEMINI_API_KEY not set)"}
# {"time":"2026-08-05T02:29:06.038Z","level":"error","msg":"agent_ai_error","agent":"Nora Vance","method":"updateEpistemics","error_type":"upstream","message":"Gemini provider not available (GEMINI_API_KEY not set)"}
# {"time":"2026-08-05T02:29:06.041Z","level":"info","msg":"director_eval_start","location_id":"gallery"}
# {"time":"2026-08-05T02:29:06.042Z","level":"error","msg":"director_eval_error","observer_id":"nora","message":"Gemini provider not available (GEMINI_API_KEY not set)"}
# {"time":"2026-08-05T02:29:06.042Z","level":"error","msg":"director_eval_error","observer_id":"milo","message":"Gemini provider not available (GEMINI_API_KEY not set)"}
# {"time":"2026-08-05T02:29:06.043Z","level":"info","msg":"director_eval","tensionDelta":"0.0","contradictions":0,"observers":2}
# {"time":"2026-08-05T02:29:06.043Z","level":"info","msg":"subtext_score","score":100,"onTheNose":4,"subtext":0,"lines":4}
# {"time":"2026-08-05T02:29:06.044Z","level":"info","msg":"subtext_cool_pressure","agents":2,"score":100}
# {"time":"2026-08-05T02:29:06.045Z","level":"info","msg":"request","method":"POST","path":"/api/run-room","status":200,"ms":26}
# {"time":"2026-08-05T02:29:06.049Z","level":"info","msg":"request","method":"POST","path":"/api/game/interview","status":200,"ms":2}
    # Subtest: keyless POST /api/run-room: beliefs actually move — interview receipts differ before vs after
    ok 2 - keyless POST /api/run-room: beliefs actually move — interview receipts differ before vs after
      ---
      duration_ms: 46.62302
      type: 'test'
      ...
    1..2
ok 2087 - routes/game — Run 13 (keyless deterministic simulation)
  ---
  duration_ms: 103.364822
  type: 'suite'
  ...
# {"time":"2026-08-05T02:29:05.868Z","level":"warn","msg":"collab_secret_generated","message":"COLLAB_SECRET not set — generated an ephemeral per-process secret. Set COLLAB_SECRET in any multi-process or restart-prone deployment."}
# {"time":"2026-08-05T02:29:05.961Z","level":"info","msg":"request","method":"POST","path":"/api/init","status":200,"ms":31}
# {"time":"2026-08-05T02:29:05.985Z","level":"info","msg":"request","method":"POST","path":"/api/game/interview","status":200,"ms":6}
# Subtest: routes/game — POST /api/game/interview
    # Subtest: keyless: returns 200 with full receipts, usedLLM:false, a note, and NO answer field
    ok 1 - keyless: returns 200 with full receipts, usedLLM:false, a note, and NO answer field
      ---
      duration_ms: 107.645464
      type: 'test'
      ...
# {"time":"2026-08-05T02:29:06.000Z","level":"info","msg":"request","method":"POST","path":"/api/init","status":200,"ms":6}
# {"time":"2026-08-05T02:29:06.005Z","level":"info","msg":"request","method":"POST","path":"/api/game/interview","status":404,"ms":1}
    # Subtest: unknown agent name returns 404 with a clear message
    ok 2 - unknown agent name returns 404 with a clear message
      ---
      duration_ms: 18.214788
      type: 'test'
      ...
# {"time":"2026-08-05T02:29:06.017Z","level":"info","msg":"request","method":"POST","path":"/api/init","status":200,"ms":6}
# {"time":"2026-08-05T02:29:06.025Z","level":"info","msg":"request","method":"POST","path":"/api/game/interview","status":400,"ms":5}
    # Subtest: malformed body — missing question — is rejected with 400
    ok 3 - malformed body — missing question — is rejected with 400
      ---
      duration_ms: 18.779069
      type: 'test'
      ...
# {"time":"2026-08-05T02:29:06.035Z","level":"info","msg":"request","method":"POST","path":"/api/init","status":200,"ms":6}
# {"time":"2026-08-05T02:29:06.040Z","level":"info","msg":"request","method":"POST","path":"/api/game/interview","status":400,"ms":2}
    # Subtest: malformed body — oversized history (>20 turns) — is rejected with 400
    ok 4 - malformed body — oversized history (>20 turns) — is rejected with 400
      ---
      duration_ms: 14.490805
      type: 'test'
      ...
# {"time":"2026-08-05T02:29:06.052Z","level":"info","msg":"request","method":"POST","path":"/api/init","status":200,"ms":7}
# {"time":"2026-08-05T02:29:06.057Z","level":"info","msg":"request","method":"POST","path":"/api/game/interview","status":400,"ms":1}
    # Subtest: malformed body — an oversized history entry (>2000 chars) — is rejected with 400
    ok 5 - malformed body — an oversized history entry (>2000 chars) — is rejected with 400
      ---
      duration_ms: 17.830452
      type: 'test'
      ...
# {"time":"2026-08-05T02:29:06.067Z","level":"info","msg":"request","method":"POST","path":"/api/init","status":200,"ms":6}
# {"time":"2026-08-05T02:29:06.071Z","level":"info","msg":"request","method":"POST","path":"/api/game/interview","status":200,"ms":2}
    # Subtest: mocked provider (ai.ts seam): canned reply yields 200 with answer, usedLLM:true, and receipts still present
    ok 6 - mocked provider (ai.ts seam): canned reply yields 200 with answer, usedLLM:true, and receipts still present
      ---
      duration_ms: 13.772364
      type: 'test'
      ...
# {"time":"2026-08-05T02:29:06.085Z","level":"info","msg":"request","method":"POST","path":"/api/init","status":200,"ms":10}
# {"time":"2026-08-05T02:29:06.090Z","level":"info","msg":"request","method":"POST","path":"/api/game/interview","status":200,"ms":3}
    # Subtest: mocked provider: an empty completion falls through to the keyless shape
    ok 7 - mocked provider: an empty completion falls through to the keyless shape
      ---
      duration_ms: 18.552043
      type: 'test'
      ...
# {"time":"2026-08-05T02:29:06.099Z","level":"info","msg":"request","method":"POST","path":"/api/init","status":200,"ms":5}
# {"time":"2026-08-05T02:29:06.104Z","level":"info","msg":"request","method":"POST","path":"/api/game/interview","status":200,"ms":1}
# {"time":"2026-08-05T02:29:06.108Z","level":"info","msg":"request","method":"POST","path":"/api/game/interview","status":200,"ms":2}
    # Subtest: keyless receipts are deterministic across two identical calls
    ok 8 - keyless receipts are deterministic across two identical calls
      ---
      duration_ms: 18.957476
      type: 'test'
      ...
    1..8
ok 2088 - routes/game — POST /api/game/interview
  ---
  duration_ms: 687.371683
  type: 'suite'
  ...
# {"time":"2026-08-05T02:29:06.347Z","level":"warn","msg":"collab_secret_generated","message":"COLLAB_SECRET not set — generated an ephemeral per-process secret. Set COLLAB_SECRET in any multi-process or restart-prone deployment."}
# {"time":"2026-08-05T02:29:06.461Z","level":"info","msg":"request","method":"POST","path":"/api/init","status":200,"ms":57}
# {"time":"2026-08-05T02:29:06.477Z","level":"info","msg":"request","method":"POST","path":"/api/scriptide/save","status":200,"ms":4}
# {"time":"2026-08-05T02:29:06.501Z","level":"info","msg":"request","method":"POST","path":"/api/reset","status":200,"ms":20}
# Subtest: routes/game — persistent simulation reset
    # Subtest: backs up active-WAL project state before resetting only the simulation
    ok 1 - backs up active-WAL project state before resetting only the simulation
      ---
      duration_ms: 146.890042
      type: 'test'
      ...
# {"time":"2026-08-05T02:29:06.543Z","level":"info","msg":"request","method":"POST","path":"/api/init","status":200,"ms":26}
# {"time":"2026-08-05T02:29:06.597Z","level":"info","msg":"request","method":"POST","path":"/api/reset","status":200,"ms":31}
# {"time":"2026-08-05T02:29:06.597Z","level":"info","msg":"request","method":"POST","path":"/api/init","status":200,"ms":28}
# {"time":"2026-08-05T02:29:06.633Z","level":"info","msg":"request","method":"POST","path":"/api/reset","status":200,"ms":24}
# {"time":"2026-08-05T02:29:06.634Z","level":"info","msg":"request","method":"POST","path":"/api/scriptide/save","status":200,"ms":21}
    # Subtest: serializes later initialization and editor saves behind a reset backup
    ok 2 - serializes later initialization and editor saves behind a reset backup
      ---
      duration_ms: 128.807767
      type: 'test'
      ...
# {"time":"2026-08-05T02:29:06.660Z","level":"info","msg":"request","method":"POST","path":"/api/init","status":200,"ms":18}
# {"time":"2026-08-05T02:29:06.665Z","level":"info","msg":"request","method":"POST","path":"/api/scriptide/save","status":200,"ms":1}
# {"time":"2026-08-05T02:29:06.668Z","level":"error","msg":"session_reset_backup_failed","sessionId":"persistent-backup-failure","error":"ENOTDIR: not a directory, scandir '/tmp/storymachine-reset-route-CgkNgR/recovery/persistent-backup-failure'"}
# {"time":"2026-08-05T02:29:06.669Z","level":"info","msg":"request","method":"POST","path":"/api/reset","status":503,"ms":1}
    # Subtest: returns 503 without mutation when the recovery root cannot be created
    ok 3 - returns 503 without mutation when the recovery root cannot be created
      ---
      duration_ms: 33.983477
      type: 'test'
      ...
# {"time":"2026-08-05T02:29:06.702Z","level":"info","msg":"request","method":"POST","path":"/api/init","status":200,"ms":27}
# {"time":"2026-08-05T02:29:06.711Z","level":"info","msg":"request","method":"POST","path":"/api/reset","status":400,"ms":1}
    # Subtest: rejects an unknown reset-body field before creating a recovery artifact
    ok 4 - rejects an unknown reset-body field before creating a recovery artifact
      ---
      duration_ms: 42.228911
      type: 'test'
      ...
    1..4
ok 2089 - routes/game — persistent simulation reset
  ---
  duration_ms: 1348.699117
  type: 'suite'
  ...
# {"time":"2026-08-05T02:29:07.150Z","level":"warn","msg":"collab_secret_generated","message":"COLLAB_SECRET not set — generated an ephemeral per-process secret. Set COLLAB_SECRET in any multi-process or restart-prone deployment."}
# {"time":"2026-08-05T02:29:07.240Z","level":"info","msg":"request","method":"POST","path":"/api/init","status":200,"ms":22}
# Subtest: routes/game — HTTP behavior
    # Subtest: POST /api/init accepts an empty body with 200 (nodes/agents are optional)
    ok 1 - POST /api/init accepts an empty body with 200 (nodes/agents are optional)
      ---
      duration_ms: 88.222517
      type: 'test'
      ...
# {"time":"2026-08-05T02:29:07.268Z","level":"info","msg":"request","method":"POST","path":"/api/init","status":400,"ms":2}
    # Subtest: POST /api/init rejects a malformed sessionId with 400 (zod validation)
    ok 2 - POST /api/init rejects a malformed sessionId with 400 (zod validation)
      ---
      duration_ms: 18.174914
      type: 'test'
      ...
# {"time":"2026-08-05T02:29:07.275Z","level":"info","msg":"request","method":"POST","path":"/api/turn","status":400,"ms":2}
    # Subtest: POST /api/turn rejects a body without agentId with 400 (zod validation)
    ok 3 - POST /api/turn rejects a body without agentId with 400 (zod validation)
      ---
      duration_ms: 7.068679
      type: 'test'
      ...
# {"time":"2026-08-05T02:29:07.292Z","level":"info","msg":"request","method":"POST","path":"/api/run-room","status":400,"ms":1}
    # Subtest: POST /api/run-room rejects a body without nodeId with 400 (zod validation)
    ok 4 - POST /api/run-room rejects a body without nodeId with 400 (zod validation)
      ---
      duration_ms: 17.393634
      type: 'test'
      ...
# {"time":"2026-08-05T02:29:07.303Z","level":"info","msg":"request","method":"GET","path":"/api/state","status":200,"ms":6}
    # Subtest: GET /api/state returns 200 for a fresh session
    ok 5 - GET /api/state returns 200 for a fresh session
      ---
      duration_ms: 10.468094
      type: 'test'
      ...
# {"time":"2026-08-05T02:29:07.308Z","level":"info","msg":"request","method":"GET","path":"/api/scenes","status":400,"ms":2}
    # Subtest: GET /api/scenes rejects a malformed sessionId with 400
    ok 6 - GET /api/scenes rejects a malformed sessionId with 400
      ---
      duration_ms: 4.690193
      type: 'test'
      ...
    1..6
ok 2090 - routes/game — HTTP behavior
  ---
  duration_ms: 1092.873537
  type: 'suite'
  ...
# {"time":"2026-08-05T02:29:07.180Z","level":"warn","msg":"collab_secret_generated","message":"COLLAB_SECRET not set — generated an ephemeral per-process secret. Set COLLAB_SECRET in any multi-process or restart-prone deployment."}
# {"time":"2026-08-05T02:29:07.183Z","level":"warn","msg":"startup_keyless","message":"GEMINI_API_KEY is not set — starting in analysis-only mode. Diagnostics, coverage, and exploration work fully; generation (copilot, simulation turns, rewrites, interview voices) stays disabled until a key is configured."}
# {"time":"2026-08-05T02:29:07.458Z","level":"info","msg":"request","method":"POST","path":"/api/scriptide/doctor/pdf","status":400,"ms":222}
# {"time":"2026-08-05T02:29:07.485Z","level":"info","msg":"request","method":"POST","path":"/api/scriptide/doctor/pdf","status":400,"ms":5}
# {"time":"2026-08-05T02:29:07.491Z","level":"info","msg":"request","method":"POST","path":"/api/scriptide/doctor/pdf","status":400,"ms":3}
# {"time":"2026-08-05T02:29:07.498Z","level":"info","msg":"request","method":"POST","path":"/api/scriptide/doctor/pdf","status":400,"ms":3}
# {"time":"2026-08-05T02:29:07.521Z","level":"info","msg":"request","method":"POST","path":"/api/scriptide/doctor/pdf","status":400,"ms":3}
# {"time":"2026-08-05T02:29:07.525Z","level":"info","msg":"request","method":"POST","path":"/api/scriptide/doctor/pdf","status":400,"ms":2}
# {"time":"2026-08-05T02:29:07.530Z","level":"info","msg":"request","method":"POST","path":"/api/scriptide/doctor/pdf","status":400,"ms":2}
# {"time":"2026-08-05T02:29:07.534Z","level":"info","msg":"request","method":"POST","path":"/api/scriptide/doctor/pdf","status":400,"ms":2}
# {"time":"2026-08-05T02:29:07.542Z","level":"info","msg":"request","method":"POST","path":"/api/scriptide/doctor/pdf","status":400,"ms":4}
# {"time":"2026-08-05T02:29:07.548Z","level":"info","msg":"request","method":"POST","path":"/api/scriptide/doctor/pdf","status":400,"ms":2}
# {"time":"2026-08-05T02:29:07.552Z","level":"info","msg":"request","method":"POST","path":"/api/scriptide/doctor/pdf","status":429,"ms":1}
# Subtest: hardening — heavyBodyLimiter on POST /api/scriptide/doctor/pdf
    # Subtest: returns 429 within 11 rapid requests, well below gameLimiter's 120/min ceiling
    ok 1 - returns 429 within 11 rapid requests, well below gameLimiter's 120/min ceiling
      ---
      duration_ms: 348.744478
      type: 'test'
      ...
# {"time":"2026-08-05T02:29:09.046Z","level":"info","msg":"request","method":"POST","path":"/api/scriptide/doctor","status":200,"ms":1481}
    # Subtest: the general /api/scriptide/doctor route (gameLimiter) still accepts after doctor/pdf is throttled — independent budgets
    ok 2 - the general /api/scriptide/doctor route (gameLimiter) still accepts after doctor/pdf is throttled — independent budgets
      ---
      duration_ms: 1497.028104
      type: 'test'
      ...
    1..2
ok 2091 - hardening — heavyBodyLimiter on POST /api/scriptide/doctor/pdf
  ---
  duration_ms: 1861.673753
  type: 'suite'
  ...
# {"time":"2026-08-05T02:29:09.069Z","level":"info","msg":"request","method":"GET","path":"/api/scriptide/complete","status":200,"ms":2}
# Subtest: hardening — request-log query-string hygiene (regression guard)
    # Subtest: an SSE-style request carrying a capability-bearing ?sessionId= query param never has that value appear in the request log line
    ok 1 - an SSE-style request carrying a capability-bearing ?sessionId= query param never has that value appear in the request log line
      ---
      duration_ms: 13.574142
      type: 'test'
      ...
    1..1
ok 2092 - hardening — request-log query-string hygiene (regression guard)
  ---
  duration_ms: 16.079431
  type: 'suite'
  ...
# {"time":"2026-08-05T02:29:09.082Z","level":"info","msg":"request","method":"GET","path":"/definitely-not-a-route","status":404,"ms":4}
# Subtest: hardening — unknown /api paths return a JSON 404, not the SPA fallback
    # Subtest: GET to an unknown /api path returns 404 with a JSON error body
    ok 1 - GET to an unknown /api path returns 404 with a JSON error body
      ---
      duration_ms: 9.253731
      type: 'test'
      ...
# {"time":"2026-08-05T02:29:09.090Z","level":"info","msg":"request","method":"POST","path":"/nope/nested/deeper","status":404,"ms":3}
    # Subtest: POST to an unknown /api path returns 404 too — the guard is method-agnostic, unlike the GET-only SPA catch-all
    ok 2 - POST to an unknown /api path returns 404 too — the guard is method-agnostic, unlike the GET-only SPA catch-all
      ---
      duration_ms: 8.230954
      type: 'test'
      ...
# {"time":"2026-08-05T02:29:09.095Z","level":"info","msg":"request","method":"GET","path":"/api/ai-config","status":200,"ms":1}
    # Subtest: does not shadow real /api routes — GET /api/ai-config still answers 200 (no-fire)
    ok 3 - does not shadow real /api routes — GET /api/ai-config still answers 200 (no-fire)
      ---
      duration_ms: 4.779048
      type: 'test'
      ...
# {"time":"2026-08-05T02:29:09.099Z","level":"info","msg":"request","method":"GET","path":"/health","status":200,"ms":1}
    # Subtest: does not touch non-/api paths — /health (no /api prefix, no limiter by design) still answers 200 (no-fire)
    ok 4 - does not touch non-/api paths — /health (no /api prefix, no limiter by design) still answers 200 (no-fire)
      ---
      duration_ms: 3.608728
      type: 'test'
      ...
    1..4
ok 2093 - hardening — unknown /api paths return a JSON 404, not the SPA fallback
  ---
  duration_ms: 29.625125
  type: 'suite'
  ...
# Subtest: hardening — 413 for request bodies over express.json()'s 1mb cap
    # Subtest: POST body over 1mb returns 413 with a JSON error body (fire)
    ok 1 - POST body over 1mb returns 413 with a JSON error body (fire)
      ---
      duration_ms: 24.923963
      type: 'test'
      ...
# {"time":"2026-08-05T02:29:09.143Z","level":"info","msg":"request","method":"POST","path":"/api/scriptide/doctor","status":400,"ms":2}
    # Subtest: a just-under-1mb body that fails zod validation still gets a normal 400, not 413 (no-fire)
    ok 2 - a just-under-1mb body that fails zod validation still gets a normal 400, not 413 (no-fire)
      ---
      duration_ms: 16.709403
      type: 'test'
      ...
# {"time":"2026-08-05T02:29:09.150Z","level":"info","msg":"server_shutdown","signal":"SIGTERM","exitCode":0}
# {"time":"2026-08-05T02:29:09.151Z","level":"info","msg":"server_shutdown","signal":"uncaughtException","exitCode":1}
# {"time":"2026-08-05T02:29:09.152Z","level":"error","msg":"uncaught_exception","message":"boom","stack":"Error: boom\\n    at file:///app/tests/routes/hardening.test.ts:363:32\\n    at TestContext.<anonymous> (file:///app/tests/routes/hardening.test.ts:306:15)\\n    at Test.runInAsyncScope (node:async_hooks:214:14)\\n    at Test.run (node:internal/test_runner/test:1047:25)\\n    at Suite.processPendingSubtests (node:internal/test_runner/test:744:18)\\n    at Test.postRun (node:internal/test_runner/test:1173:19)\\n    at Test.run (node:internal/test_runner/test:1101:12)\\n    at process.processTicksAndRejections (node:internal/process/task_queues:103:5)\\n    at async Suite.processPendingSubtests (node:internal/test_runner/test:744:7)"}
# {"time":"2026-08-05T02:29:09.152Z","level":"error","msg":"unhandled_rejection","message":"rejected","stack":"Error: rejected\\n    at file:///app/tests/routes/hardening.test.ts:387:35\\n    at TestContext.<anonymous> (file:///app/tests/routes/hardening.test.ts:306:15)\\n    at Test.runInAsyncScope (node:async_hooks:214:14)\\n    at Test.run (node:internal/test_runner/test:1047:25)\\n    at Suite.processPendingSubtests (node:internal/test_runner/test:744:18)\\n    at Test.postRun (node:internal/test_runner/test:1173:19)\\n    at Test.run (node:internal/test_runner/test:1101:12)\\n    at process.processTicksAndRejections (node:internal/process/task_queues:103:5)\\n    at async Suite.processPendingSubtests (node:internal/test_runner/test:744:7)"}
    # Subtest: malformed JSON still gets its existing 400 (unaffected by the new 413 branch)
    ok 3 - malformed JSON still gets its existing 400 (unaffected by the new 413 branch)
      ---
      duration_ms: 3.935635
      type: 'test'
      ...
    1..3
ok 2094 - hardening — 413 for request bodies over express.json()'s 1mb cap
  ---
  duration_ms: 47.960041
  type: 'suite'
  ...
# Subtest: hardening — process-level crash handlers (server.ts)
    # Subtest: createShutdownHandler() closes the server, then exits 0 for a signal-driven shutdown
    ok 1 - createShutdownHandler() closes the server, then exits 0 for a signal-driven shutdown
      ---
      duration_ms: 1.571059
      type: 'test'
      ...
    # Subtest: createShutdownHandler() exits with the given non-zero code for a crash-driven shutdown
    ok 2 - createShutdownHandler() exits with the given non-zero code for a crash-driven shutdown
      ---
      duration_ms: 0.327168
      type: 'test'
      ...
    # Subtest: installCrashHandlers() wires uncaughtException to invoke the SAME shutdown function passed in (no duplicated cleanup path)
    ok 3 - installCrashHandlers() wires uncaughtException to invoke the SAME shutdown function passed in (no duplicated cleanup path)
      ---
      duration_ms: 0.814883
      type: 'test'
      ...
    # Subtest: installCrashHandlers() logs and swallows an unhandledRejection — it does NOT call shutdown (a single bad promise must not kill the server)
    ok 4 - installCrashHandlers() logs and swallows an unhandledRejection — it does NOT call shutdown (a single bad promise must not kill the server)
      ---
      duration_ms: 0.529962
      type: 'test'
      ...
    1..4
ok 2095 - hardening — process-level crash handlers (server.ts)
  ---
  duration_ms: 3.488123
  type: 'suite'
  ...
# {"time":"2026-08-05T02:29:09.160Z","level":"info","msg":"request","method":"GET","path":"/health","status":200,"ms":0}
# Subtest: hardening — production Content-Security-Policy
    # Subtest: sets a strict same-origin CSP when NODE_ENV=production
    ok 1 - sets a strict same-origin CSP when NODE_ENV=production
      ---
      duration_ms: 8.578693
      type: 'test'
      ...
# {"time":"2026-08-05T02:29:09.167Z","level":"info","msg":"request","method":"GET","path":"/health","status":200,"ms":1}
    # Subtest: sets no Content-Security-Policy header outside production (dev mode, Vite HMR-compatible)
    ok 2 - sets no Content-Security-Policy header outside production (dev mode, Vite HMR-compatible)
      ---
      duration_ms: 5.98286
      type: 'test'
      ...
    1..2
ok 2096 - hardening — production Content-Security-Policy
  ---
  duration_ms: 14.889042
  type: 'suite'
  ...
# {"time":"2026-08-05T02:29:07.820Z","level":"warn","msg":"collab_secret_generated","message":"COLLAB_SECRET not set — generated an ephemeral per-process secret. Set COLLAB_SECRET in any multi-process or restart-prone deployment."}
# Subtest: ingress-security — shared private-IP policy (isPrivateIp)
    # Subtest: rejects loopback / link-local / RFC1918 / ULA IPv4 and IPv6 addresses
    ok 1 - rejects loopback / link-local / RFC1918 / ULA IPv4 and IPv6 addresses
      ---
      duration_ms: 7.472039
      type: 'test'
      ...
    # Subtest: accepts public IPv4 / IPv6 addresses
    ok 2 - accepts public IPv4 / IPv6 addresses
      ---
      duration_ms: 0.596417
      type: 'test'
      ...
    # Subtest: decodes IPv4-mapped IPv6 and IPv6 link-local zone ids
    ok 3 - decodes IPv4-mapped IPv6 and IPv6 link-local zone ids
      ---
      duration_ms: 0.570725
      type: 'test'
      ...
    # Subtest: fails closed on malformed/non-IP inputs (treats as private)
    ok 4 - fails closed on malformed/non-IP inputs (treats as private)
      ---
      duration_ms: 0.192572
      type: 'test'
      ...
    1..4
ok 2097 - ingress-security — shared private-IP policy (isPrivateIp)
  ---
  duration_ms: 10.261783
  type: 'suite'
  ...
# Subtest: ingress-security — SSRF guard unit coverage (ssrfUnsafeUrlReason)
    # Subtest: rejects cloud metadata IP literals (AWS/GCP/Azure all use 169.254.169.254)
    ok 1 - rejects cloud metadata IP literals (AWS/GCP/Azure all use 169.254.169.254)
      ---
      duration_ms: 0.585981
      type: 'test'
      ...
    # Subtest: rejects loopback literals
    ok 2 - rejects loopback literals
      ---
      duration_ms: 0.353747
      type: 'test'
      ...
    # Subtest: rejects RFC1918 private ranges
    ok 3 - rejects RFC1918 private ranges
      ---
      duration_ms: 0.353283
      type: 'test'
      ...
    # Subtest: rejects unique-local and IPv4-mapped private IPv6 literals
    ok 4 - rejects unique-local and IPv4-mapped private IPv6 literals
      ---
      duration_ms: 0.536184
      type: 'test'
      ...
    # Subtest: rejects localhost and internal/.local hostnames, including absolute DNS names
    ok 5 - rejects localhost and internal/.local hostnames, including absolute DNS names
      ---
      duration_ms: 0.465243
      type: 'test'
      ...
    # Subtest: rejects non-http(s) schemes
    ok 6 - rejects non-http(s) schemes
      ---
      duration_ms: 0.487941
      type: 'test'
      ...
    # Subtest: rejects userinfo-in-URL
    ok 7 - rejects userinfo-in-URL
      ---
      duration_ms: 0.164914
      type: 'test'
      ...
    # Subtest: private-network override only relaxes address policy, never scheme or userinfo
    ok 8 - private-network override only relaxes address policy, never scheme or userinfo
      ---
      duration_ms: 0.154768
      type: 'test'
      ...
    # Subtest: rejects alternate numeric-IP encodings (decimal/hex for 127.0.0.1)
    ok 9 - rejects alternate numeric-IP encodings (decimal/hex for 127.0.0.1)
      ---
      duration_ms: 0.11861
      type: 'test'
      ...
    # Subtest: accepts real public https provider URLs
    ok 10 - accepts real public https provider URLs
      ---
      duration_ms: 0.335273
      type: 'test'
      ...
    1..10
ok 2098 - ingress-security — SSRF guard unit coverage (ssrfUnsafeUrlReason)
  ---
  duration_ms: 4.195092
  type: 'suite'
  ...
# {"time":"2026-08-05T02:29:07.902Z","level":"info","msg":"request","method":"POST","path":"/api/ai-config","status":400,"ms":10}
# Subtest: routes/config — ingress security (HTTP behavior)
    # Subtest: POST /api/ai-config rejects a metadata-IP baseUrl with 400
    ok 1 - POST /api/ai-config rejects a metadata-IP baseUrl with 400
      ---
      duration_ms: 81.214417
      type: 'test'
      ...
# {"time":"2026-08-05T02:29:07.932Z","level":"info","msg":"request","method":"POST","path":"/api/ai-config","status":400,"ms":9}
    # Subtest: POST /api/ai-config rejects a loopback baseUrl with 400
    ok 2 - POST /api/ai-config rejects a loopback baseUrl with 400
      ---
      duration_ms: 21.092141
      type: 'test'
      ...
# {"time":"2026-08-05T02:29:07.943Z","level":"info","msg":"request","method":"POST","path":"/api/ai-config","status":400,"ms":1}
    # Subtest: POST /api/ai-config rejects an RFC1918 imgBaseUrl with 400
    ok 3 - POST /api/ai-config rejects an RFC1918 imgBaseUrl with 400
      ---
      duration_ms: 14.731119
      type: 'test'
      ...
# {"time":"2026-08-05T02:29:07.957Z","level":"info","msg":"request","method":"POST","path":"/api/ai-config","status":400,"ms":6}
    # Subtest: POST /api/ai-config rejects a non-http(s) ttsBaseUrl with 400
    ok 4 - POST /api/ai-config rejects a non-http(s) ttsBaseUrl with 400
      ---
      duration_ms: 9.330464
      type: 'test'
      ...
# {"time":"2026-08-05T02:29:07.972Z","level":"info","msg":"request","method":"POST","path":"/api/ai-config","status":400,"ms":1}
    # Subtest: POST /api/ai-config rejects a userinfo embBaseUrl with 400
    ok 5 - POST /api/ai-config rejects a userinfo embBaseUrl with 400
      ---
      duration_ms: 14.984454
      type: 'test'
      ...
# {"time":"2026-08-05T02:29:07.979Z","level":"info","msg":"request","method":"POST","path":"/api/ai-config","status":200,"ms":3}
    # Subtest: POST /api/ai-config accepts a real public https baseUrl with 200 (valid-input behavior preserved)
    ok 6 - POST /api/ai-config accepts a real public https baseUrl with 200 (valid-input behavior preserved)
      ---
      duration_ms: 7.266551
      type: 'test'
      ...
# {"time":"2026-08-05T02:29:07.984Z","level":"info","msg":"request","method":"POST","path":"/api/ai-config","status":200,"ms":1}
    # Subtest: POST /api/ai-config accepts a custom public gateway host with 200
    ok 7 - POST /api/ai-config accepts a custom public gateway host with 200
      ---
      duration_ms: 4.782623
      type: 'test'
      ...
# {"time":"2026-08-05T02:29:07.988Z","level":"info","msg":"request","method":"POST","path":"/api/ai-config","status":200,"ms":1}
    # Subtest: POST /api/ai-config still accepts an omitted baseUrl with 200 (Gemini-only config unaffected)
    ok 8 - POST /api/ai-config still accepts an omitted baseUrl with 200 (Gemini-only config unaffected)
      ---
      duration_ms: 4.011749
      type: 'test'
      ...
# {"time":"2026-08-05T02:29:07.997Z","level":"info","msg":"request","method":"GET","path":"/metrics","status":200,"ms":5}
    # Subtest: GET /metrics is reachable over loopback with no METRICS_TOKEN configured (documented default)
    ok 9 - GET /metrics is reachable over loopback with no METRICS_TOKEN configured (documented default)
      ---
      duration_ms: 9.868622
      type: 'test'
      ...
# {"time":"2026-08-05T02:29:08.006Z","level":"info","msg":"request","method":"GET","path":"/health","status":200,"ms":0}
    # Subtest: GET /health stays open with no auth required
    ok 10 - GET /health stays open with no auth required
      ---
      duration_ms: 8.344403
      type: 'test'
      ...
    1..10
ok 2099 - routes/config — ingress security (HTTP behavior)
  ---
  duration_ms: 908.109806
  type: 'suite'
  ...
# {"time":"2026-08-05T02:29:08.035Z","level":"info","msg":"request","method":"GET","path":"/metrics","status":404,"ms":0}
# Subtest: routes/config — /metrics with METRICS_TOKEN set
    # Subtest: returns 404 (not 401) with no Authorization header
    ok 1 - returns 404 (not 401) with no Authorization header
      ---
      duration_ms: 25.481962
      type: 'test'
      ...
# {"time":"2026-08-05T02:29:08.043Z","level":"info","msg":"request","method":"GET","path":"/metrics","status":404,"ms":0}
    # Subtest: returns 404 with an incorrect bearer token
    ok 2 - returns 404 with an incorrect bearer token
      ---
      duration_ms: 4.302348
      type: 'test'
      ...
# {"time":"2026-08-05T02:29:08.047Z","level":"info","msg":"request","method":"GET","path":"/metrics","status":200,"ms":1}
    # Subtest: returns 200 with the correct bearer token
    ok 3 - returns 200 with the correct bearer token
      ---
      duration_ms: 4.554545
      type: 'test'
      ...
# {"time":"2026-08-05T02:29:08.051Z","level":"info","msg":"request","method":"GET","path":"/health","status":200,"ms":0}
    # Subtest: /health remains open even when METRICS_TOKEN is set
    ok 4 - /health remains open even when METRICS_TOKEN is set
      ---
      duration_ms: 3.951151
      type: 'test'
      ...
    1..4
ok 2100 - routes/config — /metrics with METRICS_TOKEN set
  ---
  duration_ms: 40.572719
  type: 'suite'
  ...
# {"time":"2026-08-05T02:29:08.067Z","level":"info","msg":"request","method":"POST","path":"/api/collab/token","status":200,"ms":6}
# Subtest: routes/collab — token minting (HTTP behavior)
    # Subtest: POST /api/collab/token mints a token for any syntactically-valid room name (bearer-capability model)
    ok 1 - POST /api/collab/token mints a token for any syntactically-valid room name (bearer-capability model)
      ---
      duration_ms: 13.400207
      type: 'test'
      ...
# {"time":"2026-08-05T02:29:08.079Z","level":"info","msg":"request","method":"POST","path":"/api/collab/token","status":400,"ms":7}
    # Subtest: POST /api/collab/token rejects a malformed room name with 400
    ok 2 - POST /api/collab/token rejects a malformed room name with 400
      ---
      duration_ms: 11.555746
      type: 'test'
      ...
    1..2
ok 2101 - routes/collab — token minting (HTTP behavior)
  ---
  duration_ms: 27.033778
  type: 'suite'
  ...
# {"time":"2026-08-05T02:29:08.089Z","level":"info","msg":"request","method":"POST","path":"/api/collab/token","status":503,"ms":1}
# Subtest: routes/collab — COLLAB_SECRET production gate
    # Subtest: refuses to mint a token with 503 when NODE_ENV=production and COLLAB_SECRET is unset
    ok 1 - refuses to mint a token with 503 when NODE_ENV=production and COLLAB_SECRET is unset
      ---
      duration_ms: 7.372025
      type: 'test'
      ...
    1..1
ok 2102 - routes/collab — COLLAB_SECRET production gate
  ---
  duration_ms: 9.328816
  type: 'suite'
  ...
# {"time":"2026-08-05T02:29:08.124Z","level":"info","msg":"request","method":"POST","path":"/api/run-room","status":404,"ms":11}
# {"time":"2026-08-05T02:29:08.129Z","level":"info","msg":"request","method":"POST","path":"/api/run-room","status":404,"ms":1}
# {"time":"2026-08-05T02:29:08.131Z","level":"info","msg":"request","method":"POST","path":"/api/run-room","status":404,"ms":1}
# {"time":"2026-08-05T02:29:08.133Z","level":"info","msg":"request","method":"POST","path":"/api/run-room","status":404,"ms":0}
# {"time":"2026-08-05T02:29:08.135Z","level":"info","msg":"request","method":"POST","path":"/api/run-room","status":404,"ms":0}
# {"time":"2026-08-05T02:29:08.138Z","level":"info","msg":"request","method":"POST","path":"/api/run-room","status":404,"ms":1}
# {"time":"2026-08-05T02:29:08.140Z","level":"info","msg":"request","method":"POST","path":"/api/run-room","status":404,"ms":1}
# {"time":"2026-08-05T02:29:08.142Z","level":"info","msg":"request","method":"POST","path":"/api/run-room","status":404,"ms":1}
# {"time":"2026-08-05T02:29:08.144Z","level":"info","msg":"request","method":"POST","path":"/api/run-room","status":404,"ms":1}
# {"time":"2026-08-05T02:29:08.146Z","level":"info","msg":"request","method":"POST","path":"/api/run-room","status":404,"ms":1}
# {"time":"2026-08-05T02:29:08.148Z","level":"info","msg":"request","method":"POST","path":"/api/run-room","status":404,"ms":1}
# {"time":"2026-08-05T02:29:08.150Z","level":"info","msg":"request","method":"POST","path":"/api/run-room","status":404,"ms":0}
# {"time":"2026-08-05T02:29:08.152Z","level":"info","msg":"request","method":"POST","path":"/api/run-room","status":404,"ms":0}
# {"time":"2026-08-05T02:29:08.154Z","level":"info","msg":"request","method":"POST","path":"/api/run-room","status":404,"ms":0}
# {"time":"2026-08-05T02:29:08.156Z","level":"info","msg":"request","method":"POST","path":"/api/run-room","status":404,"ms":0}
# {"time":"2026-08-05T02:29:08.159Z","level":"info","msg":"request","method":"POST","path":"/api/run-room","status":404,"ms":1}
# {"time":"2026-08-05T02:29:08.161Z","level":"info","msg":"request","method":"POST","path":"/api/run-room","status":404,"ms":1}
# {"time":"2026-08-05T02:29:08.163Z","level":"info","msg":"request","method":"POST","path":"/api/run-room","status":404,"ms":0}
# {"time":"2026-08-05T02:29:08.166Z","level":"info","msg":"request","method":"POST","path":"/api/run-room","status":404,"ms":1}
# {"time":"2026-08-05T02:29:08.168Z","level":"info","msg":"request","method":"POST","path":"/api/run-room","status":404,"ms":1}
# {"time":"2026-08-05T02:29:08.170Z","level":"info","msg":"request","method":"POST","path":"/api/run-room","status":429,"ms":1}
# Subtest: routes/game — run-room limiter tier
    # Subtest: POST /api/run-room hits aiLimiter's lower ceiling (20/min), not gameLimiter's (120/min)
    ok 1 - POST /api/run-room hits aiLimiter's lower ceiling (20/min), not gameLimiter's (120/min)
      ---
      duration_ms: 78.771562
      type: 'test'
      ...
# {"time":"2026-08-05T02:29:08.174Z","level":"info","msg":"request","method":"GET","path":"/api/run-room-stream","status":429,"ms":1}
    # Subtest: GET /api/run-room-stream hits aiLimiter's lower ceiling (20/min)
    ok 2 - GET /api/run-room-stream hits aiLimiter's lower ceiling (20/min)
      ---
      duration_ms: 4.514874
      type: 'test'
      ...
    1..2
ok 2103 - routes/game — run-room limiter tier
  ---
  duration_ms: 85.128395
  type: 'suite'
  ...
# {"time":"2026-08-05T02:29:08.448Z","level":"warn","msg":"collab_secret_generated","message":"COLLAB_SECRET not set — generated an ephemeral per-process secret. Set COLLAB_SECRET in any multi-process or restart-prone deployment."}
# {"time":"2026-08-05T02:29:08.494Z","level":"info","msg":"request","method":"GET","path":"/health","status":200,"ms":5}
# {"time":"2026-08-05T02:29:08.508Z","level":"info","msg":"request","method":"GET","path":"/api/ai-config","status":200,"ms":4}
# Subtest: G0-09 — keyless deterministic session emits zero provider calls
    # Subtest: health + config: server boots keyless into analysis-only mode
    ok 1 - health + config: server boots keyless into analysis-only mode
      ---
      duration_ms: 51.142307
      type: 'test'
      ...
# {"time":"2026-08-05T02:29:10.331Z","level":"info","msg":"request","method":"POST","path":"/api/scriptide/doctor","status":200,"ms":1802}
    # Subtest: full 14-pass doctor coverage on the sample succeeds deterministically
    ok 2 - full 14-pass doctor coverage on the sample succeeds deterministically
      ---
      duration_ms: 1829.544517
      type: 'test'
      ...
# {"time":"2026-08-05T02:29:10.353Z","level":"info","msg":"request","method":"POST","path":"/api/scriptide/diagnose","status":200,"ms":7}
    # Subtest: diagnose-as-you-type on the sample succeeds deterministically
    ok 3 - diagnose-as-you-type on the sample succeeds deterministically
      ---
      duration_ms: 13.68781
      type: 'test'
      ...
# {"time":"2026-08-05T02:29:10.372Z","level":"info","msg":"request","method":"POST","path":"/api/scriptide/save","status":200,"ms":13}
# {"time":"2026-08-05T02:29:10.377Z","level":"info","msg":"request","method":"GET","path":"/api/scriptide/load","status":200,"ms":1}
    # Subtest: draft save/load round-trips
    ok 4 - draft save/load round-trips
      ---
      duration_ms: 22.367359
      type: 'test'
      ...
# {"time":"2026-08-05T02:29:10.383Z","level":"info","msg":"request","method":"GET","path":"/api/scriptide/complete","status":503,"ms":2}
    # Subtest: gated AI routes refuse honestly (503), not silently attempt
    ok 5 - gated AI routes refuse honestly (503), not silently attempt
      ---
      duration_ms: 5.44134
      type: 'test'
      ...
    # Subtest: ZERO provider calls and ZERO external network requests occurred
    ok 6 - ZERO provider calls and ZERO external network requests occurred
      ---
      duration_ms: 1.047947
      type: 'test'
      ...
# {"time":"2026-08-05T02:29:10.394Z","level":"error","msg":"unhandled_error","message":"spy","stack":"Error: spy\\n    at Object.generate (file:///app/tests/routes/keyless-smoke.test.ts:56:83)\\n    at file:///app/server/engine/ai.ts:437:38\\n    at withRetry (file:///app/server/engine/ai.ts:402:20)\\n    at generateContent (file:///app/server/engine/ai.ts:428:17)\\n    at file:///app/server/routes/scriptide.ts:933:73\\n    at process.processTicksAndRejections (node:internal/process/task_queues:103:5)","method":"POST","path":"/api/scriptide/world-build"}
# {"time":"2026-08-05T02:29:10.395Z","level":"info","msg":"request","method":"POST","path":"/api/scriptide/world-build","status":500,"ms":7}
    # Subtest: sensitivity: the harness DOES catch a real provider call (falsifiability)
    ok 7 - sensitivity: the harness DOES catch a real provider call (falsifiability)
      ---
      duration_ms: 10.414811
      type: 'test'
      ...
    1..7
ok 2104 - G0-09 — keyless deterministic session emits zero provider calls
  ---
  duration_ms: 2833.285866
  type: 'suite'
  ...
# {"time":"2026-08-05T02:29:09.255Z","level":"warn","msg":"collab_secret_generated","message":"COLLAB_SECRET not set — generated an ephemeral per-process secret. Set COLLAB_SECRET in any multi-process or restart-prone deployment."}
# {"time":"2026-08-05T02:29:09.315Z","level":"info","msg":"request","method":"GET","path":"/api/nvm/commits","status":200,"ms":21}
# {"time":"2026-08-05T02:29:09.329Z","level":"info","msg":"request","method":"GET","path":"/api/nvm/commits","status":200,"ms":3}
# {"time":"2026-08-05T02:29:09.333Z","level":"info","msg":"request","method":"GET","path":"/api/nvm/commits","status":200,"ms":1}
# {"time":"2026-08-05T02:29:09.336Z","level":"info","msg":"request","method":"GET","path":"/api/nvm/commits","status":200,"ms":1}
# {"time":"2026-08-05T02:29:09.339Z","level":"info","msg":"request","method":"GET","path":"/api/nvm/commits","status":200,"ms":1}
# {"time":"2026-08-05T02:29:09.342Z","level":"info","msg":"request","method":"GET","path":"/api/nvm/commits","status":200,"ms":1}
# {"time":"2026-08-05T02:29:09.345Z","level":"info","msg":"request","method":"GET","path":"/api/nvm/commits","status":200,"ms":1}
# {"time":"2026-08-05T02:29:09.347Z","level":"info","msg":"request","method":"GET","path":"/api/nvm/commits","status":200,"ms":0}
# {"time":"2026-08-05T02:29:09.352Z","level":"info","msg":"request","method":"GET","path":"/api/nvm/commits","status":200,"ms":2}
# {"time":"2026-08-05T02:29:09.356Z","level":"info","msg":"request","method":"GET","path":"/api/nvm/commits","status":200,"ms":1}
# {"time":"2026-08-05T02:29:09.359Z","level":"info","msg":"request","method":"GET","path":"/api/nvm/commits","status":200,"ms":1}
# {"time":"2026-08-05T02:29:09.361Z","level":"info","msg":"request","method":"GET","path":"/api/nvm/commits","status":200,"ms":1}
# {"time":"2026-08-05T02:29:09.365Z","level":"info","msg":"request","method":"GET","path":"/api/nvm/commits","status":200,"ms":0}
# {"time":"2026-08-05T02:29:09.374Z","level":"info","msg":"request","method":"GET","path":"/api/nvm/commits","status":200,"ms":1}
# {"time":"2026-08-05T02:29:09.376Z","level":"info","msg":"request","method":"GET","path":"/api/nvm/commits","status":200,"ms":1}
# {"time":"2026-08-05T02:29:09.378Z","level":"info","msg":"request","method":"GET","path":"/api/nvm/commits","status":200,"ms":1}
# {"time":"2026-08-05T02:29:09.380Z","level":"info","msg":"request","method":"GET","path":"/api/nvm/commits","status":200,"ms":1}
# {"time":"2026-08-05T02:29:09.386Z","level":"info","msg":"request","method":"GET","path":"/api/nvm/commits","status":200,"ms":1}
# {"time":"2026-08-05T02:29:09.387Z","level":"info","msg":"request","method":"GET","path":"/api/nvm/commits","status":200,"ms":0}
# {"time":"2026-08-05T02:29:09.389Z","level":"info","msg":"request","method":"GET","path":"/api/nvm/commits","status":200,"ms":0}
# {"time":"2026-08-05T02:29:09.391Z","level":"info","msg":"request","method":"GET","path":"/api/nvm/commits","status":200,"ms":0}
# {"time":"2026-08-05T02:29:09.393Z","level":"info","msg":"request","method":"GET","path":"/api/nvm/commits","status":200,"ms":1}
# {"time":"2026-08-05T02:29:09.395Z","level":"info","msg":"request","method":"GET","path":"/api/nvm/commits","status":200,"ms":1}
# {"time":"2026-08-05T02:29:09.397Z","level":"info","msg":"request","method":"GET","path":"/api/nvm/commits","status":200,"ms":1}
# {"time":"2026-08-05T02:29:09.398Z","level":"info","msg":"request","method":"GET","path":"/api/nvm/commits","status":200,"ms":0}
# {"time":"2026-08-05T02:29:09.400Z","level":"info","msg":"request","method":"GET","path":"/api/nvm/commits","status":200,"ms":1}
# {"time":"2026-08-05T02:29:09.402Z","level":"info","msg":"request","method":"GET","path":"/api/nvm/commits","status":200,"ms":1}
# {"time":"2026-08-05T02:29:09.403Z","level":"info","msg":"request","method":"GET","path":"/api/nvm/commits","status":200,"ms":0}
# {"time":"2026-08-05T02:29:09.405Z","level":"info","msg":"request","method":"GET","path":"/api/nvm/commits","status":200,"ms":1}
# {"time":"2026-08-05T02:29:09.407Z","level":"info","msg":"request","method":"GET","path":"/api/nvm/commits","status":200,"ms":1}
# {"time":"2026-08-05T02:29:09.409Z","level":"info","msg":"request","method":"GET","path":"/api/nvm/commits","status":200,"ms":1}
# {"time":"2026-08-05T02:29:09.410Z","level":"info","msg":"request","method":"GET","path":"/api/nvm/commits","status":200,"ms":0}
# {"time":"2026-08-05T02:29:09.412Z","level":"info","msg":"request","method":"GET","path":"/api/nvm/commits","status":200,"ms":0}
# {"time":"2026-08-05T02:29:09.414Z","level":"info","msg":"request","method":"GET","path":"/api/nvm/commits","status":200,"ms":1}
# {"time":"2026-08-05T02:29:09.416Z","level":"info","msg":"request","method":"GET","path":"/api/nvm/commits","status":200,"ms":1}
# {"time":"2026-08-05T02:29:09.418Z","level":"info","msg":"request","method":"GET","path":"/api/nvm/commits","status":200,"ms":1}
# {"time":"2026-08-05T02:29:09.419Z","level":"info","msg":"request","method":"GET","path":"/api/nvm/commits","status":200,"ms":0}
# {"time":"2026-08-05T02:29:09.422Z","level":"info","msg":"request","method":"GET","path":"/api/nvm/commits","status":200,"ms":1}
# {"time":"2026-08-05T02:29:09.423Z","level":"info","msg":"request","method":"GET","path":"/api/nvm/commits","status":200,"ms":0}
# {"time":"2026-08-05T02:29:09.425Z","level":"info","msg":"request","method":"GET","path":"/api/nvm/commits","status":200,"ms":1}
# {"time":"2026-08-05T02:29:09.427Z","level":"info","msg":"request","method":"GET","path":"/api/nvm/commits","status":200,"ms":1}
# {"time":"2026-08-05T02:29:09.428Z","level":"info","msg":"request","method":"GET","path":"/api/nvm/commits","status":200,"ms":0}
# {"time":"2026-08-05T02:29:09.430Z","level":"info","msg":"request","method":"GET","path":"/api/nvm/commits","status":200,"ms":1}
# {"time":"2026-08-05T02:29:09.431Z","level":"info","msg":"request","method":"GET","path":"/api/nvm/commits","status":200,"ms":0}
# {"time":"2026-08-05T02:29:09.433Z","level":"info","msg":"request","method":"GET","path":"/api/nvm/commits","status":200,"ms":0}
# {"time":"2026-08-05T02:29:09.435Z","level":"info","msg":"request","method":"GET","path":"/api/nvm/commits","status":200,"ms":1}
# {"time":"2026-08-05T02:29:09.437Z","level":"info","msg":"request","method":"GET","path":"/api/nvm/commits","status":200,"ms":1}
# {"time":"2026-08-05T02:29:09.439Z","level":"info","msg":"request","method":"GET","path":"/api/nvm/commits","status":200,"ms":1}
# {"time":"2026-08-05T02:29:09.440Z","level":"info","msg":"request","method":"GET","path":"/api/nvm/commits","status":200,"ms":0}
# {"time":"2026-08-05T02:29:09.442Z","level":"info","msg":"request","method":"GET","path":"/api/nvm/commits","status":200,"ms":1}
# {"time":"2026-08-05T02:29:09.444Z","level":"info","msg":"request","method":"GET","path":"/api/nvm/commits","status":200,"ms":1}
# {"time":"2026-08-05T02:29:09.445Z","level":"info","msg":"request","method":"GET","path":"/api/nvm/commits","status":200,"ms":0}
# {"time":"2026-08-05T02:29:09.447Z","level":"info","msg":"request","method":"GET","path":"/api/nvm/commits","status":200,"ms":1}
# {"time":"2026-08-05T02:29:09.449Z","level":"info","msg":"request","method":"GET","path":"/api/nvm/commits","status":200,"ms":1}
# {"time":"2026-08-05T02:29:09.450Z","level":"info","msg":"request","method":"GET","path":"/api/nvm/commits","status":200,"ms":0}
# {"time":"2026-08-05T02:29:09.472Z","level":"info","msg":"request","method":"GET","path":"/api/nvm/commits","status":200,"ms":1}
# {"time":"2026-08-05T02:29:09.474Z","level":"info","msg":"request","method":"GET","path":"/api/nvm/commits","status":200,"ms":0}
# {"time":"2026-08-05T02:29:09.476Z","level":"info","msg":"request","method":"GET","path":"/api/nvm/commits","status":200,"ms":0}
# {"time":"2026-08-05T02:29:09.481Z","level":"info","msg":"request","method":"GET","path":"/api/nvm/commits","status":200,"ms":1}
# {"time":"2026-08-05T02:29:09.482Z","level":"info","msg":"request","method":"GET","path":"/api/nvm/commits","status":200,"ms":0}
# {"time":"2026-08-05T02:29:09.486Z","level":"info","msg":"request","method":"GET","path":"/api/nvm/commits","status":200,"ms":3}
# {"time":"2026-08-05T02:29:09.488Z","level":"info","msg":"request","method":"GET","path":"/api/nvm/commits","status":200,"ms":1}
# {"time":"2026-08-05T02:29:09.489Z","level":"info","msg":"request","method":"GET","path":"/api/nvm/commits","status":200,"ms":0}
# {"time":"2026-08-05T02:29:09.491Z","level":"info","msg":"request","method":"GET","path":"/api/nvm/commits","status":200,"ms":1}
# {"time":"2026-08-05T02:29:09.492Z","level":"info","msg":"request","method":"GET","path":"/api/nvm/commits","status":200,"ms":0}
# {"time":"2026-08-05T02:29:09.494Z","level":"info","msg":"request","method":"GET","path":"/api/nvm/commits","status":200,"ms":1}
# {"time":"2026-08-05T02:29:09.495Z","level":"info","msg":"request","method":"GET","path":"/api/nvm/commits","status":200,"ms":0}
# {"time":"2026-08-05T02:29:09.501Z","level":"info","msg":"request","method":"GET","path":"/api/nvm/commits","status":200,"ms":1}
# {"time":"2026-08-05T02:29:09.503Z","level":"info","msg":"request","method":"GET","path":"/api/nvm/commits","status":200,"ms":1}
# {"time":"2026-08-05T02:29:09.509Z","level":"info","msg":"request","method":"GET","path":"/api/nvm/commits","status":200,"ms":5}
# {"time":"2026-08-05T02:29:09.510Z","level":"info","msg":"request","method":"GET","path":"/api/nvm/commits","status":200,"ms":0}
# {"time":"2026-08-05T02:29:09.516Z","level":"info","msg":"request","method":"GET","path":"/api/nvm/commits","status":200,"ms":5}
# {"time":"2026-08-05T02:29:09.518Z","level":"info","msg":"request","method":"GET","path":"/api/nvm/commits","status":200,"ms":1}
# {"time":"2026-08-05T02:29:09.520Z","level":"info","msg":"request","method":"GET","path":"/api/nvm/commits","status":200,"ms":1}
# {"time":"2026-08-05T02:29:09.521Z","level":"info","msg":"request","method":"GET","path":"/api/nvm/commits","status":200,"ms":0}
# {"time":"2026-08-05T02:29:09.523Z","level":"info","msg":"request","method":"GET","path":"/api/nvm/commits","status":200,"ms":1}
# {"time":"2026-08-05T02:29:09.526Z","level":"info","msg":"request","method":"GET","path":"/api/nvm/commits","status":200,"ms":1}
# {"time":"2026-08-05T02:29:09.527Z","level":"info","msg":"request","method":"GET","path":"/api/nvm/commits","status":200,"ms":0}
# {"time":"2026-08-05T02:29:09.529Z","level":"info","msg":"request","method":"GET","path":"/api/nvm/commits","status":200,"ms":1}
# {"time":"2026-08-05T02:29:09.530Z","level":"info","msg":"request","method":"GET","path":"/api/nvm/commits","status":200,"ms":0}
# {"time":"2026-08-05T02:29:09.533Z","level":"info","msg":"request","method":"GET","path":"/api/nvm/commits","status":200,"ms":2}
# {"time":"2026-08-05T02:29:09.535Z","level":"info","msg":"request","method":"GET","path":"/api/nvm/commits","status":200,"ms":1}
# {"time":"2026-08-05T02:29:09.536Z","level":"info","msg":"request","method":"GET","path":"/api/nvm/commits","status":200,"ms":0}
# {"time":"2026-08-05T02:29:09.538Z","level":"info","msg":"request","method":"GET","path":"/api/nvm/commits","status":200,"ms":0}
# {"time":"2026-08-05T02:29:09.540Z","level":"info","msg":"request","method":"GET","path":"/api/nvm/commits","status":200,"ms":1}
# {"time":"2026-08-05T02:29:09.541Z","level":"info","msg":"request","method":"GET","path":"/api/nvm/commits","status":200,"ms":0}
# {"time":"2026-08-05T02:29:09.543Z","level":"info","msg":"request","method":"GET","path":"/api/nvm/commits","status":200,"ms":1}
# {"time":"2026-08-05T02:29:09.544Z","level":"info","msg":"request","method":"GET","path":"/api/nvm/commits","status":200,"ms":1}
# {"time":"2026-08-05T02:29:09.545Z","level":"info","msg":"request","method":"GET","path":"/api/nvm/commits","status":200,"ms":0}
# {"time":"2026-08-05T02:29:09.547Z","level":"info","msg":"request","method":"GET","path":"/api/nvm/commits","status":200,"ms":0}
# {"time":"2026-08-05T02:29:09.549Z","level":"info","msg":"request","method":"GET","path":"/api/nvm/commits","status":200,"ms":1}
# {"time":"2026-08-05T02:29:09.550Z","level":"info","msg":"request","method":"GET","path":"/api/nvm/commits","status":200,"ms":0}
# {"time":"2026-08-05T02:29:09.552Z","level":"info","msg":"request","method":"GET","path":"/api/nvm/commits","status":200,"ms":1}
# {"time":"2026-08-05T02:29:09.554Z","level":"info","msg":"request","method":"GET","path":"/api/nvm/commits","status":200,"ms":1}
# {"time":"2026-08-05T02:29:09.556Z","level":"info","msg":"request","method":"GET","path":"/api/nvm/commits","status":200,"ms":2}
# {"time":"2026-08-05T02:29:09.558Z","level":"info","msg":"request","method":"GET","path":"/api/nvm/commits","status":200,"ms":1}
# {"time":"2026-08-05T02:29:09.559Z","level":"info","msg":"request","method":"GET","path":"/api/nvm/commits","status":200,"ms":1}
# {"time":"2026-08-05T02:29:09.560Z","level":"info","msg":"request","method":"GET","path":"/api/nvm/commits","status":200,"ms":0}
# {"time":"2026-08-05T02:29:09.562Z","level":"info","msg":"request","method":"GET","path":"/api/nvm/commits","status":200,"ms":1}
# {"time":"2026-08-05T02:29:09.563Z","level":"info","msg":"request","method":"GET","path":"/api/nvm/commits","status":200,"ms":0}
# {"time":"2026-08-05T02:29:09.565Z","level":"info","msg":"request","method":"GET","path":"/api/nvm/commits","status":200,"ms":1}
# {"time":"2026-08-05T02:29:09.566Z","level":"info","msg":"request","method":"GET","path":"/api/nvm/commits","status":200,"ms":0}
# {"time":"2026-08-05T02:29:09.567Z","level":"info","msg":"request","method":"GET","path":"/api/nvm/commits","status":200,"ms":0}
# {"time":"2026-08-05T02:29:09.569Z","level":"info","msg":"request","method":"GET","path":"/api/nvm/commits","status":200,"ms":1}
# {"time":"2026-08-05T02:29:09.570Z","level":"info","msg":"request","method":"GET","path":"/api/nvm/commits","status":200,"ms":0}
# {"time":"2026-08-05T02:29:09.572Z","level":"info","msg":"request","method":"GET","path":"/api/nvm/commits","status":200,"ms":1}
# {"time":"2026-08-05T02:29:09.573Z","level":"info","msg":"request","method":"GET","path":"/api/nvm/commits","status":200,"ms":1}
# {"time":"2026-08-05T02:29:09.574Z","level":"info","msg":"request","method":"GET","path":"/api/nvm/commits","status":200,"ms":0}
# {"time":"2026-08-05T02:29:09.576Z","level":"info","msg":"request","method":"GET","path":"/api/nvm/commits","status":200,"ms":1}
# {"time":"2026-08-05T02:29:09.577Z","level":"info","msg":"request","method":"GET","path":"/api/nvm/commits","status":200,"ms":1}
# {"time":"2026-08-05T02:29:09.578Z","level":"info","msg":"request","method":"GET","path":"/api/nvm/commits","status":200,"ms":0}
# {"time":"2026-08-05T02:29:09.580Z","level":"info","msg":"request","method":"GET","path":"/api/nvm/commits","status":200,"ms":1}
# {"time":"2026-08-05T02:29:09.581Z","level":"info","msg":"request","method":"GET","path":"/api/nvm/commits","status":200,"ms":0}
# {"time":"2026-08-05T02:29:09.582Z","level":"info","msg":"request","method":"GET","path":"/api/nvm/commits","status":200,"ms":0}
# {"time":"2026-08-05T02:29:09.584Z","level":"info","msg":"request","method":"GET","path":"/api/nvm/commits","status":200,"ms":1}
# {"time":"2026-08-05T02:29:09.585Z","level":"info","msg":"request","method":"GET","path":"/api/nvm/commits","status":200,"ms":1}
# {"time":"2026-08-05T02:29:09.586Z","level":"info","msg":"request","method":"GET","path":"/api/nvm/commits","status":200,"ms":0}
# {"time":"2026-08-05T02:29:09.588Z","level":"info","msg":"request","method":"GET","path":"/api/nvm/commits","status":200,"ms":1}
# {"time":"2026-08-05T02:29:09.589Z","level":"info","msg":"request","method":"GET","path":"/api/nvm/commits","status":200,"ms":0}
# {"time":"2026-08-05T02:29:09.590Z","level":"info","msg":"request","method":"GET","path":"/api/nvm/commits","status":200,"ms":0}
# {"time":"2026-08-05T02:29:09.592Z","level":"info","msg":"request","method":"GET","path":"/api/nvm/commits","status":429,"ms":1}
# Subtest: rate limiters — HTTP behavior
    # Subtest: gameLimiter returns 429 after 120 requests/min to a gameLimiter-protected route
    ok 1 - gameLimiter returns 429 after 120 requests/min to a gameLimiter-protected route
      ---
      duration_ms: 324.710614
      type: 'test'
      ...
# {"time":"2026-08-05T02:29:09.612Z","level":"info","msg":"request","method":"POST","path":"/api/scriptide/clean-action","status":400,"ms":3}
# {"time":"2026-08-05T02:29:09.615Z","level":"info","msg":"request","method":"POST","path":"/api/scriptide/clean-action","status":400,"ms":1}
# {"time":"2026-08-05T02:29:09.617Z","level":"info","msg":"request","method":"POST","path":"/api/scriptide/clean-action","status":400,"ms":0}
# {"time":"2026-08-05T02:29:09.620Z","level":"info","msg":"request","method":"POST","path":"/api/scriptide/clean-action","status":400,"ms":1}
# {"time":"2026-08-05T02:29:09.622Z","level":"info","msg":"request","method":"POST","path":"/api/scriptide/clean-action","status":400,"ms":1}
# {"time":"2026-08-05T02:29:09.624Z","level":"info","msg":"request","method":"POST","path":"/api/scriptide/clean-action","status":400,"ms":1}
# {"time":"2026-08-05T02:29:09.626Z","level":"info","msg":"request","method":"POST","path":"/api/scriptide/clean-action","status":400,"ms":0}
# {"time":"2026-08-05T02:29:09.628Z","level":"info","msg":"request","method":"POST","path":"/api/scriptide/clean-action","status":400,"ms":1}
# {"time":"2026-08-05T02:29:09.631Z","level":"info","msg":"request","method":"POST","path":"/api/scriptide/clean-action","status":400,"ms":0}
# {"time":"2026-08-05T02:29:09.634Z","level":"info","msg":"request","method":"POST","path":"/api/scriptide/clean-action","status":400,"ms":1}
# {"time":"2026-08-05T02:29:09.636Z","level":"info","msg":"request","method":"POST","path":"/api/scriptide/clean-action","status":400,"ms":1}
# {"time":"2026-08-05T02:29:09.638Z","level":"info","msg":"request","method":"POST","path":"/api/scriptide/clean-action","status":400,"ms":1}
# {"time":"2026-08-05T02:29:09.639Z","level":"info","msg":"request","method":"POST","path":"/api/scriptide/clean-action","status":400,"ms":0}
# {"time":"2026-08-05T02:29:09.641Z","level":"info","msg":"request","method":"POST","path":"/api/scriptide/clean-action","status":400,"ms":0}
# {"time":"2026-08-05T02:29:09.643Z","level":"info","msg":"request","method":"POST","path":"/api/scriptide/clean-action","status":400,"ms":0}
# {"time":"2026-08-05T02:29:09.645Z","level":"info","msg":"request","method":"POST","path":"/api/scriptide/clean-action","status":400,"ms":0}
# {"time":"2026-08-05T02:29:09.647Z","level":"info","msg":"request","method":"POST","path":"/api/scriptide/clean-action","status":400,"ms":1}
# {"time":"2026-08-05T02:29:09.649Z","level":"info","msg":"request","method":"POST","path":"/api/scriptide/clean-action","status":400,"ms":1}
# {"time":"2026-08-05T02:29:09.651Z","level":"info","msg":"request","method":"POST","path":"/api/scriptide/clean-action","status":400,"ms":1}
# {"time":"2026-08-05T02:29:09.653Z","level":"info","msg":"request","method":"POST","path":"/api/scriptide/clean-action","status":400,"ms":1}
# {"time":"2026-08-05T02:29:09.654Z","level":"info","msg":"request","method":"POST","path":"/api/scriptide/clean-action","status":429,"ms":0}
    # Subtest: aiLimiter returns 429 after 20 requests/min to an aiLimiter-protected route
    ok 2 - aiLimiter returns 429 after 20 requests/min to an aiLimiter-protected route
      ---
      duration_ms: 61.21605
      type: 'test'
      ...
    1..2
ok 2105 - rate limiters — HTTP behavior
  ---
  duration_ms: 1323.120169
  type: 'suite'
  ...
# Subtest: llmReady — readiness follows the configured provider
    # Subtest: keyless baseline: no source set → llmReady is false (no-fire)
    ok 1 - keyless baseline: no source set → llmReady is false (no-fire)
      ---
      duration_ms: 1.203955
      type: 'test'
      ...
    # Subtest: GEMINI_API_KEY → ready only when Gemini is the selected provider
    ok 2 - GEMINI_API_KEY → ready only when Gemini is the selected provider
      ---
      duration_ms: 0.678067
      type: 'test'
      ...
    # Subtest: OPENROUTER_API_KEY alone is not ready for the ScriptIDE workflow
    ok 3 - OPENROUTER_API_KEY alone is not ready for the ScriptIDE workflow
      ---
      duration_ms: 0.394652
      type: 'test'
      ...
    # Subtest: clearing the active Gemini credential flips readiness back to false
    ok 4 - clearing the active Gemini credential flips readiness back to false
      ---
      duration_ms: 0.285249
      type: 'test'
      ...
    # Subtest: keyless local model server (openai-compat + baseUrl, no key) → ready
    ok 5 - keyless local model server (openai-compat + baseUrl, no key) → ready
      ---
      duration_ms: 8.757006
      type: 'test'
      ...
    # Subtest: keyless public openai-compat endpoint is not ready
    ok 6 - keyless public openai-compat endpoint is not ready
      ---
      duration_ms: 0.492372
      type: 'test'
      ...
    # Subtest: runtime config key → ready only for openai-compat, never Gemini
    ok 7 - runtime config key → ready only for openai-compat, never Gemini
      ---
      duration_ms: 0.519674
      type: 'test'
      ...
    1..7
ok 2106 - llmReady — readiness follows the configured provider
  ---
  duration_ms: 15.739506
  type: 'suite'
  ...
# {"time":"2026-08-05T02:29:10.702Z","level":"warn","msg":"collab_secret_generated","message":"COLLAB_SECRET not set — generated an ephemeral per-process secret. Set COLLAB_SECRET in any multi-process or restart-prone deployment."}
# {"time":"2026-08-05T02:29:10.817Z","level":"warn","msg":"llm_generator_failed","sceneIdx":0,"message":"Gemini provider not available (GEMINI_API_KEY not set)"}
# {"time":"2026-08-05T02:29:10.829Z","level":"info","msg":"request","method":"POST","path":"/api/nvm/converge","status":200,"ms":71}
# Subtest: routes/nvm — converge candidate selection & commit
    # Subtest: POST /api/nvm/converge (sceneIdx 0, trivial targets) converges at iteration 0 with a non-null winner, scored candidates[], and no roomTranscript
    ok 1 - POST /api/nvm/converge (sceneIdx 0, trivial targets) converges at iteration 0 with a non-null winner, scored candidates[], and no roomTranscript
      ---
      duration_ms: 136.510569
      type: 'test'
      ...
# {"time":"2026-08-05T02:29:10.868Z","level":"warn","msg":"llm_generator_failed","sceneIdx":3,"message":"Gemini provider not available (GEMINI_API_KEY not set)"}
# {"time":"2026-08-05T02:29:10.871Z","level":"info","msg":"request","method":"POST","path":"/api/nvm/converge","status":200,"ms":12}
# {"time":"2026-08-05T02:29:10.882Z","level":"info","msg":"request","method":"GET","path":"/api/nvm/ghost-commits","status":200,"ms":2}
    # Subtest: POST /api/nvm/converge (sceneIdx > 0) — stub candidates declare no preconditions, so CausalProof blocks every one of them and winner is null
    ok 2 - POST /api/nvm/converge (sceneIdx > 0) — stub candidates declare no preconditions, so CausalProof blocks every one of them and winner is null
      ---
      duration_ms: 32.580728
      type: 'test'
      ...
# {"time":"2026-08-05T02:29:10.893Z","level":"warn","msg":"llm_generator_failed","sceneIdx":0,"message":"Gemini provider not available (GEMINI_API_KEY not set)"}
# {"time":"2026-08-05T02:29:10.906Z","level":"warn","msg":"llm_generator_failed","sceneIdx":0,"message":"Gemini provider not available (GEMINI_API_KEY not set)"}
# {"time":"2026-08-05T02:29:10.910Z","level":"info","msg":"request","method":"POST","path":"/api/nvm/converge","status":200,"ms":22}
    # Subtest: POST /api/nvm/converge — budget exhausted with an unreachable tension target still surfaces a non-null winner and a populated roomTranscript
    ok 3 - POST /api/nvm/converge — budget exhausted with an unreachable tension target still surfaces a non-null winner and a populated roomTranscript
      ---
      duration_ms: 34.000293
      type: 'test'
      ...
# {"time":"2026-08-05T02:29:10.935Z","level":"warn","msg":"llm_generator_failed","sceneIdx":0,"message":"Gemini provider not available (GEMINI_API_KEY not set)"}
# {"time":"2026-08-05T02:29:10.937Z","level":"info","msg":"request","method":"POST","path":"/api/nvm/converge","status":200,"ms":11}
# {"time":"2026-08-05T02:29:10.947Z","level":"info","msg":"request","method":"POST","path":"/api/nvm/converge/commit","status":200,"ms":6}
# {"time":"2026-08-05T02:29:10.951Z","level":"info","msg":"request","method":"GET","path":"/api/nvm/commits","status":200,"ms":2}
    # Subtest: POST /api/nvm/converge/commit — the converge winner's ops commit with 200 and appear in GET /api/nvm/commits carrying the converge_selected marker
    ok 4 - POST /api/nvm/converge/commit — the converge winner's ops commit with 200 and appear in GET /api/nvm/commits carrying the converge_selected marker
      ---
      duration_ms: 35.232096
      type: 'test'
      ...
# {"time":"2026-08-05T02:29:10.965Z","level":"warn","msg":"llm_generator_failed","sceneIdx":0,"message":"Gemini provider not available (GEMINI_API_KEY not set)"}
# {"time":"2026-08-05T02:29:10.967Z","level":"info","msg":"request","method":"POST","path":"/api/nvm/converge","status":200,"ms":7}
# {"time":"2026-08-05T02:29:10.974Z","level":"info","msg":"request","method":"POST","path":"/api/nvm/converge/commit","status":200,"ms":3}
    # Subtest: POST /api/nvm/converge/commit — a non-winner candidate can be committed too (candidates[] carries full ir for exactly this reason)
    ok 5 - POST /api/nvm/converge/commit — a non-winner candidate can be committed too (candidates[] carries full ir for exactly this reason)
      ---
      duration_ms: 22.238943
      type: 'test'
      ...
# {"time":"2026-08-05T02:29:10.986Z","level":"warn","msg":"dispatcher_expire_fact_not_found","factId":"never-existed"}
# {"time":"2026-08-05T02:29:10.987Z","level":"info","msg":"request","method":"POST","path":"/api/nvm/converge/commit","status":409,"ms":7}
    # Subtest: POST /api/nvm/converge/commit — ops that violate a Tier1 proof against current session state reject with 409 and a failures list
    ok 6 - POST /api/nvm/converge/commit — ops that violate a Tier1 proof against current session state reject with 409 and a failures list
      ---
      duration_ms: 13.483467
      type: 'test'
      ...
# {"time":"2026-08-05T02:29:10.996Z","level":"info","msg":"request","method":"POST","path":"/api/nvm/converge/commit","status":400,"ms":2}
    # Subtest: POST /api/nvm/converge/commit — a missing ops field rejects with 400
    ok 7 - POST /api/nvm/converge/commit — a missing ops field rejects with 400
      ---
      duration_ms: 9.915165
      type: 'test'
      ...
# {"time":"2026-08-05T02:29:11.004Z","level":"info","msg":"request","method":"POST","path":"/api/nvm/converge/commit","status":400,"ms":1}
    # Subtest: POST /api/nvm/converge/commit — an empty ops array rejects with 400
    ok 8 - POST /api/nvm/converge/commit — an empty ops array rejects with 400
      ---
      duration_ms: 5.363787
      type: 'test'
      ...
# {"time":"2026-08-05T02:29:11.009Z","level":"info","msg":"request","method":"POST","path":"/api/nvm/converge/commit","status":400,"ms":1}
    # Subtest: POST /api/nvm/converge/commit — an unknown op kind rejects with 400
    ok 9 - POST /api/nvm/converge/commit — an unknown op kind rejects with 400
      ---
      duration_ms: 5.148436
      type: 'test'
      ...
    1..9
ok 2107 - routes/nvm — converge candidate selection & commit
  ---
  duration_ms: 1192.662625
  type: 'suite'
  ...
# {"time":"2026-08-05T02:29:11.057Z","level":"warn","msg":"collab_secret_generated","message":"COLLAB_SECRET not set — generated an ephemeral per-process secret. Set COLLAB_SECRET in any multi-process or restart-prone deployment."}
# {"time":"2026-08-05T02:29:11.148Z","level":"info","msg":"request","method":"POST","path":"/api/nvm/inject-ops","status":200,"ms":23}
# {"time":"2026-08-05T02:29:11.165Z","level":"info","msg":"request","method":"GET","path":"/api/nvm/twin/scm","status":200,"ms":6}
# {"time":"2026-08-05T02:29:11.204Z","level":"info","msg":"request","method":"POST","path":"/api/nvm/whatif/explore","status":200,"ms":30}
# Subtest: routes/nvm — What-If Lab explore + on-demand Writers' Room
    # Subtest: POST /api/nvm/whatif/explore — 200 with baseline/intervened/consequences/branches, branches ranked descending by composite and capped at the default limit of 3
    ok 1 - POST /api/nvm/whatif/explore — 200 with baseline/intervened/consequences/branches, branches ranked descending by composite and capped at the default limit of 3
      ---
      duration_ms: 136.836622
      type: 'test'
      ...
# {"time":"2026-08-05T02:29:11.217Z","level":"info","msg":"request","method":"POST","path":"/api/nvm/inject-ops","status":200,"ms":7}
# {"time":"2026-08-05T02:29:11.221Z","level":"info","msg":"request","method":"GET","path":"/api/nvm/twin/scm","status":200,"ms":2}
# {"time":"2026-08-05T02:29:11.230Z","level":"info","msg":"request","method":"POST","path":"/api/nvm/whatif/explore","status":200,"ms":3}
# {"time":"2026-08-05T02:29:11.236Z","level":"info","msg":"request","method":"POST","path":"/api/nvm/whatif/explore","status":200,"ms":3}
    # Subtest: POST /api/nvm/whatif/explore — deterministic across two identical calls (same session, same intervention)
    ok 2 - POST /api/nvm/whatif/explore — deterministic across two identical calls (same session, same intervention)
      ---
      duration_ms: 31.666845
      type: 'test'
      ...
# {"time":"2026-08-05T02:29:11.248Z","level":"info","msg":"request","method":"POST","path":"/api/nvm/whatif/explore","status":200,"ms":7}
    # Subtest: POST /api/nvm/whatif/explore — an unknown opId on a fresh, empty session returns 200 with an honest no-op answer (empty-ish consequences, baseline === intervened)
    ok 3 - POST /api/nvm/whatif/explore — an unknown opId on a fresh, empty session returns 200 with an honest no-op answer (empty-ish consequences, baseline === intervened)
      ---
      duration_ms: 10.859935
      type: 'test'
      ...
# {"time":"2026-08-05T02:29:11.257Z","level":"info","msg":"request","method":"POST","path":"/api/nvm/whatif/explore","status":400,"ms":2}
    # Subtest: POST /api/nvm/whatif/explore — a missing opId rejects with 400
    ok 4 - POST /api/nvm/whatif/explore — a missing opId rejects with 400
      ---
      duration_ms: 8.985998
      type: 'test'
      ...
# {"time":"2026-08-05T02:29:11.263Z","level":"info","msg":"request","method":"POST","path":"/api/nvm/whatif/explore","status":400,"ms":1}
    # Subtest: POST /api/nvm/whatif/explore — an out-of-range branchLimit rejects with 400
    ok 5 - POST /api/nvm/whatif/explore — an out-of-range branchLimit rejects with 400
      ---
      duration_ms: 7.328786
      type: 'test'
      ...
# {"time":"2026-08-05T02:29:11.275Z","level":"info","msg":"request","method":"POST","path":"/api/nvm/inject-ops","status":200,"ms":6}
# {"time":"2026-08-05T02:29:11.278Z","level":"info","msg":"request","method":"GET","path":"/api/nvm/twin/scm","status":200,"ms":1}
# {"time":"2026-08-05T02:29:11.303Z","level":"info","msg":"request","method":"POST","path":"/api/nvm/room/critique","status":200,"ms":20}
    # Subtest: POST /api/nvm/room/critique — 200 with a real Critique[] shape, a dominant critic, and a numeric consensus, for a seeded session
    ok 6 - POST /api/nvm/room/critique — 200 with a real Critique[] shape, a dominant critic, and a numeric consensus, for a seeded session
      ---
      duration_ms: 38.719415
      type: 'test'
      ...
# {"time":"2026-08-05T02:29:11.314Z","level":"info","msg":"request","method":"POST","path":"/api/nvm/room/critique","status":200,"ms":7}
    # Subtest: POST /api/nvm/room/critique — 200 on a fresh session with no commits yet (empty-ops shell IR, no crash)
    ok 7 - POST /api/nvm/room/critique — 200 on a fresh session with no commits yet (empty-ops shell IR, no crash)
      ---
      duration_ms: 10.535115
      type: 'test'
      ...
# {"time":"2026-08-05T02:29:11.336Z","level":"info","msg":"request","method":"POST","path":"/api/nvm/inject-ops","status":200,"ms":11}
# {"time":"2026-08-05T02:29:11.339Z","level":"info","msg":"request","method":"GET","path":"/api/nvm/twin/scm","status":200,"ms":1}
# {"time":"2026-08-05T02:29:11.367Z","level":"info","msg":"request","method":"POST","path":"/api/nvm/room/critique","status":200,"ms":2}
# {"time":"2026-08-05T02:29:11.370Z","level":"info","msg":"request","method":"POST","path":"/api/nvm/room/critique","status":200,"ms":2}
    # Subtest: POST /api/nvm/room/critique — deterministic across two identical calls
    ok 8 - POST /api/nvm/room/critique — deterministic across two identical calls
      ---
      duration_ms: 59.025826
      type: 'test'
      ...
    1..8
ok 2108 - routes/nvm — What-If Lab explore + on-demand Writers' Room
  ---
  duration_ms: 1320.277765
  type: 'suite'
  ...
# {"time":"2026-08-05T02:29:11.497Z","level":"warn","msg":"collab_secret_generated","message":"COLLAB_SECRET not set — generated an ephemeral per-process secret. Set COLLAB_SECRET in any multi-process or restart-prone deployment."}
# {"time":"2026-08-05T02:29:11.583Z","level":"info","msg":"request","method":"GET","path":"/api/nvm/commits","status":200,"ms":21}
# Subtest: routes/nvm — HTTP behavior
    # Subtest: GET /api/nvm/commits returns 200 with an empty commit list for a fresh session
    ok 1 - GET /api/nvm/commits returns 200 with an empty commit list for a fresh session
      ---
      duration_ms: 87.066778
      type: 'test'
      ...
# {"time":"2026-08-05T02:29:11.614Z","level":"info","msg":"request","method":"GET","path":"/api/nvm/ghost-commits","status":200,"ms":11}
    # Subtest: GET /api/nvm/ghost-commits returns 200 for a fresh session
    ok 2 - GET /api/nvm/ghost-commits returns 200 for a fresh session
      ---
      duration_ms: 16.946696
      type: 'test'
      ...
# {"time":"2026-08-05T02:29:11.632Z","level":"info","msg":"request","method":"GET","path":"/api/nvm/health","status":200,"ms":14}
    # Subtest: GET /api/nvm/health withholds sentinel scores for an empty session (G0-05)
    ok 3 - GET /api/nvm/health withholds sentinel scores for an empty session (G0-05)
      ---
      duration_ms: 18.677246
      type: 'test'
      ...
# {"time":"2026-08-05T02:29:11.648Z","level":"info","msg":"request","method":"GET","path":"/api/nvm/commits/does-not-exist","status":404,"ms":11}
    # Subtest: GET /api/nvm/commits/:commitId returns 404 for a nonexistent commit
    ok 4 - GET /api/nvm/commits/:commitId returns 404 for a nonexistent commit
      ---
      duration_ms: 15.184498
      type: 'test'
      ...
# {"time":"2026-08-05T02:29:11.691Z","level":"info","msg":"request","method":"POST","path":"/api/nvm/converge-arc","status":400,"ms":6}
    # Subtest: POST /api/nvm/converge-arc requires a non-empty scenes array — rejects with 400
    ok 5 - POST /api/nvm/converge-arc requires a non-empty scenes array — rejects with 400
      ---
      duration_ms: 42.113972
      type: 'test'
      ...
# {"time":"2026-08-05T02:29:11.700Z","level":"info","msg":"request","method":"POST","path":"/api/nvm/selfplay","status":400,"ms":3}
    # Subtest: POST /api/nvm/selfplay requires a non-empty scenarios array — rejects with 400
    ok 6 - POST /api/nvm/selfplay requires a non-empty scenarios array — rejects with 400
      ---
      duration_ms: 9.034705
      type: 'test'
      ...
# {"time":"2026-08-05T02:29:11.706Z","level":"info","msg":"request","method":"POST","path":"/api/nvm/ghost-commits/branch","status":400,"ms":2}
    # Subtest: POST /api/nvm/ghost-commits/branch rejects a missing ghostId with 400
    ok 7 - POST /api/nvm/ghost-commits/branch rejects a missing ghostId with 400
      ---
      duration_ms: 5.700559
      type: 'test'
      ...
# {"time":"2026-08-05T02:29:11.712Z","level":"info","msg":"request","method":"POST","path":"/api/nvm/redteam","status":400,"ms":2}
    # Subtest: POST /api/nvm/redteam rejects a plan without revealId with 400
    ok 8 - POST /api/nvm/redteam rejects a plan without revealId with 400
      ---
      duration_ms: 5.860496
      type: 'test'
      ...
# {"time":"2026-08-05T02:29:11.719Z","level":"info","msg":"request","method":"POST","path":"/api/nvm/quality","status":400,"ms":2}
    # Subtest: POST /api/nvm/quality rejects an ir without an ops array with 400
    ok 9 - POST /api/nvm/quality rejects an ir without an ops array with 400
      ---
      duration_ms: 7.992134
      type: 'test'
      ...
# {"time":"2026-08-05T02:29:11.726Z","level":"info","msg":"request","method":"POST","path":"/api/nvm/twin/do","status":400,"ms":2}
    # Subtest: POST /api/nvm/twin/do rejects a missing opId with 400
    ok 10 - POST /api/nvm/twin/do rejects a missing opId with 400
      ---
      duration_ms: 11.777267
      type: 'test'
      ...
# {"time":"2026-08-05T02:29:11.742Z","level":"info","msg":"request","method":"POST","path":"/api/nvm/author/fixed-points","status":400,"ms":2}
    # Subtest: POST /api/nvm/author/fixed-points rejects an empty fixedPoints array with 400
    ok 11 - POST /api/nvm/author/fixed-points rejects an empty fixedPoints array with 400
      ---
      duration_ms: 15.709231
      type: 'test'
      ...
# {"time":"2026-08-05T02:29:11.758Z","level":"info","msg":"request","method":"POST","path":"/api/nvm/author/backchain","status":400,"ms":7}
    # Subtest: POST /api/nvm/author/backchain rejects a fixedPoint without atScene with 400
    ok 12 - POST /api/nvm/author/backchain rejects a fixedPoint without atScene with 400
      ---
      duration_ms: 9.684953
      type: 'test'
      ...
# {"time":"2026-08-05T02:29:11.769Z","level":"info","msg":"request","method":"POST","path":"/api/nvm/inject-ops","status":400,"ms":3}
    # Subtest: POST /api/nvm/inject-ops rejects an op with an unknown op kind with 400
    ok 13 - POST /api/nvm/inject-ops rejects an op with an unknown op kind with 400
      ---
      duration_ms: 11.299091
      type: 'test'
      ...
# {"time":"2026-08-05T02:29:11.780Z","level":"info","msg":"request","method":"POST","path":"/api/nvm/inject-ops","status":200,"ms":8}
    # Subtest: POST /api/nvm/inject-ops accepts a well-formed op with 200
    ok 14 - POST /api/nvm/inject-ops accepts a well-formed op with 200
      ---
      duration_ms: 11.232933
      type: 'test'
      ...
# {"time":"2026-08-05T02:29:11.785Z","level":"info","msg":"request","method":"POST","path":"/api/nvm/converge","status":400,"ms":1}
    # Subtest: POST /api/nvm/converge rejects a target without sceneIdx with 400
    ok 15 - POST /api/nvm/converge rejects a target without sceneIdx with 400
      ---
      duration_ms: 4.822303
      type: 'test'
      ...
# {"time":"2026-08-05T02:29:11.790Z","level":"info","msg":"request","method":"POST","path":"/api/nvm/genome/diff","status":400,"ms":2}
    # Subtest: POST /api/nvm/genome/diff rejects missing runIdA/runIdB with 400
    ok 16 - POST /api/nvm/genome/diff rejects missing runIdA/runIdB with 400
      ---
      duration_ms: 4.199822
      type: 'test'
      ...
# {"time":"2026-08-05T02:29:11.794Z","level":"info","msg":"request","method":"POST","path":"/api/nvm/genome/breed","status":400,"ms":1}
    # Subtest: POST /api/nvm/genome/breed rejects missing runIdA/runIdB with 400
    ok 17 - POST /api/nvm/genome/breed rejects missing runIdA/runIdB with 400
      ---
      duration_ms: 4.113116
      type: 'test'
      ...
# {"time":"2026-08-05T02:29:11.799Z","level":"info","msg":"request","method":"POST","path":"/api/nvm/repair","status":400,"ms":2}
    # Subtest: POST /api/nvm/repair rejects an ir without an ops array with 400
    ok 18 - POST /api/nvm/repair rejects an ir without an ops array with 400
      ---
      duration_ms: 4.525615
      type: 'test'
      ...
# {"time":"2026-08-05T02:29:11.803Z","level":"info","msg":"request","method":"POST","path":"/api/nvm/live/move","status":400,"ms":2}
    # Subtest: POST /api/nvm/live/move rejects an empty text with 400
    ok 19 - POST /api/nvm/live/move rejects an empty text with 400
      ---
      duration_ms: 4.038438
      type: 'test'
      ...
# {"time":"2026-08-05T02:29:11.830Z","level":"info","msg":"request","method":"POST","path":"/api/nvm/compile","status":200,"ms":22}
    # Subtest: POST /api/nvm/compile accepts an empty body with 200 (title is optional)
    ok 20 - POST /api/nvm/compile accepts an empty body with 200 (title is optional)
      ---
      duration_ms: 27.75908
      type: 'test'
      ...
# {"time":"2026-08-05T02:29:11.835Z","level":"info","msg":"request","method":"POST","path":"/api/nvm/compile","status":400,"ms":1}
    # Subtest: POST /api/nvm/compile rejects a non-string title with 400
    ok 21 - POST /api/nvm/compile rejects a non-string title with 400
      ---
      duration_ms: 4.399519
      type: 'test'
      ...
# {"time":"2026-08-05T02:29:11.845Z","level":"info","msg":"request","method":"POST","path":"/api/nvm/analyze/compare","status":400,"ms":7}
    # Subtest: POST /api/nvm/analyze/compare rejects a missing scriptText with 400 (zod validation)
    ok 22 - POST /api/nvm/analyze/compare rejects a missing scriptText with 400 (zod validation)
      ---
      duration_ms: 10.367482
      type: 'test'
      ...
# {"time":"2026-08-05T02:29:11.864Z","level":"info","msg":"request","method":"POST","path":"/api/nvm/analyze/compare","status":400,"ms":1}
    # Subtest: POST /api/nvm/analyze/compare rejects a non-string scriptText with 400 (zod validation)
    ok 23 - POST /api/nvm/analyze/compare rejects a non-string scriptText with 400 (zod validation)
      ---
      duration_ms: 26.417309
      type: 'test'
      ...
# {"time":"2026-08-05T02:29:11.876Z","level":"info","msg":"request","method":"POST","path":"/api/nvm/analyze/compare","status":400,"ms":1}
    # Subtest: POST /api/nvm/analyze/compare rejects an empty-string scriptText with 400 (zod validation)
    ok 24 - POST /api/nvm/analyze/compare rejects an empty-string scriptText with 400 (zod validation)
      ---
      duration_ms: 3.953536
      type: 'test'
      ...
# {"time":"2026-08-05T02:29:14.478Z","level":"info","msg":"request","method":"POST","path":"/api/nvm/analyze/compare","status":422,"ms":2598}
    # Subtest: POST /api/nvm/analyze/compare refuses a scene-truncated prefix before making comparative claims
    ok 25 - POST /api/nvm/analyze/compare refuses a scene-truncated prefix before making comparative claims
      ---
      duration_ms: 2604.953655
      type: 'test'
      ...
    1..25
ok 2109 - routes/nvm — HTTP behavior
  ---
  duration_ms: 3882.739049
  type: 'suite'
  ...
# {"time":"2026-08-05T02:29:12.198Z","level":"warn","msg":"collab_secret_generated","message":"COLLAB_SECRET not set — generated an ephemeral per-process secret. Set COLLAB_SECRET in any multi-process or restart-prone deployment."}
# {"time":"2026-08-05T02:29:12.276Z","level":"info","msg":"request","method":"GET","path":"/api/ledger","status":200,"ms":22}
# Subtest: routes — pagination limit/offset clamping
    # Subtest: /api/ledger
        # Subtest: clamps limit=99999 down to 500
        ok 1 - clamps limit=99999 down to 500
          ---
          duration_ms: 76.886903
          type: 'test'
          ...
# {"time":"2026-08-05T02:29:12.297Z","level":"info","msg":"request","method":"GET","path":"/api/ledger","status":200,"ms":5}
        # Subtest: defaults limit to 50 on NaN (?limit=abc)
        ok 2 - defaults limit to 50 on NaN (?limit=abc)
          ---
          duration_ms: 11.733957
          type: 'test'
          ...
# {"time":"2026-08-05T02:29:12.306Z","level":"info","msg":"request","method":"GET","path":"/api/ledger","status":200,"ms":4}
        # Subtest: defaults limit to 50 on negative (?limit=-1)
        ok 3 - defaults limit to 50 on negative (?limit=-1)
          ---
          duration_ms: 8.773721
          type: 'test'
          ...
# {"time":"2026-08-05T02:29:12.315Z","level":"info","msg":"request","method":"GET","path":"/api/ledger","status":200,"ms":5}
        # Subtest: defaults limit to 50 on empty (?limit=)
        ok 4 - defaults limit to 50 on empty (?limit=)
          ---
          duration_ms: 8.274824
          type: 'test'
          ...
# {"time":"2026-08-05T02:29:12.323Z","level":"info","msg":"request","method":"GET","path":"/api/ledger","status":200,"ms":5}
        # Subtest: defaults offset to 0 on negative (?offset=-5)
        ok 5 - defaults offset to 0 on negative (?offset=-5)
          ---
          duration_ms: 8.677588
          type: 'test'
          ...
# {"time":"2026-08-05T02:29:12.332Z","level":"info","msg":"request","method":"GET","path":"/api/ledger","status":200,"ms":5}
        # Subtest: echoes a valid limit/offset unchanged
        ok 6 - echoes a valid limit/offset unchanged
          ---
          duration_ms: 8.749999
          type: 'test'
          ...
        1..6
    ok 1 - /api/ledger
      ---
      duration_ms: 124.534343
      type: 'suite'
      ...
# {"time":"2026-08-05T02:29:12.344Z","level":"info","msg":"request","method":"GET","path":"/api/beat-traces","status":200,"ms":7}
    # Subtest: /api/beat-traces
        # Subtest: clamps limit=99999 down to 500
        ok 1 - clamps limit=99999 down to 500
          ---
          duration_ms: 10.906371
          type: 'test'
          ...
# {"time":"2026-08-05T02:29:12.353Z","level":"info","msg":"request","method":"GET","path":"/api/beat-traces","status":200,"ms":6}
        # Subtest: defaults limit to 50 on NaN (?limit=abc)
        ok 2 - defaults limit to 50 on NaN (?limit=abc)
          ---
          duration_ms: 8.869686
          type: 'test'
          ...
# {"time":"2026-08-05T02:29:12.365Z","level":"info","msg":"request","method":"GET","path":"/api/beat-traces","status":200,"ms":8}
        # Subtest: defaults limit to 50 on negative (?limit=-1)
        ok 3 - defaults limit to 50 on negative (?limit=-1)
          ---
          duration_ms: 12.858913
          type: 'test'
          ...
# {"time":"2026-08-05T02:29:12.375Z","level":"info","msg":"request","method":"GET","path":"/api/beat-traces","status":200,"ms":5}
        # Subtest: defaults limit to 50 on empty (?limit=)
        ok 4 - defaults limit to 50 on empty (?limit=)
          ---
          duration_ms: 9.315097
          type: 'test'
          ...
# {"time":"2026-08-05T02:29:12.384Z","level":"info","msg":"request","method":"GET","path":"/api/beat-traces","status":200,"ms":5}
        # Subtest: defaults offset to 0 on negative (?offset=-5)
        ok 5 - defaults offset to 0 on negative (?offset=-5)
          ---
          duration_ms: 8.22343
          type: 'test'
          ...
# {"time":"2026-08-05T02:29:12.392Z","level":"info","msg":"request","method":"GET","path":"/api/beat-traces","status":200,"ms":4}
        # Subtest: echoes a valid limit/offset unchanged
        ok 6 - echoes a valid limit/offset unchanged
          ---
          duration_ms: 8.39363
          type: 'test'
          ...
        1..6
    ok 2 - /api/beat-traces
      ---
      duration_ms: 59.409303
      type: 'suite'
      ...
# {"time":"2026-08-05T02:29:12.401Z","level":"info","msg":"request","method":"GET","path":"/api/belief-edges","status":200,"ms":5}
    # Subtest: /api/belief-edges
        # Subtest: clamps limit=99999 down to 500
        ok 1 - clamps limit=99999 down to 500
          ---
          duration_ms: 8.670219
          type: 'test'
          ...
# {"time":"2026-08-05T02:29:12.410Z","level":"info","msg":"request","method":"GET","path":"/api/belief-edges","status":200,"ms":6}
        # Subtest: defaults limit to 50 on NaN (?limit=abc)
        ok 2 - defaults limit to 50 on NaN (?limit=abc)
          ---
          duration_ms: 8.035564
          type: 'test'
          ...
# {"time":"2026-08-05T02:29:12.418Z","level":"info","msg":"request","method":"GET","path":"/api/belief-edges","status":200,"ms":5}
        # Subtest: defaults limit to 50 on negative (?limit=-1)
        ok 3 - defaults limit to 50 on negative (?limit=-1)
          ---
          duration_ms: 7.768138
          type: 'test'
          ...
# {"time":"2026-08-05T02:29:12.425Z","level":"info","msg":"request","method":"GET","path":"/api/belief-edges","status":200,"ms":5}
        # Subtest: defaults limit to 50 on empty (?limit=)
        ok 4 - defaults limit to 50 on empty (?limit=)
          ---
          duration_ms: 7.255295
          type: 'test'
          ...
# {"time":"2026-08-05T02:29:12.432Z","level":"info","msg":"request","method":"GET","path":"/api/belief-edges","status":200,"ms":5}
        # Subtest: defaults offset to 0 on negative (?offset=-5)
        ok 5 - defaults offset to 0 on negative (?offset=-5)
          ---
          duration_ms: 7.139111
          type: 'test'
          ...
# {"time":"2026-08-05T02:29:12.439Z","level":"info","msg":"request","method":"GET","path":"/api/belief-edges","status":200,"ms":5}
        # Subtest: echoes a valid limit/offset unchanged
        ok 6 - echoes a valid limit/offset unchanged
          ---
          duration_ms: 7.231747
          type: 'test'
          ...
        1..6
    ok 3 - /api/belief-edges
      ---
      duration_ms: 46.713855
      type: 'suite'
      ...
# {"time":"2026-08-05T02:29:12.448Z","level":"info","msg":"request","method":"GET","path":"/api/goal-mutations","status":200,"ms":5}
    # Subtest: /api/goal-mutations
        # Subtest: clamps limit=99999 down to 500
        ok 1 - clamps limit=99999 down to 500
          ---
          duration_ms: 8.514435
          type: 'test'
          ...
# {"time":"2026-08-05T02:29:12.456Z","level":"info","msg":"request","method":"GET","path":"/api/goal-mutations","status":200,"ms":5}
        # Subtest: defaults limit to 50 on NaN (?limit=abc)
        ok 2 - defaults limit to 50 on NaN (?limit=abc)
          ---
          duration_ms: 7.454672
          type: 'test'
          ...
# {"time":"2026-08-05T02:29:12.463Z","level":"info","msg":"request","method":"GET","path":"/api/goal-mutations","status":200,"ms":5}
        # Subtest: defaults limit to 50 on negative (?limit=-1)
        ok 3 - defaults limit to 50 on negative (?limit=-1)
          ---
          duration_ms: 7.052994
          type: 'test'
          ...
# {"time":"2026-08-05T02:29:12.470Z","level":"info","msg":"request","method":"GET","path":"/api/goal-mutations","status":200,"ms":5}
        # Subtest: defaults limit to 50 on empty (?limit=)
        ok 4 - defaults limit to 50 on empty (?limit=)
          ---
          duration_ms: 7.177227
          type: 'test'
          ...
# {"time":"2026-08-05T02:29:12.477Z","level":"info","msg":"request","method":"GET","path":"/api/goal-mutations","status":200,"ms":4}
        # Subtest: defaults offset to 0 on negative (?offset=-5)
        ok 5 - defaults offset to 0 on negative (?offset=-5)
          ---
          duration_ms: 7.08265
          type: 'test'
          ...
# {"time":"2026-08-05T02:29:12.485Z","level":"info","msg":"request","method":"GET","path":"/api/goal-mutations","status":200,"ms":5}
        # Subtest: echoes a valid limit/offset unchanged
        ok 6 - echoes a valid limit/offset unchanged
          ---
          duration_ms: 7.153856
          type: 'test'
          ...
        1..6
    ok 4 - /api/goal-mutations
      ---
      duration_ms: 45.150874
      type: 'suite'
      ...
    1..4
ok 2110 - routes — pagination limit/offset clamping
  ---
  duration_ms: 1303.007377
  type: 'suite'
  ...
# {"time":"2026-08-05T02:29:12.558Z","level":"warn","msg":"collab_secret_generated","message":"COLLAB_SECRET not set — generated an ephemeral per-process secret. Set COLLAB_SECRET in any multi-process or restart-prone deployment."}
# Subtest: route-capabilities — completeness walk (T-15)
    # Subtest: walked at least the known route count (sanity floor against a broken walk)
    ok 1 - walked at least the known route count (sanity floor against a broken walk)
      ---
      duration_ms: 0.943239
      type: 'test'
      ...
    # Subtest: every enumerated route carries gameLimiter, aiLimiter, or heavyBodyLimiter, unless explicitly exempted
    ok 2 - every enumerated route carries gameLimiter, aiLimiter, or heavyBodyLimiter, unless explicitly exempted
      ---
      duration_ms: 1.173453
      type: 'test'
      ...
    # Subtest: every route is classified in exactly one of {llmRoutes, deterministicRoutes, exemptRoutes} (totality)
    ok 3 - every route is classified in exactly one of {llmRoutes, deterministicRoutes, exemptRoutes} (totality)
      ---
      duration_ms: 0.60167
      type: 'test'
      ...
    # Subtest: every route classified as LLM-reaching currently carries aiLimiter specifically
    ok 4 - every route classified as LLM-reaching currently carries aiLimiter specifically
      ---
      duration_ms: 0.36218
      type: 'test'
      ...
    # Subtest: every route classified as deterministic does NOT sit on aiLimiter
    ok 5 - every route classified as deterministic does NOT sit on aiLimiter
      ---
      duration_ms: 0.546491
      type: 'test'
      ...
    # Subtest: every exempted route is real and genuinely carries no limiter (exemption list has not gone stale)
    ok 6 - every exempted route is real and genuinely carries no limiter (exemption list has not gone stale)
      ---
      duration_ms: 0.415889
      type: 'test'
      ...
    1..6
ok 2111 - route-capabilities — completeness walk (T-15)
  ---
  duration_ms: 968.954757
  type: 'suite'
  ...
# Subtest: server/lib/safe-error — sanitizeExternalError
    # Subtest: redacts: bearer token
    ok 1 - redacts: bearer token
      ---
      duration_ms: 2.56621
      type: 'test'
      ...
    # Subtest: redacts (non-Error thrown value): bearer token
    ok 2 - redacts (non-Error thrown value): bearer token
      ---
      duration_ms: 0.394935
      type: 'test'
      ...
    # Subtest: redacts: OpenAI-style secret key with no Bearer prefix
    ok 3 - redacts: OpenAI-style secret key with no Bearer prefix
      ---
      duration_ms: 0.17213
      type: 'test'
      ...
    # Subtest: redacts (non-Error thrown value): OpenAI-style secret key with no Bearer prefix
    ok 4 - redacts (non-Error thrown value): OpenAI-style secret key with no Bearer prefix
      ---
      duration_ms: 0.21745
      type: 'test'
      ...
    # Subtest: redacts: Google API key
    ok 5 - redacts: Google API key
      ---
      duration_ms: 0.18383
      type: 'test'
      ...
    # Subtest: redacts (non-Error thrown value): Google API key
    ok 6 - redacts (non-Error thrown value): Google API key
      ---
      duration_ms: 0.162956
      type: 'test'
      ...
    # Subtest: redacts: generic api_key= field in free text
    ok 7 - redacts: generic api_key= field in free text
      ---
      duration_ms: 0.150522
      type: 'test'
      ...
    # Subtest: redacts (non-Error thrown value): generic api_key= field in free text
    ok 8 - redacts (non-Error thrown value): generic api_key= field in free text
      ---
      duration_ms: 2.23362
      type: 'test'
      ...
    # Subtest: redacts: token= query parameter
    ok 9 - redacts: token= query parameter
      ---
      duration_ms: 0.376323
      type: 'test'
      ...
    # Subtest: redacts (non-Error thrown value): token= query parameter
    ok 10 - redacts (non-Error thrown value): token= query parameter
      ---
      duration_ms: 0.540869
      type: 'test'
      ...
    # Subtest: redacts: connection string with embedded credentials
    ok 11 - redacts: connection string with embedded credentials
      ---
      duration_ms: 0.156428
      type: 'test'
      ...
    # Subtest: redacts (non-Error thrown value): connection string with embedded credentials
    ok 12 - redacts (non-Error thrown value): connection string with embedded credentials
      ---
      duration_ms: 0.087551
      type: 'test'
      ...
    # Subtest: redacts: absolute POSIX filesystem path
    ok 13 - redacts: absolute POSIX filesystem path
      ---
      duration_ms: 0.096133
      type: 'test'
      ...
    # Subtest: redacts (non-Error thrown value): absolute POSIX filesystem path
    ok 14 - redacts (non-Error thrown value): absolute POSIX filesystem path
      ---
      duration_ms: 0.072933
      type: 'test'
      ...
    # Subtest: redacts: absolute Windows filesystem path
    ok 15 - redacts: absolute Windows filesystem path
      ---
      duration_ms: 0.160555
      type: 'test'
      ...
    # Subtest: redacts (non-Error thrown value): absolute Windows filesystem path
    ok 16 - redacts (non-Error thrown value): absolute Windows filesystem path
      ---
      duration_ms: 0.081538
      type: 'test'
      ...
    # Subtest: redacts: multiple secrets in one message
    ok 17 - redacts: multiple secrets in one message
      ---
      duration_ms: 0.147683
      type: 'test'
      ...
    # Subtest: redacts (non-Error thrown value): multiple secrets in one message
    ok 18 - redacts (non-Error thrown value): multiple secrets in one message
      ---
      duration_ms: 0.128299
      type: 'test'
      ...
    # Subtest: never emits a secret-shaped string across the full fixture set — combined haystack check
    ok 19 - never emits a secret-shaped string across the full fixture set — combined haystack check
      ---
      duration_ms: 0.588642
      type: 'test'
      ...
    # Subtest: preserves ordinary, non-secret error text unchanged
    ok 20 - preserves ordinary, non-secret error text unchanged
      ---
      duration_ms: 0.196619
      type: 'test'
      ...
    # Subtest: truncates long messages to a bounded length with an ellipsis
    ok 21 - truncates long messages to a bounded length with an ellipsis
      ---
      duration_ms: 0.249095
      type: 'test'
      ...
    # Subtest: redacts BEFORE truncating, so a secret straddling the truncation boundary cannot survive as a partial fragment
    ok 22 - redacts BEFORE truncating, so a secret straddling the truncation boundary cannot survive as a partial fragment
      ---
      duration_ms: 0.200864
      type: 'test'
      ...
    # Subtest: reports the errorClass for a genuine Error and typeof for a non-Error throw
    ok 23 - reports the errorClass for a genuine Error and typeof for a non-Error throw
      ---
      duration_ms: 0.234305
      type: 'test'
      ...
    # Subtest: passes through a genuine numeric status/statusCode property, but not from arbitrary text
    ok 24 - passes through a genuine numeric status/statusCode property, but not from arbitrary text
      ---
      duration_ms: 0.209517
      type: 'test'
      ...
    # Subtest: ignores a non-numeric or out-of-range status-like property rather than passing it through
    ok 25 - ignores a non-numeric or out-of-range status-like property rather than passing it through
      ---
      duration_ms: 0.154659
      type: 'test'
      ...
    # Subtest: is idempotent — sanitizing an already-sanitized message changes nothing further
    ok 26 - is idempotent — sanitizing an already-sanitized message changes nothing further
      ---
      duration_ms: 0.136532
      type: 'test'
      ...
    1..26
ok 2112 - server/lib/safe-error — sanitizeExternalError
  ---
  duration_ms: 12.419618
  type: 'suite'
  ...
# {"time":"2026-08-05T02:29:13.673Z","level":"warn","msg":"collab_secret_generated","message":"COLLAB_SECRET not set — generated an ephemeral per-process secret. Set COLLAB_SECRET in any multi-process or restart-prone deployment."}
# {"time":"2026-08-05T02:29:13.759Z","level":"info","msg":"request","method":"POST","path":"/api/init","status":200,"ms":24}
# {"time":"2026-08-05T02:29:13.841Z","level":"info","msg":"request","method":"POST","path":"/api/turn","status":503,"ms":71}
# {"time":"2026-08-05T02:29:14.079Z","level":"warn","msg":"json_parse_error","message":"Unexpected token 's', \\"stub reply\\" is not valid JSON"}
# {"time":"2026-08-05T02:29:14.079Z","level":"warn","msg":"agent_parse_fallback","agent":"Eve Marlowe","method":"takeTurn","preview":"stub reply"}
# {"time":"2026-08-05T02:29:14.092Z","level":"error","msg":"agent_ai_error","agent":"Eve Marlowe","method":"takeTurn","error_type":"upstream","message":"Gemini provider not available (GEMINI_API_KEY not set)"}
# {"time":"2026-08-05T02:29:14.096Z","level":"error","msg":"agent_ai_error","agent":"Eve Marlowe","method":"updateEpistemics","error_type":"upstream","message":"Gemini provider not available (GEMINI_API_KEY not set)"}
# {"time":"2026-08-05T02:29:14.100Z","level":"error","msg":"director_eval_error","observer_id":"agent-eve","message":"Gemini provider not available (GEMINI_API_KEY not set)"}
# {"time":"2026-08-05T02:29:14.100Z","level":"info","msg":"director_eval","tensionDelta":"0.0","contradictions":0,"observers":1}
# {"time":"2026-08-05T02:29:14.106Z","level":"info","msg":"subtext_score","score":100,"onTheNose":1,"subtext":0,"lines":2}
# {"time":"2026-08-05T02:29:14.106Z","level":"info","msg":"subtext_cool_pressure","agents":1,"score":100}
# {"time":"2026-08-05T02:29:14.110Z","level":"info","msg":"request","method":"POST","path":"/api/turn","status":200,"ms":263}
# {"time":"2026-08-05T02:29:14.118Z","level":"info","msg":"request","method":"GET","path":"/api/ledger","status":200,"ms":2}
# Subtest: POST /api/turn — between-call cancellation (2026-08-04, Lane D)
    # Subtest: a slow provider is cut off by the budget deadline promptly, and the session is usable again without a long stall
    ok 1 - a slow provider is cut off by the budget deadline promptly, and the session is usable again without a long stall
      ---
      duration_ms: 434.536156
      type: 'test'
      ...
# {"time":"2026-08-05T02:29:14.134Z","level":"info","msg":"request","method":"POST","path":"/api/init","status":200,"ms":9}
# {"time":"2026-08-05T02:29:14.147Z","level":"error","msg":"agent_ai_error","agent":"Eve Marlowe","method":"takeTurn","error_type":"upstream","message":"Gemini provider not available (GEMINI_API_KEY not set)"}
# {"time":"2026-08-05T02:29:14.154Z","level":"error","msg":"agent_ai_error","agent":"Eve Marlowe","method":"updateEpistemics","error_type":"upstream","message":"Gemini provider not available (GEMINI_API_KEY not set)"}
# {"time":"2026-08-05T02:29:14.155Z","level":"error","msg":"director_eval_error","observer_id":"agent-eve","message":"Gemini provider not available (GEMINI_API_KEY not set)"}
# {"time":"2026-08-05T02:29:14.155Z","level":"info","msg":"director_eval","tensionDelta":"0.0","contradictions":0,"observers":1}
# {"time":"2026-08-05T02:29:14.160Z","level":"info","msg":"subtext_score","score":100,"onTheNose":1,"subtext":0,"lines":1}
# {"time":"2026-08-05T02:29:14.160Z","level":"info","msg":"subtext_cool_pressure","agents":1,"score":100}
# {"time":"2026-08-05T02:29:14.163Z","level":"info","msg":"request","method":"POST","path":"/api/turn","status":200,"ms":19}
    # Subtest: a fast run is completely unaffected — no truncated marker, normal action shape
    ok 2 - a fast run is completely unaffected — no truncated marker, normal action shape
      ---
      duration_ms: 44.482185
      type: 'test'
      ...
# {"time":"2026-08-05T02:29:14.324Z","level":"warn","msg":"json_parse_error","message":"Unexpected token 's', \\"stub reply\\" is not valid JSON"}
# {"time":"2026-08-05T02:29:14.325Z","level":"warn","msg":"agent_parse_fallback","agent":"Ann","method":"takeTurn","preview":"stub reply"}
# {"time":"2026-08-05T02:29:14.483Z","level":"warn","msg":"json_parse_error","message":"Unexpected token 's', \\"stub reply\\" is not valid JSON"}
# {"time":"2026-08-05T02:29:14.483Z","level":"warn","msg":"agent_parse_fallback","agent":"Ann","method":"takeTurn","preview":"stub reply"}
# {"time":"2026-08-05T02:29:14.634Z","level":"warn","msg":"json_parse_error","message":"Unexpected token 's', \\"stub reply\\" is not valid JSON"}
# {"time":"2026-08-05T02:29:14.787Z","level":"warn","msg":"json_parse_error","message":"Unexpected token 's', \\"stub reply\\" is not valid JSON"}
# {"time":"2026-08-05T02:29:14.787Z","level":"info","msg":"director_eval","tensionDelta":"0.0","contradictions":0,"observers":1}
# {"time":"2026-08-05T02:29:14.788Z","level":"info","msg":"subtext_score","score":10,"onTheNose":0,"subtext":0,"lines":1}
    # Subtest: FALSIFIABILITY: without the signal wired (the pre-fix shape), the identical slow provider blows past the same deadline the signal-driven call comfortably beats
    ok 3 - FALSIFIABILITY: without the signal wired (the pre-fix shape), the identical slow provider blows past the same deadline the signal-driven call comfortably beats
      ---
      duration_ms: 624.427964
      type: 'test'
      ...
    1..3
ok 2113 - POST /api/turn — between-call cancellation (2026-08-04, Lane D)
  ---
  duration_ms: 1419.086957
  type: 'suite'
  ...
# {"time":"2026-08-05T02:29:14.823Z","level":"info","msg":"request","method":"POST","path":"/api/init","status":200,"ms":11}
# {"time":"2026-08-05T02:29:14.830Z","level":"info","msg":"full_scene_room","round":0,"location_id":"gallery","agents":2}
# {"time":"2026-08-05T02:29:14.831Z","level":"info","msg":"dialogue_lock_start","location_id":"gallery","agents":2}
# {"time":"2026-08-05T02:29:14.831Z","level":"debug","msg":"agent_turn","agent":"Eve Marlowe","location_id":"gallery"}
# {"time":"2026-08-05T02:29:14.895Z","level":"info","msg":"request","method":"POST","path":"/api/run-scene","status":503,"ms":68}
# {"time":"2026-08-05T02:29:14.901Z","level":"info","msg":"request","method":"GET","path":"/api/ledger","status":200,"ms":2}
# {"time":"2026-08-05T02:29:15.134Z","level":"warn","msg":"json_parse_error","message":"Unexpected token 's', \\"stub reply\\" is not valid JSON"}
# {"time":"2026-08-05T02:29:15.134Z","level":"warn","msg":"agent_parse_fallback","agent":"Eve Marlowe","method":"takeTurn","preview":"stub reply"}
# {"time":"2026-08-05T02:29:15.135Z","level":"info","msg":"dialogue_lock_truncated_by_signal","location_id":"gallery","turnCount":1,"round":1}
# {"time":"2026-08-05T02:29:15.136Z","level":"info","msg":"director_eval_skipped_truncated","location_id":"gallery","turnCount":1}
# {"time":"2026-08-05T02:29:15.138Z","level":"info","msg":"full_scene_room","round":0,"location_id":"gallery","agents":2}
# {"time":"2026-08-05T02:29:15.138Z","level":"info","msg":"dialogue_lock_start","location_id":"gallery","agents":2}
# {"time":"2026-08-05T02:29:15.139Z","level":"debug","msg":"agent_turn","agent":"Eve Marlowe","location_id":"gallery"}
# {"time":"2026-08-05T02:29:15.141Z","level":"error","msg":"agent_ai_error","agent":"Eve Marlowe","method":"takeTurn","error_type":"upstream","message":"Gemini provider not available (GEMINI_API_KEY not set)"}
# {"time":"2026-08-05T02:29:15.143Z","level":"error","msg":"agent_ai_error","agent":"Eve Marlowe","method":"updateEpistemics","error_type":"upstream","message":"Gemini provider not available (GEMINI_API_KEY not set)"}
# {"time":"2026-08-05T02:29:15.145Z","level":"error","msg":"agent_ai_error","agent":"Tom Reyes","method":"updateEpistemics","error_type":"upstream","message":"Gemini provider not available (GEMINI_API_KEY not set)"}
# {"time":"2026-08-05T02:29:15.150Z","level":"info","msg":"director_eval_start","location_id":"gallery"}
# {"time":"2026-08-05T02:29:15.151Z","level":"error","msg":"director_eval_error","observer_id":"agent-eve","message":"Gemini provider not available (GEMINI_API_KEY not set)"}
# {"time":"2026-08-05T02:29:15.151Z","level":"error","msg":"director_eval_error","observer_id":"agent-tom","message":"Gemini provider not available (GEMINI_API_KEY not set)"}
# {"time":"2026-08-05T02:29:15.152Z","level":"info","msg":"director_eval","tensionDelta":"0.0","contradictions":0,"observers":2}
# {"time":"2026-08-05T02:29:15.152Z","level":"info","msg":"subtext_score","score":100,"onTheNose":1,"subtext":0,"lines":1}
# {"time":"2026-08-05T02:29:15.153Z","level":"info","msg":"subtext_cool_pressure","agents":2,"score":100}
# {"time":"2026-08-05T02:29:15.155Z","level":"info","msg":"full_scene_room","round":0,"location_id":"vault","agents":2}
# {"time":"2026-08-05T02:29:15.155Z","level":"info","msg":"dialogue_lock_start","location_id":"vault","agents":2}
# {"time":"2026-08-05T02:29:15.155Z","level":"debug","msg":"agent_turn","agent":"Leo Furst","location_id":"vault"}
# {"time":"2026-08-05T02:29:15.157Z","level":"error","msg":"agent_ai_error","agent":"Leo Furst","method":"takeTurn","error_type":"upstream","message":"Gemini provider not available (GEMINI_API_KEY not set)"}
# {"time":"2026-08-05T02:29:15.158Z","level":"error","msg":"agent_ai_error","agent":"Leo Furst","method":"updateEpistemics","error_type":"upstream","message":"Gemini provider not available (GEMINI_API_KEY not set)"}
# {"time":"2026-08-05T02:29:15.159Z","level":"error","msg":"agent_ai_error","agent":"Ana Kade","method":"updateEpistemics","error_type":"upstream","message":"Gemini provider not available (GEMINI_API_KEY not set)"}
# {"time":"2026-08-05T02:29:15.163Z","level":"info","msg":"director_eval_start","location_id":"vault"}
# {"time":"2026-08-05T02:29:15.164Z","level":"error","msg":"director_eval_error","observer_id":"agent-ana","message":"Gemini provider not available (GEMINI_API_KEY not set)"}
# {"time":"2026-08-05T02:29:15.164Z","level":"error","msg":"director_eval_error","observer_id":"agent-leo","message":"Gemini provider not available (GEMINI_API_KEY not set)"}
# {"time":"2026-08-05T02:29:15.164Z","level":"info","msg":"director_eval","tensionDelta":"0.0","contradictions":0,"observers":2}
# {"time":"2026-08-05T02:29:15.165Z","level":"info","msg":"subtext_score","score":100,"onTheNose":1,"subtext":0,"lines":1}
# {"time":"2026-08-05T02:29:15.165Z","level":"info","msg":"subtext_cool_pressure","agents":2,"score":100}
# {"time":"2026-08-05T02:29:15.168Z","level":"info","msg":"full_scene_room","round":1,"location_id":"gallery","agents":2}
# {"time":"2026-08-05T02:29:15.168Z","level":"info","msg":"dialogue_lock_start","location_id":"gallery","agents":2}
# {"time":"2026-08-05T02:29:15.168Z","level":"debug","msg":"agent_turn","agent":"Eve Marlowe","location_id":"gallery"}
# {"time":"2026-08-05T02:29:15.170Z","level":"error","msg":"agent_ai_error","agent":"Eve Marlowe","method":"takeTurn","error_type":"upstream","message":"Gemini provider not available (GEMINI_API_KEY not set)"}
# {"time":"2026-08-05T02:29:15.172Z","level":"error","msg":"agent_ai_error","agent":"Eve Marlowe","method":"updateEpistemics","error_type":"upstream","message":"Gemini provider not available (GEMINI_API_KEY not set)"}
# {"time":"2026-08-05T02:29:15.173Z","level":"error","msg":"agent_ai_error","agent":"Tom Reyes","method":"updateEpistemics","error_type":"upstream","message":"Gemini provider not available (GEMINI_API_KEY not set)"}
# {"time":"2026-08-05T02:29:15.180Z","level":"info","msg":"director_eval_start","location_id":"gallery"}
# {"time":"2026-08-05T02:29:15.181Z","level":"error","msg":"director_eval_error","observer_id":"agent-eve","message":"Gemini provider not available (GEMINI_API_KEY not set)"}
# {"time":"2026-08-05T02:29:15.181Z","level":"error","msg":"director_eval_error","observer_id":"agent-tom","message":"Gemini provider not available (GEMINI_API_KEY not set)"}
# {"time":"2026-08-05T02:29:15.182Z","level":"info","msg":"director_eval","tensionDelta":"0.0","contradictions":0,"observers":2}
# {"time":"2026-08-05T02:29:15.182Z","level":"info","msg":"subtext_score","score":100,"onTheNose":1,"subtext":0,"lines":1}
# {"time":"2026-08-05T02:29:15.183Z","level":"info","msg":"subtext_cool_pressure","agents":2,"score":100}
# {"time":"2026-08-05T02:29:15.185Z","level":"info","msg":"full_scene_room","round":1,"location_id":"vault","agents":2}
# {"time":"2026-08-05T02:29:15.185Z","level":"info","msg":"dialogue_lock_start","location_id":"vault","agents":2}
# {"time":"2026-08-05T02:29:15.186Z","level":"debug","msg":"agent_turn","agent":"Leo Furst","location_id":"vault"}
# {"time":"2026-08-05T02:29:15.190Z","level":"error","msg":"agent_ai_error","agent":"Leo Furst","method":"takeTurn","error_type":"upstream","message":"Gemini provider not available (GEMINI_API_KEY not set)"}
# {"time":"2026-08-05T02:29:15.192Z","level":"error","msg":"agent_ai_error","agent":"Leo Furst","method":"updateEpistemics","error_type":"upstream","message":"Gemini provider not available (GEMINI_API_KEY not set)"}
# {"time":"2026-08-05T02:29:15.194Z","level":"error","msg":"agent_ai_error","agent":"Leo Furst","method":"synthesizeReflections","message":"Gemini provider not available (GEMINI_API_KEY not set)"}
# {"time":"2026-08-05T02:29:15.194Z","level":"error","msg":"agent_ai_error","agent":"Ana Kade","method":"updateEpistemics","error_type":"upstream","message":"Gemini provider not available (GEMINI_API_KEY not set)"}
# {"time":"2026-08-05T02:29:15.199Z","level":"info","msg":"director_eval_start","location_id":"vault"}
# {"time":"2026-08-05T02:29:15.200Z","level":"error","msg":"agent_ai_error","agent":"Ana Kade","method":"synthesizeReflections","message":"Gemini provider not available (GEMINI_API_KEY not set)"}
# {"time":"2026-08-05T02:29:15.200Z","level":"error","msg":"director_eval_error","observer_id":"agent-ana","message":"Gemini provider not available (GEMINI_API_KEY not set)"}
# {"time":"2026-08-05T02:29:15.201Z","level":"error","msg":"director_eval_error","observer_id":"agent-leo","message":"Gemini provider not available (GEMINI_API_KEY not set)"}
# {"time":"2026-08-05T02:29:15.201Z","level":"info","msg":"director_eval","tensionDelta":"0.0","contradictions":0,"observers":2}
# {"time":"2026-08-05T02:29:15.202Z","level":"info","msg":"subtext_score","score":100,"onTheNose":1,"subtext":0,"lines":1}
# {"time":"2026-08-05T02:29:15.203Z","level":"info","msg":"subtext_cool_pressure","agents":2,"score":100}
# {"time":"2026-08-05T02:29:15.206Z","level":"info","msg":"full_scene_room","round":2,"location_id":"gallery","agents":2}
# {"time":"2026-08-05T02:29:15.206Z","level":"info","msg":"dialogue_lock_start","location_id":"gallery","agents":2}
# {"time":"2026-08-05T02:29:15.206Z","level":"debug","msg":"agent_turn","agent":"Eve Marlowe","location_id":"gallery"}
# {"time":"2026-08-05T02:29:15.209Z","level":"error","msg":"agent_ai_error","agent":"Eve Marlowe","method":"takeTurn","error_type":"upstream","message":"Gemini provider not available (GEMINI_API_KEY not set)"}
# {"time":"2026-08-05T02:29:15.211Z","level":"error","msg":"agent_ai_error","agent":"Eve Marlowe","method":"updateEpistemics","error_type":"upstream","message":"Gemini provider not available (GEMINI_API_KEY not set)"}
# {"time":"2026-08-05T02:29:15.211Z","level":"error","msg":"agent_ai_error","agent":"Tom Reyes","method":"updateEpistemics","error_type":"upstream","message":"Gemini provider not available (GEMINI_API_KEY not set)"}
# {"time":"2026-08-05T02:29:15.214Z","level":"info","msg":"director_eval_start","location_id":"gallery"}
# {"time":"2026-08-05T02:29:15.216Z","level":"error","msg":"director_eval_error","observer_id":"agent-eve","message":"Gemini provider not available (GEMINI_API_KEY not set)"}
# {"time":"2026-08-05T02:29:15.216Z","level":"error","msg":"director_eval_error","observer_id":"agent-tom","message":"Gemini provider not available (GEMINI_API_KEY not set)"}
# {"time":"2026-08-05T02:29:15.217Z","level":"info","msg":"director_eval","tensionDelta":"0.0","contradictions":0,"observers":2}
# {"time":"2026-08-05T02:29:15.218Z","level":"info","msg":"subtext_score","score":100,"onTheNose":1,"subtext":0,"lines":1}
# {"time":"2026-08-05T02:29:15.219Z","level":"info","msg":"subtext_cool_pressure","agents":2,"score":100}
# {"time":"2026-08-05T02:29:15.220Z","level":"info","msg":"full_scene_room","round":2,"location_id":"vault","agents":2}
# {"time":"2026-08-05T02:29:15.221Z","level":"info","msg":"dialogue_lock_start","location_id":"vault","agents":2}
# {"time":"2026-08-05T02:29:15.221Z","level":"debug","msg":"agent_turn","agent":"Leo Furst","location_id":"vault"}
# {"time":"2026-08-05T02:29:15.223Z","level":"error","msg":"agent_ai_error","agent":"Leo Furst","method":"takeTurn","error_type":"upstream","message":"Gemini provider not available (GEMINI_API_KEY not set)"}
# {"time":"2026-08-05T02:29:15.225Z","level":"error","msg":"agent_ai_error","agent":"Leo Furst","method":"updateEpistemics","error_type":"upstream","message":"Gemini provider not available (GEMINI_API_KEY not set)"}
# {"time":"2026-08-05T02:29:15.226Z","level":"error","msg":"agent_ai_error","agent":"Ana Kade","method":"updateEpistemics","error_type":"upstream","message":"Gemini provider not available (GEMINI_API_KEY not set)"}
# {"time":"2026-08-05T02:29:15.228Z","level":"info","msg":"director_eval_start","location_id":"vault"}
# {"time":"2026-08-05T02:29:15.229Z","level":"error","msg":"director_eval_error","observer_id":"agent-ana","message":"Gemini provider not available (GEMINI_API_KEY not set)"}
# {"time":"2026-08-05T02:29:15.229Z","level":"error","msg":"director_eval_error","observer_id":"agent-leo","message":"Gemini provider not available (GEMINI_API_KEY not set)"}
# {"time":"2026-08-05T02:29:15.230Z","level":"info","msg":"illusion_phase","from":"Setup","to":"Turn","turn":7,"setupEnd":7}
# {"time":"2026-08-05T02:29:15.230Z","level":"info","msg":"director_eval","tensionDelta":"0.0","contradictions":0,"observers":2}
# {"time":"2026-08-05T02:29:15.231Z","level":"info","msg":"subtext_score","score":100,"onTheNose":1,"subtext":0,"lines":1}
# {"time":"2026-08-05T02:29:15.231Z","level":"info","msg":"subtext_cool_pressure","agents":2,"score":100}
# {"time":"2026-08-05T02:29:15.233Z","level":"info","msg":"full_scene_room","round":3,"location_id":"gallery","agents":2}
# {"time":"2026-08-05T02:29:15.234Z","level":"info","msg":"dialogue_lock_start","location_id":"gallery","agents":2}
# {"time":"2026-08-05T02:29:15.234Z","level":"debug","msg":"agent_turn","agent":"Eve Marlowe","location_id":"gallery"}
# {"time":"2026-08-05T02:29:15.236Z","level":"error","msg":"agent_ai_error","agent":"Eve Marlowe","method":"takeTurn","error_type":"upstream","message":"Gemini provider not available (GEMINI_API_KEY not set)"}
# {"time":"2026-08-05T02:29:15.237Z","level":"error","msg":"agent_ai_error","agent":"Eve Marlowe","method":"updateEpistemics","error_type":"upstream","message":"Gemini provider not available (GEMINI_API_KEY not set)"}
# {"time":"2026-08-05T02:29:15.238Z","level":"error","msg":"agent_ai_error","agent":"Tom Reyes","method":"updateEpistemics","error_type":"upstream","message":"Gemini provider not available (GEMINI_API_KEY not set)"}
# {"time":"2026-08-05T02:29:15.241Z","level":"info","msg":"director_eval_start","location_id":"gallery"}
# {"time":"2026-08-05T02:29:15.242Z","level":"error","msg":"director_eval_error","observer_id":"agent-eve","message":"Gemini provider not available (GEMINI_API_KEY not set)"}
# {"time":"2026-08-05T02:29:15.242Z","level":"error","msg":"director_eval_error","observer_id":"agent-tom","message":"Gemini provider not available (GEMINI_API_KEY not set)"}
# {"time":"2026-08-05T02:29:15.242Z","level":"info","msg":"director_eval","tensionDelta":"0.0","contradictions":0,"observers":2}
# {"time":"2026-08-05T02:29:15.243Z","level":"info","msg":"subtext_score","score":100,"onTheNose":1,"subtext":0,"lines":1}
# {"time":"2026-08-05T02:29:15.243Z","level":"info","msg":"subtext_cool_pressure","agents":2,"score":100}
# {"time":"2026-08-05T02:29:15.245Z","level":"info","msg":"full_scene_room","round":3,"location_id":"vault","agents":2}
# {"time":"2026-08-05T02:29:15.245Z","level":"info","msg":"dialogue_lock_start","location_id":"vault","agents":2}
# {"time":"2026-08-05T02:29:15.245Z","level":"debug","msg":"agent_turn","agent":"Leo Furst","location_id":"vault"}
# {"time":"2026-08-05T02:29:15.247Z","level":"error","msg":"agent_ai_error","agent":"Leo Furst","method":"takeTurn","error_type":"upstream","message":"Gemini provider not available (GEMINI_API_KEY not set)"}
# {"time":"2026-08-05T02:29:15.249Z","level":"error","msg":"agent_ai_error","agent":"Leo Furst","method":"updateEpistemics","error_type":"upstream","message":"Gemini provider not available (GEMINI_API_KEY not set)"}
# {"time":"2026-08-05T02:29:15.250Z","level":"error","msg":"agent_ai_error","agent":"Ana Kade","method":"updateEpistemics","error_type":"upstream","message":"Gemini provider not available (GEMINI_API_KEY not set)"}
# {"time":"2026-08-05T02:29:15.252Z","level":"info","msg":"director_eval_start","location_id":"vault"}
# {"time":"2026-08-05T02:29:15.253Z","level":"error","msg":"director_eval_error","observer_id":"agent-ana","message":"Gemini provider not available (GEMINI_API_KEY not set)"}
# {"time":"2026-08-05T02:29:15.253Z","level":"error","msg":"director_eval_error","observer_id":"agent-leo","message":"Gemini provider not available (GEMINI_API_KEY not set)"}
# {"time":"2026-08-05T02:29:15.253Z","level":"info","msg":"director_eval","tensionDelta":"0.0","contradictions":0,"observers":2}
# {"time":"2026-08-05T02:29:15.254Z","level":"info","msg":"subtext_score","score":100,"onTheNose":1,"subtext":0,"lines":1}
# {"time":"2026-08-05T02:29:15.255Z","level":"info","msg":"subtext_cool_pressure","agents":2,"score":100}
# {"time":"2026-08-05T02:29:15.258Z","level":"info","msg":"request","method":"POST","path":"/api/run-scene","status":200,"ms":351}
# {"time":"2026-08-05T02:29:15.263Z","level":"info","msg":"request","method":"GET","path":"/api/ledger","status":200,"ms":1}
# Subtest: POST /api/run-scene — between-round/between-room cancellation (2026-08-04, Lane D)
    # Subtest: a slow provider is cut off by the budget deadline promptly, room reservations are released, and a follow-up is admitted without duplicating actions
    ok 1 - a slow provider is cut off by the budget deadline promptly, room reservations are released, and a follow-up is admitted without duplicating actions
      ---
      duration_ms: 473.665325
      type: 'test'
      ...
# {"time":"2026-08-05T02:29:15.280Z","level":"info","msg":"request","method":"POST","path":"/api/init","status":200,"ms":10}
# {"time":"2026-08-05T02:29:15.305Z","level":"info","msg":"full_scene_room","round":0,"location_id":"gallery","agents":2}
# {"time":"2026-08-05T02:29:15.306Z","level":"info","msg":"dialogue_lock_start","location_id":"gallery","agents":2}
# {"time":"2026-08-05T02:29:15.306Z","level":"debug","msg":"agent_turn","agent":"Eve Marlowe","location_id":"gallery"}
# {"time":"2026-08-05T02:29:15.308Z","level":"error","msg":"agent_ai_error","agent":"Eve Marlowe","method":"takeTurn","error_type":"upstream","message":"Gemini provider not available (GEMINI_API_KEY not set)"}
# {"time":"2026-08-05T02:29:15.310Z","level":"error","msg":"agent_ai_error","agent":"Eve Marlowe","method":"updateEpistemics","error_type":"upstream","message":"Gemini provider not available (GEMINI_API_KEY not set)"}
# {"time":"2026-08-05T02:29:15.311Z","level":"error","msg":"agent_ai_error","agent":"Tom Reyes","method":"updateEpistemics","error_type":"upstream","message":"Gemini provider not available (GEMINI_API_KEY not set)"}
# {"time":"2026-08-05T02:29:15.314Z","level":"info","msg":"director_eval_start","location_id":"gallery"}
# {"time":"2026-08-05T02:29:15.315Z","level":"error","msg":"director_eval_error","observer_id":"agent-eve","message":"Gemini provider not available (GEMINI_API_KEY not set)"}
# {"time":"2026-08-05T02:29:15.315Z","level":"error","msg":"director_eval_error","observer_id":"agent-tom","message":"Gemini provider not available (GEMINI_API_KEY not set)"}
# {"time":"2026-08-05T02:29:15.316Z","level":"info","msg":"director_eval","tensionDelta":"0.0","contradictions":0,"observers":2}
# {"time":"2026-08-05T02:29:15.317Z","level":"info","msg":"subtext_score","score":100,"onTheNose":1,"subtext":0,"lines":1}
# {"time":"2026-08-05T02:29:15.317Z","level":"info","msg":"subtext_cool_pressure","agents":2,"score":100}
# {"time":"2026-08-05T02:29:15.319Z","level":"info","msg":"full_scene_room","round":0,"location_id":"vault","agents":2}
# {"time":"2026-08-05T02:29:15.319Z","level":"info","msg":"dialogue_lock_start","location_id":"vault","agents":2}
# {"time":"2026-08-05T02:29:15.320Z","level":"debug","msg":"agent_turn","agent":"Leo Furst","location_id":"vault"}
# {"time":"2026-08-05T02:29:15.321Z","level":"error","msg":"agent_ai_error","agent":"Leo Furst","method":"takeTurn","error_type":"upstream","message":"Gemini provider not available (GEMINI_API_KEY not set)"}
# {"time":"2026-08-05T02:29:15.322Z","level":"error","msg":"agent_ai_error","agent":"Leo Furst","method":"updateEpistemics","error_type":"upstream","message":"Gemini provider not available (GEMINI_API_KEY not set)"}
# {"time":"2026-08-05T02:29:15.324Z","level":"error","msg":"agent_ai_error","agent":"Ana Kade","method":"updateEpistemics","error_type":"upstream","message":"Gemini provider not available (GEMINI_API_KEY not set)"}
# {"time":"2026-08-05T02:29:15.327Z","level":"info","msg":"director_eval_start","location_id":"vault"}
# {"time":"2026-08-05T02:29:15.328Z","level":"error","msg":"director_eval_error","observer_id":"agent-ana","message":"Gemini provider not available (GEMINI_API_KEY not set)"}
# {"time":"2026-08-05T02:29:15.329Z","level":"error","msg":"director_eval_error","observer_id":"agent-leo","message":"Gemini provider not available (GEMINI_API_KEY not set)"}
# {"time":"2026-08-05T02:29:15.329Z","level":"info","msg":"director_eval","tensionDelta":"0.0","contradictions":0,"observers":2}
# {"time":"2026-08-05T02:29:15.330Z","level":"info","msg":"subtext_score","score":100,"onTheNose":1,"subtext":0,"lines":1}
# {"time":"2026-08-05T02:29:15.331Z","level":"info","msg":"subtext_cool_pressure","agents":2,"score":100}
# {"time":"2026-08-05T02:29:15.333Z","level":"info","msg":"full_scene_room","round":1,"location_id":"gallery","agents":2}
# {"time":"2026-08-05T02:29:15.333Z","level":"info","msg":"dialogue_lock_start","location_id":"gallery","agents":2}
# {"time":"2026-08-05T02:29:15.333Z","level":"debug","msg":"agent_turn","agent":"Eve Marlowe","location_id":"gallery"}
# {"time":"2026-08-05T02:29:15.335Z","level":"error","msg":"agent_ai_error","agent":"Eve Marlowe","method":"takeTurn","error_type":"upstream","message":"Gemini provider not available (GEMINI_API_KEY not set)"}
# {"time":"2026-08-05T02:29:15.339Z","level":"error","msg":"agent_ai_error","agent":"Eve Marlowe","method":"updateEpistemics","error_type":"upstream","message":"Gemini provider not available (GEMINI_API_KEY not set)"}
# {"time":"2026-08-05T02:29:15.340Z","level":"error","msg":"agent_ai_error","agent":"Tom Reyes","method":"updateEpistemics","error_type":"upstream","message":"Gemini provider not available (GEMINI_API_KEY not set)"}
# {"time":"2026-08-05T02:29:15.342Z","level":"info","msg":"director_eval_start","location_id":"gallery"}
# {"time":"2026-08-05T02:29:15.344Z","level":"error","msg":"director_eval_error","observer_id":"agent-eve","message":"Gemini provider not available (GEMINI_API_KEY not set)"}
# {"time":"2026-08-05T02:29:15.344Z","level":"error","msg":"director_eval_error","observer_id":"agent-tom","message":"Gemini provider not available (GEMINI_API_KEY not set)"}
# {"time":"2026-08-05T02:29:15.345Z","level":"info","msg":"director_eval","tensionDelta":"0.0","contradictions":0,"observers":2}
# {"time":"2026-08-05T02:29:15.345Z","level":"info","msg":"subtext_score","score":100,"onTheNose":1,"subtext":0,"lines":1}
# {"time":"2026-08-05T02:29:15.346Z","level":"info","msg":"subtext_cool_pressure","agents":2,"score":100}
# {"time":"2026-08-05T02:29:15.347Z","level":"info","msg":"full_scene_room","round":1,"location_id":"vault","agents":2}
# {"time":"2026-08-05T02:29:15.348Z","level":"info","msg":"dialogue_lock_start","location_id":"vault","agents":2}
# {"time":"2026-08-05T02:29:15.348Z","level":"debug","msg":"agent_turn","agent":"Leo Furst","location_id":"vault"}
# {"time":"2026-08-05T02:29:15.350Z","level":"error","msg":"agent_ai_error","agent":"Leo Furst","method":"takeTurn","error_type":"upstream","message":"Gemini provider not available (GEMINI_API_KEY not set)"}
# {"time":"2026-08-05T02:29:15.351Z","level":"error","msg":"agent_ai_error","agent":"Leo Furst","method":"updateEpistemics","error_type":"upstream","message":"Gemini provider not available (GEMINI_API_KEY not set)"}
# {"time":"2026-08-05T02:29:15.352Z","level":"error","msg":"agent_ai_error","agent":"Ana Kade","method":"updateEpistemics","error_type":"upstream","message":"Gemini provider not available (GEMINI_API_KEY not set)"}
# {"time":"2026-08-05T02:29:15.355Z","level":"info","msg":"director_eval_start","location_id":"vault"}
# {"time":"2026-08-05T02:29:15.356Z","level":"error","msg":"director_eval_error","observer_id":"agent-ana","message":"Gemini provider not available (GEMINI_API_KEY not set)"}
# {"time":"2026-08-05T02:29:15.356Z","level":"error","msg":"director_eval_error","observer_id":"agent-leo","message":"Gemini provider not available (GEMINI_API_KEY not set)"}
# {"time":"2026-08-05T02:29:15.357Z","level":"info","msg":"director_eval","tensionDelta":"0.0","contradictions":0,"observers":2}
# {"time":"2026-08-05T02:29:15.357Z","level":"info","msg":"subtext_score","score":100,"onTheNose":1,"subtext":0,"lines":1}
# {"time":"2026-08-05T02:29:15.358Z","level":"info","msg":"subtext_cool_pressure","agents":2,"score":100}
# {"time":"2026-08-05T02:29:15.361Z","level":"info","msg":"full_scene_room","round":2,"location_id":"gallery","agents":2}
# {"time":"2026-08-05T02:29:15.361Z","level":"info","msg":"dialogue_lock_start","location_id":"gallery","agents":2}
# {"time":"2026-08-05T02:29:15.362Z","level":"debug","msg":"agent_turn","agent":"Eve Marlowe","location_id":"gallery"}
# {"time":"2026-08-05T02:29:15.363Z","level":"error","msg":"agent_ai_error","agent":"Eve Marlowe","method":"takeTurn","error_type":"upstream","message":"Gemini provider not available (GEMINI_API_KEY not set)"}
# {"time":"2026-08-05T02:29:15.365Z","level":"error","msg":"agent_ai_error","agent":"Eve Marlowe","method":"updateEpistemics","error_type":"upstream","message":"Gemini provider not available (GEMINI_API_KEY not set)"}
# {"time":"2026-08-05T02:29:15.366Z","level":"error","msg":"agent_ai_error","agent":"Eve Marlowe","method":"synthesizeReflections","message":"Gemini provider not available (GEMINI_API_KEY not set)"}
# {"time":"2026-08-05T02:29:15.367Z","level":"error","msg":"agent_ai_error","agent":"Tom Reyes","method":"updateEpistemics","error_type":"upstream","message":"Gemini provider not available (GEMINI_API_KEY not set)"}
# {"time":"2026-08-05T02:29:15.370Z","level":"info","msg":"director_eval_start","location_id":"gallery"}
# {"time":"2026-08-05T02:29:15.372Z","level":"error","msg":"agent_ai_error","agent":"Tom Reyes","method":"synthesizeReflections","message":"Gemini provider not available (GEMINI_API_KEY not set)"}
# {"time":"2026-08-05T02:29:15.372Z","level":"error","msg":"director_eval_error","observer_id":"agent-eve","message":"Gemini provider not available (GEMINI_API_KEY not set)"}
# {"time":"2026-08-05T02:29:15.372Z","level":"error","msg":"director_eval_error","observer_id":"agent-tom","message":"Gemini provider not available (GEMINI_API_KEY not set)"}
# {"time":"2026-08-05T02:29:15.373Z","level":"info","msg":"director_eval","tensionDelta":"0.0","contradictions":0,"observers":2}
# {"time":"2026-08-05T02:29:15.374Z","level":"info","msg":"subtext_score","score":100,"onTheNose":1,"subtext":0,"lines":1}
# {"time":"2026-08-05T02:29:15.374Z","level":"info","msg":"subtext_cool_pressure","agents":2,"score":100}
# {"time":"2026-08-05T02:29:15.376Z","level":"info","msg":"full_scene_room","round":2,"location_id":"vault","agents":2}
# {"time":"2026-08-05T02:29:15.377Z","level":"info","msg":"dialogue_lock_start","location_id":"vault","agents":2}
# {"time":"2026-08-05T02:29:15.377Z","level":"debug","msg":"agent_turn","agent":"Leo Furst","location_id":"vault"}
# {"time":"2026-08-05T02:29:15.379Z","level":"error","msg":"agent_ai_error","agent":"Leo Furst","method":"takeTurn","error_type":"upstream","message":"Gemini provider not available (GEMINI_API_KEY not set)"}
# {"time":"2026-08-05T02:29:15.380Z","level":"error","msg":"agent_ai_error","agent":"Leo Furst","method":"updateEpistemics","error_type":"upstream","message":"Gemini provider not available (GEMINI_API_KEY not set)"}
# {"time":"2026-08-05T02:29:15.381Z","level":"error","msg":"agent_ai_error","agent":"Ana Kade","method":"updateEpistemics","error_type":"upstream","message":"Gemini provider not available (GEMINI_API_KEY not set)"}
# {"time":"2026-08-05T02:29:15.384Z","level":"info","msg":"director_eval_start","location_id":"vault"}
# {"time":"2026-08-05T02:29:15.385Z","level":"error","msg":"director_eval_error","observer_id":"agent-ana","message":"Gemini provider not available (GEMINI_API_KEY not set)"}
# {"time":"2026-08-05T02:29:15.385Z","level":"error","msg":"director_eval_error","observer_id":"agent-leo","message":"Gemini provider not available (GEMINI_API_KEY not set)"}
# {"time":"2026-08-05T02:29:15.385Z","level":"info","msg":"director_eval","tensionDelta":"0.0","contradictions":0,"observers":2}
# {"time":"2026-08-05T02:29:15.386Z","level":"info","msg":"subtext_score","score":100,"onTheNose":1,"subtext":0,"lines":1}
# {"time":"2026-08-05T02:29:15.386Z","level":"info","msg":"subtext_cool_pressure","agents":2,"score":100}
# {"time":"2026-08-05T02:29:15.388Z","level":"info","msg":"full_scene_room","round":3,"location_id":"gallery","agents":2}
# {"time":"2026-08-05T02:29:15.389Z","level":"info","msg":"dialogue_lock_start","location_id":"gallery","agents":2}
# {"time":"2026-08-05T02:29:15.389Z","level":"debug","msg":"agent_turn","agent":"Eve Marlowe","location_id":"gallery"}
# {"time":"2026-08-05T02:29:15.391Z","level":"error","msg":"agent_ai_error","agent":"Eve Marlowe","method":"takeTurn","error_type":"upstream","message":"Gemini provider not available (GEMINI_API_KEY not set)"}
# {"time":"2026-08-05T02:29:15.393Z","level":"error","msg":"agent_ai_error","agent":"Eve Marlowe","method":"updateEpistemics","error_type":"upstream","message":"Gemini provider not available (GEMINI_API_KEY not set)"}
# {"time":"2026-08-05T02:29:15.394Z","level":"error","msg":"agent_ai_error","agent":"Tom Reyes","method":"updateEpistemics","error_type":"upstream","message":"Gemini provider not available (GEMINI_API_KEY not set)"}
# {"time":"2026-08-05T02:29:15.397Z","level":"info","msg":"director_eval_start","location_id":"gallery"}
# {"time":"2026-08-05T02:29:15.398Z","level":"error","msg":"director_eval_error","observer_id":"agent-eve","message":"Gemini provider not available (GEMINI_API_KEY not set)"}
# {"time":"2026-08-05T02:29:15.398Z","level":"error","msg":"director_eval_error","observer_id":"agent-tom","message":"Gemini provider not available (GEMINI_API_KEY not set)"}
# {"time":"2026-08-05T02:29:15.399Z","level":"info","msg":"illusion_phase","from":"Setup","to":"Turn","turn":7,"setupEnd":7}
# {"time":"2026-08-05T02:29:15.399Z","level":"info","msg":"director_eval","tensionDelta":"0.0","contradictions":0,"observers":2}
# {"time":"2026-08-05T02:29:15.400Z","level":"info","msg":"subtext_score","score":100,"onTheNose":1,"subtext":0,"lines":1}
# {"time":"2026-08-05T02:29:15.400Z","level":"info","msg":"subtext_cool_pressure","agents":2,"score":100}
# {"time":"2026-08-05T02:29:15.402Z","level":"info","msg":"full_scene_room","round":3,"location_id":"vault","agents":2}
# {"time":"2026-08-05T02:29:15.402Z","level":"info","msg":"dialogue_lock_start","location_id":"vault","agents":2}
# {"time":"2026-08-05T02:29:15.403Z","level":"debug","msg":"agent_turn","agent":"Leo Furst","location_id":"vault"}
# {"time":"2026-08-05T02:29:15.405Z","level":"error","msg":"agent_ai_error","agent":"Leo Furst","method":"takeTurn","error_type":"upstream","message":"Gemini provider not available (GEMINI_API_KEY not set)"}
# {"time":"2026-08-05T02:29:15.406Z","level":"error","msg":"agent_ai_error","agent":"Leo Furst","method":"updateEpistemics","error_type":"upstream","message":"Gemini provider not available (GEMINI_API_KEY not set)"}
# {"time":"2026-08-05T02:29:15.407Z","level":"error","msg":"agent_ai_error","agent":"Ana Kade","method":"updateEpistemics","error_type":"upstream","message":"Gemini provider not available (GEMINI_API_KEY not set)"}
# {"time":"2026-08-05T02:29:15.410Z","level":"error","msg":"director_eval_error","observer_id":"agent-ana","message":"Gemini provider not available (GEMINI_API_KEY not set)"}
# {"time":"2026-08-05T02:29:15.410Z","level":"error","msg":"director_eval_error","observer_id":"agent-leo","message":"Gemini provider not available (GEMINI_API_KEY not set)"}
# {"time":"2026-08-05T02:29:15.409Z","level":"info","msg":"director_eval_start","location_id":"vault"}
# {"time":"2026-08-05T02:29:15.410Z","level":"info","msg":"director_eval","tensionDelta":"0.0","contradictions":0,"observers":2}
# {"time":"2026-08-05T02:29:15.411Z","level":"info","msg":"subtext_score","score":100,"onTheNose":1,"subtext":0,"lines":1}
# {"time":"2026-08-05T02:29:15.411Z","level":"info","msg":"subtext_cool_pressure","agents":2,"score":100}
# {"time":"2026-08-05T02:29:15.414Z","level":"info","msg":"request","method":"POST","path":"/api/run-scene","status":200,"ms":110}
# {"time":"2026-08-05T02:29:15.422Z","level":"info","msg":"full_scene_room","round":0,"location_id":"vault","agents":2}
# {"time":"2026-08-05T02:29:15.423Z","level":"info","msg":"dialogue_lock_start","location_id":"vault","agents":2}
# {"time":"2026-08-05T02:29:15.423Z","level":"debug","msg":"agent_turn","agent":"Cid","location_id":"vault"}
    # Subtest: a fast run is NOT truncated and completes normally
    ok 2 - a fast run is NOT truncated and completes normally
      ---
      duration_ms: 149.629266
      type: 'test'
      ...
# {"time":"2026-08-05T02:29:15.525Z","level":"warn","msg":"json_parse_error","message":"Unexpected token 's', \\"stub reply\\" is not valid JSON"}
# {"time":"2026-08-05T02:29:15.525Z","level":"warn","msg":"agent_parse_fallback","agent":"Cid","method":"takeTurn","preview":"stub reply"}
# {"time":"2026-08-05T02:29:15.526Z","level":"info","msg":"dialogue_lock_truncated_by_signal","location_id":"vault","turnCount":1,"round":1}
# {"time":"2026-08-05T02:29:15.526Z","level":"info","msg":"director_eval_skipped_truncated","location_id":"vault","turnCount":1}
# {"time":"2026-08-05T02:29:15.532Z","level":"info","msg":"full_scene_room","round":0,"location_id":"vault","agents":2}
# {"time":"2026-08-05T02:29:15.532Z","level":"info","msg":"dialogue_lock_start","location_id":"vault","agents":2}
# {"time":"2026-08-05T02:29:15.533Z","level":"debug","msg":"agent_turn","agent":"Cid","location_id":"vault"}
# {"time":"2026-08-05T02:29:15.634Z","level":"warn","msg":"json_parse_error","message":"Unexpected token 's', \\"stub reply\\" is not valid JSON"}
# {"time":"2026-08-05T02:29:15.634Z","level":"warn","msg":"agent_parse_fallback","agent":"Cid","method":"takeTurn","preview":"stub reply"}
# {"time":"2026-08-05T02:29:15.635Z","level":"debug","msg":"agent_turn","agent":"Dee","location_id":"vault"}
# {"time":"2026-08-05T02:29:15.739Z","level":"warn","msg":"json_parse_error","message":"Unexpected token 's', \\"stub reply\\" is not valid JSON"}
# {"time":"2026-08-05T02:29:15.739Z","level":"warn","msg":"agent_parse_fallback","agent":"Dee","method":"takeTurn","preview":"stub reply"}
# {"time":"2026-08-05T02:29:15.840Z","level":"warn","msg":"json_parse_error","message":"Unexpected token 's', \\"stub reply\\" is not valid JSON"}
# {"time":"2026-08-05T02:29:15.943Z","level":"warn","msg":"json_parse_error","message":"Unexpected token 's', \\"stub reply\\" is not valid JSON"}
# {"time":"2026-08-05T02:29:15.949Z","level":"info","msg":"director_eval_start","location_id":"vault"}
# {"time":"2026-08-05T02:29:16.049Z","level":"warn","msg":"json_parse_error","message":"Unexpected token 's', \\"stub reply\\" is not valid JSON"}
# {"time":"2026-08-05T02:29:16.050Z","level":"warn","msg":"json_parse_error","message":"Unexpected token 's', \\"stub reply\\" is not valid JSON"}
# {"time":"2026-08-05T02:29:16.051Z","level":"info","msg":"director_eval","tensionDelta":"0.0","contradictions":0,"observers":2}
# {"time":"2026-08-05T02:29:16.051Z","level":"info","msg":"subtext_score","score":10,"onTheNose":0,"subtext":0,"lines":2}
# {"time":"2026-08-05T02:29:16.053Z","level":"info","msg":"full_scene_room","round":0,"location_id":"gallery","agents":2}
# {"time":"2026-08-05T02:29:16.053Z","level":"info","msg":"dialogue_lock_start","location_id":"gallery","agents":2}
# {"time":"2026-08-05T02:29:16.053Z","level":"debug","msg":"agent_turn","agent":"Ann","location_id":"gallery"}
# {"time":"2026-08-05T02:29:16.154Z","level":"warn","msg":"json_parse_error","message":"Unexpected token 's', \\"stub reply\\" is not valid JSON"}
# {"time":"2026-08-05T02:29:16.155Z","level":"warn","msg":"agent_parse_fallback","agent":"Ann","method":"takeTurn","preview":"stub reply"}
# {"time":"2026-08-05T02:29:16.156Z","level":"debug","msg":"agent_turn","agent":"Bea","location_id":"gallery"}
# {"time":"2026-08-05T02:29:16.258Z","level":"warn","msg":"json_parse_error","message":"Unexpected token 's', \\"stub reply\\" is not valid JSON"}
# {"time":"2026-08-05T02:29:16.258Z","level":"warn","msg":"agent_parse_fallback","agent":"Bea","method":"takeTurn","preview":"stub reply"}
# {"time":"2026-08-05T02:29:16.360Z","level":"warn","msg":"json_parse_error","message":"Unexpected token 's', \\"stub reply\\" is not valid JSON"}
# {"time":"2026-08-05T02:29:16.461Z","level":"warn","msg":"json_parse_error","message":"Unexpected token 's', \\"stub reply\\" is not valid JSON"}
# {"time":"2026-08-05T02:29:16.464Z","level":"info","msg":"director_eval_start","location_id":"gallery"}
# {"time":"2026-08-05T02:29:16.564Z","level":"warn","msg":"json_parse_error","message":"Unexpected token 's', \\"stub reply\\" is not valid JSON"}
# {"time":"2026-08-05T02:29:16.565Z","level":"warn","msg":"json_parse_error","message":"Unexpected token 's', \\"stub reply\\" is not valid JSON"}
# {"time":"2026-08-05T02:29:16.565Z","level":"info","msg":"director_eval","tensionDelta":"0.0","contradictions":0,"observers":2}
# {"time":"2026-08-05T02:29:16.566Z","level":"info","msg":"subtext_score","score":10,"onTheNose":0,"subtext":0,"lines":2}
    # Subtest: FALSIFIABILITY: without the signal wired (the pre-fix shape), the identical slow provider blows past the same deadline the hang-scenario test above relies on
    ok 3 - FALSIFIABILITY: without the signal wired (the pre-fix shape), the identical slow provider blows past the same deadline the hang-scenario test above relies on
      ---
      duration_ms: 1152.565902
      type: 'test'
      ...
    1..3
ok 2114 - POST /api/run-scene — between-round/between-room cancellation (2026-08-04, Lane D)
  ---
  duration_ms: 1778.498148
  type: 'suite'
  ...
# {"time":"2026-08-05T02:29:13.763Z","level":"warn","msg":"collab_secret_generated","message":"COLLAB_SECRET not set — generated an ephemeral per-process secret. Set COLLAB_SECRET in any multi-process or restart-prone deployment."}
# {"time":"2026-08-05T02:29:13.826Z","level":"info","msg":"request","method":"GET","path":"/api/scriptide/complete","status":503,"ms":11}
# Subtest: routes/scriptide — GET /api/scriptide/complete keyless guard (G0-03)
    # Subtest: keyless: returns 503 with the KEYLESS_AI_NOTE shape instead of a 200 SSE stream
    ok 1 - keyless: returns 503 with the KEYLESS_AI_NOTE shape instead of a 200 SSE stream
      ---
      duration_ms: 60.996433
      type: 'test'
      ...
    1..1
ok 2115 - routes/scriptide — GET /api/scriptide/complete keyless guard (G0-03)
  ---
  duration_ms: 991.629661
  type: 'suite'
  ...
# {"time":"2026-08-05T02:29:14.941Z","level":"warn","msg":"collab_secret_generated","message":"COLLAB_SECRET not set — generated an ephemeral per-process secret. Set COLLAB_SECRET in any multi-process or restart-prone deployment."}
# {"time":"2026-08-05T02:29:14.992Z","level":"info","msg":"request","method":"GET","path":"/api/scriptide/complete","status":200,"ms":11}
# Subtest: routes/scriptide — GET /api/scriptide/complete genre/directorStyle composition
    # Subtest: honors a post-expansion genre ("heist") in the composed prompt block, not just the original 8
    ok 1 - honors a post-expansion genre ("heist") in the composed prompt block, not just the original 8
      ---
      duration_ms: 50.316955
      type: 'test'
      ...
# {"time":"2026-08-05T02:29:15.013Z","level":"info","msg":"request","method":"GET","path":"/api/scriptide/complete","status":200,"ms":3}
    # Subtest: honors a post-expansion director style ("kubrick") in the composed prompt block, not just the original 6
    ok 2 - honors a post-expansion director style ("kubrick") in the composed prompt block, not just the original 6
      ---
      duration_ms: 9.29287
      type: 'test'
      ...
# {"time":"2026-08-05T02:29:15.019Z","level":"info","msg":"request","method":"GET","path":"/api/scriptide/complete","status":200,"ms":2}
    # Subtest: still honors an original-roster genre+style pair ("thriller"/"hitchcock") — no regression on the previously-supported subset
    ok 3 - still honors an original-roster genre+style pair ("thriller"/"hitchcock") — no regression on the previously-supported subset
      ---
      duration_ms: 6.165693
      type: 'test'
      ...
# {"time":"2026-08-05T02:29:15.024Z","level":"info","msg":"request","method":"GET","path":"/api/scriptide/complete","status":200,"ms":1}
    # Subtest: ignores an unknown genre/style value entirely (no crash, no bogus block)
    ok 4 - ignores an unknown genre/style value entirely (no crash, no bogus block)
      ---
      duration_ms: 5.450989
      type: 'test'
      ...
    1..4
ok 2116 - routes/scriptide — GET /api/scriptide/complete genre/directorStyle composition
  ---
  duration_ms: 517.388431
  type: 'suite'
  ...
# {"time":"2026-08-05T02:29:15.422Z","level":"warn","msg":"collab_secret_generated","message":"COLLAB_SECRET not set — generated an ephemeral per-process secret. Set COLLAB_SECRET in any multi-process or restart-prone deployment."}
# {"time":"2026-08-05T02:29:16.866Z","level":"info","msg":"request","method":"POST","path":"/api/scriptide/diagnose","status":200,"ms":1376}
# Subtest: routes/scriptide/diagnose — HTTP behavior
    # Subtest: POST a valid multi-scene Fountain script returns 200 with a well-formed LiveDiagnosis
    ok 1 - POST a valid multi-scene Fountain script returns 200 with a well-formed LiveDiagnosis
      ---
      duration_ms: 1448.954953
      type: 'test'
      ...
# {"time":"2026-08-05T02:29:16.903Z","level":"info","msg":"request","method":"POST","path":"/api/scriptide/diagnose","status":400,"ms":7}
    # Subtest: POST an empty-string fountain returns 400 (zod .min(1))
    ok 2 - POST an empty-string fountain returns 400 (zod .min(1))
      ---
      duration_ms: 24.224285
      type: 'test'
      ...
# {"time":"2026-08-05T02:29:16.917Z","level":"info","msg":"request","method":"POST","path":"/api/scriptide/diagnose","status":400,"ms":1}
    # Subtest: POST with a missing fountain field returns 400
    ok 3 - POST with a missing fountain field returns 400
      ---
      duration_ms: 10.403993
      type: 'test'
      ...
# {"time":"2026-08-05T02:29:16.924Z","level":"info","msg":"request","method":"POST","path":"/api/scriptide/diagnose","status":400,"ms":1}
    # Subtest: POST with fountain of the wrong type (number) returns 400
    ok 4 - POST with fountain of the wrong type (number) returns 400
      ---
      duration_ms: 5.588967
      type: 'test'
      ...
# {"time":"2026-08-05T02:29:18.103Z","level":"info","msg":"request","method":"POST","path":"/api/scriptide/diagnose","status":200,"ms":1174}
    # Subtest: returns partial located issues but withholds live headline diagnostics for a scene-truncated draft
    ok 5 - returns partial located issues but withholds live headline diagnostics for a scene-truncated draft
      ---
      duration_ms: 1195.185134
      type: 'test'
      ...
# {"time":"2026-08-05T02:29:18.128Z","level":"info","msg":"request","method":"POST","path":"/api/scriptide/diagnose","status":200,"ms":2}
# {"time":"2026-08-05T02:29:18.145Z","level":"info","msg":"request","method":"POST","path":"/api/scriptide/diagnose","status":200,"ms":7}
    # Subtest: is deterministic through HTTP: the same script POSTed twice yields deep-equal diagnoses (minus analyzedAt)
    ok 6 - is deterministic through HTTP: the same script POSTed twice yields deep-equal diagnoses (minus analyzedAt)
      ---
      duration_ms: 33.519002
      type: 'test'
      ...
# {"time":"2026-08-05T02:29:18.163Z","level":"info","msg":"request","method":"POST","path":"/api/scriptide/doctor","status":200,"ms":3}
    # Subtest: /doctor now returns 200 with a rootCauses field attached
    ok 7 - /doctor now returns 200 with a rootCauses field attached
      ---
      duration_ms: 10.428451
      type: 'test'
      ...
    1..7
ok 2117 - routes/scriptide/diagnose — HTTP behavior
  ---
  duration_ms: 3519.228014
  type: 'suite'
  ...
# {"time":"2026-08-05T02:29:17.483Z","level":"warn","msg":"collab_secret_generated","message":"COLLAB_SECRET not set — generated an ephemeral per-process secret. Set COLLAB_SECRET in any multi-process or restart-prone deployment."}
# {"time":"2026-08-05T02:29:17.586Z","level":"info","msg":"request","method":"POST","path":"/api/scriptide/doctor/deep","status":200,"ms":51}
# Subtest: routes/scriptide/doctor/deep — HTTP behavior
    # Subtest: keyless: POST a valid fountain returns 200 with deepRead present, usedLLM false, and fallbackScenes covering every scene
    ok 1 - keyless: POST a valid fountain returns 200 with deepRead present, usedLLM false, and fallbackScenes covering every scene
      ---
      duration_ms: 101.074666
      type: 'test'
      ...
# {"time":"2026-08-05T02:29:17.620Z","level":"info","msg":"request","method":"POST","path":"/api/scriptide/doctor/deep","status":200,"ms":14}
# {"time":"2026-08-05T02:29:17.649Z","level":"info","msg":"request","method":"POST","path":"/api/scriptide/doctor","status":200,"ms":14}
    # Subtest: keyless: a deep report is deep-equal to the quick /doctor report for the same fountain, aside from analyzedAt and deepRead (full fallback ⇒ identical signals)
    ok 2 - keyless: a deep report is deep-equal to the quick /doctor report for the same fountain, aside from analyzedAt and deepRead (full fallback ⇒ identical signals)
      ---
      duration_ms: 56.166046
      type: 'test'
      ...
# {"time":"2026-08-05T02:29:17.674Z","level":"info","msg":"request","method":"POST","path":"/api/scriptide/doctor/deep","status":200,"ms":18}
    # Subtest: mocked provider (ai.ts seam): valid per-scene annotations yield 200 with usedLLM true and scenesRead > 0
    ok 3 - mocked provider (ai.ts seam): valid per-scene annotations yield 200 with usedLLM true and scenesRead > 0
      ---
      duration_ms: 23.693055
      type: 'test'
      ...
# {"time":"2026-08-05T02:29:17.682Z","level":"info","msg":"request","method":"POST","path":"/api/scriptide/doctor/deep","status":400,"ms":1}
    # Subtest: POST a body with both fountain and fdx returns 400
    ok 4 - POST a body with both fountain and fdx returns 400
      ---
      duration_ms: 7.486606
      type: 'test'
      ...
# {"time":"2026-08-05T02:29:17.689Z","level":"info","msg":"request","method":"POST","path":"/api/scriptide/doctor/deep","status":400,"ms":2}
    # Subtest: POST a body with neither fountain nor fdx returns 400
    ok 5 - POST a body with neither fountain nor fdx returns 400
      ---
      duration_ms: 6.043584
      type: 'test'
      ...
# {"time":"2026-08-05T02:29:17.708Z","level":"info","msg":"request","method":"POST","path":"/api/scriptide/doctor/deep","status":200,"ms":14}
    # Subtest: POST a valid Final Draft (.fdx) body returns 200 with source.format "fdx" and deepRead present
    ok 6 - POST a valid Final Draft (.fdx) body returns 200 with source.format "fdx" and deepRead present
      ---
      duration_ms: 19.226707
      type: 'test'
      ...
# {"time":"2026-08-05T02:29:17.714Z","level":"info","msg":"request","method":"POST","path":"/api/scriptide/doctor/deep","status":400,"ms":1}
    # Subtest: POST a malformed fdx (no <Paragraph> elements) returns 400
    ok 7 - POST a malformed fdx (no <Paragraph> elements) returns 400
      ---
      duration_ms: 6.025672
      type: 'test'
      ...
# {"time":"2026-08-05T02:29:17.732Z","level":"info","msg":"request","method":"POST","path":"/api/scriptide/doctor","status":200,"ms":12}
    # Subtest: regression: quick /doctor still never carries a deepRead field
    ok 8 - regression: quick /doctor still never carries a deepRead field
      ---
      duration_ms: 25.137487
      type: 'test'
      ...
    1..8
ok 2118 - routes/scriptide/doctor/deep — HTTP behavior
  ---
  duration_ms: 665.935221
  type: 'suite'
  ...
# {"time":"2026-08-05T02:29:17.621Z","level":"warn","msg":"collab_secret_generated","message":"COLLAB_SECRET not set — generated an ephemeral per-process secret. Set COLLAB_SECRET in any multi-process or restart-prone deployment."}
# {"time":"2026-08-05T02:29:19.487Z","level":"info","msg":"request","method":"POST","path":"/api/scriptide/doctor/pdf","status":200,"ms":1802}
# Subtest: routes/scriptide/doctor/pdf — HTTP behavior
    # Subtest: POST a valid screenplay PDF returns 200 with a well-formed report, 14 passes, and source.format "pdf"
    ok 1 - POST a valid screenplay PDF returns 200 with a well-formed report, 14 passes, and source.format "pdf"
      ---
      duration_ms: 1864.407402
      type: 'test'
      ...
# {"time":"2026-08-05T02:29:19.519Z","level":"info","msg":"request","method":"POST","path":"/api/scriptide/doctor/pdf","status":200,"ms":11}
# {"time":"2026-08-05T02:29:19.534Z","level":"info","msg":"request","method":"POST","path":"/api/scriptide/doctor/pdf","status":200,"ms":14}
    # Subtest: is deterministic through HTTP: the same PDF bytes POSTed twice yield deep-equal reports
    ok 2 - is deterministic through HTTP: the same PDF bytes POSTed twice yield deep-equal reports
      ---
      duration_ms: 40.074909
      type: 'test'
      ...
# {"time":"2026-08-05T02:29:19.542Z","level":"info","msg":"request","method":"POST","path":"/api/scriptide/doctor/pdf","status":400,"ms":1}
    # Subtest: POST an empty body returns 400
    ok 3 - POST an empty body returns 400
      ---
      duration_ms: 5.95775
      type: 'test'
      ...
# {"time":"2026-08-05T02:29:19.551Z","level":"info","msg":"request","method":"POST","path":"/api/scriptide/doctor/pdf","status":400,"ms":3}
    # Subtest: POST non-PDF bytes returns 400 with a clear message
    ok 4 - POST non-PDF bytes returns 400 with a clear message
      ---
      duration_ms: 9.747645
      type: 'test'
      ...
# {"time":"2026-08-05T02:29:19.571Z","level":"info","msg":"request","method":"POST","path":"/api/scriptide/doctor/pdf","status":400,"ms":9}
    # Subtest: POST a PDF with no text layer returns 400 with the scan message
    ok 5 - POST a PDF with no text layer returns 400 with the scan message
      ---
      duration_ms: 17.493276
      type: 'test'
      ...
# {"time":"2026-08-05T02:29:19.577Z","level":"info","msg":"request","method":"GET","path":"/scriptide/doctor/pdf","status":404,"ms":3}
    # Subtest: a GET request to the PDF doctor route is not allowed (POST-only)
    ok 6 - a GET request to the PDF doctor route is not allowed (POST-only)
      ---
      duration_ms: 5.710024
      type: 'test'
      ...
    1..6
ok 2119 - routes/scriptide/doctor/pdf — HTTP behavior
  ---
  duration_ms: 2817.190253
  type: 'suite'
  ...
# {"time":"2026-08-05T02:29:18.818Z","level":"warn","msg":"collab_secret_generated","message":"COLLAB_SECRET not set — generated an ephemeral per-process secret. Set COLLAB_SECRET in any multi-process or restart-prone deployment."}
# {"time":"2026-08-05T02:29:20.343Z","level":"info","msg":"request","method":"POST","path":"/api/scriptide/doctor","status":200,"ms":1472}
# Subtest: routes/scriptide/doctor — HTTP behavior
    # Subtest: POST a valid multi-scene Fountain script returns 200 with a well-formed ScriptDoctorReport
    ok 1 - POST a valid multi-scene Fountain script returns 200 with a well-formed ScriptDoctorReport
      ---
      duration_ms: 1525.91749
      type: 'test'
      ...
# {"time":"2026-08-05T02:29:20.366Z","level":"info","msg":"request","method":"POST","path":"/api/scriptide/doctor","status":200,"ms":3}
    # Subtest: POST a whitespace-only fountain returns an explicitly incomplete, scoreless report
    ok 2 - POST a whitespace-only fountain returns an explicitly incomplete, scoreless report
      ---
      duration_ms: 12.188834
      type: 'test'
      ...
# {"time":"2026-08-05T02:29:21.517Z","level":"info","msg":"request","method":"POST","path":"/api/scriptide/doctor","status":200,"ms":1143}
    # Subtest: does not serialize headline scores for a scene-truncated partial draft
    ok 3 - does not serialize headline scores for a scene-truncated partial draft
      ---
      duration_ms: 1163.220294
      type: 'test'
      ...
# {"time":"2026-08-05T02:29:21.537Z","level":"info","msg":"request","method":"POST","path":"/api/scriptide/doctor","status":400,"ms":2}
    # Subtest: POST with a missing fountain field returns 400
    ok 4 - POST with a missing fountain field returns 400
      ---
      duration_ms: 5.937259
      type: 'test'
      ...
# {"time":"2026-08-05T02:29:21.547Z","level":"info","msg":"request","method":"POST","path":"/api/scriptide/doctor","status":400,"ms":2}
    # Subtest: POST with fountain of the wrong type (number) returns 400
    ok 5 - POST with fountain of the wrong type (number) returns 400
      ---
      duration_ms: 10.586143
      type: 'test'
      ...
# {"time":"2026-08-05T02:29:21.553Z","level":"info","msg":"request","method":"POST","path":"/api/scriptide/doctor","status":400,"ms":1}
    # Subtest: POST with an empty-string fountain returns 400 (zod .min(1))
    ok 6 - POST with an empty-string fountain returns 400 (zod .min(1))
      ---
      duration_ms: 11.216052
      type: 'test'
      ...
# {"time":"2026-08-05T02:29:21.577Z","level":"info","msg":"request","method":"POST","path":"/api/scriptide/doctor","status":400,"ms":1}
    # Subtest: POST an oversized fountain (900_001 chars) is rejected
    ok 7 - POST an oversized fountain (900_001 chars) is rejected
      ---
      duration_ms: 18.477301
      type: 'test'
      ...
# {"time":"2026-08-05T02:29:21.592Z","level":"info","msg":"request","method":"POST","path":"/api/scriptide/doctor","status":200,"ms":2}
    # Subtest: POST accepts an optional title alongside fountain
    ok 8 - POST accepts an optional title alongside fountain
      ---
      duration_ms: 15.50077
      type: 'test'
      ...
# {"time":"2026-08-05T02:29:21.604Z","level":"info","msg":"request","method":"POST","path":"/api/scriptide/doctor","status":200,"ms":3}
# {"time":"2026-08-05T02:29:21.609Z","level":"info","msg":"request","method":"POST","path":"/api/scriptide/doctor","status":200,"ms":2}
    # Subtest: is deterministic through HTTP: the same script POSTed twice yields deep-equal reports
    ok 9 - is deterministic through HTTP: the same script POSTed twice yields deep-equal reports
      ---
      duration_ms: 18.332198
      type: 'test'
      ...
# {"time":"2026-08-05T02:29:21.620Z","level":"info","msg":"request","method":"POST","path":"/api/scriptide/doctor","status":200,"ms":4}
    # Subtest: POST a valid Final Draft (.fdx) body returns 200 with a well-formed report and source.format "fdx"
    ok 10 - POST a valid Final Draft (.fdx) body returns 200 with a well-formed report and source.format "fdx"
      ---
      duration_ms: 8.674499
      type: 'test'
      ...
# {"time":"2026-08-05T02:29:21.626Z","level":"info","msg":"request","method":"POST","path":"/api/scriptide/doctor","status":400,"ms":1}
    # Subtest: POST a body with both fountain and fdx returns 400
    ok 11 - POST a body with both fountain and fdx returns 400
      ---
      duration_ms: 5.539367
      type: 'test'
      ...
# {"time":"2026-08-05T02:29:21.630Z","level":"info","msg":"request","method":"POST","path":"/api/scriptide/doctor","status":400,"ms":1}
    # Subtest: POST a body with neither fountain nor fdx returns 400
    ok 12 - POST a body with neither fountain nor fdx returns 400
      ---
      duration_ms: 3.943118
      type: 'test'
      ...
# {"time":"2026-08-05T02:29:21.635Z","level":"info","msg":"request","method":"POST","path":"/api/scriptide/doctor","status":400,"ms":2}
    # Subtest: POST a malformed fdx (no <Paragraph> elements) returns 400
    ok 13 - POST a malformed fdx (no <Paragraph> elements) returns 400
      ---
      duration_ms: 4.396945
      type: 'test'
      ...
    1..13
ok 2120 - routes/scriptide/doctor — HTTP behavior
  ---
  duration_ms: 3713.394789
  type: 'suite'
  ...
# {"time":"2026-08-05T02:29:20.615Z","level":"warn","msg":"collab_secret_generated","message":"COLLAB_SECRET not set — generated an ephemeral per-process secret. Set COLLAB_SECRET in any multi-process or restart-prone deployment."}
# {"time":"2026-08-05T02:29:20.733Z","level":"info","msg":"request","method":"POST","path":"/api/scriptide/fix","status":200,"ms":61}
# Subtest: routes/scriptide/fix — HTTP behavior
    # Subtest: keyless: returns 200 with the honest usedLLM:false shape and no candidate
    ok 1 - keyless: returns 200 with the honest usedLLM:false shape and no candidate
      ---
      duration_ms: 113.513261
      type: 'test'
      ...
# {"time":"2026-08-05T02:29:20.801Z","level":"info","msg":"request","method":"POST","path":"/api/scriptide/fix","status":200,"ms":51}
# {"time":"2026-08-05T02:29:20.817Z","level":"info","msg":"request","method":"POST","path":"/api/scriptide/doctor","status":200,"ms":9}
    # Subtest: mocked provider (ai.ts seam): a valid rewrite yields 200 with a full receipt
    ok 2 - mocked provider (ai.ts seam): a valid rewrite yields 200 with a full receipt
      ---
      duration_ms: 76.612874
      type: 'test'
      ...
# {"time":"2026-08-05T02:29:20.824Z","level":"info","msg":"request","method":"POST","path":"/api/scriptide/fix","status":400,"ms":1}
    # Subtest: 400 on a malformed span (endLine < startLine)
    ok 3 - 400 on a malformed span (endLine < startLine)
      ---
      duration_ms: 5.973135
      type: 'test'
      ...
# {"time":"2026-08-05T02:29:20.830Z","level":"info","msg":"request","method":"POST","path":"/api/scriptide/fix","status":400,"ms":2}
    # Subtest: 400 on a malformed span (missing startLine)
    ok 4 - 400 on a malformed span (missing startLine)
      ---
      duration_ms: 6.185117
      type: 'test'
      ...
# {"time":"2026-08-05T02:29:20.836Z","level":"info","msg":"request","method":"POST","path":"/api/scriptide/fix","status":400,"ms":1}
    # Subtest: 400 on empty issues array
    ok 5 - 400 on empty issues array
      ---
      duration_ms: 5.657603
      type: 'test'
      ...
# {"time":"2026-08-05T02:29:20.842Z","level":"info","msg":"request","method":"POST","path":"/api/scriptide/fix","status":400,"ms":1}
    # Subtest: 400 on more than 10 issues
    ok 6 - 400 on more than 10 issues
      ---
      duration_ms: 5.703386
      type: 'test'
      ...
# {"time":"2026-08-05T02:29:20.847Z","level":"info","msg":"request","method":"POST","path":"/api/scriptide/fix","status":400,"ms":1}
    # Subtest: 400 on an oversized issue field (rule > 80 chars)
    ok 7 - 400 on an oversized issue field (rule > 80 chars)
      ---
      duration_ms: 4.817011
      type: 'test'
      ...
# {"time":"2026-08-05T02:29:20.854Z","level":"info","msg":"request","method":"POST","path":"/api/scriptide/fix","status":400,"ms":2}
    # Subtest: 400 on a missing fountain field
    ok 8 - 400 on a missing fountain field
      ---
      duration_ms: 8.017769
      type: 'test'
      ...
# {"time":"2026-08-05T02:29:20.861Z","level":"info","msg":"request","method":"POST","path":"/api/scriptide/fix","status":400,"ms":2}
    # Subtest: 400 on an empty-string fountain
    ok 9 - 400 on an empty-string fountain
      ---
      duration_ms: 5.770329
      type: 'test'
      ...
    1..9
ok 2121 - routes/scriptide/fix — HTTP behavior
  ---
  duration_ms: 641.148008
  type: 'suite'
  ...
# {"time":"2026-08-05T02:29:20.709Z","level":"warn","msg":"collab_secret_generated","message":"COLLAB_SECRET not set — generated an ephemeral per-process secret. Set COLLAB_SECRET in any multi-process or restart-prone deployment."}
# {"time":"2026-08-05T02:29:20.767Z","level":"info","msg":"request","method":"GET","path":"/api/scriptide/personas","status":200,"ms":10}
# Subtest: routes/scriptide — HTTP behavior
    # Subtest: GET /api/scriptide/personas returns 200 with a personas array
    ok 1 - GET /api/scriptide/personas returns 200 with a personas array
      ---
      duration_ms: 73.669119
      type: 'test'
      ...
# {"time":"2026-08-05T02:29:20.842Z","level":"info","msg":"request","method":"GET","path":"/api/scriptide/load","status":200,"ms":24}
    # Subtest: GET /api/scriptide/load returns 200 "empty" status for a fresh session
    ok 2 - GET /api/scriptide/load returns 200 "empty" status for a fresh session
      ---
      duration_ms: 52.435398
      type: 'test'
      ...
# {"time":"2026-08-05T02:29:20.880Z","level":"info","msg":"request","method":"POST","path":"/api/scriptide/save","status":200,"ms":7}
# {"time":"2026-08-05T02:29:20.884Z","level":"info","msg":"request","method":"GET","path":"/api/scriptide/load","status":200,"ms":1}
    # Subtest: POST /api/scriptide/save then GET /api/scriptide/load roundtrips text + updatedAt
    ok 3 - POST /api/scriptide/save then GET /api/scriptide/load roundtrips text + updatedAt
      ---
      duration_ms: 39.308474
      type: 'test'
      ...
# {"time":"2026-08-05T02:29:20.897Z","level":"info","msg":"request","method":"POST","path":"/api/scriptide/save","status":200,"ms":6}
# {"time":"2026-08-05T02:29:20.901Z","level":"info","msg":"request","method":"GET","path":"/api/scriptide/load","status":200,"ms":1}
    # Subtest: persists an intentionally blank draft and metadata-only state
    ok 4 - persists an intentionally blank draft and metadata-only state
      ---
      duration_ms: 14.887416
      type: 'test'
      ...
# {"time":"2026-08-05T02:29:20.911Z","level":"info","msg":"request","method":"POST","path":"/api/scriptide/save","status":200,"ms":5}
# {"time":"2026-08-05T02:29:20.915Z","level":"info","msg":"request","method":"POST","path":"/api/scriptide/save","status":200,"ms":1}
# {"time":"2026-08-05T02:29:20.922Z","level":"info","msg":"request","method":"POST","path":"/api/scriptide/save","status":409,"ms":2}
# {"time":"2026-08-05T02:29:20.927Z","level":"info","msg":"request","method":"GET","path":"/api/scriptide/load","status":200,"ms":2}
    # Subtest: rejects a stale conditional save without changing server state
    ok 5 - rejects a stale conditional save without changing server state
      ---
      duration_ms: 26.010878
      type: 'test'
      ...
# {"time":"2026-08-05T02:29:20.936Z","level":"info","msg":"request","method":"POST","path":"/api/scriptide/save","status":200,"ms":5}
# {"time":"2026-08-05T02:29:20.940Z","level":"info","msg":"request","method":"POST","path":"/api/scriptide/save","status":409,"ms":1}
    # Subtest: rejects conditional creation when a row already exists
    ok 6 - rejects conditional creation when a row already exists
      ---
      duration_ms: 12.254062
      type: 'test'
      ...
# {"time":"2026-08-05T02:29:20.945Z","level":"info","msg":"request","method":"POST","path":"/api/scriptide/personas","status":400,"ms":2}
    # Subtest: POST /api/scriptide/personas rejects an invalid persona with 400
    ok 7 - POST /api/scriptide/personas rejects an invalid persona with 400
      ---
      duration_ms: 4.739573
      type: 'test'
      ...
# {"time":"2026-08-05T02:29:20.952Z","level":"info","msg":"request","method":"POST","path":"/api/scriptide/clean-action","status":400,"ms":2}
    # Subtest: POST /api/scriptide/clean-action without text does not return 2xx
    ok 8 - POST /api/scriptide/clean-action without text does not return 2xx
      ---
      duration_ms: 7.129371
      type: 'test'
      ...
    1..8
ok 2122 - routes/scriptide — HTTP behavior
  ---
  duration_ms: 1145.772961
  type: 'suite'
  ...
# {"time":"2026-08-05T02:29:22.069Z","level":"warn","msg":"collab_secret_generated","message":"COLLAB_SECRET not set — generated an ephemeral per-process secret. Set COLLAB_SECRET in any multi-process or restart-prone deployment."}
# {"time":"2026-08-05T02:29:22.152Z","level":"info","msg":"request","method":"POST","path":"/api/init","status":200,"ms":26}
# {"time":"2026-08-05T02:29:22.171Z","level":"info","msg":"request","method":"GET","path":"/api/state","status":200,"ms":7}
# {"time":"2026-08-05T02:29:22.177Z","level":"info","msg":"request","method":"GET","path":"/api/state","status":200,"ms":2}
# Subtest: routes — X-Session-Id header precedence
    # Subtest: two requests with different X-Session-Id headers get fully isolated state
    ok 1 - two requests with different X-Session-Id headers get fully isolated state
      ---
      duration_ms: 97.192514
      type: 'test'
      ...
# {"time":"2026-08-05T02:29:22.190Z","level":"info","msg":"request","method":"POST","path":"/api/init","status":200,"ms":6}
    # Subtest: an invalid X-Session-Id header falls through to "default" instead of erroring
    ok 2 - an invalid X-Session-Id header falls through to "default" instead of erroring
      ---
      duration_ms: 11.124189
      type: 'test'
      ...
# {"time":"2026-08-05T02:29:22.196Z","level":"info","msg":"request","method":"POST","path":"/api/init","status":200,"ms":1}
    # Subtest: a too-short X-Session-Id header (under the 8-char floor) also falls through to "default"
    ok 3 - a too-short X-Session-Id header (under the 8-char floor) also falls through to "default"
      ---
      duration_ms: 6.462798
      type: 'test'
      ...
# {"time":"2026-08-05T02:29:22.207Z","level":"info","msg":"request","method":"POST","path":"/api/init","status":200,"ms":5}
# {"time":"2026-08-05T02:29:22.215Z","level":"info","msg":"request","method":"GET","path":"/api/state","status":200,"ms":5}
    # Subtest: an explicit body sessionId beats a conflicting (valid) X-Session-Id header
    ok 4 - an explicit body sessionId beats a conflicting (valid) X-Session-Id header
      ---
      duration_ms: 36.105032
      type: 'test'
      ...
# {"time":"2026-08-05T02:29:22.243Z","level":"info","msg":"request","method":"POST","path":"/api/init","status":200,"ms":6}
# {"time":"2026-08-05T02:29:22.248Z","level":"info","msg":"request","method":"GET","path":"/api/state","status":200,"ms":2}
# {"time":"2026-08-05T02:29:22.254Z","level":"info","msg":"request","method":"GET","path":"/api/state","status":200,"ms":2}
    # Subtest: a header-only session id round-trips through a full init -> state cycle
    ok 5 - a header-only session id round-trips through a full init -> state cycle
      ---
      duration_ms: 23.032115
      type: 'test'
      ...
    1..5
ok 2123 - routes — X-Session-Id header precedence
  ---
  duration_ms: 1189.771522
  type: 'suite'
  ...
# {"time":"2026-08-05T02:29:22.270Z","level":"info","msg":"request","method":"POST","path":"/api/init","status":200,"ms":1}
# Subtest: routes — X-Session-Id header rejects path-traversal payloads
    # Subtest: falls through to "default" for unix relative traversal (X-Session-Id: "../../etc/passwd")
    ok 1 - falls through to "default" for unix relative traversal (X-Session-Id: "../../etc/passwd")
      ---
      duration_ms: 10.608803
      type: 'test'
      ...
# {"time":"2026-08-05T02:29:22.276Z","level":"info","msg":"request","method":"POST","path":"/api/init","status":200,"ms":1}
    # Subtest: falls through to "default" for windows backslash traversal (X-Session-Id: "..\\\\..\\\\windows\\\\system32")
    ok 2 - falls through to "default" for windows backslash traversal (X-Session-Id: "..\\\\..\\\\windows\\\\system32")
      ---
      duration_ms: 5.382281
      type: 'test'
      ...
# {"time":"2026-08-05T02:29:22.280Z","level":"info","msg":"request","method":"POST","path":"/api/init","status":200,"ms":1}
    # Subtest: falls through to "default" for bare parent dir (X-Session-Id: "../")
    ok 3 - falls through to "default" for bare parent dir (X-Session-Id: "../")
      ---
      duration_ms: 3.767976
      type: 'test'
      ...
# {"time":"2026-08-05T02:29:22.285Z","level":"info","msg":"request","method":"POST","path":"/api/init","status":200,"ms":1}
    # Subtest: falls through to "default" for absolute unix path (X-Session-Id: "/etc/passwd")
    ok 4 - falls through to "default" for absolute unix path (X-Session-Id: "/etc/passwd")
      ---
      duration_ms: 5.210595
      type: 'test'
      ...
# {"time":"2026-08-05T02:29:22.289Z","level":"info","msg":"request","method":"POST","path":"/api/init","status":200,"ms":1}
    # Subtest: falls through to "default" for double-dot/slash repeated (X-Session-Id: "....//....//etc")
    ok 5 - falls through to "default" for double-dot/slash repeated (X-Session-Id: "....//....//etc")
      ---
      duration_ms: 3.759314
      type: 'test'
      ...
# {"time":"2026-08-05T02:29:22.293Z","level":"info","msg":"request","method":"POST","path":"/api/init","status":200,"ms":1}
    # Subtest: treats the literal "default" header as the default session (control case)
    ok 6 - treats the literal "default" header as the default session (control case)
      ---
      duration_ms: 3.417369
      type: 'test'
      ...
    1..6
ok 2124 - routes — X-Session-Id header rejects path-traversal payloads
  ---
  duration_ms: 35.135957
  type: 'suite'
  ...
# Subtest: src/lib/session.ts — mergeSessionHeader (fetch header-merge helper)
    # Subtest: adds X-Session-Id to a plain object headers init, preserving other entries
    ok 1 - adds X-Session-Id to a plain object headers init, preserving other entries
      ---
      duration_ms: 0.556691
      type: 'test'
      ...
    # Subtest: adds X-Session-Id when no headers init was passed at all (undefined)
    ok 2 - adds X-Session-Id when no headers init was passed at all (undefined)
      ---
      duration_ms: 0.128954
      type: 'test'
      ...
    # Subtest: overwrites a pre-existing (differently-cased) X-Session-Id key in a plain object
    ok 3 - overwrites a pre-existing (differently-cased) X-Session-Id key in a plain object
      ---
      duration_ms: 0.14777
      type: 'test'
      ...
    # Subtest: adds X-Session-Id to an array-form headers init, preserving other entries
    ok 4 - adds X-Session-Id to an array-form headers init, preserving other entries
      ---
      duration_ms: 0.291647
      type: 'test'
      ...
    # Subtest: drops a stale X-Session-Id entry from an array-form headers init before re-adding it
    ok 5 - drops a stale X-Session-Id entry from an array-form headers init before re-adding it
      ---
      duration_ms: 0.164584
      type: 'test'
      ...
    # Subtest: adds/overwrites X-Session-Id on a Headers instance, preserving other entries
    ok 6 - adds/overwrites X-Session-Id on a Headers instance, preserving other entries
      ---
      duration_ms: 0.409188
      type: 'test'
      ...
    1..6
ok 2125 - src/lib/session.ts — mergeSessionHeader (fetch header-merge helper)
  ---
  duration_ms: 2.058828
  type: 'suite'
  ...
# {"time":"2026-08-05T02:29:21.954Z","level":"warn","msg":"collab_secret_generated","message":"COLLAB_SECRET not set — generated an ephemeral per-process secret. Set COLLAB_SECRET in any multi-process or restart-prone deployment."}
# {"time":"2026-08-05T02:29:22.038Z","level":"info","msg":"request","method":"POST","path":"/api/init","status":200,"ms":24}
# {"time":"2026-08-05T02:29:22.052Z","level":"info","msg":"dialogue_lock_start","location_id":"gallery","agents":2}
# {"time":"2026-08-05T02:29:22.053Z","level":"debug","msg":"agent_turn","agent":"Eve Marlowe","location_id":"gallery"}
# {"time":"2026-08-05T02:29:22.359Z","level":"warn","msg":"json_parse_error","message":"Unexpected token 's', \\"stub reply\\" is not valid JSON"}
# {"time":"2026-08-05T02:29:22.360Z","level":"warn","msg":"agent_parse_fallback","agent":"Eve Marlowe","method":"takeTurn","preview":"stub reply"}
# {"time":"2026-08-05T02:29:22.362Z","level":"info","msg":"dialogue_lock_truncated_by_signal","location_id":"gallery","turnCount":1,"round":1}
# {"time":"2026-08-05T02:29:22.362Z","level":"info","msg":"director_eval_skipped_truncated","location_id":"gallery","turnCount":1}
# {"time":"2026-08-05T02:29:22.364Z","level":"info","msg":"request","method":"GET","path":"/api/run-room-stream","status":200,"ms":315}
# {"time":"2026-08-05T02:29:22.369Z","level":"info","msg":"request","method":"GET","path":"/api/ledger","status":200,"ms":1}
# {"time":"2026-08-05T02:29:22.375Z","level":"info","msg":"dialogue_lock_start","location_id":"gallery","agents":2}
# {"time":"2026-08-05T02:29:22.375Z","level":"debug","msg":"agent_turn","agent":"Eve Marlowe","location_id":"gallery"}
# {"time":"2026-08-05T02:29:22.377Z","level":"error","msg":"agent_ai_error","agent":"Eve Marlowe","method":"takeTurn","error_type":"upstream","message":"Gemini provider not available (GEMINI_API_KEY not set)"}
# {"time":"2026-08-05T02:29:22.379Z","level":"debug","msg":"agent_turn","agent":"Tom Reyes","location_id":"gallery"}
# {"time":"2026-08-05T02:29:22.380Z","level":"error","msg":"agent_ai_error","agent":"Tom Reyes","method":"takeTurn","error_type":"upstream","message":"Gemini provider not available (GEMINI_API_KEY not set)"}
# {"time":"2026-08-05T02:29:22.383Z","level":"error","msg":"agent_ai_error","agent":"Eve Marlowe","method":"updateEpistemics","error_type":"upstream","message":"Gemini provider not available (GEMINI_API_KEY not set)"}
# {"time":"2026-08-05T02:29:22.385Z","level":"error","msg":"agent_ai_error","agent":"Tom Reyes","method":"updateEpistemics","error_type":"upstream","message":"Gemini provider not available (GEMINI_API_KEY not set)"}
# {"time":"2026-08-05T02:29:22.394Z","level":"info","msg":"director_eval_start","location_id":"gallery"}
# {"time":"2026-08-05T02:29:22.397Z","level":"error","msg":"director_eval_error","observer_id":"agent-eve","message":"Gemini provider not available (GEMINI_API_KEY not set)"}
# {"time":"2026-08-05T02:29:22.397Z","level":"error","msg":"director_eval_error","observer_id":"agent-tom","message":"Gemini provider not available (GEMINI_API_KEY not set)"}
# {"time":"2026-08-05T02:29:22.398Z","level":"info","msg":"director_eval","tensionDelta":"0.0","contradictions":0,"observers":2}
# {"time":"2026-08-05T02:29:22.408Z","level":"info","msg":"subtext_score","score":100,"onTheNose":2,"subtext":0,"lines":2}
# {"time":"2026-08-05T02:29:22.409Z","level":"info","msg":"subtext_cool_pressure","agents":2,"score":100}
# {"time":"2026-08-05T02:29:22.412Z","level":"info","msg":"request","method":"POST","path":"/api/run-room","status":200,"ms":39}
# {"time":"2026-08-05T02:29:22.416Z","level":"info","msg":"request","method":"GET","path":"/api/ledger","status":200,"ms":1}
# Subtest: SSE wall-timer cancellation — between-turn AbortSignal hook (2026-08-04 resolution)
    # Subtest: GET /api/run-room-stream: a stalled provider gets the stream ENDED, the lock RELEASED, and the final event honestly labeled truncated — with no Stage-write interleaving on the follow-up command
    ok 1 - GET /api/run-room-stream: a stalled provider gets the stream ENDED, the lock RELEASED, and the final event honestly labeled truncated — with no Stage-write interleaving on the follow-up command
      ---
      duration_ms: 452.336484
      type: 'test'
      ...
# {"time":"2026-08-05T02:29:22.429Z","level":"info","msg":"request","method":"POST","path":"/api/init","status":200,"ms":6}
# {"time":"2026-08-05T02:29:22.433Z","level":"info","msg":"dialogue_lock_start","location_id":"hall","agents":2}
# {"time":"2026-08-05T02:29:22.433Z","level":"debug","msg":"agent_turn","agent":"Eve Marlowe","location_id":"hall"}
# {"time":"2026-08-05T02:29:22.435Z","level":"debug","msg":"agent_turn","agent":"Tom Reyes","location_id":"hall"}
# {"time":"2026-08-05T02:29:22.434Z","level":"error","msg":"agent_ai_error","agent":"Eve Marlowe","method":"takeTurn","error_type":"upstream","message":"Gemini provider not available (GEMINI_API_KEY not set)"}
# {"time":"2026-08-05T02:29:22.437Z","level":"error","msg":"agent_ai_error","agent":"Tom Reyes","method":"takeTurn","error_type":"upstream","message":"Gemini provider not available (GEMINI_API_KEY not set)"}
# {"time":"2026-08-05T02:29:22.439Z","level":"error","msg":"agent_ai_error","agent":"Eve Marlowe","method":"updateEpistemics","error_type":"upstream","message":"Gemini provider not available (GEMINI_API_KEY not set)"}
# {"time":"2026-08-05T02:29:22.440Z","level":"error","msg":"agent_ai_error","agent":"Tom Reyes","method":"updateEpistemics","error_type":"upstream","message":"Gemini provider not available (GEMINI_API_KEY not set)"}
# {"time":"2026-08-05T02:29:22.443Z","level":"debug","msg":"agent_turn","agent":"Eve Marlowe","location_id":"hall"}
# {"time":"2026-08-05T02:29:22.445Z","level":"error","msg":"agent_ai_error","agent":"Eve Marlowe","method":"takeTurn","error_type":"upstream","message":"Gemini provider not available (GEMINI_API_KEY not set)"}
# {"time":"2026-08-05T02:29:22.447Z","level":"error","msg":"agent_ai_error","agent":"Eve Marlowe","method":"updateEpistemics","error_type":"upstream","message":"Gemini provider not available (GEMINI_API_KEY not set)"}
# {"time":"2026-08-05T02:29:22.449Z","level":"error","msg":"agent_ai_error","agent":"Tom Reyes","method":"updateEpistemics","error_type":"upstream","message":"Gemini provider not available (GEMINI_API_KEY not set)"}
# {"time":"2026-08-05T02:29:22.451Z","level":"info","msg":"director_eval_start","location_id":"hall"}
# {"time":"2026-08-05T02:29:22.453Z","level":"error","msg":"director_eval_error","observer_id":"agent-eve","message":"Gemini provider not available (GEMINI_API_KEY not set)"}
# {"time":"2026-08-05T02:29:22.453Z","level":"error","msg":"director_eval_error","observer_id":"agent-tom","message":"Gemini provider not available (GEMINI_API_KEY not set)"}
# {"time":"2026-08-05T02:29:22.454Z","level":"info","msg":"director_eval","tensionDelta":"0.0","contradictions":0,"observers":2}
# {"time":"2026-08-05T02:29:22.454Z","level":"info","msg":"subtext_score","score":100,"onTheNose":3,"subtext":0,"lines":3}
# {"time":"2026-08-05T02:29:22.455Z","level":"info","msg":"subtext_cool_pressure","agents":2,"score":100}
# {"time":"2026-08-05T02:29:22.457Z","level":"info","msg":"request","method":"GET","path":"/api/run-room-stream","status":200,"ms":25}
# {"time":"2026-08-05T02:29:22.466Z","level":"info","msg":"dialogue_lock_start","location_id":"attic","agents":2}
# {"time":"2026-08-05T02:29:22.466Z","level":"debug","msg":"agent_turn","agent":"Ann","location_id":"attic"}
    # Subtest: GET /api/run-room-stream: a fast run is NOT truncated and completes normally
    ok 2 - GET /api/run-room-stream: a fast run is NOT truncated and completes normally
      ---
      duration_ms: 39.627434
      type: 'test'
      ...
# {"time":"2026-08-05T02:29:22.619Z","level":"warn","msg":"json_parse_error","message":"Unexpected token 's', \\"stub reply\\" is not valid JSON"}
# {"time":"2026-08-05T02:29:22.619Z","level":"warn","msg":"agent_parse_fallback","agent":"Ann","method":"takeTurn","preview":"stub reply"}
# {"time":"2026-08-05T02:29:22.620Z","level":"info","msg":"dialogue_lock_truncated_by_signal","location_id":"attic","turnCount":1,"round":1}
# {"time":"2026-08-05T02:29:22.620Z","level":"info","msg":"director_eval_skipped_truncated","location_id":"attic","turnCount":1}
# {"time":"2026-08-05T02:29:22.625Z","level":"info","msg":"dialogue_lock_start","location_id":"attic","agents":2}
# {"time":"2026-08-05T02:29:22.625Z","level":"debug","msg":"agent_turn","agent":"Ann","location_id":"attic"}
# {"time":"2026-08-05T02:29:22.776Z","level":"warn","msg":"json_parse_error","message":"Unexpected token 's', \\"stub reply\\" is not valid JSON"}
# {"time":"2026-08-05T02:29:22.776Z","level":"warn","msg":"agent_parse_fallback","agent":"Ann","method":"takeTurn","preview":"stub reply"}
# {"time":"2026-08-05T02:29:22.777Z","level":"debug","msg":"agent_turn","agent":"Bea","location_id":"attic"}
# {"time":"2026-08-05T02:29:22.929Z","level":"warn","msg":"json_parse_error","message":"Unexpected token 's', \\"stub reply\\" is not valid JSON"}
# {"time":"2026-08-05T02:29:22.930Z","level":"warn","msg":"agent_parse_fallback","agent":"Bea","method":"takeTurn","preview":"stub reply"}
# {"time":"2026-08-05T02:29:23.081Z","level":"warn","msg":"json_parse_error","message":"Unexpected token 's', \\"stub reply\\" is not valid JSON"}
# {"time":"2026-08-05T02:29:23.233Z","level":"warn","msg":"json_parse_error","message":"Unexpected token 's', \\"stub reply\\" is not valid JSON"}
# {"time":"2026-08-05T02:29:23.237Z","level":"info","msg":"director_eval_start","location_id":"attic"}
# {"time":"2026-08-05T02:29:23.388Z","level":"warn","msg":"json_parse_error","message":"Unexpected token 's', \\"stub reply\\" is not valid JSON"}
# {"time":"2026-08-05T02:29:23.389Z","level":"warn","msg":"json_parse_error","message":"Unexpected token 's', \\"stub reply\\" is not valid JSON"}
# {"time":"2026-08-05T02:29:23.390Z","level":"info","msg":"director_eval","tensionDelta":"0.0","contradictions":0,"observers":2}
# {"time":"2026-08-05T02:29:23.390Z","level":"info","msg":"subtext_score","score":10,"onTheNose":0,"subtext":0,"lines":2}
    # Subtest: FALSIFIABILITY: without the signal wired (the pre-fix shape), the identical slow provider blows past the same deadline the hang-scenario test above relies on
    ok 3 - FALSIFIABILITY: without the signal wired (the pre-fix shape), the identical slow provider blows past the same deadline the hang-scenario test above relies on
      ---
      duration_ms: 934.140609
      type: 'test'
      ...
    1..3
ok 2126 - SSE wall-timer cancellation — between-turn AbortSignal hook (2026-08-04 resolution)
  ---
  duration_ms: 1729.196812
  type: 'suite'
  ...
# {"time":"2026-08-05T02:29:22.658Z","level":"warn","msg":"collab_secret_generated","message":"COLLAB_SECRET not set — generated an ephemeral per-process secret. Set COLLAB_SECRET in any multi-process or restart-prone deployment."}
# {"time":"2026-08-05T02:29:22.724Z","level":"info","msg":"request","method":"POST","path":"/api/pacing-target","status":400,"ms":10}
# Subtest: validation-completeness — server/routes/config.ts
    # Subtest: POST /api/pacing-target rejects an unknown target with 400
    ok 1 - POST /api/pacing-target rejects an unknown target with 400
      ---
      duration_ms: 60.834365
      type: 'test'
      ...
# {"time":"2026-08-05T02:29:22.751Z","level":"info","msg":"request","method":"POST","path":"/api/pacing-target","status":200,"ms":12}
    # Subtest: POST /api/pacing-target accepts a valid target with 200
    ok 2 - POST /api/pacing-target accepts a valid target with 200
      ---
      duration_ms: 21.420495
      type: 'test'
      ...
# {"time":"2026-08-05T02:29:22.760Z","level":"info","msg":"request","method":"POST","path":"/api/emotional-arc","status":400,"ms":2}
    # Subtest: POST /api/emotional-arc rejects an unknown arc with 400
    ok 3 - POST /api/emotional-arc rejects an unknown arc with 400
      ---
      duration_ms: 7.737697
      type: 'test'
      ...
# {"time":"2026-08-05T02:29:22.766Z","level":"info","msg":"request","method":"POST","path":"/api/emotional-arc","status":200,"ms":1}
    # Subtest: POST /api/emotional-arc accepts a valid arc with 200
    ok 4 - POST /api/emotional-arc accepts a valid arc with 200
      ---
      duration_ms: 5.726199
      type: 'test'
      ...
# {"time":"2026-08-05T02:29:22.772Z","level":"info","msg":"request","method":"POST","path":"/api/director-style","status":400,"ms":1}
    # Subtest: POST /api/director-style rejects an unknown style with 400
    ok 5 - POST /api/director-style rejects an unknown style with 400
      ---
      duration_ms: 5.857712
      type: 'test'
      ...
# {"time":"2026-08-05T02:29:22.777Z","level":"info","msg":"request","method":"POST","path":"/api/director-style","status":200,"ms":1}
    # Subtest: POST /api/director-style accepts a valid style with 200
    ok 6 - POST /api/director-style accepts a valid style with 200
      ---
      duration_ms: 5.444556
      type: 'test'
      ...
# {"time":"2026-08-05T02:29:22.783Z","level":"info","msg":"request","method":"POST","path":"/api/story-genre","status":400,"ms":1}
    # Subtest: POST /api/story-genre rejects an unknown genre with 400
    ok 7 - POST /api/story-genre rejects an unknown genre with 400
      ---
      duration_ms: 5.055805
      type: 'test'
      ...
# {"time":"2026-08-05T02:29:22.798Z","level":"info","msg":"request","method":"POST","path":"/api/story-genre","status":200,"ms":2}
    # Subtest: POST /api/story-genre accepts a valid genre with 200
    ok 8 - POST /api/story-genre accepts a valid genre with 200
      ---
      duration_ms: 15.318103
      type: 'test'
      ...
# {"time":"2026-08-05T02:29:22.807Z","level":"info","msg":"request","method":"POST","path":"/api/character-arc-mode","status":400,"ms":2}
    # Subtest: POST /api/character-arc-mode rejects an unknown mode with 400
    ok 9 - POST /api/character-arc-mode rejects an unknown mode with 400
      ---
      duration_ms: 9.267031
      type: 'test'
      ...
# {"time":"2026-08-05T02:29:22.814Z","level":"info","msg":"request","method":"POST","path":"/api/character-arc-mode","status":200,"ms":2}
    # Subtest: POST /api/character-arc-mode accepts a valid mode with 200
    ok 10 - POST /api/character-arc-mode accepts a valid mode with 200
      ---
      duration_ms: 6.430599
      type: 'test'
      ...
# {"time":"2026-08-05T02:29:22.820Z","level":"info","msg":"request","method":"POST","path":"/api/story-theme","status":400,"ms":2}
    # Subtest: POST /api/story-theme rejects a non-string theme with 400
    ok 11 - POST /api/story-theme rejects a non-string theme with 400
      ---
      duration_ms: 5.202238
      type: 'test'
      ...
# {"time":"2026-08-05T02:29:22.825Z","level":"info","msg":"request","method":"POST","path":"/api/story-theme","status":200,"ms":2}
    # Subtest: POST /api/story-theme accepts a string theme with 200
    ok 12 - POST /api/story-theme accepts a string theme with 200
      ---
      duration_ms: 5.511809
      type: 'test'
      ...
# {"time":"2026-08-05T02:29:22.830Z","level":"info","msg":"request","method":"POST","path":"/api/outline/apply-preset","status":400,"ms":2}
    # Subtest: POST /api/outline/apply-preset rejects an unknown structure with 400
    ok 13 - POST /api/outline/apply-preset rejects an unknown structure with 400
      ---
      duration_ms: 4.128161
      type: 'test'
      ...
# {"time":"2026-08-05T02:29:22.834Z","level":"info","msg":"request","method":"POST","path":"/api/outline/apply-preset","status":200,"ms":2}
    # Subtest: POST /api/outline/apply-preset accepts a valid structure with 200
    ok 14 - POST /api/outline/apply-preset accepts a valid structure with 200
      ---
      duration_ms: 4.988241
      type: 'test'
      ...
    1..14
ok 2127 - validation-completeness — server/routes/config.ts
  ---
  duration_ms: 1025.431131
  type: 'suite'
  ...
# {"time":"2026-08-05T02:29:22.849Z","level":"info","msg":"request","method":"POST","path":"/api/simulate-to-fountain","status":400,"ms":2}
# Subtest: validation-completeness — server/routes/game.ts
    # Subtest: POST /api/simulate-to-fountain rejects nodes that are not an array with 400
    ok 1 - POST /api/simulate-to-fountain rejects nodes that are not an array with 400
      ---
      duration_ms: 10.782943
      type: 'test'
      ...
# {"time":"2026-08-05T02:29:22.861Z","level":"warn","msg":"dialogue_lock_insufficient_agents","location_id":"loc1","count":0}
# {"time":"2026-08-05T02:29:22.862Z","level":"info","msg":"request","method":"POST","path":"/api/simulate-to-fountain","status":200,"ms":9}
    # Subtest: POST /api/simulate-to-fountain accepts a minimal valid scenario with 200
    ok 2 - POST /api/simulate-to-fountain accepts a minimal valid scenario with 200
      ---
      duration_ms: 13.650328
      type: 'test'
      ...
# {"time":"2026-08-05T02:29:22.867Z","level":"info","msg":"request","method":"POST","path":"/api/qbn/filter-choices","status":400,"ms":2}
    # Subtest: POST /api/qbn/filter-choices rejects a non-array choices field with 400
    ok 3 - POST /api/qbn/filter-choices rejects a non-array choices field with 400
      ---
      duration_ms: 4.09054
      type: 'test'
      ...
# {"time":"2026-08-05T02:29:22.870Z","level":"info","msg":"request","method":"POST","path":"/api/qbn/filter-choices","status":200,"ms":1}
    # Subtest: POST /api/qbn/filter-choices accepts an empty choices array with 200
    ok 4 - POST /api/qbn/filter-choices accepts an empty choices array with 200
      ---
      duration_ms: 4.661624
      type: 'test'
      ...
# {"time":"2026-08-05T02:29:22.876Z","level":"info","msg":"request","method":"POST","path":"/api/ncp-storyform","status":400,"ms":2}
    # Subtest: POST /api/ncp-storyform rejects a non-object throughlines field with 400
    ok 5 - POST /api/ncp-storyform rejects a non-object throughlines field with 400
      ---
      duration_ms: 3.835994
      type: 'test'
      ...
# {"time":"2026-08-05T02:29:22.879Z","level":"info","msg":"request","method":"POST","path":"/api/ncp-storyform","status":200,"ms":1}
    # Subtest: POST /api/ncp-storyform accepts an empty body with 200
    ok 6 - POST /api/ncp-storyform accepts an empty body with 200
      ---
      duration_ms: 4.186249
      type: 'test'
      ...
# {"time":"2026-08-05T02:29:22.884Z","level":"info","msg":"request","method":"GET","path":"/api/dramatic-pressure/xxxxxxxxxxxxxxxxxxxxxxxxxxxxxxxxxxxxxxxxxxxxxxxxxxxxxxxxxxxxxxxxx","status":400,"ms":2}
    # Subtest: GET /api/dramatic-pressure/:charId rejects a charId over 64 chars with 400
    ok 7 - GET /api/dramatic-pressure/:charId rejects a charId over 64 chars with 400
      ---
      duration_ms: 3.786033
      type: 'test'
      ...
# {"time":"2026-08-05T02:29:22.891Z","level":"info","msg":"request","method":"GET","path":"/api/dramatic-pressure/nobody","status":200,"ms":5}
    # Subtest: GET /api/dramatic-pressure/:charId accepts a well-formed (if unregistered) charId with 200
    ok 8 - GET /api/dramatic-pressure/:charId accepts a well-formed (if unregistered) charId with 200
      ---
      duration_ms: 7.654054
      type: 'test'
      ...
# {"time":"2026-08-05T02:29:22.895Z","level":"info","msg":"request","method":"GET","path":"/api/goal-mutations/xxxxxxxxxxxxxxxxxxxxxxxxxxxxxxxxxxxxxxxxxxxxxxxxxxxxxxxxxxxxxxxxx","status":400,"ms":1}
    # Subtest: GET /api/goal-mutations/:charId rejects a charId over 64 chars with 400
    ok 9 - GET /api/goal-mutations/:charId rejects a charId over 64 chars with 400
      ---
      duration_ms: 3.866498
      type: 'test'
      ...
# {"time":"2026-08-05T02:29:22.902Z","level":"info","msg":"request","method":"GET","path":"/api/goal-mutations/nobody","status":200,"ms":5}
    # Subtest: GET /api/goal-mutations/:charId accepts a well-formed (if unregistered) charId with 200
    ok 10 - GET /api/goal-mutations/:charId accepts a well-formed (if unregistered) charId with 200
      ---
      duration_ms: 7.502257
      type: 'test'
      ...
# {"time":"2026-08-05T02:29:22.906Z","level":"info","msg":"request","method":"GET","path":"/api/persuasion/xxxxxxxxxxxxxxxxxxxxxxxxxxxxxxxxxxxxxxxxxxxxxxxxxxxxxxxxxxxxxxxxx","status":400,"ms":1}
    # Subtest: GET /api/persuasion/:charId rejects a charId over 64 chars with 400
    ok 11 - GET /api/persuasion/:charId rejects a charId over 64 chars with 400
      ---
      duration_ms: 3.257012
      type: 'test'
      ...
# {"time":"2026-08-05T02:29:22.914Z","level":"info","msg":"request","method":"GET","path":"/api/persuasion/nobody","status":200,"ms":6}
    # Subtest: GET /api/persuasion/:charId accepts a well-formed (if unregistered) charId with 200
    ok 12 - GET /api/persuasion/:charId accepts a well-formed (if unregistered) charId with 200
      ---
      duration_ms: 7.785379
      type: 'test'
      ...
    1..12
ok 2128 - validation-completeness — server/routes/game.ts
  ---
  duration_ms: 78.16728
  type: 'suite'
  ...
# {"time":"2026-08-05T02:29:22.926Z","level":"info","msg":"request","method":"POST","path":"/api/scriptide/save","status":400,"ms":1}
# Subtest: validation-completeness — server/routes/scriptide.ts
    # Subtest: POST /api/scriptide/save rejects a non-string scriptText with 400
    ok 1 - POST /api/scriptide/save rejects a non-string scriptText with 400
      ---
      duration_ms: 9.909337
      type: 'test'
      ...
# {"time":"2026-08-05T02:29:22.932Z","level":"info","msg":"request","method":"POST","path":"/api/scriptide/save","status":200,"ms":2}
    # Subtest: POST /api/scriptide/save accepts an empty body with 200
    ok 2 - POST /api/scriptide/save accepts an empty body with 200
      ---
      duration_ms: 5.778448
      type: 'test'
      ...
    # Subtest: POST /api/scriptide/personas rejects a non-object body with 400
    ok 3 - POST /api/scriptide/personas rejects a non-object body with 400
      ---
      duration_ms: 3.912288
      type: 'test'
      ...
# {"time":"2026-08-05T02:29:22.940Z","level":"info","msg":"persona_registered","id":"w4-test-persona"}
# {"time":"2026-08-05T02:29:22.941Z","level":"info","msg":"request","method":"POST","path":"/api/scriptide/personas","status":200,"ms":2}
    # Subtest: POST /api/scriptide/personas accepts a well-formed persona with 200
    ok 4 - POST /api/scriptide/personas accepts a well-formed persona with 200
      ---
      duration_ms: 4.732354
      type: 'test'
      ...
# {"time":"2026-08-05T02:29:22.945Z","level":"info","msg":"request","method":"POST","path":"/api/scriptide/world-build","status":400,"ms":1}
    # Subtest: POST /api/scriptide/world-build rejects a missing beat with 400
    ok 5 - POST /api/scriptide/world-build rejects a missing beat with 400
      ---
      duration_ms: 4.037197
      type: 'test'
      ...
# {"time":"2026-08-05T02:29:22.949Z","level":"info","msg":"request","method":"POST","path":"/api/scriptide/world-build","status":200,"ms":1}
    # Subtest: POST /api/scriptide/world-build accepts a valid beat (keyless: not a 400)
    ok 6 - POST /api/scriptide/world-build accepts a valid beat (keyless: not a 400)
      ---
      duration_ms: 3.858553
      type: 'test'
      ...
# {"time":"2026-08-05T02:29:22.953Z","level":"info","msg":"request","method":"POST","path":"/api/scriptide/refine-dialogue","status":400,"ms":1}
    # Subtest: POST /api/scriptide/refine-dialogue rejects a missing dialogue with 400
    ok 7 - POST /api/scriptide/refine-dialogue rejects a missing dialogue with 400
      ---
      duration_ms: 4.049986
      type: 'test'
      ...
# {"time":"2026-08-05T02:29:22.957Z","level":"info","msg":"request","method":"POST","path":"/api/scriptide/refine-dialogue","status":200,"ms":1}
    # Subtest: POST /api/scriptide/refine-dialogue accepts valid dialogue (keyless: not a 400)
    ok 8 - POST /api/scriptide/refine-dialogue accepts valid dialogue (keyless: not a 400)
      ---
      duration_ms: 3.925494
      type: 'test'
      ...
# {"time":"2026-08-05T02:29:22.961Z","level":"info","msg":"request","method":"POST","path":"/api/scriptide/analyze-tension","status":400,"ms":1}
    # Subtest: POST /api/scriptide/analyze-tension rejects a missing scene with 400
    ok 9 - POST /api/scriptide/analyze-tension rejects a missing scene with 400
      ---
      duration_ms: 4.125613
      type: 'test'
      ...
# {"time":"2026-08-05T02:29:22.965Z","level":"info","msg":"request","method":"POST","path":"/api/scriptide/analyze-tension","status":200,"ms":1}
    # Subtest: POST /api/scriptide/analyze-tension accepts a valid scene (keyless: not a 400)
    ok 10 - POST /api/scriptide/analyze-tension accepts a valid scene (keyless: not a 400)
      ---
      duration_ms: 3.85433
      type: 'test'
      ...
# {"time":"2026-08-05T02:29:22.969Z","level":"info","msg":"request","method":"POST","path":"/api/scriptide/character-profile","status":400,"ms":1}
    # Subtest: POST /api/scriptide/character-profile rejects a missing profile with 400
    ok 11 - POST /api/scriptide/character-profile rejects a missing profile with 400
      ---
      duration_ms: 3.521929
      type: 'test'
      ...
# {"time":"2026-08-05T02:29:22.973Z","level":"info","msg":"request","method":"POST","path":"/api/scriptide/character-profile","status":200,"ms":1}
    # Subtest: POST /api/scriptide/character-profile accepts a valid profile (keyless: not a 400)
    ok 12 - POST /api/scriptide/character-profile accepts a valid profile (keyless: not a 400)
      ---
      duration_ms: 4.191128
      type: 'test'
      ...
# {"time":"2026-08-05T02:29:22.977Z","level":"info","msg":"request","method":"POST","path":"/api/analyze-script","status":400,"ms":1}
    # Subtest: POST /api/analyze-script rejects a missing scriptText with 400
    ok 13 - POST /api/analyze-script rejects a missing scriptText with 400
      ---
      duration_ms: 3.835117
      type: 'test'
      ...
# {"time":"2026-08-05T02:29:22.981Z","level":"info","msg":"request","method":"POST","path":"/api/analyze-script","status":503,"ms":1}
    # Subtest: POST /api/analyze-script accepts a valid scriptText (keyless: not a 400)
    ok 14 - POST /api/analyze-script accepts a valid scriptText (keyless: not a 400)
      ---
      duration_ms: 3.750046
      type: 'test'
      ...
# {"time":"2026-08-05T02:29:22.985Z","level":"info","msg":"request","method":"POST","path":"/api/characters/export","status":400,"ms":1}
    # Subtest: POST /api/characters/export rejects a missing charId with 400
    ok 15 - POST /api/characters/export rejects a missing charId with 400
      ---
      duration_ms: 3.745893
      type: 'test'
      ...
# {"time":"2026-08-05T02:29:22.991Z","level":"info","msg":"request","method":"POST","path":"/api/characters/export","status":404,"ms":4}
    # Subtest: POST /api/characters/export returns 404 for a well-formed but unregistered charId (schema passed)
    ok 16 - POST /api/characters/export returns 404 for a well-formed but unregistered charId (schema passed)
      ---
      duration_ms: 16.775056
      type: 'test'
      ...
# {"time":"2026-08-05T02:29:23.008Z","level":"info","msg":"request","method":"POST","path":"/api/characters/import","status":400,"ms":2}
    # Subtest: POST /api/characters/import rejects a missing bundle with 400
    ok 17 - POST /api/characters/import rejects a missing bundle with 400
      ---
      duration_ms: 6.787915
      type: 'test'
      ...
# {"time":"2026-08-05T02:29:23.013Z","level":"info","msg":"request","method":"POST","path":"/api/characters/import","status":400,"ms":2}
    # Subtest: POST /api/characters/import rejects a malformed (but present) bundle with 400 from the deeper isCharacterMemoryBundle check
    ok 18 - POST /api/characters/import rejects a malformed (but present) bundle with 400 from the deeper isCharacterMemoryBundle check
      ---
      duration_ms: 3.929366
      type: 'test'
      ...
    1..18
ok 2129 - validation-completeness — server/routes/scriptide.ts
  ---
  duration_ms: 98.027126
  type: 'suite'
  ...
# {"time":"2026-08-05T02:29:23.022Z","level":"info","msg":"request","method":"POST","path":"/api/export/print-html","status":400,"ms":2}
# Subtest: validation-completeness — server/routes/export.ts
    # Subtest: POST /api/export/print-html rejects a missing fountain field with 400
    ok 1 - POST /api/export/print-html rejects a missing fountain field with 400
      ---
      duration_ms: 7.992082
      type: 'test'
      ...
# {"time":"2026-08-05T02:29:23.029Z","level":"info","msg":"request","method":"POST","path":"/api/export/print-html","status":200,"ms":3}
    # Subtest: POST /api/export/print-html returns 200 with HTML for a valid fountain body
    ok 2 - POST /api/export/print-html returns 200 with HTML for a valid fountain body
      ---
      duration_ms: 7.241314
      type: 'test'
      ...
# {"time":"2026-08-05T02:29:23.094Z","level":"info","msg":"request","method":"POST","path":"/api/export/docx","status":200,"ms":62}
    # Subtest: POST /api/export/docx returns 200 with a docx buffer for a valid fountain body
    ok 3 - POST /api/export/docx returns 200 with a docx buffer for a valid fountain body
      ---
      duration_ms: 64.147118
      type: 'test'
      ...
    1..3
ok 2130 - validation-completeness — server/routes/export.ts
  ---
  duration_ms: 81.883477
  type: 'suite'
  ...
# {"time":"2026-08-05T02:29:23.104Z","level":"info","msg":"request","method":"GET","path":"/api/debug/explain/xxxxxxxxxxxxxxxxxxxxxxxxxxxxxxxxxxxxxxxxxxxxxxxxxxxxxxxxxxxxxxxxxxxxxxxxxxxxxxxxxxxxxxxxxxxxxxxxxxxxxxxxxxxxxxxxxxxxxxxxxxxxxxxxx","status":400,"ms":1}
# Subtest: validation-completeness — server/routes/nvm/* (path-param routes)
    # Subtest: GET /api/debug/explain/:eventId rejects an eventId over 128 chars with 400
    ok 1 - GET /api/debug/explain/:eventId rejects an eventId over 128 chars with 400
      ---
      duration_ms: 7.506261
      type: 'test'
      ...
# {"time":"2026-08-05T02:29:23.114Z","level":"info","msg":"request","method":"GET","path":"/api/debug/explain/nonexistent-event","status":404,"ms":7}
    # Subtest: GET /api/debug/explain/:eventId returns 404 for a well-formed but unknown eventId
    ok 2 - GET /api/debug/explain/:eventId returns 404 for a well-formed but unknown eventId
      ---
      duration_ms: 10.193262
      type: 'test'
      ...
# {"time":"2026-08-05T02:29:23.118Z","level":"info","msg":"request","method":"GET","path":"/api/debug/explain-scene/xxxxxxxxxxxxxxxxxxxxxxxxxxxxxxxxxxxxxxxxxxxxxxxxxxxxxxxxxxxxxxxxxxxxxxxxxxxxxxxxxxxxxxxxxxxxxxxxxxxxxxxxxxxxxxxxxxxxxxxxxxxxxxxxx","status":400,"ms":1}
    # Subtest: GET /api/debug/explain-scene/:locationId rejects a locationId over 128 chars with 400
    ok 3 - GET /api/debug/explain-scene/:locationId rejects a locationId over 128 chars with 400
      ---
      duration_ms: 3.452658
      type: 'test'
      ...
# {"time":"2026-08-05T02:29:23.126Z","level":"info","msg":"request","method":"GET","path":"/api/debug/explain-scene/nonexistent-loc","status":200,"ms":6}
    # Subtest: GET /api/debug/explain-scene/:locationId returns 200 (empty panels) for a well-formed but unknown locationId
    ok 4 - GET /api/debug/explain-scene/:locationId returns 200 (empty panels) for a well-formed but unknown locationId
      ---
      duration_ms: 8.852032
      type: 'test'
      ...
# {"time":"2026-08-05T02:29:23.130Z","level":"info","msg":"request","method":"GET","path":"/api/nvm/project/not-a-real-target","status":400,"ms":1}
    # Subtest: GET /api/nvm/project/:target rejects an unknown target with 400
    ok 5 - GET /api/nvm/project/:target rejects an unknown target with 400
      ---
      duration_ms: 3.322056
      type: 'test'
      ...
# {"time":"2026-08-05T02:29:23.147Z","level":"info","msg":"request","method":"GET","path":"/api/nvm/project/fountain","status":200,"ms":15}
    # Subtest: GET /api/nvm/project/:target accepts a valid target with 200
    ok 6 - GET /api/nvm/project/:target accepts a valid target with 200
      ---
      duration_ms: 17.336812
      type: 'test'
      ...
# {"time":"2026-08-05T02:29:23.151Z","level":"info","msg":"request","method":"GET","path":"/api/nvm/proof/xxxxxxxxxxxxxxxxxxxxxxxxxxxxxxxxxxxxxxxxxxxxxxxxxxxxxxxxxxxxxxxxxxxxxxxxxxxxxxxxxxxxxxxxxxxxxxxxxxxxxxxxxxxxxxxxxxxxxxxxxxxxxxxxx","status":400,"ms":1}
    # Subtest: GET /api/nvm/proof/:commitId rejects a commitId over 128 chars with 400
    ok 7 - GET /api/nvm/proof/:commitId rejects a commitId over 128 chars with 400
      ---
      duration_ms: 3.064551
      type: 'test'
      ...
# {"time":"2026-08-05T02:29:23.161Z","level":"info","msg":"request","method":"GET","path":"/api/nvm/proof/nonexistent-commit","status":404,"ms":8}
    # Subtest: GET /api/nvm/proof/:commitId returns 404 for a well-formed but unknown commitId
    ok 8 - GET /api/nvm/proof/:commitId returns 404 for a well-formed but unknown commitId
      ---
      duration_ms: 10.390115
      type: 'test'
      ...
# {"time":"2026-08-05T02:29:23.164Z","level":"info","msg":"request","method":"GET","path":"/api/nvm/commits/xxxxxxxxxxxxxxxxxxxxxxxxxxxxxxxxxxxxxxxxxxxxxxxxxxxxxxxxxxxxxxxxxxxxxxxxxxxxxxxxxxxxxxxxxxxxxxxxxxxxxxxxxxxxxxxxxxxxxxxxxxxxxxxxx","status":400,"ms":1}
    # Subtest: GET /api/nvm/commits/:commitId rejects a commitId over 128 chars with 400
    ok 9 - GET /api/nvm/commits/:commitId rejects a commitId over 128 chars with 400
      ---
      duration_ms: 2.813326
      type: 'test'
      ...
# {"time":"2026-08-05T02:29:23.171Z","level":"info","msg":"request","method":"GET","path":"/api/nvm/commits/nonexistent-commit","status":404,"ms":5}
    # Subtest: GET /api/nvm/commits/:commitId returns 404 for a well-formed but unknown commitId
    ok 10 - GET /api/nvm/commits/:commitId returns 404 for a well-formed but unknown commitId
      ---
      duration_ms: 7.202923
      type: 'test'
      ...
# {"time":"2026-08-05T02:29:23.174Z","level":"info","msg":"request","method":"GET","path":"/api/nvm/quality/scene/xxxxxxxxxxxxxxxxxxxxxxxxxxxxxxxxxxxxxxxxxxxxxxxxxxxxxxxxxxxxxxxxxxxxxxxxxxxxxxxxxxxxxxxxxxxxxxxxxxxxxxxxxxxxxxxxxxxxxxxxxxxxxxxxx","status":400,"ms":1}
    # Subtest: GET /api/nvm/quality/scene/:commitId rejects a commitId over 128 chars with 400
    ok 11 - GET /api/nvm/quality/scene/:commitId rejects a commitId over 128 chars with 400
      ---
      duration_ms: 2.83241
      type: 'test'
      ...
# {"time":"2026-08-05T02:29:23.181Z","level":"info","msg":"request","method":"GET","path":"/api/nvm/quality/scene/nonexistent-commit","status":404,"ms":5}
    # Subtest: GET /api/nvm/quality/scene/:commitId returns 404 for a well-formed but unknown commitId
    ok 12 - GET /api/nvm/quality/scene/:commitId returns 404 for a well-formed but unknown commitId
      ---
      duration_ms: 7.442491
      type: 'test'
      ...
    1..12
ok 2131 - validation-completeness — server/routes/nvm/* (path-param routes)
  ---
  duration_ms: 87.052521
  type: 'suite'
  ...
# Subtest: resolveCorpusDirs
    # Subtest: backfills CORPUS_DIR from REAL_SCRIPT_CORPUS_DIR when only one is set
    ok 1 - backfills CORPUS_DIR from REAL_SCRIPT_CORPUS_DIR when only one is set
      ---
      duration_ms: 1.010896
      type: 'test'
      ...
    # Subtest: backfills REAL_SCRIPT_CORPUS_DIR from CORPUS_DIR when only that is set
    ok 2 - backfills REAL_SCRIPT_CORPUS_DIR from CORPUS_DIR when only that is set
      ---
      duration_ms: 0.180512
      type: 'test'
      ...
    # Subtest: returns empty strings when neither is set
    ok 3 - returns empty strings when neither is set
      ---
      duration_ms: 0.381755
      type: 'test'
      ...
    1..3
ok 2132 - resolveCorpusDirs
  ---
  duration_ms: 2.815005
  type: 'suite'
  ...
# Subtest: checkEnvContract — fail-fast on missing env
    # Subtest: fails when neither var is set
    ok 1 - fails when neither var is set
      ---
      duration_ms: 0.358513
      type: 'test'
      ...
    # Subtest: passes when only REAL_SCRIPT_CORPUS_DIR is set
    ok 2 - passes when only REAL_SCRIPT_CORPUS_DIR is set
      ---
      duration_ms: 0.170408
      type: 'test'
      ...
    # Subtest: passes when only CORPUS_DIR is set
    ok 3 - passes when only CORPUS_DIR is set
      ---
      duration_ms: 0.137699
      type: 'test'
      ...
    1..3
ok 2133 - checkEnvContract — fail-fast on missing env
  ---
  duration_ms: 1.077252
  type: 'suite'
  ...
# Subtest: assertSafePartition — the test-partition guard
    # Subtest: refuses "test"
    ok 1 - refuses "test"
      ---
      duration_ms: 0.806063
      type: 'test'
      ...
    # Subtest: allows "train" and "val"
    ok 2 - allows "train" and "val"
      ---
      duration_ms: 0.302412
      type: 'test'
      ...
    1..2
ok 2134 - assertSafePartition — the test-partition guard
  ---
  duration_ms: 1.463294
  type: 'suite'
  ...
# Subtest: isMigrationApplied
    # Subtest: is false for the pre-migration (title-bearing) schema
    ok 1 - is false for the pre-migration (title-bearing) schema
      ---
      duration_ms: 0.414157
      type: 'test'
      ...
    # Subtest: is true when every entry across all partitions carries id + contentHash
    ok 2 - is true when every entry across all partitions carries id + contentHash
      ---
      duration_ms: 0.452712
      type: 'test'
      ...
    # Subtest: is false when only SOME entries carry id + contentHash
    ok 3 - is false when only SOME entries carry id + contentHash
      ---
      duration_ms: 0.181946
      type: 'test'
      ...
    # Subtest: is false for null/empty input
    ok 4 - is false for null/empty input
      ---
      duration_ms: 0.123599
      type: 'test'
      ...
    1..4
ok 2135 - isMigrationApplied
  ---
  duration_ms: 1.405528
  type: 'suite'
  ...
# Subtest: parseArgs
    # Subtest: parses --only as a comma-separated list
    ok 1 - parses --only as a comma-separated list
      ---
      duration_ms: 1.092544
      type: 'test'
      ...
    # Subtest: parses --skip as a comma-separated list
    ok 2 - parses --skip as a comma-separated list
      ---
      duration_ms: 0.193463
      type: 'test'
      ...
    # Subtest: rejects --only and --skip together
    ok 3 - rejects --only and --skip together
      ---
      duration_ms: 0.166125
      type: 'test'
      ...
    # Subtest: rejects unknown flags
    ok 4 - rejects unknown flags
      ---
      duration_ms: 0.12333
      type: 'test'
      ...
    # Subtest: parses --reason
    ok 5 - parses --reason
      ---
      duration_ms: 0.084818
      type: 'test'
      ...
    1..5
ok 2136 - parseArgs
  ---
  duration_ms: 1.933797
  type: 'suite'
  ...
# Subtest: selectStages
    # Subtest: filters to --only ids, preserving STAGES order
    ok 1 - filters to --only ids, preserving STAGES order
      ---
      duration_ms: 1.467835
      type: 'test'
      ...
    # Subtest: excludes --skip ids
    ok 2 - excludes --skip ids
      ---
      duration_ms: 0.25703
      type: 'test'
      ...
    # Subtest: throws on an unknown --only id
    ok 3 - throws on an unknown --only id
      ---
      duration_ms: 0.171353
      type: 'test'
      ...
    # Subtest: throws on an unknown --skip id
    ok 4 - throws on an unknown --skip id
      ---
      duration_ms: 0.139214
      type: 'test'
      ...
    # Subtest: returns all stages when neither is given
    ok 5 - returns all stages when neither is given
      ---
      duration_ms: 0.159393
      type: 'test'
      ...
    1..5
ok 2137 - selectStages
  ---
  duration_ms: 2.411097
  type: 'suite'
  ...
# Subtest: output parsers
    # Subtest: parseMeasureRealOutput extracts shuffle-drop and act-swap AUC
    ok 1 - parseMeasureRealOutput extracts shuffle-drop and act-swap AUC
      ---
      duration_ms: 0.378514
      type: 'test'
      ...
    # Subtest: parseMeasureRealOutput returns nulls when the pattern is absent
    ok 2 - parseMeasureRealOutput returns nulls when the pattern is absent
      ---
      duration_ms: 0.205222
      type: 'test'
      ...
    # Subtest: parseAucSplitOutput extracts the ALL POOLED row
    ok 3 - parseAucSplitOutput extracts the ALL POOLED row
      ---
      duration_ms: 0.299632
      type: 'test'
      ...
    # Subtest: parseTruthExtractionOutput extracts Section A false-positive counts
    ok 4 - parseTruthExtractionOutput extracts Section A false-positive counts
      ---
      duration_ms: 0.235436
      type: 'test'
      ...
    1..4
ok 2138 - output parsers
  ---
  duration_ms: 1.290747
  type: 'suite'
  ...
# Subtest: buildReceipt
    # Subtest: renders the §3 template fields with a real SHA and command strings
    ok 1 - renders the §3 template fields with a real SHA and command strings
      ---
      duration_ms: 0.575194
      type: 'test'
      ...
    # Subtest: reports skipped stages as "not run" rather than fabricating a number
    ok 2 - reports skipped stages as "not run" rather than fabricating a number
      ---
      duration_ms: 0.164134
      type: 'test'
      ...
    1..2
ok 2139 - buildReceipt
  ---
  duration_ms: 0.847607
  type: 'suite'
  ...
# Subtest: main() — env fail-fast
    # Subtest: exits 1 and runs zero stages when neither env var is set
    ok 1 - exits 1 and runs zero stages when neither env var is set
      ---
      duration_ms: 0.506683
      type: 'test'
      ...
    1..1
ok 2140 - main() — env fail-fast
  ---
  duration_ms: 0.592561
  type: 'suite'
  ...
# Subtest: main() — stage sequencing against a mock corpus
    # Subtest: runs every stage in STAGES order when no filter is given, using the mock corpus dir
    ok 1 - runs every stage in STAGES order when no filter is given, using the mock corpus dir
      ---
      duration_ms: 5.485133
      type: 'test'
      ...
    # Subtest: skips the corpus-migration stage cleanly when already migrated, without invoking migrate-corpus-ids.mjs
    ok 2 - skips the corpus-migration stage cleanly when already migrated, without invoking migrate-corpus-ids.mjs
      ---
      duration_ms: 2.516164
      type: 'test'
      ...
    # Subtest: feature-detects an absent scripts/rebuild-experiment.mjs and skips it as optional
    ok 3 - feature-detects an absent scripts/rebuild-experiment.mjs and skips it as optional
      ---
      duration_ms: 1.907045
      type: 'test'
      ...
    # Subtest: runs scripts/rebuild-experiment.mjs when feature-detected present
    ok 4 - runs scripts/rebuild-experiment.mjs when feature-detected present
      ---
      duration_ms: 1.935499
      type: 'test'
      ...
    1..4
ok 2141 - main() — stage sequencing against a mock corpus
  ---
  duration_ms: 12.147942
  type: 'suite'
  ...
# Subtest: main() — --only and --skip
    # Subtest: --only runs exactly the requested stages
    ok 1 - --only runs exactly the requested stages
      ---
      duration_ms: 2.216144
      type: 'test'
      ...
    # Subtest: --skip omits exactly the requested stages
    ok 2 - --skip omits exactly the requested stages
      ---
      duration_ms: 2.004498
      type: 'test'
      ...
    # Subtest: exits 2 and runs nothing for an unknown --only id
    ok 3 - exits 2 and runs nothing for an unknown --only id
      ---
      duration_ms: 0.353
      type: 'test'
      ...
    1..3
ok 2142 - main() — --only and --skip
  ---
  duration_ms: 4.780014
  type: 'suite'
  ...
# Subtest: main() — a failed stage does not kill the run
    # Subtest: continues past a failing measure-real stage and still runs later stages
    ok 1 - continues past a failing measure-real stage and still runs later stages
      ---
      duration_ms: 4.038426
      type: 'test'
      ...
    # Subtest: a failed OPTIONAL stage does not flip the overall exit code to nonzero
    ok 2 - a failed OPTIONAL stage does not flip the overall exit code to nonzero
      ---
      duration_ms: 1.813524
      type: 'test'
      ...
    1..2
ok 2143 - main() — a failed stage does not kill the run
  ---
  duration_ms: 6.010633
  type: 'suite'
  ...
# Subtest: main() — the auc-split-unwired-flags stage never constructs --partition=test
    # Subtest: only ever passes --partition=train or --partition=val to measure-auc-split.mjs
    ok 1 - only ever passes --partition=train or --partition=val to measure-auc-split.mjs
      ---
      duration_ms: 2.311647
      type: 'test'
      ...
    1..1
ok 2144 - main() — the auc-split-unwired-flags stage never constructs --partition=test
  ---
  duration_ms: 2.416888
  type: 'suite'
  ...
# Subtest: main() — receipt output
    # Subtest: writes the receipt to a path under os.tmpdir(), never under scripts/output/
    ok 1 - writes the receipt to a path under os.tmpdir(), never under scripts/output/
      ---
      duration_ms: 1.862982
      type: 'test'
      ...
    # Subtest: uses the REAL git SHA (unmocked) when gitRevParse is not injected
    ok 2 - uses the REAL git SHA (unmocked) when gitRevParse is not injected
      ---
      duration_ms: 9.695124
      type: 'test'
      ...
    1..2
ok 2145 - main() — receipt output
  ---
  duration_ms: 11.734595
  type: 'suite'
  ...
1..2145
# tests 10452
# suites 1901
# pass 10373
# fail 0
# cancelled 0
# skipped 78
# todo 1
# duration_ms 69731.095979
